000 (15756408.957.000) 2026-02-06 11:26:59 Job submitted from host: <141.34.103.35:9618?addrs=141.34.103.35-9618+[2001-638-700-f067--1-23]-9618&alias=wgs39.zeuthen.desy.de&noUDP&sock=schedd_7414_f73f>
...
009 (15756408.957.000) 2026-02-10 11:47:40 Job was aborted.
	via condor_rm (by user tuccia)
...
000 (15951004.638.000) 2026-02-10 16:30:06 Job submitted from host: <141.34.103.35:9618?addrs=141.34.103.35-9618+[2001-638-700-f067--1-23]-9618&alias=wgs39.zeuthen.desy.de&noUDP&sock=schedd_7302_24a3>
...
001 (15951004.638.000) 2026-02-10 18:52:46 Job executing on host: <141.34.15.177:9618?addrs=141.34.15.177-9618+[2001-638-700-f00f--1-b1]-9618&alias=genoa02.zeuthen.desy.de&noUDP&sock=startd_9554_d3eb>
	SlotName: slot1_55@genoa02.zeuthen.desy.de
	CondorScratchDir = "/batch/dir_2744551"
	Cpus = 1
	Disk = 1025697
	GPUs = 0
	Memory = 5120
...
006 (15951004.638.000) 2026-02-10 18:52:59 Image size of job updated: 101392
	100  -  MemoryUsage of job (MB)
	101392  -  ResidentSetSize of job (KB)
...
006 (15951004.638.000) 2026-02-10 18:57:59 Image size of job updated: 946060
	602  -  MemoryUsage of job (MB)
	615488  -  ResidentSetSize of job (KB)
...
006 (15951004.638.000) 2026-02-10 19:03:01 Image size of job updated: 946060
	637  -  MemoryUsage of job (MB)
	651564  -  ResidentSetSize of job (KB)
...
006 (15951004.638.000) 2026-02-10 19:08:01 Image size of job updated: 946060
	637  -  MemoryUsage of job (MB)
	651832  -  ResidentSetSize of job (KB)
...
006 (15951004.638.000) 2026-02-10 19:18:03 Image size of job updated: 946060
	637  -  MemoryUsage of job (MB)
	651852  -  ResidentSetSize of job (KB)
...
006 (15951004.638.000) 2026-02-10 19:28:03 Image size of job updated: 946060
	637  -  MemoryUsage of job (MB)
	651932  -  ResidentSetSize of job (KB)
...
006 (15951004.638.000) 2026-02-10 21:23:16 Image size of job updated: 946060
	637  -  MemoryUsage of job (MB)
	651968  -  ResidentSetSize of job (KB)
...
006 (15951004.638.000) 2026-02-10 21:33:17 Image size of job updated: 946060
	637  -  MemoryUsage of job (MB)
	652040  -  ResidentSetSize of job (KB)
...
006 (15951004.638.000) 2026-02-11 00:38:35 Image size of job updated: 946060
	637  -  MemoryUsage of job (MB)
	652052  -  ResidentSetSize of job (KB)
...
006 (15951004.638.000) 2026-02-11 02:03:44 Image size of job updated: 946060
	637  -  MemoryUsage of job (MB)
	652144  -  ResidentSetSize of job (KB)
...
