000 (15756407.1093.000) 2026-02-06 11:26:13 Job submitted from host: <141.34.103.35:9618?addrs=141.34.103.35-9618+[2001-638-700-f067--1-23]-9618&alias=wgs39.zeuthen.desy.de&noUDP&sock=schedd_7414_f73f>
...
009 (15756407.1093.000) 2026-02-10 11:42:44 Job was aborted.
	via condor_rm (by user tuccia)
...
000 (15949294.729.000) 2026-02-10 11:45:21 Job submitted from host: <141.34.103.35:9618?addrs=141.34.103.35-9618+[2001-638-700-f067--1-23]-9618&alias=wgs39.zeuthen.desy.de&noUDP&sock=schedd_7302_24a3>
...
009 (15949294.729.000) 2026-02-10 11:45:47 Job was aborted.
	via condor_rm (by user tuccia)
...
000 (15949295.729.000) 2026-02-10 11:46:05 Job submitted from host: <141.34.103.35:9618?addrs=141.34.103.35-9618+[2001-638-700-f067--1-23]-9618&alias=wgs39.zeuthen.desy.de&noUDP&sock=schedd_7302_24a3>
...
000 (15950983.259.000) 2026-02-10 16:27:56 Job submitted from host: <141.34.103.35:9618?addrs=141.34.103.35-9618+[2001-638-700-f067--1-23]-9618&alias=wgs39.zeuthen.desy.de&noUDP&sock=schedd_7302_24a3>
...
001 (15950983.259.000) 2026-02-10 16:45:15 Job executing on host: <141.34.15.68:9618?addrs=141.34.15.68-9618+[2001-638-700-f00f--1-44]-9618&alias=bladejb.zeuthen.desy.de&noUDP&sock=startd_10195_8020>
	SlotName: slot1_4@bladejb.zeuthen.desy.de
	CondorScratchDir = "/batch/dir_1624588"
	Cpus = 1
	Disk = 1025024
	GPUs = 0
	Memory = 5120
...
006 (15950983.259.000) 2026-02-10 16:45:29 Image size of job updated: 101288
	99  -  MemoryUsage of job (MB)
	101288  -  ResidentSetSize of job (KB)
...
006 (15950983.259.000) 2026-02-10 16:50:30 Image size of job updated: 697528
	663  -  MemoryUsage of job (MB)
	678580  -  ResidentSetSize of job (KB)
...
006 (15950983.259.000) 2026-02-10 16:55:31 Image size of job updated: 697892
	664  -  MemoryUsage of job (MB)
	679924  -  ResidentSetSize of job (KB)
...
006 (15950983.259.000) 2026-02-10 17:00:31 Image size of job updated: 698372
	666  -  MemoryUsage of job (MB)
	681240  -  ResidentSetSize of job (KB)
...
006 (15950983.259.000) 2026-02-10 17:05:32 Image size of job updated: 698444
	679  -  MemoryUsage of job (MB)
	694528  -  ResidentSetSize of job (KB)
...
006 (15950983.259.000) 2026-02-10 17:10:33 Image size of job updated: 698600
	680  -  MemoryUsage of job (MB)
	696204  -  ResidentSetSize of job (KB)
...
006 (15950983.259.000) 2026-02-10 17:15:33 Image size of job updated: 699148
	680  -  MemoryUsage of job (MB)
	696204  -  ResidentSetSize of job (KB)
...
006 (15950983.259.000) 2026-02-10 17:20:34 Image size of job updated: 699980
	680  -  MemoryUsage of job (MB)
	696204  -  ResidentSetSize of job (KB)
...
006 (15950983.259.000) 2026-02-10 17:25:35 Image size of job updated: 700256
	680  -  MemoryUsage of job (MB)
	696204  -  ResidentSetSize of job (KB)
...
006 (15950983.259.000) 2026-02-10 17:30:35 Image size of job updated: 700444
	680  -  MemoryUsage of job (MB)
	696204  -  ResidentSetSize of job (KB)
...
006 (15950983.259.000) 2026-02-10 17:35:36 Image size of job updated: 700840
	680  -  MemoryUsage of job (MB)
	696204  -  ResidentSetSize of job (KB)
...
006 (15950983.259.000) 2026-02-10 17:40:37 Image size of job updated: 701328
	682  -  MemoryUsage of job (MB)
	698100  -  ResidentSetSize of job (KB)
...
006 (15950983.259.000) 2026-02-10 17:45:37 Image size of job updated: 701600
	682  -  MemoryUsage of job (MB)
	698100  -  ResidentSetSize of job (KB)
...
006 (15950983.259.000) 2026-02-10 17:50:38 Image size of job updated: 701956
	682  -  MemoryUsage of job (MB)
	698100  -  ResidentSetSize of job (KB)
...
006 (15950983.259.000) 2026-02-10 17:55:39 Image size of job updated: 702060
	682  -  MemoryUsage of job (MB)
	698100  -  ResidentSetSize of job (KB)
...
006 (15950983.259.000) 2026-02-10 18:25:42 Image size of job updated: 702060
	684  -  MemoryUsage of job (MB)
	700020  -  ResidentSetSize of job (KB)
...
006 (15950983.259.000) 2026-02-10 19:10:45 Image size of job updated: 702416
	684  -  MemoryUsage of job (MB)
	700020  -  ResidentSetSize of job (KB)
...
006 (15950983.259.000) 2026-02-10 19:15:45 Image size of job updated: 702516
	684  -  MemoryUsage of job (MB)
	700020  -  ResidentSetSize of job (KB)
...
006 (15950983.259.000) 2026-02-10 19:25:46 Image size of job updated: 702848
	685  -  MemoryUsage of job (MB)
	701336  -  ResidentSetSize of job (KB)
...
006 (15950983.259.000) 2026-02-10 19:35:46 Image size of job updated: 703032
	685  -  MemoryUsage of job (MB)
	701336  -  ResidentSetSize of job (KB)
...
006 (15950983.259.000) 2026-02-10 19:50:48 Image size of job updated: 703668
	685  -  MemoryUsage of job (MB)
	701336  -  ResidentSetSize of job (KB)
...
006 (15950983.259.000) 2026-02-10 20:00:50 Image size of job updated: 703800
	685  -  MemoryUsage of job (MB)
	701336  -  ResidentSetSize of job (KB)
...
006 (15950983.259.000) 2026-02-10 20:05:50 Image size of job updated: 704304
	685  -  MemoryUsage of job (MB)
	701336  -  ResidentSetSize of job (KB)
...
006 (15950983.259.000) 2026-02-10 20:10:51 Image size of job updated: 704692
	685  -  MemoryUsage of job (MB)
	701336  -  ResidentSetSize of job (KB)
...
006 (15950983.259.000) 2026-02-10 20:20:52 Image size of job updated: 704924
	685  -  MemoryUsage of job (MB)
	701336  -  ResidentSetSize of job (KB)
...
006 (15950983.259.000) 2026-02-10 20:35:54 Image size of job updated: 705004
	685  -  MemoryUsage of job (MB)
	701336  -  ResidentSetSize of job (KB)
...
006 (15950983.259.000) 2026-02-10 20:45:55 Image size of job updated: 705004
	686  -  MemoryUsage of job (MB)
	701728  -  ResidentSetSize of job (KB)
...
006 (15950983.259.000) 2026-02-10 20:50:55 Image size of job updated: 706216
	686  -  MemoryUsage of job (MB)
	702124  -  ResidentSetSize of job (KB)
...
006 (15950983.259.000) 2026-02-10 20:55:55 Image size of job updated: 706848
	691  -  MemoryUsage of job (MB)
	706848  -  ResidentSetSize of job (KB)
...
006 (15950983.259.000) 2026-02-10 21:00:56 Image size of job updated: 707212
	691  -  MemoryUsage of job (MB)
	706852  -  ResidentSetSize of job (KB)
...
006 (15950983.259.000) 2026-02-10 21:35:59 Image size of job updated: 707212
	691  -  MemoryUsage of job (MB)
	706948  -  ResidentSetSize of job (KB)
...
006 (15950983.259.000) 2026-02-10 21:46:00 Image size of job updated: 707212
	691  -  MemoryUsage of job (MB)
	707104  -  ResidentSetSize of job (KB)
...
006 (15950983.259.000) 2026-02-10 21:51:01 Image size of job updated: 708028
	691  -  MemoryUsage of job (MB)
	707164  -  ResidentSetSize of job (KB)
...
006 (15950983.259.000) 2026-02-10 21:56:01 Image size of job updated: 708028
	691  -  MemoryUsage of job (MB)
	707204  -  ResidentSetSize of job (KB)
...
006 (15950983.259.000) 2026-02-10 22:01:02 Image size of job updated: 708384
	691  -  MemoryUsage of job (MB)
	707244  -  ResidentSetSize of job (KB)
...
006 (15950983.259.000) 2026-02-10 22:11:03 Image size of job updated: 708384
	691  -  MemoryUsage of job (MB)
	707340  -  ResidentSetSize of job (KB)
...
006 (15950983.259.000) 2026-02-10 22:26:05 Image size of job updated: 713636
	697  -  MemoryUsage of job (MB)
	713636  -  ResidentSetSize of job (KB)
...
006 (15950983.259.000) 2026-02-10 22:31:05 Image size of job updated: 714228
	698  -  MemoryUsage of job (MB)
	714228  -  ResidentSetSize of job (KB)
...
006 (15950983.259.000) 2026-02-10 22:36:06 Image size of job updated: 714772
	699  -  MemoryUsage of job (MB)
	714772  -  ResidentSetSize of job (KB)
...
006 (15950983.259.000) 2026-02-10 22:41:06 Image size of job updated: 715404
	699  -  MemoryUsage of job (MB)
	715404  -  ResidentSetSize of job (KB)
...
006 (15950983.259.000) 2026-02-10 22:46:06 Image size of job updated: 716028
	700  -  MemoryUsage of job (MB)
	716028  -  ResidentSetSize of job (KB)
...
006 (15950983.259.000) 2026-02-10 22:51:07 Image size of job updated: 716640
	700  -  MemoryUsage of job (MB)
	716640  -  ResidentSetSize of job (KB)
...
006 (15950983.259.000) 2026-02-10 22:56:07 Image size of job updated: 717220
	701  -  MemoryUsage of job (MB)
	716992  -  ResidentSetSize of job (KB)
...
006 (15950983.259.000) 2026-02-10 23:26:10 Image size of job updated: 717492
	701  -  MemoryUsage of job (MB)
	717024  -  ResidentSetSize of job (KB)
...
006 (15950983.259.000) 2026-02-10 23:56:14 Image size of job updated: 717680
	701  -  MemoryUsage of job (MB)
	717316  -  ResidentSetSize of job (KB)
...
006 (15950983.259.000) 2026-02-11 00:21:17 Image size of job updated: 718244
	701  -  MemoryUsage of job (MB)
	717352  -  ResidentSetSize of job (KB)
...
006 (15950983.259.000) 2026-02-11 00:41:19 Image size of job updated: 718244
	701  -  MemoryUsage of job (MB)
	717400  -  ResidentSetSize of job (KB)
...
006 (15950983.259.000) 2026-02-11 00:46:19 Image size of job updated: 718244
	701  -  MemoryUsage of job (MB)
	717444  -  ResidentSetSize of job (KB)
...
006 (15950983.259.000) 2026-02-11 00:51:19 Image size of job updated: 718340
	702  -  MemoryUsage of job (MB)
	718340  -  ResidentSetSize of job (KB)
...
006 (15950983.259.000) 2026-02-11 00:56:20 Image size of job updated: 718596
	702  -  MemoryUsage of job (MB)
	718528  -  ResidentSetSize of job (KB)
...
006 (15950983.259.000) 2026-02-11 01:31:23 Image size of job updated: 718620
	702  -  MemoryUsage of job (MB)
	718528  -  ResidentSetSize of job (KB)
...
006 (15950983.259.000) 2026-02-11 01:36:23 Image size of job updated: 726988
	710  -  MemoryUsage of job (MB)
	726988  -  ResidentSetSize of job (KB)
...
006 (15950983.259.000) 2026-02-11 01:41:24 Image size of job updated: 727340
	711  -  MemoryUsage of job (MB)
	727340  -  ResidentSetSize of job (KB)
...
006 (15950983.259.000) 2026-02-11 01:46:25 Image size of job updated: 727676
	711  -  MemoryUsage of job (MB)
	727676  -  ResidentSetSize of job (KB)
...
006 (15950983.259.000) 2026-02-11 01:51:25 Image size of job updated: 727984
	711  -  MemoryUsage of job (MB)
	727984  -  ResidentSetSize of job (KB)
...
006 (15950983.259.000) 2026-02-11 01:56:26 Image size of job updated: 728320
	712  -  MemoryUsage of job (MB)
	728320  -  ResidentSetSize of job (KB)
...
006 (15950983.259.000) 2026-02-11 02:01:27 Image size of job updated: 728644
	712  -  MemoryUsage of job (MB)
	728644  -  ResidentSetSize of job (KB)
...
006 (15950983.259.000) 2026-02-11 02:06:27 Image size of job updated: 728988
	712  -  MemoryUsage of job (MB)
	728988  -  ResidentSetSize of job (KB)
...
006 (15950983.259.000) 2026-02-11 02:11:28 Image size of job updated: 729340
	713  -  MemoryUsage of job (MB)
	729340  -  ResidentSetSize of job (KB)
...
006 (15950983.259.000) 2026-02-11 02:16:29 Image size of job updated: 729696
	713  -  MemoryUsage of job (MB)
	729696  -  ResidentSetSize of job (KB)
...
006 (15950983.259.000) 2026-02-11 02:21:29 Image size of job updated: 730188
	713  -  MemoryUsage of job (MB)
	729784  -  ResidentSetSize of job (KB)
...
006 (15950983.259.000) 2026-02-11 03:11:33 Image size of job updated: 730188
	713  -  MemoryUsage of job (MB)
	729932  -  ResidentSetSize of job (KB)
...
006 (15950983.259.000) 2026-02-11 03:16:34 Image size of job updated: 730816
	714  -  MemoryUsage of job (MB)
	730148  -  ResidentSetSize of job (KB)
...
006 (15950983.259.000) 2026-02-11 04:16:40 Image size of job updated: 731252
	714  -  MemoryUsage of job (MB)
	730148  -  ResidentSetSize of job (KB)
...
006 (15950983.259.000) 2026-02-11 05:01:44 Image size of job updated: 731568
	714  -  MemoryUsage of job (MB)
	730288  -  ResidentSetSize of job (KB)
...
006 (15950983.259.000) 2026-02-11 05:36:48 Image size of job updated: 731568
	714  -  MemoryUsage of job (MB)
	730444  -  ResidentSetSize of job (KB)
...
006 (15950983.259.000) 2026-02-11 08:42:09 Image size of job updated: 731620
	714  -  MemoryUsage of job (MB)
	730444  -  ResidentSetSize of job (KB)
...
006 (15950983.259.000) 2026-02-11 09:32:14 Image size of job updated: 732100
	714  -  MemoryUsage of job (MB)
	730912  -  ResidentSetSize of job (KB)
...
