000 (15756408.1168.000) 2026-02-06 11:27:00 Job submitted from host: <141.34.103.35:9618?addrs=141.34.103.35-9618+[2001-638-700-f067--1-23]-9618&alias=wgs39.zeuthen.desy.de&noUDP&sock=schedd_7414_f73f>
...
009 (15756408.1168.000) 2026-02-10 11:47:44 Job was aborted.
	via condor_rm (by user tuccia)
...
000 (15951004.779.000) 2026-02-10 16:30:08 Job submitted from host: <141.34.103.35:9618?addrs=141.34.103.35-9618+[2001-638-700-f067--1-23]-9618&alias=wgs39.zeuthen.desy.de&noUDP&sock=schedd_7302_24a3>
...
001 (15951004.779.000) 2026-02-11 04:10:27 Job executing on host: <141.34.15.218:9618?addrs=141.34.15.218-9618+[2001-638-700-f00f--1-da]-9618&alias=pizza26.zeuthen.desy.de&noUDP&sock=startd_8315_fa13>
	SlotName: slot1_24@pizza26.zeuthen.desy.de
	CondorScratchDir = "/batch/dir_2442707"
	Cpus = 1
	Disk = 1025696
	GPUs = 0
	Memory = 5120
...
006 (15951004.779.000) 2026-02-11 04:10:40 Image size of job updated: 103364
	101  -  MemoryUsage of job (MB)
	103364  -  ResidentSetSize of job (KB)
...
006 (15951004.779.000) 2026-02-11 04:15:41 Image size of job updated: 808888
	425  -  MemoryUsage of job (MB)
	434992  -  ResidentSetSize of job (KB)
...
006 (15951004.779.000) 2026-02-11 04:20:42 Image size of job updated: 808888
	559  -  MemoryUsage of job (MB)
	571592  -  ResidentSetSize of job (KB)
...
006 (15951004.779.000) 2026-02-11 04:25:42 Image size of job updated: 808888
	559  -  MemoryUsage of job (MB)
	571832  -  ResidentSetSize of job (KB)
...
006 (15951004.779.000) 2026-02-11 04:30:43 Image size of job updated: 808888
	559  -  MemoryUsage of job (MB)
	572380  -  ResidentSetSize of job (KB)
...
006 (15951004.779.000) 2026-02-11 04:35:44 Image size of job updated: 808888
	560  -  MemoryUsage of job (MB)
	572616  -  ResidentSetSize of job (KB)
...
006 (15951004.779.000) 2026-02-11 04:40:44 Image size of job updated: 808888
	560  -  MemoryUsage of job (MB)
	572808  -  ResidentSetSize of job (KB)
...
006 (15951004.779.000) 2026-02-11 04:45:44 Image size of job updated: 808888
	560  -  MemoryUsage of job (MB)
	573016  -  ResidentSetSize of job (KB)
...
006 (15951004.779.000) 2026-02-11 04:50:45 Image size of job updated: 808888
	560  -  MemoryUsage of job (MB)
	573220  -  ResidentSetSize of job (KB)
...
006 (15951004.779.000) 2026-02-11 04:55:45 Image size of job updated: 808888
	560  -  MemoryUsage of job (MB)
	573432  -  ResidentSetSize of job (KB)
...
006 (15951004.779.000) 2026-02-11 05:00:45 Image size of job updated: 808888
	561  -  MemoryUsage of job (MB)
	573664  -  ResidentSetSize of job (KB)
...
006 (15951004.779.000) 2026-02-11 05:05:46 Image size of job updated: 808888
	561  -  MemoryUsage of job (MB)
	573848  -  ResidentSetSize of job (KB)
...
006 (15951004.779.000) 2026-02-11 05:10:46 Image size of job updated: 808888
	561  -  MemoryUsage of job (MB)
	574032  -  ResidentSetSize of job (KB)
...
006 (15951004.779.000) 2026-02-11 05:15:46 Image size of job updated: 808888
	561  -  MemoryUsage of job (MB)
	574232  -  ResidentSetSize of job (KB)
...
006 (15951004.779.000) 2026-02-11 05:20:47 Image size of job updated: 808888
	561  -  MemoryUsage of job (MB)
	574416  -  ResidentSetSize of job (KB)
...
006 (15951004.779.000) 2026-02-11 05:25:47 Image size of job updated: 808888
	562  -  MemoryUsage of job (MB)
	574628  -  ResidentSetSize of job (KB)
...
006 (15951004.779.000) 2026-02-11 05:30:48 Image size of job updated: 808888
	562  -  MemoryUsage of job (MB)
	574840  -  ResidentSetSize of job (KB)
...
006 (15951004.779.000) 2026-02-11 05:35:49 Image size of job updated: 808888
	562  -  MemoryUsage of job (MB)
	575048  -  ResidentSetSize of job (KB)
...
006 (15951004.779.000) 2026-02-11 05:40:49 Image size of job updated: 808888
	610  -  MemoryUsage of job (MB)
	623896  -  ResidentSetSize of job (KB)
...
004 (15951004.779.000) 2026-02-11 11:11:59 Job was evicted.
	(0) CPU times
		Usr 0 06:55:55, Sys 0 00:00:04  -  Run Remote Usage
		Usr 0 00:00:00, Sys 0 00:00:00  -  Run Local Usage
	0  -  Run Bytes Sent By Job
	0  -  Run Bytes Received By Job
	Partitionable Resources :    Usage  Request Allocated 
	   Cpus                 :     0.99        1         1 
	   Disk (KB)            :     1     1024000   1025696 
	   GPUs                 :                           0 
	   Memory (MB)          :   610        5120      5120 
	   TimeExecute (s)      : 25290                       
	   TimeSlotBusy (s)     : 25291                       
...
009 (15951004.779.000) 2026-02-11 11:12:00 Job was aborted.
	via condor_rm (by user tuccia)
...
000 (15988842.779.000) 2026-02-11 11:12:47 Job submitted from host: <141.34.103.35:9618?addrs=141.34.103.35-9618+[2001-638-700-f067--1-23]-9618&alias=wgs39.zeuthen.desy.de&noUDP&sock=schedd_7302_24a3>
...
001 (15988842.779.000) 2026-02-11 12:57:07 Job executing on host: <141.34.15.46:9618?addrs=141.34.15.46-9618+[2001-638-700-f00f--1-2e]-9618&alias=pizza17.zeuthen.desy.de&noUDP&sock=startd_8231_5c1f>
	SlotName: slot1_26@pizza17.zeuthen.desy.de
	CondorScratchDir = "/batch/dir_3609499"
	Cpus = 1
	Disk = 1025696
	GPUs = 0
	Memory = 5120
...
006 (15988842.779.000) 2026-02-11 12:57:21 Image size of job updated: 103436
	102  -  MemoryUsage of job (MB)
	103436  -  ResidentSetSize of job (KB)
...
006 (15988842.779.000) 2026-02-11 13:02:22 Image size of job updated: 921828
	429  -  MemoryUsage of job (MB)
	438992  -  ResidentSetSize of job (KB)
...
006 (15988842.779.000) 2026-02-11 13:07:23 Image size of job updated: 921828
	562  -  MemoryUsage of job (MB)
	575364  -  ResidentSetSize of job (KB)
...
006 (15988842.779.000) 2026-02-11 13:12:23 Image size of job updated: 921828
	563  -  MemoryUsage of job (MB)
	575588  -  ResidentSetSize of job (KB)
...
006 (15988842.779.000) 2026-02-11 13:17:24 Image size of job updated: 921828
	563  -  MemoryUsage of job (MB)
	575816  -  ResidentSetSize of job (KB)
...
006 (15988842.779.000) 2026-02-11 13:22:25 Image size of job updated: 921828
	563  -  MemoryUsage of job (MB)
	576032  -  ResidentSetSize of job (KB)
...
006 (15988842.779.000) 2026-02-11 13:27:25 Image size of job updated: 921828
	563  -  MemoryUsage of job (MB)
	576256  -  ResidentSetSize of job (KB)
...
006 (15988842.779.000) 2026-02-11 13:32:26 Image size of job updated: 921828
	563  -  MemoryUsage of job (MB)
	576464  -  ResidentSetSize of job (KB)
...
006 (15988842.779.000) 2026-02-11 13:37:27 Image size of job updated: 921828
	564  -  MemoryUsage of job (MB)
	576696  -  ResidentSetSize of job (KB)
...
006 (15988842.779.000) 2026-02-11 13:42:27 Image size of job updated: 921828
	564  -  MemoryUsage of job (MB)
	576908  -  ResidentSetSize of job (KB)
...
006 (15988842.779.000) 2026-02-11 13:47:27 Image size of job updated: 921828
	564  -  MemoryUsage of job (MB)
	577108  -  ResidentSetSize of job (KB)
...
006 (15988842.779.000) 2026-02-11 13:52:28 Image size of job updated: 921828
	564  -  MemoryUsage of job (MB)
	577336  -  ResidentSetSize of job (KB)
...
006 (15988842.779.000) 2026-02-11 13:57:28 Image size of job updated: 921828
	565  -  MemoryUsage of job (MB)
	577544  -  ResidentSetSize of job (KB)
...
006 (15988842.779.000) 2026-02-11 14:02:28 Image size of job updated: 921828
	565  -  MemoryUsage of job (MB)
	577756  -  ResidentSetSize of job (KB)
...
006 (15988842.779.000) 2026-02-11 14:07:29 Image size of job updated: 921828
	565  -  MemoryUsage of job (MB)
	577976  -  ResidentSetSize of job (KB)
...
006 (15988842.779.000) 2026-02-11 14:12:29 Image size of job updated: 921828
	565  -  MemoryUsage of job (MB)
	578188  -  ResidentSetSize of job (KB)
...
006 (15988842.779.000) 2026-02-11 14:17:29 Image size of job updated: 921828
	565  -  MemoryUsage of job (MB)
	578380  -  ResidentSetSize of job (KB)
...
006 (15988842.779.000) 2026-02-11 14:22:30 Image size of job updated: 921828
	566  -  MemoryUsage of job (MB)
	578612  -  ResidentSetSize of job (KB)
...
006 (15988842.779.000) 2026-02-11 14:27:31 Image size of job updated: 921828
	586  -  MemoryUsage of job (MB)
	599464  -  ResidentSetSize of job (KB)
...
006 (15988842.779.000) 2026-02-11 15:52:40 Image size of job updated: 921828
	611  -  MemoryUsage of job (MB)
	624964  -  ResidentSetSize of job (KB)
...
006 (15988842.779.000) 2026-02-11 15:57:41 Image size of job updated: 921828
	611  -  MemoryUsage of job (MB)
	624968  -  ResidentSetSize of job (KB)
...
006 (15988842.779.000) 2026-02-12 14:54:57 Image size of job updated: 921828
	612  -  MemoryUsage of job (MB)
	626656  -  ResidentSetSize of job (KB)
...
006 (15988842.779.000) 2026-02-13 03:16:09 Image size of job updated: 921828
	615  -  MemoryUsage of job (MB)
	628932  -  ResidentSetSize of job (KB)
...
006 (15988842.779.000) 2026-02-13 03:21:10 Image size of job updated: 921828
	615  -  MemoryUsage of job (MB)
	628936  -  ResidentSetSize of job (KB)
...
021 (15988842.779.000) 2026-02-13 12:57:11 Error from starter on slot1_26@pizza17.zeuthen.desy.de:
	runtime exceeded maximum (target.Runtime seconds)
	Code 21 Subcode 103
...
004 (15988842.779.000) 2026-02-13 12:57:11 Job was evicted.
	(0) CPU times
		Usr 1 23:27:21, Sys 0 00:00:09  -  Run Remote Usage
		Usr 0 00:00:00, Sys 0 00:00:00  -  Run Local Usage
	0  -  Run Bytes Sent By Job
	0  -  Run Bytes Received By Job
	Error from slot1_26@pizza17.zeuthen.desy.de: runtime exceeded maximum (target.Runtime seconds)
	Partitionable Resources :     Usage  Request Allocated 
	   Cpus                 :      0.99        1         1 
	   Disk (KB)            :      1     1024000   1025696 
	   GPUs                 :                            0 
	   Memory (MB)          :    615        5120      5120 
	   TimeSlotBusy (s)     : 172804                       
...
012 (15988842.779.000) 2026-02-13 12:57:11 Job was held.
	Error from slot1_26@pizza17.zeuthen.desy.de: runtime exceeded maximum (target.Runtime seconds)
	Code 21 Subcode 103
...
009 (15988842.779.000) 2026-02-16 17:16:41 Job was aborted.
	via condor_rm (by user tuccia)
...
