000 (15756404.999.000) 2026-02-06 11:24:37 Job submitted from host: <141.34.103.35:9618?addrs=141.34.103.35-9618+[2001-638-700-f067--1-23]-9618&alias=wgs39.zeuthen.desy.de&noUDP&sock=schedd_7414_f73f>
...
001 (15756404.999.000) 2026-02-07 06:43:06 Job executing on host: <141.34.15.222:9618?addrs=141.34.15.222-9618+[2001-638-700-f00f--1-de]-9618&alias=pizza30.zeuthen.desy.de&noUDP&sock=startd_8310_8c1a>
	SlotName: slot1_12@pizza30.zeuthen.desy.de
	CondorScratchDir = "/batch/dir_1431311"
	Cpus = 8
	Disk = 1025696
	GPUs = 0
	Memory = 16384
...
006 (15756404.999.000) 2026-02-07 06:43:13 Image size of job updated: 92
	0  -  MemoryUsage of job (MB)
	0  -  ResidentSetSize of job (KB)
...
005 (15756404.999.000) 2026-02-07 06:43:13 Job terminated.
	(1) Normal termination (return value 1)
		Usr 0 00:00:02, Sys 0 00:00:00  -  Run Remote Usage
		Usr 0 00:00:00, Sys 0 00:00:00  -  Run Local Usage
		Usr 0 00:00:02, Sys 0 00:00:00  -  Total Remote Usage
		Usr 0 00:00:00, Sys 0 00:00:00  -  Total Local Usage
	0  -  Run Bytes Sent By Job
	0  -  Run Bytes Received By Job
	0  -  Total Bytes Sent By Job
	0  -  Total Bytes Received By Job
	Partitionable Resources :    Usage  Request Allocated 
	   Cpus                 :        0        8         8 
	   Disk (KB)            :        1  1024000   1025696 
	   GPUs                 :                           0 
	   Memory (MB)          :        0    16384     16384 
	   TimeExecute (s)      :        7                    
	   TimeSlotBusy (s)     :        7                    

	Job terminated of its own accord at 2026-02-07T05:43:13Z with exit-code 1.
...
000 (15950983.132.000) 2026-02-10 16:27:55 Job submitted from host: <141.34.103.35:9618?addrs=141.34.103.35-9618+[2001-638-700-f067--1-23]-9618&alias=wgs39.zeuthen.desy.de&noUDP&sock=schedd_7302_24a3>
...
001 (15950983.132.000) 2026-02-10 16:35:44 Job executing on host: <141.34.15.192:9618?addrs=141.34.15.192-9618+[2001-638-700-f00f--1-c0]-9618&alias=bladekb.zeuthen.desy.de&noUDP&sock=startd_9379_cad8>
	SlotName: slot1_14@bladekb.zeuthen.desy.de
	CondorScratchDir = "/batch/dir_3384694"
	Cpus = 1
	Disk = 1025024
	GPUs = 0
	Memory = 5120
...
006 (15950983.132.000) 2026-02-10 16:35:57 Image size of job updated: 101360
	99  -  MemoryUsage of job (MB)
	101360  -  ResidentSetSize of job (KB)
...
006 (15950983.132.000) 2026-02-10 16:40:57 Image size of job updated: 968088
	569  -  MemoryUsage of job (MB)
	581936  -  ResidentSetSize of job (KB)
...
005 (15950983.132.000) 2026-02-10 19:02:15 Job terminated.
	(1) Normal termination (return value 0)
		Usr 0 02:25:50, Sys 0 00:00:02  -  Run Remote Usage
		Usr 0 00:00:00, Sys 0 00:00:00  -  Run Local Usage
		Usr 0 02:25:50, Sys 0 00:00:02  -  Total Remote Usage
		Usr 0 00:00:00, Sys 0 00:00:00  -  Total Local Usage
	0  -  Run Bytes Sent By Job
	0  -  Run Bytes Received By Job
	0  -  Total Bytes Sent By Job
	0  -  Total Bytes Received By Job
	Partitionable Resources :    Usage  Request Allocated 
	   Cpus                 :     1.00        1         1 
	   Disk (KB)            :     1     1024000   1025024 
	   GPUs                 :                           0 
	   Memory (MB)          :   569        5120      5120 
	   TimeExecute (s)      :  8791                       
	   TimeSlotBusy (s)     :  8792                       

	Job terminated of its own accord at 2026-02-10T18:02:15Z with exit-code 0.
...
