~~~~~~~~~~~~~~~~~~~~~~~~~~~~~~

n_qubits: 120, 
r: 31, 
alpha: 0.01, 
shots: 10000, 
ansatz: linear_cnot, 
layer: 1, 
tau: 0.3

time for simulated annealing:  169.70355772972107
Rank 1: Bitstring=111111110000101011010101101010011000101010101010111101101110110111010001110011000011100100011000011110110001101101010000, Decimal=1324255451091638880535391476876254032, Energy=-111.1715
Rank 2: Bitstring=111111110000101011010101101010011000101010101010111101101110110111010001110011000011100100011000011110110001001101010000, Decimal=1324255451091638880535391476876251984, Energy=-111.1429
Rank 3: Bitstring=111111110000101011010101101010011000101010101010111101101110110111010001110011000011100100011000111110110001100101010000, Decimal=1324255451091638880535391476884642128, Energy=-111.1281
Rank 4: Bitstring=111111110000101011010101101010011000101010101010111101101110110111010001110011000011100100011000111110110001000101010000, Decimal=1324255451091638880535391476884640080, Energy=-111.0995
Rank 5: Bitstring=111111100000101011010101101010011000111010111010101101101110110111010001110011000011100100011001011110110001101101010000, Decimal=1319063154238014133457424694174751568, Energy=-110.9281
Rank 6: Bitstring=111111100000101011010101101010011000111010111010101101101110110111010001110011000011100100011001111110110001100101010000, Decimal=1319063154238014133457424694183139664, Energy=-110.8847
Rank 7: Bitstring=111111110100101011010101101010011000101010101010111101101110111111011001110011000011100100011000011110110001101101010000, Decimal=1325553525306272587588891088848100176, Energy=-110.8119
Rank 8: Bitstring=111111110000101011010101101010011000101010101010111101101110110111010001110011100011100100011000010110110001101101010001, Decimal=1324255451091638880535393675897412433, Energy=-110.8109
Rank 9: Bitstring=111111110100101011010101101010011000101010101010111101101110111111011001110011000011100100011000011110110001001101010000, Decimal=1325553525306272587588891088848098128, Energy=-110.7833
Rank 10: Bitstring=111111110000101011010101101010011000101010101010111101101110110111010001110011100011100100011000010110110001001101010001, Decimal=1324255451091638880535393675897410385, Energy=-110.7823

E_min from simulated annealing:  -111.1715
Minimum energy: -111.1715
States with energy within 1e-08 of minimum: [1324255451091638880535391476876254032]
4


################## Start optimization with initial parameters: [0. 0. 0. 0. 0. 0. 0. 0. 0. 0. 0. 0. 0. 0. 0. 0. 0. 0. 0. 0. 0. 0. 0. 0.
 0. 0. 0. 0. 0. 0. 0. 0. 0. 0. 0. 0. 0. 0. 0. 0. 0. 0. 0. 0. 0. 0. 0. 0.
 0. 0. 0. 0. 0. 0. 0. 0. 0. 0. 0. 0. 0. 0. 0. 0. 0. 0. 0. 0. 0. 0. 0. 0.
 0. 0. 0. 0. 0. 0. 0. 0. 0. 0. 0. 0. 0. 0. 0. 0. 0. 0. 0. 0. 0. 0. 0. 0.
 0. 0. 0. 0. 0. 0. 0. 0. 0. 0. 0. 0. 0. 0. 0. 0. 0. 0. 0. 0. 0. 0. 0. 0.
 0. 0. 0. 0. 0. 0. 0. 0. 0. 0. 0. 0. 0. 0. 0. 0. 0. 0. 0. 0. 0. 0. 0. 0.
 0. 0. 0. 0. 0. 0. 0. 0. 0. 0. 0. 0. 0. 0. 0. 0. 0. 0. 0. 0. 0. 0. 0. 0.
 0. 0. 0. 0. 0. 0. 0. 0. 0. 0. 0. 0. 0. 0. 0. 0. 0. 0. 0. 0. 0. 0. 0. 0.
 0. 0. 0. 0. 0. 0. 0. 0. 0. 0. 0. 0. 0. 0. 0. 0. 0. 0. 0. 0. 0. 0. 0. 0.
 0. 0. 0. 0. 0. 0. 0. 0. 0. 0. 0. 0. 0. 0. 0. 0. 0. 0. 0. 0. 0. 0. 0. 0.
 0. 0. 0. 0. 0. 0. 0. 0. 0. 0. 0. 0. 0. 0. 0. 0. 0. 0. 0. 0. 0. 0. 0. 0.
 0. 0. 0. 0. 0. 0. 0. 0. 0. 0. 0. 0. 0. 0. 0. 0. 0. 0. 0. 0. 0. 0. 0. 0.
 0. 0. 0. 0. 0. 0. 0. 0. 0. 0. 0. 0. 0. 0. 0. 0. 0. 0. 0. 0. 0. 0. 0. 0.
 0. 0. 0. 0. 0. 0. 0. 0. 0. 0. 0. 0. 0. 0. 0. 0. 0. 0. 0. 0. 0. 0. 0. 0.
 0. 0. 0. 0. 0. 0. 0. 0. 0. 0. 0. 0. 0. 0. 0. 0. 0. 0. 0. 0. 0. 0. 0. 0.
 0. 0. 0. 0. 0. 0. 0. 0. 0. 0. 0. 0. 0. 0. 0. 0. 0. 0. 0. 0. 0. 0. 0. 0.
 0. 0. 0. 0. 0. 0. 0. 0. 0. 0. 0. 0. 0. 0. 0. 0. 0. 0. 0. 0. 0. 0. 0. 0.
 0. 0. 0. 0. 0. 0. 0. 0. 0. 0. 0. 0. 0. 0. 0. 0. 0. 0. 0. 0. 0. 0. 0. 0.
 0. 0. 0. 0. 0. 0. 0. 0. 0. 0. 0. 0. 0. 0. 0. 0. 0. 0. 0. 0. 0. 0. 0. 0.
 0. 0. 0. 0. 0. 0. 0. 0. 0. 0. 0. 0. 0. 0. 0. 0. 0. 0. 0. 0. 0. 0. 0. 0.]
Write sucessfully to ./data/data_shots_10000_layer_1/alpha_0.01/N_120/r_31/ansatz_type_linear_cnot/initialization_zeros

vqe.cvar_eval[0]: -27.491498 , min_cvar: -31.33571600000002 , opt_cvar: -31.33571600000002

vqe.poss_eval[-1]: 0 vqe.poss_eval[0] 0  , max_poss: 0 , opt_poss: 0

vqe.r_eval[-1]: 0.26354815757635736 vqe.r_eval[0]: 0.24728908038481087 max_r: 0.28186824860688237 , min_r: 0.23819558070188857
