000 (15756404.1138.000) 2026-02-06 11:24:37 Job submitted from host: <141.34.103.35:9618?addrs=141.34.103.35-9618+[2001-638-700-f067--1-23]-9618&alias=wgs39.zeuthen.desy.de&noUDP&sock=schedd_7414_f73f>
...
001 (15756404.1138.000) 2026-02-07 06:57:13 Job executing on host: <141.34.15.222:9618?addrs=141.34.15.222-9618+[2001-638-700-f00f--1-de]-9618&alias=pizza30.zeuthen.desy.de&noUDP&sock=startd_8310_8c1a>
	SlotName: slot1_12@pizza30.zeuthen.desy.de
	CondorScratchDir = "/batch/dir_1437646"
	Cpus = 8
	Disk = 1025696
	GPUs = 0
	Memory = 16384
...
006 (15756404.1138.000) 2026-02-07 06:57:20 Image size of job updated: 144
	0  -  MemoryUsage of job (MB)
	0  -  ResidentSetSize of job (KB)
...
005 (15756404.1138.000) 2026-02-07 06:57:20 Job terminated.
	(1) Normal termination (return value 1)
		Usr 0 00:00:02, Sys 0 00:00:00  -  Run Remote Usage
		Usr 0 00:00:00, Sys 0 00:00:00  -  Run Local Usage
		Usr 0 00:00:02, Sys 0 00:00:00  -  Total Remote Usage
		Usr 0 00:00:00, Sys 0 00:00:00  -  Total Local Usage
	0  -  Run Bytes Sent By Job
	0  -  Run Bytes Received By Job
	0  -  Total Bytes Sent By Job
	0  -  Total Bytes Received By Job
	Partitionable Resources :    Usage  Request Allocated 
	   Cpus                 :        0        8         8 
	   Disk (KB)            :        1  1024000   1025696 
	   GPUs                 :                           0 
	   Memory (MB)          :        0    16384     16384 
	   TimeExecute (s)      :        7                    
	   TimeSlotBusy (s)     :        7                    

	Job terminated of its own accord at 2026-02-07T05:57:20Z with exit-code 1.
...
000 (15950983.318.000) 2026-02-10 16:27:57 Job submitted from host: <141.34.103.35:9618?addrs=141.34.103.35-9618+[2001-638-700-f067--1-23]-9618&alias=wgs39.zeuthen.desy.de&noUDP&sock=schedd_7302_24a3>
...
001 (15950983.318.000) 2026-02-10 17:27:30 Job executing on host: <141.34.15.174:9618?addrs=141.34.15.174-9618+[2001-638-700-f00f--1-ae]-9618&alias=bladek7.zeuthen.desy.de&noUDP&sock=startd_9311_2667>
	SlotName: slot1_12@bladek7.zeuthen.desy.de
	CondorScratchDir = "/batch/dir_2428559"
	Cpus = 1
	Disk = 1025024
	GPUs = 0
	Memory = 5120
...
006 (15950983.318.000) 2026-02-10 17:27:43 Image size of job updated: 101360
	99  -  MemoryUsage of job (MB)
	101360  -  ResidentSetSize of job (KB)
...
006 (15950983.318.000) 2026-02-10 17:32:43 Image size of job updated: 886196
	675  -  MemoryUsage of job (MB)
	690616  -  ResidentSetSize of job (KB)
...
006 (15950983.318.000) 2026-02-10 17:52:46 Image size of job updated: 886196
	676  -  MemoryUsage of job (MB)
	691844  -  ResidentSetSize of job (KB)
...
006 (15950983.318.000) 2026-02-10 17:57:47 Image size of job updated: 886196
	680  -  MemoryUsage of job (MB)
	695740  -  ResidentSetSize of job (KB)
...
006 (15950983.318.000) 2026-02-10 18:27:51 Image size of job updated: 886196
	680  -  MemoryUsage of job (MB)
	695952  -  ResidentSetSize of job (KB)
...
006 (15950983.318.000) 2026-02-10 18:47:53 Image size of job updated: 886196
	680  -  MemoryUsage of job (MB)
	696216  -  ResidentSetSize of job (KB)
...
006 (15950983.318.000) 2026-02-10 18:52:54 Image size of job updated: 886196
	681  -  MemoryUsage of job (MB)
	696716  -  ResidentSetSize of job (KB)
...
006 (15950983.318.000) 2026-02-10 19:07:55 Image size of job updated: 886196
	684  -  MemoryUsage of job (MB)
	699836  -  ResidentSetSize of job (KB)
...
006 (15950983.318.000) 2026-02-10 19:27:57 Image size of job updated: 886196
	685  -  MemoryUsage of job (MB)
	700436  -  ResidentSetSize of job (KB)
...
006 (15950983.318.000) 2026-02-10 19:32:57 Image size of job updated: 886196
	685  -  MemoryUsage of job (MB)
	700440  -  ResidentSetSize of job (KB)
...
006 (15950983.318.000) 2026-02-10 20:28:03 Image size of job updated: 886196
	685  -  MemoryUsage of job (MB)
	700776  -  ResidentSetSize of job (KB)
...
006 (15950983.318.000) 2026-02-10 20:33:04 Image size of job updated: 886196
	685  -  MemoryUsage of job (MB)
	701288  -  ResidentSetSize of job (KB)
...
006 (15950983.318.000) 2026-02-10 20:38:04 Image size of job updated: 886196
	686  -  MemoryUsage of job (MB)
	701652  -  ResidentSetSize of job (KB)
...
006 (15950983.318.000) 2026-02-10 20:43:05 Image size of job updated: 886196
	686  -  MemoryUsage of job (MB)
	702056  -  ResidentSetSize of job (KB)
...
006 (15950983.318.000) 2026-02-10 20:48:06 Image size of job updated: 886196
	686  -  MemoryUsage of job (MB)
	702312  -  ResidentSetSize of job (KB)
...
006 (15950983.318.000) 2026-02-10 20:53:06 Image size of job updated: 886196
	687  -  MemoryUsage of job (MB)
	702824  -  ResidentSetSize of job (KB)
...
006 (15950983.318.000) 2026-02-10 20:58:06 Image size of job updated: 886196
	687  -  MemoryUsage of job (MB)
	702880  -  ResidentSetSize of job (KB)
...
006 (15950983.318.000) 2026-02-11 00:13:26 Image size of job updated: 886196
	687  -  MemoryUsage of job (MB)
	703084  -  ResidentSetSize of job (KB)
...
006 (15950983.318.000) 2026-02-11 00:33:27 Image size of job updated: 886196
	687  -  MemoryUsage of job (MB)
	703448  -  ResidentSetSize of job (KB)
...
006 (15950983.318.000) 2026-02-11 04:48:54 Image size of job updated: 886196
	688  -  MemoryUsage of job (MB)
	703652  -  ResidentSetSize of job (KB)
...
006 (15950983.318.000) 2026-02-11 04:53:55 Image size of job updated: 886196
	688  -  MemoryUsage of job (MB)
	703908  -  ResidentSetSize of job (KB)
...
