000 (15756404.1075.000) 2026-02-06 11:24:37 Job submitted from host: <141.34.103.35:9618?addrs=141.34.103.35-9618+[2001-638-700-f067--1-23]-9618&alias=wgs39.zeuthen.desy.de&noUDP&sock=schedd_7414_f73f>
...
001 (15756404.1075.000) 2026-02-07 06:52:05 Job executing on host: <141.34.14.32:9618?addrs=141.34.14.32-9618+[2001-638-700-f00e--1-20]-9618&alias=ampere01.zeuthen.desy.de&noUDP&sock=startd_7923_18f3>
	SlotName: slot1_7@ampere01.zeuthen.desy.de
	AvailableGPUs = {  }
	CondorScratchDir = "/batch/dir_2426166"
	Cpus = 8
	Disk = 1025682
	GPUs = 0
	Memory = 16384
...
006 (15756404.1075.000) 2026-02-07 06:52:12 Image size of job updated: 100
	0  -  MemoryUsage of job (MB)
	0  -  ResidentSetSize of job (KB)
...
005 (15756404.1075.000) 2026-02-07 06:52:12 Job terminated.
	(1) Normal termination (return value 1)
		Usr 0 00:00:02, Sys 0 00:00:00  -  Run Remote Usage
		Usr 0 00:00:00, Sys 0 00:00:00  -  Run Local Usage
		Usr 0 00:00:02, Sys 0 00:00:00  -  Total Remote Usage
		Usr 0 00:00:00, Sys 0 00:00:00  -  Total Local Usage
	0  -  Run Bytes Sent By Job
	0  -  Run Bytes Received By Job
	0  -  Total Bytes Sent By Job
	0  -  Total Bytes Received By Job
	Partitionable Resources :    Usage  Request Allocated 
	   Cpus                 :        0        8         8 
	   Disk (KB)            :        1  1024000   1025682 
	   GPUs                 :                           0 
	   Memory (MB)          :        0    16384     16384 
	   TimeExecute (s)      :        7                    
	   TimeSlotBusy (s)     :        7                    

	Job terminated of its own accord at 2026-02-07T05:52:12Z with exit-code 1.
...
000 (15950983.234.000) 2026-02-10 16:27:56 Job submitted from host: <141.34.103.35:9618?addrs=141.34.103.35-9618+[2001-638-700-f067--1-23]-9618&alias=wgs39.zeuthen.desy.de&noUDP&sock=schedd_7302_24a3>
...
001 (15950983.234.000) 2026-02-10 16:42:12 Job executing on host: <141.34.15.175:9618?addrs=141.34.15.175-9618+[2001-638-700-f00f--1-af]-9618&alias=genoa00.zeuthen.desy.de&noUDP&sock=startd_9658_29c4>
	SlotName: slot1_18@genoa00.zeuthen.desy.de
	CondorScratchDir = "/batch/dir_749130"
	Cpus = 1
	Disk = 1025697
	GPUs = 0
	Memory = 5120
...
006 (15950983.234.000) 2026-02-10 16:42:25 Image size of job updated: 101396
	100  -  MemoryUsage of job (MB)
	101396  -  ResidentSetSize of job (KB)
...
006 (15950983.234.000) 2026-02-10 16:47:25 Image size of job updated: 698176
	664  -  MemoryUsage of job (MB)
	679628  -  ResidentSetSize of job (KB)
...
006 (15950983.234.000) 2026-02-10 16:52:26 Image size of job updated: 698640
	667  -  MemoryUsage of job (MB)
	682020  -  ResidentSetSize of job (KB)
...
006 (15950983.234.000) 2026-02-10 16:57:26 Image size of job updated: 699668
	668  -  MemoryUsage of job (MB)
	683268  -  ResidentSetSize of job (KB)
...
006 (15950983.234.000) 2026-02-10 17:02:27 Image size of job updated: 700096
	670  -  MemoryUsage of job (MB)
	685412  -  ResidentSetSize of job (KB)
...
006 (15950983.234.000) 2026-02-10 17:07:27 Image size of job updated: 700628
	672  -  MemoryUsage of job (MB)
	687140  -  ResidentSetSize of job (KB)
...
006 (15950983.234.000) 2026-02-10 17:12:28 Image size of job updated: 701288
	684  -  MemoryUsage of job (MB)
	699888  -  ResidentSetSize of job (KB)
...
006 (15950983.234.000) 2026-02-10 17:17:28 Image size of job updated: 702024
	684  -  MemoryUsage of job (MB)
	699892  -  ResidentSetSize of job (KB)
...
006 (15950983.234.000) 2026-02-10 17:37:30 Image size of job updated: 702024
	685  -  MemoryUsage of job (MB)
	701408  -  ResidentSetSize of job (KB)
...
006 (15950983.234.000) 2026-02-10 17:47:31 Image size of job updated: 702564
	685  -  MemoryUsage of job (MB)
	701408  -  ResidentSetSize of job (KB)
...
006 (15950983.234.000) 2026-02-10 17:52:31 Image size of job updated: 703064
	685  -  MemoryUsage of job (MB)
	701408  -  ResidentSetSize of job (KB)
...
006 (15950983.234.000) 2026-02-10 17:57:31 Image size of job updated: 703700
	686  -  MemoryUsage of job (MB)
	701728  -  ResidentSetSize of job (KB)
...
006 (15950983.234.000) 2026-02-10 18:07:32 Image size of job updated: 704428
	686  -  MemoryUsage of job (MB)
	701728  -  ResidentSetSize of job (KB)
...
006 (15950983.234.000) 2026-02-10 18:42:35 Image size of job updated: 704428
	686  -  MemoryUsage of job (MB)
	702144  -  ResidentSetSize of job (KB)
...
006 (15950983.234.000) 2026-02-10 18:47:36 Image size of job updated: 704552
	689  -  MemoryUsage of job (MB)
	704552  -  ResidentSetSize of job (KB)
...
006 (15950983.234.000) 2026-02-10 18:52:36 Image size of job updated: 705064
	689  -  MemoryUsage of job (MB)
	704552  -  ResidentSetSize of job (KB)
...
006 (15950983.234.000) 2026-02-10 19:37:40 Image size of job updated: 705064
	689  -  MemoryUsage of job (MB)
	704816  -  ResidentSetSize of job (KB)
...
006 (15950983.234.000) 2026-02-10 19:42:40 Image size of job updated: 705072
	689  -  MemoryUsage of job (MB)
	704816  -  ResidentSetSize of job (KB)
...
006 (15950983.234.000) 2026-02-10 20:42:47 Image size of job updated: 705072
	689  -  MemoryUsage of job (MB)
	704848  -  ResidentSetSize of job (KB)
...
006 (15950983.234.000) 2026-02-10 20:47:48 Image size of job updated: 705072
	689  -  MemoryUsage of job (MB)
	705072  -  ResidentSetSize of job (KB)
...
006 (15950983.234.000) 2026-02-10 20:52:48 Image size of job updated: 705584
	689  -  MemoryUsage of job (MB)
	705328  -  ResidentSetSize of job (KB)
...
006 (15950983.234.000) 2026-02-10 22:58:00 Image size of job updated: 705584
	689  -  MemoryUsage of job (MB)
	705340  -  ResidentSetSize of job (KB)
...
006 (15950983.234.000) 2026-02-10 23:08:00 Image size of job updated: 705596
	689  -  MemoryUsage of job (MB)
	705424  -  ResidentSetSize of job (KB)
...
006 (15950983.234.000) 2026-02-11 01:18:10 Image size of job updated: 705596
	689  -  MemoryUsage of job (MB)
	705436  -  ResidentSetSize of job (KB)
...
006 (15950983.234.000) 2026-02-11 01:23:10 Image size of job updated: 705876
	689  -  MemoryUsage of job (MB)
	705436  -  ResidentSetSize of job (KB)
...
006 (15950983.234.000) 2026-02-11 05:48:41 Image size of job updated: 705876
	690  -  MemoryUsage of job (MB)
	705636  -  ResidentSetSize of job (KB)
...
006 (15950983.234.000) 2026-02-11 05:53:41 Image size of job updated: 705892
	690  -  MemoryUsage of job (MB)
	705636  -  ResidentSetSize of job (KB)
...
005 (15950983.234.000) 2026-02-11 06:38:37 Job terminated.
	(1) Normal termination (return value 0)
		Usr 0 13:49:58, Sys 0 00:00:12  -  Run Remote Usage
		Usr 0 00:00:00, Sys 0 00:00:00  -  Run Local Usage
		Usr 0 13:49:58, Sys 0 00:00:12  -  Total Remote Usage
		Usr 0 00:00:00, Sys 0 00:00:00  -  Total Local Usage
	0  -  Run Bytes Sent By Job
	0  -  Run Bytes Received By Job
	0  -  Total Bytes Sent By Job
	0  -  Total Bytes Received By Job
	Partitionable Resources :    Usage  Request Allocated 
	   Cpus                 :     0.99        1         1 
	   Disk (KB)            :     1     1024000   1025697 
	   GPUs                 :                           0 
	   Memory (MB)          :   690        5120      5120 
	   TimeExecute (s)      : 50185                       
	   TimeSlotBusy (s)     : 50185                       

	Job terminated of its own accord at 2026-02-11T05:38:37Z with exit-code 0.
...
