000 (15756408.1005.000) 2026-02-06 11:26:59 Job submitted from host: <141.34.103.35:9618?addrs=141.34.103.35-9618+[2001-638-700-f067--1-23]-9618&alias=wgs39.zeuthen.desy.de&noUDP&sock=schedd_7414_f73f>
...
009 (15756408.1005.000) 2026-02-10 11:47:41 Job was aborted.
	via condor_rm (by user tuccia)
...
000 (15951004.670.000) 2026-02-10 16:30:06 Job submitted from host: <141.34.103.35:9618?addrs=141.34.103.35-9618+[2001-638-700-f067--1-23]-9618&alias=wgs39.zeuthen.desy.de&noUDP&sock=schedd_7302_24a3>
...
001 (15951004.670.000) 2026-02-10 19:12:33 Job executing on host: <141.34.15.223:9618?addrs=141.34.15.223-9618+[2001-638-700-f00f--1-df]-9618&alias=pizza31.zeuthen.desy.de&noUDP&sock=startd_8333_52c8>
	SlotName: slot1_13@pizza31.zeuthen.desy.de
	CondorScratchDir = "/batch/dir_127955"
	Cpus = 1
	Disk = 1025696
	GPUs = 0
	Memory = 5120
...
006 (15951004.670.000) 2026-02-10 19:12:47 Image size of job updated: 115032
	113  -  MemoryUsage of job (MB)
	115032  -  ResidentSetSize of job (KB)
...
006 (15951004.670.000) 2026-02-10 19:17:47 Image size of job updated: 923456
	600  -  MemoryUsage of job (MB)
	614100  -  ResidentSetSize of job (KB)
...
006 (15951004.670.000) 2026-02-10 19:22:47 Image size of job updated: 923456
	636  -  MemoryUsage of job (MB)
	650408  -  ResidentSetSize of job (KB)
...
006 (15951004.670.000) 2026-02-10 19:27:48 Image size of job updated: 923456
	636  -  MemoryUsage of job (MB)
	650632  -  ResidentSetSize of job (KB)
...
006 (15951004.670.000) 2026-02-10 19:32:48 Image size of job updated: 923456
	636  -  MemoryUsage of job (MB)
	650796  -  ResidentSetSize of job (KB)
...
006 (15951004.670.000) 2026-02-10 19:42:49 Image size of job updated: 923456
	636  -  MemoryUsage of job (MB)
	650816  -  ResidentSetSize of job (KB)
...
006 (15951004.670.000) 2026-02-10 19:57:50 Image size of job updated: 923456
	636  -  MemoryUsage of job (MB)
	650872  -  ResidentSetSize of job (KB)
...
006 (15951004.670.000) 2026-02-10 20:47:56 Image size of job updated: 923456
	636  -  MemoryUsage of job (MB)
	650880  -  ResidentSetSize of job (KB)
...
006 (15951004.670.000) 2026-02-10 20:57:57 Image size of job updated: 923456
	640  -  MemoryUsage of job (MB)
	654960  -  ResidentSetSize of job (KB)
...
006 (15951004.670.000) 2026-02-10 21:02:57 Image size of job updated: 923456
	640  -  MemoryUsage of job (MB)
	655168  -  ResidentSetSize of job (KB)
...
006 (15951004.670.000) 2026-02-10 21:37:59 Image size of job updated: 923456
	640  -  MemoryUsage of job (MB)
	655256  -  ResidentSetSize of job (KB)
...
006 (15951004.670.000) 2026-02-11 07:59:14 Image size of job updated: 923456
	641  -  MemoryUsage of job (MB)
	655416  -  ResidentSetSize of job (KB)
...
006 (15951004.670.000) 2026-02-11 09:29:23 Image size of job updated: 923456
	641  -  MemoryUsage of job (MB)
	655632  -  ResidentSetSize of job (KB)
...
