000 (15756408.1105.000) 2026-02-06 11:27:00 Job submitted from host: <141.34.103.35:9618?addrs=141.34.103.35-9618+[2001-638-700-f067--1-23]-9618&alias=wgs39.zeuthen.desy.de&noUDP&sock=schedd_7414_f73f>
...
009 (15756408.1105.000) 2026-02-10 11:47:43 Job was aborted.
	via condor_rm (by user tuccia)
...
000 (15951004.737.000) 2026-02-10 16:30:07 Job submitted from host: <141.34.103.35:9618?addrs=141.34.103.35-9618+[2001-638-700-f067--1-23]-9618&alias=wgs39.zeuthen.desy.de&noUDP&sock=schedd_7302_24a3>
...
001 (15951004.737.000) 2026-02-11 04:10:06 Job executing on host: <141.34.15.39:9618?addrs=141.34.15.39-9618+[2001-638-700-f00f--1-27]-9618&alias=pizza10.zeuthen.desy.de&noUDP&sock=startd_8177_5201>
	SlotName: slot1_9@pizza10.zeuthen.desy.de
	CondorScratchDir = "/batch/dir_3771913"
	Cpus = 1
	Disk = 1025696
	GPUs = 0
	Memory = 5120
...
006 (15951004.737.000) 2026-02-11 04:10:20 Image size of job updated: 103380
	101  -  MemoryUsage of job (MB)
	103380  -  ResidentSetSize of job (KB)
...
006 (15951004.737.000) 2026-02-11 04:15:21 Image size of job updated: 788488
	394  -  MemoryUsage of job (MB)
	403032  -  ResidentSetSize of job (KB)
...
006 (15951004.737.000) 2026-02-11 04:20:21 Image size of job updated: 788488
	526  -  MemoryUsage of job (MB)
	538500  -  ResidentSetSize of job (KB)
...
006 (15951004.737.000) 2026-02-11 04:25:22 Image size of job updated: 788488
	527  -  MemoryUsage of job (MB)
	538708  -  ResidentSetSize of job (KB)
...
006 (15951004.737.000) 2026-02-11 04:30:23 Image size of job updated: 788488
	527  -  MemoryUsage of job (MB)
	538904  -  ResidentSetSize of job (KB)
...
006 (15951004.737.000) 2026-02-11 04:35:23 Image size of job updated: 788488
	527  -  MemoryUsage of job (MB)
	539452  -  ResidentSetSize of job (KB)
...
006 (15951004.737.000) 2026-02-11 04:40:24 Image size of job updated: 788488
	528  -  MemoryUsage of job (MB)
	539668  -  ResidentSetSize of job (KB)
...
006 (15951004.737.000) 2026-02-11 04:45:25 Image size of job updated: 788488
	528  -  MemoryUsage of job (MB)
	539888  -  ResidentSetSize of job (KB)
...
006 (15951004.737.000) 2026-02-11 04:50:25 Image size of job updated: 788488
	528  -  MemoryUsage of job (MB)
	540092  -  ResidentSetSize of job (KB)
...
006 (15951004.737.000) 2026-02-11 04:55:26 Image size of job updated: 788488
	528  -  MemoryUsage of job (MB)
	540308  -  ResidentSetSize of job (KB)
...
006 (15951004.737.000) 2026-02-11 05:00:27 Image size of job updated: 788488
	528  -  MemoryUsage of job (MB)
	540528  -  ResidentSetSize of job (KB)
...
006 (15951004.737.000) 2026-02-11 05:05:27 Image size of job updated: 788488
	529  -  MemoryUsage of job (MB)
	540760  -  ResidentSetSize of job (KB)
...
006 (15951004.737.000) 2026-02-11 05:10:27 Image size of job updated: 788488
	529  -  MemoryUsage of job (MB)
	540972  -  ResidentSetSize of job (KB)
...
006 (15951004.737.000) 2026-02-11 05:15:28 Image size of job updated: 788488
	529  -  MemoryUsage of job (MB)
	541188  -  ResidentSetSize of job (KB)
...
006 (15951004.737.000) 2026-02-11 05:20:28 Image size of job updated: 788488
	529  -  MemoryUsage of job (MB)
	541404  -  ResidentSetSize of job (KB)
...
006 (15951004.737.000) 2026-02-11 05:25:28 Image size of job updated: 788488
	529  -  MemoryUsage of job (MB)
	541616  -  ResidentSetSize of job (KB)
...
006 (15951004.737.000) 2026-02-11 05:30:29 Image size of job updated: 788488
	530  -  MemoryUsage of job (MB)
	541824  -  ResidentSetSize of job (KB)
...
006 (15951004.737.000) 2026-02-11 05:35:29 Image size of job updated: 788488
	530  -  MemoryUsage of job (MB)
	542036  -  ResidentSetSize of job (KB)
...
006 (15951004.737.000) 2026-02-11 05:40:29 Image size of job updated: 788488
	551  -  MemoryUsage of job (MB)
	563212  -  ResidentSetSize of job (KB)
...
006 (15951004.737.000) 2026-02-11 07:00:38 Image size of job updated: 788488
	551  -  MemoryUsage of job (MB)
	563240  -  ResidentSetSize of job (KB)
...
006 (15951004.737.000) 2026-02-11 07:05:39 Image size of job updated: 788488
	553  -  MemoryUsage of job (MB)
	565804  -  ResidentSetSize of job (KB)
...
006 (15951004.737.000) 2026-02-11 07:10:39 Image size of job updated: 788488
	555  -  MemoryUsage of job (MB)
	567848  -  ResidentSetSize of job (KB)
...
006 (15951004.737.000) 2026-02-11 08:30:46 Image size of job updated: 788488
	555  -  MemoryUsage of job (MB)
	568192  -  ResidentSetSize of job (KB)
...
006 (15951004.737.000) 2026-02-11 09:55:54 Image size of job updated: 788488
	555  -  MemoryUsage of job (MB)
	568272  -  ResidentSetSize of job (KB)
...
