000 (15756404.925.000) 2026-02-06 11:24:36 Job submitted from host: <141.34.103.35:9618?addrs=141.34.103.35-9618+[2001-638-700-f067--1-23]-9618&alias=wgs39.zeuthen.desy.de&noUDP&sock=schedd_7414_f73f>
...
001 (15756404.925.000) 2026-02-07 06:26:05 Job executing on host: <141.34.14.32:9618?addrs=141.34.14.32-9618+[2001-638-700-f00e--1-20]-9618&alias=ampere01.zeuthen.desy.de&noUDP&sock=startd_7923_18f3>
	SlotName: slot1_7@ampere01.zeuthen.desy.de
	AvailableGPUs = {  }
	CondorScratchDir = "/batch/dir_2340244"
	Cpus = 8
	Disk = 1025682
	GPUs = 0
	Memory = 16384
...
006 (15756404.925.000) 2026-02-07 06:26:18 Image size of job updated: 464
	1  -  MemoryUsage of job (MB)
	464  -  ResidentSetSize of job (KB)
...
005 (15756404.925.000) 2026-02-07 06:27:14 Job terminated.
	(1) Normal termination (return value 1)
		Usr 0 00:00:02, Sys 0 00:00:00  -  Run Remote Usage
		Usr 0 00:00:00, Sys 0 00:00:00  -  Run Local Usage
		Usr 0 00:00:02, Sys 0 00:00:00  -  Total Remote Usage
		Usr 0 00:00:00, Sys 0 00:00:00  -  Total Local Usage
	0  -  Run Bytes Sent By Job
	0  -  Run Bytes Received By Job
	0  -  Total Bytes Sent By Job
	0  -  Total Bytes Received By Job
	Partitionable Resources :    Usage  Request Allocated 
	   Cpus                 :                 8         8 
	   Disk (KB)            :        1  1024000   1025682 
	   GPUs                 :                           0 
	   Memory (MB)          :        1    16384     16384 
	   TimeExecute (s)      :       69                    
	   TimeSlotBusy (s)     :       70                    

	Job terminated of its own accord at 2026-02-07T05:27:14Z with exit-code 1.
...
000 (15950983.034.000) 2026-02-10 16:27:54 Job submitted from host: <141.34.103.35:9618?addrs=141.34.103.35-9618+[2001-638-700-f067--1-23]-9618&alias=wgs39.zeuthen.desy.de&noUDP&sock=schedd_7302_24a3>
...
001 (15950983.034.000) 2026-02-10 16:31:57 Job executing on host: <141.34.15.86:9618?addrs=141.34.15.86-9618+[2001-638-700-f00f--1-56]-9618&alias=genoa10.zeuthen.desy.de&noUDP&sock=startd_10124_cce6>
	SlotName: slot1_18@genoa10.zeuthen.desy.de
	CondorScratchDir = "/batch/dir_482446"
	Cpus = 1
	Disk = 1025681
	GPUs = 0
	Memory = 5120
...
006 (15950983.034.000) 2026-02-10 16:32:10 Image size of job updated: 101388
	100  -  MemoryUsage of job (MB)
	101388  -  ResidentSetSize of job (KB)
...
006 (15950983.034.000) 2026-02-10 16:37:10 Image size of job updated: 945672
	675  -  MemoryUsage of job (MB)
	690872  -  ResidentSetSize of job (KB)
...
006 (15950983.034.000) 2026-02-10 16:47:11 Image size of job updated: 945672
	677  -  MemoryUsage of job (MB)
	692580  -  ResidentSetSize of job (KB)
...
006 (15950983.034.000) 2026-02-10 16:57:12 Image size of job updated: 945672
	678  -  MemoryUsage of job (MB)
	694232  -  ResidentSetSize of job (KB)
...
006 (15950983.034.000) 2026-02-10 17:02:12 Image size of job updated: 945672
	678  -  MemoryUsage of job (MB)
	694236  -  ResidentSetSize of job (KB)
...
006 (15950983.034.000) 2026-02-10 17:17:13 Image size of job updated: 945672
	679  -  MemoryUsage of job (MB)
	694760  -  ResidentSetSize of job (KB)
...
006 (15950983.034.000) 2026-02-10 17:42:15 Image size of job updated: 945672
	680  -  MemoryUsage of job (MB)
	696236  -  ResidentSetSize of job (KB)
...
006 (15950983.034.000) 2026-02-10 17:47:15 Image size of job updated: 945672
	682  -  MemoryUsage of job (MB)
	698096  -  ResidentSetSize of job (KB)
...
006 (15950983.034.000) 2026-02-10 17:57:16 Image size of job updated: 945672
	683  -  MemoryUsage of job (MB)
	698604  -  ResidentSetSize of job (KB)
...
006 (15950983.034.000) 2026-02-10 18:02:16 Image size of job updated: 945672
	683  -  MemoryUsage of job (MB)
	698608  -  ResidentSetSize of job (KB)
...
006 (15950983.034.000) 2026-02-10 18:42:19 Image size of job updated: 945672
	684  -  MemoryUsage of job (MB)
	699688  -  ResidentSetSize of job (KB)
...
006 (15950983.034.000) 2026-02-10 18:47:19 Image size of job updated: 945672
	686  -  MemoryUsage of job (MB)
	701948  -  ResidentSetSize of job (KB)
...
006 (15950983.034.000) 2026-02-10 18:52:19 Image size of job updated: 945672
	687  -  MemoryUsage of job (MB)
	702568  -  ResidentSetSize of job (KB)
...
006 (15950983.034.000) 2026-02-10 18:57:20 Image size of job updated: 945672
	687  -  MemoryUsage of job (MB)
	703228  -  ResidentSetSize of job (KB)
...
006 (15950983.034.000) 2026-02-10 19:02:20 Image size of job updated: 945672
	688  -  MemoryUsage of job (MB)
	703740  -  ResidentSetSize of job (KB)
...
006 (15950983.034.000) 2026-02-10 19:07:20 Image size of job updated: 945672
	688  -  MemoryUsage of job (MB)
	704508  -  ResidentSetSize of job (KB)
...
006 (15950983.034.000) 2026-02-10 21:32:36 Image size of job updated: 945672
	689  -  MemoryUsage of job (MB)
	704600  -  ResidentSetSize of job (KB)
...
006 (15950983.034.000) 2026-02-10 23:52:49 Image size of job updated: 945672
	689  -  MemoryUsage of job (MB)
	705048  -  ResidentSetSize of job (KB)
...
005 (15950983.034.000) 2026-02-11 07:28:42 Job terminated.
	(1) Normal termination (return value 0)
		Usr 0 14:49:52, Sys 0 00:00:07  -  Run Remote Usage
		Usr 0 00:00:00, Sys 0 00:00:00  -  Run Local Usage
		Usr 0 14:49:52, Sys 0 00:00:07  -  Total Remote Usage
		Usr 0 00:00:00, Sys 0 00:00:00  -  Total Local Usage
	0  -  Run Bytes Sent By Job
	0  -  Run Bytes Received By Job
	0  -  Total Bytes Sent By Job
	0  -  Total Bytes Received By Job
	Partitionable Resources :    Usage  Request Allocated 
	   Cpus                 :     0.99        1         1 
	   Disk (KB)            :     1     1024000   1025681 
	   GPUs                 :                           0 
	   Memory (MB)          :   689        5120      5120 
	   TimeExecute (s)      : 53805                       
	   TimeSlotBusy (s)     : 53805                       

	Job terminated of its own accord at 2026-02-11T06:28:42Z with exit-code 0.
...
