000 (15756408.1054.000) 2026-02-06 11:27:00 Job submitted from host: <141.34.103.35:9618?addrs=141.34.103.35-9618+[2001-638-700-f067--1-23]-9618&alias=wgs39.zeuthen.desy.de&noUDP&sock=schedd_7414_f73f>
...
009 (15756408.1054.000) 2026-02-10 11:47:42 Job was aborted.
	via condor_rm (by user tuccia)
...
000 (15951004.703.000) 2026-02-10 16:30:07 Job submitted from host: <141.34.103.35:9618?addrs=141.34.103.35-9618+[2001-638-700-f067--1-23]-9618&alias=wgs39.zeuthen.desy.de&noUDP&sock=schedd_7302_24a3>
...
001 (15951004.703.000) 2026-02-10 19:17:26 Job executing on host: <141.34.15.61:9618?addrs=141.34.15.61-9618+[2001-638-700-f00f--1-3d]-9618&alias=bladej6.zeuthen.desy.de&noUDP&sock=startd_11029_8e1c>
	SlotName: slot1_17@bladej6.zeuthen.desy.de
	CondorScratchDir = "/batch/dir_3956012"
	Cpus = 1
	Disk = 1025024
	GPUs = 0
	Memory = 5120
...
006 (15951004.703.000) 2026-02-10 19:17:39 Image size of job updated: 101328
	99  -  MemoryUsage of job (MB)
	101328  -  ResidentSetSize of job (KB)
...
006 (15951004.703.000) 2026-02-10 19:22:39 Image size of job updated: 804588
	418  -  MemoryUsage of job (MB)
	427508  -  ResidentSetSize of job (KB)
...
006 (15951004.703.000) 2026-02-10 19:27:40 Image size of job updated: 804588
	430  -  MemoryUsage of job (MB)
	439948  -  ResidentSetSize of job (KB)
...
006 (15951004.703.000) 2026-02-10 19:32:40 Image size of job updated: 804588
	557  -  MemoryUsage of job (MB)
	569520  -  ResidentSetSize of job (KB)
...
006 (15951004.703.000) 2026-02-10 19:37:40 Image size of job updated: 804588
	557  -  MemoryUsage of job (MB)
	569704  -  ResidentSetSize of job (KB)
...
006 (15951004.703.000) 2026-02-10 19:42:41 Image size of job updated: 804588
	557  -  MemoryUsage of job (MB)
	569860  -  ResidentSetSize of job (KB)
...
006 (15951004.703.000) 2026-02-10 19:47:41 Image size of job updated: 804588
	557  -  MemoryUsage of job (MB)
	570028  -  ResidentSetSize of job (KB)
...
006 (15951004.703.000) 2026-02-10 19:52:41 Image size of job updated: 804588
	557  -  MemoryUsage of job (MB)
	570200  -  ResidentSetSize of job (KB)
...
006 (15951004.703.000) 2026-02-10 19:57:42 Image size of job updated: 804588
	558  -  MemoryUsage of job (MB)
	570372  -  ResidentSetSize of job (KB)
...
006 (15951004.703.000) 2026-02-10 20:02:42 Image size of job updated: 804588
	558  -  MemoryUsage of job (MB)
	570528  -  ResidentSetSize of job (KB)
...
006 (15951004.703.000) 2026-02-10 20:07:42 Image size of job updated: 804588
	558  -  MemoryUsage of job (MB)
	570680  -  ResidentSetSize of job (KB)
...
006 (15951004.703.000) 2026-02-10 20:12:44 Image size of job updated: 804588
	558  -  MemoryUsage of job (MB)
	570864  -  ResidentSetSize of job (KB)
...
006 (15951004.703.000) 2026-02-10 20:17:44 Image size of job updated: 804588
	558  -  MemoryUsage of job (MB)
	571052  -  ResidentSetSize of job (KB)
...
006 (15951004.703.000) 2026-02-10 20:22:44 Image size of job updated: 804588
	558  -  MemoryUsage of job (MB)
	571208  -  ResidentSetSize of job (KB)
...
006 (15951004.703.000) 2026-02-10 20:27:45 Image size of job updated: 804588
	558  -  MemoryUsage of job (MB)
	571380  -  ResidentSetSize of job (KB)
...
006 (15951004.703.000) 2026-02-10 20:32:46 Image size of job updated: 804588
	559  -  MemoryUsage of job (MB)
	571540  -  ResidentSetSize of job (KB)
...
006 (15951004.703.000) 2026-02-10 20:37:46 Image size of job updated: 804588
	559  -  MemoryUsage of job (MB)
	571708  -  ResidentSetSize of job (KB)
...
006 (15951004.703.000) 2026-02-10 20:42:47 Image size of job updated: 804588
	559  -  MemoryUsage of job (MB)
	571856  -  ResidentSetSize of job (KB)
...
006 (15951004.703.000) 2026-02-10 20:47:48 Image size of job updated: 804588
	559  -  MemoryUsage of job (MB)
	571968  -  ResidentSetSize of job (KB)
...
006 (15951004.703.000) 2026-02-10 20:52:48 Image size of job updated: 804588
	559  -  MemoryUsage of job (MB)
	572248  -  ResidentSetSize of job (KB)
...
006 (15951004.703.000) 2026-02-10 20:57:49 Image size of job updated: 804588
	560  -  MemoryUsage of job (MB)
	572420  -  ResidentSetSize of job (KB)
...
006 (15951004.703.000) 2026-02-10 21:02:50 Image size of job updated: 804588
	560  -  MemoryUsage of job (MB)
	572572  -  ResidentSetSize of job (KB)
...
006 (15951004.703.000) 2026-02-10 21:07:50 Image size of job updated: 804588
	560  -  MemoryUsage of job (MB)
	572708  -  ResidentSetSize of job (KB)
...
006 (15951004.703.000) 2026-02-10 21:12:51 Image size of job updated: 804588
	560  -  MemoryUsage of job (MB)
	572872  -  ResidentSetSize of job (KB)
...
006 (15951004.703.000) 2026-02-10 21:17:52 Image size of job updated: 804588
	581  -  MemoryUsage of job (MB)
	594904  -  ResidentSetSize of job (KB)
...
006 (15951004.703.000) 2026-02-10 23:03:01 Image size of job updated: 804588
	582  -  MemoryUsage of job (MB)
	595116  -  ResidentSetSize of job (KB)
...
006 (15951004.703.000) 2026-02-11 00:53:11 Image size of job updated: 804588
	582  -  MemoryUsage of job (MB)
	595464  -  ResidentSetSize of job (KB)
...
006 (15951004.703.000) 2026-02-11 04:23:33 Image size of job updated: 804588
	582  -  MemoryUsage of job (MB)
	595628  -  ResidentSetSize of job (KB)
...
006 (15951004.703.000) 2026-02-11 06:13:43 Image size of job updated: 804588
	583  -  MemoryUsage of job (MB)
	595972  -  ResidentSetSize of job (KB)
...
004 (15951004.703.000) 2026-02-11 11:11:57 Job was evicted.
	(0) CPU times
		Usr 0 15:49:30, Sys 0 00:00:08  -  Run Remote Usage
		Usr 0 00:00:00, Sys 0 00:00:00  -  Run Local Usage
	0  -  Run Bytes Sent By Job
	0  -  Run Bytes Received By Job
	Partitionable Resources :    Usage  Request Allocated 
	   Cpus                 :     1.00        1         1 
	   Disk (KB)            :     1     1024000   1025024 
	   GPUs                 :                           0 
	   Memory (MB)          :   583        5120      5120 
	   TimeExecute (s)      : 57271                       
	   TimeSlotBusy (s)     : 57271                       
...
009 (15951004.703.000) 2026-02-11 11:11:57 Job was aborted.
	via condor_rm (by user tuccia)
...
000 (15988842.703.000) 2026-02-11 11:12:47 Job submitted from host: <141.34.103.35:9618?addrs=141.34.103.35-9618+[2001-638-700-f067--1-23]-9618&alias=wgs39.zeuthen.desy.de&noUDP&sock=schedd_7302_24a3>
...
001 (15988842.703.000) 2026-02-11 12:56:48 Job executing on host: <141.34.15.52:9618?addrs=141.34.15.52-9618+[2001-638-700-f00f--1-34]-9618&alias=pizza23.zeuthen.desy.de&noUDP&sock=startd_8270_1c50>
	SlotName: slot1_23@pizza23.zeuthen.desy.de
	CondorScratchDir = "/batch/dir_1747887"
	Cpus = 1
	Disk = 1025696
	GPUs = 0
	Memory = 5120
...
006 (15988842.703.000) 2026-02-11 12:57:01 Image size of job updated: 103360
	101  -  MemoryUsage of job (MB)
	103360  -  ResidentSetSize of job (KB)
...
006 (15988842.703.000) 2026-02-11 13:02:01 Image size of job updated: 816832
	431  -  MemoryUsage of job (MB)
	440832  -  ResidentSetSize of job (KB)
...
006 (15988842.703.000) 2026-02-11 13:07:01 Image size of job updated: 816832
	562  -  MemoryUsage of job (MB)
	575292  -  ResidentSetSize of job (KB)
...
006 (15988842.703.000) 2026-02-11 13:12:02 Image size of job updated: 816832
	563  -  MemoryUsage of job (MB)
	575536  -  ResidentSetSize of job (KB)
...
006 (15988842.703.000) 2026-02-11 13:17:02 Image size of job updated: 816832
	563  -  MemoryUsage of job (MB)
	575812  -  ResidentSetSize of job (KB)
...
006 (15988842.703.000) 2026-02-11 13:22:02 Image size of job updated: 816832
	563  -  MemoryUsage of job (MB)
	576080  -  ResidentSetSize of job (KB)
...
006 (15988842.703.000) 2026-02-11 13:27:03 Image size of job updated: 816832
	563  -  MemoryUsage of job (MB)
	576312  -  ResidentSetSize of job (KB)
...
006 (15988842.703.000) 2026-02-11 13:32:04 Image size of job updated: 816832
	564  -  MemoryUsage of job (MB)
	576896  -  ResidentSetSize of job (KB)
...
006 (15988842.703.000) 2026-02-11 13:37:04 Image size of job updated: 816832
	564  -  MemoryUsage of job (MB)
	577132  -  ResidentSetSize of job (KB)
...
006 (15988842.703.000) 2026-02-11 13:42:05 Image size of job updated: 816832
	564  -  MemoryUsage of job (MB)
	577384  -  ResidentSetSize of job (KB)
...
006 (15988842.703.000) 2026-02-11 13:47:06 Image size of job updated: 816832
	565  -  MemoryUsage of job (MB)
	577596  -  ResidentSetSize of job (KB)
...
006 (15988842.703.000) 2026-02-11 13:52:06 Image size of job updated: 816832
	565  -  MemoryUsage of job (MB)
	577836  -  ResidentSetSize of job (KB)
...
006 (15988842.703.000) 2026-02-11 13:57:07 Image size of job updated: 816832
	565  -  MemoryUsage of job (MB)
	578072  -  ResidentSetSize of job (KB)
...
006 (15988842.703.000) 2026-02-11 14:02:08 Image size of job updated: 816832
	565  -  MemoryUsage of job (MB)
	578348  -  ResidentSetSize of job (KB)
...
006 (15988842.703.000) 2026-02-11 14:07:08 Image size of job updated: 816832
	566  -  MemoryUsage of job (MB)
	578584  -  ResidentSetSize of job (KB)
...
006 (15988842.703.000) 2026-02-11 14:12:09 Image size of job updated: 816832
	566  -  MemoryUsage of job (MB)
	578820  -  ResidentSetSize of job (KB)
...
006 (15988842.703.000) 2026-02-11 14:17:10 Image size of job updated: 816832
	586  -  MemoryUsage of job (MB)
	599680  -  ResidentSetSize of job (KB)
...
006 (15988842.703.000) 2026-02-11 15:32:17 Image size of job updated: 816832
	586  -  MemoryUsage of job (MB)
	599832  -  ResidentSetSize of job (KB)
...
006 (15988842.703.000) 2026-02-11 16:37:23 Image size of job updated: 816832
	587  -  MemoryUsage of job (MB)
	600172  -  ResidentSetSize of job (KB)
...
006 (15988842.703.000) 2026-02-11 16:57:24 Image size of job updated: 816832
	589  -  MemoryUsage of job (MB)
	602216  -  ResidentSetSize of job (KB)
...
006 (15988842.703.000) 2026-02-11 17:47:27 Image size of job updated: 816832
	589  -  MemoryUsage of job (MB)
	602560  -  ResidentSetSize of job (KB)
...
006 (15988842.703.000) 2026-02-11 23:58:08 Image size of job updated: 816832
	589  -  MemoryUsage of job (MB)
	602616  -  ResidentSetSize of job (KB)
...
006 (15988842.703.000) 2026-02-12 03:43:38 Image size of job updated: 816832
	589  -  MemoryUsage of job (MB)
	602644  -  ResidentSetSize of job (KB)
...
006 (15988842.703.000) 2026-02-12 04:58:48 Image size of job updated: 816832
	589  -  MemoryUsage of job (MB)
	602732  -  ResidentSetSize of job (KB)
...
006 (15988842.703.000) 2026-02-12 06:08:57 Image size of job updated: 816832
	589  -  MemoryUsage of job (MB)
	603088  -  ResidentSetSize of job (KB)
...
