000 (15756407.1041.000) 2026-02-06 11:26:13 Job submitted from host: <141.34.103.35:9618?addrs=141.34.103.35-9618+[2001-638-700-f067--1-23]-9618&alias=wgs39.zeuthen.desy.de&noUDP&sock=schedd_7414_f73f>
...
009 (15756407.1041.000) 2026-02-10 11:42:43 Job was aborted.
	via condor_rm (by user tuccia)
...
000 (15949294.694.000) 2026-02-10 11:45:21 Job submitted from host: <141.34.103.35:9618?addrs=141.34.103.35-9618+[2001-638-700-f067--1-23]-9618&alias=wgs39.zeuthen.desy.de&noUDP&sock=schedd_7302_24a3>
...
009 (15949294.694.000) 2026-02-10 11:45:47 Job was aborted.
	via condor_rm (by user tuccia)
...
000 (15949295.694.000) 2026-02-10 11:46:05 Job submitted from host: <141.34.103.35:9618?addrs=141.34.103.35-9618+[2001-638-700-f067--1-23]-9618&alias=wgs39.zeuthen.desy.de&noUDP&sock=schedd_7302_24a3>
...
000 (15950983.189.000) 2026-02-10 16:27:56 Job submitted from host: <141.34.103.35:9618?addrs=141.34.103.35-9618+[2001-638-700-f067--1-23]-9618&alias=wgs39.zeuthen.desy.de&noUDP&sock=schedd_7302_24a3>
...
001 (15950983.189.000) 2026-02-10 16:39:05 Job executing on host: <141.34.15.43:9618?addrs=141.34.15.43-9618+[2001-638-700-f00f--1-2b]-9618&alias=pizza14.zeuthen.desy.de&noUDP&sock=startd_8340_1ff1>
	SlotName: slot1_20@pizza14.zeuthen.desy.de
	CondorScratchDir = "/batch/dir_1847671"
	Cpus = 1
	Disk = 1025696
	GPUs = 0
	Memory = 5120
...
006 (15950983.189.000) 2026-02-10 16:39:19 Image size of job updated: 103444
	102  -  MemoryUsage of job (MB)
	103444  -  ResidentSetSize of job (KB)
...
006 (15950983.189.000) 2026-02-10 16:44:20 Image size of job updated: 926616
	401  -  MemoryUsage of job (MB)
	409668  -  ResidentSetSize of job (KB)
...
006 (15950983.189.000) 2026-02-10 17:14:24 Image size of job updated: 926616
	402  -  MemoryUsage of job (MB)
	410932  -  ResidentSetSize of job (KB)
...
006 (15950983.189.000) 2026-02-10 17:19:25 Image size of job updated: 926616
	403  -  MemoryUsage of job (MB)
	411672  -  ResidentSetSize of job (KB)
...
006 (15950983.189.000) 2026-02-10 17:24:25 Image size of job updated: 926616
	405  -  MemoryUsage of job (MB)
	414444  -  ResidentSetSize of job (KB)
...
006 (15950983.189.000) 2026-02-10 17:29:26 Image size of job updated: 926616
	405  -  MemoryUsage of job (MB)
	414504  -  ResidentSetSize of job (KB)
...
006 (15950983.189.000) 2026-02-10 17:34:27 Image size of job updated: 926616
	406  -  MemoryUsage of job (MB)
	415056  -  ResidentSetSize of job (KB)
...
006 (15950983.189.000) 2026-02-10 17:44:27 Image size of job updated: 926616
	407  -  MemoryUsage of job (MB)
	416076  -  ResidentSetSize of job (KB)
...
006 (15950983.189.000) 2026-02-10 17:54:28 Image size of job updated: 926616
	408  -  MemoryUsage of job (MB)
	417008  -  ResidentSetSize of job (KB)
...
006 (15950983.189.000) 2026-02-10 17:59:28 Image size of job updated: 926616
	408  -  MemoryUsage of job (MB)
	417144  -  ResidentSetSize of job (KB)
...
006 (15950983.189.000) 2026-02-10 18:09:29 Image size of job updated: 926616
	409  -  MemoryUsage of job (MB)
	418180  -  ResidentSetSize of job (KB)
...
006 (15950983.189.000) 2026-02-10 18:14:29 Image size of job updated: 926616
	414  -  MemoryUsage of job (MB)
	423520  -  ResidentSetSize of job (KB)
...
006 (15950983.189.000) 2026-02-10 18:19:30 Image size of job updated: 926616
	416  -  MemoryUsage of job (MB)
	425192  -  ResidentSetSize of job (KB)
...
006 (15950983.189.000) 2026-02-10 18:24:30 Image size of job updated: 926616
	416  -  MemoryUsage of job (MB)
	425436  -  ResidentSetSize of job (KB)
...
006 (15950983.189.000) 2026-02-10 18:39:31 Image size of job updated: 926616
	418  -  MemoryUsage of job (MB)
	427292  -  ResidentSetSize of job (KB)
...
006 (15950983.189.000) 2026-02-10 18:44:31 Image size of job updated: 926616
	418  -  MemoryUsage of job (MB)
	427584  -  ResidentSetSize of job (KB)
...
006 (15950983.189.000) 2026-02-10 19:24:37 Image size of job updated: 926616
	418  -  MemoryUsage of job (MB)
	427872  -  ResidentSetSize of job (KB)
...
006 (15950983.189.000) 2026-02-10 19:44:39 Image size of job updated: 926616
	425  -  MemoryUsage of job (MB)
	435168  -  ResidentSetSize of job (KB)
...
006 (15950983.189.000) 2026-02-11 01:25:08 Image size of job updated: 926616
	458  -  MemoryUsage of job (MB)
	467996  -  ResidentSetSize of job (KB)
...
006 (15950983.189.000) 2026-02-11 01:35:09 Image size of job updated: 926616
	458  -  MemoryUsage of job (MB)
	468100  -  ResidentSetSize of job (KB)
...
006 (15950983.189.000) 2026-02-11 01:40:09 Image size of job updated: 926616
	458  -  MemoryUsage of job (MB)
	468144  -  ResidentSetSize of job (KB)
...
006 (15950983.189.000) 2026-02-11 01:45:10 Image size of job updated: 926616
	458  -  MemoryUsage of job (MB)
	468360  -  ResidentSetSize of job (KB)
...
006 (15950983.189.000) 2026-02-11 01:50:10 Image size of job updated: 926616
	459  -  MemoryUsage of job (MB)
	469388  -  ResidentSetSize of job (KB)
...
006 (15950983.189.000) 2026-02-11 01:55:10 Image size of job updated: 926616
	459  -  MemoryUsage of job (MB)
	469544  -  ResidentSetSize of job (KB)
...
006 (15950983.189.000) 2026-02-11 02:10:11 Image size of job updated: 926616
	459  -  MemoryUsage of job (MB)
	469636  -  ResidentSetSize of job (KB)
...
006 (15950983.189.000) 2026-02-11 03:10:17 Image size of job updated: 926616
	459  -  MemoryUsage of job (MB)
	469640  -  ResidentSetSize of job (KB)
...
006 (15950983.189.000) 2026-02-11 06:10:36 Image size of job updated: 926616
	459  -  MemoryUsage of job (MB)
	469704  -  ResidentSetSize of job (KB)
...
006 (15950983.189.000) 2026-02-11 09:55:54 Image size of job updated: 926616
	459  -  MemoryUsage of job (MB)
	469736  -  ResidentSetSize of job (KB)
...
006 (15950983.189.000) 2026-02-11 10:35:57 Image size of job updated: 926616
	459  -  MemoryUsage of job (MB)
	469892  -  ResidentSetSize of job (KB)
...
006 (15950983.189.000) 2026-02-11 11:26:02 Image size of job updated: 926616
	459  -  MemoryUsage of job (MB)
	469928  -  ResidentSetSize of job (KB)
...
006 (15950983.189.000) 2026-02-11 11:31:03 Image size of job updated: 926616
	460  -  MemoryUsage of job (MB)
	470392  -  ResidentSetSize of job (KB)
...
006 (15950983.189.000) 2026-02-11 14:16:22 Image size of job updated: 926616
	460  -  MemoryUsage of job (MB)
	470548  -  ResidentSetSize of job (KB)
...
006 (15950983.189.000) 2026-02-11 14:41:25 Image size of job updated: 926616
	460  -  MemoryUsage of job (MB)
	470704  -  ResidentSetSize of job (KB)
...
006 (15950983.189.000) 2026-02-11 14:56:27 Image size of job updated: 926616
	460  -  MemoryUsage of job (MB)
	470860  -  ResidentSetSize of job (KB)
...
006 (15950983.189.000) 2026-02-11 15:11:28 Image size of job updated: 926616
	461  -  MemoryUsage of job (MB)
	471328  -  ResidentSetSize of job (KB)
...
021 (15950983.189.000) 2026-02-12 16:39:08 Error from starter on slot1_20@pizza14.zeuthen.desy.de:
	runtime exceeded maximum (target.Runtime seconds)
	Code 21 Subcode 103
...
004 (15950983.189.000) 2026-02-12 16:39:08 Job was evicted.
	(0) CPU times
		Usr 1 23:24:01, Sys 0 00:05:07  -  Run Remote Usage
		Usr 0 00:00:00, Sys 0 00:00:00  -  Run Local Usage
	0  -  Run Bytes Sent By Job
	0  -  Run Bytes Received By Job
	Error from slot1_20@pizza14.zeuthen.desy.de: runtime exceeded maximum (target.Runtime seconds)
	Partitionable Resources :     Usage  Request Allocated 
	   Cpus                 :      0.99        1         1 
	   Disk (KB)            :      1     1024000   1025696 
	   GPUs                 :                            0 
	   Memory (MB)          :    461        5120      5120 
	   TimeSlotBusy (s)     : 172803                       
...
012 (15950983.189.000) 2026-02-12 16:39:08 Job was held.
	Error from slot1_20@pizza14.zeuthen.desy.de: runtime exceeded maximum (target.Runtime seconds)
	Code 21 Subcode 103
...
001 (15949295.694.000) 2026-02-13 16:28:40 Job executing on host: <141.34.103.53:9618?addrs=141.34.103.53-9618+[2001-638-700-f067--1-35]-9618&alias=wgs43.zeuthen.desy.de&noUDP&sock=startd_8324_266d>
	SlotName: slot1_7@wgs43.zeuthen.desy.de
	CondorScratchDir = "/batch/dir_770652"
	Cpus = 8
	Disk = 1025025
	GPUs = 0
	Memory = 16384
...
006 (15949295.694.000) 2026-02-13 16:28:54 Image size of job updated: 103444
	102  -  MemoryUsage of job (MB)
	103444  -  ResidentSetSize of job (KB)
...
006 (15949295.694.000) 2026-02-13 16:33:55 Image size of job updated: 715184
	398  -  MemoryUsage of job (MB)
	407244  -  ResidentSetSize of job (KB)
...
006 (15949295.694.000) 2026-02-13 16:38:55 Image size of job updated: 715184
	413  -  MemoryUsage of job (MB)
	421904  -  ResidentSetSize of job (KB)
...
006 (15949295.694.000) 2026-02-13 16:43:55 Image size of job updated: 715184
	493  -  MemoryUsage of job (MB)
	504348  -  ResidentSetSize of job (KB)
...
006 (15949295.694.000) 2026-02-13 16:48:56 Image size of job updated: 715184
	518  -  MemoryUsage of job (MB)
	530108  -  ResidentSetSize of job (KB)
...
006 (15949295.694.000) 2026-02-13 16:53:56 Image size of job updated: 715184
	536  -  MemoryUsage of job (MB)
	548660  -  ResidentSetSize of job (KB)
...
006 (15949295.694.000) 2026-02-13 17:13:58 Image size of job updated: 715184
	573  -  MemoryUsage of job (MB)
	586288  -  ResidentSetSize of job (KB)
...
006 (15949295.694.000) 2026-02-13 17:23:59 Image size of job updated: 715184
	573  -  MemoryUsage of job (MB)
	586404  -  ResidentSetSize of job (KB)
...
006 (15949295.694.000) 2026-02-13 17:34:01 Image size of job updated: 715184
	595  -  MemoryUsage of job (MB)
	608276  -  ResidentSetSize of job (KB)
...
006 (15949295.694.000) 2026-02-13 17:39:01 Image size of job updated: 715184
	595  -  MemoryUsage of job (MB)
	608376  -  ResidentSetSize of job (KB)
...
006 (15949295.694.000) 2026-02-13 18:09:05 Image size of job updated: 715184
	598  -  MemoryUsage of job (MB)
	611720  -  ResidentSetSize of job (KB)
...
006 (15949295.694.000) 2026-02-13 21:04:24 Image size of job updated: 717360
	701  -  MemoryUsage of job (MB)
	717360  -  ResidentSetSize of job (KB)
...
006 (15949295.694.000) 2026-02-13 21:09:24 Image size of job updated: 720120
	704  -  MemoryUsage of job (MB)
	720120  -  ResidentSetSize of job (KB)
...
006 (15949295.694.000) 2026-02-13 21:14:24 Image size of job updated: 720196
	704  -  MemoryUsage of job (MB)
	720196  -  ResidentSetSize of job (KB)
...
006 (15949295.694.000) 2026-02-13 21:19:25 Image size of job updated: 721088
	705  -  MemoryUsage of job (MB)
	721088  -  ResidentSetSize of job (KB)
...
006 (15949295.694.000) 2026-02-13 21:24:25 Image size of job updated: 721404
	705  -  MemoryUsage of job (MB)
	721404  -  ResidentSetSize of job (KB)
...
006 (15949295.694.000) 2026-02-13 21:34:26 Image size of job updated: 722556
	706  -  MemoryUsage of job (MB)
	722556  -  ResidentSetSize of job (KB)
...
006 (15949295.694.000) 2026-02-13 21:44:26 Image size of job updated: 722628
	706  -  MemoryUsage of job (MB)
	722628  -  ResidentSetSize of job (KB)
...
006 (15949295.694.000) 2026-02-13 21:59:27 Image size of job updated: 722640
	706  -  MemoryUsage of job (MB)
	722640  -  ResidentSetSize of job (KB)
...
006 (15949295.694.000) 2026-02-13 22:34:30 Image size of job updated: 723464
	707  -  MemoryUsage of job (MB)
	723464  -  ResidentSetSize of job (KB)
...
006 (15949295.694.000) 2026-02-13 22:39:30 Image size of job updated: 723468
	707  -  MemoryUsage of job (MB)
	723468  -  ResidentSetSize of job (KB)
...
006 (15949295.694.000) 2026-02-14 01:19:50 Image size of job updated: 723684
	707  -  MemoryUsage of job (MB)
	723684  -  ResidentSetSize of job (KB)
...
006 (15949295.694.000) 2026-02-14 01:34:51 Image size of job updated: 725360
	707  -  MemoryUsage of job (MB)
	723684  -  ResidentSetSize of job (KB)
...
006 (15949295.694.000) 2026-02-14 01:44:52 Image size of job updated: 726296
	707  -  MemoryUsage of job (MB)
	723684  -  ResidentSetSize of job (KB)
...
006 (15949295.694.000) 2026-02-14 01:54:52 Image size of job updated: 726296
	710  -  MemoryUsage of job (MB)
	726296  -  ResidentSetSize of job (KB)
...
006 (15949295.694.000) 2026-02-14 04:30:10 Image size of job updated: 726992
	710  -  MemoryUsage of job (MB)
	726296  -  ResidentSetSize of job (KB)
...
006 (15949295.694.000) 2026-02-14 05:10:13 Image size of job updated: 726992
	710  -  MemoryUsage of job (MB)
	726992  -  ResidentSetSize of job (KB)
...
006 (15949295.694.000) 2026-02-14 07:50:31 Image size of job updated: 727048
	710  -  MemoryUsage of job (MB)
	726992  -  ResidentSetSize of job (KB)
...
006 (15949295.694.000) 2026-02-14 08:00:32 Image size of job updated: 727136
	710  -  MemoryUsage of job (MB)
	726992  -  ResidentSetSize of job (KB)
...
006 (15949295.694.000) 2026-02-14 17:26:29 Image size of job updated: 727632
	710  -  MemoryUsage of job (MB)
	726992  -  ResidentSetSize of job (KB)
...
006 (15949295.694.000) 2026-02-14 18:06:34 Image size of job updated: 727632
	711  -  MemoryUsage of job (MB)
	727628  -  ResidentSetSize of job (KB)
...
005 (15949295.694.000) 2026-02-15 12:01:02 Job terminated.
	(1) Normal termination (return value 0)
		Usr 4 03:31:11, Sys 0 04:08:44  -  Run Remote Usage
		Usr 0 00:00:00, Sys 0 00:00:00  -  Run Local Usage
		Usr 4 03:31:11, Sys 0 04:08:44  -  Total Remote Usage
		Usr 0 00:00:00, Sys 0 00:00:00  -  Total Local Usage
	0  -  Run Bytes Sent By Job
	0  -  Run Bytes Received By Job
	0  -  Total Bytes Sent By Job
	0  -  Total Bytes Received By Job
	Partitionable Resources :     Usage  Request Allocated 
	   Cpus                 :      4.01        8         8 
	   Disk (KB)            :      1     1024000   1025025 
	   GPUs                 :                            0 
	   Memory (MB)          :    711       16384     16384 
	   TimeExecute (s)      : 156742                       
	   TimeSlotBusy (s)     : 156742                       

	Job terminated of its own accord at 2026-02-15T11:01:02Z with exit-code 0.
...
009 (15950983.189.000) 2026-02-16 17:16:52 Job was aborted.
	via condor_rm (by user tuccia)
...
000 (16309093.047.000) 2026-02-18 10:41:47 Job submitted from host: <141.34.103.35:9618?addrs=141.34.103.35-9618+[2001-638-700-f067--1-23]-9618&alias=wgs39.zeuthen.desy.de&noUDP&sock=schedd_7302_24a3>
...
001 (16309093.047.000) 2026-02-18 10:42:03 Job executing on host: <141.34.15.199:9618?addrs=141.34.15.199-9618+[2001-638-700-f00f--1-c7]-9618&alias=pizza01.zeuthen.desy.de&noUDP&sock=startd_9160_939a>
	SlotName: slot1_5@pizza01.zeuthen.desy.de
	CondorScratchDir = "/batch/dir_1796922"
	Cpus = 1
	Disk = 1025696
	GPUs = 0
	Memory = 5120
...
006 (16309093.047.000) 2026-02-18 10:42:17 Image size of job updated: 103440
	102  -  MemoryUsage of job (MB)
	103440  -  ResidentSetSize of job (KB)
...
006 (16309093.047.000) 2026-02-18 10:47:18 Image size of job updated: 715260
	374  -  MemoryUsage of job (MB)
	382648  -  ResidentSetSize of job (KB)
...
006 (16309093.047.000) 2026-02-18 10:57:18 Image size of job updated: 715260
	377  -  MemoryUsage of job (MB)
	385376  -  ResidentSetSize of job (KB)
...
006 (16309093.047.000) 2026-02-18 11:12:19 Image size of job updated: 715260
	381  -  MemoryUsage of job (MB)
	389600  -  ResidentSetSize of job (KB)
...
006 (16309093.047.000) 2026-02-18 11:17:20 Image size of job updated: 715260
	393  -  MemoryUsage of job (MB)
	401464  -  ResidentSetSize of job (KB)
...
006 (16309093.047.000) 2026-02-18 11:22:20 Image size of job updated: 715260
	393  -  MemoryUsage of job (MB)
	401544  -  ResidentSetSize of job (KB)
...
006 (16309093.047.000) 2026-02-18 12:37:28 Image size of job updated: 715260
	394  -  MemoryUsage of job (MB)
	402620  -  ResidentSetSize of job (KB)
...
006 (16309093.047.000) 2026-02-18 12:42:28 Image size of job updated: 715260
	400  -  MemoryUsage of job (MB)
	409380  -  ResidentSetSize of job (KB)
...
006 (16309093.047.000) 2026-02-18 12:47:29 Image size of job updated: 715260
	401  -  MemoryUsage of job (MB)
	409964  -  ResidentSetSize of job (KB)
...
006 (16309093.047.000) 2026-02-18 15:17:42 Image size of job updated: 715260
	402  -  MemoryUsage of job (MB)
	411516  -  ResidentSetSize of job (KB)
...
006 (16309093.047.000) 2026-02-18 15:22:43 Image size of job updated: 715260
	402  -  MemoryUsage of job (MB)
	411596  -  ResidentSetSize of job (KB)
...
006 (16309093.047.000) 2026-02-18 16:17:46 Image size of job updated: 715260
	403  -  MemoryUsage of job (MB)
	411824  -  ResidentSetSize of job (KB)
...
006 (16309093.047.000) 2026-02-18 16:27:48 Image size of job updated: 715260
	403  -  MemoryUsage of job (MB)
	411996  -  ResidentSetSize of job (KB)
...
006 (16309093.047.000) 2026-02-18 16:37:49 Image size of job updated: 715260
	403  -  MemoryUsage of job (MB)
	412124  -  ResidentSetSize of job (KB)
...
006 (16309093.047.000) 2026-02-18 17:22:53 Image size of job updated: 715260
	403  -  MemoryUsage of job (MB)
	412248  -  ResidentSetSize of job (KB)
...
006 (16309093.047.000) 2026-02-18 17:27:54 Image size of job updated: 715260
	404  -  MemoryUsage of job (MB)
	412968  -  ResidentSetSize of job (KB)
...
006 (16309093.047.000) 2026-02-18 17:32:54 Image size of job updated: 715260
	404  -  MemoryUsage of job (MB)
	413008  -  ResidentSetSize of job (KB)
...
006 (16309093.047.000) 2026-02-18 17:42:55 Image size of job updated: 715260
	404  -  MemoryUsage of job (MB)
	413016  -  ResidentSetSize of job (KB)
...
006 (16309093.047.000) 2026-02-18 17:47:55 Image size of job updated: 715260
	404  -  MemoryUsage of job (MB)
	413456  -  ResidentSetSize of job (KB)
...
006 (16309093.047.000) 2026-02-18 17:52:55 Image size of job updated: 715260
	404  -  MemoryUsage of job (MB)
	413624  -  ResidentSetSize of job (KB)
...
006 (16309093.047.000) 2026-02-18 17:57:56 Image size of job updated: 715260
	405  -  MemoryUsage of job (MB)
	413828  -  ResidentSetSize of job (KB)
...
006 (16309093.047.000) 2026-02-18 18:07:56 Image size of job updated: 715260
	405  -  MemoryUsage of job (MB)
	413868  -  ResidentSetSize of job (KB)
...
006 (16309093.047.000) 2026-02-18 18:12:57 Image size of job updated: 715260
	405  -  MemoryUsage of job (MB)
	414468  -  ResidentSetSize of job (KB)
...
006 (16309093.047.000) 2026-02-18 18:17:57 Image size of job updated: 715260
	405  -  MemoryUsage of job (MB)
	414596  -  ResidentSetSize of job (KB)
...
006 (16309093.047.000) 2026-02-18 18:22:57 Image size of job updated: 715260
	407  -  MemoryUsage of job (MB)
	416432  -  ResidentSetSize of job (KB)
...
006 (16309093.047.000) 2026-02-18 18:27:59 Image size of job updated: 715260
	408  -  MemoryUsage of job (MB)
	416936  -  ResidentSetSize of job (KB)
...
006 (16309093.047.000) 2026-02-18 18:32:59 Image size of job updated: 715260
	408  -  MemoryUsage of job (MB)
	417148  -  ResidentSetSize of job (KB)
...
006 (16309093.047.000) 2026-02-18 18:43:00 Image size of job updated: 715260
	409  -  MemoryUsage of job (MB)
	418092  -  ResidentSetSize of job (KB)
...
006 (16309093.047.000) 2026-02-18 19:33:07 Image size of job updated: 715260
	409  -  MemoryUsage of job (MB)
	418328  -  ResidentSetSize of job (KB)
...
006 (16309093.047.000) 2026-02-18 19:38:07 Image size of job updated: 715260
	409  -  MemoryUsage of job (MB)
	418472  -  ResidentSetSize of job (KB)
...
006 (16309093.047.000) 2026-02-18 20:48:14 Image size of job updated: 715260
	412  -  MemoryUsage of job (MB)
	421388  -  ResidentSetSize of job (KB)
...
006 (16309093.047.000) 2026-02-18 23:48:32 Image size of job updated: 715260
	419  -  MemoryUsage of job (MB)
	428136  -  ResidentSetSize of job (KB)
...
006 (16309093.047.000) 2026-02-18 23:53:33 Image size of job updated: 715260
	424  -  MemoryUsage of job (MB)
	433752  -  ResidentSetSize of job (KB)
...
006 (16309093.047.000) 2026-02-18 23:58:33 Image size of job updated: 715260
	435  -  MemoryUsage of job (MB)
	444544  -  ResidentSetSize of job (KB)
...
006 (16309093.047.000) 2026-02-19 00:23:35 Image size of job updated: 715260
	435  -  MemoryUsage of job (MB)
	444704  -  ResidentSetSize of job (KB)
...
006 (16309093.047.000) 2026-02-19 00:28:35 Image size of job updated: 715260
	435  -  MemoryUsage of job (MB)
	444860  -  ResidentSetSize of job (KB)
...
006 (16309093.047.000) 2026-02-19 00:43:36 Image size of job updated: 715260
	435  -  MemoryUsage of job (MB)
	445016  -  ResidentSetSize of job (KB)
...
006 (16309093.047.000) 2026-02-19 00:58:37 Image size of job updated: 715260
	436  -  MemoryUsage of job (MB)
	445484  -  ResidentSetSize of job (KB)
...
006 (16309093.047.000) 2026-02-19 03:53:57 Image size of job updated: 715260
	436  -  MemoryUsage of job (MB)
	445952  -  ResidentSetSize of job (KB)
...
006 (16309093.047.000) 2026-02-19 05:59:13 Image size of job updated: 715260
	436  -  MemoryUsage of job (MB)
	446416  -  ResidentSetSize of job (KB)
...
006 (16309093.047.000) 2026-02-19 09:04:32 Image size of job updated: 715260
	437  -  MemoryUsage of job (MB)
	446728  -  ResidentSetSize of job (KB)
...
022 (16309093.047.000) 2026-02-20 03:44:36 Job disconnected, attempting to reconnect
    Local schedd and job shadow died, schedd now running again
    Trying to reconnect to slot1_5@pizza01.zeuthen.desy.de <141.34.15.199:9618?addrs=141.34.15.199-9618+[2001-638-700-f00f--1-c7]-9618&alias=pizza01.zeuthen.desy.de&noUDP&sock=startd_9160_939a>
...
023 (16309093.047.000) 2026-02-20 03:44:43 Job reconnected to slot1_5@pizza01.zeuthen.desy.de
    startd address: <141.34.15.199:9618?addrs=141.34.15.199-9618+[2001-638-700-f00f--1-c7]-9618&alias=pizza01.zeuthen.desy.de&noUDP&sock=startd_9160_939a>
    starter address: <141.34.15.199:9618?addrs=141.34.15.199-9618+[2001-638-700-f00f--1-c7]-9618&alias=pizza01.zeuthen.desy.de&noUDP&sock=slot1_5_9637_e361_30482>
...
021 (16309093.047.000) 2026-02-20 10:42:08 Error from starter on slot1_5@pizza01.zeuthen.desy.de:
	runtime exceeded maximum (target.Runtime seconds)
	Code 21 Subcode 103
...
004 (16309093.047.000) 2026-02-20 10:42:08 Job was evicted.
	(0) CPU times
		Usr 1 18:55:06, Sys 0 04:37:13  -  Run Remote Usage
		Usr 0 00:00:00, Sys 0 00:00:00  -  Run Local Usage
	0  -  Run Bytes Sent By Job
	0  -  Run Bytes Received By Job
	Error from slot1_5@pizza01.zeuthen.desy.de: runtime exceeded maximum (target.Runtime seconds)
	Partitionable Resources :         Usage  Request Allocated 
	   Cpus                 :          0.99        1         1 
	   Disk (KB)            :          1     1024000   1025696 
	   Memory (MB)          :        440        5120      5120 
	   TimeSlotBusy (s)     : 1771580528                       
...
012 (16309093.047.000) 2026-02-20 10:42:08 Job was held.
	Error from slot1_5@pizza01.zeuthen.desy.de: runtime exceeded maximum (target.Runtime seconds)
	Code 21 Subcode 103
...
009 (16309093.047.000) 2026-02-23 19:28:59 Job was aborted.
	via condor_rm (by user tuccia)
...
000 (16619873.047.000) 2026-02-23 19:31:48 Job submitted from host: <141.34.103.35:9618?addrs=141.34.103.35-9618+[2001-638-700-f067--1-23]-9618&alias=wgs39.zeuthen.desy.de&noUDP&sock=schedd_7302_24a3>
...
001 (16619873.047.000) 2026-02-23 19:31:50 Job executing on host: <141.34.15.84:9618?addrs=141.34.15.84-9618+[2001-638-700-f00f--1-54]-9618&alias=genoa08.zeuthen.desy.de&noUDP&sock=startd_10285_3ba6>
	SlotName: slot1_73@genoa08.zeuthen.desy.de
	CondorScratchDir = "/batch/dir_440289"
	Cpus = 1
	Disk = 1025681
	GPUs = 0
	Memory = 5120
...
006 (16619873.047.000) 2026-02-23 19:32:04 Image size of job updated: 101468
	100  -  MemoryUsage of job (MB)
	101468  -  ResidentSetSize of job (KB)
...
006 (16619873.047.000) 2026-02-23 19:37:05 Image size of job updated: 801208
	399  -  MemoryUsage of job (MB)
	408032  -  ResidentSetSize of job (KB)
...
006 (16619873.047.000) 2026-02-23 19:47:06 Image size of job updated: 801208
	408  -  MemoryUsage of job (MB)
	417196  -  ResidentSetSize of job (KB)
...
006 (16619873.047.000) 2026-02-23 19:52:07 Image size of job updated: 801208
	411  -  MemoryUsage of job (MB)
	419860  -  ResidentSetSize of job (KB)
...
006 (16619873.047.000) 2026-02-23 19:57:08 Image size of job updated: 801208
	413  -  MemoryUsage of job (MB)
	422540  -  ResidentSetSize of job (KB)
...
006 (16619873.047.000) 2026-02-23 20:07:09 Image size of job updated: 801208
	417  -  MemoryUsage of job (MB)
	426448  -  ResidentSetSize of job (KB)
...
006 (16619873.047.000) 2026-02-23 20:17:10 Image size of job updated: 801208
	418  -  MemoryUsage of job (MB)
	427052  -  ResidentSetSize of job (KB)
...
006 (16619873.047.000) 2026-02-23 20:22:11 Image size of job updated: 801208
	419  -  MemoryUsage of job (MB)
	428928  -  ResidentSetSize of job (KB)
...
006 (16619873.047.000) 2026-02-23 20:27:12 Image size of job updated: 801208
	419  -  MemoryUsage of job (MB)
	429012  -  ResidentSetSize of job (KB)
...
006 (16619873.047.000) 2026-02-23 20:32:12 Image size of job updated: 801208
	420  -  MemoryUsage of job (MB)
	429232  -  ResidentSetSize of job (KB)
...
006 (16619873.047.000) 2026-02-23 20:37:13 Image size of job updated: 801208
	420  -  MemoryUsage of job (MB)
	429296  -  ResidentSetSize of job (KB)
...
006 (16619873.047.000) 2026-02-23 20:42:14 Image size of job updated: 801208
	421  -  MemoryUsage of job (MB)
	430740  -  ResidentSetSize of job (KB)
...
006 (16619873.047.000) 2026-02-23 20:47:14 Image size of job updated: 801208
	422  -  MemoryUsage of job (MB)
	431948  -  ResidentSetSize of job (KB)
...
006 (16619873.047.000) 2026-02-23 21:07:17 Image size of job updated: 801208
	423  -  MemoryUsage of job (MB)
	432188  -  ResidentSetSize of job (KB)
...
006 (16619873.047.000) 2026-02-23 21:17:18 Image size of job updated: 801208
	423  -  MemoryUsage of job (MB)
	432860  -  ResidentSetSize of job (KB)
...
006 (16619873.047.000) 2026-02-23 21:22:19 Image size of job updated: 801208
	427  -  MemoryUsage of job (MB)
	436688  -  ResidentSetSize of job (KB)
...
006 (16619873.047.000) 2026-02-23 21:27:20 Image size of job updated: 801208
	428  -  MemoryUsage of job (MB)
	437436  -  ResidentSetSize of job (KB)
...
006 (16619873.047.000) 2026-02-23 21:32:20 Image size of job updated: 801208
	437  -  MemoryUsage of job (MB)
	446856  -  ResidentSetSize of job (KB)
...
006 (16619873.047.000) 2026-02-23 21:37:21 Image size of job updated: 801208
	437  -  MemoryUsage of job (MB)
	446984  -  ResidentSetSize of job (KB)
...
006 (16619873.047.000) 2026-02-23 22:32:28 Image size of job updated: 801208
	439  -  MemoryUsage of job (MB)
	449428  -  ResidentSetSize of job (KB)
...
006 (16619873.047.000) 2026-02-23 22:37:29 Image size of job updated: 801208
	439  -  MemoryUsage of job (MB)
	449500  -  ResidentSetSize of job (KB)
...
006 (16619873.047.000) 2026-02-24 01:57:51 Image size of job updated: 801208
	440  -  MemoryUsage of job (MB)
	449648  -  ResidentSetSize of job (KB)
...
006 (16619873.047.000) 2026-02-24 02:32:55 Image size of job updated: 801208
	440  -  MemoryUsage of job (MB)
	450248  -  ResidentSetSize of job (KB)
...
006 (16619873.047.000) 2026-02-24 02:37:55 Image size of job updated: 801208
	440  -  MemoryUsage of job (MB)
	450552  -  ResidentSetSize of job (KB)
...
006 (16619873.047.000) 2026-02-24 02:42:56 Image size of job updated: 801208
	441  -  MemoryUsage of job (MB)
	450600  -  ResidentSetSize of job (KB)
...
006 (16619873.047.000) 2026-02-24 03:43:01 Image size of job updated: 801208
	441  -  MemoryUsage of job (MB)
	450608  -  ResidentSetSize of job (KB)
...
006 (16619873.047.000) 2026-02-24 04:23:04 Image size of job updated: 801208
	441  -  MemoryUsage of job (MB)
	450796  -  ResidentSetSize of job (KB)
...
006 (16619873.047.000) 2026-02-24 06:23:19 Image size of job updated: 801208
	442  -  MemoryUsage of job (MB)
	451996  -  ResidentSetSize of job (KB)
...
022 (16619873.047.000) 2026-02-24 08:04:13 Job disconnected, attempting to reconnect
    Local schedd and job shadow died, schedd now running again
    Trying to reconnect to slot1_73@genoa08.zeuthen.desy.de <141.34.15.84:9618?addrs=141.34.15.84-9618+[2001-638-700-f00f--1-54]-9618&alias=genoa08.zeuthen.desy.de&noUDP&sock=startd_10285_3ba6>
...
023 (16619873.047.000) 2026-02-24 08:04:22 Job reconnected to slot1_73@genoa08.zeuthen.desy.de
    startd address: <141.34.15.84:9618?addrs=141.34.15.84-9618+[2001-638-700-f00f--1-54]-9618&alias=genoa08.zeuthen.desy.de&noUDP&sock=startd_10285_3ba6>
    starter address: <141.34.15.84:9618?addrs=141.34.15.84-9618+[2001-638-700-f00f--1-54]-9618&alias=genoa08.zeuthen.desy.de&noUDP&sock=slot1_73_10860_9a33_2123>
...
005 (16619873.047.000) 2026-02-28 02:20:32 Job terminated.
	(1) Normal termination (return value 0)
		Usr 4 05:32:38, Sys 0 00:07:34  -  Run Remote Usage
		Usr 0 00:00:00, Sys 0 00:00:00  -  Run Local Usage
		Usr 4 17:36:50, Sys 0 00:07:37  -  Total Remote Usage
		Usr 0 00:00:00, Sys 0 00:00:00  -  Total Local Usage
	0  -  Run Bytes Sent By Job
	0  -  Run Bytes Received By Job
	0  -  Total Bytes Sent By Job
	0  -  Total Bytes Received By Job
	Partitionable Resources :         Usage  Request Allocated 
	   Cpus                 :          0.99        1         1 
	   Disk (KB)            :          1     1024000   1025681 
	   Memory (MB)          :        464        5120      5120 
	   TimeExecute (s)      : 1772241632                       
	   TimeSlotBusy (s)     : 1772241632                       

	Job terminated of its own accord at 2026-02-28T01:20:32Z with exit-code 0.
...
