000 (15756404.1107.000) 2026-02-06 11:24:37 Job submitted from host: <141.34.103.35:9618?addrs=141.34.103.35-9618+[2001-638-700-f067--1-23]-9618&alias=wgs39.zeuthen.desy.de&noUDP&sock=schedd_7414_f73f>
...
001 (15756404.1107.000) 2026-02-07 06:55:06 Job executing on host: <141.34.15.202:9618?addrs=141.34.15.202-9618+[2001-638-700-f00f--1-ca]-9618&alias=pizza04.zeuthen.desy.de&noUDP&sock=startd_9156_d539>
	SlotName: slot1_6@pizza04.zeuthen.desy.de
	CondorScratchDir = "/batch/dir_248466"
	Cpus = 8
	Disk = 1025696
	GPUs = 0
	Memory = 16384
...
006 (15756404.1107.000) 2026-02-07 06:55:13 Image size of job updated: 100
	0  -  MemoryUsage of job (MB)
	0  -  ResidentSetSize of job (KB)
...
005 (15756404.1107.000) 2026-02-07 06:55:13 Job terminated.
	(1) Normal termination (return value 1)
		Usr 0 00:00:02, Sys 0 00:00:00  -  Run Remote Usage
		Usr 0 00:00:00, Sys 0 00:00:00  -  Run Local Usage
		Usr 0 00:00:02, Sys 0 00:00:00  -  Total Remote Usage
		Usr 0 00:00:00, Sys 0 00:00:00  -  Total Local Usage
	0  -  Run Bytes Sent By Job
	0  -  Run Bytes Received By Job
	0  -  Total Bytes Sent By Job
	0  -  Total Bytes Received By Job
	Partitionable Resources :    Usage  Request Allocated 
	   Cpus                 :        0        8         8 
	   Disk (KB)            :        1  1024000   1025696 
	   GPUs                 :                           0 
	   Memory (MB)          :        0    16384     16384 
	   TimeExecute (s)      :        7                    
	   TimeSlotBusy (s)     :        7                    

	Job terminated of its own accord at 2026-02-07T05:55:13Z with exit-code 1.
...
000 (15950983.276.000) 2026-02-10 16:27:56 Job submitted from host: <141.34.103.35:9618?addrs=141.34.103.35-9618+[2001-638-700-f067--1-23]-9618&alias=wgs39.zeuthen.desy.de&noUDP&sock=schedd_7302_24a3>
...
001 (15950983.276.000) 2026-02-10 16:47:19 Job executing on host: <141.34.15.43:9618?addrs=141.34.15.43-9618+[2001-638-700-f00f--1-2b]-9618&alias=pizza14.zeuthen.desy.de&noUDP&sock=startd_8340_1ff1>
	SlotName: slot1_6@pizza14.zeuthen.desy.de
	CondorScratchDir = "/batch/dir_1853351"
	Cpus = 1
	Disk = 1025696
	GPUs = 0
	Memory = 5120
...
006 (15950983.276.000) 2026-02-10 16:47:33 Image size of job updated: 103492
	102  -  MemoryUsage of job (MB)
	103492  -  ResidentSetSize of job (KB)
...
006 (15950983.276.000) 2026-02-10 16:52:34 Image size of job updated: 935768
	567  -  MemoryUsage of job (MB)
	580600  -  ResidentSetSize of job (KB)
...
005 (15950983.276.000) 2026-02-10 19:32:18 Job terminated.
	(1) Normal termination (return value 0)
		Usr 0 02:43:02, Sys 0 00:00:02  -  Run Remote Usage
		Usr 0 00:00:00, Sys 0 00:00:00  -  Run Local Usage
		Usr 0 02:43:02, Sys 0 00:00:02  -  Total Remote Usage
		Usr 0 00:00:00, Sys 0 00:00:00  -  Total Local Usage
	0  -  Run Bytes Sent By Job
	0  -  Run Bytes Received By Job
	0  -  Total Bytes Sent By Job
	0  -  Total Bytes Received By Job
	Partitionable Resources :    Usage  Request Allocated 
	   Cpus                 :     0.99        1         1 
	   Disk (KB)            :     1     1024000   1025696 
	   GPUs                 :                           0 
	   Memory (MB)          :   567        5120      5120 
	   TimeExecute (s)      :  9899                       
	   TimeSlotBusy (s)     :  9899                       

	Job terminated of its own accord at 2026-02-10T18:32:18Z with exit-code 0.
...
