000 (15756404.1140.000) 2026-02-06 11:24:37 Job submitted from host: <141.34.103.35:9618?addrs=141.34.103.35-9618+[2001-638-700-f067--1-23]-9618&alias=wgs39.zeuthen.desy.de&noUDP&sock=schedd_7414_f73f>
...
001 (15756404.1140.000) 2026-02-07 06:57:13 Job executing on host: <141.34.14.34:9618?addrs=141.34.14.34-9618+[2001-638-700-f00e--1-22]-9618&alias=ampere03.zeuthen.desy.de&noUDP&sock=startd_7876_dc00>
	SlotName: slot1_4@ampere03.zeuthen.desy.de
	AvailableGPUs = {  }
	CondorScratchDir = "/batch/dir_3496654"
	Cpus = 8
	Disk = 1025682
	GPUs = 0
	Memory = 16384
...
006 (15756404.1140.000) 2026-02-07 06:57:20 Image size of job updated: 260
	0  -  MemoryUsage of job (MB)
	0  -  ResidentSetSize of job (KB)
...
005 (15756404.1140.000) 2026-02-07 06:57:20 Job terminated.
	(1) Normal termination (return value 1)
		Usr 0 00:00:02, Sys 0 00:00:00  -  Run Remote Usage
		Usr 0 00:00:00, Sys 0 00:00:00  -  Run Local Usage
		Usr 0 00:00:02, Sys 0 00:00:00  -  Total Remote Usage
		Usr 0 00:00:00, Sys 0 00:00:00  -  Total Local Usage
	0  -  Run Bytes Sent By Job
	0  -  Run Bytes Received By Job
	0  -  Total Bytes Sent By Job
	0  -  Total Bytes Received By Job
	Partitionable Resources :    Usage  Request Allocated 
	   Cpus                 :        0        8         8 
	   Disk (KB)            :        1  1024000   1025682 
	   GPUs                 :                           0 
	   Memory (MB)          :        0    16384     16384 
	   TimeExecute (s)      :        7                    
	   TimeSlotBusy (s)     :        7                    

	Job terminated of its own accord at 2026-02-07T05:57:20Z with exit-code 1.
...
000 (15950983.320.000) 2026-02-10 16:27:57 Job submitted from host: <141.34.103.35:9618?addrs=141.34.103.35-9618+[2001-638-700-f067--1-23]-9618&alias=wgs39.zeuthen.desy.de&noUDP&sock=schedd_7302_24a3>
...
001 (15950983.320.000) 2026-02-10 17:23:24 Job executing on host: <141.34.15.83:9618?addrs=141.34.15.83-9618+[2001-638-700-f00f--1-53]-9618&alias=genoa07.zeuthen.desy.de&noUDP&sock=startd_10269_4222>
	SlotName: slot1_43@genoa07.zeuthen.desy.de
	CondorScratchDir = "/batch/dir_409642"
	Cpus = 1
	Disk = 1025681
	GPUs = 0
	Memory = 5120
...
006 (15950983.320.000) 2026-02-10 17:23:38 Image size of job updated: 101400
	100  -  MemoryUsage of job (MB)
	101400  -  ResidentSetSize of job (KB)
...
006 (15950983.320.000) 2026-02-10 17:28:39 Image size of job updated: 777024
	373  -  MemoryUsage of job (MB)
	381812  -  ResidentSetSize of job (KB)
...
005 (15950983.320.000) 2026-02-10 18:51:39 Job terminated.
	(1) Normal termination (return value 0)
		Usr 0 01:27:28, Sys 0 00:00:01  -  Run Remote Usage
		Usr 0 00:00:00, Sys 0 00:00:00  -  Run Local Usage
		Usr 0 01:27:28, Sys 0 00:00:01  -  Total Remote Usage
		Usr 0 00:00:00, Sys 0 00:00:00  -  Total Local Usage
	0  -  Run Bytes Sent By Job
	0  -  Run Bytes Received By Job
	0  -  Total Bytes Sent By Job
	0  -  Total Bytes Received By Job
	Partitionable Resources :    Usage  Request Allocated 
	   Cpus                 :     0.99        1         1 
	   Disk (KB)            :     1     1024000   1025681 
	   GPUs                 :                           0 
	   Memory (MB)          :   373        5120      5120 
	   TimeExecute (s)      :  5295                       
	   TimeSlotBusy (s)     :  5295                       

	Job terminated of its own accord at 2026-02-10T17:51:39Z with exit-code 0.
...
