000 (15756408.1099.000) 2026-02-06 11:27:00 Job submitted from host: <141.34.103.35:9618?addrs=141.34.103.35-9618+[2001-638-700-f067--1-23]-9618&alias=wgs39.zeuthen.desy.de&noUDP&sock=schedd_7414_f73f>
...
009 (15756408.1099.000) 2026-02-10 11:47:43 Job was aborted.
	via condor_rm (by user tuccia)
...
000 (15951004.733.000) 2026-02-10 16:30:07 Job submitted from host: <141.34.103.35:9618?addrs=141.34.103.35-9618+[2001-638-700-f067--1-23]-9618&alias=wgs39.zeuthen.desy.de&noUDP&sock=schedd_7302_24a3>
...
001 (15951004.733.000) 2026-02-11 04:10:06 Job executing on host: <141.34.15.49:9618?addrs=141.34.15.49-9618+[2001-638-700-f00f--1-31]-9618&alias=pizza20.zeuthen.desy.de&noUDP&sock=startd_9146_f947>
	SlotName: slot1_41@pizza20.zeuthen.desy.de
	CondorScratchDir = "/batch/dir_2730080"
	Cpus = 1
	Disk = 1025696
	GPUs = 0
	Memory = 5120
...
006 (15951004.733.000) 2026-02-11 04:10:21 Image size of job updated: 103376
	101  -  MemoryUsage of job (MB)
	103376  -  ResidentSetSize of job (KB)
...
006 (15951004.733.000) 2026-02-11 04:15:21 Image size of job updated: 947668
	603  -  MemoryUsage of job (MB)
	616888  -  ResidentSetSize of job (KB)
...
006 (15951004.733.000) 2026-02-11 04:20:21 Image size of job updated: 947668
	728  -  MemoryUsage of job (MB)
	744776  -  ResidentSetSize of job (KB)
...
006 (15951004.733.000) 2026-02-11 04:25:22 Image size of job updated: 947668
	728  -  MemoryUsage of job (MB)
	745016  -  ResidentSetSize of job (KB)
...
006 (15951004.733.000) 2026-02-11 04:30:23 Image size of job updated: 947668
	728  -  MemoryUsage of job (MB)
	745252  -  ResidentSetSize of job (KB)
...
006 (15951004.733.000) 2026-02-11 04:35:23 Image size of job updated: 947668
	729  -  MemoryUsage of job (MB)
	745492  -  ResidentSetSize of job (KB)
...
006 (15951004.733.000) 2026-02-11 04:40:24 Image size of job updated: 947668
	729  -  MemoryUsage of job (MB)
	745736  -  ResidentSetSize of job (KB)
...
006 (15951004.733.000) 2026-02-11 04:45:25 Image size of job updated: 947668
	729  -  MemoryUsage of job (MB)
	746056  -  ResidentSetSize of job (KB)
...
006 (15951004.733.000) 2026-02-11 04:50:25 Image size of job updated: 947668
	729  -  MemoryUsage of job (MB)
	746468  -  ResidentSetSize of job (KB)
...
006 (15951004.733.000) 2026-02-11 04:55:26 Image size of job updated: 947668
	730  -  MemoryUsage of job (MB)
	746720  -  ResidentSetSize of job (KB)
...
006 (15951004.733.000) 2026-02-11 05:00:27 Image size of job updated: 947668
	730  -  MemoryUsage of job (MB)
	746972  -  ResidentSetSize of job (KB)
...
006 (15951004.733.000) 2026-02-11 05:05:27 Image size of job updated: 947668
	730  -  MemoryUsage of job (MB)
	747196  -  ResidentSetSize of job (KB)
...
006 (15951004.733.000) 2026-02-11 05:10:28 Image size of job updated: 947668
	730  -  MemoryUsage of job (MB)
	747432  -  ResidentSetSize of job (KB)
...
006 (15951004.733.000) 2026-02-11 05:15:29 Image size of job updated: 947668
	731  -  MemoryUsage of job (MB)
	747652  -  ResidentSetSize of job (KB)
...
006 (15951004.733.000) 2026-02-11 05:20:29 Image size of job updated: 947668
	731  -  MemoryUsage of job (MB)
	747860  -  ResidentSetSize of job (KB)
...
006 (15951004.733.000) 2026-02-11 05:25:30 Image size of job updated: 947668
	731  -  MemoryUsage of job (MB)
	748072  -  ResidentSetSize of job (KB)
...
006 (15951004.733.000) 2026-02-11 05:30:31 Image size of job updated: 947668
	731  -  MemoryUsage of job (MB)
	748300  -  ResidentSetSize of job (KB)
...
006 (15951004.733.000) 2026-02-11 05:35:31 Image size of job updated: 947668
	752  -  MemoryUsage of job (MB)
	769816  -  ResidentSetSize of job (KB)
...
006 (15951004.733.000) 2026-02-11 06:55:42 Image size of job updated: 947668
	755  -  MemoryUsage of job (MB)
	772484  -  ResidentSetSize of job (KB)
...
006 (15951004.733.000) 2026-02-11 08:20:53 Image size of job updated: 947668
	755  -  MemoryUsage of job (MB)
	772568  -  ResidentSetSize of job (KB)
...
006 (15951004.733.000) 2026-02-11 08:40:56 Image size of job updated: 947668
	757  -  MemoryUsage of job (MB)
	774612  -  ResidentSetSize of job (KB)
...
006 (15951004.733.000) 2026-02-11 09:41:02 Image size of job updated: 947668
	757  -  MemoryUsage of job (MB)
	774700  -  ResidentSetSize of job (KB)
...
