~~~~~~~~~~~~~~~~~~~~~~~~~~~~~~

n_qubits: 120, 
r: 49, 
alpha: 0.001, 
shots: 100000, 
ansatz: linear_cnot, 
layer: 1, 
tau: 0.3

time for simulated annealing:  115.74952554702759
Rank 1: Bitstring=110111001001111100100101001101111100111110000101010010111000111101011101001011110101101001010011111001010110000011011100, Decimal=1145533160719208375067307161824878812, Energy=-100.5775
Rank 2: Bitstring=110111011001111100100101001100111100111110000101010010111000111101011101001011110101101001010011111001010110000011011100, Decimal=1150725456339803163410457383254974684, Energy=-100.5239
Rank 3: Bitstring=110111001001111100100101001101111100111110000101010010111000111101111101011011110101101001010011111001110110000011011100, Decimal=1145533160719208375076384729823928540, Energy=-100.5081
Rank 4: Bitstring=110111011001111100100101001100111100111110000101010010111000111101111101011011110101101001010011111001110110000011011100, Decimal=1150725456339803163419534951254024412, Energy=-100.4545
Rank 5: Bitstring=110111001001111110100101001101111100111110000101010010101001111101111101011011110111101001010011111101110110000011011100, Decimal=1145543301924010183617774271786868956, Energy=-100.4371
Rank 6: Bitstring=110111001001111110100101001101110100111110000101000010101001101101111101011011110111101001010011111101110111000011011100, Decimal=1145543301769266497827250643861467356, Energy=-100.3957
Rank 7: Bitstring=110111011001111110100101001100111100111110000101010010101001111101111101011011110111101001010011111101110110000011011100, Decimal=1150735597544604971960924493216964828, Energy=-100.3835
Rank 8: Bitstring=110111011001111110100101001100110100111110000101000010101001101101111101011011110111101001010011111101110111000011011100, Decimal=1150735597389861286170400865291563228, Energy=-100.3421
Rank 9: Bitstring=110111011001111100100101001100111100101110000111010010111000111101011101001011110101101001010011111001010110000011011100, Decimal=1150725456334976904864964605846577372, Energy=-100.3293
Rank 10: Bitstring=110111011001111100100101001100111100101110000111010010111000111101111101011011110101101001010011111001110110000011011100, Decimal=1150725456334976904874042173845627100, Energy=-100.2599

E_min from simulated annealing:  -100.5775
Minimum energy: -100.5775
States with energy within 1e-08 of minimum: [1145533160719208375067307161824878812]
4


################## Start optimization with initial parameters: [0. 0. 0. 0. 0. 0. 0. 0. 0. 0. 0. 0. 0. 0. 0. 0. 0. 0. 0. 0. 0. 0. 0. 0.
 0. 0. 0. 0. 0. 0. 0. 0. 0. 0. 0. 0. 0. 0. 0. 0. 0. 0. 0. 0. 0. 0. 0. 0.
 0. 0. 0. 0. 0. 0. 0. 0. 0. 0. 0. 0. 0. 0. 0. 0. 0. 0. 0. 0. 0. 0. 0. 0.
 0. 0. 0. 0. 0. 0. 0. 0. 0. 0. 0. 0. 0. 0. 0. 0. 0. 0. 0. 0. 0. 0. 0. 0.
 0. 0. 0. 0. 0. 0. 0. 0. 0. 0. 0. 0. 0. 0. 0. 0. 0. 0. 0. 0. 0. 0. 0. 0.
 0. 0. 0. 0. 0. 0. 0. 0. 0. 0. 0. 0. 0. 0. 0. 0. 0. 0. 0. 0. 0. 0. 0. 0.
 0. 0. 0. 0. 0. 0. 0. 0. 0. 0. 0. 0. 0. 0. 0. 0. 0. 0. 0. 0. 0. 0. 0. 0.
 0. 0. 0. 0. 0. 0. 0. 0. 0. 0. 0. 0. 0. 0. 0. 0. 0. 0. 0. 0. 0. 0. 0. 0.
 0. 0. 0. 0. 0. 0. 0. 0. 0. 0. 0. 0. 0. 0. 0. 0. 0. 0. 0. 0. 0. 0. 0. 0.
 0. 0. 0. 0. 0. 0. 0. 0. 0. 0. 0. 0. 0. 0. 0. 0. 0. 0. 0. 0. 0. 0. 0. 0.
 0. 0. 0. 0. 0. 0. 0. 0. 0. 0. 0. 0. 0. 0. 0. 0. 0. 0. 0. 0. 0. 0. 0. 0.
 0. 0. 0. 0. 0. 0. 0. 0. 0. 0. 0. 0. 0. 0. 0. 0. 0. 0. 0. 0. 0. 0. 0. 0.
 0. 0. 0. 0. 0. 0. 0. 0. 0. 0. 0. 0. 0. 0. 0. 0. 0. 0. 0. 0. 0. 0. 0. 0.
 0. 0. 0. 0. 0. 0. 0. 0. 0. 0. 0. 0. 0. 0. 0. 0. 0. 0. 0. 0. 0. 0. 0. 0.
 0. 0. 0. 0. 0. 0. 0. 0. 0. 0. 0. 0. 0. 0. 0. 0. 0. 0. 0. 0. 0. 0. 0. 0.
 0. 0. 0. 0. 0. 0. 0. 0. 0. 0. 0. 0. 0. 0. 0. 0. 0. 0. 0. 0. 0. 0. 0. 0.
 0. 0. 0. 0. 0. 0. 0. 0. 0. 0. 0. 0. 0. 0. 0. 0. 0. 0. 0. 0. 0. 0. 0. 0.
 0. 0. 0. 0. 0. 0. 0. 0. 0. 0. 0. 0. 0. 0. 0. 0. 0. 0. 0. 0. 0. 0. 0. 0.
 0. 0. 0. 0. 0. 0. 0. 0. 0. 0. 0. 0. 0. 0. 0. 0. 0. 0. 0. 0. 0. 0. 0. 0.
 0. 0. 0. 0. 0. 0. 0. 0. 0. 0. 0. 0. 0. 0. 0. 0. 0. 0. 0. 0. 0. 0. 0. 0.]
Write sucessfully to ./data/data_shots_100000_layer_1/alpha_0.001/N_120/r_49/ansatz_type_linear_cnot/initialization_zeros

vqe.cvar_eval[0]: -33.06405799999993 , min_cvar: -63.225527999999876 , opt_cvar: -63.225527999999876

vqe.poss_eval[-1]: 0 vqe.poss_eval[0] 0  , max_poss: 0 , opt_poss: 0

vqe.r_eval[-1]: 0.624273321567944 vqe.r_eval[0]: 0.3287420944048115 max_r: 0.6286249707936653 , min_r: 0.3199562526409976
