000 (15756407.1179.000) 2026-02-06 11:26:13 Job submitted from host: <141.34.103.35:9618?addrs=141.34.103.35-9618+[2001-638-700-f067--1-23]-9618&alias=wgs39.zeuthen.desy.de&noUDP&sock=schedd_7414_f73f>
...
009 (15756407.1179.000) 2026-02-10 11:42:44 Job was aborted.
	via condor_rm (by user tuccia)
...
000 (15949294.786.000) 2026-02-10 11:45:21 Job submitted from host: <141.34.103.35:9618?addrs=141.34.103.35-9618+[2001-638-700-f067--1-23]-9618&alias=wgs39.zeuthen.desy.de&noUDP&sock=schedd_7302_24a3>
...
009 (15949294.786.000) 2026-02-10 11:45:47 Job was aborted.
	via condor_rm (by user tuccia)
...
000 (15949295.786.000) 2026-02-10 11:46:05 Job submitted from host: <141.34.103.35:9618?addrs=141.34.103.35-9618+[2001-638-700-f067--1-23]-9618&alias=wgs39.zeuthen.desy.de&noUDP&sock=schedd_7302_24a3>
...
000 (15950983.373.000) 2026-02-10 16:27:57 Job submitted from host: <141.34.103.35:9618?addrs=141.34.103.35-9618+[2001-638-700-f067--1-23]-9618&alias=wgs39.zeuthen.desy.de&noUDP&sock=schedd_7302_24a3>
...
001 (15950983.373.000) 2026-02-10 18:00:56 Job executing on host: <141.34.15.194:9618?addrs=141.34.15.194-9618+[2001-638-700-f00f--1-c2]-9618&alias=bladekc.zeuthen.desy.de&noUDP&sock=startd_11910_d90c>
	SlotName: slot1_3@bladekc.zeuthen.desy.de
	CondorScratchDir = "/batch/dir_2130854"
	Cpus = 1
	Disk = 1025024
	GPUs = 0
	Memory = 5120
...
006 (15950983.373.000) 2026-02-10 18:01:10 Image size of job updated: 101304
	99  -  MemoryUsage of job (MB)
	101304  -  ResidentSetSize of job (KB)
...
006 (15950983.373.000) 2026-02-10 18:06:11 Image size of job updated: 916412
	566  -  MemoryUsage of job (MB)
	578996  -  ResidentSetSize of job (KB)
...
006 (15950983.373.000) 2026-02-10 18:26:12 Image size of job updated: 916412
	568  -  MemoryUsage of job (MB)
	581420  -  ResidentSetSize of job (KB)
...
006 (15950983.373.000) 2026-02-10 18:31:12 Image size of job updated: 916412
	573  -  MemoryUsage of job (MB)
	585896  -  ResidentSetSize of job (KB)
...
006 (15950983.373.000) 2026-02-10 18:36:13 Image size of job updated: 916412
	573  -  MemoryUsage of job (MB)
	586020  -  ResidentSetSize of job (KB)
...
006 (15950983.373.000) 2026-02-10 18:41:14 Image size of job updated: 916412
	579  -  MemoryUsage of job (MB)
	592796  -  ResidentSetSize of job (KB)
...
006 (15950983.373.000) 2026-02-10 18:46:14 Image size of job updated: 916412
	580  -  MemoryUsage of job (MB)
	593564  -  ResidentSetSize of job (KB)
...
006 (15950983.373.000) 2026-02-10 18:51:15 Image size of job updated: 916412
	580  -  MemoryUsage of job (MB)
	593656  -  ResidentSetSize of job (KB)
...
006 (15950983.373.000) 2026-02-10 19:06:17 Image size of job updated: 916412
	581  -  MemoryUsage of job (MB)
	594728  -  ResidentSetSize of job (KB)
...
006 (15950983.373.000) 2026-02-10 19:11:18 Image size of job updated: 916412
	581  -  MemoryUsage of job (MB)
	594792  -  ResidentSetSize of job (KB)
...
006 (15950983.373.000) 2026-02-10 19:16:18 Image size of job updated: 916412
	582  -  MemoryUsage of job (MB)
	595752  -  ResidentSetSize of job (KB)
...
006 (15950983.373.000) 2026-02-10 19:51:20 Image size of job updated: 916412
	583  -  MemoryUsage of job (MB)
	596260  -  ResidentSetSize of job (KB)
...
006 (15950983.373.000) 2026-02-10 19:56:21 Image size of job updated: 916412
	585  -  MemoryUsage of job (MB)
	598160  -  ResidentSetSize of job (KB)
...
006 (15950983.373.000) 2026-02-10 20:01:22 Image size of job updated: 916412
	585  -  MemoryUsage of job (MB)
	598560  -  ResidentSetSize of job (KB)
...
006 (15950983.373.000) 2026-02-10 20:06:22 Image size of job updated: 916412
	594  -  MemoryUsage of job (MB)
	608204  -  ResidentSetSize of job (KB)
...
006 (15950983.373.000) 2026-02-10 20:11:23 Image size of job updated: 916412
	595  -  MemoryUsage of job (MB)
	608696  -  ResidentSetSize of job (KB)
...
006 (15950983.373.000) 2026-02-11 01:26:56 Image size of job updated: 916412
	598  -  MemoryUsage of job (MB)
	611844  -  ResidentSetSize of job (KB)
...
006 (15950983.373.000) 2026-02-11 01:31:57 Image size of job updated: 916412
	598  -  MemoryUsage of job (MB)
	611968  -  ResidentSetSize of job (KB)
...
006 (15950983.373.000) 2026-02-11 05:42:20 Image size of job updated: 916412
	598  -  MemoryUsage of job (MB)
	612036  -  ResidentSetSize of job (KB)
...
006 (15950983.373.000) 2026-02-11 09:42:41 Image size of job updated: 916412
	599  -  MemoryUsage of job (MB)
	612612  -  ResidentSetSize of job (KB)
...
006 (15950983.373.000) 2026-02-11 09:47:42 Image size of job updated: 916412
	599  -  MemoryUsage of job (MB)
	612740  -  ResidentSetSize of job (KB)
...
006 (15950983.373.000) 2026-02-11 09:57:42 Image size of job updated: 916412
	605  -  MemoryUsage of job (MB)
	619184  -  ResidentSetSize of job (KB)
...
006 (15950983.373.000) 2026-02-11 10:02:43 Image size of job updated: 916412
	605  -  MemoryUsage of job (MB)
	619436  -  ResidentSetSize of job (KB)
...
006 (15950983.373.000) 2026-02-11 10:07:43 Image size of job updated: 916412
	606  -  MemoryUsage of job (MB)
	620224  -  ResidentSetSize of job (KB)
...
006 (15950983.373.000) 2026-02-11 10:12:43 Image size of job updated: 916412
	606  -  MemoryUsage of job (MB)
	620296  -  ResidentSetSize of job (KB)
...
006 (15950983.373.000) 2026-02-11 10:17:44 Image size of job updated: 916412
	606  -  MemoryUsage of job (MB)
	620328  -  ResidentSetSize of job (KB)
...
006 (15950983.373.000) 2026-02-11 11:57:53 Image size of job updated: 916412
	609  -  MemoryUsage of job (MB)
	623104  -  ResidentSetSize of job (KB)
...
006 (15950983.373.000) 2026-02-11 12:02:54 Image size of job updated: 916412
	609  -  MemoryUsage of job (MB)
	623212  -  ResidentSetSize of job (KB)
...
006 (15950983.373.000) 2026-02-11 12:37:59 Image size of job updated: 916412
	610  -  MemoryUsage of job (MB)
	623656  -  ResidentSetSize of job (KB)
...
006 (15950983.373.000) 2026-02-11 12:42:59 Image size of job updated: 916412
	610  -  MemoryUsage of job (MB)
	623704  -  ResidentSetSize of job (KB)
...
006 (15950983.373.000) 2026-02-11 13:53:07 Image size of job updated: 916412
	610  -  MemoryUsage of job (MB)
	624392  -  ResidentSetSize of job (KB)
...
006 (15950983.373.000) 2026-02-11 17:28:26 Image size of job updated: 916412
	610  -  MemoryUsage of job (MB)
	624420  -  ResidentSetSize of job (KB)
...
006 (15950983.373.000) 2026-02-11 17:33:27 Image size of job updated: 916412
	610  -  MemoryUsage of job (MB)
	624528  -  ResidentSetSize of job (KB)
...
006 (15950983.373.000) 2026-02-11 18:08:31 Image size of job updated: 916412
	613  -  MemoryUsage of job (MB)
	627292  -  ResidentSetSize of job (KB)
...
006 (15950983.373.000) 2026-02-11 18:13:32 Image size of job updated: 916412
	613  -  MemoryUsage of job (MB)
	627416  -  ResidentSetSize of job (KB)
...
006 (15950983.373.000) 2026-02-11 18:18:33 Image size of job updated: 916412
	613  -  MemoryUsage of job (MB)
	627480  -  ResidentSetSize of job (KB)
...
006 (15950983.373.000) 2026-02-12 13:20:25 Image size of job updated: 916412
	621  -  MemoryUsage of job (MB)
	635052  -  ResidentSetSize of job (KB)
...
006 (15950983.373.000) 2026-02-12 13:30:26 Image size of job updated: 916412
	621  -  MemoryUsage of job (MB)
	635144  -  ResidentSetSize of job (KB)
...
006 (15950983.373.000) 2026-02-12 13:55:29 Image size of job updated: 916412
	623  -  MemoryUsage of job (MB)
	637128  -  ResidentSetSize of job (KB)
...
006 (15950983.373.000) 2026-02-12 14:25:33 Image size of job updated: 916412
	623  -  MemoryUsage of job (MB)
	637136  -  ResidentSetSize of job (KB)
...
006 (15950983.373.000) 2026-02-12 15:00:36 Image size of job updated: 916412
	623  -  MemoryUsage of job (MB)
	637284  -  ResidentSetSize of job (KB)
...
006 (15950983.373.000) 2026-02-12 15:05:37 Image size of job updated: 916412
	623  -  MemoryUsage of job (MB)
	637440  -  ResidentSetSize of job (KB)
...
006 (15950983.373.000) 2026-02-12 15:50:40 Image size of job updated: 916412
	623  -  MemoryUsage of job (MB)
	637448  -  ResidentSetSize of job (KB)
...
006 (15950983.373.000) 2026-02-12 16:00:40 Image size of job updated: 916412
	623  -  MemoryUsage of job (MB)
	637604  -  ResidentSetSize of job (KB)
...
006 (15950983.373.000) 2026-02-12 16:45:43 Image size of job updated: 916412
	623  -  MemoryUsage of job (MB)
	637908  -  ResidentSetSize of job (KB)
...
006 (15950983.373.000) 2026-02-12 16:50:44 Image size of job updated: 916412
	624  -  MemoryUsage of job (MB)
	638064  -  ResidentSetSize of job (KB)
...
021 (15950983.373.000) 2026-02-12 18:00:57 Error from starter on slot1_3@bladekc.zeuthen.desy.de:
	runtime exceeded maximum (target.Runtime seconds)
	Code 21 Subcode 103
...
004 (15950983.373.000) 2026-02-12 18:00:57 Job was evicted.
	(0) CPU times
		Usr 1 23:32:30, Sys 0 00:15:10  -  Run Remote Usage
		Usr 0 00:00:00, Sys 0 00:00:00  -  Run Local Usage
	0  -  Run Bytes Sent By Job
	0  -  Run Bytes Received By Job
	Error from slot1_3@bladekc.zeuthen.desy.de: runtime exceeded maximum (target.Runtime seconds)
	Partitionable Resources :     Usage  Request Allocated 
	   Cpus                 :      0.99        1         1 
	   Disk (KB)            :      1     1024000   1025024 
	   GPUs                 :                            0 
	   Memory (MB)          :    624        5120      5120 
	   TimeSlotBusy (s)     : 172801                       
...
012 (15950983.373.000) 2026-02-12 18:00:57 Job was held.
	Error from slot1_3@bladekc.zeuthen.desy.de: runtime exceeded maximum (target.Runtime seconds)
	Code 21 Subcode 103
...
001 (15949295.786.000) 2026-02-14 11:56:58 Job executing on host: <141.34.15.47:9618?addrs=141.34.15.47-9618+[2001-638-700-f00f--1-2f]-9618&alias=pizza18.zeuthen.desy.de&noUDP&sock=startd_8216_1233>
	SlotName: slot1_3@pizza18.zeuthen.desy.de
	CondorScratchDir = "/batch/dir_3269718"
	Cpus = 8
	Disk = 1025696
	GPUs = 0
	Memory = 16384
...
006 (15949295.786.000) 2026-02-14 11:57:06 Image size of job updated: 103496
	102  -  MemoryUsage of job (MB)
	103496  -  ResidentSetSize of job (KB)
...
006 (15949295.786.000) 2026-02-14 12:02:06 Image size of job updated: 780696
	569  -  MemoryUsage of job (MB)
	582312  -  ResidentSetSize of job (KB)
...
006 (15949295.786.000) 2026-02-14 12:07:07 Image size of job updated: 780696
	608  -  MemoryUsage of job (MB)
	622320  -  ResidentSetSize of job (KB)
...
006 (15949295.786.000) 2026-02-14 12:12:08 Image size of job updated: 780696
	710  -  MemoryUsage of job (MB)
	726272  -  ResidentSetSize of job (KB)
...
006 (15949295.786.000) 2026-02-14 12:17:08 Image size of job updated: 780696
	712  -  MemoryUsage of job (MB)
	728092  -  ResidentSetSize of job (KB)
...
006 (15949295.786.000) 2026-02-14 12:22:09 Image size of job updated: 780696
	718  -  MemoryUsage of job (MB)
	734236  -  ResidentSetSize of job (KB)
...
006 (15949295.786.000) 2026-02-14 12:27:10 Image size of job updated: 780696
	718  -  MemoryUsage of job (MB)
	734360  -  ResidentSetSize of job (KB)
...
006 (15949295.786.000) 2026-02-14 12:32:10 Image size of job updated: 780696
	718  -  MemoryUsage of job (MB)
	734544  -  ResidentSetSize of job (KB)
...
006 (15949295.786.000) 2026-02-14 12:42:12 Image size of job updated: 780696
	726  -  MemoryUsage of job (MB)
	742680  -  ResidentSetSize of job (KB)
...
006 (15949295.786.000) 2026-02-14 13:02:14 Image size of job updated: 780696
	729  -  MemoryUsage of job (MB)
	745532  -  ResidentSetSize of job (KB)
...
006 (15949295.786.000) 2026-02-14 13:07:15 Image size of job updated: 780696
	731  -  MemoryUsage of job (MB)
	748352  -  ResidentSetSize of job (KB)
...
006 (15949295.786.000) 2026-02-14 13:27:17 Image size of job updated: 780696
	746  -  MemoryUsage of job (MB)
	763412  -  ResidentSetSize of job (KB)
...
006 (15949295.786.000) 2026-02-14 13:32:17 Image size of job updated: 780696
	747  -  MemoryUsage of job (MB)
	764048  -  ResidentSetSize of job (KB)
...
006 (15949295.786.000) 2026-02-14 13:52:20 Image size of job updated: 780696
	754  -  MemoryUsage of job (MB)
	771076  -  ResidentSetSize of job (KB)
...
006 (15949295.786.000) 2026-02-14 14:17:23 Image size of job updated: 786696
	769  -  MemoryUsage of job (MB)
	786696  -  ResidentSetSize of job (KB)
...
006 (15949295.786.000) 2026-02-14 14:37:25 Image size of job updated: 786784
	769  -  MemoryUsage of job (MB)
	786784  -  ResidentSetSize of job (KB)
...
006 (15949295.786.000) 2026-02-14 16:02:30 Image size of job updated: 808696
	790  -  MemoryUsage of job (MB)
	808696  -  ResidentSetSize of job (KB)
...
006 (15949295.786.000) 2026-02-14 22:58:04 Image size of job updated: 860280
	790  -  MemoryUsage of job (MB)
	808696  -  ResidentSetSize of job (KB)
...
006 (15949295.786.000) 2026-02-14 23:03:04 Image size of job updated: 876632
	790  -  MemoryUsage of job (MB)
	808696  -  ResidentSetSize of job (KB)
...
006 (15949295.786.000) 2026-02-14 23:18:05 Image size of job updated: 884244
	801  -  MemoryUsage of job (MB)
	819564  -  ResidentSetSize of job (KB)
...
006 (15949295.786.000) 2026-02-14 23:23:05 Image size of job updated: 884244
	814  -  MemoryUsage of job (MB)
	833212  -  ResidentSetSize of job (KB)
...
006 (15949295.786.000) 2026-02-15 00:03:08 Image size of job updated: 884244
	863  -  MemoryUsage of job (MB)
	882900  -  ResidentSetSize of job (KB)
...
006 (15949295.786.000) 2026-02-15 14:39:34 Image size of job updated: 886268
	863  -  MemoryUsage of job (MB)
	882900  -  ResidentSetSize of job (KB)
...
006 (15949295.786.000) 2026-02-15 15:44:42 Image size of job updated: 887336
	863  -  MemoryUsage of job (MB)
	882900  -  ResidentSetSize of job (KB)
...
006 (15949295.786.000) 2026-02-15 23:50:35 Image size of job updated: 887336
	863  -  MemoryUsage of job (MB)
	883084  -  ResidentSetSize of job (KB)
...
006 (15949295.786.000) 2026-02-16 06:11:12 Image size of job updated: 887336
	863  -  MemoryUsage of job (MB)
	883660  -  ResidentSetSize of job (KB)
...
006 (15949295.786.000) 2026-02-16 06:46:14 Image size of job updated: 887976
	863  -  MemoryUsage of job (MB)
	883660  -  ResidentSetSize of job (KB)
...
021 (15949295.786.000) 2026-02-16 11:57:01 Error from starter on slot1_3@pizza18.zeuthen.desy.de:
	runtime exceeded maximum (target.Runtime seconds)
	Code 21 Subcode 103
...
004 (15949295.786.000) 2026-02-16 11:57:01 Job was evicted.
	(0) CPU times
		Usr 4 06:39:36, Sys 0 21:10:51  -  Run Remote Usage
		Usr 0 00:00:00, Sys 0 00:00:00  -  Run Local Usage
	0  -  Run Bytes Sent By Job
	0  -  Run Bytes Received By Job
	Error from slot1_3@pizza18.zeuthen.desy.de: runtime exceeded maximum (target.Runtime seconds)
	Partitionable Resources :     Usage  Request Allocated 
	   Cpus                 :      0.99        8         8 
	   Disk (KB)            :      1     1024000   1025696 
	   GPUs                 :                            0 
	   Memory (MB)          :    863       16384     16384 
	   TimeSlotBusy (s)     : 172803                       
...
012 (15949295.786.000) 2026-02-16 11:57:01 Job was held.
	Error from slot1_3@pizza18.zeuthen.desy.de: runtime exceeded maximum (target.Runtime seconds)
	Code 21 Subcode 103
...
009 (15949295.786.000) 2026-02-16 17:16:26 Job was aborted.
	via condor_rm (by user tuccia)
...
009 (15950983.373.000) 2026-02-16 17:16:53 Job was aborted.
	via condor_rm (by user tuccia)
...
000 (16309093.093.000) 2026-02-18 10:41:47 Job submitted from host: <141.34.103.35:9618?addrs=141.34.103.35-9618+[2001-638-700-f067--1-23]-9618&alias=wgs39.zeuthen.desy.de&noUDP&sock=schedd_7302_24a3>
...
001 (16309093.093.000) 2026-02-18 10:42:03 Job executing on host: <141.34.15.69:9618?addrs=141.34.15.69-9618+[2001-638-700-f00f--1-45]-9618&alias=bladejc.zeuthen.desy.de&noUDP&sock=startd_10239_ae4b>
	SlotName: slot1_9@bladejc.zeuthen.desy.de
	CondorScratchDir = "/batch/dir_1968105"
	Cpus = 1
	Disk = 1025024
	GPUs = 0
	Memory = 5120
...
006 (16309093.093.000) 2026-02-18 10:42:17 Image size of job updated: 101288
	99  -  MemoryUsage of job (MB)
	101288  -  ResidentSetSize of job (KB)
...
006 (16309093.093.000) 2026-02-18 10:47:18 Image size of job updated: 910416
	566  -  MemoryUsage of job (MB)
	578904  -  ResidentSetSize of job (KB)
...
006 (16309093.093.000) 2026-02-18 11:12:19 Image size of job updated: 910416
	574  -  MemoryUsage of job (MB)
	587192  -  ResidentSetSize of job (KB)
...
006 (16309093.093.000) 2026-02-18 11:22:20 Image size of job updated: 910416
	578  -  MemoryUsage of job (MB)
	590880  -  ResidentSetSize of job (KB)
...
006 (16309093.093.000) 2026-02-18 11:27:20 Image size of job updated: 910416
	578  -  MemoryUsage of job (MB)
	591148  -  ResidentSetSize of job (KB)
...
006 (16309093.093.000) 2026-02-18 12:02:23 Image size of job updated: 910416
	578  -  MemoryUsage of job (MB)
	591368  -  ResidentSetSize of job (KB)
...
006 (16309093.093.000) 2026-02-18 12:07:23 Image size of job updated: 910416
	578  -  MemoryUsage of job (MB)
	591548  -  ResidentSetSize of job (KB)
...
006 (16309093.093.000) 2026-02-18 13:22:33 Image size of job updated: 910416
	580  -  MemoryUsage of job (MB)
	593224  -  ResidentSetSize of job (KB)
...
006 (16309093.093.000) 2026-02-18 13:37:34 Image size of job updated: 910416
	588  -  MemoryUsage of job (MB)
	601616  -  ResidentSetSize of job (KB)
...
006 (16309093.093.000) 2026-02-18 13:52:35 Image size of job updated: 910416
	590  -  MemoryUsage of job (MB)
	603332  -  ResidentSetSize of job (KB)
...
006 (16309093.093.000) 2026-02-18 22:03:23 Image size of job updated: 910416
	592  -  MemoryUsage of job (MB)
	605504  -  ResidentSetSize of job (KB)
...
006 (16309093.093.000) 2026-02-18 22:08:24 Image size of job updated: 910416
	592  -  MemoryUsage of job (MB)
	605792  -  ResidentSetSize of job (KB)
...
006 (16309093.093.000) 2026-02-18 22:13:25 Image size of job updated: 910416
	592  -  MemoryUsage of job (MB)
	605940  -  ResidentSetSize of job (KB)
...
006 (16309093.093.000) 2026-02-18 22:18:25 Image size of job updated: 910416
	593  -  MemoryUsage of job (MB)
	606464  -  ResidentSetSize of job (KB)
...
006 (16309093.093.000) 2026-02-18 22:23:26 Image size of job updated: 910416
	593  -  MemoryUsage of job (MB)
	606576  -  ResidentSetSize of job (KB)
...
006 (16309093.093.000) 2026-02-18 22:28:27 Image size of job updated: 910416
	593  -  MemoryUsage of job (MB)
	606692  -  ResidentSetSize of job (KB)
...
006 (16309093.093.000) 2026-02-19 01:23:45 Image size of job updated: 910416
	593  -  MemoryUsage of job (MB)
	607132  -  ResidentSetSize of job (KB)
...
006 (16309093.093.000) 2026-02-19 01:28:45 Image size of job updated: 910416
	622  -  MemoryUsage of job (MB)
	636036  -  ResidentSetSize of job (KB)
...
006 (16309093.093.000) 2026-02-19 01:33:46 Image size of job updated: 910416
	622  -  MemoryUsage of job (MB)
	636236  -  ResidentSetSize of job (KB)
...
006 (16309093.093.000) 2026-02-19 01:43:47 Image size of job updated: 910416
	624  -  MemoryUsage of job (MB)
	638572  -  ResidentSetSize of job (KB)
...
006 (16309093.093.000) 2026-02-19 01:48:48 Image size of job updated: 910416
	624  -  MemoryUsage of job (MB)
	638668  -  ResidentSetSize of job (KB)
...
006 (16309093.093.000) 2026-02-19 02:13:50 Image size of job updated: 910416
	624  -  MemoryUsage of job (MB)
	638684  -  ResidentSetSize of job (KB)
...
006 (16309093.093.000) 2026-02-19 02:43:52 Image size of job updated: 910416
	624  -  MemoryUsage of job (MB)
	638760  -  ResidentSetSize of job (KB)
...
006 (16309093.093.000) 2026-02-19 03:28:58 Image size of job updated: 910416
	624  -  MemoryUsage of job (MB)
	638824  -  ResidentSetSize of job (KB)
...
006 (16309093.093.000) 2026-02-19 03:33:58 Image size of job updated: 910416
	625  -  MemoryUsage of job (MB)
	638980  -  ResidentSetSize of job (KB)
...
006 (16309093.093.000) 2026-02-19 07:04:19 Image size of job updated: 910416
	625  -  MemoryUsage of job (MB)
	638992  -  ResidentSetSize of job (KB)
...
006 (16309093.093.000) 2026-02-19 07:09:20 Image size of job updated: 910416
	625  -  MemoryUsage of job (MB)
	639128  -  ResidentSetSize of job (KB)
...
006 (16309093.093.000) 2026-02-19 07:34:23 Image size of job updated: 910416
	625  -  MemoryUsage of job (MB)
	639132  -  ResidentSetSize of job (KB)
...
006 (16309093.093.000) 2026-02-19 07:54:26 Image size of job updated: 910416
	625  -  MemoryUsage of job (MB)
	639480  -  ResidentSetSize of job (KB)
...
006 (16309093.093.000) 2026-02-19 10:04:37 Image size of job updated: 910416
	625  -  MemoryUsage of job (MB)
	639616  -  ResidentSetSize of job (KB)
...
006 (16309093.093.000) 2026-02-19 10:09:37 Image size of job updated: 910416
	625  -  MemoryUsage of job (MB)
	639772  -  ResidentSetSize of job (KB)
...
006 (16309093.093.000) 2026-02-19 11:54:50 Image size of job updated: 910416
	625  -  MemoryUsage of job (MB)
	639948  -  ResidentSetSize of job (KB)
...
006 (16309093.093.000) 2026-02-19 15:30:12 Image size of job updated: 910416
	626  -  MemoryUsage of job (MB)
	640104  -  ResidentSetSize of job (KB)
...
006 (16309093.093.000) 2026-02-19 15:45:13 Image size of job updated: 910416
	626  -  MemoryUsage of job (MB)
	640260  -  ResidentSetSize of job (KB)
...
006 (16309093.093.000) 2026-02-19 16:15:16 Image size of job updated: 910416
	626  -  MemoryUsage of job (MB)
	640576  -  ResidentSetSize of job (KB)
...
006 (16309093.093.000) 2026-02-20 00:06:06 Image size of job updated: 910416
	626  -  MemoryUsage of job (MB)
	640628  -  ResidentSetSize of job (KB)
...
022 (16309093.093.000) 2026-02-20 03:44:36 Job disconnected, attempting to reconnect
    Local schedd and job shadow died, schedd now running again
    Trying to reconnect to slot1_9@bladejc.zeuthen.desy.de <141.34.15.69:9618?addrs=141.34.15.69-9618+[2001-638-700-f00f--1-45]-9618&alias=bladejc.zeuthen.desy.de&noUDP&sock=startd_10239_ae4b>
...
023 (16309093.093.000) 2026-02-20 03:44:44 Job reconnected to slot1_9@bladejc.zeuthen.desy.de
    startd address: <141.34.15.69:9618?addrs=141.34.15.69-9618+[2001-638-700-f00f--1-45]-9618&alias=bladejc.zeuthen.desy.de&noUDP&sock=startd_10239_ae4b>
    starter address: <141.34.15.69:9618?addrs=141.34.15.69-9618+[2001-638-700-f00f--1-45]-9618&alias=bladejc.zeuthen.desy.de&noUDP&sock=slot1_9_11128_6ebe_6863>
...
021 (16309093.093.000) 2026-02-20 10:42:06 Error from starter on slot1_9@bladejc.zeuthen.desy.de:
	runtime exceeded maximum (target.Runtime seconds)
	Code 21 Subcode 103
...
004 (16309093.093.000) 2026-02-20 10:42:06 Job was evicted.
	(0) CPU times
		Usr 1 23:39:51, Sys 0 00:03:47  -  Run Remote Usage
		Usr 0 00:00:00, Sys 0 00:00:00  -  Run Local Usage
	0  -  Run Bytes Sent By Job
	0  -  Run Bytes Received By Job
	Error from slot1_9@bladejc.zeuthen.desy.de: runtime exceeded maximum (target.Runtime seconds)
	Partitionable Resources :         Usage  Request Allocated 
	   Cpus                 :          1.00        1         1 
	   Disk (KB)            :          1     1024000   1025024 
	   Memory (MB)          :        733        5120      5120 
	   TimeSlotBusy (s)     : 1771580526                       
...
012 (16309093.093.000) 2026-02-20 10:42:06 Job was held.
	Error from slot1_9@bladejc.zeuthen.desy.de: runtime exceeded maximum (target.Runtime seconds)
	Code 21 Subcode 103
...
009 (16309093.093.000) 2026-02-23 19:29:00 Job was aborted.
	via condor_rm (by user tuccia)
...
000 (16619873.093.000) 2026-02-23 19:31:49 Job submitted from host: <141.34.103.35:9618?addrs=141.34.103.35-9618+[2001-638-700-f067--1-23]-9618&alias=wgs39.zeuthen.desy.de&noUDP&sock=schedd_7302_24a3>
...
001 (16619873.093.000) 2026-02-23 19:31:50 Job executing on host: <141.34.15.83:9618?addrs=141.34.15.83-9618+[2001-638-700-f00f--1-53]-9618&alias=genoa07.zeuthen.desy.de&noUDP&sock=startd_10205_5c12>
	SlotName: slot1_54@genoa07.zeuthen.desy.de
	CondorScratchDir = "/batch/dir_510259"
	Cpus = 1
	Disk = 1025681
	GPUs = 0
	Memory = 5120
...
006 (16619873.093.000) 2026-02-23 19:32:04 Image size of job updated: 101488
	100  -  MemoryUsage of job (MB)
	101488  -  ResidentSetSize of job (KB)
...
006 (16619873.093.000) 2026-02-23 19:37:05 Image size of job updated: 579280
	559  -  MemoryUsage of job (MB)
	572376  -  ResidentSetSize of job (KB)
...
006 (16619873.093.000) 2026-02-23 19:42:05 Image size of job updated: 579280
	560  -  MemoryUsage of job (MB)
	572912  -  ResidentSetSize of job (KB)
...
006 (16619873.093.000) 2026-02-23 19:47:05 Image size of job updated: 579280
	564  -  MemoryUsage of job (MB)
	576900  -  ResidentSetSize of job (KB)
...
006 (16619873.093.000) 2026-02-23 19:52:06 Image size of job updated: 596552
	583  -  MemoryUsage of job (MB)
	596552  -  ResidentSetSize of job (KB)
...
006 (16619873.093.000) 2026-02-23 19:57:06 Image size of job updated: 596676
	583  -  MemoryUsage of job (MB)
	596676  -  ResidentSetSize of job (KB)
...
006 (16619873.093.000) 2026-02-23 20:02:06 Image size of job updated: 599496
	586  -  MemoryUsage of job (MB)
	599496  -  ResidentSetSize of job (KB)
...
006 (16619873.093.000) 2026-02-23 20:32:08 Image size of job updated: 604160
	590  -  MemoryUsage of job (MB)
	604160  -  ResidentSetSize of job (KB)
...
006 (16619873.093.000) 2026-02-23 20:37:09 Image size of job updated: 604404
	591  -  MemoryUsage of job (MB)
	604404  -  ResidentSetSize of job (KB)
...
006 (16619873.093.000) 2026-02-23 20:47:09 Image size of job updated: 607856
	594  -  MemoryUsage of job (MB)
	607856  -  ResidentSetSize of job (KB)
...
006 (16619873.093.000) 2026-02-23 20:52:10 Image size of job updated: 607944
	594  -  MemoryUsage of job (MB)
	607944  -  ResidentSetSize of job (KB)
...
006 (16619873.093.000) 2026-02-23 20:57:10 Image size of job updated: 611976
	598  -  MemoryUsage of job (MB)
	611976  -  ResidentSetSize of job (KB)
...
006 (16619873.093.000) 2026-02-23 21:02:10 Image size of job updated: 612300
	598  -  MemoryUsage of job (MB)
	612300  -  ResidentSetSize of job (KB)
...
006 (16619873.093.000) 2026-02-23 21:37:15 Image size of job updated: 613892
	600  -  MemoryUsage of job (MB)
	613892  -  ResidentSetSize of job (KB)
...
006 (16619873.093.000) 2026-02-23 23:37:27 Image size of job updated: 614556
	601  -  MemoryUsage of job (MB)
	614556  -  ResidentSetSize of job (KB)
...
006 (16619873.093.000) 2026-02-23 23:42:27 Image size of job updated: 614712
	601  -  MemoryUsage of job (MB)
	614712  -  ResidentSetSize of job (KB)
...
006 (16619873.093.000) 2026-02-23 23:47:28 Image size of job updated: 617376
	603  -  MemoryUsage of job (MB)
	617376  -  ResidentSetSize of job (KB)
...
006 (16619873.093.000) 2026-02-23 23:52:28 Image size of job updated: 617436
	603  -  MemoryUsage of job (MB)
	617436  -  ResidentSetSize of job (KB)
...
006 (16619873.093.000) 2026-02-23 23:57:29 Image size of job updated: 618208
	604  -  MemoryUsage of job (MB)
	618208  -  ResidentSetSize of job (KB)
...
006 (16619873.093.000) 2026-02-24 00:02:30 Image size of job updated: 618296
	604  -  MemoryUsage of job (MB)
	618296  -  ResidentSetSize of job (KB)
...
006 (16619873.093.000) 2026-02-24 00:07:30 Image size of job updated: 621972
	608  -  MemoryUsage of job (MB)
	621972  -  ResidentSetSize of job (KB)
...
006 (16619873.093.000) 2026-02-24 00:12:31 Image size of job updated: 622068
	608  -  MemoryUsage of job (MB)
	622068  -  ResidentSetSize of job (KB)
...
006 (16619873.093.000) 2026-02-24 00:17:31 Image size of job updated: 622100
	608  -  MemoryUsage of job (MB)
	622100  -  ResidentSetSize of job (KB)
...
006 (16619873.093.000) 2026-02-24 00:27:32 Image size of job updated: 622120
	608  -  MemoryUsage of job (MB)
	622120  -  ResidentSetSize of job (KB)
...
006 (16619873.093.000) 2026-02-24 00:52:33 Image size of job updated: 622624
	608  -  MemoryUsage of job (MB)
	622120  -  ResidentSetSize of job (KB)
...
006 (16619873.093.000) 2026-02-24 00:57:34 Image size of job updated: 622656
	608  -  MemoryUsage of job (MB)
	622120  -  ResidentSetSize of job (KB)
...
006 (16619873.093.000) 2026-02-24 01:17:35 Image size of job updated: 622656
	608  -  MemoryUsage of job (MB)
	622480  -  ResidentSetSize of job (KB)
...
006 (16619873.093.000) 2026-02-24 01:27:36 Image size of job updated: 623696
	610  -  MemoryUsage of job (MB)
	623696  -  ResidentSetSize of job (KB)
...
006 (16619873.093.000) 2026-02-24 07:13:15 Image size of job updated: 624344
	610  -  MemoryUsage of job (MB)
	624344  -  ResidentSetSize of job (KB)
...
006 (16619873.093.000) 2026-02-24 07:18:15 Image size of job updated: 624484
	610  -  MemoryUsage of job (MB)
	624484  -  ResidentSetSize of job (KB)
...
006 (16619873.093.000) 2026-02-24 07:23:15 Image size of job updated: 624800
	611  -  MemoryUsage of job (MB)
	624800  -  ResidentSetSize of job (KB)
...
022 (16619873.093.000) 2026-02-24 08:04:13 Job disconnected, attempting to reconnect
    Local schedd and job shadow died, schedd now running again
    Trying to reconnect to slot1_54@genoa07.zeuthen.desy.de <141.34.15.83:9618?addrs=141.34.15.83-9618+[2001-638-700-f00f--1-53]-9618&alias=genoa07.zeuthen.desy.de&noUDP&sock=startd_10205_5c12>
...
023 (16619873.093.000) 2026-02-24 08:04:22 Job reconnected to slot1_54@genoa07.zeuthen.desy.de
    startd address: <141.34.15.83:9618?addrs=141.34.15.83-9618+[2001-638-700-f00f--1-53]-9618&alias=genoa07.zeuthen.desy.de&noUDP&sock=startd_10205_5c12>
    starter address: <141.34.15.83:9618?addrs=141.34.15.83-9618+[2001-638-700-f00f--1-53]-9618&alias=genoa07.zeuthen.desy.de&noUDP&sock=slot1_54_10775_b64f_2317>
...
005 (16619873.093.000) 2026-02-28 00:05:03 Job terminated.
	(1) Normal termination (return value 0)
		Usr 4 02:26:12, Sys 0 01:01:47  -  Run Remote Usage
		Usr 0 00:00:00, Sys 0 00:00:00  -  Run Local Usage
		Usr 4 14:31:08, Sys 0 01:01:49  -  Total Remote Usage
		Usr 0 00:00:00, Sys 0 00:00:00  -  Total Local Usage
	0  -  Run Bytes Sent By Job
	0  -  Run Bytes Received By Job
	0  -  Total Bytes Sent By Job
	0  -  Total Bytes Received By Job
	Partitionable Resources :         Usage  Request Allocated 
	   Cpus                 :          0.99        1         1 
	   Disk (KB)            :          1     1024000   1025681 
	   Memory (MB)          :        733        5120      5120 
	   TimeExecute (s)      : 1772233503                       
	   TimeSlotBusy (s)     : 1772233503                       

	Job terminated of its own accord at 2026-02-27T23:05:03Z with exit-code 0.
...
