~~~~~~~~~~~~~~~~~~~~~~~~~~~~~~

n_qubits: 120, 
r: 82, 
alpha: 0.01, 
shots: 10000, 
ansatz: linear_cnot, 
layer: 1, 
tau: 0.3

time for simulated annealing:  118.69224166870117
Rank 1: Bitstring=100101110100110000101111001101110010011110100000011001110101000001111011100011000100001000000101111101001101101111111011, Decimal=785582029561855800874423046735453179, Energy=-105.8704
Rank 2: Bitstring=100101110100110000101111001101110010011110100000011001110101000001111011100011000100011000000101111101001101101110111011, Decimal=785582029561855800874423063915322299, Energy=-105.7408
Rank 3: Bitstring=101001110100110000101111001101100010011110100000011001111001000001111011100011000110001000000101111101001101101111011011, Decimal=868658778988928037721252075144535003, Energy=-105.557
Rank 4: Bitstring=100101110100110000101111001101110011011110100000011001110101000001111001100011000100001000000101111101001101101111111011, Decimal=785582029581198613987694163577330683, Energy=-105.5254
Rank 5: Bitstring=000101110100110000101111001101110010011110100000111001110101000001111011100001000000001000000101111101001101101111111011, Decimal=120968031669400225605751880446958587, Energy=-105.4852
Rank 6: Bitstring=101001110100110000101111001101100010011110100000011001111001000001111011100011000110011000000101111101001101101110011011, Decimal=868658778988928037721252092324404123, Energy=-105.4274
Rank 7: Bitstring=100101110100110000101111001101110011011110100000011001110101000001111001100011000100011000000101111101001101101110111011, Decimal=785582029581198613987694180757199803, Energy=-105.3958
Rank 8: Bitstring=000101110100110000101111001101110010011110100000111001110101000001111011100001000000011000000101111101001101101110111011, Decimal=120968031669400225605751897626827707, Energy=-105.3556
Rank 9: Bitstring=100101110100110000101111001101110010011110101000011001110101000001111011100011000100011000000101111101011101101110111011, Decimal=785582029561893579806286021077097403, Energy=-105.2238
Rank 10: Bitstring=100101110100110000101111001101110010011111100000011001110101000001111011100011000100001000000101111101001100101111111011, Decimal=785582029562158032329326704029125627, Energy=-105.2154

E_min from simulated annealing:  -105.8704
Minimum energy: -105.8704
States with energy within 1e-08 of minimum: [785582029561855800874423046735453179]
4


################## Start optimization with initial parameters: [0. 0. 0. 0. 0. 0. 0. 0. 0. 0. 0. 0. 0. 0. 0. 0. 0. 0. 0. 0. 0. 0. 0. 0.
 0. 0. 0. 0. 0. 0. 0. 0. 0. 0. 0. 0. 0. 0. 0. 0. 0. 0. 0. 0. 0. 0. 0. 0.
 0. 0. 0. 0. 0. 0. 0. 0. 0. 0. 0. 0. 0. 0. 0. 0. 0. 0. 0. 0. 0. 0. 0. 0.
 0. 0. 0. 0. 0. 0. 0. 0. 0. 0. 0. 0. 0. 0. 0. 0. 0. 0. 0. 0. 0. 0. 0. 0.
 0. 0. 0. 0. 0. 0. 0. 0. 0. 0. 0. 0. 0. 0. 0. 0. 0. 0. 0. 0. 0. 0. 0. 0.
 0. 0. 0. 0. 0. 0. 0. 0. 0. 0. 0. 0. 0. 0. 0. 0. 0. 0. 0. 0. 0. 0. 0. 0.
 0. 0. 0. 0. 0. 0. 0. 0. 0. 0. 0. 0. 0. 0. 0. 0. 0. 0. 0. 0. 0. 0. 0. 0.
 0. 0. 0. 0. 0. 0. 0. 0. 0. 0. 0. 0. 0. 0. 0. 0. 0. 0. 0. 0. 0. 0. 0. 0.
 0. 0. 0. 0. 0. 0. 0. 0. 0. 0. 0. 0. 0. 0. 0. 0. 0. 0. 0. 0. 0. 0. 0. 0.
 0. 0. 0. 0. 0. 0. 0. 0. 0. 0. 0. 0. 0. 0. 0. 0. 0. 0. 0. 0. 0. 0. 0. 0.
 0. 0. 0. 0. 0. 0. 0. 0. 0. 0. 0. 0. 0. 0. 0. 0. 0. 0. 0. 0. 0. 0. 0. 0.
 0. 0. 0. 0. 0. 0. 0. 0. 0. 0. 0. 0. 0. 0. 0. 0. 0. 0. 0. 0. 0. 0. 0. 0.
 0. 0. 0. 0. 0. 0. 0. 0. 0. 0. 0. 0. 0. 0. 0. 0. 0. 0. 0. 0. 0. 0. 0. 0.
 0. 0. 0. 0. 0. 0. 0. 0. 0. 0. 0. 0. 0. 0. 0. 0. 0. 0. 0. 0. 0. 0. 0. 0.
 0. 0. 0. 0. 0. 0. 0. 0. 0. 0. 0. 0. 0. 0. 0. 0. 0. 0. 0. 0. 0. 0. 0. 0.
 0. 0. 0. 0. 0. 0. 0. 0. 0. 0. 0. 0. 0. 0. 0. 0. 0. 0. 0. 0. 0. 0. 0. 0.
 0. 0. 0. 0. 0. 0. 0. 0. 0. 0. 0. 0. 0. 0. 0. 0. 0. 0. 0. 0. 0. 0. 0. 0.
 0. 0. 0. 0. 0. 0. 0. 0. 0. 0. 0. 0. 0. 0. 0. 0. 0. 0. 0. 0. 0. 0. 0. 0.
 0. 0. 0. 0. 0. 0. 0. 0. 0. 0. 0. 0. 0. 0. 0. 0. 0. 0. 0. 0. 0. 0. 0. 0.
 0. 0. 0. 0. 0. 0. 0. 0. 0. 0. 0. 0. 0. 0. 0. 0. 0. 0. 0. 0. 0. 0. 0. 0.]
Write sucessfully to ./data/data_shots_10000_layer_1/alpha_0.01/N_120/r_82/ansatz_type_linear_cnot/initialization_zeros

vqe.cvar_eval[0]: -25.526604 , min_cvar: -40.44040200000002 , opt_cvar: -40.44040200000002

vqe.poss_eval[-1]: 0 vqe.poss_eval[0] 0  , max_poss: 0 , opt_poss: 0

vqe.r_eval[-1]: 0.35977816273481544 vqe.r_eval[0]: 0.24111181217790806 max_r: 0.3819802513261499 , min_r: 0.24111181217790806
