000 (15756407.1146.000) 2026-02-06 11:26:13 Job submitted from host: <141.34.103.35:9618?addrs=141.34.103.35-9618+[2001-638-700-f067--1-23]-9618&alias=wgs39.zeuthen.desy.de&noUDP&sock=schedd_7414_f73f>
...
009 (15756407.1146.000) 2026-02-10 11:42:44 Job was aborted.
	via condor_rm (by user tuccia)
...
000 (15949294.764.000) 2026-02-10 11:45:21 Job submitted from host: <141.34.103.35:9618?addrs=141.34.103.35-9618+[2001-638-700-f067--1-23]-9618&alias=wgs39.zeuthen.desy.de&noUDP&sock=schedd_7302_24a3>
...
009 (15949294.764.000) 2026-02-10 11:45:47 Job was aborted.
	via condor_rm (by user tuccia)
...
000 (15949295.764.000) 2026-02-10 11:46:05 Job submitted from host: <141.34.103.35:9618?addrs=141.34.103.35-9618+[2001-638-700-f067--1-23]-9618&alias=wgs39.zeuthen.desy.de&noUDP&sock=schedd_7302_24a3>
...
000 (15950983.329.000) 2026-02-10 16:27:57 Job submitted from host: <141.34.103.35:9618?addrs=141.34.103.35-9618+[2001-638-700-f067--1-23]-9618&alias=wgs39.zeuthen.desy.de&noUDP&sock=schedd_7302_24a3>
...
001 (15950983.329.000) 2026-02-10 17:29:33 Job executing on host: <141.34.15.200:9618?addrs=141.34.15.200-9618+[2001-638-700-f00f--1-c8]-9618&alias=pizza02.zeuthen.desy.de&noUDP&sock=startd_8244_46da>
	SlotName: slot1_1@pizza02.zeuthen.desy.de
	CondorScratchDir = "/batch/dir_1605580"
	Cpus = 1
	Disk = 1025696
	GPUs = 0
	Memory = 5120
...
006 (15950983.329.000) 2026-02-10 17:29:47 Image size of job updated: 103356
	101  -  MemoryUsage of job (MB)
	103356  -  ResidentSetSize of job (KB)
...
006 (15950983.329.000) 2026-02-10 17:34:48 Image size of job updated: 887720
	400  -  MemoryUsage of job (MB)
	409252  -  ResidentSetSize of job (KB)
...
006 (15950983.329.000) 2026-02-10 17:49:50 Image size of job updated: 887720
	411  -  MemoryUsage of job (MB)
	420108  -  ResidentSetSize of job (KB)
...
006 (15950983.329.000) 2026-02-10 17:54:51 Image size of job updated: 887720
	411  -  MemoryUsage of job (MB)
	420264  -  ResidentSetSize of job (KB)
...
006 (15950983.329.000) 2026-02-10 18:14:53 Image size of job updated: 887720
	412  -  MemoryUsage of job (MB)
	421556  -  ResidentSetSize of job (KB)
...
006 (15950983.329.000) 2026-02-10 18:19:54 Image size of job updated: 887720
	413  -  MemoryUsage of job (MB)
	421964  -  ResidentSetSize of job (KB)
...
006 (15950983.329.000) 2026-02-10 18:39:57 Image size of job updated: 887720
	413  -  MemoryUsage of job (MB)
	422292  -  ResidentSetSize of job (KB)
...
006 (15950983.329.000) 2026-02-10 18:44:57 Image size of job updated: 887720
	420  -  MemoryUsage of job (MB)
	429624  -  ResidentSetSize of job (KB)
...
006 (15950983.329.000) 2026-02-10 18:49:58 Image size of job updated: 887720
	420  -  MemoryUsage of job (MB)
	429940  -  ResidentSetSize of job (KB)
...
006 (15950983.329.000) 2026-02-10 19:14:59 Image size of job updated: 887720
	420  -  MemoryUsage of job (MB)
	429960  -  ResidentSetSize of job (KB)
...
006 (15950983.329.000) 2026-02-10 19:20:00 Image size of job updated: 887720
	421  -  MemoryUsage of job (MB)
	430184  -  ResidentSetSize of job (KB)
...
006 (15950983.329.000) 2026-02-10 19:40:01 Image size of job updated: 887720
	421  -  MemoryUsage of job (MB)
	430664  -  ResidentSetSize of job (KB)
...
006 (15950983.329.000) 2026-02-10 19:45:01 Image size of job updated: 887720
	421  -  MemoryUsage of job (MB)
	430848  -  ResidentSetSize of job (KB)
...
006 (15950983.329.000) 2026-02-10 20:00:03 Image size of job updated: 887720
	421  -  MemoryUsage of job (MB)
	431064  -  ResidentSetSize of job (KB)
...
006 (15950983.329.000) 2026-02-10 21:35:12 Image size of job updated: 887720
	422  -  MemoryUsage of job (MB)
	431332  -  ResidentSetSize of job (KB)
...
006 (15950983.329.000) 2026-02-10 21:50:13 Image size of job updated: 887720
	422  -  MemoryUsage of job (MB)
	431688  -  ResidentSetSize of job (KB)
...
006 (15950983.329.000) 2026-02-10 22:10:16 Image size of job updated: 887720
	423  -  MemoryUsage of job (MB)
	432632  -  ResidentSetSize of job (KB)
...
006 (15950983.329.000) 2026-02-10 22:15:17 Image size of job updated: 887720
	423  -  MemoryUsage of job (MB)
	432792  -  ResidentSetSize of job (KB)
...
006 (15950983.329.000) 2026-02-10 22:20:17 Image size of job updated: 887720
	423  -  MemoryUsage of job (MB)
	432852  -  ResidentSetSize of job (KB)
...
006 (15950983.329.000) 2026-02-10 22:40:19 Image size of job updated: 887720
	423  -  MemoryUsage of job (MB)
	432952  -  ResidentSetSize of job (KB)
...
006 (15950983.329.000) 2026-02-10 23:00:20 Image size of job updated: 887720
	423  -  MemoryUsage of job (MB)
	433004  -  ResidentSetSize of job (KB)
...
006 (15950983.329.000) 2026-02-10 23:05:20 Image size of job updated: 887720
	424  -  MemoryUsage of job (MB)
	433160  -  ResidentSetSize of job (KB)
...
006 (15950983.329.000) 2026-02-10 23:35:24 Image size of job updated: 887720
	424  -  MemoryUsage of job (MB)
	433384  -  ResidentSetSize of job (KB)
...
006 (15950983.329.000) 2026-02-10 23:50:26 Image size of job updated: 887720
	424  -  MemoryUsage of job (MB)
	433900  -  ResidentSetSize of job (KB)
...
006 (15950983.329.000) 2026-02-10 23:55:27 Image size of job updated: 887720
	424  -  MemoryUsage of job (MB)
	434100  -  ResidentSetSize of job (KB)
...
006 (15950983.329.000) 2026-02-11 07:56:17 Image size of job updated: 887720
	425  -  MemoryUsage of job (MB)
	434216  -  ResidentSetSize of job (KB)
...
006 (15950983.329.000) 2026-02-11 08:01:17 Image size of job updated: 887720
	425  -  MemoryUsage of job (MB)
	434220  -  ResidentSetSize of job (KB)
...
006 (15950983.329.000) 2026-02-11 09:31:26 Image size of job updated: 887720
	426  -  MemoryUsage of job (MB)
	435536  -  ResidentSetSize of job (KB)
...
006 (15950983.329.000) 2026-02-11 09:36:27 Image size of job updated: 887720
	426  -  MemoryUsage of job (MB)
	435644  -  ResidentSetSize of job (KB)
...
006 (15950983.329.000) 2026-02-11 09:41:28 Image size of job updated: 887720
	426  -  MemoryUsage of job (MB)
	435808  -  ResidentSetSize of job (KB)
...
006 (15950983.329.000) 2026-02-11 10:46:36 Image size of job updated: 887720
	426  -  MemoryUsage of job (MB)
	435816  -  ResidentSetSize of job (KB)
...
006 (15950983.329.000) 2026-02-11 14:41:57 Image size of job updated: 887720
	431  -  MemoryUsage of job (MB)
	441068  -  ResidentSetSize of job (KB)
...
006 (15950983.329.000) 2026-02-11 14:46:58 Image size of job updated: 887720
	457  -  MemoryUsage of job (MB)
	467432  -  ResidentSetSize of job (KB)
...
006 (15950983.329.000) 2026-02-11 15:02:00 Image size of job updated: 887720
	457  -  MemoryUsage of job (MB)
	467508  -  ResidentSetSize of job (KB)
...
006 (15950983.329.000) 2026-02-11 15:12:00 Image size of job updated: 887720
	459  -  MemoryUsage of job (MB)
	469104  -  ResidentSetSize of job (KB)
...
006 (15950983.329.000) 2026-02-11 15:17:01 Image size of job updated: 887720
	459  -  MemoryUsage of job (MB)
	469188  -  ResidentSetSize of job (KB)
...
006 (15950983.329.000) 2026-02-11 15:22:01 Image size of job updated: 887720
	459  -  MemoryUsage of job (MB)
	469260  -  ResidentSetSize of job (KB)
...
006 (15950983.329.000) 2026-02-11 15:42:04 Image size of job updated: 887720
	459  -  MemoryUsage of job (MB)
	469416  -  ResidentSetSize of job (KB)
...
006 (15950983.329.000) 2026-02-11 15:47:05 Image size of job updated: 887720
	459  -  MemoryUsage of job (MB)
	469656  -  ResidentSetSize of job (KB)
...
006 (15950983.329.000) 2026-02-11 18:42:24 Image size of job updated: 887720
	459  -  MemoryUsage of job (MB)
	469728  -  ResidentSetSize of job (KB)
...
006 (15950983.329.000) 2026-02-11 19:47:31 Image size of job updated: 887720
	459  -  MemoryUsage of job (MB)
	469884  -  ResidentSetSize of job (KB)
...
006 (15950983.329.000) 2026-02-12 01:28:04 Image size of job updated: 887720
	459  -  MemoryUsage of job (MB)
	469972  -  ResidentSetSize of job (KB)
...
006 (15950983.329.000) 2026-02-12 09:13:52 Image size of job updated: 887720
	460  -  MemoryUsage of job (MB)
	470040  -  ResidentSetSize of job (KB)
...
006 (15950983.329.000) 2026-02-12 09:18:52 Image size of job updated: 887720
	460  -  MemoryUsage of job (MB)
	470128  -  ResidentSetSize of job (KB)
...
006 (15950983.329.000) 2026-02-12 10:34:00 Image size of job updated: 887720
	460  -  MemoryUsage of job (MB)
	470260  -  ResidentSetSize of job (KB)
...
006 (15950983.329.000) 2026-02-12 11:04:03 Image size of job updated: 887720
	460  -  MemoryUsage of job (MB)
	470412  -  ResidentSetSize of job (KB)
...
