~~~~~~~~~~~~~~~~~~~~~~~~~~~~~~

n_qubits: 120, 
r: 21, 
alpha: 0.001, 
shots: 100000, 
ansatz: linear_cnot, 
layer: 1, 
tau: 0.3

time for simulated annealing:  124.89415836334229
Rank 1: Bitstring=100010001010110101111110110110011100010010011110000000011111101011010111000011101000111110110010000110101100001011001000, Decimal=709671279766587856072343510763356872, Energy=-101.0878
Rank 2: Bitstring=100010001010110101111110110110011100010010011110000000011111101011010111000011101000111110110010000110101001001011001000, Decimal=709671279766587856072343510763344584, Energy=-101.0386
Rank 3: Bitstring=100010000010110101111110110110001100010010011110000000011111101011010111000011101000111110110010000110101100001011001000, Decimal=707075131027835432436733193873965768, Energy=-100.9368
Rank 4: Bitstring=100010000010110101111110110110001100010010011110000000011111101011010111000011101000111110110010000110101001001011001000, Decimal=707075131027835432436733193873953480, Energy=-100.8876
Rank 5: Bitstring=100010011010110101111110110110011100010010011110000000111110101010010111000010101000111111110010000111101100001011001000, Decimal=714863576625122719423421854422844104, Energy=-100.796
Rank 6: Bitstring=100010001010110101111110110110011100010010011110000000001011101011010111000011101000111110110010000110101110001011001000, Decimal=709671279766587833013913418626425544, Energy=-100.7824
Rank 7: Bitstring=100010011010110101111110110110011100010010011110000000111110101010010111000010101000111111110010000111101001001011001000, Decimal=714863576625122719423421854422831816, Energy=-100.7468
Rank 8: Bitstring=100010001010110101111110110110011100010010011110000000001011101011010111000011101000111110110010000110101011001011001000, Decimal=709671279766587833013913418626413256, Energy=-100.7332
Rank 9: Bitstring=100010001010110101111110110110011100010010011110000000011111101010010111000011101000111111110010000111101100001011001000, Decimal=709671279766587856054329113327878856, Energy=-100.6898
Rank 10: Bitstring=100010001010110101111110110110011100010010011110000000011111101010010111000011101000111111110010000111101001001011001000, Decimal=709671279766587856054329113327866568, Energy=-100.6406

E_min from simulated annealing:  -101.0878
Minimum energy: -101.0878
States with energy within 1e-08 of minimum: [709671279766587856072343510763356872]
4


################## Start optimization with initial parameters: [0. 0. 0. 0. 0. 0. 0. 0. 0. 0. 0. 0. 0. 0. 0. 0. 0. 0. 0. 0. 0. 0. 0. 0.
 0. 0. 0. 0. 0. 0. 0. 0. 0. 0. 0. 0. 0. 0. 0. 0. 0. 0. 0. 0. 0. 0. 0. 0.
 0. 0. 0. 0. 0. 0. 0. 0. 0. 0. 0. 0. 0. 0. 0. 0. 0. 0. 0. 0. 0. 0. 0. 0.
 0. 0. 0. 0. 0. 0. 0. 0. 0. 0. 0. 0. 0. 0. 0. 0. 0. 0. 0. 0. 0. 0. 0. 0.
 0. 0. 0. 0. 0. 0. 0. 0. 0. 0. 0. 0. 0. 0. 0. 0. 0. 0. 0. 0. 0. 0. 0. 0.
 0. 0. 0. 0. 0. 0. 0. 0. 0. 0. 0. 0. 0. 0. 0. 0. 0. 0. 0. 0. 0. 0. 0. 0.
 0. 0. 0. 0. 0. 0. 0. 0. 0. 0. 0. 0. 0. 0. 0. 0. 0. 0. 0. 0. 0. 0. 0. 0.
 0. 0. 0. 0. 0. 0. 0. 0. 0. 0. 0. 0. 0. 0. 0. 0. 0. 0. 0. 0. 0. 0. 0. 0.
 0. 0. 0. 0. 0. 0. 0. 0. 0. 0. 0. 0. 0. 0. 0. 0. 0. 0. 0. 0. 0. 0. 0. 0.
 0. 0. 0. 0. 0. 0. 0. 0. 0. 0. 0. 0. 0. 0. 0. 0. 0. 0. 0. 0. 0. 0. 0. 0.
 0. 0. 0. 0. 0. 0. 0. 0. 0. 0. 0. 0. 0. 0. 0. 0. 0. 0. 0. 0. 0. 0. 0. 0.
 0. 0. 0. 0. 0. 0. 0. 0. 0. 0. 0. 0. 0. 0. 0. 0. 0. 0. 0. 0. 0. 0. 0. 0.
 0. 0. 0. 0. 0. 0. 0. 0. 0. 0. 0. 0. 0. 0. 0. 0. 0. 0. 0. 0. 0. 0. 0. 0.
 0. 0. 0. 0. 0. 0. 0. 0. 0. 0. 0. 0. 0. 0. 0. 0. 0. 0. 0. 0. 0. 0. 0. 0.
 0. 0. 0. 0. 0. 0. 0. 0. 0. 0. 0. 0. 0. 0. 0. 0. 0. 0. 0. 0. 0. 0. 0. 0.
 0. 0. 0. 0. 0. 0. 0. 0. 0. 0. 0. 0. 0. 0. 0. 0. 0. 0. 0. 0. 0. 0. 0. 0.
 0. 0. 0. 0. 0. 0. 0. 0. 0. 0. 0. 0. 0. 0. 0. 0. 0. 0. 0. 0. 0. 0. 0. 0.
 0. 0. 0. 0. 0. 0. 0. 0. 0. 0. 0. 0. 0. 0. 0. 0. 0. 0. 0. 0. 0. 0. 0. 0.
 0. 0. 0. 0. 0. 0. 0. 0. 0. 0. 0. 0. 0. 0. 0. 0. 0. 0. 0. 0. 0. 0. 0. 0.
 0. 0. 0. 0. 0. 0. 0. 0. 0. 0. 0. 0. 0. 0. 0. 0. 0. 0. 0. 0. 0. 0. 0. 0.]
Write sucessfully to ./data/data_shots_100000_layer_1/alpha_0.001/N_120/r_21/ansatz_type_linear_cnot/initialization_zeros

vqe.cvar_eval[0]: -32.53498799999995 , min_cvar: -45.082071999999926 , opt_cvar: -45.082071999999926

vqe.poss_eval[-1]: 0 vqe.poss_eval[0] 0  , max_poss: 0 , opt_poss: 0

vqe.r_eval[-1]: 0.43871873757268354 vqe.r_eval[0]: 0.3218488086594025 max_r: 0.44596946416877137 , min_r: 0.31370501682695573
