000 (15756408.916.000) 2026-02-06 11:26:59 Job submitted from host: <141.34.103.35:9618?addrs=141.34.103.35-9618+[2001-638-700-f067--1-23]-9618&alias=wgs39.zeuthen.desy.de&noUDP&sock=schedd_7414_f73f>
...
009 (15756408.916.000) 2026-02-10 11:47:39 Job was aborted.
	via condor_rm (by user tuccia)
...
000 (15951004.611.000) 2026-02-10 16:30:06 Job submitted from host: <141.34.103.35:9618?addrs=141.34.103.35-9618+[2001-638-700-f067--1-23]-9618&alias=wgs39.zeuthen.desy.de&noUDP&sock=schedd_7302_24a3>
...
001 (15951004.611.000) 2026-02-10 18:52:05 Job executing on host: <141.34.15.84:9618?addrs=141.34.15.84-9618+[2001-638-700-f00f--1-54]-9618&alias=genoa08.zeuthen.desy.de&noUDP&sock=startd_10216_e79d>
	SlotName: slot1_52@genoa08.zeuthen.desy.de
	CondorScratchDir = "/batch/dir_3439829"
	Cpus = 1
	Disk = 1025681
	GPUs = 0
	Memory = 5120
...
006 (15951004.611.000) 2026-02-10 18:52:19 Image size of job updated: 101396
	100  -  MemoryUsage of job (MB)
	101396  -  ResidentSetSize of job (KB)
...
006 (15951004.611.000) 2026-02-10 18:57:20 Image size of job updated: 945756
	601  -  MemoryUsage of job (MB)
	615208  -  ResidentSetSize of job (KB)
...
006 (15951004.611.000) 2026-02-10 19:02:20 Image size of job updated: 945756
	727  -  MemoryUsage of job (MB)
	744328  -  ResidentSetSize of job (KB)
...
006 (15951004.611.000) 2026-02-10 19:07:20 Image size of job updated: 945756
	728  -  MemoryUsage of job (MB)
	744648  -  ResidentSetSize of job (KB)
...
006 (15951004.611.000) 2026-02-10 19:12:21 Image size of job updated: 945756
	728  -  MemoryUsage of job (MB)
	744944  -  ResidentSetSize of job (KB)
...
006 (15951004.611.000) 2026-02-10 19:17:21 Image size of job updated: 945756
	728  -  MemoryUsage of job (MB)
	745264  -  ResidentSetSize of job (KB)
...
006 (15951004.611.000) 2026-02-10 19:22:22 Image size of job updated: 945756
	729  -  MemoryUsage of job (MB)
	745580  -  ResidentSetSize of job (KB)
...
006 (15951004.611.000) 2026-02-10 19:27:23 Image size of job updated: 945756
	729  -  MemoryUsage of job (MB)
	745888  -  ResidentSetSize of job (KB)
...
006 (15951004.611.000) 2026-02-10 19:32:23 Image size of job updated: 945756
	729  -  MemoryUsage of job (MB)
	746196  -  ResidentSetSize of job (KB)
...
006 (15951004.611.000) 2026-02-10 19:37:24 Image size of job updated: 945756
	730  -  MemoryUsage of job (MB)
	746500  -  ResidentSetSize of job (KB)
...
006 (15951004.611.000) 2026-02-10 19:42:24 Image size of job updated: 945756
	730  -  MemoryUsage of job (MB)
	746800  -  ResidentSetSize of job (KB)
...
006 (15951004.611.000) 2026-02-10 19:47:24 Image size of job updated: 945756
	730  -  MemoryUsage of job (MB)
	747104  -  ResidentSetSize of job (KB)
...
006 (15951004.611.000) 2026-02-10 19:52:25 Image size of job updated: 945756
	751  -  MemoryUsage of job (MB)
	768892  -  ResidentSetSize of job (KB)
...
006 (15951004.611.000) 2026-02-10 20:52:31 Image size of job updated: 945756
	752  -  MemoryUsage of job (MB)
	769348  -  ResidentSetSize of job (KB)
...
006 (15951004.611.000) 2026-02-10 21:02:32 Image size of job updated: 945756
	754  -  MemoryUsage of job (MB)
	771608  -  ResidentSetSize of job (KB)
...
006 (15951004.611.000) 2026-02-10 21:47:37 Image size of job updated: 945756
	754  -  MemoryUsage of job (MB)
	771700  -  ResidentSetSize of job (KB)
...
006 (15951004.611.000) 2026-02-10 22:42:43 Image size of job updated: 945756
	754  -  MemoryUsage of job (MB)
	772032  -  ResidentSetSize of job (KB)
...
006 (15951004.611.000) 2026-02-10 23:37:48 Image size of job updated: 945756
	755  -  MemoryUsage of job (MB)
	772376  -  ResidentSetSize of job (KB)
...
006 (15951004.611.000) 2026-02-11 02:23:05 Image size of job updated: 945756
	755  -  MemoryUsage of job (MB)
	772384  -  ResidentSetSize of job (KB)
...
006 (15951004.611.000) 2026-02-11 04:13:15 Image size of job updated: 945756
	755  -  MemoryUsage of job (MB)
	772436  -  ResidentSetSize of job (KB)
...
006 (15951004.611.000) 2026-02-11 05:08:20 Image size of job updated: 945756
	755  -  MemoryUsage of job (MB)
	772464  -  ResidentSetSize of job (KB)
...
006 (15951004.611.000) 2026-02-11 07:08:31 Image size of job updated: 945756
	755  -  MemoryUsage of job (MB)
	772620  -  ResidentSetSize of job (KB)
...
006 (15951004.611.000) 2026-02-11 08:08:37 Image size of job updated: 945756
	755  -  MemoryUsage of job (MB)
	772972  -  ResidentSetSize of job (KB)
...
006 (15951004.611.000) 2026-02-11 10:08:48 Image size of job updated: 945756
	756  -  MemoryUsage of job (MB)
	773152  -  ResidentSetSize of job (KB)
...
