~~~~~~~~~~~~~~~~~~~~~~~~~~~~~~

n_qubits: 120, 
r: 38, 
alpha: 0.01, 
shots: 10000, 
ansatz: linear_cnot, 
layer: 1, 
tau: 0.3

time for simulated annealing:  90.717928647995
Rank 1: Bitstring=111001100111001110001010010001001001110111011111100101000000101000101011110100101011011000001011010010110001010100100010, Decimal=1196571709289695105247031335987123490, Energy=-108.728
Rank 2: Bitstring=111001100101001010001110010001011001110011011011110001100100101000100011111100101001011010001011010010110000010000100110, Decimal=1195902706993682778662863365011604518, Energy=-108.7038
Rank 3: Bitstring=111001100111001110001010010001001001110011011011100101000000101000101011110100101001011000001011010010110001010100100010, Decimal=1196571709288467289961485090792609058, Energy=-108.6758
Rank 4: Bitstring=111001100101001110001110110000001001110011011011100001000000101000101011111100101001011010001011010010110000010100100110, Decimal=1195923027469941416264187681966851366, Energy=-108.6702
Rank 5: Bitstring=111001100101001110001110110000001001110011011011110001100100101000100011111100101001011010001011010010110000010100100110, Decimal=1195923027469942638358730765410960678, Energy=-108.6494
Rank 6: Bitstring=111001100101001010001110010001011001110111011111110001100100101000100011111100101011011000001011010010110001010000100110, Decimal=1195902706994910593948409608058639398, Energy=-108.4684
Rank 7: Bitstring=111001100111001110001010010001001001111111011111100101000000101000001011110100101011011000001011010010110001010000100010, Decimal=1196571709292112956877253395081794594, Energy=-108.452
Rank 8: Bitstring=111001100111001110001010010001000001110101011111100101000000101000101011110100101011011100001011010010110001010100100010, Decimal=1196571709134348137426551491332347170, Energy=-108.4514
Rank 9: Bitstring=111001100101001110001110110000001001110111011111100001000000101000101011111100101011011000001011010010110001010100100110, Decimal=1195923027471169231549733925013886246, Energy=-108.4348
Rank 10: Bitstring=111001100101001010001110010001010001110001011011110001100100101000100011111100101001011110001011010010110000010000100110, Decimal=1195902706838335810842383520356828198, Energy=-108.4272

E_min from simulated annealing:  -108.728
Minimum energy: -108.728
States with energy within 1e-08 of minimum: [1196571709289695105247031335987123490]
4


################## Start optimization with initial parameters: [0. 0. 0. 0. 0. 0. 0. 0. 0. 0. 0. 0. 0. 0. 0. 0. 0. 0. 0. 0. 0. 0. 0. 0.
 0. 0. 0. 0. 0. 0. 0. 0. 0. 0. 0. 0. 0. 0. 0. 0. 0. 0. 0. 0. 0. 0. 0. 0.
 0. 0. 0. 0. 0. 0. 0. 0. 0. 0. 0. 0. 0. 0. 0. 0. 0. 0. 0. 0. 0. 0. 0. 0.
 0. 0. 0. 0. 0. 0. 0. 0. 0. 0. 0. 0. 0. 0. 0. 0. 0. 0. 0. 0. 0. 0. 0. 0.
 0. 0. 0. 0. 0. 0. 0. 0. 0. 0. 0. 0. 0. 0. 0. 0. 0. 0. 0. 0. 0. 0. 0. 0.
 0. 0. 0. 0. 0. 0. 0. 0. 0. 0. 0. 0. 0. 0. 0. 0. 0. 0. 0. 0. 0. 0. 0. 0.
 0. 0. 0. 0. 0. 0. 0. 0. 0. 0. 0. 0. 0. 0. 0. 0. 0. 0. 0. 0. 0. 0. 0. 0.
 0. 0. 0. 0. 0. 0. 0. 0. 0. 0. 0. 0. 0. 0. 0. 0. 0. 0. 0. 0. 0. 0. 0. 0.
 0. 0. 0. 0. 0. 0. 0. 0. 0. 0. 0. 0. 0. 0. 0. 0. 0. 0. 0. 0. 0. 0. 0. 0.
 0. 0. 0. 0. 0. 0. 0. 0. 0. 0. 0. 0. 0. 0. 0. 0. 0. 0. 0. 0. 0. 0. 0. 0.
 0. 0. 0. 0. 0. 0. 0. 0. 0. 0. 0. 0. 0. 0. 0. 0. 0. 0. 0. 0. 0. 0. 0. 0.
 0. 0. 0. 0. 0. 0. 0. 0. 0. 0. 0. 0. 0. 0. 0. 0. 0. 0. 0. 0. 0. 0. 0. 0.
 0. 0. 0. 0. 0. 0. 0. 0. 0. 0. 0. 0. 0. 0. 0. 0. 0. 0. 0. 0. 0. 0. 0. 0.
 0. 0. 0. 0. 0. 0. 0. 0. 0. 0. 0. 0. 0. 0. 0. 0. 0. 0. 0. 0. 0. 0. 0. 0.
 0. 0. 0. 0. 0. 0. 0. 0. 0. 0. 0. 0. 0. 0. 0. 0. 0. 0. 0. 0. 0. 0. 0. 0.
 0. 0. 0. 0. 0. 0. 0. 0. 0. 0. 0. 0. 0. 0. 0. 0. 0. 0. 0. 0. 0. 0. 0. 0.
 0. 0. 0. 0. 0. 0. 0. 0. 0. 0. 0. 0. 0. 0. 0. 0. 0. 0. 0. 0. 0. 0. 0. 0.
 0. 0. 0. 0. 0. 0. 0. 0. 0. 0. 0. 0. 0. 0. 0. 0. 0. 0. 0. 0. 0. 0. 0. 0.
 0. 0. 0. 0. 0. 0. 0. 0. 0. 0. 0. 0. 0. 0. 0. 0. 0. 0. 0. 0. 0. 0. 0. 0.
 0. 0. 0. 0. 0. 0. 0. 0. 0. 0. 0. 0. 0. 0. 0. 0. 0. 0. 0. 0. 0. 0. 0. 0.]
Write sucessfully to ./data/data_shots_10000_layer_1/alpha_0.01/N_120/r_38/ansatz_type_linear_cnot/initialization_zeros

vqe.cvar_eval[0]: -26.954974000000018 , min_cvar: -32.847790000000046 , opt_cvar: -32.847790000000046

vqe.poss_eval[-1]: 0 vqe.poss_eval[0] 0  , max_poss: 0 , opt_poss: 0

vqe.r_eval[-1]: 0.2960722353027742 vqe.r_eval[0]: 0.2479119821940992 max_r: 0.30210976013538415 , min_r: 0.24015948053859187
