000 (15756408.1156.000) 2026-02-06 11:27:00 Job submitted from host: <141.34.103.35:9618?addrs=141.34.103.35-9618+[2001-638-700-f067--1-23]-9618&alias=wgs39.zeuthen.desy.de&noUDP&sock=schedd_7414_f73f>
...
009 (15756408.1156.000) 2026-02-10 11:47:44 Job was aborted.
	via condor_rm (by user tuccia)
...
000 (15951004.771.000) 2026-02-10 16:30:08 Job submitted from host: <141.34.103.35:9618?addrs=141.34.103.35-9618+[2001-638-700-f067--1-23]-9618&alias=wgs39.zeuthen.desy.de&noUDP&sock=schedd_7302_24a3>
...
001 (15951004.771.000) 2026-02-11 04:10:27 Job executing on host: <141.34.15.41:9618?addrs=141.34.15.41-9618+[2001-638-700-f00f--1-29]-9618&alias=pizza12.zeuthen.desy.de&noUDP&sock=startd_8275_8a49>
	SlotName: slot1_24@pizza12.zeuthen.desy.de
	CondorScratchDir = "/batch/dir_811114"
	Cpus = 1
	Disk = 1025696
	GPUs = 0
	Memory = 5120
...
006 (15951004.771.000) 2026-02-11 04:10:40 Image size of job updated: 103324
	101  -  MemoryUsage of job (MB)
	103324  -  ResidentSetSize of job (KB)
...
006 (15951004.771.000) 2026-02-11 04:15:40 Image size of job updated: 973208
	606  -  MemoryUsage of job (MB)
	620036  -  ResidentSetSize of job (KB)
...
006 (15951004.771.000) 2026-02-11 04:20:41 Image size of job updated: 973208
	736  -  MemoryUsage of job (MB)
	752960  -  ResidentSetSize of job (KB)
...
006 (15951004.771.000) 2026-02-11 04:25:41 Image size of job updated: 973208
	736  -  MemoryUsage of job (MB)
	753172  -  ResidentSetSize of job (KB)
...
006 (15951004.771.000) 2026-02-11 04:30:41 Image size of job updated: 973208
	736  -  MemoryUsage of job (MB)
	753372  -  ResidentSetSize of job (KB)
...
006 (15951004.771.000) 2026-02-11 04:35:42 Image size of job updated: 973208
	737  -  MemoryUsage of job (MB)
	753688  -  ResidentSetSize of job (KB)
...
006 (15951004.771.000) 2026-02-11 04:40:42 Image size of job updated: 973208
	737  -  MemoryUsage of job (MB)
	754164  -  ResidentSetSize of job (KB)
...
006 (15951004.771.000) 2026-02-11 04:45:42 Image size of job updated: 973208
	737  -  MemoryUsage of job (MB)
	754364  -  ResidentSetSize of job (KB)
...
006 (15951004.771.000) 2026-02-11 04:50:43 Image size of job updated: 973208
	737  -  MemoryUsage of job (MB)
	754568  -  ResidentSetSize of job (KB)
...
006 (15951004.771.000) 2026-02-11 04:55:43 Image size of job updated: 973208
	738  -  MemoryUsage of job (MB)
	754748  -  ResidentSetSize of job (KB)
...
006 (15951004.771.000) 2026-02-11 05:00:43 Image size of job updated: 973208
	738  -  MemoryUsage of job (MB)
	754964  -  ResidentSetSize of job (KB)
...
006 (15951004.771.000) 2026-02-11 05:05:44 Image size of job updated: 973208
	738  -  MemoryUsage of job (MB)
	755160  -  ResidentSetSize of job (KB)
...
006 (15951004.771.000) 2026-02-11 05:10:45 Image size of job updated: 973208
	738  -  MemoryUsage of job (MB)
	755352  -  ResidentSetSize of job (KB)
...
006 (15951004.771.000) 2026-02-11 05:15:45 Image size of job updated: 973208
	738  -  MemoryUsage of job (MB)
	755552  -  ResidentSetSize of job (KB)
...
006 (15951004.771.000) 2026-02-11 05:20:46 Image size of job updated: 973208
	739  -  MemoryUsage of job (MB)
	755764  -  ResidentSetSize of job (KB)
...
006 (15951004.771.000) 2026-02-11 05:25:47 Image size of job updated: 973208
	739  -  MemoryUsage of job (MB)
	755960  -  ResidentSetSize of job (KB)
...
006 (15951004.771.000) 2026-02-11 05:30:47 Image size of job updated: 973208
	739  -  MemoryUsage of job (MB)
	756172  -  ResidentSetSize of job (KB)
...
006 (15951004.771.000) 2026-02-11 05:35:47 Image size of job updated: 973208
	739  -  MemoryUsage of job (MB)
	756364  -  ResidentSetSize of job (KB)
...
006 (15951004.771.000) 2026-02-11 05:40:48 Image size of job updated: 973208
	739  -  MemoryUsage of job (MB)
	756544  -  ResidentSetSize of job (KB)
...
006 (15951004.771.000) 2026-02-11 05:45:48 Image size of job updated: 973208
	760  -  MemoryUsage of job (MB)
	777876  -  ResidentSetSize of job (KB)
...
006 (15951004.771.000) 2026-02-11 07:15:57 Image size of job updated: 973208
	761  -  MemoryUsage of job (MB)
	778428  -  ResidentSetSize of job (KB)
...
006 (15951004.771.000) 2026-02-11 07:45:59 Image size of job updated: 973208
	763  -  MemoryUsage of job (MB)
	780472  -  ResidentSetSize of job (KB)
...
006 (15951004.771.000) 2026-02-11 08:51:06 Image size of job updated: 973208
	763  -  MemoryUsage of job (MB)
	780816  -  ResidentSetSize of job (KB)
...
006 (15951004.771.000) 2026-02-11 10:21:14 Image size of job updated: 973208
	763  -  MemoryUsage of job (MB)
	781136  -  ResidentSetSize of job (KB)
...
004 (15951004.771.000) 2026-02-11 11:11:59 Job was evicted.
	(0) CPU times
		Usr 0 06:56:18, Sys 0 00:00:03  -  Run Remote Usage
		Usr 0 00:00:00, Sys 0 00:00:00  -  Run Local Usage
	0  -  Run Bytes Sent By Job
	0  -  Run Bytes Received By Job
	Partitionable Resources :    Usage  Request Allocated 
	   Cpus                 :     0.99        1         1 
	   Disk (KB)            :     1     1024000   1025696 
	   GPUs                 :                           0 
	   Memory (MB)          :   763        5120      5120 
	   TimeExecute (s)      : 25290                       
	   TimeSlotBusy (s)     : 25291                       
...
009 (15951004.771.000) 2026-02-11 11:12:00 Job was aborted.
	via condor_rm (by user tuccia)
...
000 (15988842.771.000) 2026-02-11 11:12:47 Job submitted from host: <141.34.103.35:9618?addrs=141.34.103.35-9618+[2001-638-700-f067--1-23]-9618&alias=wgs39.zeuthen.desy.de&noUDP&sock=schedd_7302_24a3>
...
001 (15988842.771.000) 2026-02-11 12:57:07 Job executing on host: <141.34.15.86:9618?addrs=141.34.15.86-9618+[2001-638-700-f00f--1-56]-9618&alias=genoa10.zeuthen.desy.de&noUDP&sock=startd_10124_cce6>
	SlotName: slot1_47@genoa10.zeuthen.desy.de
	CondorScratchDir = "/batch/dir_1178302"
	Cpus = 1
	Disk = 1025681
	GPUs = 0
	Memory = 5120
...
006 (15988842.771.000) 2026-02-11 12:57:21 Image size of job updated: 101396
	100  -  MemoryUsage of job (MB)
	101396  -  ResidentSetSize of job (KB)
...
006 (15988842.771.000) 2026-02-11 13:02:22 Image size of job updated: 622916
	609  -  MemoryUsage of job (MB)
	622916  -  ResidentSetSize of job (KB)
...
006 (15988842.771.000) 2026-02-11 13:07:22 Image size of job updated: 752848
	736  -  MemoryUsage of job (MB)
	752848  -  ResidentSetSize of job (KB)
...
006 (15988842.771.000) 2026-02-11 13:12:22 Image size of job updated: 753472
	736  -  MemoryUsage of job (MB)
	753472  -  ResidentSetSize of job (KB)
...
006 (15988842.771.000) 2026-02-11 13:17:23 Image size of job updated: 753800
	737  -  MemoryUsage of job (MB)
	753800  -  ResidentSetSize of job (KB)
...
006 (15988842.771.000) 2026-02-11 13:22:23 Image size of job updated: 754120
	737  -  MemoryUsage of job (MB)
	754120  -  ResidentSetSize of job (KB)
...
006 (15988842.771.000) 2026-02-11 13:27:23 Image size of job updated: 754448
	737  -  MemoryUsage of job (MB)
	754448  -  ResidentSetSize of job (KB)
...
006 (15988842.771.000) 2026-02-11 13:32:24 Image size of job updated: 754776
	738  -  MemoryUsage of job (MB)
	754776  -  ResidentSetSize of job (KB)
...
006 (15988842.771.000) 2026-02-11 13:37:24 Image size of job updated: 755080
	738  -  MemoryUsage of job (MB)
	755080  -  ResidentSetSize of job (KB)
...
006 (15988842.771.000) 2026-02-11 13:42:24 Image size of job updated: 755392
	738  -  MemoryUsage of job (MB)
	755392  -  ResidentSetSize of job (KB)
...
006 (15988842.771.000) 2026-02-11 13:47:25 Image size of job updated: 755688
	738  -  MemoryUsage of job (MB)
	755688  -  ResidentSetSize of job (KB)
...
006 (15988842.771.000) 2026-02-11 13:52:25 Image size of job updated: 755992
	739  -  MemoryUsage of job (MB)
	755992  -  ResidentSetSize of job (KB)
...
006 (15988842.771.000) 2026-02-11 13:57:26 Image size of job updated: 779196
	761  -  MemoryUsage of job (MB)
	779196  -  ResidentSetSize of job (KB)
...
006 (15988842.771.000) 2026-02-11 14:02:26 Image size of job updated: 803764
	761  -  MemoryUsage of job (MB)
	779204  -  ResidentSetSize of job (KB)
...
006 (15988842.771.000) 2026-02-11 17:52:49 Image size of job updated: 803764
	780  -  MemoryUsage of job (MB)
	798560  -  ResidentSetSize of job (KB)
...
006 (15988842.771.000) 2026-02-11 21:53:10 Image size of job updated: 804480
	780  -  MemoryUsage of job (MB)
	798560  -  ResidentSetSize of job (KB)
...
006 (15988842.771.000) 2026-02-11 22:53:15 Image size of job updated: 804572
	780  -  MemoryUsage of job (MB)
	798560  -  ResidentSetSize of job (KB)
...
006 (15988842.771.000) 2026-02-11 23:48:20 Image size of job updated: 805428
	780  -  MemoryUsage of job (MB)
	798560  -  ResidentSetSize of job (KB)
...
006 (15988842.771.000) 2026-02-12 01:48:32 Image size of job updated: 805940
	780  -  MemoryUsage of job (MB)
	798560  -  ResidentSetSize of job (KB)
...
