000 (15756408.960.000) 2026-02-06 11:26:59 Job submitted from host: <141.34.103.35:9618?addrs=141.34.103.35-9618+[2001-638-700-f067--1-23]-9618&alias=wgs39.zeuthen.desy.de&noUDP&sock=schedd_7414_f73f>
...
009 (15756408.960.000) 2026-02-10 11:47:40 Job was aborted.
	via condor_rm (by user tuccia)
...
000 (15951004.640.000) 2026-02-10 16:30:06 Job submitted from host: <141.34.103.35:9618?addrs=141.34.103.35-9618+[2001-638-700-f067--1-23]-9618&alias=wgs39.zeuthen.desy.de&noUDP&sock=schedd_7302_24a3>
...
001 (15951004.640.000) 2026-02-10 18:52:46 Job executing on host: <141.34.15.177:9618?addrs=141.34.15.177-9618+[2001-638-700-f00f--1-b1]-9618&alias=genoa02.zeuthen.desy.de&noUDP&sock=startd_9554_d3eb>
	SlotName: slot1_40@genoa02.zeuthen.desy.de
	CondorScratchDir = "/batch/dir_2744548"
	Cpus = 1
	Disk = 1025697
	GPUs = 0
	Memory = 5120
...
006 (15951004.640.000) 2026-02-10 18:52:59 Image size of job updated: 101404
	100  -  MemoryUsage of job (MB)
	101404  -  ResidentSetSize of job (KB)
...
006 (15951004.640.000) 2026-02-10 18:57:59 Image size of job updated: 447760
	438  -  MemoryUsage of job (MB)
	447760  -  ResidentSetSize of job (KB)
...
006 (15951004.640.000) 2026-02-10 19:03:00 Image size of job updated: 478044
	467  -  MemoryUsage of job (MB)
	478044  -  ResidentSetSize of job (KB)
...
006 (15951004.640.000) 2026-02-10 19:08:00 Image size of job updated: 480260
	470  -  MemoryUsage of job (MB)
	480260  -  ResidentSetSize of job (KB)
...
006 (15951004.640.000) 2026-02-10 19:13:00 Image size of job updated: 480288
	470  -  MemoryUsage of job (MB)
	480288  -  ResidentSetSize of job (KB)
...
006 (15951004.640.000) 2026-02-10 19:23:02 Image size of job updated: 480296
	470  -  MemoryUsage of job (MB)
	480296  -  ResidentSetSize of job (KB)
...
006 (15951004.640.000) 2026-02-10 19:28:02 Image size of job updated: 480300
	470  -  MemoryUsage of job (MB)
	480300  -  ResidentSetSize of job (KB)
...
006 (15951004.640.000) 2026-02-10 20:18:08 Image size of job updated: 480356
	470  -  MemoryUsage of job (MB)
	480356  -  ResidentSetSize of job (KB)
...
006 (15951004.640.000) 2026-02-10 20:28:09 Image size of job updated: 480532
	470  -  MemoryUsage of job (MB)
	480532  -  ResidentSetSize of job (KB)
...
006 (15951004.640.000) 2026-02-10 20:53:13 Image size of job updated: 480536
	470  -  MemoryUsage of job (MB)
	480536  -  ResidentSetSize of job (KB)
...
006 (15951004.640.000) 2026-02-10 21:18:16 Image size of job updated: 480560
	470  -  MemoryUsage of job (MB)
	480560  -  ResidentSetSize of job (KB)
...
006 (15951004.640.000) 2026-02-10 21:33:18 Image size of job updated: 480696
	470  -  MemoryUsage of job (MB)
	480696  -  ResidentSetSize of job (KB)
...
006 (15951004.640.000) 2026-02-10 22:03:21 Image size of job updated: 480704
	470  -  MemoryUsage of job (MB)
	480696  -  ResidentSetSize of job (KB)
...
006 (15951004.640.000) 2026-02-11 08:29:20 Image size of job updated: 480792
	470  -  MemoryUsage of job (MB)
	480792  -  ResidentSetSize of job (KB)
...
006 (15951004.640.000) 2026-02-11 08:34:20 Image size of job updated: 480880
	470  -  MemoryUsage of job (MB)
	480880  -  ResidentSetSize of job (KB)
...
006 (15951004.640.000) 2026-02-11 08:44:21 Image size of job updated: 481116
	470  -  MemoryUsage of job (MB)
	481116  -  ResidentSetSize of job (KB)
...
006 (15951004.640.000) 2026-02-11 09:29:25 Image size of job updated: 481164
	470  -  MemoryUsage of job (MB)
	481164  -  ResidentSetSize of job (KB)
...
006 (15951004.640.000) 2026-02-11 09:39:26 Image size of job updated: 481260
	470  -  MemoryUsage of job (MB)
	481260  -  ResidentSetSize of job (KB)
...
006 (15951004.640.000) 2026-02-11 09:44:26 Image size of job updated: 481372
	471  -  MemoryUsage of job (MB)
	481372  -  ResidentSetSize of job (KB)
...
006 (15951004.640.000) 2026-02-11 09:54:27 Image size of job updated: 481424
	471  -  MemoryUsage of job (MB)
	481424  -  ResidentSetSize of job (KB)
...
006 (15951004.640.000) 2026-02-11 09:59:27 Image size of job updated: 481524
	471  -  MemoryUsage of job (MB)
	481524  -  ResidentSetSize of job (KB)
...
006 (15951004.640.000) 2026-02-11 10:09:28 Image size of job updated: 481628
	471  -  MemoryUsage of job (MB)
	481628  -  ResidentSetSize of job (KB)
...
