000 (15756407.1036.000) 2026-02-06 11:26:13 Job submitted from host: <141.34.103.35:9618?addrs=141.34.103.35-9618+[2001-638-700-f067--1-23]-9618&alias=wgs39.zeuthen.desy.de&noUDP&sock=schedd_7414_f73f>
...
009 (15756407.1036.000) 2026-02-10 11:42:43 Job was aborted.
	via condor_rm (by user tuccia)
...
000 (15949294.691.000) 2026-02-10 11:45:21 Job submitted from host: <141.34.103.35:9618?addrs=141.34.103.35-9618+[2001-638-700-f067--1-23]-9618&alias=wgs39.zeuthen.desy.de&noUDP&sock=schedd_7302_24a3>
...
009 (15949294.691.000) 2026-02-10 11:45:47 Job was aborted.
	via condor_rm (by user tuccia)
...
000 (15949295.691.000) 2026-02-10 11:46:05 Job submitted from host: <141.34.103.35:9618?addrs=141.34.103.35-9618+[2001-638-700-f067--1-23]-9618&alias=wgs39.zeuthen.desy.de&noUDP&sock=schedd_7302_24a3>
...
000 (15950983.183.000) 2026-02-10 16:27:56 Job submitted from host: <141.34.103.35:9618?addrs=141.34.103.35-9618+[2001-638-700-f067--1-23]-9618&alias=wgs39.zeuthen.desy.de&noUDP&sock=schedd_7302_24a3>
...
001 (15950983.183.000) 2026-02-10 16:38:25 Job executing on host: <141.34.15.15:9618?addrs=141.34.15.15-9618+[2001-638-700-f00f--1-f]-9618&alias=bladej2.zeuthen.desy.de&noUDP&sock=startd_9360_c28b>
	SlotName: slot1_8@bladej2.zeuthen.desy.de
	CondorScratchDir = "/batch/dir_2648798"
	Cpus = 1
	Disk = 1025024
	GPUs = 0
	Memory = 5120
...
006 (15950983.183.000) 2026-02-10 16:38:38 Image size of job updated: 101276
	99  -  MemoryUsage of job (MB)
	101276  -  ResidentSetSize of job (KB)
...
006 (15950983.183.000) 2026-02-10 16:43:38 Image size of job updated: 814204
	678  -  MemoryUsage of job (MB)
	693908  -  ResidentSetSize of job (KB)
...
006 (15950983.183.000) 2026-02-10 16:48:39 Image size of job updated: 814204
	684  -  MemoryUsage of job (MB)
	699872  -  ResidentSetSize of job (KB)
...
006 (15950983.183.000) 2026-02-10 17:28:43 Image size of job updated: 814204
	686  -  MemoryUsage of job (MB)
	701612  -  ResidentSetSize of job (KB)
...
006 (15950983.183.000) 2026-02-10 18:48:52 Image size of job updated: 814204
	687  -  MemoryUsage of job (MB)
	703300  -  ResidentSetSize of job (KB)
...
006 (15950983.183.000) 2026-02-10 19:03:53 Image size of job updated: 814204
	688  -  MemoryUsage of job (MB)
	704080  -  ResidentSetSize of job (KB)
...
006 (15950983.183.000) 2026-02-10 19:08:54 Image size of job updated: 814204
	688  -  MemoryUsage of job (MB)
	704244  -  ResidentSetSize of job (KB)
...
006 (15950983.183.000) 2026-02-10 19:13:54 Image size of job updated: 814204
	688  -  MemoryUsage of job (MB)
	704336  -  ResidentSetSize of job (KB)
...
006 (15950983.183.000) 2026-02-10 19:18:54 Image size of job updated: 814204
	688  -  MemoryUsage of job (MB)
	704436  -  ResidentSetSize of job (KB)
...
006 (15950983.183.000) 2026-02-10 19:23:55 Image size of job updated: 814204
	689  -  MemoryUsage of job (MB)
	704688  -  ResidentSetSize of job (KB)
...
006 (15950983.183.000) 2026-02-10 19:28:55 Image size of job updated: 814204
	690  -  MemoryUsage of job (MB)
	706156  -  ResidentSetSize of job (KB)
...
006 (15950983.183.000) 2026-02-10 19:33:55 Image size of job updated: 814204
	691  -  MemoryUsage of job (MB)
	707420  -  ResidentSetSize of job (KB)
...
006 (15950983.183.000) 2026-02-10 19:38:56 Image size of job updated: 814204
	692  -  MemoryUsage of job (MB)
	708412  -  ResidentSetSize of job (KB)
...
006 (15950983.183.000) 2026-02-10 19:53:57 Image size of job updated: 814204
	693  -  MemoryUsage of job (MB)
	708896  -  ResidentSetSize of job (KB)
...
006 (15950983.183.000) 2026-02-10 19:58:57 Image size of job updated: 814204
	693  -  MemoryUsage of job (MB)
	709188  -  ResidentSetSize of job (KB)
...
006 (15950983.183.000) 2026-02-10 20:03:58 Image size of job updated: 814204
	693  -  MemoryUsage of job (MB)
	709252  -  ResidentSetSize of job (KB)
...
006 (15950983.183.000) 2026-02-10 20:13:59 Image size of job updated: 814204
	693  -  MemoryUsage of job (MB)
	709336  -  ResidentSetSize of job (KB)
...
006 (15950983.183.000) 2026-02-10 20:19:00 Image size of job updated: 814204
	693  -  MemoryUsage of job (MB)
	709444  -  ResidentSetSize of job (KB)
...
006 (15950983.183.000) 2026-02-10 20:29:01 Image size of job updated: 814204
	698  -  MemoryUsage of job (MB)
	714684  -  ResidentSetSize of job (KB)
...
006 (15950983.183.000) 2026-02-10 20:34:01 Image size of job updated: 814204
	699  -  MemoryUsage of job (MB)
	715328  -  ResidentSetSize of job (KB)
...
006 (15950983.183.000) 2026-02-10 20:39:02 Image size of job updated: 814204
	700  -  MemoryUsage of job (MB)
	715968  -  ResidentSetSize of job (KB)
...
006 (15950983.183.000) 2026-02-10 20:44:02 Image size of job updated: 814204
	700  -  MemoryUsage of job (MB)
	716668  -  ResidentSetSize of job (KB)
...
006 (15950983.183.000) 2026-02-10 20:49:02 Image size of job updated: 814204
	701  -  MemoryUsage of job (MB)
	717212  -  ResidentSetSize of job (KB)
...
006 (15950983.183.000) 2026-02-10 20:54:03 Image size of job updated: 814204
	702  -  MemoryUsage of job (MB)
	717900  -  ResidentSetSize of job (KB)
...
006 (15950983.183.000) 2026-02-10 20:59:03 Image size of job updated: 814204
	702  -  MemoryUsage of job (MB)
	718400  -  ResidentSetSize of job (KB)
...
006 (15950983.183.000) 2026-02-10 21:14:04 Image size of job updated: 814204
	702  -  MemoryUsage of job (MB)
	718500  -  ResidentSetSize of job (KB)
...
006 (15950983.183.000) 2026-02-10 21:34:05 Image size of job updated: 814204
	702  -  MemoryUsage of job (MB)
	718600  -  ResidentSetSize of job (KB)
...
006 (15950983.183.000) 2026-02-10 22:24:12 Image size of job updated: 814204
	705  -  MemoryUsage of job (MB)
	721884  -  ResidentSetSize of job (KB)
...
006 (15950983.183.000) 2026-02-11 04:29:48 Image size of job updated: 814204
	706  -  MemoryUsage of job (MB)
	722884  -  ResidentSetSize of job (KB)
...
006 (15950983.183.000) 2026-02-11 14:05:44 Image size of job updated: 814204
	706  -  MemoryUsage of job (MB)
	722896  -  ResidentSetSize of job (KB)
...
006 (15950983.183.000) 2026-02-11 14:40:49 Image size of job updated: 814204
	707  -  MemoryUsage of job (MB)
	723188  -  ResidentSetSize of job (KB)
...
006 (15950983.183.000) 2026-02-11 15:50:57 Image size of job updated: 814204
	707  -  MemoryUsage of job (MB)
	723340  -  ResidentSetSize of job (KB)
...
006 (15950983.183.000) 2026-02-11 17:36:05 Image size of job updated: 814204
	707  -  MemoryUsage of job (MB)
	723432  -  ResidentSetSize of job (KB)
...
006 (15950983.183.000) 2026-02-11 18:11:10 Image size of job updated: 814204
	707  -  MemoryUsage of job (MB)
	723968  -  ResidentSetSize of job (KB)
...
006 (15950983.183.000) 2026-02-11 18:16:10 Image size of job updated: 814204
	711  -  MemoryUsage of job (MB)
	727300  -  ResidentSetSize of job (KB)
...
006 (15950983.183.000) 2026-02-11 18:51:13 Image size of job updated: 814204
	711  -  MemoryUsage of job (MB)
	727588  -  ResidentSetSize of job (KB)
...
006 (15950983.183.000) 2026-02-11 19:26:15 Image size of job updated: 814204
	711  -  MemoryUsage of job (MB)
	727616  -  ResidentSetSize of job (KB)
...
006 (15950983.183.000) 2026-02-11 20:31:22 Image size of job updated: 814204
	711  -  MemoryUsage of job (MB)
	727688  -  ResidentSetSize of job (KB)
...
006 (15950983.183.000) 2026-02-11 21:01:25 Image size of job updated: 814204
	711  -  MemoryUsage of job (MB)
	727748  -  ResidentSetSize of job (KB)
...
006 (15950983.183.000) 2026-02-11 22:46:35 Image size of job updated: 814204
	711  -  MemoryUsage of job (MB)
	728008  -  ResidentSetSize of job (KB)
...
006 (15950983.183.000) 2026-02-11 23:26:40 Image size of job updated: 814204
	712  -  MemoryUsage of job (MB)
	728708  -  ResidentSetSize of job (KB)
...
006 (15950983.183.000) 2026-02-12 04:32:06 Image size of job updated: 814204
	712  -  MemoryUsage of job (MB)
	728760  -  ResidentSetSize of job (KB)
...
006 (15950983.183.000) 2026-02-12 05:12:10 Image size of job updated: 814204
	712  -  MemoryUsage of job (MB)
	728852  -  ResidentSetSize of job (KB)
...
006 (15950983.183.000) 2026-02-12 05:52:14 Image size of job updated: 814204
	713  -  MemoryUsage of job (MB)
	729216  -  ResidentSetSize of job (KB)
...
006 (15950983.183.000) 2026-02-12 06:22:17 Image size of job updated: 814204
	713  -  MemoryUsage of job (MB)
	729220  -  ResidentSetSize of job (KB)
...
006 (15950983.183.000) 2026-02-12 06:52:20 Image size of job updated: 814204
	713  -  MemoryUsage of job (MB)
	729248  -  ResidentSetSize of job (KB)
...
006 (15950983.183.000) 2026-02-12 07:27:25 Image size of job updated: 814204
	713  -  MemoryUsage of job (MB)
	729544  -  ResidentSetSize of job (KB)
...
006 (15950983.183.000) 2026-02-12 10:12:47 Image size of job updated: 814204
	713  -  MemoryUsage of job (MB)
	729580  -  ResidentSetSize of job (KB)
...
006 (15950983.183.000) 2026-02-12 10:47:51 Image size of job updated: 814204
	713  -  MemoryUsage of job (MB)
	729660  -  ResidentSetSize of job (KB)
...
