000 (15756408.1032.000) 2026-02-06 11:27:00 Job submitted from host: <141.34.103.35:9618?addrs=141.34.103.35-9618+[2001-638-700-f067--1-23]-9618&alias=wgs39.zeuthen.desy.de&noUDP&sock=schedd_7414_f73f>
...
009 (15756408.1032.000) 2026-02-10 11:47:42 Job was aborted.
	via condor_rm (by user tuccia)
...
000 (15951004.688.000) 2026-02-10 16:30:07 Job submitted from host: <141.34.103.35:9618?addrs=141.34.103.35-9618+[2001-638-700-f067--1-23]-9618&alias=wgs39.zeuthen.desy.de&noUDP&sock=schedd_7302_24a3>
...
001 (15951004.688.000) 2026-02-10 19:15:42 Job executing on host: <141.34.15.204:9618?addrs=141.34.15.204-9618+[2001-638-700-f00f--1-cc]-9618&alias=pizza06.zeuthen.desy.de&noUDP&sock=startd_8233_bb4f>
	SlotName: slot1_12@pizza06.zeuthen.desy.de
	CondorScratchDir = "/batch/dir_1617475"
	Cpus = 1
	Disk = 1025696
	GPUs = 0
	Memory = 5120
...
006 (15951004.688.000) 2026-02-10 19:15:56 Image size of job updated: 103428
	102  -  MemoryUsage of job (MB)
	103428  -  ResidentSetSize of job (KB)
...
006 (15951004.688.000) 2026-02-10 19:20:57 Image size of job updated: 943176
	603  -  MemoryUsage of job (MB)
	616808  -  ResidentSetSize of job (KB)
...
006 (15951004.688.000) 2026-02-10 19:25:57 Image size of job updated: 943176
	643  -  MemoryUsage of job (MB)
	657436  -  ResidentSetSize of job (KB)
...
006 (15951004.688.000) 2026-02-10 19:30:57 Image size of job updated: 943176
	643  -  MemoryUsage of job (MB)
	657652  -  ResidentSetSize of job (KB)
...
006 (15951004.688.000) 2026-02-10 19:35:58 Image size of job updated: 943176
	645  -  MemoryUsage of job (MB)
	659896  -  ResidentSetSize of job (KB)
...
006 (15951004.688.000) 2026-02-10 19:45:58 Image size of job updated: 943176
	645  -  MemoryUsage of job (MB)
	659928  -  ResidentSetSize of job (KB)
...
006 (15951004.688.000) 2026-02-10 19:50:59 Image size of job updated: 943176
	645  -  MemoryUsage of job (MB)
	659932  -  ResidentSetSize of job (KB)
...
006 (15951004.688.000) 2026-02-10 20:00:59 Image size of job updated: 943176
	645  -  MemoryUsage of job (MB)
	660032  -  ResidentSetSize of job (KB)
...
006 (15951004.688.000) 2026-02-10 21:51:11 Image size of job updated: 943176
	647  -  MemoryUsage of job (MB)
	662224  -  ResidentSetSize of job (KB)
...
006 (15951004.688.000) 2026-02-11 00:56:31 Image size of job updated: 943176
	647  -  MemoryUsage of job (MB)
	662236  -  ResidentSetSize of job (KB)
...
006 (15951004.688.000) 2026-02-11 05:56:59 Image size of job updated: 943176
	647  -  MemoryUsage of job (MB)
	662348  -  ResidentSetSize of job (KB)
...
004 (15951004.688.000) 2026-02-11 11:11:59 Job was evicted.
	(0) CPU times
		Usr 0 15:45:52, Sys 0 00:00:05  -  Run Remote Usage
		Usr 0 00:00:00, Sys 0 00:00:00  -  Run Local Usage
	0  -  Run Bytes Sent By Job
	0  -  Run Bytes Received By Job
	Partitionable Resources :    Usage  Request Allocated 
	   Cpus                 :     0.99        1         1 
	   Disk (KB)            :     1     1024000   1025696 
	   GPUs                 :                           0 
	   Memory (MB)          :   647        5120      5120 
	   TimeExecute (s)      : 57375                       
	   TimeSlotBusy (s)     : 57376                       
...
009 (15951004.688.000) 2026-02-11 11:11:59 Job was aborted.
	via condor_rm (by user tuccia)
...
000 (15988842.688.000) 2026-02-11 11:12:47 Job submitted from host: <141.34.103.35:9618?addrs=141.34.103.35-9618+[2001-638-700-f067--1-23]-9618&alias=wgs39.zeuthen.desy.de&noUDP&sock=schedd_7302_24a3>
...
001 (15988842.688.000) 2026-02-11 12:56:47 Job executing on host: <141.34.15.52:9618?addrs=141.34.15.52-9618+[2001-638-700-f00f--1-34]-9618&alias=pizza23.zeuthen.desy.de&noUDP&sock=startd_8270_1c50>
	SlotName: slot1_19@pizza23.zeuthen.desy.de
	CondorScratchDir = "/batch/dir_1747885"
	Cpus = 1
	Disk = 1025696
	GPUs = 0
	Memory = 5120
...
006 (15988842.688.000) 2026-02-11 12:57:01 Image size of job updated: 103428
	102  -  MemoryUsage of job (MB)
	103428  -  ResidentSetSize of job (KB)
...
006 (15988842.688.000) 2026-02-11 13:02:02 Image size of job updated: 736400
	604  -  MemoryUsage of job (MB)
	617772  -  ResidentSetSize of job (KB)
...
006 (15988842.688.000) 2026-02-11 13:07:02 Image size of job updated: 736400
	640  -  MemoryUsage of job (MB)
	655052  -  ResidentSetSize of job (KB)
...
006 (15988842.688.000) 2026-02-11 13:12:03 Image size of job updated: 736400
	640  -  MemoryUsage of job (MB)
	655276  -  ResidentSetSize of job (KB)
...
006 (15988842.688.000) 2026-02-11 13:17:04 Image size of job updated: 736400
	644  -  MemoryUsage of job (MB)
	659396  -  ResidentSetSize of job (KB)
...
006 (15988842.688.000) 2026-02-11 13:27:04 Image size of job updated: 736400
	644  -  MemoryUsage of job (MB)
	659456  -  ResidentSetSize of job (KB)
...
006 (15988842.688.000) 2026-02-11 13:37:05 Image size of job updated: 736400
	645  -  MemoryUsage of job (MB)
	659560  -  ResidentSetSize of job (KB)
...
006 (15988842.688.000) 2026-02-11 15:27:16 Image size of job updated: 736400
	645  -  MemoryUsage of job (MB)
	659580  -  ResidentSetSize of job (KB)
...
006 (15988842.688.000) 2026-02-11 16:22:23 Image size of job updated: 736400
	645  -  MemoryUsage of job (MB)
	659596  -  ResidentSetSize of job (KB)
...
006 (15988842.688.000) 2026-02-11 17:22:28 Image size of job updated: 736400
	645  -  MemoryUsage of job (MB)
	659632  -  ResidentSetSize of job (KB)
...
006 (15988842.688.000) 2026-02-11 18:42:39 Image size of job updated: 736400
	645  -  MemoryUsage of job (MB)
	659748  -  ResidentSetSize of job (KB)
...
006 (15988842.688.000) 2026-02-11 20:52:54 Image size of job updated: 736400
	645  -  MemoryUsage of job (MB)
	659752  -  ResidentSetSize of job (KB)
...
006 (15988842.688.000) 2026-02-11 20:57:54 Image size of job updated: 736400
	645  -  MemoryUsage of job (MB)
	659888  -  ResidentSetSize of job (KB)
...
006 (15988842.688.000) 2026-02-11 21:07:56 Image size of job updated: 736400
	645  -  MemoryUsage of job (MB)
	659896  -  ResidentSetSize of job (KB)
...
006 (15988842.688.000) 2026-02-11 21:17:57 Image size of job updated: 736400
	645  -  MemoryUsage of job (MB)
	659936  -  ResidentSetSize of job (KB)
...
006 (15988842.688.000) 2026-02-11 21:27:58 Image size of job updated: 736400
	645  -  MemoryUsage of job (MB)
	659964  -  ResidentSetSize of job (KB)
...
006 (15988842.688.000) 2026-02-11 21:32:58 Image size of job updated: 736400
	645  -  MemoryUsage of job (MB)
	660072  -  ResidentSetSize of job (KB)
...
006 (15988842.688.000) 2026-02-12 00:43:15 Image size of job updated: 736400
	645  -  MemoryUsage of job (MB)
	660092  -  ResidentSetSize of job (KB)
...
006 (15988842.688.000) 2026-02-12 00:48:16 Image size of job updated: 736400
	645  -  MemoryUsage of job (MB)
	660096  -  ResidentSetSize of job (KB)
...
006 (15988842.688.000) 2026-02-12 03:13:29 Image size of job updated: 736400
	645  -  MemoryUsage of job (MB)
	660244  -  ResidentSetSize of job (KB)
...
006 (15988842.688.000) 2026-02-12 15:59:49 Image size of job updated: 736400
	646  -  MemoryUsage of job (MB)
	661188  -  ResidentSetSize of job (KB)
...
006 (15988842.688.000) 2026-02-12 16:04:50 Image size of job updated: 736400
	646  -  MemoryUsage of job (MB)
	661276  -  ResidentSetSize of job (KB)
...
006 (15988842.688.000) 2026-02-12 17:55:03 Image size of job updated: 736400
	646  -  MemoryUsage of job (MB)
	661288  -  ResidentSetSize of job (KB)
...
006 (15988842.688.000) 2026-02-12 18:10:04 Image size of job updated: 736400
	647  -  MemoryUsage of job (MB)
	661532  -  ResidentSetSize of job (KB)
...
006 (15988842.688.000) 2026-02-12 19:10:09 Image size of job updated: 736400
	647  -  MemoryUsage of job (MB)
	661560  -  ResidentSetSize of job (KB)
...
006 (15988842.688.000) 2026-02-12 19:20:11 Image size of job updated: 736400
	647  -  MemoryUsage of job (MB)
	661788  -  ResidentSetSize of job (KB)
...
006 (15988842.688.000) 2026-02-12 19:55:15 Image size of job updated: 736400
	647  -  MemoryUsage of job (MB)
	661924  -  ResidentSetSize of job (KB)
...
006 (15988842.688.000) 2026-02-12 20:10:17 Image size of job updated: 736400
	647  -  MemoryUsage of job (MB)
	662044  -  ResidentSetSize of job (KB)
...
006 (15988842.688.000) 2026-02-12 21:20:27 Image size of job updated: 736400
	647  -  MemoryUsage of job (MB)
	662148  -  ResidentSetSize of job (KB)
...
006 (15988842.688.000) 2026-02-12 21:55:30 Image size of job updated: 736400
	647  -  MemoryUsage of job (MB)
	662168  -  ResidentSetSize of job (KB)
...
006 (15988842.688.000) 2026-02-12 22:10:31 Image size of job updated: 736400
	647  -  MemoryUsage of job (MB)
	662172  -  ResidentSetSize of job (KB)
...
021 (15988842.688.000) 2026-02-13 12:56:50 Error from starter on slot1_19@pizza23.zeuthen.desy.de:
	runtime exceeded maximum (target.Runtime seconds)
	Code 21 Subcode 103
...
004 (15988842.688.000) 2026-02-13 12:56:50 Job was evicted.
	(0) CPU times
		Usr 1 23:30:29, Sys 0 00:00:06  -  Run Remote Usage
		Usr 0 00:00:00, Sys 0 00:00:00  -  Run Local Usage
	0  -  Run Bytes Sent By Job
	0  -  Run Bytes Received By Job
	Error from slot1_19@pizza23.zeuthen.desy.de: runtime exceeded maximum (target.Runtime seconds)
	Partitionable Resources :     Usage  Request Allocated 
	   Cpus                 :      0.99        1         1 
	   Disk (KB)            :      1     1024000   1025696 
	   GPUs                 :                            0 
	   Memory (MB)          :    647        5120      5120 
	   TimeSlotBusy (s)     : 172803                       
...
012 (15988842.688.000) 2026-02-13 12:56:50 Job was held.
	Error from slot1_19@pizza23.zeuthen.desy.de: runtime exceeded maximum (target.Runtime seconds)
	Code 21 Subcode 103
...
009 (15988842.688.000) 2026-02-16 17:16:39 Job was aborted.
	via condor_rm (by user tuccia)
...
