000 (15756408.928.000) 2026-02-06 11:26:59 Job submitted from host: <141.34.103.35:9618?addrs=141.34.103.35-9618+[2001-638-700-f067--1-23]-9618&alias=wgs39.zeuthen.desy.de&noUDP&sock=schedd_7414_f73f>
...
009 (15756408.928.000) 2026-02-10 11:47:40 Job was aborted.
	via condor_rm (by user tuccia)
...
000 (15951004.619.000) 2026-02-10 16:30:06 Job submitted from host: <141.34.103.35:9618?addrs=141.34.103.35-9618+[2001-638-700-f067--1-23]-9618&alias=wgs39.zeuthen.desy.de&noUDP&sock=schedd_7302_24a3>
...
001 (15951004.619.000) 2026-02-10 18:52:05 Job executing on host: <141.34.15.179:9618?addrs=141.34.15.179-9618+[2001-638-700-f00f--1-b3]-9618&alias=genoa04.zeuthen.desy.de&noUDP&sock=startd_11819_6dee>
	SlotName: slot1_32@genoa04.zeuthen.desy.de
	CondorScratchDir = "/batch/dir_621093"
	Cpus = 1
	Disk = 1025697
	GPUs = 0
	Memory = 5120
...
006 (15951004.619.000) 2026-02-10 18:52:19 Image size of job updated: 101384
	100  -  MemoryUsage of job (MB)
	101384  -  ResidentSetSize of job (KB)
...
006 (15951004.619.000) 2026-02-10 18:57:20 Image size of job updated: 866084
	434  -  MemoryUsage of job (MB)
	444224  -  ResidentSetSize of job (KB)
...
006 (15951004.619.000) 2026-02-10 19:02:21 Image size of job updated: 866084
	560  -  MemoryUsage of job (MB)
	573284  -  ResidentSetSize of job (KB)
...
006 (15951004.619.000) 2026-02-10 19:07:21 Image size of job updated: 866084
	561  -  MemoryUsage of job (MB)
	573608  -  ResidentSetSize of job (KB)
...
006 (15951004.619.000) 2026-02-10 19:12:22 Image size of job updated: 866084
	561  -  MemoryUsage of job (MB)
	573920  -  ResidentSetSize of job (KB)
...
006 (15951004.619.000) 2026-02-10 19:17:22 Image size of job updated: 866084
	561  -  MemoryUsage of job (MB)
	574240  -  ResidentSetSize of job (KB)
...
006 (15951004.619.000) 2026-02-10 19:22:22 Image size of job updated: 866084
	562  -  MemoryUsage of job (MB)
	574564  -  ResidentSetSize of job (KB)
...
006 (15951004.619.000) 2026-02-10 19:27:23 Image size of job updated: 866084
	562  -  MemoryUsage of job (MB)
	574892  -  ResidentSetSize of job (KB)
...
006 (15951004.619.000) 2026-02-10 19:32:23 Image size of job updated: 866084
	562  -  MemoryUsage of job (MB)
	575212  -  ResidentSetSize of job (KB)
...
006 (15951004.619.000) 2026-02-10 19:37:24 Image size of job updated: 866084
	563  -  MemoryUsage of job (MB)
	575532  -  ResidentSetSize of job (KB)
...
006 (15951004.619.000) 2026-02-10 19:42:25 Image size of job updated: 866084
	563  -  MemoryUsage of job (MB)
	575856  -  ResidentSetSize of job (KB)
...
006 (15951004.619.000) 2026-02-10 19:47:25 Image size of job updated: 866084
	563  -  MemoryUsage of job (MB)
	576180  -  ResidentSetSize of job (KB)
...
006 (15951004.619.000) 2026-02-10 19:52:26 Image size of job updated: 866084
	585  -  MemoryUsage of job (MB)
	598180  -  ResidentSetSize of job (KB)
...
006 (15951004.619.000) 2026-02-10 20:52:32 Image size of job updated: 866084
	585  -  MemoryUsage of job (MB)
	598316  -  ResidentSetSize of job (KB)
...
006 (15951004.619.000) 2026-02-10 21:47:38 Image size of job updated: 866084
	585  -  MemoryUsage of job (MB)
	598664  -  ResidentSetSize of job (KB)
...
006 (15951004.619.000) 2026-02-10 21:52:38 Image size of job updated: 866084
	585  -  MemoryUsage of job (MB)
	598804  -  ResidentSetSize of job (KB)
...
006 (15951004.619.000) 2026-02-10 22:47:44 Image size of job updated: 866084
	585  -  MemoryUsage of job (MB)
	598888  -  ResidentSetSize of job (KB)
...
006 (15951004.619.000) 2026-02-10 23:42:50 Image size of job updated: 866084
	585  -  MemoryUsage of job (MB)
	598984  -  ResidentSetSize of job (KB)
...
006 (15951004.619.000) 2026-02-11 00:42:56 Image size of job updated: 866084
	586  -  MemoryUsage of job (MB)
	599324  -  ResidentSetSize of job (KB)
...
006 (15951004.619.000) 2026-02-11 03:43:14 Image size of job updated: 866084
	586  -  MemoryUsage of job (MB)
	599584  -  ResidentSetSize of job (KB)
...
004 (15951004.619.000) 2026-02-11 11:11:58 Job was evicted.
	(0) CPU times
		Usr 0 16:07:19, Sys 0 00:00:14  -  Run Remote Usage
		Usr 0 00:00:00, Sys 0 00:00:00  -  Run Local Usage
	0  -  Run Bytes Sent By Job
	0  -  Run Bytes Received By Job
	Partitionable Resources :    Usage  Request Allocated 
	   Cpus                 :     0.00        1         1 
	   Disk (KB)            :     1     1024000   1025697 
	   GPUs                 :                           0 
	   Memory (MB)          :   586        5120      5120 
	   TimeExecute (s)      : 58792                       
	   TimeSlotBusy (s)     : 58793                       
...
009 (15951004.619.000) 2026-02-11 11:11:59 Job was aborted.
	via condor_rm (by user tuccia)
...
000 (15988842.619.000) 2026-02-11 11:12:47 Job submitted from host: <141.34.103.35:9618?addrs=141.34.103.35-9618+[2001-638-700-f067--1-23]-9618&alias=wgs39.zeuthen.desy.de&noUDP&sock=schedd_7302_24a3>
...
001 (15988842.619.000) 2026-02-11 12:56:27 Job executing on host: <141.34.15.178:9618?addrs=141.34.15.178-9618+[2001-638-700-f00f--1-b2]-9618&alias=genoa03.zeuthen.desy.de&noUDP&sock=startd_10467_11e2>
	SlotName: slot1_31@genoa03.zeuthen.desy.de
	CondorScratchDir = "/batch/dir_2471026"
	Cpus = 1
	Disk = 1025697
	GPUs = 0
	Memory = 5120
...
006 (15988842.619.000) 2026-02-11 12:56:41 Image size of job updated: 101384
	100  -  MemoryUsage of job (MB)
	101384  -  ResidentSetSize of job (KB)
...
006 (15988842.619.000) 2026-02-11 13:01:42 Image size of job updated: 777204
	433  -  MemoryUsage of job (MB)
	442624  -  ResidentSetSize of job (KB)
...
006 (15988842.619.000) 2026-02-11 13:06:42 Image size of job updated: 777204
	559  -  MemoryUsage of job (MB)
	572104  -  ResidentSetSize of job (KB)
...
006 (15988842.619.000) 2026-02-11 13:11:43 Image size of job updated: 777204
	559  -  MemoryUsage of job (MB)
	572376  -  ResidentSetSize of job (KB)
...
006 (15988842.619.000) 2026-02-11 13:16:43 Image size of job updated: 777204
	560  -  MemoryUsage of job (MB)
	572624  -  ResidentSetSize of job (KB)
...
006 (15988842.619.000) 2026-02-11 13:21:44 Image size of job updated: 777204
	560  -  MemoryUsage of job (MB)
	572876  -  ResidentSetSize of job (KB)
...
006 (15988842.619.000) 2026-02-11 13:26:44 Image size of job updated: 777204
	560  -  MemoryUsage of job (MB)
	573140  -  ResidentSetSize of job (KB)
...
006 (15988842.619.000) 2026-02-11 13:31:45 Image size of job updated: 777204
	560  -  MemoryUsage of job (MB)
	573404  -  ResidentSetSize of job (KB)
...
006 (15988842.619.000) 2026-02-11 13:36:45 Image size of job updated: 777204
	561  -  MemoryUsage of job (MB)
	573656  -  ResidentSetSize of job (KB)
...
006 (15988842.619.000) 2026-02-11 13:41:46 Image size of job updated: 777204
	561  -  MemoryUsage of job (MB)
	573904  -  ResidentSetSize of job (KB)
...
006 (15988842.619.000) 2026-02-11 13:46:46 Image size of job updated: 777204
	561  -  MemoryUsage of job (MB)
	574172  -  ResidentSetSize of job (KB)
...
006 (15988842.619.000) 2026-02-11 13:51:47 Image size of job updated: 777204
	561  -  MemoryUsage of job (MB)
	574432  -  ResidentSetSize of job (KB)
...
006 (15988842.619.000) 2026-02-11 13:56:47 Image size of job updated: 777204
	562  -  MemoryUsage of job (MB)
	574692  -  ResidentSetSize of job (KB)
...
006 (15988842.619.000) 2026-02-11 14:01:48 Image size of job updated: 777204
	562  -  MemoryUsage of job (MB)
	574980  -  ResidentSetSize of job (KB)
...
006 (15988842.619.000) 2026-02-11 14:06:48 Image size of job updated: 777204
	562  -  MemoryUsage of job (MB)
	575228  -  ResidentSetSize of job (KB)
...
006 (15988842.619.000) 2026-02-11 14:11:49 Image size of job updated: 777204
	583  -  MemoryUsage of job (MB)
	596472  -  ResidentSetSize of job (KB)
...
006 (15988842.619.000) 2026-02-11 15:16:56 Image size of job updated: 777204
	583  -  MemoryUsage of job (MB)
	596548  -  ResidentSetSize of job (KB)
...
006 (15988842.619.000) 2026-02-11 15:21:56 Image size of job updated: 777204
	584  -  MemoryUsage of job (MB)
	597244  -  ResidentSetSize of job (KB)
...
006 (15988842.619.000) 2026-02-11 16:27:03 Image size of job updated: 777204
	584  -  MemoryUsage of job (MB)
	597344  -  ResidentSetSize of job (KB)
...
006 (15988842.619.000) 2026-02-11 16:52:06 Image size of job updated: 777204
	584  -  MemoryUsage of job (MB)
	597480  -  ResidentSetSize of job (KB)
...
006 (15988842.619.000) 2026-02-11 17:32:10 Image size of job updated: 777204
	584  -  MemoryUsage of job (MB)
	597812  -  ResidentSetSize of job (KB)
...
006 (15988842.619.000) 2026-02-11 18:42:17 Image size of job updated: 777204
	585  -  MemoryUsage of job (MB)
	598416  -  ResidentSetSize of job (KB)
...
006 (15988842.619.000) 2026-02-11 19:52:24 Image size of job updated: 777204
	585  -  MemoryUsage of job (MB)
	598500  -  ResidentSetSize of job (KB)
...
006 (15988842.619.000) 2026-02-11 22:12:38 Image size of job updated: 777204
	585  -  MemoryUsage of job (MB)
	598668  -  ResidentSetSize of job (KB)
...
006 (15988842.619.000) 2026-02-12 17:44:35 Image size of job updated: 777204
	585  -  MemoryUsage of job (MB)
	598748  -  ResidentSetSize of job (KB)
...
006 (15988842.619.000) 2026-02-12 18:49:42 Image size of job updated: 777204
	585  -  MemoryUsage of job (MB)
	598800  -  ResidentSetSize of job (KB)
...
006 (15988842.619.000) 2026-02-12 19:49:48 Image size of job updated: 777204
	585  -  MemoryUsage of job (MB)
	598836  -  ResidentSetSize of job (KB)
...
006 (15988842.619.000) 2026-02-12 20:54:54 Image size of job updated: 777204
	586  -  MemoryUsage of job (MB)
	599128  -  ResidentSetSize of job (KB)
...
006 (15988842.619.000) 2026-02-12 22:00:01 Image size of job updated: 777204
	586  -  MemoryUsage of job (MB)
	599156  -  ResidentSetSize of job (KB)
...
006 (15988842.619.000) 2026-02-12 23:05:09 Image size of job updated: 777204
	586  -  MemoryUsage of job (MB)
	599196  -  ResidentSetSize of job (KB)
...
006 (15988842.619.000) 2026-02-13 00:10:16 Image size of job updated: 777204
	586  -  MemoryUsage of job (MB)
	599228  -  ResidentSetSize of job (KB)
...
006 (15988842.619.000) 2026-02-13 02:20:30 Image size of job updated: 777204
	586  -  MemoryUsage of job (MB)
	599624  -  ResidentSetSize of job (KB)
...
006 (15988842.619.000) 2026-02-13 03:25:35 Image size of job updated: 777204
	606  -  MemoryUsage of job (MB)
	620388  -  ResidentSetSize of job (KB)
...
021 (15988842.619.000) 2026-02-13 12:56:31 Error from starter on slot1_31@genoa03.zeuthen.desy.de:
	runtime exceeded maximum (target.Runtime seconds)
	Code 21 Subcode 103
...
004 (15988842.619.000) 2026-02-13 12:56:31 Job was evicted.
	(0) CPU times
		Usr 1 23:21:10, Sys 0 00:00:17  -  Run Remote Usage
		Usr 0 00:00:00, Sys 0 00:00:00  -  Run Local Usage
	0  -  Run Bytes Sent By Job
	0  -  Run Bytes Received By Job
	Error from slot1_31@genoa03.zeuthen.desy.de: runtime exceeded maximum (target.Runtime seconds)
	Partitionable Resources :     Usage  Request Allocated 
	   Cpus                 :      0.99        1         1 
	   Disk (KB)            :      1     1024000   1025697 
	   GPUs                 :                            0 
	   Memory (MB)          :    606        5120      5120 
	   TimeSlotBusy (s)     : 172804                       
...
012 (15988842.619.000) 2026-02-13 12:56:31 Job was held.
	Error from slot1_31@genoa03.zeuthen.desy.de: runtime exceeded maximum (target.Runtime seconds)
	Code 21 Subcode 103
...
009 (15988842.619.000) 2026-02-16 17:16:38 Job was aborted.
	via condor_rm (by user tuccia)
...
