000 (15756407.1149.000) 2026-02-06 11:26:13 Job submitted from host: <141.34.103.35:9618?addrs=141.34.103.35-9618+[2001-638-700-f067--1-23]-9618&alias=wgs39.zeuthen.desy.de&noUDP&sock=schedd_7414_f73f>
...
009 (15756407.1149.000) 2026-02-10 11:42:44 Job was aborted.
	via condor_rm (by user tuccia)
...
000 (15949294.766.000) 2026-02-10 11:45:21 Job submitted from host: <141.34.103.35:9618?addrs=141.34.103.35-9618+[2001-638-700-f067--1-23]-9618&alias=wgs39.zeuthen.desy.de&noUDP&sock=schedd_7302_24a3>
...
009 (15949294.766.000) 2026-02-10 11:45:47 Job was aborted.
	via condor_rm (by user tuccia)
...
000 (15949295.766.000) 2026-02-10 11:46:05 Job submitted from host: <141.34.103.35:9618?addrs=141.34.103.35-9618+[2001-638-700-f067--1-23]-9618&alias=wgs39.zeuthen.desy.de&noUDP&sock=schedd_7302_24a3>
...
000 (15950983.333.000) 2026-02-10 16:27:57 Job submitted from host: <141.34.103.35:9618?addrs=141.34.103.35-9618+[2001-638-700-f067--1-23]-9618&alias=wgs39.zeuthen.desy.de&noUDP&sock=schedd_7302_24a3>
...
001 (15950983.333.000) 2026-02-10 17:29:33 Job executing on host: <141.34.15.83:9618?addrs=141.34.15.83-9618+[2001-638-700-f00f--1-53]-9618&alias=genoa07.zeuthen.desy.de&noUDP&sock=startd_10269_4222>
	SlotName: slot1_46@genoa07.zeuthen.desy.de
	CondorScratchDir = "/batch/dir_419287"
	Cpus = 1
	Disk = 1025681
	GPUs = 0
	Memory = 5120
...
006 (15950983.333.000) 2026-02-10 17:29:47 Image size of job updated: 101388
	100  -  MemoryUsage of job (MB)
	101388  -  ResidentSetSize of job (KB)
...
006 (15950983.333.000) 2026-02-10 17:34:48 Image size of job updated: 590412
	577  -  MemoryUsage of job (MB)
	590412  -  ResidentSetSize of job (KB)
...
006 (15950983.333.000) 2026-02-10 17:49:49 Image size of job updated: 591208
	578  -  MemoryUsage of job (MB)
	591208  -  ResidentSetSize of job (KB)
...
006 (15950983.333.000) 2026-02-10 17:54:49 Image size of job updated: 596216
	583  -  MemoryUsage of job (MB)
	596216  -  ResidentSetSize of job (KB)
...
006 (15950983.333.000) 2026-02-10 17:59:49 Image size of job updated: 598136
	585  -  MemoryUsage of job (MB)
	598136  -  ResidentSetSize of job (KB)
...
006 (15950983.333.000) 2026-02-10 18:04:50 Image size of job updated: 601352
	588  -  MemoryUsage of job (MB)
	601352  -  ResidentSetSize of job (KB)
...
006 (15950983.333.000) 2026-02-10 18:09:50 Image size of job updated: 604156
	590  -  MemoryUsage of job (MB)
	604156  -  ResidentSetSize of job (KB)
...
006 (15950983.333.000) 2026-02-10 18:14:50 Image size of job updated: 605216
	592  -  MemoryUsage of job (MB)
	605216  -  ResidentSetSize of job (KB)
...
006 (15950983.333.000) 2026-02-10 18:19:51 Image size of job updated: 605656
	592  -  MemoryUsage of job (MB)
	605656  -  ResidentSetSize of job (KB)
...
006 (15950983.333.000) 2026-02-10 18:39:53 Image size of job updated: 609028
	595  -  MemoryUsage of job (MB)
	609028  -  ResidentSetSize of job (KB)
...
006 (15950983.333.000) 2026-02-10 18:54:55 Image size of job updated: 609244
	595  -  MemoryUsage of job (MB)
	609244  -  ResidentSetSize of job (KB)
...
006 (15950983.333.000) 2026-02-10 19:09:57 Image size of job updated: 611284
	597  -  MemoryUsage of job (MB)
	611284  -  ResidentSetSize of job (KB)
...
006 (15950983.333.000) 2026-02-10 19:14:57 Image size of job updated: 611552
	598  -  MemoryUsage of job (MB)
	611552  -  ResidentSetSize of job (KB)
...
006 (15950983.333.000) 2026-02-10 20:05:01 Image size of job updated: 612240
	598  -  MemoryUsage of job (MB)
	612240  -  ResidentSetSize of job (KB)
...
006 (15950983.333.000) 2026-02-10 20:10:02 Image size of job updated: 612452
	599  -  MemoryUsage of job (MB)
	612452  -  ResidentSetSize of job (KB)
...
006 (15950983.333.000) 2026-02-10 20:50:07 Image size of job updated: 612512
	599  -  MemoryUsage of job (MB)
	612452  -  ResidentSetSize of job (KB)
...
006 (15950983.333.000) 2026-02-10 21:05:08 Image size of job updated: 612580
	599  -  MemoryUsage of job (MB)
	612452  -  ResidentSetSize of job (KB)
...
006 (15950983.333.000) 2026-02-11 01:35:33 Image size of job updated: 615536
	602  -  MemoryUsage of job (MB)
	615536  -  ResidentSetSize of job (KB)
...
006 (15950983.333.000) 2026-02-11 01:40:34 Image size of job updated: 615708
	602  -  MemoryUsage of job (MB)
	615708  -  ResidentSetSize of job (KB)
...
006 (15950983.333.000) 2026-02-11 01:45:35 Image size of job updated: 616344
	602  -  MemoryUsage of job (MB)
	615708  -  ResidentSetSize of job (KB)
...
006 (15950983.333.000) 2026-02-11 04:20:51 Image size of job updated: 616344
	602  -  MemoryUsage of job (MB)
	616196  -  ResidentSetSize of job (KB)
...
006 (15950983.333.000) 2026-02-11 04:25:51 Image size of job updated: 645128
	631  -  MemoryUsage of job (MB)
	645128  -  ResidentSetSize of job (KB)
...
006 (15950983.333.000) 2026-02-11 04:30:51 Image size of job updated: 645284
	631  -  MemoryUsage of job (MB)
	645284  -  ResidentSetSize of job (KB)
...
006 (15950983.333.000) 2026-02-11 05:00:53 Image size of job updated: 645396
	631  -  MemoryUsage of job (MB)
	645284  -  ResidentSetSize of job (KB)
...
006 (15950983.333.000) 2026-02-11 05:15:54 Image size of job updated: 645396
	631  -  MemoryUsage of job (MB)
	645316  -  ResidentSetSize of job (KB)
...
006 (15950983.333.000) 2026-02-11 05:30:55 Image size of job updated: 645396
	631  -  MemoryUsage of job (MB)
	645344  -  ResidentSetSize of job (KB)
...
006 (15950983.333.000) 2026-02-11 05:40:56 Image size of job updated: 645428
	631  -  MemoryUsage of job (MB)
	645428  -  ResidentSetSize of job (KB)
...
006 (15950983.333.000) 2026-02-11 05:45:56 Image size of job updated: 645584
	631  -  MemoryUsage of job (MB)
	645428  -  ResidentSetSize of job (KB)
...
006 (15950983.333.000) 2026-02-11 05:55:57 Image size of job updated: 645812
	631  -  MemoryUsage of job (MB)
	645812  -  ResidentSetSize of job (KB)
...
006 (15950983.333.000) 2026-02-11 06:00:57 Image size of job updated: 645896
	631  -  MemoryUsage of job (MB)
	645812  -  ResidentSetSize of job (KB)
...
006 (15950983.333.000) 2026-02-11 07:21:03 Image size of job updated: 645896
	631  -  MemoryUsage of job (MB)
	645856  -  ResidentSetSize of job (KB)
...
006 (15950983.333.000) 2026-02-11 07:26:03 Image size of job updated: 645984
	631  -  MemoryUsage of job (MB)
	645984  -  ResidentSetSize of job (KB)
...
006 (15950983.333.000) 2026-02-11 07:31:03 Image size of job updated: 646296
	632  -  MemoryUsage of job (MB)
	646296  -  ResidentSetSize of job (KB)
...
006 (15950983.333.000) 2026-02-11 08:31:07 Image size of job updated: 646356
	632  -  MemoryUsage of job (MB)
	646356  -  ResidentSetSize of job (KB)
...
006 (15950983.333.000) 2026-02-11 09:26:11 Image size of job updated: 646412
	632  -  MemoryUsage of job (MB)
	646356  -  ResidentSetSize of job (KB)
...
006 (15950983.333.000) 2026-02-11 09:36:12 Image size of job updated: 646500
	632  -  MemoryUsage of job (MB)
	646356  -  ResidentSetSize of job (KB)
...
006 (15950983.333.000) 2026-02-11 09:46:13 Image size of job updated: 646596
	632  -  MemoryUsage of job (MB)
	646356  -  ResidentSetSize of job (KB)
...
006 (15950983.333.000) 2026-02-11 10:01:15 Image size of job updated: 646628
	632  -  MemoryUsage of job (MB)
	646356  -  ResidentSetSize of job (KB)
...
006 (15950983.333.000) 2026-02-11 10:36:20 Image size of job updated: 646764
	632  -  MemoryUsage of job (MB)
	646356  -  ResidentSetSize of job (KB)
...
006 (15950983.333.000) 2026-02-11 11:01:23 Image size of job updated: 647004
	632  -  MemoryUsage of job (MB)
	647004  -  ResidentSetSize of job (KB)
...
006 (15950983.333.000) 2026-02-11 19:07:11 Image size of job updated: 647136
	632  -  MemoryUsage of job (MB)
	647136  -  ResidentSetSize of job (KB)
...
006 (15950983.333.000) 2026-02-11 23:02:34 Image size of job updated: 647396
	633  -  MemoryUsage of job (MB)
	647396  -  ResidentSetSize of job (KB)
...
006 (15950983.333.000) 2026-02-12 01:57:52 Image size of job updated: 647760
	633  -  MemoryUsage of job (MB)
	647760  -  ResidentSetSize of job (KB)
...
006 (15950983.333.000) 2026-02-12 04:48:10 Image size of job updated: 647916
	633  -  MemoryUsage of job (MB)
	647916  -  ResidentSetSize of job (KB)
...
006 (15950983.333.000) 2026-02-12 07:43:27 Image size of job updated: 647924
	633  -  MemoryUsage of job (MB)
	647924  -  ResidentSetSize of job (KB)
...
