000 (15756408.1164.000) 2026-02-06 11:27:00 Job submitted from host: <141.34.103.35:9618?addrs=141.34.103.35-9618+[2001-638-700-f067--1-23]-9618&alias=wgs39.zeuthen.desy.de&noUDP&sock=schedd_7414_f73f>
...
009 (15756408.1164.000) 2026-02-10 11:47:44 Job was aborted.
	via condor_rm (by user tuccia)
...
000 (15951004.776.000) 2026-02-10 16:30:08 Job submitted from host: <141.34.103.35:9618?addrs=141.34.103.35-9618+[2001-638-700-f067--1-23]-9618&alias=wgs39.zeuthen.desy.de&noUDP&sock=schedd_7302_24a3>
...
001 (15951004.776.000) 2026-02-11 04:10:27 Job executing on host: <141.34.15.45:9618?addrs=141.34.15.45-9618+[2001-638-700-f00f--1-2d]-9618&alias=pizza16.zeuthen.desy.de&noUDP&sock=startd_8270_1c50>
	SlotName: slot1_10@pizza16.zeuthen.desy.de
	CondorScratchDir = "/batch/dir_1467876"
	Cpus = 1
	Disk = 1025696
	GPUs = 0
	Memory = 5120
...
006 (15951004.776.000) 2026-02-11 04:10:40 Image size of job updated: 103496
	102  -  MemoryUsage of job (MB)
	103496  -  ResidentSetSize of job (KB)
...
006 (15951004.776.000) 2026-02-11 04:15:40 Image size of job updated: 947944
	599  -  MemoryUsage of job (MB)
	613120  -  ResidentSetSize of job (KB)
...
006 (15951004.776.000) 2026-02-11 04:20:41 Image size of job updated: 947944
	639  -  MemoryUsage of job (MB)
	653824  -  ResidentSetSize of job (KB)
...
006 (15951004.776.000) 2026-02-11 04:25:41 Image size of job updated: 947944
	639  -  MemoryUsage of job (MB)
	654076  -  ResidentSetSize of job (KB)
...
006 (15951004.776.000) 2026-02-11 04:30:41 Image size of job updated: 947944
	641  -  MemoryUsage of job (MB)
	656240  -  ResidentSetSize of job (KB)
...
006 (15951004.776.000) 2026-02-11 04:40:42 Image size of job updated: 947944
	641  -  MemoryUsage of job (MB)
	656312  -  ResidentSetSize of job (KB)
...
006 (15951004.776.000) 2026-02-11 04:45:42 Image size of job updated: 947944
	644  -  MemoryUsage of job (MB)
	658568  -  ResidentSetSize of job (KB)
...
006 (15951004.776.000) 2026-02-11 04:50:43 Image size of job updated: 947944
	644  -  MemoryUsage of job (MB)
	658576  -  ResidentSetSize of job (KB)
...
