~~~~~~~~~~~~~~~~~~~~~~~~~~~~~~

n_qubits: 120, 
r: 78, 
alpha: 0.01, 
shots: 10000, 
ansatz: linear_cnot, 
layer: 1, 
tau: 0.3

time for simulated annealing:  173.8602020740509
Rank 1: Bitstring=101001111111000001101011100110010111000011001010011111000100011101110111010001110111010110111101110111110000101011100001, Decimal=871989878581144046188564797210954465, Energy=-100.0832
Rank 2: Bitstring=101001111111000001101011100010010111000011001010011111000100011101100111010001110111010110111101111111110000101011100011, Decimal=871989873629383889042540097989184227, Energy=-99.7634
Rank 3: Bitstring=101001111111000001101111100110010111000011001010011111000100011101110111010001110111010110111101110011110000101011100001, Decimal=871990195493794103245915171385707233, Energy=-99.7392
Rank 4: Bitstring=101001111011000001101011100110010111000011001010011111000100011101010111110001110111010110011101110111110000001101100001, Decimal=870691804366510339272565710825390945, Energy=-99.733
Rank 5: Bitstring=101001111111000001101011100110010111000011001010011111000100011101110111110001110111010110011101110111110000001111100001, Decimal=871989878581144046188705534162437089, Energy=-99.6782
Rank 6: Bitstring=101001111011000101100111100110010111000011000100011111100000011101010111111001110111011110010101110010100000001101100001, Decimal=870711769863435631968579387847738209, Energy=-99.5922
Rank 7: Bitstring=101001111111000001101111100010010111000011001010011111000100011101100111010001110111010110111101111011110000101011100011, Decimal=871990190542033946099890472163936995, Energy=-99.4194
Rank 8: Bitstring=101001111011000001101011100010010111000011001010011111000100011101000111110001110111010110011101111111110000001101100011, Decimal=870691799414750182126541011603620707, Energy=-99.4132
Rank 9: Bitstring=101001111011000001101111100110010111000011001010011111000100011101010111110001110111010110011101110011110000001101100001, Decimal=870692121279160396329916085000143713, Energy=-99.389
Rank 10: Bitstring=101001111110000001101011100111010111000011011010011111000100011101110111010001110111010110111101110111110010101011100001, Decimal=871665361265501216610887830412929761, Energy=-99.3636

E_min from simulated annealing:  -100.0832
Minimum energy: -100.0832
States with energy within 1e-08 of minimum: [871989878581144046188564797210954465]
4


################## Start optimization with initial parameters: [0. 0. 0. 0. 0. 0. 0. 0. 0. 0. 0. 0. 0. 0. 0. 0. 0. 0. 0. 0. 0. 0. 0. 0.
 0. 0. 0. 0. 0. 0. 0. 0. 0. 0. 0. 0. 0. 0. 0. 0. 0. 0. 0. 0. 0. 0. 0. 0.
 0. 0. 0. 0. 0. 0. 0. 0. 0. 0. 0. 0. 0. 0. 0. 0. 0. 0. 0. 0. 0. 0. 0. 0.
 0. 0. 0. 0. 0. 0. 0. 0. 0. 0. 0. 0. 0. 0. 0. 0. 0. 0. 0. 0. 0. 0. 0. 0.
 0. 0. 0. 0. 0. 0. 0. 0. 0. 0. 0. 0. 0. 0. 0. 0. 0. 0. 0. 0. 0. 0. 0. 0.
 0. 0. 0. 0. 0. 0. 0. 0. 0. 0. 0. 0. 0. 0. 0. 0. 0. 0. 0. 0. 0. 0. 0. 0.
 0. 0. 0. 0. 0. 0. 0. 0. 0. 0. 0. 0. 0. 0. 0. 0. 0. 0. 0. 0. 0. 0. 0. 0.
 0. 0. 0. 0. 0. 0. 0. 0. 0. 0. 0. 0. 0. 0. 0. 0. 0. 0. 0. 0. 0. 0. 0. 0.
 0. 0. 0. 0. 0. 0. 0. 0. 0. 0. 0. 0. 0. 0. 0. 0. 0. 0. 0. 0. 0. 0. 0. 0.
 0. 0. 0. 0. 0. 0. 0. 0. 0. 0. 0. 0. 0. 0. 0. 0. 0. 0. 0. 0. 0. 0. 0. 0.
 0. 0. 0. 0. 0. 0. 0. 0. 0. 0. 0. 0. 0. 0. 0. 0. 0. 0. 0. 0. 0. 0. 0. 0.
 0. 0. 0. 0. 0. 0. 0. 0. 0. 0. 0. 0. 0. 0. 0. 0. 0. 0. 0. 0. 0. 0. 0. 0.
 0. 0. 0. 0. 0. 0. 0. 0. 0. 0. 0. 0. 0. 0. 0. 0. 0. 0. 0. 0. 0. 0. 0. 0.
 0. 0. 0. 0. 0. 0. 0. 0. 0. 0. 0. 0. 0. 0. 0. 0. 0. 0. 0. 0. 0. 0. 0. 0.
 0. 0. 0. 0. 0. 0. 0. 0. 0. 0. 0. 0. 0. 0. 0. 0. 0. 0. 0. 0. 0. 0. 0. 0.
 0. 0. 0. 0. 0. 0. 0. 0. 0. 0. 0. 0. 0. 0. 0. 0. 0. 0. 0. 0. 0. 0. 0. 0.
 0. 0. 0. 0. 0. 0. 0. 0. 0. 0. 0. 0. 0. 0. 0. 0. 0. 0. 0. 0. 0. 0. 0. 0.
 0. 0. 0. 0. 0. 0. 0. 0. 0. 0. 0. 0. 0. 0. 0. 0. 0. 0. 0. 0. 0. 0. 0. 0.
 0. 0. 0. 0. 0. 0. 0. 0. 0. 0. 0. 0. 0. 0. 0. 0. 0. 0. 0. 0. 0. 0. 0. 0.
 0. 0. 0. 0. 0. 0. 0. 0. 0. 0. 0. 0. 0. 0. 0. 0. 0. 0. 0. 0. 0. 0. 0. 0.]
Write sucessfully to ./data/data_shots_10000_layer_1/alpha_0.01/N_120/r_78/ansatz_type_linear_cnot/initialization_zeros

vqe.cvar_eval[0]: -26.79817600000001 , min_cvar: -38.924392000000026 , opt_cvar: -38.924392000000026

vqe.poss_eval[-1]: 0 vqe.poss_eval[0] 0  , max_poss: 0 , opt_poss: 0

vqe.r_eval[-1]: 0.3858220160826194 vqe.r_eval[0]: 0.2677589845248754 max_r: 0.3889203382785525 , min_r: 0.2572110404143754
