000 (15756407.1018.000) 2026-02-06 11:26:13 Job submitted from host: <141.34.103.35:9618?addrs=141.34.103.35-9618+[2001-638-700-f067--1-23]-9618&alias=wgs39.zeuthen.desy.de&noUDP&sock=schedd_7414_f73f>
...
009 (15756407.1018.000) 2026-02-10 11:42:43 Job was aborted.
	via condor_rm (by user tuccia)
...
000 (15949294.679.000) 2026-02-10 11:45:21 Job submitted from host: <141.34.103.35:9618?addrs=141.34.103.35-9618+[2001-638-700-f067--1-23]-9618&alias=wgs39.zeuthen.desy.de&noUDP&sock=schedd_7302_24a3>
...
009 (15949294.679.000) 2026-02-10 11:45:47 Job was aborted.
	via condor_rm (by user tuccia)
...
000 (15949295.679.000) 2026-02-10 11:46:05 Job submitted from host: <141.34.103.35:9618?addrs=141.34.103.35-9618+[2001-638-700-f067--1-23]-9618&alias=wgs39.zeuthen.desy.de&noUDP&sock=schedd_7302_24a3>
...
000 (15950983.159.000) 2026-02-10 16:27:55 Job submitted from host: <141.34.103.35:9618?addrs=141.34.103.35-9618+[2001-638-700-f067--1-23]-9618&alias=wgs39.zeuthen.desy.de&noUDP&sock=schedd_7302_24a3>
...
001 (15950983.159.000) 2026-02-10 16:37:04 Job executing on host: <141.34.15.222:9618?addrs=141.34.15.222-9618+[2001-638-700-f00f--1-de]-9618&alias=pizza30.zeuthen.desy.de&noUDP&sock=startd_8310_8c1a>
	SlotName: slot1_18@pizza30.zeuthen.desy.de
	CondorScratchDir = "/batch/dir_421405"
	Cpus = 1
	Disk = 1025696
	GPUs = 0
	Memory = 5120
...
006 (15950983.159.000) 2026-02-10 16:37:17 Image size of job updated: 103368
	101  -  MemoryUsage of job (MB)
	103368  -  ResidentSetSize of job (KB)
...
006 (15950983.159.000) 2026-02-10 16:42:17 Image size of job updated: 938104
	666  -  MemoryUsage of job (MB)
	681236  -  ResidentSetSize of job (KB)
...
006 (15950983.159.000) 2026-02-10 16:47:18 Image size of job updated: 938104
	681  -  MemoryUsage of job (MB)
	696804  -  ResidentSetSize of job (KB)
...
006 (15950983.159.000) 2026-02-10 16:52:18 Image size of job updated: 938104
	684  -  MemoryUsage of job (MB)
	699716  -  ResidentSetSize of job (KB)
...
006 (15950983.159.000) 2026-02-10 17:02:19 Image size of job updated: 938104
	686  -  MemoryUsage of job (MB)
	701596  -  ResidentSetSize of job (KB)
...
006 (15950983.159.000) 2026-02-10 17:22:20 Image size of job updated: 938104
	687  -  MemoryUsage of job (MB)
	702872  -  ResidentSetSize of job (KB)
...
006 (15950983.159.000) 2026-02-10 17:37:21 Image size of job updated: 938104
	688  -  MemoryUsage of job (MB)
	703660  -  ResidentSetSize of job (KB)
...
006 (15950983.159.000) 2026-02-10 18:17:26 Image size of job updated: 938104
	688  -  MemoryUsage of job (MB)
	703772  -  ResidentSetSize of job (KB)
...
006 (15950983.159.000) 2026-02-10 18:22:27 Image size of job updated: 938104
	688  -  MemoryUsage of job (MB)
	703776  -  ResidentSetSize of job (KB)
...
006 (15950983.159.000) 2026-02-10 19:32:33 Image size of job updated: 938104
	689  -  MemoryUsage of job (MB)
	704520  -  ResidentSetSize of job (KB)
...
006 (15950983.159.000) 2026-02-10 19:37:34 Image size of job updated: 938104
	689  -  MemoryUsage of job (MB)
	704764  -  ResidentSetSize of job (KB)
...
006 (15950983.159.000) 2026-02-10 19:42:34 Image size of job updated: 938104
	691  -  MemoryUsage of job (MB)
	707136  -  ResidentSetSize of job (KB)
...
006 (15950983.159.000) 2026-02-10 19:52:35 Image size of job updated: 938104
	691  -  MemoryUsage of job (MB)
	707248  -  ResidentSetSize of job (KB)
...
006 (15950983.159.000) 2026-02-10 20:02:35 Image size of job updated: 938104
	692  -  MemoryUsage of job (MB)
	707808  -  ResidentSetSize of job (KB)
...
006 (15950983.159.000) 2026-02-10 20:42:40 Image size of job updated: 938104
	692  -  MemoryUsage of job (MB)
	708228  -  ResidentSetSize of job (KB)
...
006 (15950983.159.000) 2026-02-10 20:52:41 Image size of job updated: 938104
	692  -  MemoryUsage of job (MB)
	708520  -  ResidentSetSize of job (KB)
...
006 (15950983.159.000) 2026-02-10 20:57:42 Image size of job updated: 938104
	693  -  MemoryUsage of job (MB)
	708724  -  ResidentSetSize of job (KB)
...
006 (15950983.159.000) 2026-02-10 21:17:44 Image size of job updated: 938104
	693  -  MemoryUsage of job (MB)
	708780  -  ResidentSetSize of job (KB)
...
006 (15950983.159.000) 2026-02-10 21:22:45 Image size of job updated: 938104
	693  -  MemoryUsage of job (MB)
	708980  -  ResidentSetSize of job (KB)
...
006 (15950983.159.000) 2026-02-10 21:32:46 Image size of job updated: 938104
	693  -  MemoryUsage of job (MB)
	709124  -  ResidentSetSize of job (KB)
...
006 (15950983.159.000) 2026-02-10 21:37:47 Image size of job updated: 938104
	693  -  MemoryUsage of job (MB)
	709236  -  ResidentSetSize of job (KB)
...
006 (15950983.159.000) 2026-02-10 21:42:48 Image size of job updated: 938104
	695  -  MemoryUsage of job (MB)
	710804  -  ResidentSetSize of job (KB)
...
006 (15950983.159.000) 2026-02-10 21:47:48 Image size of job updated: 938104
	696  -  MemoryUsage of job (MB)
	712156  -  ResidentSetSize of job (KB)
...
006 (15950983.159.000) 2026-02-10 21:52:49 Image size of job updated: 938104
	697  -  MemoryUsage of job (MB)
	713332  -  ResidentSetSize of job (KB)
...
006 (15950983.159.000) 2026-02-10 21:57:50 Image size of job updated: 938104
	697  -  MemoryUsage of job (MB)
	713456  -  ResidentSetSize of job (KB)
...
006 (15950983.159.000) 2026-02-10 22:07:51 Image size of job updated: 938104
	697  -  MemoryUsage of job (MB)
	713716  -  ResidentSetSize of job (KB)
...
006 (15950983.159.000) 2026-02-10 22:12:52 Image size of job updated: 938104
	698  -  MemoryUsage of job (MB)
	714304  -  ResidentSetSize of job (KB)
...
006 (15950983.159.000) 2026-02-10 22:17:52 Image size of job updated: 938104
	698  -  MemoryUsage of job (MB)
	714500  -  ResidentSetSize of job (KB)
...
006 (15950983.159.000) 2026-02-10 22:32:54 Image size of job updated: 938104
	698  -  MemoryUsage of job (MB)
	714520  -  ResidentSetSize of job (KB)
...
006 (15950983.159.000) 2026-02-10 22:42:55 Image size of job updated: 938104
	699  -  MemoryUsage of job (MB)
	714756  -  ResidentSetSize of job (KB)
...
006 (15950983.159.000) 2026-02-10 23:02:56 Image size of job updated: 938104
	699  -  MemoryUsage of job (MB)
	715348  -  ResidentSetSize of job (KB)
...
006 (15950983.159.000) 2026-02-10 23:27:58 Image size of job updated: 938104
	699  -  MemoryUsage of job (MB)
	715476  -  ResidentSetSize of job (KB)
...
006 (15950983.159.000) 2026-02-10 23:32:58 Image size of job updated: 938104
	699  -  MemoryUsage of job (MB)
	715604  -  ResidentSetSize of job (KB)
...
006 (15950983.159.000) 2026-02-11 00:03:00 Image size of job updated: 938104
	700  -  MemoryUsage of job (MB)
	715788  -  ResidentSetSize of job (KB)
...
006 (15950983.159.000) 2026-02-11 00:13:01 Image size of job updated: 938104
	700  -  MemoryUsage of job (MB)
	716116  -  ResidentSetSize of job (KB)
...
006 (15950983.159.000) 2026-02-11 01:08:06 Image size of job updated: 938104
	700  -  MemoryUsage of job (MB)
	716268  -  ResidentSetSize of job (KB)
...
006 (15950983.159.000) 2026-02-11 01:18:07 Image size of job updated: 938104
	700  -  MemoryUsage of job (MB)
	716372  -  ResidentSetSize of job (KB)
...
006 (15950983.159.000) 2026-02-11 01:43:09 Image size of job updated: 938104
	700  -  MemoryUsage of job (MB)
	716636  -  ResidentSetSize of job (KB)
...
006 (15950983.159.000) 2026-02-11 01:48:09 Image size of job updated: 938104
	700  -  MemoryUsage of job (MB)
	716664  -  ResidentSetSize of job (KB)
...
006 (15950983.159.000) 2026-02-11 01:53:09 Image size of job updated: 938104
	701  -  MemoryUsage of job (MB)
	717512  -  ResidentSetSize of job (KB)
...
006 (15950983.159.000) 2026-02-11 01:58:10 Image size of job updated: 938104
	702  -  MemoryUsage of job (MB)
	718304  -  ResidentSetSize of job (KB)
...
006 (15950983.159.000) 2026-02-11 02:03:10 Image size of job updated: 938104
	703  -  MemoryUsage of job (MB)
	719140  -  ResidentSetSize of job (KB)
...
006 (15950983.159.000) 2026-02-11 02:08:10 Image size of job updated: 938104
	704  -  MemoryUsage of job (MB)
	719988  -  ResidentSetSize of job (KB)
...
006 (15950983.159.000) 2026-02-11 02:28:12 Image size of job updated: 938104
	704  -  MemoryUsage of job (MB)
	720248  -  ResidentSetSize of job (KB)
...
006 (15950983.159.000) 2026-02-11 02:58:14 Image size of job updated: 938104
	704  -  MemoryUsage of job (MB)
	720324  -  ResidentSetSize of job (KB)
...
006 (15950983.159.000) 2026-02-11 03:03:14 Image size of job updated: 938104
	704  -  MemoryUsage of job (MB)
	720500  -  ResidentSetSize of job (KB)
...
006 (15950983.159.000) 2026-02-11 03:18:15 Image size of job updated: 938104
	704  -  MemoryUsage of job (MB)
	720564  -  ResidentSetSize of job (KB)
...
006 (15950983.159.000) 2026-02-11 03:28:16 Image size of job updated: 938104
	704  -  MemoryUsage of job (MB)
	720756  -  ResidentSetSize of job (KB)
...
006 (15950983.159.000) 2026-02-11 03:53:19 Image size of job updated: 938104
	704  -  MemoryUsage of job (MB)
	720780  -  ResidentSetSize of job (KB)
...
006 (15950983.159.000) 2026-02-11 03:58:20 Image size of job updated: 938104
	705  -  MemoryUsage of job (MB)
	721012  -  ResidentSetSize of job (KB)
...
006 (15950983.159.000) 2026-02-11 04:43:25 Image size of job updated: 938104
	705  -  MemoryUsage of job (MB)
	721200  -  ResidentSetSize of job (KB)
...
006 (15950983.159.000) 2026-02-11 05:18:29 Image size of job updated: 938104
	705  -  MemoryUsage of job (MB)
	721300  -  ResidentSetSize of job (KB)
...
006 (15950983.159.000) 2026-02-11 05:28:29 Image size of job updated: 938104
	705  -  MemoryUsage of job (MB)
	721456  -  ResidentSetSize of job (KB)
...
006 (15950983.159.000) 2026-02-11 06:28:35 Image size of job updated: 938104
	705  -  MemoryUsage of job (MB)
	721516  -  ResidentSetSize of job (KB)
...
006 (15950983.159.000) 2026-02-11 06:58:39 Image size of job updated: 938104
	705  -  MemoryUsage of job (MB)
	721588  -  ResidentSetSize of job (KB)
...
006 (15950983.159.000) 2026-02-11 07:13:41 Image size of job updated: 938104
	705  -  MemoryUsage of job (MB)
	721712  -  ResidentSetSize of job (KB)
...
006 (15950983.159.000) 2026-02-11 08:03:44 Image size of job updated: 938104
	705  -  MemoryUsage of job (MB)
	721816  -  ResidentSetSize of job (KB)
...
006 (15950983.159.000) 2026-02-11 08:28:47 Image size of job updated: 938104
	706  -  MemoryUsage of job (MB)
	721968  -  ResidentSetSize of job (KB)
...
006 (15950983.159.000) 2026-02-11 09:03:51 Image size of job updated: 938104
	706  -  MemoryUsage of job (MB)
	722088  -  ResidentSetSize of job (KB)
...
006 (15950983.159.000) 2026-02-11 09:28:53 Image size of job updated: 938104
	711  -  MemoryUsage of job (MB)
	727912  -  ResidentSetSize of job (KB)
...
006 (15950983.159.000) 2026-02-11 09:33:54 Image size of job updated: 938104
	712  -  MemoryUsage of job (MB)
	728652  -  ResidentSetSize of job (KB)
...
006 (15950983.159.000) 2026-02-11 09:38:55 Image size of job updated: 938104
	712  -  MemoryUsage of job (MB)
	728828  -  ResidentSetSize of job (KB)
...
006 (15950983.159.000) 2026-02-11 09:43:55 Image size of job updated: 938104
	713  -  MemoryUsage of job (MB)
	729136  -  ResidentSetSize of job (KB)
...
006 (15950983.159.000) 2026-02-11 09:48:56 Image size of job updated: 938104
	713  -  MemoryUsage of job (MB)
	729572  -  ResidentSetSize of job (KB)
...
006 (15950983.159.000) 2026-02-11 09:53:57 Image size of job updated: 938104
	713  -  MemoryUsage of job (MB)
	729932  -  ResidentSetSize of job (KB)
...
006 (15950983.159.000) 2026-02-11 09:58:57 Image size of job updated: 938104
	714  -  MemoryUsage of job (MB)
	730320  -  ResidentSetSize of job (KB)
...
006 (15950983.159.000) 2026-02-11 10:03:58 Image size of job updated: 938104
	714  -  MemoryUsage of job (MB)
	730892  -  ResidentSetSize of job (KB)
...
006 (15950983.159.000) 2026-02-11 10:08:59 Image size of job updated: 938104
	715  -  MemoryUsage of job (MB)
	731232  -  ResidentSetSize of job (KB)
...
006 (15950983.159.000) 2026-02-11 10:44:01 Image size of job updated: 938104
	715  -  MemoryUsage of job (MB)
	731332  -  ResidentSetSize of job (KB)
...
006 (15950983.159.000) 2026-02-11 10:49:02 Image size of job updated: 938104
	715  -  MemoryUsage of job (MB)
	731428  -  ResidentSetSize of job (KB)
...
006 (15950983.159.000) 2026-02-11 11:24:04 Image size of job updated: 938104
	715  -  MemoryUsage of job (MB)
	731632  -  ResidentSetSize of job (KB)
...
006 (15950983.159.000) 2026-02-11 12:29:12 Image size of job updated: 938104
	715  -  MemoryUsage of job (MB)
	731920  -  ResidentSetSize of job (KB)
...
006 (15950983.159.000) 2026-02-11 12:34:13 Image size of job updated: 938104
	716  -  MemoryUsage of job (MB)
	732316  -  ResidentSetSize of job (KB)
...
006 (15950983.159.000) 2026-02-11 12:39:13 Image size of job updated: 938104
	716  -  MemoryUsage of job (MB)
	732796  -  ResidentSetSize of job (KB)
...
006 (15950983.159.000) 2026-02-11 12:44:14 Image size of job updated: 938104
	716  -  MemoryUsage of job (MB)
	733168  -  ResidentSetSize of job (KB)
...
006 (15950983.159.000) 2026-02-11 12:49:15 Image size of job updated: 938104
	717  -  MemoryUsage of job (MB)
	733616  -  ResidentSetSize of job (KB)
...
006 (15950983.159.000) 2026-02-11 12:54:15 Image size of job updated: 938104
	717  -  MemoryUsage of job (MB)
	733988  -  ResidentSetSize of job (KB)
...
006 (15950983.159.000) 2026-02-11 13:19:17 Image size of job updated: 938104
	718  -  MemoryUsage of job (MB)
	734244  -  ResidentSetSize of job (KB)
...
006 (15950983.159.000) 2026-02-11 13:24:17 Image size of job updated: 938104
	718  -  MemoryUsage of job (MB)
	734596  -  ResidentSetSize of job (KB)
...
006 (15950983.159.000) 2026-02-11 13:29:18 Image size of job updated: 938104
	718  -  MemoryUsage of job (MB)
	735024  -  ResidentSetSize of job (KB)
...
006 (15950983.159.000) 2026-02-11 13:34:18 Image size of job updated: 938104
	719  -  MemoryUsage of job (MB)
	735456  -  ResidentSetSize of job (KB)
...
006 (15950983.159.000) 2026-02-11 14:19:24 Image size of job updated: 938104
	720  -  MemoryUsage of job (MB)
	736496  -  ResidentSetSize of job (KB)
...
006 (15950983.159.000) 2026-02-11 14:24:25 Image size of job updated: 938104
	720  -  MemoryUsage of job (MB)
	736820  -  ResidentSetSize of job (KB)
...
006 (15950983.159.000) 2026-02-11 14:29:26 Image size of job updated: 938104
	720  -  MemoryUsage of job (MB)
	736964  -  ResidentSetSize of job (KB)
...
006 (15950983.159.000) 2026-02-11 14:34:26 Image size of job updated: 938104
	721  -  MemoryUsage of job (MB)
	737480  -  ResidentSetSize of job (KB)
...
006 (15950983.159.000) 2026-02-11 14:39:27 Image size of job updated: 938104
	721  -  MemoryUsage of job (MB)
	737676  -  ResidentSetSize of job (KB)
...
006 (15950983.159.000) 2026-02-11 14:44:27 Image size of job updated: 938104
	721  -  MemoryUsage of job (MB)
	738248  -  ResidentSetSize of job (KB)
...
006 (15950983.159.000) 2026-02-11 14:49:27 Image size of job updated: 938104
	722  -  MemoryUsage of job (MB)
	738356  -  ResidentSetSize of job (KB)
...
006 (15950983.159.000) 2026-02-11 14:54:28 Image size of job updated: 938104
	722  -  MemoryUsage of job (MB)
	738868  -  ResidentSetSize of job (KB)
...
006 (15950983.159.000) 2026-02-11 14:59:28 Image size of job updated: 938104
	722  -  MemoryUsage of job (MB)
	739092  -  ResidentSetSize of job (KB)
...
006 (15950983.159.000) 2026-02-11 15:04:28 Image size of job updated: 938104
	723  -  MemoryUsage of job (MB)
	739624  -  ResidentSetSize of job (KB)
...
006 (15950983.159.000) 2026-02-11 15:09:29 Image size of job updated: 938104
	723  -  MemoryUsage of job (MB)
	739776  -  ResidentSetSize of job (KB)
...
006 (15950983.159.000) 2026-02-11 16:29:35 Image size of job updated: 938104
	723  -  MemoryUsage of job (MB)
	739828  -  ResidentSetSize of job (KB)
...
006 (15950983.159.000) 2026-02-11 16:54:37 Image size of job updated: 938104
	723  -  MemoryUsage of job (MB)
	740116  -  ResidentSetSize of job (KB)
...
006 (15950983.159.000) 2026-02-11 16:59:37 Image size of job updated: 938104
	724  -  MemoryUsage of job (MB)
	740440  -  ResidentSetSize of job (KB)
...
006 (15950983.159.000) 2026-02-11 17:04:38 Image size of job updated: 938104
	724  -  MemoryUsage of job (MB)
	740748  -  ResidentSetSize of job (KB)
...
006 (15950983.159.000) 2026-02-11 17:09:39 Image size of job updated: 938104
	724  -  MemoryUsage of job (MB)
	741092  -  ResidentSetSize of job (KB)
...
006 (15950983.159.000) 2026-02-11 17:14:39 Image size of job updated: 938104
	725  -  MemoryUsage of job (MB)
	741388  -  ResidentSetSize of job (KB)
...
006 (15950983.159.000) 2026-02-11 17:19:40 Image size of job updated: 938104
	725  -  MemoryUsage of job (MB)
	741452  -  ResidentSetSize of job (KB)
...
006 (15950983.159.000) 2026-02-11 18:09:45 Image size of job updated: 938104
	725  -  MemoryUsage of job (MB)
	741684  -  ResidentSetSize of job (KB)
...
006 (15950983.159.000) 2026-02-11 18:14:46 Image size of job updated: 938104
	725  -  MemoryUsage of job (MB)
	741816  -  ResidentSetSize of job (KB)
...
006 (15950983.159.000) 2026-02-11 18:59:50 Image size of job updated: 938104
	725  -  MemoryUsage of job (MB)
	742048  -  ResidentSetSize of job (KB)
...
006 (15950983.159.000) 2026-02-11 19:49:55 Image size of job updated: 938104
	725  -  MemoryUsage of job (MB)
	742136  -  ResidentSetSize of job (KB)
...
006 (15950983.159.000) 2026-02-11 20:39:58 Image size of job updated: 938104
	725  -  MemoryUsage of job (MB)
	742304  -  ResidentSetSize of job (KB)
...
006 (15950983.159.000) 2026-02-11 23:05:13 Image size of job updated: 938104
	726  -  MemoryUsage of job (MB)
	742456  -  ResidentSetSize of job (KB)
...
006 (15950983.159.000) 2026-02-11 23:55:18 Image size of job updated: 938104
	726  -  MemoryUsage of job (MB)
	742560  -  ResidentSetSize of job (KB)
...
006 (15950983.159.000) 2026-02-12 01:35:28 Image size of job updated: 938104
	726  -  MemoryUsage of job (MB)
	742588  -  ResidentSetSize of job (KB)
...
006 (15950983.159.000) 2026-02-12 02:25:32 Image size of job updated: 938104
	726  -  MemoryUsage of job (MB)
	742816  -  ResidentSetSize of job (KB)
...
006 (15950983.159.000) 2026-02-12 05:45:54 Image size of job updated: 938104
	726  -  MemoryUsage of job (MB)
	742828  -  ResidentSetSize of job (KB)
...
006 (15950983.159.000) 2026-02-12 06:35:59 Image size of job updated: 938104
	726  -  MemoryUsage of job (MB)
	743072  -  ResidentSetSize of job (KB)
...
006 (15950983.159.000) 2026-02-12 07:46:07 Image size of job updated: 938104
	726  -  MemoryUsage of job (MB)
	743116  -  ResidentSetSize of job (KB)
...
006 (15950983.159.000) 2026-02-12 07:51:08 Image size of job updated: 938104
	726  -  MemoryUsage of job (MB)
	743164  -  ResidentSetSize of job (KB)
...
006 (15950983.159.000) 2026-02-12 07:56:08 Image size of job updated: 938104
	726  -  MemoryUsage of job (MB)
	743220  -  ResidentSetSize of job (KB)
...
006 (15950983.159.000) 2026-02-12 08:01:08 Image size of job updated: 938104
	727  -  MemoryUsage of job (MB)
	743492  -  ResidentSetSize of job (KB)
...
006 (15950983.159.000) 2026-02-12 08:06:09 Image size of job updated: 938104
	727  -  MemoryUsage of job (MB)
	743744  -  ResidentSetSize of job (KB)
...
006 (15950983.159.000) 2026-02-12 08:11:09 Image size of job updated: 938104
	727  -  MemoryUsage of job (MB)
	744012  -  ResidentSetSize of job (KB)
...
006 (15950983.159.000) 2026-02-12 08:16:09 Image size of job updated: 938104
	727  -  MemoryUsage of job (MB)
	744288  -  ResidentSetSize of job (KB)
...
006 (15950983.159.000) 2026-02-12 08:21:10 Image size of job updated: 938104
	728  -  MemoryUsage of job (MB)
	744528  -  ResidentSetSize of job (KB)
...
006 (15950983.159.000) 2026-02-12 08:26:10 Image size of job updated: 938104
	728  -  MemoryUsage of job (MB)
	744776  -  ResidentSetSize of job (KB)
...
006 (15950983.159.000) 2026-02-12 08:31:11 Image size of job updated: 938104
	728  -  MemoryUsage of job (MB)
	745016  -  ResidentSetSize of job (KB)
...
006 (15950983.159.000) 2026-02-12 08:36:12 Image size of job updated: 938104
	728  -  MemoryUsage of job (MB)
	745104  -  ResidentSetSize of job (KB)
...
006 (15950983.159.000) 2026-02-12 09:36:18 Image size of job updated: 938104
	728  -  MemoryUsage of job (MB)
	745464  -  ResidentSetSize of job (KB)
...
021 (15950983.159.000) 2026-02-12 16:37:06 Error from starter on slot1_18@pizza30.zeuthen.desy.de:
	runtime exceeded maximum (target.Runtime seconds)
	Code 21 Subcode 103
...
004 (15950983.159.000) 2026-02-12 16:37:06 Job was evicted.
	(0) CPU times
		Usr 1 23:24:03, Sys 0 00:00:14  -  Run Remote Usage
		Usr 0 00:00:00, Sys 0 00:00:00  -  Run Local Usage
	0  -  Run Bytes Sent By Job
	0  -  Run Bytes Received By Job
	Error from slot1_18@pizza30.zeuthen.desy.de: runtime exceeded maximum (target.Runtime seconds)
	Partitionable Resources :     Usage  Request Allocated 
	   Cpus                 :      0.99        1         1 
	   Disk (KB)            :      1     1024000   1025696 
	   GPUs                 :                            0 
	   Memory (MB)          :    728        5120      5120 
	   TimeSlotBusy (s)     : 172802                       
...
012 (15950983.159.000) 2026-02-12 16:37:06 Job was held.
	Error from slot1_18@pizza30.zeuthen.desy.de: runtime exceeded maximum (target.Runtime seconds)
	Code 21 Subcode 103
...
001 (15949295.679.000) 2026-02-13 15:58:58 Job executing on host: <141.34.15.204:9618?addrs=141.34.15.204-9618+[2001-638-700-f00f--1-cc]-9618&alias=pizza06.zeuthen.desy.de&noUDP&sock=startd_8233_bb4f>
	SlotName: slot1_12@pizza06.zeuthen.desy.de
	CondorScratchDir = "/batch/dir_3759886"
	Cpus = 8
	Disk = 1025696
	GPUs = 0
	Memory = 16384
...
006 (15949295.679.000) 2026-02-13 15:59:12 Image size of job updated: 103424
	101  -  MemoryUsage of job (MB)
	103424  -  ResidentSetSize of job (KB)
...
006 (15949295.679.000) 2026-02-13 16:04:13 Image size of job updated: 712760
	692  -  MemoryUsage of job (MB)
	708116  -  ResidentSetSize of job (KB)
...
006 (15949295.679.000) 2026-02-13 16:09:13 Image size of job updated: 713292
	695  -  MemoryUsage of job (MB)
	711604  -  ResidentSetSize of job (KB)
...
006 (15949295.679.000) 2026-02-13 16:14:13 Image size of job updated: 714480
	697  -  MemoryUsage of job (MB)
	712868  -  ResidentSetSize of job (KB)
...
006 (15949295.679.000) 2026-02-13 16:19:14 Image size of job updated: 714960
	699  -  MemoryUsage of job (MB)
	714784  -  ResidentSetSize of job (KB)
...
006 (15949295.679.000) 2026-02-13 16:24:14 Image size of job updated: 715664
	699  -  MemoryUsage of job (MB)
	714784  -  ResidentSetSize of job (KB)
...
006 (15949295.679.000) 2026-02-13 16:29:14 Image size of job updated: 716684
	699  -  MemoryUsage of job (MB)
	714784  -  ResidentSetSize of job (KB)
...
006 (15949295.679.000) 2026-02-13 16:34:15 Image size of job updated: 717200
	699  -  MemoryUsage of job (MB)
	714784  -  ResidentSetSize of job (KB)
...
006 (15949295.679.000) 2026-02-13 16:49:16 Image size of job updated: 729164
	703  -  MemoryUsage of job (MB)
	719280  -  ResidentSetSize of job (KB)
...
006 (15949295.679.000) 2026-02-13 16:54:16 Image size of job updated: 729408
	710  -  MemoryUsage of job (MB)
	726200  -  ResidentSetSize of job (KB)
...
006 (15949295.679.000) 2026-02-13 16:59:16 Image size of job updated: 730280
	710  -  MemoryUsage of job (MB)
	726200  -  ResidentSetSize of job (KB)
...
006 (15949295.679.000) 2026-02-13 17:04:17 Image size of job updated: 730280
	712  -  MemoryUsage of job (MB)
	728896  -  ResidentSetSize of job (KB)
...
006 (15949295.679.000) 2026-02-13 17:09:17 Image size of job updated: 730692
	712  -  MemoryUsage of job (MB)
	728896  -  ResidentSetSize of job (KB)
...
006 (15949295.679.000) 2026-02-13 17:14:18 Image size of job updated: 731072
	712  -  MemoryUsage of job (MB)
	728896  -  ResidentSetSize of job (KB)
...
006 (15949295.679.000) 2026-02-13 17:19:19 Image size of job updated: 732516
	712  -  MemoryUsage of job (MB)
	728896  -  ResidentSetSize of job (KB)
...
006 (15949295.679.000) 2026-02-13 17:24:19 Image size of job updated: 733856
	713  -  MemoryUsage of job (MB)
	729564  -  ResidentSetSize of job (KB)
...
006 (15949295.679.000) 2026-02-13 17:29:20 Image size of job updated: 754960
	734  -  MemoryUsage of job (MB)
	751232  -  ResidentSetSize of job (KB)
...
006 (15949295.679.000) 2026-02-13 17:34:21 Image size of job updated: 757656
	735  -  MemoryUsage of job (MB)
	751692  -  ResidentSetSize of job (KB)
...
006 (15949295.679.000) 2026-02-13 17:39:21 Image size of job updated: 760076
	743  -  MemoryUsage of job (MB)
	760076  -  ResidentSetSize of job (KB)
...
006 (15949295.679.000) 2026-02-13 17:44:22 Image size of job updated: 768072
	750  -  MemoryUsage of job (MB)
	767972  -  ResidentSetSize of job (KB)
...
006 (15949295.679.000) 2026-02-13 17:54:22 Image size of job updated: 769476
	750  -  MemoryUsage of job (MB)
	767972  -  ResidentSetSize of job (KB)
...
006 (15949295.679.000) 2026-02-13 17:59:23 Image size of job updated: 770764
	750  -  MemoryUsage of job (MB)
	767972  -  ResidentSetSize of job (KB)
...
006 (15949295.679.000) 2026-02-13 18:04:23 Image size of job updated: 771116
	750  -  MemoryUsage of job (MB)
	767972  -  ResidentSetSize of job (KB)
...
006 (15949295.679.000) 2026-02-13 18:09:23 Image size of job updated: 771132
	752  -  MemoryUsage of job (MB)
	769160  -  ResidentSetSize of job (KB)
...
006 (15949295.679.000) 2026-02-13 18:14:24 Image size of job updated: 771708
	752  -  MemoryUsage of job (MB)
	769160  -  ResidentSetSize of job (KB)
...
006 (15949295.679.000) 2026-02-13 18:19:24 Image size of job updated: 771760
	754  -  MemoryUsage of job (MB)
	771224  -  ResidentSetSize of job (KB)
...
006 (15949295.679.000) 2026-02-13 18:24:25 Image size of job updated: 776788
	755  -  MemoryUsage of job (MB)
	772660  -  ResidentSetSize of job (KB)
...
006 (15949295.679.000) 2026-02-13 18:29:26 Image size of job updated: 777088
	755  -  MemoryUsage of job (MB)
	772660  -  ResidentSetSize of job (KB)
...
006 (15949295.679.000) 2026-02-13 18:34:26 Image size of job updated: 777088
	755  -  MemoryUsage of job (MB)
	772824  -  ResidentSetSize of job (KB)
...
006 (15949295.679.000) 2026-02-13 18:39:27 Image size of job updated: 778116
	756  -  MemoryUsage of job (MB)
	773756  -  ResidentSetSize of job (KB)
...
006 (15949295.679.000) 2026-02-13 18:44:27 Image size of job updated: 778116
	757  -  MemoryUsage of job (MB)
	774472  -  ResidentSetSize of job (KB)
...
006 (15949295.679.000) 2026-02-13 18:49:27 Image size of job updated: 797408
	779  -  MemoryUsage of job (MB)
	797408  -  ResidentSetSize of job (KB)
...
006 (15949295.679.000) 2026-02-13 18:54:28 Image size of job updated: 800680
	779  -  MemoryUsage of job (MB)
	797408  -  ResidentSetSize of job (KB)
...
006 (15949295.679.000) 2026-02-13 18:59:28 Image size of job updated: 801108
	779  -  MemoryUsage of job (MB)
	797408  -  ResidentSetSize of job (KB)
...
006 (15949295.679.000) 2026-02-13 19:09:29 Image size of job updated: 801108
	782  -  MemoryUsage of job (MB)
	800220  -  ResidentSetSize of job (KB)
...
006 (15949295.679.000) 2026-02-13 19:14:29 Image size of job updated: 801108
	782  -  MemoryUsage of job (MB)
	800312  -  ResidentSetSize of job (KB)
...
006 (15949295.679.000) 2026-02-13 19:19:30 Image size of job updated: 801108
	782  -  MemoryUsage of job (MB)
	800560  -  ResidentSetSize of job (KB)
...
006 (15949295.679.000) 2026-02-13 19:29:31 Image size of job updated: 802696
	784  -  MemoryUsage of job (MB)
	802696  -  ResidentSetSize of job (KB)
...
006 (15949295.679.000) 2026-02-13 19:39:32 Image size of job updated: 802800
	784  -  MemoryUsage of job (MB)
	802800  -  ResidentSetSize of job (KB)
...
006 (15949295.679.000) 2026-02-13 19:44:33 Image size of job updated: 802816
	784  -  MemoryUsage of job (MB)
	802816  -  ResidentSetSize of job (KB)
...
006 (15949295.679.000) 2026-02-13 19:49:34 Image size of job updated: 803056
	785  -  MemoryUsage of job (MB)
	803056  -  ResidentSetSize of job (KB)
...
006 (15949295.679.000) 2026-02-13 19:59:35 Image size of job updated: 803092
	785  -  MemoryUsage of job (MB)
	803092  -  ResidentSetSize of job (KB)
...
006 (15949295.679.000) 2026-02-13 20:04:35 Image size of job updated: 819780
	801  -  MemoryUsage of job (MB)
	819780  -  ResidentSetSize of job (KB)
...
006 (15949295.679.000) 2026-02-13 20:09:36 Image size of job updated: 820772
	802  -  MemoryUsage of job (MB)
	820772  -  ResidentSetSize of job (KB)
...
006 (15949295.679.000) 2026-02-13 20:14:37 Image size of job updated: 821208
	802  -  MemoryUsage of job (MB)
	821208  -  ResidentSetSize of job (KB)
...
006 (15949295.679.000) 2026-02-13 20:19:37 Image size of job updated: 821228
	802  -  MemoryUsage of job (MB)
	821228  -  ResidentSetSize of job (KB)
...
006 (15949295.679.000) 2026-02-13 20:24:38 Image size of job updated: 821464
	803  -  MemoryUsage of job (MB)
	821464  -  ResidentSetSize of job (KB)
...
006 (15949295.679.000) 2026-02-13 20:39:39 Image size of job updated: 847108
	828  -  MemoryUsage of job (MB)
	847108  -  ResidentSetSize of job (KB)
...
006 (15949295.679.000) 2026-02-13 20:44:39 Image size of job updated: 847728
	828  -  MemoryUsage of job (MB)
	847728  -  ResidentSetSize of job (KB)
...
006 (15949295.679.000) 2026-02-13 20:49:41 Image size of job updated: 849000
	830  -  MemoryUsage of job (MB)
	849000  -  ResidentSetSize of job (KB)
...
006 (15949295.679.000) 2026-02-13 20:54:41 Image size of job updated: 850276
	831  -  MemoryUsage of job (MB)
	850276  -  ResidentSetSize of job (KB)
...
006 (15949295.679.000) 2026-02-13 20:59:41 Image size of job updated: 851024
	832  -  MemoryUsage of job (MB)
	851024  -  ResidentSetSize of job (KB)
...
006 (15949295.679.000) 2026-02-13 21:04:42 Image size of job updated: 851396
	832  -  MemoryUsage of job (MB)
	851396  -  ResidentSetSize of job (KB)
...
006 (15949295.679.000) 2026-02-13 21:09:42 Image size of job updated: 861220
	842  -  MemoryUsage of job (MB)
	861220  -  ResidentSetSize of job (KB)
...
006 (15949295.679.000) 2026-02-13 21:14:43 Image size of job updated: 862136
	842  -  MemoryUsage of job (MB)
	862136  -  ResidentSetSize of job (KB)
...
006 (15949295.679.000) 2026-02-13 21:19:44 Image size of job updated: 862212
	843  -  MemoryUsage of job (MB)
	862212  -  ResidentSetSize of job (KB)
...
006 (15949295.679.000) 2026-02-13 21:49:47 Image size of job updated: 862220
	843  -  MemoryUsage of job (MB)
	862220  -  ResidentSetSize of job (KB)
...
006 (15949295.679.000) 2026-02-13 21:54:48 Image size of job updated: 862468
	843  -  MemoryUsage of job (MB)
	862220  -  ResidentSetSize of job (KB)
...
006 (15949295.679.000) 2026-02-13 22:09:50 Image size of job updated: 862468
	843  -  MemoryUsage of job (MB)
	862228  -  ResidentSetSize of job (KB)
...
006 (15949295.679.000) 2026-02-13 22:14:50 Image size of job updated: 862468
	843  -  MemoryUsage of job (MB)
	862468  -  ResidentSetSize of job (KB)
...
006 (15949295.679.000) 2026-02-13 22:24:51 Image size of job updated: 862472
	843  -  MemoryUsage of job (MB)
	862468  -  ResidentSetSize of job (KB)
...
006 (15949295.679.000) 2026-02-13 22:44:53 Image size of job updated: 865856
	846  -  MemoryUsage of job (MB)
	865856  -  ResidentSetSize of job (KB)
...
006 (15949295.679.000) 2026-02-13 22:49:53 Image size of job updated: 866172
	846  -  MemoryUsage of job (MB)
	866168  -  ResidentSetSize of job (KB)
...
006 (15949295.679.000) 2026-02-13 22:59:54 Image size of job updated: 890596
	870  -  MemoryUsage of job (MB)
	890596  -  ResidentSetSize of job (KB)
...
006 (15949295.679.000) 2026-02-13 23:04:54 Image size of job updated: 891016
	871  -  MemoryUsage of job (MB)
	891016  -  ResidentSetSize of job (KB)
...
006 (15949295.679.000) 2026-02-13 23:09:55 Image size of job updated: 891472
	871  -  MemoryUsage of job (MB)
	891112  -  ResidentSetSize of job (KB)
...
006 (15949295.679.000) 2026-02-13 23:14:56 Image size of job updated: 895572
	875  -  MemoryUsage of job (MB)
	895572  -  ResidentSetSize of job (KB)
...
006 (15949295.679.000) 2026-02-13 23:19:56 Image size of job updated: 895852
	875  -  MemoryUsage of job (MB)
	895852  -  ResidentSetSize of job (KB)
...
006 (15949295.679.000) 2026-02-13 23:24:57 Image size of job updated: 896124
	876  -  MemoryUsage of job (MB)
	896124  -  ResidentSetSize of job (KB)
...
006 (15949295.679.000) 2026-02-13 23:34:57 Image size of job updated: 907140
	886  -  MemoryUsage of job (MB)
	907140  -  ResidentSetSize of job (KB)
...
006 (15949295.679.000) 2026-02-13 23:39:58 Image size of job updated: 907360
	887  -  MemoryUsage of job (MB)
	907360  -  ResidentSetSize of job (KB)
...
006 (15949295.679.000) 2026-02-13 23:44:58 Image size of job updated: 907472
	887  -  MemoryUsage of job (MB)
	907472  -  ResidentSetSize of job (KB)
...
006 (15949295.679.000) 2026-02-13 23:55:00 Image size of job updated: 909376
	889  -  MemoryUsage of job (MB)
	909376  -  ResidentSetSize of job (KB)
...
006 (15949295.679.000) 2026-02-14 00:00:00 Image size of job updated: 909608
	889  -  MemoryUsage of job (MB)
	909608  -  ResidentSetSize of job (KB)
...
006 (15949295.679.000) 2026-02-14 00:05:01 Image size of job updated: 911408
	891  -  MemoryUsage of job (MB)
	911408  -  ResidentSetSize of job (KB)
...
006 (15949295.679.000) 2026-02-14 00:10:01 Image size of job updated: 911588
	891  -  MemoryUsage of job (MB)
	911588  -  ResidentSetSize of job (KB)
...
006 (15949295.679.000) 2026-02-14 00:40:04 Image size of job updated: 911724
	891  -  MemoryUsage of job (MB)
	911724  -  ResidentSetSize of job (KB)
...
006 (15949295.679.000) 2026-02-14 00:50:05 Image size of job updated: 923768
	903  -  MemoryUsage of job (MB)
	923768  -  ResidentSetSize of job (KB)
...
006 (15949295.679.000) 2026-02-14 00:55:05 Image size of job updated: 923992
	903  -  MemoryUsage of job (MB)
	923992  -  ResidentSetSize of job (KB)
...
006 (15949295.679.000) 2026-02-14 01:00:06 Image size of job updated: 924108
	903  -  MemoryUsage of job (MB)
	924108  -  ResidentSetSize of job (KB)
...
006 (15949295.679.000) 2026-02-14 01:10:07 Image size of job updated: 924312
	903  -  MemoryUsage of job (MB)
	924312  -  ResidentSetSize of job (KB)
...
006 (15949295.679.000) 2026-02-14 01:40:10 Image size of job updated: 924320
	903  -  MemoryUsage of job (MB)
	924320  -  ResidentSetSize of job (KB)
...
006 (15949295.679.000) 2026-02-14 01:50:11 Image size of job updated: 924568
	903  -  MemoryUsage of job (MB)
	924320  -  ResidentSetSize of job (KB)
...
006 (15949295.679.000) 2026-02-14 02:00:12 Image size of job updated: 924568
	903  -  MemoryUsage of job (MB)
	924392  -  ResidentSetSize of job (KB)
...
006 (15949295.679.000) 2026-02-14 02:10:13 Image size of job updated: 926276
	905  -  MemoryUsage of job (MB)
	926276  -  ResidentSetSize of job (KB)
...
006 (15949295.679.000) 2026-02-14 02:15:13 Image size of job updated: 926460
	905  -  MemoryUsage of job (MB)
	926460  -  ResidentSetSize of job (KB)
...
006 (15949295.679.000) 2026-02-14 02:20:14 Image size of job updated: 926544
	905  -  MemoryUsage of job (MB)
	926544  -  ResidentSetSize of job (KB)
...
006 (15949295.679.000) 2026-02-14 02:30:15 Image size of job updated: 933960
	913  -  MemoryUsage of job (MB)
	933960  -  ResidentSetSize of job (KB)
...
006 (15949295.679.000) 2026-02-14 02:35:15 Image size of job updated: 934124
	913  -  MemoryUsage of job (MB)
	934124  -  ResidentSetSize of job (KB)
...
006 (15949295.679.000) 2026-02-14 02:40:15 Image size of job updated: 935168
	914  -  MemoryUsage of job (MB)
	935168  -  ResidentSetSize of job (KB)
...
006 (15949295.679.000) 2026-02-14 02:45:16 Image size of job updated: 935316
	914  -  MemoryUsage of job (MB)
	935316  -  ResidentSetSize of job (KB)
...
006 (15949295.679.000) 2026-02-14 02:50:16 Image size of job updated: 935576
	914  -  MemoryUsage of job (MB)
	935576  -  ResidentSetSize of job (KB)
...
006 (15949295.679.000) 2026-02-14 03:00:17 Image size of job updated: 935676
	914  -  MemoryUsage of job (MB)
	935676  -  ResidentSetSize of job (KB)
...
006 (15949295.679.000) 2026-02-14 03:10:18 Image size of job updated: 935912
	914  -  MemoryUsage of job (MB)
	935912  -  ResidentSetSize of job (KB)
...
006 (15949295.679.000) 2026-02-14 03:15:18 Image size of job updated: 936624
	915  -  MemoryUsage of job (MB)
	936624  -  ResidentSetSize of job (KB)
...
006 (15949295.679.000) 2026-02-14 03:35:21 Image size of job updated: 936688
	915  -  MemoryUsage of job (MB)
	936688  -  ResidentSetSize of job (KB)
...
006 (15949295.679.000) 2026-02-14 04:20:25 Image size of job updated: 945352
	924  -  MemoryUsage of job (MB)
	945352  -  ResidentSetSize of job (KB)
...
006 (15949295.679.000) 2026-02-14 04:25:26 Image size of job updated: 945580
	924  -  MemoryUsage of job (MB)
	945580  -  ResidentSetSize of job (KB)
...
006 (15949295.679.000) 2026-02-14 04:30:27 Image size of job updated: 950424
	929  -  MemoryUsage of job (MB)
	950424  -  ResidentSetSize of job (KB)
...
006 (15949295.679.000) 2026-02-14 04:35:27 Image size of job updated: 950664
	929  -  MemoryUsage of job (MB)
	950664  -  ResidentSetSize of job (KB)
...
006 (15949295.679.000) 2026-02-14 04:40:28 Image size of job updated: 951116
	929  -  MemoryUsage of job (MB)
	951116  -  ResidentSetSize of job (KB)
...
006 (15949295.679.000) 2026-02-14 04:50:28 Image size of job updated: 951188
	929  -  MemoryUsage of job (MB)
	951188  -  ResidentSetSize of job (KB)
...
006 (15949295.679.000) 2026-02-14 05:15:30 Image size of job updated: 951304
	930  -  MemoryUsage of job (MB)
	951304  -  ResidentSetSize of job (KB)
...
006 (15949295.679.000) 2026-02-14 05:25:31 Image size of job updated: 951444
	930  -  MemoryUsage of job (MB)
	951444  -  ResidentSetSize of job (KB)
...
006 (15949295.679.000) 2026-02-14 06:25:38 Image size of job updated: 951584
	930  -  MemoryUsage of job (MB)
	951584  -  ResidentSetSize of job (KB)
...
006 (15949295.679.000) 2026-02-14 06:35:38 Image size of job updated: 951700
	930  -  MemoryUsage of job (MB)
	951700  -  ResidentSetSize of job (KB)
...
006 (15949295.679.000) 2026-02-14 06:45:39 Image size of job updated: 951744
	930  -  MemoryUsage of job (MB)
	951744  -  ResidentSetSize of job (KB)
...
006 (15949295.679.000) 2026-02-14 06:55:41 Image size of job updated: 951956
	930  -  MemoryUsage of job (MB)
	951956  -  ResidentSetSize of job (KB)
...
006 (15949295.679.000) 2026-02-14 07:00:41 Image size of job updated: 956016
	934  -  MemoryUsage of job (MB)
	956016  -  ResidentSetSize of job (KB)
...
006 (15949295.679.000) 2026-02-14 07:05:42 Image size of job updated: 956232
	934  -  MemoryUsage of job (MB)
	956232  -  ResidentSetSize of job (KB)
...
006 (15949295.679.000) 2026-02-14 07:10:42 Image size of job updated: 956892
	935  -  MemoryUsage of job (MB)
	956892  -  ResidentSetSize of job (KB)
...
006 (15949295.679.000) 2026-02-14 07:20:44 Image size of job updated: 957036
	935  -  MemoryUsage of job (MB)
	957036  -  ResidentSetSize of job (KB)
...
006 (15949295.679.000) 2026-02-14 08:10:49 Image size of job updated: 957124
	935  -  MemoryUsage of job (MB)
	957124  -  ResidentSetSize of job (KB)
...
006 (15949295.679.000) 2026-02-14 08:20:50 Image size of job updated: 957292
	935  -  MemoryUsage of job (MB)
	957292  -  ResidentSetSize of job (KB)
...
006 (15949295.679.000) 2026-02-14 08:45:52 Image size of job updated: 957332
	935  -  MemoryUsage of job (MB)
	957332  -  ResidentSetSize of job (KB)
...
006 (15949295.679.000) 2026-02-14 08:55:53 Image size of job updated: 957548
	936  -  MemoryUsage of job (MB)
	957548  -  ResidentSetSize of job (KB)
...
006 (15949295.679.000) 2026-02-14 09:30:57 Image size of job updated: 957576
	936  -  MemoryUsage of job (MB)
	957576  -  ResidentSetSize of job (KB)
...
006 (15949295.679.000) 2026-02-14 09:40:58 Image size of job updated: 957804
	936  -  MemoryUsage of job (MB)
	957804  -  ResidentSetSize of job (KB)
...
006 (15949295.679.000) 2026-02-14 10:41:03 Image size of job updated: 957892
	936  -  MemoryUsage of job (MB)
	957892  -  ResidentSetSize of job (KB)
...
006 (15949295.679.000) 2026-02-14 10:51:04 Image size of job updated: 958060
	936  -  MemoryUsage of job (MB)
	958060  -  ResidentSetSize of job (KB)
...
006 (15949295.679.000) 2026-02-14 11:01:06 Image size of job updated: 958076
	936  -  MemoryUsage of job (MB)
	958076  -  ResidentSetSize of job (KB)
...
006 (15949295.679.000) 2026-02-14 11:06:06 Image size of job updated: 958808
	937  -  MemoryUsage of job (MB)
	958808  -  ResidentSetSize of job (KB)
...
006 (15949295.679.000) 2026-02-14 11:11:07 Image size of job updated: 959192
	937  -  MemoryUsage of job (MB)
	959192  -  ResidentSetSize of job (KB)
...
006 (15949295.679.000) 2026-02-14 18:36:51 Image size of job updated: 962296
	940  -  MemoryUsage of job (MB)
	962296  -  ResidentSetSize of job (KB)
...
006 (15949295.679.000) 2026-02-14 18:41:51 Image size of job updated: 962540
	940  -  MemoryUsage of job (MB)
	962540  -  ResidentSetSize of job (KB)
...
006 (15949295.679.000) 2026-02-14 18:46:51 Image size of job updated: 962616
	941  -  MemoryUsage of job (MB)
	962616  -  ResidentSetSize of job (KB)
...
006 (15949295.679.000) 2026-02-15 00:42:28 Image size of job updated: 962864
	941  -  MemoryUsage of job (MB)
	962864  -  ResidentSetSize of job (KB)
...
006 (15949295.679.000) 2026-02-15 01:27:33 Image size of job updated: 962932
	941  -  MemoryUsage of job (MB)
	962932  -  ResidentSetSize of job (KB)
...
006 (15949295.679.000) 2026-02-15 01:37:33 Image size of job updated: 962956
	941  -  MemoryUsage of job (MB)
	962956  -  ResidentSetSize of job (KB)
...
006 (15949295.679.000) 2026-02-15 03:07:42 Image size of job updated: 965588
	943  -  MemoryUsage of job (MB)
	965588  -  ResidentSetSize of job (KB)
...
006 (15949295.679.000) 2026-02-15 03:12:42 Image size of job updated: 965848
	944  -  MemoryUsage of job (MB)
	965848  -  ResidentSetSize of job (KB)
...
006 (15949295.679.000) 2026-02-15 03:17:43 Image size of job updated: 965992
	944  -  MemoryUsage of job (MB)
	965992  -  ResidentSetSize of job (KB)
...
006 (15949295.679.000) 2026-02-15 03:27:44 Image size of job updated: 966004
	944  -  MemoryUsage of job (MB)
	966004  -  ResidentSetSize of job (KB)
...
006 (15949295.679.000) 2026-02-15 06:28:02 Image size of job updated: 966052
	944  -  MemoryUsage of job (MB)
	966052  -  ResidentSetSize of job (KB)
...
006 (15949295.679.000) 2026-02-15 06:38:03 Image size of job updated: 966260
	944  -  MemoryUsage of job (MB)
	966260  -  ResidentSetSize of job (KB)
...
006 (15949295.679.000) 2026-02-15 07:13:07 Image size of job updated: 966292
	944  -  MemoryUsage of job (MB)
	966292  -  ResidentSetSize of job (KB)
...
006 (15949295.679.000) 2026-02-15 07:23:08 Image size of job updated: 966516
	944  -  MemoryUsage of job (MB)
	966516  -  ResidentSetSize of job (KB)
...
006 (15949295.679.000) 2026-02-15 08:18:14 Image size of job updated: 966608
	944  -  MemoryUsage of job (MB)
	966608  -  ResidentSetSize of job (KB)
...
006 (15949295.679.000) 2026-02-15 08:33:16 Image size of job updated: 966772
	944  -  MemoryUsage of job (MB)
	966608  -  ResidentSetSize of job (KB)
...
006 (15949295.679.000) 2026-02-15 08:53:18 Image size of job updated: 966896
	945  -  MemoryUsage of job (MB)
	966896  -  ResidentSetSize of job (KB)
...
006 (15949295.679.000) 2026-02-15 08:58:19 Image size of job updated: 967252
	945  -  MemoryUsage of job (MB)
	967252  -  ResidentSetSize of job (KB)
...
006 (15949295.679.000) 2026-02-15 09:03:20 Image size of job updated: 967392
	945  -  MemoryUsage of job (MB)
	967392  -  ResidentSetSize of job (KB)
...
006 (15949295.679.000) 2026-02-15 09:08:20 Image size of job updated: 967524
	945  -  MemoryUsage of job (MB)
	967392  -  ResidentSetSize of job (KB)
...
006 (15949295.679.000) 2026-02-15 10:53:32 Image size of job updated: 969316
	947  -  MemoryUsage of job (MB)
	969316  -  ResidentSetSize of job (KB)
...
006 (15949295.679.000) 2026-02-15 10:58:32 Image size of job updated: 969572
	947  -  MemoryUsage of job (MB)
	969572  -  ResidentSetSize of job (KB)
...
006 (15949295.679.000) 2026-02-15 11:03:33 Image size of job updated: 969816
	948  -  MemoryUsage of job (MB)
	969816  -  ResidentSetSize of job (KB)
...
006 (15949295.679.000) 2026-02-15 11:18:34 Image size of job updated: 970888
	949  -  MemoryUsage of job (MB)
	970888  -  ResidentSetSize of job (KB)
...
006 (15949295.679.000) 2026-02-15 11:23:34 Image size of job updated: 971060
	949  -  MemoryUsage of job (MB)
	971060  -  ResidentSetSize of job (KB)
...
006 (15949295.679.000) 2026-02-15 11:28:34 Image size of job updated: 971292
	949  -  MemoryUsage of job (MB)
	971292  -  ResidentSetSize of job (KB)
...
006 (15949295.679.000) 2026-02-15 11:43:36 Image size of job updated: 971724
	949  -  MemoryUsage of job (MB)
	971724  -  ResidentSetSize of job (KB)
...
006 (15949295.679.000) 2026-02-15 11:48:37 Image size of job updated: 971776
	949  -  MemoryUsage of job (MB)
	971776  -  ResidentSetSize of job (KB)
...
006 (15949295.679.000) 2026-02-15 11:53:37 Image size of job updated: 972048
	950  -  MemoryUsage of job (MB)
	972048  -  ResidentSetSize of job (KB)
...
006 (15949295.679.000) 2026-02-15 11:58:38 Image size of job updated: 972068
	950  -  MemoryUsage of job (MB)
	972068  -  ResidentSetSize of job (KB)
...
006 (15949295.679.000) 2026-02-15 12:03:38 Image size of job updated: 972088
	950  -  MemoryUsage of job (MB)
	972088  -  ResidentSetSize of job (KB)
...
006 (15949295.679.000) 2026-02-15 12:08:38 Image size of job updated: 972176
	950  -  MemoryUsage of job (MB)
	972176  -  ResidentSetSize of job (KB)
...
021 (15949295.679.000) 2026-02-15 15:59:01 Error from starter on slot1_12@pizza06.zeuthen.desy.de:
	runtime exceeded maximum (target.Runtime seconds)
	Code 21 Subcode 103
...
004 (15949295.679.000) 2026-02-15 15:59:01 Job was evicted.
	(0) CPU times
		Usr 13 02:38:20, Sys 0 02:00:03  -  Run Remote Usage
		Usr 0 00:00:00, Sys 0 00:00:00  -  Run Local Usage
	0  -  Run Bytes Sent By Job
	0  -  Run Bytes Received By Job
	Error from slot1_12@pizza06.zeuthen.desy.de: runtime exceeded maximum (target.Runtime seconds)
	Partitionable Resources :     Usage  Request Allocated 
	   Cpus                 :      7.91        8         8 
	   Disk (KB)            :      1     1024000   1025696 
	   GPUs                 :                            0 
	   Memory (MB)          :    950       16384     16384 
	   TimeSlotBusy (s)     : 172803                       
...
012 (15949295.679.000) 2026-02-15 15:59:01 Job was held.
	Error from slot1_12@pizza06.zeuthen.desy.de: runtime exceeded maximum (target.Runtime seconds)
	Code 21 Subcode 103
...
009 (15949295.679.000) 2026-02-16 17:16:26 Job was aborted.
	via condor_rm (by user tuccia)
...
009 (15950983.159.000) 2026-02-16 17:16:52 Job was aborted.
	via condor_rm (by user tuccia)
...
