000 (15756404.1128.000) 2026-02-06 11:24:37 Job submitted from host: <141.34.103.35:9618?addrs=141.34.103.35-9618+[2001-638-700-f067--1-23]-9618&alias=wgs39.zeuthen.desy.de&noUDP&sock=schedd_7414_f73f>
...
001 (15756404.1128.000) 2026-02-07 06:56:13 Job executing on host: <141.34.15.222:9618?addrs=141.34.15.222-9618+[2001-638-700-f00f--1-de]-9618&alias=pizza30.zeuthen.desy.de&noUDP&sock=startd_8310_8c1a>
	SlotName: slot1_12@pizza30.zeuthen.desy.de
	CondorScratchDir = "/batch/dir_1437232"
	Cpus = 8
	Disk = 1025696
	GPUs = 0
	Memory = 16384
...
006 (15756404.1128.000) 2026-02-07 06:56:20 Image size of job updated: 164
	0  -  MemoryUsage of job (MB)
	0  -  ResidentSetSize of job (KB)
...
005 (15756404.1128.000) 2026-02-07 06:56:20 Job terminated.
	(1) Normal termination (return value 1)
		Usr 0 00:00:02, Sys 0 00:00:00  -  Run Remote Usage
		Usr 0 00:00:00, Sys 0 00:00:00  -  Run Local Usage
		Usr 0 00:00:02, Sys 0 00:00:00  -  Total Remote Usage
		Usr 0 00:00:00, Sys 0 00:00:00  -  Total Local Usage
	0  -  Run Bytes Sent By Job
	0  -  Run Bytes Received By Job
	0  -  Total Bytes Sent By Job
	0  -  Total Bytes Received By Job
	Partitionable Resources :    Usage  Request Allocated 
	   Cpus                 :        0        8         8 
	   Disk (KB)            :        1  1024000   1025696 
	   GPUs                 :                           0 
	   Memory (MB)          :        0    16384     16384 
	   TimeExecute (s)      :        7                    
	   TimeSlotBusy (s)     :        7                    

	Job terminated of its own accord at 2026-02-07T05:56:20Z with exit-code 1.
...
000 (15950983.304.000) 2026-02-10 16:27:57 Job submitted from host: <141.34.103.35:9618?addrs=141.34.103.35-9618+[2001-638-700-f067--1-23]-9618&alias=wgs39.zeuthen.desy.de&noUDP&sock=schedd_7302_24a3>
...
001 (15950983.304.000) 2026-02-10 17:21:41 Job executing on host: <141.34.15.83:9618?addrs=141.34.15.83-9618+[2001-638-700-f00f--1-53]-9618&alias=genoa07.zeuthen.desy.de&noUDP&sock=startd_10269_4222>
	SlotName: slot1_19@genoa07.zeuthen.desy.de
	CondorScratchDir = "/batch/dir_406694"
	Cpus = 1
	Disk = 1025681
	GPUs = 0
	Memory = 5120
...
006 (15950983.304.000) 2026-02-10 17:21:55 Image size of job updated: 142424
	100  -  MemoryUsage of job (MB)
	101400  -  ResidentSetSize of job (KB)
...
006 (15950983.304.000) 2026-02-10 17:26:56 Image size of job updated: 600152
	569  -  MemoryUsage of job (MB)
	582132  -  ResidentSetSize of job (KB)
...
005 (15950983.304.000) 2026-02-10 18:32:12 Job terminated.
	(1) Normal termination (return value 0)
		Usr 0 01:09:50, Sys 0 00:00:02  -  Run Remote Usage
		Usr 0 00:00:00, Sys 0 00:00:00  -  Run Local Usage
		Usr 0 01:09:50, Sys 0 00:00:02  -  Total Remote Usage
		Usr 0 00:00:00, Sys 0 00:00:00  -  Total Local Usage
	0  -  Run Bytes Sent By Job
	0  -  Run Bytes Received By Job
	0  -  Total Bytes Sent By Job
	0  -  Total Bytes Received By Job
	Partitionable Resources :    Usage  Request Allocated 
	   Cpus                 :     0.99        1         1 
	   Disk (KB)            :     1     1024000   1025681 
	   GPUs                 :                           0 
	   Memory (MB)          :   569        5120      5120 
	   TimeExecute (s)      :  4231                       
	   TimeSlotBusy (s)     :  4231                       

	Job terminated of its own accord at 2026-02-10T17:32:12Z with exit-code 0.
...
