000 (15756408.1042.000) 2026-02-06 11:27:00 Job submitted from host: <141.34.103.35:9618?addrs=141.34.103.35-9618+[2001-638-700-f067--1-23]-9618&alias=wgs39.zeuthen.desy.de&noUDP&sock=schedd_7414_f73f>
...
009 (15756408.1042.000) 2026-02-10 11:47:42 Job was aborted.
	via condor_rm (by user tuccia)
...
000 (15951004.695.000) 2026-02-10 16:30:07 Job submitted from host: <141.34.103.35:9618?addrs=141.34.103.35-9618+[2001-638-700-f067--1-23]-9618&alias=wgs39.zeuthen.desy.de&noUDP&sock=schedd_7302_24a3>
...
001 (15951004.695.000) 2026-02-10 19:17:03 Job executing on host: <141.34.15.76:9618?addrs=141.34.15.76-9618+[2001-638-700-f00f--1-4c]-9618&alias=bladek3.zeuthen.desy.de&noUDP&sock=startd_12208_4045>
	SlotName: slot1_8@bladek3.zeuthen.desy.de
	CondorScratchDir = "/batch/dir_3177327"
	Cpus = 1
	Disk = 1025024
	GPUs = 0
	Memory = 5120
...
006 (15951004.695.000) 2026-02-10 19:17:16 Image size of job updated: 101268
	99  -  MemoryUsage of job (MB)
	101268  -  ResidentSetSize of job (KB)
...
006 (15951004.695.000) 2026-02-10 19:22:16 Image size of job updated: 846876
	385  -  MemoryUsage of job (MB)
	393460  -  ResidentSetSize of job (KB)
...
006 (15951004.695.000) 2026-02-10 19:27:16 Image size of job updated: 846876
	431  -  MemoryUsage of job (MB)
	441096  -  ResidentSetSize of job (KB)
...
006 (15951004.695.000) 2026-02-10 19:32:17 Image size of job updated: 846876
	557  -  MemoryUsage of job (MB)
	569448  -  ResidentSetSize of job (KB)
...
006 (15951004.695.000) 2026-02-10 19:37:17 Image size of job updated: 846876
	557  -  MemoryUsage of job (MB)
	569616  -  ResidentSetSize of job (KB)
...
006 (15951004.695.000) 2026-02-10 19:42:17 Image size of job updated: 846876
	557  -  MemoryUsage of job (MB)
	569768  -  ResidentSetSize of job (KB)
...
006 (15951004.695.000) 2026-02-10 19:47:18 Image size of job updated: 846876
	557  -  MemoryUsage of job (MB)
	569920  -  ResidentSetSize of job (KB)
...
006 (15951004.695.000) 2026-02-10 19:52:18 Image size of job updated: 846876
	557  -  MemoryUsage of job (MB)
	570080  -  ResidentSetSize of job (KB)
...
006 (15951004.695.000) 2026-02-10 19:57:18 Image size of job updated: 846876
	557  -  MemoryUsage of job (MB)
	570232  -  ResidentSetSize of job (KB)
...
006 (15951004.695.000) 2026-02-10 20:02:19 Image size of job updated: 846876
	557  -  MemoryUsage of job (MB)
	570368  -  ResidentSetSize of job (KB)
...
006 (15951004.695.000) 2026-02-10 20:07:19 Image size of job updated: 846876
	558  -  MemoryUsage of job (MB)
	570548  -  ResidentSetSize of job (KB)
...
006 (15951004.695.000) 2026-02-10 20:12:19 Image size of job updated: 846876
	558  -  MemoryUsage of job (MB)
	570712  -  ResidentSetSize of job (KB)
...
006 (15951004.695.000) 2026-02-10 20:17:21 Image size of job updated: 846876
	558  -  MemoryUsage of job (MB)
	570860  -  ResidentSetSize of job (KB)
...
006 (15951004.695.000) 2026-02-10 20:22:21 Image size of job updated: 846876
	558  -  MemoryUsage of job (MB)
	571004  -  ResidentSetSize of job (KB)
...
006 (15951004.695.000) 2026-02-10 20:27:21 Image size of job updated: 846876
	558  -  MemoryUsage of job (MB)
	571148  -  ResidentSetSize of job (KB)
...
006 (15951004.695.000) 2026-02-10 20:32:22 Image size of job updated: 846876
	558  -  MemoryUsage of job (MB)
	571296  -  ResidentSetSize of job (KB)
...
006 (15951004.695.000) 2026-02-10 20:37:23 Image size of job updated: 846876
	559  -  MemoryUsage of job (MB)
	571460  -  ResidentSetSize of job (KB)
...
006 (15951004.695.000) 2026-02-10 20:42:23 Image size of job updated: 846876
	559  -  MemoryUsage of job (MB)
	571628  -  ResidentSetSize of job (KB)
...
006 (15951004.695.000) 2026-02-10 20:47:24 Image size of job updated: 846876
	559  -  MemoryUsage of job (MB)
	571796  -  ResidentSetSize of job (KB)
...
006 (15951004.695.000) 2026-02-10 20:52:25 Image size of job updated: 846876
	559  -  MemoryUsage of job (MB)
	571968  -  ResidentSetSize of job (KB)
...
006 (15951004.695.000) 2026-02-10 20:57:25 Image size of job updated: 846876
	559  -  MemoryUsage of job (MB)
	572144  -  ResidentSetSize of job (KB)
...
006 (15951004.695.000) 2026-02-10 21:02:26 Image size of job updated: 846876
	559  -  MemoryUsage of job (MB)
	572328  -  ResidentSetSize of job (KB)
...
006 (15951004.695.000) 2026-02-10 21:07:27 Image size of job updated: 846876
	560  -  MemoryUsage of job (MB)
	572496  -  ResidentSetSize of job (KB)
...
006 (15951004.695.000) 2026-02-10 21:12:27 Image size of job updated: 846876
	591  -  MemoryUsage of job (MB)
	605076  -  ResidentSetSize of job (KB)
...
006 (15951004.695.000) 2026-02-10 21:17:28 Image size of job updated: 846876
	591  -  MemoryUsage of job (MB)
	605080  -  ResidentSetSize of job (KB)
...
