000 (15756408.1188.000) 2026-02-06 11:27:00 Job submitted from host: <141.34.103.35:9618?addrs=141.34.103.35-9618+[2001-638-700-f067--1-23]-9618&alias=wgs39.zeuthen.desy.de&noUDP&sock=schedd_7414_f73f>
...
009 (15756408.1188.000) 2026-02-10 11:47:44 Job was aborted.
	via condor_rm (by user tuccia)
...
000 (15951004.792.000) 2026-02-10 16:30:09 Job submitted from host: <141.34.103.35:9618?addrs=141.34.103.35-9618+[2001-638-700-f067--1-23]-9618&alias=wgs39.zeuthen.desy.de&noUDP&sock=schedd_7302_24a3>
...
001 (15951004.792.000) 2026-02-11 04:11:15 Job executing on host: <141.34.15.204:9618?addrs=141.34.15.204-9618+[2001-638-700-f00f--1-cc]-9618&alias=pizza06.zeuthen.desy.de&noUDP&sock=startd_8233_bb4f>
	SlotName: slot1_8@pizza06.zeuthen.desy.de
	CondorScratchDir = "/batch/dir_2049449"
	Cpus = 1
	Disk = 1025696
	GPUs = 0
	Memory = 5120
...
006 (15951004.792.000) 2026-02-11 04:11:28 Image size of job updated: 103380
	101  -  MemoryUsage of job (MB)
	103380  -  ResidentSetSize of job (KB)
...
006 (15951004.792.000) 2026-02-11 04:16:28 Image size of job updated: 932284
	433  -  MemoryUsage of job (MB)
	442488  -  ResidentSetSize of job (KB)
...
006 (15951004.792.000) 2026-02-11 04:21:28 Image size of job updated: 932284
	471  -  MemoryUsage of job (MB)
	482004  -  ResidentSetSize of job (KB)
...
006 (15951004.792.000) 2026-02-11 04:26:29 Image size of job updated: 932284
	471  -  MemoryUsage of job (MB)
	482172  -  ResidentSetSize of job (KB)
...
006 (15951004.792.000) 2026-02-11 04:31:29 Image size of job updated: 932284
	474  -  MemoryUsage of job (MB)
	484448  -  ResidentSetSize of job (KB)
...
006 (15951004.792.000) 2026-02-11 04:46:30 Image size of job updated: 932284
	474  -  MemoryUsage of job (MB)
	484452  -  ResidentSetSize of job (KB)
...
006 (15951004.792.000) 2026-02-11 04:56:31 Image size of job updated: 932284
	476  -  MemoryUsage of job (MB)
	486708  -  ResidentSetSize of job (KB)
...
006 (15951004.792.000) 2026-02-11 05:11:33 Image size of job updated: 932284
	476  -  MemoryUsage of job (MB)
	486772  -  ResidentSetSize of job (KB)
...
006 (15951004.792.000) 2026-02-11 09:06:55 Image size of job updated: 932284
	476  -  MemoryUsage of job (MB)
	486804  -  ResidentSetSize of job (KB)
...
004 (15951004.792.000) 2026-02-11 11:11:59 Job was evicted.
	(0) CPU times
		Usr 0 06:55:53, Sys 0 00:00:03  -  Run Remote Usage
		Usr 0 00:00:00, Sys 0 00:00:00  -  Run Local Usage
	0  -  Run Bytes Sent By Job
	0  -  Run Bytes Received By Job
	Partitionable Resources :    Usage  Request Allocated 
	   Cpus                 :     0.99        1         1 
	   Disk (KB)            :     1     1024000   1025696 
	   GPUs                 :                           0 
	   Memory (MB)          :   476        5120      5120 
	   TimeExecute (s)      : 25242                       
	   TimeSlotBusy (s)     : 25244                       
...
009 (15951004.792.000) 2026-02-11 11:12:00 Job was aborted.
	via condor_rm (by user tuccia)
...
000 (15988842.792.000) 2026-02-11 11:12:47 Job submitted from host: <141.34.103.35:9618?addrs=141.34.103.35-9618+[2001-638-700-f067--1-23]-9618&alias=wgs39.zeuthen.desy.de&noUDP&sock=schedd_7302_24a3>
...
001 (15988842.792.000) 2026-02-11 12:57:27 Job executing on host: <141.34.15.44:9618?addrs=141.34.15.44-9618+[2001-638-700-f00f--1-2c]-9618&alias=pizza15.zeuthen.desy.de&noUDP&sock=startd_9131_af5b>
	SlotName: slot1_24@pizza15.zeuthen.desy.de
	CondorScratchDir = "/batch/dir_1162390"
	Cpus = 1
	Disk = 1025696
	GPUs = 0
	Memory = 5120
...
006 (15988842.792.000) 2026-02-11 12:57:40 Image size of job updated: 103392
	101  -  MemoryUsage of job (MB)
	103392  -  ResidentSetSize of job (KB)
...
006 (15988842.792.000) 2026-02-11 13:02:40 Image size of job updated: 947640
	396  -  MemoryUsage of job (MB)
	405392  -  ResidentSetSize of job (KB)
...
006 (15988842.792.000) 2026-02-11 13:07:41 Image size of job updated: 947640
	434  -  MemoryUsage of job (MB)
	443884  -  ResidentSetSize of job (KB)
...
006 (15988842.792.000) 2026-02-11 13:12:41 Image size of job updated: 947640
	434  -  MemoryUsage of job (MB)
	444040  -  ResidentSetSize of job (KB)
...
006 (15988842.792.000) 2026-02-11 13:17:42 Image size of job updated: 947640
	434  -  MemoryUsage of job (MB)
	444300  -  ResidentSetSize of job (KB)
...
006 (15988842.792.000) 2026-02-11 13:32:44 Image size of job updated: 947640
	434  -  MemoryUsage of job (MB)
	444304  -  ResidentSetSize of job (KB)
...
006 (15988842.792.000) 2026-02-11 13:47:45 Image size of job updated: 947640
	434  -  MemoryUsage of job (MB)
	444384  -  ResidentSetSize of job (KB)
...
006 (15988842.792.000) 2026-02-11 14:02:46 Image size of job updated: 947640
	439  -  MemoryUsage of job (MB)
	448676  -  ResidentSetSize of job (KB)
...
006 (15988842.792.000) 2026-02-12 05:59:23 Image size of job updated: 947640
	439  -  MemoryUsage of job (MB)
	448688  -  ResidentSetSize of job (KB)
...
006 (15988842.792.000) 2026-02-12 10:59:54 Image size of job updated: 947640
	439  -  MemoryUsage of job (MB)
	448740  -  ResidentSetSize of job (KB)
...
006 (15988842.792.000) 2026-02-12 11:09:55 Image size of job updated: 947640
	439  -  MemoryUsage of job (MB)
	448896  -  ResidentSetSize of job (KB)
...
006 (15988842.792.000) 2026-02-12 13:45:10 Image size of job updated: 947640
	439  -  MemoryUsage of job (MB)
	448920  -  ResidentSetSize of job (KB)
...
006 (15988842.792.000) 2026-02-12 20:40:50 Image size of job updated: 947640
	439  -  MemoryUsage of job (MB)
	448928  -  ResidentSetSize of job (KB)
...
006 (15988842.792.000) 2026-02-12 20:50:51 Image size of job updated: 947640
	439  -  MemoryUsage of job (MB)
	448968  -  ResidentSetSize of job (KB)
...
006 (15988842.792.000) 2026-02-12 21:05:52 Image size of job updated: 947640
	439  -  MemoryUsage of job (MB)
	449176  -  ResidentSetSize of job (KB)
...
006 (15988842.792.000) 2026-02-12 21:25:53 Image size of job updated: 947640
	439  -  MemoryUsage of job (MB)
	449180  -  ResidentSetSize of job (KB)
...
006 (15988842.792.000) 2026-02-12 21:35:54 Image size of job updated: 947640
	439  -  MemoryUsage of job (MB)
	449264  -  ResidentSetSize of job (KB)
...
006 (15988842.792.000) 2026-02-12 21:45:54 Image size of job updated: 947640
	439  -  MemoryUsage of job (MB)
	449432  -  ResidentSetSize of job (KB)
...
006 (15988842.792.000) 2026-02-12 22:00:55 Image size of job updated: 947640
	439  -  MemoryUsage of job (MB)
	449456  -  ResidentSetSize of job (KB)
...
006 (15988842.792.000) 2026-02-12 22:30:57 Image size of job updated: 947640
	439  -  MemoryUsage of job (MB)
	449480  -  ResidentSetSize of job (KB)
...
006 (15988842.792.000) 2026-02-12 22:40:58 Image size of job updated: 947640
	440  -  MemoryUsage of job (MB)
	449688  -  ResidentSetSize of job (KB)
...
006 (15988842.792.000) 2026-02-12 23:26:03 Image size of job updated: 947640
	440  -  MemoryUsage of job (MB)
	449768  -  ResidentSetSize of job (KB)
...
006 (15988842.792.000) 2026-02-13 00:31:12 Image size of job updated: 947640
	440  -  MemoryUsage of job (MB)
	449796  -  ResidentSetSize of job (KB)
...
006 (15988842.792.000) 2026-02-13 00:41:13 Image size of job updated: 947640
	440  -  MemoryUsage of job (MB)
	449828  -  ResidentSetSize of job (KB)
...
006 (15988842.792.000) 2026-02-13 00:51:15 Image size of job updated: 947640
	440  -  MemoryUsage of job (MB)
	449904  -  ResidentSetSize of job (KB)
...
006 (15988842.792.000) 2026-02-13 02:46:25 Image size of job updated: 947640
	440  -  MemoryUsage of job (MB)
	450056  -  ResidentSetSize of job (KB)
...
021 (15988842.792.000) 2026-02-13 12:57:31 Error from starter on slot1_24@pizza15.zeuthen.desy.de:
	runtime exceeded maximum (target.Runtime seconds)
	Code 21 Subcode 103
...
004 (15988842.792.000) 2026-02-13 12:57:31 Job was evicted.
	(0) CPU times
		Usr 1 23:28:40, Sys 0 00:00:11  -  Run Remote Usage
		Usr 0 00:00:00, Sys 0 00:00:00  -  Run Local Usage
	0  -  Run Bytes Sent By Job
	0  -  Run Bytes Received By Job
	Error from slot1_24@pizza15.zeuthen.desy.de: runtime exceeded maximum (target.Runtime seconds)
	Partitionable Resources :     Usage  Request Allocated 
	   Cpus                 :      0.99        1         1 
	   Disk (KB)            :      1     1024000   1025696 
	   GPUs                 :                            0 
	   Memory (MB)          :    440        5120      5120 
	   TimeSlotBusy (s)     : 172804                       
...
012 (15988842.792.000) 2026-02-13 12:57:31 Job was held.
	Error from slot1_24@pizza15.zeuthen.desy.de: runtime exceeded maximum (target.Runtime seconds)
	Code 21 Subcode 103
...
009 (15988842.792.000) 2026-02-16 17:16:41 Job was aborted.
	via condor_rm (by user tuccia)
...
