000 (15756407.939.000) 2026-02-06 11:26:12 Job submitted from host: <141.34.103.35:9618?addrs=141.34.103.35-9618+[2001-638-700-f067--1-23]-9618&alias=wgs39.zeuthen.desy.de&noUDP&sock=schedd_7414_f73f>
...
009 (15756407.939.000) 2026-02-10 11:42:43 Job was aborted.
	via condor_rm (by user tuccia)
...
000 (15949294.626.000) 2026-02-10 11:45:21 Job submitted from host: <141.34.103.35:9618?addrs=141.34.103.35-9618+[2001-638-700-f067--1-23]-9618&alias=wgs39.zeuthen.desy.de&noUDP&sock=schedd_7302_24a3>
...
009 (15949294.626.000) 2026-02-10 11:45:47 Job was aborted.
	via condor_rm (by user tuccia)
...
000 (15949295.626.000) 2026-02-10 11:46:05 Job submitted from host: <141.34.103.35:9618?addrs=141.34.103.35-9618+[2001-638-700-f067--1-23]-9618&alias=wgs39.zeuthen.desy.de&noUDP&sock=schedd_7302_24a3>
...
000 (15950983.053.000) 2026-02-10 16:27:55 Job submitted from host: <141.34.103.35:9618?addrs=141.34.103.35-9618+[2001-638-700-f067--1-23]-9618&alias=wgs39.zeuthen.desy.de&noUDP&sock=schedd_7302_24a3>
...
001 (15950983.053.000) 2026-02-10 16:32:39 Job executing on host: <141.34.15.51:9618?addrs=141.34.15.51-9618+[2001-638-700-f00f--1-33]-9618&alias=pizza22.zeuthen.desy.de&noUDP&sock=startd_8302_0f58>
	SlotName: slot1_15@pizza22.zeuthen.desy.de
	CondorScratchDir = "/batch/dir_2895796"
	Cpus = 1
	Disk = 1025696
	GPUs = 0
	Memory = 5120
...
006 (15950983.053.000) 2026-02-10 16:32:53 Image size of job updated: 103412
	101  -  MemoryUsage of job (MB)
	103412  -  ResidentSetSize of job (KB)
...
006 (15950983.053.000) 2026-02-10 16:37:54 Image size of job updated: 819720
	401  -  MemoryUsage of job (MB)
	410592  -  ResidentSetSize of job (KB)
...
006 (15950983.053.000) 2026-02-10 16:57:55 Image size of job updated: 819720
	402  -  MemoryUsage of job (MB)
	410976  -  ResidentSetSize of job (KB)
...
006 (15950983.053.000) 2026-02-10 17:02:55 Image size of job updated: 819720
	402  -  MemoryUsage of job (MB)
	411132  -  ResidentSetSize of job (KB)
...
006 (15950983.053.000) 2026-02-10 17:07:56 Image size of job updated: 819720
	404  -  MemoryUsage of job (MB)
	412920  -  ResidentSetSize of job (KB)
...
006 (15950983.053.000) 2026-02-10 17:17:57 Image size of job updated: 819720
	404  -  MemoryUsage of job (MB)
	413100  -  ResidentSetSize of job (KB)
...
006 (15950983.053.000) 2026-02-10 17:22:58 Image size of job updated: 819720
	405  -  MemoryUsage of job (MB)
	414312  -  ResidentSetSize of job (KB)
...
006 (15950983.053.000) 2026-02-10 17:27:59 Image size of job updated: 819720
	411  -  MemoryUsage of job (MB)
	420764  -  ResidentSetSize of job (KB)
...
006 (15950983.053.000) 2026-02-10 17:32:59 Image size of job updated: 819720
	412  -  MemoryUsage of job (MB)
	420968  -  ResidentSetSize of job (KB)
...
006 (15950983.053.000) 2026-02-10 17:43:01 Image size of job updated: 819720
	413  -  MemoryUsage of job (MB)
	422376  -  ResidentSetSize of job (KB)
...
006 (15950983.053.000) 2026-02-10 18:13:05 Image size of job updated: 819720
	421  -  MemoryUsage of job (MB)
	430152  -  ResidentSetSize of job (KB)
...
006 (15950983.053.000) 2026-02-10 19:18:10 Image size of job updated: 819720
	429  -  MemoryUsage of job (MB)
	438576  -  ResidentSetSize of job (KB)
...
006 (15950983.053.000) 2026-02-10 20:03:14 Image size of job updated: 819720
	429  -  MemoryUsage of job (MB)
	438972  -  ResidentSetSize of job (KB)
...
006 (15950983.053.000) 2026-02-10 20:08:14 Image size of job updated: 819720
	429  -  MemoryUsage of job (MB)
	439076  -  ResidentSetSize of job (KB)
...
006 (15950983.053.000) 2026-02-10 21:18:20 Image size of job updated: 819720
	430  -  MemoryUsage of job (MB)
	439816  -  ResidentSetSize of job (KB)
...
006 (15950983.053.000) 2026-02-10 21:23:21 Image size of job updated: 819720
	430  -  MemoryUsage of job (MB)
	440144  -  ResidentSetSize of job (KB)
...
006 (15950983.053.000) 2026-02-10 22:48:30 Image size of job updated: 819720
	432  -  MemoryUsage of job (MB)
	441976  -  ResidentSetSize of job (KB)
...
006 (15950983.053.000) 2026-02-11 01:03:44 Image size of job updated: 819720
	433  -  MemoryUsage of job (MB)
	442504  -  ResidentSetSize of job (KB)
...
006 (15950983.053.000) 2026-02-11 01:08:45 Image size of job updated: 819720
	433  -  MemoryUsage of job (MB)
	442700  -  ResidentSetSize of job (KB)
...
006 (15950983.053.000) 2026-02-11 01:28:46 Image size of job updated: 819720
	438  -  MemoryUsage of job (MB)
	447844  -  ResidentSetSize of job (KB)
...
006 (15950983.053.000) 2026-02-11 01:33:46 Image size of job updated: 819720
	438  -  MemoryUsage of job (MB)
	448148  -  ResidentSetSize of job (KB)
...
006 (15950983.053.000) 2026-02-11 01:38:47 Image size of job updated: 819720
	438  -  MemoryUsage of job (MB)
	448308  -  ResidentSetSize of job (KB)
...
006 (15950983.053.000) 2026-02-11 03:54:01 Image size of job updated: 819720
	438  -  MemoryUsage of job (MB)
	448316  -  ResidentSetSize of job (KB)
...
006 (15950983.053.000) 2026-02-11 09:09:34 Image size of job updated: 819720
	457  -  MemoryUsage of job (MB)
	467096  -  ResidentSetSize of job (KB)
...
006 (15950983.053.000) 2026-02-11 09:14:34 Image size of job updated: 819720
	457  -  MemoryUsage of job (MB)
	467188  -  ResidentSetSize of job (KB)
...
006 (15950983.053.000) 2026-02-11 09:19:35 Image size of job updated: 819720
	458  -  MemoryUsage of job (MB)
	468700  -  ResidentSetSize of job (KB)
...
006 (15950983.053.000) 2026-02-11 09:24:35 Image size of job updated: 819720
	458  -  MemoryUsage of job (MB)
	468856  -  ResidentSetSize of job (KB)
...
006 (15950983.053.000) 2026-02-11 09:49:37 Image size of job updated: 819720
	459  -  MemoryUsage of job (MB)
	469012  -  ResidentSetSize of job (KB)
...
006 (15950983.053.000) 2026-02-11 11:44:48 Image size of job updated: 819720
	459  -  MemoryUsage of job (MB)
	469068  -  ResidentSetSize of job (KB)
...
006 (15950983.053.000) 2026-02-11 17:40:24 Image size of job updated: 819720
	459  -  MemoryUsage of job (MB)
	469480  -  ResidentSetSize of job (KB)
...
006 (15950983.053.000) 2026-02-11 17:50:24 Image size of job updated: 819720
	459  -  MemoryUsage of job (MB)
	469636  -  ResidentSetSize of job (KB)
...
006 (15950983.053.000) 2026-02-11 20:45:40 Image size of job updated: 819720
	460  -  MemoryUsage of job (MB)
	470064  -  ResidentSetSize of job (KB)
...
006 (15950983.053.000) 2026-02-11 21:35:46 Image size of job updated: 819720
	460  -  MemoryUsage of job (MB)
	471000  -  ResidentSetSize of job (KB)
...
021 (15950983.053.000) 2026-02-12 16:32:44 Error from starter on slot1_15@pizza22.zeuthen.desy.de:
	runtime exceeded maximum (target.Runtime seconds)
	Code 21 Subcode 103
...
004 (15950983.053.000) 2026-02-12 16:32:44 Job was evicted.
	(0) CPU times
		Usr 1 23:34:11, Sys 0 00:00:06  -  Run Remote Usage
		Usr 0 00:00:00, Sys 0 00:00:00  -  Run Local Usage
	0  -  Run Bytes Sent By Job
	0  -  Run Bytes Received By Job
	Error from slot1_15@pizza22.zeuthen.desy.de: runtime exceeded maximum (target.Runtime seconds)
	Partitionable Resources :     Usage  Request Allocated 
	   Cpus                 :      0.99        1         1 
	   Disk (KB)            :      1     1024000   1025696 
	   GPUs                 :                            0 
	   Memory (MB)          :    460        5120      5120 
	   TimeSlotBusy (s)     : 172805                       
...
012 (15950983.053.000) 2026-02-12 16:32:44 Job was held.
	Error from slot1_15@pizza22.zeuthen.desy.de: runtime exceeded maximum (target.Runtime seconds)
	Code 21 Subcode 103
...
001 (15949295.626.000) 2026-02-13 13:40:13 Job executing on host: <141.34.15.218:9618?addrs=141.34.15.218-9618+[2001-638-700-f00f--1-da]-9618&alias=pizza26.zeuthen.desy.de&noUDP&sock=startd_8315_fa13>
	SlotName: slot1_5@pizza26.zeuthen.desy.de
	CondorScratchDir = "/batch/dir_4040729"
	Cpus = 8
	Disk = 1025696
	GPUs = 0
	Memory = 16384
...
006 (15949295.626.000) 2026-02-13 13:40:27 Image size of job updated: 103440
	102  -  MemoryUsage of job (MB)
	103440  -  ResidentSetSize of job (KB)
...
006 (15949295.626.000) 2026-02-13 13:45:28 Image size of job updated: 947844
	402  -  MemoryUsage of job (MB)
	411572  -  ResidentSetSize of job (KB)
...
006 (15949295.626.000) 2026-02-13 13:50:28 Image size of job updated: 947844
	412  -  MemoryUsage of job (MB)
	420968  -  ResidentSetSize of job (KB)
...
006 (15949295.626.000) 2026-02-13 13:55:28 Image size of job updated: 947844
	415  -  MemoryUsage of job (MB)
	424812  -  ResidentSetSize of job (KB)
...
006 (15949295.626.000) 2026-02-13 14:00:29 Image size of job updated: 947844
	482  -  MemoryUsage of job (MB)
	492696  -  ResidentSetSize of job (KB)
...
006 (15949295.626.000) 2026-02-13 14:05:29 Image size of job updated: 947844
	489  -  MemoryUsage of job (MB)
	500624  -  ResidentSetSize of job (KB)
...
006 (15949295.626.000) 2026-02-13 14:10:29 Image size of job updated: 947844
	504  -  MemoryUsage of job (MB)
	515548  -  ResidentSetSize of job (KB)
...
006 (15949295.626.000) 2026-02-13 14:15:30 Image size of job updated: 947844
	528  -  MemoryUsage of job (MB)
	540072  -  ResidentSetSize of job (KB)
...
006 (15949295.626.000) 2026-02-13 14:20:30 Image size of job updated: 947844
	536  -  MemoryUsage of job (MB)
	548216  -  ResidentSetSize of job (KB)
...
006 (15949295.626.000) 2026-02-13 14:30:31 Image size of job updated: 947844
	536  -  MemoryUsage of job (MB)
	548432  -  ResidentSetSize of job (KB)
...
006 (15949295.626.000) 2026-02-13 14:40:31 Image size of job updated: 947844
	536  -  MemoryUsage of job (MB)
	548804  -  ResidentSetSize of job (KB)
...
006 (15949295.626.000) 2026-02-13 14:50:32 Image size of job updated: 947844
	566  -  MemoryUsage of job (MB)
	579544  -  ResidentSetSize of job (KB)
...
006 (15949295.626.000) 2026-02-13 14:55:33 Image size of job updated: 947844
	578  -  MemoryUsage of job (MB)
	591100  -  ResidentSetSize of job (KB)
...
006 (15949295.626.000) 2026-02-13 15:05:34 Image size of job updated: 947844
	578  -  MemoryUsage of job (MB)
	591300  -  ResidentSetSize of job (KB)
...
006 (15949295.626.000) 2026-02-13 15:40:39 Image size of job updated: 947844
	578  -  MemoryUsage of job (MB)
	591312  -  ResidentSetSize of job (KB)
...
006 (15949295.626.000) 2026-02-13 15:45:40 Image size of job updated: 947844
	581  -  MemoryUsage of job (MB)
	594420  -  ResidentSetSize of job (KB)
...
006 (15949295.626.000) 2026-02-13 16:10:43 Image size of job updated: 947844
	582  -  MemoryUsage of job (MB)
	595684  -  ResidentSetSize of job (KB)
...
006 (15949295.626.000) 2026-02-13 16:15:44 Image size of job updated: 947844
	582  -  MemoryUsage of job (MB)
	595780  -  ResidentSetSize of job (KB)
...
006 (15949295.626.000) 2026-02-13 16:40:47 Image size of job updated: 947844
	584  -  MemoryUsage of job (MB)
	597772  -  ResidentSetSize of job (KB)
...
006 (15949295.626.000) 2026-02-13 16:45:48 Image size of job updated: 947844
	594  -  MemoryUsage of job (MB)
	608120  -  ResidentSetSize of job (KB)
...
006 (15949295.626.000) 2026-02-13 19:01:03 Image size of job updated: 947844
	607  -  MemoryUsage of job (MB)
	621204  -  ResidentSetSize of job (KB)
...
006 (15949295.626.000) 2026-02-13 20:31:09 Image size of job updated: 947844
	668  -  MemoryUsage of job (MB)
	683588  -  ResidentSetSize of job (KB)
...
006 (15949295.626.000) 2026-02-13 20:36:09 Image size of job updated: 947844
	670  -  MemoryUsage of job (MB)
	685872  -  ResidentSetSize of job (KB)
...
006 (15949295.626.000) 2026-02-13 20:41:09 Image size of job updated: 947844
	701  -  MemoryUsage of job (MB)
	717232  -  ResidentSetSize of job (KB)
...
006 (15949295.626.000) 2026-02-13 22:06:16 Image size of job updated: 947844
	703  -  MemoryUsage of job (MB)
	719048  -  ResidentSetSize of job (KB)
...
006 (15949295.626.000) 2026-02-14 05:36:56 Image size of job updated: 947844
	703  -  MemoryUsage of job (MB)
	719192  -  ResidentSetSize of job (KB)
...
006 (15949295.626.000) 2026-02-14 06:21:59 Image size of job updated: 947844
	703  -  MemoryUsage of job (MB)
	719420  -  ResidentSetSize of job (KB)
...
006 (15949295.626.000) 2026-02-14 06:57:01 Image size of job updated: 947844
	704  -  MemoryUsage of job (MB)
	720180  -  ResidentSetSize of job (KB)
...
006 (15949295.626.000) 2026-02-14 08:37:08 Image size of job updated: 947844
	705  -  MemoryUsage of job (MB)
	721804  -  ResidentSetSize of job (KB)
...
006 (15949295.626.000) 2026-02-14 20:53:21 Image size of job updated: 947844
	705  -  MemoryUsage of job (MB)
	721868  -  ResidentSetSize of job (KB)
...
006 (15949295.626.000) 2026-02-14 20:58:22 Image size of job updated: 947844
	706  -  MemoryUsage of job (MB)
	721924  -  ResidentSetSize of job (KB)
...
006 (15949295.626.000) 2026-02-15 09:59:39 Image size of job updated: 947844
	706  -  MemoryUsage of job (MB)
	722260  -  ResidentSetSize of job (KB)
...
006 (15949295.626.000) 2026-02-15 12:14:49 Image size of job updated: 947844
	706  -  MemoryUsage of job (MB)
	722512  -  ResidentSetSize of job (KB)
...
005 (15949295.626.000) 2026-02-15 12:15:15 Job terminated.
	(1) Normal termination (return value 0)
		Usr 4 13:06:20, Sys 0 03:23:51  -  Run Remote Usage
		Usr 0 00:00:00, Sys 0 00:00:00  -  Run Local Usage
		Usr 4 13:06:20, Sys 0 03:23:51  -  Total Remote Usage
		Usr 0 00:00:00, Sys 0 00:00:00  -  Total Local Usage
	0  -  Run Bytes Sent By Job
	0  -  Run Bytes Received By Job
	0  -  Total Bytes Sent By Job
	0  -  Total Bytes Received By Job
	Partitionable Resources :     Usage  Request Allocated 
	   Cpus                 :      0.99        8         8 
	   Disk (KB)            :      1     1024000   1025696 
	   GPUs                 :                            0 
	   Memory (MB)          :    706       16384     16384 
	   TimeExecute (s)      : 167702                       
	   TimeSlotBusy (s)     : 167702                       

	Job terminated of its own accord at 2026-02-15T11:15:15Z with exit-code 0.
...
009 (15950983.053.000) 2026-02-16 17:16:52 Job was aborted.
	via condor_rm (by user tuccia)
...
000 (16309093.013.000) 2026-02-18 10:41:47 Job submitted from host: <141.34.103.35:9618?addrs=141.34.103.35-9618+[2001-638-700-f067--1-23]-9618&alias=wgs39.zeuthen.desy.de&noUDP&sock=schedd_7302_24a3>
...
001 (16309093.013.000) 2026-02-18 10:42:03 Job executing on host: <141.34.15.76:9618?addrs=141.34.15.76-9618+[2001-638-700-f00f--1-4c]-9618&alias=bladek3.zeuthen.desy.de&noUDP&sock=startd_10197_df50>
	SlotName: slot1_11@bladek3.zeuthen.desy.de
	CondorScratchDir = "/batch/dir_1823483"
	Cpus = 1
	Disk = 1025024
	GPUs = 0
	Memory = 5120
...
006 (16309093.013.000) 2026-02-18 10:42:17 Image size of job updated: 101288
	99  -  MemoryUsage of job (MB)
	101288  -  ResidentSetSize of job (KB)
...
006 (16309093.013.000) 2026-02-18 10:47:18 Image size of job updated: 565200
	399  -  MemoryUsage of job (MB)
	407796  -  ResidentSetSize of job (KB)
...
006 (16309093.013.000) 2026-02-18 11:07:20 Image size of job updated: 565200
	405  -  MemoryUsage of job (MB)
	413728  -  ResidentSetSize of job (KB)
...
006 (16309093.013.000) 2026-02-18 11:12:20 Image size of job updated: 565200
	405  -  MemoryUsage of job (MB)
	413916  -  ResidentSetSize of job (KB)
...
006 (16309093.013.000) 2026-02-18 11:32:21 Image size of job updated: 565200
	405  -  MemoryUsage of job (MB)
	413944  -  ResidentSetSize of job (KB)
...
006 (16309093.013.000) 2026-02-18 12:32:28 Image size of job updated: 565200
	408  -  MemoryUsage of job (MB)
	416852  -  ResidentSetSize of job (KB)
...
006 (16309093.013.000) 2026-02-18 12:37:29 Image size of job updated: 565200
	408  -  MemoryUsage of job (MB)
	417004  -  ResidentSetSize of job (KB)
...
006 (16309093.013.000) 2026-02-18 14:27:40 Image size of job updated: 565200
	408  -  MemoryUsage of job (MB)
	417340  -  ResidentSetSize of job (KB)
...
006 (16309093.013.000) 2026-02-18 14:32:41 Image size of job updated: 565200
	408  -  MemoryUsage of job (MB)
	417464  -  ResidentSetSize of job (KB)
...
006 (16309093.013.000) 2026-02-18 14:37:41 Image size of job updated: 565200
	409  -  MemoryUsage of job (MB)
	418020  -  ResidentSetSize of job (KB)
...
006 (16309093.013.000) 2026-02-18 14:42:42 Image size of job updated: 565200
	409  -  MemoryUsage of job (MB)
	418128  -  ResidentSetSize of job (KB)
...
006 (16309093.013.000) 2026-02-18 20:03:13 Image size of job updated: 565200
	425  -  MemoryUsage of job (MB)
	434824  -  ResidentSetSize of job (KB)
...
006 (16309093.013.000) 2026-02-18 20:08:14 Image size of job updated: 565200
	445  -  MemoryUsage of job (MB)
	455552  -  ResidentSetSize of job (KB)
...
006 (16309093.013.000) 2026-02-18 20:13:15 Image size of job updated: 565200
	450  -  MemoryUsage of job (MB)
	460660  -  ResidentSetSize of job (KB)
...
006 (16309093.013.000) 2026-02-18 20:23:16 Image size of job updated: 565200
	450  -  MemoryUsage of job (MB)
	460740  -  ResidentSetSize of job (KB)
...
006 (16309093.013.000) 2026-02-18 20:33:17 Image size of job updated: 565200
	451  -  MemoryUsage of job (MB)
	461520  -  ResidentSetSize of job (KB)
...
006 (16309093.013.000) 2026-02-18 20:38:17 Image size of job updated: 565200
	451  -  MemoryUsage of job (MB)
	461736  -  ResidentSetSize of job (KB)
...
006 (16309093.013.000) 2026-02-18 20:43:18 Image size of job updated: 565200
	451  -  MemoryUsage of job (MB)
	461796  -  ResidentSetSize of job (KB)
...
006 (16309093.013.000) 2026-02-18 23:23:32 Image size of job updated: 565200
	452  -  MemoryUsage of job (MB)
	461932  -  ResidentSetSize of job (KB)
...
006 (16309093.013.000) 2026-02-19 03:49:00 Image size of job updated: 565200
	452  -  MemoryUsage of job (MB)
	461984  -  ResidentSetSize of job (KB)
...
006 (16309093.013.000) 2026-02-19 06:09:13 Image size of job updated: 565200
	452  -  MemoryUsage of job (MB)
	462152  -  ResidentSetSize of job (KB)
...
006 (16309093.013.000) 2026-02-19 06:54:18 Image size of job updated: 565200
	452  -  MemoryUsage of job (MB)
	462160  -  ResidentSetSize of job (KB)
...
006 (16309093.013.000) 2026-02-19 07:39:21 Image size of job updated: 565200
	452  -  MemoryUsage of job (MB)
	462656  -  ResidentSetSize of job (KB)
...
006 (16309093.013.000) 2026-02-19 11:49:46 Image size of job updated: 565200
	452  -  MemoryUsage of job (MB)
	462664  -  ResidentSetSize of job (KB)
...
006 (16309093.013.000) 2026-02-19 11:54:47 Image size of job updated: 565200
	453  -  MemoryUsage of job (MB)
	462896  -  ResidentSetSize of job (KB)
...
006 (16309093.013.000) 2026-02-19 12:59:54 Image size of job updated: 565200
	453  -  MemoryUsage of job (MB)
	462916  -  ResidentSetSize of job (KB)
...
006 (16309093.013.000) 2026-02-19 13:49:59 Image size of job updated: 565200
	453  -  MemoryUsage of job (MB)
	462924  -  ResidentSetSize of job (KB)
...
006 (16309093.013.000) 2026-02-19 14:30:03 Image size of job updated: 565200
	453  -  MemoryUsage of job (MB)
	462956  -  ResidentSetSize of job (KB)
...
006 (16309093.013.000) 2026-02-19 14:55:05 Image size of job updated: 565200
	453  -  MemoryUsage of job (MB)
	463128  -  ResidentSetSize of job (KB)
...
006 (16309093.013.000) 2026-02-19 15:05:06 Image size of job updated: 565200
	453  -  MemoryUsage of job (MB)
	463196  -  ResidentSetSize of job (KB)
...
006 (16309093.013.000) 2026-02-19 15:10:06 Image size of job updated: 565200
	453  -  MemoryUsage of job (MB)
	463352  -  ResidentSetSize of job (KB)
...
006 (16309093.013.000) 2026-02-19 15:20:07 Image size of job updated: 565200
	453  -  MemoryUsage of job (MB)
	463396  -  ResidentSetSize of job (KB)
...
006 (16309093.013.000) 2026-02-19 15:25:08 Image size of job updated: 565200
	453  -  MemoryUsage of job (MB)
	463444  -  ResidentSetSize of job (KB)
...
006 (16309093.013.000) 2026-02-19 17:35:20 Image size of job updated: 565200
	453  -  MemoryUsage of job (MB)
	463464  -  ResidentSetSize of job (KB)
...
006 (16309093.013.000) 2026-02-19 17:40:21 Image size of job updated: 565200
	453  -  MemoryUsage of job (MB)
	463544  -  ResidentSetSize of job (KB)
...
006 (16309093.013.000) 2026-02-19 18:00:24 Image size of job updated: 565200
	454  -  MemoryUsage of job (MB)
	464160  -  ResidentSetSize of job (KB)
...
006 (16309093.013.000) 2026-02-19 18:05:24 Image size of job updated: 565200
	454  -  MemoryUsage of job (MB)
	464176  -  ResidentSetSize of job (KB)
...
006 (16309093.013.000) 2026-02-19 18:55:29 Image size of job updated: 565200
	454  -  MemoryUsage of job (MB)
	464840  -  ResidentSetSize of job (KB)
...
006 (16309093.013.000) 2026-02-19 19:00:30 Image size of job updated: 565200
	455  -  MemoryUsage of job (MB)
	464912  -  ResidentSetSize of job (KB)
...
006 (16309093.013.000) 2026-02-19 20:40:41 Image size of job updated: 565200
	455  -  MemoryUsage of job (MB)
	464992  -  ResidentSetSize of job (KB)
...
006 (16309093.013.000) 2026-02-19 20:45:41 Image size of job updated: 565200
	455  -  MemoryUsage of job (MB)
	465072  -  ResidentSetSize of job (KB)
...
006 (16309093.013.000) 2026-02-19 20:50:42 Image size of job updated: 565200
	455  -  MemoryUsage of job (MB)
	465228  -  ResidentSetSize of job (KB)
...
006 (16309093.013.000) 2026-02-19 22:25:53 Image size of job updated: 565200
	455  -  MemoryUsage of job (MB)
	465256  -  ResidentSetSize of job (KB)
...
006 (16309093.013.000) 2026-02-19 22:30:53 Image size of job updated: 565200
	455  -  MemoryUsage of job (MB)
	465416  -  ResidentSetSize of job (KB)
...
006 (16309093.013.000) 2026-02-19 22:35:53 Image size of job updated: 565200
	455  -  MemoryUsage of job (MB)
	465508  -  ResidentSetSize of job (KB)
...
006 (16309093.013.000) 2026-02-19 23:20:58 Image size of job updated: 565200
	455  -  MemoryUsage of job (MB)
	465824  -  ResidentSetSize of job (KB)
...
006 (16309093.013.000) 2026-02-19 23:31:00 Image size of job updated: 565200
	456  -  MemoryUsage of job (MB)
	465980  -  ResidentSetSize of job (KB)
...
006 (16309093.013.000) 2026-02-20 00:31:04 Image size of job updated: 565200
	456  -  MemoryUsage of job (MB)
	466196  -  ResidentSetSize of job (KB)
...
006 (16309093.013.000) 2026-02-20 00:36:05 Image size of job updated: 565200
	456  -  MemoryUsage of job (MB)
	466288  -  ResidentSetSize of job (KB)
...
006 (16309093.013.000) 2026-02-20 00:41:05 Image size of job updated: 565200
	456  -  MemoryUsage of job (MB)
	466644  -  ResidentSetSize of job (KB)
...
006 (16309093.013.000) 2026-02-20 00:46:06 Image size of job updated: 565200
	456  -  MemoryUsage of job (MB)
	466704  -  ResidentSetSize of job (KB)
...
022 (16309093.013.000) 2026-02-20 03:44:36 Job disconnected, attempting to reconnect
    Local schedd and job shadow died, schedd now running again
    Trying to reconnect to slot1_11@bladek3.zeuthen.desy.de <141.34.15.76:9618?addrs=141.34.15.76-9618+[2001-638-700-f00f--1-4c]-9618&alias=bladek3.zeuthen.desy.de&noUDP&sock=startd_10197_df50>
...
023 (16309093.013.000) 2026-02-20 03:44:42 Job reconnected to slot1_11@bladek3.zeuthen.desy.de
    startd address: <141.34.15.76:9618?addrs=141.34.15.76-9618+[2001-638-700-f00f--1-4c]-9618&alias=bladek3.zeuthen.desy.de&noUDP&sock=startd_10197_df50>
    starter address: <141.34.15.76:9618?addrs=141.34.15.76-9618+[2001-638-700-f00f--1-4c]-9618&alias=bladek3.zeuthen.desy.de&noUDP&sock=slot1_11_11018_ed79_7294>
...
021 (16309093.013.000) 2026-02-20 10:42:05 Error from starter on slot1_11@bladek3.zeuthen.desy.de:
	runtime exceeded maximum (target.Runtime seconds)
	Code 21 Subcode 103
...
004 (16309093.013.000) 2026-02-20 10:42:05 Job was evicted.
	(0) CPU times
		Usr 1 23:41:29, Sys 0 00:02:10  -  Run Remote Usage
		Usr 0 00:00:00, Sys 0 00:00:00  -  Run Local Usage
	0  -  Run Bytes Sent By Job
	0  -  Run Bytes Received By Job
	Error from slot1_11@bladek3.zeuthen.desy.de: runtime exceeded maximum (target.Runtime seconds)
	Partitionable Resources :         Usage  Request Allocated 
	   Cpus                 :          1.00        1         1 
	   Disk (KB)            :          1     1024000   1025024 
	   Memory (MB)          :        464        5120      5120 
	   TimeSlotBusy (s)     : 1771580525                       
...
012 (16309093.013.000) 2026-02-20 10:42:05 Job was held.
	Error from slot1_11@bladek3.zeuthen.desy.de: runtime exceeded maximum (target.Runtime seconds)
	Code 21 Subcode 103
...
009 (16309093.013.000) 2026-02-23 19:28:59 Job was aborted.
	via condor_rm (by user tuccia)
...
000 (16619873.013.000) 2026-02-23 19:31:48 Job submitted from host: <141.34.103.35:9618?addrs=141.34.103.35-9618+[2001-638-700-f067--1-23]-9618&alias=wgs39.zeuthen.desy.de&noUDP&sock=schedd_7302_24a3>
...
001 (16619873.013.000) 2026-02-23 19:31:50 Job executing on host: <141.34.15.180:9618?addrs=141.34.15.180-9618+[2001-638-700-f00f--1-b4]-9618&alias=genoa05.zeuthen.desy.de&noUDP&sock=startd_10480_fc9e>
	SlotName: slot1_26@genoa05.zeuthen.desy.de
	CondorScratchDir = "/batch/dir_1638204"
	Cpus = 1
	Disk = 1025697
	GPUs = 0
	Memory = 5120
...
006 (16619873.013.000) 2026-02-23 19:32:04 Image size of job updated: 101476
	100  -  MemoryUsage of job (MB)
	101476  -  ResidentSetSize of job (KB)
...
006 (16619873.013.000) 2026-02-23 19:37:05 Image size of job updated: 408044
	364  -  MemoryUsage of job (MB)
	371900  -  ResidentSetSize of job (KB)
...
006 (16619873.013.000) 2026-02-23 19:57:07 Image size of job updated: 437332
	428  -  MemoryUsage of job (MB)
	437332  -  ResidentSetSize of job (KB)
...
006 (16619873.013.000) 2026-02-23 20:02:07 Image size of job updated: 437560
	428  -  MemoryUsage of job (MB)
	437560  -  ResidentSetSize of job (KB)
...
006 (16619873.013.000) 2026-02-23 20:07:08 Image size of job updated: 437576
	428  -  MemoryUsage of job (MB)
	437576  -  ResidentSetSize of job (KB)
...
006 (16619873.013.000) 2026-02-23 20:12:08 Image size of job updated: 437624
	428  -  MemoryUsage of job (MB)
	437624  -  ResidentSetSize of job (KB)
...
006 (16619873.013.000) 2026-02-23 20:17:09 Image size of job updated: 437648
	428  -  MemoryUsage of job (MB)
	437648  -  ResidentSetSize of job (KB)
...
006 (16619873.013.000) 2026-02-23 20:22:10 Image size of job updated: 437676
	428  -  MemoryUsage of job (MB)
	437676  -  ResidentSetSize of job (KB)
...
006 (16619873.013.000) 2026-02-23 20:42:11 Image size of job updated: 437816
	428  -  MemoryUsage of job (MB)
	437816  -  ResidentSetSize of job (KB)
...
006 (16619873.013.000) 2026-02-23 20:47:12 Image size of job updated: 437876
	428  -  MemoryUsage of job (MB)
	437876  -  ResidentSetSize of job (KB)
...
006 (16619873.013.000) 2026-02-23 22:37:23 Image size of job updated: 437912
	428  -  MemoryUsage of job (MB)
	437912  -  ResidentSetSize of job (KB)
...
006 (16619873.013.000) 2026-02-23 22:42:24 Image size of job updated: 438008
	428  -  MemoryUsage of job (MB)
	438008  -  ResidentSetSize of job (KB)
...
006 (16619873.013.000) 2026-02-23 23:42:30 Image size of job updated: 438092
	428  -  MemoryUsage of job (MB)
	438092  -  ResidentSetSize of job (KB)
...
006 (16619873.013.000) 2026-02-24 00:02:33 Image size of job updated: 438176
	428  -  MemoryUsage of job (MB)
	438176  -  ResidentSetSize of job (KB)
...
006 (16619873.013.000) 2026-02-24 00:22:35 Image size of job updated: 438360
	428  -  MemoryUsage of job (MB)
	438208  -  ResidentSetSize of job (KB)
...
006 (16619873.013.000) 2026-02-24 00:47:37 Image size of job updated: 438420
	428  -  MemoryUsage of job (MB)
	438208  -  ResidentSetSize of job (KB)
...
006 (16619873.013.000) 2026-02-24 01:02:38 Image size of job updated: 438488
	428  -  MemoryUsage of job (MB)
	438208  -  ResidentSetSize of job (KB)
...
006 (16619873.013.000) 2026-02-24 01:07:39 Image size of job updated: 438524
	428  -  MemoryUsage of job (MB)
	438208  -  ResidentSetSize of job (KB)
...
006 (16619873.013.000) 2026-02-24 01:47:44 Image size of job updated: 438948
	428  -  MemoryUsage of job (MB)
	438208  -  ResidentSetSize of job (KB)
...
006 (16619873.013.000) 2026-02-24 01:57:44 Image size of job updated: 438976
	428  -  MemoryUsage of job (MB)
	438208  -  ResidentSetSize of job (KB)
...
006 (16619873.013.000) 2026-02-24 02:57:50 Image size of job updated: 439496
	428  -  MemoryUsage of job (MB)
	438216  -  ResidentSetSize of job (KB)
...
006 (16619873.013.000) 2026-02-24 03:47:55 Image size of job updated: 439496
	429  -  MemoryUsage of job (MB)
	438360  -  ResidentSetSize of job (KB)
...
022 (16619873.013.000) 2026-02-24 08:04:13 Job disconnected, attempting to reconnect
    Local schedd and job shadow died, schedd now running again
    Trying to reconnect to slot1_26@genoa05.zeuthen.desy.de <141.34.15.180:9618?addrs=141.34.15.180-9618+[2001-638-700-f00f--1-b4]-9618&alias=genoa05.zeuthen.desy.de&noUDP&sock=startd_10480_fc9e>
...
023 (16619873.013.000) 2026-02-24 08:04:22 Job reconnected to slot1_26@genoa05.zeuthen.desy.de
    startd address: <141.34.15.180:9618?addrs=141.34.15.180-9618+[2001-638-700-f00f--1-b4]-9618&alias=genoa05.zeuthen.desy.de&noUDP&sock=startd_10480_fc9e>
    starter address: <141.34.15.180:9618?addrs=141.34.15.180-9618+[2001-638-700-f00f--1-b4]-9618&alias=genoa05.zeuthen.desy.de&noUDP&sock=slot1_26_11055_ff5b_6950>
...
005 (16619873.013.000) 2026-02-26 22:33:15 Job terminated.
	(1) Normal termination (return value 0)
		Usr 3 01:28:46, Sys 0 00:02:01  -  Run Remote Usage
		Usr 0 00:00:00, Sys 0 00:00:00  -  Run Local Usage
		Usr 3 13:34:15, Sys 0 00:02:08  -  Total Remote Usage
		Usr 0 00:00:00, Sys 0 00:00:00  -  Total Local Usage
	0  -  Run Bytes Sent By Job
	0  -  Run Bytes Received By Job
	0  -  Total Bytes Sent By Job
	0  -  Total Bytes Received By Job
	Partitionable Resources :         Usage  Request Allocated 
	   Cpus                 :          0.99        1         1 
	   Disk (KB)            :          1     1024000   1025697 
	   Memory (MB)          :        440        5120      5120 
	   TimeExecute (s)      : 1772141595                       
	   TimeSlotBusy (s)     : 1772141595                       

	Job terminated of its own accord at 2026-02-26T21:33:15Z with exit-code 0.
...
