~~~~~~~~~~~~~~~~~~~~~~~~~~~~~~

n_qubits: 120, 
r: 59, 
alpha: 0.001, 
shots: 100000, 
ansatz: linear_cnot, 
layer: 1, 
tau: 0.3

time for simulated annealing:  135.87370419502258
Rank 1: Bitstring=000010000011011001110100000111111101000010000111001001101100001010110001001011000101001100011001111101111001110111100111, Decimal=42642825299857575316343224840723943, Energy=-99.1287
Rank 2: Bitstring=000010000011011001110100000111111101000010000111001011101000001010110001001011000101001100011001111101111001110111100111, Decimal=42642825299857718278609796089748967, Energy=-99.1063
Rank 3: Bitstring=000010000011011000110100000101111101000010000111001001101100011010110001001111001101000100011001111101110001110110100111, Decimal=42637752221576584116225197733256615, Energy=-99.0679
Rank 4: Bitstring=000010000011011000110100000101111101000010000111001011101000011010110001001111001101000100011001111101110001110110100111, Decimal=42637752221576727078491768982281639, Energy=-99.0455
Rank 5: Bitstring=000010000011011011110100000111111101000010000101001001101100001010110001001011000101001100011001111101111001110111100111, Decimal=42652966504649956418589459175939559, Energy=-98.9701
Rank 6: Bitstring=000010000011011011110100000111111101000010000101001011101000001010110001001011000101001100011001111101111001110111100111, Decimal=42652966504650099380856030424964583, Energy=-98.9477
Rank 7: Bitstring=000010000011011001110100000111111101000010000111001001101100001110110001001011000101001100011001111101111001110111100101, Decimal=42642825299857575388400818878651877, Energy=-98.9175
Rank 8: Bitstring=000010000011011001110100000111111101000010000111001011101000001110110001001011000101001100011001111101111001110111100101, Decimal=42642825299857718350667390127676901, Energy=-98.8951
Rank 9: Bitstring=000010000011011000110100000101111101000010000111001001101100001010110001001111001101001100011001111101111001110110100111, Decimal=42637752221576583827994830171512231, Energy=-98.8799
Rank 10: Bitstring=000010000011011000110100000101111101000010001111001001101100011010110101001111101101000100011001111001110001110110100111, Decimal=42637752221614363049216253824015783, Energy=-98.8665

E_min from simulated annealing:  -99.1287
Minimum energy: -99.1287
States with energy within 1e-08 of minimum: [42642825299857575316343224840723943]
4


################## Start optimization with initial parameters: [0. 0. 0. 0. 0. 0. 0. 0. 0. 0. 0. 0. 0. 0. 0. 0. 0. 0. 0. 0. 0. 0. 0. 0.
 0. 0. 0. 0. 0. 0. 0. 0. 0. 0. 0. 0. 0. 0. 0. 0. 0. 0. 0. 0. 0. 0. 0. 0.
 0. 0. 0. 0. 0. 0. 0. 0. 0. 0. 0. 0. 0. 0. 0. 0. 0. 0. 0. 0. 0. 0. 0. 0.
 0. 0. 0. 0. 0. 0. 0. 0. 0. 0. 0. 0. 0. 0. 0. 0. 0. 0. 0. 0. 0. 0. 0. 0.
 0. 0. 0. 0. 0. 0. 0. 0. 0. 0. 0. 0. 0. 0. 0. 0. 0. 0. 0. 0. 0. 0. 0. 0.
 0. 0. 0. 0. 0. 0. 0. 0. 0. 0. 0. 0. 0. 0. 0. 0. 0. 0. 0. 0. 0. 0. 0. 0.
 0. 0. 0. 0. 0. 0. 0. 0. 0. 0. 0. 0. 0. 0. 0. 0. 0. 0. 0. 0. 0. 0. 0. 0.
 0. 0. 0. 0. 0. 0. 0. 0. 0. 0. 0. 0. 0. 0. 0. 0. 0. 0. 0. 0. 0. 0. 0. 0.
 0. 0. 0. 0. 0. 0. 0. 0. 0. 0. 0. 0. 0. 0. 0. 0. 0. 0. 0. 0. 0. 0. 0. 0.
 0. 0. 0. 0. 0. 0. 0. 0. 0. 0. 0. 0. 0. 0. 0. 0. 0. 0. 0. 0. 0. 0. 0. 0.
 0. 0. 0. 0. 0. 0. 0. 0. 0. 0. 0. 0. 0. 0. 0. 0. 0. 0. 0. 0. 0. 0. 0. 0.
 0. 0. 0. 0. 0. 0. 0. 0. 0. 0. 0. 0. 0. 0. 0. 0. 0. 0. 0. 0. 0. 0. 0. 0.
 0. 0. 0. 0. 0. 0. 0. 0. 0. 0. 0. 0. 0. 0. 0. 0. 0. 0. 0. 0. 0. 0. 0. 0.
 0. 0. 0. 0. 0. 0. 0. 0. 0. 0. 0. 0. 0. 0. 0. 0. 0. 0. 0. 0. 0. 0. 0. 0.
 0. 0. 0. 0. 0. 0. 0. 0. 0. 0. 0. 0. 0. 0. 0. 0. 0. 0. 0. 0. 0. 0. 0. 0.
 0. 0. 0. 0. 0. 0. 0. 0. 0. 0. 0. 0. 0. 0. 0. 0. 0. 0. 0. 0. 0. 0. 0. 0.
 0. 0. 0. 0. 0. 0. 0. 0. 0. 0. 0. 0. 0. 0. 0. 0. 0. 0. 0. 0. 0. 0. 0. 0.
 0. 0. 0. 0. 0. 0. 0. 0. 0. 0. 0. 0. 0. 0. 0. 0. 0. 0. 0. 0. 0. 0. 0. 0.
 0. 0. 0. 0. 0. 0. 0. 0. 0. 0. 0. 0. 0. 0. 0. 0. 0. 0. 0. 0. 0. 0. 0. 0.
 0. 0. 0. 0. 0. 0. 0. 0. 0. 0. 0. 0. 0. 0. 0. 0. 0. 0. 0. 0. 0. 0. 0. 0.]
Write sucessfully to ./data/data_shots_100000_layer_1/alpha_0.001/N_120/r_59/ansatz_type_linear_cnot/initialization_zeros

vqe.cvar_eval[0]: -33.393575999999946 , min_cvar: -48.7793179999999 , opt_cvar: -48.7793179999999

vqe.poss_eval[-1]: 0 vqe.poss_eval[0] 0  , max_poss: 0 , opt_poss: 0

vqe.r_eval[-1]: 0.47948382254584115 vqe.r_eval[0]: 0.33687091629366617 max_r: 0.49208067895574037 , min_r: 0.32447642307424535
