000 (15756407.918.000) 2026-02-06 11:26:12 Job submitted from host: <141.34.103.35:9618?addrs=141.34.103.35-9618+[2001-638-700-f067--1-23]-9618&alias=wgs39.zeuthen.desy.de&noUDP&sock=schedd_7414_f73f>
...
009 (15756407.918.000) 2026-02-10 11:42:42 Job was aborted.
	via condor_rm (by user tuccia)
...
000 (15949294.612.000) 2026-02-10 11:45:21 Job submitted from host: <141.34.103.35:9618?addrs=141.34.103.35-9618+[2001-638-700-f067--1-23]-9618&alias=wgs39.zeuthen.desy.de&noUDP&sock=schedd_7302_24a3>
...
009 (15949294.612.000) 2026-02-10 11:45:47 Job was aborted.
	via condor_rm (by user tuccia)
...
000 (15949295.612.000) 2026-02-10 11:46:05 Job submitted from host: <141.34.103.35:9618?addrs=141.34.103.35-9618+[2001-638-700-f067--1-23]-9618&alias=wgs39.zeuthen.desy.de&noUDP&sock=schedd_7302_24a3>
...
000 (15950983.025.000) 2026-02-10 16:27:54 Job submitted from host: <141.34.103.35:9618?addrs=141.34.103.35-9618+[2001-638-700-f067--1-23]-9618&alias=wgs39.zeuthen.desy.de&noUDP&sock=schedd_7302_24a3>
...
001 (15950983.025.000) 2026-02-10 16:31:15 Job executing on host: <141.34.14.37:9618?addrs=141.34.14.37-9618+[2001-638-700-f00e--1-25]-9618&alias=amphion.zeuthen.desy.de&noUDP&sock=startd_8755_c7bf>
	SlotName: slot1_30@amphion.zeuthen.desy.de
	AvailableGPUs = {  }
	CondorScratchDir = "/batch/dir_300038"
	Cpus = 1
	Disk = 1025682
	GPUs = 0
	Memory = 5120
...
006 (15950983.025.000) 2026-02-10 16:31:29 Image size of job updated: 103452
	102  -  MemoryUsage of job (MB)
	103452  -  ResidentSetSize of job (KB)
...
006 (15950983.025.000) 2026-02-10 16:36:30 Image size of job updated: 810044
	567  -  MemoryUsage of job (MB)
	579876  -  ResidentSetSize of job (KB)
...
006 (15950983.025.000) 2026-02-10 16:46:31 Image size of job updated: 810044
	570  -  MemoryUsage of job (MB)
	583528  -  ResidentSetSize of job (KB)
...
006 (15950983.025.000) 2026-02-10 16:51:32 Image size of job updated: 810044
	576  -  MemoryUsage of job (MB)
	588980  -  ResidentSetSize of job (KB)
...
006 (15950983.025.000) 2026-02-10 16:56:32 Image size of job updated: 810044
	581  -  MemoryUsage of job (MB)
	594328  -  ResidentSetSize of job (KB)
...
006 (15950983.025.000) 2026-02-10 17:01:33 Image size of job updated: 810044
	588  -  MemoryUsage of job (MB)
	601844  -  ResidentSetSize of job (KB)
...
006 (15950983.025.000) 2026-02-10 17:06:34 Image size of job updated: 810044
	589  -  MemoryUsage of job (MB)
	602168  -  ResidentSetSize of job (KB)
...
006 (15950983.025.000) 2026-02-10 17:16:35 Image size of job updated: 810044
	591  -  MemoryUsage of job (MB)
	604412  -  ResidentSetSize of job (KB)
...
006 (15950983.025.000) 2026-02-10 17:41:37 Image size of job updated: 810044
	594  -  MemoryUsage of job (MB)
	607560  -  ResidentSetSize of job (KB)
...
006 (15950983.025.000) 2026-02-10 19:21:46 Image size of job updated: 810044
	594  -  MemoryUsage of job (MB)
	607676  -  ResidentSetSize of job (KB)
...
006 (15950983.025.000) 2026-02-10 19:31:48 Image size of job updated: 810044
	595  -  MemoryUsage of job (MB)
	609120  -  ResidentSetSize of job (KB)
...
006 (15950983.025.000) 2026-02-10 19:36:48 Image size of job updated: 810044
	596  -  MemoryUsage of job (MB)
	610232  -  ResidentSetSize of job (KB)
...
006 (15950983.025.000) 2026-02-11 01:12:23 Image size of job updated: 810044
	597  -  MemoryUsage of job (MB)
	610316  -  ResidentSetSize of job (KB)
...
006 (15950983.025.000) 2026-02-11 03:37:38 Image size of job updated: 810044
	598  -  MemoryUsage of job (MB)
	611792  -  ResidentSetSize of job (KB)
...
006 (15950983.025.000) 2026-02-11 03:57:39 Image size of job updated: 810044
	626  -  MemoryUsage of job (MB)
	640008  -  ResidentSetSize of job (KB)
...
006 (15950983.025.000) 2026-02-11 04:02:40 Image size of job updated: 810044
	626  -  MemoryUsage of job (MB)
	640164  -  ResidentSetSize of job (KB)
...
006 (15950983.025.000) 2026-02-11 04:12:40 Image size of job updated: 810044
	626  -  MemoryUsage of job (MB)
	640224  -  ResidentSetSize of job (KB)
...
006 (15950983.025.000) 2026-02-11 04:17:41 Image size of job updated: 810044
	627  -  MemoryUsage of job (MB)
	641880  -  ResidentSetSize of job (KB)
...
006 (15950983.025.000) 2026-02-11 05:12:47 Image size of job updated: 810044
	627  -  MemoryUsage of job (MB)
	642036  -  ResidentSetSize of job (KB)
...
006 (15950983.025.000) 2026-02-11 06:17:54 Image size of job updated: 810044
	628  -  MemoryUsage of job (MB)
	642184  -  ResidentSetSize of job (KB)
...
006 (15950983.025.000) 2026-02-11 07:08:00 Image size of job updated: 810044
	628  -  MemoryUsage of job (MB)
	642348  -  ResidentSetSize of job (KB)
...
006 (15950983.025.000) 2026-02-11 15:28:45 Image size of job updated: 810044
	628  -  MemoryUsage of job (MB)
	642672  -  ResidentSetSize of job (KB)
...
021 (15950983.025.000) 2026-02-12 16:31:16 Error from starter on slot1_30@amphion.zeuthen.desy.de:
	runtime exceeded maximum (target.Runtime seconds)
	Code 21 Subcode 103
...
004 (15950983.025.000) 2026-02-12 16:31:16 Job was evicted.
	(0) CPU times
		Usr 1 23:16:28, Sys 0 00:04:44  -  Run Remote Usage
		Usr 0 00:00:00, Sys 0 00:00:00  -  Run Local Usage
	0  -  Run Bytes Sent By Job
	0  -  Run Bytes Received By Job
	Error from slot1_30@amphion.zeuthen.desy.de: runtime exceeded maximum (target.Runtime seconds)
	Partitionable Resources :     Usage  Request Allocated 
	   Cpus                 :      0.99        1         1 
	   Disk (KB)            :      1     1024000   1025682 
	   GPUs                 :                            0 
	   Memory (MB)          :    628        5120      5120 
	   TimeSlotBusy (s)     : 172801                       
...
012 (15950983.025.000) 2026-02-12 16:31:16 Job was held.
	Error from slot1_30@amphion.zeuthen.desy.de: runtime exceeded maximum (target.Runtime seconds)
	Code 21 Subcode 103
...
001 (15949295.612.000) 2026-02-13 06:52:19 Job executing on host: <141.34.15.47:9618?addrs=141.34.15.47-9618+[2001-638-700-f00f--1-2f]-9618&alias=pizza18.zeuthen.desy.de&noUDP&sock=startd_8216_1233>
	SlotName: slot1_4@pizza18.zeuthen.desy.de
	CondorScratchDir = "/batch/dir_2449141"
	Cpus = 8
	Disk = 1025696
	GPUs = 0
	Memory = 16384
...
006 (15949295.612.000) 2026-02-13 06:52:32 Image size of job updated: 103504
	102  -  MemoryUsage of job (MB)
	103504  -  ResidentSetSize of job (KB)
...
006 (15949295.612.000) 2026-02-13 06:57:32 Image size of job updated: 582552
	569  -  MemoryUsage of job (MB)
	582552  -  ResidentSetSize of job (KB)
...
006 (15949295.612.000) 2026-02-13 07:02:32 Image size of job updated: 592248
	579  -  MemoryUsage of job (MB)
	592248  -  ResidentSetSize of job (KB)
...
006 (15949295.612.000) 2026-02-13 07:07:33 Image size of job updated: 601508
	588  -  MemoryUsage of job (MB)
	601508  -  ResidentSetSize of job (KB)
...
006 (15949295.612.000) 2026-02-13 07:12:33 Image size of job updated: 607176
	593  -  MemoryUsage of job (MB)
	607176  -  ResidentSetSize of job (KB)
...
006 (15949295.612.000) 2026-02-13 07:17:34 Image size of job updated: 663996
	649  -  MemoryUsage of job (MB)
	663996  -  ResidentSetSize of job (KB)
...
006 (15949295.612.000) 2026-02-13 07:27:35 Image size of job updated: 680256
	665  -  MemoryUsage of job (MB)
	680256  -  ResidentSetSize of job (KB)
...
006 (15949295.612.000) 2026-02-13 07:32:36 Image size of job updated: 684132
	669  -  MemoryUsage of job (MB)
	684132  -  ResidentSetSize of job (KB)
...
006 (15949295.612.000) 2026-02-13 07:37:36 Image size of job updated: 684472
	669  -  MemoryUsage of job (MB)
	684472  -  ResidentSetSize of job (KB)
...
006 (15949295.612.000) 2026-02-13 07:42:36 Image size of job updated: 733772
	717  -  MemoryUsage of job (MB)
	733772  -  ResidentSetSize of job (KB)
...
006 (15949295.612.000) 2026-02-13 07:47:37 Image size of job updated: 747916
	731  -  MemoryUsage of job (MB)
	747916  -  ResidentSetSize of job (KB)
...
006 (15949295.612.000) 2026-02-13 08:02:38 Image size of job updated: 748120
	731  -  MemoryUsage of job (MB)
	748056  -  ResidentSetSize of job (KB)
...
006 (15949295.612.000) 2026-02-13 08:07:38 Image size of job updated: 748544
	731  -  MemoryUsage of job (MB)
	748056  -  ResidentSetSize of job (KB)
...
006 (15949295.612.000) 2026-02-13 08:32:41 Image size of job updated: 752720
	736  -  MemoryUsage of job (MB)
	752720  -  ResidentSetSize of job (KB)
...
006 (15949295.612.000) 2026-02-13 10:22:51 Image size of job updated: 752856
	736  -  MemoryUsage of job (MB)
	752720  -  ResidentSetSize of job (KB)
...
006 (15949295.612.000) 2026-02-13 10:27:52 Image size of job updated: 753212
	736  -  MemoryUsage of job (MB)
	753212  -  ResidentSetSize of job (KB)
...
006 (15949295.612.000) 2026-02-13 10:42:54 Image size of job updated: 755436
	738  -  MemoryUsage of job (MB)
	755436  -  ResidentSetSize of job (KB)
...
006 (15949295.612.000) 2026-02-13 11:48:00 Image size of job updated: 875552
	856  -  MemoryUsage of job (MB)
	875552  -  ResidentSetSize of job (KB)
...
006 (15949295.612.000) 2026-02-13 11:53:01 Image size of job updated: 875624
	856  -  MemoryUsage of job (MB)
	875624  -  ResidentSetSize of job (KB)
...
006 (15949295.612.000) 2026-02-13 11:58:01 Image size of job updated: 882008
	862  -  MemoryUsage of job (MB)
	882008  -  ResidentSetSize of job (KB)
...
006 (15949295.612.000) 2026-02-13 12:03:02 Image size of job updated: 882088
	862  -  MemoryUsage of job (MB)
	882088  -  ResidentSetSize of job (KB)
...
006 (15949295.612.000) 2026-02-13 12:08:03 Image size of job updated: 884380
	864  -  MemoryUsage of job (MB)
	884380  -  ResidentSetSize of job (KB)
...
006 (15949295.612.000) 2026-02-13 12:18:04 Image size of job updated: 884440
	864  -  MemoryUsage of job (MB)
	884440  -  ResidentSetSize of job (KB)
...
006 (15949295.612.000) 2026-02-13 12:28:05 Image size of job updated: 884612
	864  -  MemoryUsage of job (MB)
	884612  -  ResidentSetSize of job (KB)
...
006 (15949295.612.000) 2026-02-13 13:33:12 Image size of job updated: 886336
	866  -  MemoryUsage of job (MB)
	886336  -  ResidentSetSize of job (KB)
...
006 (15949295.612.000) 2026-02-13 15:23:21 Image size of job updated: 886344
	866  -  MemoryUsage of job (MB)
	886344  -  ResidentSetSize of job (KB)
...
006 (15949295.612.000) 2026-02-13 15:53:24 Image size of job updated: 886484
	866  -  MemoryUsage of job (MB)
	886344  -  ResidentSetSize of job (KB)
...
006 (15949295.612.000) 2026-02-13 15:58:25 Image size of job updated: 886568
	866  -  MemoryUsage of job (MB)
	886344  -  ResidentSetSize of job (KB)
...
006 (15949295.612.000) 2026-02-13 16:03:25 Image size of job updated: 886640
	866  -  MemoryUsage of job (MB)
	886344  -  ResidentSetSize of job (KB)
...
006 (15949295.612.000) 2026-02-13 22:39:06 Image size of job updated: 886640
	866  -  MemoryUsage of job (MB)
	886476  -  ResidentSetSize of job (KB)
...
006 (15949295.612.000) 2026-02-13 22:44:06 Image size of job updated: 886640
	866  -  MemoryUsage of job (MB)
	886512  -  ResidentSetSize of job (KB)
...
006 (15949295.612.000) 2026-02-13 23:14:09 Image size of job updated: 889000
	869  -  MemoryUsage of job (MB)
	889000  -  ResidentSetSize of job (KB)
...
006 (15949295.612.000) 2026-02-13 23:19:10 Image size of job updated: 890172
	870  -  MemoryUsage of job (MB)
	890172  -  ResidentSetSize of job (KB)
...
006 (15949295.612.000) 2026-02-14 00:49:20 Image size of job updated: 890232
	870  -  MemoryUsage of job (MB)
	890172  -  ResidentSetSize of job (KB)
...
006 (15949295.612.000) 2026-02-14 00:54:20 Image size of job updated: 890268
	870  -  MemoryUsage of job (MB)
	890172  -  ResidentSetSize of job (KB)
...
006 (15949295.612.000) 2026-02-14 00:59:21 Image size of job updated: 890328
	870  -  MemoryUsage of job (MB)
	890172  -  ResidentSetSize of job (KB)
...
006 (15949295.612.000) 2026-02-14 01:04:21 Image size of job updated: 890416
	870  -  MemoryUsage of job (MB)
	890172  -  ResidentSetSize of job (KB)
...
006 (15949295.612.000) 2026-02-14 01:19:22 Image size of job updated: 890416
	870  -  MemoryUsage of job (MB)
	890180  -  ResidentSetSize of job (KB)
...
006 (15949295.612.000) 2026-02-14 05:09:46 Image size of job updated: 890496
	870  -  MemoryUsage of job (MB)
	890496  -  ResidentSetSize of job (KB)
...
006 (15949295.612.000) 2026-02-14 07:04:58 Image size of job updated: 892488
	872  -  MemoryUsage of job (MB)
	892488  -  ResidentSetSize of job (KB)
...
006 (15949295.612.000) 2026-02-14 07:09:59 Image size of job updated: 892824
	872  -  MemoryUsage of job (MB)
	892488  -  ResidentSetSize of job (KB)
...
006 (15949295.612.000) 2026-02-14 10:25:19 Image size of job updated: 892836
	872  -  MemoryUsage of job (MB)
	892488  -  ResidentSetSize of job (KB)
...
006 (15949295.612.000) 2026-02-14 14:50:45 Image size of job updated: 892836
	872  -  MemoryUsage of job (MB)
	892564  -  ResidentSetSize of job (KB)
...
006 (15949295.612.000) 2026-02-14 18:41:13 Image size of job updated: 893000
	872  -  MemoryUsage of job (MB)
	892564  -  ResidentSetSize of job (KB)
...
006 (15949295.612.000) 2026-02-14 18:46:13 Image size of job updated: 893096
	872  -  MemoryUsage of job (MB)
	892564  -  ResidentSetSize of job (KB)
...
006 (15949295.612.000) 2026-02-14 22:16:40 Image size of job updated: 893096
	872  -  MemoryUsage of job (MB)
	892672  -  ResidentSetSize of job (KB)
...
006 (15949295.612.000) 2026-02-15 02:52:14 Image size of job updated: 893096
	872  -  MemoryUsage of job (MB)
	892680  -  ResidentSetSize of job (KB)
...
006 (15949295.612.000) 2026-02-15 03:37:18 Image size of job updated: 893212
	872  -  MemoryUsage of job (MB)
	892680  -  ResidentSetSize of job (KB)
...
005 (15949295.612.000) 2026-02-15 04:02:06 Job terminated.
	(1) Normal termination (return value 0)
		Usr 4 20:32:52, Sys 0 00:27:53  -  Run Remote Usage
		Usr 0 00:00:00, Sys 0 00:00:00  -  Run Local Usage
		Usr 4 20:32:52, Sys 0 00:27:53  -  Total Remote Usage
		Usr 0 00:00:00, Sys 0 00:00:00  -  Total Local Usage
	0  -  Run Bytes Sent By Job
	0  -  Run Bytes Received By Job
	0  -  Total Bytes Sent By Job
	0  -  Total Bytes Received By Job
	Partitionable Resources :     Usage  Request Allocated 
	   Cpus                 :      1.73        8         8 
	   Disk (KB)            :      1     1024000   1025696 
	   GPUs                 :                            0 
	   Memory (MB)          :    872       16384     16384 
	   TimeExecute (s)      : 162587                       
	   TimeSlotBusy (s)     : 162588                       

	Job terminated of its own accord at 2026-02-15T03:02:06Z with exit-code 0.
...
009 (15950983.025.000) 2026-02-16 17:16:52 Job was aborted.
	via condor_rm (by user tuccia)
...
000 (16309093.006.000) 2026-02-18 10:41:47 Job submitted from host: <141.34.103.35:9618?addrs=141.34.103.35-9618+[2001-638-700-f067--1-23]-9618&alias=wgs39.zeuthen.desy.de&noUDP&sock=schedd_7302_24a3>
...
001 (16309093.006.000) 2026-02-18 10:42:03 Job executing on host: <141.34.15.35:9618?addrs=141.34.15.35-9618+[2001-638-700-f00f--1-23]-9618&alias=bladej4.zeuthen.desy.de&noUDP&sock=startd_10257_06ff>
	SlotName: slot1_8@bladej4.zeuthen.desy.de
	CondorScratchDir = "/batch/dir_1542403"
	Cpus = 1
	Disk = 1025024
	GPUs = 0
	Memory = 5120
...
006 (16309093.006.000) 2026-02-18 10:42:16 Image size of job updated: 101336
	99  -  MemoryUsage of job (MB)
	101336  -  ResidentSetSize of job (KB)
...
006 (16309093.006.000) 2026-02-18 10:47:16 Image size of job updated: 671432
	565  -  MemoryUsage of job (MB)
	577944  -  ResidentSetSize of job (KB)
...
006 (16309093.006.000) 2026-02-18 10:57:17 Image size of job updated: 671432
	565  -  MemoryUsage of job (MB)
	578140  -  ResidentSetSize of job (KB)
...
006 (16309093.006.000) 2026-02-18 11:02:17 Image size of job updated: 671432
	567  -  MemoryUsage of job (MB)
	580368  -  ResidentSetSize of job (KB)
...
006 (16309093.006.000) 2026-02-18 11:07:18 Image size of job updated: 671432
	568  -  MemoryUsage of job (MB)
	581212  -  ResidentSetSize of job (KB)
...
006 (16309093.006.000) 2026-02-18 11:12:18 Image size of job updated: 671432
	573  -  MemoryUsage of job (MB)
	585944  -  ResidentSetSize of job (KB)
...
006 (16309093.006.000) 2026-02-18 11:17:18 Image size of job updated: 671432
	574  -  MemoryUsage of job (MB)
	587340  -  ResidentSetSize of job (KB)
...
006 (16309093.006.000) 2026-02-18 11:32:20 Image size of job updated: 671432
	578  -  MemoryUsage of job (MB)
	591092  -  ResidentSetSize of job (KB)
...
006 (16309093.006.000) 2026-02-18 11:37:21 Image size of job updated: 671432
	578  -  MemoryUsage of job (MB)
	591516  -  ResidentSetSize of job (KB)
...
006 (16309093.006.000) 2026-02-18 11:42:22 Image size of job updated: 671432
	579  -  MemoryUsage of job (MB)
	591980  -  ResidentSetSize of job (KB)
...
006 (16309093.006.000) 2026-02-18 11:47:22 Image size of job updated: 671432
	580  -  MemoryUsage of job (MB)
	593164  -  ResidentSetSize of job (KB)
...
006 (16309093.006.000) 2026-02-18 11:52:23 Image size of job updated: 671432
	583  -  MemoryUsage of job (MB)
	596312  -  ResidentSetSize of job (KB)
...
006 (16309093.006.000) 2026-02-18 11:57:24 Image size of job updated: 671432
	585  -  MemoryUsage of job (MB)
	598148  -  ResidentSetSize of job (KB)
...
006 (16309093.006.000) 2026-02-18 12:02:24 Image size of job updated: 671432
	589  -  MemoryUsage of job (MB)
	602392  -  ResidentSetSize of job (KB)
...
006 (16309093.006.000) 2026-02-18 12:07:25 Image size of job updated: 671432
	589  -  MemoryUsage of job (MB)
	603048  -  ResidentSetSize of job (KB)
...
006 (16309093.006.000) 2026-02-18 13:37:34 Image size of job updated: 671432
	592  -  MemoryUsage of job (MB)
	605404  -  ResidentSetSize of job (KB)
...
006 (16309093.006.000) 2026-02-18 13:42:34 Image size of job updated: 671432
	592  -  MemoryUsage of job (MB)
	605464  -  ResidentSetSize of job (KB)
...
006 (16309093.006.000) 2026-02-18 13:52:35 Image size of job updated: 671432
	594  -  MemoryUsage of job (MB)
	608168  -  ResidentSetSize of job (KB)
...
006 (16309093.006.000) 2026-02-18 13:57:35 Image size of job updated: 671432
	594  -  MemoryUsage of job (MB)
	608248  -  ResidentSetSize of job (KB)
...
006 (16309093.006.000) 2026-02-18 16:02:47 Image size of job updated: 671432
	601  -  MemoryUsage of job (MB)
	614504  -  ResidentSetSize of job (KB)
...
006 (16309093.006.000) 2026-02-18 16:07:48 Image size of job updated: 671432
	601  -  MemoryUsage of job (MB)
	614672  -  ResidentSetSize of job (KB)
...
006 (16309093.006.000) 2026-02-18 18:38:01 Image size of job updated: 671432
	601  -  MemoryUsage of job (MB)
	614776  -  ResidentSetSize of job (KB)
...
006 (16309093.006.000) 2026-02-18 18:43:02 Image size of job updated: 671432
	601  -  MemoryUsage of job (MB)
	614812  -  ResidentSetSize of job (KB)
...
006 (16309093.006.000) 2026-02-18 20:03:10 Image size of job updated: 671432
	602  -  MemoryUsage of job (MB)
	615448  -  ResidentSetSize of job (KB)
...
006 (16309093.006.000) 2026-02-18 20:08:10 Image size of job updated: 671432
	603  -  MemoryUsage of job (MB)
	617444  -  ResidentSetSize of job (KB)
...
006 (16309093.006.000) 2026-02-18 20:13:11 Image size of job updated: 671432
	604  -  MemoryUsage of job (MB)
	617516  -  ResidentSetSize of job (KB)
...
006 (16309093.006.000) 2026-02-18 23:13:29 Image size of job updated: 671432
	604  -  MemoryUsage of job (MB)
	617940  -  ResidentSetSize of job (KB)
...
006 (16309093.006.000) 2026-02-18 23:18:29 Image size of job updated: 671432
	604  -  MemoryUsage of job (MB)
	618116  -  ResidentSetSize of job (KB)
...
006 (16309093.006.000) 2026-02-19 02:13:46 Image size of job updated: 671432
	604  -  MemoryUsage of job (MB)
	618120  -  ResidentSetSize of job (KB)
...
006 (16309093.006.000) 2026-02-19 04:54:03 Image size of job updated: 671432
	604  -  MemoryUsage of job (MB)
	618192  -  ResidentSetSize of job (KB)
...
006 (16309093.006.000) 2026-02-19 05:59:08 Image size of job updated: 671432
	605  -  MemoryUsage of job (MB)
	619148  -  ResidentSetSize of job (KB)
...
006 (16309093.006.000) 2026-02-19 06:04:08 Image size of job updated: 671432
	605  -  MemoryUsage of job (MB)
	619232  -  ResidentSetSize of job (KB)
...
006 (16309093.006.000) 2026-02-19 06:14:10 Image size of job updated: 671432
	605  -  MemoryUsage of job (MB)
	619276  -  ResidentSetSize of job (KB)
...
006 (16309093.006.000) 2026-02-19 11:29:43 Image size of job updated: 671432
	606  -  MemoryUsage of job (MB)
	619892  -  ResidentSetSize of job (KB)
...
006 (16309093.006.000) 2026-02-19 11:34:43 Image size of job updated: 671432
	606  -  MemoryUsage of job (MB)
	619972  -  ResidentSetSize of job (KB)
...
006 (16309093.006.000) 2026-02-19 11:39:44 Image size of job updated: 671432
	606  -  MemoryUsage of job (MB)
	620028  -  ResidentSetSize of job (KB)
...
006 (16309093.006.000) 2026-02-19 11:44:45 Image size of job updated: 671432
	606  -  MemoryUsage of job (MB)
	620140  -  ResidentSetSize of job (KB)
...
006 (16309093.006.000) 2026-02-19 15:45:08 Image size of job updated: 671432
	607  -  MemoryUsage of job (MB)
	621568  -  ResidentSetSize of job (KB)
...
006 (16309093.006.000) 2026-02-19 15:50:09 Image size of job updated: 671432
	608  -  MemoryUsage of job (MB)
	621724  -  ResidentSetSize of job (KB)
...
006 (16309093.006.000) 2026-02-19 15:55:10 Image size of job updated: 671432
	608  -  MemoryUsage of job (MB)
	621740  -  ResidentSetSize of job (KB)
...
006 (16309093.006.000) 2026-02-19 16:05:10 Image size of job updated: 671432
	608  -  MemoryUsage of job (MB)
	622032  -  ResidentSetSize of job (KB)
...
006 (16309093.006.000) 2026-02-19 16:10:11 Image size of job updated: 671432
	608  -  MemoryUsage of job (MB)
	622104  -  ResidentSetSize of job (KB)
...
006 (16309093.006.000) 2026-02-19 16:15:11 Image size of job updated: 671432
	608  -  MemoryUsage of job (MB)
	622496  -  ResidentSetSize of job (KB)
...
006 (16309093.006.000) 2026-02-19 16:20:11 Image size of job updated: 671432
	609  -  MemoryUsage of job (MB)
	622788  -  ResidentSetSize of job (KB)
...
006 (16309093.006.000) 2026-02-19 20:15:33 Image size of job updated: 671432
	610  -  MemoryUsage of job (MB)
	624004  -  ResidentSetSize of job (KB)
...
006 (16309093.006.000) 2026-02-19 20:20:33 Image size of job updated: 671432
	610  -  MemoryUsage of job (MB)
	624408  -  ResidentSetSize of job (KB)
...
006 (16309093.006.000) 2026-02-20 03:16:15 Image size of job updated: 671432
	623  -  MemoryUsage of job (MB)
	637272  -  ResidentSetSize of job (KB)
...
006 (16309093.006.000) 2026-02-20 03:31:16 Image size of job updated: 671432
	624  -  MemoryUsage of job (MB)
	638836  -  ResidentSetSize of job (KB)
...
022 (16309093.006.000) 2026-02-20 03:44:36 Job disconnected, attempting to reconnect
    Local schedd and job shadow died, schedd now running again
    Trying to reconnect to slot1_8@bladej4.zeuthen.desy.de <141.34.15.35:9618?addrs=141.34.15.35-9618+[2001-638-700-f00f--1-23]-9618&alias=bladej4.zeuthen.desy.de&noUDP&sock=startd_10257_06ff>
...
023 (16309093.006.000) 2026-02-20 03:44:42 Job reconnected to slot1_8@bladej4.zeuthen.desy.de
    startd address: <141.34.15.35:9618?addrs=141.34.15.35-9618+[2001-638-700-f00f--1-23]-9618&alias=bladej4.zeuthen.desy.de&noUDP&sock=startd_10257_06ff>
    starter address: <141.34.15.35:9618?addrs=141.34.15.35-9618+[2001-638-700-f00f--1-23]-9618&alias=bladej4.zeuthen.desy.de&noUDP&sock=slot1_8_11128_6ebe_4957>
...
021 (16309093.006.000) 2026-02-20 10:42:06 Error from starter on slot1_8@bladej4.zeuthen.desy.de:
	runtime exceeded maximum (target.Runtime seconds)
	Code 21 Subcode 103
...
004 (16309093.006.000) 2026-02-20 10:42:06 Job was evicted.
	(0) CPU times
		Usr 1 23:48:33, Sys 0 00:00:39  -  Run Remote Usage
		Usr 0 00:00:00, Sys 0 00:00:00  -  Run Local Usage
	0  -  Run Bytes Sent By Job
	0  -  Run Bytes Received By Job
	Error from slot1_8@bladej4.zeuthen.desy.de: runtime exceeded maximum (target.Runtime seconds)
	Partitionable Resources :         Usage  Request Allocated 
	   Cpus                 :          1.00        1         1 
	   Disk (KB)            :          1     1024000   1025024 
	   Memory (MB)          :        733        5120      5120 
	   TimeSlotBusy (s)     : 1771580526                       
...
012 (16309093.006.000) 2026-02-20 10:42:06 Job was held.
	Error from slot1_8@bladej4.zeuthen.desy.de: runtime exceeded maximum (target.Runtime seconds)
	Code 21 Subcode 103
...
009 (16309093.006.000) 2026-02-23 19:28:58 Job was aborted.
	via condor_rm (by user tuccia)
...
000 (16619873.006.000) 2026-02-23 19:31:48 Job submitted from host: <141.34.103.35:9618?addrs=141.34.103.35-9618+[2001-638-700-f067--1-23]-9618&alias=wgs39.zeuthen.desy.de&noUDP&sock=schedd_7302_24a3>
...
001 (16619873.006.000) 2026-02-23 19:31:50 Job executing on host: <141.34.15.66:9618?addrs=141.34.15.66-9618+[2001-638-700-f00f--1-42]-9618&alias=bladej9.zeuthen.desy.de&noUDP&sock=startd_12758_815c>
	SlotName: slot1_1@bladej9.zeuthen.desy.de
	CondorScratchDir = "/batch/dir_1137486"
	Cpus = 1
	Disk = 1025024
	GPUs = 0
	Memory = 5120
...
006 (16619873.006.000) 2026-02-23 19:32:03 Image size of job updated: 101276
	99  -  MemoryUsage of job (MB)
	101276  -  ResidentSetSize of job (KB)
...
006 (16619873.006.000) 2026-02-23 19:37:03 Image size of job updated: 704252
	565  -  MemoryUsage of job (MB)
	577796  -  ResidentSetSize of job (KB)
...
006 (16619873.006.000) 2026-02-23 19:57:05 Image size of job updated: 704252
	568  -  MemoryUsage of job (MB)
	581060  -  ResidentSetSize of job (KB)
...
006 (16619873.006.000) 2026-02-23 20:07:05 Image size of job updated: 704252
	572  -  MemoryUsage of job (MB)
	585516  -  ResidentSetSize of job (KB)
...
006 (16619873.006.000) 2026-02-23 20:12:06 Image size of job updated: 704252
	573  -  MemoryUsage of job (MB)
	586012  -  ResidentSetSize of job (KB)
...
006 (16619873.006.000) 2026-02-23 20:17:07 Image size of job updated: 704252
	582  -  MemoryUsage of job (MB)
	595008  -  ResidentSetSize of job (KB)
...
006 (16619873.006.000) 2026-02-23 20:22:07 Image size of job updated: 704252
	582  -  MemoryUsage of job (MB)
	595324  -  ResidentSetSize of job (KB)
...
006 (16619873.006.000) 2026-02-23 20:27:08 Image size of job updated: 704252
	583  -  MemoryUsage of job (MB)
	596028  -  ResidentSetSize of job (KB)
...
006 (16619873.006.000) 2026-02-23 20:32:09 Image size of job updated: 704252
	583  -  MemoryUsage of job (MB)
	596240  -  ResidentSetSize of job (KB)
...
006 (16619873.006.000) 2026-02-23 20:37:09 Image size of job updated: 704252
	585  -  MemoryUsage of job (MB)
	598640  -  ResidentSetSize of job (KB)
...
006 (16619873.006.000) 2026-02-23 20:42:10 Image size of job updated: 704252
	585  -  MemoryUsage of job (MB)
	598980  -  ResidentSetSize of job (KB)
...
006 (16619873.006.000) 2026-02-23 20:47:11 Image size of job updated: 704252
	586  -  MemoryUsage of job (MB)
	599088  -  ResidentSetSize of job (KB)
...
006 (16619873.006.000) 2026-02-23 22:22:20 Image size of job updated: 704252
	589  -  MemoryUsage of job (MB)
	603012  -  ResidentSetSize of job (KB)
...
006 (16619873.006.000) 2026-02-23 22:27:20 Image size of job updated: 704252
	590  -  MemoryUsage of job (MB)
	603636  -  ResidentSetSize of job (KB)
...
006 (16619873.006.000) 2026-02-23 22:32:21 Image size of job updated: 704252
	590  -  MemoryUsage of job (MB)
	603640  -  ResidentSetSize of job (KB)
...
006 (16619873.006.000) 2026-02-24 00:02:30 Image size of job updated: 704252
	592  -  MemoryUsage of job (MB)
	605396  -  ResidentSetSize of job (KB)
...
006 (16619873.006.000) 2026-02-24 00:07:31 Image size of job updated: 704252
	592  -  MemoryUsage of job (MB)
	605772  -  ResidentSetSize of job (KB)
...
006 (16619873.006.000) 2026-02-24 00:12:32 Image size of job updated: 704252
	593  -  MemoryUsage of job (MB)
	606504  -  ResidentSetSize of job (KB)
...
006 (16619873.006.000) 2026-02-24 00:17:32 Image size of job updated: 704252
	593  -  MemoryUsage of job (MB)
	606512  -  ResidentSetSize of job (KB)
...
006 (16619873.006.000) 2026-02-24 01:32:38 Image size of job updated: 704252
	593  -  MemoryUsage of job (MB)
	607120  -  ResidentSetSize of job (KB)
...
006 (16619873.006.000) 2026-02-24 01:37:38 Image size of job updated: 704252
	594  -  MemoryUsage of job (MB)
	607312  -  ResidentSetSize of job (KB)
...
006 (16619873.006.000) 2026-02-24 02:22:43 Image size of job updated: 704252
	594  -  MemoryUsage of job (MB)
	607880  -  ResidentSetSize of job (KB)
...
006 (16619873.006.000) 2026-02-24 02:27:44 Image size of job updated: 704252
	594  -  MemoryUsage of job (MB)
	608080  -  ResidentSetSize of job (KB)
...
006 (16619873.006.000) 2026-02-24 03:37:51 Image size of job updated: 704252
	595  -  MemoryUsage of job (MB)
	609128  -  ResidentSetSize of job (KB)
...
006 (16619873.006.000) 2026-02-24 03:42:51 Image size of job updated: 704252
	596  -  MemoryUsage of job (MB)
	609864  -  ResidentSetSize of job (KB)
...
006 (16619873.006.000) 2026-02-24 03:47:52 Image size of job updated: 704252
	596  -  MemoryUsage of job (MB)
	610084  -  ResidentSetSize of job (KB)
...
006 (16619873.006.000) 2026-02-24 03:52:53 Image size of job updated: 704252
	599  -  MemoryUsage of job (MB)
	612552  -  ResidentSetSize of job (KB)
...
006 (16619873.006.000) 2026-02-24 03:57:53 Image size of job updated: 704252
	600  -  MemoryUsage of job (MB)
	613868  -  ResidentSetSize of job (KB)
...
006 (16619873.006.000) 2026-02-24 04:02:54 Image size of job updated: 704252
	600  -  MemoryUsage of job (MB)
	614020  -  ResidentSetSize of job (KB)
...
006 (16619873.006.000) 2026-02-24 06:13:09 Image size of job updated: 704252
	600  -  MemoryUsage of job (MB)
	614176  -  ResidentSetSize of job (KB)
...
022 (16619873.006.000) 2026-02-24 08:04:13 Job disconnected, attempting to reconnect
    Local schedd and job shadow died, schedd now running again
    Trying to reconnect to slot1_1@bladej9.zeuthen.desy.de <141.34.15.66:9618?addrs=141.34.15.66-9618+[2001-638-700-f00f--1-42]-9618&alias=bladej9.zeuthen.desy.de&noUDP&sock=startd_12758_815c>
...
023 (16619873.006.000) 2026-02-24 08:04:22 Job reconnected to slot1_1@bladej9.zeuthen.desy.de
    startd address: <141.34.15.66:9618?addrs=141.34.15.66-9618+[2001-638-700-f00f--1-42]-9618&alias=bladej9.zeuthen.desy.de&noUDP&sock=startd_12758_815c>
    starter address: <141.34.15.66:9618?addrs=141.34.15.66-9618+[2001-638-700-f00f--1-42]-9618&alias=bladej9.zeuthen.desy.de&noUDP&sock=slot1_1_13699_ef46_20834>
...
021 (16619873.006.000) 2026-02-28 19:31:55 Error from starter on slot1_1@bladej9.zeuthen.desy.de:
	runtime exceeded maximum (target.Runtime seconds)
	Code 21 Subcode 103
...
004 (16619873.006.000) 2026-02-28 19:31:55 Job was evicted.
	(0) CPU times
		Usr 4 23:26:18, Sys 0 00:03:13  -  Run Remote Usage
		Usr 0 00:00:00, Sys 0 00:00:00  -  Run Local Usage
	0  -  Run Bytes Sent By Job
	0  -  Run Bytes Received By Job
	Error from slot1_1@bladej9.zeuthen.desy.de: runtime exceeded maximum (target.Runtime seconds)
	Partitionable Resources :         Usage  Request Allocated 
	   Cpus                 :          1.00        1         1 
	   Disk (KB)            :          1     1024000   1025024 
	   Memory (MB)          :        733        5120      5120 
	   TimeSlotBusy (s)     : 1772303515                       
...
012 (16619873.006.000) 2026-02-28 19:31:55 Job was held.
	Error from slot1_1@bladej9.zeuthen.desy.de: runtime exceeded maximum (target.Runtime seconds)
	Code 21 Subcode 103
...
009 (16619873.006.000) 2026-03-03 17:07:01 Job was aborted.
	via condor_rm (by user tuccia)
...
