000 (15756408.1182.000) 2026-02-06 11:27:00 Job submitted from host: <141.34.103.35:9618?addrs=141.34.103.35-9618+[2001-638-700-f067--1-23]-9618&alias=wgs39.zeuthen.desy.de&noUDP&sock=schedd_7414_f73f>
...
009 (15756408.1182.000) 2026-02-10 11:47:44 Job was aborted.
	via condor_rm (by user tuccia)
...
000 (15951004.788.000) 2026-02-10 16:30:09 Job submitted from host: <141.34.103.35:9618?addrs=141.34.103.35-9618+[2001-638-700-f067--1-23]-9618&alias=wgs39.zeuthen.desy.de&noUDP&sock=schedd_7302_24a3>
...
001 (15951004.788.000) 2026-02-11 04:11:14 Job executing on host: <141.34.15.49:9618?addrs=141.34.15.49-9618+[2001-638-700-f00f--1-31]-9618&alias=pizza20.zeuthen.desy.de&noUDP&sock=startd_9146_f947>
	SlotName: slot1_32@pizza20.zeuthen.desy.de
	CondorScratchDir = "/batch/dir_2730733"
	Cpus = 1
	Disk = 1025696
	GPUs = 0
	Memory = 5120
...
006 (15951004.788.000) 2026-02-11 04:11:28 Image size of job updated: 103396
	101  -  MemoryUsage of job (MB)
	103396  -  ResidentSetSize of job (KB)
...
006 (15951004.788.000) 2026-02-11 04:16:29 Image size of job updated: 610256
	430  -  MemoryUsage of job (MB)
	439836  -  ResidentSetSize of job (KB)
...
006 (15951004.788.000) 2026-02-11 04:21:29 Image size of job updated: 610256
	468  -  MemoryUsage of job (MB)
	478640  -  ResidentSetSize of job (KB)
...
006 (15951004.788.000) 2026-02-11 04:26:30 Image size of job updated: 610256
	468  -  MemoryUsage of job (MB)
	478844  -  ResidentSetSize of job (KB)
...
006 (15951004.788.000) 2026-02-11 04:31:31 Image size of job updated: 610256
	470  -  MemoryUsage of job (MB)
	481008  -  ResidentSetSize of job (KB)
...
006 (15951004.788.000) 2026-02-11 04:41:32 Image size of job updated: 610256
	470  -  MemoryUsage of job (MB)
	481016  -  ResidentSetSize of job (KB)
...
006 (15951004.788.000) 2026-02-11 04:56:34 Image size of job updated: 610256
	470  -  MemoryUsage of job (MB)
	481036  -  ResidentSetSize of job (KB)
...
006 (15951004.788.000) 2026-02-11 05:06:35 Image size of job updated: 610256
	473  -  MemoryUsage of job (MB)
	483384  -  ResidentSetSize of job (KB)
...
006 (15951004.788.000) 2026-02-11 05:16:37 Image size of job updated: 610256
	473  -  MemoryUsage of job (MB)
	483448  -  ResidentSetSize of job (KB)
...
006 (15951004.788.000) 2026-02-11 05:46:41 Image size of job updated: 610256
	473  -  MemoryUsage of job (MB)
	483472  -  ResidentSetSize of job (KB)
...
006 (15951004.788.000) 2026-02-11 05:56:42 Image size of job updated: 610256
	473  -  MemoryUsage of job (MB)
	483552  -  ResidentSetSize of job (KB)
...
006 (15951004.788.000) 2026-02-11 06:11:44 Image size of job updated: 610256
	473  -  MemoryUsage of job (MB)
	483632  -  ResidentSetSize of job (KB)
...
006 (15951004.788.000) 2026-02-11 06:21:45 Image size of job updated: 610256
	473  -  MemoryUsage of job (MB)
	483712  -  ResidentSetSize of job (KB)
...
006 (15951004.788.000) 2026-02-11 06:36:47 Image size of job updated: 610256
	473  -  MemoryUsage of job (MB)
	483792  -  ResidentSetSize of job (KB)
...
