000 (15756407.1165.000) 2026-02-06 11:26:13 Job submitted from host: <141.34.103.35:9618?addrs=141.34.103.35-9618+[2001-638-700-f067--1-23]-9618&alias=wgs39.zeuthen.desy.de&noUDP&sock=schedd_7414_f73f>
...
009 (15756407.1165.000) 2026-02-10 11:42:44 Job was aborted.
	via condor_rm (by user tuccia)
...
000 (15949294.777.000) 2026-02-10 11:45:21 Job submitted from host: <141.34.103.35:9618?addrs=141.34.103.35-9618+[2001-638-700-f067--1-23]-9618&alias=wgs39.zeuthen.desy.de&noUDP&sock=schedd_7302_24a3>
...
009 (15949294.777.000) 2026-02-10 11:45:47 Job was aborted.
	via condor_rm (by user tuccia)
...
000 (15949295.777.000) 2026-02-10 11:46:05 Job submitted from host: <141.34.103.35:9618?addrs=141.34.103.35-9618+[2001-638-700-f067--1-23]-9618&alias=wgs39.zeuthen.desy.de&noUDP&sock=schedd_7302_24a3>
...
000 (15950983.355.000) 2026-02-10 16:27:57 Job submitted from host: <141.34.103.35:9618?addrs=141.34.103.35-9618+[2001-638-700-f067--1-23]-9618&alias=wgs39.zeuthen.desy.de&noUDP&sock=schedd_7302_24a3>
...
001 (15950983.355.000) 2026-02-10 17:35:40 Job executing on host: <141.34.15.179:9618?addrs=141.34.15.179-9618+[2001-638-700-f00f--1-b3]-9618&alias=genoa04.zeuthen.desy.de&noUDP&sock=startd_11819_6dee>
	SlotName: slot1_59@genoa04.zeuthen.desy.de
	CondorScratchDir = "/batch/dir_558994"
	Cpus = 1
	Disk = 1025697
	GPUs = 0
	Memory = 5120
...
006 (15950983.355.000) 2026-02-10 17:35:53 Image size of job updated: 101392
	100  -  MemoryUsage of job (MB)
	101392  -  ResidentSetSize of job (KB)
...
006 (15950983.355.000) 2026-02-10 17:40:53 Image size of job updated: 774296
	680  -  MemoryUsage of job (MB)
	695584  -  ResidentSetSize of job (KB)
...
006 (15950983.355.000) 2026-02-10 17:45:54 Image size of job updated: 774296
	681  -  MemoryUsage of job (MB)
	696568  -  ResidentSetSize of job (KB)
...
006 (15950983.355.000) 2026-02-10 18:00:55 Image size of job updated: 774296
	682  -  MemoryUsage of job (MB)
	697920  -  ResidentSetSize of job (KB)
...
006 (15950983.355.000) 2026-02-10 18:05:56 Image size of job updated: 774296
	682  -  MemoryUsage of job (MB)
	697932  -  ResidentSetSize of job (KB)
...
006 (15950983.355.000) 2026-02-10 18:25:58 Image size of job updated: 774296
	683  -  MemoryUsage of job (MB)
	698776  -  ResidentSetSize of job (KB)
...
006 (15950983.355.000) 2026-02-10 18:30:58 Image size of job updated: 774296
	683  -  MemoryUsage of job (MB)
	698780  -  ResidentSetSize of job (KB)
...
006 (15950983.355.000) 2026-02-10 18:40:59 Image size of job updated: 774296
	685  -  MemoryUsage of job (MB)
	701132  -  ResidentSetSize of job (KB)
...
006 (15950983.355.000) 2026-02-10 19:16:03 Image size of job updated: 774296
	686  -  MemoryUsage of job (MB)
	701452  -  ResidentSetSize of job (KB)
...
006 (15950983.355.000) 2026-02-10 19:21:03 Image size of job updated: 774296
	687  -  MemoryUsage of job (MB)
	702868  -  ResidentSetSize of job (KB)
...
006 (15950983.355.000) 2026-02-10 19:26:04 Image size of job updated: 774296
	687  -  MemoryUsage of job (MB)
	703160  -  ResidentSetSize of job (KB)
...
006 (15950983.355.000) 2026-02-10 19:31:05 Image size of job updated: 774296
	688  -  MemoryUsage of job (MB)
	704460  -  ResidentSetSize of job (KB)
...
006 (15950983.355.000) 2026-02-10 19:36:05 Image size of job updated: 774296
	691  -  MemoryUsage of job (MB)
	706636  -  ResidentSetSize of job (KB)
...
006 (15950983.355.000) 2026-02-10 19:41:06 Image size of job updated: 774296
	692  -  MemoryUsage of job (MB)
	708196  -  ResidentSetSize of job (KB)
...
006 (15950983.355.000) 2026-02-10 19:56:07 Image size of job updated: 774296
	692  -  MemoryUsage of job (MB)
	708208  -  ResidentSetSize of job (KB)
...
006 (15950983.355.000) 2026-02-10 20:01:07 Image size of job updated: 774296
	693  -  MemoryUsage of job (MB)
	708660  -  ResidentSetSize of job (KB)
...
006 (15950983.355.000) 2026-02-10 20:06:08 Image size of job updated: 774296
	693  -  MemoryUsage of job (MB)
	709396  -  ResidentSetSize of job (KB)
...
006 (15950983.355.000) 2026-02-10 20:11:08 Image size of job updated: 774296
	695  -  MemoryUsage of job (MB)
	710856  -  ResidentSetSize of job (KB)
...
006 (15950983.355.000) 2026-02-10 20:16:09 Image size of job updated: 774296
	700  -  MemoryUsage of job (MB)
	716404  -  ResidentSetSize of job (KB)
...
006 (15950983.355.000) 2026-02-10 21:46:18 Image size of job updated: 774296
	705  -  MemoryUsage of job (MB)
	721216  -  ResidentSetSize of job (KB)
...
006 (15950983.355.000) 2026-02-10 21:51:19 Image size of job updated: 774296
	706  -  MemoryUsage of job (MB)
	722076  -  ResidentSetSize of job (KB)
...
006 (15950983.355.000) 2026-02-10 21:56:19 Image size of job updated: 774296
	706  -  MemoryUsage of job (MB)
	722904  -  ResidentSetSize of job (KB)
...
006 (15950983.355.000) 2026-02-10 22:01:19 Image size of job updated: 774296
	707  -  MemoryUsage of job (MB)
	723800  -  ResidentSetSize of job (KB)
...
006 (15950983.355.000) 2026-02-10 22:06:20 Image size of job updated: 774296
	708  -  MemoryUsage of job (MB)
	724324  -  ResidentSetSize of job (KB)
...
006 (15950983.355.000) 2026-02-10 22:11:20 Image size of job updated: 774296
	708  -  MemoryUsage of job (MB)
	724752  -  ResidentSetSize of job (KB)
...
006 (15950983.355.000) 2026-02-10 22:16:21 Image size of job updated: 774296
	709  -  MemoryUsage of job (MB)
	725716  -  ResidentSetSize of job (KB)
...
006 (15950983.355.000) 2026-02-10 22:21:22 Image size of job updated: 774296
	710  -  MemoryUsage of job (MB)
	726512  -  ResidentSetSize of job (KB)
...
006 (15950983.355.000) 2026-02-10 22:26:22 Image size of job updated: 774296
	711  -  MemoryUsage of job (MB)
	727268  -  ResidentSetSize of job (KB)
...
006 (15950983.355.000) 2026-02-10 22:31:23 Image size of job updated: 774296
	713  -  MemoryUsage of job (MB)
	729876  -  ResidentSetSize of job (KB)
...
006 (15950983.355.000) 2026-02-10 22:36:23 Image size of job updated: 774296
	714  -  MemoryUsage of job (MB)
	730516  -  ResidentSetSize of job (KB)
...
006 (15950983.355.000) 2026-02-10 22:41:23 Image size of job updated: 774296
	715  -  MemoryUsage of job (MB)
	731144  -  ResidentSetSize of job (KB)
...
006 (15950983.355.000) 2026-02-10 22:46:24 Image size of job updated: 774296
	715  -  MemoryUsage of job (MB)
	731764  -  ResidentSetSize of job (KB)
...
006 (15950983.355.000) 2026-02-10 22:51:24 Image size of job updated: 774296
	716  -  MemoryUsage of job (MB)
	732388  -  ResidentSetSize of job (KB)
...
006 (15950983.355.000) 2026-02-10 22:56:25 Image size of job updated: 774296
	716  -  MemoryUsage of job (MB)
	733036  -  ResidentSetSize of job (KB)
...
006 (15950983.355.000) 2026-02-11 15:33:07 Image size of job updated: 774296
	718  -  MemoryUsage of job (MB)
	734236  -  ResidentSetSize of job (KB)
...
006 (15950983.355.000) 2026-02-11 15:38:07 Image size of job updated: 774296
	718  -  MemoryUsage of job (MB)
	734548  -  ResidentSetSize of job (KB)
...
006 (15950983.355.000) 2026-02-11 15:43:08 Image size of job updated: 774296
	718  -  MemoryUsage of job (MB)
	734800  -  ResidentSetSize of job (KB)
...
006 (15950983.355.000) 2026-02-11 15:48:08 Image size of job updated: 774296
	718  -  MemoryUsage of job (MB)
	735088  -  ResidentSetSize of job (KB)
...
006 (15950983.355.000) 2026-02-11 15:53:09 Image size of job updated: 774296
	719  -  MemoryUsage of job (MB)
	735392  -  ResidentSetSize of job (KB)
...
006 (15950983.355.000) 2026-02-11 15:58:09 Image size of job updated: 774296
	719  -  MemoryUsage of job (MB)
	735692  -  ResidentSetSize of job (KB)
...
006 (15950983.355.000) 2026-02-11 16:03:10 Image size of job updated: 774296
	719  -  MemoryUsage of job (MB)
	735968  -  ResidentSetSize of job (KB)
...
006 (15950983.355.000) 2026-02-11 16:08:10 Image size of job updated: 774296
	720  -  MemoryUsage of job (MB)
	736272  -  ResidentSetSize of job (KB)
...
006 (15950983.355.000) 2026-02-11 16:13:11 Image size of job updated: 774296
	720  -  MemoryUsage of job (MB)
	736584  -  ResidentSetSize of job (KB)
...
006 (15950983.355.000) 2026-02-11 16:18:11 Image size of job updated: 774296
	720  -  MemoryUsage of job (MB)
	736884  -  ResidentSetSize of job (KB)
...
006 (15950983.355.000) 2026-02-11 16:23:12 Image size of job updated: 774296
	720  -  MemoryUsage of job (MB)
	737172  -  ResidentSetSize of job (KB)
...
006 (15950983.355.000) 2026-02-11 16:28:12 Image size of job updated: 774296
	721  -  MemoryUsage of job (MB)
	737872  -  ResidentSetSize of job (KB)
...
006 (15950983.355.000) 2026-02-11 17:53:21 Image size of job updated: 774296
	721  -  MemoryUsage of job (MB)
	738000  -  ResidentSetSize of job (KB)
...
006 (15950983.355.000) 2026-02-11 18:28:24 Image size of job updated: 774296
	721  -  MemoryUsage of job (MB)
	738288  -  ResidentSetSize of job (KB)
...
006 (15950983.355.000) 2026-02-11 19:03:28 Image size of job updated: 774296
	722  -  MemoryUsage of job (MB)
	738332  -  ResidentSetSize of job (KB)
...
006 (15950983.355.000) 2026-02-11 19:38:31 Image size of job updated: 774296
	722  -  MemoryUsage of job (MB)
	738376  -  ResidentSetSize of job (KB)
...
006 (15950983.355.000) 2026-02-11 20:48:38 Image size of job updated: 774296
	722  -  MemoryUsage of job (MB)
	738536  -  ResidentSetSize of job (KB)
...
006 (15950983.355.000) 2026-02-11 21:28:42 Image size of job updated: 774296
	722  -  MemoryUsage of job (MB)
	738892  -  ResidentSetSize of job (KB)
...
006 (15950983.355.000) 2026-02-11 23:58:56 Image size of job updated: 774296
	722  -  MemoryUsage of job (MB)
	739068  -  ResidentSetSize of job (KB)
...
006 (15950983.355.000) 2026-02-12 00:39:01 Image size of job updated: 774296
	722  -  MemoryUsage of job (MB)
	739108  -  ResidentSetSize of job (KB)
...
006 (15950983.355.000) 2026-02-12 01:19:05 Image size of job updated: 774296
	722  -  MemoryUsage of job (MB)
	739140  -  ResidentSetSize of job (KB)
...
006 (15950983.355.000) 2026-02-12 02:29:11 Image size of job updated: 774296
	722  -  MemoryUsage of job (MB)
	739272  -  ResidentSetSize of job (KB)
...
006 (15950983.355.000) 2026-02-12 03:04:15 Image size of job updated: 774296
	723  -  MemoryUsage of job (MB)
	739612  -  ResidentSetSize of job (KB)
...
006 (15950983.355.000) 2026-02-12 04:29:24 Image size of job updated: 774296
	723  -  MemoryUsage of job (MB)
	739644  -  ResidentSetSize of job (KB)
...
006 (15950983.355.000) 2026-02-12 05:09:28 Image size of job updated: 774296
	723  -  MemoryUsage of job (MB)
	739840  -  ResidentSetSize of job (KB)
...
006 (15950983.355.000) 2026-02-12 05:49:32 Image size of job updated: 774296
	723  -  MemoryUsage of job (MB)
	739872  -  ResidentSetSize of job (KB)
...
006 (15950983.355.000) 2026-02-12 09:24:55 Image size of job updated: 774296
	723  -  MemoryUsage of job (MB)
	740204  -  ResidentSetSize of job (KB)
...
006 (15950983.355.000) 2026-02-12 12:10:11 Image size of job updated: 774296
	724  -  MemoryUsage of job (MB)
	740412  -  ResidentSetSize of job (KB)
...
006 (15950983.355.000) 2026-02-12 12:55:15 Image size of job updated: 774296
	724  -  MemoryUsage of job (MB)
	740704  -  ResidentSetSize of job (KB)
...
006 (15950983.355.000) 2026-02-12 15:00:27 Image size of job updated: 774296
	724  -  MemoryUsage of job (MB)
	740848  -  ResidentSetSize of job (KB)
...
006 (15950983.355.000) 2026-02-12 15:40:31 Image size of job updated: 774296
	724  -  MemoryUsage of job (MB)
	740932  -  ResidentSetSize of job (KB)
...
006 (15950983.355.000) 2026-02-12 16:25:37 Image size of job updated: 774296
	724  -  MemoryUsage of job (MB)
	741012  -  ResidentSetSize of job (KB)
...
006 (15950983.355.000) 2026-02-12 17:05:41 Image size of job updated: 774296
	724  -  MemoryUsage of job (MB)
	741096  -  ResidentSetSize of job (KB)
...
021 (15950983.355.000) 2026-02-12 17:35:41 Error from starter on slot1_59@genoa04.zeuthen.desy.de:
	runtime exceeded maximum (target.Runtime seconds)
	Code 21 Subcode 103
...
004 (15950983.355.000) 2026-02-12 17:35:41 Job was evicted.
	(0) CPU times
		Usr 1 23:20:17, Sys 0 00:00:31  -  Run Remote Usage
		Usr 0 00:00:00, Sys 0 00:00:00  -  Run Local Usage
	0  -  Run Bytes Sent By Job
	0  -  Run Bytes Received By Job
	Error from slot1_59@genoa04.zeuthen.desy.de: runtime exceeded maximum (target.Runtime seconds)
	Partitionable Resources :     Usage  Request Allocated 
	   Cpus                 :      0.99        1         1 
	   Disk (KB)            :      1     1024000   1025697 
	   GPUs                 :                            0 
	   Memory (MB)          :    724        5120      5120 
	   TimeSlotBusy (s)     : 172801                       
...
012 (15950983.355.000) 2026-02-12 17:35:41 Job was held.
	Error from slot1_59@genoa04.zeuthen.desy.de: runtime exceeded maximum (target.Runtime seconds)
	Code 21 Subcode 103
...
001 (15949295.777.000) 2026-02-14 11:50:57 Job executing on host: <141.34.15.40:9618?addrs=141.34.15.40-9618+[2001-638-700-f00f--1-28]-9618&alias=pizza11.zeuthen.desy.de&noUDP&sock=startd_9198_a434>
	SlotName: slot1_3@pizza11.zeuthen.desy.de
	CondorScratchDir = "/batch/dir_1350056"
	Cpus = 8
	Disk = 1025696
	GPUs = 0
	Memory = 16384
...
006 (15949295.777.000) 2026-02-14 11:51:11 Image size of job updated: 103448
	102  -  MemoryUsage of job (MB)
	103448  -  ResidentSetSize of job (KB)
...
006 (15949295.777.000) 2026-02-14 11:56:12 Image size of job updated: 753640
	677  -  MemoryUsage of job (MB)
	692876  -  ResidentSetSize of job (KB)
...
006 (15949295.777.000) 2026-02-14 12:01:12 Image size of job updated: 753640
	696  -  MemoryUsage of job (MB)
	712512  -  ResidentSetSize of job (KB)
...
006 (15949295.777.000) 2026-02-14 12:06:13 Image size of job updated: 753640
	696  -  MemoryUsage of job (MB)
	712516  -  ResidentSetSize of job (KB)
...
006 (15949295.777.000) 2026-02-14 12:11:14 Image size of job updated: 753640
	697  -  MemoryUsage of job (MB)
	713384  -  ResidentSetSize of job (KB)
...
006 (15949295.777.000) 2026-02-14 12:16:14 Image size of job updated: 753640
	699  -  MemoryUsage of job (MB)
	715028  -  ResidentSetSize of job (KB)
...
006 (15949295.777.000) 2026-02-14 12:21:15 Image size of job updated: 753640
	699  -  MemoryUsage of job (MB)
	715040  -  ResidentSetSize of job (KB)
...
006 (15949295.777.000) 2026-02-14 12:36:17 Image size of job updated: 753640
	703  -  MemoryUsage of job (MB)
	718856  -  ResidentSetSize of job (KB)
...
006 (15949295.777.000) 2026-02-14 12:41:18 Image size of job updated: 753640
	712  -  MemoryUsage of job (MB)
	728296  -  ResidentSetSize of job (KB)
...
006 (15949295.777.000) 2026-02-14 12:46:18 Image size of job updated: 753640
	714  -  MemoryUsage of job (MB)
	730288  -  ResidentSetSize of job (KB)
...
006 (15949295.777.000) 2026-02-14 13:41:23 Image size of job updated: 753640
	714  -  MemoryUsage of job (MB)
	731072  -  ResidentSetSize of job (KB)
...
006 (15949295.777.000) 2026-02-14 13:51:23 Image size of job updated: 753640
	715  -  MemoryUsage of job (MB)
	731412  -  ResidentSetSize of job (KB)
...
006 (15949295.777.000) 2026-02-14 13:56:24 Image size of job updated: 753640
	715  -  MemoryUsage of job (MB)
	731732  -  ResidentSetSize of job (KB)
...
006 (15949295.777.000) 2026-02-14 14:01:24 Image size of job updated: 753640
	715  -  MemoryUsage of job (MB)
	731976  -  ResidentSetSize of job (KB)
...
006 (15949295.777.000) 2026-02-14 14:06:24 Image size of job updated: 753640
	716  -  MemoryUsage of job (MB)
	732544  -  ResidentSetSize of job (KB)
...
006 (15949295.777.000) 2026-02-14 14:11:25 Image size of job updated: 753640
	716  -  MemoryUsage of job (MB)
	732956  -  ResidentSetSize of job (KB)
...
006 (15949295.777.000) 2026-02-14 14:16:25 Image size of job updated: 753640
	717  -  MemoryUsage of job (MB)
	733212  -  ResidentSetSize of job (KB)
...
006 (15949295.777.000) 2026-02-14 14:21:25 Image size of job updated: 753640
	717  -  MemoryUsage of job (MB)
	733584  -  ResidentSetSize of job (KB)
...
006 (15949295.777.000) 2026-02-14 14:26:26 Image size of job updated: 753640
	717  -  MemoryUsage of job (MB)
	733848  -  ResidentSetSize of job (KB)
...
006 (15949295.777.000) 2026-02-14 14:31:27 Image size of job updated: 753640
	718  -  MemoryUsage of job (MB)
	734296  -  ResidentSetSize of job (KB)
...
006 (15949295.777.000) 2026-02-14 14:36:27 Image size of job updated: 753640
	718  -  MemoryUsage of job (MB)
	734364  -  ResidentSetSize of job (KB)
...
006 (15949295.777.000) 2026-02-14 14:41:28 Image size of job updated: 753640
	718  -  MemoryUsage of job (MB)
	734808  -  ResidentSetSize of job (KB)
...
006 (15949295.777.000) 2026-02-14 14:46:29 Image size of job updated: 753640
	718  -  MemoryUsage of job (MB)
	735064  -  ResidentSetSize of job (KB)
...
006 (15949295.777.000) 2026-02-14 14:51:29 Image size of job updated: 753640
	721  -  MemoryUsage of job (MB)
	738064  -  ResidentSetSize of job (KB)
...
006 (15949295.777.000) 2026-02-14 14:56:30 Image size of job updated: 753640
	724  -  MemoryUsage of job (MB)
	740736  -  ResidentSetSize of job (KB)
...
006 (15949295.777.000) 2026-02-14 15:06:31 Image size of job updated: 758560
	741  -  MemoryUsage of job (MB)
	758560  -  ResidentSetSize of job (KB)
...
006 (15949295.777.000) 2026-02-14 15:11:32 Image size of job updated: 758636
	741  -  MemoryUsage of job (MB)
	758636  -  ResidentSetSize of job (KB)
...
006 (15949295.777.000) 2026-02-14 15:16:33 Image size of job updated: 758656
	741  -  MemoryUsage of job (MB)
	758656  -  ResidentSetSize of job (KB)
...
006 (15949295.777.000) 2026-02-14 15:21:33 Image size of job updated: 769764
	752  -  MemoryUsage of job (MB)
	769764  -  ResidentSetSize of job (KB)
...
006 (15949295.777.000) 2026-02-14 15:26:34 Image size of job updated: 775468
	758  -  MemoryUsage of job (MB)
	775468  -  ResidentSetSize of job (KB)
...
006 (15949295.777.000) 2026-02-14 15:31:35 Image size of job updated: 777576
	760  -  MemoryUsage of job (MB)
	777576  -  ResidentSetSize of job (KB)
...
006 (15949295.777.000) 2026-02-14 15:36:35 Image size of job updated: 777988
	760  -  MemoryUsage of job (MB)
	777988  -  ResidentSetSize of job (KB)
...
006 (15949295.777.000) 2026-02-14 15:41:36 Image size of job updated: 778136
	760  -  MemoryUsage of job (MB)
	778136  -  ResidentSetSize of job (KB)
...
006 (15949295.777.000) 2026-02-14 15:46:37 Image size of job updated: 783980
	766  -  MemoryUsage of job (MB)
	783980  -  ResidentSetSize of job (KB)
...
006 (15949295.777.000) 2026-02-14 15:51:37 Image size of job updated: 791684
	774  -  MemoryUsage of job (MB)
	791684  -  ResidentSetSize of job (KB)
...
006 (15949295.777.000) 2026-02-14 15:56:37 Image size of job updated: 793224
	775  -  MemoryUsage of job (MB)
	793224  -  ResidentSetSize of job (KB)
...
006 (15949295.777.000) 2026-02-14 16:01:38 Image size of job updated: 807540
	789  -  MemoryUsage of job (MB)
	807540  -  ResidentSetSize of job (KB)
...
006 (15949295.777.000) 2026-02-14 17:56:45 Image size of job updated: 808380
	790  -  MemoryUsage of job (MB)
	808380  -  ResidentSetSize of job (KB)
...
006 (15949295.777.000) 2026-02-14 18:01:46 Image size of job updated: 808712
	790  -  MemoryUsage of job (MB)
	808712  -  ResidentSetSize of job (KB)
...
006 (15949295.777.000) 2026-02-14 18:26:47 Image size of job updated: 808724
	790  -  MemoryUsage of job (MB)
	808724  -  ResidentSetSize of job (KB)
...
006 (15949295.777.000) 2026-02-14 18:31:48 Image size of job updated: 809008
	791  -  MemoryUsage of job (MB)
	809008  -  ResidentSetSize of job (KB)
...
006 (15949295.777.000) 2026-02-14 18:46:49 Image size of job updated: 811152
	793  -  MemoryUsage of job (MB)
	811152  -  ResidentSetSize of job (KB)
...
006 (15949295.777.000) 2026-02-14 18:51:49 Image size of job updated: 811444
	793  -  MemoryUsage of job (MB)
	811444  -  ResidentSetSize of job (KB)
...
006 (15949295.777.000) 2026-02-14 18:56:49 Image size of job updated: 813004
	794  -  MemoryUsage of job (MB)
	813004  -  ResidentSetSize of job (KB)
...
006 (15949295.777.000) 2026-02-14 19:01:50 Image size of job updated: 813904
	795  -  MemoryUsage of job (MB)
	813904  -  ResidentSetSize of job (KB)
...
006 (15949295.777.000) 2026-02-14 19:06:50 Image size of job updated: 814004
	795  -  MemoryUsage of job (MB)
	814004  -  ResidentSetSize of job (KB)
...
006 (15949295.777.000) 2026-02-14 19:11:50 Image size of job updated: 826268
	807  -  MemoryUsage of job (MB)
	826268  -  ResidentSetSize of job (KB)
...
006 (15949295.777.000) 2026-02-14 19:16:51 Image size of job updated: 826616
	808  -  MemoryUsage of job (MB)
	826616  -  ResidentSetSize of job (KB)
...
006 (15949295.777.000) 2026-02-14 19:31:52 Image size of job updated: 826720
	808  -  MemoryUsage of job (MB)
	826720  -  ResidentSetSize of job (KB)
...
006 (15949295.777.000) 2026-02-14 19:36:52 Image size of job updated: 826872
	808  -  MemoryUsage of job (MB)
	826872  -  ResidentSetSize of job (KB)
...
006 (15949295.777.000) 2026-02-14 19:46:53 Image size of job updated: 827128
	808  -  MemoryUsage of job (MB)
	826872  -  ResidentSetSize of job (KB)
...
006 (15949295.777.000) 2026-02-14 20:06:54 Image size of job updated: 827128
	808  -  MemoryUsage of job (MB)
	827104  -  ResidentSetSize of job (KB)
...
006 (15949295.777.000) 2026-02-14 20:11:54 Image size of job updated: 827672
	809  -  MemoryUsage of job (MB)
	827672  -  ResidentSetSize of job (KB)
...
006 (15949295.777.000) 2026-02-14 20:21:55 Image size of job updated: 829352
	810  -  MemoryUsage of job (MB)
	829352  -  ResidentSetSize of job (KB)
...
006 (15949295.777.000) 2026-02-14 20:26:55 Image size of job updated: 830420
	811  -  MemoryUsage of job (MB)
	830420  -  ResidentSetSize of job (KB)
...
006 (15949295.777.000) 2026-02-14 20:51:58 Image size of job updated: 857812
	838  -  MemoryUsage of job (MB)
	857812  -  ResidentSetSize of job (KB)
...
006 (15949295.777.000) 2026-02-14 20:56:58 Image size of job updated: 862480
	843  -  MemoryUsage of job (MB)
	862480  -  ResidentSetSize of job (KB)
...
006 (15949295.777.000) 2026-02-14 21:01:59 Image size of job updated: 862824
	843  -  MemoryUsage of job (MB)
	862824  -  ResidentSetSize of job (KB)
...
006 (15949295.777.000) 2026-02-15 00:22:23 Image size of job updated: 1008980
	921  -  MemoryUsage of job (MB)
	942680  -  ResidentSetSize of job (KB)
...
006 (15949295.777.000) 2026-02-15 00:27:23 Image size of job updated: 1009352
	959  -  MemoryUsage of job (MB)
	981404  -  ResidentSetSize of job (KB)
...
006 (15949295.777.000) 2026-02-15 00:37:25 Image size of job updated: 1013880
	972  -  MemoryUsage of job (MB)
	995324  -  ResidentSetSize of job (KB)
...
006 (15949295.777.000) 2026-02-15 00:42:25 Image size of job updated: 1014140
	978  -  MemoryUsage of job (MB)
	1000580  -  ResidentSetSize of job (KB)
...
006 (15949295.777.000) 2026-02-15 01:42:33 Image size of job updated: 1014140
	985  -  MemoryUsage of job (MB)
	1007900  -  ResidentSetSize of job (KB)
...
006 (15949295.777.000) 2026-02-15 05:28:00 Image size of job updated: 1014140
	989  -  MemoryUsage of job (MB)
	1011724  -  ResidentSetSize of job (KB)
...
006 (15949295.777.000) 2026-02-15 06:58:06 Image size of job updated: 1015972
	989  -  MemoryUsage of job (MB)
	1011724  -  ResidentSetSize of job (KB)
...
006 (15949295.777.000) 2026-02-15 07:03:07 Image size of job updated: 1016128
	989  -  MemoryUsage of job (MB)
	1011724  -  ResidentSetSize of job (KB)
...
006 (15949295.777.000) 2026-02-15 07:08:07 Image size of job updated: 1016204
	989  -  MemoryUsage of job (MB)
	1011724  -  ResidentSetSize of job (KB)
...
006 (15949295.777.000) 2026-02-15 07:48:10 Image size of job updated: 1016204
	989  -  MemoryUsage of job (MB)
	1012084  -  ResidentSetSize of job (KB)
...
006 (15949295.777.000) 2026-02-15 08:18:12 Image size of job updated: 1016204
	989  -  MemoryUsage of job (MB)
	1012484  -  ResidentSetSize of job (KB)
...
006 (15949295.777.000) 2026-02-15 15:48:55 Image size of job updated: 1016204
	991  -  MemoryUsage of job (MB)
	1013768  -  ResidentSetSize of job (KB)
...
006 (15949295.777.000) 2026-02-15 17:39:07 Image size of job updated: 1016204
	991  -  MemoryUsage of job (MB)
	1014316  -  ResidentSetSize of job (KB)
...
006 (15949295.777.000) 2026-02-15 18:34:12 Image size of job updated: 1016204
	993  -  MemoryUsage of job (MB)
	1016112  -  ResidentSetSize of job (KB)
...
006 (15949295.777.000) 2026-02-15 18:39:12 Image size of job updated: 1016508
	993  -  MemoryUsage of job (MB)
	1016112  -  ResidentSetSize of job (KB)
...
006 (15949295.777.000) 2026-02-15 18:44:13 Image size of job updated: 1016520
	993  -  MemoryUsage of job (MB)
	1016112  -  ResidentSetSize of job (KB)
...
006 (15949295.777.000) 2026-02-15 20:39:25 Image size of job updated: 1020824
	993  -  MemoryUsage of job (MB)
	1016112  -  ResidentSetSize of job (KB)
...
006 (15949295.777.000) 2026-02-15 20:44:25 Image size of job updated: 1021412
	993  -  MemoryUsage of job (MB)
	1016112  -  ResidentSetSize of job (KB)
...
006 (15949295.777.000) 2026-02-15 23:59:44 Image size of job updated: 1021412
	994  -  MemoryUsage of job (MB)
	1017680  -  ResidentSetSize of job (KB)
...
021 (15949295.777.000) 2026-02-16 11:50:58 Error from starter on slot1_3@pizza11.zeuthen.desy.de:
	runtime exceeded maximum (target.Runtime seconds)
	Code 21 Subcode 103
...
004 (15949295.777.000) 2026-02-16 11:50:58 Job was evicted.
	(0) CPU times
		Usr 8 20:04:11, Sys 3 01:09:14  -  Run Remote Usage
		Usr 0 00:00:00, Sys 0 00:00:00  -  Run Local Usage
	0  -  Run Bytes Sent By Job
	0  -  Run Bytes Received By Job
	Error from slot1_3@pizza11.zeuthen.desy.de: runtime exceeded maximum (target.Runtime seconds)
	Partitionable Resources :     Usage  Request Allocated 
	   Cpus                 :      0.99        8         8 
	   Disk (KB)            :      1     1024000   1025696 
	   GPUs                 :                            0 
	   Memory (MB)          :    994       16384     16384 
	   TimeSlotBusy (s)     : 172801                       
...
012 (15949295.777.000) 2026-02-16 11:50:58 Job was held.
	Error from slot1_3@pizza11.zeuthen.desy.de: runtime exceeded maximum (target.Runtime seconds)
	Code 21 Subcode 103
...
009 (15949295.777.000) 2026-02-16 17:16:26 Job was aborted.
	via condor_rm (by user tuccia)
...
009 (15950983.355.000) 2026-02-16 17:16:53 Job was aborted.
	via condor_rm (by user tuccia)
...
