000 (15756408.985.000) 2026-02-06 11:26:59 Job submitted from host: <141.34.103.35:9618?addrs=141.34.103.35-9618+[2001-638-700-f067--1-23]-9618&alias=wgs39.zeuthen.desy.de&noUDP&sock=schedd_7414_f73f>
...
009 (15756408.985.000) 2026-02-10 11:47:41 Job was aborted.
	via condor_rm (by user tuccia)
...
000 (15951004.657.000) 2026-02-10 16:30:06 Job submitted from host: <141.34.103.35:9618?addrs=141.34.103.35-9618+[2001-638-700-f067--1-23]-9618&alias=wgs39.zeuthen.desy.de&noUDP&sock=schedd_7302_24a3>
...
001 (15951004.657.000) 2026-02-10 18:55:47 Job executing on host: <141.34.15.198:9618?addrs=141.34.15.198-9618+[2001-638-700-f00f--1-c6]-9618&alias=pizza00.zeuthen.desy.de&noUDP&sock=startd_8231_5c1f>
	SlotName: slot1_20@pizza00.zeuthen.desy.de
	CondorScratchDir = "/batch/dir_2493866"
	Cpus = 1
	Disk = 1025696
	GPUs = 0
	Memory = 5120
...
006 (15951004.657.000) 2026-02-10 18:56:00 Image size of job updated: 103368
	101  -  MemoryUsage of job (MB)
	103368  -  ResidentSetSize of job (KB)
...
006 (15951004.657.000) 2026-02-10 19:01:00 Image size of job updated: 716804
	598  -  MemoryUsage of job (MB)
	612328  -  ResidentSetSize of job (KB)
...
006 (15951004.657.000) 2026-02-10 19:06:01 Image size of job updated: 743276
	726  -  MemoryUsage of job (MB)
	743276  -  ResidentSetSize of job (KB)
...
006 (15951004.657.000) 2026-02-10 19:11:01 Image size of job updated: 743492
	727  -  MemoryUsage of job (MB)
	743492  -  ResidentSetSize of job (KB)
...
006 (15951004.657.000) 2026-02-10 19:16:01 Image size of job updated: 743700
	727  -  MemoryUsage of job (MB)
	743700  -  ResidentSetSize of job (KB)
...
006 (15951004.657.000) 2026-02-10 19:21:02 Image size of job updated: 743932
	727  -  MemoryUsage of job (MB)
	743932  -  ResidentSetSize of job (KB)
...
006 (15951004.657.000) 2026-02-10 19:26:02 Image size of job updated: 744144
	727  -  MemoryUsage of job (MB)
	744144  -  ResidentSetSize of job (KB)
...
006 (15951004.657.000) 2026-02-10 19:31:03 Image size of job updated: 744368
	727  -  MemoryUsage of job (MB)
	744368  -  ResidentSetSize of job (KB)
...
006 (15951004.657.000) 2026-02-10 19:36:04 Image size of job updated: 744592
	728  -  MemoryUsage of job (MB)
	744592  -  ResidentSetSize of job (KB)
...
006 (15951004.657.000) 2026-02-10 19:41:04 Image size of job updated: 744808
	728  -  MemoryUsage of job (MB)
	744808  -  ResidentSetSize of job (KB)
...
006 (15951004.657.000) 2026-02-10 19:46:05 Image size of job updated: 745028
	728  -  MemoryUsage of job (MB)
	745028  -  ResidentSetSize of job (KB)
...
006 (15951004.657.000) 2026-02-10 19:51:06 Image size of job updated: 745252
	728  -  MemoryUsage of job (MB)
	745252  -  ResidentSetSize of job (KB)
...
006 (15951004.657.000) 2026-02-10 19:56:06 Image size of job updated: 745472
	728  -  MemoryUsage of job (MB)
	745472  -  ResidentSetSize of job (KB)
...
006 (15951004.657.000) 2026-02-10 20:01:07 Image size of job updated: 745692
	729  -  MemoryUsage of job (MB)
	745692  -  ResidentSetSize of job (KB)
...
006 (15951004.657.000) 2026-02-10 20:06:08 Image size of job updated: 745912
	729  -  MemoryUsage of job (MB)
	745912  -  ResidentSetSize of job (KB)
...
006 (15951004.657.000) 2026-02-10 20:11:08 Image size of job updated: 746132
	729  -  MemoryUsage of job (MB)
	746132  -  ResidentSetSize of job (KB)
...
006 (15951004.657.000) 2026-02-10 20:16:09 Image size of job updated: 746356
	729  -  MemoryUsage of job (MB)
	746356  -  ResidentSetSize of job (KB)
...
006 (15951004.657.000) 2026-02-10 20:21:10 Image size of job updated: 794180
	750  -  MemoryUsage of job (MB)
	767416  -  ResidentSetSize of job (KB)
...
006 (15951004.657.000) 2026-02-10 21:11:14 Image size of job updated: 794180
	752  -  MemoryUsage of job (MB)
	769672  -  ResidentSetSize of job (KB)
...
006 (15951004.657.000) 2026-02-10 21:36:17 Image size of job updated: 796376
	754  -  MemoryUsage of job (MB)
	771808  -  ResidentSetSize of job (KB)
...
006 (15951004.657.000) 2026-02-10 22:56:24 Image size of job updated: 797348
	755  -  MemoryUsage of job (MB)
	772164  -  ResidentSetSize of job (KB)
...
006 (15951004.657.000) 2026-02-11 00:11:33 Image size of job updated: 797568
	755  -  MemoryUsage of job (MB)
	772484  -  ResidentSetSize of job (KB)
...
006 (15951004.657.000) 2026-02-11 01:26:38 Image size of job updated: 797784
	755  -  MemoryUsage of job (MB)
	772484  -  ResidentSetSize of job (KB)
...
006 (15951004.657.000) 2026-02-11 03:56:52 Image size of job updated: 797784
	755  -  MemoryUsage of job (MB)
	772520  -  ResidentSetSize of job (KB)
...
006 (15951004.657.000) 2026-02-11 05:22:01 Image size of job updated: 797784
	755  -  MemoryUsage of job (MB)
	772928  -  ResidentSetSize of job (KB)
...
006 (15951004.657.000) 2026-02-11 06:57:10 Image size of job updated: 797784
	776  -  MemoryUsage of job (MB)
	793992  -  ResidentSetSize of job (KB)
...
006 (15951004.657.000) 2026-02-11 07:02:10 Image size of job updated: 798056
	776  -  MemoryUsage of job (MB)
	793992  -  ResidentSetSize of job (KB)
...
006 (15951004.657.000) 2026-02-11 10:17:29 Image size of job updated: 798380
	776  -  MemoryUsage of job (MB)
	793992  -  ResidentSetSize of job (KB)
...
