000 (15756404.934.000) 2026-02-06 11:24:36 Job submitted from host: <141.34.103.35:9618?addrs=141.34.103.35-9618+[2001-638-700-f067--1-23]-9618&alias=wgs39.zeuthen.desy.de&noUDP&sock=schedd_7414_f73f>
...
001 (15756404.934.000) 2026-02-07 06:32:13 Job executing on host: <141.34.15.202:9618?addrs=141.34.15.202-9618+[2001-638-700-f00f--1-ca]-9618&alias=pizza04.zeuthen.desy.de&noUDP&sock=startd_9156_d539>
	SlotName: slot1_6@pizza04.zeuthen.desy.de
	CondorScratchDir = "/batch/dir_238585"
	Cpus = 8
	Disk = 1025696
	GPUs = 0
	Memory = 16384
...
006 (15756404.934.000) 2026-02-07 06:32:19 Image size of job updated: 80
	0  -  MemoryUsage of job (MB)
	0  -  ResidentSetSize of job (KB)
...
005 (15756404.934.000) 2026-02-07 06:32:19 Job terminated.
	(1) Normal termination (return value 1)
		Usr 0 00:00:02, Sys 0 00:00:00  -  Run Remote Usage
		Usr 0 00:00:00, Sys 0 00:00:00  -  Run Local Usage
		Usr 0 00:00:02, Sys 0 00:00:00  -  Total Remote Usage
		Usr 0 00:00:00, Sys 0 00:00:00  -  Total Local Usage
	0  -  Run Bytes Sent By Job
	0  -  Run Bytes Received By Job
	0  -  Total Bytes Sent By Job
	0  -  Total Bytes Received By Job
	Partitionable Resources :    Usage  Request Allocated 
	   Cpus                 :        0        8         8 
	   Disk (KB)            :        1  1024000   1025696 
	   GPUs                 :                           0 
	   Memory (MB)          :        0    16384     16384 
	   TimeExecute (s)      :        6                    
	   TimeSlotBusy (s)     :        6                    

	Job terminated of its own accord at 2026-02-07T05:32:19Z with exit-code 1.
...
000 (15950983.046.000) 2026-02-10 16:27:55 Job submitted from host: <141.34.103.35:9618?addrs=141.34.103.35-9618+[2001-638-700-f067--1-23]-9618&alias=wgs39.zeuthen.desy.de&noUDP&sock=schedd_7302_24a3>
...
001 (15950983.046.000) 2026-02-10 16:32:39 Job executing on host: <141.34.15.221:9618?addrs=141.34.15.221-9618+[2001-638-700-f00f--1-dd]-9618&alias=pizza29.zeuthen.desy.de&noUDP&sock=startd_9093_9ec2>
	SlotName: slot1_24@pizza29.zeuthen.desy.de
	CondorScratchDir = "/batch/dir_3141506"
	Cpus = 1
	Disk = 1025696
	GPUs = 0
	Memory = 5120
...
006 (15950983.046.000) 2026-02-10 16:32:53 Image size of job updated: 103412
	101  -  MemoryUsage of job (MB)
	103412  -  ResidentSetSize of job (KB)
...
006 (15950983.046.000) 2026-02-10 16:37:54 Image size of job updated: 945260
	532  -  MemoryUsage of job (MB)
	544720  -  ResidentSetSize of job (KB)
...
006 (15950983.046.000) 2026-02-10 16:42:54 Image size of job updated: 945260
	534  -  MemoryUsage of job (MB)
	546480  -  ResidentSetSize of job (KB)
...
006 (15950983.046.000) 2026-02-10 16:47:55 Image size of job updated: 945260
	534  -  MemoryUsage of job (MB)
	546484  -  ResidentSetSize of job (KB)
...
005 (15950983.046.000) 2026-02-11 18:00:59 Job terminated.
	(1) Normal termination (return value 0)
		Usr 1 01:11:05, Sys 0 00:00:13  -  Run Remote Usage
		Usr 0 00:00:00, Sys 0 00:00:00  -  Run Local Usage
		Usr 1 01:11:05, Sys 0 00:00:13  -  Total Remote Usage
		Usr 0 00:00:00, Sys 0 00:00:00  -  Total Local Usage
	0  -  Run Bytes Sent By Job
	0  -  Run Bytes Received By Job
	0  -  Total Bytes Sent By Job
	0  -  Total Bytes Received By Job
	Partitionable Resources :    Usage  Request Allocated 
	   Cpus                 :     0.99        1         1 
	   Disk (KB)            :     1     1024000   1025696 
	   GPUs                 :                           0 
	   Memory (MB)          :   534        5120      5120 
	   TimeExecute (s)      : 91700                       
	   TimeSlotBusy (s)     : 91700                       

	Job terminated of its own accord at 2026-02-11T17:00:59Z with exit-code 0.
...
