000 (15756408.1077.000) 2026-02-06 11:27:00 Job submitted from host: <141.34.103.35:9618?addrs=141.34.103.35-9618+[2001-638-700-f067--1-23]-9618&alias=wgs39.zeuthen.desy.de&noUDP&sock=schedd_7414_f73f>
...
009 (15756408.1077.000) 2026-02-10 11:47:43 Job was aborted.
	via condor_rm (by user tuccia)
...
000 (15951004.718.000) 2026-02-10 16:30:07 Job submitted from host: <141.34.103.35:9618?addrs=141.34.103.35-9618+[2001-638-700-f067--1-23]-9618&alias=wgs39.zeuthen.desy.de&noUDP&sock=schedd_7302_24a3>
...
001 (15951004.718.000) 2026-02-11 04:09:22 Job executing on host: <141.34.103.51:9618?addrs=141.34.103.51-9618+[2001-638-700-f067--1-33]-9618&alias=wgs41.zeuthen.desy.de&noUDP&sock=startd_7782_6219>
	SlotName: slot1_18@wgs41.zeuthen.desy.de
	CondorScratchDir = "/batch/dir_370797"
	Cpus = 1
	Disk = 1025025
	GPUs = 0
	Memory = 5120
...
006 (15951004.718.000) 2026-02-11 04:09:35 Image size of job updated: 91612
	90  -  MemoryUsage of job (MB)
	91612  -  ResidentSetSize of job (KB)
...
006 (15951004.718.000) 2026-02-11 04:14:35 Image size of job updated: 944924
	605  -  MemoryUsage of job (MB)
	618712  -  ResidentSetSize of job (KB)
...
006 (15951004.718.000) 2026-02-11 04:19:36 Image size of job updated: 944924
	638  -  MemoryUsage of job (MB)
	652624  -  ResidentSetSize of job (KB)
...
006 (15951004.718.000) 2026-02-11 04:24:37 Image size of job updated: 944924
	642  -  MemoryUsage of job (MB)
	657196  -  ResidentSetSize of job (KB)
...
006 (15951004.718.000) 2026-02-11 04:34:38 Image size of job updated: 944924
	642  -  MemoryUsage of job (MB)
	657216  -  ResidentSetSize of job (KB)
...
006 (15951004.718.000) 2026-02-11 04:44:39 Image size of job updated: 944924
	642  -  MemoryUsage of job (MB)
	657228  -  ResidentSetSize of job (KB)
...
006 (15951004.718.000) 2026-02-11 05:04:42 Image size of job updated: 944924
	642  -  MemoryUsage of job (MB)
	657320  -  ResidentSetSize of job (KB)
...
006 (15951004.718.000) 2026-02-11 05:49:46 Image size of job updated: 944924
	642  -  MemoryUsage of job (MB)
	657380  -  ResidentSetSize of job (KB)
...
006 (15951004.718.000) 2026-02-11 09:05:11 Image size of job updated: 944924
	643  -  MemoryUsage of job (MB)
	657448  -  ResidentSetSize of job (KB)
...
006 (15951004.718.000) 2026-02-11 09:30:12 Image size of job updated: 944924
	643  -  MemoryUsage of job (MB)
	657456  -  ResidentSetSize of job (KB)
...
006 (15951004.718.000) 2026-02-11 10:05:15 Image size of job updated: 944924
	643  -  MemoryUsage of job (MB)
	657476  -  ResidentSetSize of job (KB)
...
006 (15951004.718.000) 2026-02-11 10:15:15 Image size of job updated: 944924
	643  -  MemoryUsage of job (MB)
	657480  -  ResidentSetSize of job (KB)
...
004 (15951004.718.000) 2026-02-11 11:11:59 Job was evicted.
	(0) CPU times
		Usr 0 06:58:32, Sys 0 00:00:04  -  Run Remote Usage
		Usr 0 00:00:00, Sys 0 00:00:00  -  Run Local Usage
	0  -  Run Bytes Sent By Job
	0  -  Run Bytes Received By Job
	Partitionable Resources :    Usage  Request Allocated 
	   Cpus                 :     0.99        1         1 
	   Disk (KB)            :     1     1024000   1025025 
	   GPUs                 :                           0 
	   Memory (MB)          :   643        5120      5120 
	   TimeExecute (s)      : 25355                       
	   TimeSlotBusy (s)     : 25356                       
...
009 (15951004.718.000) 2026-02-11 11:12:00 Job was aborted.
	via condor_rm (by user tuccia)
...
000 (15988842.718.000) 2026-02-11 11:12:47 Job submitted from host: <141.34.103.35:9618?addrs=141.34.103.35-9618+[2001-638-700-f067--1-23]-9618&alias=wgs39.zeuthen.desy.de&noUDP&sock=schedd_7302_24a3>
...
001 (15988842.718.000) 2026-02-11 12:56:47 Job executing on host: <141.34.15.178:9618?addrs=141.34.15.178-9618+[2001-638-700-f00f--1-b2]-9618&alias=genoa03.zeuthen.desy.de&noUDP&sock=startd_10467_11e2>
	SlotName: slot1_18@genoa03.zeuthen.desy.de
	CondorScratchDir = "/batch/dir_2471628"
	Cpus = 1
	Disk = 1025697
	GPUs = 0
	Memory = 5120
...
006 (15988842.718.000) 2026-02-11 12:57:01 Image size of job updated: 101408
	100  -  MemoryUsage of job (MB)
	101408  -  ResidentSetSize of job (KB)
...
006 (15988842.718.000) 2026-02-11 13:02:02 Image size of job updated: 899996
	607  -  MemoryUsage of job (MB)
	621396  -  ResidentSetSize of job (KB)
...
006 (15988842.718.000) 2026-02-11 13:07:02 Image size of job updated: 899996
	640  -  MemoryUsage of job (MB)
	654580  -  ResidentSetSize of job (KB)
...
006 (15988842.718.000) 2026-02-11 13:12:03 Image size of job updated: 899996
	642  -  MemoryUsage of job (MB)
	656864  -  ResidentSetSize of job (KB)
...
006 (15988842.718.000) 2026-02-11 13:22:04 Image size of job updated: 899996
	642  -  MemoryUsage of job (MB)
	656888  -  ResidentSetSize of job (KB)
...
006 (15988842.718.000) 2026-02-11 13:32:05 Image size of job updated: 899996
	642  -  MemoryUsage of job (MB)
	656932  -  ResidentSetSize of job (KB)
...
006 (15988842.718.000) 2026-02-11 13:47:06 Image size of job updated: 899996
	642  -  MemoryUsage of job (MB)
	656948  -  ResidentSetSize of job (KB)
...
006 (15988842.718.000) 2026-02-11 14:27:11 Image size of job updated: 899996
	642  -  MemoryUsage of job (MB)
	656996  -  ResidentSetSize of job (KB)
...
006 (15988842.718.000) 2026-02-11 17:07:27 Image size of job updated: 899996
	642  -  MemoryUsage of job (MB)
	657132  -  ResidentSetSize of job (KB)
...
006 (15988842.718.000) 2026-02-11 17:17:28 Image size of job updated: 899996
	642  -  MemoryUsage of job (MB)
	657256  -  ResidentSetSize of job (KB)
...
006 (15988842.718.000) 2026-02-11 17:47:31 Image size of job updated: 899996
	642  -  MemoryUsage of job (MB)
	657312  -  ResidentSetSize of job (KB)
...
006 (15988842.718.000) 2026-02-11 21:02:50 Image size of job updated: 899996
	642  -  MemoryUsage of job (MB)
	657316  -  ResidentSetSize of job (KB)
...
006 (15988842.718.000) 2026-02-11 21:52:55 Image size of job updated: 899996
	642  -  MemoryUsage of job (MB)
	657392  -  ResidentSetSize of job (KB)
...
006 (15988842.718.000) 2026-02-11 22:12:57 Image size of job updated: 899996
	643  -  MemoryUsage of job (MB)
	657456  -  ResidentSetSize of job (KB)
...
006 (15988842.718.000) 2026-02-11 22:43:00 Image size of job updated: 899996
	643  -  MemoryUsage of job (MB)
	657460  -  ResidentSetSize of job (KB)
...
006 (15988842.718.000) 2026-02-12 00:18:10 Image size of job updated: 899996
	643  -  MemoryUsage of job (MB)
	657496  -  ResidentSetSize of job (KB)
...
006 (15988842.718.000) 2026-02-12 03:43:31 Image size of job updated: 899996
	643  -  MemoryUsage of job (MB)
	657556  -  ResidentSetSize of job (KB)
...
006 (15988842.718.000) 2026-02-12 23:45:31 Image size of job updated: 899996
	643  -  MemoryUsage of job (MB)
	657836  -  ResidentSetSize of job (KB)
...
006 (15988842.718.000) 2026-02-13 06:51:11 Image size of job updated: 899996
	643  -  MemoryUsage of job (MB)
	657900  -  ResidentSetSize of job (KB)
...
006 (15988842.718.000) 2026-02-13 08:06:19 Image size of job updated: 899996
	643  -  MemoryUsage of job (MB)
	658056  -  ResidentSetSize of job (KB)
...
021 (15988842.718.000) 2026-02-13 12:56:51 Error from starter on slot1_18@genoa03.zeuthen.desy.de:
	runtime exceeded maximum (target.Runtime seconds)
	Code 21 Subcode 103
...
004 (15988842.718.000) 2026-02-13 12:56:51 Job was evicted.
	(0) CPU times
		Usr 1 23:31:31, Sys 0 00:00:13  -  Run Remote Usage
		Usr 0 00:00:00, Sys 0 00:00:00  -  Run Local Usage
	0  -  Run Bytes Sent By Job
	0  -  Run Bytes Received By Job
	Error from slot1_18@genoa03.zeuthen.desy.de: runtime exceeded maximum (target.Runtime seconds)
	Partitionable Resources :     Usage  Request Allocated 
	   Cpus                 :      0.99        1         1 
	   Disk (KB)            :      1     1024000   1025697 
	   GPUs                 :                            0 
	   Memory (MB)          :    643        5120      5120 
	   TimeSlotBusy (s)     : 172804                       
...
012 (15988842.718.000) 2026-02-13 12:56:51 Job was held.
	Error from slot1_18@genoa03.zeuthen.desy.de: runtime exceeded maximum (target.Runtime seconds)
	Code 21 Subcode 103
...
009 (15988842.718.000) 2026-02-16 17:16:39 Job was aborted.
	via condor_rm (by user tuccia)
...
