~~~~~~~~~~~~~~~~~~~~~~~~~~~~~~

n_qubits: 120, 
r: 95, 
alpha: 0.01, 
shots: 10000, 
ansatz: structure_like_qubo_YZ_2, 
layer: 1, 
tau: 0.3

time for simulated annealing:  310.0325951576233
Rank 1: Bitstring=001111101011111111010001101011011110101100000111000110011101110010100111000111011001100001010111001100100100001101111010, Decimal=325812957974460063602247973381227386, Energy=-102.5516
Rank 2: Bitstring=000110101110111111010001101011011110101010001111000101001001110010100111000111010001100001010110001100100100001101111010, Decimal=139863826727614768332148279417652090, Energy=-102.4716
Rank 3: Bitstring=001111101011111011010001101011011110101100000110000110011101110010100111000111011011100001010111001100100100011101111010, Decimal=325792675564851689565341293923682170, Energy=-102.38
Rank 4: Bitstring=000110101110111011010001101011011110101010001110000101001001110010100111000111010011100001010110001100100100011101111010, Decimal=139843544318006394295241599960106874, Energy=-102.3
Rank 5: Bitstring=001111101001111011010001101011011110101100010110001110011101110010000111000111011011100001110111001100100100011101111010, Decimal=325143638457610984262304056193730426, Energy=-102.2704
Rank 6: Bitstring=000110101011111111010001101011011110101110000111000100001001110010100111000111010001100001010110001100100100001101111010, Decimal=138890271067810561252574188530713466, Energy=-102.1964
Rank 7: Bitstring=000110101100111011010001101011011110101010011110001101001001110010000111000111010011100001110110001100100100011101111010, Decimal=139194507210765688992204362230155130, Energy=-102.1904
Rank 8: Bitstring=001111101011111111010001101011011110001100000101000110011101110010100111000111011001100001010111001100100100001101111010, Decimal=325812957964779212312365200693150586, Energy=-102.1736
Rank 9: Bitstring=001111101001111011010001101011011110101100000110000110011101110010000111000111011011100001110111001100100100011101111010, Decimal=325143638457534836102767783164659578, Energy=-102.1686
Rank 10: Bitstring=001111101110111111010001101011011110101010001111000111011001110010100111000111011001100001010111001100100100001101111010, Decimal=326786513634868728979943360428131194, Energy=-102.1104

E_min from simulated annealing:  -102.5516
Minimum energy: -102.5516
States with energy within 1e-08 of minimum: [325812957974460063602247973381227386]


################## Start optimization with initial parameters: [0. 0. 0. 0. 0. 0. 0. 0. 0. 0. 0. 0. 0. 0. 0. 0. 0. 0. 0. 0. 0. 0. 0. 0.
 0. 0. 0. 0. 0. 0. 0. 0. 0. 0. 0. 0. 0. 0. 0. 0. 0. 0. 0. 0. 0. 0. 0. 0.
 0. 0. 0. 0. 0. 0. 0. 0. 0. 0. 0. 0. 0. 0. 0. 0. 0. 0. 0. 0. 0. 0. 0. 0.
 0. 0. 0. 0. 0. 0. 0. 0. 0. 0. 0. 0. 0. 0. 0. 0. 0. 0. 0. 0. 0. 0. 0. 0.
 0. 0. 0. 0. 0. 0. 0. 0. 0. 0. 0. 0. 0. 0. 0. 0. 0. 0. 0. 0. 0. 0. 0. 0.
 0. 0. 0. 0. 0. 0. 0. 0. 0. 0. 0. 0. 0. 0. 0. 0. 0. 0. 0. 0. 0. 0. 0. 0.
 0. 0. 0. 0. 0. 0. 0. 0. 0. 0. 0. 0. 0. 0. 0. 0. 0. 0. 0. 0. 0. 0. 0. 0.
 0. 0. 0. 0. 0. 0. 0. 0. 0. 0. 0. 0. 0. 0. 0. 0. 0. 0. 0. 0. 0. 0. 0. 0.
 0. 0. 0. 0. 0. 0. 0. 0. 0. 0. 0. 0. 0. 0. 0. 0. 0. 0. 0. 0. 0. 0. 0. 0.
 0. 0. 0. 0. 0. 0. 0. 0. 0. 0. 0. 0. 0. 0. 0. 0. 0. 0. 0. 0. 0. 0. 0. 0.
 0. 0. 0. 0. 0. 0. 0. 0. 0. 0. 0. 0. 0. 0. 0. 0. 0. 0. 0. 0. 0. 0. 0. 0.
 0. 0. 0. 0. 0. 0. 0. 0. 0. 0. 0. 0. 0. 0. 0. 0. 0. 0. 0. 0. 0. 0. 0. 0.
 0. 0. 0. 0. 0. 0. 0. 0. 0. 0. 0. 0. 0. 0. 0. 0. 0. 0. 0. 0. 0. 0. 0. 0.
 0. 0. 0. 0. 0. 0. 0. 0. 0. 0. 0. 0. 0. 0. 0. 0. 0. 0. 0. 0. 0. 0. 0. 0.
 0. 0. 0. 0. 0. 0. 0. 0. 0. 0. 0. 0. 0. 0. 0. 0. 0. 0. 0. 0. 0. 0. 0. 0.
 0. 0. 0. 0. 0. 0. 0. 0. 0. 0. 0. 0. 0. 0. 0. 0. 0. 0. 0. 0. 0. 0. 0. 0.
 0. 0. 0. 0. 0. 0. 0. 0. 0. 0. 0. 0. 0. 0. 0. 0. 0. 0. 0. 0. 0. 0. 0. 0.
 0. 0. 0. 0. 0. 0. 0. 0. 0. 0. 0. 0. 0. 0. 0. 0. 0. 0. 0. 0. 0. 0. 0. 0.
 0. 0. 0. 0. 0. 0. 0. 0. 0. 0. 0. 0. 0. 0. 0. 0. 0. 0. 0. 0. 0. 0. 0. 0.
 0. 0. 0. 0. 0. 0. 0. 0. 0. 0. 0. 0. 0. 0. 0. 0. 0. 0. 0. 0. 0. 0. 0. 0.]
Intermediate results saved at iteration 100
Intermediate results saved at iteration 200
Intermediate results saved at iteration 300
Intermediate results saved at iteration 400
Intermediate results saved at iteration 500
Intermediate results saved at iteration 600
Intermediate results saved at iteration 700
Intermediate results saved at iteration 800
Intermediate results saved at iteration 900
Intermediate results saved at iteration 1000
Intermediate results saved at iteration 1000
Write sucessfully to ./data/data_shots_10000_layer_1/alpha_0.01/N_120/r_95/ansatz_type_structure_like_qubo_YZ_2/initialization_zeros

vqe.cvar_eval[0]: -26.299250000000022 , min_cvar: -57.93867200000003 , opt_cvar: -57.93867200000003

vqe.poss_eval[-1]: 0 vqe.poss_eval[0] 0  , max_poss: 0 , opt_poss: 0

vqe.r_eval[-1]: 0.558533226200274 vqe.r_eval[0]: 0.25644894862683787 max_r: 0.5649709219553867 , min_r: 0.2442364624247697
