000 (15756404.1048.000) 2026-02-06 11:24:37 Job submitted from host: <141.34.103.35:9618?addrs=141.34.103.35-9618+[2001-638-700-f067--1-23]-9618&alias=wgs39.zeuthen.desy.de&noUDP&sock=schedd_7414_f73f>
...
001 (15756404.1048.000) 2026-02-07 06:49:05 Job executing on host: <141.34.15.202:9618?addrs=141.34.15.202-9618+[2001-638-700-f00f--1-ca]-9618&alias=pizza04.zeuthen.desy.de&noUDP&sock=startd_9156_d539>
	SlotName: slot1_6@pizza04.zeuthen.desy.de
	CondorScratchDir = "/batch/dir_245900"
	Cpus = 8
	Disk = 1025696
	GPUs = 0
	Memory = 16384
...
006 (15756404.1048.000) 2026-02-07 06:49:12 Image size of job updated: 84
	0  -  MemoryUsage of job (MB)
	0  -  ResidentSetSize of job (KB)
...
005 (15756404.1048.000) 2026-02-07 06:49:12 Job terminated.
	(1) Normal termination (return value 1)
		Usr 0 00:00:02, Sys 0 00:00:00  -  Run Remote Usage
		Usr 0 00:00:00, Sys 0 00:00:00  -  Run Local Usage
		Usr 0 00:00:02, Sys 0 00:00:00  -  Total Remote Usage
		Usr 0 00:00:00, Sys 0 00:00:00  -  Total Local Usage
	0  -  Run Bytes Sent By Job
	0  -  Run Bytes Received By Job
	0  -  Total Bytes Sent By Job
	0  -  Total Bytes Received By Job
	Partitionable Resources :    Usage  Request Allocated 
	   Cpus                 :        0        8         8 
	   Disk (KB)            :        1  1024000   1025696 
	   GPUs                 :                           0 
	   Memory (MB)          :        0    16384     16384 
	   TimeExecute (s)      :        7                    
	   TimeSlotBusy (s)     :        7                    

	Job terminated of its own accord at 2026-02-07T05:49:12Z with exit-code 1.
...
000 (15950983.198.000) 2026-02-10 16:27:56 Job submitted from host: <141.34.103.35:9618?addrs=141.34.103.35-9618+[2001-638-700-f067--1-23]-9618&alias=wgs39.zeuthen.desy.de&noUDP&sock=schedd_7302_24a3>
...
001 (15950983.198.000) 2026-02-10 16:39:47 Job executing on host: <141.34.103.52:9618?addrs=141.34.103.52-9618+[2001-638-700-f067--1-34]-9618&alias=wgs42.zeuthen.desy.de&noUDP&sock=startd_9894_0a1e>
	SlotName: slot1_9@wgs42.zeuthen.desy.de
	CondorScratchDir = "/batch/dir_1279985"
	Cpus = 1
	Disk = 1025025
	GPUs = 0
	Memory = 5120
...
006 (15950983.198.000) 2026-02-10 16:40:01 Image size of job updated: 103456
	102  -  MemoryUsage of job (MB)
	103456  -  ResidentSetSize of job (KB)
...
006 (15950983.198.000) 2026-02-10 16:45:02 Image size of job updated: 699648
	667  -  MemoryUsage of job (MB)
	682008  -  ResidentSetSize of job (KB)
...
006 (15950983.198.000) 2026-02-10 16:50:03 Image size of job updated: 701160
	684  -  MemoryUsage of job (MB)
	700100  -  ResidentSetSize of job (KB)
...
006 (15950983.198.000) 2026-02-10 16:55:03 Image size of job updated: 701968
	684  -  MemoryUsage of job (MB)
	700100  -  ResidentSetSize of job (KB)
...
006 (15950983.198.000) 2026-02-10 17:00:04 Image size of job updated: 701996
	684  -  MemoryUsage of job (MB)
	700100  -  ResidentSetSize of job (KB)
...
006 (15950983.198.000) 2026-02-10 17:05:05 Image size of job updated: 702840
	684  -  MemoryUsage of job (MB)
	700100  -  ResidentSetSize of job (KB)
...
006 (15950983.198.000) 2026-02-10 17:10:05 Image size of job updated: 703700
	684  -  MemoryUsage of job (MB)
	700100  -  ResidentSetSize of job (KB)
...
006 (15950983.198.000) 2026-02-10 17:15:06 Image size of job updated: 703824
	684  -  MemoryUsage of job (MB)
	700100  -  ResidentSetSize of job (KB)
...
006 (15950983.198.000) 2026-02-10 17:20:07 Image size of job updated: 704940
	684  -  MemoryUsage of job (MB)
	700100  -  ResidentSetSize of job (KB)
...
006 (15950983.198.000) 2026-02-10 17:40:09 Image size of job updated: 704940
	687  -  MemoryUsage of job (MB)
	703308  -  ResidentSetSize of job (KB)
...
006 (15950983.198.000) 2026-02-10 18:00:12 Image size of job updated: 705172
	687  -  MemoryUsage of job (MB)
	703308  -  ResidentSetSize of job (KB)
...
006 (15950983.198.000) 2026-02-10 18:05:13 Image size of job updated: 705928
	687  -  MemoryUsage of job (MB)
	703308  -  ResidentSetSize of job (KB)
...
006 (15950983.198.000) 2026-02-10 18:10:13 Image size of job updated: 706284
	688  -  MemoryUsage of job (MB)
	703752  -  ResidentSetSize of job (KB)
...
006 (15950983.198.000) 2026-02-10 18:15:14 Image size of job updated: 706780
	688  -  MemoryUsage of job (MB)
	703756  -  ResidentSetSize of job (KB)
...
006 (15950983.198.000) 2026-02-10 18:40:17 Image size of job updated: 706780
	688  -  MemoryUsage of job (MB)
	704200  -  ResidentSetSize of job (KB)
...
006 (15950983.198.000) 2026-02-10 18:45:18 Image size of job updated: 706780
	689  -  MemoryUsage of job (MB)
	704992  -  ResidentSetSize of job (KB)
...
006 (15950983.198.000) 2026-02-10 18:50:19 Image size of job updated: 706780
	689  -  MemoryUsage of job (MB)
	705000  -  ResidentSetSize of job (KB)
...
006 (15950983.198.000) 2026-02-10 18:55:19 Image size of job updated: 706780
	690  -  MemoryUsage of job (MB)
	705760  -  ResidentSetSize of job (KB)
...
006 (15950983.198.000) 2026-02-10 19:00:20 Image size of job updated: 706780
	690  -  MemoryUsage of job (MB)
	706272  -  ResidentSetSize of job (KB)
...
006 (15950983.198.000) 2026-02-10 19:05:21 Image size of job updated: 707040
	691  -  MemoryUsage of job (MB)
	707040  -  ResidentSetSize of job (KB)
...
006 (15950983.198.000) 2026-02-10 19:10:21 Image size of job updated: 707296
	691  -  MemoryUsage of job (MB)
	707296  -  ResidentSetSize of job (KB)
...
006 (15950983.198.000) 2026-02-10 19:15:22 Image size of job updated: 707552
	691  -  MemoryUsage of job (MB)
	707296  -  ResidentSetSize of job (KB)
...
006 (15950983.198.000) 2026-02-10 20:05:27 Image size of job updated: 707552
	691  -  MemoryUsage of job (MB)
	707312  -  ResidentSetSize of job (KB)
...
006 (15950983.198.000) 2026-02-10 20:10:27 Image size of job updated: 707824
	691  -  MemoryUsage of job (MB)
	707312  -  ResidentSetSize of job (KB)
...
006 (15950983.198.000) 2026-02-10 20:50:30 Image size of job updated: 707824
	691  -  MemoryUsage of job (MB)
	707472  -  ResidentSetSize of job (KB)
...
006 (15950983.198.000) 2026-02-10 20:55:31 Image size of job updated: 707824
	691  -  MemoryUsage of job (MB)
	707476  -  ResidentSetSize of job (KB)
...
006 (15950983.198.000) 2026-02-10 21:00:32 Image size of job updated: 707824
	691  -  MemoryUsage of job (MB)
	707576  -  ResidentSetSize of job (KB)
...
006 (15950983.198.000) 2026-02-10 21:30:36 Image size of job updated: 707824
	692  -  MemoryUsage of job (MB)
	707592  -  ResidentSetSize of job (KB)
...
006 (15950983.198.000) 2026-02-10 21:35:36 Image size of job updated: 707832
	692  -  MemoryUsage of job (MB)
	707832  -  ResidentSetSize of job (KB)
...
006 (15950983.198.000) 2026-02-10 21:40:37 Image size of job updated: 707836
	692  -  MemoryUsage of job (MB)
	707836  -  ResidentSetSize of job (KB)
...
006 (15950983.198.000) 2026-02-10 21:45:38 Image size of job updated: 708344
	692  -  MemoryUsage of job (MB)
	708344  -  ResidentSetSize of job (KB)
...
006 (15950983.198.000) 2026-02-11 03:26:12 Image size of job updated: 708356
	692  -  MemoryUsage of job (MB)
	708356  -  ResidentSetSize of job (KB)
...
005 (15950983.198.000) 2026-02-11 10:18:06 Job terminated.
	(1) Normal termination (return value 0)
		Usr 0 17:29:24, Sys 0 00:00:08  -  Run Remote Usage
		Usr 0 00:00:00, Sys 0 00:00:00  -  Run Local Usage
		Usr 0 17:29:24, Sys 0 00:00:08  -  Total Remote Usage
		Usr 0 00:00:00, Sys 0 00:00:00  -  Total Local Usage
	0  -  Run Bytes Sent By Job
	0  -  Run Bytes Received By Job
	0  -  Total Bytes Sent By Job
	0  -  Total Bytes Received By Job
	Partitionable Resources :    Usage  Request Allocated 
	   Cpus                 :     0.99        1         1 
	   Disk (KB)            :     1     1024000   1025025 
	   GPUs                 :                           0 
	   Memory (MB)          :   692        5120      5120 
	   TimeExecute (s)      : 63499                       
	   TimeSlotBusy (s)     : 63499                       

	Job terminated of its own accord at 2026-02-11T09:18:06Z with exit-code 0.
...
