~~~~~~~~~~~~~~~~~~~~~~~~~~~~~~

n_qubits: 120, 
r: 73, 
alpha: 0.01, 
shots: 10000, 
ansatz: structure_like_qubo_YZ_2, 
layer: 1, 
tau: 0.3

time for simulated annealing:  138.16446256637573
Rank 1: Bitstring=100110001100000001010001000010011101101111110000111101001001010001110010110010010010010001001101100100000100011001100010, Decimal=793129765673616298215363721829566050, Energy=-96.2787
Rank 2: Bitstring=100110001100000001010001000010001101101111110000111111001011010001110110110010010011010001000101100100000100011011100010, Decimal=793129765364131438274940220486993634, Energy=-96.2273
Rank 3: Bitstring=110110001100000001010101000010011101101111110000111101001001010001010010110010010010011001001101100100000100011001100010, Decimal=1125437081532495323489658670410647138, Energy=-96.1579
Rank 4: Bitstring=100110001100000001010001000010011101101111110001011101001001010001110010110010010010010001001101100100000100011001100010, Decimal=793129765673618659398605156652172898, Energy=-96.1231
Rank 5: Bitstring=110110001100000001010101000010001101101111110000111111001011010001010110110010010011011001000101100100000100011011100010, Decimal=1125437081223010463549235169068074722, Energy=-96.1065
Rank 6: Bitstring=100110001110000011010001000000001001101110101010101110001001010101111110110010010010010011000111100100000100011000100110, Decimal=793788941122666964273690119859357222, Energy=-96.0941
Rank 7: Bitstring=100110001110000001010001000010001101101111101000101111001011010001111110110010010011010011000111100100000100011010100110, Decimal=793778802471409332207274659949856422, Energy=-96.0727
Rank 8: Bitstring=100110001100000001010001000010001101101111110001011111001011010001110110110010010011010001000101100100000100011011100010, Decimal=793129765364133799458181655309600482, Energy=-96.0717
Rank 9: Bitstring=100110001100000011010001000000011101101111110010111100001001010101110010110010010010010001001101100100000100011001100010, Decimal=793139904402547416497862184147109474, Energy=-96.0525
Rank 10: Bitstring=100110001100000001010001000010001101101111110000111111001011011001110110010010010011110001000101100100000100111011100010, Decimal=793129765364131438418914705434234594, Energy=-96.0043

E_min from simulated annealing:  -96.2787
Minimum energy: -96.2787
States with energy within 1e-08 of minimum: [793129765673616298215363721829566050]


################## Start optimization with initial parameters: [0. 0. 0. 0. 0. 0. 0. 0. 0. 0. 0. 0. 0. 0. 0. 0. 0. 0. 0. 0. 0. 0. 0. 0.
 0. 0. 0. 0. 0. 0. 0. 0. 0. 0. 0. 0. 0. 0. 0. 0. 0. 0. 0. 0. 0. 0. 0. 0.
 0. 0. 0. 0. 0. 0. 0. 0. 0. 0. 0. 0. 0. 0. 0. 0. 0. 0. 0. 0. 0. 0. 0. 0.
 0. 0. 0. 0. 0. 0. 0. 0. 0. 0. 0. 0. 0. 0. 0. 0. 0. 0. 0. 0. 0. 0. 0. 0.
 0. 0. 0. 0. 0. 0. 0. 0. 0. 0. 0. 0. 0. 0. 0. 0. 0. 0. 0. 0. 0. 0. 0. 0.
 0. 0. 0. 0. 0. 0. 0. 0. 0. 0. 0. 0. 0. 0. 0. 0. 0. 0. 0. 0. 0. 0. 0. 0.
 0. 0. 0. 0. 0. 0. 0. 0. 0. 0. 0. 0. 0. 0. 0. 0. 0. 0. 0. 0. 0. 0. 0. 0.
 0. 0. 0. 0. 0. 0. 0. 0. 0. 0. 0. 0. 0. 0. 0. 0. 0. 0. 0. 0. 0. 0. 0. 0.
 0. 0. 0. 0. 0. 0. 0. 0. 0. 0. 0. 0. 0. 0. 0. 0. 0. 0. 0. 0. 0. 0. 0. 0.
 0. 0. 0. 0. 0. 0. 0. 0. 0. 0. 0. 0. 0. 0. 0. 0. 0. 0. 0. 0. 0. 0. 0. 0.
 0. 0. 0. 0. 0. 0. 0. 0. 0. 0. 0. 0. 0. 0. 0. 0. 0. 0. 0. 0. 0. 0. 0. 0.
 0. 0. 0. 0. 0. 0. 0. 0. 0. 0. 0. 0. 0. 0. 0. 0. 0. 0. 0. 0. 0. 0. 0. 0.
 0. 0. 0. 0. 0. 0. 0. 0. 0. 0. 0. 0. 0. 0. 0. 0. 0. 0. 0. 0. 0. 0. 0. 0.
 0. 0. 0. 0. 0. 0. 0. 0. 0. 0. 0. 0. 0. 0. 0. 0. 0. 0. 0. 0. 0. 0. 0. 0.
 0. 0. 0. 0. 0. 0. 0. 0. 0. 0. 0. 0. 0. 0. 0. 0. 0. 0. 0. 0. 0. 0. 0. 0.
 0. 0. 0. 0. 0. 0. 0. 0. 0. 0. 0. 0. 0. 0. 0. 0. 0. 0. 0. 0. 0. 0. 0. 0.
 0. 0. 0. 0. 0. 0. 0. 0. 0. 0. 0. 0. 0. 0. 0. 0. 0. 0. 0. 0. 0. 0. 0. 0.
 0. 0. 0. 0. 0. 0. 0. 0. 0. 0. 0. 0. 0. 0. 0. 0. 0. 0. 0. 0. 0. 0. 0. 0.
 0. 0. 0. 0. 0. 0. 0. 0. 0. 0. 0. 0. 0. 0. 0. 0. 0. 0. 0. 0. 0. 0. 0. 0.
 0. 0. 0. 0. 0. 0. 0. 0. 0. 0. 0. 0. 0. 0. 0. 0. 0. 0. 0. 0. 0. 0. 0. 0.]
Write sucessfully to ./data/data_shots_10000_layer_1/alpha_0.01/N_120/r_73/ansatz_type_structure_like_qubo_YZ_2/initialization_zeros

vqe.cvar_eval[0]: -25.06193600000002 , min_cvar: -52.697522000000035 , opt_cvar: -52.697522000000035

vqe.poss_eval[-1]: 0 vqe.poss_eval[0] 0  , max_poss: 0 , opt_poss: 0

vqe.r_eval[-1]: 0.5360274287043761 vqe.r_eval[0]: 0.2603061320935993 max_r: 0.5473435141936901 , min_r: 0.2532747949442608
