000 (15756404.1054.000) 2026-02-06 11:24:37 Job submitted from host: <141.34.103.35:9618?addrs=141.34.103.35-9618+[2001-638-700-f067--1-23]-9618&alias=wgs39.zeuthen.desy.de&noUDP&sock=schedd_7414_f73f>
...
001 (15756404.1054.000) 2026-02-07 06:49:13 Job executing on host: <141.34.14.32:9618?addrs=141.34.14.32-9618+[2001-638-700-f00e--1-20]-9618&alias=ampere01.zeuthen.desy.de&noUDP&sock=startd_7923_18f3>
	SlotName: slot1_7@ampere01.zeuthen.desy.de
	AvailableGPUs = {  }
	CondorScratchDir = "/batch/dir_2412251"
	Cpus = 8
	Disk = 1025682
	GPUs = 0
	Memory = 16384
...
006 (15756404.1054.000) 2026-02-07 06:49:20 Image size of job updated: 164
	0  -  MemoryUsage of job (MB)
	0  -  ResidentSetSize of job (KB)
...
005 (15756404.1054.000) 2026-02-07 06:49:20 Job terminated.
	(1) Normal termination (return value 1)
		Usr 0 00:00:02, Sys 0 00:00:00  -  Run Remote Usage
		Usr 0 00:00:00, Sys 0 00:00:00  -  Run Local Usage
		Usr 0 00:00:02, Sys 0 00:00:00  -  Total Remote Usage
		Usr 0 00:00:00, Sys 0 00:00:00  -  Total Local Usage
	0  -  Run Bytes Sent By Job
	0  -  Run Bytes Received By Job
	0  -  Total Bytes Sent By Job
	0  -  Total Bytes Received By Job
	Partitionable Resources :    Usage  Request Allocated 
	   Cpus                 :        0        8         8 
	   Disk (KB)            :        1  1024000   1025682 
	   GPUs                 :                           0 
	   Memory (MB)          :        0    16384     16384 
	   TimeExecute (s)      :        7                    
	   TimeSlotBusy (s)     :        7                    

	Job terminated of its own accord at 2026-02-07T05:49:20Z with exit-code 1.
...
000 (15950983.206.000) 2026-02-10 16:27:56 Job submitted from host: <141.34.103.35:9618?addrs=141.34.103.35-9618+[2001-638-700-f067--1-23]-9618&alias=wgs39.zeuthen.desy.de&noUDP&sock=schedd_7302_24a3>
...
001 (15950983.206.000) 2026-02-10 16:39:47 Job executing on host: <141.34.15.221:9618?addrs=141.34.15.221-9618+[2001-638-700-f00f--1-dd]-9618&alias=pizza29.zeuthen.desy.de&noUDP&sock=startd_9093_9ec2>
	SlotName: slot1_21@pizza29.zeuthen.desy.de
	CondorScratchDir = "/batch/dir_3145506"
	Cpus = 1
	Disk = 1025696
	GPUs = 0
	Memory = 5120
...
006 (15950983.206.000) 2026-02-10 16:40:01 Image size of job updated: 103384
	101  -  MemoryUsage of job (MB)
	103384  -  ResidentSetSize of job (KB)
...
006 (15950983.206.000) 2026-02-10 16:45:02 Image size of job updated: 665444
	512  -  MemoryUsage of job (MB)
	523492  -  ResidentSetSize of job (KB)
...
006 (15950983.206.000) 2026-02-10 16:55:03 Image size of job updated: 665444
	515  -  MemoryUsage of job (MB)
	526440  -  ResidentSetSize of job (KB)
...
006 (15950983.206.000) 2026-02-10 17:00:04 Image size of job updated: 665444
	517  -  MemoryUsage of job (MB)
	528960  -  ResidentSetSize of job (KB)
...
006 (15950983.206.000) 2026-02-10 18:30:13 Image size of job updated: 665444
	518  -  MemoryUsage of job (MB)
	529944  -  ResidentSetSize of job (KB)
...
006 (15950983.206.000) 2026-02-10 18:55:16 Image size of job updated: 665444
	519  -  MemoryUsage of job (MB)
	530820  -  ResidentSetSize of job (KB)
...
006 (15950983.206.000) 2026-02-10 19:00:16 Image size of job updated: 665444
	519  -  MemoryUsage of job (MB)
	530824  -  ResidentSetSize of job (KB)
...
006 (15950983.206.000) 2026-02-10 20:10:25 Image size of job updated: 665444
	519  -  MemoryUsage of job (MB)
	530964  -  ResidentSetSize of job (KB)
...
006 (15950983.206.000) 2026-02-10 20:15:25 Image size of job updated: 665444
	519  -  MemoryUsage of job (MB)
	531268  -  ResidentSetSize of job (KB)
...
006 (15950983.206.000) 2026-02-10 20:20:25 Image size of job updated: 665444
	520  -  MemoryUsage of job (MB)
	531572  -  ResidentSetSize of job (KB)
...
006 (15950983.206.000) 2026-02-10 20:25:26 Image size of job updated: 665444
	520  -  MemoryUsage of job (MB)
	532132  -  ResidentSetSize of job (KB)
...
006 (15950983.206.000) 2026-02-10 20:30:26 Image size of job updated: 665444
	521  -  MemoryUsage of job (MB)
	533012  -  ResidentSetSize of job (KB)
...
006 (15950983.206.000) 2026-02-10 20:35:26 Image size of job updated: 665444
	522  -  MemoryUsage of job (MB)
	533568  -  ResidentSetSize of job (KB)
...
006 (15950983.206.000) 2026-02-10 20:40:27 Image size of job updated: 665444
	523  -  MemoryUsage of job (MB)
	534548  -  ResidentSetSize of job (KB)
...
006 (15950983.206.000) 2026-02-10 20:45:27 Image size of job updated: 665444
	523  -  MemoryUsage of job (MB)
	534804  -  ResidentSetSize of job (KB)
...
006 (15950983.206.000) 2026-02-10 22:15:39 Image size of job updated: 665444
	523  -  MemoryUsage of job (MB)
	535060  -  ResidentSetSize of job (KB)
...
006 (15950983.206.000) 2026-02-11 00:45:50 Image size of job updated: 665444
	523  -  MemoryUsage of job (MB)
	535316  -  ResidentSetSize of job (KB)
...
