000 (15756408.988.000) 2026-02-06 11:26:59 Job submitted from host: <141.34.103.35:9618?addrs=141.34.103.35-9618+[2001-638-700-f067--1-23]-9618&alias=wgs39.zeuthen.desy.de&noUDP&sock=schedd_7414_f73f>
...
009 (15756408.988.000) 2026-02-10 11:47:41 Job was aborted.
	via condor_rm (by user tuccia)
...
000 (15951004.659.000) 2026-02-10 16:30:06 Job submitted from host: <141.34.103.35:9618?addrs=141.34.103.35-9618+[2001-638-700-f067--1-23]-9618&alias=wgs39.zeuthen.desy.de&noUDP&sock=schedd_7302_24a3>
...
001 (15951004.659.000) 2026-02-10 19:11:34 Job executing on host: <141.34.103.55:9618?addrs=141.34.103.55-9618+[2001-638-700-f067--1-37]-9618&alias=wgs45.zeuthen.desy.de&noUDP&sock=startd_7794_9d3c>
	SlotName: slot1_19@wgs45.zeuthen.desy.de
	CondorScratchDir = "/batch/dir_374204"
	Cpus = 1
	Disk = 1025025
	GPUs = 0
	Memory = 5120
...
006 (15951004.659.000) 2026-02-10 19:11:47 Image size of job updated: 103360
	101  -  MemoryUsage of job (MB)
	103360  -  ResidentSetSize of job (KB)
...
006 (15951004.659.000) 2026-02-10 19:16:47 Image size of job updated: 947664
	437  -  MemoryUsage of job (MB)
	446568  -  ResidentSetSize of job (KB)
...
006 (15951004.659.000) 2026-02-10 19:21:48 Image size of job updated: 947664
	563  -  MemoryUsage of job (MB)
	575764  -  ResidentSetSize of job (KB)
...
006 (15951004.659.000) 2026-02-10 19:26:49 Image size of job updated: 947664
	563  -  MemoryUsage of job (MB)
	576072  -  ResidentSetSize of job (KB)
...
006 (15951004.659.000) 2026-02-10 19:31:49 Image size of job updated: 947664
	563  -  MemoryUsage of job (MB)
	576388  -  ResidentSetSize of job (KB)
...
006 (15951004.659.000) 2026-02-10 19:36:50 Image size of job updated: 947664
	564  -  MemoryUsage of job (MB)
	576696  -  ResidentSetSize of job (KB)
...
006 (15951004.659.000) 2026-02-10 19:41:51 Image size of job updated: 947664
	564  -  MemoryUsage of job (MB)
	576980  -  ResidentSetSize of job (KB)
...
006 (15951004.659.000) 2026-02-10 19:46:51 Image size of job updated: 947664
	564  -  MemoryUsage of job (MB)
	577276  -  ResidentSetSize of job (KB)
...
006 (15951004.659.000) 2026-02-10 19:51:52 Image size of job updated: 947664
	565  -  MemoryUsage of job (MB)
	577568  -  ResidentSetSize of job (KB)
...
006 (15951004.659.000) 2026-02-10 19:56:53 Image size of job updated: 947664
	565  -  MemoryUsage of job (MB)
	577976  -  ResidentSetSize of job (KB)
...
006 (15951004.659.000) 2026-02-10 20:01:53 Image size of job updated: 947664
	565  -  MemoryUsage of job (MB)
	578496  -  ResidentSetSize of job (KB)
...
006 (15951004.659.000) 2026-02-10 20:06:54 Image size of job updated: 947664
	566  -  MemoryUsage of job (MB)
	578812  -  ResidentSetSize of job (KB)
...
006 (15951004.659.000) 2026-02-10 20:11:55 Image size of job updated: 947664
	566  -  MemoryUsage of job (MB)
	579140  -  ResidentSetSize of job (KB)
...
006 (15951004.659.000) 2026-02-10 20:16:55 Image size of job updated: 947664
	588  -  MemoryUsage of job (MB)
	601104  -  ResidentSetSize of job (KB)
...
006 (15951004.659.000) 2026-02-10 21:12:03 Image size of job updated: 947664
	588  -  MemoryUsage of job (MB)
	601204  -  ResidentSetSize of job (KB)
...
006 (15951004.659.000) 2026-02-10 22:07:08 Image size of job updated: 947664
	588  -  MemoryUsage of job (MB)
	601564  -  ResidentSetSize of job (KB)
...
006 (15951004.659.000) 2026-02-10 22:32:09 Image size of job updated: 947664
	590  -  MemoryUsage of job (MB)
	603608  -  ResidentSetSize of job (KB)
...
006 (15951004.659.000) 2026-02-10 23:02:11 Image size of job updated: 947664
	590  -  MemoryUsage of job (MB)
	603688  -  ResidentSetSize of job (KB)
...
006 (15951004.659.000) 2026-02-11 00:02:15 Image size of job updated: 947664
	590  -  MemoryUsage of job (MB)
	603776  -  ResidentSetSize of job (KB)
...
006 (15951004.659.000) 2026-02-11 01:52:25 Image size of job updated: 947664
	590  -  MemoryUsage of job (MB)
	603948  -  ResidentSetSize of job (KB)
...
006 (15951004.659.000) 2026-02-11 02:42:31 Image size of job updated: 947664
	591  -  MemoryUsage of job (MB)
	604192  -  ResidentSetSize of job (KB)
...
006 (15951004.659.000) 2026-02-11 02:47:32 Image size of job updated: 947664
	591  -  MemoryUsage of job (MB)
	604364  -  ResidentSetSize of job (KB)
...
