000 (15756404.988.000) 2026-02-06 11:24:36 Job submitted from host: <141.34.103.35:9618?addrs=141.34.103.35-9618+[2001-638-700-f067--1-23]-9618&alias=wgs39.zeuthen.desy.de&noUDP&sock=schedd_7414_f73f>
...
001 (15756404.988.000) 2026-02-07 06:41:13 Job executing on host: <141.34.15.202:9618?addrs=141.34.15.202-9618+[2001-638-700-f00f--1-ca]-9618&alias=pizza04.zeuthen.desy.de&noUDP&sock=startd_9156_d539>
	SlotName: slot1_6@pizza04.zeuthen.desy.de
	CondorScratchDir = "/batch/dir_242359"
	Cpus = 8
	Disk = 1025696
	GPUs = 0
	Memory = 16384
...
006 (15756404.988.000) 2026-02-07 06:41:19 Image size of job updated: 84
	0  -  MemoryUsage of job (MB)
	0  -  ResidentSetSize of job (KB)
...
005 (15756404.988.000) 2026-02-07 06:41:19 Job terminated.
	(1) Normal termination (return value 1)
		Usr 0 00:00:02, Sys 0 00:00:00  -  Run Remote Usage
		Usr 0 00:00:00, Sys 0 00:00:00  -  Run Local Usage
		Usr 0 00:00:02, Sys 0 00:00:00  -  Total Remote Usage
		Usr 0 00:00:00, Sys 0 00:00:00  -  Total Local Usage
	0  -  Run Bytes Sent By Job
	0  -  Run Bytes Received By Job
	0  -  Total Bytes Sent By Job
	0  -  Total Bytes Received By Job
	Partitionable Resources :    Usage  Request Allocated 
	   Cpus                 :        0        8         8 
	   Disk (KB)            :        1  1024000   1025696 
	   GPUs                 :                           0 
	   Memory (MB)          :        0    16384     16384 
	   TimeExecute (s)      :        6                    
	   TimeSlotBusy (s)     :        6                    

	Job terminated of its own accord at 2026-02-07T05:41:19Z with exit-code 1.
...
000 (15950983.118.000) 2026-02-10 16:27:55 Job submitted from host: <141.34.103.35:9618?addrs=141.34.103.35-9618+[2001-638-700-f067--1-23]-9618&alias=wgs39.zeuthen.desy.de&noUDP&sock=schedd_7302_24a3>
...
001 (15950983.118.000) 2026-02-10 16:35:04 Job executing on host: <141.34.15.44:9618?addrs=141.34.15.44-9618+[2001-638-700-f00f--1-2c]-9618&alias=pizza15.zeuthen.desy.de&noUDP&sock=startd_9131_af5b>
	SlotName: slot1_9@pizza15.zeuthen.desy.de
	CondorScratchDir = "/batch/dir_697353"
	Cpus = 1
	Disk = 1025696
	GPUs = 0
	Memory = 5120
...
006 (15950983.118.000) 2026-02-10 16:35:17 Image size of job updated: 103372
	101  -  MemoryUsage of job (MB)
	103372  -  ResidentSetSize of job (KB)
...
006 (15950983.118.000) 2026-02-10 16:40:17 Image size of job updated: 528820
	514  -  MemoryUsage of job (MB)
	525436  -  ResidentSetSize of job (KB)
...
006 (15950983.118.000) 2026-02-10 16:45:18 Image size of job updated: 530340
	514  -  MemoryUsage of job (MB)
	525440  -  ResidentSetSize of job (KB)
...
006 (15950983.118.000) 2026-02-10 16:50:19 Image size of job updated: 531064
	514  -  MemoryUsage of job (MB)
	525440  -  ResidentSetSize of job (KB)
...
006 (15950983.118.000) 2026-02-10 16:55:19 Image size of job updated: 531560
	516  -  MemoryUsage of job (MB)
	527456  -  ResidentSetSize of job (KB)
...
006 (15950983.118.000) 2026-02-10 17:00:20 Image size of job updated: 532140
	518  -  MemoryUsage of job (MB)
	529544  -  ResidentSetSize of job (KB)
...
006 (15950983.118.000) 2026-02-10 17:05:21 Image size of job updated: 532796
	518  -  MemoryUsage of job (MB)
	529544  -  ResidentSetSize of job (KB)
...
006 (15950983.118.000) 2026-02-10 17:10:21 Image size of job updated: 532948
	519  -  MemoryUsage of job (MB)
	531200  -  ResidentSetSize of job (KB)
...
006 (15950983.118.000) 2026-02-10 17:15:22 Image size of job updated: 533264
	519  -  MemoryUsage of job (MB)
	531200  -  ResidentSetSize of job (KB)
...
006 (15950983.118.000) 2026-02-10 17:20:23 Image size of job updated: 533516
	519  -  MemoryUsage of job (MB)
	531200  -  ResidentSetSize of job (KB)
...
006 (15950983.118.000) 2026-02-10 17:25:23 Image size of job updated: 534148
	519  -  MemoryUsage of job (MB)
	531200  -  ResidentSetSize of job (KB)
...
006 (15950983.118.000) 2026-02-10 17:50:27 Image size of job updated: 534148
	520  -  MemoryUsage of job (MB)
	531720  -  ResidentSetSize of job (KB)
...
006 (15950983.118.000) 2026-02-10 17:55:27 Image size of job updated: 534148
	520  -  MemoryUsage of job (MB)
	531724  -  ResidentSetSize of job (KB)
...
006 (15950983.118.000) 2026-02-10 18:10:28 Image size of job updated: 534148
	521  -  MemoryUsage of job (MB)
	532572  -  ResidentSetSize of job (KB)
...
006 (15950983.118.000) 2026-02-10 18:15:28 Image size of job updated: 534148
	521  -  MemoryUsage of job (MB)
	533440  -  ResidentSetSize of job (KB)
...
006 (15950983.118.000) 2026-02-10 18:20:29 Image size of job updated: 534456
	522  -  MemoryUsage of job (MB)
	534036  -  ResidentSetSize of job (KB)
...
006 (15950983.118.000) 2026-02-10 18:25:29 Image size of job updated: 534888
	522  -  MemoryUsage of job (MB)
	534036  -  ResidentSetSize of job (KB)
...
006 (15950983.118.000) 2026-02-10 18:30:29 Image size of job updated: 535288
	522  -  MemoryUsage of job (MB)
	534036  -  ResidentSetSize of job (KB)
...
006 (15950983.118.000) 2026-02-10 18:40:30 Image size of job updated: 536124
	522  -  MemoryUsage of job (MB)
	534036  -  ResidentSetSize of job (KB)
...
006 (15950983.118.000) 2026-02-10 18:45:30 Image size of job updated: 536660
	522  -  MemoryUsage of job (MB)
	534036  -  ResidentSetSize of job (KB)
...
006 (15950983.118.000) 2026-02-10 19:40:35 Image size of job updated: 536660
	522  -  MemoryUsage of job (MB)
	534044  -  ResidentSetSize of job (KB)
...
006 (15950983.118.000) 2026-02-10 19:45:35 Image size of job updated: 536660
	522  -  MemoryUsage of job (MB)
	534368  -  ResidentSetSize of job (KB)
...
006 (15950983.118.000) 2026-02-10 19:50:36 Image size of job updated: 536660
	523  -  MemoryUsage of job (MB)
	535324  -  ResidentSetSize of job (KB)
...
006 (15950983.118.000) 2026-02-10 19:55:36 Image size of job updated: 536660
	524  -  MemoryUsage of job (MB)
	536092  -  ResidentSetSize of job (KB)
...
006 (15950983.118.000) 2026-02-10 20:00:36 Image size of job updated: 536660
	524  -  MemoryUsage of job (MB)
	536512  -  ResidentSetSize of job (KB)
...
006 (15950983.118.000) 2026-02-10 20:05:37 Image size of job updated: 536860
	525  -  MemoryUsage of job (MB)
	536860  -  ResidentSetSize of job (KB)
...
006 (15950983.118.000) 2026-02-10 20:10:37 Image size of job updated: 537116
	525  -  MemoryUsage of job (MB)
	536860  -  ResidentSetSize of job (KB)
...
006 (15950983.118.000) 2026-02-10 21:30:45 Image size of job updated: 537116
	525  -  MemoryUsage of job (MB)
	537116  -  ResidentSetSize of job (KB)
...
006 (15950983.118.000) 2026-02-10 21:35:45 Image size of job updated: 537372
	525  -  MemoryUsage of job (MB)
	537116  -  ResidentSetSize of job (KB)
...
006 (15950983.118.000) 2026-02-10 23:15:57 Image size of job updated: 537372
	525  -  MemoryUsage of job (MB)
	537124  -  ResidentSetSize of job (KB)
...
006 (15950983.118.000) 2026-02-10 23:20:57 Image size of job updated: 537372
	525  -  MemoryUsage of job (MB)
	537136  -  ResidentSetSize of job (KB)
...
006 (15950983.118.000) 2026-02-10 23:25:57 Image size of job updated: 537380
	525  -  MemoryUsage of job (MB)
	537380  -  ResidentSetSize of job (KB)
...
006 (15950983.118.000) 2026-02-10 23:35:58 Image size of job updated: 537548
	525  -  MemoryUsage of job (MB)
	537548  -  ResidentSetSize of job (KB)
...
006 (15950983.118.000) 2026-02-10 23:40:58 Image size of job updated: 537636
	525  -  MemoryUsage of job (MB)
	537548  -  ResidentSetSize of job (KB)
...
006 (15950983.118.000) 2026-02-11 03:06:19 Image size of job updated: 537640
	526  -  MemoryUsage of job (MB)
	537640  -  ResidentSetSize of job (KB)
...
006 (15950983.118.000) 2026-02-11 03:11:20 Image size of job updated: 537896
	526  -  MemoryUsage of job (MB)
	537640  -  ResidentSetSize of job (KB)
...
006 (15950983.118.000) 2026-02-11 06:36:40 Image size of job updated: 537896
	526  -  MemoryUsage of job (MB)
	537644  -  ResidentSetSize of job (KB)
...
006 (15950983.118.000) 2026-02-11 06:41:41 Image size of job updated: 537900
	526  -  MemoryUsage of job (MB)
	537644  -  ResidentSetSize of job (KB)
...
006 (15950983.118.000) 2026-02-11 10:12:02 Image size of job updated: 537900
	526  -  MemoryUsage of job (MB)
	537900  -  ResidentSetSize of job (KB)
...
005 (15950983.118.000) 2026-02-11 14:59:39 Job terminated.
	(1) Normal termination (return value 0)
		Usr 0 22:10:05, Sys 0 00:00:17  -  Run Remote Usage
		Usr 0 00:00:00, Sys 0 00:00:00  -  Run Local Usage
		Usr 0 22:10:05, Sys 0 00:00:17  -  Total Remote Usage
		Usr 0 00:00:00, Sys 0 00:00:00  -  Total Local Usage
	0  -  Run Bytes Sent By Job
	0  -  Run Bytes Received By Job
	0  -  Total Bytes Sent By Job
	0  -  Total Bytes Received By Job
	Partitionable Resources :    Usage  Request Allocated 
	   Cpus                 :     0.99        1         1 
	   Disk (KB)            :     1     1024000   1025696 
	   GPUs                 :                           0 
	   Memory (MB)          :   526        5120      5120 
	   TimeExecute (s)      : 80675                       
	   TimeSlotBusy (s)     : 80675                       

	Job terminated of its own accord at 2026-02-11T13:59:39Z with exit-code 0.
...
