~~~~~~~~~~~~~~~~~~~~~~~~~~~~~~

n_qubits: 120, 
r: 45, 
alpha: 0.001, 
shots: 100000, 
ansatz: linear_cnot, 
layer: 1, 
tau: 0.3

time for simulated annealing:  135.69460487365723
Rank 1: Bitstring=100010101011100101101010110111001000010110000101111000100101100001001001111111100100111100101001111110001111001101000101, Decimal=720297678687829828558362336036451141, Energy=-101.8457
Rank 2: Bitstring=100010101011100101101010110111001000010110000101111000100101100001001001111111100100111100101001111111001111001101000101, Decimal=720297678687829828558362336036713285, Energy=-101.8443
Rank 3: Bitstring=100010101011100101101010110111001000010110001001111000110101100001001001111111100000111100101001111100001111001101000101, Decimal=720297678687848736471037613448426309, Energy=-101.7777
Rank 4: Bitstring=100010101011100101101010110111001000010110001001111000110101100001001001111111100000111100101001111101001111001101000101, Decimal=720297678687848736471037613448688453, Energy=-101.7763
Rank 5: Bitstring=100000101011100101101010010111001000010110001001111000110100100001011101111111110000110100101001111100011101001101000101, Decimal=678759264205488857163333931891807045, Energy=-101.7467
Rank 6: Bitstring=100000101011100101101010010111001000010110001001111000110100100001011101111111110000110100101001111101011101001101000101, Decimal=678759264205488857163333931892069189, Energy=-101.7453
Rank 7: Bitstring=100010101011100101101010110111001000000110000101011000100101000001001001111111100100111100101001111111001111001101000101, Decimal=720297678682991763520201632211858245, Energy=-101.7185
Rank 8: Bitstring=100010101011100101101010110111001000010110000101111000100101100001101001111111100100111100101001111111001110001001000101, Decimal=720297678687829828567369535291449925, Energy=-101.6889
Rank 9: Bitstring=100010101011100101101010110111001000000110001001011000110101000001001001111111100000111100101001111101001111001101000101, Decimal=720297678683010671432876909623833413, Energy=-101.6505
Rank 10: Bitstring=100010101011100101101010110111001000010110000101111000100101100001101001110111100100111100101001111110001110001001000101, Decimal=720297678687829828567334350919098949, Energy=-101.6455

E_min from simulated annealing:  -101.8457
Minimum energy: -101.8457
States with energy within 1e-08 of minimum: [720297678687829828558362336036451141]
4


################## Start optimization with initial parameters: [0. 0. 0. 0. 0. 0. 0. 0. 0. 0. 0. 0. 0. 0. 0. 0. 0. 0. 0. 0. 0. 0. 0. 0.
 0. 0. 0. 0. 0. 0. 0. 0. 0. 0. 0. 0. 0. 0. 0. 0. 0. 0. 0. 0. 0. 0. 0. 0.
 0. 0. 0. 0. 0. 0. 0. 0. 0. 0. 0. 0. 0. 0. 0. 0. 0. 0. 0. 0. 0. 0. 0. 0.
 0. 0. 0. 0. 0. 0. 0. 0. 0. 0. 0. 0. 0. 0. 0. 0. 0. 0. 0. 0. 0. 0. 0. 0.
 0. 0. 0. 0. 0. 0. 0. 0. 0. 0. 0. 0. 0. 0. 0. 0. 0. 0. 0. 0. 0. 0. 0. 0.
 0. 0. 0. 0. 0. 0. 0. 0. 0. 0. 0. 0. 0. 0. 0. 0. 0. 0. 0. 0. 0. 0. 0. 0.
 0. 0. 0. 0. 0. 0. 0. 0. 0. 0. 0. 0. 0. 0. 0. 0. 0. 0. 0. 0. 0. 0. 0. 0.
 0. 0. 0. 0. 0. 0. 0. 0. 0. 0. 0. 0. 0. 0. 0. 0. 0. 0. 0. 0. 0. 0. 0. 0.
 0. 0. 0. 0. 0. 0. 0. 0. 0. 0. 0. 0. 0. 0. 0. 0. 0. 0. 0. 0. 0. 0. 0. 0.
 0. 0. 0. 0. 0. 0. 0. 0. 0. 0. 0. 0. 0. 0. 0. 0. 0. 0. 0. 0. 0. 0. 0. 0.
 0. 0. 0. 0. 0. 0. 0. 0. 0. 0. 0. 0. 0. 0. 0. 0. 0. 0. 0. 0. 0. 0. 0. 0.
 0. 0. 0. 0. 0. 0. 0. 0. 0. 0. 0. 0. 0. 0. 0. 0. 0. 0. 0. 0. 0. 0. 0. 0.
 0. 0. 0. 0. 0. 0. 0. 0. 0. 0. 0. 0. 0. 0. 0. 0. 0. 0. 0. 0. 0. 0. 0. 0.
 0. 0. 0. 0. 0. 0. 0. 0. 0. 0. 0. 0. 0. 0. 0. 0. 0. 0. 0. 0. 0. 0. 0. 0.
 0. 0. 0. 0. 0. 0. 0. 0. 0. 0. 0. 0. 0. 0. 0. 0. 0. 0. 0. 0. 0. 0. 0. 0.
 0. 0. 0. 0. 0. 0. 0. 0. 0. 0. 0. 0. 0. 0. 0. 0. 0. 0. 0. 0. 0. 0. 0. 0.
 0. 0. 0. 0. 0. 0. 0. 0. 0. 0. 0. 0. 0. 0. 0. 0. 0. 0. 0. 0. 0. 0. 0. 0.
 0. 0. 0. 0. 0. 0. 0. 0. 0. 0. 0. 0. 0. 0. 0. 0. 0. 0. 0. 0. 0. 0. 0. 0.
 0. 0. 0. 0. 0. 0. 0. 0. 0. 0. 0. 0. 0. 0. 0. 0. 0. 0. 0. 0. 0. 0. 0. 0.
 0. 0. 0. 0. 0. 0. 0. 0. 0. 0. 0. 0. 0. 0. 0. 0. 0. 0. 0. 0. 0. 0. 0. 0.]
Write sucessfully to ./data/data_shots_100000_layer_1/alpha_0.001/N_120/r_45/ansatz_type_linear_cnot/initialization_zeros

vqe.cvar_eval[0]: -33.213729999999934 , min_cvar: -56.20679199999987 , opt_cvar: -56.20679199999987

vqe.poss_eval[-1]: 0 vqe.poss_eval[0] 0  , max_poss: 0 , opt_poss: 0

vqe.r_eval[-1]: 0.5472846079903216 vqe.r_eval[0]: 0.3261181375355065 max_r: 0.5518818369356769 , min_r: 0.3261181375355065
