000 (15756408.1065.000) 2026-02-06 11:27:00 Job submitted from host: <141.34.103.35:9618?addrs=141.34.103.35-9618+[2001-638-700-f067--1-23]-9618&alias=wgs39.zeuthen.desy.de&noUDP&sock=schedd_7414_f73f>
...
009 (15756408.1065.000) 2026-02-10 11:47:43 Job was aborted.
	via condor_rm (by user tuccia)
...
000 (15951004.710.000) 2026-02-10 16:30:07 Job submitted from host: <141.34.103.35:9618?addrs=141.34.103.35-9618+[2001-638-700-f067--1-23]-9618&alias=wgs39.zeuthen.desy.de&noUDP&sock=schedd_7302_24a3>
...
001 (15951004.710.000) 2026-02-11 04:09:01 Job executing on host: <141.34.15.81:9618?addrs=141.34.15.81-9618+[2001-638-700-f00f--1-51]-9618&alias=genoa06.zeuthen.desy.de&noUDP&sock=startd_10377_565c>
	SlotName: slot1_84@genoa06.zeuthen.desy.de
	CondorScratchDir = "/batch/dir_2170248"
	Cpus = 1
	Disk = 1025681
	GPUs = 0
	Memory = 5120
...
006 (15951004.710.000) 2026-02-11 04:09:15 Image size of job updated: 101388
	100  -  MemoryUsage of job (MB)
	101388  -  ResidentSetSize of job (KB)
...
006 (15951004.710.000) 2026-02-11 04:14:16 Image size of job updated: 615288
	601  -  MemoryUsage of job (MB)
	615288  -  ResidentSetSize of job (KB)
...
006 (15951004.710.000) 2026-02-11 04:19:16 Image size of job updated: 650508
	636  -  MemoryUsage of job (MB)
	650508  -  ResidentSetSize of job (KB)
...
006 (15951004.710.000) 2026-02-11 04:24:17 Image size of job updated: 655048
	640  -  MemoryUsage of job (MB)
	655048  -  ResidentSetSize of job (KB)
...
006 (15951004.710.000) 2026-02-11 04:34:18 Image size of job updated: 655052
	640  -  MemoryUsage of job (MB)
	655052  -  ResidentSetSize of job (KB)
...
006 (15951004.710.000) 2026-02-11 05:24:25 Image size of job updated: 655112
	640  -  MemoryUsage of job (MB)
	655112  -  ResidentSetSize of job (KB)
...
006 (15951004.710.000) 2026-02-11 06:19:32 Image size of job updated: 655140
	640  -  MemoryUsage of job (MB)
	655140  -  ResidentSetSize of job (KB)
...
006 (15951004.710.000) 2026-02-11 08:09:47 Image size of job updated: 655164
	640  -  MemoryUsage of job (MB)
	655164  -  ResidentSetSize of job (KB)
...
006 (15951004.710.000) 2026-02-11 08:39:51 Image size of job updated: 655216
	640  -  MemoryUsage of job (MB)
	655216  -  ResidentSetSize of job (KB)
...
