000 (15756408.955.000) 2026-02-06 11:26:59 Job submitted from host: <141.34.103.35:9618?addrs=141.34.103.35-9618+[2001-638-700-f067--1-23]-9618&alias=wgs39.zeuthen.desy.de&noUDP&sock=schedd_7414_f73f>
...
009 (15756408.955.000) 2026-02-10 11:47:40 Job was aborted.
	via condor_rm (by user tuccia)
...
000 (15951004.637.000) 2026-02-10 16:30:06 Job submitted from host: <141.34.103.35:9618?addrs=141.34.103.35-9618+[2001-638-700-f067--1-23]-9618&alias=wgs39.zeuthen.desy.de&noUDP&sock=schedd_7302_24a3>
...
001 (15951004.637.000) 2026-02-10 18:52:46 Job executing on host: <141.34.15.84:9618?addrs=141.34.15.84-9618+[2001-638-700-f00f--1-54]-9618&alias=genoa08.zeuthen.desy.de&noUDP&sock=startd_10216_e79d>
	SlotName: slot1_59@genoa08.zeuthen.desy.de
	CondorScratchDir = "/batch/dir_3440554"
	Cpus = 1
	Disk = 1025681
	GPUs = 0
	Memory = 5120
...
006 (15951004.637.000) 2026-02-10 18:52:59 Image size of job updated: 101400
	100  -  MemoryUsage of job (MB)
	101400  -  ResidentSetSize of job (KB)
...
006 (15951004.637.000) 2026-02-10 18:57:59 Image size of job updated: 695996
	459  -  MemoryUsage of job (MB)
	469264  -  ResidentSetSize of job (KB)
...
006 (15951004.637.000) 2026-02-10 19:03:00 Image size of job updated: 695996
	587  -  MemoryUsage of job (MB)
	600244  -  ResidentSetSize of job (KB)
...
006 (15951004.637.000) 2026-02-10 19:08:01 Image size of job updated: 695996
	587  -  MemoryUsage of job (MB)
	600564  -  ResidentSetSize of job (KB)
...
006 (15951004.637.000) 2026-02-10 19:13:01 Image size of job updated: 695996
	587  -  MemoryUsage of job (MB)
	600884  -  ResidentSetSize of job (KB)
...
006 (15951004.637.000) 2026-02-10 19:18:02 Image size of job updated: 695996
	588  -  MemoryUsage of job (MB)
	601200  -  ResidentSetSize of job (KB)
...
006 (15951004.637.000) 2026-02-10 19:23:02 Image size of job updated: 695996
	588  -  MemoryUsage of job (MB)
	601516  -  ResidentSetSize of job (KB)
...
006 (15951004.637.000) 2026-02-10 19:28:02 Image size of job updated: 695996
	588  -  MemoryUsage of job (MB)
	601828  -  ResidentSetSize of job (KB)
...
006 (15951004.637.000) 2026-02-10 19:33:03 Image size of job updated: 695996
	588  -  MemoryUsage of job (MB)
	602112  -  ResidentSetSize of job (KB)
...
006 (15951004.637.000) 2026-02-10 19:38:03 Image size of job updated: 695996
	589  -  MemoryUsage of job (MB)
	602416  -  ResidentSetSize of job (KB)
...
006 (15951004.637.000) 2026-02-10 19:43:03 Image size of job updated: 695996
	589  -  MemoryUsage of job (MB)
	602728  -  ResidentSetSize of job (KB)
...
006 (15951004.637.000) 2026-02-10 19:48:04 Image size of job updated: 695996
	589  -  MemoryUsage of job (MB)
	603040  -  ResidentSetSize of job (KB)
...
006 (15951004.637.000) 2026-02-10 19:53:04 Image size of job updated: 695996
	610  -  MemoryUsage of job (MB)
	624512  -  ResidentSetSize of job (KB)
...
006 (15951004.637.000) 2026-02-10 20:53:11 Image size of job updated: 695996
	613  -  MemoryUsage of job (MB)
	626812  -  ResidentSetSize of job (KB)
...
006 (15951004.637.000) 2026-02-10 21:28:15 Image size of job updated: 695996
	615  -  MemoryUsage of job (MB)
	629072  -  ResidentSetSize of job (KB)
...
006 (15951004.637.000) 2026-02-10 21:48:16 Image size of job updated: 695996
	615  -  MemoryUsage of job (MB)
	629484  -  ResidentSetSize of job (KB)
...
006 (15951004.637.000) 2026-02-10 23:38:27 Image size of job updated: 695996
	615  -  MemoryUsage of job (MB)
	629644  -  ResidentSetSize of job (KB)
...
006 (15951004.637.000) 2026-02-11 00:33:33 Image size of job updated: 695996
	616  -  MemoryUsage of job (MB)
	630000  -  ResidentSetSize of job (KB)
...
006 (15951004.637.000) 2026-02-11 01:33:40 Image size of job updated: 695996
	616  -  MemoryUsage of job (MB)
	630148  -  ResidentSetSize of job (KB)
...
006 (15951004.637.000) 2026-02-11 02:23:45 Image size of job updated: 695996
	616  -  MemoryUsage of job (MB)
	630160  -  ResidentSetSize of job (KB)
...
006 (15951004.637.000) 2026-02-11 03:23:51 Image size of job updated: 695996
	616  -  MemoryUsage of job (MB)
	630252  -  ResidentSetSize of job (KB)
...
006 (15951004.637.000) 2026-02-11 04:18:56 Image size of job updated: 695996
	616  -  MemoryUsage of job (MB)
	630292  -  ResidentSetSize of job (KB)
...
006 (15951004.637.000) 2026-02-11 05:14:01 Image size of job updated: 695996
	616  -  MemoryUsage of job (MB)
	630348  -  ResidentSetSize of job (KB)
...
006 (15951004.637.000) 2026-02-11 06:14:07 Image size of job updated: 695996
	616  -  MemoryUsage of job (MB)
	630684  -  ResidentSetSize of job (KB)
...
006 (15951004.637.000) 2026-02-11 07:14:12 Image size of job updated: 695996
	616  -  MemoryUsage of job (MB)
	630764  -  ResidentSetSize of job (KB)
...
006 (15951004.637.000) 2026-02-11 08:14:18 Image size of job updated: 695996
	617  -  MemoryUsage of job (MB)
	631108  -  ResidentSetSize of job (KB)
...
006 (15951004.637.000) 2026-02-11 09:19:24 Image size of job updated: 695996
	617  -  MemoryUsage of job (MB)
	631192  -  ResidentSetSize of job (KB)
...
