000 (15756408.1056.000) 2026-02-06 11:27:00 Job submitted from host: <141.34.103.35:9618?addrs=141.34.103.35-9618+[2001-638-700-f067--1-23]-9618&alias=wgs39.zeuthen.desy.de&noUDP&sock=schedd_7414_f73f>
...
009 (15756408.1056.000) 2026-02-10 11:47:42 Job was aborted.
	via condor_rm (by user tuccia)
...
000 (15951004.704.000) 2026-02-10 16:30:07 Job submitted from host: <141.34.103.35:9618?addrs=141.34.103.35-9618+[2001-638-700-f067--1-23]-9618&alias=wgs39.zeuthen.desy.de&noUDP&sock=schedd_7302_24a3>
...
001 (15951004.704.000) 2026-02-10 19:17:26 Job executing on host: <141.34.15.84:9618?addrs=141.34.15.84-9618+[2001-638-700-f00f--1-54]-9618&alias=genoa08.zeuthen.desy.de&noUDP&sock=startd_10216_e79d>
	SlotName: slot1_18@genoa08.zeuthen.desy.de
	CondorScratchDir = "/batch/dir_3488610"
	Cpus = 1
	Disk = 1025681
	GPUs = 0
	Memory = 5120
...
006 (15951004.704.000) 2026-02-10 19:17:40 Image size of job updated: 101404
	100  -  MemoryUsage of job (MB)
	101404  -  ResidentSetSize of job (KB)
...
006 (15951004.704.000) 2026-02-10 19:22:41 Image size of job updated: 449356
	435  -  MemoryUsage of job (MB)
	445116  -  ResidentSetSize of job (KB)
...
006 (15951004.704.000) 2026-02-10 19:27:42 Image size of job updated: 478488
	468  -  MemoryUsage of job (MB)
	478488  -  ResidentSetSize of job (KB)
...
006 (15951004.704.000) 2026-02-10 19:32:42 Image size of job updated: 480452
	470  -  MemoryUsage of job (MB)
	480452  -  ResidentSetSize of job (KB)
...
006 (15951004.704.000) 2026-02-10 19:37:43 Image size of job updated: 480460
	470  -  MemoryUsage of job (MB)
	480460  -  ResidentSetSize of job (KB)
...
006 (15951004.704.000) 2026-02-10 19:47:43 Image size of job updated: 480476
	470  -  MemoryUsage of job (MB)
	480460  -  ResidentSetSize of job (KB)
...
