000 (15756404.979.000) 2026-02-06 11:24:36 Job submitted from host: <141.34.103.35:9618?addrs=141.34.103.35-9618+[2001-638-700-f067--1-23]-9618&alias=wgs39.zeuthen.desy.de&noUDP&sock=schedd_7414_f73f>
...
001 (15756404.979.000) 2026-02-07 06:40:06 Job executing on host: <141.34.14.32:9618?addrs=141.34.14.32-9618+[2001-638-700-f00e--1-20]-9618&alias=ampere01.zeuthen.desy.de&noUDP&sock=startd_7923_18f3>
	SlotName: slot1_7@ampere01.zeuthen.desy.de
	AvailableGPUs = {  }
	CondorScratchDir = "/batch/dir_2386916"
	Cpus = 8
	Disk = 1025682
	GPUs = 0
	Memory = 16384
...
006 (15756404.979.000) 2026-02-07 06:40:13 Image size of job updated: 100
	0  -  MemoryUsage of job (MB)
	0  -  ResidentSetSize of job (KB)
...
005 (15756404.979.000) 2026-02-07 06:40:13 Job terminated.
	(1) Normal termination (return value 1)
		Usr 0 00:00:02, Sys 0 00:00:00  -  Run Remote Usage
		Usr 0 00:00:00, Sys 0 00:00:00  -  Run Local Usage
		Usr 0 00:00:02, Sys 0 00:00:00  -  Total Remote Usage
		Usr 0 00:00:00, Sys 0 00:00:00  -  Total Local Usage
	0  -  Run Bytes Sent By Job
	0  -  Run Bytes Received By Job
	0  -  Total Bytes Sent By Job
	0  -  Total Bytes Received By Job
	Partitionable Resources :    Usage  Request Allocated 
	   Cpus                 :        0        8         8 
	   Disk (KB)            :        1  1024000   1025682 
	   GPUs                 :                           0 
	   Memory (MB)          :        0    16384     16384 
	   TimeExecute (s)      :        7                    
	   TimeSlotBusy (s)     :        7                    

	Job terminated of its own accord at 2026-02-07T05:40:13Z with exit-code 1.
...
000 (15950983.106.000) 2026-02-10 16:27:55 Job submitted from host: <141.34.103.35:9618?addrs=141.34.103.35-9618+[2001-638-700-f067--1-23]-9618&alias=wgs39.zeuthen.desy.de&noUDP&sock=schedd_7302_24a3>
...
001 (15950983.106.000) 2026-02-10 16:34:43 Job executing on host: <141.34.15.61:9618?addrs=141.34.15.61-9618+[2001-638-700-f00f--1-3d]-9618&alias=bladej6.zeuthen.desy.de&noUDP&sock=startd_11029_8e1c>
	SlotName: slot1_14@bladej6.zeuthen.desy.de
	CondorScratchDir = "/batch/dir_3867852"
	Cpus = 1
	Disk = 1025024
	GPUs = 0
	Memory = 5120
...
006 (15950983.106.000) 2026-02-10 16:34:57 Image size of job updated: 101260
	99  -  MemoryUsage of job (MB)
	101260  -  ResidentSetSize of job (KB)
...
006 (15950983.106.000) 2026-02-10 16:39:58 Image size of job updated: 810916
	666  -  MemoryUsage of job (MB)
	680996  -  ResidentSetSize of job (KB)
...
006 (15950983.106.000) 2026-02-10 16:44:59 Image size of job updated: 810916
	685  -  MemoryUsage of job (MB)
	700544  -  ResidentSetSize of job (KB)
...
006 (15950983.106.000) 2026-02-10 16:49:59 Image size of job updated: 810916
	685  -  MemoryUsage of job (MB)
	700548  -  ResidentSetSize of job (KB)
...
006 (15950983.106.000) 2026-02-10 17:05:01 Image size of job updated: 810916
	685  -  MemoryUsage of job (MB)
	700708  -  ResidentSetSize of job (KB)
...
006 (15950983.106.000) 2026-02-10 17:30:05 Image size of job updated: 810916
	685  -  MemoryUsage of job (MB)
	701188  -  ResidentSetSize of job (KB)
...
006 (15950983.106.000) 2026-02-10 17:35:05 Image size of job updated: 810916
	685  -  MemoryUsage of job (MB)
	701192  -  ResidentSetSize of job (KB)
...
006 (15950983.106.000) 2026-02-10 17:45:06 Image size of job updated: 810916
	686  -  MemoryUsage of job (MB)
	701796  -  ResidentSetSize of job (KB)
...
006 (15950983.106.000) 2026-02-10 17:50:06 Image size of job updated: 810916
	686  -  MemoryUsage of job (MB)
	701800  -  ResidentSetSize of job (KB)
...
006 (15950983.106.000) 2026-02-10 19:00:13 Image size of job updated: 810916
	687  -  MemoryUsage of job (MB)
	702892  -  ResidentSetSize of job (KB)
...
006 (15950983.106.000) 2026-02-10 19:05:14 Image size of job updated: 810916
	689  -  MemoryUsage of job (MB)
	704784  -  ResidentSetSize of job (KB)
...
006 (15950983.106.000) 2026-02-10 19:35:16 Image size of job updated: 810916
	690  -  MemoryUsage of job (MB)
	705620  -  ResidentSetSize of job (KB)
...
006 (15950983.106.000) 2026-02-10 21:15:26 Image size of job updated: 810916
	690  -  MemoryUsage of job (MB)
	706136  -  ResidentSetSize of job (KB)
...
006 (15950983.106.000) 2026-02-10 21:25:27 Image size of job updated: 810916
	691  -  MemoryUsage of job (MB)
	706648  -  ResidentSetSize of job (KB)
...
006 (15950983.106.000) 2026-02-10 21:30:27 Image size of job updated: 810916
	691  -  MemoryUsage of job (MB)
	706716  -  ResidentSetSize of job (KB)
...
006 (15950983.106.000) 2026-02-10 21:35:27 Image size of job updated: 810916
	691  -  MemoryUsage of job (MB)
	707160  -  ResidentSetSize of job (KB)
...
006 (15950983.106.000) 2026-02-10 21:40:28 Image size of job updated: 810916
	691  -  MemoryUsage of job (MB)
	707416  -  ResidentSetSize of job (KB)
...
006 (15950983.106.000) 2026-02-11 02:10:53 Image size of job updated: 810916
	691  -  MemoryUsage of job (MB)
	707524  -  ResidentSetSize of job (KB)
...
006 (15950983.106.000) 2026-02-11 02:25:55 Image size of job updated: 810916
	692  -  MemoryUsage of job (MB)
	707604  -  ResidentSetSize of job (KB)
...
006 (15950983.106.000) 2026-02-11 02:30:55 Image size of job updated: 810916
	692  -  MemoryUsage of job (MB)
	707780  -  ResidentSetSize of job (KB)
...
006 (15950983.106.000) 2026-02-11 02:35:56 Image size of job updated: 810916
	692  -  MemoryUsage of job (MB)
	708036  -  ResidentSetSize of job (KB)
...
006 (15950983.106.000) 2026-02-11 07:56:28 Image size of job updated: 810916
	692  -  MemoryUsage of job (MB)
	708040  -  ResidentSetSize of job (KB)
...
006 (15950983.106.000) 2026-02-11 08:56:36 Image size of job updated: 810916
	692  -  MemoryUsage of job (MB)
	708080  -  ResidentSetSize of job (KB)
...
005 (15950983.106.000) 2026-02-11 22:40:42 Job terminated.
	(1) Normal termination (return value 0)
		Usr 1 05:58:06, Sys 0 00:00:25  -  Run Remote Usage
		Usr 0 00:00:00, Sys 0 00:00:00  -  Run Local Usage
		Usr 1 05:58:06, Sys 0 00:00:25  -  Total Remote Usage
		Usr 0 00:00:00, Sys 0 00:00:00  -  Total Local Usage
	0  -  Run Bytes Sent By Job
	0  -  Run Bytes Received By Job
	0  -  Total Bytes Sent By Job
	0  -  Total Bytes Received By Job
	Partitionable Resources :     Usage  Request Allocated 
	   Cpus                 :      1.00        1         1 
	   Disk (KB)            :      1     1024000   1025024 
	   GPUs                 :                            0 
	   Memory (MB)          :    692        5120      5120 
	   TimeExecute (s)      : 108359                       
	   TimeSlotBusy (s)     : 108359                       

	Job terminated of its own accord at 2026-02-11T21:40:42Z with exit-code 0.
...
