000 (15756404.1056.000) 2026-02-06 11:24:37 Job submitted from host: <141.34.103.35:9618?addrs=141.34.103.35-9618+[2001-638-700-f067--1-23]-9618&alias=wgs39.zeuthen.desy.de&noUDP&sock=schedd_7414_f73f>
...
001 (15756404.1056.000) 2026-02-07 06:50:06 Job executing on host: <141.34.15.202:9618?addrs=141.34.15.202-9618+[2001-638-700-f00f--1-ca]-9618&alias=pizza04.zeuthen.desy.de&noUDP&sock=startd_9156_d539>
	SlotName: slot1_6@pizza04.zeuthen.desy.de
	CondorScratchDir = "/batch/dir_246342"
	Cpus = 8
	Disk = 1025696
	GPUs = 0
	Memory = 16384
...
006 (15756404.1056.000) 2026-02-07 06:50:13 Image size of job updated: 84
	0  -  MemoryUsage of job (MB)
	0  -  ResidentSetSize of job (KB)
...
005 (15756404.1056.000) 2026-02-07 06:50:13 Job terminated.
	(1) Normal termination (return value 1)
		Usr 0 00:00:02, Sys 0 00:00:00  -  Run Remote Usage
		Usr 0 00:00:00, Sys 0 00:00:00  -  Run Local Usage
		Usr 0 00:00:02, Sys 0 00:00:00  -  Total Remote Usage
		Usr 0 00:00:00, Sys 0 00:00:00  -  Total Local Usage
	0  -  Run Bytes Sent By Job
	0  -  Run Bytes Received By Job
	0  -  Total Bytes Sent By Job
	0  -  Total Bytes Received By Job
	Partitionable Resources :    Usage  Request Allocated 
	   Cpus                 :        0        8         8 
	   Disk (KB)            :        1  1024000   1025696 
	   GPUs                 :                           0 
	   Memory (MB)          :        0    16384     16384 
	   TimeExecute (s)      :        7                    
	   TimeSlotBusy (s)     :        7                    

	Job terminated of its own accord at 2026-02-07T05:50:13Z with exit-code 1.
...
000 (15950983.208.000) 2026-02-10 16:27:56 Job submitted from host: <141.34.103.35:9618?addrs=141.34.103.35-9618+[2001-638-700-f067--1-23]-9618&alias=wgs39.zeuthen.desy.de&noUDP&sock=schedd_7302_24a3>
...
001 (15950983.208.000) 2026-02-10 16:40:08 Job executing on host: <141.34.15.71:9618?addrs=141.34.15.71-9618+[2001-638-700-f00f--1-47]-9618&alias=bladeje.zeuthen.desy.de&noUDP&sock=startd_12535_8bbd>
	SlotName: slot1_17@bladeje.zeuthen.desy.de
	CondorScratchDir = "/batch/dir_1172079"
	Cpus = 1
	Disk = 1025024
	GPUs = 0
	Memory = 5120
...
006 (15950983.208.000) 2026-02-10 16:40:22 Image size of job updated: 101368
	99  -  MemoryUsage of job (MB)
	101368  -  ResidentSetSize of job (KB)
...
006 (15950983.208.000) 2026-02-10 16:45:23 Image size of job updated: 797440
	398  -  MemoryUsage of job (MB)
	407140  -  ResidentSetSize of job (KB)
...
005 (15950983.208.000) 2026-02-10 19:15:36 Job terminated.
	(1) Normal termination (return value 0)
		Usr 0 02:34:41, Sys 0 00:00:03  -  Run Remote Usage
		Usr 0 00:00:00, Sys 0 00:00:00  -  Run Local Usage
		Usr 0 02:34:41, Sys 0 00:00:03  -  Total Remote Usage
		Usr 0 00:00:00, Sys 0 00:00:00  -  Total Local Usage
	0  -  Run Bytes Sent By Job
	0  -  Run Bytes Received By Job
	0  -  Total Bytes Sent By Job
	0  -  Total Bytes Received By Job
	Partitionable Resources :    Usage  Request Allocated 
	   Cpus                 :     1.00        1         1 
	   Disk (KB)            :     1     1024000   1025024 
	   GPUs                 :                           0 
	   Memory (MB)          :   398        5120      5120 
	   TimeExecute (s)      :  9328                       
	   TimeSlotBusy (s)     :  9328                       

	Job terminated of its own accord at 2026-02-10T18:15:36Z with exit-code 0.
...
