000 (15756407.1092.000) 2026-02-06 11:26:13 Job submitted from host: <141.34.103.35:9618?addrs=141.34.103.35-9618+[2001-638-700-f067--1-23]-9618&alias=wgs39.zeuthen.desy.de&noUDP&sock=schedd_7414_f73f>
...
009 (15756407.1092.000) 2026-02-10 11:42:44 Job was aborted.
	via condor_rm (by user tuccia)
...
000 (15949294.728.000) 2026-02-10 11:45:21 Job submitted from host: <141.34.103.35:9618?addrs=141.34.103.35-9618+[2001-638-700-f067--1-23]-9618&alias=wgs39.zeuthen.desy.de&noUDP&sock=schedd_7302_24a3>
...
009 (15949294.728.000) 2026-02-10 11:45:47 Job was aborted.
	via condor_rm (by user tuccia)
...
000 (15949295.728.000) 2026-02-10 11:46:05 Job submitted from host: <141.34.103.35:9618?addrs=141.34.103.35-9618+[2001-638-700-f067--1-23]-9618&alias=wgs39.zeuthen.desy.de&noUDP&sock=schedd_7302_24a3>
...
000 (15950983.257.000) 2026-02-10 16:27:56 Job submitted from host: <141.34.103.35:9618?addrs=141.34.103.35-9618+[2001-638-700-f067--1-23]-9618&alias=wgs39.zeuthen.desy.de&noUDP&sock=schedd_7302_24a3>
...
001 (15950983.257.000) 2026-02-10 16:44:55 Job executing on host: <141.34.15.15:9618?addrs=141.34.15.15-9618+[2001-638-700-f00f--1-f]-9618&alias=bladej2.zeuthen.desy.de&noUDP&sock=startd_9360_c28b>
	SlotName: slot1_17@bladej2.zeuthen.desy.de
	CondorScratchDir = "/batch/dir_2653500"
	Cpus = 1
	Disk = 1025024
	GPUs = 0
	Memory = 5120
...
006 (15950983.257.000) 2026-02-10 16:45:08 Image size of job updated: 101364
	99  -  MemoryUsage of job (MB)
	101364  -  ResidentSetSize of job (KB)
...
006 (15950983.257.000) 2026-02-10 16:50:08 Image size of job updated: 682392
	568  -  MemoryUsage of job (MB)
	580692  -  ResidentSetSize of job (KB)
...
006 (15950983.257.000) 2026-02-10 17:30:14 Image size of job updated: 682392
	577  -  MemoryUsage of job (MB)
	590364  -  ResidentSetSize of job (KB)
...
006 (15950983.257.000) 2026-02-10 19:10:23 Image size of job updated: 682392
	578  -  MemoryUsage of job (MB)
	591816  -  ResidentSetSize of job (KB)
...
006 (15950983.257.000) 2026-02-10 19:15:23 Image size of job updated: 682392
	578  -  MemoryUsage of job (MB)
	591836  -  ResidentSetSize of job (KB)
...
006 (15950983.257.000) 2026-02-10 20:10:27 Image size of job updated: 682392
	580  -  MemoryUsage of job (MB)
	592968  -  ResidentSetSize of job (KB)
...
006 (15950983.257.000) 2026-02-10 20:15:27 Image size of job updated: 682392
	580  -  MemoryUsage of job (MB)
	593100  -  ResidentSetSize of job (KB)
...
006 (15950983.257.000) 2026-02-10 21:30:32 Image size of job updated: 682392
	580  -  MemoryUsage of job (MB)
	593404  -  ResidentSetSize of job (KB)
...
006 (15950983.257.000) 2026-02-10 21:45:33 Image size of job updated: 682392
	580  -  MemoryUsage of job (MB)
	593500  -  ResidentSetSize of job (KB)
...
006 (15950983.257.000) 2026-02-10 22:00:34 Image size of job updated: 682392
	582  -  MemoryUsage of job (MB)
	595796  -  ResidentSetSize of job (KB)
...
006 (15950983.257.000) 2026-02-10 22:05:34 Image size of job updated: 682392
	622  -  MemoryUsage of job (MB)
	636024  -  ResidentSetSize of job (KB)
...
006 (15950983.257.000) 2026-02-10 22:10:35 Image size of job updated: 682392
	622  -  MemoryUsage of job (MB)
	636240  -  ResidentSetSize of job (KB)
...
006 (15950983.257.000) 2026-02-10 22:35:38 Image size of job updated: 682392
	624  -  MemoryUsage of job (MB)
	637980  -  ResidentSetSize of job (KB)
...
006 (15950983.257.000) 2026-02-10 22:40:39 Image size of job updated: 682392
	624  -  MemoryUsage of job (MB)
	638068  -  ResidentSetSize of job (KB)
...
006 (15950983.257.000) 2026-02-11 02:31:04 Image size of job updated: 682392
	624  -  MemoryUsage of job (MB)
	638076  -  ResidentSetSize of job (KB)
...
006 (15950983.257.000) 2026-02-11 04:21:13 Image size of job updated: 682392
	624  -  MemoryUsage of job (MB)
	638152  -  ResidentSetSize of job (KB)
...
006 (15950983.257.000) 2026-02-11 04:51:15 Image size of job updated: 682392
	624  -  MemoryUsage of job (MB)
	638212  -  ResidentSetSize of job (KB)
...
006 (15950983.257.000) 2026-02-11 04:56:15 Image size of job updated: 682392
	624  -  MemoryUsage of job (MB)
	638300  -  ResidentSetSize of job (KB)
...
006 (15950983.257.000) 2026-02-11 09:41:49 Image size of job updated: 682392
	624  -  MemoryUsage of job (MB)
	638460  -  ResidentSetSize of job (KB)
...
006 (15950983.257.000) 2026-02-11 14:22:08 Image size of job updated: 682392
	624  -  MemoryUsage of job (MB)
	638512  -  ResidentSetSize of job (KB)
...
006 (15950983.257.000) 2026-02-11 15:52:17 Image size of job updated: 682392
	624  -  MemoryUsage of job (MB)
	638636  -  ResidentSetSize of job (KB)
...
006 (15950983.257.000) 2026-02-11 15:57:18 Image size of job updated: 682392
	624  -  MemoryUsage of job (MB)
	638728  -  ResidentSetSize of job (KB)
...
006 (15950983.257.000) 2026-02-11 19:37:37 Image size of job updated: 682392
	624  -  MemoryUsage of job (MB)
	638736  -  ResidentSetSize of job (KB)
...
006 (15950983.257.000) 2026-02-11 19:42:38 Image size of job updated: 682392
	624  -  MemoryUsage of job (MB)
	638748  -  ResidentSetSize of job (KB)
...
006 (15950983.257.000) 2026-02-11 19:47:38 Image size of job updated: 682392
	624  -  MemoryUsage of job (MB)
	638892  -  ResidentSetSize of job (KB)
...
006 (15950983.257.000) 2026-02-12 02:58:26 Image size of job updated: 682392
	624  -  MemoryUsage of job (MB)
	638968  -  ResidentSetSize of job (KB)
...
006 (15950983.257.000) 2026-02-12 10:29:16 Image size of job updated: 682392
	625  -  MemoryUsage of job (MB)
	639056  -  ResidentSetSize of job (KB)
...
006 (15950983.257.000) 2026-02-12 15:49:54 Image size of job updated: 682392
	625  -  MemoryUsage of job (MB)
	639068  -  ResidentSetSize of job (KB)
...
006 (15950983.257.000) 2026-02-12 16:09:57 Image size of job updated: 682392
	625  -  MemoryUsage of job (MB)
	639144  -  ResidentSetSize of job (KB)
...
006 (15950983.257.000) 2026-02-12 16:24:59 Image size of job updated: 682392
	625  -  MemoryUsage of job (MB)
	639776  -  ResidentSetSize of job (KB)
...
021 (15950983.257.000) 2026-02-12 16:44:58 Error from starter on slot1_17@bladej2.zeuthen.desy.de:
	runtime exceeded maximum (target.Runtime seconds)
	Code 21 Subcode 103
...
004 (15950983.257.000) 2026-02-12 16:44:58 Job was evicted.
	(0) CPU times
		Usr 1 23:42:01, Sys 0 00:00:10  -  Run Remote Usage
		Usr 0 00:00:00, Sys 0 00:00:00  -  Run Local Usage
	0  -  Run Bytes Sent By Job
	0  -  Run Bytes Received By Job
	Error from slot1_17@bladej2.zeuthen.desy.de: runtime exceeded maximum (target.Runtime seconds)
	Partitionable Resources :     Usage  Request Allocated 
	   Cpus                 :      0.99        1         1 
	   Disk (KB)            :      1     1024000   1025024 
	   GPUs                 :                            0 
	   Memory (MB)          :    625        5120      5120 
	   TimeSlotBusy (s)     : 172803                       
...
012 (15950983.257.000) 2026-02-12 16:44:58 Job was held.
	Error from slot1_17@bladej2.zeuthen.desy.de: runtime exceeded maximum (target.Runtime seconds)
	Code 21 Subcode 103
...
001 (15949295.728.000) 2026-02-13 21:49:01 Job executing on host: <141.34.15.41:9618?addrs=141.34.15.41-9618+[2001-638-700-f00f--1-29]-9618&alias=pizza12.zeuthen.desy.de&noUDP&sock=startd_8275_8a49>
	SlotName: slot1_1@pizza12.zeuthen.desy.de
	CondorScratchDir = "/batch/dir_2413103"
	Cpus = 8
	Disk = 1025696
	GPUs = 0
	Memory = 16384
...
006 (15949295.728.000) 2026-02-13 21:49:14 Image size of job updated: 103432
	102  -  MemoryUsage of job (MB)
	103432  -  ResidentSetSize of job (KB)
...
006 (15949295.728.000) 2026-02-13 21:54:14 Image size of job updated: 704040
	571  -  MemoryUsage of job (MB)
	583824  -  ResidentSetSize of job (KB)
...
006 (15949295.728.000) 2026-02-13 21:59:15 Image size of job updated: 704040
	579  -  MemoryUsage of job (MB)
	592464  -  ResidentSetSize of job (KB)
...
006 (15949295.728.000) 2026-02-13 22:04:15 Image size of job updated: 704040
	683  -  MemoryUsage of job (MB)
	698724  -  ResidentSetSize of job (KB)
...
006 (15949295.728.000) 2026-02-13 22:09:15 Image size of job updated: 728468
	712  -  MemoryUsage of job (MB)
	728468  -  ResidentSetSize of job (KB)
...
006 (15949295.728.000) 2026-02-13 22:14:16 Image size of job updated: 734376
	718  -  MemoryUsage of job (MB)
	734376  -  ResidentSetSize of job (KB)
...
006 (15949295.728.000) 2026-02-13 22:19:16 Image size of job updated: 750696
	734  -  MemoryUsage of job (MB)
	750696  -  ResidentSetSize of job (KB)
...
006 (15949295.728.000) 2026-02-13 22:24:17 Image size of job updated: 750800
	734  -  MemoryUsage of job (MB)
	750800  -  ResidentSetSize of job (KB)
...
006 (15949295.728.000) 2026-02-13 22:39:19 Image size of job updated: 753180
	736  -  MemoryUsage of job (MB)
	753180  -  ResidentSetSize of job (KB)
...
006 (15949295.728.000) 2026-02-13 23:09:23 Image size of job updated: 777360
	760  -  MemoryUsage of job (MB)
	777360  -  ResidentSetSize of job (KB)
...
006 (15949295.728.000) 2026-02-14 00:54:32 Image size of job updated: 809076
	791  -  MemoryUsage of job (MB)
	809076  -  ResidentSetSize of job (KB)
...
006 (15949295.728.000) 2026-02-14 09:00:21 Image size of job updated: 886616
	853  -  MemoryUsage of job (MB)
	872844  -  ResidentSetSize of job (KB)
...
006 (15949295.728.000) 2026-02-14 09:05:22 Image size of job updated: 888964
	855  -  MemoryUsage of job (MB)
	874824  -  ResidentSetSize of job (KB)
...
006 (15949295.728.000) 2026-02-14 09:10:22 Image size of job updated: 889188
	855  -  MemoryUsage of job (MB)
	874984  -  ResidentSetSize of job (KB)
...
006 (15949295.728.000) 2026-02-14 09:15:23 Image size of job updated: 890820
	870  -  MemoryUsage of job (MB)
	890820  -  ResidentSetSize of job (KB)
...
006 (15949295.728.000) 2026-02-14 09:45:26 Image size of job updated: 891024
	870  -  MemoryUsage of job (MB)
	890820  -  ResidentSetSize of job (KB)
...
006 (15949295.728.000) 2026-02-14 13:15:49 Image size of job updated: 891024
	871  -  MemoryUsage of job (MB)
	890956  -  ResidentSetSize of job (KB)
...
006 (15949295.728.000) 2026-02-14 14:35:54 Image size of job updated: 891024
	871  -  MemoryUsage of job (MB)
	890960  -  ResidentSetSize of job (KB)
...
006 (15949295.728.000) 2026-02-14 16:31:03 Image size of job updated: 891140
	871  -  MemoryUsage of job (MB)
	891140  -  ResidentSetSize of job (KB)
...
006 (15949295.728.000) 2026-02-14 17:16:08 Image size of job updated: 891164
	871  -  MemoryUsage of job (MB)
	891140  -  ResidentSetSize of job (KB)
...
006 (15949295.728.000) 2026-02-14 17:21:08 Image size of job updated: 891632
	871  -  MemoryUsage of job (MB)
	891140  -  ResidentSetSize of job (KB)
...
006 (15949295.728.000) 2026-02-14 17:31:09 Image size of job updated: 891632
	871  -  MemoryUsage of job (MB)
	891164  -  ResidentSetSize of job (KB)
...
006 (15949295.728.000) 2026-02-14 18:56:15 Image size of job updated: 891632
	871  -  MemoryUsage of job (MB)
	891420  -  ResidentSetSize of job (KB)
...
006 (15949295.728.000) 2026-02-14 19:16:17 Image size of job updated: 891736
	871  -  MemoryUsage of job (MB)
	891420  -  ResidentSetSize of job (KB)
...
006 (15949295.728.000) 2026-02-14 20:51:27 Image size of job updated: 891736
	871  -  MemoryUsage of job (MB)
	891656  -  ResidentSetSize of job (KB)
...
006 (15949295.728.000) 2026-02-14 20:56:27 Image size of job updated: 891968
	872  -  MemoryUsage of job (MB)
	891968  -  ResidentSetSize of job (KB)
...
006 (15949295.728.000) 2026-02-14 21:46:34 Image size of job updated: 892788
	872  -  MemoryUsage of job (MB)
	891968  -  ResidentSetSize of job (KB)
...
006 (15949295.728.000) 2026-02-14 21:56:34 Image size of job updated: 892788
	872  -  MemoryUsage of job (MB)
	892044  -  ResidentSetSize of job (KB)
...
006 (15949295.728.000) 2026-02-14 22:01:35 Image size of job updated: 892788
	872  -  MemoryUsage of job (MB)
	892336  -  ResidentSetSize of job (KB)
...
006 (15949295.728.000) 2026-02-14 22:11:35 Image size of job updated: 892960
	872  -  MemoryUsage of job (MB)
	892336  -  ResidentSetSize of job (KB)
...
006 (15949295.728.000) 2026-02-14 22:46:40 Image size of job updated: 893428
	872  -  MemoryUsage of job (MB)
	892336  -  ResidentSetSize of job (KB)
...
006 (15949295.728.000) 2026-02-15 00:36:52 Image size of job updated: 893428
	872  -  MemoryUsage of job (MB)
	892392  -  ResidentSetSize of job (KB)
...
006 (15949295.728.000) 2026-02-15 01:51:59 Image size of job updated: 893428
	872  -  MemoryUsage of job (MB)
	892824  -  ResidentSetSize of job (KB)
...
006 (15949295.728.000) 2026-02-15 03:12:06 Image size of job updated: 893428
	873  -  MemoryUsage of job (MB)
	893008  -  ResidentSetSize of job (KB)
...
006 (15949295.728.000) 2026-02-15 03:27:07 Image size of job updated: 893428
	873  -  MemoryUsage of job (MB)
	893324  -  ResidentSetSize of job (KB)
...
006 (15949295.728.000) 2026-02-15 04:02:10 Image size of job updated: 893776
	873  -  MemoryUsage of job (MB)
	893776  -  ResidentSetSize of job (KB)
...
006 (15949295.728.000) 2026-02-15 04:57:15 Image size of job updated: 894320
	873  -  MemoryUsage of job (MB)
	893776  -  ResidentSetSize of job (KB)
...
006 (15949295.728.000) 2026-02-15 05:17:17 Image size of job updated: 894452
	874  -  MemoryUsage of job (MB)
	894452  -  ResidentSetSize of job (KB)
...
006 (15949295.728.000) 2026-02-15 05:22:17 Image size of job updated: 894764
	874  -  MemoryUsage of job (MB)
	894764  -  ResidentSetSize of job (KB)
...
006 (15949295.728.000) 2026-02-15 05:27:17 Image size of job updated: 895052
	875  -  MemoryUsage of job (MB)
	895052  -  ResidentSetSize of job (KB)
...
006 (15949295.728.000) 2026-02-15 05:47:19 Image size of job updated: 895088
	875  -  MemoryUsage of job (MB)
	895052  -  ResidentSetSize of job (KB)
...
006 (15949295.728.000) 2026-02-15 05:52:19 Image size of job updated: 895824
	875  -  MemoryUsage of job (MB)
	895052  -  ResidentSetSize of job (KB)
...
006 (15949295.728.000) 2026-02-15 06:02:20 Image size of job updated: 895824
	875  -  MemoryUsage of job (MB)
	895264  -  ResidentSetSize of job (KB)
...
006 (15949295.728.000) 2026-02-15 06:17:21 Image size of job updated: 895824
	875  -  MemoryUsage of job (MB)
	895420  -  ResidentSetSize of job (KB)
...
006 (15949295.728.000) 2026-02-15 06:22:21 Image size of job updated: 895824
	875  -  MemoryUsage of job (MB)
	895732  -  ResidentSetSize of job (KB)
...
006 (15949295.728.000) 2026-02-15 07:37:30 Image size of job updated: 896512
	876  -  MemoryUsage of job (MB)
	896512  -  ResidentSetSize of job (KB)
...
006 (15949295.728.000) 2026-02-15 18:53:28 Image size of job updated: 896992
	876  -  MemoryUsage of job (MB)
	896512  -  ResidentSetSize of job (KB)
...
006 (15949295.728.000) 2026-02-15 21:43:45 Image size of job updated: 896992
	876  -  MemoryUsage of job (MB)
	896524  -  ResidentSetSize of job (KB)
...
021 (15949295.728.000) 2026-02-15 21:49:05 Error from starter on slot1_1@pizza12.zeuthen.desy.de:
	runtime exceeded maximum (target.Runtime seconds)
	Code 21 Subcode 103
...
004 (15949295.728.000) 2026-02-15 21:49:05 Job was evicted.
	(0) CPU times
		Usr 5 05:26:08, Sys 0 00:17:03  -  Run Remote Usage
		Usr 0 00:00:00, Sys 0 00:00:00  -  Run Local Usage
	0  -  Run Bytes Sent By Job
	0  -  Run Bytes Received By Job
	Error from slot1_1@pizza12.zeuthen.desy.de: runtime exceeded maximum (target.Runtime seconds)
	Partitionable Resources :     Usage  Request Allocated 
	   Cpus                 :      1.02        8         8 
	   Disk (KB)            :      1     1024000   1025696 
	   GPUs                 :                            0 
	   Memory (MB)          :    876       16384     16384 
	   TimeSlotBusy (s)     : 172804                       
...
012 (15949295.728.000) 2026-02-15 21:49:05 Job was held.
	Error from slot1_1@pizza12.zeuthen.desy.de: runtime exceeded maximum (target.Runtime seconds)
	Code 21 Subcode 103
...
009 (15949295.728.000) 2026-02-16 17:16:26 Job was aborted.
	via condor_rm (by user tuccia)
...
009 (15950983.257.000) 2026-02-16 17:16:52 Job was aborted.
	via condor_rm (by user tuccia)
...
