000 (15756408.999.000) 2026-02-06 11:26:59 Job submitted from host: <141.34.103.35:9618?addrs=141.34.103.35-9618+[2001-638-700-f067--1-23]-9618&alias=wgs39.zeuthen.desy.de&noUDP&sock=schedd_7414_f73f>
...
009 (15756408.999.000) 2026-02-10 11:47:41 Job was aborted.
	via condor_rm (by user tuccia)
...
000 (15951004.666.000) 2026-02-10 16:30:06 Job submitted from host: <141.34.103.35:9618?addrs=141.34.103.35-9618+[2001-638-700-f067--1-23]-9618&alias=wgs39.zeuthen.desy.de&noUDP&sock=schedd_7302_24a3>
...
001 (15951004.666.000) 2026-02-10 19:12:33 Job executing on host: <141.34.15.79:9618?addrs=141.34.15.79-9618+[2001-638-700-f00f--1-4f]-9618&alias=bladek6.zeuthen.desy.de&noUDP&sock=startd_9236_b4cd>
	SlotName: slot1_19@bladek6.zeuthen.desy.de
	CondorScratchDir = "/batch/dir_3935996"
	Cpus = 1
	Disk = 1025025
	GPUs = 0
	Memory = 5120
...
006 (15951004.666.000) 2026-02-10 19:12:47 Image size of job updated: 101288
	99  -  MemoryUsage of job (MB)
	101288  -  ResidentSetSize of job (KB)
...
006 (15951004.666.000) 2026-02-10 19:17:48 Image size of job updated: 790276
	595  -  MemoryUsage of job (MB)
	608812  -  ResidentSetSize of job (KB)
...
006 (15951004.666.000) 2026-02-10 19:22:48 Image size of job updated: 790276
	635  -  MemoryUsage of job (MB)
	649736  -  ResidentSetSize of job (KB)
...
006 (15951004.666.000) 2026-02-10 19:27:49 Image size of job updated: 790276
	635  -  MemoryUsage of job (MB)
	649916  -  ResidentSetSize of job (KB)
...
006 (15951004.666.000) 2026-02-10 19:32:50 Image size of job updated: 790276
	637  -  MemoryUsage of job (MB)
	652228  -  ResidentSetSize of job (KB)
...
006 (15951004.666.000) 2026-02-10 19:47:52 Image size of job updated: 790276
	637  -  MemoryUsage of job (MB)
	652248  -  ResidentSetSize of job (KB)
...
006 (15951004.666.000) 2026-02-10 20:47:58 Image size of job updated: 790276
	638  -  MemoryUsage of job (MB)
	652392  -  ResidentSetSize of job (KB)
...
006 (15951004.666.000) 2026-02-10 21:02:59 Image size of job updated: 790276
	638  -  MemoryUsage of job (MB)
	652404  -  ResidentSetSize of job (KB)
...
006 (15951004.666.000) 2026-02-10 21:48:02 Image size of job updated: 790276
	638  -  MemoryUsage of job (MB)
	652444  -  ResidentSetSize of job (KB)
...
006 (15951004.666.000) 2026-02-10 22:33:07 Image size of job updated: 790276
	638  -  MemoryUsage of job (MB)
	652492  -  ResidentSetSize of job (KB)
...
006 (15951004.666.000) 2026-02-10 22:38:08 Image size of job updated: 790276
	638  -  MemoryUsage of job (MB)
	652564  -  ResidentSetSize of job (KB)
...
006 (15951004.666.000) 2026-02-11 04:53:44 Image size of job updated: 790276
	638  -  MemoryUsage of job (MB)
	652660  -  ResidentSetSize of job (KB)
...
