000 (15756407.976.000) 2026-02-06 11:26:12 Job submitted from host: <141.34.103.35:9618?addrs=141.34.103.35-9618+[2001-638-700-f067--1-23]-9618&alias=wgs39.zeuthen.desy.de&noUDP&sock=schedd_7414_f73f>
...
009 (15756407.976.000) 2026-02-10 11:42:43 Job was aborted.
	via condor_rm (by user tuccia)
...
000 (15949294.651.000) 2026-02-10 11:45:21 Job submitted from host: <141.34.103.35:9618?addrs=141.34.103.35-9618+[2001-638-700-f067--1-23]-9618&alias=wgs39.zeuthen.desy.de&noUDP&sock=schedd_7302_24a3>
...
009 (15949294.651.000) 2026-02-10 11:45:47 Job was aborted.
	via condor_rm (by user tuccia)
...
000 (15949295.651.000) 2026-02-10 11:46:05 Job submitted from host: <141.34.103.35:9618?addrs=141.34.103.35-9618+[2001-638-700-f067--1-23]-9618&alias=wgs39.zeuthen.desy.de&noUDP&sock=schedd_7302_24a3>
...
000 (15950983.103.000) 2026-02-10 16:27:55 Job submitted from host: <141.34.103.35:9618?addrs=141.34.103.35-9618+[2001-638-700-f067--1-23]-9618&alias=wgs39.zeuthen.desy.de&noUDP&sock=schedd_7302_24a3>
...
001 (15950983.103.000) 2026-02-10 16:34:23 Job executing on host: <141.34.14.35:9618?addrs=141.34.14.35-9618+[2001-638-700-f00e--1-23]-9618&alias=ampere04.zeuthen.desy.de&noUDP&sock=startd_7431_a05b>
	SlotName: slot1_18@ampere04.zeuthen.desy.de
	AvailableGPUs = {  }
	CondorScratchDir = "/batch/dir_4111565"
	Cpus = 1
	Disk = 1025682
	GPUs = 0
	Memory = 5120
...
006 (15950983.103.000) 2026-02-10 16:34:36 Image size of job updated: 103372
	101  -  MemoryUsage of job (MB)
	103372  -  ResidentSetSize of job (KB)
...
006 (15950983.103.000) 2026-02-10 16:39:36 Image size of job updated: 674384
	513  -  MemoryUsage of job (MB)
	524932  -  ResidentSetSize of job (KB)
...
006 (15950983.103.000) 2026-02-10 16:44:36 Image size of job updated: 674384
	513  -  MemoryUsage of job (MB)
	524936  -  ResidentSetSize of job (KB)
...
006 (15950983.103.000) 2026-02-10 16:54:37 Image size of job updated: 674384
	514  -  MemoryUsage of job (MB)
	526092  -  ResidentSetSize of job (KB)
...
006 (15950983.103.000) 2026-02-10 16:59:37 Image size of job updated: 674384
	514  -  MemoryUsage of job (MB)
	526096  -  ResidentSetSize of job (KB)
...
006 (15950983.103.000) 2026-02-10 17:04:38 Image size of job updated: 674384
	516  -  MemoryUsage of job (MB)
	528040  -  ResidentSetSize of job (KB)
...
006 (15950983.103.000) 2026-02-10 17:09:38 Image size of job updated: 674384
	516  -  MemoryUsage of job (MB)
	528044  -  ResidentSetSize of job (KB)
...
006 (15950983.103.000) 2026-02-10 17:24:40 Image size of job updated: 674384
	519  -  MemoryUsage of job (MB)
	531012  -  ResidentSetSize of job (KB)
...
006 (15950983.103.000) 2026-02-10 18:04:44 Image size of job updated: 674384
	519  -  MemoryUsage of job (MB)
	531124  -  ResidentSetSize of job (KB)
...
006 (15950983.103.000) 2026-02-10 18:09:44 Image size of job updated: 674384
	519  -  MemoryUsage of job (MB)
	531292  -  ResidentSetSize of job (KB)
...
006 (15950983.103.000) 2026-02-10 18:14:45 Image size of job updated: 674384
	523  -  MemoryUsage of job (MB)
	534976  -  ResidentSetSize of job (KB)
...
006 (15950983.103.000) 2026-02-10 18:19:45 Image size of job updated: 674384
	524  -  MemoryUsage of job (MB)
	535848  -  ResidentSetSize of job (KB)
...
006 (15950983.103.000) 2026-02-10 18:24:45 Image size of job updated: 674384
	526  -  MemoryUsage of job (MB)
	537876  -  ResidentSetSize of job (KB)
...
006 (15950983.103.000) 2026-02-10 18:29:46 Image size of job updated: 674384
	527  -  MemoryUsage of job (MB)
	539020  -  ResidentSetSize of job (KB)
...
006 (15950983.103.000) 2026-02-10 18:34:46 Image size of job updated: 674384
	528  -  MemoryUsage of job (MB)
	540564  -  ResidentSetSize of job (KB)
...
006 (15950983.103.000) 2026-02-10 18:39:47 Image size of job updated: 674384
	530  -  MemoryUsage of job (MB)
	542096  -  ResidentSetSize of job (KB)
...
006 (15950983.103.000) 2026-02-10 18:44:48 Image size of job updated: 674384
	531  -  MemoryUsage of job (MB)
	543624  -  ResidentSetSize of job (KB)
...
006 (15950983.103.000) 2026-02-10 18:49:48 Image size of job updated: 674384
	531  -  MemoryUsage of job (MB)
	543700  -  ResidentSetSize of job (KB)
...
006 (15950983.103.000) 2026-02-10 18:54:49 Image size of job updated: 674384
	531  -  MemoryUsage of job (MB)
	543720  -  ResidentSetSize of job (KB)
...
006 (15950983.103.000) 2026-02-10 18:59:49 Image size of job updated: 674384
	532  -  MemoryUsage of job (MB)
	543776  -  ResidentSetSize of job (KB)
...
006 (15950983.103.000) 2026-02-10 19:14:50 Image size of job updated: 674384
	532  -  MemoryUsage of job (MB)
	543936  -  ResidentSetSize of job (KB)
...
006 (15950983.103.000) 2026-02-10 19:24:51 Image size of job updated: 674384
	533  -  MemoryUsage of job (MB)
	545308  -  ResidentSetSize of job (KB)
...
006 (15950983.103.000) 2026-02-10 19:39:53 Image size of job updated: 674384
	534  -  MemoryUsage of job (MB)
	546020  -  ResidentSetSize of job (KB)
...
006 (15950983.103.000) 2026-02-10 19:44:53 Image size of job updated: 674384
	535  -  MemoryUsage of job (MB)
	547476  -  ResidentSetSize of job (KB)
...
006 (15950983.103.000) 2026-02-10 19:54:55 Image size of job updated: 674384
	535  -  MemoryUsage of job (MB)
	547732  -  ResidentSetSize of job (KB)
...
006 (15950983.103.000) 2026-02-10 19:59:55 Image size of job updated: 674384
	536  -  MemoryUsage of job (MB)
	548640  -  ResidentSetSize of job (KB)
...
006 (15950983.103.000) 2026-02-10 20:09:56 Image size of job updated: 674384
	537  -  MemoryUsage of job (MB)
	548928  -  ResidentSetSize of job (KB)
...
006 (15950983.103.000) 2026-02-10 20:24:57 Image size of job updated: 674384
	538  -  MemoryUsage of job (MB)
	550116  -  ResidentSetSize of job (KB)
...
006 (15950983.103.000) 2026-02-10 20:29:57 Image size of job updated: 674384
	539  -  MemoryUsage of job (MB)
	551016  -  ResidentSetSize of job (KB)
...
006 (15950983.103.000) 2026-02-10 20:34:58 Image size of job updated: 674384
	540  -  MemoryUsage of job (MB)
	551948  -  ResidentSetSize of job (KB)
...
006 (15950983.103.000) 2026-02-10 20:39:58 Image size of job updated: 674384
	540  -  MemoryUsage of job (MB)
	552956  -  ResidentSetSize of job (KB)
...
006 (15950983.103.000) 2026-02-10 20:59:59 Image size of job updated: 674384
	541  -  MemoryUsage of job (MB)
	552996  -  ResidentSetSize of job (KB)
...
006 (15950983.103.000) 2026-02-10 21:15:00 Image size of job updated: 674384
	541  -  MemoryUsage of job (MB)
	553036  -  ResidentSetSize of job (KB)
...
006 (15950983.103.000) 2026-02-10 21:30:01 Image size of job updated: 674384
	541  -  MemoryUsage of job (MB)
	553380  -  ResidentSetSize of job (KB)
...
006 (15950983.103.000) 2026-02-10 21:45:03 Image size of job updated: 674384
	541  -  MemoryUsage of job (MB)
	553720  -  ResidentSetSize of job (KB)
...
006 (15950983.103.000) 2026-02-10 22:00:05 Image size of job updated: 674384
	541  -  MemoryUsage of job (MB)
	553724  -  ResidentSetSize of job (KB)
...
006 (15950983.103.000) 2026-02-10 22:05:06 Image size of job updated: 674384
	542  -  MemoryUsage of job (MB)
	554128  -  ResidentSetSize of job (KB)
...
006 (15950983.103.000) 2026-02-10 23:40:15 Image size of job updated: 674384
	542  -  MemoryUsage of job (MB)
	554392  -  ResidentSetSize of job (KB)
...
006 (15950983.103.000) 2026-02-10 23:45:15 Image size of job updated: 674384
	543  -  MemoryUsage of job (MB)
	555288  -  ResidentSetSize of job (KB)
...
006 (15950983.103.000) 2026-02-10 23:50:15 Image size of job updated: 674384
	544  -  MemoryUsage of job (MB)
	556172  -  ResidentSetSize of job (KB)
...
006 (15950983.103.000) 2026-02-10 23:55:16 Image size of job updated: 674384
	544  -  MemoryUsage of job (MB)
	557052  -  ResidentSetSize of job (KB)
...
006 (15950983.103.000) 2026-02-11 00:00:16 Image size of job updated: 674384
	545  -  MemoryUsage of job (MB)
	557712  -  ResidentSetSize of job (KB)
...
006 (15950983.103.000) 2026-02-11 00:20:20 Image size of job updated: 674384
	545  -  MemoryUsage of job (MB)
	558052  -  ResidentSetSize of job (KB)
...
006 (15950983.103.000) 2026-02-11 00:40:21 Image size of job updated: 674384
	546  -  MemoryUsage of job (MB)
	558140  -  ResidentSetSize of job (KB)
...
006 (15950983.103.000) 2026-02-11 01:10:23 Image size of job updated: 674384
	546  -  MemoryUsage of job (MB)
	558320  -  ResidentSetSize of job (KB)
...
006 (15950983.103.000) 2026-02-11 01:20:25 Image size of job updated: 674384
	546  -  MemoryUsage of job (MB)
	558396  -  ResidentSetSize of job (KB)
...
006 (15950983.103.000) 2026-02-11 08:01:05 Image size of job updated: 674384
	546  -  MemoryUsage of job (MB)
	558808  -  ResidentSetSize of job (KB)
...
006 (15950983.103.000) 2026-02-11 08:06:06 Image size of job updated: 674384
	547  -  MemoryUsage of job (MB)
	559608  -  ResidentSetSize of job (KB)
...
006 (15950983.103.000) 2026-02-11 08:11:06 Image size of job updated: 674384
	547  -  MemoryUsage of job (MB)
	560108  -  ResidentSetSize of job (KB)
...
006 (15950983.103.000) 2026-02-11 08:46:10 Image size of job updated: 674384
	548  -  MemoryUsage of job (MB)
	560264  -  ResidentSetSize of job (KB)
...
006 (15950983.103.000) 2026-02-11 08:51:10 Image size of job updated: 674384
	548  -  MemoryUsage of job (MB)
	561028  -  ResidentSetSize of job (KB)
...
006 (15950983.103.000) 2026-02-11 08:56:12 Image size of job updated: 674384
	549  -  MemoryUsage of job (MB)
	561472  -  ResidentSetSize of job (KB)
...
006 (15950983.103.000) 2026-02-11 09:16:13 Image size of job updated: 674384
	549  -  MemoryUsage of job (MB)
	561564  -  ResidentSetSize of job (KB)
...
006 (15950983.103.000) 2026-02-11 09:41:16 Image size of job updated: 674384
	549  -  MemoryUsage of job (MB)
	561656  -  ResidentSetSize of job (KB)
...
006 (15950983.103.000) 2026-02-11 10:06:19 Image size of job updated: 674384
	549  -  MemoryUsage of job (MB)
	562016  -  ResidentSetSize of job (KB)
...
