000 (15756408.961.000) 2026-02-06 11:26:59 Job submitted from host: <141.34.103.35:9618?addrs=141.34.103.35-9618+[2001-638-700-f067--1-23]-9618&alias=wgs39.zeuthen.desy.de&noUDP&sock=schedd_7414_f73f>
...
009 (15756408.961.000) 2026-02-10 11:47:40 Job was aborted.
	via condor_rm (by user tuccia)
...
000 (15951004.641.000) 2026-02-10 16:30:06 Job submitted from host: <141.34.103.35:9618?addrs=141.34.103.35-9618+[2001-638-700-f067--1-23]-9618&alias=wgs39.zeuthen.desy.de&noUDP&sock=schedd_7302_24a3>
...
001 (15951004.641.000) 2026-02-10 18:53:06 Job executing on host: <141.34.15.61:9618?addrs=141.34.15.61-9618+[2001-638-700-f00f--1-3d]-9618&alias=bladej6.zeuthen.desy.de&noUDP&sock=startd_11029_8e1c>
	SlotName: slot1_16@bladej6.zeuthen.desy.de
	CondorScratchDir = "/batch/dir_3947675"
	Cpus = 1
	Disk = 1025024
	GPUs = 0
	Memory = 5120
...
006 (15951004.641.000) 2026-02-10 18:53:19 Image size of job updated: 101256
	99  -  MemoryUsage of job (MB)
	101256  -  ResidentSetSize of job (KB)
...
006 (15951004.641.000) 2026-02-10 18:58:19 Image size of job updated: 775252
	402  -  MemoryUsage of job (MB)
	411460  -  ResidentSetSize of job (KB)
...
006 (15951004.641.000) 2026-02-10 19:03:19 Image size of job updated: 775252
	435  -  MemoryUsage of job (MB)
	445064  -  ResidentSetSize of job (KB)
...
006 (15951004.641.000) 2026-02-10 19:08:20 Image size of job updated: 775252
	556  -  MemoryUsage of job (MB)
	568416  -  ResidentSetSize of job (KB)
...
006 (15951004.641.000) 2026-02-10 19:13:20 Image size of job updated: 775252
	556  -  MemoryUsage of job (MB)
	568820  -  ResidentSetSize of job (KB)
...
006 (15951004.641.000) 2026-02-10 19:18:20 Image size of job updated: 775252
	556  -  MemoryUsage of job (MB)
	568956  -  ResidentSetSize of job (KB)
...
006 (15951004.641.000) 2026-02-10 19:23:21 Image size of job updated: 775252
	556  -  MemoryUsage of job (MB)
	569096  -  ResidentSetSize of job (KB)
...
006 (15951004.641.000) 2026-02-10 19:28:22 Image size of job updated: 775252
	556  -  MemoryUsage of job (MB)
	569272  -  ResidentSetSize of job (KB)
...
006 (15951004.641.000) 2026-02-10 19:33:22 Image size of job updated: 775252
	557  -  MemoryUsage of job (MB)
	569460  -  ResidentSetSize of job (KB)
...
006 (15951004.641.000) 2026-02-10 19:38:23 Image size of job updated: 775252
	557  -  MemoryUsage of job (MB)
	569648  -  ResidentSetSize of job (KB)
...
006 (15951004.641.000) 2026-02-10 19:43:24 Image size of job updated: 775252
	557  -  MemoryUsage of job (MB)
	569820  -  ResidentSetSize of job (KB)
...
006 (15951004.641.000) 2026-02-10 19:48:24 Image size of job updated: 775252
	557  -  MemoryUsage of job (MB)
	569996  -  ResidentSetSize of job (KB)
...
006 (15951004.641.000) 2026-02-10 19:53:25 Image size of job updated: 775252
	557  -  MemoryUsage of job (MB)
	570176  -  ResidentSetSize of job (KB)
...
006 (15951004.641.000) 2026-02-10 19:58:26 Image size of job updated: 775252
	557  -  MemoryUsage of job (MB)
	570348  -  ResidentSetSize of job (KB)
...
006 (15951004.641.000) 2026-02-10 20:03:26 Image size of job updated: 775252
	558  -  MemoryUsage of job (MB)
	570532  -  ResidentSetSize of job (KB)
...
006 (15951004.641.000) 2026-02-10 20:08:27 Image size of job updated: 775252
	558  -  MemoryUsage of job (MB)
	570720  -  ResidentSetSize of job (KB)
...
006 (15951004.641.000) 2026-02-10 20:13:28 Image size of job updated: 775252
	558  -  MemoryUsage of job (MB)
	570888  -  ResidentSetSize of job (KB)
...
006 (15951004.641.000) 2026-02-10 20:18:28 Image size of job updated: 775252
	558  -  MemoryUsage of job (MB)
	571028  -  ResidentSetSize of job (KB)
...
006 (15951004.641.000) 2026-02-10 20:23:29 Image size of job updated: 775252
	558  -  MemoryUsage of job (MB)
	571156  -  ResidentSetSize of job (KB)
...
006 (15951004.641.000) 2026-02-10 20:28:30 Image size of job updated: 775252
	558  -  MemoryUsage of job (MB)
	571328  -  ResidentSetSize of job (KB)
...
006 (15951004.641.000) 2026-02-10 20:33:30 Image size of job updated: 775252
	559  -  MemoryUsage of job (MB)
	571492  -  ResidentSetSize of job (KB)
...
006 (15951004.641.000) 2026-02-10 20:38:31 Image size of job updated: 775252
	559  -  MemoryUsage of job (MB)
	571656  -  ResidentSetSize of job (KB)
...
006 (15951004.641.000) 2026-02-10 20:43:32 Image size of job updated: 775252
	559  -  MemoryUsage of job (MB)
	571808  -  ResidentSetSize of job (KB)
...
006 (15951004.641.000) 2026-02-10 20:48:32 Image size of job updated: 775252
	580  -  MemoryUsage of job (MB)
	593232  -  ResidentSetSize of job (KB)
...
006 (15951004.641.000) 2026-02-10 22:28:40 Image size of job updated: 775252
	580  -  MemoryUsage of job (MB)
	593468  -  ResidentSetSize of job (KB)
...
006 (15951004.641.000) 2026-02-11 00:13:51 Image size of job updated: 775252
	580  -  MemoryUsage of job (MB)
	593624  -  ResidentSetSize of job (KB)
...
006 (15951004.641.000) 2026-02-11 02:04:02 Image size of job updated: 775252
	581  -  MemoryUsage of job (MB)
	593964  -  ResidentSetSize of job (KB)
...
006 (15951004.641.000) 2026-02-11 03:44:11 Image size of job updated: 775252
	581  -  MemoryUsage of job (MB)
	594300  -  ResidentSetSize of job (KB)
...
006 (15951004.641.000) 2026-02-11 05:24:21 Image size of job updated: 775252
	581  -  MemoryUsage of job (MB)
	594304  -  ResidentSetSize of job (KB)
...
006 (15951004.641.000) 2026-02-11 09:04:44 Image size of job updated: 775252
	581  -  MemoryUsage of job (MB)
	594580  -  ResidentSetSize of job (KB)
...
