000 (15756404.1045.000) 2026-02-06 11:24:37 Job submitted from host: <141.34.103.35:9618?addrs=141.34.103.35-9618+[2001-638-700-f067--1-23]-9618&alias=wgs39.zeuthen.desy.de&noUDP&sock=schedd_7414_f73f>
...
001 (15756404.1045.000) 2026-02-07 06:48:13 Job executing on host: <141.34.15.222:9618?addrs=141.34.15.222-9618+[2001-638-700-f00f--1-de]-9618&alias=pizza30.zeuthen.desy.de&noUDP&sock=startd_8310_8c1a>
	SlotName: slot1_12@pizza30.zeuthen.desy.de
	CondorScratchDir = "/batch/dir_1433554"
	Cpus = 8
	Disk = 1025696
	GPUs = 0
	Memory = 16384
...
006 (15756404.1045.000) 2026-02-07 06:48:20 Image size of job updated: 144
	0  -  MemoryUsage of job (MB)
	0  -  ResidentSetSize of job (KB)
...
005 (15756404.1045.000) 2026-02-07 06:48:20 Job terminated.
	(1) Normal termination (return value 1)
		Usr 0 00:00:02, Sys 0 00:00:00  -  Run Remote Usage
		Usr 0 00:00:00, Sys 0 00:00:00  -  Run Local Usage
		Usr 0 00:00:02, Sys 0 00:00:00  -  Total Remote Usage
		Usr 0 00:00:00, Sys 0 00:00:00  -  Total Local Usage
	0  -  Run Bytes Sent By Job
	0  -  Run Bytes Received By Job
	0  -  Total Bytes Sent By Job
	0  -  Total Bytes Received By Job
	Partitionable Resources :    Usage  Request Allocated 
	   Cpus                 :        0        8         8 
	   Disk (KB)            :        1  1024000   1025696 
	   GPUs                 :                           0 
	   Memory (MB)          :        0    16384     16384 
	   TimeExecute (s)      :        7                    
	   TimeSlotBusy (s)     :        7                    

	Job terminated of its own accord at 2026-02-07T05:48:20Z with exit-code 1.
...
000 (15950983.194.000) 2026-02-10 16:27:56 Job submitted from host: <141.34.103.35:9618?addrs=141.34.103.35-9618+[2001-638-700-f067--1-23]-9618&alias=wgs39.zeuthen.desy.de&noUDP&sock=schedd_7302_24a3>
...
001 (15950983.194.000) 2026-02-10 16:38:45 Job executing on host: <141.34.15.45:9618?addrs=141.34.15.45-9618+[2001-638-700-f00f--1-2d]-9618&alias=pizza16.zeuthen.desy.de&noUDP&sock=startd_8270_1c50>
	SlotName: slot1_14@pizza16.zeuthen.desy.de
	CondorScratchDir = "/batch/dir_1230577"
	Cpus = 1
	Disk = 1025696
	GPUs = 0
	Memory = 5120
...
006 (15950983.194.000) 2026-02-10 16:38:58 Image size of job updated: 103356
	101  -  MemoryUsage of job (MB)
	103356  -  ResidentSetSize of job (KB)
...
006 (15950983.194.000) 2026-02-10 16:43:58 Image size of job updated: 697800
	680  -  MemoryUsage of job (MB)
	695496  -  ResidentSetSize of job (KB)
...
006 (15950983.194.000) 2026-02-10 16:48:59 Image size of job updated: 699028
	680  -  MemoryUsage of job (MB)
	695496  -  ResidentSetSize of job (KB)
...
006 (15950983.194.000) 2026-02-10 16:54:00 Image size of job updated: 699276
	680  -  MemoryUsage of job (MB)
	695496  -  ResidentSetSize of job (KB)
...
006 (15950983.194.000) 2026-02-10 16:59:00 Image size of job updated: 700040
	680  -  MemoryUsage of job (MB)
	695496  -  ResidentSetSize of job (KB)
...
006 (15950983.194.000) 2026-02-10 17:04:01 Image size of job updated: 700200
	680  -  MemoryUsage of job (MB)
	695496  -  ResidentSetSize of job (KB)
...
006 (15950983.194.000) 2026-02-10 17:09:02 Image size of job updated: 700772
	680  -  MemoryUsage of job (MB)
	695496  -  ResidentSetSize of job (KB)
...
006 (15950983.194.000) 2026-02-10 17:14:02 Image size of job updated: 700956
	684  -  MemoryUsage of job (MB)
	700096  -  ResidentSetSize of job (KB)
...
006 (15950983.194.000) 2026-02-10 17:19:03 Image size of job updated: 701172
	684  -  MemoryUsage of job (MB)
	700100  -  ResidentSetSize of job (KB)
...
006 (15950983.194.000) 2026-02-10 17:24:04 Image size of job updated: 701936
	684  -  MemoryUsage of job (MB)
	700100  -  ResidentSetSize of job (KB)
...
006 (15950983.194.000) 2026-02-10 17:29:04 Image size of job updated: 702196
	684  -  MemoryUsage of job (MB)
	700100  -  ResidentSetSize of job (KB)
...
006 (15950983.194.000) 2026-02-10 17:34:05 Image size of job updated: 702548
	684  -  MemoryUsage of job (MB)
	700100  -  ResidentSetSize of job (KB)
...
006 (15950983.194.000) 2026-02-10 17:39:06 Image size of job updated: 702784
	686  -  MemoryUsage of job (MB)
	702160  -  ResidentSetSize of job (KB)
...
006 (15950983.194.000) 2026-02-10 17:44:06 Image size of job updated: 703112
	686  -  MemoryUsage of job (MB)
	702160  -  ResidentSetSize of job (KB)
...
006 (15950983.194.000) 2026-02-10 18:34:13 Image size of job updated: 703252
	686  -  MemoryUsage of job (MB)
	702160  -  ResidentSetSize of job (KB)
...
006 (15950983.194.000) 2026-02-10 18:39:14 Image size of job updated: 703404
	686  -  MemoryUsage of job (MB)
	702160  -  ResidentSetSize of job (KB)
...
006 (15950983.194.000) 2026-02-10 18:44:14 Image size of job updated: 703848
	686  -  MemoryUsage of job (MB)
	702160  -  ResidentSetSize of job (KB)
...
006 (15950983.194.000) 2026-02-10 18:49:15 Image size of job updated: 704320
	686  -  MemoryUsage of job (MB)
	702160  -  ResidentSetSize of job (KB)
...
006 (15950983.194.000) 2026-02-10 18:54:16 Image size of job updated: 704380
	686  -  MemoryUsage of job (MB)
	702160  -  ResidentSetSize of job (KB)
...
006 (15950983.194.000) 2026-02-10 18:59:16 Image size of job updated: 705144
	686  -  MemoryUsage of job (MB)
	702160  -  ResidentSetSize of job (KB)
...
006 (15950983.194.000) 2026-02-10 19:39:22 Image size of job updated: 705144
	686  -  MemoryUsage of job (MB)
	702184  -  ResidentSetSize of job (KB)
...
006 (15950983.194.000) 2026-02-10 19:44:22 Image size of job updated: 705144
	687  -  MemoryUsage of job (MB)
	702520  -  ResidentSetSize of job (KB)
...
006 (15950983.194.000) 2026-02-10 19:49:23 Image size of job updated: 705144
	687  -  MemoryUsage of job (MB)
	703228  -  ResidentSetSize of job (KB)
...
006 (15950983.194.000) 2026-02-10 19:54:24 Image size of job updated: 705144
	688  -  MemoryUsage of job (MB)
	703740  -  ResidentSetSize of job (KB)
...
006 (15950983.194.000) 2026-02-10 20:04:25 Image size of job updated: 705144
	688  -  MemoryUsage of job (MB)
	704508  -  ResidentSetSize of job (KB)
...
006 (15950983.194.000) 2026-02-10 20:09:26 Image size of job updated: 705144
	689  -  MemoryUsage of job (MB)
	704764  -  ResidentSetSize of job (KB)
...
006 (15950983.194.000) 2026-02-10 20:14:26 Image size of job updated: 705144
	689  -  MemoryUsage of job (MB)
	705036  -  ResidentSetSize of job (KB)
...
006 (15950983.194.000) 2026-02-10 20:19:28 Image size of job updated: 705532
	689  -  MemoryUsage of job (MB)
	705280  -  ResidentSetSize of job (KB)
...
006 (15950983.194.000) 2026-02-10 23:19:48 Image size of job updated: 705532
	689  -  MemoryUsage of job (MB)
	705300  -  ResidentSetSize of job (KB)
...
006 (15950983.194.000) 2026-02-10 23:29:49 Image size of job updated: 705556
	690  -  MemoryUsage of job (MB)
	705556  -  ResidentSetSize of job (KB)
...
006 (15950983.194.000) 2026-02-10 23:34:49 Image size of job updated: 705576
	690  -  MemoryUsage of job (MB)
	705576  -  ResidentSetSize of job (KB)
...
006 (15950983.194.000) 2026-02-10 23:39:50 Image size of job updated: 705812
	690  -  MemoryUsage of job (MB)
	705576  -  ResidentSetSize of job (KB)
...
006 (15950983.194.000) 2026-02-10 23:49:50 Image size of job updated: 706068
	690  -  MemoryUsage of job (MB)
	706068  -  ResidentSetSize of job (KB)
...
006 (15950983.194.000) 2026-02-10 23:54:51 Image size of job updated: 706324
	690  -  MemoryUsage of job (MB)
	706068  -  ResidentSetSize of job (KB)
...
006 (15950983.194.000) 2026-02-11 03:30:10 Image size of job updated: 706324
	690  -  MemoryUsage of job (MB)
	706096  -  ResidentSetSize of job (KB)
...
006 (15950983.194.000) 2026-02-11 03:35:10 Image size of job updated: 706332
	690  -  MemoryUsage of job (MB)
	706096  -  ResidentSetSize of job (KB)
...
006 (15950983.194.000) 2026-02-11 07:30:39 Image size of job updated: 706332
	690  -  MemoryUsage of job (MB)
	706332  -  ResidentSetSize of job (KB)
...
