~~~~~~~~~~~~~~~~~~~~~~~~~~~~~~

n_qubits: 120, 
r: 36, 
alpha: 0.01, 
shots: 10000, 
ansatz: linear_cnot, 
layer: 1, 
tau: 0.3

time for simulated annealing:  169.7193102836609
Rank 1: Bitstring=010101010111101000011011110010000100000101010000001101010010000011010001011111101111101100100001011100101001000101010100, Decimal=443821888083454649258769794271973716, Energy=-108.5218
Rank 2: Bitstring=010101010111101010011011110010000101000101010000001101010010000011010011011111101111101100100001011100101001000101000100, Decimal=443832029307599288208378784646336836, Energy=-107.9752
Rank 3: Bitstring=110101010111101010011011110010000101000101010000001101010010000011010010011111101011101100101011011100101001001101000100, Decimal=1108446027200057224660000565099664196, Energy=-107.796
Rank 4: Bitstring=010101010111100000011011110010000100000101010000001101010010000011010001011111101111101100100001011100101001000101010101, Decimal=443781323264247345917921899769401685, Energy=-107.787
Rank 5: Bitstring=010101010111101000011011110010000110000101010000001101010010000011010001011111111111101100100001011100101001000101010100, Decimal=443821888122140275486439027374199124, Energy=-107.7676
Rank 6: Bitstring=110101010111101010011001110010000001000101010000001001010010000011010010011111101011101100101011011100101001001101000100, Decimal=1108445868666360648528083931477742404, Energy=-107.6762
Rank 7: Bitstring=010101010111101010011011110010000101000101010000001101010010000011010010011111101011101100101011011100101001000101000100, Decimal=443832029307599288208097034959491396, Energy=-107.5464
Rank 8: Bitstring=010001010111101000011011110010000100000101010000001101010010000011010001011111101111101100100001011100101001000100010100, Decimal=360745138346897407202281853004452116, Energy=-107.4686
Rank 9: Bitstring=010101010111101010011001110010000001000101010000001001010010000011010010011111101011101100101011011100101001000101000100, Decimal=443831870773902712076180401337569604, Energy=-107.4266
Rank 10: Bitstring=010101010111001000011011111010000100000101010010001101010010000011010001011111101111101100100001011100101001000101010100, Decimal=443659638710155194911386154745106772, Energy=-107.4118

E_min from simulated annealing:  -108.5218
Minimum energy: -108.5218
States with energy within 1e-08 of minimum: [443821888083454649258769794271973716]
4


################## Start optimization with initial parameters: [0. 0. 0. 0. 0. 0. 0. 0. 0. 0. 0. 0. 0. 0. 0. 0. 0. 0. 0. 0. 0. 0. 0. 0.
 0. 0. 0. 0. 0. 0. 0. 0. 0. 0. 0. 0. 0. 0. 0. 0. 0. 0. 0. 0. 0. 0. 0. 0.
 0. 0. 0. 0. 0. 0. 0. 0. 0. 0. 0. 0. 0. 0. 0. 0. 0. 0. 0. 0. 0. 0. 0. 0.
 0. 0. 0. 0. 0. 0. 0. 0. 0. 0. 0. 0. 0. 0. 0. 0. 0. 0. 0. 0. 0. 0. 0. 0.
 0. 0. 0. 0. 0. 0. 0. 0. 0. 0. 0. 0. 0. 0. 0. 0. 0. 0. 0. 0. 0. 0. 0. 0.
 0. 0. 0. 0. 0. 0. 0. 0. 0. 0. 0. 0. 0. 0. 0. 0. 0. 0. 0. 0. 0. 0. 0. 0.
 0. 0. 0. 0. 0. 0. 0. 0. 0. 0. 0. 0. 0. 0. 0. 0. 0. 0. 0. 0. 0. 0. 0. 0.
 0. 0. 0. 0. 0. 0. 0. 0. 0. 0. 0. 0. 0. 0. 0. 0. 0. 0. 0. 0. 0. 0. 0. 0.
 0. 0. 0. 0. 0. 0. 0. 0. 0. 0. 0. 0. 0. 0. 0. 0. 0. 0. 0. 0. 0. 0. 0. 0.
 0. 0. 0. 0. 0. 0. 0. 0. 0. 0. 0. 0. 0. 0. 0. 0. 0. 0. 0. 0. 0. 0. 0. 0.
 0. 0. 0. 0. 0. 0. 0. 0. 0. 0. 0. 0. 0. 0. 0. 0. 0. 0. 0. 0. 0. 0. 0. 0.
 0. 0. 0. 0. 0. 0. 0. 0. 0. 0. 0. 0. 0. 0. 0. 0. 0. 0. 0. 0. 0. 0. 0. 0.
 0. 0. 0. 0. 0. 0. 0. 0. 0. 0. 0. 0. 0. 0. 0. 0. 0. 0. 0. 0. 0. 0. 0. 0.
 0. 0. 0. 0. 0. 0. 0. 0. 0. 0. 0. 0. 0. 0. 0. 0. 0. 0. 0. 0. 0. 0. 0. 0.
 0. 0. 0. 0. 0. 0. 0. 0. 0. 0. 0. 0. 0. 0. 0. 0. 0. 0. 0. 0. 0. 0. 0. 0.
 0. 0. 0. 0. 0. 0. 0. 0. 0. 0. 0. 0. 0. 0. 0. 0. 0. 0. 0. 0. 0. 0. 0. 0.
 0. 0. 0. 0. 0. 0. 0. 0. 0. 0. 0. 0. 0. 0. 0. 0. 0. 0. 0. 0. 0. 0. 0. 0.
 0. 0. 0. 0. 0. 0. 0. 0. 0. 0. 0. 0. 0. 0. 0. 0. 0. 0. 0. 0. 0. 0. 0. 0.
 0. 0. 0. 0. 0. 0. 0. 0. 0. 0. 0. 0. 0. 0. 0. 0. 0. 0. 0. 0. 0. 0. 0. 0.
 0. 0. 0. 0. 0. 0. 0. 0. 0. 0. 0. 0. 0. 0. 0. 0. 0. 0. 0. 0. 0. 0. 0. 0.]
Write sucessfully to ./data/data_shots_10000_layer_1/alpha_0.01/N_120/r_36/ansatz_type_linear_cnot/initialization_zeros

vqe.cvar_eval[0]: -26.230202000000006 , min_cvar: -29.342996000000007 , opt_cvar: -29.342996000000007

vqe.poss_eval[-1]: 0 vqe.poss_eval[0] 0  , max_poss: 0 , opt_poss: 0

vqe.r_eval[-1]: 0.26913506779283075 vqe.r_eval[0]: 0.2417044501657732 max_r: 0.2703880326349177 , min_r: 0.23130948804756293
