000 (15756408.1012.000) 2026-02-06 11:26:59 Job submitted from host: <141.34.103.35:9618?addrs=141.34.103.35-9618+[2001-638-700-f067--1-23]-9618&alias=wgs39.zeuthen.desy.de&noUDP&sock=schedd_7414_f73f>
...
009 (15756408.1012.000) 2026-02-10 11:47:41 Job was aborted.
	via condor_rm (by user tuccia)
...
000 (15951004.675.000) 2026-02-10 16:30:06 Job submitted from host: <141.34.103.35:9618?addrs=141.34.103.35-9618+[2001-638-700-f067--1-23]-9618&alias=wgs39.zeuthen.desy.de&noUDP&sock=schedd_7302_24a3>
...
001 (15951004.675.000) 2026-02-10 19:13:21 Job executing on host: <141.34.15.191:9618?addrs=141.34.15.191-9618+[2001-638-700-f00f--1-bf]-9618&alias=bladeka.zeuthen.desy.de&noUDP&sock=startd_9434_848d>
	SlotName: slot1_17@bladeka.zeuthen.desy.de
	CondorScratchDir = "/batch/dir_4142941"
	Cpus = 1
	Disk = 1025024
	GPUs = 0
	Memory = 5120
...
006 (15951004.675.000) 2026-02-10 19:13:35 Image size of job updated: 101272
	99  -  MemoryUsage of job (MB)
	101272  -  ResidentSetSize of job (KB)
...
006 (15951004.675.000) 2026-02-10 19:18:36 Image size of job updated: 914648
	590  -  MemoryUsage of job (MB)
	603988  -  ResidentSetSize of job (KB)
...
006 (15951004.675.000) 2026-02-10 19:23:36 Image size of job updated: 914648
	722  -  MemoryUsage of job (MB)
	739040  -  ResidentSetSize of job (KB)
...
006 (15951004.675.000) 2026-02-10 19:28:36 Image size of job updated: 914648
	722  -  MemoryUsage of job (MB)
	739100  -  ResidentSetSize of job (KB)
...
006 (15951004.675.000) 2026-02-10 19:33:37 Image size of job updated: 914648
	722  -  MemoryUsage of job (MB)
	739252  -  ResidentSetSize of job (KB)
...
006 (15951004.675.000) 2026-02-10 19:38:37 Image size of job updated: 914648
	723  -  MemoryUsage of job (MB)
	739396  -  ResidentSetSize of job (KB)
...
006 (15951004.675.000) 2026-02-10 19:43:37 Image size of job updated: 914648
	723  -  MemoryUsage of job (MB)
	739560  -  ResidentSetSize of job (KB)
...
006 (15951004.675.000) 2026-02-10 19:48:38 Image size of job updated: 914648
	723  -  MemoryUsage of job (MB)
	739728  -  ResidentSetSize of job (KB)
...
006 (15951004.675.000) 2026-02-10 19:53:38 Image size of job updated: 914648
	723  -  MemoryUsage of job (MB)
	739888  -  ResidentSetSize of job (KB)
...
006 (15951004.675.000) 2026-02-10 19:58:38 Image size of job updated: 914648
	723  -  MemoryUsage of job (MB)
	740068  -  ResidentSetSize of job (KB)
...
006 (15951004.675.000) 2026-02-10 20:03:39 Image size of job updated: 914648
	723  -  MemoryUsage of job (MB)
	740244  -  ResidentSetSize of job (KB)
...
006 (15951004.675.000) 2026-02-10 20:08:40 Image size of job updated: 914648
	724  -  MemoryUsage of job (MB)
	740392  -  ResidentSetSize of job (KB)
...
006 (15951004.675.000) 2026-02-10 20:13:40 Image size of job updated: 914648
	724  -  MemoryUsage of job (MB)
	740572  -  ResidentSetSize of job (KB)
...
006 (15951004.675.000) 2026-02-10 20:18:41 Image size of job updated: 914648
	724  -  MemoryUsage of job (MB)
	740724  -  ResidentSetSize of job (KB)
...
006 (15951004.675.000) 2026-02-10 20:23:42 Image size of job updated: 914648
	724  -  MemoryUsage of job (MB)
	740888  -  ResidentSetSize of job (KB)
...
006 (15951004.675.000) 2026-02-10 20:28:42 Image size of job updated: 914648
	724  -  MemoryUsage of job (MB)
	741036  -  ResidentSetSize of job (KB)
...
006 (15951004.675.000) 2026-02-10 20:33:43 Image size of job updated: 914648
	724  -  MemoryUsage of job (MB)
	741212  -  ResidentSetSize of job (KB)
...
006 (15951004.675.000) 2026-02-10 20:38:44 Image size of job updated: 914648
	724  -  MemoryUsage of job (MB)
	741368  -  ResidentSetSize of job (KB)
...
006 (15951004.675.000) 2026-02-10 20:43:44 Image size of job updated: 914648
	725  -  MemoryUsage of job (MB)
	741524  -  ResidentSetSize of job (KB)
...
006 (15951004.675.000) 2026-02-10 20:48:44 Image size of job updated: 914648
	725  -  MemoryUsage of job (MB)
	741696  -  ResidentSetSize of job (KB)
...
006 (15951004.675.000) 2026-02-10 20:53:45 Image size of job updated: 914648
	725  -  MemoryUsage of job (MB)
	741876  -  ResidentSetSize of job (KB)
...
006 (15951004.675.000) 2026-02-10 20:58:45 Image size of job updated: 914648
	725  -  MemoryUsage of job (MB)
	742048  -  ResidentSetSize of job (KB)
...
006 (15951004.675.000) 2026-02-10 21:03:45 Image size of job updated: 914648
	772  -  MemoryUsage of job (MB)
	789724  -  ResidentSetSize of job (KB)
...
