000 (15756404.904.000) 2026-02-06 11:24:36 Job submitted from host: <141.34.103.35:9618?addrs=141.34.103.35-9618+[2001-638-700-f067--1-23]-9618&alias=wgs39.zeuthen.desy.de&noUDP&sock=schedd_7414_f73f>
...
001 (15756404.904.000) 2026-02-07 06:21:05 Job executing on host: <141.34.15.202:9618?addrs=141.34.15.202-9618+[2001-638-700-f00f--1-ca]-9618&alias=pizza04.zeuthen.desy.de&noUDP&sock=startd_9156_d539>
	SlotName: slot1_6@pizza04.zeuthen.desy.de
	CondorScratchDir = "/batch/dir_234000"
	Cpus = 8
	Disk = 1025696
	GPUs = 0
	Memory = 16384
...
006 (15756404.904.000) 2026-02-07 06:21:12 Image size of job updated: 220
	0  -  MemoryUsage of job (MB)
	0  -  ResidentSetSize of job (KB)
...
005 (15756404.904.000) 2026-02-07 06:21:12 Job terminated.
	(1) Normal termination (return value 1)
		Usr 0 00:00:02, Sys 0 00:00:00  -  Run Remote Usage
		Usr 0 00:00:00, Sys 0 00:00:00  -  Run Local Usage
		Usr 0 00:00:02, Sys 0 00:00:00  -  Total Remote Usage
		Usr 0 00:00:00, Sys 0 00:00:00  -  Total Local Usage
	0  -  Run Bytes Sent By Job
	0  -  Run Bytes Received By Job
	0  -  Total Bytes Sent By Job
	0  -  Total Bytes Received By Job
	Partitionable Resources :    Usage  Request Allocated 
	   Cpus                 :        0        8         8 
	   Disk (KB)            :        1  1024000   1025696 
	   GPUs                 :                           0 
	   Memory (MB)          :        0    16384     16384 
	   TimeExecute (s)      :        7                    
	   TimeSlotBusy (s)     :        7                    

	Job terminated of its own accord at 2026-02-07T05:21:12Z with exit-code 1.
...
000 (15950983.006.000) 2026-02-10 16:27:54 Job submitted from host: <141.34.103.35:9618?addrs=141.34.103.35-9618+[2001-638-700-f067--1-23]-9618&alias=wgs39.zeuthen.desy.de&noUDP&sock=schedd_7302_24a3>
...
001 (15950983.006.000) 2026-02-10 16:30:55 Job executing on host: <141.34.15.223:9618?addrs=141.34.15.223-9618+[2001-638-700-f00f--1-df]-9618&alias=pizza31.zeuthen.desy.de&noUDP&sock=startd_8333_52c8>
	SlotName: slot1_16@pizza31.zeuthen.desy.de
	CondorScratchDir = "/batch/dir_30886"
	Cpus = 1
	Disk = 1025696
	GPUs = 0
	Memory = 5120
...
006 (15950983.006.000) 2026-02-10 16:31:08 Image size of job updated: 103372
	101  -  MemoryUsage of job (MB)
	103372  -  ResidentSetSize of job (KB)
...
006 (15950983.006.000) 2026-02-10 16:36:08 Image size of job updated: 901476
	663  -  MemoryUsage of job (MB)
	678156  -  ResidentSetSize of job (KB)
...
006 (15950983.006.000) 2026-02-10 16:41:09 Image size of job updated: 901476
	677  -  MemoryUsage of job (MB)
	692496  -  ResidentSetSize of job (KB)
...
006 (15950983.006.000) 2026-02-10 16:46:10 Image size of job updated: 901476
	678  -  MemoryUsage of job (MB)
	693500  -  ResidentSetSize of job (KB)
...
006 (15950983.006.000) 2026-02-10 16:56:11 Image size of job updated: 901476
	680  -  MemoryUsage of job (MB)
	696268  -  ResidentSetSize of job (KB)
...
006 (15950983.006.000) 2026-02-10 17:01:12 Image size of job updated: 901476
	681  -  MemoryUsage of job (MB)
	697252  -  ResidentSetSize of job (KB)
...
006 (15950983.006.000) 2026-02-10 17:06:12 Image size of job updated: 901476
	683  -  MemoryUsage of job (MB)
	699312  -  ResidentSetSize of job (KB)
...
006 (15950983.006.000) 2026-02-10 17:11:13 Image size of job updated: 901476
	685  -  MemoryUsage of job (MB)
	701336  -  ResidentSetSize of job (KB)
...
006 (15950983.006.000) 2026-02-10 18:41:25 Image size of job updated: 901476
	687  -  MemoryUsage of job (MB)
	702928  -  ResidentSetSize of job (KB)
...
006 (15950983.006.000) 2026-02-10 18:46:26 Image size of job updated: 901476
	687  -  MemoryUsage of job (MB)
	702932  -  ResidentSetSize of job (KB)
...
006 (15950983.006.000) 2026-02-10 19:41:32 Image size of job updated: 901476
	687  -  MemoryUsage of job (MB)
	703052  -  ResidentSetSize of job (KB)
...
006 (15950983.006.000) 2026-02-10 19:46:33 Image size of job updated: 901476
	688  -  MemoryUsage of job (MB)
	703564  -  ResidentSetSize of job (KB)
...
006 (15950983.006.000) 2026-02-10 19:51:33 Image size of job updated: 901476
	688  -  MemoryUsage of job (MB)
	703840  -  ResidentSetSize of job (KB)
...
006 (15950983.006.000) 2026-02-10 19:56:34 Image size of job updated: 901476
	688  -  MemoryUsage of job (MB)
	704352  -  ResidentSetSize of job (KB)
...
006 (15950983.006.000) 2026-02-10 20:06:35 Image size of job updated: 901476
	689  -  MemoryUsage of job (MB)
	704868  -  ResidentSetSize of job (KB)
...
006 (15950983.006.000) 2026-02-10 21:26:44 Image size of job updated: 901476
	689  -  MemoryUsage of job (MB)
	705120  -  ResidentSetSize of job (KB)
...
006 (15950983.006.000) 2026-02-10 23:21:56 Image size of job updated: 901476
	689  -  MemoryUsage of job (MB)
	705380  -  ResidentSetSize of job (KB)
...
006 (15950983.006.000) 2026-02-10 23:36:58 Image size of job updated: 901476
	689  -  MemoryUsage of job (MB)
	705396  -  ResidentSetSize of job (KB)
...
006 (15950983.006.000) 2026-02-11 03:17:18 Image size of job updated: 901476
	689  -  MemoryUsage of job (MB)
	705472  -  ResidentSetSize of job (KB)
...
006 (15950983.006.000) 2026-02-11 03:22:20 Image size of job updated: 901476
	690  -  MemoryUsage of job (MB)
	705896  -  ResidentSetSize of job (KB)
...
