000 (15756408.1035.000) 2026-02-06 11:27:00 Job submitted from host: <141.34.103.35:9618?addrs=141.34.103.35-9618+[2001-638-700-f067--1-23]-9618&alias=wgs39.zeuthen.desy.de&noUDP&sock=schedd_7414_f73f>
...
009 (15756408.1035.000) 2026-02-10 11:47:42 Job was aborted.
	via condor_rm (by user tuccia)
...
000 (15951004.690.000) 2026-02-10 16:30:07 Job submitted from host: <141.34.103.35:9618?addrs=141.34.103.35-9618+[2001-638-700-f067--1-23]-9618&alias=wgs39.zeuthen.desy.de&noUDP&sock=schedd_7302_24a3>
...
001 (15951004.690.000) 2026-02-10 19:15:42 Job executing on host: <141.34.15.46:9618?addrs=141.34.15.46-9618+[2001-638-700-f00f--1-2e]-9618&alias=pizza17.zeuthen.desy.de&noUDP&sock=startd_8231_5c1f>
	SlotName: slot1_7@pizza17.zeuthen.desy.de
	CondorScratchDir = "/batch/dir_3119029"
	Cpus = 1
	Disk = 1025696
	GPUs = 0
	Memory = 5120
...
006 (15951004.690.000) 2026-02-10 19:15:56 Image size of job updated: 103372
	101  -  MemoryUsage of job (MB)
	103372  -  ResidentSetSize of job (KB)
...
006 (15951004.690.000) 2026-02-10 19:20:57 Image size of job updated: 793576
	600  -  MemoryUsage of job (MB)
	613868  -  ResidentSetSize of job (KB)
...
006 (15951004.690.000) 2026-02-10 19:25:57 Image size of job updated: 793576
	638  -  MemoryUsage of job (MB)
	652296  -  ResidentSetSize of job (KB)
...
006 (15951004.690.000) 2026-02-10 19:30:57 Image size of job updated: 793576
	638  -  MemoryUsage of job (MB)
	652528  -  ResidentSetSize of job (KB)
...
006 (15951004.690.000) 2026-02-10 19:35:58 Image size of job updated: 793576
	640  -  MemoryUsage of job (MB)
	654748  -  ResidentSetSize of job (KB)
...
006 (15951004.690.000) 2026-02-10 19:45:58 Image size of job updated: 793576
	640  -  MemoryUsage of job (MB)
	654752  -  ResidentSetSize of job (KB)
...
006 (15951004.690.000) 2026-02-10 20:21:03 Image size of job updated: 793576
	642  -  MemoryUsage of job (MB)
	656868  -  ResidentSetSize of job (KB)
...
006 (15951004.690.000) 2026-02-10 20:26:04 Image size of job updated: 793576
	642  -  MemoryUsage of job (MB)
	657012  -  ResidentSetSize of job (KB)
...
006 (15951004.690.000) 2026-02-11 00:51:31 Image size of job updated: 793576
	642  -  MemoryUsage of job (MB)
	657052  -  ResidentSetSize of job (KB)
...
