000 (15756404.1101.000) 2026-02-06 11:24:37 Job submitted from host: <141.34.103.35:9618?addrs=141.34.103.35-9618+[2001-638-700-f067--1-23]-9618&alias=wgs39.zeuthen.desy.de&noUDP&sock=schedd_7414_f73f>
...
001 (15756404.1101.000) 2026-02-07 06:54:13 Job executing on host: <141.34.15.222:9618?addrs=141.34.15.222-9618+[2001-638-700-f00f--1-de]-9618&alias=pizza30.zeuthen.desy.de&noUDP&sock=startd_8310_8c1a>
	SlotName: slot1_12@pizza30.zeuthen.desy.de
	CondorScratchDir = "/batch/dir_1436092"
	Cpus = 8
	Disk = 1025696
	GPUs = 0
	Memory = 16384
...
006 (15756404.1101.000) 2026-02-07 06:54:19 Image size of job updated: 224
	0  -  MemoryUsage of job (MB)
	0  -  ResidentSetSize of job (KB)
...
005 (15756404.1101.000) 2026-02-07 06:54:19 Job terminated.
	(1) Normal termination (return value 1)
		Usr 0 00:00:02, Sys 0 00:00:00  -  Run Remote Usage
		Usr 0 00:00:00, Sys 0 00:00:00  -  Run Local Usage
		Usr 0 00:00:02, Sys 0 00:00:00  -  Total Remote Usage
		Usr 0 00:00:00, Sys 0 00:00:00  -  Total Local Usage
	0  -  Run Bytes Sent By Job
	0  -  Run Bytes Received By Job
	0  -  Total Bytes Sent By Job
	0  -  Total Bytes Received By Job
	Partitionable Resources :    Usage  Request Allocated 
	   Cpus                 :                 8         8 
	   Disk (KB)            :        1  1024000   1025696 
	   GPUs                 :                           0 
	   Memory (MB)          :        0    16384     16384 
	   TimeExecute (s)      :        6                    
	   TimeSlotBusy (s)     :        7                    

	Job terminated of its own accord at 2026-02-07T05:54:19Z with exit-code 1.
...
000 (15950983.268.000) 2026-02-10 16:27:56 Job submitted from host: <141.34.103.35:9618?addrs=141.34.103.35-9618+[2001-638-700-f067--1-23]-9618&alias=wgs39.zeuthen.desy.de&noUDP&sock=schedd_7302_24a3>
...
001 (15950983.268.000) 2026-02-10 16:47:19 Job executing on host: <141.34.15.217:9618?addrs=141.34.15.217-9618+[2001-638-700-f00f--1-d9]-9618&alias=pizza25.zeuthen.desy.de&noUDP&sock=startd_9096_ad8b>
	SlotName: slot1_15@pizza25.zeuthen.desy.de
	CondorScratchDir = "/batch/dir_2096821"
	Cpus = 1
	Disk = 1025696
	GPUs = 0
	Memory = 5120
...
006 (15950983.268.000) 2026-02-10 16:47:33 Image size of job updated: 103384
	101  -  MemoryUsage of job (MB)
	103384  -  ResidentSetSize of job (KB)
...
006 (15950983.268.000) 2026-02-10 16:52:34 Image size of job updated: 947684
	566  -  MemoryUsage of job (MB)
	578856  -  ResidentSetSize of job (KB)
...
005 (15950983.268.000) 2026-02-10 19:28:37 Job terminated.
	(1) Normal termination (return value 0)
		Usr 0 02:39:22, Sys 0 00:00:02  -  Run Remote Usage
		Usr 0 00:00:00, Sys 0 00:00:00  -  Run Local Usage
		Usr 0 02:39:22, Sys 0 00:00:02  -  Total Remote Usage
		Usr 0 00:00:00, Sys 0 00:00:00  -  Total Local Usage
	0  -  Run Bytes Sent By Job
	0  -  Run Bytes Received By Job
	0  -  Total Bytes Sent By Job
	0  -  Total Bytes Received By Job
	Partitionable Resources :    Usage  Request Allocated 
	   Cpus                 :     0.99        1         1 
	   Disk (KB)            :     1     1024000   1025696 
	   GPUs                 :                           0 
	   Memory (MB)          :   566        5120      5120 
	   TimeExecute (s)      :  9678                       
	   TimeSlotBusy (s)     :  9678                       

	Job terminated of its own accord at 2026-02-10T18:28:37Z with exit-code 0.
...
