~~~~~~~~~~~~~~~~~~~~~~~~~~~~~~

n_qubits: 120, 
r: 24, 
alpha: 0.01, 
shots: 10000, 
ansatz: structure_like_qubo_YZ_2, 
layer: 1, 
tau: 0.3

time for simulated annealing:  148.86501240730286
Rank 1: Bitstring=100001000010101100000000101000100111011110101100000010111110011001100110111101011001110101010110111100101111010010110101, Decimal=686255379220800498937762774714086581, Energy=-99.9797
Rank 2: Bitstring=100001000010101100000000101000000111011110101100000010111110001001100110111101011001110101010110111100101111010010110101, Decimal=686255378601830479006842261112812725, Energy=-99.9187
Rank 3: Bitstring=100001000010101100000000101000100111011110111100000010111110011001100010111101011001110101010110111100101111010010110101, Decimal=686255379220876056800362789130663093, Energy=-99.6561
Rank 4: Bitstring=100001000010101100000000101000100111011110101100000010011110011001100110111101011001110111010110111100101111010010100101, Decimal=686255379220800462044274629442466981, Energy=-99.6473
Rank 5: Bitstring=100001001110101110001000000000100011011100101100010010111110011101100100111001011001101101110110101101101111010010110101, Decimal=690160327299227453491816552457499829, Energy=-99.6383
Rank 6: Bitstring=100001001110101110001000000000100011011100101100010010111110011101100100111001011001101101110110101101101110010010110101, Decimal=690160327299227453491816552457495733, Energy=-99.6287
Rank 7: Bitstring=100001000010101100000000111000101111011110101100000010111110011001100110111101011001110101010110111100101111010010110101, Decimal=686255399182583632414519707462464693, Energy=-99.6239
Rank 8: Bitstring=100001000110101100000000101000100111011100101100000010111110011001100110111101011001110101010110111100101111010010110101, Decimal=687553453434829742935088084209038517, Energy=-99.6205
Rank 9: Bitstring=100001000010101100000000101000000111011110111100000010111110001001100010111101011001110101010110111100101111010010110101, Decimal=686255378601906036869442275529389237, Energy=-99.5951
Rank 10: Bitstring=100001000010101100000000101000000111011110101100000010011110001001100110111101011001110111010110111100101111010010100101, Decimal=686255378601830442113354115841193125, Energy=-99.5863

E_min from simulated annealing:  -99.9797
Minimum energy: -99.9797
States with energy within 1e-08 of minimum: [686255379220800498937762774714086581]


################## Start optimization with initial parameters: [0. 0. 0. 0. 0. 0. 0. 0. 0. 0. 0. 0. 0. 0. 0. 0. 0. 0. 0. 0. 0. 0. 0. 0.
 0. 0. 0. 0. 0. 0. 0. 0. 0. 0. 0. 0. 0. 0. 0. 0. 0. 0. 0. 0. 0. 0. 0. 0.
 0. 0. 0. 0. 0. 0. 0. 0. 0. 0. 0. 0. 0. 0. 0. 0. 0. 0. 0. 0. 0. 0. 0. 0.
 0. 0. 0. 0. 0. 0. 0. 0. 0. 0. 0. 0. 0. 0. 0. 0. 0. 0. 0. 0. 0. 0. 0. 0.
 0. 0. 0. 0. 0. 0. 0. 0. 0. 0. 0. 0. 0. 0. 0. 0. 0. 0. 0. 0. 0. 0. 0. 0.
 0. 0. 0. 0. 0. 0. 0. 0. 0. 0. 0. 0. 0. 0. 0. 0. 0. 0. 0. 0. 0. 0. 0. 0.
 0. 0. 0. 0. 0. 0. 0. 0. 0. 0. 0. 0. 0. 0. 0. 0. 0. 0. 0. 0. 0. 0. 0. 0.
 0. 0. 0. 0. 0. 0. 0. 0. 0. 0. 0. 0. 0. 0. 0. 0. 0. 0. 0. 0. 0. 0. 0. 0.
 0. 0. 0. 0. 0. 0. 0. 0. 0. 0. 0. 0. 0. 0. 0. 0. 0. 0. 0. 0. 0. 0. 0. 0.
 0. 0. 0. 0. 0. 0. 0. 0. 0. 0. 0. 0. 0. 0. 0. 0. 0. 0. 0. 0. 0. 0. 0. 0.
 0. 0. 0. 0. 0. 0. 0. 0. 0. 0. 0. 0. 0. 0. 0. 0. 0. 0. 0. 0. 0. 0. 0. 0.
 0. 0. 0. 0. 0. 0. 0. 0. 0. 0. 0. 0. 0. 0. 0. 0. 0. 0. 0. 0. 0. 0. 0. 0.
 0. 0. 0. 0. 0. 0. 0. 0. 0. 0. 0. 0. 0. 0. 0. 0. 0. 0. 0. 0. 0. 0. 0. 0.
 0. 0. 0. 0. 0. 0. 0. 0. 0. 0. 0. 0. 0. 0. 0. 0. 0. 0. 0. 0. 0. 0. 0. 0.
 0. 0. 0. 0. 0. 0. 0. 0. 0. 0. 0. 0. 0. 0. 0. 0. 0. 0. 0. 0. 0. 0. 0. 0.
 0. 0. 0. 0. 0. 0. 0. 0. 0. 0. 0. 0. 0. 0. 0. 0. 0. 0. 0. 0. 0. 0. 0. 0.
 0. 0. 0. 0. 0. 0. 0. 0. 0. 0. 0. 0. 0. 0. 0. 0. 0. 0. 0. 0. 0. 0. 0. 0.
 0. 0. 0. 0. 0. 0. 0. 0. 0. 0. 0. 0. 0. 0. 0. 0. 0. 0. 0. 0. 0. 0. 0. 0.
 0. 0. 0. 0. 0. 0. 0. 0. 0. 0. 0. 0. 0. 0. 0. 0. 0. 0. 0. 0. 0. 0. 0. 0.
 0. 0. 0. 0. 0. 0. 0. 0. 0. 0. 0. 0. 0. 0. 0. 0. 0. 0. 0. 0. 0. 0. 0. 0.]
Write sucessfully to ./data/data_shots_10000_layer_1/alpha_0.01/N_120/r_24/ansatz_type_structure_like_qubo_YZ_2/initialization_zeros

vqe.cvar_eval[0]: -25.398456000000014 , min_cvar: -80.33443400000007 , opt_cvar: -80.33443400000007

vqe.poss_eval[-1]: 0 vqe.poss_eval[0] 0  , max_poss: 0 , opt_poss: 0

vqe.r_eval[-1]: 0.7912905719861135 vqe.r_eval[0]: 0.254036129334255 max_r: 0.8035074520127594 , min_r: 0.254036129334255
