000 (15756407.984.000) 2026-02-06 11:26:12 Job submitted from host: <141.34.103.35:9618?addrs=141.34.103.35-9618+[2001-638-700-f067--1-23]-9618&alias=wgs39.zeuthen.desy.de&noUDP&sock=schedd_7414_f73f>
...
009 (15756407.984.000) 2026-02-10 11:42:43 Job was aborted.
	via condor_rm (by user tuccia)
...
000 (15949294.656.000) 2026-02-10 11:45:21 Job submitted from host: <141.34.103.35:9618?addrs=141.34.103.35-9618+[2001-638-700-f067--1-23]-9618&alias=wgs39.zeuthen.desy.de&noUDP&sock=schedd_7302_24a3>
...
009 (15949294.656.000) 2026-02-10 11:45:47 Job was aborted.
	via condor_rm (by user tuccia)
...
000 (15949295.656.000) 2026-02-10 11:46:05 Job submitted from host: <141.34.103.35:9618?addrs=141.34.103.35-9618+[2001-638-700-f067--1-23]-9618&alias=wgs39.zeuthen.desy.de&noUDP&sock=schedd_7302_24a3>
...
000 (15950983.113.000) 2026-02-10 16:27:55 Job submitted from host: <141.34.103.35:9618?addrs=141.34.103.35-9618+[2001-638-700-f067--1-23]-9618&alias=wgs39.zeuthen.desy.de&noUDP&sock=schedd_7302_24a3>
...
001 (15950983.113.000) 2026-02-10 16:35:04 Job executing on host: <141.34.15.222:9618?addrs=141.34.15.222-9618+[2001-638-700-f00f--1-de]-9618&alias=pizza30.zeuthen.desy.de&noUDP&sock=startd_8310_8c1a>
	SlotName: slot1_20@pizza30.zeuthen.desy.de
	CondorScratchDir = "/batch/dir_419451"
	Cpus = 1
	Disk = 1025696
	GPUs = 0
	Memory = 5120
...
006 (15950983.113.000) 2026-02-10 16:35:17 Image size of job updated: 103368
	101  -  MemoryUsage of job (MB)
	103368  -  ResidentSetSize of job (KB)
...
006 (15950983.113.000) 2026-02-10 16:40:17 Image size of job updated: 944584
	568  -  MemoryUsage of job (MB)
	580760  -  ResidentSetSize of job (KB)
...
006 (15950983.113.000) 2026-02-10 17:30:22 Image size of job updated: 944584
	571  -  MemoryUsage of job (MB)
	584180  -  ResidentSetSize of job (KB)
...
006 (15950983.113.000) 2026-02-10 17:35:23 Image size of job updated: 944584
	572  -  MemoryUsage of job (MB)
	585000  -  ResidentSetSize of job (KB)
...
006 (15950983.113.000) 2026-02-10 17:40:23 Image size of job updated: 944584
	572  -  MemoryUsage of job (MB)
	585136  -  ResidentSetSize of job (KB)
...
006 (15950983.113.000) 2026-02-10 17:45:24 Image size of job updated: 944584
	572  -  MemoryUsage of job (MB)
	585680  -  ResidentSetSize of job (KB)
...
006 (15950983.113.000) 2026-02-10 18:05:26 Image size of job updated: 944584
	573  -  MemoryUsage of job (MB)
	586732  -  ResidentSetSize of job (KB)
...
006 (15950983.113.000) 2026-02-10 18:10:26 Image size of job updated: 944584
	574  -  MemoryUsage of job (MB)
	586908  -  ResidentSetSize of job (KB)
...
006 (15950983.113.000) 2026-02-10 18:15:26 Image size of job updated: 944584
	576  -  MemoryUsage of job (MB)
	589592  -  ResidentSetSize of job (KB)
...
006 (15950983.113.000) 2026-02-10 19:05:31 Image size of job updated: 944584
	578  -  MemoryUsage of job (MB)
	590884  -  ResidentSetSize of job (KB)
...
006 (15950983.113.000) 2026-02-10 19:10:32 Image size of job updated: 944584
	578  -  MemoryUsage of job (MB)
	591116  -  ResidentSetSize of job (KB)
...
006 (15950983.113.000) 2026-02-10 19:55:37 Image size of job updated: 944584
	578  -  MemoryUsage of job (MB)
	591120  -  ResidentSetSize of job (KB)
...
006 (15950983.113.000) 2026-02-10 22:20:51 Image size of job updated: 944584
	587  -  MemoryUsage of job (MB)
	600996  -  ResidentSetSize of job (KB)
...
006 (15950983.113.000) 2026-02-10 22:25:51 Image size of job updated: 944584
	620  -  MemoryUsage of job (MB)
	634732  -  ResidentSetSize of job (KB)
...
006 (15950983.113.000) 2026-02-10 22:30:52 Image size of job updated: 944584
	621  -  MemoryUsage of job (MB)
	634928  -  ResidentSetSize of job (KB)
...
006 (15950983.113.000) 2026-02-10 22:35:52 Image size of job updated: 944584
	621  -  MemoryUsage of job (MB)
	634984  -  ResidentSetSize of job (KB)
...
006 (15950983.113.000) 2026-02-10 22:45:53 Image size of job updated: 944584
	621  -  MemoryUsage of job (MB)
	635032  -  ResidentSetSize of job (KB)
...
006 (15950983.113.000) 2026-02-10 22:50:54 Image size of job updated: 944584
	624  -  MemoryUsage of job (MB)
	637980  -  ResidentSetSize of job (KB)
...
006 (15950983.113.000) 2026-02-10 22:55:54 Image size of job updated: 944584
	624  -  MemoryUsage of job (MB)
	638324  -  ResidentSetSize of job (KB)
...
006 (15950983.113.000) 2026-02-11 10:32:03 Image size of job updated: 944584
	624  -  MemoryUsage of job (MB)
	638328  -  ResidentSetSize of job (KB)
...
006 (15950983.113.000) 2026-02-11 19:33:06 Image size of job updated: 944584
	624  -  MemoryUsage of job (MB)
	638500  -  ResidentSetSize of job (KB)
...
006 (15950983.113.000) 2026-02-11 19:38:07 Image size of job updated: 944584
	624  -  MemoryUsage of job (MB)
	638656  -  ResidentSetSize of job (KB)
...
006 (15950983.113.000) 2026-02-12 06:29:09 Image size of job updated: 944584
	625  -  MemoryUsage of job (MB)
	638984  -  ResidentSetSize of job (KB)
...
006 (15950983.113.000) 2026-02-12 06:39:10 Image size of job updated: 944584
	625  -  MemoryUsage of job (MB)
	639196  -  ResidentSetSize of job (KB)
...
006 (15950983.113.000) 2026-02-12 07:59:18 Image size of job updated: 944584
	625  -  MemoryUsage of job (MB)
	639608  -  ResidentSetSize of job (KB)
...
006 (15950983.113.000) 2026-02-12 08:09:19 Image size of job updated: 944584
	625  -  MemoryUsage of job (MB)
	639764  -  ResidentSetSize of job (KB)
...
006 (15950983.113.000) 2026-02-12 11:49:41 Image size of job updated: 944584
	625  -  MemoryUsage of job (MB)
	639872  -  ResidentSetSize of job (KB)
...
006 (15950983.113.000) 2026-02-12 11:54:43 Image size of job updated: 944584
	625  -  MemoryUsage of job (MB)
	639928  -  ResidentSetSize of job (KB)
...
006 (15950983.113.000) 2026-02-12 11:59:43 Image size of job updated: 944584
	625  -  MemoryUsage of job (MB)
	639932  -  ResidentSetSize of job (KB)
...
006 (15950983.113.000) 2026-02-12 13:39:52 Image size of job updated: 944584
	627  -  MemoryUsage of job (MB)
	641396  -  ResidentSetSize of job (KB)
...
021 (15950983.113.000) 2026-02-12 16:35:06 Error from starter on slot1_20@pizza30.zeuthen.desy.de:
	runtime exceeded maximum (target.Runtime seconds)
	Code 21 Subcode 103
...
004 (15950983.113.000) 2026-02-12 16:35:06 Job was evicted.
	(0) CPU times
		Usr 1 23:20:16, Sys 0 00:00:09  -  Run Remote Usage
		Usr 0 00:00:00, Sys 0 00:00:00  -  Run Local Usage
	0  -  Run Bytes Sent By Job
	0  -  Run Bytes Received By Job
	Error from slot1_20@pizza30.zeuthen.desy.de: runtime exceeded maximum (target.Runtime seconds)
	Partitionable Resources :     Usage  Request Allocated 
	   Cpus                 :      0.99        1         1 
	   Disk (KB)            :      1     1024000   1025696 
	   GPUs                 :                            0 
	   Memory (MB)          :    627        5120      5120 
	   TimeSlotBusy (s)     : 172802                       
...
012 (15950983.113.000) 2026-02-12 16:35:06 Job was held.
	Error from slot1_20@pizza30.zeuthen.desy.de: runtime exceeded maximum (target.Runtime seconds)
	Code 21 Subcode 103
...
001 (15949295.656.000) 2026-02-13 14:15:53 Job executing on host: <141.34.14.33:9618?addrs=141.34.14.33-9618+[2001-638-700-f00e--1-21]-9618&alias=ampere02.zeuthen.desy.de&noUDP&sock=startd_9421_99d2>
	SlotName: slot1_11@ampere02.zeuthen.desy.de
	AvailableGPUs = {  }
	CondorScratchDir = "/batch/dir_978671"
	Cpus = 8
	Disk = 1025682
	GPUs = 0
	Memory = 16384
...
006 (15949295.656.000) 2026-02-13 14:16:06 Image size of job updated: 103440
	102  -  MemoryUsage of job (MB)
	103440  -  ResidentSetSize of job (KB)
...
006 (15949295.656.000) 2026-02-13 14:21:06 Image size of job updated: 582668
	570  -  MemoryUsage of job (MB)
	582668  -  ResidentSetSize of job (KB)
...
006 (15949295.656.000) 2026-02-13 14:26:06 Image size of job updated: 591116
	578  -  MemoryUsage of job (MB)
	591116  -  ResidentSetSize of job (KB)
...
006 (15949295.656.000) 2026-02-13 14:31:07 Image size of job updated: 591268
	578  -  MemoryUsage of job (MB)
	591116  -  ResidentSetSize of job (KB)
...
006 (15949295.656.000) 2026-02-13 14:36:07 Image size of job updated: 605596
	592  -  MemoryUsage of job (MB)
	605596  -  ResidentSetSize of job (KB)
...
006 (15949295.656.000) 2026-02-13 14:41:08 Image size of job updated: 641516
	627  -  MemoryUsage of job (MB)
	641516  -  ResidentSetSize of job (KB)
...
006 (15949295.656.000) 2026-02-13 14:46:09 Image size of job updated: 660116
	645  -  MemoryUsage of job (MB)
	659860  -  ResidentSetSize of job (KB)
...
006 (15949295.656.000) 2026-02-13 15:01:10 Image size of job updated: 676964
	662  -  MemoryUsage of job (MB)
	676964  -  ResidentSetSize of job (KB)
...
006 (15949295.656.000) 2026-02-13 15:06:10 Image size of job updated: 694360
	679  -  MemoryUsage of job (MB)
	694360  -  ResidentSetSize of job (KB)
...
006 (15949295.656.000) 2026-02-13 15:41:14 Image size of job updated: 705228
	689  -  MemoryUsage of job (MB)
	705228  -  ResidentSetSize of job (KB)
...
006 (15949295.656.000) 2026-02-13 15:46:14 Image size of job updated: 874164
	689  -  MemoryUsage of job (MB)
	705228  -  ResidentSetSize of job (KB)
...
006 (15949295.656.000) 2026-02-13 15:51:15 Image size of job updated: 874164
	815  -  MemoryUsage of job (MB)
	834348  -  ResidentSetSize of job (KB)
...
006 (15949295.656.000) 2026-02-13 15:56:15 Image size of job updated: 874164
	833  -  MemoryUsage of job (MB)
	852508  -  ResidentSetSize of job (KB)
...
006 (15949295.656.000) 2026-02-13 16:01:16 Image size of job updated: 878448
	833  -  MemoryUsage of job (MB)
	852508  -  ResidentSetSize of job (KB)
...
006 (15949295.656.000) 2026-02-13 16:16:18 Image size of job updated: 879628
	833  -  MemoryUsage of job (MB)
	852508  -  ResidentSetSize of job (KB)
...
006 (15949295.656.000) 2026-02-13 16:26:19 Image size of job updated: 879628
	836  -  MemoryUsage of job (MB)
	855976  -  ResidentSetSize of job (KB)
...
006 (15949295.656.000) 2026-02-13 16:31:20 Image size of job updated: 881476
	840  -  MemoryUsage of job (MB)
	860140  -  ResidentSetSize of job (KB)
...
006 (15949295.656.000) 2026-02-13 17:06:23 Image size of job updated: 881476
	841  -  MemoryUsage of job (MB)
	860944  -  ResidentSetSize of job (KB)
...
006 (15949295.656.000) 2026-02-13 17:11:24 Image size of job updated: 882064
	841  -  MemoryUsage of job (MB)
	860944  -  ResidentSetSize of job (KB)
...
006 (15949295.656.000) 2026-02-13 17:21:25 Image size of job updated: 883080
	841  -  MemoryUsage of job (MB)
	860944  -  ResidentSetSize of job (KB)
...
006 (15949295.656.000) 2026-02-13 17:36:27 Image size of job updated: 883080
	842  -  MemoryUsage of job (MB)
	861316  -  ResidentSetSize of job (KB)
...
006 (15949295.656.000) 2026-02-13 18:06:29 Image size of job updated: 883080
	849  -  MemoryUsage of job (MB)
	868800  -  ResidentSetSize of job (KB)
...
006 (15949295.656.000) 2026-02-13 20:11:42 Image size of job updated: 884120
	849  -  MemoryUsage of job (MB)
	868800  -  ResidentSetSize of job (KB)
...
006 (15949295.656.000) 2026-02-13 22:06:54 Image size of job updated: 884708
	849  -  MemoryUsage of job (MB)
	868800  -  ResidentSetSize of job (KB)
...
006 (15949295.656.000) 2026-02-13 22:51:58 Image size of job updated: 886512
	849  -  MemoryUsage of job (MB)
	868800  -  ResidentSetSize of job (KB)
...
006 (15949295.656.000) 2026-02-13 23:07:00 Image size of job updated: 886740
	849  -  MemoryUsage of job (MB)
	868800  -  ResidentSetSize of job (KB)
...
006 (15949295.656.000) 2026-02-13 23:12:01 Image size of job updated: 886764
	849  -  MemoryUsage of job (MB)
	868800  -  ResidentSetSize of job (KB)
...
006 (15949295.656.000) 2026-02-13 23:27:03 Image size of job updated: 887112
	849  -  MemoryUsage of job (MB)
	868800  -  ResidentSetSize of job (KB)
...
006 (15949295.656.000) 2026-02-14 00:02:06 Image size of job updated: 889936
	853  -  MemoryUsage of job (MB)
	872960  -  ResidentSetSize of job (KB)
...
006 (15949295.656.000) 2026-02-14 00:07:07 Image size of job updated: 890800
	853  -  MemoryUsage of job (MB)
	872960  -  ResidentSetSize of job (KB)
...
006 (15949295.656.000) 2026-02-14 00:22:08 Image size of job updated: 891412
	853  -  MemoryUsage of job (MB)
	872960  -  ResidentSetSize of job (KB)
...
006 (15949295.656.000) 2026-02-14 00:57:12 Image size of job updated: 892072
	853  -  MemoryUsage of job (MB)
	872960  -  ResidentSetSize of job (KB)
...
006 (15949295.656.000) 2026-02-14 01:27:15 Image size of job updated: 892500
	853  -  MemoryUsage of job (MB)
	872960  -  ResidentSetSize of job (KB)
...
006 (15949295.656.000) 2026-02-14 01:32:15 Image size of job updated: 892636
	853  -  MemoryUsage of job (MB)
	872960  -  ResidentSetSize of job (KB)
...
006 (15949295.656.000) 2026-02-14 01:37:16 Image size of job updated: 893388
	853  -  MemoryUsage of job (MB)
	872960  -  ResidentSetSize of job (KB)
...
006 (15949295.656.000) 2026-02-14 01:57:17 Image size of job updated: 893736
	853  -  MemoryUsage of job (MB)
	872960  -  ResidentSetSize of job (KB)
...
006 (15949295.656.000) 2026-02-14 02:47:22 Image size of job updated: 895864
	853  -  MemoryUsage of job (MB)
	872960  -  ResidentSetSize of job (KB)
...
006 (15949295.656.000) 2026-02-14 02:52:22 Image size of job updated: 895864
	857  -  MemoryUsage of job (MB)
	876584  -  ResidentSetSize of job (KB)
...
006 (15949295.656.000) 2026-02-14 06:17:43 Image size of job updated: 895864
	858  -  MemoryUsage of job (MB)
	877924  -  ResidentSetSize of job (KB)
...
006 (15949295.656.000) 2026-02-14 06:22:44 Image size of job updated: 895864
	865  -  MemoryUsage of job (MB)
	885760  -  ResidentSetSize of job (KB)
...
006 (15949295.656.000) 2026-02-14 07:42:52 Image size of job updated: 897024
	865  -  MemoryUsage of job (MB)
	885760  -  ResidentSetSize of job (KB)
...
006 (15949295.656.000) 2026-02-14 08:47:57 Image size of job updated: 897024
	867  -  MemoryUsage of job (MB)
	887660  -  ResidentSetSize of job (KB)
...
006 (15949295.656.000) 2026-02-14 12:33:21 Image size of job updated: 897024
	872  -  MemoryUsage of job (MB)
	892040  -  ResidentSetSize of job (KB)
...
006 (15949295.656.000) 2026-02-14 13:23:27 Image size of job updated: 897024
	874  -  MemoryUsage of job (MB)
	894444  -  ResidentSetSize of job (KB)
...
006 (15949295.656.000) 2026-02-14 21:29:18 Image size of job updated: 897024
	875  -  MemoryUsage of job (MB)
	894984  -  ResidentSetSize of job (KB)
...
006 (15949295.656.000) 2026-02-15 02:24:48 Image size of job updated: 897024
	875  -  MemoryUsage of job (MB)
	895172  -  ResidentSetSize of job (KB)
...
005 (15949295.656.000) 2026-02-15 06:52:26 Job terminated.
	(1) Normal termination (return value 0)
		Usr 3 10:07:35, Sys 1 02:49:08  -  Run Remote Usage
		Usr 0 00:00:00, Sys 0 00:00:00  -  Run Local Usage
		Usr 3 10:07:35, Sys 1 02:49:08  -  Total Remote Usage
		Usr 0 00:00:00, Sys 0 00:00:00  -  Total Local Usage
	0  -  Run Bytes Sent By Job
	0  -  Run Bytes Received By Job
	0  -  Total Bytes Sent By Job
	0  -  Total Bytes Received By Job
	Partitionable Resources :     Usage  Request Allocated 
	   Cpus                 :      7.90        8         8 
	   Disk (KB)            :      1     1024000   1025682 
	   GPUs                 :                            0 
	   Memory (MB)          :    875       16384     16384 
	   TimeExecute (s)      : 146193                       
	   TimeSlotBusy (s)     : 146194                       

	Job terminated of its own accord at 2026-02-15T05:52:26Z with exit-code 0.
...
009 (15950983.113.000) 2026-02-16 17:16:52 Job was aborted.
	via condor_rm (by user tuccia)
...
000 (16309093.028.000) 2026-02-18 10:41:47 Job submitted from host: <141.34.103.35:9618?addrs=141.34.103.35-9618+[2001-638-700-f067--1-23]-9618&alias=wgs39.zeuthen.desy.de&noUDP&sock=schedd_7302_24a3>
...
001 (16309093.028.000) 2026-02-18 10:42:03 Job executing on host: <141.34.15.62:9618?addrs=141.34.15.62-9618+[2001-638-700-f00f--1-3e]-9618&alias=bladej7.zeuthen.desy.de&noUDP&sock=startd_9466_7795>
	SlotName: slot1_8@bladej7.zeuthen.desy.de
	CondorScratchDir = "/batch/dir_1029445"
	Cpus = 1
	Disk = 1025024
	GPUs = 0
	Memory = 5120
...
006 (16309093.028.000) 2026-02-18 10:42:17 Image size of job updated: 101280
	99  -  MemoryUsage of job (MB)
	101280  -  ResidentSetSize of job (KB)
...
006 (16309093.028.000) 2026-02-18 10:47:18 Image size of job updated: 912132
	566  -  MemoryUsage of job (MB)
	578908  -  ResidentSetSize of job (KB)
...
006 (16309093.028.000) 2026-02-18 11:07:21 Image size of job updated: 912132
	567  -  MemoryUsage of job (MB)
	580520  -  ResidentSetSize of job (KB)
...
006 (16309093.028.000) 2026-02-18 11:12:21 Image size of job updated: 912132
	575  -  MemoryUsage of job (MB)
	588164  -  ResidentSetSize of job (KB)
...
006 (16309093.028.000) 2026-02-18 11:17:22 Image size of job updated: 912132
	576  -  MemoryUsage of job (MB)
	589172  -  ResidentSetSize of job (KB)
...
006 (16309093.028.000) 2026-02-18 11:22:23 Image size of job updated: 912132
	579  -  MemoryUsage of job (MB)
	592440  -  ResidentSetSize of job (KB)
...
006 (16309093.028.000) 2026-02-18 11:27:23 Image size of job updated: 912132
	579  -  MemoryUsage of job (MB)
	592564  -  ResidentSetSize of job (KB)
...
006 (16309093.028.000) 2026-02-18 11:32:23 Image size of job updated: 912132
	585  -  MemoryUsage of job (MB)
	598548  -  ResidentSetSize of job (KB)
...
006 (16309093.028.000) 2026-02-18 11:37:24 Image size of job updated: 912132
	585  -  MemoryUsage of job (MB)
	598716  -  ResidentSetSize of job (KB)
...
006 (16309093.028.000) 2026-02-18 11:47:24 Image size of job updated: 912132
	588  -  MemoryUsage of job (MB)
	601696  -  ResidentSetSize of job (KB)
...
006 (16309093.028.000) 2026-02-18 11:52:25 Image size of job updated: 912132
	588  -  MemoryUsage of job (MB)
	601732  -  ResidentSetSize of job (KB)
...
006 (16309093.028.000) 2026-02-18 11:57:25 Image size of job updated: 912132
	588  -  MemoryUsage of job (MB)
	601884  -  ResidentSetSize of job (KB)
...
006 (16309093.028.000) 2026-02-18 12:47:30 Image size of job updated: 912132
	592  -  MemoryUsage of job (MB)
	605600  -  ResidentSetSize of job (KB)
...
006 (16309093.028.000) 2026-02-18 12:52:31 Image size of job updated: 912132
	592  -  MemoryUsage of job (MB)
	605756  -  ResidentSetSize of job (KB)
...
006 (16309093.028.000) 2026-02-18 14:27:39 Image size of job updated: 912132
	595  -  MemoryUsage of job (MB)
	608568  -  ResidentSetSize of job (KB)
...
006 (16309093.028.000) 2026-02-18 14:32:40 Image size of job updated: 912132
	595  -  MemoryUsage of job (MB)
	608784  -  ResidentSetSize of job (KB)
...
006 (16309093.028.000) 2026-02-19 00:13:37 Image size of job updated: 912132
	595  -  MemoryUsage of job (MB)
	609004  -  ResidentSetSize of job (KB)
...
006 (16309093.028.000) 2026-02-19 01:28:44 Image size of job updated: 912132
	596  -  MemoryUsage of job (MB)
	609560  -  ResidentSetSize of job (KB)
...
006 (16309093.028.000) 2026-02-19 01:33:45 Image size of job updated: 912132
	596  -  MemoryUsage of job (MB)
	609756  -  ResidentSetSize of job (KB)
...
006 (16309093.028.000) 2026-02-19 06:39:16 Image size of job updated: 912132
	597  -  MemoryUsage of job (MB)
	610664  -  ResidentSetSize of job (KB)
...
006 (16309093.028.000) 2026-02-19 06:44:17 Image size of job updated: 912132
	597  -  MemoryUsage of job (MB)
	610736  -  ResidentSetSize of job (KB)
...
006 (16309093.028.000) 2026-02-19 07:04:18 Image size of job updated: 912132
	597  -  MemoryUsage of job (MB)
	610752  -  ResidentSetSize of job (KB)
...
006 (16309093.028.000) 2026-02-19 14:40:06 Image size of job updated: 912132
	618  -  MemoryUsage of job (MB)
	631812  -  ResidentSetSize of job (KB)
...
006 (16309093.028.000) 2026-02-19 14:45:06 Image size of job updated: 912132
	618  -  MemoryUsage of job (MB)
	632040  -  ResidentSetSize of job (KB)
...
006 (16309093.028.000) 2026-02-19 14:50:06 Image size of job updated: 912132
	618  -  MemoryUsage of job (MB)
	632072  -  ResidentSetSize of job (KB)
...
006 (16309093.028.000) 2026-02-19 14:55:07 Image size of job updated: 912132
	622  -  MemoryUsage of job (MB)
	635944  -  ResidentSetSize of job (KB)
...
006 (16309093.028.000) 2026-02-19 15:00:07 Image size of job updated: 912132
	622  -  MemoryUsage of job (MB)
	636152  -  ResidentSetSize of job (KB)
...
006 (16309093.028.000) 2026-02-19 15:15:08 Image size of job updated: 912132
	623  -  MemoryUsage of job (MB)
	637448  -  ResidentSetSize of job (KB)
...
006 (16309093.028.000) 2026-02-19 15:20:08 Image size of job updated: 912132
	623  -  MemoryUsage of job (MB)
	637832  -  ResidentSetSize of job (KB)
...
006 (16309093.028.000) 2026-02-19 16:20:14 Image size of job updated: 912132
	623  -  MemoryUsage of job (MB)
	637848  -  ResidentSetSize of job (KB)
...
006 (16309093.028.000) 2026-02-19 16:30:15 Image size of job updated: 912132
	623  -  MemoryUsage of job (MB)
	637880  -  ResidentSetSize of job (KB)
...
006 (16309093.028.000) 2026-02-19 17:00:18 Image size of job updated: 912132
	623  -  MemoryUsage of job (MB)
	637892  -  ResidentSetSize of job (KB)
...
006 (16309093.028.000) 2026-02-19 17:50:23 Image size of job updated: 912132
	623  -  MemoryUsage of job (MB)
	637936  -  ResidentSetSize of job (KB)
...
006 (16309093.028.000) 2026-02-19 17:55:24 Image size of job updated: 912132
	624  -  MemoryUsage of job (MB)
	638036  -  ResidentSetSize of job (KB)
...
006 (16309093.028.000) 2026-02-19 19:00:31 Image size of job updated: 912132
	624  -  MemoryUsage of job (MB)
	638044  -  ResidentSetSize of job (KB)
...
006 (16309093.028.000) 2026-02-19 19:20:32 Image size of job updated: 912132
	624  -  MemoryUsage of job (MB)
	638052  -  ResidentSetSize of job (KB)
...
006 (16309093.028.000) 2026-02-19 20:45:42 Image size of job updated: 912132
	624  -  MemoryUsage of job (MB)
	638136  -  ResidentSetSize of job (KB)
...
006 (16309093.028.000) 2026-02-20 02:41:15 Image size of job updated: 912132
	624  -  MemoryUsage of job (MB)
	638228  -  ResidentSetSize of job (KB)
...
022 (16309093.028.000) 2026-02-20 03:44:36 Job disconnected, attempting to reconnect
    Local schedd and job shadow died, schedd now running again
    Trying to reconnect to slot1_8@bladej7.zeuthen.desy.de <141.34.15.62:9618?addrs=141.34.15.62-9618+[2001-638-700-f00f--1-3e]-9618&alias=bladej7.zeuthen.desy.de&noUDP&sock=startd_9466_7795>
...
023 (16309093.028.000) 2026-02-20 03:44:43 Job reconnected to slot1_8@bladej7.zeuthen.desy.de
    startd address: <141.34.15.62:9618?addrs=141.34.15.62-9618+[2001-638-700-f00f--1-3e]-9618&alias=bladej7.zeuthen.desy.de&noUDP&sock=startd_9466_7795>
    starter address: <141.34.15.62:9618?addrs=141.34.15.62-9618+[2001-638-700-f00f--1-3e]-9618&alias=bladej7.zeuthen.desy.de&noUDP&sock=slot1_8_10435_26c1_37359>
...
004 (16309093.028.000) 2026-02-20 10:32:06 Job was evicted.
	(0) CPU times
		Usr 1 23:40:14, Sys 0 00:00:13  -  Run Remote Usage
		Usr 0 00:00:00, Sys 0 00:00:00  -  Run Local Usage
	0  -  Run Bytes Sent By Job
	0  -  Run Bytes Received By Job
	Partitionable Resources :         Usage  Request Allocated 
	   Cpus                 :          1.00        1         1 
	   Disk (KB)            :          1     1024000   1025024 
	   Memory (MB)          :        733        5120      5120 
	   TimeExecute (s)      : 1771579925                       
	   TimeSlotBusy (s)     : 1771579926                       
...
001 (16309093.028.000) 2026-02-20 10:32:58 Job executing on host: <141.34.15.191:9618?addrs=141.34.15.191-9618+[2001-638-700-f00f--1-bf]-9618&alias=bladeka.zeuthen.desy.de&noUDP&sock=startd_9434_848d>
	SlotName: slot1_15@bladeka.zeuthen.desy.de
	CondorScratchDir = "/batch/dir_1969096"
	Cpus = 1
	Disk = 1025024
	GPUs = 0
	Memory = 5120
...
004 (16309093.028.000) 2026-02-22 10:23:02 Job was evicted.
	(0) CPU times
		Usr 1 23:41:19, Sys 0 00:00:06  -  Run Remote Usage
		Usr 0 00:00:00, Sys 0 00:00:00  -  Run Local Usage
	0  -  Run Bytes Sent By Job
	0  -  Run Bytes Received By Job
	Partitionable Resources :     Usage  Request Allocated 
	   Cpus                 :      1.00        1         1 
	   Disk (KB)            :      1     1024000   1025024 
	   GPUs                 :                            0 
	   Memory (MB)          :    733        5120      5120 
	   TimeExecute (s)      : 172203                       
	   TimeSlotBusy (s)     : 172204                       
...
001 (16309093.028.000) 2026-02-22 10:23:10 Job executing on host: <141.34.15.34:9618?addrs=141.34.15.34-9618+[2001-638-700-f00f--1-22]-9618&alias=bladej3.zeuthen.desy.de&noUDP&sock=startd_10200_ee19>
	SlotName: slot1_12@bladej3.zeuthen.desy.de
	CondorScratchDir = "/batch/dir_255022"
	Cpus = 1
	Disk = 1025024
	GPUs = 0
	Memory = 5120
...
004 (16309093.028.000) 2026-02-23 19:28:58 Job was evicted.
	(0) CPU times
		Usr 1 08:57:55, Sys 0 00:00:10  -  Run Remote Usage
		Usr 0 00:00:00, Sys 0 00:00:00  -  Run Local Usage
	0  -  Run Bytes Sent By Job
	0  -  Run Bytes Received By Job
	Partitionable Resources :     Usage  Request Allocated 
	   Cpus                 :      1.00        1         1 
	   Disk (KB)            :      1     1024000   1025024 
	   GPUs                 :                            0 
	   Memory (MB)          :    733        5120      5120 
	   TimeExecute (s)      : 119147                       
	   TimeSlotBusy (s)     : 119148                       
...
009 (16309093.028.000) 2026-02-23 19:28:59 Job was aborted.
	via condor_rm (by user tuccia)
...
000 (16619873.028.000) 2026-02-23 19:31:48 Job submitted from host: <141.34.103.35:9618?addrs=141.34.103.35-9618+[2001-638-700-f067--1-23]-9618&alias=wgs39.zeuthen.desy.de&noUDP&sock=schedd_7302_24a3>
...
001 (16619873.028.000) 2026-02-23 19:31:50 Job executing on host: <141.34.15.53:9618?addrs=141.34.15.53-9618+[2001-638-700-f00f--1-35]-9618&alias=pizza24.zeuthen.desy.de&noUDP&sock=startd_9259_7b7b>
	SlotName: slot1_1@pizza24.zeuthen.desy.de
	CondorScratchDir = "/batch/dir_1485714"
	Cpus = 1
	Disk = 1025696
	GPUs = 0
	Memory = 5120
...
006 (16619873.028.000) 2026-02-23 19:32:03 Image size of job updated: 103388
	101  -  MemoryUsage of job (MB)
	103388  -  ResidentSetSize of job (KB)
...
006 (16619873.028.000) 2026-02-23 19:37:03 Image size of job updated: 682380
	567  -  MemoryUsage of job (MB)
	580488  -  ResidentSetSize of job (KB)
...
006 (16619873.028.000) 2026-02-23 19:47:04 Image size of job updated: 682380
	575  -  MemoryUsage of job (MB)
	588172  -  ResidentSetSize of job (KB)
...
006 (16619873.028.000) 2026-02-23 19:52:04 Image size of job updated: 682380
	583  -  MemoryUsage of job (MB)
	596296  -  ResidentSetSize of job (KB)
...
006 (16619873.028.000) 2026-02-23 19:57:05 Image size of job updated: 682380
	583  -  MemoryUsage of job (MB)
	596900  -  ResidentSetSize of job (KB)
...
006 (16619873.028.000) 2026-02-23 20:02:05 Image size of job updated: 682380
	583  -  MemoryUsage of job (MB)
	596928  -  ResidentSetSize of job (KB)
...
006 (16619873.028.000) 2026-02-23 20:07:05 Image size of job updated: 682380
	586  -  MemoryUsage of job (MB)
	599864  -  ResidentSetSize of job (KB)
...
006 (16619873.028.000) 2026-02-23 20:22:07 Image size of job updated: 682380
	587  -  MemoryUsage of job (MB)
	600224  -  ResidentSetSize of job (KB)
...
006 (16619873.028.000) 2026-02-23 21:07:13 Image size of job updated: 682380
	587  -  MemoryUsage of job (MB)
	600712  -  ResidentSetSize of job (KB)
...
006 (16619873.028.000) 2026-02-23 21:47:16 Image size of job updated: 682380
	589  -  MemoryUsage of job (MB)
	602128  -  ResidentSetSize of job (KB)
...
006 (16619873.028.000) 2026-02-23 21:52:17 Image size of job updated: 682380
	592  -  MemoryUsage of job (MB)
	605776  -  ResidentSetSize of job (KB)
...
006 (16619873.028.000) 2026-02-23 23:42:29 Image size of job updated: 682380
	596  -  MemoryUsage of job (MB)
	610008  -  ResidentSetSize of job (KB)
...
006 (16619873.028.000) 2026-02-23 23:47:29 Image size of job updated: 682380
	599  -  MemoryUsage of job (MB)
	612788  -  ResidentSetSize of job (KB)
...
006 (16619873.028.000) 2026-02-24 00:37:34 Image size of job updated: 682380
	599  -  MemoryUsage of job (MB)
	613172  -  ResidentSetSize of job (KB)
...
006 (16619873.028.000) 2026-02-24 00:42:35 Image size of job updated: 682380
	599  -  MemoryUsage of job (MB)
	613328  -  ResidentSetSize of job (KB)
...
006 (16619873.028.000) 2026-02-24 06:03:05 Image size of job updated: 682380
	599  -  MemoryUsage of job (MB)
	613332  -  ResidentSetSize of job (KB)
...
022 (16619873.028.000) 2026-02-24 08:04:13 Job disconnected, attempting to reconnect
    Local schedd and job shadow died, schedd now running again
    Trying to reconnect to slot1_1@pizza24.zeuthen.desy.de <141.34.15.53:9618?addrs=141.34.15.53-9618+[2001-638-700-f00f--1-35]-9618&alias=pizza24.zeuthen.desy.de&noUDP&sock=startd_9259_7b7b>
...
023 (16619873.028.000) 2026-02-24 08:04:22 Job reconnected to slot1_1@pizza24.zeuthen.desy.de
    startd address: <141.34.15.53:9618?addrs=141.34.15.53-9618+[2001-638-700-f00f--1-35]-9618&alias=pizza24.zeuthen.desy.de&noUDP&sock=startd_9259_7b7b>
    starter address: <141.34.15.53:9618?addrs=141.34.15.53-9618+[2001-638-700-f00f--1-35]-9618&alias=pizza24.zeuthen.desy.de&noUDP&sock=slot1_1_9847_da2a_7002>
...
005 (16619873.028.000) 2026-02-27 01:45:42 Job terminated.
	(1) Normal termination (return value 0)
		Usr 3 05:29:02, Sys 0 00:01:00  -  Run Remote Usage
		Usr 0 00:00:00, Sys 0 00:00:00  -  Run Local Usage
		Usr 3 17:35:25, Sys 0 00:01:02  -  Total Remote Usage
		Usr 0 00:00:00, Sys 0 00:00:00  -  Total Local Usage
	0  -  Run Bytes Sent By Job
	0  -  Run Bytes Received By Job
	0  -  Total Bytes Sent By Job
	0  -  Total Bytes Received By Job
	Partitionable Resources :         Usage  Request Allocated 
	   Cpus                 :          0.99        1         1 
	   Disk (KB)            :          1     1024000   1025696 
	   Memory (MB)          :        733        5120      5120 
	   TimeExecute (s)      : 1772153142                       
	   TimeSlotBusy (s)     : 1772153142                       

	Job terminated of its own accord at 2026-02-27T00:45:42Z with exit-code 0.
...
