000 (15756408.1021.000) 2026-02-06 11:26:59 Job submitted from host: <141.34.103.35:9618?addrs=141.34.103.35-9618+[2001-638-700-f067--1-23]-9618&alias=wgs39.zeuthen.desy.de&noUDP&sock=schedd_7414_f73f>
...
009 (15756408.1021.000) 2026-02-10 11:47:41 Job was aborted.
	via condor_rm (by user tuccia)
...
000 (15951004.681.000) 2026-02-10 16:30:07 Job submitted from host: <141.34.103.35:9618?addrs=141.34.103.35-9618+[2001-638-700-f067--1-23]-9618&alias=wgs39.zeuthen.desy.de&noUDP&sock=schedd_7302_24a3>
...
001 (15951004.681.000) 2026-02-10 19:13:21 Job executing on host: <141.34.15.179:9618?addrs=141.34.15.179-9618+[2001-638-700-f00f--1-b3]-9618&alias=genoa04.zeuthen.desy.de&noUDP&sock=startd_11819_6dee>
	SlotName: slot1_74@genoa04.zeuthen.desy.de
	CondorScratchDir = "/batch/dir_641788"
	Cpus = 1
	Disk = 1025697
	GPUs = 0
	Memory = 5120
...
006 (15951004.681.000) 2026-02-10 19:13:35 Image size of job updated: 101408
	100  -  MemoryUsage of job (MB)
	101408  -  ResidentSetSize of job (KB)
...
006 (15951004.681.000) 2026-02-10 19:18:36 Image size of job updated: 616652
	603  -  MemoryUsage of job (MB)
	616652  -  ResidentSetSize of job (KB)
...
006 (15951004.681.000) 2026-02-10 19:23:36 Image size of job updated: 747288
	730  -  MemoryUsage of job (MB)
	747288  -  ResidentSetSize of job (KB)
...
006 (15951004.681.000) 2026-02-10 19:28:37 Image size of job updated: 747640
	731  -  MemoryUsage of job (MB)
	747640  -  ResidentSetSize of job (KB)
...
006 (15951004.681.000) 2026-02-10 19:33:37 Image size of job updated: 747976
	731  -  MemoryUsage of job (MB)
	747976  -  ResidentSetSize of job (KB)
...
006 (15951004.681.000) 2026-02-10 19:38:37 Image size of job updated: 748308
	731  -  MemoryUsage of job (MB)
	748308  -  ResidentSetSize of job (KB)
...
006 (15951004.681.000) 2026-02-10 19:43:38 Image size of job updated: 748632
	732  -  MemoryUsage of job (MB)
	748632  -  ResidentSetSize of job (KB)
...
006 (15951004.681.000) 2026-02-10 19:48:38 Image size of job updated: 748952
	732  -  MemoryUsage of job (MB)
	748952  -  ResidentSetSize of job (KB)
...
006 (15951004.681.000) 2026-02-10 19:53:39 Image size of job updated: 749264
	732  -  MemoryUsage of job (MB)
	749264  -  ResidentSetSize of job (KB)
...
006 (15951004.681.000) 2026-02-10 19:58:40 Image size of job updated: 749580
	733  -  MemoryUsage of job (MB)
	749580  -  ResidentSetSize of job (KB)
...
006 (15951004.681.000) 2026-02-10 20:03:40 Image size of job updated: 749916
	733  -  MemoryUsage of job (MB)
	749916  -  ResidentSetSize of job (KB)
...
006 (15951004.681.000) 2026-02-10 20:08:41 Image size of job updated: 750244
	733  -  MemoryUsage of job (MB)
	750244  -  ResidentSetSize of job (KB)
...
006 (15951004.681.000) 2026-02-10 20:13:41 Image size of job updated: 796856
	754  -  MemoryUsage of job (MB)
	771884  -  ResidentSetSize of job (KB)
...
006 (15951004.681.000) 2026-02-10 21:03:47 Image size of job updated: 796856
	755  -  MemoryUsage of job (MB)
	772432  -  ResidentSetSize of job (KB)
...
006 (15951004.681.000) 2026-02-10 21:53:51 Image size of job updated: 796856
	755  -  MemoryUsage of job (MB)
	772576  -  ResidentSetSize of job (KB)
...
006 (15951004.681.000) 2026-02-10 22:18:53 Image size of job updated: 796856
	755  -  MemoryUsage of job (MB)
	772716  -  ResidentSetSize of job (KB)
...
006 (15951004.681.000) 2026-02-10 22:48:57 Image size of job updated: 796856
	755  -  MemoryUsage of job (MB)
	773048  -  ResidentSetSize of job (KB)
...
006 (15951004.681.000) 2026-02-10 23:39:01 Image size of job updated: 796856
	756  -  MemoryUsage of job (MB)
	773164  -  ResidentSetSize of job (KB)
...
006 (15951004.681.000) 2026-02-11 01:19:11 Image size of job updated: 796856
	775  -  MemoryUsage of job (MB)
	793272  -  ResidentSetSize of job (KB)
...
006 (15951004.681.000) 2026-02-11 01:24:11 Image size of job updated: 796856
	775  -  MemoryUsage of job (MB)
	793276  -  ResidentSetSize of job (KB)
...
006 (15951004.681.000) 2026-02-11 06:59:43 Image size of job updated: 797048
	775  -  MemoryUsage of job (MB)
	793276  -  ResidentSetSize of job (KB)
...
006 (15951004.681.000) 2026-02-11 09:19:57 Image size of job updated: 797296
	775  -  MemoryUsage of job (MB)
	793276  -  ResidentSetSize of job (KB)
...
