000 (15756407.1075.000) 2026-02-06 11:26:13 Job submitted from host: <141.34.103.35:9618?addrs=141.34.103.35-9618+[2001-638-700-f067--1-23]-9618&alias=wgs39.zeuthen.desy.de&noUDP&sock=schedd_7414_f73f>
...
009 (15756407.1075.000) 2026-02-10 11:42:44 Job was aborted.
	via condor_rm (by user tuccia)
...
000 (15949294.717.000) 2026-02-10 11:45:21 Job submitted from host: <141.34.103.35:9618?addrs=141.34.103.35-9618+[2001-638-700-f067--1-23]-9618&alias=wgs39.zeuthen.desy.de&noUDP&sock=schedd_7302_24a3>
...
009 (15949294.717.000) 2026-02-10 11:45:47 Job was aborted.
	via condor_rm (by user tuccia)
...
000 (15949295.717.000) 2026-02-10 11:46:05 Job submitted from host: <141.34.103.35:9618?addrs=141.34.103.35-9618+[2001-638-700-f067--1-23]-9618&alias=wgs39.zeuthen.desy.de&noUDP&sock=schedd_7302_24a3>
...
000 (15950983.235.000) 2026-02-10 16:27:56 Job submitted from host: <141.34.103.35:9618?addrs=141.34.103.35-9618+[2001-638-700-f067--1-23]-9618&alias=wgs39.zeuthen.desy.de&noUDP&sock=schedd_7302_24a3>
...
001 (15950983.235.000) 2026-02-10 16:42:12 Job executing on host: <141.34.15.84:9618?addrs=141.34.15.84-9618+[2001-638-700-f00f--1-54]-9618&alias=genoa08.zeuthen.desy.de&noUDP&sock=startd_10216_e79d>
	SlotName: slot1_7@genoa08.zeuthen.desy.de
	CondorScratchDir = "/batch/dir_3344891"
	Cpus = 1
	Disk = 1025681
	GPUs = 0
	Memory = 5120
...
006 (15950983.235.000) 2026-02-10 16:42:25 Image size of job updated: 101404
	100  -  MemoryUsage of job (MB)
	101404  -  ResidentSetSize of job (KB)
...
006 (15950983.235.000) 2026-02-10 16:47:25 Image size of job updated: 698932
	680  -  MemoryUsage of job (MB)
	695880  -  ResidentSetSize of job (KB)
...
006 (15950983.235.000) 2026-02-10 16:52:26 Image size of job updated: 699732
	680  -  MemoryUsage of job (MB)
	695880  -  ResidentSetSize of job (KB)
...
006 (15950983.235.000) 2026-02-10 16:57:26 Image size of job updated: 700168
	680  -  MemoryUsage of job (MB)
	696044  -  ResidentSetSize of job (KB)
...
006 (15950983.235.000) 2026-02-10 17:02:26 Image size of job updated: 701036
	680  -  MemoryUsage of job (MB)
	696048  -  ResidentSetSize of job (KB)
...
006 (15950983.235.000) 2026-02-10 17:07:27 Image size of job updated: 701696
	680  -  MemoryUsage of job (MB)
	696048  -  ResidentSetSize of job (KB)
...
006 (15950983.235.000) 2026-02-10 17:12:27 Image size of job updated: 702576
	680  -  MemoryUsage of job (MB)
	696048  -  ResidentSetSize of job (KB)
...
006 (15950983.235.000) 2026-02-10 17:17:27 Image size of job updated: 702668
	680  -  MemoryUsage of job (MB)
	696048  -  ResidentSetSize of job (KB)
...
006 (15950983.235.000) 2026-02-10 17:27:28 Image size of job updated: 702668
	684  -  MemoryUsage of job (MB)
	700332  -  ResidentSetSize of job (KB)
...
006 (15950983.235.000) 2026-02-10 17:37:30 Image size of job updated: 702668
	685  -  MemoryUsage of job (MB)
	701148  -  ResidentSetSize of job (KB)
...
006 (15950983.235.000) 2026-02-10 17:47:31 Image size of job updated: 703024
	685  -  MemoryUsage of job (MB)
	701148  -  ResidentSetSize of job (KB)
...
006 (15950983.235.000) 2026-02-10 18:02:33 Image size of job updated: 703892
	685  -  MemoryUsage of job (MB)
	701148  -  ResidentSetSize of job (KB)
...
006 (15950983.235.000) 2026-02-10 18:07:33 Image size of job updated: 703912
	685  -  MemoryUsage of job (MB)
	701148  -  ResidentSetSize of job (KB)
...
006 (15950983.235.000) 2026-02-10 18:12:33 Image size of job updated: 704756
	685  -  MemoryUsage of job (MB)
	701276  -  ResidentSetSize of job (KB)
...
006 (15950983.235.000) 2026-02-10 18:17:34 Image size of job updated: 704756
	687  -  MemoryUsage of job (MB)
	703032  -  ResidentSetSize of job (KB)
...
006 (15950983.235.000) 2026-02-10 18:22:34 Image size of job updated: 707572
	689  -  MemoryUsage of job (MB)
	705396  -  ResidentSetSize of job (KB)
...
006 (15950983.235.000) 2026-02-10 18:27:34 Image size of job updated: 708284
	690  -  MemoryUsage of job (MB)
	705984  -  ResidentSetSize of job (KB)
...
006 (15950983.235.000) 2026-02-10 18:37:35 Image size of job updated: 708840
	690  -  MemoryUsage of job (MB)
	706284  -  ResidentSetSize of job (KB)
...
006 (15950983.235.000) 2026-02-10 18:42:36 Image size of job updated: 723764
	707  -  MemoryUsage of job (MB)
	723764  -  ResidentSetSize of job (KB)
...
006 (15950983.235.000) 2026-02-10 18:47:37 Image size of job updated: 724696
	708  -  MemoryUsage of job (MB)
	724696  -  ResidentSetSize of job (KB)
...
006 (15950983.235.000) 2026-02-10 18:52:37 Image size of job updated: 725588
	709  -  MemoryUsage of job (MB)
	725588  -  ResidentSetSize of job (KB)
...
006 (15950983.235.000) 2026-02-10 18:57:38 Image size of job updated: 726456
	710  -  MemoryUsage of job (MB)
	726456  -  ResidentSetSize of job (KB)
...
006 (15950983.235.000) 2026-02-10 19:02:39 Image size of job updated: 729760
	710  -  MemoryUsage of job (MB)
	726816  -  ResidentSetSize of job (KB)
...
006 (15950983.235.000) 2026-02-10 19:17:40 Image size of job updated: 730000
	710  -  MemoryUsage of job (MB)
	726816  -  ResidentSetSize of job (KB)
...
006 (15950983.235.000) 2026-02-10 19:27:41 Image size of job updated: 730000
	710  -  MemoryUsage of job (MB)
	726844  -  ResidentSetSize of job (KB)
...
006 (15950983.235.000) 2026-02-10 19:37:42 Image size of job updated: 730000
	710  -  MemoryUsage of job (MB)
	726932  -  ResidentSetSize of job (KB)
...
006 (15950983.235.000) 2026-02-10 19:52:44 Image size of job updated: 730000
	711  -  MemoryUsage of job (MB)
	727292  -  ResidentSetSize of job (KB)
...
006 (15950983.235.000) 2026-02-10 20:22:47 Image size of job updated: 730000
	713  -  MemoryUsage of job (MB)
	729712  -  ResidentSetSize of job (KB)
...
006 (15950983.235.000) 2026-02-10 20:27:47 Image size of job updated: 730328
	714  -  MemoryUsage of job (MB)
	730328  -  ResidentSetSize of job (KB)
...
006 (15950983.235.000) 2026-02-10 20:32:47 Image size of job updated: 730964
	714  -  MemoryUsage of job (MB)
	730964  -  ResidentSetSize of job (KB)
...
006 (15950983.235.000) 2026-02-10 20:37:48 Image size of job updated: 731596
	715  -  MemoryUsage of job (MB)
	731596  -  ResidentSetSize of job (KB)
...
006 (15950983.235.000) 2026-02-10 20:42:48 Image size of job updated: 732228
	716  -  MemoryUsage of job (MB)
	732228  -  ResidentSetSize of job (KB)
...
006 (15950983.235.000) 2026-02-10 20:47:48 Image size of job updated: 735724
	716  -  MemoryUsage of job (MB)
	732752  -  ResidentSetSize of job (KB)
...
006 (15950983.235.000) 2026-02-10 21:12:51 Image size of job updated: 735724
	716  -  MemoryUsage of job (MB)
	732984  -  ResidentSetSize of job (KB)
...
006 (15950983.235.000) 2026-02-10 21:17:52 Image size of job updated: 735724
	717  -  MemoryUsage of job (MB)
	733440  -  ResidentSetSize of job (KB)
...
006 (15950983.235.000) 2026-02-10 21:32:55 Image size of job updated: 735724
	717  -  MemoryUsage of job (MB)
	733468  -  ResidentSetSize of job (KB)
...
006 (15950983.235.000) 2026-02-10 21:47:56 Image size of job updated: 735724
	717  -  MemoryUsage of job (MB)
	733512  -  ResidentSetSize of job (KB)
...
006 (15950983.235.000) 2026-02-10 22:02:57 Image size of job updated: 736800
	717  -  MemoryUsage of job (MB)
	733560  -  ResidentSetSize of job (KB)
...
006 (15950983.235.000) 2026-02-10 22:38:00 Image size of job updated: 736800
	718  -  MemoryUsage of job (MB)
	734704  -  ResidentSetSize of job (KB)
...
006 (15950983.235.000) 2026-02-10 23:38:06 Image size of job updated: 736920
	718  -  MemoryUsage of job (MB)
	734704  -  ResidentSetSize of job (KB)
...
006 (15950983.235.000) 2026-02-11 14:34:32 Image size of job updated: 736920
	720  -  MemoryUsage of job (MB)
	736336  -  ResidentSetSize of job (KB)
...
006 (15950983.235.000) 2026-02-11 15:29:38 Image size of job updated: 736920
	720  -  MemoryUsage of job (MB)
	736380  -  ResidentSetSize of job (KB)
...
006 (15950983.235.000) 2026-02-11 15:54:41 Image size of job updated: 736920
	720  -  MemoryUsage of job (MB)
	736732  -  ResidentSetSize of job (KB)
...
006 (15950983.235.000) 2026-02-11 16:19:43 Image size of job updated: 736920
	720  -  MemoryUsage of job (MB)
	736848  -  ResidentSetSize of job (KB)
...
006 (15950983.235.000) 2026-02-11 16:44:46 Image size of job updated: 736924
	720  -  MemoryUsage of job (MB)
	736924  -  ResidentSetSize of job (KB)
...
006 (15950983.235.000) 2026-02-11 17:09:49 Image size of job updated: 737104
	720  -  MemoryUsage of job (MB)
	737104  -  ResidentSetSize of job (KB)
...
006 (15950983.235.000) 2026-02-11 19:20:03 Image size of job updated: 737116
	720  -  MemoryUsage of job (MB)
	737116  -  ResidentSetSize of job (KB)
...
006 (15950983.235.000) 2026-02-11 19:50:06 Image size of job updated: 737360
	721  -  MemoryUsage of job (MB)
	737360  -  ResidentSetSize of job (KB)
...
006 (15950983.235.000) 2026-02-11 21:40:17 Image size of job updated: 737564
	721  -  MemoryUsage of job (MB)
	737564  -  ResidentSetSize of job (KB)
...
006 (15950983.235.000) 2026-02-11 22:10:19 Image size of job updated: 737616
	721  -  MemoryUsage of job (MB)
	737616  -  ResidentSetSize of job (KB)
...
006 (15950983.235.000) 2026-02-12 01:10:36 Image size of job updated: 737704
	721  -  MemoryUsage of job (MB)
	737620  -  ResidentSetSize of job (KB)
...
006 (15950983.235.000) 2026-02-12 01:35:38 Image size of job updated: 737716
	721  -  MemoryUsage of job (MB)
	737716  -  ResidentSetSize of job (KB)
...
006 (15950983.235.000) 2026-02-12 02:00:41 Image size of job updated: 737872
	721  -  MemoryUsage of job (MB)
	737872  -  ResidentSetSize of job (KB)
...
006 (15950983.235.000) 2026-02-12 02:05:41 Image size of job updated: 738068
	721  -  MemoryUsage of job (MB)
	738068  -  ResidentSetSize of job (KB)
...
006 (15950983.235.000) 2026-02-12 02:30:44 Image size of job updated: 738128
	721  -  MemoryUsage of job (MB)
	738068  -  ResidentSetSize of job (KB)
...
006 (15950983.235.000) 2026-02-12 02:55:47 Image size of job updated: 738128
	721  -  MemoryUsage of job (MB)
	738080  -  ResidentSetSize of job (KB)
...
006 (15950983.235.000) 2026-02-12 03:20:50 Image size of job updated: 738128
	721  -  MemoryUsage of job (MB)
	738128  -  ResidentSetSize of job (KB)
...
006 (15950983.235.000) 2026-02-12 03:45:53 Image size of job updated: 738152
	721  -  MemoryUsage of job (MB)
	738152  -  ResidentSetSize of job (KB)
...
006 (15950983.235.000) 2026-02-12 04:10:56 Image size of job updated: 738384
	722  -  MemoryUsage of job (MB)
	738384  -  ResidentSetSize of job (KB)
...
006 (15950983.235.000) 2026-02-12 05:26:05 Image size of job updated: 738432
	722  -  MemoryUsage of job (MB)
	738432  -  ResidentSetSize of job (KB)
...
006 (15950983.235.000) 2026-02-12 05:56:07 Image size of job updated: 738640
	722  -  MemoryUsage of job (MB)
	738640  -  ResidentSetSize of job (KB)
...
006 (15950983.235.000) 2026-02-12 06:46:13 Image size of job updated: 738716
	722  -  MemoryUsage of job (MB)
	738716  -  ResidentSetSize of job (KB)
...
006 (15950983.235.000) 2026-02-12 07:11:15 Image size of job updated: 738896
	722  -  MemoryUsage of job (MB)
	738896  -  ResidentSetSize of job (KB)
...
006 (15950983.235.000) 2026-02-12 09:36:28 Image size of job updated: 738928
	722  -  MemoryUsage of job (MB)
	738928  -  ResidentSetSize of job (KB)
...
006 (15950983.235.000) 2026-02-12 10:01:30 Image size of job updated: 739152
	722  -  MemoryUsage of job (MB)
	739152  -  ResidentSetSize of job (KB)
...
006 (15950983.235.000) 2026-02-12 10:51:35 Image size of job updated: 739208
	722  -  MemoryUsage of job (MB)
	739208  -  ResidentSetSize of job (KB)
...
006 (15950983.235.000) 2026-02-12 11:21:38 Image size of job updated: 739408
	723  -  MemoryUsage of job (MB)
	739408  -  ResidentSetSize of job (KB)
...
006 (15950983.235.000) 2026-02-12 14:01:53 Image size of job updated: 739484
	723  -  MemoryUsage of job (MB)
	739484  -  ResidentSetSize of job (KB)
...
006 (15950983.235.000) 2026-02-12 14:31:56 Image size of job updated: 739664
	723  -  MemoryUsage of job (MB)
	739664  -  ResidentSetSize of job (KB)
...
006 (15950983.235.000) 2026-02-12 15:52:05 Image size of job updated: 739856
	723  -  MemoryUsage of job (MB)
	739856  -  ResidentSetSize of job (KB)
...
006 (15950983.235.000) 2026-02-12 16:22:08 Image size of job updated: 739920
	723  -  MemoryUsage of job (MB)
	739856  -  ResidentSetSize of job (KB)
...
021 (15950983.235.000) 2026-02-12 16:42:13 Error from starter on slot1_7@genoa08.zeuthen.desy.de:
	runtime exceeded maximum (target.Runtime seconds)
	Code 21 Subcode 103
...
004 (15950983.235.000) 2026-02-12 16:42:13 Job was evicted.
	(0) CPU times
		Usr 1 23:30:09, Sys 0 00:00:08  -  Run Remote Usage
		Usr 0 00:00:00, Sys 0 00:00:00  -  Run Local Usage
	0  -  Run Bytes Sent By Job
	0  -  Run Bytes Received By Job
	Error from slot1_7@genoa08.zeuthen.desy.de: runtime exceeded maximum (target.Runtime seconds)
	Partitionable Resources :     Usage  Request Allocated 
	   Cpus                 :      0.99        1         1 
	   Disk (KB)            :      1     1024000   1025681 
	   GPUs                 :                            0 
	   Memory (MB)          :    723        5120      5120 
	   TimeSlotBusy (s)     : 172801                       
...
012 (15950983.235.000) 2026-02-12 16:42:13 Job was held.
	Error from slot1_7@genoa08.zeuthen.desy.de: runtime exceeded maximum (target.Runtime seconds)
	Code 21 Subcode 103
...
001 (15949295.717.000) 2026-02-13 20:30:33 Job executing on host: <141.34.15.206:9618?addrs=141.34.15.206-9618+[2001-638-700-f00f--1-ce]-9618&alias=pizza08.zeuthen.desy.de&noUDP&sock=startd_9102_cb1c>
	SlotName: slot1_2@pizza08.zeuthen.desy.de
	CondorScratchDir = "/batch/dir_570950"
	Cpus = 8
	Disk = 1025696
	GPUs = 0
	Memory = 16384
...
006 (15949295.717.000) 2026-02-13 20:30:47 Image size of job updated: 103436
	102  -  MemoryUsage of job (MB)
	103436  -  ResidentSetSize of job (KB)
...
006 (15949295.717.000) 2026-02-13 20:35:48 Image size of job updated: 713196
	694  -  MemoryUsage of job (MB)
	709956  -  ResidentSetSize of job (KB)
...
006 (15949295.717.000) 2026-02-13 20:40:49 Image size of job updated: 714108
	694  -  MemoryUsage of job (MB)
	710352  -  ResidentSetSize of job (KB)
...
006 (15949295.717.000) 2026-02-13 20:45:49 Image size of job updated: 715000
	697  -  MemoryUsage of job (MB)
	713564  -  ResidentSetSize of job (KB)
...
006 (15949295.717.000) 2026-02-13 20:50:50 Image size of job updated: 715860
	697  -  MemoryUsage of job (MB)
	713568  -  ResidentSetSize of job (KB)
...
006 (15949295.717.000) 2026-02-13 20:55:51 Image size of job updated: 716336
	698  -  MemoryUsage of job (MB)
	714312  -  ResidentSetSize of job (KB)
...
006 (15949295.717.000) 2026-02-13 21:00:51 Image size of job updated: 717228
	700  -  MemoryUsage of job (MB)
	715968  -  ResidentSetSize of job (KB)
...
006 (15949295.717.000) 2026-02-13 21:05:52 Image size of job updated: 717616
	700  -  MemoryUsage of job (MB)
	715968  -  ResidentSetSize of job (KB)
...
006 (15949295.717.000) 2026-02-13 21:20:54 Image size of job updated: 729956
	706  -  MemoryUsage of job (MB)
	722156  -  ResidentSetSize of job (KB)
...
006 (15949295.717.000) 2026-02-13 21:25:55 Image size of job updated: 730548
	707  -  MemoryUsage of job (MB)
	723908  -  ResidentSetSize of job (KB)
...
006 (15949295.717.000) 2026-02-13 21:30:55 Image size of job updated: 730976
	709  -  MemoryUsage of job (MB)
	725044  -  ResidentSetSize of job (KB)
...
006 (15949295.717.000) 2026-02-13 21:35:56 Image size of job updated: 731464
	713  -  MemoryUsage of job (MB)
	729324  -  ResidentSetSize of job (KB)
...
006 (15949295.717.000) 2026-02-13 21:40:57 Image size of job updated: 731996
	715  -  MemoryUsage of job (MB)
	731820  -  ResidentSetSize of job (KB)
...
006 (15949295.717.000) 2026-02-13 21:45:57 Image size of job updated: 732336
	715  -  MemoryUsage of job (MB)
	731820  -  ResidentSetSize of job (KB)
...
006 (15949295.717.000) 2026-02-13 21:50:58 Image size of job updated: 732872
	715  -  MemoryUsage of job (MB)
	731820  -  ResidentSetSize of job (KB)
...
006 (15949295.717.000) 2026-02-13 21:55:59 Image size of job updated: 733068
	715  -  MemoryUsage of job (MB)
	731820  -  ResidentSetSize of job (KB)
...
006 (15949295.717.000) 2026-02-13 22:00:59 Image size of job updated: 733900
	715  -  MemoryUsage of job (MB)
	731820  -  ResidentSetSize of job (KB)
...
006 (15949295.717.000) 2026-02-13 22:06:00 Image size of job updated: 734432
	718  -  MemoryUsage of job (MB)
	734432  -  ResidentSetSize of job (KB)
...
006 (15949295.717.000) 2026-02-13 22:11:01 Image size of job updated: 735156
	718  -  MemoryUsage of job (MB)
	734860  -  ResidentSetSize of job (KB)
...
006 (15949295.717.000) 2026-02-13 22:16:01 Image size of job updated: 781572
	760  -  MemoryUsage of job (MB)
	777676  -  ResidentSetSize of job (KB)
...
006 (15949295.717.000) 2026-02-13 22:21:02 Image size of job updated: 799396
	781  -  MemoryUsage of job (MB)
	799396  -  ResidentSetSize of job (KB)
...
006 (15949295.717.000) 2026-02-13 22:26:03 Image size of job updated: 829196
	810  -  MemoryUsage of job (MB)
	829196  -  ResidentSetSize of job (KB)
...
006 (15949295.717.000) 2026-02-13 22:31:03 Image size of job updated: 835688
	812  -  MemoryUsage of job (MB)
	830840  -  ResidentSetSize of job (KB)
...
006 (15949295.717.000) 2026-02-13 22:36:04 Image size of job updated: 835688
	812  -  MemoryUsage of job (MB)
	831148  -  ResidentSetSize of job (KB)
...
006 (15949295.717.000) 2026-02-13 22:46:05 Image size of job updated: 835688
	812  -  MemoryUsage of job (MB)
	831304  -  ResidentSetSize of job (KB)
...
006 (15949295.717.000) 2026-02-13 22:51:06 Image size of job updated: 836016
	813  -  MemoryUsage of job (MB)
	831492  -  ResidentSetSize of job (KB)
...
006 (15949295.717.000) 2026-02-13 22:56:06 Image size of job updated: 836016
	813  -  MemoryUsage of job (MB)
	831584  -  ResidentSetSize of job (KB)
...
006 (15949295.717.000) 2026-02-13 23:11:07 Image size of job updated: 866656
	847  -  MemoryUsage of job (MB)
	866656  -  ResidentSetSize of job (KB)
...
006 (15949295.717.000) 2026-02-13 23:16:07 Image size of job updated: 867068
	847  -  MemoryUsage of job (MB)
	867068  -  ResidentSetSize of job (KB)
...
006 (15949295.717.000) 2026-02-13 23:31:08 Image size of job updated: 867088
	847  -  MemoryUsage of job (MB)
	867088  -  ResidentSetSize of job (KB)
...
006 (15949295.717.000) 2026-02-13 23:36:09 Image size of job updated: 867324
	847  -  MemoryUsage of job (MB)
	867324  -  ResidentSetSize of job (KB)
...
006 (15949295.717.000) 2026-02-14 00:01:12 Image size of job updated: 867368
	848  -  MemoryUsage of job (MB)
	867368  -  ResidentSetSize of job (KB)
...
006 (15949295.717.000) 2026-02-14 00:06:13 Image size of job updated: 867580
	848  -  MemoryUsage of job (MB)
	867580  -  ResidentSetSize of job (KB)
...
006 (15949295.717.000) 2026-02-14 00:21:15 Image size of job updated: 867828
	848  -  MemoryUsage of job (MB)
	867828  -  ResidentSetSize of job (KB)
...
006 (15949295.717.000) 2026-02-14 00:26:15 Image size of job updated: 867836
	848  -  MemoryUsage of job (MB)
	867836  -  ResidentSetSize of job (KB)
...
006 (15949295.717.000) 2026-02-14 00:31:16 Image size of job updated: 868092
	848  -  MemoryUsage of job (MB)
	868092  -  ResidentSetSize of job (KB)
...
006 (15949295.717.000) 2026-02-14 00:56:17 Image size of job updated: 868104
	848  -  MemoryUsage of job (MB)
	868104  -  ResidentSetSize of job (KB)
...
006 (15949295.717.000) 2026-02-14 01:01:18 Image size of job updated: 868348
	848  -  MemoryUsage of job (MB)
	868348  -  ResidentSetSize of job (KB)
...
006 (15949295.717.000) 2026-02-14 01:21:19 Image size of job updated: 868404
	849  -  MemoryUsage of job (MB)
	868404  -  ResidentSetSize of job (KB)
...
006 (15949295.717.000) 2026-02-14 01:26:20 Image size of job updated: 868604
	849  -  MemoryUsage of job (MB)
	868604  -  ResidentSetSize of job (KB)
...
006 (15949295.717.000) 2026-02-14 01:46:23 Image size of job updated: 868688
	849  -  MemoryUsage of job (MB)
	868688  -  ResidentSetSize of job (KB)
...
006 (15949295.717.000) 2026-02-14 01:51:23 Image size of job updated: 868860
	849  -  MemoryUsage of job (MB)
	868688  -  ResidentSetSize of job (KB)
...
006 (15949295.717.000) 2026-02-14 01:56:24 Image size of job updated: 868860
	849  -  MemoryUsage of job (MB)
	868716  -  ResidentSetSize of job (KB)
...
006 (15949295.717.000) 2026-02-14 02:01:24 Image size of job updated: 868960
	849  -  MemoryUsage of job (MB)
	868960  -  ResidentSetSize of job (KB)
...
006 (15949295.717.000) 2026-02-14 02:06:24 Image size of job updated: 869116
	849  -  MemoryUsage of job (MB)
	869116  -  ResidentSetSize of job (KB)
...
006 (15949295.717.000) 2026-02-14 02:26:26 Image size of job updated: 869372
	849  -  MemoryUsage of job (MB)
	869372  -  ResidentSetSize of job (KB)
...
006 (15949295.717.000) 2026-02-14 02:41:28 Image size of job updated: 869628
	850  -  MemoryUsage of job (MB)
	869628  -  ResidentSetSize of job (KB)
...
006 (15949295.717.000) 2026-02-14 03:11:31 Image size of job updated: 869692
	850  -  MemoryUsage of job (MB)
	869628  -  ResidentSetSize of job (KB)
...
006 (15949295.717.000) 2026-02-14 03:16:31 Image size of job updated: 869768
	850  -  MemoryUsage of job (MB)
	869768  -  ResidentSetSize of job (KB)
...
006 (15949295.717.000) 2026-02-14 03:21:32 Image size of job updated: 869884
	850  -  MemoryUsage of job (MB)
	869884  -  ResidentSetSize of job (KB)
...
006 (15949295.717.000) 2026-02-14 03:36:33 Image size of job updated: 870000
	850  -  MemoryUsage of job (MB)
	869884  -  ResidentSetSize of job (KB)
...
006 (15949295.717.000) 2026-02-14 03:41:33 Image size of job updated: 870128
	850  -  MemoryUsage of job (MB)
	870128  -  ResidentSetSize of job (KB)
...
006 (15949295.717.000) 2026-02-14 03:51:35 Image size of job updated: 870140
	850  -  MemoryUsage of job (MB)
	870140  -  ResidentSetSize of job (KB)
...
006 (15949295.717.000) 2026-02-14 03:56:35 Image size of job updated: 870152
	850  -  MemoryUsage of job (MB)
	870152  -  ResidentSetSize of job (KB)
...
006 (15949295.717.000) 2026-02-14 04:01:36 Image size of job updated: 870396
	850  -  MemoryUsage of job (MB)
	870396  -  ResidentSetSize of job (KB)
...
006 (15949295.717.000) 2026-02-14 04:26:38 Image size of job updated: 870404
	851  -  MemoryUsage of job (MB)
	870404  -  ResidentSetSize of job (KB)
...
006 (15949295.717.000) 2026-02-14 04:31:39 Image size of job updated: 870652
	851  -  MemoryUsage of job (MB)
	870404  -  ResidentSetSize of job (KB)
...
006 (15949295.717.000) 2026-02-14 04:41:40 Image size of job updated: 870652
	851  -  MemoryUsage of job (MB)
	870572  -  ResidentSetSize of job (KB)
...
006 (15949295.717.000) 2026-02-14 04:51:41 Image size of job updated: 870772
	851  -  MemoryUsage of job (MB)
	870772  -  ResidentSetSize of job (KB)
...
006 (15949295.717.000) 2026-02-14 04:56:42 Image size of job updated: 870908
	851  -  MemoryUsage of job (MB)
	870908  -  ResidentSetSize of job (KB)
...
006 (15949295.717.000) 2026-02-14 05:31:44 Image size of job updated: 870912
	851  -  MemoryUsage of job (MB)
	870908  -  ResidentSetSize of job (KB)
...
006 (15949295.717.000) 2026-02-14 05:41:46 Image size of job updated: 871084
	851  -  MemoryUsage of job (MB)
	871084  -  ResidentSetSize of job (KB)
...
006 (15949295.717.000) 2026-02-14 05:46:46 Image size of job updated: 871168
	851  -  MemoryUsage of job (MB)
	871084  -  ResidentSetSize of job (KB)
...
006 (15949295.717.000) 2026-02-14 05:56:47 Image size of job updated: 871264
	851  -  MemoryUsage of job (MB)
	871264  -  ResidentSetSize of job (KB)
...
006 (15949295.717.000) 2026-02-14 06:01:47 Image size of job updated: 871420
	851  -  MemoryUsage of job (MB)
	871264  -  ResidentSetSize of job (KB)
...
006 (15949295.717.000) 2026-02-14 06:11:48 Image size of job updated: 871420
	851  -  MemoryUsage of job (MB)
	871344  -  ResidentSetSize of job (KB)
...
006 (15949295.717.000) 2026-02-14 06:16:48 Image size of job updated: 871420
	851  -  MemoryUsage of job (MB)
	871420  -  ResidentSetSize of job (KB)
...
006 (15949295.717.000) 2026-02-14 06:26:49 Image size of job updated: 871464
	852  -  MemoryUsage of job (MB)
	871464  -  ResidentSetSize of job (KB)
...
006 (15949295.717.000) 2026-02-14 06:31:50 Image size of job updated: 871676
	852  -  MemoryUsage of job (MB)
	871676  -  ResidentSetSize of job (KB)
...
006 (15949295.717.000) 2026-02-14 06:51:53 Image size of job updated: 871828
	852  -  MemoryUsage of job (MB)
	871828  -  ResidentSetSize of job (KB)
...
006 (15949295.717.000) 2026-02-14 07:01:54 Image size of job updated: 871932
	852  -  MemoryUsage of job (MB)
	871828  -  ResidentSetSize of job (KB)
...
006 (15949295.717.000) 2026-02-14 07:06:54 Image size of job updated: 871932
	852  -  MemoryUsage of job (MB)
	871844  -  ResidentSetSize of job (KB)
...
006 (15949295.717.000) 2026-02-14 07:16:55 Image size of job updated: 871932
	852  -  MemoryUsage of job (MB)
	871932  -  ResidentSetSize of job (KB)
...
006 (15949295.717.000) 2026-02-14 07:36:56 Image size of job updated: 871992
	852  -  MemoryUsage of job (MB)
	871992  -  ResidentSetSize of job (KB)
...
006 (15949295.717.000) 2026-02-14 07:41:56 Image size of job updated: 872188
	852  -  MemoryUsage of job (MB)
	872188  -  ResidentSetSize of job (KB)
...
006 (15949295.717.000) 2026-02-14 08:01:59 Image size of job updated: 872332
	852  -  MemoryUsage of job (MB)
	872332  -  ResidentSetSize of job (KB)
...
006 (15949295.717.000) 2026-02-14 08:12:00 Image size of job updated: 872444
	852  -  MemoryUsage of job (MB)
	872444  -  ResidentSetSize of job (KB)
...
006 (15949295.717.000) 2026-02-14 08:27:01 Image size of job updated: 872460
	853  -  MemoryUsage of job (MB)
	872460  -  ResidentSetSize of job (KB)
...
006 (15949295.717.000) 2026-02-14 08:32:01 Image size of job updated: 872700
	853  -  MemoryUsage of job (MB)
	872700  -  ResidentSetSize of job (KB)
...
006 (15949295.717.000) 2026-02-14 09:12:06 Image size of job updated: 872776
	853  -  MemoryUsage of job (MB)
	872776  -  ResidentSetSize of job (KB)
...
006 (15949295.717.000) 2026-02-14 09:17:06 Image size of job updated: 872956
	853  -  MemoryUsage of job (MB)
	872956  -  ResidentSetSize of job (KB)
...
006 (15949295.717.000) 2026-02-14 09:27:07 Image size of job updated: 874548
	855  -  MemoryUsage of job (MB)
	874548  -  ResidentSetSize of job (KB)
...
006 (15949295.717.000) 2026-02-14 09:32:07 Image size of job updated: 874932
	855  -  MemoryUsage of job (MB)
	874932  -  ResidentSetSize of job (KB)
...
006 (15949295.717.000) 2026-02-14 09:37:08 Image size of job updated: 875124
	855  -  MemoryUsage of job (MB)
	875124  -  ResidentSetSize of job (KB)
...
006 (15949295.717.000) 2026-02-14 09:42:08 Image size of job updated: 875248
	855  -  MemoryUsage of job (MB)
	875124  -  ResidentSetSize of job (KB)
...
006 (15949295.717.000) 2026-02-14 12:22:26 Image size of job updated: 877656
	858  -  MemoryUsage of job (MB)
	877656  -  ResidentSetSize of job (KB)
...
006 (15949295.717.000) 2026-02-14 12:27:26 Image size of job updated: 878468
	858  -  MemoryUsage of job (MB)
	878468  -  ResidentSetSize of job (KB)
...
006 (15949295.717.000) 2026-02-14 15:17:43 Image size of job updated: 886160
	866  -  MemoryUsage of job (MB)
	886160  -  ResidentSetSize of job (KB)
...
006 (15949295.717.000) 2026-02-14 15:22:43 Image size of job updated: 886508
	866  -  MemoryUsage of job (MB)
	886508  -  ResidentSetSize of job (KB)
...
006 (15949295.717.000) 2026-02-14 15:27:44 Image size of job updated: 886760
	866  -  MemoryUsage of job (MB)
	886760  -  ResidentSetSize of job (KB)
...
006 (15949295.717.000) 2026-02-14 20:23:13 Image size of job updated: 886824
	867  -  MemoryUsage of job (MB)
	886824  -  ResidentSetSize of job (KB)
...
006 (15949295.717.000) 2026-02-14 20:33:14 Image size of job updated: 887016
	867  -  MemoryUsage of job (MB)
	887016  -  ResidentSetSize of job (KB)
...
006 (15949295.717.000) 2026-02-14 20:48:16 Image size of job updated: 887064
	867  -  MemoryUsage of job (MB)
	887064  -  ResidentSetSize of job (KB)
...
006 (15949295.717.000) 2026-02-14 20:53:17 Image size of job updated: 887272
	867  -  MemoryUsage of job (MB)
	887272  -  ResidentSetSize of job (KB)
...
006 (15949295.717.000) 2026-02-14 21:23:19 Image size of job updated: 894208
	874  -  MemoryUsage of job (MB)
	894208  -  ResidentSetSize of job (KB)
...
006 (15949295.717.000) 2026-02-14 21:28:20 Image size of job updated: 897312
	877  -  MemoryUsage of job (MB)
	897312  -  ResidentSetSize of job (KB)
...
006 (15949295.717.000) 2026-02-14 21:33:21 Image size of job updated: 897592
	877  -  MemoryUsage of job (MB)
	897592  -  ResidentSetSize of job (KB)
...
006 (15949295.717.000) 2026-02-14 21:38:21 Image size of job updated: 897900
	877  -  MemoryUsage of job (MB)
	897684  -  ResidentSetSize of job (KB)
...
006 (15949295.717.000) 2026-02-14 21:43:22 Image size of job updated: 897976
	877  -  MemoryUsage of job (MB)
	897976  -  ResidentSetSize of job (KB)
...
006 (15949295.717.000) 2026-02-14 21:53:23 Image size of job updated: 898156
	878  -  MemoryUsage of job (MB)
	898156  -  ResidentSetSize of job (KB)
...
006 (15949295.717.000) 2026-02-14 22:18:25 Image size of job updated: 898296
	878  -  MemoryUsage of job (MB)
	898296  -  ResidentSetSize of job (KB)
...
006 (15949295.717.000) 2026-02-14 22:23:25 Image size of job updated: 898412
	878  -  MemoryUsage of job (MB)
	898412  -  ResidentSetSize of job (KB)
...
006 (15949295.717.000) 2026-02-14 22:58:29 Image size of job updated: 898468
	878  -  MemoryUsage of job (MB)
	898412  -  ResidentSetSize of job (KB)
...
006 (15949295.717.000) 2026-02-14 23:03:29 Image size of job updated: 898544
	878  -  MemoryUsage of job (MB)
	898544  -  ResidentSetSize of job (KB)
...
006 (15949295.717.000) 2026-02-14 23:13:30 Image size of job updated: 898668
	878  -  MemoryUsage of job (MB)
	898668  -  ResidentSetSize of job (KB)
...
006 (15949295.717.000) 2026-02-14 23:28:32 Image size of job updated: 898760
	878  -  MemoryUsage of job (MB)
	898760  -  ResidentSetSize of job (KB)
...
006 (15949295.717.000) 2026-02-14 23:38:34 Image size of job updated: 898924
	878  -  MemoryUsage of job (MB)
	898924  -  ResidentSetSize of job (KB)
...
006 (15949295.717.000) 2026-02-14 23:53:36 Image size of job updated: 899044
	878  -  MemoryUsage of job (MB)
	899044  -  ResidentSetSize of job (KB)
...
006 (15949295.717.000) 2026-02-14 23:58:36 Image size of job updated: 899180
	878  -  MemoryUsage of job (MB)
	899044  -  ResidentSetSize of job (KB)
...
006 (15949295.717.000) 2026-02-15 00:33:39 Image size of job updated: 935708
	914  -  MemoryUsage of job (MB)
	935708  -  ResidentSetSize of job (KB)
...
006 (15949295.717.000) 2026-02-15 00:38:39 Image size of job updated: 936040
	915  -  MemoryUsage of job (MB)
	936040  -  ResidentSetSize of job (KB)
...
006 (15949295.717.000) 2026-02-15 07:59:21 Image size of job updated: 1003656
	981  -  MemoryUsage of job (MB)
	1003656  -  ResidentSetSize of job (KB)
...
006 (15949295.717.000) 2026-02-15 08:04:21 Image size of job updated: 1003888
	981  -  MemoryUsage of job (MB)
	1003888  -  ResidentSetSize of job (KB)
...
006 (15949295.717.000) 2026-02-15 08:09:22 Image size of job updated: 1006236
	983  -  MemoryUsage of job (MB)
	1006236  -  ResidentSetSize of job (KB)
...
006 (15949295.717.000) 2026-02-15 08:14:23 Image size of job updated: 1006376
	983  -  MemoryUsage of job (MB)
	1006376  -  ResidentSetSize of job (KB)
...
006 (15949295.717.000) 2026-02-15 08:19:23 Image size of job updated: 1006824
	984  -  MemoryUsage of job (MB)
	1006824  -  ResidentSetSize of job (KB)
...
006 (15949295.717.000) 2026-02-15 08:24:24 Image size of job updated: 1006844
	984  -  MemoryUsage of job (MB)
	1006844  -  ResidentSetSize of job (KB)
...
006 (15949295.717.000) 2026-02-15 08:39:26 Image size of job updated: 1007324
	984  -  MemoryUsage of job (MB)
	1007324  -  ResidentSetSize of job (KB)
...
006 (15949295.717.000) 2026-02-15 08:44:27 Image size of job updated: 1007532
	984  -  MemoryUsage of job (MB)
	1007532  -  ResidentSetSize of job (KB)
...
006 (15949295.717.000) 2026-02-15 08:49:27 Image size of job updated: 1007584
	984  -  MemoryUsage of job (MB)
	1007584  -  ResidentSetSize of job (KB)
...
006 (15949295.717.000) 2026-02-15 09:59:34 Image size of job updated: 1007588
	984  -  MemoryUsage of job (MB)
	1007588  -  ResidentSetSize of job (KB)
...
006 (15949295.717.000) 2026-02-15 10:09:35 Image size of job updated: 1007596
	984  -  MemoryUsage of job (MB)
	1007596  -  ResidentSetSize of job (KB)
...
006 (15949295.717.000) 2026-02-15 10:39:38 Image size of job updated: 1007604
	984  -  MemoryUsage of job (MB)
	1007604  -  ResidentSetSize of job (KB)
...
006 (15949295.717.000) 2026-02-15 10:54:40 Image size of job updated: 1007652
	985  -  MemoryUsage of job (MB)
	1007652  -  ResidentSetSize of job (KB)
...
006 (15949295.717.000) 2026-02-15 11:24:42 Image size of job updated: 1007732
	985  -  MemoryUsage of job (MB)
	1007732  -  ResidentSetSize of job (KB)
...
006 (15949295.717.000) 2026-02-15 11:49:44 Image size of job updated: 1007908
	985  -  MemoryUsage of job (MB)
	1007908  -  ResidentSetSize of job (KB)
...
006 (15949295.717.000) 2026-02-15 12:19:48 Image size of job updated: 1008120
	985  -  MemoryUsage of job (MB)
	1008120  -  ResidentSetSize of job (KB)
...
006 (15949295.717.000) 2026-02-15 12:29:49 Image size of job updated: 1008136
	985  -  MemoryUsage of job (MB)
	1008136  -  ResidentSetSize of job (KB)
...
006 (15949295.717.000) 2026-02-15 12:49:50 Image size of job updated: 1009192
	986  -  MemoryUsage of job (MB)
	1009192  -  ResidentSetSize of job (KB)
...
006 (15949295.717.000) 2026-02-15 12:54:50 Image size of job updated: 1009408
	986  -  MemoryUsage of job (MB)
	1009408  -  ResidentSetSize of job (KB)
...
006 (15949295.717.000) 2026-02-15 15:10:03 Image size of job updated: 1009428
	986  -  MemoryUsage of job (MB)
	1009428  -  ResidentSetSize of job (KB)
...
006 (15949295.717.000) 2026-02-15 17:55:18 Image size of job updated: 1009440
	986  -  MemoryUsage of job (MB)
	1009440  -  ResidentSetSize of job (KB)
...
006 (15949295.717.000) 2026-02-15 18:30:23 Image size of job updated: 1009460
	986  -  MemoryUsage of job (MB)
	1009460  -  ResidentSetSize of job (KB)
...
006 (15949295.717.000) 2026-02-15 18:45:25 Image size of job updated: 1009696
	987  -  MemoryUsage of job (MB)
	1009696  -  ResidentSetSize of job (KB)
...
006 (15949295.717.000) 2026-02-15 19:55:34 Image size of job updated: 1009776
	987  -  MemoryUsage of job (MB)
	1009776  -  ResidentSetSize of job (KB)
...
006 (15949295.717.000) 2026-02-15 20:05:36 Image size of job updated: 1009952
	987  -  MemoryUsage of job (MB)
	1009952  -  ResidentSetSize of job (KB)
...
021 (15949295.717.000) 2026-02-15 20:30:35 Error from starter on slot1_2@pizza08.zeuthen.desy.de:
	runtime exceeded maximum (target.Runtime seconds)
	Code 21 Subcode 103
...
004 (15949295.717.000) 2026-02-15 20:30:35 Job was evicted.
	(0) CPU times
		Usr 11 21:03:28, Sys 0 02:05:18  -  Run Remote Usage
		Usr 0 00:00:00, Sys 0 00:00:00  -  Run Local Usage
	0  -  Run Bytes Sent By Job
	0  -  Run Bytes Received By Job
	Error from slot1_2@pizza08.zeuthen.desy.de: runtime exceeded maximum (target.Runtime seconds)
	Partitionable Resources :     Usage  Request Allocated 
	   Cpus                 :      7.91        8         8 
	   Disk (KB)            :      1     1024000   1025696 
	   GPUs                 :                            0 
	   Memory (MB)          :    987       16384     16384 
	   TimeSlotBusy (s)     : 172802                       
...
012 (15949295.717.000) 2026-02-15 20:30:35 Job was held.
	Error from slot1_2@pizza08.zeuthen.desy.de: runtime exceeded maximum (target.Runtime seconds)
	Code 21 Subcode 103
...
009 (15949295.717.000) 2026-02-16 17:16:26 Job was aborted.
	via condor_rm (by user tuccia)
...
009 (15950983.235.000) 2026-02-16 17:16:52 Job was aborted.
	via condor_rm (by user tuccia)
...
