000 (15756404.1102.000) 2026-02-06 11:24:37 Job submitted from host: <141.34.103.35:9618?addrs=141.34.103.35-9618+[2001-638-700-f067--1-23]-9618&alias=wgs39.zeuthen.desy.de&noUDP&sock=schedd_7414_f73f>
...
001 (15756404.1102.000) 2026-02-07 06:54:13 Job executing on host: <141.34.14.32:9618?addrs=141.34.14.32-9618+[2001-638-700-f00e--1-20]-9618&alias=ampere01.zeuthen.desy.de&noUDP&sock=startd_7923_18f3>
	SlotName: slot1_7@ampere01.zeuthen.desy.de
	AvailableGPUs = {  }
	CondorScratchDir = "/batch/dir_2432319"
	Cpus = 8
	Disk = 1025682
	GPUs = 0
	Memory = 16384
...
006 (15756404.1102.000) 2026-02-07 06:54:19 Image size of job updated: 216
	0  -  MemoryUsage of job (MB)
	0  -  ResidentSetSize of job (KB)
...
005 (15756404.1102.000) 2026-02-07 06:54:20 Job terminated.
	(1) Normal termination (return value 1)
		Usr 0 00:00:02, Sys 0 00:00:00  -  Run Remote Usage
		Usr 0 00:00:00, Sys 0 00:00:00  -  Run Local Usage
		Usr 0 00:00:02, Sys 0 00:00:00  -  Total Remote Usage
		Usr 0 00:00:00, Sys 0 00:00:00  -  Total Local Usage
	0  -  Run Bytes Sent By Job
	0  -  Run Bytes Received By Job
	0  -  Total Bytes Sent By Job
	0  -  Total Bytes Received By Job
	Partitionable Resources :    Usage  Request Allocated 
	   Cpus                 :        0        8         8 
	   Disk (KB)            :        1  1024000   1025682 
	   GPUs                 :                           0 
	   Memory (MB)          :        0    16384     16384 
	   TimeExecute (s)      :        6                    
	   TimeSlotBusy (s)     :        7                    

	Job terminated of its own accord at 2026-02-07T05:54:19Z with exit-code 1.
...
000 (15950983.270.000) 2026-02-10 16:27:56 Job submitted from host: <141.34.103.35:9618?addrs=141.34.103.35-9618+[2001-638-700-f067--1-23]-9618&alias=wgs39.zeuthen.desy.de&noUDP&sock=schedd_7302_24a3>
...
001 (15950983.270.000) 2026-02-10 16:47:19 Job executing on host: <141.34.15.176:9618?addrs=141.34.15.176-9618+[2001-638-700-f00f--1-b0]-9618&alias=genoa01.zeuthen.desy.de&noUDP&sock=startd_9698_998e>
	SlotName: slot1_23@genoa01.zeuthen.desy.de
	CondorScratchDir = "/batch/dir_4099649"
	Cpus = 1
	Disk = 1025697
	GPUs = 0
	Memory = 5120
...
006 (15950983.270.000) 2026-02-10 16:47:33 Image size of job updated: 101376
	99  -  MemoryUsage of job (MB)
	101376  -  ResidentSetSize of job (KB)
...
006 (15950983.270.000) 2026-02-10 16:52:34 Image size of job updated: 695148
	676  -  MemoryUsage of job (MB)
	691584  -  ResidentSetSize of job (KB)
...
006 (15950983.270.000) 2026-02-10 16:57:34 Image size of job updated: 695884
	676  -  MemoryUsage of job (MB)
	691588  -  ResidentSetSize of job (KB)
...
006 (15950983.270.000) 2026-02-10 17:02:35 Image size of job updated: 696836
	680  -  MemoryUsage of job (MB)
	696244  -  ResidentSetSize of job (KB)
...
006 (15950983.270.000) 2026-02-10 17:07:36 Image size of job updated: 697412
	680  -  MemoryUsage of job (MB)
	696248  -  ResidentSetSize of job (KB)
...
006 (15950983.270.000) 2026-02-10 17:12:36 Image size of job updated: 697756
	680  -  MemoryUsage of job (MB)
	696248  -  ResidentSetSize of job (KB)
...
006 (15950983.270.000) 2026-02-10 17:17:37 Image size of job updated: 698636
	681  -  MemoryUsage of job (MB)
	696528  -  ResidentSetSize of job (KB)
...
006 (15950983.270.000) 2026-02-10 17:22:37 Image size of job updated: 699664
	681  -  MemoryUsage of job (MB)
	696532  -  ResidentSetSize of job (KB)
...
006 (15950983.270.000) 2026-02-10 17:57:41 Image size of job updated: 699804
	681  -  MemoryUsage of job (MB)
	696532  -  ResidentSetSize of job (KB)
...
006 (15950983.270.000) 2026-02-10 18:02:41 Image size of job updated: 700292
	681  -  MemoryUsage of job (MB)
	696532  -  ResidentSetSize of job (KB)
...
006 (15950983.270.000) 2026-02-10 18:07:42 Image size of job updated: 700964
	681  -  MemoryUsage of job (MB)
	696536  -  ResidentSetSize of job (KB)
...
006 (15950983.270.000) 2026-02-10 18:12:42 Image size of job updated: 701732
	681  -  MemoryUsage of job (MB)
	696536  -  ResidentSetSize of job (KB)
...
006 (15950983.270.000) 2026-02-10 18:32:44 Image size of job updated: 701732
	681  -  MemoryUsage of job (MB)
	696956  -  ResidentSetSize of job (KB)
...
006 (15950983.270.000) 2026-02-10 18:37:44 Image size of job updated: 701732
	682  -  MemoryUsage of job (MB)
	697560  -  ResidentSetSize of job (KB)
...
006 (15950983.270.000) 2026-02-10 18:42:45 Image size of job updated: 701732
	683  -  MemoryUsage of job (MB)
	698820  -  ResidentSetSize of job (KB)
...
006 (15950983.270.000) 2026-02-10 18:47:45 Image size of job updated: 701732
	684  -  MemoryUsage of job (MB)
	699988  -  ResidentSetSize of job (KB)
...
006 (15950983.270.000) 2026-02-10 18:52:46 Image size of job updated: 701732
	685  -  MemoryUsage of job (MB)
	701164  -  ResidentSetSize of job (KB)
...
006 (15950983.270.000) 2026-02-10 18:57:47 Image size of job updated: 701732
	686  -  MemoryUsage of job (MB)
	701676  -  ResidentSetSize of job (KB)
...
006 (15950983.270.000) 2026-02-10 19:02:47 Image size of job updated: 702188
	686  -  MemoryUsage of job (MB)
	701676  -  ResidentSetSize of job (KB)
...
006 (15950983.270.000) 2026-02-10 19:47:53 Image size of job updated: 702188
	686  -  MemoryUsage of job (MB)
	701932  -  ResidentSetSize of job (KB)
...
006 (15950983.270.000) 2026-02-10 21:03:00 Image size of job updated: 702232
	686  -  MemoryUsage of job (MB)
	701948  -  ResidentSetSize of job (KB)
...
006 (15950983.270.000) 2026-02-10 21:08:00 Image size of job updated: 702488
	686  -  MemoryUsage of job (MB)
	702232  -  ResidentSetSize of job (KB)
...
006 (15950983.270.000) 2026-02-10 21:13:00 Image size of job updated: 702744
	687  -  MemoryUsage of job (MB)
	702744  -  ResidentSetSize of job (KB)
...
006 (15950983.270.000) 2026-02-10 23:23:13 Image size of job updated: 702796
	687  -  MemoryUsage of job (MB)
	702796  -  ResidentSetSize of job (KB)
...
006 (15950983.270.000) 2026-02-10 23:28:14 Image size of job updated: 703220
	687  -  MemoryUsage of job (MB)
	702964  -  ResidentSetSize of job (KB)
...
006 (15950983.270.000) 2026-02-11 01:38:27 Image size of job updated: 703220
	687  -  MemoryUsage of job (MB)
	703096  -  ResidentSetSize of job (KB)
...
006 (15950983.270.000) 2026-02-11 03:53:41 Image size of job updated: 703220
	687  -  MemoryUsage of job (MB)
	703168  -  ResidentSetSize of job (KB)
...
006 (15950983.270.000) 2026-02-11 05:53:51 Image size of job updated: 703220
	687  -  MemoryUsage of job (MB)
	703220  -  ResidentSetSize of job (KB)
...
005 (15950983.270.000) 2026-02-11 06:45:11 Job terminated.
	(1) Normal termination (return value 0)
		Usr 0 13:51:15, Sys 0 00:00:25  -  Run Remote Usage
		Usr 0 00:00:00, Sys 0 00:00:00  -  Run Local Usage
		Usr 0 13:51:15, Sys 0 00:00:25  -  Total Remote Usage
		Usr 0 00:00:00, Sys 0 00:00:00  -  Total Local Usage
	0  -  Run Bytes Sent By Job
	0  -  Run Bytes Received By Job
	0  -  Total Bytes Sent By Job
	0  -  Total Bytes Received By Job
	Partitionable Resources :    Usage  Request Allocated 
	   Cpus                 :     0.99        1         1 
	   Disk (KB)            :     1     1024000   1025697 
	   GPUs                 :                           0 
	   Memory (MB)          :   687        5120      5120 
	   TimeExecute (s)      : 50272                       
	   TimeSlotBusy (s)     : 50272                       

	Job terminated of its own accord at 2026-02-11T05:45:11Z with exit-code 0.
...
