000 (15756407.1101.000) 2026-02-06 11:26:13 Job submitted from host: <141.34.103.35:9618?addrs=141.34.103.35-9618+[2001-638-700-f067--1-23]-9618&alias=wgs39.zeuthen.desy.de&noUDP&sock=schedd_7414_f73f>
...
009 (15756407.1101.000) 2026-02-10 11:42:44 Job was aborted.
	via condor_rm (by user tuccia)
...
000 (15949294.734.000) 2026-02-10 11:45:21 Job submitted from host: <141.34.103.35:9618?addrs=141.34.103.35-9618+[2001-638-700-f067--1-23]-9618&alias=wgs39.zeuthen.desy.de&noUDP&sock=schedd_7302_24a3>
...
009 (15949294.734.000) 2026-02-10 11:45:47 Job was aborted.
	via condor_rm (by user tuccia)
...
000 (15949295.734.000) 2026-02-10 11:46:05 Job submitted from host: <141.34.103.35:9618?addrs=141.34.103.35-9618+[2001-638-700-f067--1-23]-9618&alias=wgs39.zeuthen.desy.de&noUDP&sock=schedd_7302_24a3>
...
000 (15950983.269.000) 2026-02-10 16:27:56 Job submitted from host: <141.34.103.35:9618?addrs=141.34.103.35-9618+[2001-638-700-f067--1-23]-9618&alias=wgs39.zeuthen.desy.de&noUDP&sock=schedd_7302_24a3>
...
001 (15950983.269.000) 2026-02-10 16:47:19 Job executing on host: <141.34.15.177:9618?addrs=141.34.15.177-9618+[2001-638-700-f00f--1-b1]-9618&alias=genoa02.zeuthen.desy.de&noUDP&sock=startd_9554_d3eb>
	SlotName: slot1_10@genoa02.zeuthen.desy.de
	CondorScratchDir = "/batch/dir_2668946"
	Cpus = 1
	Disk = 1025697
	GPUs = 0
	Memory = 5120
...
006 (15950983.269.000) 2026-02-10 16:47:33 Image size of job updated: 101412
	100  -  MemoryUsage of job (MB)
	101412  -  ResidentSetSize of job (KB)
...
006 (15950983.269.000) 2026-02-10 16:52:34 Image size of job updated: 578004
	565  -  MemoryUsage of job (MB)
	578004  -  ResidentSetSize of job (KB)
...
006 (15950983.269.000) 2026-02-10 16:57:34 Image size of job updated: 578008
	565  -  MemoryUsage of job (MB)
	578004  -  ResidentSetSize of job (KB)
...
006 (15950983.269.000) 2026-02-10 17:12:35 Image size of job updated: 579304
	566  -  MemoryUsage of job (MB)
	579304  -  ResidentSetSize of job (KB)
...
006 (15950983.269.000) 2026-02-10 17:17:36 Image size of job updated: 591340
	578  -  MemoryUsage of job (MB)
	591340  -  ResidentSetSize of job (KB)
...
006 (15950983.269.000) 2026-02-10 17:22:36 Image size of job updated: 591712
	578  -  MemoryUsage of job (MB)
	591484  -  ResidentSetSize of job (KB)
...
006 (15950983.269.000) 2026-02-10 17:32:37 Image size of job updated: 592972
	579  -  MemoryUsage of job (MB)
	592240  -  ResidentSetSize of job (KB)
...
006 (15950983.269.000) 2026-02-10 17:37:37 Image size of job updated: 593824
	580  -  MemoryUsage of job (MB)
	592984  -  ResidentSetSize of job (KB)
...
006 (15950983.269.000) 2026-02-10 17:47:39 Image size of job updated: 600168
	587  -  MemoryUsage of job (MB)
	600168  -  ResidentSetSize of job (KB)
...
006 (15950983.269.000) 2026-02-10 21:03:00 Image size of job updated: 602244
	589  -  MemoryUsage of job (MB)
	602244  -  ResidentSetSize of job (KB)
...
006 (15950983.269.000) 2026-02-10 21:23:01 Image size of job updated: 602304
	589  -  MemoryUsage of job (MB)
	602304  -  ResidentSetSize of job (KB)
...
006 (15950983.269.000) 2026-02-10 21:48:03 Image size of job updated: 602644
	589  -  MemoryUsage of job (MB)
	602304  -  ResidentSetSize of job (KB)
...
006 (15950983.269.000) 2026-02-10 22:08:05 Image size of job updated: 602952
	589  -  MemoryUsage of job (MB)
	602304  -  ResidentSetSize of job (KB)
...
006 (15950983.269.000) 2026-02-10 22:18:06 Image size of job updated: 603152
	589  -  MemoryUsage of job (MB)
	602304  -  ResidentSetSize of job (KB)
...
006 (15950983.269.000) 2026-02-11 00:28:17 Image size of job updated: 603968
	590  -  MemoryUsage of job (MB)
	603968  -  ResidentSetSize of job (KB)
...
006 (15950983.269.000) 2026-02-11 00:33:17 Image size of job updated: 604284
	591  -  MemoryUsage of job (MB)
	604284  -  ResidentSetSize of job (KB)
...
006 (15950983.269.000) 2026-02-11 00:58:19 Image size of job updated: 634076
	620  -  MemoryUsage of job (MB)
	634076  -  ResidentSetSize of job (KB)
...
006 (15950983.269.000) 2026-02-11 01:03:19 Image size of job updated: 634340
	620  -  MemoryUsage of job (MB)
	634076  -  ResidentSetSize of job (KB)
...
006 (15950983.269.000) 2026-02-11 01:08:20 Image size of job updated: 634560
	620  -  MemoryUsage of job (MB)
	634560  -  ResidentSetSize of job (KB)
...
006 (15950983.269.000) 2026-02-11 01:13:20 Image size of job updated: 634988
	621  -  MemoryUsage of job (MB)
	634988  -  ResidentSetSize of job (KB)
...
006 (15950983.269.000) 2026-02-11 01:18:21 Image size of job updated: 635212
	621  -  MemoryUsage of job (MB)
	634988  -  ResidentSetSize of job (KB)
...
006 (15950983.269.000) 2026-02-11 01:23:22 Image size of job updated: 635252
	621  -  MemoryUsage of job (MB)
	635252  -  ResidentSetSize of job (KB)
...
006 (15950983.269.000) 2026-02-11 01:28:22 Image size of job updated: 635312
	621  -  MemoryUsage of job (MB)
	635312  -  ResidentSetSize of job (KB)
...
006 (15950983.269.000) 2026-02-11 01:33:23 Image size of job updated: 635468
	621  -  MemoryUsage of job (MB)
	635468  -  ResidentSetSize of job (KB)
...
006 (15950983.269.000) 2026-02-11 02:03:25 Image size of job updated: 635624
	621  -  MemoryUsage of job (MB)
	635624  -  ResidentSetSize of job (KB)
...
006 (15950983.269.000) 2026-02-11 02:18:27 Image size of job updated: 635628
	621  -  MemoryUsage of job (MB)
	635628  -  ResidentSetSize of job (KB)
...
006 (15950983.269.000) 2026-02-11 03:43:35 Image size of job updated: 635732
	621  -  MemoryUsage of job (MB)
	635732  -  ResidentSetSize of job (KB)
...
006 (15950983.269.000) 2026-02-11 05:18:44 Image size of job updated: 635948
	622  -  MemoryUsage of job (MB)
	635948  -  ResidentSetSize of job (KB)
...
006 (15950983.269.000) 2026-02-11 08:39:05 Image size of job updated: 636020
	622  -  MemoryUsage of job (MB)
	636020  -  ResidentSetSize of job (KB)
...
006 (15950983.269.000) 2026-02-11 08:44:05 Image size of job updated: 636116
	622  -  MemoryUsage of job (MB)
	636116  -  ResidentSetSize of job (KB)
...
006 (15950983.269.000) 2026-02-11 08:59:06 Image size of job updated: 636968
	622  -  MemoryUsage of job (MB)
	636116  -  ResidentSetSize of job (KB)
...
006 (15950983.269.000) 2026-02-11 11:19:19 Image size of job updated: 636968
	622  -  MemoryUsage of job (MB)
	636212  -  ResidentSetSize of job (KB)
...
006 (15950983.269.000) 2026-02-11 14:09:39 Image size of job updated: 636968
	622  -  MemoryUsage of job (MB)
	636496  -  ResidentSetSize of job (KB)
...
006 (15950983.269.000) 2026-02-11 16:39:54 Image size of job updated: 636968
	622  -  MemoryUsage of job (MB)
	636592  -  ResidentSetSize of job (KB)
...
006 (15950983.269.000) 2026-02-11 17:34:59 Image size of job updated: 636968
	622  -  MemoryUsage of job (MB)
	636808  -  ResidentSetSize of job (KB)
...
006 (15950983.269.000) 2026-02-11 20:50:18 Image size of job updated: 636976
	623  -  MemoryUsage of job (MB)
	636976  -  ResidentSetSize of job (KB)
...
006 (15950983.269.000) 2026-02-11 20:55:19 Image size of job updated: 637132
	623  -  MemoryUsage of job (MB)
	636976  -  ResidentSetSize of job (KB)
...
006 (15950983.269.000) 2026-02-11 23:35:34 Image size of job updated: 637188
	623  -  MemoryUsage of job (MB)
	636976  -  ResidentSetSize of job (KB)
...
006 (15950983.269.000) 2026-02-12 01:35:47 Image size of job updated: 637428
	623  -  MemoryUsage of job (MB)
	637428  -  ResidentSetSize of job (KB)
...
006 (15950983.269.000) 2026-02-12 05:16:09 Image size of job updated: 637900
	623  -  MemoryUsage of job (MB)
	637900  -  ResidentSetSize of job (KB)
...
006 (15950983.269.000) 2026-02-12 06:16:15 Image size of job updated: 638056
	624  -  MemoryUsage of job (MB)
	638056  -  ResidentSetSize of job (KB)
...
006 (15950983.269.000) 2026-02-12 07:06:20 Image size of job updated: 638212
	624  -  MemoryUsage of job (MB)
	638212  -  ResidentSetSize of job (KB)
...
006 (15950983.269.000) 2026-02-12 07:21:21 Image size of job updated: 638368
	624  -  MemoryUsage of job (MB)
	638368  -  ResidentSetSize of job (KB)
...
006 (15950983.269.000) 2026-02-12 14:02:03 Image size of job updated: 638528
	624  -  MemoryUsage of job (MB)
	638528  -  ResidentSetSize of job (KB)
...
021 (15950983.269.000) 2026-02-12 16:47:23 Error from starter on slot1_10@genoa02.zeuthen.desy.de:
	runtime exceeded maximum (target.Runtime seconds)
	Code 21 Subcode 103
...
004 (15950983.269.000) 2026-02-12 16:47:23 Job was evicted.
	(0) CPU times
		Usr 1 22:48:34, Sys 0 00:43:48  -  Run Remote Usage
		Usr 0 00:00:00, Sys 0 00:00:00  -  Run Local Usage
	0  -  Run Bytes Sent By Job
	0  -  Run Bytes Received By Job
	Error from slot1_10@genoa02.zeuthen.desy.de: runtime exceeded maximum (target.Runtime seconds)
	Partitionable Resources :     Usage  Request Allocated 
	   Cpus                 :      0.99        1         1 
	   Disk (KB)            :      1     1024000   1025697 
	   GPUs                 :                            0 
	   Memory (MB)          :    624        5120      5120 
	   TimeSlotBusy (s)     : 172804                       
...
012 (15950983.269.000) 2026-02-12 16:47:23 Job was held.
	Error from slot1_10@genoa02.zeuthen.desy.de: runtime exceeded maximum (target.Runtime seconds)
	Code 21 Subcode 103
...
012 (15949295.734.000) 2026-02-14 08:19:49 Job was held.
	More than 10 job start attempts, job likely broken
	Code 26 Subcode 0
...
009 (15949295.734.000) 2026-02-16 17:16:26 Job was aborted.
	via condor_rm (by user tuccia)
...
009 (15950983.269.000) 2026-02-16 17:16:52 Job was aborted.
	via condor_rm (by user tuccia)
...
