000 (15756408.1120.000) 2026-02-06 11:27:00 Job submitted from host: <141.34.103.35:9618?addrs=141.34.103.35-9618+[2001-638-700-f067--1-23]-9618&alias=wgs39.zeuthen.desy.de&noUDP&sock=schedd_7414_f73f>
...
009 (15756408.1120.000) 2026-02-10 11:47:43 Job was aborted.
	via condor_rm (by user tuccia)
...
000 (15951004.747.000) 2026-02-10 16:30:08 Job submitted from host: <141.34.103.35:9618?addrs=141.34.103.35-9618+[2001-638-700-f067--1-23]-9618&alias=wgs39.zeuthen.desy.de&noUDP&sock=schedd_7302_24a3>
...
001 (15951004.747.000) 2026-02-11 04:10:06 Job executing on host: <141.34.15.46:9618?addrs=141.34.15.46-9618+[2001-638-700-f00f--1-2e]-9618&alias=pizza17.zeuthen.desy.de&noUDP&sock=startd_8231_5c1f>
	SlotName: slot1_1@pizza17.zeuthen.desy.de
	CondorScratchDir = "/batch/dir_3354532"
	Cpus = 1
	Disk = 1025696
	GPUs = 0
	Memory = 5120
...
006 (15951004.747.000) 2026-02-11 04:10:20 Image size of job updated: 103380
	101  -  MemoryUsage of job (MB)
	103380  -  ResidentSetSize of job (KB)
...
006 (15951004.747.000) 2026-02-11 04:15:21 Image size of job updated: 947996
	600  -  MemoryUsage of job (MB)
	613640  -  ResidentSetSize of job (KB)
...
006 (15951004.747.000) 2026-02-11 04:20:21 Image size of job updated: 947996
	732  -  MemoryUsage of job (MB)
	748620  -  ResidentSetSize of job (KB)
...
006 (15951004.747.000) 2026-02-11 04:25:21 Image size of job updated: 947996
	732  -  MemoryUsage of job (MB)
	749188  -  ResidentSetSize of job (KB)
...
006 (15951004.747.000) 2026-02-11 04:30:22 Image size of job updated: 947996
	732  -  MemoryUsage of job (MB)
	749416  -  ResidentSetSize of job (KB)
...
006 (15951004.747.000) 2026-02-11 04:35:22 Image size of job updated: 947996
	733  -  MemoryUsage of job (MB)
	749640  -  ResidentSetSize of job (KB)
...
006 (15951004.747.000) 2026-02-11 04:40:22 Image size of job updated: 947996
	733  -  MemoryUsage of job (MB)
	749828  -  ResidentSetSize of job (KB)
...
006 (15951004.747.000) 2026-02-11 04:45:23 Image size of job updated: 947996
	733  -  MemoryUsage of job (MB)
	750036  -  ResidentSetSize of job (KB)
...
006 (15951004.747.000) 2026-02-11 04:50:23 Image size of job updated: 947996
	733  -  MemoryUsage of job (MB)
	750268  -  ResidentSetSize of job (KB)
...
006 (15951004.747.000) 2026-02-11 04:55:23 Image size of job updated: 947996
	733  -  MemoryUsage of job (MB)
	750504  -  ResidentSetSize of job (KB)
...
006 (15951004.747.000) 2026-02-11 05:00:24 Image size of job updated: 947996
	734  -  MemoryUsage of job (MB)
	750740  -  ResidentSetSize of job (KB)
...
006 (15951004.747.000) 2026-02-11 05:05:24 Image size of job updated: 947996
	734  -  MemoryUsage of job (MB)
	750976  -  ResidentSetSize of job (KB)
...
006 (15951004.747.000) 2026-02-11 05:10:24 Image size of job updated: 947996
	734  -  MemoryUsage of job (MB)
	751204  -  ResidentSetSize of job (KB)
...
006 (15951004.747.000) 2026-02-11 05:15:25 Image size of job updated: 947996
	734  -  MemoryUsage of job (MB)
	751428  -  ResidentSetSize of job (KB)
...
006 (15951004.747.000) 2026-02-11 05:20:26 Image size of job updated: 947996
	735  -  MemoryUsage of job (MB)
	751656  -  ResidentSetSize of job (KB)
...
006 (15951004.747.000) 2026-02-11 05:25:26 Image size of job updated: 947996
	735  -  MemoryUsage of job (MB)
	751868  -  ResidentSetSize of job (KB)
...
006 (15951004.747.000) 2026-02-11 05:30:27 Image size of job updated: 947996
	735  -  MemoryUsage of job (MB)
	752100  -  ResidentSetSize of job (KB)
...
006 (15951004.747.000) 2026-02-11 05:35:28 Image size of job updated: 947996
	756  -  MemoryUsage of job (MB)
	773596  -  ResidentSetSize of job (KB)
...
006 (15951004.747.000) 2026-02-11 06:30:32 Image size of job updated: 947996
	758  -  MemoryUsage of job (MB)
	775640  -  ResidentSetSize of job (KB)
...
006 (15951004.747.000) 2026-02-11 06:55:36 Image size of job updated: 947996
	758  -  MemoryUsage of job (MB)
	776092  -  ResidentSetSize of job (KB)
...
006 (15951004.747.000) 2026-02-11 08:15:43 Image size of job updated: 947996
	759  -  MemoryUsage of job (MB)
	776420  -  ResidentSetSize of job (KB)
...
006 (15951004.747.000) 2026-02-11 09:35:51 Image size of job updated: 947996
	759  -  MemoryUsage of job (MB)
	776752  -  ResidentSetSize of job (KB)
...
