~~~~~~~~~~~~~~~~~~~~~~~~~~~~~~

n_qubits: 120, 
r: 94, 
alpha: 0.01, 
shots: 10000, 
ansatz: structure_like_qubo_YZ_2, 
layer: 1, 
tau: 0.3

time for simulated annealing:  114.95983624458313
Rank 1: Bitstring=111000110111110101110001001011101110100111100010010001100101100011100010011000110100110001000100100101101101001100010000, Decimal=1181195655389285162603650401437143824, Energy=-105.863
Rank 2: Bitstring=111000110111110111110001001011100110100111100010000001100101101111100010011000110100110101000100100101101101001100010000, Decimal=1181205796439343303152741909697843984, Energy=-105.836
Rank 3: Bitstring=111010010111110101100000001010001110100100100011010001100101100011100010011000110100100000000100101001101001001100110000, Decimal=1212348087803919354954795756328227632, Energy=-105.7594
Rank 4: Bitstring=111010010111110111100000001010000110100100100011000001100101101111100010011000110100100100000100101001101001001100110000, Decimal=1212358228853977495503887264588927792, Energy=-105.7324
Rank 5: Bitstring=111100110111110101110011001011101110100111100010010001100101100011100010011000110100110001000100100101101101001100010000, Decimal=1264272563582167433188813529792566032, Energy=-105.7084
Rank 6: Bitstring=111100110111110111110011001011100110100111100010000001100101101111100010011000110100110101000100100101101101001100010000, Decimal=1264282704632225573737905038053266192, Energy=-105.6814
Rank 7: Bitstring=111000110111110101110001001011001110100101100010010001100101100011100010011000110100110001000100100101101101001100010000, Decimal=1181195654769710680051152949400228624, Energy=-105.651
Rank 8: Bitstring=111000110111110111110001001011000110100101100010000001100101101111100010011000110100110101000100100101101101001100010000, Decimal=1181205795819768820600244457660928784, Energy=-105.624
Rank 9: Bitstring=111110010111110101100010001010001110100100100011010001100101100011100010011000110100100000000100101001101001001100110000, Decimal=1295424995996801625539958884683649840, Energy=-105.6048
Rank 10: Bitstring=111110010111110111100010001010000110100100100011000001100101101111100010011000110100100100000100101001101001001100110000, Decimal=1295435137046859766089050392944350000, Energy=-105.5778

E_min from simulated annealing:  -105.863
Minimum energy: -105.863
States with energy within 1e-08 of minimum: [1181195655389285162603650401437143824]


################## Start optimization with initial parameters: [0. 0. 0. 0. 0. 0. 0. 0. 0. 0. 0. 0. 0. 0. 0. 0. 0. 0. 0. 0. 0. 0. 0. 0.
 0. 0. 0. 0. 0. 0. 0. 0. 0. 0. 0. 0. 0. 0. 0. 0. 0. 0. 0. 0. 0. 0. 0. 0.
 0. 0. 0. 0. 0. 0. 0. 0. 0. 0. 0. 0. 0. 0. 0. 0. 0. 0. 0. 0. 0. 0. 0. 0.
 0. 0. 0. 0. 0. 0. 0. 0. 0. 0. 0. 0. 0. 0. 0. 0. 0. 0. 0. 0. 0. 0. 0. 0.
 0. 0. 0. 0. 0. 0. 0. 0. 0. 0. 0. 0. 0. 0. 0. 0. 0. 0. 0. 0. 0. 0. 0. 0.
 0. 0. 0. 0. 0. 0. 0. 0. 0. 0. 0. 0. 0. 0. 0. 0. 0. 0. 0. 0. 0. 0. 0. 0.
 0. 0. 0. 0. 0. 0. 0. 0. 0. 0. 0. 0. 0. 0. 0. 0. 0. 0. 0. 0. 0. 0. 0. 0.
 0. 0. 0. 0. 0. 0. 0. 0. 0. 0. 0. 0. 0. 0. 0. 0. 0. 0. 0. 0. 0. 0. 0. 0.
 0. 0. 0. 0. 0. 0. 0. 0. 0. 0. 0. 0. 0. 0. 0. 0. 0. 0. 0. 0. 0. 0. 0. 0.
 0. 0. 0. 0. 0. 0. 0. 0. 0. 0. 0. 0. 0. 0. 0. 0. 0. 0. 0. 0. 0. 0. 0. 0.
 0. 0. 0. 0. 0. 0. 0. 0. 0. 0. 0. 0. 0. 0. 0. 0. 0. 0. 0. 0. 0. 0. 0. 0.
 0. 0. 0. 0. 0. 0. 0. 0. 0. 0. 0. 0. 0. 0. 0. 0. 0. 0. 0. 0. 0. 0. 0. 0.
 0. 0. 0. 0. 0. 0. 0. 0. 0. 0. 0. 0. 0. 0. 0. 0. 0. 0. 0. 0. 0. 0. 0. 0.
 0. 0. 0. 0. 0. 0. 0. 0. 0. 0. 0. 0. 0. 0. 0. 0. 0. 0. 0. 0. 0. 0. 0. 0.
 0. 0. 0. 0. 0. 0. 0. 0. 0. 0. 0. 0. 0. 0. 0. 0. 0. 0. 0. 0. 0. 0. 0. 0.
 0. 0. 0. 0. 0. 0. 0. 0. 0. 0. 0. 0. 0. 0. 0. 0. 0. 0. 0. 0. 0. 0. 0. 0.
 0. 0. 0. 0. 0. 0. 0. 0. 0. 0. 0. 0. 0. 0. 0. 0. 0. 0. 0. 0. 0. 0. 0. 0.
 0. 0. 0. 0. 0. 0. 0. 0. 0. 0. 0. 0. 0. 0. 0. 0. 0. 0. 0. 0. 0. 0. 0. 0.
 0. 0. 0. 0. 0. 0. 0. 0. 0. 0. 0. 0. 0. 0. 0. 0. 0. 0. 0. 0. 0. 0. 0. 0.
 0. 0. 0. 0. 0. 0. 0. 0. 0. 0. 0. 0. 0. 0. 0. 0. 0. 0. 0. 0. 0. 0. 0. 0.]
Write sucessfully to ./data/data_shots_10000_layer_1/alpha_0.01/N_120/r_94/ansatz_type_structure_like_qubo_YZ_2/initialization_zeros

vqe.cvar_eval[0]: -27.935482000000025 , min_cvar: -80.41770000000005 , opt_cvar: -80.41770000000005

vqe.poss_eval[-1]: 0 vqe.poss_eval[0] 0  , max_poss: 0 , opt_poss: 0

vqe.r_eval[-1]: 0.7567422990090972 vqe.r_eval[0]: 0.2638833397882171 max_r: 0.7596393451914272 , min_r: 0.2488705969035454
