~~~~~~~~~~~~~~~~~~~~~~~~~~~~~~

n_qubits: 120, 
r: 31, 
alpha: 0.01, 
shots: 10000, 
ansatz: structure_like_qubo_YZ_2, 
layer: 1, 
tau: 0.3

time for simulated annealing:  137.56084179878235
Rank 1: Bitstring=111111110000101011010101101010011000101010101010111101101110110111010001110011000011100100011000011110110001101101010000, Decimal=1324255451091638880535391476876254032, Energy=-111.1715
Rank 2: Bitstring=111111110000101011010101101010011000101010101010111101101110110111010001110011000011100100011000011110110001001101010000, Decimal=1324255451091638880535391476876251984, Energy=-111.1429
Rank 3: Bitstring=111111110000101011010101101010011000101010101010111101101110110111010001110011000011100100011000111110110001100101010000, Decimal=1324255451091638880535391476884642128, Energy=-111.1281
Rank 4: Bitstring=111111110000101011010101101010011000101010101010111101101110110111010001110011000011100100011000111110110001000101010000, Decimal=1324255451091638880535391476884640080, Energy=-111.0995
Rank 5: Bitstring=111111100000101011010101101010011000111010111010101101101110110111010001110011000011100100011001011110110001101101010000, Decimal=1319063154238014133457424694174751568, Energy=-110.9281
Rank 6: Bitstring=111111100000101011010101101010011000111010111010101101101110110111010001110011000011100100011001111110110001100101010000, Decimal=1319063154238014133457424694183139664, Energy=-110.8847
Rank 7: Bitstring=111111110100101011010101101010011000101010101010111101101110111111011001110011000011100100011000011110110001101101010000, Decimal=1325553525306272587588891088848100176, Energy=-110.8119
Rank 8: Bitstring=111111110000101011010101101010011000101010101010111101101110110111010001110011100011100100011000010110110001101101010001, Decimal=1324255451091638880535393675897412433, Energy=-110.8109
Rank 9: Bitstring=111111110100101011010101101010011000101010101010111101101110111111011001110011000011100100011000011110110001001101010000, Decimal=1325553525306272587588891088848098128, Energy=-110.7833
Rank 10: Bitstring=111111110100101011010101101010011000101010101010111101101110111111011001110011000011100100011000111110110001100101010000, Decimal=1325553525306272587588891088856488272, Energy=-110.7685

E_min from simulated annealing:  -111.1715
Minimum energy: -111.1715
States with energy within 1e-08 of minimum: [1324255451091638880535391476876254032]


################## Start optimization with initial parameters: [0. 0. 0. 0. 0. 0. 0. 0. 0. 0. 0. 0. 0. 0. 0. 0. 0. 0. 0. 0. 0. 0. 0. 0.
 0. 0. 0. 0. 0. 0. 0. 0. 0. 0. 0. 0. 0. 0. 0. 0. 0. 0. 0. 0. 0. 0. 0. 0.
 0. 0. 0. 0. 0. 0. 0. 0. 0. 0. 0. 0. 0. 0. 0. 0. 0. 0. 0. 0. 0. 0. 0. 0.
 0. 0. 0. 0. 0. 0. 0. 0. 0. 0. 0. 0. 0. 0. 0. 0. 0. 0. 0. 0. 0. 0. 0. 0.
 0. 0. 0. 0. 0. 0. 0. 0. 0. 0. 0. 0. 0. 0. 0. 0. 0. 0. 0. 0. 0. 0. 0. 0.
 0. 0. 0. 0. 0. 0. 0. 0. 0. 0. 0. 0. 0. 0. 0. 0. 0. 0. 0. 0. 0. 0. 0. 0.
 0. 0. 0. 0. 0. 0. 0. 0. 0. 0. 0. 0. 0. 0. 0. 0. 0. 0. 0. 0. 0. 0. 0. 0.
 0. 0. 0. 0. 0. 0. 0. 0. 0. 0. 0. 0. 0. 0. 0. 0. 0. 0. 0. 0. 0. 0. 0. 0.
 0. 0. 0. 0. 0. 0. 0. 0. 0. 0. 0. 0. 0. 0. 0. 0. 0. 0. 0. 0. 0. 0. 0. 0.
 0. 0. 0. 0. 0. 0. 0. 0. 0. 0. 0. 0. 0. 0. 0. 0. 0. 0. 0. 0. 0. 0. 0. 0.
 0. 0. 0. 0. 0. 0. 0. 0. 0. 0. 0. 0. 0. 0. 0. 0. 0. 0. 0. 0. 0. 0. 0. 0.
 0. 0. 0. 0. 0. 0. 0. 0. 0. 0. 0. 0. 0. 0. 0. 0. 0. 0. 0. 0. 0. 0. 0. 0.
 0. 0. 0. 0. 0. 0. 0. 0. 0. 0. 0. 0. 0. 0. 0. 0. 0. 0. 0. 0. 0. 0. 0. 0.
 0. 0. 0. 0. 0. 0. 0. 0. 0. 0. 0. 0. 0. 0. 0. 0. 0. 0. 0. 0. 0. 0. 0. 0.
 0. 0. 0. 0. 0. 0. 0. 0. 0. 0. 0. 0. 0. 0. 0. 0. 0. 0. 0. 0. 0. 0. 0. 0.
 0. 0. 0. 0. 0. 0. 0. 0. 0. 0. 0. 0. 0. 0. 0. 0. 0. 0. 0. 0. 0. 0. 0. 0.
 0. 0. 0. 0. 0. 0. 0. 0. 0. 0. 0. 0. 0. 0. 0. 0. 0. 0. 0. 0. 0. 0. 0. 0.
 0. 0. 0. 0. 0. 0. 0. 0. 0. 0. 0. 0. 0. 0. 0. 0. 0. 0. 0. 0. 0. 0. 0. 0.
 0. 0. 0. 0. 0. 0. 0. 0. 0. 0. 0. 0. 0. 0. 0. 0. 0. 0. 0. 0. 0. 0. 0. 0.
 0. 0. 0. 0. 0. 0. 0. 0. 0. 0. 0. 0. 0. 0. 0. 0. 0. 0. 0. 0. 0. 0. 0. 0.]
Write sucessfully to ./data/data_shots_10000_layer_1/alpha_0.01/N_120/r_31/ansatz_type_structure_like_qubo_YZ_2/initialization_zeros

vqe.cvar_eval[0]: -28.00102600000001 , min_cvar: -84.03703800000007 , opt_cvar: -84.03703800000007

vqe.poss_eval[-1]: 0 vqe.poss_eval[0] 0  , max_poss: 0 , opt_poss: 0

vqe.r_eval[-1]: 0.7500495540673648 vqe.r_eval[0]: 0.25187234138245873 max_r: 0.7559224981222712 , min_r: 0.2373800299537202
