000 (15756408.933.000) 2026-02-06 11:26:59 Job submitted from host: <141.34.103.35:9618?addrs=141.34.103.35-9618+[2001-638-700-f067--1-23]-9618&alias=wgs39.zeuthen.desy.de&noUDP&sock=schedd_7414_f73f>
...
009 (15756408.933.000) 2026-02-10 11:47:40 Job was aborted.
	via condor_rm (by user tuccia)
...
000 (15951004.622.000) 2026-02-10 16:30:06 Job submitted from host: <141.34.103.35:9618?addrs=141.34.103.35-9618+[2001-638-700-f067--1-23]-9618&alias=wgs39.zeuthen.desy.de&noUDP&sock=schedd_7302_24a3>
...
001 (15951004.622.000) 2026-02-10 18:52:25 Job executing on host: <141.34.15.15:9618?addrs=141.34.15.15-9618+[2001-638-700-f00f--1-f]-9618&alias=bladej2.zeuthen.desy.de&noUDP&sock=startd_9360_c28b>
	SlotName: slot1_3@bladej2.zeuthen.desy.de
	CondorScratchDir = "/batch/dir_2724713"
	Cpus = 1
	Disk = 1025024
	GPUs = 0
	Memory = 5120
...
006 (15951004.622.000) 2026-02-10 18:52:39 Image size of job updated: 101300
	99  -  MemoryUsage of job (MB)
	101300  -  ResidentSetSize of job (KB)
...
006 (15951004.622.000) 2026-02-10 18:57:40 Image size of job updated: 791048
	454  -  MemoryUsage of job (MB)
	464616  -  ResidentSetSize of job (KB)
...
006 (15951004.622.000) 2026-02-10 19:02:40 Image size of job updated: 791048
	492  -  MemoryUsage of job (MB)
	503160  -  ResidentSetSize of job (KB)
...
006 (15951004.622.000) 2026-02-10 19:07:40 Image size of job updated: 791048
	492  -  MemoryUsage of job (MB)
	503328  -  ResidentSetSize of job (KB)
...
006 (15951004.622.000) 2026-02-10 19:12:41 Image size of job updated: 791048
	494  -  MemoryUsage of job (MB)
	505540  -  ResidentSetSize of job (KB)
...
006 (15951004.622.000) 2026-02-10 19:27:42 Image size of job updated: 791048
	494  -  MemoryUsage of job (MB)
	505544  -  ResidentSetSize of job (KB)
...
006 (15951004.622.000) 2026-02-10 20:57:52 Image size of job updated: 791048
	494  -  MemoryUsage of job (MB)
	505568  -  ResidentSetSize of job (KB)
...
006 (15951004.622.000) 2026-02-10 21:12:54 Image size of job updated: 791048
	494  -  MemoryUsage of job (MB)
	505672  -  ResidentSetSize of job (KB)
...
006 (15951004.622.000) 2026-02-11 01:18:16 Image size of job updated: 791048
	494  -  MemoryUsage of job (MB)
	505676  -  ResidentSetSize of job (KB)
...
006 (15951004.622.000) 2026-02-11 02:18:24 Image size of job updated: 791048
	494  -  MemoryUsage of job (MB)
	505732  -  ResidentSetSize of job (KB)
...
006 (15951004.622.000) 2026-02-11 09:04:00 Image size of job updated: 791048
	494  -  MemoryUsage of job (MB)
	505768  -  ResidentSetSize of job (KB)
...
