000 (15756404.1114.000) 2026-02-06 11:24:37 Job submitted from host: <141.34.103.35:9618?addrs=141.34.103.35-9618+[2001-638-700-f067--1-23]-9618&alias=wgs39.zeuthen.desy.de&noUDP&sock=schedd_7414_f73f>
...
001 (15756404.1114.000) 2026-02-07 06:55:13 Job executing on host: <141.34.14.32:9618?addrs=141.34.14.32-9618+[2001-638-700-f00e--1-20]-9618&alias=ampere01.zeuthen.desy.de&noUDP&sock=startd_7923_18f3>
	SlotName: slot1_7@ampere01.zeuthen.desy.de
	AvailableGPUs = {  }
	CondorScratchDir = "/batch/dir_2435018"
	Cpus = 8
	Disk = 1025682
	GPUs = 0
	Memory = 16384
...
006 (15756404.1114.000) 2026-02-07 06:55:20 Image size of job updated: 288
	0  -  MemoryUsage of job (MB)
	0  -  ResidentSetSize of job (KB)
...
005 (15756404.1114.000) 2026-02-07 06:55:20 Job terminated.
	(1) Normal termination (return value 1)
		Usr 0 00:00:02, Sys 0 00:00:00  -  Run Remote Usage
		Usr 0 00:00:00, Sys 0 00:00:00  -  Run Local Usage
		Usr 0 00:00:02, Sys 0 00:00:00  -  Total Remote Usage
		Usr 0 00:00:00, Sys 0 00:00:00  -  Total Local Usage
	0  -  Run Bytes Sent By Job
	0  -  Run Bytes Received By Job
	0  -  Total Bytes Sent By Job
	0  -  Total Bytes Received By Job
	Partitionable Resources :    Usage  Request Allocated 
	   Cpus                 :        0        8         8 
	   Disk (KB)            :        1  1024000   1025682 
	   GPUs                 :                           0 
	   Memory (MB)          :        0    16384     16384 
	   TimeExecute (s)      :        7                    
	   TimeSlotBusy (s)     :        7                    

	Job terminated of its own accord at 2026-02-07T05:55:20Z with exit-code 1.
...
000 (15950983.286.000) 2026-02-10 16:27:57 Job submitted from host: <141.34.103.35:9618?addrs=141.34.103.35-9618+[2001-638-700-f067--1-23]-9618&alias=wgs39.zeuthen.desy.de&noUDP&sock=schedd_7302_24a3>
...
001 (15950983.286.000) 2026-02-10 16:48:22 Job executing on host: <141.34.15.220:9618?addrs=141.34.15.220-9618+[2001-638-700-f00f--1-dc]-9618&alias=pizza28.zeuthen.desy.de&noUDP&sock=startd_8204_d710>
	SlotName: slot1_17@pizza28.zeuthen.desy.de
	CondorScratchDir = "/batch/dir_384865"
	Cpus = 1
	Disk = 1025696
	GPUs = 0
	Memory = 5120
...
006 (15950983.286.000) 2026-02-10 16:48:36 Image size of job updated: 103376
	101  -  MemoryUsage of job (MB)
	103376  -  ResidentSetSize of job (KB)
...
006 (15950983.286.000) 2026-02-10 16:53:37 Image size of job updated: 948740
	678  -  MemoryUsage of job (MB)
	694036  -  ResidentSetSize of job (KB)
...
006 (15950983.286.000) 2026-02-10 17:18:39 Image size of job updated: 948740
	684  -  MemoryUsage of job (MB)
	699752  -  ResidentSetSize of job (KB)
...
006 (15950983.286.000) 2026-02-10 17:28:40 Image size of job updated: 948740
	686  -  MemoryUsage of job (MB)
	702024  -  ResidentSetSize of job (KB)
...
006 (15950983.286.000) 2026-02-10 17:33:40 Image size of job updated: 948740
	687  -  MemoryUsage of job (MB)
	702888  -  ResidentSetSize of job (KB)
...
006 (15950983.286.000) 2026-02-10 18:48:48 Image size of job updated: 948740
	688  -  MemoryUsage of job (MB)
	703720  -  ResidentSetSize of job (KB)
...
006 (15950983.286.000) 2026-02-10 20:08:56 Image size of job updated: 948740
	688  -  MemoryUsage of job (MB)
	703932  -  ResidentSetSize of job (KB)
...
006 (15950983.286.000) 2026-02-10 20:13:56 Image size of job updated: 948740
	688  -  MemoryUsage of job (MB)
	704312  -  ResidentSetSize of job (KB)
...
006 (15950983.286.000) 2026-02-10 20:18:56 Image size of job updated: 948740
	689  -  MemoryUsage of job (MB)
	704980  -  ResidentSetSize of job (KB)
...
006 (15950983.286.000) 2026-02-10 20:23:57 Image size of job updated: 948740
	689  -  MemoryUsage of job (MB)
	705008  -  ResidentSetSize of job (KB)
...
006 (15950983.286.000) 2026-02-10 20:28:58 Image size of job updated: 948740
	690  -  MemoryUsage of job (MB)
	705724  -  ResidentSetSize of job (KB)
...
006 (15950983.286.000) 2026-02-10 20:33:58 Image size of job updated: 948740
	690  -  MemoryUsage of job (MB)
	706236  -  ResidentSetSize of job (KB)
...
006 (15950983.286.000) 2026-02-10 20:38:59 Image size of job updated: 948740
	690  -  MemoryUsage of job (MB)
	706492  -  ResidentSetSize of job (KB)
...
006 (15950983.286.000) 2026-02-10 22:09:07 Image size of job updated: 948740
	691  -  MemoryUsage of job (MB)
	706708  -  ResidentSetSize of job (KB)
...
006 (15950983.286.000) 2026-02-11 00:24:22 Image size of job updated: 948740
	691  -  MemoryUsage of job (MB)
	707064  -  ResidentSetSize of job (KB)
...
006 (15950983.286.000) 2026-02-11 00:34:23 Image size of job updated: 948740
	691  -  MemoryUsage of job (MB)
	707320  -  ResidentSetSize of job (KB)
...
006 (15950983.286.000) 2026-02-11 00:39:24 Image size of job updated: 948740
	691  -  MemoryUsage of job (MB)
	707408  -  ResidentSetSize of job (KB)
...
006 (15950983.286.000) 2026-02-11 04:59:50 Image size of job updated: 948740
	692  -  MemoryUsage of job (MB)
	707596  -  ResidentSetSize of job (KB)
...
