000 (15756408.1060.000) 2026-02-06 11:27:00 Job submitted from host: <141.34.103.35:9618?addrs=141.34.103.35-9618+[2001-638-700-f067--1-23]-9618&alias=wgs39.zeuthen.desy.de&noUDP&sock=schedd_7414_f73f>
...
009 (15756408.1060.000) 2026-02-10 11:47:42 Job was aborted.
	via condor_rm (by user tuccia)
...
000 (15951004.707.000) 2026-02-10 16:30:07 Job submitted from host: <141.34.103.35:9618?addrs=141.34.103.35-9618+[2001-638-700-f067--1-23]-9618&alias=wgs39.zeuthen.desy.de&noUDP&sock=schedd_7302_24a3>
...
001 (15951004.707.000) 2026-02-10 19:17:26 Job executing on host: <141.34.15.177:9618?addrs=141.34.15.177-9618+[2001-638-700-f00f--1-b1]-9618&alias=genoa02.zeuthen.desy.de&noUDP&sock=startd_9554_d3eb>
	SlotName: slot1_60@genoa02.zeuthen.desy.de
	CondorScratchDir = "/batch/dir_2799343"
	Cpus = 1
	Disk = 1025697
	GPUs = 0
	Memory = 5120
...
006 (15951004.707.000) 2026-02-10 19:17:40 Image size of job updated: 101404
	100  -  MemoryUsage of job (MB)
	101404  -  ResidentSetSize of job (KB)
...
006 (15951004.707.000) 2026-02-10 19:22:41 Image size of job updated: 445992
	436  -  MemoryUsage of job (MB)
	445992  -  ResidentSetSize of job (KB)
...
006 (15951004.707.000) 2026-02-10 19:27:42 Image size of job updated: 573432
	560  -  MemoryUsage of job (MB)
	573432  -  ResidentSetSize of job (KB)
...
006 (15951004.707.000) 2026-02-10 19:32:42 Image size of job updated: 573760
	561  -  MemoryUsage of job (MB)
	573760  -  ResidentSetSize of job (KB)
...
006 (15951004.707.000) 2026-02-10 19:37:43 Image size of job updated: 574092
	561  -  MemoryUsage of job (MB)
	574092  -  ResidentSetSize of job (KB)
...
006 (15951004.707.000) 2026-02-10 19:42:44 Image size of job updated: 574428
	561  -  MemoryUsage of job (MB)
	574428  -  ResidentSetSize of job (KB)
...
006 (15951004.707.000) 2026-02-10 19:47:44 Image size of job updated: 574764
	562  -  MemoryUsage of job (MB)
	574764  -  ResidentSetSize of job (KB)
...
006 (15951004.707.000) 2026-02-10 19:52:45 Image size of job updated: 575096
	562  -  MemoryUsage of job (MB)
	575096  -  ResidentSetSize of job (KB)
...
006 (15951004.707.000) 2026-02-10 19:57:46 Image size of job updated: 575428
	562  -  MemoryUsage of job (MB)
	575428  -  ResidentSetSize of job (KB)
...
006 (15951004.707.000) 2026-02-10 20:02:46 Image size of job updated: 575756
	563  -  MemoryUsage of job (MB)
	575756  -  ResidentSetSize of job (KB)
...
006 (15951004.707.000) 2026-02-10 20:07:47 Image size of job updated: 576084
	563  -  MemoryUsage of job (MB)
	576084  -  ResidentSetSize of job (KB)
...
006 (15951004.707.000) 2026-02-10 20:12:48 Image size of job updated: 576424
	563  -  MemoryUsage of job (MB)
	576424  -  ResidentSetSize of job (KB)
...
006 (15951004.707.000) 2026-02-10 20:17:48 Image size of job updated: 608920
	584  -  MemoryUsage of job (MB)
	597624  -  ResidentSetSize of job (KB)
...
006 (15951004.707.000) 2026-02-10 21:12:53 Image size of job updated: 623208
	585  -  MemoryUsage of job (MB)
	598132  -  ResidentSetSize of job (KB)
...
006 (15951004.707.000) 2026-02-10 22:02:56 Image size of job updated: 623208
	585  -  MemoryUsage of job (MB)
	598472  -  ResidentSetSize of job (KB)
...
006 (15951004.707.000) 2026-02-10 22:37:58 Image size of job updated: 623208
	585  -  MemoryUsage of job (MB)
	598612  -  ResidentSetSize of job (KB)
...
006 (15951004.707.000) 2026-02-10 22:58:00 Image size of job updated: 623272
	585  -  MemoryUsage of job (MB)
	598708  -  ResidentSetSize of job (KB)
...
006 (15951004.707.000) 2026-02-10 23:48:03 Image size of job updated: 623812
	585  -  MemoryUsage of job (MB)
	598804  -  ResidentSetSize of job (KB)
...
006 (15951004.707.000) 2026-02-11 00:43:09 Image size of job updated: 623812
	585  -  MemoryUsage of job (MB)
	598888  -  ResidentSetSize of job (KB)
...
006 (15951004.707.000) 2026-02-11 01:38:15 Image size of job updated: 623824
	585  -  MemoryUsage of job (MB)
	598888  -  ResidentSetSize of job (KB)
...
006 (15951004.707.000) 2026-02-11 02:28:21 Image size of job updated: 623860
	585  -  MemoryUsage of job (MB)
	598888  -  ResidentSetSize of job (KB)
...
006 (15951004.707.000) 2026-02-11 03:23:27 Image size of job updated: 623860
	586  -  MemoryUsage of job (MB)
	599124  -  ResidentSetSize of job (KB)
...
006 (15951004.707.000) 2026-02-11 09:04:01 Image size of job updated: 624356
	586  -  MemoryUsage of job (MB)
	599124  -  ResidentSetSize of job (KB)
...
004 (15951004.707.000) 2026-02-11 11:11:59 Job was evicted.
	(0) CPU times
		Usr 0 15:44:56, Sys 0 00:00:10  -  Run Remote Usage
		Usr 0 00:00:00, Sys 0 00:00:00  -  Run Local Usage
	0  -  Run Bytes Sent By Job
	0  -  Run Bytes Received By Job
	Partitionable Resources :    Usage  Request Allocated 
	   Cpus                 :     0.99        1         1 
	   Disk (KB)            :     1     1024000   1025697 
	   GPUs                 :                           0 
	   Memory (MB)          :   586        5120      5120 
	   TimeExecute (s)      : 57271                       
	   TimeSlotBusy (s)     : 57272                       
...
009 (15951004.707.000) 2026-02-11 11:12:00 Job was aborted.
	via condor_rm (by user tuccia)
...
000 (15988842.707.000) 2026-02-11 11:12:47 Job submitted from host: <141.34.103.35:9618?addrs=141.34.103.35-9618+[2001-638-700-f067--1-23]-9618&alias=wgs39.zeuthen.desy.de&noUDP&sock=schedd_7302_24a3>
...
001 (15988842.707.000) 2026-02-11 12:56:47 Job executing on host: <141.34.15.67:9618?addrs=141.34.15.67-9618+[2001-638-700-f00f--1-43]-9618&alias=bladeja.zeuthen.desy.de&noUDP&sock=startd_9424_a89b>
	SlotName: slot1_8@bladeja.zeuthen.desy.de
	CondorScratchDir = "/batch/dir_3657488"
	Cpus = 1
	Disk = 1025024
	GPUs = 0
	Memory = 5120
...
006 (15988842.707.000) 2026-02-11 12:57:01 Image size of job updated: 101288
	99  -  MemoryUsage of job (MB)
	101288  -  ResidentSetSize of job (KB)
...
006 (15988842.707.000) 2026-02-11 13:02:02 Image size of job updated: 945596
	425  -  MemoryUsage of job (MB)
	434756  -  ResidentSetSize of job (KB)
...
006 (15988842.707.000) 2026-02-11 13:07:02 Image size of job updated: 945596
	433  -  MemoryUsage of job (MB)
	442452  -  ResidentSetSize of job (KB)
...
006 (15988842.707.000) 2026-02-11 13:12:02 Image size of job updated: 945596
	557  -  MemoryUsage of job (MB)
	569416  -  ResidentSetSize of job (KB)
...
006 (15988842.707.000) 2026-02-11 13:17:03 Image size of job updated: 945596
	557  -  MemoryUsage of job (MB)
	569584  -  ResidentSetSize of job (KB)
...
006 (15988842.707.000) 2026-02-11 13:22:03 Image size of job updated: 945596
	557  -  MemoryUsage of job (MB)
	569744  -  ResidentSetSize of job (KB)
...
006 (15988842.707.000) 2026-02-11 13:27:03 Image size of job updated: 945596
	557  -  MemoryUsage of job (MB)
	569920  -  ResidentSetSize of job (KB)
...
006 (15988842.707.000) 2026-02-11 13:32:04 Image size of job updated: 945596
	557  -  MemoryUsage of job (MB)
	570096  -  ResidentSetSize of job (KB)
...
006 (15988842.707.000) 2026-02-11 13:37:04 Image size of job updated: 945596
	557  -  MemoryUsage of job (MB)
	570232  -  ResidentSetSize of job (KB)
...
006 (15988842.707.000) 2026-02-11 13:42:04 Image size of job updated: 945596
	558  -  MemoryUsage of job (MB)
	570488  -  ResidentSetSize of job (KB)
...
006 (15988842.707.000) 2026-02-11 13:47:05 Image size of job updated: 945596
	558  -  MemoryUsage of job (MB)
	570760  -  ResidentSetSize of job (KB)
...
006 (15988842.707.000) 2026-02-11 13:52:05 Image size of job updated: 945596
	558  -  MemoryUsage of job (MB)
	570936  -  ResidentSetSize of job (KB)
...
006 (15988842.707.000) 2026-02-11 13:57:05 Image size of job updated: 945596
	558  -  MemoryUsage of job (MB)
	571120  -  ResidentSetSize of job (KB)
...
006 (15988842.707.000) 2026-02-11 14:02:06 Image size of job updated: 945596
	558  -  MemoryUsage of job (MB)
	571312  -  ResidentSetSize of job (KB)
...
006 (15988842.707.000) 2026-02-11 14:07:07 Image size of job updated: 945596
	559  -  MemoryUsage of job (MB)
	571436  -  ResidentSetSize of job (KB)
...
006 (15988842.707.000) 2026-02-11 14:12:07 Image size of job updated: 945596
	559  -  MemoryUsage of job (MB)
	571612  -  ResidentSetSize of job (KB)
...
006 (15988842.707.000) 2026-02-11 14:17:08 Image size of job updated: 945596
	559  -  MemoryUsage of job (MB)
	571776  -  ResidentSetSize of job (KB)
...
006 (15988842.707.000) 2026-02-11 14:22:09 Image size of job updated: 945596
	559  -  MemoryUsage of job (MB)
	571940  -  ResidentSetSize of job (KB)
...
006 (15988842.707.000) 2026-02-11 14:27:09 Image size of job updated: 945596
	559  -  MemoryUsage of job (MB)
	572108  -  ResidentSetSize of job (KB)
...
006 (15988842.707.000) 2026-02-11 14:32:10 Image size of job updated: 945596
	559  -  MemoryUsage of job (MB)
	572260  -  ResidentSetSize of job (KB)
...
006 (15988842.707.000) 2026-02-11 14:37:11 Image size of job updated: 945596
	560  -  MemoryUsage of job (MB)
	572428  -  ResidentSetSize of job (KB)
...
006 (15988842.707.000) 2026-02-11 14:42:11 Image size of job updated: 945596
	560  -  MemoryUsage of job (MB)
	572584  -  ResidentSetSize of job (KB)
...
006 (15988842.707.000) 2026-02-11 14:47:12 Image size of job updated: 945596
	560  -  MemoryUsage of job (MB)
	572744  -  ResidentSetSize of job (KB)
...
006 (15988842.707.000) 2026-02-11 14:52:13 Image size of job updated: 945596
	581  -  MemoryUsage of job (MB)
	594080  -  ResidentSetSize of job (KB)
...
006 (15988842.707.000) 2026-02-11 16:37:23 Image size of job updated: 945596
	581  -  MemoryUsage of job (MB)
	594216  -  ResidentSetSize of job (KB)
...
006 (15988842.707.000) 2026-02-11 18:12:34 Image size of job updated: 945596
	581  -  MemoryUsage of job (MB)
	594556  -  ResidentSetSize of job (KB)
...
006 (15988842.707.000) 2026-02-11 19:47:40 Image size of job updated: 945596
	602  -  MemoryUsage of job (MB)
	616380  -  ResidentSetSize of job (KB)
...
006 (15988842.707.000) 2026-02-11 19:52:41 Image size of job updated: 945596
	602  -  MemoryUsage of job (MB)
	616388  -  ResidentSetSize of job (KB)
...
