000 (15756407.960.000) 2026-02-06 11:26:12 Job submitted from host: <141.34.103.35:9618?addrs=141.34.103.35-9618+[2001-638-700-f067--1-23]-9618&alias=wgs39.zeuthen.desy.de&noUDP&sock=schedd_7414_f73f>
...
009 (15756407.960.000) 2026-02-10 11:42:43 Job was aborted.
	via condor_rm (by user tuccia)
...
000 (15949294.640.000) 2026-02-10 11:45:21 Job submitted from host: <141.34.103.35:9618?addrs=141.34.103.35-9618+[2001-638-700-f067--1-23]-9618&alias=wgs39.zeuthen.desy.de&noUDP&sock=schedd_7302_24a3>
...
009 (15949294.640.000) 2026-02-10 11:45:47 Job was aborted.
	via condor_rm (by user tuccia)
...
000 (15949295.640.000) 2026-02-10 11:46:05 Job submitted from host: <141.34.103.35:9618?addrs=141.34.103.35-9618+[2001-638-700-f067--1-23]-9618&alias=wgs39.zeuthen.desy.de&noUDP&sock=schedd_7302_24a3>
...
000 (15950983.081.000) 2026-02-10 16:27:55 Job submitted from host: <141.34.103.35:9618?addrs=141.34.103.35-9618+[2001-638-700-f067--1-23]-9618&alias=wgs39.zeuthen.desy.de&noUDP&sock=schedd_7302_24a3>
...
001 (15950983.081.000) 2026-02-10 16:34:23 Job executing on host: <141.34.15.192:9618?addrs=141.34.15.192-9618+[2001-638-700-f00f--1-c0]-9618&alias=bladekb.zeuthen.desy.de&noUDP&sock=startd_9379_cad8>
	SlotName: slot1_13@bladekb.zeuthen.desy.de
	CondorScratchDir = "/batch/dir_3383882"
	Cpus = 1
	Disk = 1025024
	GPUs = 0
	Memory = 5120
...
006 (15950983.081.000) 2026-02-10 16:34:36 Image size of job updated: 101300
	99  -  MemoryUsage of job (MB)
	101300  -  ResidentSetSize of job (KB)
...
006 (15950983.081.000) 2026-02-10 16:39:36 Image size of job updated: 835488
	365  -  MemoryUsage of job (MB)
	373416  -  ResidentSetSize of job (KB)
...
006 (15950983.081.000) 2026-02-10 16:54:38 Image size of job updated: 835488
	367  -  MemoryUsage of job (MB)
	375740  -  ResidentSetSize of job (KB)
...
006 (15950983.081.000) 2026-02-10 16:59:39 Image size of job updated: 835488
	390  -  MemoryUsage of job (MB)
	399128  -  ResidentSetSize of job (KB)
...
006 (15950983.081.000) 2026-02-10 17:04:40 Image size of job updated: 835488
	390  -  MemoryUsage of job (MB)
	399360  -  ResidentSetSize of job (KB)
...
006 (15950983.081.000) 2026-02-10 17:09:40 Image size of job updated: 835488
	391  -  MemoryUsage of job (MB)
	399604  -  ResidentSetSize of job (KB)
...
006 (15950983.081.000) 2026-02-10 17:39:43 Image size of job updated: 835488
	396  -  MemoryUsage of job (MB)
	405020  -  ResidentSetSize of job (KB)
...
006 (15950983.081.000) 2026-02-10 17:44:43 Image size of job updated: 835488
	396  -  MemoryUsage of job (MB)
	405268  -  ResidentSetSize of job (KB)
...
006 (15950983.081.000) 2026-02-10 17:54:44 Image size of job updated: 835488
	398  -  MemoryUsage of job (MB)
	407428  -  ResidentSetSize of job (KB)
...
006 (15950983.081.000) 2026-02-10 17:59:44 Image size of job updated: 835488
	399  -  MemoryUsage of job (MB)
	407740  -  ResidentSetSize of job (KB)
...
006 (15950983.081.000) 2026-02-10 18:34:49 Image size of job updated: 835488
	399  -  MemoryUsage of job (MB)
	407748  -  ResidentSetSize of job (KB)
...
006 (15950983.081.000) 2026-02-10 18:39:50 Image size of job updated: 835488
	399  -  MemoryUsage of job (MB)
	407784  -  ResidentSetSize of job (KB)
...
006 (15950983.081.000) 2026-02-10 18:44:50 Image size of job updated: 835488
	399  -  MemoryUsage of job (MB)
	407948  -  ResidentSetSize of job (KB)
...
006 (15950983.081.000) 2026-02-10 20:09:57 Image size of job updated: 835488
	401  -  MemoryUsage of job (MB)
	410416  -  ResidentSetSize of job (KB)
...
006 (15950983.081.000) 2026-02-10 20:14:58 Image size of job updated: 835488
	401  -  MemoryUsage of job (MB)
	410468  -  ResidentSetSize of job (KB)
...
006 (15950983.081.000) 2026-02-10 23:05:15 Image size of job updated: 835488
	404  -  MemoryUsage of job (MB)
	413024  -  ResidentSetSize of job (KB)
...
006 (15950983.081.000) 2026-02-10 23:10:15 Image size of job updated: 835488
	404  -  MemoryUsage of job (MB)
	413180  -  ResidentSetSize of job (KB)
...
006 (15950983.081.000) 2026-02-12 09:43:44 Image size of job updated: 835488
	420  -  MemoryUsage of job (MB)
	429724  -  ResidentSetSize of job (KB)
...
006 (15950983.081.000) 2026-02-12 09:48:44 Image size of job updated: 835488
	420  -  MemoryUsage of job (MB)
	429880  -  ResidentSetSize of job (KB)
...
006 (15950983.081.000) 2026-02-12 10:13:46 Image size of job updated: 835488
	423  -  MemoryUsage of job (MB)
	432444  -  ResidentSetSize of job (KB)
...
006 (15950983.081.000) 2026-02-12 10:18:47 Image size of job updated: 835488
	423  -  MemoryUsage of job (MB)
	432600  -  ResidentSetSize of job (KB)
...
006 (15950983.081.000) 2026-02-12 10:38:49 Image size of job updated: 835488
	424  -  MemoryUsage of job (MB)
	433748  -  ResidentSetSize of job (KB)
...
006 (15950983.081.000) 2026-02-12 10:48:51 Image size of job updated: 835488
	424  -  MemoryUsage of job (MB)
	433904  -  ResidentSetSize of job (KB)
...
