000 (15756407.1147.000) 2026-02-06 11:26:13 Job submitted from host: <141.34.103.35:9618?addrs=141.34.103.35-9618+[2001-638-700-f067--1-23]-9618&alias=wgs39.zeuthen.desy.de&noUDP&sock=schedd_7414_f73f>
...
009 (15756407.1147.000) 2026-02-10 11:42:44 Job was aborted.
	via condor_rm (by user tuccia)
...
000 (15949294.765.000) 2026-02-10 11:45:21 Job submitted from host: <141.34.103.35:9618?addrs=141.34.103.35-9618+[2001-638-700-f067--1-23]-9618&alias=wgs39.zeuthen.desy.de&noUDP&sock=schedd_7302_24a3>
...
009 (15949294.765.000) 2026-02-10 11:45:47 Job was aborted.
	via condor_rm (by user tuccia)
...
000 (15949295.765.000) 2026-02-10 11:46:05 Job submitted from host: <141.34.103.35:9618?addrs=141.34.103.35-9618+[2001-638-700-f067--1-23]-9618&alias=wgs39.zeuthen.desy.de&noUDP&sock=schedd_7302_24a3>
...
000 (15950983.331.000) 2026-02-10 16:27:57 Job submitted from host: <141.34.103.35:9618?addrs=141.34.103.35-9618+[2001-638-700-f067--1-23]-9618&alias=wgs39.zeuthen.desy.de&noUDP&sock=schedd_7302_24a3>
...
001 (15950983.331.000) 2026-02-10 17:29:33 Job executing on host: <141.34.15.83:9618?addrs=141.34.15.83-9618+[2001-638-700-f00f--1-53]-9618&alias=genoa07.zeuthen.desy.de&noUDP&sock=startd_10269_4222>
	SlotName: slot1_27@genoa07.zeuthen.desy.de
	CondorScratchDir = "/batch/dir_419266"
	Cpus = 1
	Disk = 1025681
	GPUs = 0
	Memory = 5120
...
006 (15950983.331.000) 2026-02-10 17:29:47 Image size of job updated: 101412
	100  -  MemoryUsage of job (MB)
	101412  -  ResidentSetSize of job (KB)
...
006 (15950983.331.000) 2026-02-10 17:34:48 Image size of job updated: 946200
	513  -  MemoryUsage of job (MB)
	525244  -  ResidentSetSize of job (KB)
...
006 (15950983.331.000) 2026-02-10 17:54:49 Image size of job updated: 946200
	517  -  MemoryUsage of job (MB)
	528580  -  ResidentSetSize of job (KB)
...
006 (15950983.331.000) 2026-02-10 17:59:49 Image size of job updated: 946200
	517  -  MemoryUsage of job (MB)
	528596  -  ResidentSetSize of job (KB)
...
006 (15950983.331.000) 2026-02-10 18:29:51 Image size of job updated: 946200
	519  -  MemoryUsage of job (MB)
	530464  -  ResidentSetSize of job (KB)
...
006 (15950983.331.000) 2026-02-10 18:34:52 Image size of job updated: 946200
	519  -  MemoryUsage of job (MB)
	530468  -  ResidentSetSize of job (KB)
...
006 (15950983.331.000) 2026-02-10 18:39:53 Image size of job updated: 946200
	519  -  MemoryUsage of job (MB)
	530544  -  ResidentSetSize of job (KB)
...
006 (15950983.331.000) 2026-02-10 19:09:57 Image size of job updated: 946200
	519  -  MemoryUsage of job (MB)
	531404  -  ResidentSetSize of job (KB)
...
006 (15950983.331.000) 2026-02-10 19:19:58 Image size of job updated: 946200
	520  -  MemoryUsage of job (MB)
	531976  -  ResidentSetSize of job (KB)
...
006 (15950983.331.000) 2026-02-10 19:24:59 Image size of job updated: 946200
	520  -  MemoryUsage of job (MB)
	532448  -  ResidentSetSize of job (KB)
...
006 (15950983.331.000) 2026-02-10 19:45:00 Image size of job updated: 946200
	521  -  MemoryUsage of job (MB)
	532572  -  ResidentSetSize of job (KB)
...
006 (15950983.331.000) 2026-02-10 19:50:00 Image size of job updated: 946200
	523  -  MemoryUsage of job (MB)
	534764  -  ResidentSetSize of job (KB)
...
006 (15950983.331.000) 2026-02-10 19:55:01 Image size of job updated: 946200
	523  -  MemoryUsage of job (MB)
	535192  -  ResidentSetSize of job (KB)
...
006 (15950983.331.000) 2026-02-10 20:00:01 Image size of job updated: 946200
	525  -  MemoryUsage of job (MB)
	537228  -  ResidentSetSize of job (KB)
...
006 (15950983.331.000) 2026-02-10 20:05:01 Image size of job updated: 946200
	526  -  MemoryUsage of job (MB)
	538204  -  ResidentSetSize of job (KB)
...
006 (15950983.331.000) 2026-02-10 20:10:02 Image size of job updated: 946200
	526  -  MemoryUsage of job (MB)
	538524  -  ResidentSetSize of job (KB)
...
006 (15950983.331.000) 2026-02-10 20:15:02 Image size of job updated: 946200
	527  -  MemoryUsage of job (MB)
	538884  -  ResidentSetSize of job (KB)
...
006 (15950983.331.000) 2026-02-10 20:35:04 Image size of job updated: 946200
	527  -  MemoryUsage of job (MB)
	538896  -  ResidentSetSize of job (KB)
...
006 (15950983.331.000) 2026-02-10 20:40:05 Image size of job updated: 946200
	527  -  MemoryUsage of job (MB)
	539140  -  ResidentSetSize of job (KB)
...
006 (15950983.331.000) 2026-02-10 20:55:07 Image size of job updated: 946200
	527  -  MemoryUsage of job (MB)
	539228  -  ResidentSetSize of job (KB)
...
006 (15950983.331.000) 2026-02-10 21:05:08 Image size of job updated: 946200
	527  -  MemoryUsage of job (MB)
	539300  -  ResidentSetSize of job (KB)
...
006 (15950983.331.000) 2026-02-10 21:10:08 Image size of job updated: 946200
	527  -  MemoryUsage of job (MB)
	539396  -  ResidentSetSize of job (KB)
...
006 (15950983.331.000) 2026-02-10 21:25:09 Image size of job updated: 946200
	528  -  MemoryUsage of job (MB)
	539652  -  ResidentSetSize of job (KB)
...
006 (15950983.331.000) 2026-02-10 21:40:10 Image size of job updated: 946200
	528  -  MemoryUsage of job (MB)
	539788  -  ResidentSetSize of job (KB)
...
006 (15950983.331.000) 2026-02-10 21:45:11 Image size of job updated: 946200
	528  -  MemoryUsage of job (MB)
	539908  -  ResidentSetSize of job (KB)
...
006 (15950983.331.000) 2026-02-10 22:00:12 Image size of job updated: 946200
	528  -  MemoryUsage of job (MB)
	539928  -  ResidentSetSize of job (KB)
...
006 (15950983.331.000) 2026-02-10 22:05:13 Image size of job updated: 946200
	528  -  MemoryUsage of job (MB)
	540164  -  ResidentSetSize of job (KB)
...
006 (15950983.331.000) 2026-02-10 22:20:15 Image size of job updated: 946200
	528  -  MemoryUsage of job (MB)
	540240  -  ResidentSetSize of job (KB)
...
006 (15950983.331.000) 2026-02-10 22:25:15 Image size of job updated: 946200
	528  -  MemoryUsage of job (MB)
	540420  -  ResidentSetSize of job (KB)
...
006 (15950983.331.000) 2026-02-10 22:55:19 Image size of job updated: 946200
	528  -  MemoryUsage of job (MB)
	540484  -  ResidentSetSize of job (KB)
...
006 (15950983.331.000) 2026-02-10 23:00:19 Image size of job updated: 946200
	529  -  MemoryUsage of job (MB)
	540676  -  ResidentSetSize of job (KB)
...
006 (15950983.331.000) 2026-02-10 23:20:21 Image size of job updated: 946200
	529  -  MemoryUsage of job (MB)
	540788  -  ResidentSetSize of job (KB)
...
006 (15950983.331.000) 2026-02-10 23:30:21 Image size of job updated: 946200
	529  -  MemoryUsage of job (MB)
	540932  -  ResidentSetSize of job (KB)
...
006 (15950983.331.000) 2026-02-10 23:45:23 Image size of job updated: 946200
	529  -  MemoryUsage of job (MB)
	540944  -  ResidentSetSize of job (KB)
...
006 (15950983.331.000) 2026-02-11 00:00:25 Image size of job updated: 946200
	529  -  MemoryUsage of job (MB)
	541040  -  ResidentSetSize of job (KB)
...
006 (15950983.331.000) 2026-02-11 00:05:26 Image size of job updated: 946200
	529  -  MemoryUsage of job (MB)
	541188  -  ResidentSetSize of job (KB)
...
006 (15950983.331.000) 2026-02-11 00:25:28 Image size of job updated: 946200
	529  -  MemoryUsage of job (MB)
	541304  -  ResidentSetSize of job (KB)
...
006 (15950983.331.000) 2026-02-11 00:30:28 Image size of job updated: 946200
	529  -  MemoryUsage of job (MB)
	541444  -  ResidentSetSize of job (KB)
...
006 (15950983.331.000) 2026-02-11 00:40:29 Image size of job updated: 946200
	529  -  MemoryUsage of job (MB)
	541492  -  ResidentSetSize of job (KB)
...
006 (15950983.331.000) 2026-02-11 00:45:29 Image size of job updated: 946200
	530  -  MemoryUsage of job (MB)
	541700  -  ResidentSetSize of job (KB)
...
006 (15950983.331.000) 2026-02-11 01:05:30 Image size of job updated: 946200
	532  -  MemoryUsage of job (MB)
	544540  -  ResidentSetSize of job (KB)
...
006 (15950983.331.000) 2026-02-11 01:30:34 Image size of job updated: 946200
	532  -  MemoryUsage of job (MB)
	544696  -  ResidentSetSize of job (KB)
...
006 (15950983.331.000) 2026-02-11 01:40:35 Image size of job updated: 946200
	533  -  MemoryUsage of job (MB)
	544796  -  ResidentSetSize of job (KB)
...
006 (15950983.331.000) 2026-02-11 01:55:37 Image size of job updated: 946200
	533  -  MemoryUsage of job (MB)
	544984  -  ResidentSetSize of job (KB)
...
006 (15950983.331.000) 2026-02-11 02:00:38 Image size of job updated: 946200
	533  -  MemoryUsage of job (MB)
	545152  -  ResidentSetSize of job (KB)
...
006 (15950983.331.000) 2026-02-11 02:10:38 Image size of job updated: 946200
	533  -  MemoryUsage of job (MB)
	545296  -  ResidentSetSize of job (KB)
...
006 (15950983.331.000) 2026-02-11 02:15:39 Image size of job updated: 946200
	533  -  MemoryUsage of job (MB)
	545408  -  ResidentSetSize of job (KB)
...
006 (15950983.331.000) 2026-02-11 02:40:40 Image size of job updated: 946200
	533  -  MemoryUsage of job (MB)
	545480  -  ResidentSetSize of job (KB)
...
006 (15950983.331.000) 2026-02-11 02:50:41 Image size of job updated: 946200
	535  -  MemoryUsage of job (MB)
	547160  -  ResidentSetSize of job (KB)
...
006 (15950983.331.000) 2026-02-11 03:00:42 Image size of job updated: 946200
	535  -  MemoryUsage of job (MB)
	547392  -  ResidentSetSize of job (KB)
...
006 (15950983.331.000) 2026-02-11 03:15:44 Image size of job updated: 946200
	538  -  MemoryUsage of job (MB)
	550772  -  ResidentSetSize of job (KB)
...
006 (15950983.331.000) 2026-02-11 03:25:45 Image size of job updated: 946200
	539  -  MemoryUsage of job (MB)
	550956  -  ResidentSetSize of job (KB)
...
006 (15950983.331.000) 2026-02-11 03:30:46 Image size of job updated: 946200
	539  -  MemoryUsage of job (MB)
	551128  -  ResidentSetSize of job (KB)
...
006 (15950983.331.000) 2026-02-11 03:40:47 Image size of job updated: 946200
	539  -  MemoryUsage of job (MB)
	551212  -  ResidentSetSize of job (KB)
...
006 (15950983.331.000) 2026-02-11 05:50:57 Image size of job updated: 946200
	539  -  MemoryUsage of job (MB)
	551420  -  ResidentSetSize of job (KB)
...
006 (15950983.331.000) 2026-02-11 06:20:59 Image size of job updated: 946200
	539  -  MemoryUsage of job (MB)
	551448  -  ResidentSetSize of job (KB)
...
006 (15950983.331.000) 2026-02-11 06:56:01 Image size of job updated: 946200
	539  -  MemoryUsage of job (MB)
	551516  -  ResidentSetSize of job (KB)
...
006 (15950983.331.000) 2026-02-11 07:11:02 Image size of job updated: 946200
	539  -  MemoryUsage of job (MB)
	551808  -  ResidentSetSize of job (KB)
...
006 (15950983.331.000) 2026-02-11 07:31:03 Image size of job updated: 946200
	540  -  MemoryUsage of job (MB)
	551980  -  ResidentSetSize of job (KB)
...
006 (15950983.331.000) 2026-02-11 08:06:08 Image size of job updated: 946200
	540  -  MemoryUsage of job (MB)
	552440  -  ResidentSetSize of job (KB)
...
006 (15950983.331.000) 2026-02-11 08:11:08 Image size of job updated: 946200
	541  -  MemoryUsage of job (MB)
	553232  -  ResidentSetSize of job (KB)
...
006 (15950983.331.000) 2026-02-11 08:16:09 Image size of job updated: 946200
	542  -  MemoryUsage of job (MB)
	553992  -  ResidentSetSize of job (KB)
...
006 (15950983.331.000) 2026-02-11 08:21:10 Image size of job updated: 946200
	542  -  MemoryUsage of job (MB)
	554732  -  ResidentSetSize of job (KB)
...
006 (15950983.331.000) 2026-02-11 08:26:10 Image size of job updated: 946200
	543  -  MemoryUsage of job (MB)
	555548  -  ResidentSetSize of job (KB)
...
006 (15950983.331.000) 2026-02-11 08:31:11 Image size of job updated: 946200
	543  -  MemoryUsage of job (MB)
	555756  -  ResidentSetSize of job (KB)
...
006 (15950983.331.000) 2026-02-11 08:36:12 Image size of job updated: 946200
	544  -  MemoryUsage of job (MB)
	556440  -  ResidentSetSize of job (KB)
...
006 (15950983.331.000) 2026-02-11 08:41:12 Image size of job updated: 946200
	545  -  MemoryUsage of job (MB)
	557080  -  ResidentSetSize of job (KB)
...
006 (15950983.331.000) 2026-02-11 08:46:12 Image size of job updated: 946200
	545  -  MemoryUsage of job (MB)
	557712  -  ResidentSetSize of job (KB)
...
006 (15950983.331.000) 2026-02-11 08:51:13 Image size of job updated: 946200
	546  -  MemoryUsage of job (MB)
	558480  -  ResidentSetSize of job (KB)
...
006 (15950983.331.000) 2026-02-11 10:31:25 Image size of job updated: 946200
	546  -  MemoryUsage of job (MB)
	558732  -  ResidentSetSize of job (KB)
...
006 (15950983.331.000) 2026-02-11 11:01:27 Image size of job updated: 946200
	550  -  MemoryUsage of job (MB)
	562736  -  ResidentSetSize of job (KB)
...
006 (15950983.331.000) 2026-02-11 11:21:28 Image size of job updated: 946200
	550  -  MemoryUsage of job (MB)
	563056  -  ResidentSetSize of job (KB)
...
006 (15950983.331.000) 2026-02-11 11:41:31 Image size of job updated: 946200
	550  -  MemoryUsage of job (MB)
	563128  -  ResidentSetSize of job (KB)
...
006 (15950983.331.000) 2026-02-11 12:01:34 Image size of job updated: 946200
	551  -  MemoryUsage of job (MB)
	563328  -  ResidentSetSize of job (KB)
...
006 (15950983.331.000) 2026-02-11 13:01:39 Image size of job updated: 946200
	551  -  MemoryUsage of job (MB)
	563500  -  ResidentSetSize of job (KB)
...
006 (15950983.331.000) 2026-02-12 10:58:48 Image size of job updated: 946200
	551  -  MemoryUsage of job (MB)
	563572  -  ResidentSetSize of job (KB)
...
006 (15950983.331.000) 2026-02-12 11:03:48 Image size of job updated: 946200
	551  -  MemoryUsage of job (MB)
	564116  -  ResidentSetSize of job (KB)
...
006 (15950983.331.000) 2026-02-12 11:08:49 Image size of job updated: 946200
	552  -  MemoryUsage of job (MB)
	564652  -  ResidentSetSize of job (KB)
...
006 (15950983.331.000) 2026-02-12 11:13:50 Image size of job updated: 946200
	552  -  MemoryUsage of job (MB)
	565204  -  ResidentSetSize of job (KB)
...
006 (15950983.331.000) 2026-02-12 11:18:50 Image size of job updated: 946200
	553  -  MemoryUsage of job (MB)
	565776  -  ResidentSetSize of job (KB)
...
006 (15950983.331.000) 2026-02-12 11:23:51 Image size of job updated: 946200
	554  -  MemoryUsage of job (MB)
	566328  -  ResidentSetSize of job (KB)
...
006 (15950983.331.000) 2026-02-12 11:28:51 Image size of job updated: 946200
	554  -  MemoryUsage of job (MB)
	566792  -  ResidentSetSize of job (KB)
...
006 (15950983.331.000) 2026-02-12 12:03:56 Image size of job updated: 946200
	554  -  MemoryUsage of job (MB)
	566816  -  ResidentSetSize of job (KB)
...
021 (15950983.331.000) 2026-02-12 17:29:34 Error from starter on slot1_27@genoa07.zeuthen.desy.de:
	runtime exceeded maximum (target.Runtime seconds)
	Code 21 Subcode 103
...
004 (15950983.331.000) 2026-02-12 17:29:34 Job was evicted.
	(0) CPU times
		Usr 1 23:28:56, Sys 0 00:00:09  -  Run Remote Usage
		Usr 0 00:00:00, Sys 0 00:00:00  -  Run Local Usage
	0  -  Run Bytes Sent By Job
	0  -  Run Bytes Received By Job
	Error from slot1_27@genoa07.zeuthen.desy.de: runtime exceeded maximum (target.Runtime seconds)
	Partitionable Resources :     Usage  Request Allocated 
	   Cpus                 :      0.99        1         1 
	   Disk (KB)            :      1     1024000   1025681 
	   GPUs                 :                            0 
	   Memory (MB)          :    554        5120      5120 
	   TimeSlotBusy (s)     : 172801                       
...
012 (15950983.331.000) 2026-02-12 17:29:34 Job was held.
	Error from slot1_27@genoa07.zeuthen.desy.de: runtime exceeded maximum (target.Runtime seconds)
	Code 21 Subcode 103
...
001 (15949295.765.000) 2026-02-14 10:59:43 Job executing on host: <141.34.15.201:9618?addrs=141.34.15.201-9618+[2001-638-700-f00f--1-c9]-9618&alias=pizza03.zeuthen.desy.de&noUDP&sock=startd_9148_5877>
	SlotName: slot1_1@pizza03.zeuthen.desy.de
	CondorScratchDir = "/batch/dir_674450"
	Cpus = 8
	Disk = 1025696
	GPUs = 0
	Memory = 16384
...
006 (15949295.765.000) 2026-02-14 10:59:56 Image size of job updated: 103372
	101  -  MemoryUsage of job (MB)
	103372  -  ResidentSetSize of job (KB)
...
006 (15949295.765.000) 2026-02-14 11:04:56 Image size of job updated: 889748
	528  -  MemoryUsage of job (MB)
	540144  -  ResidentSetSize of job (KB)
...
006 (15949295.765.000) 2026-02-14 11:19:58 Image size of job updated: 889748
	531  -  MemoryUsage of job (MB)
	543492  -  ResidentSetSize of job (KB)
...
006 (15949295.765.000) 2026-02-14 11:24:59 Image size of job updated: 889748
	532  -  MemoryUsage of job (MB)
	544100  -  ResidentSetSize of job (KB)
...
006 (15949295.765.000) 2026-02-14 11:30:00 Image size of job updated: 889748
	532  -  MemoryUsage of job (MB)
	544104  -  ResidentSetSize of job (KB)
...
006 (15949295.765.000) 2026-02-14 11:50:02 Image size of job updated: 889748
	532  -  MemoryUsage of job (MB)
	544508  -  ResidentSetSize of job (KB)
...
006 (15949295.765.000) 2026-02-14 11:55:03 Image size of job updated: 889748
	541  -  MemoryUsage of job (MB)
	553440  -  ResidentSetSize of job (KB)
...
006 (15949295.765.000) 2026-02-14 12:30:08 Image size of job updated: 889748
	558  -  MemoryUsage of job (MB)
	571252  -  ResidentSetSize of job (KB)
...
006 (15949295.765.000) 2026-02-14 12:35:08 Image size of job updated: 889748
	563  -  MemoryUsage of job (MB)
	576308  -  ResidentSetSize of job (KB)
...
006 (15949295.765.000) 2026-02-14 12:40:09 Image size of job updated: 889748
	563  -  MemoryUsage of job (MB)
	576312  -  ResidentSetSize of job (KB)
...
006 (15949295.765.000) 2026-02-14 13:00:12 Image size of job updated: 889748
	581  -  MemoryUsage of job (MB)
	594016  -  ResidentSetSize of job (KB)
...
006 (15949295.765.000) 2026-02-14 13:05:12 Image size of job updated: 889748
	609  -  MemoryUsage of job (MB)
	623348  -  ResidentSetSize of job (KB)
...
006 (15949295.765.000) 2026-02-14 13:10:13 Image size of job updated: 889748
	613  -  MemoryUsage of job (MB)
	627648  -  ResidentSetSize of job (KB)
...
006 (15949295.765.000) 2026-02-14 13:15:14 Image size of job updated: 889748
	614  -  MemoryUsage of job (MB)
	628000  -  ResidentSetSize of job (KB)
...
006 (15949295.765.000) 2026-02-14 13:20:14 Image size of job updated: 889748
	614  -  MemoryUsage of job (MB)
	628432  -  ResidentSetSize of job (KB)
...
006 (15949295.765.000) 2026-02-14 13:25:15 Image size of job updated: 889748
	615  -  MemoryUsage of job (MB)
	628796  -  ResidentSetSize of job (KB)
...
006 (15949295.765.000) 2026-02-14 13:30:15 Image size of job updated: 889748
	621  -  MemoryUsage of job (MB)
	635872  -  ResidentSetSize of job (KB)
...
006 (15949295.765.000) 2026-02-14 13:35:15 Image size of job updated: 889748
	622  -  MemoryUsage of job (MB)
	636780  -  ResidentSetSize of job (KB)
...
006 (15949295.765.000) 2026-02-14 13:40:16 Image size of job updated: 889748
	630  -  MemoryUsage of job (MB)
	644668  -  ResidentSetSize of job (KB)
...
006 (15949295.765.000) 2026-02-14 13:45:16 Image size of job updated: 889748
	639  -  MemoryUsage of job (MB)
	654028  -  ResidentSetSize of job (KB)
...
006 (15949295.765.000) 2026-02-14 13:50:16 Image size of job updated: 889748
	640  -  MemoryUsage of job (MB)
	654920  -  ResidentSetSize of job (KB)
...
006 (15949295.765.000) 2026-02-14 13:55:17 Image size of job updated: 889748
	649  -  MemoryUsage of job (MB)
	664452  -  ResidentSetSize of job (KB)
...
006 (15949295.765.000) 2026-02-14 14:00:17 Image size of job updated: 889748
	650  -  MemoryUsage of job (MB)
	665140  -  ResidentSetSize of job (KB)
...
006 (15949295.765.000) 2026-02-14 14:05:17 Image size of job updated: 889748
	650  -  MemoryUsage of job (MB)
	665504  -  ResidentSetSize of job (KB)
...
006 (15949295.765.000) 2026-02-14 14:35:21 Image size of job updated: 889748
	695  -  MemoryUsage of job (MB)
	710924  -  ResidentSetSize of job (KB)
...
006 (15949295.765.000) 2026-02-14 14:40:22 Image size of job updated: 889748
	697  -  MemoryUsage of job (MB)
	713560  -  ResidentSetSize of job (KB)
...
006 (15949295.765.000) 2026-02-14 16:00:29 Image size of job updated: 889748
	697  -  MemoryUsage of job (MB)
	713632  -  ResidentSetSize of job (KB)
...
006 (15949295.765.000) 2026-02-14 16:30:33 Image size of job updated: 889748
	698  -  MemoryUsage of job (MB)
	713800  -  ResidentSetSize of job (KB)
...
006 (15949295.765.000) 2026-02-14 16:35:34 Image size of job updated: 889748
	698  -  MemoryUsage of job (MB)
	713836  -  ResidentSetSize of job (KB)
...
006 (15949295.765.000) 2026-02-14 16:45:36 Image size of job updated: 889748
	698  -  MemoryUsage of job (MB)
	713872  -  ResidentSetSize of job (KB)
...
006 (15949295.765.000) 2026-02-14 16:50:36 Image size of job updated: 889748
	698  -  MemoryUsage of job (MB)
	713912  -  ResidentSetSize of job (KB)
...
006 (15949295.765.000) 2026-02-14 17:05:37 Image size of job updated: 889748
	698  -  MemoryUsage of job (MB)
	714084  -  ResidentSetSize of job (KB)
...
006 (15949295.765.000) 2026-02-14 17:10:37 Image size of job updated: 889748
	698  -  MemoryUsage of job (MB)
	714176  -  ResidentSetSize of job (KB)
...
006 (15949295.765.000) 2026-02-14 17:25:39 Image size of job updated: 889748
	698  -  MemoryUsage of job (MB)
	714288  -  ResidentSetSize of job (KB)
...
006 (15949295.765.000) 2026-02-14 17:30:40 Image size of job updated: 889748
	698  -  MemoryUsage of job (MB)
	714320  -  ResidentSetSize of job (KB)
...
006 (15949295.765.000) 2026-02-14 17:40:41 Image size of job updated: 889748
	698  -  MemoryUsage of job (MB)
	714352  -  ResidentSetSize of job (KB)
...
006 (15949295.765.000) 2026-02-14 17:50:42 Image size of job updated: 889748
	698  -  MemoryUsage of job (MB)
	714424  -  ResidentSetSize of job (KB)
...
006 (15949295.765.000) 2026-02-14 18:10:45 Image size of job updated: 889748
	698  -  MemoryUsage of job (MB)
	714644  -  ResidentSetSize of job (KB)
...
006 (15949295.765.000) 2026-02-14 18:25:46 Image size of job updated: 889748
	699  -  MemoryUsage of job (MB)
	714832  -  ResidentSetSize of job (KB)
...
006 (15949295.765.000) 2026-02-14 18:30:46 Image size of job updated: 889748
	699  -  MemoryUsage of job (MB)
	714936  -  ResidentSetSize of job (KB)
...
006 (15949295.765.000) 2026-02-14 18:40:47 Image size of job updated: 889748
	699  -  MemoryUsage of job (MB)
	715124  -  ResidentSetSize of job (KB)
...
006 (15949295.765.000) 2026-02-14 18:45:47 Image size of job updated: 889748
	699  -  MemoryUsage of job (MB)
	715160  -  ResidentSetSize of job (KB)
...
006 (15949295.765.000) 2026-02-14 18:50:47 Image size of job updated: 889748
	699  -  MemoryUsage of job (MB)
	715192  -  ResidentSetSize of job (KB)
...
006 (15949295.765.000) 2026-02-14 19:10:49 Image size of job updated: 889748
	699  -  MemoryUsage of job (MB)
	715324  -  ResidentSetSize of job (KB)
...
006 (15949295.765.000) 2026-02-14 19:20:50 Image size of job updated: 889748
	699  -  MemoryUsage of job (MB)
	715412  -  ResidentSetSize of job (KB)
...
006 (15949295.765.000) 2026-02-14 19:30:51 Image size of job updated: 889748
	699  -  MemoryUsage of job (MB)
	715588  -  ResidentSetSize of job (KB)
...
006 (15949295.765.000) 2026-02-14 19:40:53 Image size of job updated: 889748
	700  -  MemoryUsage of job (MB)
	715956  -  ResidentSetSize of job (KB)
...
006 (15949295.765.000) 2026-02-14 19:50:54 Image size of job updated: 889748
	700  -  MemoryUsage of job (MB)
	715964  -  ResidentSetSize of job (KB)
...
006 (15949295.765.000) 2026-02-14 20:00:55 Image size of job updated: 889748
	700  -  MemoryUsage of job (MB)
	715996  -  ResidentSetSize of job (KB)
...
006 (15949295.765.000) 2026-02-14 20:05:57 Image size of job updated: 889748
	700  -  MemoryUsage of job (MB)
	716040  -  ResidentSetSize of job (KB)
...
006 (15949295.765.000) 2026-02-14 20:10:57 Image size of job updated: 889748
	700  -  MemoryUsage of job (MB)
	716324  -  ResidentSetSize of job (KB)
...
006 (15949295.765.000) 2026-02-14 20:20:58 Image size of job updated: 889748
	700  -  MemoryUsage of job (MB)
	716408  -  ResidentSetSize of job (KB)
...
006 (15949295.765.000) 2026-02-14 20:25:58 Image size of job updated: 889748
	700  -  MemoryUsage of job (MB)
	716480  -  ResidentSetSize of job (KB)
...
006 (15949295.765.000) 2026-02-14 20:35:59 Image size of job updated: 889748
	700  -  MemoryUsage of job (MB)
	716564  -  ResidentSetSize of job (KB)
...
006 (15949295.765.000) 2026-02-14 20:40:59 Image size of job updated: 889748
	700  -  MemoryUsage of job (MB)
	716644  -  ResidentSetSize of job (KB)
...
006 (15949295.765.000) 2026-02-14 21:31:05 Image size of job updated: 889748
	702  -  MemoryUsage of job (MB)
	718388  -  ResidentSetSize of job (KB)
...
006 (15949295.765.000) 2026-02-14 21:36:05 Image size of job updated: 889748
	702  -  MemoryUsage of job (MB)
	718476  -  ResidentSetSize of job (KB)
...
006 (15949295.765.000) 2026-02-14 21:46:06 Image size of job updated: 889748
	702  -  MemoryUsage of job (MB)
	718564  -  ResidentSetSize of job (KB)
...
006 (15949295.765.000) 2026-02-14 21:51:06 Image size of job updated: 889748
	702  -  MemoryUsage of job (MB)
	718656  -  ResidentSetSize of job (KB)
...
006 (15949295.765.000) 2026-02-14 21:56:06 Image size of job updated: 889748
	702  -  MemoryUsage of job (MB)
	718740  -  ResidentSetSize of job (KB)
...
006 (15949295.765.000) 2026-02-14 22:06:07 Image size of job updated: 889748
	702  -  MemoryUsage of job (MB)
	718836  -  ResidentSetSize of job (KB)
...
006 (15949295.765.000) 2026-02-14 22:11:07 Image size of job updated: 889748
	703  -  MemoryUsage of job (MB)
	719076  -  ResidentSetSize of job (KB)
...
006 (15949295.765.000) 2026-02-14 22:16:08 Image size of job updated: 889748
	703  -  MemoryUsage of job (MB)
	719112  -  ResidentSetSize of job (KB)
...
006 (15949295.765.000) 2026-02-14 22:26:09 Image size of job updated: 889748
	703  -  MemoryUsage of job (MB)
	719144  -  ResidentSetSize of job (KB)
...
006 (15949295.765.000) 2026-02-14 22:31:10 Image size of job updated: 889748
	703  -  MemoryUsage of job (MB)
	719184  -  ResidentSetSize of job (KB)
...
006 (15949295.765.000) 2026-02-14 22:36:10 Image size of job updated: 889748
	703  -  MemoryUsage of job (MB)
	719224  -  ResidentSetSize of job (KB)
...
006 (15949295.765.000) 2026-02-14 23:16:13 Image size of job updated: 889748
	703  -  MemoryUsage of job (MB)
	719496  -  ResidentSetSize of job (KB)
...
006 (15949295.765.000) 2026-02-14 23:26:14 Image size of job updated: 889748
	703  -  MemoryUsage of job (MB)
	719672  -  ResidentSetSize of job (KB)
...
006 (15949295.765.000) 2026-02-14 23:31:14 Image size of job updated: 889748
	704  -  MemoryUsage of job (MB)
	719964  -  ResidentSetSize of job (KB)
...
006 (15949295.765.000) 2026-02-14 23:36:14 Image size of job updated: 889748
	704  -  MemoryUsage of job (MB)
	720248  -  ResidentSetSize of job (KB)
...
006 (15949295.765.000) 2026-02-15 00:11:18 Image size of job updated: 889748
	704  -  MemoryUsage of job (MB)
	720304  -  ResidentSetSize of job (KB)
...
006 (15949295.765.000) 2026-02-15 00:16:18 Image size of job updated: 889748
	704  -  MemoryUsage of job (MB)
	720664  -  ResidentSetSize of job (KB)
...
006 (15949295.765.000) 2026-02-15 00:26:20 Image size of job updated: 889748
	704  -  MemoryUsage of job (MB)
	720760  -  ResidentSetSize of job (KB)
...
006 (15949295.765.000) 2026-02-15 00:31:20 Image size of job updated: 889748
	705  -  MemoryUsage of job (MB)
	721000  -  ResidentSetSize of job (KB)
...
006 (15949295.765.000) 2026-02-15 00:36:21 Image size of job updated: 889748
	705  -  MemoryUsage of job (MB)
	721296  -  ResidentSetSize of job (KB)
...
006 (15949295.765.000) 2026-02-15 00:46:22 Image size of job updated: 889748
	705  -  MemoryUsage of job (MB)
	721588  -  ResidentSetSize of job (KB)
...
006 (15949295.765.000) 2026-02-15 00:51:23 Image size of job updated: 889748
	705  -  MemoryUsage of job (MB)
	721756  -  ResidentSetSize of job (KB)
...
006 (15949295.765.000) 2026-02-15 00:56:24 Image size of job updated: 889748
	706  -  MemoryUsage of job (MB)
	721940  -  ResidentSetSize of job (KB)
...
006 (15949295.765.000) 2026-02-15 01:01:24 Image size of job updated: 889748
	706  -  MemoryUsage of job (MB)
	722060  -  ResidentSetSize of job (KB)
...
006 (15949295.765.000) 2026-02-15 01:06:25 Image size of job updated: 889748
	706  -  MemoryUsage of job (MB)
	722120  -  ResidentSetSize of job (KB)
...
006 (15949295.765.000) 2026-02-15 01:11:25 Image size of job updated: 889748
	706  -  MemoryUsage of job (MB)
	722200  -  ResidentSetSize of job (KB)
...
006 (15949295.765.000) 2026-02-15 01:21:26 Image size of job updated: 889748
	706  -  MemoryUsage of job (MB)
	722272  -  ResidentSetSize of job (KB)
...
006 (15949295.765.000) 2026-02-15 01:26:26 Image size of job updated: 889748
	709  -  MemoryUsage of job (MB)
	725868  -  ResidentSetSize of job (KB)
...
006 (15949295.765.000) 2026-02-15 01:31:26 Image size of job updated: 889748
	710  -  MemoryUsage of job (MB)
	726352  -  ResidentSetSize of job (KB)
...
006 (15949295.765.000) 2026-02-15 01:36:27 Image size of job updated: 889748
	711  -  MemoryUsage of job (MB)
	727828  -  ResidentSetSize of job (KB)
...
006 (15949295.765.000) 2026-02-15 01:41:27 Image size of job updated: 889748
	712  -  MemoryUsage of job (MB)
	728068  -  ResidentSetSize of job (KB)
...
006 (15949295.765.000) 2026-02-15 01:46:27 Image size of job updated: 889748
	712  -  MemoryUsage of job (MB)
	728196  -  ResidentSetSize of job (KB)
...
006 (15949295.765.000) 2026-02-15 01:51:28 Image size of job updated: 889748
	723  -  MemoryUsage of job (MB)
	739828  -  ResidentSetSize of job (KB)
...
006 (15949295.765.000) 2026-02-15 01:56:28 Image size of job updated: 889748
	723  -  MemoryUsage of job (MB)
	740272  -  ResidentSetSize of job (KB)
...
006 (15949295.765.000) 2026-02-15 02:01:28 Image size of job updated: 889748
	724  -  MemoryUsage of job (MB)
	740444  -  ResidentSetSize of job (KB)
...
006 (15949295.765.000) 2026-02-15 02:06:29 Image size of job updated: 889748
	724  -  MemoryUsage of job (MB)
	740564  -  ResidentSetSize of job (KB)
...
006 (15949295.765.000) 2026-02-15 02:11:29 Image size of job updated: 889748
	724  -  MemoryUsage of job (MB)
	740700  -  ResidentSetSize of job (KB)
...
006 (15949295.765.000) 2026-02-15 02:51:34 Image size of job updated: 889748
	724  -  MemoryUsage of job (MB)
	740792  -  ResidentSetSize of job (KB)
...
006 (15949295.765.000) 2026-02-15 09:22:16 Image size of job updated: 889748
	745  -  MemoryUsage of job (MB)
	762832  -  ResidentSetSize of job (KB)
...
006 (15949295.765.000) 2026-02-15 09:27:17 Image size of job updated: 889748
	746  -  MemoryUsage of job (MB)
	763124  -  ResidentSetSize of job (KB)
...
006 (15949295.765.000) 2026-02-15 09:32:17 Image size of job updated: 889748
	746  -  MemoryUsage of job (MB)
	763276  -  ResidentSetSize of job (KB)
...
006 (15949295.765.000) 2026-02-15 12:02:34 Image size of job updated: 889748
	746  -  MemoryUsage of job (MB)
	763368  -  ResidentSetSize of job (KB)
...
006 (15949295.765.000) 2026-02-15 12:12:35 Image size of job updated: 889748
	746  -  MemoryUsage of job (MB)
	763532  -  ResidentSetSize of job (KB)
...
006 (15949295.765.000) 2026-02-15 12:17:36 Image size of job updated: 889748
	746  -  MemoryUsage of job (MB)
	763540  -  ResidentSetSize of job (KB)
...
006 (15949295.765.000) 2026-02-15 12:52:38 Image size of job updated: 889748
	746  -  MemoryUsage of job (MB)
	763676  -  ResidentSetSize of job (KB)
...
006 (15949295.765.000) 2026-02-15 12:57:39 Image size of job updated: 889748
	746  -  MemoryUsage of job (MB)
	763788  -  ResidentSetSize of job (KB)
...
006 (15949295.765.000) 2026-02-15 13:22:40 Image size of job updated: 889748
	746  -  MemoryUsage of job (MB)
	763880  -  ResidentSetSize of job (KB)
...
006 (15949295.765.000) 2026-02-15 13:32:41 Image size of job updated: 889748
	747  -  MemoryUsage of job (MB)
	764044  -  ResidentSetSize of job (KB)
...
006 (15949295.765.000) 2026-02-15 13:57:43 Image size of job updated: 889748
	747  -  MemoryUsage of job (MB)
	764236  -  ResidentSetSize of job (KB)
...
006 (15949295.765.000) 2026-02-15 14:02:43 Image size of job updated: 889748
	747  -  MemoryUsage of job (MB)
	764300  -  ResidentSetSize of job (KB)
...
006 (15949295.765.000) 2026-02-15 14:37:45 Image size of job updated: 889748
	755  -  MemoryUsage of job (MB)
	772244  -  ResidentSetSize of job (KB)
...
006 (15949295.765.000) 2026-02-15 14:42:46 Image size of job updated: 889748
	755  -  MemoryUsage of job (MB)
	772472  -  ResidentSetSize of job (KB)
...
006 (15949295.765.000) 2026-02-15 14:47:46 Image size of job updated: 889748
	757  -  MemoryUsage of job (MB)
	774904  -  ResidentSetSize of job (KB)
...
006 (15949295.765.000) 2026-02-15 14:52:47 Image size of job updated: 889748
	757  -  MemoryUsage of job (MB)
	775164  -  ResidentSetSize of job (KB)
...
006 (15949295.765.000) 2026-02-15 14:57:48 Image size of job updated: 889748
	758  -  MemoryUsage of job (MB)
	775396  -  ResidentSetSize of job (KB)
...
006 (15949295.765.000) 2026-02-15 15:27:52 Image size of job updated: 889748
	758  -  MemoryUsage of job (MB)
	775580  -  ResidentSetSize of job (KB)
...
006 (15949295.765.000) 2026-02-15 15:32:52 Image size of job updated: 889748
	758  -  MemoryUsage of job (MB)
	775652  -  ResidentSetSize of job (KB)
...
006 (15949295.765.000) 2026-02-15 15:37:53 Image size of job updated: 889748
	758  -  MemoryUsage of job (MB)
	775684  -  ResidentSetSize of job (KB)
...
006 (15949295.765.000) 2026-02-15 15:42:54 Image size of job updated: 889748
	758  -  MemoryUsage of job (MB)
	775908  -  ResidentSetSize of job (KB)
...
006 (15949295.765.000) 2026-02-15 15:47:54 Image size of job updated: 889748
	758  -  MemoryUsage of job (MB)
	776044  -  ResidentSetSize of job (KB)
...
006 (15949295.765.000) 2026-02-15 15:52:55 Image size of job updated: 889748
	758  -  MemoryUsage of job (MB)
	776120  -  ResidentSetSize of job (KB)
...
006 (15949295.765.000) 2026-02-15 15:57:55 Image size of job updated: 889748
	758  -  MemoryUsage of job (MB)
	776152  -  ResidentSetSize of job (KB)
...
006 (15949295.765.000) 2026-02-15 16:02:55 Image size of job updated: 889748
	758  -  MemoryUsage of job (MB)
	776160  -  ResidentSetSize of job (KB)
...
006 (15949295.765.000) 2026-02-15 16:37:58 Image size of job updated: 889748
	760  -  MemoryUsage of job (MB)
	777616  -  ResidentSetSize of job (KB)
...
006 (15949295.765.000) 2026-02-15 16:42:58 Image size of job updated: 889748
	760  -  MemoryUsage of job (MB)
	777976  -  ResidentSetSize of job (KB)
...
006 (15949295.765.000) 2026-02-15 17:03:01 Image size of job updated: 889748
	760  -  MemoryUsage of job (MB)
	778200  -  ResidentSetSize of job (KB)
...
006 (15949295.765.000) 2026-02-15 17:13:02 Image size of job updated: 889748
	760  -  MemoryUsage of job (MB)
	778236  -  ResidentSetSize of job (KB)
...
006 (15949295.765.000) 2026-02-15 19:38:19 Image size of job updated: 889748
	761  -  MemoryUsage of job (MB)
	778628  -  ResidentSetSize of job (KB)
...
006 (15949295.765.000) 2026-02-15 19:48:21 Image size of job updated: 889748
	761  -  MemoryUsage of job (MB)
	778732  -  ResidentSetSize of job (KB)
...
006 (15949295.765.000) 2026-02-15 20:48:29 Image size of job updated: 889748
	763  -  MemoryUsage of job (MB)
	780488  -  ResidentSetSize of job (KB)
...
006 (15949295.765.000) 2026-02-15 20:53:29 Image size of job updated: 889748
	763  -  MemoryUsage of job (MB)
	780788  -  ResidentSetSize of job (KB)
...
006 (15949295.765.000) 2026-02-15 20:58:30 Image size of job updated: 889748
	763  -  MemoryUsage of job (MB)
	780808  -  ResidentSetSize of job (KB)
...
006 (15949295.765.000) 2026-02-15 23:18:49 Image size of job updated: 889748
	763  -  MemoryUsage of job (MB)
	781040  -  ResidentSetSize of job (KB)
...
006 (15949295.765.000) 2026-02-15 23:28:50 Image size of job updated: 889748
	763  -  MemoryUsage of job (MB)
	781068  -  ResidentSetSize of job (KB)
...
006 (15949295.765.000) 2026-02-16 00:13:56 Image size of job updated: 889748
	763  -  MemoryUsage of job (MB)
	781100  -  ResidentSetSize of job (KB)
...
006 (15949295.765.000) 2026-02-16 00:18:57 Image size of job updated: 889748
	763  -  MemoryUsage of job (MB)
	781172  -  ResidentSetSize of job (KB)
...
006 (15949295.765.000) 2026-02-16 00:23:57 Image size of job updated: 889748
	763  -  MemoryUsage of job (MB)
	781216  -  ResidentSetSize of job (KB)
...
006 (15949295.765.000) 2026-02-16 00:28:58 Image size of job updated: 889748
	763  -  MemoryUsage of job (MB)
	781232  -  ResidentSetSize of job (KB)
...
006 (15949295.765.000) 2026-02-16 00:33:59 Image size of job updated: 889748
	764  -  MemoryUsage of job (MB)
	781972  -  ResidentSetSize of job (KB)
...
006 (15949295.765.000) 2026-02-16 00:38:59 Image size of job updated: 889748
	764  -  MemoryUsage of job (MB)
	782172  -  ResidentSetSize of job (KB)
...
006 (15949295.765.000) 2026-02-16 00:44:00 Image size of job updated: 889748
	764  -  MemoryUsage of job (MB)
	782180  -  ResidentSetSize of job (KB)
...
006 (15949295.765.000) 2026-02-16 00:54:01 Image size of job updated: 889748
	767  -  MemoryUsage of job (MB)
	784760  -  ResidentSetSize of job (KB)
...
006 (15949295.765.000) 2026-02-16 00:59:02 Image size of job updated: 889748
	767  -  MemoryUsage of job (MB)
	784960  -  ResidentSetSize of job (KB)
...
006 (15949295.765.000) 2026-02-16 01:04:03 Image size of job updated: 889748
	767  -  MemoryUsage of job (MB)
	785048  -  ResidentSetSize of job (KB)
...
006 (15949295.765.000) 2026-02-16 01:09:03 Image size of job updated: 889748
	767  -  MemoryUsage of job (MB)
	785072  -  ResidentSetSize of job (KB)
...
006 (15949295.765.000) 2026-02-16 01:14:04 Image size of job updated: 889748
	779  -  MemoryUsage of job (MB)
	797628  -  ResidentSetSize of job (KB)
...
006 (15949295.765.000) 2026-02-16 01:34:07 Image size of job updated: 889748
	804  -  MemoryUsage of job (MB)
	822956  -  ResidentSetSize of job (KB)
...
006 (15949295.765.000) 2026-02-16 01:39:07 Image size of job updated: 889748
	812  -  MemoryUsage of job (MB)
	831148  -  ResidentSetSize of job (KB)
...
006 (15949295.765.000) 2026-02-16 02:19:10 Image size of job updated: 889748
	817  -  MemoryUsage of job (MB)
	836560  -  ResidentSetSize of job (KB)
...
006 (15949295.765.000) 2026-02-16 02:24:11 Image size of job updated: 889748
	822  -  MemoryUsage of job (MB)
	841116  -  ResidentSetSize of job (KB)
...
006 (15949295.765.000) 2026-02-16 09:19:53 Image size of job updated: 889748
	822  -  MemoryUsage of job (MB)
	841308  -  ResidentSetSize of job (KB)
...
006 (15949295.765.000) 2026-02-16 10:29:59 Image size of job updated: 889748
	822  -  MemoryUsage of job (MB)
	841340  -  ResidentSetSize of job (KB)
...
021 (15949295.765.000) 2026-02-16 10:59:46 Error from starter on slot1_1@pizza03.zeuthen.desy.de:
	runtime exceeded maximum (target.Runtime seconds)
	Code 21 Subcode 103
...
004 (15949295.765.000) 2026-02-16 10:59:46 Job was evicted.
	(0) CPU times
		Usr 11 04:25:40, Sys 0 21:31:18  -  Run Remote Usage
		Usr 0 00:00:00, Sys 0 00:00:00  -  Run Local Usage
	0  -  Run Bytes Sent By Job
	0  -  Run Bytes Received By Job
	Error from slot1_1@pizza03.zeuthen.desy.de: runtime exceeded maximum (target.Runtime seconds)
	Partitionable Resources :     Usage  Request Allocated 
	   Cpus                 :      6.93        8         8 
	   Disk (KB)            :      1     1024000   1025696 
	   GPUs                 :                            0 
	   Memory (MB)          :    822       16384     16384 
	   TimeSlotBusy (s)     : 172804                       
...
012 (15949295.765.000) 2026-02-16 10:59:46 Job was held.
	Error from slot1_1@pizza03.zeuthen.desy.de: runtime exceeded maximum (target.Runtime seconds)
	Code 21 Subcode 103
...
009 (15949295.765.000) 2026-02-16 17:16:26 Job was aborted.
	via condor_rm (by user tuccia)
...
009 (15950983.331.000) 2026-02-16 17:16:52 Job was aborted.
	via condor_rm (by user tuccia)
...
