000 (15756407.1024.000) 2026-02-06 11:26:13 Job submitted from host: <141.34.103.35:9618?addrs=141.34.103.35-9618+[2001-638-700-f067--1-23]-9618&alias=wgs39.zeuthen.desy.de&noUDP&sock=schedd_7414_f73f>
...
009 (15756407.1024.000) 2026-02-10 11:42:43 Job was aborted.
	via condor_rm (by user tuccia)
...
000 (15949294.683.000) 2026-02-10 11:45:21 Job submitted from host: <141.34.103.35:9618?addrs=141.34.103.35-9618+[2001-638-700-f067--1-23]-9618&alias=wgs39.zeuthen.desy.de&noUDP&sock=schedd_7302_24a3>
...
009 (15949294.683.000) 2026-02-10 11:45:47 Job was aborted.
	via condor_rm (by user tuccia)
...
000 (15949295.683.000) 2026-02-10 11:46:05 Job submitted from host: <141.34.103.35:9618?addrs=141.34.103.35-9618+[2001-638-700-f067--1-23]-9618&alias=wgs39.zeuthen.desy.de&noUDP&sock=schedd_7302_24a3>
...
000 (15950983.167.000) 2026-02-10 16:27:55 Job submitted from host: <141.34.103.35:9618?addrs=141.34.103.35-9618+[2001-638-700-f067--1-23]-9618&alias=wgs39.zeuthen.desy.de&noUDP&sock=schedd_7302_24a3>
...
001 (15950983.167.000) 2026-02-10 16:37:04 Job executing on host: <141.34.15.69:9618?addrs=141.34.15.69-9618+[2001-638-700-f00f--1-45]-9618&alias=bladejc.zeuthen.desy.de&noUDP&sock=startd_10939_d296>
	SlotName: slot1_17@bladejc.zeuthen.desy.de
	CondorScratchDir = "/batch/dir_2706410"
	Cpus = 1
	Disk = 1025024
	GPUs = 0
	Memory = 5120
...
006 (15950983.167.000) 2026-02-10 16:37:17 Image size of job updated: 101396
	100  -  MemoryUsage of job (MB)
	101396  -  ResidentSetSize of job (KB)
...
006 (15950983.167.000) 2026-02-10 16:42:17 Image size of job updated: 696396
	661  -  MemoryUsage of job (MB)
	676524  -  ResidentSetSize of job (KB)
...
006 (15950983.167.000) 2026-02-10 16:47:18 Image size of job updated: 696928
	663  -  MemoryUsage of job (MB)
	678280  -  ResidentSetSize of job (KB)
...
006 (15950983.167.000) 2026-02-10 16:52:19 Image size of job updated: 697576
	665  -  MemoryUsage of job (MB)
	680136  -  ResidentSetSize of job (KB)
...
006 (15950983.167.000) 2026-02-10 16:57:19 Image size of job updated: 698436
	666  -  MemoryUsage of job (MB)
	681604  -  ResidentSetSize of job (KB)
...
006 (15950983.167.000) 2026-02-10 17:02:20 Image size of job updated: 698844
	667  -  MemoryUsage of job (MB)
	682852  -  ResidentSetSize of job (KB)
...
006 (15950983.167.000) 2026-02-10 17:07:21 Image size of job updated: 699340
	669  -  MemoryUsage of job (MB)
	684468  -  ResidentSetSize of job (KB)
...
006 (15950983.167.000) 2026-02-10 17:12:21 Image size of job updated: 699500
	670  -  MemoryUsage of job (MB)
	686044  -  ResidentSetSize of job (KB)
...
006 (15950983.167.000) 2026-02-10 17:17:22 Image size of job updated: 700080
	671  -  MemoryUsage of job (MB)
	686680  -  ResidentSetSize of job (KB)
...
006 (15950983.167.000) 2026-02-10 17:22:23 Image size of job updated: 700412
	679  -  MemoryUsage of job (MB)
	695100  -  ResidentSetSize of job (KB)
...
006 (15950983.167.000) 2026-02-10 17:27:23 Image size of job updated: 701028
	682  -  MemoryUsage of job (MB)
	697952  -  ResidentSetSize of job (KB)
...
006 (15950983.167.000) 2026-02-10 17:32:23 Image size of job updated: 701272
	682  -  MemoryUsage of job (MB)
	697952  -  ResidentSetSize of job (KB)
...
006 (15950983.167.000) 2026-02-10 17:52:25 Image size of job updated: 701272
	683  -  MemoryUsage of job (MB)
	698940  -  ResidentSetSize of job (KB)
...
006 (15950983.167.000) 2026-02-10 18:12:26 Image size of job updated: 701496
	686  -  MemoryUsage of job (MB)
	701496  -  ResidentSetSize of job (KB)
...
006 (15950983.167.000) 2026-02-10 18:17:26 Image size of job updated: 701576
	686  -  MemoryUsage of job (MB)
	701500  -  ResidentSetSize of job (KB)
...
006 (15950983.167.000) 2026-02-10 18:27:28 Image size of job updated: 701916
	686  -  MemoryUsage of job (MB)
	701500  -  ResidentSetSize of job (KB)
...
006 (15950983.167.000) 2026-02-10 18:42:30 Image size of job updated: 702088
	686  -  MemoryUsage of job (MB)
	701500  -  ResidentSetSize of job (KB)
...
006 (15950983.167.000) 2026-02-10 18:47:30 Image size of job updated: 702576
	686  -  MemoryUsage of job (MB)
	701500  -  ResidentSetSize of job (KB)
...
006 (15950983.167.000) 2026-02-10 18:52:30 Image size of job updated: 704048
	686  -  MemoryUsage of job (MB)
	701500  -  ResidentSetSize of job (KB)
...
006 (15950983.167.000) 2026-02-10 18:57:31 Image size of job updated: 704396
	686  -  MemoryUsage of job (MB)
	701500  -  ResidentSetSize of job (KB)
...
006 (15950983.167.000) 2026-02-10 19:02:31 Image size of job updated: 704448
	686  -  MemoryUsage of job (MB)
	701500  -  ResidentSetSize of job (KB)
...
006 (15950983.167.000) 2026-02-10 19:17:32 Image size of job updated: 706512
	686  -  MemoryUsage of job (MB)
	701500  -  ResidentSetSize of job (KB)
...
006 (15950983.167.000) 2026-02-10 19:22:32 Image size of job updated: 706880
	686  -  MemoryUsage of job (MB)
	701500  -  ResidentSetSize of job (KB)
...
006 (15950983.167.000) 2026-02-10 19:27:33 Image size of job updated: 706880
	687  -  MemoryUsage of job (MB)
	702940  -  ResidentSetSize of job (KB)
...
006 (15950983.167.000) 2026-02-10 19:32:34 Image size of job updated: 708224
	688  -  MemoryUsage of job (MB)
	704072  -  ResidentSetSize of job (KB)
...
006 (15950983.167.000) 2026-02-10 19:37:34 Image size of job updated: 708224
	689  -  MemoryUsage of job (MB)
	704788  -  ResidentSetSize of job (KB)
...
006 (15950983.167.000) 2026-02-10 19:42:35 Image size of job updated: 708224
	690  -  MemoryUsage of job (MB)
	705980  -  ResidentSetSize of job (KB)
...
006 (15950983.167.000) 2026-02-10 19:47:36 Image size of job updated: 710952
	690  -  MemoryUsage of job (MB)
	706460  -  ResidentSetSize of job (KB)
...
006 (15950983.167.000) 2026-02-10 19:57:37 Image size of job updated: 711504
	691  -  MemoryUsage of job (MB)
	706804  -  ResidentSetSize of job (KB)
...
006 (15950983.167.000) 2026-02-10 20:07:38 Image size of job updated: 712188
	691  -  MemoryUsage of job (MB)
	706900  -  ResidentSetSize of job (KB)
...
006 (15950983.167.000) 2026-02-10 20:17:40 Image size of job updated: 712188
	691  -  MemoryUsage of job (MB)
	707148  -  ResidentSetSize of job (KB)
...
006 (15950983.167.000) 2026-02-10 20:22:40 Image size of job updated: 712188
	691  -  MemoryUsage of job (MB)
	707184  -  ResidentSetSize of job (KB)
...
006 (15950983.167.000) 2026-02-10 20:32:41 Image size of job updated: 712308
	691  -  MemoryUsage of job (MB)
	707184  -  ResidentSetSize of job (KB)
...
006 (15950983.167.000) 2026-02-10 20:42:41 Image size of job updated: 712340
	691  -  MemoryUsage of job (MB)
	707252  -  ResidentSetSize of job (KB)
...
006 (15950983.167.000) 2026-02-10 20:57:42 Image size of job updated: 712340
	691  -  MemoryUsage of job (MB)
	707356  -  ResidentSetSize of job (KB)
...
006 (15950983.167.000) 2026-02-10 21:07:43 Image size of job updated: 712456
	691  -  MemoryUsage of job (MB)
	707356  -  ResidentSetSize of job (KB)
...
006 (15950983.167.000) 2026-02-10 21:27:44 Image size of job updated: 712456
	692  -  MemoryUsage of job (MB)
	707604  -  ResidentSetSize of job (KB)
...
006 (15950983.167.000) 2026-02-10 21:32:45 Image size of job updated: 712640
	692  -  MemoryUsage of job (MB)
	707700  -  ResidentSetSize of job (KB)
...
006 (15950983.167.000) 2026-02-10 21:47:47 Image size of job updated: 712656
	692  -  MemoryUsage of job (MB)
	707800  -  ResidentSetSize of job (KB)
...
006 (15950983.167.000) 2026-02-10 21:57:48 Image size of job updated: 712708
	692  -  MemoryUsage of job (MB)
	707996  -  ResidentSetSize of job (KB)
...
006 (15950983.167.000) 2026-02-10 22:02:49 Image size of job updated: 712708
	692  -  MemoryUsage of job (MB)
	708156  -  ResidentSetSize of job (KB)
...
006 (15950983.167.000) 2026-02-10 22:07:50 Image size of job updated: 712708
	693  -  MemoryUsage of job (MB)
	708768  -  ResidentSetSize of job (KB)
...
006 (15950983.167.000) 2026-02-10 22:12:50 Image size of job updated: 712708
	694  -  MemoryUsage of job (MB)
	709704  -  ResidentSetSize of job (KB)
...
006 (15950983.167.000) 2026-02-10 22:17:51 Image size of job updated: 714708
	694  -  MemoryUsage of job (MB)
	709924  -  ResidentSetSize of job (KB)
...
006 (15950983.167.000) 2026-02-10 22:32:53 Image size of job updated: 714708
	694  -  MemoryUsage of job (MB)
	709952  -  ResidentSetSize of job (KB)
...
006 (15950983.167.000) 2026-02-10 22:37:54 Image size of job updated: 714708
	694  -  MemoryUsage of job (MB)
	709996  -  ResidentSetSize of job (KB)
...
006 (15950983.167.000) 2026-02-10 22:47:54 Image size of job updated: 714708
	694  -  MemoryUsage of job (MB)
	710028  -  ResidentSetSize of job (KB)
...
006 (15950983.167.000) 2026-02-10 22:57:55 Image size of job updated: 714708
	698  -  MemoryUsage of job (MB)
	713952  -  ResidentSetSize of job (KB)
...
006 (15950983.167.000) 2026-02-10 23:02:55 Image size of job updated: 714708
	698  -  MemoryUsage of job (MB)
	713956  -  ResidentSetSize of job (KB)
...
006 (15950983.167.000) 2026-02-10 23:27:57 Image size of job updated: 715160
	698  -  MemoryUsage of job (MB)
	713956  -  ResidentSetSize of job (KB)
...
006 (15950983.167.000) 2026-02-10 23:58:01 Image size of job updated: 715192
	698  -  MemoryUsage of job (MB)
	713956  -  ResidentSetSize of job (KB)
...
006 (15950983.167.000) 2026-02-11 00:28:04 Image size of job updated: 718928
	703  -  MemoryUsage of job (MB)
	718928  -  ResidentSetSize of job (KB)
...
006 (15950983.167.000) 2026-02-11 00:33:04 Image size of job updated: 719416
	703  -  MemoryUsage of job (MB)
	719416  -  ResidentSetSize of job (KB)
...
006 (15950983.167.000) 2026-02-11 00:38:04 Image size of job updated: 719920
	704  -  MemoryUsage of job (MB)
	719920  -  ResidentSetSize of job (KB)
...
006 (15950983.167.000) 2026-02-11 00:43:05 Image size of job updated: 720208
	704  -  MemoryUsage of job (MB)
	720208  -  ResidentSetSize of job (KB)
...
006 (15950983.167.000) 2026-02-11 00:48:05 Image size of job updated: 720696
	704  -  MemoryUsage of job (MB)
	720696  -  ResidentSetSize of job (KB)
...
006 (15950983.167.000) 2026-02-11 00:53:05 Image size of job updated: 721396
	705  -  MemoryUsage of job (MB)
	721396  -  ResidentSetSize of job (KB)
...
006 (15950983.167.000) 2026-02-11 00:58:06 Image size of job updated: 725312
	705  -  MemoryUsage of job (MB)
	721636  -  ResidentSetSize of job (KB)
...
006 (15950983.167.000) 2026-02-11 01:33:08 Image size of job updated: 725984
	705  -  MemoryUsage of job (MB)
	721676  -  ResidentSetSize of job (KB)
...
006 (15950983.167.000) 2026-02-11 01:48:10 Image size of job updated: 726140
	705  -  MemoryUsage of job (MB)
	721748  -  ResidentSetSize of job (KB)
...
006 (15950983.167.000) 2026-02-11 02:03:12 Image size of job updated: 726420
	706  -  MemoryUsage of job (MB)
	722092  -  ResidentSetSize of job (KB)
...
006 (15950983.167.000) 2026-02-11 02:23:14 Image size of job updated: 726420
	706  -  MemoryUsage of job (MB)
	722436  -  ResidentSetSize of job (KB)
...
006 (15950983.167.000) 2026-02-11 02:43:17 Image size of job updated: 726420
	706  -  MemoryUsage of job (MB)
	722508  -  ResidentSetSize of job (KB)
...
006 (15950983.167.000) 2026-02-11 03:03:19 Image size of job updated: 726420
	706  -  MemoryUsage of job (MB)
	722872  -  ResidentSetSize of job (KB)
...
006 (15950983.167.000) 2026-02-11 03:23:20 Image size of job updated: 726804
	707  -  MemoryUsage of job (MB)
	722964  -  ResidentSetSize of job (KB)
...
