~~~~~~~~~~~~~~~~~~~~~~~~~~~~~~

n_qubits: 120, 
r: 30, 
alpha: 0.01, 
shots: 10000, 
ansatz: structure_like_qubo_YZ_2, 
layer: 1, 
tau: 0.3

time for simulated annealing:  151.66913390159607
Rank 1: Bitstring=001111001000000110111011100001010101100110000101101000110111111110001101111100100110001010001011111001000100001010000001, Decimal=314169099287082685565019701903639169, Energy=-107.1204
Rank 2: Bitstring=001011001000000110111011100001010101100110000101101000110111011110001101111100100110001010001011111001000100001010000001, Decimal=231092349550525442932071008332694145, Energy=-107.0474
Rank 3: Bitstring=001011001000000110111011100000010101100110000001101000110111011110001101111100100110001010001011111001000100001010001001, Decimal=231092348312566514180759254852715145, Energy=-106.9714
Rank 4: Bitstring=001111011000000110111010100001010101100110000101101000110111111110001101111100100110001010001011111001000100001010000001, Decimal=319361316917454998929212604688908929, Energy=-106.7948
Rank 5: Bitstring=001011011000000110111010100001010101100110000101101000110111011110001101111100100110001010001011111001000100001010000001, Decimal=236284567180897756296263911117963905, Energy=-106.7218
Rank 6: Bitstring=001011011000000110111010100000010101100110000001101000110111011110001101111100100110001010001011111001000100001010001001, Decimal=236284565942938827544952157637984905, Energy=-106.6458
Rank 7: Bitstring=001111001000000110111011100011010101100110000101101100110111111110001101111100100110001010001011111001000100101010000001, Decimal=314169101762963059283685431054715521, Energy=-106.4178
Rank 8: Bitstring=001111001000000110111011100001010001100010010101101000110011111110001101111100100010001010101011111001000100001010000001, Decimal=314169099208578060542108427102732929, Energy=-106.209
Rank 9: Bitstring=001011001000000110111011100001010001100010010101101000110011011110001101111100100010001010101011111001000100001010000001, Decimal=231092349472020817909159733531787905, Energy=-106.136
Rank 10: Bitstring=001111011000000110111010100011010101100110000101101100110111111110001101111100100110001010001011111001000100101010000001, Decimal=319361319393335372647878333839985281, Energy=-106.0922

E_min from simulated annealing:  -107.1204
Minimum energy: -107.1204
States with energy within 1e-08 of minimum: [314169099287082685565019701903639169]


################## Start optimization with initial parameters: [0. 0. 0. 0. 0. 0. 0. 0. 0. 0. 0. 0. 0. 0. 0. 0. 0. 0. 0. 0. 0. 0. 0. 0.
 0. 0. 0. 0. 0. 0. 0. 0. 0. 0. 0. 0. 0. 0. 0. 0. 0. 0. 0. 0. 0. 0. 0. 0.
 0. 0. 0. 0. 0. 0. 0. 0. 0. 0. 0. 0. 0. 0. 0. 0. 0. 0. 0. 0. 0. 0. 0. 0.
 0. 0. 0. 0. 0. 0. 0. 0. 0. 0. 0. 0. 0. 0. 0. 0. 0. 0. 0. 0. 0. 0. 0. 0.
 0. 0. 0. 0. 0. 0. 0. 0. 0. 0. 0. 0. 0. 0. 0. 0. 0. 0. 0. 0. 0. 0. 0. 0.
 0. 0. 0. 0. 0. 0. 0. 0. 0. 0. 0. 0. 0. 0. 0. 0. 0. 0. 0. 0. 0. 0. 0. 0.
 0. 0. 0. 0. 0. 0. 0. 0. 0. 0. 0. 0. 0. 0. 0. 0. 0. 0. 0. 0. 0. 0. 0. 0.
 0. 0. 0. 0. 0. 0. 0. 0. 0. 0. 0. 0. 0. 0. 0. 0. 0. 0. 0. 0. 0. 0. 0. 0.
 0. 0. 0. 0. 0. 0. 0. 0. 0. 0. 0. 0. 0. 0. 0. 0. 0. 0. 0. 0. 0. 0. 0. 0.
 0. 0. 0. 0. 0. 0. 0. 0. 0. 0. 0. 0. 0. 0. 0. 0. 0. 0. 0. 0. 0. 0. 0. 0.
 0. 0. 0. 0. 0. 0. 0. 0. 0. 0. 0. 0. 0. 0. 0. 0. 0. 0. 0. 0. 0. 0. 0. 0.
 0. 0. 0. 0. 0. 0. 0. 0. 0. 0. 0. 0. 0. 0. 0. 0. 0. 0. 0. 0. 0. 0. 0. 0.
 0. 0. 0. 0. 0. 0. 0. 0. 0. 0. 0. 0. 0. 0. 0. 0. 0. 0. 0. 0. 0. 0. 0. 0.
 0. 0. 0. 0. 0. 0. 0. 0. 0. 0. 0. 0. 0. 0. 0. 0. 0. 0. 0. 0. 0. 0. 0. 0.
 0. 0. 0. 0. 0. 0. 0. 0. 0. 0. 0. 0. 0. 0. 0. 0. 0. 0. 0. 0. 0. 0. 0. 0.
 0. 0. 0. 0. 0. 0. 0. 0. 0. 0. 0. 0. 0. 0. 0. 0. 0. 0. 0. 0. 0. 0. 0. 0.
 0. 0. 0. 0. 0. 0. 0. 0. 0. 0. 0. 0. 0. 0. 0. 0. 0. 0. 0. 0. 0. 0. 0. 0.
 0. 0. 0. 0. 0. 0. 0. 0. 0. 0. 0. 0. 0. 0. 0. 0. 0. 0. 0. 0. 0. 0. 0. 0.
 0. 0. 0. 0. 0. 0. 0. 0. 0. 0. 0. 0. 0. 0. 0. 0. 0. 0. 0. 0. 0. 0. 0. 0.
 0. 0. 0. 0. 0. 0. 0. 0. 0. 0. 0. 0. 0. 0. 0. 0. 0. 0. 0. 0. 0. 0. 0. 0.]
Write sucessfully to ./data/data_shots_10000_layer_1/alpha_0.01/N_120/r_30/ansatz_type_structure_like_qubo_YZ_2/initialization_zeros

vqe.cvar_eval[0]: -26.827296000000008 , min_cvar: -62.91173600000004 , opt_cvar: -62.91173600000004

vqe.poss_eval[-1]: 0 vqe.poss_eval[0] 0  , max_poss: 0 , opt_poss: 0

vqe.r_eval[-1]: 0.5599172706599308 vqe.r_eval[0]: 0.25044058834731764 max_r: 0.5872993006000728 , min_r: 0.2440770945590198
