000 (15756408.1354.000) 2026-02-06 11:27:01 Job submitted from host: <141.34.103.35:9618?addrs=141.34.103.35-9618+[2001-638-700-f067--1-23]-9618&alias=wgs39.zeuthen.desy.de&noUDP&sock=schedd_7414_f73f>
...
009 (15756408.1354.000) 2026-02-10 11:47:47 Job was aborted.
	via condor_rm (by user tuccia)
...
000 (15951004.903.000) 2026-02-10 16:30:11 Job submitted from host: <141.34.103.35:9618?addrs=141.34.103.35-9618+[2001-638-700-f067--1-23]-9618&alias=wgs39.zeuthen.desy.de&noUDP&sock=schedd_7302_24a3>
...
001 (15951004.903.000) 2026-02-11 04:12:35 Job executing on host: <141.34.15.86:9618?addrs=141.34.15.86-9618+[2001-638-700-f00f--1-56]-9618&alias=genoa10.zeuthen.desy.de&noUDP&sock=startd_10124_cce6>
	SlotName: slot1_39@genoa10.zeuthen.desy.de
	CondorScratchDir = "/batch/dir_864724"
	Cpus = 1
	Disk = 1025681
	GPUs = 0
	Memory = 5120
...
006 (15951004.903.000) 2026-02-11 04:12:49 Image size of job updated: 107352
	105  -  MemoryUsage of job (MB)
	107352  -  ResidentSetSize of job (KB)
...
006 (15951004.903.000) 2026-02-11 04:17:50 Image size of job updated: 738872
	614  -  MemoryUsage of job (MB)
	628136  -  ResidentSetSize of job (KB)
...
006 (15951004.903.000) 2026-02-11 04:22:51 Image size of job updated: 794920
	777  -  MemoryUsage of job (MB)
	794920  -  ResidentSetSize of job (KB)
...
006 (15951004.903.000) 2026-02-11 04:27:51 Image size of job updated: 795160
	777  -  MemoryUsage of job (MB)
	795160  -  ResidentSetSize of job (KB)
...
006 (15951004.903.000) 2026-02-11 04:32:52 Image size of job updated: 795396
	777  -  MemoryUsage of job (MB)
	795396  -  ResidentSetSize of job (KB)
...
006 (15951004.903.000) 2026-02-11 04:37:53 Image size of job updated: 796776
	779  -  MemoryUsage of job (MB)
	796776  -  ResidentSetSize of job (KB)
...
006 (15951004.903.000) 2026-02-11 04:42:53 Image size of job updated: 797004
	779  -  MemoryUsage of job (MB)
	797004  -  ResidentSetSize of job (KB)
...
006 (15951004.903.000) 2026-02-11 04:47:53 Image size of job updated: 797260
	779  -  MemoryUsage of job (MB)
	797260  -  ResidentSetSize of job (KB)
...
006 (15951004.903.000) 2026-02-11 04:52:54 Image size of job updated: 797492
	779  -  MemoryUsage of job (MB)
	797492  -  ResidentSetSize of job (KB)
...
006 (15951004.903.000) 2026-02-11 04:57:54 Image size of job updated: 797736
	780  -  MemoryUsage of job (MB)
	797736  -  ResidentSetSize of job (KB)
...
006 (15951004.903.000) 2026-02-11 05:02:54 Image size of job updated: 797984
	780  -  MemoryUsage of job (MB)
	797984  -  ResidentSetSize of job (KB)
...
006 (15951004.903.000) 2026-02-11 05:07:55 Image size of job updated: 798220
	780  -  MemoryUsage of job (MB)
	798220  -  ResidentSetSize of job (KB)
...
006 (15951004.903.000) 2026-02-11 05:12:55 Image size of job updated: 798460
	780  -  MemoryUsage of job (MB)
	798460  -  ResidentSetSize of job (KB)
...
006 (15951004.903.000) 2026-02-11 05:17:55 Image size of job updated: 798704
	780  -  MemoryUsage of job (MB)
	798704  -  ResidentSetSize of job (KB)
...
006 (15951004.903.000) 2026-02-11 05:22:56 Image size of job updated: 798932
	781  -  MemoryUsage of job (MB)
	798932  -  ResidentSetSize of job (KB)
...
006 (15951004.903.000) 2026-02-11 05:27:56 Image size of job updated: 799172
	781  -  MemoryUsage of job (MB)
	799172  -  ResidentSetSize of job (KB)
...
006 (15951004.903.000) 2026-02-11 05:32:56 Image size of job updated: 849056
	802  -  MemoryUsage of job (MB)
	820640  -  ResidentSetSize of job (KB)
...
006 (15951004.903.000) 2026-02-11 06:48:03 Image size of job updated: 849400
	804  -  MemoryUsage of job (MB)
	823068  -  ResidentSetSize of job (KB)
...
006 (15951004.903.000) 2026-02-11 08:03:13 Image size of job updated: 849400
	827  -  MemoryUsage of job (MB)
	846260  -  ResidentSetSize of job (KB)
...
006 (15951004.903.000) 2026-02-11 08:08:14 Image size of job updated: 850148
	827  -  MemoryUsage of job (MB)
	846260  -  ResidentSetSize of job (KB)
...
006 (15951004.903.000) 2026-02-11 09:23:20 Image size of job updated: 850688
	827  -  MemoryUsage of job (MB)
	846260  -  ResidentSetSize of job (KB)
...
