000 (15756407.1231.000) 2026-02-06 11:26:13 Job submitted from host: <141.34.103.35:9618?addrs=141.34.103.35-9618+[2001-638-700-f067--1-23]-9618&alias=wgs39.zeuthen.desy.de&noUDP&sock=schedd_7414_f73f>
...
009 (15756407.1231.000) 2026-02-10 11:42:44 Job was aborted.
	via condor_rm (by user tuccia)
...
000 (15949294.821.000) 2026-02-10 11:45:21 Job submitted from host: <141.34.103.35:9618?addrs=141.34.103.35-9618+[2001-638-700-f067--1-23]-9618&alias=wgs39.zeuthen.desy.de&noUDP&sock=schedd_7302_24a3>
...
009 (15949294.821.000) 2026-02-10 11:45:47 Job was aborted.
	via condor_rm (by user tuccia)
...
000 (15949295.821.000) 2026-02-10 11:46:05 Job submitted from host: <141.34.103.35:9618?addrs=141.34.103.35-9618+[2001-638-700-f067--1-23]-9618&alias=wgs39.zeuthen.desy.de&noUDP&sock=schedd_7302_24a3>
...
001 (15949295.821.000) 2026-02-14 16:16:49 Job executing on host: <141.34.15.44:9618?addrs=141.34.15.44-9618+[2001-638-700-f00f--1-2c]-9618&alias=pizza15.zeuthen.desy.de&noUDP&sock=startd_9131_af5b>
	SlotName: slot1_7@pizza15.zeuthen.desy.de
	CondorScratchDir = "/batch/dir_3382584"
	Cpus = 8
	Disk = 1025696
	GPUs = 0
	Memory = 16384
...
006 (15949295.821.000) 2026-02-14 16:17:02 Image size of job updated: 109476
	107  -  MemoryUsage of job (MB)
	109476  -  ResidentSetSize of job (KB)
...
006 (15949295.821.000) 2026-02-14 16:22:02 Image size of job updated: 909404
	731  -  MemoryUsage of job (MB)
	747612  -  ResidentSetSize of job (KB)
...
006 (15949295.821.000) 2026-02-14 16:27:03 Image size of job updated: 909404
	731  -  MemoryUsage of job (MB)
	748448  -  ResidentSetSize of job (KB)
...
006 (15949295.821.000) 2026-02-14 16:37:03 Image size of job updated: 909404
	732  -  MemoryUsage of job (MB)
	749296  -  ResidentSetSize of job (KB)
...
006 (15949295.821.000) 2026-02-14 17:22:08 Image size of job updated: 909404
	736  -  MemoryUsage of job (MB)
	752772  -  ResidentSetSize of job (KB)
...
006 (15949295.821.000) 2026-02-14 17:32:09 Image size of job updated: 909404
	746  -  MemoryUsage of job (MB)
	763696  -  ResidentSetSize of job (KB)
...
006 (15949295.821.000) 2026-02-14 17:57:13 Image size of job updated: 909404
	748  -  MemoryUsage of job (MB)
	765444  -  ResidentSetSize of job (KB)
...
006 (15949295.821.000) 2026-02-14 18:02:13 Image size of job updated: 909404
	750  -  MemoryUsage of job (MB)
	767264  -  ResidentSetSize of job (KB)
...
006 (15949295.821.000) 2026-02-14 18:07:14 Image size of job updated: 909404
	750  -  MemoryUsage of job (MB)
	767268  -  ResidentSetSize of job (KB)
...
006 (15949295.821.000) 2026-02-14 18:12:15 Image size of job updated: 909404
	750  -  MemoryUsage of job (MB)
	767748  -  ResidentSetSize of job (KB)
...
006 (15949295.821.000) 2026-02-14 18:17:15 Image size of job updated: 909404
	751  -  MemoryUsage of job (MB)
	768876  -  ResidentSetSize of job (KB)
...
006 (15949295.821.000) 2026-02-14 18:22:16 Image size of job updated: 909404
	754  -  MemoryUsage of job (MB)
	771772  -  ResidentSetSize of job (KB)
...
006 (15949295.821.000) 2026-02-14 18:27:17 Image size of job updated: 909404
	829  -  MemoryUsage of job (MB)
	848084  -  ResidentSetSize of job (KB)
...
006 (15949295.821.000) 2026-02-14 18:32:17 Image size of job updated: 909404
	831  -  MemoryUsage of job (MB)
	850044  -  ResidentSetSize of job (KB)
...
006 (15949295.821.000) 2026-02-14 18:37:18 Image size of job updated: 909404
	832  -  MemoryUsage of job (MB)
	851208  -  ResidentSetSize of job (KB)
...
006 (15949295.821.000) 2026-02-14 18:42:18 Image size of job updated: 909404
	832  -  MemoryUsage of job (MB)
	851596  -  ResidentSetSize of job (KB)
...
006 (15949295.821.000) 2026-02-14 18:47:18 Image size of job updated: 909404
	862  -  MemoryUsage of job (MB)
	882160  -  ResidentSetSize of job (KB)
...
006 (15949295.821.000) 2026-02-14 18:52:19 Image size of job updated: 909404
	863  -  MemoryUsage of job (MB)
	883248  -  ResidentSetSize of job (KB)
...
006 (15949295.821.000) 2026-02-14 18:57:19 Image size of job updated: 909404
	868  -  MemoryUsage of job (MB)
	887936  -  ResidentSetSize of job (KB)
...
006 (15949295.821.000) 2026-02-14 21:07:33 Image size of job updated: 909404
	878  -  MemoryUsage of job (MB)
	899020  -  ResidentSetSize of job (KB)
...
006 (15949295.821.000) 2026-02-14 21:12:34 Image size of job updated: 909404
	879  -  MemoryUsage of job (MB)
	899860  -  ResidentSetSize of job (KB)
...
006 (15949295.821.000) 2026-02-14 21:17:35 Image size of job updated: 909404
	879  -  MemoryUsage of job (MB)
	899900  -  ResidentSetSize of job (KB)
...
006 (15949295.821.000) 2026-02-14 21:32:36 Image size of job updated: 909404
	879  -  MemoryUsage of job (MB)
	900008  -  ResidentSetSize of job (KB)
...
006 (15949295.821.000) 2026-02-14 21:37:36 Image size of job updated: 949800
	928  -  MemoryUsage of job (MB)
	949800  -  ResidentSetSize of job (KB)
...
006 (15949295.821.000) 2026-02-14 21:42:37 Image size of job updated: 954592
	929  -  MemoryUsage of job (MB)
	950524  -  ResidentSetSize of job (KB)
...
006 (15949295.821.000) 2026-02-14 21:52:37 Image size of job updated: 955588
	929  -  MemoryUsage of job (MB)
	950524  -  ResidentSetSize of job (KB)
...
006 (15949295.821.000) 2026-02-14 22:07:39 Image size of job updated: 955792
	929  -  MemoryUsage of job (MB)
	950524  -  ResidentSetSize of job (KB)
...
006 (15949295.821.000) 2026-02-14 22:22:41 Image size of job updated: 956988
	935  -  MemoryUsage of job (MB)
	956988  -  ResidentSetSize of job (KB)
...
006 (15949295.821.000) 2026-02-14 22:27:42 Image size of job updated: 957416
	935  -  MemoryUsage of job (MB)
	957416  -  ResidentSetSize of job (KB)
...
006 (15949295.821.000) 2026-02-14 22:32:42 Image size of job updated: 962084
	936  -  MemoryUsage of job (MB)
	957960  -  ResidentSetSize of job (KB)
...
006 (15949295.821.000) 2026-02-14 22:37:43 Image size of job updated: 962084
	936  -  MemoryUsage of job (MB)
	958064  -  ResidentSetSize of job (KB)
...
006 (15949295.821.000) 2026-02-14 22:42:43 Image size of job updated: 962240
	936  -  MemoryUsage of job (MB)
	958256  -  ResidentSetSize of job (KB)
...
006 (15949295.821.000) 2026-02-14 22:47:43 Image size of job updated: 962872
	936  -  MemoryUsage of job (MB)
	958256  -  ResidentSetSize of job (KB)
...
006 (15949295.821.000) 2026-02-14 22:57:44 Image size of job updated: 962968
	936  -  MemoryUsage of job (MB)
	958256  -  ResidentSetSize of job (KB)
...
006 (15949295.821.000) 2026-02-14 23:07:45 Image size of job updated: 962968
	937  -  MemoryUsage of job (MB)
	958528  -  ResidentSetSize of job (KB)
...
006 (15949295.821.000) 2026-02-14 23:12:45 Image size of job updated: 962968
	939  -  MemoryUsage of job (MB)
	960940  -  ResidentSetSize of job (KB)
...
006 (15949295.821.000) 2026-02-14 23:32:47 Image size of job updated: 963528
	939  -  MemoryUsage of job (MB)
	960940  -  ResidentSetSize of job (KB)
...
006 (15949295.821.000) 2026-02-14 23:52:50 Image size of job updated: 972480
	950  -  MemoryUsage of job (MB)
	972480  -  ResidentSetSize of job (KB)
...
006 (15949295.821.000) 2026-02-14 23:57:50 Image size of job updated: 976528
	950  -  MemoryUsage of job (MB)
	972800  -  ResidentSetSize of job (KB)
...
006 (15949295.821.000) 2026-02-15 00:02:51 Image size of job updated: 976528
	953  -  MemoryUsage of job (MB)
	975832  -  ResidentSetSize of job (KB)
...
006 (15949295.821.000) 2026-02-15 00:07:52 Image size of job updated: 980340
	954  -  MemoryUsage of job (MB)
	976592  -  ResidentSetSize of job (KB)
...
006 (15949295.821.000) 2026-02-15 00:17:53 Image size of job updated: 981072
	954  -  MemoryUsage of job (MB)
	976700  -  ResidentSetSize of job (KB)
...
006 (15949295.821.000) 2026-02-15 00:27:54 Image size of job updated: 981072
	955  -  MemoryUsage of job (MB)
	977052  -  ResidentSetSize of job (KB)
...
006 (15949295.821.000) 2026-02-15 00:32:55 Image size of job updated: 981072
	957  -  MemoryUsage of job (MB)
	979256  -  ResidentSetSize of job (KB)
...
006 (15949295.821.000) 2026-02-15 00:37:56 Image size of job updated: 981332
	957  -  MemoryUsage of job (MB)
	979256  -  ResidentSetSize of job (KB)
...
006 (15949295.821.000) 2026-02-15 00:42:56 Image size of job updated: 981500
	957  -  MemoryUsage of job (MB)
	979256  -  ResidentSetSize of job (KB)
...
006 (15949295.821.000) 2026-02-15 03:33:18 Image size of job updated: 1005492
	982  -  MemoryUsage of job (MB)
	1005492  -  ResidentSetSize of job (KB)
...
006 (15949295.821.000) 2026-02-15 03:38:18 Image size of job updated: 1005648
	983  -  MemoryUsage of job (MB)
	1005648  -  ResidentSetSize of job (KB)
...
006 (15949295.821.000) 2026-02-15 03:43:18 Image size of job updated: 1006640
	984  -  MemoryUsage of job (MB)
	1006640  -  ResidentSetSize of job (KB)
...
006 (15949295.821.000) 2026-02-15 03:48:19 Image size of job updated: 1006880
	984  -  MemoryUsage of job (MB)
	1006880  -  ResidentSetSize of job (KB)
...
006 (15949295.821.000) 2026-02-15 03:53:19 Image size of job updated: 1006932
	984  -  MemoryUsage of job (MB)
	1006932  -  ResidentSetSize of job (KB)
...
006 (15949295.821.000) 2026-02-15 04:03:20 Image size of job updated: 1007136
	984  -  MemoryUsage of job (MB)
	1007136  -  ResidentSetSize of job (KB)
...
006 (15949295.821.000) 2026-02-15 04:23:21 Image size of job updated: 1007264
	984  -  MemoryUsage of job (MB)
	1007264  -  ResidentSetSize of job (KB)
...
006 (15949295.821.000) 2026-02-15 04:28:21 Image size of job updated: 1007392
	984  -  MemoryUsage of job (MB)
	1007392  -  ResidentSetSize of job (KB)
...
006 (15949295.821.000) 2026-02-15 04:33:22 Image size of job updated: 1007396
	984  -  MemoryUsage of job (MB)
	1007396  -  ResidentSetSize of job (KB)
...
006 (15949295.821.000) 2026-02-15 05:13:24 Image size of job updated: 1007448
	984  -  MemoryUsage of job (MB)
	1007448  -  ResidentSetSize of job (KB)
...
006 (15949295.821.000) 2026-02-15 05:23:25 Image size of job updated: 1007648
	985  -  MemoryUsage of job (MB)
	1007648  -  ResidentSetSize of job (KB)
...
006 (15949295.821.000) 2026-02-15 05:53:27 Image size of job updated: 1007888
	985  -  MemoryUsage of job (MB)
	1007888  -  ResidentSetSize of job (KB)
...
006 (15949295.821.000) 2026-02-15 05:58:27 Image size of job updated: 1007904
	985  -  MemoryUsage of job (MB)
	1007904  -  ResidentSetSize of job (KB)
...
006 (15949295.821.000) 2026-02-15 06:08:28 Image size of job updated: 1007908
	985  -  MemoryUsage of job (MB)
	1007908  -  ResidentSetSize of job (KB)
...
006 (15949295.821.000) 2026-02-15 06:23:29 Image size of job updated: 1007952
	985  -  MemoryUsage of job (MB)
	1007952  -  ResidentSetSize of job (KB)
...
006 (15949295.821.000) 2026-02-15 06:28:29 Image size of job updated: 1008160
	985  -  MemoryUsage of job (MB)
	1008160  -  ResidentSetSize of job (KB)
...
006 (15949295.821.000) 2026-02-15 06:48:31 Image size of job updated: 1008220
	985  -  MemoryUsage of job (MB)
	1008220  -  ResidentSetSize of job (KB)
...
006 (15949295.821.000) 2026-02-15 06:58:31 Image size of job updated: 1008416
	985  -  MemoryUsage of job (MB)
	1008416  -  ResidentSetSize of job (KB)
...
006 (15949295.821.000) 2026-02-15 07:33:34 Image size of job updated: 1008472
	985  -  MemoryUsage of job (MB)
	1008472  -  ResidentSetSize of job (KB)
...
006 (15949295.821.000) 2026-02-15 07:43:34 Image size of job updated: 1008672
	985  -  MemoryUsage of job (MB)
	1008472  -  ResidentSetSize of job (KB)
...
006 (15949295.821.000) 2026-02-15 07:53:35 Image size of job updated: 1008672
	985  -  MemoryUsage of job (MB)
	1008560  -  ResidentSetSize of job (KB)
...
006 (15949295.821.000) 2026-02-15 08:03:36 Image size of job updated: 1008672
	986  -  MemoryUsage of job (MB)
	1008672  -  ResidentSetSize of job (KB)
...
006 (15949295.821.000) 2026-02-15 08:33:40 Image size of job updated: 1008684
	986  -  MemoryUsage of job (MB)
	1008684  -  ResidentSetSize of job (KB)
...
006 (15949295.821.000) 2026-02-15 08:43:41 Image size of job updated: 1008928
	986  -  MemoryUsage of job (MB)
	1008928  -  ResidentSetSize of job (KB)
...
006 (15949295.821.000) 2026-02-15 08:48:42 Image size of job updated: 1009064
	986  -  MemoryUsage of job (MB)
	1009064  -  ResidentSetSize of job (KB)
...
006 (15949295.821.000) 2026-02-15 08:58:43 Image size of job updated: 1009184
	986  -  MemoryUsage of job (MB)
	1009184  -  ResidentSetSize of job (KB)
...
006 (15949295.821.000) 2026-02-15 09:38:48 Image size of job updated: 1009304
	986  -  MemoryUsage of job (MB)
	1009304  -  ResidentSetSize of job (KB)
...
006 (15949295.821.000) 2026-02-15 09:48:50 Image size of job updated: 1009440
	986  -  MemoryUsage of job (MB)
	1009440  -  ResidentSetSize of job (KB)
...
006 (15949295.821.000) 2026-02-15 09:58:51 Image size of job updated: 1009508
	986  -  MemoryUsage of job (MB)
	1009508  -  ResidentSetSize of job (KB)
...
006 (15949295.821.000) 2026-02-15 10:08:52 Image size of job updated: 1009696
	987  -  MemoryUsage of job (MB)
	1009696  -  ResidentSetSize of job (KB)
...
006 (15949295.821.000) 2026-02-15 10:23:54 Image size of job updated: 1009752
	987  -  MemoryUsage of job (MB)
	1009752  -  ResidentSetSize of job (KB)
...
006 (15949295.821.000) 2026-02-15 10:33:56 Image size of job updated: 1009952
	987  -  MemoryUsage of job (MB)
	1009952  -  ResidentSetSize of job (KB)
...
006 (15949295.821.000) 2026-02-15 11:39:04 Image size of job updated: 1010124
	987  -  MemoryUsage of job (MB)
	1010124  -  ResidentSetSize of job (KB)
...
006 (15949295.821.000) 2026-02-15 11:49:06 Image size of job updated: 1010248
	987  -  MemoryUsage of job (MB)
	1010248  -  ResidentSetSize of job (KB)
...
006 (15949295.821.000) 2026-02-15 12:04:08 Image size of job updated: 1010464
	987  -  MemoryUsage of job (MB)
	1010464  -  ResidentSetSize of job (KB)
...
006 (15949295.821.000) 2026-02-15 13:09:16 Image size of job updated: 1010684
	987  -  MemoryUsage of job (MB)
	1010684  -  ResidentSetSize of job (KB)
...
006 (15949295.821.000) 2026-02-15 13:19:18 Image size of job updated: 1010800
	988  -  MemoryUsage of job (MB)
	1010800  -  ResidentSetSize of job (KB)
...
006 (15949295.821.000) 2026-02-15 13:29:19 Image size of job updated: 1010976
	988  -  MemoryUsage of job (MB)
	1010976  -  ResidentSetSize of job (KB)
...
006 (15949295.821.000) 2026-02-15 14:14:25 Image size of job updated: 1010996
	988  -  MemoryUsage of job (MB)
	1010996  -  ResidentSetSize of job (KB)
...
006 (15949295.821.000) 2026-02-15 14:24:26 Image size of job updated: 1011232
	988  -  MemoryUsage of job (MB)
	1011232  -  ResidentSetSize of job (KB)
...
006 (15949295.821.000) 2026-02-15 14:49:30 Image size of job updated: 1011308
	988  -  MemoryUsage of job (MB)
	1011308  -  ResidentSetSize of job (KB)
...
006 (15949295.821.000) 2026-02-15 14:54:30 Image size of job updated: 1019184
	996  -  MemoryUsage of job (MB)
	1019184  -  ResidentSetSize of job (KB)
...
006 (15949295.821.000) 2026-02-15 14:59:31 Image size of job updated: 1019736
	996  -  MemoryUsage of job (MB)
	1019736  -  ResidentSetSize of job (KB)
...
006 (15949295.821.000) 2026-02-15 15:39:36 Image size of job updated: 1019740
	996  -  MemoryUsage of job (MB)
	1019740  -  ResidentSetSize of job (KB)
...
006 (15949295.821.000) 2026-02-15 15:49:38 Image size of job updated: 1019808
	996  -  MemoryUsage of job (MB)
	1019808  -  ResidentSetSize of job (KB)
...
006 (15949295.821.000) 2026-02-15 15:59:39 Image size of job updated: 1019992
	997  -  MemoryUsage of job (MB)
	1019992  -  ResidentSetSize of job (KB)
...
006 (15949295.821.000) 2026-02-15 16:14:41 Image size of job updated: 1020016
	997  -  MemoryUsage of job (MB)
	1020016  -  ResidentSetSize of job (KB)
...
006 (15949295.821.000) 2026-02-15 16:24:42 Image size of job updated: 1020248
	997  -  MemoryUsage of job (MB)
	1020248  -  ResidentSetSize of job (KB)
...
006 (15949295.821.000) 2026-02-15 16:49:45 Image size of job updated: 1020364
	997  -  MemoryUsage of job (MB)
	1020364  -  ResidentSetSize of job (KB)
...
006 (15949295.821.000) 2026-02-15 16:59:46 Image size of job updated: 1020504
	997  -  MemoryUsage of job (MB)
	1020364  -  ResidentSetSize of job (KB)
...
006 (15949295.821.000) 2026-02-15 20:00:05 Image size of job updated: 1020916
	997  -  MemoryUsage of job (MB)
	1020916  -  ResidentSetSize of job (KB)
...
006 (15949295.821.000) 2026-02-15 20:05:05 Image size of job updated: 1021116
	998  -  MemoryUsage of job (MB)
	1021116  -  ResidentSetSize of job (KB)
...
006 (15949295.821.000) 2026-02-15 20:10:05 Image size of job updated: 1021384
	998  -  MemoryUsage of job (MB)
	1021384  -  ResidentSetSize of job (KB)
...
006 (15949295.821.000) 2026-02-15 23:15:18 Image size of job updated: 1028584
	1005  -  MemoryUsage of job (MB)
	1028584  -  ResidentSetSize of job (KB)
...
006 (15949295.821.000) 2026-02-15 23:20:19 Image size of job updated: 1029060
	1005  -  MemoryUsage of job (MB)
	1029060  -  ResidentSetSize of job (KB)
...
006 (15949295.821.000) 2026-02-15 23:35:21 Image size of job updated: 1029112
	1005  -  MemoryUsage of job (MB)
	1029112  -  ResidentSetSize of job (KB)
...
006 (15949295.821.000) 2026-02-16 00:25:27 Image size of job updated: 1029180
	1006  -  MemoryUsage of job (MB)
	1029180  -  ResidentSetSize of job (KB)
...
006 (15949295.821.000) 2026-02-16 00:35:28 Image size of job updated: 1029368
	1006  -  MemoryUsage of job (MB)
	1029368  -  ResidentSetSize of job (KB)
...
006 (15949295.821.000) 2026-02-16 00:50:29 Image size of job updated: 1029404
	1006  -  MemoryUsage of job (MB)
	1029404  -  ResidentSetSize of job (KB)
...
006 (15949295.821.000) 2026-02-16 01:00:30 Image size of job updated: 1029624
	1006  -  MemoryUsage of job (MB)
	1029624  -  ResidentSetSize of job (KB)
...
006 (15949295.821.000) 2026-02-16 02:15:36 Image size of job updated: 1029792
	1006  -  MemoryUsage of job (MB)
	1029792  -  ResidentSetSize of job (KB)
...
006 (15949295.821.000) 2026-02-16 02:25:37 Image size of job updated: 1029900
	1006  -  MemoryUsage of job (MB)
	1029900  -  ResidentSetSize of job (KB)
...
006 (15949295.821.000) 2026-02-16 02:30:38 Image size of job updated: 1042304
	1018  -  MemoryUsage of job (MB)
	1042304  -  ResidentSetSize of job (KB)
...
006 (15949295.821.000) 2026-02-16 02:35:39 Image size of job updated: 1042892
	1019  -  MemoryUsage of job (MB)
	1042892  -  ResidentSetSize of job (KB)
...
006 (15949295.821.000) 2026-02-16 02:40:39 Image size of job updated: 1043232
	1019  -  MemoryUsage of job (MB)
	1042912  -  ResidentSetSize of job (KB)
...
006 (15949295.821.000) 2026-02-16 02:45:41 Image size of job updated: 1043344
	1019  -  MemoryUsage of job (MB)
	1043344  -  ResidentSetSize of job (KB)
...
006 (15949295.821.000) 2026-02-16 02:50:41 Image size of job updated: 1043604
	1020  -  MemoryUsage of job (MB)
	1043604  -  ResidentSetSize of job (KB)
...
006 (15949295.821.000) 2026-02-16 03:30:44 Image size of job updated: 1043632
	1020  -  MemoryUsage of job (MB)
	1043632  -  ResidentSetSize of job (KB)
...
006 (15949295.821.000) 2026-02-16 03:40:44 Image size of job updated: 1043860
	1020  -  MemoryUsage of job (MB)
	1043860  -  ResidentSetSize of job (KB)
...
006 (15949295.821.000) 2026-02-16 04:05:47 Image size of job updated: 1043932
	1020  -  MemoryUsage of job (MB)
	1043932  -  ResidentSetSize of job (KB)
...
006 (15949295.821.000) 2026-02-16 04:15:49 Image size of job updated: 1044116
	1020  -  MemoryUsage of job (MB)
	1044116  -  ResidentSetSize of job (KB)
...
006 (15949295.821.000) 2026-02-16 04:25:50 Image size of job updated: 1044180
	1020  -  MemoryUsage of job (MB)
	1044180  -  ResidentSetSize of job (KB)
...
006 (15949295.821.000) 2026-02-16 04:40:52 Image size of job updated: 1044372
	1020  -  MemoryUsage of job (MB)
	1044372  -  ResidentSetSize of job (KB)
...
006 (15949295.821.000) 2026-02-16 05:45:57 Image size of job updated: 1044552
	1021  -  MemoryUsage of job (MB)
	1044552  -  ResidentSetSize of job (KB)
...
006 (15949295.821.000) 2026-02-16 05:55:58 Image size of job updated: 1044676
	1021  -  MemoryUsage of job (MB)
	1044676  -  ResidentSetSize of job (KB)
...
006 (15949295.821.000) 2026-02-16 06:05:58 Image size of job updated: 1044884
	1021  -  MemoryUsage of job (MB)
	1044884  -  ResidentSetSize of job (KB)
...
006 (15949295.821.000) 2026-02-16 06:51:03 Image size of job updated: 1044908
	1021  -  MemoryUsage of job (MB)
	1044908  -  ResidentSetSize of job (KB)
...
006 (15949295.821.000) 2026-02-16 07:01:04 Image size of job updated: 1045140
	1021  -  MemoryUsage of job (MB)
	1045140  -  ResidentSetSize of job (KB)
...
006 (15949295.821.000) 2026-02-16 07:46:10 Image size of job updated: 1045260
	1021  -  MemoryUsage of job (MB)
	1045260  -  ResidentSetSize of job (KB)
...
006 (15949295.821.000) 2026-02-16 07:56:11 Image size of job updated: 1045396
	1021  -  MemoryUsage of job (MB)
	1045396  -  ResidentSetSize of job (KB)
...
006 (15949295.821.000) 2026-02-16 08:51:15 Image size of job updated: 1045480
	1021  -  MemoryUsage of job (MB)
	1045480  -  ResidentSetSize of job (KB)
...
006 (15949295.821.000) 2026-02-16 09:01:15 Image size of job updated: 1045856
	1022  -  MemoryUsage of job (MB)
	1045856  -  ResidentSetSize of job (KB)
...
006 (15949295.821.000) 2026-02-16 09:11:16 Image size of job updated: 1045908
	1022  -  MemoryUsage of job (MB)
	1045856  -  ResidentSetSize of job (KB)
...
006 (15949295.821.000) 2026-02-16 09:21:17 Image size of job updated: 1045908
	1022  -  MemoryUsage of job (MB)
	1045880  -  ResidentSetSize of job (KB)
...
021 (15949295.821.000) 2026-02-16 16:16:54 Error from starter on slot1_7@pizza15.zeuthen.desy.de:
	runtime exceeded maximum (target.Runtime seconds)
	Code 21 Subcode 103
...
004 (15949295.821.000) 2026-02-16 16:16:54 Job was evicted.
	(0) CPU times
		Usr 11 06:56:21, Sys 0 01:52:14  -  Run Remote Usage
		Usr 0 00:00:00, Sys 0 00:00:00  -  Run Local Usage
	0  -  Run Bytes Sent By Job
	0  -  Run Bytes Received By Job
	Error from slot1_7@pizza15.zeuthen.desy.de: runtime exceeded maximum (target.Runtime seconds)
	Partitionable Resources :     Usage  Request Allocated 
	   Cpus                 :      0.97        8         8 
	   Disk (KB)            :      1     1024000   1025696 
	   GPUs                 :                            0 
	   Memory (MB)          :   1022       16384     16384 
	   TimeSlotBusy (s)     : 172805                       
...
012 (15949295.821.000) 2026-02-16 16:16:54 Job was held.
	Error from slot1_7@pizza15.zeuthen.desy.de: runtime exceeded maximum (target.Runtime seconds)
	Code 21 Subcode 103
...
009 (15949295.821.000) 2026-02-16 17:16:26 Job was aborted.
	via condor_rm (by user tuccia)
...
