000 (15756407.1470.000) 2026-02-06 11:26:14 Job submitted from host: <141.34.103.35:9618?addrs=141.34.103.35-9618+[2001-638-700-f067--1-23]-9618&alias=wgs39.zeuthen.desy.de&noUDP&sock=schedd_7414_f73f>
...
009 (15756407.1470.000) 2026-02-10 11:42:46 Job was aborted.
	via condor_rm (by user tuccia)
...
000 (15949294.980.000) 2026-02-10 11:45:22 Job submitted from host: <141.34.103.35:9618?addrs=141.34.103.35-9618+[2001-638-700-f067--1-23]-9618&alias=wgs39.zeuthen.desy.de&noUDP&sock=schedd_7302_24a3>
...
009 (15949294.980.000) 2026-02-10 11:45:47 Job was aborted.
	via condor_rm (by user tuccia)
...
000 (15949295.980.000) 2026-02-10 11:46:05 Job submitted from host: <141.34.103.35:9618?addrs=141.34.103.35-9618+[2001-638-700-f067--1-23]-9618&alias=wgs39.zeuthen.desy.de&noUDP&sock=schedd_7302_24a3>
...
001 (15949295.980.000) 2026-02-16 05:59:32 Job executing on host: <141.34.15.178:9618?addrs=141.34.15.178-9618+[2001-638-700-f00f--1-b2]-9618&alias=genoa03.zeuthen.desy.de&noUDP&sock=startd_10467_11e2>
	SlotName: slot1_6@genoa03.zeuthen.desy.de
	CondorScratchDir = "/batch/dir_1502181"
	Cpus = 8
	Disk = 1025697
	GPUs = 0
	Memory = 16384
...
006 (15949295.980.000) 2026-02-16 05:59:45 Image size of job updated: 107428
	105  -  MemoryUsage of job (MB)
	107428  -  ResidentSetSize of job (KB)
...
006 (15949295.980.000) 2026-02-16 06:04:45 Image size of job updated: 651028
	578  -  MemoryUsage of job (MB)
	591852  -  ResidentSetSize of job (KB)
...
006 (15949295.980.000) 2026-02-16 06:09:46 Image size of job updated: 651028
	595  -  MemoryUsage of job (MB)
	608440  -  ResidentSetSize of job (KB)
...
006 (15949295.980.000) 2026-02-16 06:14:46 Image size of job updated: 651028
	620  -  MemoryUsage of job (MB)
	634580  -  ResidentSetSize of job (KB)
...
006 (15949295.980.000) 2026-02-16 06:19:46 Image size of job updated: 685944
	670  -  MemoryUsage of job (MB)
	685944  -  ResidentSetSize of job (KB)
...
006 (15949295.980.000) 2026-02-16 06:24:47 Image size of job updated: 724228
	708  -  MemoryUsage of job (MB)
	724228  -  ResidentSetSize of job (KB)
...
006 (15949295.980.000) 2026-02-16 06:34:47 Image size of job updated: 821328
	803  -  MemoryUsage of job (MB)
	821328  -  ResidentSetSize of job (KB)
...
006 (15949295.980.000) 2026-02-16 07:09:50 Image size of job updated: 821480
	803  -  MemoryUsage of job (MB)
	821328  -  ResidentSetSize of job (KB)
...
006 (15949295.980.000) 2026-02-16 07:14:50 Image size of job updated: 822036
	803  -  MemoryUsage of job (MB)
	821328  -  ResidentSetSize of job (KB)
...
006 (15949295.980.000) 2026-02-16 07:44:53 Image size of job updated: 846880
	828  -  MemoryUsage of job (MB)
	846880  -  ResidentSetSize of job (KB)
...
006 (15949295.980.000) 2026-02-16 07:49:54 Image size of job updated: 849996
	831  -  MemoryUsage of job (MB)
	849996  -  ResidentSetSize of job (KB)
...
006 (15949295.980.000) 2026-02-16 10:30:10 Image size of job updated: 958920
	903  -  MemoryUsage of job (MB)
	923688  -  ResidentSetSize of job (KB)
...
006 (15949295.980.000) 2026-02-16 10:35:10 Image size of job updated: 958952
	903  -  MemoryUsage of job (MB)
	923712  -  ResidentSetSize of job (KB)
...
006 (15949295.980.000) 2026-02-16 10:40:11 Image size of job updated: 960908
	904  -  MemoryUsage of job (MB)
	925380  -  ResidentSetSize of job (KB)
...
006 (15949295.980.000) 2026-02-16 10:45:11 Image size of job updated: 960908
	917  -  MemoryUsage of job (MB)
	938792  -  ResidentSetSize of job (KB)
...
006 (15949295.980.000) 2026-02-16 10:50:12 Image size of job updated: 963664
	929  -  MemoryUsage of job (MB)
	950768  -  ResidentSetSize of job (KB)
...
006 (15949295.980.000) 2026-02-16 10:55:12 Image size of job updated: 964008
	933  -  MemoryUsage of job (MB)
	954384  -  ResidentSetSize of job (KB)
...
006 (15949295.980.000) 2026-02-16 11:20:15 Image size of job updated: 964008
	934  -  MemoryUsage of job (MB)
	955900  -  ResidentSetSize of job (KB)
...
006 (15949295.980.000) 2026-02-16 11:25:15 Image size of job updated: 964008
	939  -  MemoryUsage of job (MB)
	961100  -  ResidentSetSize of job (KB)
...
006 (15949295.980.000) 2026-02-16 11:50:18 Image size of job updated: 964008
	942  -  MemoryUsage of job (MB)
	963912  -  ResidentSetSize of job (KB)
...
006 (15949295.980.000) 2026-02-16 12:05:19 Image size of job updated: 964012
	942  -  MemoryUsage of job (MB)
	963912  -  ResidentSetSize of job (KB)
...
006 (15949295.980.000) 2026-02-16 12:15:20 Image size of job updated: 964628
	942  -  MemoryUsage of job (MB)
	963912  -  ResidentSetSize of job (KB)
...
006 (15949295.980.000) 2026-02-16 12:25:21 Image size of job updated: 964788
	943  -  MemoryUsage of job (MB)
	964788  -  ResidentSetSize of job (KB)
...
006 (15949295.980.000) 2026-02-16 12:40:23 Image size of job updated: 965028
	943  -  MemoryUsage of job (MB)
	964788  -  ResidentSetSize of job (KB)
...
006 (15949295.980.000) 2026-02-16 12:50:24 Image size of job updated: 965060
	943  -  MemoryUsage of job (MB)
	964788  -  ResidentSetSize of job (KB)
...
006 (15949295.980.000) 2026-02-16 12:55:25 Image size of job updated: 965060
	943  -  MemoryUsage of job (MB)
	964824  -  ResidentSetSize of job (KB)
...
006 (15949295.980.000) 2026-02-16 13:25:28 Image size of job updated: 965180
	943  -  MemoryUsage of job (MB)
	965180  -  ResidentSetSize of job (KB)
...
006 (15949295.980.000) 2026-02-16 13:50:30 Image size of job updated: 965348
	943  -  MemoryUsage of job (MB)
	965180  -  ResidentSetSize of job (KB)
...
006 (15949295.980.000) 2026-02-16 14:00:30 Image size of job updated: 965348
	943  -  MemoryUsage of job (MB)
	965256  -  ResidentSetSize of job (KB)
...
006 (15949295.980.000) 2026-02-16 14:25:33 Image size of job updated: 965380
	943  -  MemoryUsage of job (MB)
	965256  -  ResidentSetSize of job (KB)
...
006 (15949295.980.000) 2026-02-16 15:05:37 Image size of job updated: 965400
	943  -  MemoryUsage of job (MB)
	965256  -  ResidentSetSize of job (KB)
...
006 (15949295.980.000) 2026-02-16 15:50:40 Image size of job updated: 965400
	943  -  MemoryUsage of job (MB)
	965372  -  ResidentSetSize of job (KB)
...
006 (15949295.980.000) 2026-02-16 16:35:46 Image size of job updated: 965680
	943  -  MemoryUsage of job (MB)
	965372  -  ResidentSetSize of job (KB)
...
006 (15949295.980.000) 2026-02-16 16:50:47 Image size of job updated: 965792
	943  -  MemoryUsage of job (MB)
	965372  -  ResidentSetSize of job (KB)
...
006 (15949295.980.000) 2026-02-16 17:10:49 Image size of job updated: 965792
	943  -  MemoryUsage of job (MB)
	965452  -  ResidentSetSize of job (KB)
...
006 (15949295.980.000) 2026-02-16 17:15:49 Image size of job updated: 965792
	944  -  MemoryUsage of job (MB)
	965640  -  ResidentSetSize of job (KB)
...
004 (15949295.980.000) 2026-02-16 17:16:26 Job was evicted.
	(0) CPU times
		Usr 1 07:09:10, Sys 0 00:55:39  -  Run Remote Usage
		Usr 0 00:00:00, Sys 0 00:00:00  -  Run Local Usage
	0  -  Run Bytes Sent By Job
	0  -  Run Bytes Received By Job
	Partitionable Resources :    Usage  Request Allocated 
	   Cpus                 :     7.92        8         8 
	   Disk (KB)            :     1     1024000   1025697 
	   GPUs                 :                           0 
	   Memory (MB)          :   944       16384     16384 
	   TimeExecute (s)      : 40613                       
	   TimeSlotBusy (s)     : 40614                       
...
009 (15949295.980.000) 2026-02-16 17:16:26 Job was aborted.
	via condor_rm (by user tuccia)
...
000 (16309093.190.000) 2026-02-18 10:41:48 Job submitted from host: <141.34.103.35:9618?addrs=141.34.103.35-9618+[2001-638-700-f067--1-23]-9618&alias=wgs39.zeuthen.desy.de&noUDP&sock=schedd_7302_24a3>
...
001 (16309093.190.000) 2026-02-18 10:42:04 Job executing on host: <141.34.14.233:9618?addrs=141.34.14.233-9618+[2001-638-700-f00e--1-e9]-9618&alias=pascal06.zeuthen.desy.de&noUDP&sock=startd_12925_0dac>
	SlotName: slot1_12@pascal06.zeuthen.desy.de
	AvailableGPUs = {  }
	CondorScratchDir = "/batch/dir_88870"
	Cpus = 1
	Disk = 1025109
	GPUs = 0
	Memory = 5120
...
006 (16309093.190.000) 2026-02-18 10:42:17 Image size of job updated: 107264
	105  -  MemoryUsage of job (MB)
	107264  -  ResidentSetSize of job (KB)
...
006 (16309093.190.000) 2026-02-18 10:47:17 Image size of job updated: 1044968
	586  -  MemoryUsage of job (MB)
	599584  -  ResidentSetSize of job (KB)
...
006 (16309093.190.000) 2026-02-18 11:32:23 Image size of job updated: 1044968
	588  -  MemoryUsage of job (MB)
	601748  -  ResidentSetSize of job (KB)
...
006 (16309093.190.000) 2026-02-18 11:37:23 Image size of job updated: 1044968
	602  -  MemoryUsage of job (MB)
	615952  -  ResidentSetSize of job (KB)
...
006 (16309093.190.000) 2026-02-18 11:42:24 Image size of job updated: 1044968
	604  -  MemoryUsage of job (MB)
	617668  -  ResidentSetSize of job (KB)
...
006 (16309093.190.000) 2026-02-18 11:47:24 Image size of job updated: 1044968
	604  -  MemoryUsage of job (MB)
	617920  -  ResidentSetSize of job (KB)
...
006 (16309093.190.000) 2026-02-18 12:12:27 Image size of job updated: 1044968
	604  -  MemoryUsage of job (MB)
	617988  -  ResidentSetSize of job (KB)
...
006 (16309093.190.000) 2026-02-18 12:32:30 Image size of job updated: 1044968
	609  -  MemoryUsage of job (MB)
	622664  -  ResidentSetSize of job (KB)
...
006 (16309093.190.000) 2026-02-18 12:37:30 Image size of job updated: 1044968
	609  -  MemoryUsage of job (MB)
	623060  -  ResidentSetSize of job (KB)
...
006 (16309093.190.000) 2026-02-18 12:42:30 Image size of job updated: 1044968
	609  -  MemoryUsage of job (MB)
	623380  -  ResidentSetSize of job (KB)
...
006 (16309093.190.000) 2026-02-18 13:12:33 Image size of job updated: 1044968
	617  -  MemoryUsage of job (MB)
	631484  -  ResidentSetSize of job (KB)
...
006 (16309093.190.000) 2026-02-18 13:17:34 Image size of job updated: 1044968
	617  -  MemoryUsage of job (MB)
	631780  -  ResidentSetSize of job (KB)
...
006 (16309093.190.000) 2026-02-18 13:22:35 Image size of job updated: 1044968
	617  -  MemoryUsage of job (MB)
	631792  -  ResidentSetSize of job (KB)
...
006 (16309093.190.000) 2026-02-18 14:22:41 Image size of job updated: 1044968
	622  -  MemoryUsage of job (MB)
	636028  -  ResidentSetSize of job (KB)
...
006 (16309093.190.000) 2026-02-18 14:27:42 Image size of job updated: 1044968
	622  -  MemoryUsage of job (MB)
	636248  -  ResidentSetSize of job (KB)
...
006 (16309093.190.000) 2026-02-18 14:37:43 Image size of job updated: 1044968
	622  -  MemoryUsage of job (MB)
	636320  -  ResidentSetSize of job (KB)
...
006 (16309093.190.000) 2026-02-18 15:27:47 Image size of job updated: 1044968
	623  -  MemoryUsage of job (MB)
	637416  -  ResidentSetSize of job (KB)
...
006 (16309093.190.000) 2026-02-18 15:32:48 Image size of job updated: 1044968
	624  -  MemoryUsage of job (MB)
	638164  -  ResidentSetSize of job (KB)
...
006 (16309093.190.000) 2026-02-18 16:37:55 Image size of job updated: 1044968
	632  -  MemoryUsage of job (MB)
	646756  -  ResidentSetSize of job (KB)
...
006 (16309093.190.000) 2026-02-18 16:42:56 Image size of job updated: 1044968
	632  -  MemoryUsage of job (MB)
	646820  -  ResidentSetSize of job (KB)
...
006 (16309093.190.000) 2026-02-18 16:47:57 Image size of job updated: 1044968
	632  -  MemoryUsage of job (MB)
	647012  -  ResidentSetSize of job (KB)
...
006 (16309093.190.000) 2026-02-18 16:52:57 Image size of job updated: 1044968
	632  -  MemoryUsage of job (MB)
	647072  -  ResidentSetSize of job (KB)
...
006 (16309093.190.000) 2026-02-19 00:13:45 Image size of job updated: 1044968
	634  -  MemoryUsage of job (MB)
	648236  -  ResidentSetSize of job (KB)
...
006 (16309093.190.000) 2026-02-19 00:18:45 Image size of job updated: 1044968
	634  -  MemoryUsage of job (MB)
	648372  -  ResidentSetSize of job (KB)
...
006 (16309093.190.000) 2026-02-19 19:45:51 Image size of job updated: 1044968
	650  -  MemoryUsage of job (MB)
	665536  -  ResidentSetSize of job (KB)
...
006 (16309093.190.000) 2026-02-19 19:50:51 Image size of job updated: 1044968
	651  -  MemoryUsage of job (MB)
	665712  -  ResidentSetSize of job (KB)
...
006 (16309093.190.000) 2026-02-19 19:55:51 Image size of job updated: 1044968
	651  -  MemoryUsage of job (MB)
	665832  -  ResidentSetSize of job (KB)
...
006 (16309093.190.000) 2026-02-19 20:20:53 Image size of job updated: 1044968
	653  -  MemoryUsage of job (MB)
	667732  -  ResidentSetSize of job (KB)
...
006 (16309093.190.000) 2026-02-19 20:25:53 Image size of job updated: 1044968
	653  -  MemoryUsage of job (MB)
	667856  -  ResidentSetSize of job (KB)
...
006 (16309093.190.000) 2026-02-19 20:30:54 Image size of job updated: 1044968
	653  -  MemoryUsage of job (MB)
	668008  -  ResidentSetSize of job (KB)
...
006 (16309093.190.000) 2026-02-19 20:35:54 Image size of job updated: 1044968
	653  -  MemoryUsage of job (MB)
	668040  -  ResidentSetSize of job (KB)
...
006 (16309093.190.000) 2026-02-19 21:00:57 Image size of job updated: 1044968
	654  -  MemoryUsage of job (MB)
	668972  -  ResidentSetSize of job (KB)
...
006 (16309093.190.000) 2026-02-19 21:05:58 Image size of job updated: 1044968
	654  -  MemoryUsage of job (MB)
	669140  -  ResidentSetSize of job (KB)
...
006 (16309093.190.000) 2026-02-19 21:10:58 Image size of job updated: 1044968
	654  -  MemoryUsage of job (MB)
	669276  -  ResidentSetSize of job (KB)
...
006 (16309093.190.000) 2026-02-20 01:36:26 Image size of job updated: 1044968
	654  -  MemoryUsage of job (MB)
	669288  -  ResidentSetSize of job (KB)
...
006 (16309093.190.000) 2026-02-20 02:16:30 Image size of job updated: 1044968
	654  -  MemoryUsage of job (MB)
	669436  -  ResidentSetSize of job (KB)
...
006 (16309093.190.000) 2026-02-20 02:56:34 Image size of job updated: 1044968
	654  -  MemoryUsage of job (MB)
	669456  -  ResidentSetSize of job (KB)
...
006 (16309093.190.000) 2026-02-20 03:31:37 Image size of job updated: 1044968
	654  -  MemoryUsage of job (MB)
	669548  -  ResidentSetSize of job (KB)
...
006 (16309093.190.000) 2026-02-20 03:36:38 Image size of job updated: 1044968
	654  -  MemoryUsage of job (MB)
	669628  -  ResidentSetSize of job (KB)
...
022 (16309093.190.000) 2026-02-20 03:44:36 Job disconnected, attempting to reconnect
    Local schedd and job shadow died, schedd now running again
    Trying to reconnect to slot1_12@pascal06.zeuthen.desy.de <141.34.14.233:9618?addrs=141.34.14.233-9618+[2001-638-700-f00e--1-e9]-9618&alias=pascal06.zeuthen.desy.de&noUDP&sock=startd_12925_0dac>
...
023 (16309093.190.000) 2026-02-20 03:44:44 Job reconnected to slot1_12@pascal06.zeuthen.desy.de
    startd address: <141.34.14.233:9618?addrs=141.34.14.233-9618+[2001-638-700-f00e--1-e9]-9618&alias=pascal06.zeuthen.desy.de&noUDP&sock=startd_12925_0dac>
    starter address: <141.34.14.233:9618?addrs=141.34.14.233-9618+[2001-638-700-f00e--1-e9]-9618&alias=pascal06.zeuthen.desy.de&noUDP&sock=slot1_12_13838_df6c_7140>
...
021 (16309093.190.000) 2026-02-20 10:42:09 Error from starter on slot1_12@pascal06.zeuthen.desy.de:
	runtime exceeded maximum (target.Runtime seconds)
	Code 21 Subcode 103
...
004 (16309093.190.000) 2026-02-20 10:42:09 Job was evicted.
	(0) CPU times
		Usr 1 23:42:02, Sys 0 00:00:15  -  Run Remote Usage
		Usr 0 00:00:00, Sys 0 00:00:00  -  Run Local Usage
	0  -  Run Bytes Sent By Job
	0  -  Run Bytes Received By Job
	Error from slot1_12@pascal06.zeuthen.desy.de: runtime exceeded maximum (target.Runtime seconds)
	Partitionable Resources :         Usage  Request Allocated 
	   Cpus                 :          1.00        1         1 
	   Disk (KB)            :          1     1024000   1025109 
	   Memory (MB)          :        733        5120      5120 
	   TimeSlotBusy (s)     : 1771580529                       
...
012 (16309093.190.000) 2026-02-20 10:42:09 Job was held.
	Error from slot1_12@pascal06.zeuthen.desy.de: runtime exceeded maximum (target.Runtime seconds)
	Code 21 Subcode 103
...
009 (16309093.190.000) 2026-02-23 19:28:58 Job was aborted.
	via condor_rm (by user tuccia)
...
000 (16619873.190.000) 2026-02-23 19:31:49 Job submitted from host: <141.34.103.35:9618?addrs=141.34.103.35-9618+[2001-638-700-f067--1-23]-9618&alias=wgs39.zeuthen.desy.de&noUDP&sock=schedd_7302_24a3>
...
001 (16619873.190.000) 2026-02-23 19:31:50 Job executing on host: <141.34.103.53:9618?addrs=141.34.103.53-9618+[2001-638-700-f067--1-35]-9618&alias=wgs43.zeuthen.desy.de&noUDP&sock=startd_9361_7223>
	SlotName: slot1_11@wgs43.zeuthen.desy.de
	CondorScratchDir = "/batch/dir_650531"
	Cpus = 1
	Disk = 1025025
	GPUs = 0
	Memory = 5120
...
006 (16619873.190.000) 2026-02-23 19:32:04 Image size of job updated: 109368
	107  -  MemoryUsage of job (MB)
	109368  -  ResidentSetSize of job (KB)
...
006 (16619873.190.000) 2026-02-23 19:37:05 Image size of job updated: 676392
	588  -  MemoryUsage of job (MB)
	601908  -  ResidentSetSize of job (KB)
...
006 (16619873.190.000) 2026-02-23 20:22:09 Image size of job updated: 676392
	597  -  MemoryUsage of job (MB)
	610504  -  ResidentSetSize of job (KB)
...
006 (16619873.190.000) 2026-02-23 20:32:09 Image size of job updated: 676392
	625  -  MemoryUsage of job (MB)
	639100  -  ResidentSetSize of job (KB)
...
006 (16619873.190.000) 2026-02-23 20:37:10 Image size of job updated: 676392
	625  -  MemoryUsage of job (MB)
	639732  -  ResidentSetSize of job (KB)
...
006 (16619873.190.000) 2026-02-23 23:12:24 Image size of job updated: 676392
	636  -  MemoryUsage of job (MB)
	650592  -  ResidentSetSize of job (KB)
...
006 (16619873.190.000) 2026-02-23 23:22:25 Image size of job updated: 676392
	636  -  MemoryUsage of job (MB)
	650600  -  ResidentSetSize of job (KB)
...
006 (16619873.190.000) 2026-02-23 23:27:25 Image size of job updated: 676392
	636  -  MemoryUsage of job (MB)
	650624  -  ResidentSetSize of job (KB)
...
006 (16619873.190.000) 2026-02-23 23:47:27 Image size of job updated: 676392
	636  -  MemoryUsage of job (MB)
	650760  -  ResidentSetSize of job (KB)
...
006 (16619873.190.000) 2026-02-23 23:57:27 Image size of job updated: 676392
	638  -  MemoryUsage of job (MB)
	653168  -  ResidentSetSize of job (KB)
...
006 (16619873.190.000) 2026-02-24 00:02:28 Image size of job updated: 676392
	639  -  MemoryUsage of job (MB)
	653792  -  ResidentSetSize of job (KB)
...
006 (16619873.190.000) 2026-02-24 00:07:28 Image size of job updated: 676392
	639  -  MemoryUsage of job (MB)
	653892  -  ResidentSetSize of job (KB)
...
006 (16619873.190.000) 2026-02-24 03:52:51 Image size of job updated: 676392
	639  -  MemoryUsage of job (MB)
	653976  -  ResidentSetSize of job (KB)
...
022 (16619873.190.000) 2026-02-24 08:04:13 Job disconnected, attempting to reconnect
    Local schedd and job shadow died, schedd now running again
    Trying to reconnect to slot1_11@wgs43.zeuthen.desy.de <141.34.103.53:9618?addrs=141.34.103.53-9618+[2001-638-700-f067--1-35]-9618&alias=wgs43.zeuthen.desy.de&noUDP&sock=startd_9361_7223>
...
023 (16619873.190.000) 2026-02-24 08:04:23 Job reconnected to slot1_11@wgs43.zeuthen.desy.de
    startd address: <141.34.103.53:9618?addrs=141.34.103.53-9618+[2001-638-700-f067--1-35]-9618&alias=wgs43.zeuthen.desy.de&noUDP&sock=startd_9361_7223>
    starter address: <141.34.103.53:9618?addrs=141.34.103.53-9618+[2001-638-700-f067--1-35]-9618&alias=wgs43.zeuthen.desy.de&noUDP&sock=slot1_11_9987_7eaf_3120>
...
005 (16619873.190.000) 2026-02-27 10:05:04 Job terminated.
	(1) Normal termination (return value 0)
		Usr 3 13:48:27, Sys 0 00:00:19  -  Run Remote Usage
		Usr 0 00:00:00, Sys 0 00:00:00  -  Run Local Usage
		Usr 4 01:54:52, Sys 0 00:00:22  -  Total Remote Usage
		Usr 0 00:00:00, Sys 0 00:00:00  -  Total Local Usage
	0  -  Run Bytes Sent By Job
	0  -  Run Bytes Received By Job
	0  -  Total Bytes Sent By Job
	0  -  Total Bytes Received By Job
	Partitionable Resources :         Usage  Request Allocated 
	   Cpus                 :          0.99        1         1 
	   Disk (KB)            :          1     1024000   1025025 
	   Memory (MB)          :        733        5120      5120 
	   TimeExecute (s)      : 1772183104                       
	   TimeSlotBusy (s)     : 1772183104                       

	Job terminated of its own accord at 2026-02-27T09:05:04Z with exit-code 0.
...
