000 (15756408.1380.000) 2026-02-06 11:27:01 Job submitted from host: <141.34.103.35:9618?addrs=141.34.103.35-9618+[2001-638-700-f067--1-23]-9618&alias=wgs39.zeuthen.desy.de&noUDP&sock=schedd_7414_f73f>
...
009 (15756408.1380.000) 2026-02-10 11:47:48 Job was aborted.
	via condor_rm (by user tuccia)
...
000 (15951004.920.000) 2026-02-10 16:30:11 Job submitted from host: <141.34.103.35:9618?addrs=141.34.103.35-9618+[2001-638-700-f067--1-23]-9618&alias=wgs39.zeuthen.desy.de&noUDP&sock=schedd_7302_24a3>
...
001 (15951004.920.000) 2026-02-11 04:12:35 Job executing on host: <141.34.15.49:9618?addrs=141.34.15.49-9618+[2001-638-700-f00f--1-31]-9618&alias=pizza20.zeuthen.desy.de&noUDP&sock=startd_9146_f947>
	SlotName: slot1_40@pizza20.zeuthen.desy.de
	CondorScratchDir = "/batch/dir_2731636"
	Cpus = 1
	Disk = 1025696
	GPUs = 0
	Memory = 5120
...
006 (15951004.920.000) 2026-02-11 04:12:49 Image size of job updated: 109360
	107  -  MemoryUsage of job (MB)
	109360  -  ResidentSetSize of job (KB)
...
006 (15951004.920.000) 2026-02-11 04:17:50 Image size of job updated: 944260
	604  -  MemoryUsage of job (MB)
	617840  -  ResidentSetSize of job (KB)
...
006 (15951004.920.000) 2026-02-11 04:22:51 Image size of job updated: 944260
	622  -  MemoryUsage of job (MB)
	636268  -  ResidentSetSize of job (KB)
...
006 (15951004.920.000) 2026-02-11 04:27:51 Image size of job updated: 944260
	664  -  MemoryUsage of job (MB)
	679480  -  ResidentSetSize of job (KB)
...
006 (15951004.920.000) 2026-02-11 04:32:52 Image size of job updated: 944260
	664  -  MemoryUsage of job (MB)
	679692  -  ResidentSetSize of job (KB)
...
006 (15951004.920.000) 2026-02-11 04:37:53 Image size of job updated: 944260
	667  -  MemoryUsage of job (MB)
	682628  -  ResidentSetSize of job (KB)
...
006 (15951004.920.000) 2026-02-11 04:52:55 Image size of job updated: 944260
	667  -  MemoryUsage of job (MB)
	682632  -  ResidentSetSize of job (KB)
...
006 (15951004.920.000) 2026-02-11 05:38:01 Image size of job updated: 944260
	669  -  MemoryUsage of job (MB)
	684888  -  ResidentSetSize of job (KB)
...
006 (15951004.920.000) 2026-02-11 07:08:09 Image size of job updated: 944260
	669  -  MemoryUsage of job (MB)
	684896  -  ResidentSetSize of job (KB)
...
006 (15951004.920.000) 2026-02-11 07:28:10 Image size of job updated: 944260
	669  -  MemoryUsage of job (MB)
	684908  -  ResidentSetSize of job (KB)
...
006 (15951004.920.000) 2026-02-11 07:43:12 Image size of job updated: 944260
	669  -  MemoryUsage of job (MB)
	684916  -  ResidentSetSize of job (KB)
...
006 (15951004.920.000) 2026-02-11 08:18:16 Image size of job updated: 944260
	669  -  MemoryUsage of job (MB)
	684928  -  ResidentSetSize of job (KB)
...
006 (15951004.920.000) 2026-02-11 09:48:24 Image size of job updated: 944260
	669  -  MemoryUsage of job (MB)
	684988  -  ResidentSetSize of job (KB)
...
