~~~~~~~~~~~~~~~~~~~~~~~~~~~~~~

n_qubits: 150, 
r: 90, 
alpha: 0.001, 
shots: 100000, 
ansatz: linear_cnot, 
layer: 1, 
tau: 0.3

time for simulated annealing:  121.36257147789001
Rank 1: Bitstring=101010000010011110111101010101011101000110111101001111001100000001111110011100100111100111010000110010100100000000110101111100000101111100110101010101, Decimal=937496749986309817149317477073217061490511189, Energy=-130.1612
Rank 2: Bitstring=101010000010011110111101010101011101000110111101001111001100000001111110011100100111100111010000110010100100000010110101111100000101101100110101010101, Decimal=937496749986309817149317477073217198929399125, Energy=-130.117
Rank 3: Bitstring=101010000010011110111101010101011101000110111101001111001000000001111110011100100111100111010000110010100100100000110101101100000101111100110101010101, Decimal=937496749986309812197557319931698160648834389, Energy=-130.1088
Rank 4: Bitstring=101010000010011110101101010101011101000110111101001111001100010001111110011100100111110101011000110010100100000000110100111100000101111110010101010101, Decimal=937495388856842133704948649681148654640424277, Energy=-130.097
Rank 5: Bitstring=101010000010011110111101010101011101000110111101001111001000000001111110011100100111100111010000110010100100100010110101101100000101101100110101010101, Decimal=937496749986309812197557319931698298087722325, Energy=-130.0646
Rank 6: Bitstring=101010000010011110101101010101011101000110111101001111001100010001111110011100100111110101011000110010100100000010110100111100000101101110010101010101, Decimal=937495388856842133704948649681148792079312213, Energy=-130.0528
Rank 7: Bitstring=101010000010011110101101010101011101000110111101001111001000010001111110011100100111110101011000110010100100100000110100101100000101111110010101010101, Decimal=937495388856842128753188492539629753798747477, Energy=-130.0446
Rank 8: Bitstring=101011000010011110111110010101011100000110111101001111011000001001111110000101100111100010110010111010100100100010110101001100000101101100110111010101, Decimal=959797580234662998101244107431661288692305365, Energy=-130.015
Rank 9: Bitstring=101010000010011110101101010101011101000110111101001111001000010001111110011100100111110101011000110010100100100010110100101100000101101110010101010101, Decimal=937495388856842128753188492539629891237635413, Energy=-130.0004
Rank 10: Bitstring=101010000010011110111101010101011101000110111101001111001100000001111110011100100111100111010001110010100100000000111101111100000101111100110101010101, Decimal=937496749986309817149317477091231468589927765, Energy=-129.9858

E_min from simulated annealing:  -130.1612
Minimum energy: -130.1612
States with energy within 1e-08 of minimum: [937496749986309817149317477073217061490511189]
4


################## Start optimization with initial parameters: [0. 0. 0. 0. 0. 0. 0. 0. 0. 0. 0. 0. 0. 0. 0. 0. 0. 0. 0. 0. 0. 0. 0. 0.
 0. 0. 0. 0. 0. 0. 0. 0. 0. 0. 0. 0. 0. 0. 0. 0. 0. 0. 0. 0. 0. 0. 0. 0.
 0. 0. 0. 0. 0. 0. 0. 0. 0. 0. 0. 0. 0. 0. 0. 0. 0. 0. 0. 0. 0. 0. 0. 0.
 0. 0. 0. 0. 0. 0. 0. 0. 0. 0. 0. 0. 0. 0. 0. 0. 0. 0. 0. 0. 0. 0. 0. 0.
 0. 0. 0. 0. 0. 0. 0. 0. 0. 0. 0. 0. 0. 0. 0. 0. 0. 0. 0. 0. 0. 0. 0. 0.
 0. 0. 0. 0. 0. 0. 0. 0. 0. 0. 0. 0. 0. 0. 0. 0. 0. 0. 0. 0. 0. 0. 0. 0.
 0. 0. 0. 0. 0. 0. 0. 0. 0. 0. 0. 0. 0. 0. 0. 0. 0. 0. 0. 0. 0. 0. 0. 0.
 0. 0. 0. 0. 0. 0. 0. 0. 0. 0. 0. 0. 0. 0. 0. 0. 0. 0. 0. 0. 0. 0. 0. 0.
 0. 0. 0. 0. 0. 0. 0. 0. 0. 0. 0. 0. 0. 0. 0. 0. 0. 0. 0. 0. 0. 0. 0. 0.
 0. 0. 0. 0. 0. 0. 0. 0. 0. 0. 0. 0. 0. 0. 0. 0. 0. 0. 0. 0. 0. 0. 0. 0.
 0. 0. 0. 0. 0. 0. 0. 0. 0. 0. 0. 0. 0. 0. 0. 0. 0. 0. 0. 0. 0. 0. 0. 0.
 0. 0. 0. 0. 0. 0. 0. 0. 0. 0. 0. 0. 0. 0. 0. 0. 0. 0. 0. 0. 0. 0. 0. 0.
 0. 0. 0. 0. 0. 0. 0. 0. 0. 0. 0. 0. 0. 0. 0. 0. 0. 0. 0. 0. 0. 0. 0. 0.
 0. 0. 0. 0. 0. 0. 0. 0. 0. 0. 0. 0. 0. 0. 0. 0. 0. 0. 0. 0. 0. 0. 0. 0.
 0. 0. 0. 0. 0. 0. 0. 0. 0. 0. 0. 0. 0. 0. 0. 0. 0. 0. 0. 0. 0. 0. 0. 0.
 0. 0. 0. 0. 0. 0. 0. 0. 0. 0. 0. 0. 0. 0. 0. 0. 0. 0. 0. 0. 0. 0. 0. 0.
 0. 0. 0. 0. 0. 0. 0. 0. 0. 0. 0. 0. 0. 0. 0. 0. 0. 0. 0. 0. 0. 0. 0. 0.
 0. 0. 0. 0. 0. 0. 0. 0. 0. 0. 0. 0. 0. 0. 0. 0. 0. 0. 0. 0. 0. 0. 0. 0.
 0. 0. 0. 0. 0. 0. 0. 0. 0. 0. 0. 0. 0. 0. 0. 0. 0. 0. 0. 0. 0. 0. 0. 0.
 0. 0. 0. 0. 0. 0. 0. 0. 0. 0. 0. 0. 0. 0. 0. 0. 0. 0. 0. 0. 0. 0. 0. 0.
 0. 0. 0. 0. 0. 0. 0. 0. 0. 0. 0. 0. 0. 0. 0. 0. 0. 0. 0. 0. 0. 0. 0. 0.
 0. 0. 0. 0. 0. 0. 0. 0. 0. 0. 0. 0. 0. 0. 0. 0. 0. 0. 0. 0. 0. 0. 0. 0.
 0. 0. 0. 0. 0. 0. 0. 0. 0. 0. 0. 0. 0. 0. 0. 0. 0. 0. 0. 0. 0. 0. 0. 0.
 0. 0. 0. 0. 0. 0. 0. 0. 0. 0. 0. 0. 0. 0. 0. 0. 0. 0. 0. 0. 0. 0. 0. 0.
 0. 0. 0. 0. 0. 0. 0. 0. 0. 0. 0. 0. 0. 0. 0. 0. 0. 0. 0. 0. 0. 0. 0. 0.]
Write sucessfully to ./data/data_shots_100000_layer_1/alpha_0.001/N_150/r_90/ansatz_type_linear_cnot/initialization_zeros

vqe.cvar_eval[0]: -38.23490799999993 , min_cvar: -66.38197599999988 , opt_cvar: -66.38197599999988

vqe.poss_eval[-1]: 0 vqe.poss_eval[0] 0  , max_poss: 0 , opt_poss: 0

vqe.r_eval[-1]: 0.49508438766698465 vqe.r_eval[0]: 0.2937504263943474 max_r: 0.5099981868636727 , min_r: 0.2891552474931079
