000 (15756404.1352.000) 2026-02-06 11:24:38 Job submitted from host: <141.34.103.35:9618?addrs=141.34.103.35-9618+[2001-638-700-f067--1-23]-9618&alias=wgs39.zeuthen.desy.de&noUDP&sock=schedd_7414_f73f>
...
001 (15756404.1352.000) 2026-02-07 20:50:39 Job executing on host: <141.34.15.38:9618?addrs=141.34.15.38-9618+[2001-638-700-f00f--1-26]-9618&alias=pizza09.zeuthen.desy.de&noUDP&sock=startd_8238_2948>
	SlotName: slot1_7@pizza09.zeuthen.desy.de
	CondorScratchDir = "/batch/dir_1365388"
	Cpus = 8
	Disk = 1025696
	GPUs = 0
	Memory = 16384
...
006 (15756404.1352.000) 2026-02-07 20:50:52 Image size of job updated: 109520
	107  -  MemoryUsage of job (MB)
	109520  -  ResidentSetSize of job (KB)
...
006 (15756404.1352.000) 2026-02-07 20:55:52 Image size of job updated: 2303808
	2250  -  MemoryUsage of job (MB)
	2303808  -  ResidentSetSize of job (KB)
...
006 (15756404.1352.000) 2026-02-07 21:00:52 Image size of job updated: 2340696
	2286  -  MemoryUsage of job (MB)
	2340696  -  ResidentSetSize of job (KB)
...
006 (15756404.1352.000) 2026-02-07 21:05:53 Image size of job updated: 2362088
	2307  -  MemoryUsage of job (MB)
	2362088  -  ResidentSetSize of job (KB)
...
006 (15756404.1352.000) 2026-02-07 21:10:53 Image size of job updated: 2366860
	2307  -  MemoryUsage of job (MB)
	2362088  -  ResidentSetSize of job (KB)
...
006 (15756404.1352.000) 2026-02-07 21:15:53 Image size of job updated: 2368984
	2307  -  MemoryUsage of job (MB)
	2362088  -  ResidentSetSize of job (KB)
...
006 (15756404.1352.000) 2026-02-07 21:20:54 Image size of job updated: 2370696
	2307  -  MemoryUsage of job (MB)
	2362088  -  ResidentSetSize of job (KB)
...
006 (15756404.1352.000) 2026-02-07 21:25:54 Image size of job updated: 2371408
	2307  -  MemoryUsage of job (MB)
	2362088  -  ResidentSetSize of job (KB)
...
006 (15756404.1352.000) 2026-02-07 21:30:54 Image size of job updated: 2371584
	2307  -  MemoryUsage of job (MB)
	2362088  -  ResidentSetSize of job (KB)
...
006 (15756404.1352.000) 2026-02-07 21:35:56 Image size of job updated: 2373468
	2316  -  MemoryUsage of job (MB)
	2371424  -  ResidentSetSize of job (KB)
...
006 (15756404.1352.000) 2026-02-07 21:40:56 Image size of job updated: 2374180
	2316  -  MemoryUsage of job (MB)
	2371424  -  ResidentSetSize of job (KB)
...
006 (15756404.1352.000) 2026-02-07 21:50:57 Image size of job updated: 2374696
	2316  -  MemoryUsage of job (MB)
	2371424  -  ResidentSetSize of job (KB)
...
006 (15756404.1352.000) 2026-02-07 22:11:00 Image size of job updated: 2374788
	2316  -  MemoryUsage of job (MB)
	2371424  -  ResidentSetSize of job (KB)
...
006 (15756404.1352.000) 2026-02-07 22:16:00 Image size of job updated: 2374836
	2316  -  MemoryUsage of job (MB)
	2371424  -  ResidentSetSize of job (KB)
...
006 (15756404.1352.000) 2026-02-07 22:46:04 Image size of job updated: 2375588
	2316  -  MemoryUsage of job (MB)
	2371424  -  ResidentSetSize of job (KB)
...
006 (15756404.1352.000) 2026-02-07 23:01:06 Image size of job updated: 2376008
	2316  -  MemoryUsage of job (MB)
	2371424  -  ResidentSetSize of job (KB)
...
006 (15756404.1352.000) 2026-02-07 23:11:07 Image size of job updated: 2377828
	2316  -  MemoryUsage of job (MB)
	2371424  -  ResidentSetSize of job (KB)
...
006 (15756404.1352.000) 2026-02-07 23:16:07 Image size of job updated: 2377828
	2321  -  MemoryUsage of job (MB)
	2375792  -  ResidentSetSize of job (KB)
...
006 (15756404.1352.000) 2026-02-07 23:21:07 Image size of job updated: 2378304
	2321  -  MemoryUsage of job (MB)
	2375792  -  ResidentSetSize of job (KB)
...
006 (15756404.1352.000) 2026-02-07 23:26:08 Image size of job updated: 2378736
	2321  -  MemoryUsage of job (MB)
	2375792  -  ResidentSetSize of job (KB)
...
006 (15756404.1352.000) 2026-02-07 23:31:08 Image size of job updated: 2378856
	2321  -  MemoryUsage of job (MB)
	2375792  -  ResidentSetSize of job (KB)
...
006 (15756404.1352.000) 2026-02-08 00:16:14 Image size of job updated: 2379324
	2321  -  MemoryUsage of job (MB)
	2375792  -  ResidentSetSize of job (KB)
...
006 (15756404.1352.000) 2026-02-08 00:26:15 Image size of job updated: 2379324
	2322  -  MemoryUsage of job (MB)
	2377316  -  ResidentSetSize of job (KB)
...
006 (15756404.1352.000) 2026-02-08 00:31:16 Image size of job updated: 2379816
	2322  -  MemoryUsage of job (MB)
	2377316  -  ResidentSetSize of job (KB)
...
006 (15756404.1352.000) 2026-02-08 04:16:41 Image size of job updated: 2380136
	2322  -  MemoryUsage of job (MB)
	2377316  -  ResidentSetSize of job (KB)
...
006 (15756404.1352.000) 2026-02-08 04:36:43 Image size of job updated: 2380184
	2322  -  MemoryUsage of job (MB)
	2377316  -  ResidentSetSize of job (KB)
...
006 (15756404.1352.000) 2026-02-08 04:41:43 Image size of job updated: 2380480
	2322  -  MemoryUsage of job (MB)
	2377316  -  ResidentSetSize of job (KB)
...
006 (15756404.1352.000) 2026-02-08 05:01:45 Image size of job updated: 2380568
	2322  -  MemoryUsage of job (MB)
	2377316  -  ResidentSetSize of job (KB)
...
006 (15756404.1352.000) 2026-02-08 05:11:47 Image size of job updated: 2380652
	2322  -  MemoryUsage of job (MB)
	2377316  -  ResidentSetSize of job (KB)
...
006 (15756404.1352.000) 2026-02-08 05:21:48 Image size of job updated: 2380732
	2322  -  MemoryUsage of job (MB)
	2377316  -  ResidentSetSize of job (KB)
...
006 (15756404.1352.000) 2026-02-08 05:31:49 Image size of job updated: 2380756
	2322  -  MemoryUsage of job (MB)
	2377316  -  ResidentSetSize of job (KB)
...
006 (15756404.1352.000) 2026-02-08 05:41:51 Image size of job updated: 2381008
	2322  -  MemoryUsage of job (MB)
	2377316  -  ResidentSetSize of job (KB)
...
006 (15756404.1352.000) 2026-02-08 05:56:53 Image size of job updated: 2381436
	2322  -  MemoryUsage of job (MB)
	2377316  -  ResidentSetSize of job (KB)
...
006 (15756404.1352.000) 2026-02-08 06:21:54 Image size of job updated: 2381804
	2322  -  MemoryUsage of job (MB)
	2377316  -  ResidentSetSize of job (KB)
...
006 (15756404.1352.000) 2026-02-08 06:36:55 Image size of job updated: 2382016
	2322  -  MemoryUsage of job (MB)
	2377316  -  ResidentSetSize of job (KB)
...
006 (15756404.1352.000) 2026-02-08 06:51:56 Image size of job updated: 2382216
	2322  -  MemoryUsage of job (MB)
	2377316  -  ResidentSetSize of job (KB)
...
006 (15756404.1352.000) 2026-02-08 07:06:58 Image size of job updated: 2382612
	2322  -  MemoryUsage of job (MB)
	2377316  -  ResidentSetSize of job (KB)
...
006 (15756404.1352.000) 2026-02-08 07:37:02 Image size of job updated: 2382824
	2322  -  MemoryUsage of job (MB)
	2377316  -  ResidentSetSize of job (KB)
...
006 (15756404.1352.000) 2026-02-08 11:47:26 Image size of job updated: 2382824
	2326  -  MemoryUsage of job (MB)
	2381172  -  ResidentSetSize of job (KB)
...
006 (15756404.1352.000) 2026-02-08 11:52:26 Image size of job updated: 2382824
	2326  -  MemoryUsage of job (MB)
	2381176  -  ResidentSetSize of job (KB)
...
006 (15756404.1352.000) 2026-02-08 14:07:42 Image size of job updated: 2382880
	2326  -  MemoryUsage of job (MB)
	2381176  -  ResidentSetSize of job (KB)
...
006 (15756404.1352.000) 2026-02-08 14:42:44 Image size of job updated: 2383500
	2326  -  MemoryUsage of job (MB)
	2381176  -  ResidentSetSize of job (KB)
...
006 (15756404.1352.000) 2026-02-08 14:52:45 Image size of job updated: 2383548
	2326  -  MemoryUsage of job (MB)
	2381176  -  ResidentSetSize of job (KB)
...
006 (15756404.1352.000) 2026-02-08 14:57:46 Image size of job updated: 2383728
	2326  -  MemoryUsage of job (MB)
	2381176  -  ResidentSetSize of job (KB)
...
006 (15756404.1352.000) 2026-02-09 07:49:27 Image size of job updated: 2383864
	2326  -  MemoryUsage of job (MB)
	2381176  -  ResidentSetSize of job (KB)
...
006 (15756404.1352.000) 2026-02-09 15:50:12 Image size of job updated: 2383864
	2326  -  MemoryUsage of job (MB)
	2381524  -  ResidentSetSize of job (KB)
...
006 (15756404.1352.000) 2026-02-09 15:55:12 Image size of job updated: 2383864
	2326  -  MemoryUsage of job (MB)
	2381528  -  ResidentSetSize of job (KB)
...
006 (15756404.1352.000) 2026-02-09 16:15:15 Image size of job updated: 2383904
	2326  -  MemoryUsage of job (MB)
	2381528  -  ResidentSetSize of job (KB)
...
021 (15756404.1352.000) 2026-02-09 20:50:39 Error from starter on slot1_7@pizza09.zeuthen.desy.de:
	runtime exceeded maximum (target.Runtime seconds)
	Code 21 Subcode 103
...
004 (15756404.1352.000) 2026-02-09 20:50:39 Job was evicted.
	(0) CPU times
		Usr 4 05:41:35, Sys 1 07:37:31  -  Run Remote Usage
		Usr 0 00:00:00, Sys 0 00:00:00  -  Run Local Usage
	0  -  Run Bytes Sent By Job
	0  -  Run Bytes Received By Job
	Error from slot1_7@pizza09.zeuthen.desy.de: runtime exceeded maximum (target.Runtime seconds)
	Partitionable Resources :     Usage  Request Allocated 
	   Cpus                 :      0.99        8         8 
	   Disk (KB)            :      1     1024000   1025696 
	   GPUs                 :                            0 
	   Memory (MB)          :   2326       16384     16384 
	   TimeSlotBusy (s)     : 172801                       
...
012 (15756404.1352.000) 2026-02-09 20:50:39 Job was held.
	Error from slot1_7@pizza09.zeuthen.desy.de: runtime exceeded maximum (target.Runtime seconds)
	Code 21 Subcode 103
...
009 (15756404.1352.000) 2026-02-10 11:42:28 Job was aborted.
	via condor_rm (by user tuccia)
...
