000 (15756404.1486.000) 2026-02-06 11:24:38 Job submitted from host: <141.34.103.35:9618?addrs=141.34.103.35-9618+[2001-638-700-f067--1-23]-9618&alias=wgs39.zeuthen.desy.de&noUDP&sock=schedd_7414_f73f>
...
001 (15756404.1486.000) 2026-02-08 14:30:21 Job executing on host: <141.34.15.51:9618?addrs=141.34.15.51-9618+[2001-638-700-f00f--1-33]-9618&alias=pizza22.zeuthen.desy.de&noUDP&sock=startd_8302_0f58>
	SlotName: slot1_5@pizza22.zeuthen.desy.de
	CondorScratchDir = "/batch/dir_830680"
	Cpus = 8
	Disk = 1025696
	GPUs = 0
	Memory = 16384
...
006 (15756404.1486.000) 2026-02-08 14:30:34 Image size of job updated: 109424
	107  -  MemoryUsage of job (MB)
	109424  -  ResidentSetSize of job (KB)
...
006 (15756404.1486.000) 2026-02-08 14:35:34 Image size of job updated: 760332
	743  -  MemoryUsage of job (MB)
	760332  -  ResidentSetSize of job (KB)
...
006 (15756404.1486.000) 2026-02-08 14:40:35 Image size of job updated: 763472
	743  -  MemoryUsage of job (MB)
	760332  -  ResidentSetSize of job (KB)
...
006 (15756404.1486.000) 2026-02-08 14:45:36 Image size of job updated: 764216
	744  -  MemoryUsage of job (MB)
	761228  -  ResidentSetSize of job (KB)
...
006 (15756404.1486.000) 2026-02-08 14:50:36 Image size of job updated: 765432
	746  -  MemoryUsage of job (MB)
	763360  -  ResidentSetSize of job (KB)
...
006 (15756404.1486.000) 2026-02-08 14:55:37 Image size of job updated: 765636
	746  -  MemoryUsage of job (MB)
	763360  -  ResidentSetSize of job (KB)
...
006 (15756404.1486.000) 2026-02-08 15:05:38 Image size of job updated: 765636
	748  -  MemoryUsage of job (MB)
	765464  -  ResidentSetSize of job (KB)
...
006 (15756404.1486.000) 2026-02-08 15:10:39 Image size of job updated: 766088
	748  -  MemoryUsage of job (MB)
	765468  -  ResidentSetSize of job (KB)
...
006 (15756404.1486.000) 2026-02-08 15:15:40 Image size of job updated: 767460
	748  -  MemoryUsage of job (MB)
	765468  -  ResidentSetSize of job (KB)
...
006 (15756404.1486.000) 2026-02-08 15:20:40 Image size of job updated: 768364
	748  -  MemoryUsage of job (MB)
	765468  -  ResidentSetSize of job (KB)
...
006 (15756404.1486.000) 2026-02-08 15:25:40 Image size of job updated: 768556
	748  -  MemoryUsage of job (MB)
	765468  -  ResidentSetSize of job (KB)
...
006 (15756404.1486.000) 2026-02-08 15:55:42 Image size of job updated: 768768
	748  -  MemoryUsage of job (MB)
	765468  -  ResidentSetSize of job (KB)
...
006 (15756404.1486.000) 2026-02-08 16:15:45 Image size of job updated: 768768
	749  -  MemoryUsage of job (MB)
	766520  -  ResidentSetSize of job (KB)
...
006 (15756404.1486.000) 2026-02-08 16:20:46 Image size of job updated: 768768
	750  -  MemoryUsage of job (MB)
	767736  -  ResidentSetSize of job (KB)
...
006 (15756404.1486.000) 2026-02-08 16:25:46 Image size of job updated: 769336
	752  -  MemoryUsage of job (MB)
	769336  -  ResidentSetSize of job (KB)
...
006 (15756404.1486.000) 2026-02-08 16:30:47 Image size of job updated: 769592
	752  -  MemoryUsage of job (MB)
	769336  -  ResidentSetSize of job (KB)
...
006 (15756404.1486.000) 2026-02-08 17:30:53 Image size of job updated: 769728
	752  -  MemoryUsage of job (MB)
	769336  -  ResidentSetSize of job (KB)
...
006 (15756404.1486.000) 2026-02-08 18:15:58 Image size of job updated: 770024
	752  -  MemoryUsage of job (MB)
	770024  -  ResidentSetSize of job (KB)
...
006 (15756404.1486.000) 2026-02-08 18:20:58 Image size of job updated: 770064
	753  -  MemoryUsage of job (MB)
	770064  -  ResidentSetSize of job (KB)
...
006 (15756404.1486.000) 2026-02-08 18:25:59 Image size of job updated: 770068
	753  -  MemoryUsage of job (MB)
	770068  -  ResidentSetSize of job (KB)
...
006 (15756404.1486.000) 2026-02-08 18:30:59 Image size of job updated: 770072
	753  -  MemoryUsage of job (MB)
	770072  -  ResidentSetSize of job (KB)
...
006 (15756404.1486.000) 2026-02-08 18:51:01 Image size of job updated: 770076
	753  -  MemoryUsage of job (MB)
	770076  -  ResidentSetSize of job (KB)
...
006 (15756404.1486.000) 2026-02-08 19:16:05 Image size of job updated: 770080
	753  -  MemoryUsage of job (MB)
	770080  -  ResidentSetSize of job (KB)
...
006 (15756404.1486.000) 2026-02-08 19:21:05 Image size of job updated: 770340
	753  -  MemoryUsage of job (MB)
	770340  -  ResidentSetSize of job (KB)
...
006 (15756404.1486.000) 2026-02-08 19:26:05 Image size of job updated: 770860
	753  -  MemoryUsage of job (MB)
	770860  -  ResidentSetSize of job (KB)
...
006 (15756404.1486.000) 2026-02-08 21:11:16 Image size of job updated: 770868
	753  -  MemoryUsage of job (MB)
	770860  -  ResidentSetSize of job (KB)
...
005 (15756404.1486.000) 2026-02-09 02:07:34 Job terminated.
	(1) Normal termination (return value 0)
		Usr 1 12:39:54, Sys 0 18:05:23  -  Run Remote Usage
		Usr 0 00:00:00, Sys 0 00:00:00  -  Run Local Usage
		Usr 1 12:39:54, Sys 0 18:05:23  -  Total Remote Usage
		Usr 0 00:00:00, Sys 0 00:00:00  -  Total Local Usage
	0  -  Run Bytes Sent By Job
	0  -  Run Bytes Received By Job
	0  -  Total Bytes Sent By Job
	0  -  Total Bytes Received By Job
	Partitionable Resources :    Usage  Request Allocated 
	   Cpus                 :     5.94        8         8 
	   Disk (KB)            :     1     1024000   1025696 
	   GPUs                 :                           0 
	   Memory (MB)          :   753       16384     16384 
	   TimeExecute (s)      : 41833                       
	   TimeSlotBusy (s)     : 41833                       

	Job terminated of its own accord at 2026-02-09T01:07:34Z with exit-code 0.
...
