000 (15756404.1322.000) 2026-02-06 11:24:38 Job submitted from host: <141.34.103.35:9618?addrs=141.34.103.35-9618+[2001-638-700-f067--1-23]-9618&alias=wgs39.zeuthen.desy.de&noUDP&sock=schedd_7414_f73f>
...
001 (15756404.1322.000) 2026-02-07 19:28:34 Job executing on host: <141.34.15.219:9618?addrs=141.34.15.219-9618+[2001-638-700-f00f--1-db]-9618&alias=pizza27.zeuthen.desy.de&noUDP&sock=startd_9020_8c58>
	SlotName: slot1_1@pizza27.zeuthen.desy.de
	CondorScratchDir = "/batch/dir_739763"
	Cpus = 8
	Disk = 1025696
	GPUs = 0
	Memory = 16384
...
006 (15756404.1322.000) 2026-02-07 19:28:48 Image size of job updated: 109416
	107  -  MemoryUsage of job (MB)
	109416  -  ResidentSetSize of job (KB)
...
006 (15756404.1322.000) 2026-02-07 19:33:49 Image size of job updated: 2292524
	2239  -  MemoryUsage of job (MB)
	2292524  -  ResidentSetSize of job (KB)
...
006 (15756404.1322.000) 2026-02-07 19:38:49 Image size of job updated: 2327516
	2269  -  MemoryUsage of job (MB)
	2322728  -  ResidentSetSize of job (KB)
...
006 (15756404.1322.000) 2026-02-07 19:43:50 Image size of job updated: 2350996
	2288  -  MemoryUsage of job (MB)
	2342120  -  ResidentSetSize of job (KB)
...
006 (15756404.1322.000) 2026-02-07 19:48:51 Image size of job updated: 2364084
	2294  -  MemoryUsage of job (MB)
	2348432  -  ResidentSetSize of job (KB)
...
006 (15756404.1322.000) 2026-02-07 19:53:51 Image size of job updated: 2364084
	2302  -  MemoryUsage of job (MB)
	2356844  -  ResidentSetSize of job (KB)
...
006 (15756404.1322.000) 2026-02-07 19:58:52 Image size of job updated: 2366464
	2308  -  MemoryUsage of job (MB)
	2362796  -  ResidentSetSize of job (KB)
...
006 (15756404.1322.000) 2026-02-07 20:03:53 Image size of job updated: 2368688
	2312  -  MemoryUsage of job (MB)
	2366472  -  ResidentSetSize of job (KB)
...
006 (15756404.1322.000) 2026-02-07 20:08:53 Image size of job updated: 2369712
	2314  -  MemoryUsage of job (MB)
	2369012  -  ResidentSetSize of job (KB)
...
006 (15756404.1322.000) 2026-02-07 20:13:54 Image size of job updated: 2370476
	2315  -  MemoryUsage of job (MB)
	2370476  -  ResidentSetSize of job (KB)
...
006 (15756404.1322.000) 2026-02-07 20:18:55 Image size of job updated: 2370480
	2315  -  MemoryUsage of job (MB)
	2370480  -  ResidentSetSize of job (KB)
...
006 (15756404.1322.000) 2026-02-07 20:33:57 Image size of job updated: 2370680
	2315  -  MemoryUsage of job (MB)
	2370480  -  ResidentSetSize of job (KB)
...
006 (15756404.1322.000) 2026-02-07 20:38:57 Image size of job updated: 2371124
	2315  -  MemoryUsage of job (MB)
	2370480  -  ResidentSetSize of job (KB)
...
006 (15756404.1322.000) 2026-02-07 21:14:02 Image size of job updated: 2371488
	2315  -  MemoryUsage of job (MB)
	2370480  -  ResidentSetSize of job (KB)
...
006 (15756404.1322.000) 2026-02-07 21:19:03 Image size of job updated: 2371628
	2315  -  MemoryUsage of job (MB)
	2370480  -  ResidentSetSize of job (KB)
...
006 (15756404.1322.000) 2026-02-07 21:54:07 Image size of job updated: 2371988
	2315  -  MemoryUsage of job (MB)
	2370480  -  ResidentSetSize of job (KB)
...
006 (15756404.1322.000) 2026-02-07 22:09:09 Image size of job updated: 2372172
	2315  -  MemoryUsage of job (MB)
	2370480  -  ResidentSetSize of job (KB)
...
006 (15756404.1322.000) 2026-02-07 22:24:11 Image size of job updated: 2372580
	2315  -  MemoryUsage of job (MB)
	2370480  -  ResidentSetSize of job (KB)
...
006 (15756404.1322.000) 2026-02-07 22:34:13 Image size of job updated: 2372608
	2315  -  MemoryUsage of job (MB)
	2370480  -  ResidentSetSize of job (KB)
...
006 (15756404.1322.000) 2026-02-07 22:44:14 Image size of job updated: 2372608
	2316  -  MemoryUsage of job (MB)
	2371100  -  ResidentSetSize of job (KB)
...
006 (15756404.1322.000) 2026-02-07 22:49:15 Image size of job updated: 2372820
	2316  -  MemoryUsage of job (MB)
	2371100  -  ResidentSetSize of job (KB)
...
006 (15756404.1322.000) 2026-02-07 22:59:16 Image size of job updated: 2373048
	2316  -  MemoryUsage of job (MB)
	2371100  -  ResidentSetSize of job (KB)
...
006 (15756404.1322.000) 2026-02-07 23:14:18 Image size of job updated: 2373548
	2316  -  MemoryUsage of job (MB)
	2371100  -  ResidentSetSize of job (KB)
...
006 (15756404.1322.000) 2026-02-07 23:34:21 Image size of job updated: 2373636
	2316  -  MemoryUsage of job (MB)
	2371100  -  ResidentSetSize of job (KB)
...
006 (15756404.1322.000) 2026-02-08 00:49:31 Image size of job updated: 2373636
	2316  -  MemoryUsage of job (MB)
	2371124  -  ResidentSetSize of job (KB)
...
006 (15756404.1322.000) 2026-02-08 03:04:44 Image size of job updated: 2373636
	2317  -  MemoryUsage of job (MB)
	2372312  -  ResidentSetSize of job (KB)
...
006 (15756404.1322.000) 2026-02-08 03:39:48 Image size of job updated: 2373692
	2317  -  MemoryUsage of job (MB)
	2372312  -  ResidentSetSize of job (KB)
...
006 (15756404.1322.000) 2026-02-08 04:09:52 Image size of job updated: 2374108
	2317  -  MemoryUsage of job (MB)
	2372312  -  ResidentSetSize of job (KB)
...
006 (15756404.1322.000) 2026-02-08 04:14:53 Image size of job updated: 2374108
	2318  -  MemoryUsage of job (MB)
	2372904  -  ResidentSetSize of job (KB)
...
006 (15756404.1322.000) 2026-02-08 04:19:53 Image size of job updated: 2374200
	2318  -  MemoryUsage of job (MB)
	2372904  -  ResidentSetSize of job (KB)
...
006 (15756404.1322.000) 2026-02-08 04:59:56 Image size of job updated: 2374588
	2318  -  MemoryUsage of job (MB)
	2372904  -  ResidentSetSize of job (KB)
...
006 (15756404.1322.000) 2026-02-08 05:19:57 Image size of job updated: 2374588
	2319  -  MemoryUsage of job (MB)
	2374372  -  ResidentSetSize of job (KB)
...
006 (15756404.1322.000) 2026-02-08 05:24:58 Image size of job updated: 2375140
	2319  -  MemoryUsage of job (MB)
	2374372  -  ResidentSetSize of job (KB)
...
006 (15756404.1322.000) 2026-02-08 05:44:59 Image size of job updated: 2375168
	2319  -  MemoryUsage of job (MB)
	2374372  -  ResidentSetSize of job (KB)
...
006 (15756404.1322.000) 2026-02-08 05:55:00 Image size of job updated: 2375524
	2319  -  MemoryUsage of job (MB)
	2374372  -  ResidentSetSize of job (KB)
...
006 (15756404.1322.000) 2026-02-08 06:00:00 Image size of job updated: 2375696
	2319  -  MemoryUsage of job (MB)
	2374372  -  ResidentSetSize of job (KB)
...
006 (15756404.1322.000) 2026-02-08 06:25:02 Image size of job updated: 2375696
	2320  -  MemoryUsage of job (MB)
	2375312  -  ResidentSetSize of job (KB)
...
006 (15756404.1322.000) 2026-02-08 06:35:02 Image size of job updated: 2377260
	2320  -  MemoryUsage of job (MB)
	2375312  -  ResidentSetSize of job (KB)
...
006 (15756404.1322.000) 2026-02-08 06:40:03 Image size of job updated: 2377408
	2320  -  MemoryUsage of job (MB)
	2375312  -  ResidentSetSize of job (KB)
...
006 (15756404.1322.000) 2026-02-08 06:55:04 Image size of job updated: 2378356
	2320  -  MemoryUsage of job (MB)
	2375312  -  ResidentSetSize of job (KB)
...
006 (15756404.1322.000) 2026-02-08 07:25:07 Image size of job updated: 2378812
	2320  -  MemoryUsage of job (MB)
	2375312  -  ResidentSetSize of job (KB)
...
006 (15756404.1322.000) 2026-02-08 10:55:35 Image size of job updated: 2378812
	2320  -  MemoryUsage of job (MB)
	2375640  -  ResidentSetSize of job (KB)
...
006 (15756404.1322.000) 2026-02-08 12:50:47 Image size of job updated: 2378812
	2321  -  MemoryUsage of job (MB)
	2375936  -  ResidentSetSize of job (KB)
...
006 (15756404.1322.000) 2026-02-08 14:15:56 Image size of job updated: 2378812
	2322  -  MemoryUsage of job (MB)
	2376860  -  ResidentSetSize of job (KB)
...
006 (15756404.1322.000) 2026-02-08 15:11:02 Image size of job updated: 2378876
	2322  -  MemoryUsage of job (MB)
	2376860  -  ResidentSetSize of job (KB)
...
006 (15756404.1322.000) 2026-02-08 15:21:03 Image size of job updated: 2379024
	2322  -  MemoryUsage of job (MB)
	2376860  -  ResidentSetSize of job (KB)
...
006 (15756404.1322.000) 2026-02-08 22:41:47 Image size of job updated: 2379024
	2323  -  MemoryUsage of job (MB)
	2377740  -  ResidentSetSize of job (KB)
...
006 (15756404.1322.000) 2026-02-08 22:46:47 Image size of job updated: 2379024
	2323  -  MemoryUsage of job (MB)
	2377744  -  ResidentSetSize of job (KB)
...
006 (15756404.1322.000) 2026-02-09 08:12:44 Image size of job updated: 2379040
	2323  -  MemoryUsage of job (MB)
	2377744  -  ResidentSetSize of job (KB)
...
006 (15756404.1322.000) 2026-02-09 14:03:20 Image size of job updated: 2379040
	2323  -  MemoryUsage of job (MB)
	2377920  -  ResidentSetSize of job (KB)
...
006 (15756404.1322.000) 2026-02-09 14:08:21 Image size of job updated: 2379040
	2323  -  MemoryUsage of job (MB)
	2377924  -  ResidentSetSize of job (KB)
...
006 (15756404.1322.000) 2026-02-09 14:23:22 Image size of job updated: 2379052
	2323  -  MemoryUsage of job (MB)
	2377924  -  ResidentSetSize of job (KB)
...
006 (15756404.1322.000) 2026-02-09 14:38:23 Image size of job updated: 2379080
	2323  -  MemoryUsage of job (MB)
	2377924  -  ResidentSetSize of job (KB)
...
006 (15756404.1322.000) 2026-02-09 14:43:23 Image size of job updated: 2379112
	2323  -  MemoryUsage of job (MB)
	2377924  -  ResidentSetSize of job (KB)
...
006 (15756404.1322.000) 2026-02-09 14:53:24 Image size of job updated: 2379420
	2323  -  MemoryUsage of job (MB)
	2377924  -  ResidentSetSize of job (KB)
...
006 (15756404.1322.000) 2026-02-09 15:13:25 Image size of job updated: 2379952
	2323  -  MemoryUsage of job (MB)
	2377924  -  ResidentSetSize of job (KB)
...
006 (15756404.1322.000) 2026-02-09 15:33:27 Image size of job updated: 2380012
	2323  -  MemoryUsage of job (MB)
	2377924  -  ResidentSetSize of job (KB)
...
006 (15756404.1322.000) 2026-02-09 15:43:27 Image size of job updated: 2380188
	2323  -  MemoryUsage of job (MB)
	2377924  -  ResidentSetSize of job (KB)
...
006 (15756404.1322.000) 2026-02-09 15:48:28 Image size of job updated: 2380320
	2323  -  MemoryUsage of job (MB)
	2377924  -  ResidentSetSize of job (KB)
...
006 (15756404.1322.000) 2026-02-09 15:53:28 Image size of job updated: 2380364
	2323  -  MemoryUsage of job (MB)
	2377924  -  ResidentSetSize of job (KB)
...
006 (15756404.1322.000) 2026-02-09 15:58:28 Image size of job updated: 2380364
	2323  -  MemoryUsage of job (MB)
	2377936  -  ResidentSetSize of job (KB)
...
006 (15756404.1322.000) 2026-02-09 16:08:29 Image size of job updated: 2380524
	2323  -  MemoryUsage of job (MB)
	2377936  -  ResidentSetSize of job (KB)
...
006 (15756404.1322.000) 2026-02-09 16:38:33 Image size of job updated: 2380620
	2323  -  MemoryUsage of job (MB)
	2377936  -  ResidentSetSize of job (KB)
...
006 (15756404.1322.000) 2026-02-09 16:43:33 Image size of job updated: 2380764
	2323  -  MemoryUsage of job (MB)
	2377936  -  ResidentSetSize of job (KB)
...
006 (15756404.1322.000) 2026-02-09 16:58:34 Image size of job updated: 2381128
	2323  -  MemoryUsage of job (MB)
	2377936  -  ResidentSetSize of job (KB)
...
021 (15756404.1322.000) 2026-02-09 19:28:35 Error from starter on slot1_1@pizza27.zeuthen.desy.de:
	runtime exceeded maximum (target.Runtime seconds)
	Code 21 Subcode 103
...
004 (15756404.1322.000) 2026-02-09 19:28:35 Job was evicted.
	(0) CPU times
		Usr 4 02:48:22, Sys 1 01:44:31  -  Run Remote Usage
		Usr 0 00:00:00, Sys 0 00:00:00  -  Run Local Usage
	0  -  Run Bytes Sent By Job
	0  -  Run Bytes Received By Job
	Error from slot1_1@pizza27.zeuthen.desy.de: runtime exceeded maximum (target.Runtime seconds)
	Partitionable Resources :     Usage  Request Allocated 
	   Cpus                 :      0.99        8         8 
	   Disk (KB)            :      1     1024000   1025696 
	   GPUs                 :                            0 
	   Memory (MB)          :   2323       16384     16384 
	   TimeSlotBusy (s)     : 172801                       
...
012 (15756404.1322.000) 2026-02-09 19:28:35 Job was held.
	Error from slot1_1@pizza27.zeuthen.desy.de: runtime exceeded maximum (target.Runtime seconds)
	Code 21 Subcode 103
...
009 (15756404.1322.000) 2026-02-10 11:42:28 Job was aborted.
	via condor_rm (by user tuccia)
...
