000 (15756404.1223.000) 2026-02-06 11:24:37 Job submitted from host: <141.34.103.35:9618?addrs=141.34.103.35-9618+[2001-638-700-f067--1-23]-9618&alias=wgs39.zeuthen.desy.de&noUDP&sock=schedd_7414_f73f>
...
001 (15756404.1223.000) 2026-02-07 09:34:52 Job executing on host: <141.34.15.206:9618?addrs=141.34.15.206-9618+[2001-638-700-f00f--1-ce]-9618&alias=pizza08.zeuthen.desy.de&noUDP&sock=startd_9102_cb1c>
	SlotName: slot1_5@pizza08.zeuthen.desy.de
	CondorScratchDir = "/batch/dir_314839"
	Cpus = 8
	Disk = 1025696
	GPUs = 0
	Memory = 16384
...
006 (15756404.1223.000) 2026-02-07 09:35:05 Image size of job updated: 109488
	107  -  MemoryUsage of job (MB)
	109488  -  ResidentSetSize of job (KB)
...
006 (15756404.1223.000) 2026-02-07 09:40:05 Image size of job updated: 2285600
	2233  -  MemoryUsage of job (MB)
	2285600  -  ResidentSetSize of job (KB)
...
006 (15756404.1223.000) 2026-02-07 09:45:06 Image size of job updated: 2323128
	2269  -  MemoryUsage of job (MB)
	2323128  -  ResidentSetSize of job (KB)
...
006 (15756404.1223.000) 2026-02-07 09:50:07 Image size of job updated: 2345748
	2290  -  MemoryUsage of job (MB)
	2344504  -  ResidentSetSize of job (KB)
...
006 (15756404.1223.000) 2026-02-07 09:55:07 Image size of job updated: 2357436
	2290  -  MemoryUsage of job (MB)
	2344504  -  ResidentSetSize of job (KB)
...
006 (15756404.1223.000) 2026-02-07 10:00:08 Image size of job updated: 2361560
	2290  -  MemoryUsage of job (MB)
	2344504  -  ResidentSetSize of job (KB)
...
006 (15756404.1223.000) 2026-02-07 10:10:09 Image size of job updated: 2365388
	2290  -  MemoryUsage of job (MB)
	2344504  -  ResidentSetSize of job (KB)
...
006 (15756404.1223.000) 2026-02-07 10:15:09 Image size of job updated: 2365652
	2290  -  MemoryUsage of job (MB)
	2344504  -  ResidentSetSize of job (KB)
...
006 (15756404.1223.000) 2026-02-07 10:20:10 Image size of job updated: 2365652
	2300  -  MemoryUsage of job (MB)
	2355164  -  ResidentSetSize of job (KB)
...
006 (15756404.1223.000) 2026-02-07 10:25:10 Image size of job updated: 2365868
	2300  -  MemoryUsage of job (MB)
	2355164  -  ResidentSetSize of job (KB)
...
006 (15756404.1223.000) 2026-02-07 10:30:10 Image size of job updated: 2365928
	2300  -  MemoryUsage of job (MB)
	2355164  -  ResidentSetSize of job (KB)
...
006 (15756404.1223.000) 2026-02-07 10:35:11 Image size of job updated: 2366052
	2300  -  MemoryUsage of job (MB)
	2355164  -  ResidentSetSize of job (KB)
...
006 (15756404.1223.000) 2026-02-07 10:40:11 Image size of job updated: 2366112
	2300  -  MemoryUsage of job (MB)
	2355164  -  ResidentSetSize of job (KB)
...
006 (15756404.1223.000) 2026-02-07 10:50:12 Image size of job updated: 2366112
	2303  -  MemoryUsage of job (MB)
	2357884  -  ResidentSetSize of job (KB)
...
006 (15756404.1223.000) 2026-02-07 11:05:14 Image size of job updated: 2366532
	2303  -  MemoryUsage of job (MB)
	2357884  -  ResidentSetSize of job (KB)
...
006 (15756404.1223.000) 2026-02-07 11:10:15 Image size of job updated: 2366592
	2303  -  MemoryUsage of job (MB)
	2357884  -  ResidentSetSize of job (KB)
...
006 (15756404.1223.000) 2026-02-07 11:35:17 Image size of job updated: 2367108
	2303  -  MemoryUsage of job (MB)
	2357884  -  ResidentSetSize of job (KB)
...
006 (15756404.1223.000) 2026-02-07 11:55:19 Image size of job updated: 2367332
	2303  -  MemoryUsage of job (MB)
	2357884  -  ResidentSetSize of job (KB)
...
006 (15756404.1223.000) 2026-02-07 12:05:19 Image size of job updated: 2367332
	2308  -  MemoryUsage of job (MB)
	2363268  -  ResidentSetSize of job (KB)
...
006 (15756404.1223.000) 2026-02-07 12:10:21 Image size of job updated: 2367624
	2308  -  MemoryUsage of job (MB)
	2363268  -  ResidentSetSize of job (KB)
...
006 (15756404.1223.000) 2026-02-07 12:35:23 Image size of job updated: 2367704
	2308  -  MemoryUsage of job (MB)
	2363268  -  ResidentSetSize of job (KB)
...
006 (15756404.1223.000) 2026-02-07 12:55:25 Image size of job updated: 2368168
	2308  -  MemoryUsage of job (MB)
	2363268  -  ResidentSetSize of job (KB)
...
006 (15756404.1223.000) 2026-02-07 13:00:26 Image size of job updated: 2368172
	2308  -  MemoryUsage of job (MB)
	2363268  -  ResidentSetSize of job (KB)
...
006 (15756404.1223.000) 2026-02-07 13:05:26 Image size of job updated: 2368376
	2308  -  MemoryUsage of job (MB)
	2363268  -  ResidentSetSize of job (KB)
...
006 (15756404.1223.000) 2026-02-07 13:10:26 Image size of job updated: 2368528
	2308  -  MemoryUsage of job (MB)
	2363268  -  ResidentSetSize of job (KB)
...
006 (15756404.1223.000) 2026-02-07 13:20:27 Image size of job updated: 2368728
	2314  -  MemoryUsage of job (MB)
	2368728  -  ResidentSetSize of job (KB)
...
006 (15756404.1223.000) 2026-02-07 13:35:29 Image size of job updated: 2368732
	2314  -  MemoryUsage of job (MB)
	2368728  -  ResidentSetSize of job (KB)
...
006 (15756404.1223.000) 2026-02-07 13:50:31 Image size of job updated: 2368756
	2314  -  MemoryUsage of job (MB)
	2368728  -  ResidentSetSize of job (KB)
...
006 (15756404.1223.000) 2026-02-07 17:20:51 Image size of job updated: 2368992
	2314  -  MemoryUsage of job (MB)
	2368728  -  ResidentSetSize of job (KB)
...
006 (15756404.1223.000) 2026-02-07 17:50:54 Image size of job updated: 2369052
	2314  -  MemoryUsage of job (MB)
	2368728  -  ResidentSetSize of job (KB)
...
006 (15756404.1223.000) 2026-02-07 18:15:57 Image size of job updated: 2369544
	2314  -  MemoryUsage of job (MB)
	2368728  -  ResidentSetSize of job (KB)
...
006 (15756404.1223.000) 2026-02-07 18:25:58 Image size of job updated: 2369684
	2314  -  MemoryUsage of job (MB)
	2368728  -  ResidentSetSize of job (KB)
...
006 (15756404.1223.000) 2026-02-07 18:36:00 Image size of job updated: 2369808
	2314  -  MemoryUsage of job (MB)
	2368728  -  ResidentSetSize of job (KB)
...
006 (15756404.1223.000) 2026-02-07 18:41:00 Image size of job updated: 2370272
	2314  -  MemoryUsage of job (MB)
	2368728  -  ResidentSetSize of job (KB)
...
006 (15756404.1223.000) 2026-02-07 18:51:01 Image size of job updated: 2370284
	2314  -  MemoryUsage of job (MB)
	2368728  -  ResidentSetSize of job (KB)
...
006 (15756404.1223.000) 2026-02-07 19:11:02 Image size of job updated: 2370660
	2314  -  MemoryUsage of job (MB)
	2368728  -  ResidentSetSize of job (KB)
...
006 (15756404.1223.000) 2026-02-07 19:26:04 Image size of job updated: 2370856
	2315  -  MemoryUsage of job (MB)
	2370092  -  ResidentSetSize of job (KB)
...
006 (15756404.1223.000) 2026-02-07 19:31:04 Image size of job updated: 2370864
	2315  -  MemoryUsage of job (MB)
	2370092  -  ResidentSetSize of job (KB)
...
006 (15756404.1223.000) 2026-02-07 19:36:05 Image size of job updated: 2371064
	2315  -  MemoryUsage of job (MB)
	2370092  -  ResidentSetSize of job (KB)
...
006 (15756404.1223.000) 2026-02-07 19:51:07 Image size of job updated: 2371356
	2315  -  MemoryUsage of job (MB)
	2370092  -  ResidentSetSize of job (KB)
...
006 (15756404.1223.000) 2026-02-08 02:21:47 Image size of job updated: 2371500
	2315  -  MemoryUsage of job (MB)
	2370092  -  ResidentSetSize of job (KB)
...
006 (15756404.1223.000) 2026-02-08 02:26:47 Image size of job updated: 2372052
	2315  -  MemoryUsage of job (MB)
	2370092  -  ResidentSetSize of job (KB)
...
006 (15756404.1223.000) 2026-02-08 02:31:48 Image size of job updated: 2372224
	2315  -  MemoryUsage of job (MB)
	2370092  -  ResidentSetSize of job (KB)
...
006 (15756404.1223.000) 2026-02-08 14:37:59 Image size of job updated: 2372224
	2316  -  MemoryUsage of job (MB)
	2371092  -  ResidentSetSize of job (KB)
...
006 (15756404.1223.000) 2026-02-08 14:43:00 Image size of job updated: 2372224
	2316  -  MemoryUsage of job (MB)
	2371096  -  ResidentSetSize of job (KB)
...
006 (15756404.1223.000) 2026-02-08 21:58:43 Image size of job updated: 2372356
	2316  -  MemoryUsage of job (MB)
	2371096  -  ResidentSetSize of job (KB)
...
006 (15756404.1223.000) 2026-02-09 04:24:22 Image size of job updated: 2372416
	2316  -  MemoryUsage of job (MB)
	2371096  -  ResidentSetSize of job (KB)
...
006 (15756404.1223.000) 2026-02-09 04:29:23 Image size of job updated: 2372736
	2316  -  MemoryUsage of job (MB)
	2371096  -  ResidentSetSize of job (KB)
...
021 (15756404.1223.000) 2026-02-09 09:34:54 Error from starter on slot1_5@pizza08.zeuthen.desy.de:
	runtime exceeded maximum (target.Runtime seconds)
	Code 21 Subcode 103
...
004 (15756404.1223.000) 2026-02-09 09:34:54 Job was evicted.
	(0) CPU times
		Usr 3 10:54:38, Sys 0 09:42:53  -  Run Remote Usage
		Usr 0 00:00:00, Sys 0 00:00:00  -  Run Local Usage
	0  -  Run Bytes Sent By Job
	0  -  Run Bytes Received By Job
	Error from slot1_5@pizza08.zeuthen.desy.de: runtime exceeded maximum (target.Runtime seconds)
	Partitionable Resources :     Usage  Request Allocated 
	   Cpus                 :      7.94        8         8 
	   Disk (KB)            :      1     1024000   1025696 
	   GPUs                 :                            0 
	   Memory (MB)          :   2316       16384     16384 
	   TimeSlotBusy (s)     : 172802                       
...
012 (15756404.1223.000) 2026-02-09 09:34:54 Job was held.
	Error from slot1_5@pizza08.zeuthen.desy.de: runtime exceeded maximum (target.Runtime seconds)
	Code 21 Subcode 103
...
009 (15756404.1223.000) 2026-02-10 11:42:27 Job was aborted.
	via condor_rm (by user tuccia)
...
