000 (15756404.1412.000) 2026-02-06 11:24:38 Job submitted from host: <141.34.103.35:9618?addrs=141.34.103.35-9618+[2001-638-700-f067--1-23]-9618&alias=wgs39.zeuthen.desy.de&noUDP&sock=schedd_7414_f73f>
...
001 (15756404.1412.000) 2026-02-08 12:03:56 Job executing on host: <141.34.15.201:9618?addrs=141.34.15.201-9618+[2001-638-700-f00f--1-c9]-9618&alias=pizza03.zeuthen.desy.de&noUDP&sock=startd_9148_5877>
	SlotName: slot1_6@pizza03.zeuthen.desy.de
	CondorScratchDir = "/batch/dir_1353589"
	Cpus = 8
	Disk = 1025696
	GPUs = 0
	Memory = 16384
...
006 (15756404.1412.000) 2026-02-08 12:04:09 Image size of job updated: 109484
	107  -  MemoryUsage of job (MB)
	109484  -  ResidentSetSize of job (KB)
...
006 (15756404.1412.000) 2026-02-08 12:09:09 Image size of job updated: 2286616
	2234  -  MemoryUsage of job (MB)
	2286616  -  ResidentSetSize of job (KB)
...
006 (15756404.1412.000) 2026-02-08 12:14:09 Image size of job updated: 2323780
	2270  -  MemoryUsage of job (MB)
	2323780  -  ResidentSetSize of job (KB)
...
006 (15756404.1412.000) 2026-02-08 12:19:10 Image size of job updated: 2348056
	2291  -  MemoryUsage of job (MB)
	2344992  -  ResidentSetSize of job (KB)
...
006 (15756404.1412.000) 2026-02-08 12:24:10 Image size of job updated: 2357840
	2291  -  MemoryUsage of job (MB)
	2344992  -  ResidentSetSize of job (KB)
...
006 (15756404.1412.000) 2026-02-08 12:29:10 Image size of job updated: 2361896
	2291  -  MemoryUsage of job (MB)
	2344992  -  ResidentSetSize of job (KB)
...
006 (15756404.1412.000) 2026-02-08 12:34:11 Image size of job updated: 2364700
	2291  -  MemoryUsage of job (MB)
	2344992  -  ResidentSetSize of job (KB)
...
006 (15756404.1412.000) 2026-02-08 12:39:11 Image size of job updated: 2365152
	2291  -  MemoryUsage of job (MB)
	2344992  -  ResidentSetSize of job (KB)
...
006 (15756404.1412.000) 2026-02-08 12:49:12 Image size of job updated: 2365152
	2301  -  MemoryUsage of job (MB)
	2355500  -  ResidentSetSize of job (KB)
...
006 (15756404.1412.000) 2026-02-08 12:54:12 Image size of job updated: 2365544
	2301  -  MemoryUsage of job (MB)
	2355500  -  ResidentSetSize of job (KB)
...
006 (15756404.1412.000) 2026-02-08 13:19:15 Image size of job updated: 2365544
	2303  -  MemoryUsage of job (MB)
	2358012  -  ResidentSetSize of job (KB)
...
006 (15756404.1412.000) 2026-02-08 13:24:16 Image size of job updated: 2366108
	2303  -  MemoryUsage of job (MB)
	2358016  -  ResidentSetSize of job (KB)
...
006 (15756404.1412.000) 2026-02-08 13:34:17 Image size of job updated: 2366316
	2303  -  MemoryUsage of job (MB)
	2358016  -  ResidentSetSize of job (KB)
...
006 (15756404.1412.000) 2026-02-08 13:49:18 Image size of job updated: 2366316
	2305  -  MemoryUsage of job (MB)
	2359352  -  ResidentSetSize of job (KB)
...
006 (15756404.1412.000) 2026-02-08 13:54:19 Image size of job updated: 2366564
	2305  -  MemoryUsage of job (MB)
	2359356  -  ResidentSetSize of job (KB)
...
006 (15756404.1412.000) 2026-02-08 14:14:20 Image size of job updated: 2366816
	2305  -  MemoryUsage of job (MB)
	2359356  -  ResidentSetSize of job (KB)
...
006 (15756404.1412.000) 2026-02-08 14:19:20 Image size of job updated: 2366816
	2305  -  MemoryUsage of job (MB)
	2359720  -  ResidentSetSize of job (KB)
...
006 (15756404.1412.000) 2026-02-08 14:24:21 Image size of job updated: 2367236
	2305  -  MemoryUsage of job (MB)
	2359720  -  ResidentSetSize of job (KB)
...
006 (15756404.1412.000) 2026-02-08 14:39:23 Image size of job updated: 2367272
	2305  -  MemoryUsage of job (MB)
	2359720  -  ResidentSetSize of job (KB)
...
006 (15756404.1412.000) 2026-02-08 14:54:25 Image size of job updated: 2367624
	2305  -  MemoryUsage of job (MB)
	2359720  -  ResidentSetSize of job (KB)
...
006 (15756404.1412.000) 2026-02-08 15:14:27 Image size of job updated: 2368224
	2305  -  MemoryUsage of job (MB)
	2359720  -  ResidentSetSize of job (KB)
...
006 (15756404.1412.000) 2026-02-08 15:29:28 Image size of job updated: 2368224
	2313  -  MemoryUsage of job (MB)
	2368028  -  ResidentSetSize of job (KB)
...
006 (15756404.1412.000) 2026-02-08 15:34:28 Image size of job updated: 2368504
	2313  -  MemoryUsage of job (MB)
	2368032  -  ResidentSetSize of job (KB)
...
006 (15756404.1412.000) 2026-02-08 15:49:30 Image size of job updated: 2368656
	2313  -  MemoryUsage of job (MB)
	2368032  -  ResidentSetSize of job (KB)
...
006 (15756404.1412.000) 2026-02-08 19:34:55 Image size of job updated: 2369020
	2313  -  MemoryUsage of job (MB)
	2368032  -  ResidentSetSize of job (KB)
...
006 (15756404.1412.000) 2026-02-08 19:39:55 Image size of job updated: 2369144
	2313  -  MemoryUsage of job (MB)
	2368032  -  ResidentSetSize of job (KB)
...
006 (15756404.1412.000) 2026-02-08 19:59:57 Image size of job updated: 2369180
	2313  -  MemoryUsage of job (MB)
	2368032  -  ResidentSetSize of job (KB)
...
006 (15756404.1412.000) 2026-02-08 20:09:57 Image size of job updated: 2369376
	2313  -  MemoryUsage of job (MB)
	2368032  -  ResidentSetSize of job (KB)
...
006 (15756404.1412.000) 2026-02-08 20:14:58 Image size of job updated: 2369636
	2313  -  MemoryUsage of job (MB)
	2368032  -  ResidentSetSize of job (KB)
...
006 (15756404.1412.000) 2026-02-08 20:35:01 Image size of job updated: 2369636
	2314  -  MemoryUsage of job (MB)
	2369524  -  ResidentSetSize of job (KB)
...
006 (15756404.1412.000) 2026-02-08 20:50:03 Image size of job updated: 2369888
	2314  -  MemoryUsage of job (MB)
	2369524  -  ResidentSetSize of job (KB)
...
006 (15756404.1412.000) 2026-02-08 21:10:04 Image size of job updated: 2370272
	2314  -  MemoryUsage of job (MB)
	2369524  -  ResidentSetSize of job (KB)
...
006 (15756404.1412.000) 2026-02-08 21:15:04 Image size of job updated: 2370300
	2314  -  MemoryUsage of job (MB)
	2369524  -  ResidentSetSize of job (KB)
...
006 (15756404.1412.000) 2026-02-08 21:25:05 Image size of job updated: 2370392
	2314  -  MemoryUsage of job (MB)
	2369524  -  ResidentSetSize of job (KB)
...
006 (15756404.1412.000) 2026-02-08 21:30:05 Image size of job updated: 2370592
	2314  -  MemoryUsage of job (MB)
	2369524  -  ResidentSetSize of job (KB)
...
006 (15756404.1412.000) 2026-02-08 21:35:06 Image size of job updated: 2370776
	2314  -  MemoryUsage of job (MB)
	2369524  -  ResidentSetSize of job (KB)
...
006 (15756404.1412.000) 2026-02-08 21:55:08 Image size of job updated: 2371104
	2314  -  MemoryUsage of job (MB)
	2369524  -  ResidentSetSize of job (KB)
...
006 (15756404.1412.000) 2026-02-08 22:15:10 Image size of job updated: 2371372
	2314  -  MemoryUsage of job (MB)
	2369524  -  ResidentSetSize of job (KB)
...
006 (15756404.1412.000) 2026-02-08 22:25:12 Image size of job updated: 2371424
	2314  -  MemoryUsage of job (MB)
	2369524  -  ResidentSetSize of job (KB)
...
006 (15756404.1412.000) 2026-02-08 22:35:13 Image size of job updated: 2371560
	2314  -  MemoryUsage of job (MB)
	2369524  -  ResidentSetSize of job (KB)
...
006 (15756404.1412.000) 2026-02-08 22:40:14 Image size of job updated: 2371892
	2314  -  MemoryUsage of job (MB)
	2369524  -  ResidentSetSize of job (KB)
...
006 (15756404.1412.000) 2026-02-09 03:05:40 Image size of job updated: 2371892
	2315  -  MemoryUsage of job (MB)
	2370096  -  ResidentSetSize of job (KB)
...
006 (15756404.1412.000) 2026-02-09 03:10:41 Image size of job updated: 2371960
	2315  -  MemoryUsage of job (MB)
	2370096  -  ResidentSetSize of job (KB)
...
006 (15756404.1412.000) 2026-02-09 03:15:41 Image size of job updated: 2372064
	2315  -  MemoryUsage of job (MB)
	2370096  -  ResidentSetSize of job (KB)
...
006 (15756404.1412.000) 2026-02-09 03:20:42 Image size of job updated: 2372072
	2315  -  MemoryUsage of job (MB)
	2370096  -  ResidentSetSize of job (KB)
...
006 (15756404.1412.000) 2026-02-09 03:55:47 Image size of job updated: 2372376
	2315  -  MemoryUsage of job (MB)
	2370096  -  ResidentSetSize of job (KB)
...
006 (15756404.1412.000) 2026-02-09 04:05:47 Image size of job updated: 2372884
	2315  -  MemoryUsage of job (MB)
	2370096  -  ResidentSetSize of job (KB)
...
006 (15756404.1412.000) 2026-02-09 04:15:48 Image size of job updated: 2372884
	2316  -  MemoryUsage of job (MB)
	2371184  -  ResidentSetSize of job (KB)
...
006 (15756404.1412.000) 2026-02-09 04:20:48 Image size of job updated: 2373320
	2316  -  MemoryUsage of job (MB)
	2371184  -  ResidentSetSize of job (KB)
...
006 (15756404.1412.000) 2026-02-09 04:50:50 Image size of job updated: 2373340
	2316  -  MemoryUsage of job (MB)
	2371184  -  ResidentSetSize of job (KB)
...
006 (15756404.1412.000) 2026-02-09 04:55:51 Image size of job updated: 2373504
	2316  -  MemoryUsage of job (MB)
	2371184  -  ResidentSetSize of job (KB)
...
006 (15756404.1412.000) 2026-02-09 05:30:55 Image size of job updated: 2374332
	2316  -  MemoryUsage of job (MB)
	2371184  -  ResidentSetSize of job (KB)
...
006 (15756404.1412.000) 2026-02-09 12:16:35 Image size of job updated: 2374332
	2317  -  MemoryUsage of job (MB)
	2371972  -  ResidentSetSize of job (KB)
...
006 (15756404.1412.000) 2026-02-09 12:21:36 Image size of job updated: 2374332
	2319  -  MemoryUsage of job (MB)
	2373916  -  ResidentSetSize of job (KB)
...
006 (15756404.1412.000) 2026-02-09 19:57:24 Image size of job updated: 2374364
	2319  -  MemoryUsage of job (MB)
	2373916  -  ResidentSetSize of job (KB)
...
006 (15756404.1412.000) 2026-02-10 03:43:10 Image size of job updated: 2374588
	2319  -  MemoryUsage of job (MB)
	2373916  -  ResidentSetSize of job (KB)
...
022 (15756404.1412.000) 2026-02-10 08:04:02 Job disconnected, attempting to reconnect
    Local schedd and job shadow died, schedd now running again
    Trying to reconnect to slot1_6@pizza03.zeuthen.desy.de <141.34.15.201:9618?addrs=141.34.15.201-9618+[2001-638-700-f00f--1-c9]-9618&alias=pizza03.zeuthen.desy.de&noUDP&sock=startd_9148_5877>
...
023 (15756404.1412.000) 2026-02-10 08:04:11 Job reconnected to slot1_6@pizza03.zeuthen.desy.de
    startd address: <141.34.15.201:9618?addrs=141.34.15.201-9618+[2001-638-700-f00f--1-c9]-9618&alias=pizza03.zeuthen.desy.de&noUDP&sock=startd_9148_5877>
    starter address: <141.34.15.201:9618?addrs=141.34.15.201-9618+[2001-638-700-f00f--1-c9]-9618&alias=pizza03.zeuthen.desy.de&noUDP&sock=slot1_6_9640_0081_4640>
...
004 (15756404.1412.000) 2026-02-10 11:42:24 Job was evicted.
	(0) CPU times
		Usr 3 11:36:00, Sys 0 07:49:43  -  Run Remote Usage
		Usr 0 00:00:00, Sys 0 00:00:00  -  Run Local Usage
	0  -  Run Bytes Sent By Job
	0  -  Run Bytes Received By Job
	Partitionable Resources :         Usage  Request Allocated 
	   Cpus                 :          7.91        8         8 
	   Disk (KB)            :          1     1024000   1025696 
	   Memory (MB)          :       2442       16384     16384 
	   TimeExecute (s)      : 1770720144                       
	   TimeSlotBusy (s)     : 1770720144                       
...
009 (15756404.1412.000) 2026-02-10 11:42:24 Job was aborted.
	via condor_rm (by user tuccia)
...
