~~~~~~~~~~~~~~~~~~~~~~~~~~~~~~

n_qubits: 150, 
r: 22, 
alpha: 0.01, 
shots: 10000, 
ansatz: structure_like_qubo_YZ_2, 
layer: 1, 
tau: 0.3

time for simulated annealing:  190.70830512046814
Rank 1: Bitstring=001001000000010001011110010100000101010011001000001010101001000001100000110100101011011101110100001110111010101000100001110101110100011001011100010100, Decimal=200801842402943123848520642740570507522971412, Energy=-134.8763
Rank 2: Bitstring=001001000000010001011110010100000101010011001000001010101011000001100010110100101011011100110100001110111010101000100001110101110100011001011100010100, Decimal=200801842402943126325005183068216867301725972, Energy=-134.8613
Rank 3: Bitstring=001001100000010001011110010100000101010011001000001010101001000001100000110100101011011101110100001110111010101000100001110101110100011001011100010100, Decimal=211952215002208435419288501876894688275961620, Energy=-134.8387
Rank 4: Bitstring=001001100000010001011110010100000101010011001000001010101011000001100010110100101011011100110100001110111010101000100001110101110100011001011100010100, Decimal=211952215002208437895773042204541048054716180, Energy=-134.8237
Rank 5: Bitstring=001001000000010001011110110100000101010011001000001010101001000001100100110100101011011101110100001110111010101010100001110101110100011001011000010100, Decimal=200801884938238988967037501482011203107657236, Energy=-134.5535
Rank 6: Bitstring=001001000000010001011110110100000101010011001000001010101011000001100110110100101011011100110100001110111010101010100001110101110100011001011000010100, Decimal=200801884938238991443522041809657562886411796, Energy=-134.5385
Rank 7: Bitstring=001001000000010001011110010100000101000011001000001010101001000001100000110110101011011101110100001110111010101100100001110101110100001001011100010100, Decimal=200801842397750826989995259845006025362020116, Energy=-134.5331
Rank 8: Bitstring=001001000000010001011110010100000101000011001000001010101011000001100010110110101011011100110100001110111010101100100001110101110100001001011100010100, Decimal=200801842397750829466479800172652385140774676, Energy=-134.5181
Rank 9: Bitstring=001001100000010001011110110100000101010011001000001010101001000001100100110100101011011101110100001110111010101010100001110101110100011001011000010100, Decimal=211952257537504300537805360618335383860647444, Energy=-134.5159
Rank 10: Bitstring=001001000000010011011111010100000101010011001000001010101001000001100000110100100011011101110100011110111010101000100001110101110100011001011100010100, Decimal=200812816509276324113966746280353422969509652, Energy=-134.5105

E_min from simulated annealing:  -134.8763
Minimum energy: -134.8763
States with energy within 1e-08 of minimum: [200801842402943123848520642740570507522971412]


################## Start optimization with initial parameters: [0. 0. 0. 0. 0. 0. 0. 0. 0. 0. 0. 0. 0. 0. 0. 0. 0. 0. 0. 0. 0. 0. 0. 0.
 0. 0. 0. 0. 0. 0. 0. 0. 0. 0. 0. 0. 0. 0. 0. 0. 0. 0. 0. 0. 0. 0. 0. 0.
 0. 0. 0. 0. 0. 0. 0. 0. 0. 0. 0. 0. 0. 0. 0. 0. 0. 0. 0. 0. 0. 0. 0. 0.
 0. 0. 0. 0. 0. 0. 0. 0. 0. 0. 0. 0. 0. 0. 0. 0. 0. 0. 0. 0. 0. 0. 0. 0.
 0. 0. 0. 0. 0. 0. 0. 0. 0. 0. 0. 0. 0. 0. 0. 0. 0. 0. 0. 0. 0. 0. 0. 0.
 0. 0. 0. 0. 0. 0. 0. 0. 0. 0. 0. 0. 0. 0. 0. 0. 0. 0. 0. 0. 0. 0. 0. 0.
 0. 0. 0. 0. 0. 0. 0. 0. 0. 0. 0. 0. 0. 0. 0. 0. 0. 0. 0. 0. 0. 0. 0. 0.
 0. 0. 0. 0. 0. 0. 0. 0. 0. 0. 0. 0. 0. 0. 0. 0. 0. 0. 0. 0. 0. 0. 0. 0.
 0. 0. 0. 0. 0. 0. 0. 0. 0. 0. 0. 0. 0. 0. 0. 0. 0. 0. 0. 0. 0. 0. 0. 0.
 0. 0. 0. 0. 0. 0. 0. 0. 0. 0. 0. 0. 0. 0. 0. 0. 0. 0. 0. 0. 0. 0. 0. 0.
 0. 0. 0. 0. 0. 0. 0. 0. 0. 0. 0. 0. 0. 0. 0. 0. 0. 0. 0. 0. 0. 0. 0. 0.
 0. 0. 0. 0. 0. 0. 0. 0. 0. 0. 0. 0. 0. 0. 0. 0. 0. 0. 0. 0. 0. 0. 0. 0.
 0. 0. 0. 0. 0. 0. 0. 0. 0. 0. 0. 0. 0. 0. 0. 0. 0. 0. 0. 0. 0. 0. 0. 0.
 0. 0. 0. 0. 0. 0. 0. 0. 0. 0. 0. 0. 0. 0. 0. 0. 0. 0. 0. 0. 0. 0. 0. 0.
 0. 0. 0. 0. 0. 0. 0. 0. 0. 0. 0. 0. 0. 0. 0. 0. 0. 0. 0. 0. 0. 0. 0. 0.
 0. 0. 0. 0. 0. 0. 0. 0. 0. 0. 0. 0. 0. 0. 0. 0. 0. 0. 0. 0. 0. 0. 0. 0.
 0. 0. 0. 0. 0. 0. 0. 0. 0. 0. 0. 0. 0. 0. 0. 0. 0. 0. 0. 0. 0. 0. 0. 0.
 0. 0. 0. 0. 0. 0. 0. 0. 0. 0. 0. 0. 0. 0. 0. 0. 0. 0. 0. 0. 0. 0. 0. 0.
 0. 0. 0. 0. 0. 0. 0. 0. 0. 0. 0. 0. 0. 0. 0. 0. 0. 0. 0. 0. 0. 0. 0. 0.
 0. 0. 0. 0. 0. 0. 0. 0. 0. 0. 0. 0. 0. 0. 0. 0. 0. 0. 0. 0. 0. 0. 0. 0.
 0. 0. 0. 0. 0. 0. 0. 0. 0. 0. 0. 0. 0. 0. 0. 0. 0. 0. 0. 0. 0. 0. 0. 0.
 0. 0. 0. 0. 0. 0. 0. 0. 0. 0. 0. 0. 0. 0. 0. 0. 0. 0. 0. 0. 0. 0. 0. 0.
 0. 0. 0. 0. 0. 0. 0. 0. 0. 0. 0. 0. 0. 0. 0. 0. 0. 0. 0. 0. 0. 0. 0. 0.
 0. 0. 0. 0. 0. 0. 0. 0. 0. 0. 0. 0. 0. 0. 0. 0. 0. 0. 0. 0. 0. 0. 0. 0.
 0. 0. 0. 0. 0. 0. 0. 0. 0. 0. 0. 0. 0. 0. 0. 0. 0. 0. 0. 0. 0. 0. 0. 0.]
Write sucessfully to ./data/data_shots_10000_layer_1/alpha_0.01/N_150/r_22/ansatz_type_structure_like_qubo_YZ_2/initialization_zeros

vqe.cvar_eval[0]: -30.191446000000024 , min_cvar: -38.43241600000003 , opt_cvar: -38.43241600000003

vqe.poss_eval[-1]: 0 vqe.poss_eval[0] 0  , max_poss: 0 , opt_poss: 0

vqe.r_eval[-1]: 0.2760581065761741 vqe.r_eval[0]: 0.22384544949705787 max_r: 0.28494565761368035 , min_r: 0.21658015529785457
