000 (15756408.1357.000) 2026-02-06 11:27:01 Job submitted from host: <141.34.103.35:9618?addrs=141.34.103.35-9618+[2001-638-700-f067--1-23]-9618&alias=wgs39.zeuthen.desy.de&noUDP&sock=schedd_7414_f73f>
...
009 (15756408.1357.000) 2026-02-10 11:47:47 Job was aborted.
	via condor_rm (by user tuccia)
...
000 (15951004.905.000) 2026-02-10 16:30:11 Job submitted from host: <141.34.103.35:9618?addrs=141.34.103.35-9618+[2001-638-700-f067--1-23]-9618&alias=wgs39.zeuthen.desy.de&noUDP&sock=schedd_7302_24a3>
...
001 (15951004.905.000) 2026-02-11 04:12:35 Job executing on host: <141.34.103.53:9618?addrs=141.34.103.53-9618+[2001-638-700-f067--1-35]-9618&alias=wgs43.zeuthen.desy.de&noUDP&sock=startd_8324_266d>
	SlotName: slot1_25@wgs43.zeuthen.desy.de
	CondorScratchDir = "/batch/dir_3343407"
	Cpus = 1
	Disk = 1025025
	GPUs = 0
	Memory = 5120
...
006 (15951004.905.000) 2026-02-11 04:12:49 Image size of job updated: 109352
	107  -  MemoryUsage of job (MB)
	109352  -  ResidentSetSize of job (KB)
...
006 (15951004.905.000) 2026-02-11 04:17:50 Image size of job updated: 963316
	563  -  MemoryUsage of job (MB)
	575784  -  ResidentSetSize of job (KB)
...
006 (15951004.905.000) 2026-02-11 04:22:51 Image size of job updated: 963316
	618  -  MemoryUsage of job (MB)
	632732  -  ResidentSetSize of job (KB)
...
006 (15951004.905.000) 2026-02-11 04:27:51 Image size of job updated: 963316
	776  -  MemoryUsage of job (MB)
	794576  -  ResidentSetSize of job (KB)
...
006 (15951004.905.000) 2026-02-11 04:32:52 Image size of job updated: 963316
	777  -  MemoryUsage of job (MB)
	794764  -  ResidentSetSize of job (KB)
...
006 (15951004.905.000) 2026-02-11 04:37:53 Image size of job updated: 963316
	777  -  MemoryUsage of job (MB)
	794960  -  ResidentSetSize of job (KB)
...
006 (15951004.905.000) 2026-02-11 04:42:53 Image size of job updated: 963316
	777  -  MemoryUsage of job (MB)
	795160  -  ResidentSetSize of job (KB)
...
006 (15951004.905.000) 2026-02-11 04:47:54 Image size of job updated: 963316
	777  -  MemoryUsage of job (MB)
	795356  -  ResidentSetSize of job (KB)
...
006 (15951004.905.000) 2026-02-11 04:52:55 Image size of job updated: 963316
	777  -  MemoryUsage of job (MB)
	795556  -  ResidentSetSize of job (KB)
...
006 (15951004.905.000) 2026-02-11 04:57:55 Image size of job updated: 963316
	778  -  MemoryUsage of job (MB)
	795744  -  ResidentSetSize of job (KB)
...
006 (15951004.905.000) 2026-02-11 05:02:56 Image size of job updated: 963316
	779  -  MemoryUsage of job (MB)
	797032  -  ResidentSetSize of job (KB)
...
006 (15951004.905.000) 2026-02-11 05:07:57 Image size of job updated: 963316
	779  -  MemoryUsage of job (MB)
	797220  -  ResidentSetSize of job (KB)
...
006 (15951004.905.000) 2026-02-11 05:12:57 Image size of job updated: 963316
	779  -  MemoryUsage of job (MB)
	797412  -  ResidentSetSize of job (KB)
...
006 (15951004.905.000) 2026-02-11 05:17:58 Image size of job updated: 963316
	779  -  MemoryUsage of job (MB)
	797604  -  ResidentSetSize of job (KB)
...
006 (15951004.905.000) 2026-02-11 05:22:59 Image size of job updated: 963316
	780  -  MemoryUsage of job (MB)
	797808  -  ResidentSetSize of job (KB)
...
006 (15951004.905.000) 2026-02-11 05:27:59 Image size of job updated: 963316
	780  -  MemoryUsage of job (MB)
	798008  -  ResidentSetSize of job (KB)
...
006 (15951004.905.000) 2026-02-11 05:33:00 Image size of job updated: 963316
	780  -  MemoryUsage of job (MB)
	798208  -  ResidentSetSize of job (KB)
...
006 (15951004.905.000) 2026-02-11 05:38:00 Image size of job updated: 963316
	780  -  MemoryUsage of job (MB)
	798396  -  ResidentSetSize of job (KB)
...
006 (15951004.905.000) 2026-02-11 05:43:00 Image size of job updated: 963316
	780  -  MemoryUsage of job (MB)
	798580  -  ResidentSetSize of job (KB)
...
006 (15951004.905.000) 2026-02-11 05:48:01 Image size of job updated: 963316
	781  -  MemoryUsage of job (MB)
	798784  -  ResidentSetSize of job (KB)
...
006 (15951004.905.000) 2026-02-11 05:53:01 Image size of job updated: 963316
	801  -  MemoryUsage of job (MB)
	819820  -  ResidentSetSize of job (KB)
...
006 (15951004.905.000) 2026-02-11 07:28:10 Image size of job updated: 963316
	801  -  MemoryUsage of job (MB)
	820024  -  ResidentSetSize of job (KB)
...
006 (15951004.905.000) 2026-02-11 07:43:11 Image size of job updated: 963316
	803  -  MemoryUsage of job (MB)
	822068  -  ResidentSetSize of job (KB)
...
006 (15951004.905.000) 2026-02-11 08:58:18 Image size of job updated: 963316
	804  -  MemoryUsage of job (MB)
	822424  -  ResidentSetSize of job (KB)
...
