000 (15756407.1417.000) 2026-02-06 11:26:14 Job submitted from host: <141.34.103.35:9618?addrs=141.34.103.35-9618+[2001-638-700-f067--1-23]-9618&alias=wgs39.zeuthen.desy.de&noUDP&sock=schedd_7414_f73f>
...
009 (15756407.1417.000) 2026-02-10 11:42:45 Job was aborted.
	via condor_rm (by user tuccia)
...
000 (15949294.945.000) 2026-02-10 11:45:22 Job submitted from host: <141.34.103.35:9618?addrs=141.34.103.35-9618+[2001-638-700-f067--1-23]-9618&alias=wgs39.zeuthen.desy.de&noUDP&sock=schedd_7302_24a3>
...
009 (15949294.945.000) 2026-02-10 11:45:47 Job was aborted.
	via condor_rm (by user tuccia)
...
000 (15949295.945.000) 2026-02-10 11:46:05 Job submitted from host: <141.34.103.35:9618?addrs=141.34.103.35-9618+[2001-638-700-f067--1-23]-9618&alias=wgs39.zeuthen.desy.de&noUDP&sock=schedd_7302_24a3>
...
001 (15949295.945.000) 2026-02-16 04:16:16 Job executing on host: <141.34.15.62:9618?addrs=141.34.15.62-9618+[2001-638-700-f00f--1-3e]-9618&alias=bladej7.zeuthen.desy.de&noUDP&sock=startd_9466_7795>
	SlotName: slot1_1@bladej7.zeuthen.desy.de
	CondorScratchDir = "/batch/dir_3283467"
	Cpus = 8
	Disk = 1025024
	GPUs = 0
	Memory = 16384
...
006 (15949295.945.000) 2026-02-16 04:16:29 Image size of job updated: 107356
	105  -  MemoryUsage of job (MB)
	107356  -  ResidentSetSize of job (KB)
...
006 (15949295.945.000) 2026-02-16 04:21:29 Image size of job updated: 865708
	727  -  MemoryUsage of job (MB)
	743512  -  ResidentSetSize of job (KB)
...
006 (15949295.945.000) 2026-02-16 04:36:31 Image size of job updated: 865708
	730  -  MemoryUsage of job (MB)
	747188  -  ResidentSetSize of job (KB)
...
006 (15949295.945.000) 2026-02-16 04:41:31 Image size of job updated: 865708
	731  -  MemoryUsage of job (MB)
	748520  -  ResidentSetSize of job (KB)
...
006 (15949295.945.000) 2026-02-16 05:31:38 Image size of job updated: 865708
	732  -  MemoryUsage of job (MB)
	748856  -  ResidentSetSize of job (KB)
...
006 (15949295.945.000) 2026-02-16 05:36:39 Image size of job updated: 865708
	739  -  MemoryUsage of job (MB)
	756212  -  ResidentSetSize of job (KB)
...
006 (15949295.945.000) 2026-02-16 05:46:40 Image size of job updated: 865708
	741  -  MemoryUsage of job (MB)
	758212  -  ResidentSetSize of job (KB)
...
006 (15949295.945.000) 2026-02-16 06:21:45 Image size of job updated: 865708
	743  -  MemoryUsage of job (MB)
	760120  -  ResidentSetSize of job (KB)
...
006 (15949295.945.000) 2026-02-16 06:36:47 Image size of job updated: 865708
	747  -  MemoryUsage of job (MB)
	764172  -  ResidentSetSize of job (KB)
...
006 (15949295.945.000) 2026-02-16 06:41:47 Image size of job updated: 865708
	747  -  MemoryUsage of job (MB)
	764176  -  ResidentSetSize of job (KB)
...
006 (15949295.945.000) 2026-02-16 07:06:50 Image size of job updated: 865708
	750  -  MemoryUsage of job (MB)
	767340  -  ResidentSetSize of job (KB)
...
006 (15949295.945.000) 2026-02-16 07:36:52 Image size of job updated: 865708
	756  -  MemoryUsage of job (MB)
	773308  -  ResidentSetSize of job (KB)
...
006 (15949295.945.000) 2026-02-16 07:46:52 Image size of job updated: 865708
	756  -  MemoryUsage of job (MB)
	773564  -  ResidentSetSize of job (KB)
...
006 (15949295.945.000) 2026-02-16 07:51:53 Image size of job updated: 865708
	756  -  MemoryUsage of job (MB)
	773820  -  ResidentSetSize of job (KB)
...
006 (15949295.945.000) 2026-02-16 07:56:53 Image size of job updated: 865708
	788  -  MemoryUsage of job (MB)
	806316  -  ResidentSetSize of job (KB)
...
006 (15949295.945.000) 2026-02-16 08:01:53 Image size of job updated: 865708
	791  -  MemoryUsage of job (MB)
	809600  -  ResidentSetSize of job (KB)
...
006 (15949295.945.000) 2026-02-16 08:06:54 Image size of job updated: 865708
	826  -  MemoryUsage of job (MB)
	844872  -  ResidentSetSize of job (KB)
...
006 (15949295.945.000) 2026-02-16 08:11:54 Image size of job updated: 872292
	852  -  MemoryUsage of job (MB)
	872292  -  ResidentSetSize of job (KB)
...
006 (15949295.945.000) 2026-02-16 08:16:54 Image size of job updated: 873572
	853  -  MemoryUsage of job (MB)
	873456  -  ResidentSetSize of job (KB)
...
006 (15949295.945.000) 2026-02-16 08:21:55 Image size of job updated: 873700
	854  -  MemoryUsage of job (MB)
	873700  -  ResidentSetSize of job (KB)
...
006 (15949295.945.000) 2026-02-16 08:26:55 Image size of job updated: 873828
	854  -  MemoryUsage of job (MB)
	873700  -  ResidentSetSize of job (KB)
...
006 (15949295.945.000) 2026-02-16 08:31:55 Image size of job updated: 873828
	854  -  MemoryUsage of job (MB)
	873760  -  ResidentSetSize of job (KB)
...
006 (15949295.945.000) 2026-02-16 08:36:56 Image size of job updated: 874084
	854  -  MemoryUsage of job (MB)
	874084  -  ResidentSetSize of job (KB)
...
006 (15949295.945.000) 2026-02-16 08:51:57 Image size of job updated: 892004
	872  -  MemoryUsage of job (MB)
	892004  -  ResidentSetSize of job (KB)
...
006 (15949295.945.000) 2026-02-16 08:56:58 Image size of job updated: 892648
	872  -  MemoryUsage of job (MB)
	892648  -  ResidentSetSize of job (KB)
...
006 (15949295.945.000) 2026-02-16 09:01:58 Image size of job updated: 893080
	873  -  MemoryUsage of job (MB)
	893080  -  ResidentSetSize of job (KB)
...
006 (15949295.945.000) 2026-02-16 09:06:59 Image size of job updated: 893496
	873  -  MemoryUsage of job (MB)
	893496  -  ResidentSetSize of job (KB)
...
006 (15949295.945.000) 2026-02-16 09:32:02 Image size of job updated: 893532
	873  -  MemoryUsage of job (MB)
	893532  -  ResidentSetSize of job (KB)
...
006 (15949295.945.000) 2026-02-16 09:42:04 Image size of job updated: 893908
	873  -  MemoryUsage of job (MB)
	893908  -  ResidentSetSize of job (KB)
...
006 (15949295.945.000) 2026-02-16 09:47:04 Image size of job updated: 894036
	874  -  MemoryUsage of job (MB)
	894036  -  ResidentSetSize of job (KB)
...
006 (15949295.945.000) 2026-02-16 09:52:05 Image size of job updated: 894264
	874  -  MemoryUsage of job (MB)
	894264  -  ResidentSetSize of job (KB)
...
006 (15949295.945.000) 2026-02-16 10:07:07 Image size of job updated: 910392
	890  -  MemoryUsage of job (MB)
	910392  -  ResidentSetSize of job (KB)
...
006 (15949295.945.000) 2026-02-16 10:12:08 Image size of job updated: 921656
	901  -  MemoryUsage of job (MB)
	921656  -  ResidentSetSize of job (KB)
...
006 (15949295.945.000) 2026-02-16 10:17:08 Image size of job updated: 921944
	901  -  MemoryUsage of job (MB)
	921944  -  ResidentSetSize of job (KB)
...
006 (15949295.945.000) 2026-02-16 10:22:09 Image size of job updated: 922188
	901  -  MemoryUsage of job (MB)
	921944  -  ResidentSetSize of job (KB)
...
006 (15949295.945.000) 2026-02-16 10:32:10 Image size of job updated: 922188
	901  -  MemoryUsage of job (MB)
	921968  -  ResidentSetSize of job (KB)
...
006 (15949295.945.000) 2026-02-16 10:37:11 Image size of job updated: 922188
	901  -  MemoryUsage of job (MB)
	922180  -  ResidentSetSize of job (KB)
...
006 (15949295.945.000) 2026-02-16 10:42:12 Image size of job updated: 922188
	901  -  MemoryUsage of job (MB)
	922188  -  ResidentSetSize of job (KB)
...
006 (15949295.945.000) 2026-02-16 10:47:12 Image size of job updated: 922456
	901  -  MemoryUsage of job (MB)
	922456  -  ResidentSetSize of job (KB)
...
006 (15949295.945.000) 2026-02-16 10:57:14 Image size of job updated: 922696
	902  -  MemoryUsage of job (MB)
	922696  -  ResidentSetSize of job (KB)
...
006 (15949295.945.000) 2026-02-16 11:22:15 Image size of job updated: 922836
	902  -  MemoryUsage of job (MB)
	922836  -  ResidentSetSize of job (KB)
...
006 (15949295.945.000) 2026-02-16 11:27:16 Image size of job updated: 923216
	902  -  MemoryUsage of job (MB)
	923216  -  ResidentSetSize of job (KB)
...
006 (15949295.945.000) 2026-02-16 11:47:17 Image size of job updated: 945828
	924  -  MemoryUsage of job (MB)
	945828  -  ResidentSetSize of job (KB)
...
006 (15949295.945.000) 2026-02-16 11:52:17 Image size of job updated: 946084
	924  -  MemoryUsage of job (MB)
	946084  -  ResidentSetSize of job (KB)
...
006 (15949295.945.000) 2026-02-16 11:57:18 Image size of job updated: 947872
	926  -  MemoryUsage of job (MB)
	947872  -  ResidentSetSize of job (KB)
...
006 (15949295.945.000) 2026-02-16 12:02:18 Image size of job updated: 948084
	926  -  MemoryUsage of job (MB)
	948084  -  ResidentSetSize of job (KB)
...
006 (15949295.945.000) 2026-02-16 12:07:18 Image size of job updated: 948284
	926  -  MemoryUsage of job (MB)
	948216  -  ResidentSetSize of job (KB)
...
006 (15949295.945.000) 2026-02-16 12:12:19 Image size of job updated: 948368
	927  -  MemoryUsage of job (MB)
	948368  -  ResidentSetSize of job (KB)
...
006 (15949295.945.000) 2026-02-16 12:22:19 Image size of job updated: 948540
	927  -  MemoryUsage of job (MB)
	948540  -  ResidentSetSize of job (KB)
...
006 (15949295.945.000) 2026-02-16 12:57:24 Image size of job updated: 948740
	927  -  MemoryUsage of job (MB)
	948740  -  ResidentSetSize of job (KB)
...
006 (15949295.945.000) 2026-02-16 13:07:25 Image size of job updated: 948844
	927  -  MemoryUsage of job (MB)
	948844  -  ResidentSetSize of job (KB)
...
006 (15949295.945.000) 2026-02-16 13:17:27 Image size of job updated: 949052
	927  -  MemoryUsage of job (MB)
	949052  -  ResidentSetSize of job (KB)
...
006 (15949295.945.000) 2026-02-16 13:52:31 Image size of job updated: 949108
	927  -  MemoryUsage of job (MB)
	949108  -  ResidentSetSize of job (KB)
...
006 (15949295.945.000) 2026-02-16 14:02:33 Image size of job updated: 949308
	928  -  MemoryUsage of job (MB)
	949308  -  ResidentSetSize of job (KB)
...
006 (15949295.945.000) 2026-02-16 14:17:35 Image size of job updated: 949404
	928  -  MemoryUsage of job (MB)
	949404  -  ResidentSetSize of job (KB)
...
006 (15949295.945.000) 2026-02-16 14:22:35 Image size of job updated: 949564
	928  -  MemoryUsage of job (MB)
	949564  -  ResidentSetSize of job (KB)
...
006 (15949295.945.000) 2026-02-16 14:32:37 Image size of job updated: 949652
	928  -  MemoryUsage of job (MB)
	949652  -  ResidentSetSize of job (KB)
...
006 (15949295.945.000) 2026-02-16 14:42:38 Image size of job updated: 949820
	928  -  MemoryUsage of job (MB)
	949652  -  ResidentSetSize of job (KB)
...
004 (15949295.945.000) 2026-02-16 17:16:25 Job was evicted.
	(0) CPU times
		Usr 2 22:08:49, Sys 0 03:38:22  -  Run Remote Usage
		Usr 0 00:00:00, Sys 0 00:00:00  -  Run Local Usage
	0  -  Run Bytes Sent By Job
	0  -  Run Bytes Received By Job
	Partitionable Resources :    Usage  Request Allocated 
	   Cpus                 :     7.97        8         8 
	   Disk (KB)            :     1     1024000   1025024 
	   GPUs                 :                           0 
	   Memory (MB)          :   928       16384     16384 
	   TimeExecute (s)      : 46808                       
	   TimeSlotBusy (s)     : 46810                       
...
009 (15949295.945.000) 2026-02-16 17:16:25 Job was aborted.
	via condor_rm (by user tuccia)
...
