000 (15756407.1420.000) 2026-02-06 11:26:14 Job submitted from host: <141.34.103.35:9618?addrs=141.34.103.35-9618+[2001-638-700-f067--1-23]-9618&alias=wgs39.zeuthen.desy.de&noUDP&sock=schedd_7414_f73f>
...
009 (15756407.1420.000) 2026-02-10 11:42:45 Job was aborted.
	via condor_rm (by user tuccia)
...
000 (15949294.947.000) 2026-02-10 11:45:22 Job submitted from host: <141.34.103.35:9618?addrs=141.34.103.35-9618+[2001-638-700-f067--1-23]-9618&alias=wgs39.zeuthen.desy.de&noUDP&sock=schedd_7302_24a3>
...
009 (15949294.947.000) 2026-02-10 11:45:47 Job was aborted.
	via condor_rm (by user tuccia)
...
000 (15949295.947.000) 2026-02-10 11:46:05 Job submitted from host: <141.34.103.35:9618?addrs=141.34.103.35-9618+[2001-638-700-f067--1-23]-9618&alias=wgs39.zeuthen.desy.de&noUDP&sock=schedd_7302_24a3>
...
001 (15949295.947.000) 2026-02-16 04:17:24 Job executing on host: <141.34.15.77:9618?addrs=141.34.15.77-9618+[2001-638-700-f00f--1-4d]-9618&alias=bladek4.zeuthen.desy.de&noUDP&sock=startd_10983_00c1>
	SlotName: slot1_2@bladek4.zeuthen.desy.de
	CondorScratchDir = "/batch/dir_837657"
	Cpus = 8
	Disk = 1025024
	GPUs = 0
	Memory = 16384
...
006 (15949295.947.000) 2026-02-16 04:17:37 Image size of job updated: 107352
	105  -  MemoryUsage of job (MB)
	107352  -  ResidentSetSize of job (KB)
...
006 (15949295.947.000) 2026-02-16 04:22:37 Image size of job updated: 939988
	707  -  MemoryUsage of job (MB)
	723724  -  ResidentSetSize of job (KB)
...
006 (15949295.947.000) 2026-02-16 04:27:37 Image size of job updated: 939988
	710  -  MemoryUsage of job (MB)
	726692  -  ResidentSetSize of job (KB)
...
006 (15949295.947.000) 2026-02-16 04:32:38 Image size of job updated: 939988
	714  -  MemoryUsage of job (MB)
	730572  -  ResidentSetSize of job (KB)
...
006 (15949295.947.000) 2026-02-16 05:12:43 Image size of job updated: 939988
	716  -  MemoryUsage of job (MB)
	733072  -  ResidentSetSize of job (KB)
...
006 (15949295.947.000) 2026-02-16 05:27:45 Image size of job updated: 939988
	722  -  MemoryUsage of job (MB)
	739088  -  ResidentSetSize of job (KB)
...
006 (15949295.947.000) 2026-02-16 05:42:46 Image size of job updated: 939988
	724  -  MemoryUsage of job (MB)
	741096  -  ResidentSetSize of job (KB)
...
006 (15949295.947.000) 2026-02-16 06:02:47 Image size of job updated: 939988
	775  -  MemoryUsage of job (MB)
	793316  -  ResidentSetSize of job (KB)
...
006 (15949295.947.000) 2026-02-16 06:07:48 Image size of job updated: 939988
	778  -  MemoryUsage of job (MB)
	796268  -  ResidentSetSize of job (KB)
...
006 (15949295.947.000) 2026-02-16 06:12:48 Image size of job updated: 939988
	779  -  MemoryUsage of job (MB)
	797108  -  ResidentSetSize of job (KB)
...
006 (15949295.947.000) 2026-02-16 06:17:48 Image size of job updated: 939988
	779  -  MemoryUsage of job (MB)
	797252  -  ResidentSetSize of job (KB)
...
006 (15949295.947.000) 2026-02-16 06:22:49 Image size of job updated: 939988
	781  -  MemoryUsage of job (MB)
	798984  -  ResidentSetSize of job (KB)
...
006 (15949295.947.000) 2026-02-16 06:32:50 Image size of job updated: 939988
	784  -  MemoryUsage of job (MB)
	802524  -  ResidentSetSize of job (KB)
...
006 (15949295.947.000) 2026-02-16 06:47:52 Image size of job updated: 939988
	787  -  MemoryUsage of job (MB)
	804912  -  ResidentSetSize of job (KB)
...
006 (15949295.947.000) 2026-02-16 07:17:55 Image size of job updated: 939988
	787  -  MemoryUsage of job (MB)
	804980  -  ResidentSetSize of job (KB)
...
006 (15949295.947.000) 2026-02-16 07:22:55 Image size of job updated: 939988
	788  -  MemoryUsage of job (MB)
	806416  -  ResidentSetSize of job (KB)
...
006 (15949295.947.000) 2026-02-16 07:27:56 Image size of job updated: 939988
	788  -  MemoryUsage of job (MB)
	806784  -  ResidentSetSize of job (KB)
...
006 (15949295.947.000) 2026-02-16 07:32:56 Image size of job updated: 939988
	789  -  MemoryUsage of job (MB)
	807212  -  ResidentSetSize of job (KB)
...
006 (15949295.947.000) 2026-02-16 07:42:57 Image size of job updated: 939988
	789  -  MemoryUsage of job (MB)
	807380  -  ResidentSetSize of job (KB)
...
006 (15949295.947.000) 2026-02-16 07:47:57 Image size of job updated: 939988
	789  -  MemoryUsage of job (MB)
	807632  -  ResidentSetSize of job (KB)
...
006 (15949295.947.000) 2026-02-16 08:18:00 Image size of job updated: 939988
	854  -  MemoryUsage of job (MB)
	874160  -  ResidentSetSize of job (KB)
...
006 (15949295.947.000) 2026-02-16 08:23:00 Image size of job updated: 939988
	855  -  MemoryUsage of job (MB)
	875128  -  ResidentSetSize of job (KB)
...
006 (15949295.947.000) 2026-02-16 08:38:02 Image size of job updated: 939988
	855  -  MemoryUsage of job (MB)
	875196  -  ResidentSetSize of job (KB)
...
006 (15949295.947.000) 2026-02-16 08:43:03 Image size of job updated: 939988
	882  -  MemoryUsage of job (MB)
	902344  -  ResidentSetSize of job (KB)
...
006 (15949295.947.000) 2026-02-16 08:48:04 Image size of job updated: 939988
	882  -  MemoryUsage of job (MB)
	902604  -  ResidentSetSize of job (KB)
...
006 (15949295.947.000) 2026-02-16 08:53:04 Image size of job updated: 939988
	882  -  MemoryUsage of job (MB)
	902664  -  ResidentSetSize of job (KB)
...
006 (15949295.947.000) 2026-02-16 09:08:06 Image size of job updated: 939988
	882  -  MemoryUsage of job (MB)
	902944  -  ResidentSetSize of job (KB)
...
006 (15949295.947.000) 2026-02-16 09:13:07 Image size of job updated: 939988
	883  -  MemoryUsage of job (MB)
	903224  -  ResidentSetSize of job (KB)
...
006 (15949295.947.000) 2026-02-16 09:18:08 Image size of job updated: 939988
	883  -  MemoryUsage of job (MB)
	903480  -  ResidentSetSize of job (KB)
...
006 (15949295.947.000) 2026-02-16 09:43:11 Image size of job updated: 939988
	883  -  MemoryUsage of job (MB)
	903612  -  ResidentSetSize of job (KB)
...
006 (15949295.947.000) 2026-02-16 09:48:12 Image size of job updated: 939988
	883  -  MemoryUsage of job (MB)
	903736  -  ResidentSetSize of job (KB)
...
006 (15949295.947.000) 2026-02-16 10:03:13 Image size of job updated: 939988
	883  -  MemoryUsage of job (MB)
	903940  -  ResidentSetSize of job (KB)
...
006 (15949295.947.000) 2026-02-16 10:08:13 Image size of job updated: 939988
	883  -  MemoryUsage of job (MB)
	903992  -  ResidentSetSize of job (KB)
...
006 (15949295.947.000) 2026-02-16 10:18:14 Image size of job updated: 939988
	883  -  MemoryUsage of job (MB)
	904032  -  ResidentSetSize of job (KB)
...
006 (15949295.947.000) 2026-02-16 10:23:14 Image size of job updated: 939988
	884  -  MemoryUsage of job (MB)
	904248  -  ResidentSetSize of job (KB)
...
006 (15949295.947.000) 2026-02-16 10:33:15 Image size of job updated: 939988
	890  -  MemoryUsage of job (MB)
	910992  -  ResidentSetSize of job (KB)
...
006 (15949295.947.000) 2026-02-16 10:38:15 Image size of job updated: 939988
	890  -  MemoryUsage of job (MB)
	911200  -  ResidentSetSize of job (KB)
...
006 (15949295.947.000) 2026-02-16 10:43:15 Image size of job updated: 939988
	890  -  MemoryUsage of job (MB)
	911304  -  ResidentSetSize of job (KB)
...
006 (15949295.947.000) 2026-02-16 10:48:16 Image size of job updated: 939988
	891  -  MemoryUsage of job (MB)
	911644  -  ResidentSetSize of job (KB)
...
006 (15949295.947.000) 2026-02-16 11:18:18 Image size of job updated: 939988
	891  -  MemoryUsage of job (MB)
	911668  -  ResidentSetSize of job (KB)
...
006 (15949295.947.000) 2026-02-16 11:23:19 Image size of job updated: 939988
	896  -  MemoryUsage of job (MB)
	916900  -  ResidentSetSize of job (KB)
...
006 (15949295.947.000) 2026-02-16 11:28:19 Image size of job updated: 939988
	896  -  MemoryUsage of job (MB)
	917180  -  ResidentSetSize of job (KB)
...
006 (15949295.947.000) 2026-02-16 11:33:20 Image size of job updated: 939988
	896  -  MemoryUsage of job (MB)
	917500  -  ResidentSetSize of job (KB)
...
006 (15949295.947.000) 2026-02-16 11:48:22 Image size of job updated: 939988
	897  -  MemoryUsage of job (MB)
	917536  -  ResidentSetSize of job (KB)
...
006 (15949295.947.000) 2026-02-16 11:58:23 Image size of job updated: 939988
	897  -  MemoryUsage of job (MB)
	917756  -  ResidentSetSize of job (KB)
...
006 (15949295.947.000) 2026-02-16 12:23:27 Image size of job updated: 939988
	897  -  MemoryUsage of job (MB)
	917852  -  ResidentSetSize of job (KB)
...
006 (15949295.947.000) 2026-02-16 12:33:28 Image size of job updated: 939988
	897  -  MemoryUsage of job (MB)
	918012  -  ResidentSetSize of job (KB)
...
006 (15949295.947.000) 2026-02-16 12:48:29 Image size of job updated: 939988
	898  -  MemoryUsage of job (MB)
	918712  -  ResidentSetSize of job (KB)
...
006 (15949295.947.000) 2026-02-16 12:53:30 Image size of job updated: 939988
	898  -  MemoryUsage of job (MB)
	918812  -  ResidentSetSize of job (KB)
...
006 (15949295.947.000) 2026-02-16 13:03:30 Image size of job updated: 939988
	898  -  MemoryUsage of job (MB)
	918972  -  ResidentSetSize of job (KB)
...
006 (15949295.947.000) 2026-02-16 13:13:31 Image size of job updated: 939988
	898  -  MemoryUsage of job (MB)
	919008  -  ResidentSetSize of job (KB)
...
006 (15949295.947.000) 2026-02-16 13:23:32 Image size of job updated: 939988
	898  -  MemoryUsage of job (MB)
	919228  -  ResidentSetSize of job (KB)
...
006 (15949295.947.000) 2026-02-16 13:33:32 Image size of job updated: 939988
	898  -  MemoryUsage of job (MB)
	919256  -  ResidentSetSize of job (KB)
...
006 (15949295.947.000) 2026-02-16 13:43:33 Image size of job updated: 939988
	898  -  MemoryUsage of job (MB)
	919484  -  ResidentSetSize of job (KB)
...
006 (15949295.947.000) 2026-02-16 14:23:37 Image size of job updated: 939988
	901  -  MemoryUsage of job (MB)
	922548  -  ResidentSetSize of job (KB)
...
006 (15949295.947.000) 2026-02-16 14:28:38 Image size of job updated: 939988
	902  -  MemoryUsage of job (MB)
	922848  -  ResidentSetSize of job (KB)
...
006 (15949295.947.000) 2026-02-16 14:33:38 Image size of job updated: 939988
	902  -  MemoryUsage of job (MB)
	923196  -  ResidentSetSize of job (KB)
...
006 (15949295.947.000) 2026-02-16 14:43:39 Image size of job updated: 939988
	918  -  MemoryUsage of job (MB)
	939684  -  ResidentSetSize of job (KB)
...
006 (15949295.947.000) 2026-02-16 14:48:39 Image size of job updated: 940016
	918  -  MemoryUsage of job (MB)
	940016  -  ResidentSetSize of job (KB)
...
006 (15949295.947.000) 2026-02-16 14:53:39 Image size of job updated: 940124
	919  -  MemoryUsage of job (MB)
	940124  -  ResidentSetSize of job (KB)
...
006 (15949295.947.000) 2026-02-16 15:13:41 Image size of job updated: 940368
	919  -  MemoryUsage of job (MB)
	940368  -  ResidentSetSize of job (KB)
...
006 (15949295.947.000) 2026-02-16 16:13:49 Image size of job updated: 940456
	919  -  MemoryUsage of job (MB)
	940456  -  ResidentSetSize of job (KB)
...
006 (15949295.947.000) 2026-02-16 16:23:50 Image size of job updated: 940624
	919  -  MemoryUsage of job (MB)
	940624  -  ResidentSetSize of job (KB)
...
006 (15949295.947.000) 2026-02-16 16:38:52 Image size of job updated: 940680
	919  -  MemoryUsage of job (MB)
	940680  -  ResidentSetSize of job (KB)
...
006 (15949295.947.000) 2026-02-16 16:53:54 Image size of job updated: 940880
	919  -  MemoryUsage of job (MB)
	940880  -  ResidentSetSize of job (KB)
...
004 (15949295.947.000) 2026-02-16 17:16:25 Job was evicted.
	(0) CPU times
		Usr 2 22:20:14, Sys 0 02:08:12  -  Run Remote Usage
		Usr 0 00:00:00, Sys 0 00:00:00  -  Run Local Usage
	0  -  Run Bytes Sent By Job
	0  -  Run Bytes Received By Job
	Partitionable Resources :    Usage  Request Allocated 
	   Cpus                 :     7.95        8         8 
	   Disk (KB)            :     1     1024000   1025024 
	   GPUs                 :                           0 
	   Memory (MB)          :   919       16384     16384 
	   TimeExecute (s)      : 46741                       
	   TimeSlotBusy (s)     : 46742                       
...
009 (15949295.947.000) 2026-02-16 17:16:25 Job was aborted.
	via condor_rm (by user tuccia)
...
