000 (15756408.1371.000) 2026-02-06 11:27:01 Job submitted from host: <141.34.103.35:9618?addrs=141.34.103.35-9618+[2001-638-700-f067--1-23]-9618&alias=wgs39.zeuthen.desy.de&noUDP&sock=schedd_7414_f73f>
...
009 (15756408.1371.000) 2026-02-10 11:47:48 Job was aborted.
	via condor_rm (by user tuccia)
...
000 (15951004.914.000) 2026-02-10 16:30:11 Job submitted from host: <141.34.103.35:9618?addrs=141.34.103.35-9618+[2001-638-700-f067--1-23]-9618&alias=wgs39.zeuthen.desy.de&noUDP&sock=schedd_7302_24a3>
...
001 (15951004.914.000) 2026-02-11 04:12:35 Job executing on host: <141.34.15.84:9618?addrs=141.34.15.84-9618+[2001-638-700-f00f--1-54]-9618&alias=genoa08.zeuthen.desy.de&noUDP&sock=startd_10216_e79d>
	SlotName: slot1_62@genoa08.zeuthen.desy.de
	CondorScratchDir = "/batch/dir_3975130"
	Cpus = 1
	Disk = 1025681
	GPUs = 0
	Memory = 5120
...
006 (15951004.914.000) 2026-02-11 04:12:49 Image size of job updated: 107372
	105  -  MemoryUsage of job (MB)
	107372  -  ResidentSetSize of job (KB)
...
006 (15951004.914.000) 2026-02-11 04:17:50 Image size of job updated: 823344
	610  -  MemoryUsage of job (MB)
	624120  -  ResidentSetSize of job (KB)
...
006 (15951004.914.000) 2026-02-11 04:22:51 Image size of job updated: 823344
	663  -  MemoryUsage of job (MB)
	678796  -  ResidentSetSize of job (KB)
...
006 (15951004.914.000) 2026-02-11 04:27:51 Image size of job updated: 823344
	664  -  MemoryUsage of job (MB)
	679040  -  ResidentSetSize of job (KB)
...
006 (15951004.914.000) 2026-02-11 04:32:52 Image size of job updated: 823344
	664  -  MemoryUsage of job (MB)
	679088  -  ResidentSetSize of job (KB)
...
006 (15951004.914.000) 2026-02-11 04:42:52 Image size of job updated: 823344
	665  -  MemoryUsage of job (MB)
	680004  -  ResidentSetSize of job (KB)
...
006 (15951004.914.000) 2026-02-11 04:52:53 Image size of job updated: 823344
	668  -  MemoryUsage of job (MB)
	684028  -  ResidentSetSize of job (KB)
...
006 (15951004.914.000) 2026-02-11 05:07:55 Image size of job updated: 823344
	669  -  MemoryUsage of job (MB)
	684056  -  ResidentSetSize of job (KB)
...
