000 (15756404.1214.000) 2026-02-06 11:24:37 Job submitted from host: <141.34.103.35:9618?addrs=141.34.103.35-9618+[2001-638-700-f067--1-23]-9618&alias=wgs39.zeuthen.desy.de&noUDP&sock=schedd_7414_f73f>
...
001 (15756404.1214.000) 2026-02-07 08:36:33 Job executing on host: <141.34.15.222:9618?addrs=141.34.15.222-9618+[2001-638-700-f00f--1-de]-9618&alias=pizza30.zeuthen.desy.de&noUDP&sock=startd_8310_8c1a>
	SlotName: slot1_12@pizza30.zeuthen.desy.de
	CondorScratchDir = "/batch/dir_1462145"
	Cpus = 8
	Disk = 1025696
	GPUs = 0
	Memory = 16384
...
006 (15756404.1214.000) 2026-02-07 08:36:47 Image size of job updated: 109428
	107  -  MemoryUsage of job (MB)
	109428  -  ResidentSetSize of job (KB)
...
006 (15756404.1214.000) 2026-02-07 08:41:48 Image size of job updated: 2287644
	2235  -  MemoryUsage of job (MB)
	2287644  -  ResidentSetSize of job (KB)
...
006 (15756404.1214.000) 2026-02-07 08:46:49 Image size of job updated: 2323024
	2267  -  MemoryUsage of job (MB)
	2320436  -  ResidentSetSize of job (KB)
...
006 (15756404.1214.000) 2026-02-07 08:51:49 Image size of job updated: 2346356
	2287  -  MemoryUsage of job (MB)
	2341332  -  ResidentSetSize of job (KB)
...
006 (15756404.1214.000) 2026-02-07 08:56:50 Image size of job updated: 2358820
	2297  -  MemoryUsage of job (MB)
	2352012  -  ResidentSetSize of job (KB)
...
006 (15756404.1214.000) 2026-02-07 09:01:51 Image size of job updated: 2360964
	2305  -  MemoryUsage of job (MB)
	2360184  -  ResidentSetSize of job (KB)
...
006 (15756404.1214.000) 2026-02-07 09:06:51 Image size of job updated: 2365124
	2305  -  MemoryUsage of job (MB)
	2360184  -  ResidentSetSize of job (KB)
...
006 (15756404.1214.000) 2026-02-07 09:16:53 Image size of job updated: 2365452
	2305  -  MemoryUsage of job (MB)
	2360184  -  ResidentSetSize of job (KB)
...
006 (15756404.1214.000) 2026-02-07 09:41:56 Image size of job updated: 2366284
	2305  -  MemoryUsage of job (MB)
	2360184  -  ResidentSetSize of job (KB)
...
006 (15756404.1214.000) 2026-02-07 10:06:59 Image size of job updated: 2366284
	2306  -  MemoryUsage of job (MB)
	2360576  -  ResidentSetSize of job (KB)
...
006 (15756404.1214.000) 2026-02-07 10:12:00 Image size of job updated: 2366740
	2306  -  MemoryUsage of job (MB)
	2360576  -  ResidentSetSize of job (KB)
...
006 (15756404.1214.000) 2026-02-07 10:47:04 Image size of job updated: 2366804
	2311  -  MemoryUsage of job (MB)
	2366436  -  ResidentSetSize of job (KB)
...
006 (15756404.1214.000) 2026-02-07 10:52:04 Image size of job updated: 2367184
	2311  -  MemoryUsage of job (MB)
	2366436  -  ResidentSetSize of job (KB)
...
006 (15756404.1214.000) 2026-02-07 11:17:06 Image size of job updated: 2367456
	2311  -  MemoryUsage of job (MB)
	2366436  -  ResidentSetSize of job (KB)
...
006 (15756404.1214.000) 2026-02-07 11:32:07 Image size of job updated: 2367576
	2311  -  MemoryUsage of job (MB)
	2366436  -  ResidentSetSize of job (KB)
...
006 (15756404.1214.000) 2026-02-07 11:37:08 Image size of job updated: 2367848
	2311  -  MemoryUsage of job (MB)
	2366436  -  ResidentSetSize of job (KB)
...
006 (15756404.1214.000) 2026-02-07 11:47:09 Image size of job updated: 2368144
	2311  -  MemoryUsage of job (MB)
	2366436  -  ResidentSetSize of job (KB)
...
006 (15756404.1214.000) 2026-02-07 11:52:10 Image size of job updated: 2368248
	2311  -  MemoryUsage of job (MB)
	2366436  -  ResidentSetSize of job (KB)
...
006 (15756404.1214.000) 2026-02-07 11:57:10 Image size of job updated: 2368264
	2311  -  MemoryUsage of job (MB)
	2366436  -  ResidentSetSize of job (KB)
...
006 (15756404.1214.000) 2026-02-07 12:07:12 Image size of job updated: 2368712
	2311  -  MemoryUsage of job (MB)
	2366436  -  ResidentSetSize of job (KB)
...
006 (15756404.1214.000) 2026-02-07 12:27:13 Image size of job updated: 2368968
	2311  -  MemoryUsage of job (MB)
	2366436  -  ResidentSetSize of job (KB)
...
006 (15756404.1214.000) 2026-02-07 12:32:13 Image size of job updated: 2369232
	2311  -  MemoryUsage of job (MB)
	2366436  -  ResidentSetSize of job (KB)
...
006 (15756404.1214.000) 2026-02-07 16:22:35 Image size of job updated: 2369348
	2311  -  MemoryUsage of job (MB)
	2366436  -  ResidentSetSize of job (KB)
...
006 (15756404.1214.000) 2026-02-07 16:47:37 Image size of job updated: 2369472
	2311  -  MemoryUsage of job (MB)
	2366436  -  ResidentSetSize of job (KB)
...
006 (15756404.1214.000) 2026-02-07 17:07:40 Image size of job updated: 2369908
	2311  -  MemoryUsage of job (MB)
	2366436  -  ResidentSetSize of job (KB)
...
006 (15756404.1214.000) 2026-02-07 17:27:42 Image size of job updated: 2370044
	2311  -  MemoryUsage of job (MB)
	2366436  -  ResidentSetSize of job (KB)
...
006 (15756404.1214.000) 2026-02-07 17:37:44 Image size of job updated: 2370096
	2311  -  MemoryUsage of job (MB)
	2366436  -  ResidentSetSize of job (KB)
...
006 (15756404.1214.000) 2026-02-07 18:02:45 Image size of job updated: 2370224
	2311  -  MemoryUsage of job (MB)
	2366436  -  ResidentSetSize of job (KB)
...
006 (15756404.1214.000) 2026-02-07 18:07:46 Image size of job updated: 2370648
	2311  -  MemoryUsage of job (MB)
	2366436  -  ResidentSetSize of job (KB)
...
006 (15756404.1214.000) 2026-02-07 18:17:46 Image size of job updated: 2371024
	2311  -  MemoryUsage of job (MB)
	2366436  -  ResidentSetSize of job (KB)
...
006 (15756404.1214.000) 2026-02-07 18:57:51 Image size of job updated: 2371068
	2311  -  MemoryUsage of job (MB)
	2366436  -  ResidentSetSize of job (KB)
...
006 (15756404.1214.000) 2026-02-07 19:02:51 Image size of job updated: 2371248
	2311  -  MemoryUsage of job (MB)
	2366436  -  ResidentSetSize of job (KB)
...
006 (15756404.1214.000) 2026-02-07 19:17:53 Image size of job updated: 2371504
	2311  -  MemoryUsage of job (MB)
	2366436  -  ResidentSetSize of job (KB)
...
006 (15756404.1214.000) 2026-02-07 21:43:08 Image size of job updated: 2371504
	2313  -  MemoryUsage of job (MB)
	2367592  -  ResidentSetSize of job (KB)
...
006 (15756404.1214.000) 2026-02-07 23:13:17 Image size of job updated: 2371504
	2314  -  MemoryUsage of job (MB)
	2368756  -  ResidentSetSize of job (KB)
...
006 (15756404.1214.000) 2026-02-08 00:28:25 Image size of job updated: 2371504
	2315  -  MemoryUsage of job (MB)
	2370152  -  ResidentSetSize of job (KB)
...
006 (15756404.1214.000) 2026-02-08 00:33:25 Image size of job updated: 2371504
	2315  -  MemoryUsage of job (MB)
	2370156  -  ResidentSetSize of job (KB)
...
006 (15756404.1214.000) 2026-02-08 02:08:35 Image size of job updated: 2371864
	2315  -  MemoryUsage of job (MB)
	2370156  -  ResidentSetSize of job (KB)
...
006 (15756404.1214.000) 2026-02-08 02:28:37 Image size of job updated: 2372360
	2315  -  MemoryUsage of job (MB)
	2370156  -  ResidentSetSize of job (KB)
...
006 (15756404.1214.000) 2026-02-08 20:35:29 Image size of job updated: 2372360
	2315  -  MemoryUsage of job (MB)
	2370456  -  ResidentSetSize of job (KB)
...
006 (15756404.1214.000) 2026-02-08 20:40:29 Image size of job updated: 2372360
	2315  -  MemoryUsage of job (MB)
	2370460  -  ResidentSetSize of job (KB)
...
006 (15756404.1214.000) 2026-02-08 22:45:40 Image size of job updated: 2372416
	2315  -  MemoryUsage of job (MB)
	2370460  -  ResidentSetSize of job (KB)
...
021 (15756404.1214.000) 2026-02-09 08:36:34 Error from starter on slot1_12@pizza30.zeuthen.desy.de:
	runtime exceeded maximum (target.Runtime seconds)
	Code 21 Subcode 103
...
004 (15756404.1214.000) 2026-02-09 08:36:34 Job was evicted.
	(0) CPU times
		Usr 3 14:12:40, Sys 0 13:41:23  -  Run Remote Usage
		Usr 0 00:00:00, Sys 0 00:00:00  -  Run Local Usage
	0  -  Run Bytes Sent By Job
	0  -  Run Bytes Received By Job
	Error from slot1_12@pizza30.zeuthen.desy.de: runtime exceeded maximum (target.Runtime seconds)
	Partitionable Resources :     Usage  Request Allocated 
	   Cpus                 :      7.94        8         8 
	   Disk (KB)            :      1     1024000   1025696 
	   GPUs                 :                            0 
	   Memory (MB)          :   2315       16384     16384 
	   TimeSlotBusy (s)     : 172801                       
...
012 (15756404.1214.000) 2026-02-09 08:36:34 Job was held.
	Error from slot1_12@pizza30.zeuthen.desy.de: runtime exceeded maximum (target.Runtime seconds)
	Code 21 Subcode 103
...
