000 (15756407.1456.000) 2026-02-06 11:26:14 Job submitted from host: <141.34.103.35:9618?addrs=141.34.103.35-9618+[2001-638-700-f067--1-23]-9618&alias=wgs39.zeuthen.desy.de&noUDP&sock=schedd_7414_f73f>
...
009 (15756407.1456.000) 2026-02-10 11:42:46 Job was aborted.
	via condor_rm (by user tuccia)
...
000 (15949294.971.000) 2026-02-10 11:45:22 Job submitted from host: <141.34.103.35:9618?addrs=141.34.103.35-9618+[2001-638-700-f067--1-23]-9618&alias=wgs39.zeuthen.desy.de&noUDP&sock=schedd_7302_24a3>
...
009 (15949294.971.000) 2026-02-10 11:45:47 Job was aborted.
	via condor_rm (by user tuccia)
...
000 (15949295.971.000) 2026-02-10 11:46:05 Job submitted from host: <141.34.103.35:9618?addrs=141.34.103.35-9618+[2001-638-700-f067--1-23]-9618&alias=wgs39.zeuthen.desy.de&noUDP&sock=schedd_7302_24a3>
...
001 (15949295.971.000) 2026-02-16 05:33:10 Job executing on host: <141.34.15.46:9618?addrs=141.34.15.46-9618+[2001-638-700-f00f--1-2e]-9618&alias=pizza17.zeuthen.desy.de&noUDP&sock=startd_8231_5c1f>
	SlotName: slot1_5@pizza17.zeuthen.desy.de
	CondorScratchDir = "/batch/dir_2105725"
	Cpus = 8
	Disk = 1025696
	GPUs = 0
	Memory = 16384
...
006 (15949295.971.000) 2026-02-16 05:33:24 Image size of job updated: 109416
	107  -  MemoryUsage of job (MB)
	109416  -  ResidentSetSize of job (KB)
...
006 (15949295.971.000) 2026-02-16 05:38:25 Image size of job updated: 1047876
	720  -  MemoryUsage of job (MB)
	736668  -  ResidentSetSize of job (KB)
...
006 (15949295.971.000) 2026-02-16 05:43:25 Image size of job updated: 1047876
	739  -  MemoryUsage of job (MB)
	755892  -  ResidentSetSize of job (KB)
...
006 (15949295.971.000) 2026-02-16 06:03:26 Image size of job updated: 1047876
	739  -  MemoryUsage of job (MB)
	756172  -  ResidentSetSize of job (KB)
...
006 (15949295.971.000) 2026-02-16 06:08:27 Image size of job updated: 1047876
	739  -  MemoryUsage of job (MB)
	756176  -  ResidentSetSize of job (KB)
...
006 (15949295.971.000) 2026-02-16 06:28:28 Image size of job updated: 1047876
	740  -  MemoryUsage of job (MB)
	757676  -  ResidentSetSize of job (KB)
...
006 (15949295.971.000) 2026-02-16 06:38:29 Image size of job updated: 1047876
	742  -  MemoryUsage of job (MB)
	758904  -  ResidentSetSize of job (KB)
...
006 (15949295.971.000) 2026-02-16 06:48:29 Image size of job updated: 1047876
	742  -  MemoryUsage of job (MB)
	759396  -  ResidentSetSize of job (KB)
...
006 (15949295.971.000) 2026-02-16 06:53:30 Image size of job updated: 1047876
	752  -  MemoryUsage of job (MB)
	769104  -  ResidentSetSize of job (KB)
...
006 (15949295.971.000) 2026-02-16 06:58:30 Image size of job updated: 1047876
	753  -  MemoryUsage of job (MB)
	770120  -  ResidentSetSize of job (KB)
...
006 (15949295.971.000) 2026-02-16 07:13:31 Image size of job updated: 1047876
	755  -  MemoryUsage of job (MB)
	772864  -  ResidentSetSize of job (KB)
...
006 (15949295.971.000) 2026-02-16 07:33:32 Image size of job updated: 1047876
	756  -  MemoryUsage of job (MB)
	773128  -  ResidentSetSize of job (KB)
...
006 (15949295.971.000) 2026-02-16 07:38:33 Image size of job updated: 1047876
	756  -  MemoryUsage of job (MB)
	773132  -  ResidentSetSize of job (KB)
...
006 (15949295.971.000) 2026-02-16 07:53:34 Image size of job updated: 1047876
	756  -  MemoryUsage of job (MB)
	773704  -  ResidentSetSize of job (KB)
...
006 (15949295.971.000) 2026-02-16 07:58:34 Image size of job updated: 1047876
	758  -  MemoryUsage of job (MB)
	775584  -  ResidentSetSize of job (KB)
...
006 (15949295.971.000) 2026-02-16 08:28:38 Image size of job updated: 1047876
	759  -  MemoryUsage of job (MB)
	776280  -  ResidentSetSize of job (KB)
...
006 (15949295.971.000) 2026-02-16 08:33:39 Image size of job updated: 1047876
	759  -  MemoryUsage of job (MB)
	776284  -  ResidentSetSize of job (KB)
...
006 (15949295.971.000) 2026-02-16 08:53:42 Image size of job updated: 1047876
	785  -  MemoryUsage of job (MB)
	803488  -  ResidentSetSize of job (KB)
...
006 (15949295.971.000) 2026-02-16 08:58:42 Image size of job updated: 1047876
	804  -  MemoryUsage of job (MB)
	822492  -  ResidentSetSize of job (KB)
...
006 (15949295.971.000) 2026-02-16 09:03:44 Image size of job updated: 1047876
	804  -  MemoryUsage of job (MB)
	822996  -  ResidentSetSize of job (KB)
...
006 (15949295.971.000) 2026-02-16 09:08:44 Image size of job updated: 1047876
	872  -  MemoryUsage of job (MB)
	892536  -  ResidentSetSize of job (KB)
...
006 (15949295.971.000) 2026-02-16 09:13:44 Image size of job updated: 1047876
	873  -  MemoryUsage of job (MB)
	893688  -  ResidentSetSize of job (KB)
...
006 (15949295.971.000) 2026-02-16 09:18:45 Image size of job updated: 1047876
	895  -  MemoryUsage of job (MB)
	915912  -  ResidentSetSize of job (KB)
...
006 (15949295.971.000) 2026-02-16 09:23:46 Image size of job updated: 1047876
	896  -  MemoryUsage of job (MB)
	916772  -  ResidentSetSize of job (KB)
...
006 (15949295.971.000) 2026-02-16 09:28:46 Image size of job updated: 1047876
	897  -  MemoryUsage of job (MB)
	917516  -  ResidentSetSize of job (KB)
...
006 (15949295.971.000) 2026-02-16 09:33:47 Image size of job updated: 1047876
	914  -  MemoryUsage of job (MB)
	935848  -  ResidentSetSize of job (KB)
...
006 (15949295.971.000) 2026-02-16 09:38:47 Image size of job updated: 1047876
	927  -  MemoryUsage of job (MB)
	948400  -  ResidentSetSize of job (KB)
...
006 (15949295.971.000) 2026-02-16 09:43:47 Image size of job updated: 1047876
	927  -  MemoryUsage of job (MB)
	948748  -  ResidentSetSize of job (KB)
...
006 (15949295.971.000) 2026-02-16 09:48:48 Image size of job updated: 1047876
	933  -  MemoryUsage of job (MB)
	954936  -  ResidentSetSize of job (KB)
...
006 (15949295.971.000) 2026-02-16 09:53:48 Image size of job updated: 1047876
	933  -  MemoryUsage of job (MB)
	955352  -  ResidentSetSize of job (KB)
...
006 (15949295.971.000) 2026-02-16 09:58:48 Image size of job updated: 1047876
	934  -  MemoryUsage of job (MB)
	955608  -  ResidentSetSize of job (KB)
...
006 (15949295.971.000) 2026-02-16 10:08:49 Image size of job updated: 1047876
	934  -  MemoryUsage of job (MB)
	955844  -  ResidentSetSize of job (KB)
...
006 (15949295.971.000) 2026-02-16 10:23:50 Image size of job updated: 1047876
	934  -  MemoryUsage of job (MB)
	956124  -  ResidentSetSize of job (KB)
...
006 (15949295.971.000) 2026-02-16 10:43:51 Image size of job updated: 1047876
	934  -  MemoryUsage of job (MB)
	956232  -  ResidentSetSize of job (KB)
...
006 (15949295.971.000) 2026-02-16 10:48:52 Image size of job updated: 1047876
	955  -  MemoryUsage of job (MB)
	977172  -  ResidentSetSize of job (KB)
...
006 (15949295.971.000) 2026-02-16 10:53:52 Image size of job updated: 1047876
	955  -  MemoryUsage of job (MB)
	977452  -  ResidentSetSize of job (KB)
...
006 (15949295.971.000) 2026-02-16 11:03:54 Image size of job updated: 1047876
	955  -  MemoryUsage of job (MB)
	977772  -  ResidentSetSize of job (KB)
...
006 (15949295.971.000) 2026-02-16 11:13:55 Image size of job updated: 1047876
	955  -  MemoryUsage of job (MB)
	977896  -  ResidentSetSize of job (KB)
...
006 (15949295.971.000) 2026-02-16 11:18:56 Image size of job updated: 1047876
	956  -  MemoryUsage of job (MB)
	978280  -  ResidentSetSize of job (KB)
...
006 (15949295.971.000) 2026-02-16 11:49:00 Image size of job updated: 1047876
	956  -  MemoryUsage of job (MB)
	978340  -  ResidentSetSize of job (KB)
...
006 (15949295.971.000) 2026-02-16 12:14:02 Image size of job updated: 1047876
	956  -  MemoryUsage of job (MB)
	978648  -  ResidentSetSize of job (KB)
...
006 (15949295.971.000) 2026-02-16 12:19:03 Image size of job updated: 1047876
	956  -  MemoryUsage of job (MB)
	978896  -  ResidentSetSize of job (KB)
...
006 (15949295.971.000) 2026-02-16 12:59:06 Image size of job updated: 1047876
	957  -  MemoryUsage of job (MB)
	979008  -  ResidentSetSize of job (KB)
...
006 (15949295.971.000) 2026-02-16 13:04:07 Image size of job updated: 1047876
	957  -  MemoryUsage of job (MB)
	979152  -  ResidentSetSize of job (KB)
...
006 (15949295.971.000) 2026-02-16 13:09:07 Image size of job updated: 1047876
	957  -  MemoryUsage of job (MB)
	979368  -  ResidentSetSize of job (KB)
...
006 (15949295.971.000) 2026-02-16 13:24:08 Image size of job updated: 1047876
	957  -  MemoryUsage of job (MB)
	979584  -  ResidentSetSize of job (KB)
...
006 (15949295.971.000) 2026-02-16 13:39:09 Image size of job updated: 1047876
	957  -  MemoryUsage of job (MB)
	979608  -  ResidentSetSize of job (KB)
...
006 (15949295.971.000) 2026-02-16 13:44:09 Image size of job updated: 1047876
	957  -  MemoryUsage of job (MB)
	979664  -  ResidentSetSize of job (KB)
...
006 (15949295.971.000) 2026-02-16 14:09:11 Image size of job updated: 1047876
	957  -  MemoryUsage of job (MB)
	979884  -  ResidentSetSize of job (KB)
...
006 (15949295.971.000) 2026-02-16 14:34:13 Image size of job updated: 1047876
	957  -  MemoryUsage of job (MB)
	979956  -  ResidentSetSize of job (KB)
...
006 (15949295.971.000) 2026-02-16 14:44:13 Image size of job updated: 1047876
	958  -  MemoryUsage of job (MB)
	979972  -  ResidentSetSize of job (KB)
...
006 (15949295.971.000) 2026-02-16 15:04:15 Image size of job updated: 1047876
	958  -  MemoryUsage of job (MB)
	980080  -  ResidentSetSize of job (KB)
...
006 (15949295.971.000) 2026-02-16 15:54:20 Image size of job updated: 1047876
	958  -  MemoryUsage of job (MB)
	980140  -  ResidentSetSize of job (KB)
...
006 (15949295.971.000) 2026-02-16 15:59:20 Image size of job updated: 1047876
	966  -  MemoryUsage of job (MB)
	988572  -  ResidentSetSize of job (KB)
...
006 (15949295.971.000) 2026-02-16 16:04:21 Image size of job updated: 1047876
	966  -  MemoryUsage of job (MB)
	988656  -  ResidentSetSize of job (KB)
...
006 (15949295.971.000) 2026-02-16 16:09:21 Image size of job updated: 1047876
	966  -  MemoryUsage of job (MB)
	988732  -  ResidentSetSize of job (KB)
...
006 (15949295.971.000) 2026-02-16 16:14:22 Image size of job updated: 1047876
	966  -  MemoryUsage of job (MB)
	988800  -  ResidentSetSize of job (KB)
...
006 (15949295.971.000) 2026-02-16 16:19:23 Image size of job updated: 1047876
	966  -  MemoryUsage of job (MB)
	989000  -  ResidentSetSize of job (KB)
...
006 (15949295.971.000) 2026-02-16 16:24:23 Image size of job updated: 1047876
	966  -  MemoryUsage of job (MB)
	989112  -  ResidentSetSize of job (KB)
...
006 (15949295.971.000) 2026-02-16 16:29:24 Image size of job updated: 1047876
	970  -  MemoryUsage of job (MB)
	992304  -  ResidentSetSize of job (KB)
...
006 (15949295.971.000) 2026-02-16 16:34:24 Image size of job updated: 1047876
	970  -  MemoryUsage of job (MB)
	992372  -  ResidentSetSize of job (KB)
...
006 (15949295.971.000) 2026-02-16 16:39:25 Image size of job updated: 1047876
	970  -  MemoryUsage of job (MB)
	992452  -  ResidentSetSize of job (KB)
...
006 (15949295.971.000) 2026-02-16 16:44:25 Image size of job updated: 1047876
	970  -  MemoryUsage of job (MB)
	992520  -  ResidentSetSize of job (KB)
...
006 (15949295.971.000) 2026-02-16 16:49:26 Image size of job updated: 1047876
	970  -  MemoryUsage of job (MB)
	992932  -  ResidentSetSize of job (KB)
...
006 (15949295.971.000) 2026-02-16 16:54:27 Image size of job updated: 1047876
	970  -  MemoryUsage of job (MB)
	993144  -  ResidentSetSize of job (KB)
...
006 (15949295.971.000) 2026-02-16 17:09:29 Image size of job updated: 1047876
	971  -  MemoryUsage of job (MB)
	993336  -  ResidentSetSize of job (KB)
...
004 (15949295.971.000) 2026-02-16 17:16:26 Job was evicted.
	(0) CPU times
		Usr 2 12:31:03, Sys 0 04:28:41  -  Run Remote Usage
		Usr 0 00:00:00, Sys 0 00:00:00  -  Run Local Usage
	0  -  Run Bytes Sent By Job
	0  -  Run Bytes Received By Job
	Partitionable Resources :    Usage  Request Allocated 
	   Cpus                 :     7.93        8         8 
	   Disk (KB)            :     1     1024000   1025696 
	   GPUs                 :                           0 
	   Memory (MB)          :   971       16384     16384 
	   TimeExecute (s)      : 42195                       
	   TimeSlotBusy (s)     : 42196                       
...
009 (15949295.971.000) 2026-02-16 17:16:26 Job was aborted.
	via condor_rm (by user tuccia)
...
