~~~~~~~~~~~~~~~~~~~~~~~~~~~~~~

n_qubits: 150, 
r: 5, 
alpha: 0.01, 
shots: 10000, 
ansatz: linear_cnot, 
layer: 1, 
tau: 0.3

time for simulated annealing:  142.0754897594452
Rank 1: Bitstring=000111111010110100010100110110110100101100011110101010011101011100101011101001000010100011001100011111000101001011100001010111000100001111010100001111, Decimal=176600155939739382138260327489451688601908495, Energy=-144.6411
Rank 2: Bitstring=000111111010110100010100110110110100101100011110101010011101011000101011101001000010100011001100011111000101001011100001010111000100001111010100001110, Decimal=176600155939739382060889075034115421420713230, Energy=-144.4627
Rank 3: Bitstring=000111111010110100011100110110110100101100011110101010011101011100101011101001000010100011001100011111000101001011100001010111001100001111010100001111, Decimal=176600836504473224015187254238666552140428559, Energy=-144.4125
Rank 4: Bitstring=000111111110110100011100110110110100101100011110101010011101011100101011101001000010100011001100011111000101001010100001010111001100001111010100001111, Decimal=177994633079381387961533236630707006015075599, Energy=-144.3755
Rank 5: Bitstring=000111111010110100011100110110110100101100011110101010011101011000101011101001000010100011001100011111000101001011100001010111001100001111010100001110, Decimal=176600836504473223937816001783330284959233294, Energy=-144.2341
Rank 6: Bitstring=000111111110110100011100110110110100101100011110101010011101011000101011101001000010100011001100011111000101001010100001010111001100001111010100001110, Decimal=177994633079381387884161984175370738833880334, Energy=-144.1971
Rank 7: Bitstring=000111111010110100011100110110110100101100011110101010011101011100100011101001000010100011001100011111000101001011100001010111011100001111010100001111, Decimal=176600836504473224012769402599437293795210511, Energy=-144.0897
Rank 8: Bitstring=000111111110110100011100110110110100101100011110101010011101011100100011101001000010100011001100011111000101001010100001010111011100001111010100001111, Decimal=177994633079381387959115384991477747669857551, Energy=-144.0527
Rank 9: Bitstring=000111111010110100010100110110110100101100011110101010011101011000101011101001000010100011001100010111000101001011100001000111000100001111010100001110, Decimal=176600155939739382060889075031863621338592526, Energy=-144.0393
Rank 10: Bitstring=000111111010010100010100110110110100101100011110101010011101011100101011101001000010100011001100011110000101001011100001010111000100001111010100001111, Decimal=176425931367875861644967079690165148300932367, Energy=-143.9937

E_min from simulated annealing:  -144.6411
Minimum energy: -144.6411
States with energy within 1e-08 of minimum: [176600155939739382138260327489451688601908495]
4


################## Start optimization with initial parameters: [0. 0. 0. 0. 0. 0. 0. 0. 0. 0. 0. 0. 0. 0. 0. 0. 0. 0. 0. 0. 0. 0. 0. 0.
 0. 0. 0. 0. 0. 0. 0. 0. 0. 0. 0. 0. 0. 0. 0. 0. 0. 0. 0. 0. 0. 0. 0. 0.
 0. 0. 0. 0. 0. 0. 0. 0. 0. 0. 0. 0. 0. 0. 0. 0. 0. 0. 0. 0. 0. 0. 0. 0.
 0. 0. 0. 0. 0. 0. 0. 0. 0. 0. 0. 0. 0. 0. 0. 0. 0. 0. 0. 0. 0. 0. 0. 0.
 0. 0. 0. 0. 0. 0. 0. 0. 0. 0. 0. 0. 0. 0. 0. 0. 0. 0. 0. 0. 0. 0. 0. 0.
 0. 0. 0. 0. 0. 0. 0. 0. 0. 0. 0. 0. 0. 0. 0. 0. 0. 0. 0. 0. 0. 0. 0. 0.
 0. 0. 0. 0. 0. 0. 0. 0. 0. 0. 0. 0. 0. 0. 0. 0. 0. 0. 0. 0. 0. 0. 0. 0.
 0. 0. 0. 0. 0. 0. 0. 0. 0. 0. 0. 0. 0. 0. 0. 0. 0. 0. 0. 0. 0. 0. 0. 0.
 0. 0. 0. 0. 0. 0. 0. 0. 0. 0. 0. 0. 0. 0. 0. 0. 0. 0. 0. 0. 0. 0. 0. 0.
 0. 0. 0. 0. 0. 0. 0. 0. 0. 0. 0. 0. 0. 0. 0. 0. 0. 0. 0. 0. 0. 0. 0. 0.
 0. 0. 0. 0. 0. 0. 0. 0. 0. 0. 0. 0. 0. 0. 0. 0. 0. 0. 0. 0. 0. 0. 0. 0.
 0. 0. 0. 0. 0. 0. 0. 0. 0. 0. 0. 0. 0. 0. 0. 0. 0. 0. 0. 0. 0. 0. 0. 0.
 0. 0. 0. 0. 0. 0. 0. 0. 0. 0. 0. 0. 0. 0. 0. 0. 0. 0. 0. 0. 0. 0. 0. 0.
 0. 0. 0. 0. 0. 0. 0. 0. 0. 0. 0. 0. 0. 0. 0. 0. 0. 0. 0. 0. 0. 0. 0. 0.
 0. 0. 0. 0. 0. 0. 0. 0. 0. 0. 0. 0. 0. 0. 0. 0. 0. 0. 0. 0. 0. 0. 0. 0.
 0. 0. 0. 0. 0. 0. 0. 0. 0. 0. 0. 0. 0. 0. 0. 0. 0. 0. 0. 0. 0. 0. 0. 0.
 0. 0. 0. 0. 0. 0. 0. 0. 0. 0. 0. 0. 0. 0. 0. 0. 0. 0. 0. 0. 0. 0. 0. 0.
 0. 0. 0. 0. 0. 0. 0. 0. 0. 0. 0. 0. 0. 0. 0. 0. 0. 0. 0. 0. 0. 0. 0. 0.
 0. 0. 0. 0. 0. 0. 0. 0. 0. 0. 0. 0. 0. 0. 0. 0. 0. 0. 0. 0. 0. 0. 0. 0.
 0. 0. 0. 0. 0. 0. 0. 0. 0. 0. 0. 0. 0. 0. 0. 0. 0. 0. 0. 0. 0. 0. 0. 0.
 0. 0. 0. 0. 0. 0. 0. 0. 0. 0. 0. 0. 0. 0. 0. 0. 0. 0. 0. 0. 0. 0. 0. 0.
 0. 0. 0. 0. 0. 0. 0. 0. 0. 0. 0. 0. 0. 0. 0. 0. 0. 0. 0. 0. 0. 0. 0. 0.
 0. 0. 0. 0. 0. 0. 0. 0. 0. 0. 0. 0. 0. 0. 0. 0. 0. 0. 0. 0. 0. 0. 0. 0.
 0. 0. 0. 0. 0. 0. 0. 0. 0. 0. 0. 0. 0. 0. 0. 0. 0. 0. 0. 0. 0. 0. 0. 0.
 0. 0. 0. 0. 0. 0. 0. 0. 0. 0. 0. 0. 0. 0. 0. 0. 0. 0. 0. 0. 0. 0. 0. 0.]
Write sucessfully to ./data/data_shots_10000_layer_1/alpha_0.01/N_150/r_5/ansatz_type_linear_cnot/initialization_zeros

vqe.cvar_eval[0]: -30.886036000000015 , min_cvar: -40.78480800000003 , opt_cvar: -40.78480800000003

vqe.poss_eval[-1]: 0 vqe.poss_eval[0] 0  , max_poss: 0 , opt_poss: 0

vqe.r_eval[-1]: 0.2731284814620465 vqe.r_eval[0]: 0.21353568245816726 max_r: 0.28197246840628304 , min_r: 0.20825268889686294
