000 (15756408.1482.000) 2026-02-06 11:27:01 Job submitted from host: <141.34.103.35:9618?addrs=141.34.103.35-9618+[2001-638-700-f067--1-23]-9618&alias=wgs39.zeuthen.desy.de&noUDP&sock=schedd_7414_f73f>
...
009 (15756408.1482.000) 2026-02-10 11:47:49 Job was aborted.
	via condor_rm (by user tuccia)
...
000 (15951004.988.000) 2026-02-10 16:30:12 Job submitted from host: <141.34.103.35:9618?addrs=141.34.103.35-9618+[2001-638-700-f067--1-23]-9618&alias=wgs39.zeuthen.desy.de&noUDP&sock=schedd_7302_24a3>
...
001 (15951004.988.000) 2026-02-11 04:14:36 Job executing on host: <141.34.15.51:9618?addrs=141.34.15.51-9618+[2001-638-700-f00f--1-33]-9618&alias=pizza22.zeuthen.desy.de&noUDP&sock=startd_8302_0f58>
	SlotName: slot1_22@pizza22.zeuthen.desy.de
	CondorScratchDir = "/batch/dir_3232118"
	Cpus = 1
	Disk = 1025696
	GPUs = 0
	Memory = 5120
...
006 (15951004.988.000) 2026-02-11 04:14:49 Image size of job updated: 109416
	107  -  MemoryUsage of job (MB)
	109416  -  ResidentSetSize of job (KB)
...
006 (15951004.988.000) 2026-02-11 04:19:49 Image size of job updated: 953592
	558  -  MemoryUsage of job (MB)
	571076  -  ResidentSetSize of job (KB)
...
006 (15951004.988.000) 2026-02-11 04:24:49 Image size of job updated: 953592
	613  -  MemoryUsage of job (MB)
	627580  -  ResidentSetSize of job (KB)
...
006 (15951004.988.000) 2026-02-11 04:29:50 Image size of job updated: 953592
	658  -  MemoryUsage of job (MB)
	673332  -  ResidentSetSize of job (KB)
...
006 (15951004.988.000) 2026-02-11 04:34:50 Image size of job updated: 953592
	658  -  MemoryUsage of job (MB)
	673528  -  ResidentSetSize of job (KB)
...
006 (15951004.988.000) 2026-02-11 04:39:50 Image size of job updated: 953592
	661  -  MemoryUsage of job (MB)
	676512  -  ResidentSetSize of job (KB)
...
006 (15951004.988.000) 2026-02-11 04:54:51 Image size of job updated: 953592
	661  -  MemoryUsage of job (MB)
	676516  -  ResidentSetSize of job (KB)
...
006 (15951004.988.000) 2026-02-11 05:09:53 Image size of job updated: 953592
	663  -  MemoryUsage of job (MB)
	678712  -  ResidentSetSize of job (KB)
...
006 (15951004.988.000) 2026-02-11 06:09:59 Image size of job updated: 953592
	663  -  MemoryUsage of job (MB)
	678720  -  ResidentSetSize of job (KB)
...
006 (15951004.988.000) 2026-02-11 06:25:00 Image size of job updated: 953592
	663  -  MemoryUsage of job (MB)
	678844  -  ResidentSetSize of job (KB)
...
006 (15951004.988.000) 2026-02-11 06:55:04 Image size of job updated: 953592
	663  -  MemoryUsage of job (MB)
	678880  -  ResidentSetSize of job (KB)
...
006 (15951004.988.000) 2026-02-11 07:00:04 Image size of job updated: 953592
	664  -  MemoryUsage of job (MB)
	678964  -  ResidentSetSize of job (KB)
...
