000 (15756407.1255.000) 2026-02-06 11:26:13 Job submitted from host: <141.34.103.35:9618?addrs=141.34.103.35-9618+[2001-638-700-f067--1-23]-9618&alias=wgs39.zeuthen.desy.de&noUDP&sock=schedd_7414_f73f>
...
009 (15756407.1255.000) 2026-02-10 11:42:45 Job was aborted.
	via condor_rm (by user tuccia)
...
000 (15949294.837.000) 2026-02-10 11:45:21 Job submitted from host: <141.34.103.35:9618?addrs=141.34.103.35-9618+[2001-638-700-f067--1-23]-9618&alias=wgs39.zeuthen.desy.de&noUDP&sock=schedd_7302_24a3>
...
009 (15949294.837.000) 2026-02-10 11:45:47 Job was aborted.
	via condor_rm (by user tuccia)
...
000 (15949295.837.000) 2026-02-10 11:46:05 Job submitted from host: <141.34.103.35:9618?addrs=141.34.103.35-9618+[2001-638-700-f067--1-23]-9618&alias=wgs39.zeuthen.desy.de&noUDP&sock=schedd_7302_24a3>
...
001 (15949295.837.000) 2026-02-15 16:33:21 Job executing on host: <141.34.103.54:9618?addrs=141.34.103.54-9618+[2001-638-700-f067--1-36]-9618&alias=wgs44.zeuthen.desy.de&noUDP&sock=startd_7775_94ef>
	SlotName: slot1_15@wgs44.zeuthen.desy.de
	CondorScratchDir = "/batch/dir_3489856"
	Cpus = 8
	Disk = 1025025
	GPUs = 0
	Memory = 16384
...
006 (15949295.837.000) 2026-02-15 16:33:35 Image size of job updated: 109412
	107  -  MemoryUsage of job (MB)
	109412  -  ResidentSetSize of job (KB)
...
006 (15949295.837.000) 2026-02-15 16:38:36 Image size of job updated: 1049908
	725  -  MemoryUsage of job (MB)
	741932  -  ResidentSetSize of job (KB)
...
006 (15949295.837.000) 2026-02-15 16:43:36 Image size of job updated: 1049908
	727  -  MemoryUsage of job (MB)
	743572  -  ResidentSetSize of job (KB)
...
006 (15949295.837.000) 2026-02-15 16:53:37 Image size of job updated: 1049908
	732  -  MemoryUsage of job (MB)
	749220  -  ResidentSetSize of job (KB)
...
006 (15949295.837.000) 2026-02-15 17:08:38 Image size of job updated: 1049908
	733  -  MemoryUsage of job (MB)
	749628  -  ResidentSetSize of job (KB)
...
006 (15949295.837.000) 2026-02-15 17:33:41 Image size of job updated: 1049908
	746  -  MemoryUsage of job (MB)
	763104  -  ResidentSetSize of job (KB)
...
006 (15949295.837.000) 2026-02-15 17:58:45 Image size of job updated: 1049908
	749  -  MemoryUsage of job (MB)
	766732  -  ResidentSetSize of job (KB)
...
006 (15949295.837.000) 2026-02-15 18:18:47 Image size of job updated: 1049908
	750  -  MemoryUsage of job (MB)
	767020  -  ResidentSetSize of job (KB)
...
006 (15949295.837.000) 2026-02-15 18:38:50 Image size of job updated: 1049908
	752  -  MemoryUsage of job (MB)
	769424  -  ResidentSetSize of job (KB)
...
006 (15949295.837.000) 2026-02-15 18:43:51 Image size of job updated: 1049908
	756  -  MemoryUsage of job (MB)
	773168  -  ResidentSetSize of job (KB)
...
006 (15949295.837.000) 2026-02-15 18:48:51 Image size of job updated: 1049908
	772  -  MemoryUsage of job (MB)
	789816  -  ResidentSetSize of job (KB)
...
006 (15949295.837.000) 2026-02-15 18:53:52 Image size of job updated: 1049908
	835  -  MemoryUsage of job (MB)
	854160  -  ResidentSetSize of job (KB)
...
006 (15949295.837.000) 2026-02-15 18:58:53 Image size of job updated: 1049908
	842  -  MemoryUsage of job (MB)
	861228  -  ResidentSetSize of job (KB)
...
006 (15949295.837.000) 2026-02-15 19:03:53 Image size of job updated: 1049908
	843  -  MemoryUsage of job (MB)
	863024  -  ResidentSetSize of job (KB)
...
006 (15949295.837.000) 2026-02-15 19:08:54 Image size of job updated: 1049908
	888  -  MemoryUsage of job (MB)
	908704  -  ResidentSetSize of job (KB)
...
006 (15949295.837.000) 2026-02-15 19:13:55 Image size of job updated: 1049908
	889  -  MemoryUsage of job (MB)
	910236  -  ResidentSetSize of job (KB)
...
006 (15949295.837.000) 2026-02-15 20:09:02 Image size of job updated: 1049908
	890  -  MemoryUsage of job (MB)
	910768  -  ResidentSetSize of job (KB)
...
006 (15949295.837.000) 2026-02-15 20:14:03 Image size of job updated: 1049908
	898  -  MemoryUsage of job (MB)
	919376  -  ResidentSetSize of job (KB)
...
006 (15949295.837.000) 2026-02-15 20:19:03 Image size of job updated: 1049908
	899  -  MemoryUsage of job (MB)
	920340  -  ResidentSetSize of job (KB)
...
006 (15949295.837.000) 2026-02-15 20:24:03 Image size of job updated: 1049908
	900  -  MemoryUsage of job (MB)
	920860  -  ResidentSetSize of job (KB)
...
006 (15949295.837.000) 2026-02-15 20:29:04 Image size of job updated: 1049908
	900  -  MemoryUsage of job (MB)
	920900  -  ResidentSetSize of job (KB)
...
006 (15949295.837.000) 2026-02-15 20:34:04 Image size of job updated: 1049908
	900  -  MemoryUsage of job (MB)
	921196  -  ResidentSetSize of job (KB)
...
006 (15949295.837.000) 2026-02-15 20:39:04 Image size of job updated: 1049908
	900  -  MemoryUsage of job (MB)
	921212  -  ResidentSetSize of job (KB)
...
006 (15949295.837.000) 2026-02-15 20:44:05 Image size of job updated: 1049908
	901  -  MemoryUsage of job (MB)
	921680  -  ResidentSetSize of job (KB)
...
006 (15949295.837.000) 2026-02-15 20:49:05 Image size of job updated: 1049908
	901  -  MemoryUsage of job (MB)
	921728  -  ResidentSetSize of job (KB)
...
006 (15949295.837.000) 2026-02-15 20:54:05 Image size of job updated: 1049908
	901  -  MemoryUsage of job (MB)
	922192  -  ResidentSetSize of job (KB)
...
006 (15949295.837.000) 2026-02-15 20:59:06 Image size of job updated: 1049908
	901  -  MemoryUsage of job (MB)
	922288  -  ResidentSetSize of job (KB)
...
006 (15949295.837.000) 2026-02-15 21:04:06 Image size of job updated: 1049908
	902  -  MemoryUsage of job (MB)
	922996  -  ResidentSetSize of job (KB)
...
006 (15949295.837.000) 2026-02-15 21:19:08 Image size of job updated: 1049908
	902  -  MemoryUsage of job (MB)
	923264  -  ResidentSetSize of job (KB)
...
006 (15949295.837.000) 2026-02-15 21:24:08 Image size of job updated: 1049908
	902  -  MemoryUsage of job (MB)
	923408  -  ResidentSetSize of job (KB)
...
006 (15949295.837.000) 2026-02-15 21:29:09 Image size of job updated: 1049908
	902  -  MemoryUsage of job (MB)
	923508  -  ResidentSetSize of job (KB)
...
006 (15949295.837.000) 2026-02-15 21:44:11 Image size of job updated: 1049908
	902  -  MemoryUsage of job (MB)
	923556  -  ResidentSetSize of job (KB)
...
006 (15949295.837.000) 2026-02-15 21:49:12 Image size of job updated: 1049908
	903  -  MemoryUsage of job (MB)
	923704  -  ResidentSetSize of job (KB)
...
006 (15949295.837.000) 2026-02-15 21:54:12 Image size of job updated: 1049908
	903  -  MemoryUsage of job (MB)
	924236  -  ResidentSetSize of job (KB)
...
006 (15949295.837.000) 2026-02-15 21:59:13 Image size of job updated: 1049908
	903  -  MemoryUsage of job (MB)
	924312  -  ResidentSetSize of job (KB)
...
006 (15949295.837.000) 2026-02-15 22:04:14 Image size of job updated: 1049908
	903  -  MemoryUsage of job (MB)
	924336  -  ResidentSetSize of job (KB)
...
006 (15949295.837.000) 2026-02-15 22:09:14 Image size of job updated: 1049908
	903  -  MemoryUsage of job (MB)
	924436  -  ResidentSetSize of job (KB)
...
006 (15949295.837.000) 2026-02-15 22:14:15 Image size of job updated: 1049908
	904  -  MemoryUsage of job (MB)
	924868  -  ResidentSetSize of job (KB)
...
006 (15949295.837.000) 2026-02-15 22:19:16 Image size of job updated: 1049908
	904  -  MemoryUsage of job (MB)
	925300  -  ResidentSetSize of job (KB)
...
006 (15949295.837.000) 2026-02-15 22:24:16 Image size of job updated: 1049908
	904  -  MemoryUsage of job (MB)
	925556  -  ResidentSetSize of job (KB)
...
006 (15949295.837.000) 2026-02-15 22:29:17 Image size of job updated: 1049908
	905  -  MemoryUsage of job (MB)
	925752  -  ResidentSetSize of job (KB)
...
006 (15949295.837.000) 2026-02-15 22:34:18 Image size of job updated: 1049908
	905  -  MemoryUsage of job (MB)
	925812  -  ResidentSetSize of job (KB)
...
006 (15949295.837.000) 2026-02-15 22:39:18 Image size of job updated: 1049908
	905  -  MemoryUsage of job (MB)
	925880  -  ResidentSetSize of job (KB)
...
006 (15949295.837.000) 2026-02-15 22:44:19 Image size of job updated: 1049908
	905  -  MemoryUsage of job (MB)
	926068  -  ResidentSetSize of job (KB)
...
006 (15949295.837.000) 2026-02-15 22:49:20 Image size of job updated: 1049908
	905  -  MemoryUsage of job (MB)
	926324  -  ResidentSetSize of job (KB)
...
006 (15949295.837.000) 2026-02-15 23:54:28 Image size of job updated: 1049908
	918  -  MemoryUsage of job (MB)
	939832  -  ResidentSetSize of job (KB)
...
006 (15949295.837.000) 2026-02-15 23:59:28 Image size of job updated: 1049908
	919  -  MemoryUsage of job (MB)
	940464  -  ResidentSetSize of job (KB)
...
006 (15949295.837.000) 2026-02-16 00:24:30 Image size of job updated: 1049908
	919  -  MemoryUsage of job (MB)
	940976  -  ResidentSetSize of job (KB)
...
006 (15949295.837.000) 2026-02-16 00:39:31 Image size of job updated: 1049908
	920  -  MemoryUsage of job (MB)
	941232  -  ResidentSetSize of job (KB)
...
006 (15949295.837.000) 2026-02-16 00:44:31 Image size of job updated: 1049908
	920  -  MemoryUsage of job (MB)
	941304  -  ResidentSetSize of job (KB)
...
006 (15949295.837.000) 2026-02-16 00:49:32 Image size of job updated: 1049908
	920  -  MemoryUsage of job (MB)
	941488  -  ResidentSetSize of job (KB)
...
006 (15949295.837.000) 2026-02-16 00:54:33 Image size of job updated: 1049908
	920  -  MemoryUsage of job (MB)
	941544  -  ResidentSetSize of job (KB)
...
006 (15949295.837.000) 2026-02-16 00:59:33 Image size of job updated: 1049908
	920  -  MemoryUsage of job (MB)
	941744  -  ResidentSetSize of job (KB)
...
006 (15949295.837.000) 2026-02-16 01:14:35 Image size of job updated: 1049908
	921  -  MemoryUsage of job (MB)
	942256  -  ResidentSetSize of job (KB)
...
006 (15949295.837.000) 2026-02-16 01:19:36 Image size of job updated: 1049908
	921  -  MemoryUsage of job (MB)
	942512  -  ResidentSetSize of job (KB)
...
006 (15949295.837.000) 2026-02-16 01:24:37 Image size of job updated: 1049908
	921  -  MemoryUsage of job (MB)
	942728  -  ResidentSetSize of job (KB)
...
006 (15949295.837.000) 2026-02-16 01:29:37 Image size of job updated: 1049908
	921  -  MemoryUsage of job (MB)
	942768  -  ResidentSetSize of job (KB)
...
006 (15949295.837.000) 2026-02-16 01:39:39 Image size of job updated: 1049908
	921  -  MemoryUsage of job (MB)
	942792  -  ResidentSetSize of job (KB)
...
006 (15949295.837.000) 2026-02-16 01:44:39 Image size of job updated: 1049908
	921  -  MemoryUsage of job (MB)
	943024  -  ResidentSetSize of job (KB)
...
006 (15949295.837.000) 2026-02-16 01:54:40 Image size of job updated: 1049908
	922  -  MemoryUsage of job (MB)
	943280  -  ResidentSetSize of job (KB)
...
006 (15949295.837.000) 2026-02-16 01:59:40 Image size of job updated: 1049908
	922  -  MemoryUsage of job (MB)
	943536  -  ResidentSetSize of job (KB)
...
006 (15949295.837.000) 2026-02-16 02:04:40 Image size of job updated: 1049908
	922  -  MemoryUsage of job (MB)
	943672  -  ResidentSetSize of job (KB)
...
006 (15949295.837.000) 2026-02-16 05:09:59 Image size of job updated: 1049908
	922  -  MemoryUsage of job (MB)
	943792  -  ResidentSetSize of job (KB)
...
006 (15949295.837.000) 2026-02-16 08:50:25 Image size of job updated: 1132912
	1107  -  MemoryUsage of job (MB)
	1132912  -  ResidentSetSize of job (KB)
...
006 (15949295.837.000) 2026-02-16 08:55:26 Image size of job updated: 1133152
	1107  -  MemoryUsage of job (MB)
	1133152  -  ResidentSetSize of job (KB)
...
006 (15949295.837.000) 2026-02-16 09:00:27 Image size of job updated: 1133320
	1107  -  MemoryUsage of job (MB)
	1133152  -  ResidentSetSize of job (KB)
...
006 (15949295.837.000) 2026-02-16 09:05:27 Image size of job updated: 1135296
	1109  -  MemoryUsage of job (MB)
	1135296  -  ResidentSetSize of job (KB)
...
006 (15949295.837.000) 2026-02-16 09:10:28 Image size of job updated: 1135520
	1109  -  MemoryUsage of job (MB)
	1135520  -  ResidentSetSize of job (KB)
...
006 (15949295.837.000) 2026-02-16 09:15:29 Image size of job updated: 1136036
	1110  -  MemoryUsage of job (MB)
	1136036  -  ResidentSetSize of job (KB)
...
006 (15949295.837.000) 2026-02-16 09:20:29 Image size of job updated: 1136280
	1110  -  MemoryUsage of job (MB)
	1136280  -  ResidentSetSize of job (KB)
...
006 (15949295.837.000) 2026-02-16 09:30:31 Image size of job updated: 1136292
	1110  -  MemoryUsage of job (MB)
	1136280  -  ResidentSetSize of job (KB)
...
006 (15949295.837.000) 2026-02-16 09:35:31 Image size of job updated: 1137628
	1111  -  MemoryUsage of job (MB)
	1137628  -  ResidentSetSize of job (KB)
...
006 (15949295.837.000) 2026-02-16 09:40:31 Image size of job updated: 1137860
	1112  -  MemoryUsage of job (MB)
	1137860  -  ResidentSetSize of job (KB)
...
006 (15949295.837.000) 2026-02-16 09:45:32 Image size of job updated: 1138188
	1112  -  MemoryUsage of job (MB)
	1138028  -  ResidentSetSize of job (KB)
...
006 (15949295.837.000) 2026-02-16 10:00:33 Image size of job updated: 1138388
	1112  -  MemoryUsage of job (MB)
	1138388  -  ResidentSetSize of job (KB)
...
006 (15949295.837.000) 2026-02-16 10:05:33 Image size of job updated: 1138424
	1112  -  MemoryUsage of job (MB)
	1138424  -  ResidentSetSize of job (KB)
...
006 (15949295.837.000) 2026-02-16 10:15:34 Image size of job updated: 1138480
	1112  -  MemoryUsage of job (MB)
	1138424  -  ResidentSetSize of job (KB)
...
006 (15949295.837.000) 2026-02-16 10:30:35 Image size of job updated: 1138628
	1112  -  MemoryUsage of job (MB)
	1138628  -  ResidentSetSize of job (KB)
...
006 (15949295.837.000) 2026-02-16 10:45:36 Image size of job updated: 1138736
	1112  -  MemoryUsage of job (MB)
	1138628  -  ResidentSetSize of job (KB)
...
006 (15949295.837.000) 2026-02-16 11:10:38 Image size of job updated: 1138828
	1113  -  MemoryUsage of job (MB)
	1138828  -  ResidentSetSize of job (KB)
...
006 (15949295.837.000) 2026-02-16 11:15:39 Image size of job updated: 1138964
	1113  -  MemoryUsage of job (MB)
	1138964  -  ResidentSetSize of job (KB)
...
006 (15949295.837.000) 2026-02-16 13:20:53 Image size of job updated: 1138980
	1113  -  MemoryUsage of job (MB)
	1138980  -  ResidentSetSize of job (KB)
...
004 (15949295.837.000) 2026-02-16 17:16:23 Job was evicted.
	(0) CPU times
		Usr 5 12:14:31, Sys 0 04:37:46  -  Run Remote Usage
		Usr 0 00:00:00, Sys 0 00:00:00  -  Run Local Usage
	0  -  Run Bytes Sent By Job
	0  -  Run Bytes Received By Job
	Partitionable Resources :    Usage  Request Allocated 
	   Cpus                 :     7.90        8         8 
	   Disk (KB)            :     1     1024000   1025025 
	   GPUs                 :                           0 
	   Memory (MB)          :  1113       16384     16384 
	   TimeExecute (s)      : 88981                       
	   TimeSlotBusy (s)     : 88982                       
...
009 (15949295.837.000) 2026-02-16 17:16:23 Job was aborted.
	via condor_rm (by user tuccia)
...
