000 (15756407.1351.000) 2026-02-06 11:26:14 Job submitted from host: <141.34.103.35:9618?addrs=141.34.103.35-9618+[2001-638-700-f067--1-23]-9618&alias=wgs39.zeuthen.desy.de&noUDP&sock=schedd_7414_f73f>
...
009 (15756407.1351.000) 2026-02-10 11:42:45 Job was aborted.
	via condor_rm (by user tuccia)
...
000 (15949294.901.000) 2026-02-10 11:45:21 Job submitted from host: <141.34.103.35:9618?addrs=141.34.103.35-9618+[2001-638-700-f067--1-23]-9618&alias=wgs39.zeuthen.desy.de&noUDP&sock=schedd_7302_24a3>
...
009 (15949294.901.000) 2026-02-10 11:45:47 Job was aborted.
	via condor_rm (by user tuccia)
...
000 (15949295.901.000) 2026-02-10 11:46:05 Job submitted from host: <141.34.103.35:9618?addrs=141.34.103.35-9618+[2001-638-700-f067--1-23]-9618&alias=wgs39.zeuthen.desy.de&noUDP&sock=schedd_7302_24a3>
...
001 (15949295.901.000) 2026-02-16 03:48:40 Job executing on host: <141.34.15.85:9618?addrs=141.34.15.85-9618+[2001-638-700-f00f--1-55]-9618&alias=genoa09.zeuthen.desy.de&noUDP&sock=startd_9390_5663>
	SlotName: slot1_4@genoa09.zeuthen.desy.de
	CondorScratchDir = "/batch/dir_4057612"
	Cpus = 8
	Disk = 1025681
	GPUs = 0
	Memory = 16384
...
006 (15949295.901.000) 2026-02-16 03:48:54 Image size of job updated: 107416
	105  -  MemoryUsage of job (MB)
	107416  -  ResidentSetSize of job (KB)
...
006 (15949295.901.000) 2026-02-16 03:53:55 Image size of job updated: 1044656
	734  -  MemoryUsage of job (MB)
	750932  -  ResidentSetSize of job (KB)
...
006 (15949295.901.000) 2026-02-16 03:58:55 Image size of job updated: 1044656
	734  -  MemoryUsage of job (MB)
	751328  -  ResidentSetSize of job (KB)
...
006 (15949295.901.000) 2026-02-16 04:03:55 Image size of job updated: 1044656
	734  -  MemoryUsage of job (MB)
	751332  -  ResidentSetSize of job (KB)
...
006 (15949295.901.000) 2026-02-16 04:08:56 Image size of job updated: 1044656
	735  -  MemoryUsage of job (MB)
	752528  -  ResidentSetSize of job (KB)
...
006 (15949295.901.000) 2026-02-16 04:23:57 Image size of job updated: 1044656
	739  -  MemoryUsage of job (MB)
	756040  -  ResidentSetSize of job (KB)
...
006 (15949295.901.000) 2026-02-16 04:28:57 Image size of job updated: 1044656
	740  -  MemoryUsage of job (MB)
	757364  -  ResidentSetSize of job (KB)
...
006 (15949295.901.000) 2026-02-16 04:38:59 Image size of job updated: 1044656
	756  -  MemoryUsage of job (MB)
	773624  -  ResidentSetSize of job (KB)
...
006 (15949295.901.000) 2026-02-16 05:49:06 Image size of job updated: 1044656
	778  -  MemoryUsage of job (MB)
	796148  -  ResidentSetSize of job (KB)
...
006 (15949295.901.000) 2026-02-16 05:54:06 Image size of job updated: 1044656
	780  -  MemoryUsage of job (MB)
	797856  -  ResidentSetSize of job (KB)
...
006 (15949295.901.000) 2026-02-16 05:59:07 Image size of job updated: 1044656
	781  -  MemoryUsage of job (MB)
	799056  -  ResidentSetSize of job (KB)
...
006 (15949295.901.000) 2026-02-16 06:04:07 Image size of job updated: 1044656
	782  -  MemoryUsage of job (MB)
	800456  -  ResidentSetSize of job (KB)
...
006 (15949295.901.000) 2026-02-16 06:09:08 Image size of job updated: 1044656
	784  -  MemoryUsage of job (MB)
	802796  -  ResidentSetSize of job (KB)
...
006 (15949295.901.000) 2026-02-16 06:14:08 Image size of job updated: 1044656
	789  -  MemoryUsage of job (MB)
	807436  -  ResidentSetSize of job (KB)
...
006 (15949295.901.000) 2026-02-16 06:19:08 Image size of job updated: 1044656
	797  -  MemoryUsage of job (MB)
	815692  -  ResidentSetSize of job (KB)
...
006 (15949295.901.000) 2026-02-16 06:24:09 Image size of job updated: 1044656
	798  -  MemoryUsage of job (MB)
	816796  -  ResidentSetSize of job (KB)
...
006 (15949295.901.000) 2026-02-16 06:29:09 Image size of job updated: 1044656
	798  -  MemoryUsage of job (MB)
	817108  -  ResidentSetSize of job (KB)
...
006 (15949295.901.000) 2026-02-16 06:34:10 Image size of job updated: 1044656
	832  -  MemoryUsage of job (MB)
	851916  -  ResidentSetSize of job (KB)
...
006 (15949295.901.000) 2026-02-16 06:39:11 Image size of job updated: 1044656
	847  -  MemoryUsage of job (MB)
	866888  -  ResidentSetSize of job (KB)
...
006 (15949295.901.000) 2026-02-16 06:59:13 Image size of job updated: 1044656
	847  -  MemoryUsage of job (MB)
	867232  -  ResidentSetSize of job (KB)
...
006 (15949295.901.000) 2026-02-16 07:09:14 Image size of job updated: 1044656
	848  -  MemoryUsage of job (MB)
	867884  -  ResidentSetSize of job (KB)
...
006 (15949295.901.000) 2026-02-16 07:39:17 Image size of job updated: 1044656
	905  -  MemoryUsage of job (MB)
	925828  -  ResidentSetSize of job (KB)
...
006 (15949295.901.000) 2026-02-16 07:44:18 Image size of job updated: 1044656
	905  -  MemoryUsage of job (MB)
	926040  -  ResidentSetSize of job (KB)
...
006 (15949295.901.000) 2026-02-16 07:49:18 Image size of job updated: 1044656
	912  -  MemoryUsage of job (MB)
	933232  -  ResidentSetSize of job (KB)
...
006 (15949295.901.000) 2026-02-16 07:54:19 Image size of job updated: 1044656
	912  -  MemoryUsage of job (MB)
	933548  -  ResidentSetSize of job (KB)
...
006 (15949295.901.000) 2026-02-16 07:59:20 Image size of job updated: 1044656
	913  -  MemoryUsage of job (MB)
	934168  -  ResidentSetSize of job (KB)
...
006 (15949295.901.000) 2026-02-16 08:04:20 Image size of job updated: 1044656
	915  -  MemoryUsage of job (MB)
	936152  -  ResidentSetSize of job (KB)
...
006 (15949295.901.000) 2026-02-16 08:09:21 Image size of job updated: 1044656
	915  -  MemoryUsage of job (MB)
	936804  -  ResidentSetSize of job (KB)
...
006 (15949295.901.000) 2026-02-16 08:14:21 Image size of job updated: 1044656
	916  -  MemoryUsage of job (MB)
	937084  -  ResidentSetSize of job (KB)
...
006 (15949295.901.000) 2026-02-16 08:59:25 Image size of job updated: 1044656
	916  -  MemoryUsage of job (MB)
	937128  -  ResidentSetSize of job (KB)
...
006 (15949295.901.000) 2026-02-16 09:04:26 Image size of job updated: 1044656
	916  -  MemoryUsage of job (MB)
	937172  -  ResidentSetSize of job (KB)
...
006 (15949295.901.000) 2026-02-16 09:14:26 Image size of job updated: 1044656
	916  -  MemoryUsage of job (MB)
	937280  -  ResidentSetSize of job (KB)
...
006 (15949295.901.000) 2026-02-16 09:19:27 Image size of job updated: 1044656
	916  -  MemoryUsage of job (MB)
	937376  -  ResidentSetSize of job (KB)
...
006 (15949295.901.000) 2026-02-16 09:24:27 Image size of job updated: 1044656
	916  -  MemoryUsage of job (MB)
	937604  -  ResidentSetSize of job (KB)
...
006 (15949295.901.000) 2026-02-16 09:29:28 Image size of job updated: 1044656
	916  -  MemoryUsage of job (MB)
	937728  -  ResidentSetSize of job (KB)
...
006 (15949295.901.000) 2026-02-16 09:49:30 Image size of job updated: 1044656
	916  -  MemoryUsage of job (MB)
	937848  -  ResidentSetSize of job (KB)
...
006 (15949295.901.000) 2026-02-16 10:09:31 Image size of job updated: 1044656
	917  -  MemoryUsage of job (MB)
	938040  -  ResidentSetSize of job (KB)
...
006 (15949295.901.000) 2026-02-16 10:19:32 Image size of job updated: 1044656
	917  -  MemoryUsage of job (MB)
	938052  -  ResidentSetSize of job (KB)
...
006 (15949295.901.000) 2026-02-16 10:24:33 Image size of job updated: 1044656
	917  -  MemoryUsage of job (MB)
	938352  -  ResidentSetSize of job (KB)
...
006 (15949295.901.000) 2026-02-16 10:39:35 Image size of job updated: 1044656
	917  -  MemoryUsage of job (MB)
	938376  -  ResidentSetSize of job (KB)
...
006 (15949295.901.000) 2026-02-16 10:49:35 Image size of job updated: 1044656
	917  -  MemoryUsage of job (MB)
	938592  -  ResidentSetSize of job (KB)
...
006 (15949295.901.000) 2026-02-16 10:54:36 Image size of job updated: 1044656
	917  -  MemoryUsage of job (MB)
	938716  -  ResidentSetSize of job (KB)
...
006 (15949295.901.000) 2026-02-16 10:59:36 Image size of job updated: 1044656
	917  -  MemoryUsage of job (MB)
	938912  -  ResidentSetSize of job (KB)
...
006 (15949295.901.000) 2026-02-16 11:04:37 Image size of job updated: 1044656
	918  -  MemoryUsage of job (MB)
	939176  -  ResidentSetSize of job (KB)
...
006 (15949295.901.000) 2026-02-16 11:19:39 Image size of job updated: 1044656
	918  -  MemoryUsage of job (MB)
	939400  -  ResidentSetSize of job (KB)
...
006 (15949295.901.000) 2026-02-16 11:24:40 Image size of job updated: 1044656
	918  -  MemoryUsage of job (MB)
	939496  -  ResidentSetSize of job (KB)
...
006 (15949295.901.000) 2026-02-16 11:29:40 Image size of job updated: 1044656
	918  -  MemoryUsage of job (MB)
	939600  -  ResidentSetSize of job (KB)
...
006 (15949295.901.000) 2026-02-16 11:34:41 Image size of job updated: 1044656
	918  -  MemoryUsage of job (MB)
	939724  -  ResidentSetSize of job (KB)
...
006 (15949295.901.000) 2026-02-16 11:44:41 Image size of job updated: 1044656
	918  -  MemoryUsage of job (MB)
	939744  -  ResidentSetSize of job (KB)
...
006 (15949295.901.000) 2026-02-16 11:49:42 Image size of job updated: 1044656
	918  -  MemoryUsage of job (MB)
	939952  -  ResidentSetSize of job (KB)
...
006 (15949295.901.000) 2026-02-16 11:54:42 Image size of job updated: 1044656
	919  -  MemoryUsage of job (MB)
	940456  -  ResidentSetSize of job (KB)
...
006 (15949295.901.000) 2026-02-16 12:09:43 Image size of job updated: 1044656
	929  -  MemoryUsage of job (MB)
	950544  -  ResidentSetSize of job (KB)
...
006 (15949295.901.000) 2026-02-16 12:14:44 Image size of job updated: 1044656
	929  -  MemoryUsage of job (MB)
	951156  -  ResidentSetSize of job (KB)
...
006 (15949295.901.000) 2026-02-16 12:24:45 Image size of job updated: 1044656
	930  -  MemoryUsage of job (MB)
	951404  -  ResidentSetSize of job (KB)
...
006 (15949295.901.000) 2026-02-16 12:29:46 Image size of job updated: 1044656
	930  -  MemoryUsage of job (MB)
	951556  -  ResidentSetSize of job (KB)
...
006 (15949295.901.000) 2026-02-16 12:34:46 Image size of job updated: 1044656
	931  -  MemoryUsage of job (MB)
	952376  -  ResidentSetSize of job (KB)
...
006 (15949295.901.000) 2026-02-16 12:39:47 Image size of job updated: 1044656
	940  -  MemoryUsage of job (MB)
	961820  -  ResidentSetSize of job (KB)
...
006 (15949295.901.000) 2026-02-16 12:44:47 Image size of job updated: 1044656
	940  -  MemoryUsage of job (MB)
	962472  -  ResidentSetSize of job (KB)
...
006 (15949295.901.000) 2026-02-16 12:49:47 Image size of job updated: 1044656
	941  -  MemoryUsage of job (MB)
	962576  -  ResidentSetSize of job (KB)
...
006 (15949295.901.000) 2026-02-16 12:59:48 Image size of job updated: 1044656
	943  -  MemoryUsage of job (MB)
	964872  -  ResidentSetSize of job (KB)
...
006 (15949295.901.000) 2026-02-16 13:04:49 Image size of job updated: 1044656
	943  -  MemoryUsage of job (MB)
	965600  -  ResidentSetSize of job (KB)
...
006 (15949295.901.000) 2026-02-16 13:09:49 Image size of job updated: 1044656
	944  -  MemoryUsage of job (MB)
	965776  -  ResidentSetSize of job (KB)
...
006 (15949295.901.000) 2026-02-16 13:14:49 Image size of job updated: 1044656
	944  -  MemoryUsage of job (MB)
	965804  -  ResidentSetSize of job (KB)
...
006 (15949295.901.000) 2026-02-16 13:19:50 Image size of job updated: 1044656
	944  -  MemoryUsage of job (MB)
	966140  -  ResidentSetSize of job (KB)
...
006 (15949295.901.000) 2026-02-16 13:24:50 Image size of job updated: 1044656
	944  -  MemoryUsage of job (MB)
	966372  -  ResidentSetSize of job (KB)
...
006 (15949295.901.000) 2026-02-16 13:29:51 Image size of job updated: 1044656
	945  -  MemoryUsage of job (MB)
	966680  -  ResidentSetSize of job (KB)
...
006 (15949295.901.000) 2026-02-16 13:34:52 Image size of job updated: 1044656
	950  -  MemoryUsage of job (MB)
	972216  -  ResidentSetSize of job (KB)
...
006 (15949295.901.000) 2026-02-16 13:39:52 Image size of job updated: 1044656
	950  -  MemoryUsage of job (MB)
	972696  -  ResidentSetSize of job (KB)
...
006 (15949295.901.000) 2026-02-16 13:44:53 Image size of job updated: 1044656
	951  -  MemoryUsage of job (MB)
	972940  -  ResidentSetSize of job (KB)
...
006 (15949295.901.000) 2026-02-16 14:14:56 Image size of job updated: 1044656
	951  -  MemoryUsage of job (MB)
	973196  -  ResidentSetSize of job (KB)
...
006 (15949295.901.000) 2026-02-16 14:19:56 Image size of job updated: 1044656
	951  -  MemoryUsage of job (MB)
	973316  -  ResidentSetSize of job (KB)
...
006 (15949295.901.000) 2026-02-16 14:24:57 Image size of job updated: 1044656
	951  -  MemoryUsage of job (MB)
	973452  -  ResidentSetSize of job (KB)
...
006 (15949295.901.000) 2026-02-16 14:50:00 Image size of job updated: 1044656
	951  -  MemoryUsage of job (MB)
	973476  -  ResidentSetSize of job (KB)
...
006 (15949295.901.000) 2026-02-16 15:00:00 Image size of job updated: 1044656
	951  -  MemoryUsage of job (MB)
	973708  -  ResidentSetSize of job (KB)
...
006 (15949295.901.000) 2026-02-16 15:05:00 Image size of job updated: 1044656
	951  -  MemoryUsage of job (MB)
	973744  -  ResidentSetSize of job (KB)
...
006 (15949295.901.000) 2026-02-16 15:10:01 Image size of job updated: 1044656
	952  -  MemoryUsage of job (MB)
	973944  -  ResidentSetSize of job (KB)
...
006 (15949295.901.000) 2026-02-16 15:15:01 Image size of job updated: 1044656
	952  -  MemoryUsage of job (MB)
	973952  -  ResidentSetSize of job (KB)
...
004 (15949295.901.000) 2026-02-16 17:16:24 Job was evicted.
	(0) CPU times
		Usr 2 21:29:21, Sys 0 02:34:29  -  Run Remote Usage
		Usr 0 00:00:00, Sys 0 00:00:00  -  Run Local Usage
	0  -  Run Bytes Sent By Job
	0  -  Run Bytes Received By Job
	Partitionable Resources :    Usage  Request Allocated 
	   Cpus                 :     7.94        8         8 
	   Disk (KB)            :     1     1024000   1025681 
	   GPUs                 :                           0 
	   Memory (MB)          :   952       16384     16384 
	   TimeExecute (s)      : 48463                       
	   TimeSlotBusy (s)     : 48464                       
...
009 (15949295.901.000) 2026-02-16 17:16:24 Job was aborted.
	via condor_rm (by user tuccia)
...
