000 (15756404.1439.000) 2026-02-06 11:24:38 Job submitted from host: <141.34.103.35:9618?addrs=141.34.103.35-9618+[2001-638-700-f067--1-23]-9618&alias=wgs39.zeuthen.desy.de&noUDP&sock=schedd_7414_f73f>
...
001 (15756404.1439.000) 2026-02-08 12:10:48 Job executing on host: <141.34.15.44:9618?addrs=141.34.15.44-9618+[2001-638-700-f00f--1-2c]-9618&alias=pizza15.zeuthen.desy.de&noUDP&sock=startd_8410_2393>
	SlotName: slot1_3@pizza15.zeuthen.desy.de
	CondorScratchDir = "/batch/dir_957223"
	Cpus = 8
	Disk = 1025696
	GPUs = 0
	Memory = 16384
...
006 (15756404.1439.000) 2026-02-08 12:11:01 Image size of job updated: 109416
	107  -  MemoryUsage of job (MB)
	109416  -  ResidentSetSize of job (KB)
...
006 (15756404.1439.000) 2026-02-08 12:16:01 Image size of job updated: 2285572
	2233  -  MemoryUsage of job (MB)
	2285572  -  ResidentSetSize of job (KB)
...
006 (15756404.1439.000) 2026-02-08 12:21:02 Image size of job updated: 2322360
	2268  -  MemoryUsage of job (MB)
	2322360  -  ResidentSetSize of job (KB)
...
006 (15756404.1439.000) 2026-02-08 12:26:03 Image size of job updated: 2344592
	2290  -  MemoryUsage of job (MB)
	2344592  -  ResidentSetSize of job (KB)
...
006 (15756404.1439.000) 2026-02-08 12:31:03 Image size of job updated: 2355564
	2290  -  MemoryUsage of job (MB)
	2344596  -  ResidentSetSize of job (KB)
...
006 (15756404.1439.000) 2026-02-08 12:36:04 Image size of job updated: 2355788
	2290  -  MemoryUsage of job (MB)
	2344596  -  ResidentSetSize of job (KB)
...
006 (15756404.1439.000) 2026-02-08 12:41:05 Image size of job updated: 2362260
	2290  -  MemoryUsage of job (MB)
	2344596  -  ResidentSetSize of job (KB)
...
006 (15756404.1439.000) 2026-02-08 12:51:06 Image size of job updated: 2362344
	2292  -  MemoryUsage of job (MB)
	2346408  -  ResidentSetSize of job (KB)
...
006 (15756404.1439.000) 2026-02-08 12:56:07 Image size of job updated: 2362820
	2302  -  MemoryUsage of job (MB)
	2357036  -  ResidentSetSize of job (KB)
...
006 (15756404.1439.000) 2026-02-08 13:01:07 Image size of job updated: 2363996
	2302  -  MemoryUsage of job (MB)
	2357036  -  ResidentSetSize of job (KB)
...
006 (15756404.1439.000) 2026-02-08 13:31:09 Image size of job updated: 2363996
	2307  -  MemoryUsage of job (MB)
	2361380  -  ResidentSetSize of job (KB)
...
006 (15756404.1439.000) 2026-02-08 14:01:13 Image size of job updated: 2364736
	2307  -  MemoryUsage of job (MB)
	2361380  -  ResidentSetSize of job (KB)
...
006 (15756404.1439.000) 2026-02-08 14:06:13 Image size of job updated: 2364956
	2307  -  MemoryUsage of job (MB)
	2361380  -  ResidentSetSize of job (KB)
...
006 (15756404.1439.000) 2026-02-08 14:11:14 Image size of job updated: 2364956
	2310  -  MemoryUsage of job (MB)
	2364648  -  ResidentSetSize of job (KB)
...
006 (15756404.1439.000) 2026-02-08 14:21:15 Image size of job updated: 2365488
	2310  -  MemoryUsage of job (MB)
	2364648  -  ResidentSetSize of job (KB)
...
006 (15756404.1439.000) 2026-02-08 14:46:17 Image size of job updated: 2365968
	2310  -  MemoryUsage of job (MB)
	2364648  -  ResidentSetSize of job (KB)
...
006 (15756404.1439.000) 2026-02-08 15:11:19 Image size of job updated: 2366112
	2310  -  MemoryUsage of job (MB)
	2364648  -  ResidentSetSize of job (KB)
...
006 (15756404.1439.000) 2026-02-08 15:16:20 Image size of job updated: 2366608
	2310  -  MemoryUsage of job (MB)
	2364648  -  ResidentSetSize of job (KB)
...
006 (15756404.1439.000) 2026-02-08 15:26:21 Image size of job updated: 2366608
	2310  -  MemoryUsage of job (MB)
	2364728  -  ResidentSetSize of job (KB)
...
006 (15756404.1439.000) 2026-02-08 15:31:22 Image size of job updated: 2366608
	2310  -  MemoryUsage of job (MB)
	2364732  -  ResidentSetSize of job (KB)
...
006 (15756404.1439.000) 2026-02-08 15:36:23 Image size of job updated: 2366744
	2310  -  MemoryUsage of job (MB)
	2364732  -  ResidentSetSize of job (KB)
...
006 (15756404.1439.000) 2026-02-08 15:51:24 Image size of job updated: 2367216
	2310  -  MemoryUsage of job (MB)
	2364732  -  ResidentSetSize of job (KB)
...
006 (15756404.1439.000) 2026-02-08 16:06:25 Image size of job updated: 2367300
	2310  -  MemoryUsage of job (MB)
	2364732  -  ResidentSetSize of job (KB)
...
006 (15756404.1439.000) 2026-02-08 16:16:25 Image size of job updated: 2367560
	2310  -  MemoryUsage of job (MB)
	2364732  -  ResidentSetSize of job (KB)
...
006 (15756404.1439.000) 2026-02-08 20:36:50 Image size of job updated: 2368024
	2310  -  MemoryUsage of job (MB)
	2364732  -  ResidentSetSize of job (KB)
...
006 (15756404.1439.000) 2026-02-08 20:41:51 Image size of job updated: 2368092
	2310  -  MemoryUsage of job (MB)
	2364732  -  ResidentSetSize of job (KB)
...
006 (15756404.1439.000) 2026-02-08 21:21:56 Image size of job updated: 2368616
	2310  -  MemoryUsage of job (MB)
	2364732  -  ResidentSetSize of job (KB)
...
006 (15756404.1439.000) 2026-02-08 21:26:56 Image size of job updated: 2368752
	2310  -  MemoryUsage of job (MB)
	2364732  -  ResidentSetSize of job (KB)
...
006 (15756404.1439.000) 2026-02-08 21:51:59 Image size of job updated: 2368984
	2311  -  MemoryUsage of job (MB)
	2366432  -  ResidentSetSize of job (KB)
...
006 (15756404.1439.000) 2026-02-08 21:56:59 Image size of job updated: 2369280
	2311  -  MemoryUsage of job (MB)
	2366436  -  ResidentSetSize of job (KB)
...
006 (15756404.1439.000) 2026-02-08 22:02:00 Image size of job updated: 2369360
	2311  -  MemoryUsage of job (MB)
	2366436  -  ResidentSetSize of job (KB)
...
006 (15756404.1439.000) 2026-02-08 22:42:04 Image size of job updated: 2369420
	2311  -  MemoryUsage of job (MB)
	2366436  -  ResidentSetSize of job (KB)
...
006 (15756404.1439.000) 2026-02-08 22:47:04 Image size of job updated: 2369496
	2311  -  MemoryUsage of job (MB)
	2366436  -  ResidentSetSize of job (KB)
...
006 (15756404.1439.000) 2026-02-08 22:52:06 Image size of job updated: 2371000
	2311  -  MemoryUsage of job (MB)
	2366436  -  ResidentSetSize of job (KB)
...
006 (15756404.1439.000) 2026-02-08 22:57:06 Image size of job updated: 2372248
	2311  -  MemoryUsage of job (MB)
	2366436  -  ResidentSetSize of job (KB)
...
006 (15756404.1439.000) 2026-02-08 23:22:09 Image size of job updated: 2372384
	2311  -  MemoryUsage of job (MB)
	2366436  -  ResidentSetSize of job (KB)
...
006 (15756404.1439.000) 2026-02-09 03:02:31 Image size of job updated: 2372384
	2313  -  MemoryUsage of job (MB)
	2367824  -  ResidentSetSize of job (KB)
...
006 (15756404.1439.000) 2026-02-09 04:32:41 Image size of job updated: 2372384
	2316  -  MemoryUsage of job (MB)
	2370880  -  ResidentSetSize of job (KB)
...
006 (15756404.1439.000) 2026-02-09 06:22:51 Image size of job updated: 2373152
	2316  -  MemoryUsage of job (MB)
	2370880  -  ResidentSetSize of job (KB)
...
006 (15756404.1439.000) 2026-02-10 03:44:56 Image size of job updated: 2373260
	2316  -  MemoryUsage of job (MB)
	2370880  -  ResidentSetSize of job (KB)
...
006 (15756404.1439.000) 2026-02-10 03:54:56 Image size of job updated: 2373292
	2316  -  MemoryUsage of job (MB)
	2370880  -  ResidentSetSize of job (KB)
...
006 (15756404.1439.000) 2026-02-10 03:59:57 Image size of job updated: 2373496
	2316  -  MemoryUsage of job (MB)
	2370880  -  ResidentSetSize of job (KB)
...
006 (15756404.1439.000) 2026-02-10 04:14:59 Image size of job updated: 2373688
	2316  -  MemoryUsage of job (MB)
	2370880  -  ResidentSetSize of job (KB)
...
006 (15756404.1439.000) 2026-02-10 04:30:01 Image size of job updated: 2373800
	2316  -  MemoryUsage of job (MB)
	2370880  -  ResidentSetSize of job (KB)
...
006 (15756404.1439.000) 2026-02-10 04:40:02 Image size of job updated: 2374032
	2316  -  MemoryUsage of job (MB)
	2370880  -  ResidentSetSize of job (KB)
...
022 (15756404.1439.000) 2026-02-10 08:04:02 Job disconnected, attempting to reconnect
    Local schedd and job shadow died, schedd now running again
    Trying to reconnect to slot1_3@pizza15.zeuthen.desy.de <141.34.15.44:9618?addrs=141.34.15.44-9618+[2001-638-700-f00f--1-2c]-9618&alias=pizza15.zeuthen.desy.de&noUDP&sock=startd_8410_2393>
...
023 (15756404.1439.000) 2026-02-10 08:04:11 Job reconnected to slot1_3@pizza15.zeuthen.desy.de
    startd address: <141.34.15.44:9618?addrs=141.34.15.44-9618+[2001-638-700-f00f--1-2c]-9618&alias=pizza15.zeuthen.desy.de&noUDP&sock=startd_8410_2393>
    starter address: <141.34.15.44:9618?addrs=141.34.15.44-9618+[2001-638-700-f00f--1-2c]-9618&alias=pizza15.zeuthen.desy.de&noUDP&sock=slot1_3_3710529_19c1_37029>
...
