000 (15756404.1427.000) 2026-02-06 11:24:38 Job submitted from host: <141.34.103.35:9618?addrs=141.34.103.35-9618+[2001-638-700-f067--1-23]-9618&alias=wgs39.zeuthen.desy.de&noUDP&sock=schedd_7414_f73f>
...
001 (15756404.1427.000) 2026-02-08 12:08:04 Job executing on host: <141.34.15.203:9618?addrs=141.34.15.203-9618+[2001-638-700-f00f--1-cb]-9618&alias=pizza05.zeuthen.desy.de&noUDP&sock=startd_8154_8b54>
	SlotName: slot1_1@pizza05.zeuthen.desy.de
	CondorScratchDir = "/batch/dir_2703180"
	Cpus = 8
	Disk = 1025696
	GPUs = 0
	Memory = 16384
...
006 (15756404.1427.000) 2026-02-08 12:08:17 Image size of job updated: 109420
	107  -  MemoryUsage of job (MB)
	109420  -  ResidentSetSize of job (KB)
...
006 (15756404.1427.000) 2026-02-08 12:13:17 Image size of job updated: 2291260
	2238  -  MemoryUsage of job (MB)
	2291260  -  ResidentSetSize of job (KB)
...
006 (15756404.1427.000) 2026-02-08 12:18:18 Image size of job updated: 2327564
	2274  -  MemoryUsage of job (MB)
	2327564  -  ResidentSetSize of job (KB)
...
006 (15756404.1427.000) 2026-02-08 12:23:19 Image size of job updated: 2350496
	2291  -  MemoryUsage of job (MB)
	2345120  -  ResidentSetSize of job (KB)
...
006 (15756404.1427.000) 2026-02-08 12:28:19 Image size of job updated: 2362784
	2308  -  MemoryUsage of job (MB)
	2362784  -  ResidentSetSize of job (KB)
...
006 (15756404.1427.000) 2026-02-08 12:33:20 Image size of job updated: 2366304
	2308  -  MemoryUsage of job (MB)
	2362784  -  ResidentSetSize of job (KB)
...
006 (15756404.1427.000) 2026-02-08 12:38:21 Image size of job updated: 2369276
	2308  -  MemoryUsage of job (MB)
	2362784  -  ResidentSetSize of job (KB)
...
006 (15756404.1427.000) 2026-02-08 12:58:22 Image size of job updated: 2369932
	2308  -  MemoryUsage of job (MB)
	2362784  -  ResidentSetSize of job (KB)
...
006 (15756404.1427.000) 2026-02-08 13:03:22 Image size of job updated: 2369932
	2313  -  MemoryUsage of job (MB)
	2367948  -  ResidentSetSize of job (KB)
...
006 (15756404.1427.000) 2026-02-08 13:18:23 Image size of job updated: 2370756
	2313  -  MemoryUsage of job (MB)
	2367948  -  ResidentSetSize of job (KB)
...
006 (15756404.1427.000) 2026-02-08 13:33:25 Image size of job updated: 2371288
	2313  -  MemoryUsage of job (MB)
	2367948  -  ResidentSetSize of job (KB)
...
006 (15756404.1427.000) 2026-02-08 13:43:27 Image size of job updated: 2371392
	2313  -  MemoryUsage of job (MB)
	2367948  -  ResidentSetSize of job (KB)
...
006 (15756404.1427.000) 2026-02-08 13:53:28 Image size of job updated: 2371468
	2313  -  MemoryUsage of job (MB)
	2367948  -  ResidentSetSize of job (KB)
...
006 (15756404.1427.000) 2026-02-08 13:58:29 Image size of job updated: 2372176
	2313  -  MemoryUsage of job (MB)
	2367948  -  ResidentSetSize of job (KB)
...
006 (15756404.1427.000) 2026-02-08 14:03:29 Image size of job updated: 2372232
	2313  -  MemoryUsage of job (MB)
	2367948  -  ResidentSetSize of job (KB)
...
006 (15756404.1427.000) 2026-02-08 14:18:31 Image size of job updated: 2372672
	2313  -  MemoryUsage of job (MB)
	2367948  -  ResidentSetSize of job (KB)
...
006 (15756404.1427.000) 2026-02-08 14:38:34 Image size of job updated: 2372976
	2313  -  MemoryUsage of job (MB)
	2367948  -  ResidentSetSize of job (KB)
...
006 (15756404.1427.000) 2026-02-08 15:13:38 Image size of job updated: 2373476
	2313  -  MemoryUsage of job (MB)
	2367948  -  ResidentSetSize of job (KB)
...
006 (15756404.1427.000) 2026-02-08 15:18:38 Image size of job updated: 2373548
	2313  -  MemoryUsage of job (MB)
	2367948  -  ResidentSetSize of job (KB)
...
006 (15756404.1427.000) 2026-02-08 15:23:38 Image size of job updated: 2373560
	2313  -  MemoryUsage of job (MB)
	2367948  -  ResidentSetSize of job (KB)
...
006 (15756404.1427.000) 2026-02-08 15:33:39 Image size of job updated: 2373712
	2313  -  MemoryUsage of job (MB)
	2367948  -  ResidentSetSize of job (KB)
...
006 (15756404.1427.000) 2026-02-08 15:38:39 Image size of job updated: 2373920
	2313  -  MemoryUsage of job (MB)
	2367948  -  ResidentSetSize of job (KB)
...
006 (15756404.1427.000) 2026-02-08 15:58:41 Image size of job updated: 2373924
	2313  -  MemoryUsage of job (MB)
	2367948  -  ResidentSetSize of job (KB)
...
006 (15756404.1427.000) 2026-02-08 16:08:41 Image size of job updated: 2374048
	2313  -  MemoryUsage of job (MB)
	2367948  -  ResidentSetSize of job (KB)
...
006 (15756404.1427.000) 2026-02-08 16:18:42 Image size of job updated: 2374392
	2313  -  MemoryUsage of job (MB)
	2367948  -  ResidentSetSize of job (KB)
...
006 (15756404.1427.000) 2026-02-08 16:38:44 Image size of job updated: 2374860
	2313  -  MemoryUsage of job (MB)
	2367948  -  ResidentSetSize of job (KB)
...
006 (15756404.1427.000) 2026-02-08 17:58:54 Image size of job updated: 2374860
	2317  -  MemoryUsage of job (MB)
	2371688  -  ResidentSetSize of job (KB)
...
006 (15756404.1427.000) 2026-02-08 18:03:55 Image size of job updated: 2374860
	2317  -  MemoryUsage of job (MB)
	2371692  -  ResidentSetSize of job (KB)
...
006 (15756404.1427.000) 2026-02-08 21:09:12 Image size of job updated: 2375116
	2317  -  MemoryUsage of job (MB)
	2371692  -  ResidentSetSize of job (KB)
...
006 (15756404.1427.000) 2026-02-08 21:29:13 Image size of job updated: 2375116
	2319  -  MemoryUsage of job (MB)
	2373704  -  ResidentSetSize of job (KB)
...
006 (15756404.1427.000) 2026-02-08 21:54:15 Image size of job updated: 2375604
	2319  -  MemoryUsage of job (MB)
	2373704  -  ResidentSetSize of job (KB)
...
006 (15756404.1427.000) 2026-02-08 22:14:16 Image size of job updated: 2375620
	2319  -  MemoryUsage of job (MB)
	2373704  -  ResidentSetSize of job (KB)
...
006 (15756404.1427.000) 2026-02-08 22:19:16 Image size of job updated: 2375860
	2319  -  MemoryUsage of job (MB)
	2373704  -  ResidentSetSize of job (KB)
...
006 (15756404.1427.000) 2026-02-08 22:24:17 Image size of job updated: 2375960
	2319  -  MemoryUsage of job (MB)
	2373704  -  ResidentSetSize of job (KB)
...
006 (15756404.1427.000) 2026-02-08 22:39:18 Image size of job updated: 2376176
	2319  -  MemoryUsage of job (MB)
	2373704  -  ResidentSetSize of job (KB)
...
006 (15756404.1427.000) 2026-02-08 23:19:22 Image size of job updated: 2376948
	2319  -  MemoryUsage of job (MB)
	2373704  -  ResidentSetSize of job (KB)
...
006 (15756404.1427.000) 2026-02-08 23:49:26 Image size of job updated: 2377024
	2319  -  MemoryUsage of job (MB)
	2373704  -  ResidentSetSize of job (KB)
...
006 (15756404.1427.000) 2026-02-09 00:04:28 Image size of job updated: 2377344
	2319  -  MemoryUsage of job (MB)
	2373704  -  ResidentSetSize of job (KB)
...
006 (15756404.1427.000) 2026-02-09 02:49:46 Image size of job updated: 2377344
	2319  -  MemoryUsage of job (MB)
	2374060  -  ResidentSetSize of job (KB)
...
006 (15756404.1427.000) 2026-02-09 06:35:01 Image size of job updated: 2377344
	2320  -  MemoryUsage of job (MB)
	2375364  -  ResidentSetSize of job (KB)
...
006 (15756404.1427.000) 2026-02-09 06:40:01 Image size of job updated: 2377344
	2320  -  MemoryUsage of job (MB)
	2375368  -  ResidentSetSize of job (KB)
...
006 (15756404.1427.000) 2026-02-09 06:55:02 Image size of job updated: 2377716
	2320  -  MemoryUsage of job (MB)
	2375368  -  ResidentSetSize of job (KB)
...
006 (15756404.1427.000) 2026-02-09 07:15:03 Image size of job updated: 2377824
	2320  -  MemoryUsage of job (MB)
	2375368  -  ResidentSetSize of job (KB)
...
006 (15756404.1427.000) 2026-02-09 07:25:04 Image size of job updated: 2377836
	2320  -  MemoryUsage of job (MB)
	2375368  -  ResidentSetSize of job (KB)
...
006 (15756404.1427.000) 2026-02-09 15:25:45 Image size of job updated: 2378208
	2320  -  MemoryUsage of job (MB)
	2375368  -  ResidentSetSize of job (KB)
...
006 (15756404.1427.000) 2026-02-10 06:12:21 Image size of job updated: 2378208
	2321  -  MemoryUsage of job (MB)
	2375820  -  ResidentSetSize of job (KB)
...
006 (15756404.1427.000) 2026-02-10 06:17:22 Image size of job updated: 2378208
	2321  -  MemoryUsage of job (MB)
	2375832  -  ResidentSetSize of job (KB)
...
006 (15756404.1427.000) 2026-02-10 07:42:33 Image size of job updated: 2378208
	2321  -  MemoryUsage of job (MB)
	2376408  -  ResidentSetSize of job (KB)
...
022 (15756404.1427.000) 2026-02-10 08:04:02 Job disconnected, attempting to reconnect
    Local schedd and job shadow died, schedd now running again
    Trying to reconnect to slot1_1@pizza05.zeuthen.desy.de <141.34.15.203:9618?addrs=141.34.15.203-9618+[2001-638-700-f00f--1-cb]-9618&alias=pizza05.zeuthen.desy.de&noUDP&sock=startd_8154_8b54>
...
023 (15756404.1427.000) 2026-02-10 08:04:11 Job reconnected to slot1_1@pizza05.zeuthen.desy.de
    startd address: <141.34.15.203:9618?addrs=141.34.15.203-9618+[2001-638-700-f00f--1-cb]-9618&alias=pizza05.zeuthen.desy.de&noUDP&sock=startd_8154_8b54>
    starter address: <141.34.15.203:9618?addrs=141.34.15.203-9618+[2001-638-700-f00f--1-cb]-9618&alias=pizza05.zeuthen.desy.de&noUDP&sock=slot1_1_8674_5e1a_10213>
...
004 (15756404.1427.000) 2026-02-10 11:42:24 Job was evicted.
	(0) CPU times
		Usr 3 22:23:58, Sys 0 22:05:37  -  Run Remote Usage
		Usr 0 00:00:00, Sys 0 00:00:00  -  Run Local Usage
	0  -  Run Bytes Sent By Job
	0  -  Run Bytes Received By Job
	Partitionable Resources :         Usage  Request Allocated 
	   Cpus                 :          0.99        8         8 
	   Disk (KB)            :          1     1024000   1025696 
	   Memory (MB)          :       2442       16384     16384 
	   TimeExecute (s)      : 1770720144                       
	   TimeSlotBusy (s)     : 1770720144                       
...
009 (15756404.1427.000) 2026-02-10 11:42:25 Job was aborted.
	via condor_rm (by user tuccia)
...
