000 (15756408.1411.000) 2026-02-06 11:27:01 Job submitted from host: <141.34.103.35:9618?addrs=141.34.103.35-9618+[2001-638-700-f067--1-23]-9618&alias=wgs39.zeuthen.desy.de&noUDP&sock=schedd_7414_f73f>
...
009 (15756408.1411.000) 2026-02-10 11:47:48 Job was aborted.
	via condor_rm (by user tuccia)
...
000 (15951004.941.000) 2026-02-10 16:30:11 Job submitted from host: <141.34.103.35:9618?addrs=141.34.103.35-9618+[2001-638-700-f067--1-23]-9618&alias=wgs39.zeuthen.desy.de&noUDP&sock=schedd_7302_24a3>
...
001 (15951004.941.000) 2026-02-11 04:13:36 Job executing on host: <141.34.15.213:9618?addrs=141.34.15.213-9618+[2001-638-700-f00f--1-d5]-9618&alias=bladeke.zeuthen.desy.de&noUDP&sock=startd_9249_9f88>
	SlotName: slot1_14@bladeke.zeuthen.desy.de
	CondorScratchDir = "/batch/dir_3665823"
	Cpus = 1
	Disk = 1025024
	GPUs = 0
	Memory = 5120
...
006 (15951004.941.000) 2026-02-11 04:13:50 Image size of job updated: 107268
	105  -  MemoryUsage of job (MB)
	107268  -  ResidentSetSize of job (KB)
...
006 (15951004.941.000) 2026-02-11 04:18:51 Image size of job updated: 870552
	559  -  MemoryUsage of job (MB)
	571816  -  ResidentSetSize of job (KB)
...
006 (15951004.941.000) 2026-02-11 04:23:52 Image size of job updated: 870552
	613  -  MemoryUsage of job (MB)
	627684  -  ResidentSetSize of job (KB)
...
006 (15951004.941.000) 2026-02-11 04:28:52 Image size of job updated: 870552
	773  -  MemoryUsage of job (MB)
	790668  -  ResidentSetSize of job (KB)
...
006 (15951004.941.000) 2026-02-11 04:33:52 Image size of job updated: 870552
	773  -  MemoryUsage of job (MB)
	790820  -  ResidentSetSize of job (KB)
...
006 (15951004.941.000) 2026-02-11 04:38:53 Image size of job updated: 870552
	773  -  MemoryUsage of job (MB)
	790952  -  ResidentSetSize of job (KB)
...
006 (15951004.941.000) 2026-02-11 04:43:53 Image size of job updated: 870552
	773  -  MemoryUsage of job (MB)
	791108  -  ResidentSetSize of job (KB)
...
006 (15951004.941.000) 2026-02-11 04:48:53 Image size of job updated: 870552
	773  -  MemoryUsage of job (MB)
	791256  -  ResidentSetSize of job (KB)
...
006 (15951004.941.000) 2026-02-11 04:53:54 Image size of job updated: 870552
	773  -  MemoryUsage of job (MB)
	791364  -  ResidentSetSize of job (KB)
...
006 (15951004.941.000) 2026-02-11 04:58:54 Image size of job updated: 870552
	773  -  MemoryUsage of job (MB)
	791500  -  ResidentSetSize of job (KB)
...
006 (15951004.941.000) 2026-02-11 05:03:54 Image size of job updated: 870552
	774  -  MemoryUsage of job (MB)
	791636  -  ResidentSetSize of job (KB)
...
006 (15951004.941.000) 2026-02-11 05:08:55 Image size of job updated: 870552
	774  -  MemoryUsage of job (MB)
	791768  -  ResidentSetSize of job (KB)
...
006 (15951004.941.000) 2026-02-11 05:13:55 Image size of job updated: 870552
	774  -  MemoryUsage of job (MB)
	791900  -  ResidentSetSize of job (KB)
...
006 (15951004.941.000) 2026-02-11 05:18:55 Image size of job updated: 870552
	774  -  MemoryUsage of job (MB)
	792044  -  ResidentSetSize of job (KB)
...
006 (15951004.941.000) 2026-02-11 05:23:56 Image size of job updated: 870552
	774  -  MemoryUsage of job (MB)
	792208  -  ResidentSetSize of job (KB)
...
006 (15951004.941.000) 2026-02-11 05:28:56 Image size of job updated: 870552
	774  -  MemoryUsage of job (MB)
	792320  -  ResidentSetSize of job (KB)
...
006 (15951004.941.000) 2026-02-11 05:33:56 Image size of job updated: 870552
	774  -  MemoryUsage of job (MB)
	792452  -  ResidentSetSize of job (KB)
...
006 (15951004.941.000) 2026-02-11 05:38:57 Image size of job updated: 870552
	775  -  MemoryUsage of job (MB)
	792588  -  ResidentSetSize of job (KB)
...
006 (15951004.941.000) 2026-02-11 05:43:57 Image size of job updated: 870552
	775  -  MemoryUsage of job (MB)
	792728  -  ResidentSetSize of job (KB)
...
006 (15951004.941.000) 2026-02-11 05:48:57 Image size of job updated: 870552
	775  -  MemoryUsage of job (MB)
	792876  -  ResidentSetSize of job (KB)
...
006 (15951004.941.000) 2026-02-11 05:53:58 Image size of job updated: 870552
	775  -  MemoryUsage of job (MB)
	793004  -  ResidentSetSize of job (KB)
...
006 (15951004.941.000) 2026-02-11 05:58:58 Image size of job updated: 870552
	775  -  MemoryUsage of job (MB)
	793160  -  ResidentSetSize of job (KB)
...
006 (15951004.941.000) 2026-02-11 06:03:58 Image size of job updated: 870552
	775  -  MemoryUsage of job (MB)
	793272  -  ResidentSetSize of job (KB)
...
006 (15951004.941.000) 2026-02-11 06:08:59 Image size of job updated: 870552
	775  -  MemoryUsage of job (MB)
	793412  -  ResidentSetSize of job (KB)
...
006 (15951004.941.000) 2026-02-11 06:13:59 Image size of job updated: 870552
	775  -  MemoryUsage of job (MB)
	793560  -  ResidentSetSize of job (KB)
...
006 (15951004.941.000) 2026-02-11 06:18:59 Image size of job updated: 870552
	776  -  MemoryUsage of job (MB)
	793692  -  ResidentSetSize of job (KB)
...
006 (15951004.941.000) 2026-02-11 06:24:00 Image size of job updated: 870552
	776  -  MemoryUsage of job (MB)
	793832  -  ResidentSetSize of job (KB)
...
006 (15951004.941.000) 2026-02-11 06:29:00 Image size of job updated: 870552
	796  -  MemoryUsage of job (MB)
	815056  -  ResidentSetSize of job (KB)
...
006 (15951004.941.000) 2026-02-11 08:39:13 Image size of job updated: 870552
	797  -  MemoryUsage of job (MB)
	815560  -  ResidentSetSize of job (KB)
...
