000 (15756407.1254.000) 2026-02-06 11:26:13 Job submitted from host: <141.34.103.35:9618?addrs=141.34.103.35-9618+[2001-638-700-f067--1-23]-9618&alias=wgs39.zeuthen.desy.de&noUDP&sock=schedd_7414_f73f>
...
009 (15756407.1254.000) 2026-02-10 11:42:44 Job was aborted.
	via condor_rm (by user tuccia)
...
000 (15949294.836.000) 2026-02-10 11:45:21 Job submitted from host: <141.34.103.35:9618?addrs=141.34.103.35-9618+[2001-638-700-f067--1-23]-9618&alias=wgs39.zeuthen.desy.de&noUDP&sock=schedd_7302_24a3>
...
009 (15949294.836.000) 2026-02-10 11:45:47 Job was aborted.
	via condor_rm (by user tuccia)
...
000 (15949295.836.000) 2026-02-10 11:46:05 Job submitted from host: <141.34.103.35:9618?addrs=141.34.103.35-9618+[2001-638-700-f067--1-23]-9618&alias=wgs39.zeuthen.desy.de&noUDP&sock=schedd_7302_24a3>
...
001 (15949295.836.000) 2026-02-15 16:31:12 Job executing on host: <141.34.15.46:9618?addrs=141.34.15.46-9618+[2001-638-700-f00f--1-2e]-9618&alias=pizza17.zeuthen.desy.de&noUDP&sock=startd_8231_5c1f>
	SlotName: slot1_3@pizza17.zeuthen.desy.de
	CondorScratchDir = "/batch/dir_1821209"
	Cpus = 8
	Disk = 1025696
	GPUs = 0
	Memory = 16384
...
006 (15949295.836.000) 2026-02-15 16:31:26 Image size of job updated: 109408
	107  -  MemoryUsage of job (MB)
	109408  -  ResidentSetSize of job (KB)
...
006 (15949295.836.000) 2026-02-15 16:36:27 Image size of job updated: 740480
	585  -  MemoryUsage of job (MB)
	598072  -  ResidentSetSize of job (KB)
...
006 (15949295.836.000) 2026-02-15 16:46:27 Image size of job updated: 740480
	592  -  MemoryUsage of job (MB)
	605776  -  ResidentSetSize of job (KB)
...
006 (15949295.836.000) 2026-02-15 16:51:28 Image size of job updated: 740480
	611  -  MemoryUsage of job (MB)
	625368  -  ResidentSetSize of job (KB)
...
006 (15949295.836.000) 2026-02-15 16:56:28 Image size of job updated: 740480
	614  -  MemoryUsage of job (MB)
	627796  -  ResidentSetSize of job (KB)
...
006 (15949295.836.000) 2026-02-15 17:01:28 Image size of job updated: 740480
	633  -  MemoryUsage of job (MB)
	648136  -  ResidentSetSize of job (KB)
...
006 (15949295.836.000) 2026-02-15 17:11:29 Image size of job updated: 740480
	667  -  MemoryUsage of job (MB)
	682872  -  ResidentSetSize of job (KB)
...
006 (15949295.836.000) 2026-02-15 17:16:29 Image size of job updated: 740480
	670  -  MemoryUsage of job (MB)
	685604  -  ResidentSetSize of job (KB)
...
006 (15949295.836.000) 2026-02-15 17:21:30 Image size of job updated: 740480
	675  -  MemoryUsage of job (MB)
	690864  -  ResidentSetSize of job (KB)
...
006 (15949295.836.000) 2026-02-15 17:26:31 Image size of job updated: 740480
	703  -  MemoryUsage of job (MB)
	719776  -  ResidentSetSize of job (KB)
...
006 (15949295.836.000) 2026-02-15 17:31:31 Image size of job updated: 740480
	703  -  MemoryUsage of job (MB)
	719780  -  ResidentSetSize of job (KB)
...
006 (15949295.836.000) 2026-02-15 17:41:33 Image size of job updated: 740480
	704  -  MemoryUsage of job (MB)
	720668  -  ResidentSetSize of job (KB)
...
006 (15949295.836.000) 2026-02-15 18:06:36 Image size of job updated: 757612
	740  -  MemoryUsage of job (MB)
	757612  -  ResidentSetSize of job (KB)
...
006 (15949295.836.000) 2026-02-15 18:11:37 Image size of job updated: 757876
	741  -  MemoryUsage of job (MB)
	757876  -  ResidentSetSize of job (KB)
...
006 (15949295.836.000) 2026-02-15 18:21:38 Image size of job updated: 759136
	742  -  MemoryUsage of job (MB)
	759136  -  ResidentSetSize of job (KB)
...
006 (15949295.836.000) 2026-02-15 18:26:39 Image size of job updated: 761636
	744  -  MemoryUsage of job (MB)
	761636  -  ResidentSetSize of job (KB)
...
006 (15949295.836.000) 2026-02-15 18:31:39 Image size of job updated: 761652
	744  -  MemoryUsage of job (MB)
	761652  -  ResidentSetSize of job (KB)
...
006 (15949295.836.000) 2026-02-15 18:41:41 Image size of job updated: 770208
	753  -  MemoryUsage of job (MB)
	770208  -  ResidentSetSize of job (KB)
...
006 (15949295.836.000) 2026-02-15 18:51:42 Image size of job updated: 772208
	755  -  MemoryUsage of job (MB)
	772208  -  ResidentSetSize of job (KB)
...
006 (15949295.836.000) 2026-02-15 19:51:46 Image size of job updated: 777852
	760  -  MemoryUsage of job (MB)
	777852  -  ResidentSetSize of job (KB)
...
006 (15949295.836.000) 2026-02-15 20:56:52 Image size of job updated: 786300
	768  -  MemoryUsage of job (MB)
	786300  -  ResidentSetSize of job (KB)
...
006 (15949295.836.000) 2026-02-15 21:01:53 Image size of job updated: 786664
	769  -  MemoryUsage of job (MB)
	786664  -  ResidentSetSize of job (KB)
...
006 (15949295.836.000) 2026-02-16 00:17:10 Image size of job updated: 791676
	774  -  MemoryUsage of job (MB)
	791676  -  ResidentSetSize of job (KB)
...
006 (15949295.836.000) 2026-02-16 01:12:14 Image size of job updated: 798084
	780  -  MemoryUsage of job (MB)
	798084  -  ResidentSetSize of job (KB)
...
006 (15949295.836.000) 2026-02-16 06:32:43 Image size of job updated: 960872
	873  -  MemoryUsage of job (MB)
	893560  -  ResidentSetSize of job (KB)
...
006 (15949295.836.000) 2026-02-16 06:42:43 Image size of job updated: 960872
	904  -  MemoryUsage of job (MB)
	925036  -  ResidentSetSize of job (KB)
...
006 (15949295.836.000) 2026-02-16 06:47:44 Image size of job updated: 969532
	923  -  MemoryUsage of job (MB)
	944456  -  ResidentSetSize of job (KB)
...
006 (15949295.836.000) 2026-02-16 06:52:44 Image size of job updated: 969532
	927  -  MemoryUsage of job (MB)
	948952  -  ResidentSetSize of job (KB)
...
006 (15949295.836.000) 2026-02-16 07:02:45 Image size of job updated: 970720
	927  -  MemoryUsage of job (MB)
	948952  -  ResidentSetSize of job (KB)
...
006 (15949295.836.000) 2026-02-16 07:07:45 Image size of job updated: 970796
	930  -  MemoryUsage of job (MB)
	952112  -  ResidentSetSize of job (KB)
...
006 (15949295.836.000) 2026-02-16 07:22:46 Image size of job updated: 970804
	930  -  MemoryUsage of job (MB)
	952112  -  ResidentSetSize of job (KB)
...
006 (15949295.836.000) 2026-02-16 07:42:47 Image size of job updated: 970804
	948  -  MemoryUsage of job (MB)
	970496  -  ResidentSetSize of job (KB)
...
006 (15949295.836.000) 2026-02-16 08:07:49 Image size of job updated: 970804
	948  -  MemoryUsage of job (MB)
	970556  -  ResidentSetSize of job (KB)
...
006 (15949295.836.000) 2026-02-16 08:12:49 Image size of job updated: 970804
	949  -  MemoryUsage of job (MB)
	970768  -  ResidentSetSize of job (KB)
...
006 (15949295.836.000) 2026-02-16 08:22:50 Image size of job updated: 971080
	949  -  MemoryUsage of job (MB)
	970768  -  ResidentSetSize of job (KB)
...
006 (15949295.836.000) 2026-02-16 08:27:50 Image size of job updated: 971108
	949  -  MemoryUsage of job (MB)
	970768  -  ResidentSetSize of job (KB)
...
006 (15949295.836.000) 2026-02-16 08:32:51 Image size of job updated: 971152
	949  -  MemoryUsage of job (MB)
	970768  -  ResidentSetSize of job (KB)
...
006 (15949295.836.000) 2026-02-16 08:42:51 Image size of job updated: 971680
	949  -  MemoryUsage of job (MB)
	970768  -  ResidentSetSize of job (KB)
...
006 (15949295.836.000) 2026-02-16 08:47:52 Image size of job updated: 971680
	949  -  MemoryUsage of job (MB)
	971524  -  ResidentSetSize of job (KB)
...
006 (15949295.836.000) 2026-02-16 09:32:56 Image size of job updated: 971768
	949  -  MemoryUsage of job (MB)
	971524  -  ResidentSetSize of job (KB)
...
006 (15949295.836.000) 2026-02-16 09:47:58 Image size of job updated: 971944
	949  -  MemoryUsage of job (MB)
	971524  -  ResidentSetSize of job (KB)
...
006 (15949295.836.000) 2026-02-16 09:52:58 Image size of job updated: 971944
	950  -  MemoryUsage of job (MB)
	971908  -  ResidentSetSize of job (KB)
...
006 (15949295.836.000) 2026-02-16 10:38:04 Image size of job updated: 971968
	950  -  MemoryUsage of job (MB)
	971908  -  ResidentSetSize of job (KB)
...
006 (15949295.836.000) 2026-02-16 10:43:05 Image size of job updated: 971968
	950  -  MemoryUsage of job (MB)
	971928  -  ResidentSetSize of job (KB)
...
006 (15949295.836.000) 2026-02-16 10:53:05 Image size of job updated: 972100
	950  -  MemoryUsage of job (MB)
	972100  -  ResidentSetSize of job (KB)
...
006 (15949295.836.000) 2026-02-16 12:23:17 Image size of job updated: 972620
	950  -  MemoryUsage of job (MB)
	972620  -  ResidentSetSize of job (KB)
...
006 (15949295.836.000) 2026-02-16 12:33:19 Image size of job updated: 973444
	950  -  MemoryUsage of job (MB)
	972620  -  ResidentSetSize of job (KB)
...
006 (15949295.836.000) 2026-02-16 12:48:21 Image size of job updated: 973444
	951  -  MemoryUsage of job (MB)
	973212  -  ResidentSetSize of job (KB)
...
006 (15949295.836.000) 2026-02-16 14:03:27 Image size of job updated: 973444
	951  -  MemoryUsage of job (MB)
	973224  -  ResidentSetSize of job (KB)
...
006 (15949295.836.000) 2026-02-16 14:13:28 Image size of job updated: 973672
	951  -  MemoryUsage of job (MB)
	973224  -  ResidentSetSize of job (KB)
...
006 (15949295.836.000) 2026-02-16 14:43:32 Image size of job updated: 973672
	951  -  MemoryUsage of job (MB)
	973452  -  ResidentSetSize of job (KB)
...
006 (15949295.836.000) 2026-02-16 16:48:45 Image size of job updated: 973672
	951  -  MemoryUsage of job (MB)
	973480  -  ResidentSetSize of job (KB)
...
006 (15949295.836.000) 2026-02-16 16:53:45 Image size of job updated: 973672
	951  -  MemoryUsage of job (MB)
	973488  -  ResidentSetSize of job (KB)
...
004 (15949295.836.000) 2026-02-16 17:16:23 Job was evicted.
	(0) CPU times
		Usr 2 06:46:13, Sys 0 01:09:07  -  Run Remote Usage
		Usr 0 00:00:00, Sys 0 00:00:00  -  Run Local Usage
	0  -  Run Bytes Sent By Job
	0  -  Run Bytes Received By Job
	Partitionable Resources :    Usage  Request Allocated 
	   Cpus                 :     0.99        8         8 
	   Disk (KB)            :     1     1024000   1025696 
	   GPUs                 :                           0 
	   Memory (MB)          :   951       16384     16384 
	   TimeExecute (s)      : 89110                       
	   TimeSlotBusy (s)     : 89111                       
...
009 (15949295.836.000) 2026-02-16 17:16:23 Job was aborted.
	via condor_rm (by user tuccia)
...
000 (16309093.118.000) 2026-02-18 10:41:47 Job submitted from host: <141.34.103.35:9618?addrs=141.34.103.35-9618+[2001-638-700-f067--1-23]-9618&alias=wgs39.zeuthen.desy.de&noUDP&sock=schedd_7302_24a3>
...
001 (16309093.118.000) 2026-02-18 10:42:03 Job executing on host: <141.34.103.53:9618?addrs=141.34.103.53-9618+[2001-638-700-f067--1-35]-9618&alias=wgs43.zeuthen.desy.de&noUDP&sock=startd_8324_266d>
	SlotName: slot1_7@wgs43.zeuthen.desy.de
	CondorScratchDir = "/batch/dir_749657"
	Cpus = 1
	Disk = 1025025
	GPUs = 0
	Memory = 5120
...
006 (16309093.118.000) 2026-02-18 10:42:17 Image size of job updated: 109348
	107  -  MemoryUsage of job (MB)
	109348  -  ResidentSetSize of job (KB)
...
006 (16309093.118.000) 2026-02-18 10:47:18 Image size of job updated: 772540
	582  -  MemoryUsage of job (MB)
	595748  -  ResidentSetSize of job (KB)
...
006 (16309093.118.000) 2026-02-18 11:02:20 Image size of job updated: 772540
	593  -  MemoryUsage of job (MB)
	606976  -  ResidentSetSize of job (KB)
...
006 (16309093.118.000) 2026-02-18 11:07:20 Image size of job updated: 772540
	593  -  MemoryUsage of job (MB)
	606996  -  ResidentSetSize of job (KB)
...
006 (16309093.118.000) 2026-02-18 11:12:20 Image size of job updated: 772540
	594  -  MemoryUsage of job (MB)
	608040  -  ResidentSetSize of job (KB)
...
006 (16309093.118.000) 2026-02-18 11:17:21 Image size of job updated: 772540
	595  -  MemoryUsage of job (MB)
	609128  -  ResidentSetSize of job (KB)
...
006 (16309093.118.000) 2026-02-18 11:22:21 Image size of job updated: 772540
	597  -  MemoryUsage of job (MB)
	610344  -  ResidentSetSize of job (KB)
...
006 (16309093.118.000) 2026-02-18 11:27:21 Image size of job updated: 772540
	604  -  MemoryUsage of job (MB)
	618244  -  ResidentSetSize of job (KB)
...
006 (16309093.118.000) 2026-02-18 11:32:22 Image size of job updated: 772540
	610  -  MemoryUsage of job (MB)
	623840  -  ResidentSetSize of job (KB)
...
006 (16309093.118.000) 2026-02-18 11:37:22 Image size of job updated: 772540
	610  -  MemoryUsage of job (MB)
	624248  -  ResidentSetSize of job (KB)
...
006 (16309093.118.000) 2026-02-18 11:47:24 Image size of job updated: 772540
	612  -  MemoryUsage of job (MB)
	625944  -  ResidentSetSize of job (KB)
...
006 (16309093.118.000) 2026-02-18 11:52:24 Image size of job updated: 772540
	612  -  MemoryUsage of job (MB)
	626492  -  ResidentSetSize of job (KB)
...
006 (16309093.118.000) 2026-02-18 12:12:26 Image size of job updated: 772540
	612  -  MemoryUsage of job (MB)
	626664  -  ResidentSetSize of job (KB)
...
006 (16309093.118.000) 2026-02-18 12:22:28 Image size of job updated: 772540
	613  -  MemoryUsage of job (MB)
	626916  -  ResidentSetSize of job (KB)
...
006 (16309093.118.000) 2026-02-18 12:27:28 Image size of job updated: 772540
	613  -  MemoryUsage of job (MB)
	627432  -  ResidentSetSize of job (KB)
...
006 (16309093.118.000) 2026-02-18 14:17:40 Image size of job updated: 772540
	615  -  MemoryUsage of job (MB)
	628792  -  ResidentSetSize of job (KB)
...
006 (16309093.118.000) 2026-02-18 14:32:41 Image size of job updated: 772540
	617  -  MemoryUsage of job (MB)
	630820  -  ResidentSetSize of job (KB)
...
006 (16309093.118.000) 2026-02-18 14:37:41 Image size of job updated: 772540
	617  -  MemoryUsage of job (MB)
	631108  -  ResidentSetSize of job (KB)
...
006 (16309093.118.000) 2026-02-18 19:33:11 Image size of job updated: 772540
	619  -  MemoryUsage of job (MB)
	633708  -  ResidentSetSize of job (KB)
...
006 (16309093.118.000) 2026-02-18 19:38:12 Image size of job updated: 772540
	620  -  MemoryUsage of job (MB)
	634724  -  ResidentSetSize of job (KB)
...
006 (16309093.118.000) 2026-02-19 08:19:28 Image size of job updated: 772540
	624  -  MemoryUsage of job (MB)
	637960  -  ResidentSetSize of job (KB)
...
006 (16309093.118.000) 2026-02-19 12:44:56 Image size of job updated: 772540
	624  -  MemoryUsage of job (MB)
	637968  -  ResidentSetSize of job (KB)
...
006 (16309093.118.000) 2026-02-19 21:45:45 Image size of job updated: 772540
	653  -  MemoryUsage of job (MB)
	667752  -  ResidentSetSize of job (KB)
...
006 (16309093.118.000) 2026-02-19 21:55:47 Image size of job updated: 772540
	654  -  MemoryUsage of job (MB)
	668720  -  ResidentSetSize of job (KB)
...
006 (16309093.118.000) 2026-02-19 22:00:47 Image size of job updated: 772540
	654  -  MemoryUsage of job (MB)
	668856  -  ResidentSetSize of job (KB)
...
006 (16309093.118.000) 2026-02-19 23:25:57 Image size of job updated: 772540
	654  -  MemoryUsage of job (MB)
	668864  -  ResidentSetSize of job (KB)
...
022 (16309093.118.000) 2026-02-20 03:44:36 Job disconnected, attempting to reconnect
    Local schedd and job shadow died, schedd now running again
    Trying to reconnect to slot1_7@wgs43.zeuthen.desy.de <141.34.103.53:9618?addrs=141.34.103.53-9618+[2001-638-700-f067--1-35]-9618&alias=wgs43.zeuthen.desy.de&noUDP&sock=startd_8324_266d>
...
023 (16309093.118.000) 2026-02-20 03:44:44 Job reconnected to slot1_7@wgs43.zeuthen.desy.de
    startd address: <141.34.103.53:9618?addrs=141.34.103.53-9618+[2001-638-700-f067--1-35]-9618&alias=wgs43.zeuthen.desy.de&noUDP&sock=startd_8324_266d>
    starter address: <141.34.103.53:9618?addrs=141.34.103.53-9618+[2001-638-700-f067--1-35]-9618&alias=wgs43.zeuthen.desy.de&noUDP&sock=slot1_7_8915_2c84_46192>
...
021 (16309093.118.000) 2026-02-20 10:42:05 Error from starter on slot1_7@wgs43.zeuthen.desy.de:
	runtime exceeded maximum (target.Runtime seconds)
	Code 21 Subcode 103
...
004 (16309093.118.000) 2026-02-20 10:42:05 Job was evicted.
	(0) CPU times
		Usr 1 23:35:07, Sys 0 00:00:09  -  Run Remote Usage
		Usr 0 00:00:00, Sys 0 00:00:00  -  Run Local Usage
	0  -  Run Bytes Sent By Job
	0  -  Run Bytes Received By Job
	Error from slot1_7@wgs43.zeuthen.desy.de: runtime exceeded maximum (target.Runtime seconds)
	Partitionable Resources :         Usage  Request Allocated 
	   Cpus                 :          0.99        1         1 
	   Disk (KB)            :          1     1024000   1025025 
	   Memory (MB)          :        733        5120      5120 
	   TimeSlotBusy (s)     : 1771580525                       
...
012 (16309093.118.000) 2026-02-20 10:42:05 Job was held.
	Error from slot1_7@wgs43.zeuthen.desy.de: runtime exceeded maximum (target.Runtime seconds)
	Code 21 Subcode 103
...
009 (16309093.118.000) 2026-02-23 19:29:01 Job was aborted.
	via condor_rm (by user tuccia)
...
000 (16619873.118.000) 2026-02-23 19:31:49 Job submitted from host: <141.34.103.35:9618?addrs=141.34.103.35-9618+[2001-638-700-f067--1-23]-9618&alias=wgs39.zeuthen.desy.de&noUDP&sock=schedd_7302_24a3>
...
001 (16619873.118.000) 2026-02-23 19:31:50 Job executing on host: <141.34.15.175:9618?addrs=141.34.15.175-9618+[2001-638-700-f00f--1-af]-9618&alias=genoa00.zeuthen.desy.de&noUDP&sock=startd_10471_d043>
	SlotName: slot1_40@genoa00.zeuthen.desy.de
	CondorScratchDir = "/batch/dir_1029457"
	Cpus = 1
	Disk = 1025697
	GPUs = 0
	Memory = 5120
...
006 (16619873.118.000) 2026-02-23 19:32:04 Image size of job updated: 107456
	105  -  MemoryUsage of job (MB)
	107456  -  ResidentSetSize of job (KB)
...
006 (16619873.118.000) 2026-02-23 19:37:05 Image size of job updated: 1046712
	581  -  MemoryUsage of job (MB)
	594052  -  ResidentSetSize of job (KB)
...
006 (16619873.118.000) 2026-02-23 19:47:06 Image size of job updated: 1046712
	586  -  MemoryUsage of job (MB)
	599448  -  ResidentSetSize of job (KB)
...
006 (16619873.118.000) 2026-02-23 19:52:07 Image size of job updated: 1046712
	603  -  MemoryUsage of job (MB)
	617404  -  ResidentSetSize of job (KB)
...
006 (16619873.118.000) 2026-02-23 19:57:07 Image size of job updated: 1046712
	604  -  MemoryUsage of job (MB)
	617516  -  ResidentSetSize of job (KB)
...
006 (16619873.118.000) 2026-02-23 20:52:12 Image size of job updated: 1046712
	605  -  MemoryUsage of job (MB)
	619044  -  ResidentSetSize of job (KB)
...
006 (16619873.118.000) 2026-02-23 21:27:16 Image size of job updated: 1046712
	607  -  MemoryUsage of job (MB)
	620612  -  ResidentSetSize of job (KB)
...
006 (16619873.118.000) 2026-02-23 21:32:16 Image size of job updated: 1046712
	613  -  MemoryUsage of job (MB)
	626704  -  ResidentSetSize of job (KB)
...
006 (16619873.118.000) 2026-02-23 21:37:17 Image size of job updated: 1046712
	613  -  MemoryUsage of job (MB)
	627012  -  ResidentSetSize of job (KB)
...
006 (16619873.118.000) 2026-02-23 22:52:24 Image size of job updated: 1046712
	613  -  MemoryUsage of job (MB)
	627172  -  ResidentSetSize of job (KB)
...
006 (16619873.118.000) 2026-02-23 23:22:27 Image size of job updated: 1046712
	614  -  MemoryUsage of job (MB)
	628524  -  ResidentSetSize of job (KB)
...
006 (16619873.118.000) 2026-02-23 23:27:27 Image size of job updated: 1046712
	615  -  MemoryUsage of job (MB)
	628876  -  ResidentSetSize of job (KB)
...
006 (16619873.118.000) 2026-02-23 23:32:28 Image size of job updated: 1046712
	615  -  MemoryUsage of job (MB)
	628944  -  ResidentSetSize of job (KB)
...
022 (16619873.118.000) 2026-02-24 08:04:13 Job disconnected, attempting to reconnect
    Local schedd and job shadow died, schedd now running again
    Trying to reconnect to slot1_40@genoa00.zeuthen.desy.de <141.34.15.175:9618?addrs=141.34.15.175-9618+[2001-638-700-f00f--1-af]-9618&alias=genoa00.zeuthen.desy.de&noUDP&sock=startd_10471_d043>
...
023 (16619873.118.000) 2026-02-24 08:04:22 Job reconnected to slot1_40@genoa00.zeuthen.desy.de
    startd address: <141.34.15.175:9618?addrs=141.34.15.175-9618+[2001-638-700-f00f--1-af]-9618&alias=genoa00.zeuthen.desy.de&noUDP&sock=startd_10471_d043>
    starter address: <141.34.15.175:9618?addrs=141.34.15.175-9618+[2001-638-700-f00f--1-af]-9618&alias=genoa00.zeuthen.desy.de&noUDP&sock=slot1_40_11076_cb3b_4613>
...
005 (16619873.118.000) 2026-02-27 23:35:19 Job terminated.
	(1) Normal termination (return value 0)
		Usr 4 02:08:59, Sys 0 00:01:51  -  Run Remote Usage
		Usr 0 00:00:00, Sys 0 00:00:00  -  Run Local Usage
		Usr 4 14:13:55, Sys 0 00:01:57  -  Total Remote Usage
		Usr 0 00:00:00, Sys 0 00:00:00  -  Total Local Usage
	0  -  Run Bytes Sent By Job
	0  -  Run Bytes Received By Job
	0  -  Total Bytes Sent By Job
	0  -  Total Bytes Received By Job
	Partitionable Resources :         Usage  Request Allocated 
	   Cpus                 :          0.99        1         1 
	   Disk (KB)            :          1     1024000   1025697 
	   Memory (MB)          :        733        5120      5120 
	   TimeExecute (s)      : 1772231719                       
	   TimeSlotBusy (s)     : 1772231719                       

	Job terminated of its own accord at 2026-02-27T22:35:19Z with exit-code 0.
...
