000 (15756404.1343.000) 2026-02-06 11:24:38 Job submitted from host: <141.34.103.35:9618?addrs=141.34.103.35-9618+[2001-638-700-f067--1-23]-9618&alias=wgs39.zeuthen.desy.de&noUDP&sock=schedd_7414_f73f>
...
001 (15756404.1343.000) 2026-02-07 20:41:54 Job executing on host: <141.34.15.41:9618?addrs=141.34.15.41-9618+[2001-638-700-f00f--1-29]-9618&alias=pizza12.zeuthen.desy.de&noUDP&sock=startd_8275_8a49>
	SlotName: slot1_7@pizza12.zeuthen.desy.de
	CondorScratchDir = "/batch/dir_2799188"
	Cpus = 8
	Disk = 1025696
	GPUs = 0
	Memory = 16384
...
006 (15756404.1343.000) 2026-02-07 20:42:07 Image size of job updated: 109424
	107  -  MemoryUsage of job (MB)
	109424  -  ResidentSetSize of job (KB)
...
006 (15756404.1343.000) 2026-02-07 20:47:07 Image size of job updated: 2290104
	2237  -  MemoryUsage of job (MB)
	2290104  -  ResidentSetSize of job (KB)
...
006 (15756404.1343.000) 2026-02-07 20:52:08 Image size of job updated: 2326584
	2273  -  MemoryUsage of job (MB)
	2326584  -  ResidentSetSize of job (KB)
...
006 (15756404.1343.000) 2026-02-07 20:57:09 Image size of job updated: 2351984
	2297  -  MemoryUsage of job (MB)
	2351984  -  ResidentSetSize of job (KB)
...
006 (15756404.1343.000) 2026-02-07 21:02:09 Image size of job updated: 2355052
	2297  -  MemoryUsage of job (MB)
	2351984  -  ResidentSetSize of job (KB)
...
006 (15756404.1343.000) 2026-02-07 21:07:10 Image size of job updated: 2357020
	2297  -  MemoryUsage of job (MB)
	2351984  -  ResidentSetSize of job (KB)
...
006 (15756404.1343.000) 2026-02-07 21:12:11 Image size of job updated: 2358064
	2297  -  MemoryUsage of job (MB)
	2351984  -  ResidentSetSize of job (KB)
...
006 (15756404.1343.000) 2026-02-07 21:27:13 Image size of job updated: 2359708
	2302  -  MemoryUsage of job (MB)
	2357180  -  ResidentSetSize of job (KB)
...
006 (15756404.1343.000) 2026-02-07 21:32:13 Image size of job updated: 2359708
	2302  -  MemoryUsage of job (MB)
	2357184  -  ResidentSetSize of job (KB)
...
006 (15756404.1343.000) 2026-02-07 21:37:13 Image size of job updated: 2360276
	2302  -  MemoryUsage of job (MB)
	2357184  -  ResidentSetSize of job (KB)
...
006 (15756404.1343.000) 2026-02-07 21:47:14 Image size of job updated: 2360488
	2302  -  MemoryUsage of job (MB)
	2357184  -  ResidentSetSize of job (KB)
...
006 (15756404.1343.000) 2026-02-07 21:52:14 Image size of job updated: 2360936
	2302  -  MemoryUsage of job (MB)
	2357184  -  ResidentSetSize of job (KB)
...
006 (15756404.1343.000) 2026-02-07 22:12:16 Image size of job updated: 2361276
	2302  -  MemoryUsage of job (MB)
	2357184  -  ResidentSetSize of job (KB)
...
006 (15756404.1343.000) 2026-02-07 22:22:16 Image size of job updated: 2361492
	2302  -  MemoryUsage of job (MB)
	2357184  -  ResidentSetSize of job (KB)
...
006 (15756404.1343.000) 2026-02-07 22:57:21 Image size of job updated: 2361644
	2302  -  MemoryUsage of job (MB)
	2357184  -  ResidentSetSize of job (KB)
...
006 (15756404.1343.000) 2026-02-07 23:02:22 Image size of job updated: 2361736
	2302  -  MemoryUsage of job (MB)
	2357184  -  ResidentSetSize of job (KB)
...
006 (15756404.1343.000) 2026-02-07 23:12:23 Image size of job updated: 2362268
	2302  -  MemoryUsage of job (MB)
	2357184  -  ResidentSetSize of job (KB)
...
006 (15756404.1343.000) 2026-02-07 23:32:25 Image size of job updated: 2362268
	2306  -  MemoryUsage of job (MB)
	2360988  -  ResidentSetSize of job (KB)
...
006 (15756404.1343.000) 2026-02-07 23:37:25 Image size of job updated: 2362724
	2306  -  MemoryUsage of job (MB)
	2360988  -  ResidentSetSize of job (KB)
...
006 (15756404.1343.000) 2026-02-07 23:57:26 Image size of job updated: 2363304
	2306  -  MemoryUsage of job (MB)
	2360988  -  ResidentSetSize of job (KB)
...
006 (15756404.1343.000) 2026-02-08 00:02:27 Image size of job updated: 2363356
	2306  -  MemoryUsage of job (MB)
	2360988  -  ResidentSetSize of job (KB)
...
006 (15756404.1343.000) 2026-02-08 00:12:28 Image size of job updated: 2363432
	2306  -  MemoryUsage of job (MB)
	2360988  -  ResidentSetSize of job (KB)
...
006 (15756404.1343.000) 2026-02-08 00:17:29 Image size of job updated: 2363628
	2306  -  MemoryUsage of job (MB)
	2360988  -  ResidentSetSize of job (KB)
...
006 (15756404.1343.000) 2026-02-08 00:27:30 Image size of job updated: 2363636
	2306  -  MemoryUsage of job (MB)
	2360988  -  ResidentSetSize of job (KB)
...
006 (15756404.1343.000) 2026-02-08 00:32:31 Image size of job updated: 2363916
	2306  -  MemoryUsage of job (MB)
	2360988  -  ResidentSetSize of job (KB)
...
006 (15756404.1343.000) 2026-02-08 00:37:32 Image size of job updated: 2363924
	2306  -  MemoryUsage of job (MB)
	2360988  -  ResidentSetSize of job (KB)
...
006 (15756404.1343.000) 2026-02-08 00:57:34 Image size of job updated: 2363988
	2306  -  MemoryUsage of job (MB)
	2360988  -  ResidentSetSize of job (KB)
...
006 (15756404.1343.000) 2026-02-08 01:02:34 Image size of job updated: 2364172
	2306  -  MemoryUsage of job (MB)
	2360988  -  ResidentSetSize of job (KB)
...
006 (15756404.1343.000) 2026-02-08 01:07:35 Image size of job updated: 2364660
	2306  -  MemoryUsage of job (MB)
	2360988  -  ResidentSetSize of job (KB)
...
006 (15756404.1343.000) 2026-02-08 02:17:41 Image size of job updated: 2364660
	2307  -  MemoryUsage of job (MB)
	2361500  -  ResidentSetSize of job (KB)
...
006 (15756404.1343.000) 2026-02-08 03:02:45 Image size of job updated: 2364736
	2307  -  MemoryUsage of job (MB)
	2361500  -  ResidentSetSize of job (KB)
...
006 (15756404.1343.000) 2026-02-08 03:12:46 Image size of job updated: 2364988
	2307  -  MemoryUsage of job (MB)
	2361500  -  ResidentSetSize of job (KB)
...
006 (15756404.1343.000) 2026-02-08 03:27:47 Image size of job updated: 2364988
	2308  -  MemoryUsage of job (MB)
	2363108  -  ResidentSetSize of job (KB)
...
006 (15756404.1343.000) 2026-02-08 03:32:47 Image size of job updated: 2364988
	2308  -  MemoryUsage of job (MB)
	2363112  -  ResidentSetSize of job (KB)
...
006 (15756404.1343.000) 2026-02-08 03:37:47 Image size of job updated: 2365168
	2308  -  MemoryUsage of job (MB)
	2363112  -  ResidentSetSize of job (KB)
...
006 (15756404.1343.000) 2026-02-08 03:42:48 Image size of job updated: 2365232
	2308  -  MemoryUsage of job (MB)
	2363112  -  ResidentSetSize of job (KB)
...
006 (15756404.1343.000) 2026-02-08 04:07:51 Image size of job updated: 2365928
	2308  -  MemoryUsage of job (MB)
	2363112  -  ResidentSetSize of job (KB)
...
006 (15756404.1343.000) 2026-02-08 04:27:53 Image size of job updated: 2365948
	2308  -  MemoryUsage of job (MB)
	2363112  -  ResidentSetSize of job (KB)
...
006 (15756404.1343.000) 2026-02-08 04:32:54 Image size of job updated: 2366244
	2308  -  MemoryUsage of job (MB)
	2363112  -  ResidentSetSize of job (KB)
...
006 (15756404.1343.000) 2026-02-08 05:02:56 Image size of job updated: 2366304
	2308  -  MemoryUsage of job (MB)
	2363112  -  ResidentSetSize of job (KB)
...
006 (15756404.1343.000) 2026-02-08 05:32:59 Image size of job updated: 2366616
	2308  -  MemoryUsage of job (MB)
	2363112  -  ResidentSetSize of job (KB)
...
006 (15756404.1343.000) 2026-02-08 05:38:00 Image size of job updated: 2367028
	2308  -  MemoryUsage of job (MB)
	2363112  -  ResidentSetSize of job (KB)
...
006 (15756404.1343.000) 2026-02-08 05:48:01 Image size of job updated: 2367168
	2308  -  MemoryUsage of job (MB)
	2363112  -  ResidentSetSize of job (KB)
...
006 (15756404.1343.000) 2026-02-08 06:03:03 Image size of job updated: 2367540
	2308  -  MemoryUsage of job (MB)
	2363112  -  ResidentSetSize of job (KB)
...
006 (15756404.1343.000) 2026-02-08 06:18:04 Image size of job updated: 2367552
	2308  -  MemoryUsage of job (MB)
	2363112  -  ResidentSetSize of job (KB)
...
006 (15756404.1343.000) 2026-02-08 06:33:05 Image size of job updated: 2367588
	2308  -  MemoryUsage of job (MB)
	2363112  -  ResidentSetSize of job (KB)
...
006 (15756404.1343.000) 2026-02-08 06:53:07 Image size of job updated: 2367812
	2308  -  MemoryUsage of job (MB)
	2363112  -  ResidentSetSize of job (KB)
...
006 (15756404.1343.000) 2026-02-08 07:03:07 Image size of job updated: 2368004
	2308  -  MemoryUsage of job (MB)
	2363112  -  ResidentSetSize of job (KB)
...
006 (15756404.1343.000) 2026-02-08 07:08:08 Image size of job updated: 2368004
	2313  -  MemoryUsage of job (MB)
	2367516  -  ResidentSetSize of job (KB)
...
006 (15756404.1343.000) 2026-02-08 07:13:09 Image size of job updated: 2368004
	2313  -  MemoryUsage of job (MB)
	2367520  -  ResidentSetSize of job (KB)
...
006 (15756404.1343.000) 2026-02-08 07:18:09 Image size of job updated: 2368080
	2313  -  MemoryUsage of job (MB)
	2367520  -  ResidentSetSize of job (KB)
...
006 (15756404.1343.000) 2026-02-08 07:38:12 Image size of job updated: 2368392
	2313  -  MemoryUsage of job (MB)
	2367520  -  ResidentSetSize of job (KB)
...
006 (15756404.1343.000) 2026-02-08 07:48:13 Image size of job updated: 2368660
	2313  -  MemoryUsage of job (MB)
	2367520  -  ResidentSetSize of job (KB)
...
006 (15756404.1343.000) 2026-02-08 08:18:16 Image size of job updated: 2368940
	2313  -  MemoryUsage of job (MB)
	2367520  -  ResidentSetSize of job (KB)
...
006 (15756404.1343.000) 2026-02-08 15:38:59 Image size of job updated: 2369564
	2313  -  MemoryUsage of job (MB)
	2367520  -  ResidentSetSize of job (KB)
...
006 (15756404.1343.000) 2026-02-09 05:50:25 Image size of job updated: 2369564
	2313  -  MemoryUsage of job (MB)
	2368260  -  ResidentSetSize of job (KB)
...
006 (15756404.1343.000) 2026-02-09 05:55:25 Image size of job updated: 2369564
	2313  -  MemoryUsage of job (MB)
	2368264  -  ResidentSetSize of job (KB)
...
006 (15756404.1343.000) 2026-02-09 07:15:30 Image size of job updated: 2369640
	2313  -  MemoryUsage of job (MB)
	2368264  -  ResidentSetSize of job (KB)
...
006 (15756404.1343.000) 2026-02-09 15:06:12 Image size of job updated: 2369736
	2313  -  MemoryUsage of job (MB)
	2368264  -  ResidentSetSize of job (KB)
...
021 (15756404.1343.000) 2026-02-09 20:41:59 Error from starter on slot1_7@pizza12.zeuthen.desy.de:
	runtime exceeded maximum (target.Runtime seconds)
	Code 21 Subcode 103
...
004 (15756404.1343.000) 2026-02-09 20:41:59 Job was evicted.
	(0) CPU times
		Usr 3 20:24:49, Sys 0 22:00:50  -  Run Remote Usage
		Usr 0 00:00:00, Sys 0 00:00:00  -  Run Local Usage
	0  -  Run Bytes Sent By Job
	0  -  Run Bytes Received By Job
	Error from slot1_7@pizza12.zeuthen.desy.de: runtime exceeded maximum (target.Runtime seconds)
	Partitionable Resources :     Usage  Request Allocated 
	   Cpus                 :      0.99        8         8 
	   Disk (KB)            :      1     1024000   1025696 
	   GPUs                 :                            0 
	   Memory (MB)          :   2313       16384     16384 
	   TimeSlotBusy (s)     : 172805                       
...
012 (15756404.1343.000) 2026-02-09 20:41:59 Job was held.
	Error from slot1_7@pizza12.zeuthen.desy.de: runtime exceeded maximum (target.Runtime seconds)
	Code 21 Subcode 103
...
009 (15756404.1343.000) 2026-02-10 11:42:28 Job was aborted.
	via condor_rm (by user tuccia)
...
