000 (15756404.1447.000) 2026-02-06 11:24:38 Job submitted from host: <141.34.103.35:9618?addrs=141.34.103.35-9618+[2001-638-700-f067--1-23]-9618&alias=wgs39.zeuthen.desy.de&noUDP&sock=schedd_7414_f73f>
...
001 (15756404.1447.000) 2026-02-08 12:15:22 Job executing on host: <141.34.15.42:9618?addrs=141.34.15.42-9618+[2001-638-700-f00f--1-2a]-9618&alias=pizza13.zeuthen.desy.de&noUDP&sock=startd_8168_25a7>
	SlotName: slot1_6@pizza13.zeuthen.desy.de
	CondorScratchDir = "/batch/dir_1280271"
	Cpus = 8
	Disk = 1025696
	GPUs = 0
	Memory = 16384
...
006 (15756404.1447.000) 2026-02-08 12:15:36 Image size of job updated: 109428
	107  -  MemoryUsage of job (MB)
	109428  -  ResidentSetSize of job (KB)
...
006 (15756404.1447.000) 2026-02-08 12:20:37 Image size of job updated: 1029408
	739  -  MemoryUsage of job (MB)
	756520  -  ResidentSetSize of job (KB)
...
006 (15756404.1447.000) 2026-02-08 12:35:38 Image size of job updated: 1029408
	743  -  MemoryUsage of job (MB)
	759928  -  ResidentSetSize of job (KB)
...
006 (15756404.1447.000) 2026-02-08 13:00:39 Image size of job updated: 1029408
	744  -  MemoryUsage of job (MB)
	761324  -  ResidentSetSize of job (KB)
...
006 (15756404.1447.000) 2026-02-08 13:05:40 Image size of job updated: 1029408
	744  -  MemoryUsage of job (MB)
	761328  -  ResidentSetSize of job (KB)
...
006 (15756404.1447.000) 2026-02-08 13:20:41 Image size of job updated: 1029408
	745  -  MemoryUsage of job (MB)
	762268  -  ResidentSetSize of job (KB)
...
006 (15756404.1447.000) 2026-02-08 13:50:45 Image size of job updated: 1029408
	746  -  MemoryUsage of job (MB)
	762948  -  ResidentSetSize of job (KB)
...
006 (15756404.1447.000) 2026-02-08 13:55:46 Image size of job updated: 1029408
	746  -  MemoryUsage of job (MB)
	762988  -  ResidentSetSize of job (KB)
...
006 (15756404.1447.000) 2026-02-08 14:40:50 Image size of job updated: 1029408
	746  -  MemoryUsage of job (MB)
	763092  -  ResidentSetSize of job (KB)
...
006 (15756404.1447.000) 2026-02-08 15:05:53 Image size of job updated: 1029408
	746  -  MemoryUsage of job (MB)
	763604  -  ResidentSetSize of job (KB)
...
006 (15756404.1447.000) 2026-02-08 15:10:53 Image size of job updated: 1029408
	747  -  MemoryUsage of job (MB)
	764372  -  ResidentSetSize of job (KB)
...
006 (15756404.1447.000) 2026-02-08 15:15:54 Image size of job updated: 1029408
	748  -  MemoryUsage of job (MB)
	765140  -  ResidentSetSize of job (KB)
...
006 (15756404.1447.000) 2026-02-08 15:20:54 Image size of job updated: 1029408
	748  -  MemoryUsage of job (MB)
	765908  -  ResidentSetSize of job (KB)
...
006 (15756404.1447.000) 2026-02-08 16:00:58 Image size of job updated: 1029408
	749  -  MemoryUsage of job (MB)
	766412  -  ResidentSetSize of job (KB)
...
006 (15756404.1447.000) 2026-02-08 17:51:09 Image size of job updated: 1029408
	749  -  MemoryUsage of job (MB)
	766676  -  ResidentSetSize of job (KB)
...
006 (15756404.1447.000) 2026-02-08 17:56:10 Image size of job updated: 1029408
	750  -  MemoryUsage of job (MB)
	766980  -  ResidentSetSize of job (KB)
...
006 (15756404.1447.000) 2026-02-08 20:06:24 Image size of job updated: 1029408
	750  -  MemoryUsage of job (MB)
	767236  -  ResidentSetSize of job (KB)
...
006 (15756404.1447.000) 2026-02-08 20:26:25 Image size of job updated: 1029408
	750  -  MemoryUsage of job (MB)
	767240  -  ResidentSetSize of job (KB)
...
006 (15756404.1447.000) 2026-02-08 20:31:25 Image size of job updated: 1029408
	750  -  MemoryUsage of job (MB)
	767288  -  ResidentSetSize of job (KB)
...
006 (15756404.1447.000) 2026-02-08 20:36:26 Image size of job updated: 1029408
	750  -  MemoryUsage of job (MB)
	767408  -  ResidentSetSize of job (KB)
...
006 (15756404.1447.000) 2026-02-08 20:41:26 Image size of job updated: 1029408
	750  -  MemoryUsage of job (MB)
	767412  -  ResidentSetSize of job (KB)
...
006 (15756404.1447.000) 2026-02-08 20:46:26 Image size of job updated: 1029408
	750  -  MemoryUsage of job (MB)
	767420  -  ResidentSetSize of job (KB)
...
005 (15756404.1447.000) 2026-02-09 01:02:14 Job terminated.
	(1) Normal termination (return value 0)
		Usr 1 11:48:40, Sys 0 18:00:58  -  Run Remote Usage
		Usr 0 00:00:00, Sys 0 00:00:00  -  Run Local Usage
		Usr 1 11:48:40, Sys 0 18:00:58  -  Total Remote Usage
		Usr 0 00:00:00, Sys 0 00:00:00  -  Total Local Usage
	0  -  Run Bytes Sent By Job
	0  -  Run Bytes Received By Job
	0  -  Total Bytes Sent By Job
	0  -  Total Bytes Received By Job
	Partitionable Resources :    Usage  Request Allocated 
	   Cpus                 :     2.31        8         8 
	   Disk (KB)            :     1     1024000   1025696 
	   GPUs                 :                           0 
	   Memory (MB)          :   750       16384     16384 
	   TimeExecute (s)      : 46012                       
	   TimeSlotBusy (s)     : 46012                       

	Job terminated of its own accord at 2026-02-09T00:02:14Z with exit-code 0.
...
