000 (15756404.1373.000) 2026-02-06 11:24:38 Job submitted from host: <141.34.103.35:9618?addrs=141.34.103.35-9618+[2001-638-700-f067--1-23]-9618&alias=wgs39.zeuthen.desy.de&noUDP&sock=schedd_7414_f73f>
...
001 (15756404.1373.000) 2026-02-07 22:41:30 Job executing on host: <141.34.103.52:9618?addrs=141.34.103.52-9618+[2001-638-700-f067--1-34]-9618&alias=wgs42.zeuthen.desy.de&noUDP&sock=startd_9894_0a1e>
	SlotName: slot1_4@wgs42.zeuthen.desy.de
	CondorScratchDir = "/batch/dir_3483934"
	Cpus = 8
	Disk = 1025025
	GPUs = 0
	Memory = 16384
...
006 (15756404.1373.000) 2026-02-07 22:41:43 Image size of job updated: 109484
	107  -  MemoryUsage of job (MB)
	109484  -  ResidentSetSize of job (KB)
...
006 (15756404.1373.000) 2026-02-07 22:46:43 Image size of job updated: 2302572
	2249  -  MemoryUsage of job (MB)
	2302572  -  ResidentSetSize of job (KB)
...
006 (15756404.1373.000) 2026-02-07 22:51:43 Image size of job updated: 2345864
	2249  -  MemoryUsage of job (MB)
	2302572  -  ResidentSetSize of job (KB)
...
006 (15756404.1373.000) 2026-02-07 22:56:44 Image size of job updated: 2353292
	2287  -  MemoryUsage of job (MB)
	2341340  -  ResidentSetSize of job (KB)
...
006 (15756404.1373.000) 2026-02-07 23:01:44 Image size of job updated: 2358792
	2287  -  MemoryUsage of job (MB)
	2341340  -  ResidentSetSize of job (KB)
...
006 (15756404.1373.000) 2026-02-07 23:06:44 Image size of job updated: 2358792
	2291  -  MemoryUsage of job (MB)
	2345224  -  ResidentSetSize of job (KB)
...
006 (15756404.1373.000) 2026-02-07 23:11:46 Image size of job updated: 2364272
	2291  -  MemoryUsage of job (MB)
	2345224  -  ResidentSetSize of job (KB)
...
006 (15756404.1373.000) 2026-02-07 23:16:46 Image size of job updated: 2364588
	2291  -  MemoryUsage of job (MB)
	2345224  -  ResidentSetSize of job (KB)
...
006 (15756404.1373.000) 2026-02-07 23:21:46 Image size of job updated: 2365148
	2291  -  MemoryUsage of job (MB)
	2345224  -  ResidentSetSize of job (KB)
...
006 (15756404.1373.000) 2026-02-07 23:41:49 Image size of job updated: 2365428
	2291  -  MemoryUsage of job (MB)
	2345224  -  ResidentSetSize of job (KB)
...
006 (15756404.1373.000) 2026-02-08 00:01:51 Image size of job updated: 2365428
	2308  -  MemoryUsage of job (MB)
	2363336  -  ResidentSetSize of job (KB)
...
006 (15756404.1373.000) 2026-02-08 00:06:51 Image size of job updated: 2365800
	2308  -  MemoryUsage of job (MB)
	2363340  -  ResidentSetSize of job (KB)
...
006 (15756404.1373.000) 2026-02-08 00:11:51 Image size of job updated: 2365876
	2308  -  MemoryUsage of job (MB)
	2363340  -  ResidentSetSize of job (KB)
...
006 (15756404.1373.000) 2026-02-08 00:16:52 Image size of job updated: 2366388
	2308  -  MemoryUsage of job (MB)
	2363340  -  ResidentSetSize of job (KB)
...
006 (15756404.1373.000) 2026-02-08 00:21:53 Image size of job updated: 2366400
	2308  -  MemoryUsage of job (MB)
	2363340  -  ResidentSetSize of job (KB)
...
006 (15756404.1373.000) 2026-02-08 00:36:55 Image size of job updated: 2366784
	2308  -  MemoryUsage of job (MB)
	2363340  -  ResidentSetSize of job (KB)
...
006 (15756404.1373.000) 2026-02-08 01:06:57 Image size of job updated: 2366832
	2308  -  MemoryUsage of job (MB)
	2363340  -  ResidentSetSize of job (KB)
...
006 (15756404.1373.000) 2026-02-08 01:11:58 Image size of job updated: 2366944
	2308  -  MemoryUsage of job (MB)
	2363340  -  ResidentSetSize of job (KB)
...
006 (15756404.1373.000) 2026-02-08 01:16:58 Image size of job updated: 2367552
	2308  -  MemoryUsage of job (MB)
	2363340  -  ResidentSetSize of job (KB)
...
006 (15756404.1373.000) 2026-02-08 01:32:00 Image size of job updated: 2369264
	2308  -  MemoryUsage of job (MB)
	2363340  -  ResidentSetSize of job (KB)
...
006 (15756404.1373.000) 2026-02-08 01:42:01 Image size of job updated: 2369620
	2308  -  MemoryUsage of job (MB)
	2363340  -  ResidentSetSize of job (KB)
...
006 (15756404.1373.000) 2026-02-08 02:07:02 Image size of job updated: 2370000
	2315  -  MemoryUsage of job (MB)
	2369952  -  ResidentSetSize of job (KB)
...
006 (15756404.1373.000) 2026-02-08 05:42:24 Image size of job updated: 2370332
	2315  -  MemoryUsage of job (MB)
	2369952  -  ResidentSetSize of job (KB)
...
006 (15756404.1373.000) 2026-02-08 06:02:26 Image size of job updated: 2370480
	2315  -  MemoryUsage of job (MB)
	2370480  -  ResidentSetSize of job (KB)
...
006 (15756404.1373.000) 2026-02-08 06:22:27 Image size of job updated: 2370528
	2315  -  MemoryUsage of job (MB)
	2370480  -  ResidentSetSize of job (KB)
...
006 (15756404.1373.000) 2026-02-08 06:27:28 Image size of job updated: 2370540
	2315  -  MemoryUsage of job (MB)
	2370480  -  ResidentSetSize of job (KB)
...
006 (15756404.1373.000) 2026-02-08 06:32:28 Image size of job updated: 2371368
	2315  -  MemoryUsage of job (MB)
	2370480  -  ResidentSetSize of job (KB)
...
006 (15756404.1373.000) 2026-02-08 06:52:29 Image size of job updated: 2371528
	2315  -  MemoryUsage of job (MB)
	2370480  -  ResidentSetSize of job (KB)
...
006 (15756404.1373.000) 2026-02-08 07:02:31 Image size of job updated: 2371892
	2315  -  MemoryUsage of job (MB)
	2370480  -  ResidentSetSize of job (KB)
...
006 (15756404.1373.000) 2026-02-08 07:22:33 Image size of job updated: 2372188
	2315  -  MemoryUsage of job (MB)
	2370480  -  ResidentSetSize of job (KB)
...
006 (15756404.1373.000) 2026-02-08 07:27:33 Image size of job updated: 2372304
	2316  -  MemoryUsage of job (MB)
	2371244  -  ResidentSetSize of job (KB)
...
006 (15756404.1373.000) 2026-02-08 07:32:34 Image size of job updated: 2372304
	2316  -  MemoryUsage of job (MB)
	2371248  -  ResidentSetSize of job (KB)
...
006 (15756404.1373.000) 2026-02-08 07:37:34 Image size of job updated: 2372428
	2316  -  MemoryUsage of job (MB)
	2371248  -  ResidentSetSize of job (KB)
...
006 (15756404.1373.000) 2026-02-08 12:38:03 Image size of job updated: 2372584
	2316  -  MemoryUsage of job (MB)
	2371248  -  ResidentSetSize of job (KB)
...
006 (15756404.1373.000) 2026-02-08 12:48:04 Image size of job updated: 2373012
	2318  -  MemoryUsage of job (MB)
	2373012  -  ResidentSetSize of job (KB)
...
021 (15756404.1373.000) 2026-02-09 22:41:32 Error from starter on slot1_4@wgs42.zeuthen.desy.de:
	runtime exceeded maximum (target.Runtime seconds)
	Code 21 Subcode 103
...
004 (15756404.1373.000) 2026-02-09 22:41:32 Job was evicted.
	(0) CPU times
		Usr 4 09:31:01, Sys 1 06:33:18  -  Run Remote Usage
		Usr 0 00:00:00, Sys 0 00:00:00  -  Run Local Usage
	0  -  Run Bytes Sent By Job
	0  -  Run Bytes Received By Job
	Error from slot1_4@wgs42.zeuthen.desy.de: runtime exceeded maximum (target.Runtime seconds)
	Partitionable Resources :     Usage  Request Allocated 
	   Cpus                 :      7.56        8         8 
	   Disk (KB)            :      1     1024000   1025025 
	   GPUs                 :                            0 
	   Memory (MB)          :   2318       16384     16384 
	   TimeSlotBusy (s)     : 172802                       
...
012 (15756404.1373.000) 2026-02-09 22:41:32 Job was held.
	Error from slot1_4@wgs42.zeuthen.desy.de: runtime exceeded maximum (target.Runtime seconds)
	Code 21 Subcode 103
...
009 (15756404.1373.000) 2026-02-10 11:42:28 Job was aborted.
	via condor_rm (by user tuccia)
...
