000 (15756408.1231.000) 2026-02-06 11:27:00 Job submitted from host: <141.34.103.35:9618?addrs=141.34.103.35-9618+[2001-638-700-f067--1-23]-9618&alias=wgs39.zeuthen.desy.de&noUDP&sock=schedd_7414_f73f>
...
009 (15756408.1231.000) 2026-02-10 11:47:45 Job was aborted.
	via condor_rm (by user tuccia)
...
000 (15951004.821.000) 2026-02-10 16:30:09 Job submitted from host: <141.34.103.35:9618?addrs=141.34.103.35-9618+[2001-638-700-f067--1-23]-9618&alias=wgs39.zeuthen.desy.de&noUDP&sock=schedd_7302_24a3>
...
001 (15951004.821.000) 2026-02-11 04:11:15 Job executing on host: <141.34.15.81:9618?addrs=141.34.15.81-9618+[2001-638-700-f00f--1-51]-9618&alias=genoa06.zeuthen.desy.de&noUDP&sock=startd_10377_565c>
	SlotName: slot1_64@genoa06.zeuthen.desy.de
	CondorScratchDir = "/batch/dir_2171511"
	Cpus = 1
	Disk = 1025681
	GPUs = 0
	Memory = 5120
...
006 (15951004.821.000) 2026-02-11 04:11:28 Image size of job updated: 107448
	105  -  MemoryUsage of job (MB)
	107448  -  ResidentSetSize of job (KB)
...
006 (15951004.821.000) 2026-02-11 04:16:28 Image size of job updated: 653204
	619  -  MemoryUsage of job (MB)
	633052  -  ResidentSetSize of job (KB)
...
006 (15951004.821.000) 2026-02-11 04:21:29 Image size of job updated: 795860
	778  -  MemoryUsage of job (MB)
	795860  -  ResidentSetSize of job (KB)
...
006 (15951004.821.000) 2026-02-11 04:26:29 Image size of job updated: 796036
	778  -  MemoryUsage of job (MB)
	796036  -  ResidentSetSize of job (KB)
...
006 (15951004.821.000) 2026-02-11 04:31:29 Image size of job updated: 796236
	778  -  MemoryUsage of job (MB)
	796236  -  ResidentSetSize of job (KB)
...
006 (15951004.821.000) 2026-02-11 04:36:30 Image size of job updated: 796444
	778  -  MemoryUsage of job (MB)
	796444  -  ResidentSetSize of job (KB)
...
006 (15951004.821.000) 2026-02-11 04:41:30 Image size of job updated: 796664
	778  -  MemoryUsage of job (MB)
	796664  -  ResidentSetSize of job (KB)
...
006 (15951004.821.000) 2026-02-11 04:46:30 Image size of job updated: 796832
	779  -  MemoryUsage of job (MB)
	796832  -  ResidentSetSize of job (KB)
...
006 (15951004.821.000) 2026-02-11 04:51:31 Image size of job updated: 797068
	779  -  MemoryUsage of job (MB)
	797068  -  ResidentSetSize of job (KB)
...
006 (15951004.821.000) 2026-02-11 04:56:31 Image size of job updated: 797232
	779  -  MemoryUsage of job (MB)
	797232  -  ResidentSetSize of job (KB)
...
006 (15951004.821.000) 2026-02-11 05:01:31 Image size of job updated: 797428
	779  -  MemoryUsage of job (MB)
	797428  -  ResidentSetSize of job (KB)
...
006 (15951004.821.000) 2026-02-11 05:06:32 Image size of job updated: 798680
	780  -  MemoryUsage of job (MB)
	798680  -  ResidentSetSize of job (KB)
...
006 (15951004.821.000) 2026-02-11 05:11:32 Image size of job updated: 798880
	781  -  MemoryUsage of job (MB)
	798880  -  ResidentSetSize of job (KB)
...
006 (15951004.821.000) 2026-02-11 05:16:32 Image size of job updated: 799088
	781  -  MemoryUsage of job (MB)
	799088  -  ResidentSetSize of job (KB)
...
006 (15951004.821.000) 2026-02-11 05:21:33 Image size of job updated: 799292
	781  -  MemoryUsage of job (MB)
	799292  -  ResidentSetSize of job (KB)
...
006 (15951004.821.000) 2026-02-11 05:26:33 Image size of job updated: 799488
	781  -  MemoryUsage of job (MB)
	799488  -  ResidentSetSize of job (KB)
...
006 (15951004.821.000) 2026-02-11 05:31:33 Image size of job updated: 799688
	781  -  MemoryUsage of job (MB)
	799688  -  ResidentSetSize of job (KB)
...
006 (15951004.821.000) 2026-02-11 05:36:34 Image size of job updated: 799892
	782  -  MemoryUsage of job (MB)
	799892  -  ResidentSetSize of job (KB)
...
006 (15951004.821.000) 2026-02-11 05:41:34 Image size of job updated: 833940
	815  -  MemoryUsage of job (MB)
	833940  -  ResidentSetSize of job (KB)
...
006 (15951004.821.000) 2026-02-11 05:46:34 Image size of job updated: 838452
	815  -  MemoryUsage of job (MB)
	833944  -  ResidentSetSize of job (KB)
...
006 (15951004.821.000) 2026-02-11 07:11:40 Image size of job updated: 848772
	815  -  MemoryUsage of job (MB)
	833944  -  ResidentSetSize of job (KB)
...
006 (15951004.821.000) 2026-02-11 08:41:51 Image size of job updated: 849028
	815  -  MemoryUsage of job (MB)
	833944  -  ResidentSetSize of job (KB)
...
004 (15951004.821.000) 2026-02-11 11:11:59 Job was evicted.
	(0) CPU times
		Usr 0 06:55:42, Sys 0 00:00:04  -  Run Remote Usage
		Usr 0 00:00:00, Sys 0 00:00:00  -  Run Local Usage
	0  -  Run Bytes Sent By Job
	0  -  Run Bytes Received By Job
	Partitionable Resources :    Usage  Request Allocated 
	   Cpus                 :     0.98        1         1 
	   Disk (KB)            :     1     1024000   1025681 
	   GPUs                 :                           0 
	   Memory (MB)          :   815        5120      5120 
	   TimeExecute (s)      : 25243                       
	   TimeSlotBusy (s)     : 25244                       
...
009 (15951004.821.000) 2026-02-11 11:12:00 Job was aborted.
	via condor_rm (by user tuccia)
...
000 (15988842.821.000) 2026-02-11 11:12:47 Job submitted from host: <141.34.103.35:9618?addrs=141.34.103.35-9618+[2001-638-700-f067--1-23]-9618&alias=wgs39.zeuthen.desy.de&noUDP&sock=schedd_7302_24a3>
...
001 (15988842.821.000) 2026-02-11 12:56:48 Job executing on host: <141.34.15.213:9618?addrs=141.34.15.213-9618+[2001-638-700-f00f--1-d5]-9618&alias=bladeke.zeuthen.desy.de&noUDP&sock=startd_9249_9f88>
	SlotName: slot1_8@bladeke.zeuthen.desy.de
	CondorScratchDir = "/batch/dir_3842134"
	Cpus = 1
	Disk = 1025024
	GPUs = 0
	Memory = 5120
...
006 (15988842.821.000) 2026-02-11 12:57:01 Image size of job updated: 107284
	105  -  MemoryUsage of job (MB)
	107284  -  ResidentSetSize of job (KB)
...
006 (15988842.821.000) 2026-02-11 13:02:01 Image size of job updated: 773228
	603  -  MemoryUsage of job (MB)
	617256  -  ResidentSetSize of job (KB)
...
006 (15988842.821.000) 2026-02-11 13:07:01 Image size of job updated: 773228
	618  -  MemoryUsage of job (MB)
	632100  -  ResidentSetSize of job (KB)
...
006 (15988842.821.000) 2026-02-11 13:12:02 Image size of job updated: 792596
	775  -  MemoryUsage of job (MB)
	792596  -  ResidentSetSize of job (KB)
...
006 (15988842.821.000) 2026-02-11 13:17:02 Image size of job updated: 792696
	775  -  MemoryUsage of job (MB)
	792696  -  ResidentSetSize of job (KB)
...
006 (15988842.821.000) 2026-02-11 13:22:02 Image size of job updated: 792832
	775  -  MemoryUsage of job (MB)
	792832  -  ResidentSetSize of job (KB)
...
006 (15988842.821.000) 2026-02-11 13:27:03 Image size of job updated: 792972
	775  -  MemoryUsage of job (MB)
	792972  -  ResidentSetSize of job (KB)
...
006 (15988842.821.000) 2026-02-11 13:32:03 Image size of job updated: 793128
	775  -  MemoryUsage of job (MB)
	793128  -  ResidentSetSize of job (KB)
...
006 (15988842.821.000) 2026-02-11 13:37:03 Image size of job updated: 793236
	775  -  MemoryUsage of job (MB)
	793236  -  ResidentSetSize of job (KB)
...
006 (15988842.821.000) 2026-02-11 13:42:04 Image size of job updated: 793392
	775  -  MemoryUsage of job (MB)
	793392  -  ResidentSetSize of job (KB)
...
006 (15988842.821.000) 2026-02-11 13:47:04 Image size of job updated: 793520
	775  -  MemoryUsage of job (MB)
	793520  -  ResidentSetSize of job (KB)
...
006 (15988842.821.000) 2026-02-11 13:52:04 Image size of job updated: 794672
	777  -  MemoryUsage of job (MB)
	794672  -  ResidentSetSize of job (KB)
...
006 (15988842.821.000) 2026-02-11 13:57:05 Image size of job updated: 794812
	777  -  MemoryUsage of job (MB)
	794812  -  ResidentSetSize of job (KB)
...
006 (15988842.821.000) 2026-02-11 14:02:05 Image size of job updated: 794948
	777  -  MemoryUsage of job (MB)
	794948  -  ResidentSetSize of job (KB)
...
006 (15988842.821.000) 2026-02-11 14:07:05 Image size of job updated: 795084
	777  -  MemoryUsage of job (MB)
	795084  -  ResidentSetSize of job (KB)
...
006 (15988842.821.000) 2026-02-11 14:12:06 Image size of job updated: 795232
	777  -  MemoryUsage of job (MB)
	795232  -  ResidentSetSize of job (KB)
...
006 (15988842.821.000) 2026-02-11 14:17:06 Image size of job updated: 795384
	777  -  MemoryUsage of job (MB)
	795384  -  ResidentSetSize of job (KB)
...
006 (15988842.821.000) 2026-02-11 14:22:06 Image size of job updated: 795532
	777  -  MemoryUsage of job (MB)
	795532  -  ResidentSetSize of job (KB)
...
006 (15988842.821.000) 2026-02-11 14:27:08 Image size of job updated: 795680
	778  -  MemoryUsage of job (MB)
	795680  -  ResidentSetSize of job (KB)
...
006 (15988842.821.000) 2026-02-11 14:32:08 Image size of job updated: 795824
	778  -  MemoryUsage of job (MB)
	795824  -  ResidentSetSize of job (KB)
...
006 (15988842.821.000) 2026-02-11 14:37:08 Image size of job updated: 795968
	778  -  MemoryUsage of job (MB)
	795968  -  ResidentSetSize of job (KB)
...
006 (15988842.821.000) 2026-02-11 14:42:09 Image size of job updated: 796116
	778  -  MemoryUsage of job (MB)
	796116  -  ResidentSetSize of job (KB)
...
006 (15988842.821.000) 2026-02-11 14:47:10 Image size of job updated: 796260
	778  -  MemoryUsage of job (MB)
	796260  -  ResidentSetSize of job (KB)
...
006 (15988842.821.000) 2026-02-11 14:52:10 Image size of job updated: 796408
	778  -  MemoryUsage of job (MB)
	796408  -  ResidentSetSize of job (KB)
...
006 (15988842.821.000) 2026-02-11 14:57:11 Image size of job updated: 796552
	778  -  MemoryUsage of job (MB)
	796552  -  ResidentSetSize of job (KB)
...
006 (15988842.821.000) 2026-02-11 15:02:12 Image size of job updated: 796704
	779  -  MemoryUsage of job (MB)
	796704  -  ResidentSetSize of job (KB)
...
006 (15988842.821.000) 2026-02-11 15:07:12 Image size of job updated: 846340
	800  -  MemoryUsage of job (MB)
	818564  -  ResidentSetSize of job (KB)
...
006 (15988842.821.000) 2026-02-11 15:17:14 Image size of job updated: 846340
	802  -  MemoryUsage of job (MB)
	820608  -  ResidentSetSize of job (KB)
...
006 (15988842.821.000) 2026-02-11 17:12:21 Image size of job updated: 846340
	822  -  MemoryUsage of job (MB)
	841356  -  ResidentSetSize of job (KB)
...
006 (15988842.821.000) 2026-02-11 17:17:22 Image size of job updated: 847272
	822  -  MemoryUsage of job (MB)
	841360  -  ResidentSetSize of job (KB)
...
006 (15988842.821.000) 2026-02-11 21:27:38 Image size of job updated: 847596
	822  -  MemoryUsage of job (MB)
	841360  -  ResidentSetSize of job (KB)
...
006 (15988842.821.000) 2026-02-12 10:03:57 Image size of job updated: 847596
	826  -  MemoryUsage of job (MB)
	844880  -  ResidentSetSize of job (KB)
...
006 (15988842.821.000) 2026-02-12 10:08:58 Image size of job updated: 847596
	826  -  MemoryUsage of job (MB)
	844884  -  ResidentSetSize of job (KB)
...
006 (15988842.821.000) 2026-02-12 14:14:22 Image size of job updated: 848144
	826  -  MemoryUsage of job (MB)
	844884  -  ResidentSetSize of job (KB)
...
021 (15988842.821.000) 2026-02-13 12:56:52 Error from starter on slot1_8@bladeke.zeuthen.desy.de:
	runtime exceeded maximum (target.Runtime seconds)
	Code 21 Subcode 103
...
004 (15988842.821.000) 2026-02-13 12:56:52 Job was evicted.
	(0) CPU times
		Usr 1 23:45:45, Sys 0 00:00:05  -  Run Remote Usage
		Usr 0 00:00:00, Sys 0 00:00:00  -  Run Local Usage
	0  -  Run Bytes Sent By Job
	0  -  Run Bytes Received By Job
	Error from slot1_8@bladeke.zeuthen.desy.de: runtime exceeded maximum (target.Runtime seconds)
	Partitionable Resources :     Usage  Request Allocated 
	   Cpus                 :      1.00        1         1 
	   Disk (KB)            :      1     1024000   1025024 
	   GPUs                 :                            0 
	   Memory (MB)          :    826        5120      5120 
	   TimeSlotBusy (s)     : 172805                       
...
012 (15988842.821.000) 2026-02-13 12:56:52 Job was held.
	Error from slot1_8@bladeke.zeuthen.desy.de: runtime exceeded maximum (target.Runtime seconds)
	Code 21 Subcode 103
...
009 (15988842.821.000) 2026-02-16 17:16:41 Job was aborted.
	via condor_rm (by user tuccia)
...
