000 (15756404.1222.000) 2026-02-06 11:24:37 Job submitted from host: <141.34.103.35:9618?addrs=141.34.103.35-9618+[2001-638-700-f067--1-23]-9618&alias=wgs39.zeuthen.desy.de&noUDP&sock=schedd_7414_f73f>
...
001 (15756404.1222.000) 2026-02-07 09:24:39 Job executing on host: <141.34.15.204:9618?addrs=141.34.15.204-9618+[2001-638-700-f00f--1-cc]-9618&alias=pizza06.zeuthen.desy.de&noUDP&sock=startd_8233_bb4f>
	SlotName: slot1_7@pizza06.zeuthen.desy.de
	CondorScratchDir = "/batch/dir_2359624"
	Cpus = 8
	Disk = 1025696
	GPUs = 0
	Memory = 16384
...
006 (15756404.1222.000) 2026-02-07 09:24:52 Image size of job updated: 109516
	107  -  MemoryUsage of job (MB)
	109516  -  ResidentSetSize of job (KB)
...
006 (15756404.1222.000) 2026-02-07 09:29:52 Image size of job updated: 1007736
	721  -  MemoryUsage of job (MB)
	737776  -  ResidentSetSize of job (KB)
...
006 (15756404.1222.000) 2026-02-07 09:34:53 Image size of job updated: 1007736
	742  -  MemoryUsage of job (MB)
	758836  -  ResidentSetSize of job (KB)
...
006 (15756404.1222.000) 2026-02-07 09:39:53 Image size of job updated: 1007736
	742  -  MemoryUsage of job (MB)
	759772  -  ResidentSetSize of job (KB)
...
006 (15756404.1222.000) 2026-02-07 09:54:54 Image size of job updated: 1007736
	743  -  MemoryUsage of job (MB)
	760384  -  ResidentSetSize of job (KB)
...
006 (15756404.1222.000) 2026-02-07 10:09:55 Image size of job updated: 1007736
	744  -  MemoryUsage of job (MB)
	761020  -  ResidentSetSize of job (KB)
...
006 (15756404.1222.000) 2026-02-07 10:29:56 Image size of job updated: 1007736
	744  -  MemoryUsage of job (MB)
	761684  -  ResidentSetSize of job (KB)
...
006 (15756404.1222.000) 2026-02-07 10:34:57 Image size of job updated: 1007736
	746  -  MemoryUsage of job (MB)
	763764  -  ResidentSetSize of job (KB)
...
006 (15756404.1222.000) 2026-02-07 11:20:02 Image size of job updated: 1007736
	746  -  MemoryUsage of job (MB)
	763816  -  ResidentSetSize of job (KB)
...
006 (15756404.1222.000) 2026-02-07 12:00:07 Image size of job updated: 1007736
	747  -  MemoryUsage of job (MB)
	764676  -  ResidentSetSize of job (KB)
...
006 (15756404.1222.000) 2026-02-07 12:35:10 Image size of job updated: 1007736
	748  -  MemoryUsage of job (MB)
	765148  -  ResidentSetSize of job (KB)
...
006 (15756404.1222.000) 2026-02-07 12:40:11 Image size of job updated: 1007736
	748  -  MemoryUsage of job (MB)
	765916  -  ResidentSetSize of job (KB)
...
006 (15756404.1222.000) 2026-02-07 12:45:11 Image size of job updated: 1007736
	749  -  MemoryUsage of job (MB)
	766940  -  ResidentSetSize of job (KB)
...
006 (15756404.1222.000) 2026-02-07 15:50:30 Image size of job updated: 1007736
	750  -  MemoryUsage of job (MB)
	767000  -  ResidentSetSize of job (KB)
...
006 (15756404.1222.000) 2026-02-07 15:55:30 Image size of job updated: 1007736
	750  -  MemoryUsage of job (MB)
	767008  -  ResidentSetSize of job (KB)
...
006 (15756404.1222.000) 2026-02-07 16:00:31 Image size of job updated: 1007736
	750  -  MemoryUsage of job (MB)
	767192  -  ResidentSetSize of job (KB)
...
006 (15756404.1222.000) 2026-02-07 18:10:44 Image size of job updated: 1007736
	750  -  MemoryUsage of job (MB)
	767448  -  ResidentSetSize of job (KB)
...
006 (15756404.1222.000) 2026-02-07 20:20:56 Image size of job updated: 1007736
	750  -  MemoryUsage of job (MB)
	767452  -  ResidentSetSize of job (KB)
...
006 (15756404.1222.000) 2026-02-07 22:26:08 Image size of job updated: 1007736
	750  -  MemoryUsage of job (MB)
	767460  -  ResidentSetSize of job (KB)
...
005 (15756404.1222.000) 2026-02-08 00:11:29 Job terminated.
	(1) Normal termination (return value 0)
		Usr 1 20:57:42, Sys 0 23:02:55  -  Run Remote Usage
		Usr 0 00:00:00, Sys 0 00:00:00  -  Run Local Usage
		Usr 1 20:57:42, Sys 0 23:02:55  -  Total Remote Usage
		Usr 0 00:00:00, Sys 0 00:00:00  -  Total Local Usage
	0  -  Run Bytes Sent By Job
	0  -  Run Bytes Received By Job
	0  -  Total Bytes Sent By Job
	0  -  Total Bytes Received By Job
	Partitionable Resources :    Usage  Request Allocated 
	   Cpus                 :     4.62        8         8 
	   Disk (KB)            :     1     1024000   1025696 
	   GPUs                 :                           0 
	   Memory (MB)          :   750       16384     16384 
	   TimeExecute (s)      : 53210                       
	   TimeSlotBusy (s)     : 53210                       

	Job terminated of its own accord at 2026-02-07T23:11:29Z with exit-code 0.
...
