000 (15756407.1389.000) 2026-02-06 11:26:14 Job submitted from host: <141.34.103.35:9618?addrs=141.34.103.35-9618+[2001-638-700-f067--1-23]-9618&alias=wgs39.zeuthen.desy.de&noUDP&sock=schedd_7414_f73f>
...
009 (15756407.1389.000) 2026-02-10 11:42:45 Job was aborted.
	via condor_rm (by user tuccia)
...
000 (15949294.926.000) 2026-02-10 11:45:22 Job submitted from host: <141.34.103.35:9618?addrs=141.34.103.35-9618+[2001-638-700-f067--1-23]-9618&alias=wgs39.zeuthen.desy.de&noUDP&sock=schedd_7302_24a3>
...
009 (15949294.926.000) 2026-02-10 11:45:47 Job was aborted.
	via condor_rm (by user tuccia)
...
000 (15949295.926.000) 2026-02-10 11:46:05 Job submitted from host: <141.34.103.35:9618?addrs=141.34.103.35-9618+[2001-638-700-f067--1-23]-9618&alias=wgs39.zeuthen.desy.de&noUDP&sock=schedd_7302_24a3>
...
001 (15949295.926.000) 2026-02-16 04:09:22 Job executing on host: <141.34.15.85:9618?addrs=141.34.15.85-9618+[2001-638-700-f00f--1-55]-9618&alias=genoa09.zeuthen.desy.de&noUDP&sock=startd_9390_5663>
	SlotName: slot1_3@genoa09.zeuthen.desy.de
	CondorScratchDir = "/batch/dir_4070420"
	Cpus = 8
	Disk = 1025681
	GPUs = 0
	Memory = 16384
...
006 (15949295.926.000) 2026-02-16 04:09:37 Image size of job updated: 107436
	105  -  MemoryUsage of job (MB)
	107436  -  ResidentSetSize of job (KB)
...
006 (15949295.926.000) 2026-02-16 04:14:37 Image size of job updated: 719272
	568  -  MemoryUsage of job (MB)
	581396  -  ResidentSetSize of job (KB)
...
006 (15949295.926.000) 2026-02-16 04:19:37 Image size of job updated: 719272
	582  -  MemoryUsage of job (MB)
	595904  -  ResidentSetSize of job (KB)
...
006 (15949295.926.000) 2026-02-16 04:24:38 Image size of job updated: 719272
	583  -  MemoryUsage of job (MB)
	596112  -  ResidentSetSize of job (KB)
...
006 (15949295.926.000) 2026-02-16 04:29:38 Image size of job updated: 719272
	586  -  MemoryUsage of job (MB)
	599212  -  ResidentSetSize of job (KB)
...
006 (15949295.926.000) 2026-02-16 04:34:39 Image size of job updated: 719272
	586  -  MemoryUsage of job (MB)
	599532  -  ResidentSetSize of job (KB)
...
006 (15949295.926.000) 2026-02-16 05:04:42 Image size of job updated: 719272
	586  -  MemoryUsage of job (MB)
	599536  -  ResidentSetSize of job (KB)
...
006 (15949295.926.000) 2026-02-16 05:19:43 Image size of job updated: 719272
	622  -  MemoryUsage of job (MB)
	636696  -  ResidentSetSize of job (KB)
...
006 (15949295.926.000) 2026-02-16 05:24:43 Image size of job updated: 965816
	944  -  MemoryUsage of job (MB)
	965816  -  ResidentSetSize of job (KB)
...
006 (15949295.926.000) 2026-02-16 05:29:44 Image size of job updated: 965924
	944  -  MemoryUsage of job (MB)
	965924  -  ResidentSetSize of job (KB)
...
006 (15949295.926.000) 2026-02-16 05:34:45 Image size of job updated: 968468
	946  -  MemoryUsage of job (MB)
	968468  -  ResidentSetSize of job (KB)
...
006 (15949295.926.000) 2026-02-16 05:39:45 Image size of job updated: 968480
	946  -  MemoryUsage of job (MB)
	968468  -  ResidentSetSize of job (KB)
...
006 (15949295.926.000) 2026-02-16 05:44:46 Image size of job updated: 970184
	948  -  MemoryUsage of job (MB)
	970184  -  ResidentSetSize of job (KB)
...
006 (15949295.926.000) 2026-02-16 06:14:49 Image size of job updated: 970452
	948  -  MemoryUsage of job (MB)
	970184  -  ResidentSetSize of job (KB)
...
006 (15949295.926.000) 2026-02-16 06:19:49 Image size of job updated: 970568
	948  -  MemoryUsage of job (MB)
	970184  -  ResidentSetSize of job (KB)
...
006 (15949295.926.000) 2026-02-16 06:29:50 Image size of job updated: 970664
	948  -  MemoryUsage of job (MB)
	970184  -  ResidentSetSize of job (KB)
...
006 (15949295.926.000) 2026-02-16 06:54:53 Image size of job updated: 971072
	949  -  MemoryUsage of job (MB)
	971072  -  ResidentSetSize of job (KB)
...
006 (15949295.926.000) 2026-02-16 09:25:07 Image size of job updated: 972720
	950  -  MemoryUsage of job (MB)
	972720  -  ResidentSetSize of job (KB)
...
006 (15949295.926.000) 2026-02-16 14:05:34 Image size of job updated: 972740
	950  -  MemoryUsage of job (MB)
	972720  -  ResidentSetSize of job (KB)
...
006 (15949295.926.000) 2026-02-16 14:40:37 Image size of job updated: 973116
	950  -  MemoryUsage of job (MB)
	972720  -  ResidentSetSize of job (KB)
...
006 (15949295.926.000) 2026-02-16 14:50:38 Image size of job updated: 973236
	950  -  MemoryUsage of job (MB)
	972724  -  ResidentSetSize of job (KB)
...
004 (15949295.926.000) 2026-02-16 17:16:25 Job was evicted.
	(0) CPU times
		Usr 1 04:35:47, Sys 0 01:44:16  -  Run Remote Usage
		Usr 0 00:00:00, Sys 0 00:00:00  -  Run Local Usage
	0  -  Run Bytes Sent By Job
	0  -  Run Bytes Received By Job
	Partitionable Resources :    Usage  Request Allocated 
	   Cpus                 :     0.99        8         8 
	   Disk (KB)            :     1     1024000   1025681 
	   GPUs                 :                           0 
	   Memory (MB)          :   950       16384     16384 
	   TimeExecute (s)      : 47222                       
	   TimeSlotBusy (s)     : 47223                       
...
009 (15949295.926.000) 2026-02-16 17:16:25 Job was aborted.
	via condor_rm (by user tuccia)
...
