~~~~~~~~~~~~~~~~~~~~~~~~~~~~~~

n_qubits: 150, 
r: 56, 
alpha: 0.001, 
shots: 100000, 
ansatz: linear_cnot, 
layer: 1, 
tau: 0.3

time for simulated annealing:  176.94690918922424
Rank 1: Bitstring=101110101110010101011001001011010001100111000100001010001011010010010111110111011011001001111001010110100110001111010000101000111111000110010001000001, Decimal=1041979416371192693353816620815351558237348929, Energy=-128.581
Rank 2: Bitstring=101110001110010101011001001011010001100111000100001110001011010010010111110101011011001001111001010110100111001111010000101000111111000110010001000001, Decimal=1030829043771927698695689374003416410416243777, Energy=-128.5552
Rank 3: Bitstring=100110101110010101011000001011110001110110000100001000001011011010000111110110010011001001011001110111100110001111010000101000111111001111010001000001, Decimal=863573370381837595877825806018237202849133633, Energy=-128.5514
Rank 4: Bitstring=100110101110010101011000001011110001110110000101001000001011011010000111110110010011001001011001110111100110001111010000101100111111001111010001000001, Decimal=863573370381842666480226718935843189729064001, Energy=-128.5362
Rank 5: Bitstring=100110001110010101011000001011110001110110000100001100001011011010000111110100010011001001011001110111100111001111010000101000111111001111010001000001, Decimal=852422997782572601219698559206302055028028481, Energy=-128.5256
Rank 6: Bitstring=100110001110010101011000001011110001110110000101001100001011011010000111110100010011001001011001110111100111001111010000101100111111001111010001000001, Decimal=852422997782577671822099472123908041907958849, Energy=-128.5104
Rank 7: Bitstring=101110001110010101011001001011000001100111001100001110001011010010010111110101011011001001111001010110100111001111010000101000111111000110010001000001, Decimal=1030829043439661264568667709118312539848729665, Energy=-128.4474
Rank 8: Bitstring=101110111110010111011001011011010001000111000100001010001011010010010111110011011011001001111001010110101110011111010010101000111111000110010001000001, Decimal=1047565512963830158011596800108908244474029121, Energy=-128.44
Rank 9: Bitstring=100110001110010101011000001011100001110110001100001100001011011010000111110100010011001001011001110111100111001111010000101000111111001111010001000001, Decimal=852422997450306167092676894321198184460514369, Energy=-128.4178
Rank 10: Bitstring=101110011110010111011001011011010001000111000100001110001011010010010111110001011011001001111001010110101111011111010010101000111111000110010001000001, Decimal=1036415140364565163353469553296973096652923969, Energy=-128.4142

E_min from simulated annealing:  -128.581
Minimum energy: -128.581
States with energy within 1e-08 of minimum: [1041979416371192693353816620815351558237348929]
4


################## Start optimization with initial parameters: [0. 0. 0. 0. 0. 0. 0. 0. 0. 0. 0. 0. 0. 0. 0. 0. 0. 0. 0. 0. 0. 0. 0. 0.
 0. 0. 0. 0. 0. 0. 0. 0. 0. 0. 0. 0. 0. 0. 0. 0. 0. 0. 0. 0. 0. 0. 0. 0.
 0. 0. 0. 0. 0. 0. 0. 0. 0. 0. 0. 0. 0. 0. 0. 0. 0. 0. 0. 0. 0. 0. 0. 0.
 0. 0. 0. 0. 0. 0. 0. 0. 0. 0. 0. 0. 0. 0. 0. 0. 0. 0. 0. 0. 0. 0. 0. 0.
 0. 0. 0. 0. 0. 0. 0. 0. 0. 0. 0. 0. 0. 0. 0. 0. 0. 0. 0. 0. 0. 0. 0. 0.
 0. 0. 0. 0. 0. 0. 0. 0. 0. 0. 0. 0. 0. 0. 0. 0. 0. 0. 0. 0. 0. 0. 0. 0.
 0. 0. 0. 0. 0. 0. 0. 0. 0. 0. 0. 0. 0. 0. 0. 0. 0. 0. 0. 0. 0. 0. 0. 0.
 0. 0. 0. 0. 0. 0. 0. 0. 0. 0. 0. 0. 0. 0. 0. 0. 0. 0. 0. 0. 0. 0. 0. 0.
 0. 0. 0. 0. 0. 0. 0. 0. 0. 0. 0. 0. 0. 0. 0. 0. 0. 0. 0. 0. 0. 0. 0. 0.
 0. 0. 0. 0. 0. 0. 0. 0. 0. 0. 0. 0. 0. 0. 0. 0. 0. 0. 0. 0. 0. 0. 0. 0.
 0. 0. 0. 0. 0. 0. 0. 0. 0. 0. 0. 0. 0. 0. 0. 0. 0. 0. 0. 0. 0. 0. 0. 0.
 0. 0. 0. 0. 0. 0. 0. 0. 0. 0. 0. 0. 0. 0. 0. 0. 0. 0. 0. 0. 0. 0. 0. 0.
 0. 0. 0. 0. 0. 0. 0. 0. 0. 0. 0. 0. 0. 0. 0. 0. 0. 0. 0. 0. 0. 0. 0. 0.
 0. 0. 0. 0. 0. 0. 0. 0. 0. 0. 0. 0. 0. 0. 0. 0. 0. 0. 0. 0. 0. 0. 0. 0.
 0. 0. 0. 0. 0. 0. 0. 0. 0. 0. 0. 0. 0. 0. 0. 0. 0. 0. 0. 0. 0. 0. 0. 0.
 0. 0. 0. 0. 0. 0. 0. 0. 0. 0. 0. 0. 0. 0. 0. 0. 0. 0. 0. 0. 0. 0. 0. 0.
 0. 0. 0. 0. 0. 0. 0. 0. 0. 0. 0. 0. 0. 0. 0. 0. 0. 0. 0. 0. 0. 0. 0. 0.
 0. 0. 0. 0. 0. 0. 0. 0. 0. 0. 0. 0. 0. 0. 0. 0. 0. 0. 0. 0. 0. 0. 0. 0.
 0. 0. 0. 0. 0. 0. 0. 0. 0. 0. 0. 0. 0. 0. 0. 0. 0. 0. 0. 0. 0. 0. 0. 0.
 0. 0. 0. 0. 0. 0. 0. 0. 0. 0. 0. 0. 0. 0. 0. 0. 0. 0. 0. 0. 0. 0. 0. 0.
 0. 0. 0. 0. 0. 0. 0. 0. 0. 0. 0. 0. 0. 0. 0. 0. 0. 0. 0. 0. 0. 0. 0. 0.
 0. 0. 0. 0. 0. 0. 0. 0. 0. 0. 0. 0. 0. 0. 0. 0. 0. 0. 0. 0. 0. 0. 0. 0.
 0. 0. 0. 0. 0. 0. 0. 0. 0. 0. 0. 0. 0. 0. 0. 0. 0. 0. 0. 0. 0. 0. 0. 0.
 0. 0. 0. 0. 0. 0. 0. 0. 0. 0. 0. 0. 0. 0. 0. 0. 0. 0. 0. 0. 0. 0. 0. 0.
 0. 0. 0. 0. 0. 0. 0. 0. 0. 0. 0. 0. 0. 0. 0. 0. 0. 0. 0. 0. 0. 0. 0. 0.]
Write sucessfully to ./data/data_shots_100000_layer_1/alpha_0.001/N_150/r_56/ansatz_type_linear_cnot/initialization_zeros

vqe.cvar_eval[0]: -37.37087399999993 , min_cvar: -48.923005999999916 , opt_cvar: -48.923005999999916

vqe.poss_eval[-1]: 0 vqe.poss_eval[0] 0  , max_poss: 0 , opt_poss: 0

vqe.r_eval[-1]: 0.3787921543618412 vqe.r_eval[0]: 0.29064071674664166 max_r: 0.3804839439730592 , min_r: 0.28519692645103045
