000 (15756408.1359.000) 2026-02-06 11:27:01 Job submitted from host: <141.34.103.35:9618?addrs=141.34.103.35-9618+[2001-638-700-f067--1-23]-9618&alias=wgs39.zeuthen.desy.de&noUDP&sock=schedd_7414_f73f>
...
009 (15756408.1359.000) 2026-02-10 11:47:47 Job was aborted.
	via condor_rm (by user tuccia)
...
000 (15951004.906.000) 2026-02-10 16:30:11 Job submitted from host: <141.34.103.35:9618?addrs=141.34.103.35-9618+[2001-638-700-f067--1-23]-9618&alias=wgs39.zeuthen.desy.de&noUDP&sock=schedd_7302_24a3>
...
001 (15951004.906.000) 2026-02-11 04:12:35 Job executing on host: <141.34.103.55:9618?addrs=141.34.103.55-9618+[2001-638-700-f067--1-37]-9618&alias=wgs45.zeuthen.desy.de&noUDP&sock=startd_7794_9d3c>
	SlotName: slot1_27@wgs45.zeuthen.desy.de
	CondorScratchDir = "/batch/dir_641981"
	Cpus = 1
	Disk = 1025025
	GPUs = 0
	Memory = 5120
...
006 (15951004.906.000) 2026-02-11 04:12:49 Image size of job updated: 109348
	107  -  MemoryUsage of job (MB)
	109348  -  ResidentSetSize of job (KB)
...
006 (15951004.906.000) 2026-02-11 04:17:50 Image size of job updated: 1046300
	598  -  MemoryUsage of job (MB)
	611880  -  ResidentSetSize of job (KB)
...
006 (15951004.906.000) 2026-02-11 04:22:51 Image size of job updated: 1046300
	614  -  MemoryUsage of job (MB)
	628672  -  ResidentSetSize of job (KB)
...
006 (15951004.906.000) 2026-02-11 04:27:51 Image size of job updated: 1046300
	660  -  MemoryUsage of job (MB)
	675364  -  ResidentSetSize of job (KB)
...
006 (15951004.906.000) 2026-02-11 04:32:52 Image size of job updated: 1046300
	663  -  MemoryUsage of job (MB)
	678428  -  ResidentSetSize of job (KB)
...
006 (15951004.906.000) 2026-02-11 04:47:54 Image size of job updated: 1046300
	663  -  MemoryUsage of job (MB)
	678432  -  ResidentSetSize of job (KB)
...
006 (15951004.906.000) 2026-02-11 04:52:55 Image size of job updated: 1046300
	665  -  MemoryUsage of job (MB)
	680688  -  ResidentSetSize of job (KB)
...
006 (15951004.906.000) 2026-02-11 05:17:57 Image size of job updated: 1046300
	665  -  MemoryUsage of job (MB)
	680700  -  ResidentSetSize of job (KB)
...
006 (15951004.906.000) 2026-02-11 05:32:58 Image size of job updated: 1046300
	665  -  MemoryUsage of job (MB)
	680740  -  ResidentSetSize of job (KB)
...
006 (15951004.906.000) 2026-02-11 07:33:10 Image size of job updated: 1046300
	665  -  MemoryUsage of job (MB)
	680748  -  ResidentSetSize of job (KB)
...
006 (15951004.906.000) 2026-02-11 07:48:12 Image size of job updated: 1046300
	665  -  MemoryUsage of job (MB)
	680788  -  ResidentSetSize of job (KB)
...
006 (15951004.906.000) 2026-02-11 08:48:19 Image size of job updated: 1046300
	665  -  MemoryUsage of job (MB)
	680796  -  ResidentSetSize of job (KB)
...
006 (15951004.906.000) 2026-02-11 10:08:26 Image size of job updated: 1046300
	665  -  MemoryUsage of job (MB)
	680804  -  ResidentSetSize of job (KB)
...
