000 (15756404.1331.000) 2026-02-06 11:24:38 Job submitted from host: <141.34.103.35:9618?addrs=141.34.103.35-9618+[2001-638-700-f067--1-23]-9618&alias=wgs39.zeuthen.desy.de&noUDP&sock=schedd_7414_f73f>
...
001 (15756404.1331.000) 2026-02-07 19:37:27 Job executing on host: <141.34.15.43:9618?addrs=141.34.15.43-9618+[2001-638-700-f00f--1-2b]-9618&alias=pizza14.zeuthen.desy.de&noUDP&sock=startd_8340_1ff1>
	SlotName: slot1_6@pizza14.zeuthen.desy.de
	CondorScratchDir = "/batch/dir_3781504"
	Cpus = 8
	Disk = 1025696
	GPUs = 0
	Memory = 16384
...
006 (15756404.1331.000) 2026-02-07 19:37:41 Image size of job updated: 109488
	107  -  MemoryUsage of job (MB)
	109488  -  ResidentSetSize of job (KB)
...
006 (15756404.1331.000) 2026-02-07 19:42:42 Image size of job updated: 2288740
	2236  -  MemoryUsage of job (MB)
	2288740  -  ResidentSetSize of job (KB)
...
006 (15756404.1331.000) 2026-02-07 19:47:42 Image size of job updated: 2326828
	2273  -  MemoryUsage of job (MB)
	2326828  -  ResidentSetSize of job (KB)
...
006 (15756404.1331.000) 2026-02-07 19:52:43 Image size of job updated: 2347500
	2293  -  MemoryUsage of job (MB)
	2347500  -  ResidentSetSize of job (KB)
...
006 (15756404.1331.000) 2026-02-07 19:57:44 Image size of job updated: 2356640
	2293  -  MemoryUsage of job (MB)
	2347500  -  ResidentSetSize of job (KB)
...
006 (15756404.1331.000) 2026-02-07 20:02:44 Image size of job updated: 2360324
	2293  -  MemoryUsage of job (MB)
	2347500  -  ResidentSetSize of job (KB)
...
006 (15756404.1331.000) 2026-02-07 20:07:44 Image size of job updated: 2363500
	2293  -  MemoryUsage of job (MB)
	2347500  -  ResidentSetSize of job (KB)
...
006 (15756404.1331.000) 2026-02-07 20:17:45 Image size of job updated: 2364592
	2297  -  MemoryUsage of job (MB)
	2351392  -  ResidentSetSize of job (KB)
...
006 (15756404.1331.000) 2026-02-07 20:22:45 Image size of job updated: 2364592
	2307  -  MemoryUsage of job (MB)
	2362236  -  ResidentSetSize of job (KB)
...
006 (15756404.1331.000) 2026-02-07 20:32:46 Image size of job updated: 2364832
	2307  -  MemoryUsage of job (MB)
	2362236  -  ResidentSetSize of job (KB)
...
006 (15756404.1331.000) 2026-02-07 21:07:48 Image size of job updated: 2365108
	2307  -  MemoryUsage of job (MB)
	2362236  -  ResidentSetSize of job (KB)
...
006 (15756404.1331.000) 2026-02-07 21:27:51 Image size of job updated: 2365256
	2307  -  MemoryUsage of job (MB)
	2362236  -  ResidentSetSize of job (KB)
...
006 (15756404.1331.000) 2026-02-07 21:32:52 Image size of job updated: 2365416
	2307  -  MemoryUsage of job (MB)
	2362236  -  ResidentSetSize of job (KB)
...
006 (15756404.1331.000) 2026-02-07 21:52:54 Image size of job updated: 2366276
	2307  -  MemoryUsage of job (MB)
	2362236  -  ResidentSetSize of job (KB)
...
006 (15756404.1331.000) 2026-02-07 22:12:57 Image size of job updated: 2366468
	2307  -  MemoryUsage of job (MB)
	2362236  -  ResidentSetSize of job (KB)
...
006 (15756404.1331.000) 2026-02-07 22:37:59 Image size of job updated: 2366724
	2307  -  MemoryUsage of job (MB)
	2362236  -  ResidentSetSize of job (KB)
...
006 (15756404.1331.000) 2026-02-07 22:48:00 Image size of job updated: 2366832
	2307  -  MemoryUsage of job (MB)
	2362236  -  ResidentSetSize of job (KB)
...
006 (15756404.1331.000) 2026-02-07 23:03:01 Image size of job updated: 2367420
	2307  -  MemoryUsage of job (MB)
	2362236  -  ResidentSetSize of job (KB)
...
006 (15756404.1331.000) 2026-02-07 23:08:01 Image size of job updated: 2367420
	2310  -  MemoryUsage of job (MB)
	2364588  -  ResidentSetSize of job (KB)
...
006 (15756404.1331.000) 2026-02-07 23:13:01 Image size of job updated: 2367420
	2310  -  MemoryUsage of job (MB)
	2364592  -  ResidentSetSize of job (KB)
...
006 (15756404.1331.000) 2026-02-07 23:33:03 Image size of job updated: 2367436
	2310  -  MemoryUsage of job (MB)
	2364592  -  ResidentSetSize of job (KB)
...
006 (15756404.1331.000) 2026-02-07 23:38:04 Image size of job updated: 2367468
	2310  -  MemoryUsage of job (MB)
	2364592  -  ResidentSetSize of job (KB)
...
006 (15756404.1331.000) 2026-02-07 23:58:06 Image size of job updated: 2368096
	2310  -  MemoryUsage of job (MB)
	2364592  -  ResidentSetSize of job (KB)
...
006 (15756404.1331.000) 2026-02-08 00:13:08 Image size of job updated: 2368096
	2312  -  MemoryUsage of job (MB)
	2366552  -  ResidentSetSize of job (KB)
...
006 (15756404.1331.000) 2026-02-08 02:28:22 Image size of job updated: 2368708
	2312  -  MemoryUsage of job (MB)
	2366552  -  ResidentSetSize of job (KB)
...
006 (15756404.1331.000) 2026-02-08 02:43:23 Image size of job updated: 2368712
	2312  -  MemoryUsage of job (MB)
	2366552  -  ResidentSetSize of job (KB)
...
006 (15756404.1331.000) 2026-02-08 02:48:23 Image size of job updated: 2368912
	2312  -  MemoryUsage of job (MB)
	2366552  -  ResidentSetSize of job (KB)
...
006 (15756404.1331.000) 2026-02-08 02:58:24 Image size of job updated: 2369136
	2312  -  MemoryUsage of job (MB)
	2366552  -  ResidentSetSize of job (KB)
...
006 (15756404.1331.000) 2026-02-08 03:33:28 Image size of job updated: 2369340
	2312  -  MemoryUsage of job (MB)
	2366552  -  ResidentSetSize of job (KB)
...
006 (15756404.1331.000) 2026-02-08 03:43:29 Image size of job updated: 2369756
	2312  -  MemoryUsage of job (MB)
	2366552  -  ResidentSetSize of job (KB)
...
006 (15756404.1331.000) 2026-02-08 03:58:30 Image size of job updated: 2369776
	2312  -  MemoryUsage of job (MB)
	2366552  -  ResidentSetSize of job (KB)
...
006 (15756404.1331.000) 2026-02-08 04:08:31 Image size of job updated: 2369776
	2313  -  MemoryUsage of job (MB)
	2368472  -  ResidentSetSize of job (KB)
...
006 (15756404.1331.000) 2026-02-08 04:13:31 Image size of job updated: 2369872
	2313  -  MemoryUsage of job (MB)
	2368472  -  ResidentSetSize of job (KB)
...
006 (15756404.1331.000) 2026-02-08 04:23:32 Image size of job updated: 2370304
	2313  -  MemoryUsage of job (MB)
	2368472  -  ResidentSetSize of job (KB)
...
006 (15756404.1331.000) 2026-02-08 04:33:33 Image size of job updated: 2370416
	2313  -  MemoryUsage of job (MB)
	2368472  -  ResidentSetSize of job (KB)
...
006 (15756404.1331.000) 2026-02-08 04:48:35 Image size of job updated: 2370736
	2316  -  MemoryUsage of job (MB)
	2370736  -  ResidentSetSize of job (KB)
...
006 (15756404.1331.000) 2026-02-08 04:53:36 Image size of job updated: 2370964
	2316  -  MemoryUsage of job (MB)
	2370740  -  ResidentSetSize of job (KB)
...
006 (15756404.1331.000) 2026-02-08 05:08:38 Image size of job updated: 2371084
	2316  -  MemoryUsage of job (MB)
	2370740  -  ResidentSetSize of job (KB)
...
006 (15756404.1331.000) 2026-02-08 05:18:38 Image size of job updated: 2371272
	2316  -  MemoryUsage of job (MB)
	2370740  -  ResidentSetSize of job (KB)
...
006 (15756404.1331.000) 2026-02-08 05:28:39 Image size of job updated: 2371336
	2316  -  MemoryUsage of job (MB)
	2370740  -  ResidentSetSize of job (KB)
...
006 (15756404.1331.000) 2026-02-08 05:43:40 Image size of job updated: 2371444
	2316  -  MemoryUsage of job (MB)
	2370740  -  ResidentSetSize of job (KB)
...
006 (15756404.1331.000) 2026-02-08 05:53:42 Image size of job updated: 2371448
	2316  -  MemoryUsage of job (MB)
	2370740  -  ResidentSetSize of job (KB)
...
006 (15756404.1331.000) 2026-02-08 06:08:43 Image size of job updated: 2371996
	2316  -  MemoryUsage of job (MB)
	2370740  -  ResidentSetSize of job (KB)
...
006 (15756404.1331.000) 2026-02-08 06:33:46 Image size of job updated: 2372060
	2316  -  MemoryUsage of job (MB)
	2370740  -  ResidentSetSize of job (KB)
...
006 (15756404.1331.000) 2026-02-08 10:14:08 Image size of job updated: 2372072
	2316  -  MemoryUsage of job (MB)
	2370740  -  ResidentSetSize of job (KB)
...
006 (15756404.1331.000) 2026-02-08 10:34:10 Image size of job updated: 2372168
	2316  -  MemoryUsage of job (MB)
	2370740  -  ResidentSetSize of job (KB)
...
006 (15756404.1331.000) 2026-02-08 10:44:11 Image size of job updated: 2372396
	2316  -  MemoryUsage of job (MB)
	2370740  -  ResidentSetSize of job (KB)
...
006 (15756404.1331.000) 2026-02-08 10:54:12 Image size of job updated: 2372532
	2316  -  MemoryUsage of job (MB)
	2370740  -  ResidentSetSize of job (KB)
...
006 (15756404.1331.000) 2026-02-08 11:19:13 Image size of job updated: 2372932
	2318  -  MemoryUsage of job (MB)
	2372708  -  ResidentSetSize of job (KB)
...
006 (15756404.1331.000) 2026-02-08 11:34:14 Image size of job updated: 2373296
	2318  -  MemoryUsage of job (MB)
	2372708  -  ResidentSetSize of job (KB)
...
006 (15756404.1331.000) 2026-02-08 11:54:17 Image size of job updated: 2373324
	2318  -  MemoryUsage of job (MB)
	2372708  -  ResidentSetSize of job (KB)
...
006 (15756404.1331.000) 2026-02-08 11:59:18 Image size of job updated: 2373444
	2318  -  MemoryUsage of job (MB)
	2372708  -  ResidentSetSize of job (KB)
...
006 (15756404.1331.000) 2026-02-08 12:09:19 Image size of job updated: 2373736
	2318  -  MemoryUsage of job (MB)
	2372708  -  ResidentSetSize of job (KB)
...
006 (15756404.1331.000) 2026-02-08 12:14:20 Image size of job updated: 2373896
	2319  -  MemoryUsage of job (MB)
	2373896  -  ResidentSetSize of job (KB)
...
006 (15756404.1331.000) 2026-02-08 12:59:24 Image size of job updated: 2374364
	2319  -  MemoryUsage of job (MB)
	2373896  -  ResidentSetSize of job (KB)
...
006 (15756404.1331.000) 2026-02-08 13:09:24 Image size of job updated: 2374480
	2319  -  MemoryUsage of job (MB)
	2373896  -  ResidentSetSize of job (KB)
...
006 (15756404.1331.000) 2026-02-08 19:45:06 Image size of job updated: 2374624
	2319  -  MemoryUsage of job (MB)
	2373896  -  ResidentSetSize of job (KB)
...
006 (15756404.1331.000) 2026-02-09 17:27:10 Image size of job updated: 2374900
	2319  -  MemoryUsage of job (MB)
	2373896  -  ResidentSetSize of job (KB)
...
021 (15756404.1331.000) 2026-02-09 19:37:29 Error from starter on slot1_6@pizza14.zeuthen.desy.de:
	runtime exceeded maximum (target.Runtime seconds)
	Code 21 Subcode 103
...
004 (15756404.1331.000) 2026-02-09 19:37:29 Job was evicted.
	(0) CPU times
		Usr 3 14:34:52, Sys 0 09:42:27  -  Run Remote Usage
		Usr 0 00:00:00, Sys 0 00:00:00  -  Run Local Usage
	0  -  Run Bytes Sent By Job
	0  -  Run Bytes Received By Job
	Error from slot1_6@pizza14.zeuthen.desy.de: runtime exceeded maximum (target.Runtime seconds)
	Partitionable Resources :     Usage  Request Allocated 
	   Cpus                 :      7.93        8         8 
	   Disk (KB)            :      1     1024000   1025696 
	   GPUs                 :                            0 
	   Memory (MB)          :   2319       16384     16384 
	   TimeSlotBusy (s)     : 172802                       
...
012 (15756404.1331.000) 2026-02-09 19:37:29 Job was held.
	Error from slot1_6@pizza14.zeuthen.desy.de: runtime exceeded maximum (target.Runtime seconds)
	Code 21 Subcode 103
...
