000 (15756407.1434.000) 2026-02-06 11:26:14 Job submitted from host: <141.34.103.35:9618?addrs=141.34.103.35-9618+[2001-638-700-f067--1-23]-9618&alias=wgs39.zeuthen.desy.de&noUDP&sock=schedd_7414_f73f>
...
009 (15756407.1434.000) 2026-02-10 11:42:46 Job was aborted.
	via condor_rm (by user tuccia)
...
000 (15949294.956.000) 2026-02-10 11:45:22 Job submitted from host: <141.34.103.35:9618?addrs=141.34.103.35-9618+[2001-638-700-f067--1-23]-9618&alias=wgs39.zeuthen.desy.de&noUDP&sock=schedd_7302_24a3>
...
009 (15949294.956.000) 2026-02-10 11:45:47 Job was aborted.
	via condor_rm (by user tuccia)
...
000 (15949295.956.000) 2026-02-10 11:46:05 Job submitted from host: <141.34.103.35:9618?addrs=141.34.103.35-9618+[2001-638-700-f067--1-23]-9618&alias=wgs39.zeuthen.desy.de&noUDP&sock=schedd_7302_24a3>
...
001 (15949295.956.000) 2026-02-16 04:43:25 Job executing on host: <141.34.15.200:9618?addrs=141.34.15.200-9618+[2001-638-700-f00f--1-c8]-9618&alias=pizza02.zeuthen.desy.de&noUDP&sock=startd_8244_46da>
	SlotName: slot1_2@pizza02.zeuthen.desy.de
	CondorScratchDir = "/batch/dir_763255"
	Cpus = 8
	Disk = 1025696
	GPUs = 0
	Memory = 16384
...
006 (15949295.956.000) 2026-02-16 04:43:38 Image size of job updated: 109416
	107  -  MemoryUsage of job (MB)
	109416  -  ResidentSetSize of job (KB)
...
006 (15949295.956.000) 2026-02-16 04:48:38 Image size of job updated: 995608
	561  -  MemoryUsage of job (MB)
	573736  -  ResidentSetSize of job (KB)
...
006 (15949295.956.000) 2026-02-16 04:53:38 Image size of job updated: 995608
	574  -  MemoryUsage of job (MB)
	587464  -  ResidentSetSize of job (KB)
...
006 (15949295.956.000) 2026-02-16 04:58:39 Image size of job updated: 995608
	590  -  MemoryUsage of job (MB)
	603152  -  ResidentSetSize of job (KB)
...
006 (15949295.956.000) 2026-02-16 05:03:39 Image size of job updated: 995608
	606  -  MemoryUsage of job (MB)
	620208  -  ResidentSetSize of job (KB)
...
006 (15949295.956.000) 2026-02-16 05:08:39 Image size of job updated: 995608
	634  -  MemoryUsage of job (MB)
	648720  -  ResidentSetSize of job (KB)
...
006 (15949295.956.000) 2026-02-16 05:13:40 Image size of job updated: 995608
	680  -  MemoryUsage of job (MB)
	695532  -  ResidentSetSize of job (KB)
...
006 (15949295.956.000) 2026-02-16 05:18:40 Image size of job updated: 995608
	684  -  MemoryUsage of job (MB)
	699400  -  ResidentSetSize of job (KB)
...
006 (15949295.956.000) 2026-02-16 05:23:40 Image size of job updated: 995608
	692  -  MemoryUsage of job (MB)
	707596  -  ResidentSetSize of job (KB)
...
006 (15949295.956.000) 2026-02-16 05:33:41 Image size of job updated: 995608
	692  -  MemoryUsage of job (MB)
	708388  -  ResidentSetSize of job (KB)
...
006 (15949295.956.000) 2026-02-16 05:38:41 Image size of job updated: 995608
	706  -  MemoryUsage of job (MB)
	722164  -  ResidentSetSize of job (KB)
...
006 (15949295.956.000) 2026-02-16 06:03:43 Image size of job updated: 995608
	710  -  MemoryUsage of job (MB)
	726616  -  ResidentSetSize of job (KB)
...
006 (15949295.956.000) 2026-02-16 06:08:44 Image size of job updated: 995608
	715  -  MemoryUsage of job (MB)
	731464  -  ResidentSetSize of job (KB)
...
006 (15949295.956.000) 2026-02-16 06:13:45 Image size of job updated: 995608
	738  -  MemoryUsage of job (MB)
	755160  -  ResidentSetSize of job (KB)
...
006 (15949295.956.000) 2026-02-16 06:58:51 Image size of job updated: 995608
	787  -  MemoryUsage of job (MB)
	805028  -  ResidentSetSize of job (KB)
...
006 (15949295.956.000) 2026-02-16 07:13:53 Image size of job updated: 995608
	791  -  MemoryUsage of job (MB)
	809644  -  ResidentSetSize of job (KB)
...
006 (15949295.956.000) 2026-02-16 08:39:01 Image size of job updated: 995608
	796  -  MemoryUsage of job (MB)
	814272  -  ResidentSetSize of job (KB)
...
006 (15949295.956.000) 2026-02-16 09:04:03 Image size of job updated: 995608
	797  -  MemoryUsage of job (MB)
	815128  -  ResidentSetSize of job (KB)
...
006 (15949295.956.000) 2026-02-16 09:34:05 Image size of job updated: 995608
	799  -  MemoryUsage of job (MB)
	817716  -  ResidentSetSize of job (KB)
...
006 (15949295.956.000) 2026-02-16 09:39:05 Image size of job updated: 995608
	799  -  MemoryUsage of job (MB)
	817764  -  ResidentSetSize of job (KB)
...
006 (15949295.956.000) 2026-02-16 09:49:06 Image size of job updated: 995608
	799  -  MemoryUsage of job (MB)
	817892  -  ResidentSetSize of job (KB)
...
004 (15949295.956.000) 2026-02-16 17:16:25 Job was evicted.
	(0) CPU times
		Usr 1 05:52:53, Sys 0 00:16:34  -  Run Remote Usage
		Usr 0 00:00:00, Sys 0 00:00:00  -  Run Local Usage
	0  -  Run Bytes Sent By Job
	0  -  Run Bytes Received By Job
	Partitionable Resources :    Usage  Request Allocated 
	   Cpus                 :     0.99        8         8 
	   Disk (KB)            :     1     1024000   1025696 
	   GPUs                 :                           0 
	   Memory (MB)          :   799       16384     16384 
	   TimeExecute (s)      : 45179                       
	   TimeSlotBusy (s)     : 45181                       
...
009 (15949295.956.000) 2026-02-16 17:16:25 Job was aborted.
	via condor_rm (by user tuccia)
...
000 (16309093.178.000) 2026-02-18 10:41:48 Job submitted from host: <141.34.103.35:9618?addrs=141.34.103.35-9618+[2001-638-700-f067--1-23]-9618&alias=wgs39.zeuthen.desy.de&noUDP&sock=schedd_7302_24a3>
...
001 (16309093.178.000) 2026-02-18 10:42:04 Job executing on host: <141.34.14.71:9618?addrs=141.34.14.71-9618+[2001-638-700-f00e--1-47]-9618&alias=pascal01.zeuthen.desy.de&noUDP&sock=startd_165512_0b35>
	SlotName: slot1_7@pascal01.zeuthen.desy.de
	AvailableGPUs = {  }
	CondorScratchDir = "/batch/dir_3231554"
	Cpus = 1
	Disk = 1025109
	GPUs = 0
	Memory = 5120
...
006 (16309093.178.000) 2026-02-18 10:42:17 Image size of job updated: 107264
	105  -  MemoryUsage of job (MB)
	107264  -  ResidentSetSize of job (KB)
...
006 (16309093.178.000) 2026-02-18 10:47:17 Image size of job updated: 1108452
	566  -  MemoryUsage of job (MB)
	579124  -  ResidentSetSize of job (KB)
...
006 (16309093.178.000) 2026-02-18 11:27:21 Image size of job updated: 1108452
	577  -  MemoryUsage of job (MB)
	590556  -  ResidentSetSize of job (KB)
...
006 (16309093.178.000) 2026-02-18 11:32:21 Image size of job updated: 1108452
	579  -  MemoryUsage of job (MB)
	591916  -  ResidentSetSize of job (KB)
...
006 (16309093.178.000) 2026-02-18 11:37:21 Image size of job updated: 1108452
	580  -  MemoryUsage of job (MB)
	593312  -  ResidentSetSize of job (KB)
...
006 (16309093.178.000) 2026-02-18 11:42:22 Image size of job updated: 1108452
	580  -  MemoryUsage of job (MB)
	593568  -  ResidentSetSize of job (KB)
...
006 (16309093.178.000) 2026-02-18 11:47:23 Image size of job updated: 1108452
	580  -  MemoryUsage of job (MB)
	593700  -  ResidentSetSize of job (KB)
...
006 (16309093.178.000) 2026-02-18 11:57:24 Image size of job updated: 1108452
	581  -  MemoryUsage of job (MB)
	594940  -  ResidentSetSize of job (KB)
...
006 (16309093.178.000) 2026-02-18 12:02:25 Image size of job updated: 1108452
	582  -  MemoryUsage of job (MB)
	595276  -  ResidentSetSize of job (KB)
...
006 (16309093.178.000) 2026-02-18 12:22:27 Image size of job updated: 1108452
	598  -  MemoryUsage of job (MB)
	611992  -  ResidentSetSize of job (KB)
...
006 (16309093.178.000) 2026-02-18 12:27:27 Image size of job updated: 1108452
	598  -  MemoryUsage of job (MB)
	612168  -  ResidentSetSize of job (KB)
...
006 (16309093.178.000) 2026-02-19 14:55:03 Image size of job updated: 1108452
	636  -  MemoryUsage of job (MB)
	650528  -  ResidentSetSize of job (KB)
...
006 (16309093.178.000) 2026-02-19 15:00:04 Image size of job updated: 1108452
	636  -  MemoryUsage of job (MB)
	650644  -  ResidentSetSize of job (KB)
...
006 (16309093.178.000) 2026-02-19 15:05:04 Image size of job updated: 1108452
	636  -  MemoryUsage of job (MB)
	650672  -  ResidentSetSize of job (KB)
...
006 (16309093.178.000) 2026-02-19 15:30:08 Image size of job updated: 1108452
	637  -  MemoryUsage of job (MB)
	651276  -  ResidentSetSize of job (KB)
...
006 (16309093.178.000) 2026-02-19 15:35:08 Image size of job updated: 1108452
	637  -  MemoryUsage of job (MB)
	651420  -  ResidentSetSize of job (KB)
...
006 (16309093.178.000) 2026-02-19 15:40:09 Image size of job updated: 1108452
	637  -  MemoryUsage of job (MB)
	651552  -  ResidentSetSize of job (KB)
...
006 (16309093.178.000) 2026-02-19 16:10:11 Image size of job updated: 1108452
	637  -  MemoryUsage of job (MB)
	651804  -  ResidentSetSize of job (KB)
...
006 (16309093.178.000) 2026-02-19 16:15:12 Image size of job updated: 1108452
	637  -  MemoryUsage of job (MB)
	651980  -  ResidentSetSize of job (KB)
...
006 (16309093.178.000) 2026-02-19 16:20:12 Image size of job updated: 1108452
	637  -  MemoryUsage of job (MB)
	652028  -  ResidentSetSize of job (KB)
...
022 (16309093.178.000) 2026-02-20 03:44:36 Job disconnected, attempting to reconnect
    Local schedd and job shadow died, schedd now running again
    Trying to reconnect to slot1_7@pascal01.zeuthen.desy.de <141.34.14.71:9618?addrs=141.34.14.71-9618+[2001-638-700-f00e--1-47]-9618&alias=pascal01.zeuthen.desy.de&noUDP&sock=startd_165512_0b35>
...
023 (16309093.178.000) 2026-02-20 03:44:44 Job reconnected to slot1_7@pascal01.zeuthen.desy.de
    startd address: <141.34.14.71:9618?addrs=141.34.14.71-9618+[2001-638-700-f00e--1-47]-9618&alias=pascal01.zeuthen.desy.de&noUDP&sock=startd_165512_0b35>
    starter address: <141.34.14.71:9618?addrs=141.34.14.71-9618+[2001-638-700-f00e--1-47]-9618&alias=pascal01.zeuthen.desy.de&noUDP&sock=slot1_7_165555_3965_16411>
...
021 (16309093.178.000) 2026-02-20 10:42:06 Error from starter on slot1_7@pascal01.zeuthen.desy.de:
	runtime exceeded maximum (target.Runtime seconds)
	Code 21 Subcode 103
...
004 (16309093.178.000) 2026-02-20 10:42:06 Job was evicted.
	(0) CPU times
		Usr 1 23:48:16, Sys 0 00:00:13  -  Run Remote Usage
		Usr 0 00:00:00, Sys 0 00:00:00  -  Run Local Usage
	0  -  Run Bytes Sent By Job
	0  -  Run Bytes Received By Job
	Error from slot1_7@pascal01.zeuthen.desy.de: runtime exceeded maximum (target.Runtime seconds)
	Partitionable Resources :         Usage  Request Allocated 
	   Cpus                 :          1.00        1         1 
	   Disk (KB)            :          1     1024000   1025109 
	   Memory (MB)          :        733        5120      5120 
	   TimeSlotBusy (s)     : 1771580526                       
...
012 (16309093.178.000) 2026-02-20 10:42:06 Job was held.
	Error from slot1_7@pascal01.zeuthen.desy.de: runtime exceeded maximum (target.Runtime seconds)
	Code 21 Subcode 103
...
009 (16309093.178.000) 2026-02-23 19:28:58 Job was aborted.
	via condor_rm (by user tuccia)
...
000 (16619873.178.000) 2026-02-23 19:31:49 Job submitted from host: <141.34.103.35:9618?addrs=141.34.103.35-9618+[2001-638-700-f067--1-23]-9618&alias=wgs39.zeuthen.desy.de&noUDP&sock=schedd_7302_24a3>
...
001 (16619873.178.000) 2026-02-23 19:31:51 Job executing on host: <141.34.15.49:9618?addrs=141.34.15.49-9618+[2001-638-700-f00f--1-31]-9618&alias=pizza20.zeuthen.desy.de&noUDP&sock=startd_9146_f947>
	SlotName: slot1_13@pizza20.zeuthen.desy.de
	CondorScratchDir = "/batch/dir_4092504"
	Cpus = 1
	Disk = 1025696
	GPUs = 0
	Memory = 5120
...
006 (16619873.178.000) 2026-02-23 19:32:04 Image size of job updated: 109364
	107  -  MemoryUsage of job (MB)
	109364  -  ResidentSetSize of job (KB)
...
006 (16619873.178.000) 2026-02-23 19:37:04 Image size of job updated: 834712
	568  -  MemoryUsage of job (MB)
	580640  -  ResidentSetSize of job (KB)
...
006 (16619873.178.000) 2026-02-23 20:42:10 Image size of job updated: 834712
	571  -  MemoryUsage of job (MB)
	583988  -  ResidentSetSize of job (KB)
...
006 (16619873.178.000) 2026-02-23 20:57:12 Image size of job updated: 834712
	571  -  MemoryUsage of job (MB)
	584204  -  ResidentSetSize of job (KB)
...
006 (16619873.178.000) 2026-02-23 21:22:15 Image size of job updated: 834712
	595  -  MemoryUsage of job (MB)
	608600  -  ResidentSetSize of job (KB)
...
006 (16619873.178.000) 2026-02-23 21:27:16 Image size of job updated: 834712
	637  -  MemoryUsage of job (MB)
	651772  -  ResidentSetSize of job (KB)
...
006 (16619873.178.000) 2026-02-23 21:32:16 Image size of job updated: 834712
	637  -  MemoryUsage of job (MB)
	651908  -  ResidentSetSize of job (KB)
...
006 (16619873.178.000) 2026-02-23 21:37:16 Image size of job updated: 834712
	638  -  MemoryUsage of job (MB)
	652520  -  ResidentSetSize of job (KB)
...
006 (16619873.178.000) 2026-02-23 21:42:17 Image size of job updated: 834712
	638  -  MemoryUsage of job (MB)
	652680  -  ResidentSetSize of job (KB)
...
006 (16619873.178.000) 2026-02-23 21:57:18 Image size of job updated: 834712
	638  -  MemoryUsage of job (MB)
	653272  -  ResidentSetSize of job (KB)
...
006 (16619873.178.000) 2026-02-23 22:02:18 Image size of job updated: 834712
	639  -  MemoryUsage of job (MB)
	653384  -  ResidentSetSize of job (KB)
...
006 (16619873.178.000) 2026-02-23 22:37:22 Image size of job updated: 834712
	639  -  MemoryUsage of job (MB)
	653512  -  ResidentSetSize of job (KB)
...
006 (16619873.178.000) 2026-02-23 22:42:23 Image size of job updated: 834712
	639  -  MemoryUsage of job (MB)
	653540  -  ResidentSetSize of job (KB)
...
006 (16619873.178.000) 2026-02-24 00:12:32 Image size of job updated: 834712
	639  -  MemoryUsage of job (MB)
	653648  -  ResidentSetSize of job (KB)
...
006 (16619873.178.000) 2026-02-24 00:22:33 Image size of job updated: 834712
	639  -  MemoryUsage of job (MB)
	653688  -  ResidentSetSize of job (KB)
...
006 (16619873.178.000) 2026-02-24 00:52:36 Image size of job updated: 834712
	639  -  MemoryUsage of job (MB)
	653816  -  ResidentSetSize of job (KB)
...
006 (16619873.178.000) 2026-02-24 05:23:05 Image size of job updated: 834712
	639  -  MemoryUsage of job (MB)
	653884  -  ResidentSetSize of job (KB)
...
006 (16619873.178.000) 2026-02-24 06:43:12 Image size of job updated: 834712
	639  -  MemoryUsage of job (MB)
	653888  -  ResidentSetSize of job (KB)
...
006 (16619873.178.000) 2026-02-24 07:23:16 Image size of job updated: 834712
	639  -  MemoryUsage of job (MB)
	653892  -  ResidentSetSize of job (KB)
...
006 (16619873.178.000) 2026-02-24 07:33:17 Image size of job updated: 834712
	639  -  MemoryUsage of job (MB)
	653896  -  ResidentSetSize of job (KB)
...
006 (16619873.178.000) 2026-02-24 07:53:19 Image size of job updated: 834712
	639  -  MemoryUsage of job (MB)
	653948  -  ResidentSetSize of job (KB)
...
022 (16619873.178.000) 2026-02-24 08:04:13 Job disconnected, attempting to reconnect
    Local schedd and job shadow died, schedd now running again
    Trying to reconnect to slot1_13@pizza20.zeuthen.desy.de <141.34.15.49:9618?addrs=141.34.15.49-9618+[2001-638-700-f00f--1-31]-9618&alias=pizza20.zeuthen.desy.de&noUDP&sock=startd_9146_f947>
...
023 (16619873.178.000) 2026-02-24 08:04:23 Job reconnected to slot1_13@pizza20.zeuthen.desy.de
    startd address: <141.34.15.49:9618?addrs=141.34.15.49-9618+[2001-638-700-f00f--1-31]-9618&alias=pizza20.zeuthen.desy.de&noUDP&sock=startd_9146_f947>
    starter address: <141.34.15.49:9618?addrs=141.34.15.49-9618+[2001-638-700-f00f--1-31]-9618&alias=pizza20.zeuthen.desy.de&noUDP&sock=slot1_13_9706_8144_44196>
...
005 (16619873.178.000) 2026-02-27 00:40:12 Job terminated.
	(1) Normal termination (return value 0)
		Usr 3 04:23:51, Sys 0 00:00:18  -  Run Remote Usage
		Usr 0 00:00:00, Sys 0 00:00:00  -  Run Local Usage
		Usr 3 16:30:14, Sys 0 00:00:21  -  Total Remote Usage
		Usr 0 00:00:00, Sys 0 00:00:00  -  Total Local Usage
	0  -  Run Bytes Sent By Job
	0  -  Run Bytes Received By Job
	0  -  Total Bytes Sent By Job
	0  -  Total Bytes Received By Job
	Partitionable Resources :         Usage  Request Allocated 
	   Cpus                 :          0.99        1         1 
	   Disk (KB)            :          1     1024000   1025696 
	   Memory (MB)          :        733        5120      5120 
	   TimeExecute (s)      : 1772149212                       
	   TimeSlotBusy (s)     : 1772149212                       

	Job terminated of its own accord at 2026-02-26T23:40:12Z with exit-code 0.
...
