000 (15756404.1457.000) 2026-02-06 11:24:38 Job submitted from host: <141.34.103.35:9618?addrs=141.34.103.35-9618+[2001-638-700-f067--1-23]-9618&alias=wgs39.zeuthen.desy.de&noUDP&sock=schedd_7414_f73f>
...
001 (15756404.1457.000) 2026-02-08 12:36:54 Job executing on host: <141.34.15.49:9618?addrs=141.34.15.49-9618+[2001-638-700-f00f--1-31]-9618&alias=pizza20.zeuthen.desy.de&noUDP&sock=startd_9146_f947>
	SlotName: slot1_3@pizza20.zeuthen.desy.de
	CondorScratchDir = "/batch/dir_689767"
	Cpus = 8
	Disk = 1025696
	GPUs = 0
	Memory = 16384
...
006 (15756404.1457.000) 2026-02-08 12:37:09 Image size of job updated: 201660
	107  -  MemoryUsage of job (MB)
	109424  -  ResidentSetSize of job (KB)
...
006 (15756404.1457.000) 2026-02-08 12:42:09 Image size of job updated: 2314460
	2261  -  MemoryUsage of job (MB)
	2314460  -  ResidentSetSize of job (KB)
...
006 (15756404.1457.000) 2026-02-08 12:47:09 Image size of job updated: 2353724
	2265  -  MemoryUsage of job (MB)
	2318564  -  ResidentSetSize of job (KB)
...
006 (15756404.1457.000) 2026-02-08 12:52:10 Image size of job updated: 2366704
	2304  -  MemoryUsage of job (MB)
	2358736  -  ResidentSetSize of job (KB)
...
006 (15756404.1457.000) 2026-02-08 13:02:11 Image size of job updated: 2366888
	2311  -  MemoryUsage of job (MB)
	2366072  -  ResidentSetSize of job (KB)
...
006 (15756404.1457.000) 2026-02-08 13:17:13 Image size of job updated: 2368980
	2311  -  MemoryUsage of job (MB)
	2366072  -  ResidentSetSize of job (KB)
...
006 (15756404.1457.000) 2026-02-08 13:22:14 Image size of job updated: 2369688
	2311  -  MemoryUsage of job (MB)
	2366072  -  ResidentSetSize of job (KB)
...
006 (15756404.1457.000) 2026-02-08 13:32:15 Image size of job updated: 2372008
	2311  -  MemoryUsage of job (MB)
	2366072  -  ResidentSetSize of job (KB)
...
006 (15756404.1457.000) 2026-02-08 13:42:16 Image size of job updated: 2372264
	2311  -  MemoryUsage of job (MB)
	2366072  -  ResidentSetSize of job (KB)
...
006 (15756404.1457.000) 2026-02-08 13:47:16 Image size of job updated: 2372504
	2311  -  MemoryUsage of job (MB)
	2366072  -  ResidentSetSize of job (KB)
...
006 (15756404.1457.000) 2026-02-08 13:52:16 Image size of job updated: 2372516
	2311  -  MemoryUsage of job (MB)
	2366072  -  ResidentSetSize of job (KB)
...
006 (15756404.1457.000) 2026-02-08 13:57:17 Image size of job updated: 2372516
	2314  -  MemoryUsage of job (MB)
	2369156  -  ResidentSetSize of job (KB)
...
006 (15756404.1457.000) 2026-02-08 14:02:18 Image size of job updated: 2373124
	2314  -  MemoryUsage of job (MB)
	2369160  -  ResidentSetSize of job (KB)
...
006 (15756404.1457.000) 2026-02-08 14:07:18 Image size of job updated: 2373564
	2314  -  MemoryUsage of job (MB)
	2369160  -  ResidentSetSize of job (KB)
...
006 (15756404.1457.000) 2026-02-08 14:22:20 Image size of job updated: 2374120
	2314  -  MemoryUsage of job (MB)
	2369160  -  ResidentSetSize of job (KB)
...
006 (15756404.1457.000) 2026-02-08 14:27:20 Image size of job updated: 2374356
	2314  -  MemoryUsage of job (MB)
	2369160  -  ResidentSetSize of job (KB)
...
006 (15756404.1457.000) 2026-02-08 14:57:22 Image size of job updated: 2374436
	2314  -  MemoryUsage of job (MB)
	2369160  -  ResidentSetSize of job (KB)
...
006 (15756404.1457.000) 2026-02-08 15:02:23 Image size of job updated: 2374512
	2314  -  MemoryUsage of job (MB)
	2369160  -  ResidentSetSize of job (KB)
...
006 (15756404.1457.000) 2026-02-08 15:07:24 Image size of job updated: 2375056
	2314  -  MemoryUsage of job (MB)
	2369160  -  ResidentSetSize of job (KB)
...
006 (15756404.1457.000) 2026-02-08 15:12:24 Image size of job updated: 2375060
	2314  -  MemoryUsage of job (MB)
	2369160  -  ResidentSetSize of job (KB)
...
006 (15756404.1457.000) 2026-02-08 15:22:26 Image size of job updated: 2375192
	2319  -  MemoryUsage of job (MB)
	2374216  -  ResidentSetSize of job (KB)
...
006 (15756404.1457.000) 2026-02-08 15:27:26 Image size of job updated: 2375192
	2319  -  MemoryUsage of job (MB)
	2374220  -  ResidentSetSize of job (KB)
...
006 (15756404.1457.000) 2026-02-08 15:32:26 Image size of job updated: 2375552
	2319  -  MemoryUsage of job (MB)
	2374220  -  ResidentSetSize of job (KB)
...
006 (15756404.1457.000) 2026-02-08 18:02:42 Image size of job updated: 2375740
	2319  -  MemoryUsage of job (MB)
	2374220  -  ResidentSetSize of job (KB)
...
006 (15756404.1457.000) 2026-02-08 18:12:42 Image size of job updated: 2376112
	2319  -  MemoryUsage of job (MB)
	2374220  -  ResidentSetSize of job (KB)
...
006 (15756404.1457.000) 2026-02-08 18:37:46 Image size of job updated: 2376368
	2319  -  MemoryUsage of job (MB)
	2374220  -  ResidentSetSize of job (KB)
...
006 (15756404.1457.000) 2026-02-08 18:57:48 Image size of job updated: 2377032
	2319  -  MemoryUsage of job (MB)
	2374220  -  ResidentSetSize of job (KB)
...
006 (15756404.1457.000) 2026-02-08 19:02:48 Image size of job updated: 2377056
	2319  -  MemoryUsage of job (MB)
	2374220  -  ResidentSetSize of job (KB)
...
006 (15756404.1457.000) 2026-02-08 19:27:50 Image size of job updated: 2377264
	2319  -  MemoryUsage of job (MB)
	2374220  -  ResidentSetSize of job (KB)
...
006 (15756404.1457.000) 2026-02-08 19:42:52 Image size of job updated: 2377560
	2319  -  MemoryUsage of job (MB)
	2374220  -  ResidentSetSize of job (KB)
...
006 (15756404.1457.000) 2026-02-08 19:47:52 Image size of job updated: 2377972
	2319  -  MemoryUsage of job (MB)
	2374220  -  ResidentSetSize of job (KB)
...
006 (15756404.1457.000) 2026-02-08 20:17:55 Image size of job updated: 2378488
	2319  -  MemoryUsage of job (MB)
	2374220  -  ResidentSetSize of job (KB)
...
006 (15756404.1457.000) 2026-02-08 20:22:55 Image size of job updated: 2378616
	2319  -  MemoryUsage of job (MB)
	2374220  -  ResidentSetSize of job (KB)
...
006 (15756404.1457.000) 2026-02-09 01:38:27 Image size of job updated: 2379248
	2319  -  MemoryUsage of job (MB)
	2374220  -  ResidentSetSize of job (KB)
...
006 (15756404.1457.000) 2026-02-09 06:33:56 Image size of job updated: 2379248
	2323  -  MemoryUsage of job (MB)
	2378296  -  ResidentSetSize of job (KB)
...
006 (15756404.1457.000) 2026-02-09 16:39:58 Image size of job updated: 2379304
	2323  -  MemoryUsage of job (MB)
	2378296  -  ResidentSetSize of job (KB)
...
006 (15756404.1457.000) 2026-02-09 16:44:58 Image size of job updated: 2379424
	2323  -  MemoryUsage of job (MB)
	2378296  -  ResidentSetSize of job (KB)
...
006 (15756404.1457.000) 2026-02-09 17:04:59 Image size of job updated: 2380036
	2323  -  MemoryUsage of job (MB)
	2378296  -  ResidentSetSize of job (KB)
...
006 (15756404.1457.000) 2026-02-09 17:20:00 Image size of job updated: 2380476
	2323  -  MemoryUsage of job (MB)
	2378296  -  ResidentSetSize of job (KB)
...
006 (15756404.1457.000) 2026-02-10 07:31:25 Image size of job updated: 2380476
	2324  -  MemoryUsage of job (MB)
	2378936  -  ResidentSetSize of job (KB)
...
006 (15756404.1457.000) 2026-02-10 07:36:26 Image size of job updated: 2380476
	2324  -  MemoryUsage of job (MB)
	2378940  -  ResidentSetSize of job (KB)
...
022 (15756404.1457.000) 2026-02-10 08:04:03 Job disconnected, attempting to reconnect
    Local schedd and job shadow died, schedd now running again
    Trying to reconnect to slot1_3@pizza20.zeuthen.desy.de <141.34.15.49:9618?addrs=141.34.15.49-9618+[2001-638-700-f00f--1-31]-9618&alias=pizza20.zeuthen.desy.de&noUDP&sock=startd_9146_f947>
...
023 (15756404.1457.000) 2026-02-10 08:04:11 Job reconnected to slot1_3@pizza20.zeuthen.desy.de
    startd address: <141.34.15.49:9618?addrs=141.34.15.49-9618+[2001-638-700-f00f--1-31]-9618&alias=pizza20.zeuthen.desy.de&noUDP&sock=startd_9146_f947>
    starter address: <141.34.15.49:9618?addrs=141.34.15.49-9618+[2001-638-700-f00f--1-31]-9618&alias=pizza20.zeuthen.desy.de&noUDP&sock=slot1_3_9706_8144_6488>
...
