000 (15756408.1356.000) 2026-02-06 11:27:01 Job submitted from host: <141.34.103.35:9618?addrs=141.34.103.35-9618+[2001-638-700-f067--1-23]-9618&alias=wgs39.zeuthen.desy.de&noUDP&sock=schedd_7414_f73f>
...
009 (15756408.1356.000) 2026-02-10 11:47:47 Job was aborted.
	via condor_rm (by user tuccia)
...
000 (15951004.904.000) 2026-02-10 16:30:11 Job submitted from host: <141.34.103.35:9618?addrs=141.34.103.35-9618+[2001-638-700-f067--1-23]-9618&alias=wgs39.zeuthen.desy.de&noUDP&sock=schedd_7302_24a3>
...
001 (15951004.904.000) 2026-02-11 04:12:35 Job executing on host: <141.34.15.175:9618?addrs=141.34.15.175-9618+[2001-638-700-f00f--1-af]-9618&alias=genoa00.zeuthen.desy.de&noUDP&sock=startd_9658_29c4>
	SlotName: slot1_19@genoa00.zeuthen.desy.de
	CondorScratchDir = "/batch/dir_1115515"
	Cpus = 1
	Disk = 1025697
	GPUs = 0
	Memory = 5120
...
006 (15951004.904.000) 2026-02-11 04:12:49 Image size of job updated: 107368
	105  -  MemoryUsage of job (MB)
	107368  -  ResidentSetSize of job (KB)
...
006 (15951004.904.000) 2026-02-11 04:17:50 Image size of job updated: 1018476
	614  -  MemoryUsage of job (MB)
	628720  -  ResidentSetSize of job (KB)
...
006 (15951004.904.000) 2026-02-11 04:22:51 Image size of job updated: 1018476
	664  -  MemoryUsage of job (MB)
	679380  -  ResidentSetSize of job (KB)
...
006 (15951004.904.000) 2026-02-11 04:27:51 Image size of job updated: 1018476
	664  -  MemoryUsage of job (MB)
	679648  -  ResidentSetSize of job (KB)
...
006 (15951004.904.000) 2026-02-11 04:32:52 Image size of job updated: 1018476
	667  -  MemoryUsage of job (MB)
	682336  -  ResidentSetSize of job (KB)
...
006 (15951004.904.000) 2026-02-11 04:42:53 Image size of job updated: 1018476
	667  -  MemoryUsage of job (MB)
	682372  -  ResidentSetSize of job (KB)
...
006 (15951004.904.000) 2026-02-11 05:37:59 Image size of job updated: 1018476
	667  -  MemoryUsage of job (MB)
	682380  -  ResidentSetSize of job (KB)
...
006 (15951004.904.000) 2026-02-11 06:13:03 Image size of job updated: 1018476
	667  -  MemoryUsage of job (MB)
	682388  -  ResidentSetSize of job (KB)
...
006 (15951004.904.000) 2026-02-11 07:23:09 Image size of job updated: 1018476
	667  -  MemoryUsage of job (MB)
	682392  -  ResidentSetSize of job (KB)
...
006 (15951004.904.000) 2026-02-11 07:33:10 Image size of job updated: 1018476
	667  -  MemoryUsage of job (MB)
	682444  -  ResidentSetSize of job (KB)
...
006 (15951004.904.000) 2026-02-11 08:08:14 Image size of job updated: 1018476
	667  -  MemoryUsage of job (MB)
	682468  -  ResidentSetSize of job (KB)
...
006 (15951004.904.000) 2026-02-11 08:18:15 Image size of job updated: 1018476
	667  -  MemoryUsage of job (MB)
	682492  -  ResidentSetSize of job (KB)
...
006 (15951004.904.000) 2026-02-11 08:23:16 Image size of job updated: 1018476
	667  -  MemoryUsage of job (MB)
	682524  -  ResidentSetSize of job (KB)
...
006 (15951004.904.000) 2026-02-11 10:03:26 Image size of job updated: 1018476
	667  -  MemoryUsage of job (MB)
	682564  -  ResidentSetSize of job (KB)
...
006 (15951004.904.000) 2026-02-11 10:08:27 Image size of job updated: 1018476
	667  -  MemoryUsage of job (MB)
	682572  -  ResidentSetSize of job (KB)
...
