000 (15756404.1278.000) 2026-02-06 11:24:37 Job submitted from host: <141.34.103.35:9618?addrs=141.34.103.35-9618+[2001-638-700-f067--1-23]-9618&alias=wgs39.zeuthen.desy.de&noUDP&sock=schedd_7414_f73f>
...
001 (15756404.1278.000) 2026-02-07 13:06:31 Job executing on host: <141.34.15.45:9618?addrs=141.34.15.45-9618+[2001-638-700-f00f--1-2d]-9618&alias=pizza16.zeuthen.desy.de&noUDP&sock=startd_8270_1c50>
	SlotName: slot1_10@pizza16.zeuthen.desy.de
	CondorScratchDir = "/batch/dir_2985238"
	Cpus = 8
	Disk = 1025696
	GPUs = 0
	Memory = 16384
...
006 (15756404.1278.000) 2026-02-07 13:06:44 Image size of job updated: 109480
	107  -  MemoryUsage of job (MB)
	109480  -  ResidentSetSize of job (KB)
...
006 (15756404.1278.000) 2026-02-07 13:11:44 Image size of job updated: 632460
	592  -  MemoryUsage of job (MB)
	605640  -  ResidentSetSize of job (KB)
...
005 (15756404.1278.000) 2026-02-07 14:31:16 Job terminated.
	(1) Normal termination (return value 0)
		Usr 0 03:51:49, Sys 0 02:00:54  -  Run Remote Usage
		Usr 0 00:00:00, Sys 0 00:00:00  -  Run Local Usage
		Usr 0 03:51:49, Sys 0 02:00:54  -  Total Remote Usage
		Usr 0 00:00:00, Sys 0 00:00:00  -  Total Local Usage
	0  -  Run Bytes Sent By Job
	0  -  Run Bytes Received By Job
	0  -  Total Bytes Sent By Job
	0  -  Total Bytes Received By Job
	Partitionable Resources :    Usage  Request Allocated 
	   Cpus                 :     4.96        8         8 
	   Disk (KB)            :     1     1024000   1025696 
	   GPUs                 :                           0 
	   Memory (MB)          :   592       16384     16384 
	   TimeExecute (s)      :  5085                       
	   TimeSlotBusy (s)     :  5085                       

	Job terminated of its own accord at 2026-02-07T13:31:16Z with exit-code 0.
...
