000 (15756407.1492.000) 2026-02-06 11:26:14 Job submitted from host: <141.34.103.35:9618?addrs=141.34.103.35-9618+[2001-638-700-f067--1-23]-9618&alias=wgs39.zeuthen.desy.de&noUDP&sock=schedd_7414_f73f>
...
009 (15756407.1492.000) 2026-02-10 11:42:46 Job was aborted.
	via condor_rm (by user tuccia)
...
000 (15949294.995.000) 2026-02-10 11:45:22 Job submitted from host: <141.34.103.35:9618?addrs=141.34.103.35-9618+[2001-638-700-f067--1-23]-9618&alias=wgs39.zeuthen.desy.de&noUDP&sock=schedd_7302_24a3>
...
009 (15949294.995.000) 2026-02-10 11:45:47 Job was aborted.
	via condor_rm (by user tuccia)
...
000 (15949295.995.000) 2026-02-10 11:46:05 Job submitted from host: <141.34.103.35:9618?addrs=141.34.103.35-9618+[2001-638-700-f067--1-23]-9618&alias=wgs39.zeuthen.desy.de&noUDP&sock=schedd_7302_24a3>
...
001 (15949295.995.000) 2026-02-16 06:47:05 Job executing on host: <141.34.15.44:9618?addrs=141.34.15.44-9618+[2001-638-700-f00f--1-2c]-9618&alias=pizza15.zeuthen.desy.de&noUDP&sock=startd_9131_af5b>
	SlotName: slot1_4@pizza15.zeuthen.desy.de
	CondorScratchDir = "/batch/dir_131288"
	Cpus = 8
	Disk = 1025696
	GPUs = 0
	Memory = 16384
...
006 (15949295.995.000) 2026-02-16 06:47:19 Image size of job updated: 109412
	107  -  MemoryUsage of job (MB)
	109412  -  ResidentSetSize of job (KB)
...
006 (15949295.995.000) 2026-02-16 06:52:20 Image size of job updated: 1046316
	725  -  MemoryUsage of job (MB)
	741764  -  ResidentSetSize of job (KB)
...
006 (15949295.995.000) 2026-02-16 06:57:20 Image size of job updated: 1046316
	725  -  MemoryUsage of job (MB)
	741768  -  ResidentSetSize of job (KB)
...
006 (15949295.995.000) 2026-02-16 07:07:21 Image size of job updated: 1046316
	727  -  MemoryUsage of job (MB)
	743604  -  ResidentSetSize of job (KB)
...
006 (15949295.995.000) 2026-02-16 07:12:21 Image size of job updated: 1046316
	729  -  MemoryUsage of job (MB)
	745708  -  ResidentSetSize of job (KB)
...
006 (15949295.995.000) 2026-02-16 07:42:24 Image size of job updated: 1046316
	730  -  MemoryUsage of job (MB)
	746832  -  ResidentSetSize of job (KB)
...
006 (15949295.995.000) 2026-02-16 08:02:27 Image size of job updated: 1046316
	732  -  MemoryUsage of job (MB)
	749424  -  ResidentSetSize of job (KB)
...
006 (15949295.995.000) 2026-02-16 08:07:28 Image size of job updated: 1046316
	746  -  MemoryUsage of job (MB)
	763804  -  ResidentSetSize of job (KB)
...
006 (15949295.995.000) 2026-02-16 08:37:32 Image size of job updated: 1046316
	768  -  MemoryUsage of job (MB)
	785564  -  ResidentSetSize of job (KB)
...
006 (15949295.995.000) 2026-02-16 08:42:32 Image size of job updated: 1046316
	780  -  MemoryUsage of job (MB)
	798304  -  ResidentSetSize of job (KB)
...
006 (15949295.995.000) 2026-02-16 08:47:33 Image size of job updated: 1046316
	801  -  MemoryUsage of job (MB)
	819784  -  ResidentSetSize of job (KB)
...
006 (15949295.995.000) 2026-02-16 08:57:34 Image size of job updated: 1046316
	816  -  MemoryUsage of job (MB)
	835340  -  ResidentSetSize of job (KB)
...
006 (15949295.995.000) 2026-02-16 09:02:35 Image size of job updated: 1046316
	818  -  MemoryUsage of job (MB)
	836728  -  ResidentSetSize of job (KB)
...
006 (15949295.995.000) 2026-02-16 09:07:36 Image size of job updated: 1046316
	818  -  MemoryUsage of job (MB)
	837168  -  ResidentSetSize of job (KB)
...
006 (15949295.995.000) 2026-02-16 09:12:36 Image size of job updated: 1046316
	819  -  MemoryUsage of job (MB)
	837752  -  ResidentSetSize of job (KB)
...
006 (15949295.995.000) 2026-02-16 09:17:37 Image size of job updated: 1046316
	825  -  MemoryUsage of job (MB)
	844288  -  ResidentSetSize of job (KB)
...
006 (15949295.995.000) 2026-02-16 09:37:40 Image size of job updated: 1046316
	877  -  MemoryUsage of job (MB)
	897896  -  ResidentSetSize of job (KB)
...
006 (15949295.995.000) 2026-02-16 09:42:40 Image size of job updated: 1046316
	878  -  MemoryUsage of job (MB)
	898148  -  ResidentSetSize of job (KB)
...
006 (15949295.995.000) 2026-02-16 09:47:41 Image size of job updated: 1046316
	878  -  MemoryUsage of job (MB)
	898488  -  ResidentSetSize of job (KB)
...
006 (15949295.995.000) 2026-02-16 09:52:42 Image size of job updated: 1046316
	878  -  MemoryUsage of job (MB)
	898816  -  ResidentSetSize of job (KB)
...
006 (15949295.995.000) 2026-02-16 09:57:42 Image size of job updated: 1046316
	879  -  MemoryUsage of job (MB)
	899172  -  ResidentSetSize of job (KB)
...
006 (15949295.995.000) 2026-02-16 10:02:44 Image size of job updated: 1046316
	879  -  MemoryUsage of job (MB)
	899272  -  ResidentSetSize of job (KB)
...
006 (15949295.995.000) 2026-02-16 10:07:44 Image size of job updated: 1046316
	879  -  MemoryUsage of job (MB)
	899628  -  ResidentSetSize of job (KB)
...
006 (15949295.995.000) 2026-02-16 10:12:44 Image size of job updated: 1046316
	879  -  MemoryUsage of job (MB)
	899748  -  ResidentSetSize of job (KB)
...
006 (15949295.995.000) 2026-02-16 10:17:45 Image size of job updated: 1046316
	879  -  MemoryUsage of job (MB)
	899876  -  ResidentSetSize of job (KB)
...
006 (15949295.995.000) 2026-02-16 10:27:45 Image size of job updated: 1046316
	879  -  MemoryUsage of job (MB)
	900068  -  ResidentSetSize of job (KB)
...
006 (15949295.995.000) 2026-02-16 10:32:46 Image size of job updated: 1046316
	880  -  MemoryUsage of job (MB)
	900368  -  ResidentSetSize of job (KB)
...
006 (15949295.995.000) 2026-02-16 10:47:47 Image size of job updated: 1046316
	880  -  MemoryUsage of job (MB)
	900392  -  ResidentSetSize of job (KB)
...
006 (15949295.995.000) 2026-02-16 10:52:47 Image size of job updated: 1046316
	880  -  MemoryUsage of job (MB)
	900504  -  ResidentSetSize of job (KB)
...
006 (15949295.995.000) 2026-02-16 10:57:47 Image size of job updated: 1046316
	880  -  MemoryUsage of job (MB)
	900884  -  ResidentSetSize of job (KB)
...
006 (15949295.995.000) 2026-02-16 11:07:48 Image size of job updated: 1046316
	881  -  MemoryUsage of job (MB)
	901156  -  ResidentSetSize of job (KB)
...
006 (15949295.995.000) 2026-02-16 11:12:48 Image size of job updated: 1046316
	881  -  MemoryUsage of job (MB)
	901204  -  ResidentSetSize of job (KB)
...
006 (15949295.995.000) 2026-02-16 11:17:49 Image size of job updated: 1046316
	881  -  MemoryUsage of job (MB)
	901268  -  ResidentSetSize of job (KB)
...
006 (15949295.995.000) 2026-02-16 11:27:49 Image size of job updated: 1046316
	881  -  MemoryUsage of job (MB)
	901368  -  ResidentSetSize of job (KB)
...
006 (15949295.995.000) 2026-02-16 11:32:50 Image size of job updated: 1046316
	881  -  MemoryUsage of job (MB)
	901472  -  ResidentSetSize of job (KB)
...
006 (15949295.995.000) 2026-02-16 11:37:50 Image size of job updated: 1046316
	881  -  MemoryUsage of job (MB)
	901828  -  ResidentSetSize of job (KB)
...
006 (15949295.995.000) 2026-02-16 11:42:50 Image size of job updated: 1046316
	892  -  MemoryUsage of job (MB)
	912516  -  ResidentSetSize of job (KB)
...
006 (15949295.995.000) 2026-02-16 11:47:51 Image size of job updated: 1046316
	892  -  MemoryUsage of job (MB)
	912996  -  ResidentSetSize of job (KB)
...
006 (15949295.995.000) 2026-02-16 11:52:51 Image size of job updated: 1046316
	897  -  MemoryUsage of job (MB)
	917788  -  ResidentSetSize of job (KB)
...
006 (15949295.995.000) 2026-02-16 11:57:51 Image size of job updated: 1046316
	897  -  MemoryUsage of job (MB)
	918208  -  ResidentSetSize of job (KB)
...
006 (15949295.995.000) 2026-02-16 12:02:52 Image size of job updated: 1046316
	897  -  MemoryUsage of job (MB)
	918248  -  ResidentSetSize of job (KB)
...
006 (15949295.995.000) 2026-02-16 12:07:52 Image size of job updated: 1046316
	897  -  MemoryUsage of job (MB)
	918292  -  ResidentSetSize of job (KB)
...
006 (15949295.995.000) 2026-02-16 12:17:53 Image size of job updated: 1046316
	897  -  MemoryUsage of job (MB)
	918384  -  ResidentSetSize of job (KB)
...
006 (15949295.995.000) 2026-02-16 12:32:54 Image size of job updated: 1046316
	898  -  MemoryUsage of job (MB)
	918576  -  ResidentSetSize of job (KB)
...
006 (15949295.995.000) 2026-02-16 12:42:54 Image size of job updated: 1046316
	898  -  MemoryUsage of job (MB)
	918680  -  ResidentSetSize of job (KB)
...
006 (15949295.995.000) 2026-02-16 12:47:55 Image size of job updated: 1046316
	898  -  MemoryUsage of job (MB)
	919052  -  ResidentSetSize of job (KB)
...
006 (15949295.995.000) 2026-02-16 12:57:55 Image size of job updated: 1046316
	898  -  MemoryUsage of job (MB)
	919296  -  ResidentSetSize of job (KB)
...
006 (15949295.995.000) 2026-02-16 13:02:56 Image size of job updated: 1046316
	898  -  MemoryUsage of job (MB)
	919340  -  ResidentSetSize of job (KB)
...
006 (15949295.995.000) 2026-02-16 13:12:56 Image size of job updated: 1046316
	898  -  MemoryUsage of job (MB)
	919384  -  ResidentSetSize of job (KB)
...
006 (15949295.995.000) 2026-02-16 13:17:57 Image size of job updated: 1046316
	898  -  MemoryUsage of job (MB)
	919448  -  ResidentSetSize of job (KB)
...
006 (15949295.995.000) 2026-02-16 13:27:57 Image size of job updated: 1046316
	898  -  MemoryUsage of job (MB)
	919548  -  ResidentSetSize of job (KB)
...
006 (15949295.995.000) 2026-02-16 13:48:00 Image size of job updated: 1046316
	899  -  MemoryUsage of job (MB)
	919620  -  ResidentSetSize of job (KB)
...
006 (15949295.995.000) 2026-02-16 13:53:00 Image size of job updated: 1046316
	899  -  MemoryUsage of job (MB)
	919744  -  ResidentSetSize of job (KB)
...
006 (15949295.995.000) 2026-02-16 14:03:01 Image size of job updated: 1046316
	899  -  MemoryUsage of job (MB)
	919904  -  ResidentSetSize of job (KB)
...
006 (15949295.995.000) 2026-02-16 14:08:01 Image size of job updated: 1046316
	899  -  MemoryUsage of job (MB)
	920204  -  ResidentSetSize of job (KB)
...
006 (15949295.995.000) 2026-02-16 14:33:05 Image size of job updated: 1046316
	899  -  MemoryUsage of job (MB)
	920420  -  ResidentSetSize of job (KB)
...
006 (15949295.995.000) 2026-02-16 14:48:07 Image size of job updated: 1046316
	900  -  MemoryUsage of job (MB)
	920636  -  ResidentSetSize of job (KB)
...
006 (15949295.995.000) 2026-02-16 14:53:07 Image size of job updated: 1046316
	902  -  MemoryUsage of job (MB)
	923580  -  ResidentSetSize of job (KB)
...
006 (15949295.995.000) 2026-02-16 16:28:16 Image size of job updated: 1046316
	912  -  MemoryUsage of job (MB)
	933172  -  ResidentSetSize of job (KB)
...
006 (15949295.995.000) 2026-02-16 16:33:17 Image size of job updated: 1046316
	912  -  MemoryUsage of job (MB)
	933788  -  ResidentSetSize of job (KB)
...
006 (15949295.995.000) 2026-02-16 16:38:18 Image size of job updated: 1046316
	912  -  MemoryUsage of job (MB)
	933848  -  ResidentSetSize of job (KB)
...
006 (15949295.995.000) 2026-02-16 16:43:18 Image size of job updated: 1046316
	912  -  MemoryUsage of job (MB)
	933852  -  ResidentSetSize of job (KB)
...
006 (15949295.995.000) 2026-02-16 16:48:19 Image size of job updated: 1046316
	913  -  MemoryUsage of job (MB)
	933892  -  ResidentSetSize of job (KB)
...
006 (15949295.995.000) 2026-02-16 16:53:20 Image size of job updated: 1046316
	913  -  MemoryUsage of job (MB)
	934200  -  ResidentSetSize of job (KB)
...
006 (15949295.995.000) 2026-02-16 17:03:21 Image size of job updated: 1046316
	913  -  MemoryUsage of job (MB)
	934240  -  ResidentSetSize of job (KB)
...
006 (15949295.995.000) 2026-02-16 17:08:22 Image size of job updated: 1046316
	913  -  MemoryUsage of job (MB)
	934280  -  ResidentSetSize of job (KB)
...
004 (15949295.995.000) 2026-02-16 17:16:26 Job was evicted.
	(0) CPU times
		Usr 2 08:47:21, Sys 0 01:11:37  -  Run Remote Usage
		Usr 0 00:00:00, Sys 0 00:00:00  -  Run Local Usage
	0  -  Run Bytes Sent By Job
	0  -  Run Bytes Received By Job
	Partitionable Resources :    Usage  Request Allocated 
	   Cpus                 :     7.93        8         8 
	   Disk (KB)            :     1     1024000   1025696 
	   GPUs                 :                           0 
	   Memory (MB)          :   913       16384     16384 
	   TimeExecute (s)      : 37760                       
	   TimeSlotBusy (s)     : 37761                       
...
009 (15949295.995.000) 2026-02-16 17:16:26 Job was aborted.
	via condor_rm (by user tuccia)
...
