000 (15756404.1211.000) 2026-02-06 11:24:37 Job submitted from host: <141.34.103.35:9618?addrs=141.34.103.35-9618+[2001-638-700-f067--1-23]-9618&alias=wgs39.zeuthen.desy.de&noUDP&sock=schedd_7414_f73f>
...
001 (15756404.1211.000) 2026-02-07 07:56:31 Job executing on host: <141.34.15.50:9618?addrs=141.34.15.50-9618+[2001-638-700-f00f--1-32]-9618&alias=pizza21.zeuthen.desy.de&noUDP&sock=startd_9205_715d>
	SlotName: slot1_2@pizza21.zeuthen.desy.de
	CondorScratchDir = "/batch/dir_280844"
	Cpus = 8
	Disk = 1025696
	GPUs = 0
	Memory = 16384
...
006 (15756404.1211.000) 2026-02-07 07:56:45 Image size of job updated: 109416
	107  -  MemoryUsage of job (MB)
	109416  -  ResidentSetSize of job (KB)
...
006 (15756404.1211.000) 2026-02-07 08:01:46 Image size of job updated: 2299008
	2246  -  MemoryUsage of job (MB)
	2299008  -  ResidentSetSize of job (KB)
...
006 (15756404.1211.000) 2026-02-07 08:06:47 Image size of job updated: 2343276
	2246  -  MemoryUsage of job (MB)
	2299008  -  ResidentSetSize of job (KB)
...
006 (15756404.1211.000) 2026-02-07 08:11:47 Image size of job updated: 2350932
	2284  -  MemoryUsage of job (MB)
	2338536  -  ResidentSetSize of job (KB)
...
006 (15756404.1211.000) 2026-02-07 08:16:47 Image size of job updated: 2354488
	2284  -  MemoryUsage of job (MB)
	2338536  -  ResidentSetSize of job (KB)
...
006 (15756404.1211.000) 2026-02-07 08:21:48 Image size of job updated: 2355940
	2292  -  MemoryUsage of job (MB)
	2346332  -  ResidentSetSize of job (KB)
...
006 (15756404.1211.000) 2026-02-07 08:26:48 Image size of job updated: 2361368
	2292  -  MemoryUsage of job (MB)
	2346332  -  ResidentSetSize of job (KB)
...
006 (15756404.1211.000) 2026-02-07 08:31:48 Image size of job updated: 2361368
	2294  -  MemoryUsage of job (MB)
	2348100  -  ResidentSetSize of job (KB)
...
006 (15756404.1211.000) 2026-02-07 08:36:49 Image size of job updated: 2361380
	2294  -  MemoryUsage of job (MB)
	2348104  -  ResidentSetSize of job (KB)
...
006 (15756404.1211.000) 2026-02-07 08:41:49 Image size of job updated: 2362124
	2294  -  MemoryUsage of job (MB)
	2348104  -  ResidentSetSize of job (KB)
...
006 (15756404.1211.000) 2026-02-07 09:06:51 Image size of job updated: 2362536
	2294  -  MemoryUsage of job (MB)
	2348104  -  ResidentSetSize of job (KB)
...
006 (15756404.1211.000) 2026-02-07 09:26:54 Image size of job updated: 2362536
	2304  -  MemoryUsage of job (MB)
	2358404  -  ResidentSetSize of job (KB)
...
006 (15756404.1211.000) 2026-02-07 09:31:54 Image size of job updated: 2362536
	2304  -  MemoryUsage of job (MB)
	2358408  -  ResidentSetSize of job (KB)
...
006 (15756404.1211.000) 2026-02-07 09:36:54 Image size of job updated: 2362972
	2304  -  MemoryUsage of job (MB)
	2358408  -  ResidentSetSize of job (KB)
...
006 (15756404.1211.000) 2026-02-07 09:51:55 Image size of job updated: 2363252
	2304  -  MemoryUsage of job (MB)
	2358408  -  ResidentSetSize of job (KB)
...
006 (15756404.1211.000) 2026-02-07 09:56:56 Image size of job updated: 2363316
	2304  -  MemoryUsage of job (MB)
	2358408  -  ResidentSetSize of job (KB)
...
006 (15756404.1211.000) 2026-02-07 10:01:56 Image size of job updated: 2363660
	2304  -  MemoryUsage of job (MB)
	2358408  -  ResidentSetSize of job (KB)
...
006 (15756404.1211.000) 2026-02-07 10:11:57 Image size of job updated: 2363948
	2304  -  MemoryUsage of job (MB)
	2358408  -  ResidentSetSize of job (KB)
...
006 (15756404.1211.000) 2026-02-07 10:21:58 Image size of job updated: 2363952
	2307  -  MemoryUsage of job (MB)
	2361676  -  ResidentSetSize of job (KB)
...
006 (15756404.1211.000) 2026-02-07 10:26:59 Image size of job updated: 2364208
	2307  -  MemoryUsage of job (MB)
	2361680  -  ResidentSetSize of job (KB)
...
006 (15756404.1211.000) 2026-02-07 10:42:01 Image size of job updated: 2364460
	2307  -  MemoryUsage of job (MB)
	2361680  -  ResidentSetSize of job (KB)
...
006 (15756404.1211.000) 2026-02-07 10:47:02 Image size of job updated: 2364592
	2307  -  MemoryUsage of job (MB)
	2361680  -  ResidentSetSize of job (KB)
...
006 (15756404.1211.000) 2026-02-07 11:22:04 Image size of job updated: 2365124
	2307  -  MemoryUsage of job (MB)
	2361680  -  ResidentSetSize of job (KB)
...
006 (15756404.1211.000) 2026-02-07 11:27:04 Image size of job updated: 2365544
	2310  -  MemoryUsage of job (MB)
	2364640  -  ResidentSetSize of job (KB)
...
006 (15756404.1211.000) 2026-02-07 14:47:26 Image size of job updated: 2365604
	2310  -  MemoryUsage of job (MB)
	2364640  -  ResidentSetSize of job (KB)
...
006 (15756404.1211.000) 2026-02-07 14:52:26 Image size of job updated: 2365688
	2310  -  MemoryUsage of job (MB)
	2364640  -  ResidentSetSize of job (KB)
...
006 (15756404.1211.000) 2026-02-07 15:12:27 Image size of job updated: 2365704
	2310  -  MemoryUsage of job (MB)
	2364640  -  ResidentSetSize of job (KB)
...
006 (15756404.1211.000) 2026-02-07 15:27:29 Image size of job updated: 2366300
	2310  -  MemoryUsage of job (MB)
	2364640  -  ResidentSetSize of job (KB)
...
006 (15756404.1211.000) 2026-02-07 15:42:31 Image size of job updated: 2366940
	2310  -  MemoryUsage of job (MB)
	2364640  -  ResidentSetSize of job (KB)
...
006 (15756404.1211.000) 2026-02-07 15:47:32 Image size of job updated: 2367320
	2310  -  MemoryUsage of job (MB)
	2364640  -  ResidentSetSize of job (KB)
...
006 (15756404.1211.000) 2026-02-07 15:52:33 Image size of job updated: 2367412
	2310  -  MemoryUsage of job (MB)
	2364640  -  ResidentSetSize of job (KB)
...
006 (15756404.1211.000) 2026-02-07 15:57:33 Image size of job updated: 2367412
	2310  -  MemoryUsage of job (MB)
	2364748  -  ResidentSetSize of job (KB)
...
006 (15756404.1211.000) 2026-02-07 16:22:35 Image size of job updated: 2368016
	2310  -  MemoryUsage of job (MB)
	2364748  -  ResidentSetSize of job (KB)
...
006 (15756404.1211.000) 2026-02-07 20:58:02 Image size of job updated: 2368016
	2310  -  MemoryUsage of job (MB)
	2364848  -  ResidentSetSize of job (KB)
...
006 (15756404.1211.000) 2026-02-07 21:23:05 Image size of job updated: 2368104
	2310  -  MemoryUsage of job (MB)
	2364848  -  ResidentSetSize of job (KB)
...
006 (15756404.1211.000) 2026-02-08 10:29:22 Image size of job updated: 2368104
	2310  -  MemoryUsage of job (MB)
	2365232  -  ResidentSetSize of job (KB)
...
006 (15756404.1211.000) 2026-02-08 11:49:30 Image size of job updated: 2368556
	2310  -  MemoryUsage of job (MB)
	2365232  -  ResidentSetSize of job (KB)
...
006 (15756404.1211.000) 2026-02-08 12:14:32 Image size of job updated: 2368592
	2310  -  MemoryUsage of job (MB)
	2365232  -  ResidentSetSize of job (KB)
...
006 (15756404.1211.000) 2026-02-08 12:19:32 Image size of job updated: 2369136
	2310  -  MemoryUsage of job (MB)
	2365232  -  ResidentSetSize of job (KB)
...
006 (15756404.1211.000) 2026-02-08 12:24:33 Image size of job updated: 2369200
	2310  -  MemoryUsage of job (MB)
	2365232  -  ResidentSetSize of job (KB)
...
006 (15756404.1211.000) 2026-02-08 12:39:34 Image size of job updated: 2369632
	2310  -  MemoryUsage of job (MB)
	2365232  -  ResidentSetSize of job (KB)
...
006 (15756404.1211.000) 2026-02-08 16:09:55 Image size of job updated: 2369632
	2311  -  MemoryUsage of job (MB)
	2365820  -  ResidentSetSize of job (KB)
...
006 (15756404.1211.000) 2026-02-08 18:00:06 Image size of job updated: 2369952
	2311  -  MemoryUsage of job (MB)
	2365820  -  ResidentSetSize of job (KB)
...
006 (15756404.1211.000) 2026-02-09 04:56:12 Image size of job updated: 2369952
	2311  -  MemoryUsage of job (MB)
	2366332  -  ResidentSetSize of job (KB)
...
006 (15756404.1211.000) 2026-02-09 05:01:12 Image size of job updated: 2369952
	2311  -  MemoryUsage of job (MB)
	2366336  -  ResidentSetSize of job (KB)
...
006 (15756404.1211.000) 2026-02-09 07:51:30 Image size of job updated: 2369960
	2311  -  MemoryUsage of job (MB)
	2366336  -  ResidentSetSize of job (KB)
...
021 (15756404.1211.000) 2026-02-09 07:56:36 Error from starter on slot1_2@pizza21.zeuthen.desy.de:
	runtime exceeded maximum (target.Runtime seconds)
	Code 21 Subcode 103
...
004 (15756404.1211.000) 2026-02-09 07:56:36 Job was evicted.
	(0) CPU times
		Usr 4 16:27:04, Sys 1 08:38:48  -  Run Remote Usage
		Usr 0 00:00:00, Sys 0 00:00:00  -  Run Local Usage
	0  -  Run Bytes Sent By Job
	0  -  Run Bytes Received By Job
	Error from slot1_2@pizza21.zeuthen.desy.de: runtime exceeded maximum (target.Runtime seconds)
	Partitionable Resources :     Usage  Request Allocated 
	   Cpus                 :      0.99        8         8 
	   Disk (KB)            :      1     1024000   1025696 
	   GPUs                 :                            0 
	   Memory (MB)          :   2311       16384     16384 
	   TimeSlotBusy (s)     : 172805                       
...
012 (15756404.1211.000) 2026-02-09 07:56:36 Job was held.
	Error from slot1_2@pizza21.zeuthen.desy.de: runtime exceeded maximum (target.Runtime seconds)
	Code 21 Subcode 103
...
