000 (15756404.1429.000) 2026-02-06 11:24:38 Job submitted from host: <141.34.103.35:9618?addrs=141.34.103.35-9618+[2001-638-700-f067--1-23]-9618&alias=wgs39.zeuthen.desy.de&noUDP&sock=schedd_7414_f73f>
...
001 (15756404.1429.000) 2026-02-08 12:08:40 Job executing on host: <141.34.15.53:9618?addrs=141.34.15.53-9618+[2001-638-700-f00f--1-35]-9618&alias=pizza24.zeuthen.desy.de&noUDP&sock=startd_8313_9ae3>
	SlotName: slot1_5@pizza24.zeuthen.desy.de
	CondorScratchDir = "/batch/dir_1535636"
	Cpus = 8
	Disk = 1025696
	GPUs = 0
	Memory = 16384
...
006 (15756404.1429.000) 2026-02-08 12:08:53 Image size of job updated: 109436
	107  -  MemoryUsage of job (MB)
	109436  -  ResidentSetSize of job (KB)
...
006 (15756404.1429.000) 2026-02-08 12:13:53 Image size of job updated: 1046124
	735  -  MemoryUsage of job (MB)
	752184  -  ResidentSetSize of job (KB)
...
006 (15756404.1429.000) 2026-02-08 12:18:53 Image size of job updated: 1046124
	735  -  MemoryUsage of job (MB)
	752188  -  ResidentSetSize of job (KB)
...
006 (15756404.1429.000) 2026-02-08 12:23:54 Image size of job updated: 1046124
	742  -  MemoryUsage of job (MB)
	759256  -  ResidentSetSize of job (KB)
...
006 (15756404.1429.000) 2026-02-08 12:28:54 Image size of job updated: 1046124
	744  -  MemoryUsage of job (MB)
	761800  -  ResidentSetSize of job (KB)
...
006 (15756404.1429.000) 2026-02-08 13:34:01 Image size of job updated: 1046124
	746  -  MemoryUsage of job (MB)
	763184  -  ResidentSetSize of job (KB)
...
006 (15756404.1429.000) 2026-02-08 13:54:03 Image size of job updated: 1046124
	747  -  MemoryUsage of job (MB)
	764464  -  ResidentSetSize of job (KB)
...
006 (15756404.1429.000) 2026-02-08 13:59:04 Image size of job updated: 1046124
	748  -  MemoryUsage of job (MB)
	765528  -  ResidentSetSize of job (KB)
...
006 (15756404.1429.000) 2026-02-08 14:04:05 Image size of job updated: 1046124
	749  -  MemoryUsage of job (MB)
	766520  -  ResidentSetSize of job (KB)
...
006 (15756404.1429.000) 2026-02-08 15:39:14 Image size of job updated: 1046124
	750  -  MemoryUsage of job (MB)
	767228  -  ResidentSetSize of job (KB)
...
006 (15756404.1429.000) 2026-02-08 16:59:22 Image size of job updated: 1046124
	750  -  MemoryUsage of job (MB)
	767308  -  ResidentSetSize of job (KB)
...
006 (15756404.1429.000) 2026-02-08 17:04:23 Image size of job updated: 1046124
	750  -  MemoryUsage of job (MB)
	767396  -  ResidentSetSize of job (KB)
...
006 (15756404.1429.000) 2026-02-08 17:09:23 Image size of job updated: 1046124
	750  -  MemoryUsage of job (MB)
	767564  -  ResidentSetSize of job (KB)
...
006 (15756404.1429.000) 2026-02-08 17:34:26 Image size of job updated: 1046124
	750  -  MemoryUsage of job (MB)
	767644  -  ResidentSetSize of job (KB)
...
006 (15756404.1429.000) 2026-02-08 18:14:30 Image size of job updated: 1046124
	750  -  MemoryUsage of job (MB)
	767648  -  ResidentSetSize of job (KB)
...
006 (15756404.1429.000) 2026-02-08 18:29:32 Image size of job updated: 1046124
	750  -  MemoryUsage of job (MB)
	767652  -  ResidentSetSize of job (KB)
...
006 (15756404.1429.000) 2026-02-08 18:34:32 Image size of job updated: 1046124
	750  -  MemoryUsage of job (MB)
	767816  -  ResidentSetSize of job (KB)
...
006 (15756404.1429.000) 2026-02-08 18:39:33 Image size of job updated: 1046124
	750  -  MemoryUsage of job (MB)
	767820  -  ResidentSetSize of job (KB)
...
006 (15756404.1429.000) 2026-02-08 18:49:34 Image size of job updated: 1046124
	751  -  MemoryUsage of job (MB)
	768076  -  ResidentSetSize of job (KB)
...
006 (15756404.1429.000) 2026-02-08 22:14:55 Image size of job updated: 1046124
	751  -  MemoryUsage of job (MB)
	768088  -  ResidentSetSize of job (KB)
...
005 (15756404.1429.000) 2026-02-08 23:39:20 Job terminated.
	(1) Normal termination (return value 0)
		Usr 1 12:09:37, Sys 0 18:03:10  -  Run Remote Usage
		Usr 0 00:00:00, Sys 0 00:00:00  -  Run Local Usage
		Usr 1 12:09:37, Sys 0 18:03:10  -  Total Remote Usage
		Usr 0 00:00:00, Sys 0 00:00:00  -  Total Local Usage
	0  -  Run Bytes Sent By Job
	0  -  Run Bytes Received By Job
	0  -  Total Bytes Sent By Job
	0  -  Total Bytes Received By Job
	Partitionable Resources :    Usage  Request Allocated 
	   Cpus                 :     1.78        8         8 
	   Disk (KB)            :     1     1024000   1025696 
	   GPUs                 :                           0 
	   Memory (MB)          :   751       16384     16384 
	   TimeExecute (s)      : 41440                       
	   TimeSlotBusy (s)     : 41440                       

	Job terminated of its own accord at 2026-02-08T22:39:20Z with exit-code 0.
...
