000 (15756404.1436.000) 2026-02-06 11:24:38 Job submitted from host: <141.34.103.35:9618?addrs=141.34.103.35-9618+[2001-638-700-f067--1-23]-9618&alias=wgs39.zeuthen.desy.de&noUDP&sock=schedd_7414_f73f>
...
001 (15756404.1436.000) 2026-02-08 12:10:06 Job executing on host: <141.34.15.38:9618?addrs=141.34.15.38-9618+[2001-638-700-f00f--1-26]-9618&alias=pizza09.zeuthen.desy.de&noUDP&sock=startd_8238_2948>
	SlotName: slot1_8@pizza09.zeuthen.desy.de
	CondorScratchDir = "/batch/dir_1681797"
	Cpus = 8
	Disk = 1025696
	GPUs = 0
	Memory = 16384
...
006 (15756404.1436.000) 2026-02-08 12:10:20 Image size of job updated: 109428
	107  -  MemoryUsage of job (MB)
	109428  -  ResidentSetSize of job (KB)
...
006 (15756404.1436.000) 2026-02-08 12:15:21 Image size of job updated: 2282184
	2229  -  MemoryUsage of job (MB)
	2282184  -  ResidentSetSize of job (KB)
...
006 (15756404.1436.000) 2026-02-08 12:20:21 Image size of job updated: 2318512
	2265  -  MemoryUsage of job (MB)
	2318512  -  ResidentSetSize of job (KB)
...
006 (15756404.1436.000) 2026-02-08 12:25:22 Image size of job updated: 2338468
	2265  -  MemoryUsage of job (MB)
	2318512  -  ResidentSetSize of job (KB)
...
006 (15756404.1436.000) 2026-02-08 12:30:23 Image size of job updated: 2343152
	2265  -  MemoryUsage of job (MB)
	2318512  -  ResidentSetSize of job (KB)
...
006 (15756404.1436.000) 2026-02-08 12:35:23 Image size of job updated: 2344476
	2265  -  MemoryUsage of job (MB)
	2318512  -  ResidentSetSize of job (KB)
...
006 (15756404.1436.000) 2026-02-08 12:40:24 Image size of job updated: 2344972
	2265  -  MemoryUsage of job (MB)
	2318512  -  ResidentSetSize of job (KB)
...
006 (15756404.1436.000) 2026-02-08 12:45:25 Image size of job updated: 2345632
	2274  -  MemoryUsage of job (MB)
	2328416  -  ResidentSetSize of job (KB)
...
006 (15756404.1436.000) 2026-02-08 12:50:25 Image size of job updated: 2345632
	2287  -  MemoryUsage of job (MB)
	2341532  -  ResidentSetSize of job (KB)
...
006 (15756404.1436.000) 2026-02-08 12:55:26 Image size of job updated: 2345872
	2287  -  MemoryUsage of job (MB)
	2341532  -  ResidentSetSize of job (KB)
...
006 (15756404.1436.000) 2026-02-08 13:05:27 Image size of job updated: 2346040
	2287  -  MemoryUsage of job (MB)
	2341532  -  ResidentSetSize of job (KB)
...
006 (15756404.1436.000) 2026-02-08 13:20:28 Image size of job updated: 2346300
	2287  -  MemoryUsage of job (MB)
	2341532  -  ResidentSetSize of job (KB)
...
006 (15756404.1436.000) 2026-02-08 13:35:29 Image size of job updated: 2346572
	2287  -  MemoryUsage of job (MB)
	2341532  -  ResidentSetSize of job (KB)
...
006 (15756404.1436.000) 2026-02-08 13:45:30 Image size of job updated: 2346572
	2289  -  MemoryUsage of job (MB)
	2342984  -  ResidentSetSize of job (KB)
...
006 (15756404.1436.000) 2026-02-08 13:50:30 Image size of job updated: 2346840
	2289  -  MemoryUsage of job (MB)
	2342984  -  ResidentSetSize of job (KB)
...
006 (15756404.1436.000) 2026-02-08 14:10:32 Image size of job updated: 2347084
	2289  -  MemoryUsage of job (MB)
	2342984  -  ResidentSetSize of job (KB)
...
006 (15756404.1436.000) 2026-02-08 14:20:34 Image size of job updated: 2347444
	2289  -  MemoryUsage of job (MB)
	2342984  -  ResidentSetSize of job (KB)
...
006 (15756404.1436.000) 2026-02-08 14:35:35 Image size of job updated: 2347496
	2289  -  MemoryUsage of job (MB)
	2342984  -  ResidentSetSize of job (KB)
...
006 (15756404.1436.000) 2026-02-08 14:40:35 Image size of job updated: 2347496
	2291  -  MemoryUsage of job (MB)
	2345812  -  ResidentSetSize of job (KB)
...
006 (15756404.1436.000) 2026-02-08 14:45:35 Image size of job updated: 2350752
	2291  -  MemoryUsage of job (MB)
	2345816  -  ResidentSetSize of job (KB)
...
006 (15756404.1436.000) 2026-02-08 14:50:36 Image size of job updated: 2351292
	2291  -  MemoryUsage of job (MB)
	2345816  -  ResidentSetSize of job (KB)
...
006 (15756404.1436.000) 2026-02-08 15:10:38 Image size of job updated: 2351292
	2296  -  MemoryUsage of job (MB)
	2350188  -  ResidentSetSize of job (KB)
...
006 (15756404.1436.000) 2026-02-08 15:15:38 Image size of job updated: 2351292
	2296  -  MemoryUsage of job (MB)
	2350192  -  ResidentSetSize of job (KB)
...
006 (15756404.1436.000) 2026-02-08 15:20:39 Image size of job updated: 2351472
	2296  -  MemoryUsage of job (MB)
	2350192  -  ResidentSetSize of job (KB)
...
006 (15756404.1436.000) 2026-02-08 15:35:41 Image size of job updated: 2351956
	2296  -  MemoryUsage of job (MB)
	2350192  -  ResidentSetSize of job (KB)
...
006 (15756404.1436.000) 2026-02-08 15:40:42 Image size of job updated: 2351956
	2297  -  MemoryUsage of job (MB)
	2351912  -  ResidentSetSize of job (KB)
...
006 (15756404.1436.000) 2026-02-08 15:45:42 Image size of job updated: 2352188
	2297  -  MemoryUsage of job (MB)
	2351912  -  ResidentSetSize of job (KB)
...
006 (15756404.1436.000) 2026-02-08 16:10:45 Image size of job updated: 2352300
	2297  -  MemoryUsage of job (MB)
	2351912  -  ResidentSetSize of job (KB)
...
006 (15756404.1436.000) 2026-02-08 19:56:07 Image size of job updated: 2352640
	2297  -  MemoryUsage of job (MB)
	2351912  -  ResidentSetSize of job (KB)
...
006 (15756404.1436.000) 2026-02-08 20:11:09 Image size of job updated: 2352864
	2297  -  MemoryUsage of job (MB)
	2351912  -  ResidentSetSize of job (KB)
...
006 (15756404.1436.000) 2026-02-08 20:36:12 Image size of job updated: 2353344
	2297  -  MemoryUsage of job (MB)
	2351912  -  ResidentSetSize of job (KB)
...
006 (15756404.1436.000) 2026-02-08 21:01:14 Image size of job updated: 2353688
	2297  -  MemoryUsage of job (MB)
	2351912  -  ResidentSetSize of job (KB)
...
006 (15756404.1436.000) 2026-02-08 21:11:15 Image size of job updated: 2353792
	2297  -  MemoryUsage of job (MB)
	2351912  -  ResidentSetSize of job (KB)
...
006 (15756404.1436.000) 2026-02-08 21:26:16 Image size of job updated: 2353932
	2297  -  MemoryUsage of job (MB)
	2351912  -  ResidentSetSize of job (KB)
...
006 (15756404.1436.000) 2026-02-08 21:41:17 Image size of job updated: 2354408
	2297  -  MemoryUsage of job (MB)
	2351912  -  ResidentSetSize of job (KB)
...
006 (15756404.1436.000) 2026-02-08 22:01:20 Image size of job updated: 2354764
	2297  -  MemoryUsage of job (MB)
	2351912  -  ResidentSetSize of job (KB)
...
006 (15756404.1436.000) 2026-02-08 22:06:20 Image size of job updated: 2354764
	2298  -  MemoryUsage of job (MB)
	2352984  -  ResidentSetSize of job (KB)
...
006 (15756404.1436.000) 2026-02-09 04:01:55 Image size of job updated: 2355140
	2298  -  MemoryUsage of job (MB)
	2352984  -  ResidentSetSize of job (KB)
...
006 (15756404.1436.000) 2026-02-09 10:52:38 Image size of job updated: 2355728
	2298  -  MemoryUsage of job (MB)
	2352984  -  ResidentSetSize of job (KB)
...
006 (15756404.1436.000) 2026-02-09 22:48:51 Image size of job updated: 2355728
	2300  -  MemoryUsage of job (MB)
	2354728  -  ResidentSetSize of job (KB)
...
006 (15756404.1436.000) 2026-02-09 22:53:52 Image size of job updated: 2355728
	2300  -  MemoryUsage of job (MB)
	2354732  -  ResidentSetSize of job (KB)
...
006 (15756404.1436.000) 2026-02-10 00:14:01 Image size of job updated: 2355900
	2300  -  MemoryUsage of job (MB)
	2354732  -  ResidentSetSize of job (KB)
...
022 (15756404.1436.000) 2026-02-10 08:04:02 Job disconnected, attempting to reconnect
    Local schedd and job shadow died, schedd now running again
    Trying to reconnect to slot1_8@pizza09.zeuthen.desy.de <141.34.15.38:9618?addrs=141.34.15.38-9618+[2001-638-700-f00f--1-26]-9618&alias=pizza09.zeuthen.desy.de&noUDP&sock=startd_8238_2948>
...
023 (15756404.1436.000) 2026-02-10 08:04:11 Job reconnected to slot1_8@pizza09.zeuthen.desy.de
    startd address: <141.34.15.38:9618?addrs=141.34.15.38-9618+[2001-638-700-f00f--1-26]-9618&alias=pizza09.zeuthen.desy.de&noUDP&sock=startd_8238_2948>
    starter address: <141.34.15.38:9618?addrs=141.34.15.38-9618+[2001-638-700-f00f--1-26]-9618&alias=pizza09.zeuthen.desy.de&noUDP&sock=slot1_8_8746_191d_23076>
...
004 (15756404.1436.000) 2026-02-10 11:42:26 Job was evicted.
	(0) CPU times
		Usr 3 03:10:45, Sys 0 04:21:08  -  Run Remote Usage
		Usr 0 00:00:00, Sys 0 00:00:00  -  Run Local Usage
	0  -  Run Bytes Sent By Job
	0  -  Run Bytes Received By Job
	Partitionable Resources :         Usage  Request Allocated 
	   Cpus                 :          7.93        8         8 
	   Disk (KB)            :          1     1024000   1025696 
	   Memory (MB)          :       2442       16384     16384 
	   TimeExecute (s)      : 1770720144                       
	   TimeSlotBusy (s)     : 1770720146                       
...
009 (15756404.1436.000) 2026-02-10 11:42:26 Job was aborted.
	via condor_rm (by user tuccia)
...
