000 (15756408.1402.000) 2026-02-06 11:27:01 Job submitted from host: <141.34.103.35:9618?addrs=141.34.103.35-9618+[2001-638-700-f067--1-23]-9618&alias=wgs39.zeuthen.desy.de&noUDP&sock=schedd_7414_f73f>
...
009 (15756408.1402.000) 2026-02-10 11:47:48 Job was aborted.
	via condor_rm (by user tuccia)
...
000 (15951004.935.000) 2026-02-10 16:30:11 Job submitted from host: <141.34.103.35:9618?addrs=141.34.103.35-9618+[2001-638-700-f067--1-23]-9618&alias=wgs39.zeuthen.desy.de&noUDP&sock=schedd_7302_24a3>
...
001 (15951004.935.000) 2026-02-11 04:13:36 Job executing on host: <141.34.15.79:9618?addrs=141.34.15.79-9618+[2001-638-700-f00f--1-4f]-9618&alias=bladek6.zeuthen.desy.de&noUDP&sock=startd_9236_b4cd>
	SlotName: slot1_25@bladek6.zeuthen.desy.de
	CondorScratchDir = "/batch/dir_4131681"
	Cpus = 1
	Disk = 1025025
	GPUs = 0
	Memory = 5120
...
006 (15951004.935.000) 2026-02-11 04:13:50 Image size of job updated: 107272
	105  -  MemoryUsage of job (MB)
	107272  -  ResidentSetSize of job (KB)
...
006 (15951004.935.000) 2026-02-11 04:18:51 Image size of job updated: 1058764
	557  -  MemoryUsage of job (MB)
	569452  -  ResidentSetSize of job (KB)
...
006 (15951004.935.000) 2026-02-11 04:23:52 Image size of job updated: 1058764
	613  -  MemoryUsage of job (MB)
	627508  -  ResidentSetSize of job (KB)
...
006 (15951004.935.000) 2026-02-11 04:28:52 Image size of job updated: 1058764
	770  -  MemoryUsage of job (MB)
	788000  -  ResidentSetSize of job (KB)
...
006 (15951004.935.000) 2026-02-11 04:33:52 Image size of job updated: 1058764
	770  -  MemoryUsage of job (MB)
	788164  -  ResidentSetSize of job (KB)
...
006 (15951004.935.000) 2026-02-11 04:38:53 Image size of job updated: 1058764
	770  -  MemoryUsage of job (MB)
	788276  -  ResidentSetSize of job (KB)
...
006 (15951004.935.000) 2026-02-11 04:43:53 Image size of job updated: 1058764
	770  -  MemoryUsage of job (MB)
	788412  -  ResidentSetSize of job (KB)
...
006 (15951004.935.000) 2026-02-11 04:48:53 Image size of job updated: 1058764
	771  -  MemoryUsage of job (MB)
	788548  -  ResidentSetSize of job (KB)
...
006 (15951004.935.000) 2026-02-11 04:53:54 Image size of job updated: 1058764
	771  -  MemoryUsage of job (MB)
	788680  -  ResidentSetSize of job (KB)
...
006 (15951004.935.000) 2026-02-11 04:58:54 Image size of job updated: 1058764
	771  -  MemoryUsage of job (MB)
	788820  -  ResidentSetSize of job (KB)
...
006 (15951004.935.000) 2026-02-11 05:03:54 Image size of job updated: 1058764
	771  -  MemoryUsage of job (MB)
	788952  -  ResidentSetSize of job (KB)
...
006 (15951004.935.000) 2026-02-11 05:08:55 Image size of job updated: 1058764
	771  -  MemoryUsage of job (MB)
	789100  -  ResidentSetSize of job (KB)
...
006 (15951004.935.000) 2026-02-11 05:13:55 Image size of job updated: 1058764
	771  -  MemoryUsage of job (MB)
	789224  -  ResidentSetSize of job (KB)
...
006 (15951004.935.000) 2026-02-11 05:18:55 Image size of job updated: 1058764
	771  -  MemoryUsage of job (MB)
	789372  -  ResidentSetSize of job (KB)
...
006 (15951004.935.000) 2026-02-11 05:23:56 Image size of job updated: 1058764
	771  -  MemoryUsage of job (MB)
	789500  -  ResidentSetSize of job (KB)
...
006 (15951004.935.000) 2026-02-11 05:28:56 Image size of job updated: 1058764
	772  -  MemoryUsage of job (MB)
	789636  -  ResidentSetSize of job (KB)
...
006 (15951004.935.000) 2026-02-11 05:33:56 Image size of job updated: 1058764
	772  -  MemoryUsage of job (MB)
	789768  -  ResidentSetSize of job (KB)
...
006 (15951004.935.000) 2026-02-11 05:38:57 Image size of job updated: 1058764
	772  -  MemoryUsage of job (MB)
	789904  -  ResidentSetSize of job (KB)
...
006 (15951004.935.000) 2026-02-11 05:43:57 Image size of job updated: 1058764
	772  -  MemoryUsage of job (MB)
	790048  -  ResidentSetSize of job (KB)
...
006 (15951004.935.000) 2026-02-11 05:48:57 Image size of job updated: 1058764
	772  -  MemoryUsage of job (MB)
	790176  -  ResidentSetSize of job (KB)
...
006 (15951004.935.000) 2026-02-11 05:53:58 Image size of job updated: 1058764
	772  -  MemoryUsage of job (MB)
	790316  -  ResidentSetSize of job (KB)
...
006 (15951004.935.000) 2026-02-11 05:58:59 Image size of job updated: 1058764
	772  -  MemoryUsage of job (MB)
	790448  -  ResidentSetSize of job (KB)
...
006 (15951004.935.000) 2026-02-11 06:03:59 Image size of job updated: 1058764
	773  -  MemoryUsage of job (MB)
	790584  -  ResidentSetSize of job (KB)
...
006 (15951004.935.000) 2026-02-11 06:09:00 Image size of job updated: 1058764
	773  -  MemoryUsage of job (MB)
	790724  -  ResidentSetSize of job (KB)
...
006 (15951004.935.000) 2026-02-11 06:14:01 Image size of job updated: 1058764
	773  -  MemoryUsage of job (MB)
	790860  -  ResidentSetSize of job (KB)
...
006 (15951004.935.000) 2026-02-11 06:19:01 Image size of job updated: 1058764
	773  -  MemoryUsage of job (MB)
	790996  -  ResidentSetSize of job (KB)
...
006 (15951004.935.000) 2026-02-11 06:24:02 Image size of job updated: 1058764
	773  -  MemoryUsage of job (MB)
	791132  -  ResidentSetSize of job (KB)
...
006 (15951004.935.000) 2026-02-11 06:29:03 Image size of job updated: 1058764
	773  -  MemoryUsage of job (MB)
	791272  -  ResidentSetSize of job (KB)
...
006 (15951004.935.000) 2026-02-11 06:34:03 Image size of job updated: 1058764
	794  -  MemoryUsage of job (MB)
	812636  -  ResidentSetSize of job (KB)
...
006 (15951004.935.000) 2026-02-11 08:44:17 Image size of job updated: 1058764
	796  -  MemoryUsage of job (MB)
	814892  -  ResidentSetSize of job (KB)
...
