000 (15756407.1449.000) 2026-02-06 11:26:14 Job submitted from host: <141.34.103.35:9618?addrs=141.34.103.35-9618+[2001-638-700-f067--1-23]-9618&alias=wgs39.zeuthen.desy.de&noUDP&sock=schedd_7414_f73f>
...
009 (15756407.1449.000) 2026-02-10 11:42:46 Job was aborted.
	via condor_rm (by user tuccia)
...
000 (15949294.966.000) 2026-02-10 11:45:22 Job submitted from host: <141.34.103.35:9618?addrs=141.34.103.35-9618+[2001-638-700-f067--1-23]-9618&alias=wgs39.zeuthen.desy.de&noUDP&sock=schedd_7302_24a3>
...
009 (15949294.966.000) 2026-02-10 11:45:47 Job was aborted.
	via condor_rm (by user tuccia)
...
000 (15949295.966.000) 2026-02-10 11:46:05 Job submitted from host: <141.34.103.35:9618?addrs=141.34.103.35-9618+[2001-638-700-f067--1-23]-9618&alias=wgs39.zeuthen.desy.de&noUDP&sock=schedd_7302_24a3>
...
001 (15949295.966.000) 2026-02-16 05:29:24 Job executing on host: <141.34.15.86:9618?addrs=141.34.15.86-9618+[2001-638-700-f00f--1-56]-9618&alias=genoa10.zeuthen.desy.de&noUDP&sock=startd_10124_cce6>
	SlotName: slot1_8@genoa10.zeuthen.desy.de
	CondorScratchDir = "/batch/dir_135272"
	Cpus = 8
	Disk = 1025681
	GPUs = 0
	Memory = 16384
...
006 (15949295.966.000) 2026-02-16 05:29:38 Image size of job updated: 107432
	105  -  MemoryUsage of job (MB)
	107432  -  ResidentSetSize of job (KB)
...
006 (15949295.966.000) 2026-02-16 05:34:39 Image size of job updated: 734744
	576  -  MemoryUsage of job (MB)
	589044  -  ResidentSetSize of job (KB)
...
006 (15949295.966.000) 2026-02-16 05:39:40 Image size of job updated: 734744
	590  -  MemoryUsage of job (MB)
	603156  -  ResidentSetSize of job (KB)
...
006 (15949295.966.000) 2026-02-16 05:44:40 Image size of job updated: 734744
	704  -  MemoryUsage of job (MB)
	720224  -  ResidentSetSize of job (KB)
...
006 (15949295.966.000) 2026-02-16 05:49:41 Image size of job updated: 734744
	710  -  MemoryUsage of job (MB)
	726184  -  ResidentSetSize of job (KB)
...
006 (15949295.966.000) 2026-02-16 06:09:44 Image size of job updated: 743284
	726  -  MemoryUsage of job (MB)
	743284  -  ResidentSetSize of job (KB)
...
006 (15949295.966.000) 2026-02-16 06:14:44 Image size of job updated: 745184
	728  -  MemoryUsage of job (MB)
	745184  -  ResidentSetSize of job (KB)
...
006 (15949295.966.000) 2026-02-16 06:19:45 Image size of job updated: 776108
	758  -  MemoryUsage of job (MB)
	776108  -  ResidentSetSize of job (KB)
...
006 (15949295.966.000) 2026-02-16 06:29:45 Image size of job updated: 779952
	762  -  MemoryUsage of job (MB)
	779952  -  ResidentSetSize of job (KB)
...
006 (15949295.966.000) 2026-02-16 06:34:46 Image size of job updated: 804376
	786  -  MemoryUsage of job (MB)
	804376  -  ResidentSetSize of job (KB)
...
006 (15949295.966.000) 2026-02-16 06:39:46 Image size of job updated: 804384
	786  -  MemoryUsage of job (MB)
	804384  -  ResidentSetSize of job (KB)
...
006 (15949295.966.000) 2026-02-16 06:44:46 Image size of job updated: 816400
	798  -  MemoryUsage of job (MB)
	816400  -  ResidentSetSize of job (KB)
...
006 (15949295.966.000) 2026-02-16 07:14:48 Image size of job updated: 817720
	799  -  MemoryUsage of job (MB)
	817720  -  ResidentSetSize of job (KB)
...
006 (15949295.966.000) 2026-02-16 07:19:49 Image size of job updated: 817804
	799  -  MemoryUsage of job (MB)
	817804  -  ResidentSetSize of job (KB)
...
006 (15949295.966.000) 2026-02-16 07:29:50 Image size of job updated: 826912
	808  -  MemoryUsage of job (MB)
	826912  -  ResidentSetSize of job (KB)
...
006 (15949295.966.000) 2026-02-16 07:39:51 Image size of job updated: 836760
	818  -  MemoryUsage of job (MB)
	836760  -  ResidentSetSize of job (KB)
...
006 (15949295.966.000) 2026-02-16 09:10:00 Image size of job updated: 861492
	842  -  MemoryUsage of job (MB)
	861492  -  ResidentSetSize of job (KB)
...
006 (15949295.966.000) 2026-02-16 11:05:11 Image size of job updated: 866308
	847  -  MemoryUsage of job (MB)
	866308  -  ResidentSetSize of job (KB)
...
006 (15949295.966.000) 2026-02-16 16:55:44 Image size of job updated: 966396
	944  -  MemoryUsage of job (MB)
	966396  -  ResidentSetSize of job (KB)
...
006 (15949295.966.000) 2026-02-16 17:00:45 Image size of job updated: 966448
	944  -  MemoryUsage of job (MB)
	966448  -  ResidentSetSize of job (KB)
...
006 (15949295.966.000) 2026-02-16 17:10:46 Image size of job updated: 970584
	944  -  MemoryUsage of job (MB)
	966448  -  ResidentSetSize of job (KB)
...
006 (15949295.966.000) 2026-02-16 17:15:47 Image size of job updated: 970688
	944  -  MemoryUsage of job (MB)
	966448  -  ResidentSetSize of job (KB)
...
004 (15949295.966.000) 2026-02-16 17:16:26 Job was evicted.
	(0) CPU times
		Usr 1 11:07:23, Sys 0 00:15:44  -  Run Remote Usage
		Usr 0 00:00:00, Sys 0 00:00:00  -  Run Local Usage
	0  -  Run Bytes Sent By Job
	0  -  Run Bytes Received By Job
	Partitionable Resources :    Usage  Request Allocated 
	   Cpus                 :     0.99        8         8 
	   Disk (KB)            :     1     1024000   1025681 
	   GPUs                 :                           0 
	   Memory (MB)          :   944       16384     16384 
	   TimeExecute (s)      : 42421                       
	   TimeSlotBusy (s)     : 42422                       
...
009 (15949295.966.000) 2026-02-16 17:16:26 Job was aborted.
	via condor_rm (by user tuccia)
...
000 (16309093.183.000) 2026-02-18 10:41:48 Job submitted from host: <141.34.103.35:9618?addrs=141.34.103.35-9618+[2001-638-700-f067--1-23]-9618&alias=wgs39.zeuthen.desy.de&noUDP&sock=schedd_7302_24a3>
...
001 (16309093.183.000) 2026-02-18 10:42:04 Job executing on host: <141.34.14.71:9618?addrs=141.34.14.71-9618+[2001-638-700-f00e--1-47]-9618&alias=pascal01.zeuthen.desy.de&noUDP&sock=startd_165512_0b35>
	SlotName: slot1_15@pascal01.zeuthen.desy.de
	AvailableGPUs = {  }
	CondorScratchDir = "/batch/dir_3231562"
	Cpus = 1
	Disk = 1025109
	GPUs = 0
	Memory = 5120
...
006 (16309093.183.000) 2026-02-18 10:42:18 Image size of job updated: 107272
	105  -  MemoryUsage of job (MB)
	107272  -  ResidentSetSize of job (KB)
...
006 (16309093.183.000) 2026-02-18 10:47:20 Image size of job updated: 1044016
	580  -  MemoryUsage of job (MB)
	593816  -  ResidentSetSize of job (KB)
...
006 (16309093.183.000) 2026-02-18 11:32:24 Image size of job updated: 1044016
	582  -  MemoryUsage of job (MB)
	595744  -  ResidentSetSize of job (KB)
...
006 (16309093.183.000) 2026-02-18 11:42:25 Image size of job updated: 1044016
	602  -  MemoryUsage of job (MB)
	615536  -  ResidentSetSize of job (KB)
...
006 (16309093.183.000) 2026-02-18 11:47:25 Image size of job updated: 1044016
	602  -  MemoryUsage of job (MB)
	615880  -  ResidentSetSize of job (KB)
...
006 (16309093.183.000) 2026-02-18 12:07:27 Image size of job updated: 1044016
	604  -  MemoryUsage of job (MB)
	617756  -  ResidentSetSize of job (KB)
...
006 (16309093.183.000) 2026-02-18 12:12:27 Image size of job updated: 1044016
	608  -  MemoryUsage of job (MB)
	622384  -  ResidentSetSize of job (KB)
...
006 (16309093.183.000) 2026-02-18 12:17:27 Image size of job updated: 1044016
	608  -  MemoryUsage of job (MB)
	622500  -  ResidentSetSize of job (KB)
...
006 (16309093.183.000) 2026-02-18 12:22:28 Image size of job updated: 1044016
	609  -  MemoryUsage of job (MB)
	622800  -  ResidentSetSize of job (KB)
...
006 (16309093.183.000) 2026-02-18 12:42:31 Image size of job updated: 1044016
	609  -  MemoryUsage of job (MB)
	622864  -  ResidentSetSize of job (KB)
...
006 (16309093.183.000) 2026-02-18 12:47:31 Image size of job updated: 1044016
	609  -  MemoryUsage of job (MB)
	623160  -  ResidentSetSize of job (KB)
...
006 (16309093.183.000) 2026-02-18 13:47:36 Image size of job updated: 1044016
	609  -  MemoryUsage of job (MB)
	623260  -  ResidentSetSize of job (KB)
...
006 (16309093.183.000) 2026-02-18 13:52:36 Image size of job updated: 1044016
	609  -  MemoryUsage of job (MB)
	623296  -  ResidentSetSize of job (KB)
...
006 (16309093.183.000) 2026-02-18 13:57:37 Image size of job updated: 1044016
	609  -  MemoryUsage of job (MB)
	623560  -  ResidentSetSize of job (KB)
...
006 (16309093.183.000) 2026-02-18 14:22:40 Image size of job updated: 1044016
	614  -  MemoryUsage of job (MB)
	628128  -  ResidentSetSize of job (KB)
...
006 (16309093.183.000) 2026-02-18 14:27:41 Image size of job updated: 1044016
	614  -  MemoryUsage of job (MB)
	628184  -  ResidentSetSize of job (KB)
...
006 (16309093.183.000) 2026-02-18 22:03:27 Image size of job updated: 1044016
	614  -  MemoryUsage of job (MB)
	628704  -  ResidentSetSize of job (KB)
...
006 (16309093.183.000) 2026-02-18 22:08:27 Image size of job updated: 1044016
	615  -  MemoryUsage of job (MB)
	628860  -  ResidentSetSize of job (KB)
...
006 (16309093.183.000) 2026-02-18 22:58:31 Image size of job updated: 1044016
	617  -  MemoryUsage of job (MB)
	631208  -  ResidentSetSize of job (KB)
...
006 (16309093.183.000) 2026-02-18 23:03:32 Image size of job updated: 1044016
	617  -  MemoryUsage of job (MB)
	631308  -  ResidentSetSize of job (KB)
...
006 (16309093.183.000) 2026-02-19 00:03:39 Image size of job updated: 1044016
	619  -  MemoryUsage of job (MB)
	632872  -  ResidentSetSize of job (KB)
...
006 (16309093.183.000) 2026-02-19 00:08:40 Image size of job updated: 1044016
	619  -  MemoryUsage of job (MB)
	632968  -  ResidentSetSize of job (KB)
...
006 (16309093.183.000) 2026-02-19 00:43:42 Image size of job updated: 1044016
	619  -  MemoryUsage of job (MB)
	633288  -  ResidentSetSize of job (KB)
...
006 (16309093.183.000) 2026-02-19 00:48:42 Image size of job updated: 1044016
	619  -  MemoryUsage of job (MB)
	633432  -  ResidentSetSize of job (KB)
...
006 (16309093.183.000) 2026-02-19 02:38:53 Image size of job updated: 1044016
	620  -  MemoryUsage of job (MB)
	634248  -  ResidentSetSize of job (KB)
...
006 (16309093.183.000) 2026-02-19 02:43:54 Image size of job updated: 1044016
	620  -  MemoryUsage of job (MB)
	634468  -  ResidentSetSize of job (KB)
...
006 (16309093.183.000) 2026-02-19 12:19:54 Image size of job updated: 1044016
	620  -  MemoryUsage of job (MB)
	634516  -  ResidentSetSize of job (KB)
...
006 (16309093.183.000) 2026-02-19 14:15:06 Image size of job updated: 1044016
	621  -  MemoryUsage of job (MB)
	635316  -  ResidentSetSize of job (KB)
...
006 (16309093.183.000) 2026-02-19 14:20:07 Image size of job updated: 1044016
	621  -  MemoryUsage of job (MB)
	635464  -  ResidentSetSize of job (KB)
...
006 (16309093.183.000) 2026-02-19 14:25:07 Image size of job updated: 1044016
	621  -  MemoryUsage of job (MB)
	635716  -  ResidentSetSize of job (KB)
...
006 (16309093.183.000) 2026-02-19 14:30:07 Image size of job updated: 1044016
	621  -  MemoryUsage of job (MB)
	635784  -  ResidentSetSize of job (KB)
...
006 (16309093.183.000) 2026-02-19 14:40:08 Image size of job updated: 1044016
	621  -  MemoryUsage of job (MB)
	635816  -  ResidentSetSize of job (KB)
...
006 (16309093.183.000) 2026-02-19 14:55:09 Image size of job updated: 1044016
	621  -  MemoryUsage of job (MB)
	635872  -  ResidentSetSize of job (KB)
...
006 (16309093.183.000) 2026-02-19 15:00:09 Image size of job updated: 1044016
	622  -  MemoryUsage of job (MB)
	636032  -  ResidentSetSize of job (KB)
...
006 (16309093.183.000) 2026-02-19 15:15:10 Image size of job updated: 1044016
	622  -  MemoryUsage of job (MB)
	636108  -  ResidentSetSize of job (KB)
...
006 (16309093.183.000) 2026-02-19 16:05:15 Image size of job updated: 1044016
	622  -  MemoryUsage of job (MB)
	636192  -  ResidentSetSize of job (KB)
...
006 (16309093.183.000) 2026-02-19 16:15:16 Image size of job updated: 1044016
	622  -  MemoryUsage of job (MB)
	636220  -  ResidentSetSize of job (KB)
...
006 (16309093.183.000) 2026-02-19 16:20:17 Image size of job updated: 1044016
	622  -  MemoryUsage of job (MB)
	636372  -  ResidentSetSize of job (KB)
...
006 (16309093.183.000) 2026-02-19 16:25:18 Image size of job updated: 1044016
	622  -  MemoryUsage of job (MB)
	636432  -  ResidentSetSize of job (KB)
...
006 (16309093.183.000) 2026-02-19 16:30:18 Image size of job updated: 1044016
	622  -  MemoryUsage of job (MB)
	636524  -  ResidentSetSize of job (KB)
...
006 (16309093.183.000) 2026-02-19 16:55:22 Image size of job updated: 1044016
	622  -  MemoryUsage of job (MB)
	636736  -  ResidentSetSize of job (KB)
...
006 (16309093.183.000) 2026-02-19 17:05:23 Image size of job updated: 1044016
	623  -  MemoryUsage of job (MB)
	637012  -  ResidentSetSize of job (KB)
...
006 (16309093.183.000) 2026-02-19 18:15:30 Image size of job updated: 1044016
	623  -  MemoryUsage of job (MB)
	637084  -  ResidentSetSize of job (KB)
...
006 (16309093.183.000) 2026-02-19 18:50:34 Image size of job updated: 1044016
	623  -  MemoryUsage of job (MB)
	637196  -  ResidentSetSize of job (KB)
...
006 (16309093.183.000) 2026-02-19 19:25:39 Image size of job updated: 1044016
	623  -  MemoryUsage of job (MB)
	637328  -  ResidentSetSize of job (KB)
...
006 (16309093.183.000) 2026-02-19 19:30:40 Image size of job updated: 1044016
	623  -  MemoryUsage of job (MB)
	637420  -  ResidentSetSize of job (KB)
...
006 (16309093.183.000) 2026-02-19 20:40:46 Image size of job updated: 1044016
	623  -  MemoryUsage of job (MB)
	637856  -  ResidentSetSize of job (KB)
...
006 (16309093.183.000) 2026-02-19 20:45:47 Image size of job updated: 1044016
	624  -  MemoryUsage of job (MB)
	638004  -  ResidentSetSize of job (KB)
...
006 (16309093.183.000) 2026-02-19 20:55:47 Image size of job updated: 1044016
	624  -  MemoryUsage of job (MB)
	638072  -  ResidentSetSize of job (KB)
...
006 (16309093.183.000) 2026-02-19 21:20:50 Image size of job updated: 1044016
	649  -  MemoryUsage of job (MB)
	664412  -  ResidentSetSize of job (KB)
...
006 (16309093.183.000) 2026-02-19 21:25:50 Image size of job updated: 1044016
	649  -  MemoryUsage of job (MB)
	664560  -  ResidentSetSize of job (KB)
...
006 (16309093.183.000) 2026-02-19 21:30:51 Image size of job updated: 1044016
	650  -  MemoryUsage of job (MB)
	664644  -  ResidentSetSize of job (KB)
...
006 (16309093.183.000) 2026-02-19 21:55:54 Image size of job updated: 1044016
	652  -  MemoryUsage of job (MB)
	666644  -  ResidentSetSize of job (KB)
...
006 (16309093.183.000) 2026-02-19 22:00:55 Image size of job updated: 1044016
	652  -  MemoryUsage of job (MB)
	666784  -  ResidentSetSize of job (KB)
...
006 (16309093.183.000) 2026-02-19 22:05:56 Image size of job updated: 1044016
	652  -  MemoryUsage of job (MB)
	666924  -  ResidentSetSize of job (KB)
...
006 (16309093.183.000) 2026-02-19 23:21:03 Image size of job updated: 1044016
	652  -  MemoryUsage of job (MB)
	667044  -  ResidentSetSize of job (KB)
...
006 (16309093.183.000) 2026-02-19 23:56:05 Image size of job updated: 1044016
	652  -  MemoryUsage of job (MB)
	667184  -  ResidentSetSize of job (KB)
...
006 (16309093.183.000) 2026-02-20 00:36:08 Image size of job updated: 1044016
	652  -  MemoryUsage of job (MB)
	667340  -  ResidentSetSize of job (KB)
...
006 (16309093.183.000) 2026-02-20 00:41:08 Image size of job updated: 1044016
	652  -  MemoryUsage of job (MB)
	667412  -  ResidentSetSize of job (KB)
...
022 (16309093.183.000) 2026-02-20 03:44:36 Job disconnected, attempting to reconnect
    Local schedd and job shadow died, schedd now running again
    Trying to reconnect to slot1_15@pascal01.zeuthen.desy.de <141.34.14.71:9618?addrs=141.34.14.71-9618+[2001-638-700-f00e--1-47]-9618&alias=pascal01.zeuthen.desy.de&noUDP&sock=startd_165512_0b35>
...
023 (16309093.183.000) 2026-02-20 03:44:44 Job reconnected to slot1_15@pascal01.zeuthen.desy.de
    startd address: <141.34.14.71:9618?addrs=141.34.14.71-9618+[2001-638-700-f00e--1-47]-9618&alias=pascal01.zeuthen.desy.de&noUDP&sock=startd_165512_0b35>
    starter address: <141.34.14.71:9618?addrs=141.34.14.71-9618+[2001-638-700-f00e--1-47]-9618&alias=pascal01.zeuthen.desy.de&noUDP&sock=slot1_15_165555_3965_16417>
...
021 (16309093.183.000) 2026-02-20 10:42:06 Error from starter on slot1_15@pascal01.zeuthen.desy.de:
	runtime exceeded maximum (target.Runtime seconds)
	Code 21 Subcode 103
...
004 (16309093.183.000) 2026-02-20 10:42:06 Job was evicted.
	(0) CPU times
		Usr 1 23:43:01, Sys 0 00:00:25  -  Run Remote Usage
		Usr 0 00:00:00, Sys 0 00:00:00  -  Run Local Usage
	0  -  Run Bytes Sent By Job
	0  -  Run Bytes Received By Job
	Error from slot1_15@pascal01.zeuthen.desy.de: runtime exceeded maximum (target.Runtime seconds)
	Partitionable Resources :         Usage  Request Allocated 
	   Cpus                 :          1.00        1         1 
	   Disk (KB)            :          1     1024000   1025109 
	   Memory (MB)          :        733        5120      5120 
	   TimeSlotBusy (s)     : 1771580526                       
...
012 (16309093.183.000) 2026-02-20 10:42:06 Job was held.
	Error from slot1_15@pascal01.zeuthen.desy.de: runtime exceeded maximum (target.Runtime seconds)
	Code 21 Subcode 103
...
009 (16309093.183.000) 2026-02-23 19:28:58 Job was aborted.
	via condor_rm (by user tuccia)
...
000 (16619873.183.000) 2026-02-23 19:31:49 Job submitted from host: <141.34.103.35:9618?addrs=141.34.103.35-9618+[2001-638-700-f067--1-23]-9618&alias=wgs39.zeuthen.desy.de&noUDP&sock=schedd_7302_24a3>
...
001 (16619873.183.000) 2026-02-23 19:31:50 Job executing on host: <141.34.15.51:9618?addrs=141.34.15.51-9618+[2001-638-700-f00f--1-33]-9618&alias=pizza22.zeuthen.desy.de&noUDP&sock=startd_9161_4332>
	SlotName: slot1_11@pizza22.zeuthen.desy.de
	CondorScratchDir = "/batch/dir_489174"
	Cpus = 1
	Disk = 1025696
	GPUs = 0
	Memory = 5120
...
006 (16619873.183.000) 2026-02-23 19:32:04 Image size of job updated: 109428
	107  -  MemoryUsage of job (MB)
	109428  -  ResidentSetSize of job (KB)
...
006 (16619873.183.000) 2026-02-23 19:37:05 Image size of job updated: 660156
	583  -  MemoryUsage of job (MB)
	596880  -  ResidentSetSize of job (KB)
...
006 (16619873.183.000) 2026-02-23 19:52:07 Image size of job updated: 660156
	600  -  MemoryUsage of job (MB)
	614128  -  ResidentSetSize of job (KB)
...
006 (16619873.183.000) 2026-02-23 19:57:08 Image size of job updated: 660156
	601  -  MemoryUsage of job (MB)
	614668  -  ResidentSetSize of job (KB)
...
006 (16619873.183.000) 2026-02-23 20:17:10 Image size of job updated: 660156
	603  -  MemoryUsage of job (MB)
	617416  -  ResidentSetSize of job (KB)
...
006 (16619873.183.000) 2026-02-23 21:07:14 Image size of job updated: 660156
	608  -  MemoryUsage of job (MB)
	622408  -  ResidentSetSize of job (KB)
...
006 (16619873.183.000) 2026-02-23 23:27:29 Image size of job updated: 660156
	617  -  MemoryUsage of job (MB)
	631772  -  ResidentSetSize of job (KB)
...
006 (16619873.183.000) 2026-02-23 23:32:29 Image size of job updated: 660156
	618  -  MemoryUsage of job (MB)
	631976  -  ResidentSetSize of job (KB)
...
006 (16619873.183.000) 2026-02-23 23:37:30 Image size of job updated: 660156
	618  -  MemoryUsage of job (MB)
	632008  -  ResidentSetSize of job (KB)
...
006 (16619873.183.000) 2026-02-24 01:27:42 Image size of job updated: 660156
	619  -  MemoryUsage of job (MB)
	632864  -  ResidentSetSize of job (KB)
...
006 (16619873.183.000) 2026-02-24 01:32:43 Image size of job updated: 660156
	619  -  MemoryUsage of job (MB)
	633196  -  ResidentSetSize of job (KB)
...
006 (16619873.183.000) 2026-02-24 01:47:45 Image size of job updated: 660156
	625  -  MemoryUsage of job (MB)
	639032  -  ResidentSetSize of job (KB)
...
006 (16619873.183.000) 2026-02-24 01:52:45 Image size of job updated: 660156
	625  -  MemoryUsage of job (MB)
	639220  -  ResidentSetSize of job (KB)
...
006 (16619873.183.000) 2026-02-24 01:57:45 Image size of job updated: 660156
	625  -  MemoryUsage of job (MB)
	639264  -  ResidentSetSize of job (KB)
...
006 (16619873.183.000) 2026-02-24 05:03:04 Image size of job updated: 660156
	629  -  MemoryUsage of job (MB)
	643824  -  ResidentSetSize of job (KB)
...
006 (16619873.183.000) 2026-02-24 05:08:04 Image size of job updated: 660156
	629  -  MemoryUsage of job (MB)
	644052  -  ResidentSetSize of job (KB)
...
022 (16619873.183.000) 2026-02-24 08:04:13 Job disconnected, attempting to reconnect
    Local schedd and job shadow died, schedd now running again
    Trying to reconnect to slot1_11@pizza22.zeuthen.desy.de <141.34.15.51:9618?addrs=141.34.15.51-9618+[2001-638-700-f00f--1-33]-9618&alias=pizza22.zeuthen.desy.de&noUDP&sock=startd_9161_4332>
...
023 (16619873.183.000) 2026-02-24 08:04:23 Job reconnected to slot1_11@pizza22.zeuthen.desy.de
    startd address: <141.34.15.51:9618?addrs=141.34.15.51-9618+[2001-638-700-f00f--1-33]-9618&alias=pizza22.zeuthen.desy.de&noUDP&sock=startd_9161_4332>
    starter address: <141.34.15.51:9618?addrs=141.34.15.51-9618+[2001-638-700-f00f--1-33]-9618&alias=pizza22.zeuthen.desy.de&noUDP&sock=slot1_11_9707_35a4_2330>
...
005 (16619873.183.000) 2026-02-27 20:00:08 Job terminated.
	(1) Normal termination (return value 0)
		Usr 3 23:35:53, Sys 0 00:00:25  -  Run Remote Usage
		Usr 0 00:00:00, Sys 0 00:00:00  -  Run Local Usage
		Usr 4 11:42:21, Sys 0 00:00:28  -  Total Remote Usage
		Usr 0 00:00:00, Sys 0 00:00:00  -  Total Local Usage
	0  -  Run Bytes Sent By Job
	0  -  Run Bytes Received By Job
	0  -  Total Bytes Sent By Job
	0  -  Total Bytes Received By Job
	Partitionable Resources :         Usage  Request Allocated 
	   Cpus                 :          0.99        1         1 
	   Disk (KB)            :          1     1024000   1025696 
	   Memory (MB)          :        733        5120      5120 
	   TimeExecute (s)      : 1772218808                       
	   TimeSlotBusy (s)     : 1772218808                       

	Job terminated of its own accord at 2026-02-27T19:00:08Z with exit-code 0.
...
