~~~~~~~~~~~~~~~~~~~~~~~~~~~~~~

n_qubits: 150, 
r: 2, 
alpha: 0.01, 
shots: 10000, 
ansatz: structure_like_qubo_YZ_2, 
layer: 1, 
tau: 0.3

time for simulated annealing:  404.01088881492615
Rank 1: Bitstring=001001011001111000011000100010101010010110101010011001110100100010011101011000110010100010000110101010100110111111010010111100000000010111110111000000, Decimal=209724916148326467578324592125829337571229120, Energy=-126.9125
Rank 2: Bitstring=001001010001111000011000100010101010010110001010011001110100100010011111011000110010100010000110101010100110111111010010101100000000010111010011000000, Decimal=206937322998347880409407876888164028691608768, Energy=-126.8815
Rank 3: Bitstring=001001010001111000011000100010101010010110001010011001110100100010011101011000110010100010000110101010100110111111010010101100000000010111110111000000, Decimal=206937322998347880408803413978356714104257984, Energy=-126.8653
Rank 4: Bitstring=001001011001111000011010100010101011010110101010011001110100100010011101011000110010100010000111101010000110111111010010111101000100010111110111000000, Decimal=209725086310279115481695634345128699811167680, Energy=-126.7713
Rank 5: Bitstring=001001011001111000011000100010101010010110101010011001110100100010011101010000110010100010000110101010100110111111010011111100000000011111110111000000, Decimal=209724916148326467578286813193966381483294144, Energy=-126.6687
Rank 6: Bitstring=001001010001111000011000100010101011010110001010011001110100100010011111011000110010100010000111101010000110111111010010101101000100010111010011000000, Decimal=206937323019117067843547187420159675047441600, Energy=-126.6469
Rank 7: Bitstring=001001011001111001011000101010101010010110100010011001110100100010011101011000110010100010000110101010100110111111010010111100000000010111110111000000, Decimal=209730371299980604053859686009156833602796992, Energy=-126.6415
Rank 8: Bitstring=001001010001111000011000100010101010010110001010011001110100100010011111010000110010100010000110101010100110111111010011101100000000011111010011000000, Decimal=206937322998347880409370097956301072603673792, Energy=-126.6377
Rank 9: Bitstring=001001010001111000011000100010101011010110001010011001110100100010011101011000110010100010000111101010000110111111010010101101000100010111110111000000, Decimal=206937323019117067842942724510352360460090816, Energy=-126.6307
Rank 10: Bitstring=001001010001111000011000100010101010010110001010011001110100100010011101010000110010100010000110101010100110111111010011101100000000011111110111000000, Decimal=206937322998347880408765635046493758016323008, Energy=-126.6215

E_min from simulated annealing:  -126.9125
Minimum energy: -126.9125
States with energy within 1e-08 of minimum: [209724916148326467578324592125829337571229120]


################## Start optimization with initial parameters: [0. 0. 0. 0. 0. 0. 0. 0. 0. 0. 0. 0. 0. 0. 0. 0. 0. 0. 0. 0. 0. 0. 0. 0.
 0. 0. 0. 0. 0. 0. 0. 0. 0. 0. 0. 0. 0. 0. 0. 0. 0. 0. 0. 0. 0. 0. 0. 0.
 0. 0. 0. 0. 0. 0. 0. 0. 0. 0. 0. 0. 0. 0. 0. 0. 0. 0. 0. 0. 0. 0. 0. 0.
 0. 0. 0. 0. 0. 0. 0. 0. 0. 0. 0. 0. 0. 0. 0. 0. 0. 0. 0. 0. 0. 0. 0. 0.
 0. 0. 0. 0. 0. 0. 0. 0. 0. 0. 0. 0. 0. 0. 0. 0. 0. 0. 0. 0. 0. 0. 0. 0.
 0. 0. 0. 0. 0. 0. 0. 0. 0. 0. 0. 0. 0. 0. 0. 0. 0. 0. 0. 0. 0. 0. 0. 0.
 0. 0. 0. 0. 0. 0. 0. 0. 0. 0. 0. 0. 0. 0. 0. 0. 0. 0. 0. 0. 0. 0. 0. 0.
 0. 0. 0. 0. 0. 0. 0. 0. 0. 0. 0. 0. 0. 0. 0. 0. 0. 0. 0. 0. 0. 0. 0. 0.
 0. 0. 0. 0. 0. 0. 0. 0. 0. 0. 0. 0. 0. 0. 0. 0. 0. 0. 0. 0. 0. 0. 0. 0.
 0. 0. 0. 0. 0. 0. 0. 0. 0. 0. 0. 0. 0. 0. 0. 0. 0. 0. 0. 0. 0. 0. 0. 0.
 0. 0. 0. 0. 0. 0. 0. 0. 0. 0. 0. 0. 0. 0. 0. 0. 0. 0. 0. 0. 0. 0. 0. 0.
 0. 0. 0. 0. 0. 0. 0. 0. 0. 0. 0. 0. 0. 0. 0. 0. 0. 0. 0. 0. 0. 0. 0. 0.
 0. 0. 0. 0. 0. 0. 0. 0. 0. 0. 0. 0. 0. 0. 0. 0. 0. 0. 0. 0. 0. 0. 0. 0.
 0. 0. 0. 0. 0. 0. 0. 0. 0. 0. 0. 0. 0. 0. 0. 0. 0. 0. 0. 0. 0. 0. 0. 0.
 0. 0. 0. 0. 0. 0. 0. 0. 0. 0. 0. 0. 0. 0. 0. 0. 0. 0. 0. 0. 0. 0. 0. 0.
 0. 0. 0. 0. 0. 0. 0. 0. 0. 0. 0. 0. 0. 0. 0. 0. 0. 0. 0. 0. 0. 0. 0. 0.
 0. 0. 0. 0. 0. 0. 0. 0. 0. 0. 0. 0. 0. 0. 0. 0. 0. 0. 0. 0. 0. 0. 0. 0.
 0. 0. 0. 0. 0. 0. 0. 0. 0. 0. 0. 0. 0. 0. 0. 0. 0. 0. 0. 0. 0. 0. 0. 0.
 0. 0. 0. 0. 0. 0. 0. 0. 0. 0. 0. 0. 0. 0. 0. 0. 0. 0. 0. 0. 0. 0. 0. 0.
 0. 0. 0. 0. 0. 0. 0. 0. 0. 0. 0. 0. 0. 0. 0. 0. 0. 0. 0. 0. 0. 0. 0. 0.
 0. 0. 0. 0. 0. 0. 0. 0. 0. 0. 0. 0. 0. 0. 0. 0. 0. 0. 0. 0. 0. 0. 0. 0.
 0. 0. 0. 0. 0. 0. 0. 0. 0. 0. 0. 0. 0. 0. 0. 0. 0. 0. 0. 0. 0. 0. 0. 0.
 0. 0. 0. 0. 0. 0. 0. 0. 0. 0. 0. 0. 0. 0. 0. 0. 0. 0. 0. 0. 0. 0. 0. 0.
 0. 0. 0. 0. 0. 0. 0. 0. 0. 0. 0. 0. 0. 0. 0. 0. 0. 0. 0. 0. 0. 0. 0. 0.
 0. 0. 0. 0. 0. 0. 0. 0. 0. 0. 0. 0. 0. 0. 0. 0. 0. 0. 0. 0. 0. 0. 0. 0.]
Intermediate results saved at iteration 100
Intermediate results saved at iteration 200
Intermediate results saved at iteration 300
Intermediate results saved at iteration 400
Intermediate results saved at iteration 500
Intermediate results saved at iteration 600
Intermediate results saved at iteration 700
Intermediate results saved at iteration 800
Intermediate results saved at iteration 900
Intermediate results saved at iteration 1000
Intermediate results saved at iteration 1000
Write sucessfully to ./data/data_shots_10000_layer_1/alpha_0.01/N_150/r_2/ansatz_type_structure_like_qubo_YZ_2/initialization_zeros

vqe.cvar_eval[0]: -29.070844000000026 , min_cvar: -68.09554800000001 , opt_cvar: -68.09554800000001

vqe.poss_eval[-1]: 0 vqe.poss_eval[0] 0  , max_poss: 0 , opt_poss: 0

vqe.r_eval[-1]: 0.5296793932827736 vqe.r_eval[0]: 0.22906210184182035 max_r: 0.5365550911060771 , min_r: 0.20894929971437023
