000 (15756407.1360.000) 2026-02-06 11:26:14 Job submitted from host: <141.34.103.35:9618?addrs=141.34.103.35-9618+[2001-638-700-f067--1-23]-9618&alias=wgs39.zeuthen.desy.de&noUDP&sock=schedd_7414_f73f>
...
009 (15756407.1360.000) 2026-02-10 11:42:45 Job was aborted.
	via condor_rm (by user tuccia)
...
000 (15949294.907.000) 2026-02-10 11:45:21 Job submitted from host: <141.34.103.35:9618?addrs=141.34.103.35-9618+[2001-638-700-f067--1-23]-9618&alias=wgs39.zeuthen.desy.de&noUDP&sock=schedd_7302_24a3>
...
009 (15949294.907.000) 2026-02-10 11:45:47 Job was aborted.
	via condor_rm (by user tuccia)
...
000 (15949295.907.000) 2026-02-10 11:46:05 Job submitted from host: <141.34.103.35:9618?addrs=141.34.103.35-9618+[2001-638-700-f067--1-23]-9618&alias=wgs39.zeuthen.desy.de&noUDP&sock=schedd_7302_24a3>
...
001 (15949295.907.000) 2026-02-16 04:01:13 Job executing on host: <141.34.15.202:9618?addrs=141.34.15.202-9618+[2001-638-700-f00f--1-ca]-9618&alias=pizza04.zeuthen.desy.de&noUDP&sock=startd_9156_d539>
	SlotName: slot1_3@pizza04.zeuthen.desy.de
	CondorScratchDir = "/batch/dir_2076058"
	Cpus = 8
	Disk = 1025696
	GPUs = 0
	Memory = 16384
...
006 (15949295.907.000) 2026-02-16 04:01:27 Image size of job updated: 109400
	107  -  MemoryUsage of job (MB)
	109400  -  ResidentSetSize of job (KB)
...
006 (15949295.907.000) 2026-02-16 04:06:27 Image size of job updated: 882324
	726  -  MemoryUsage of job (MB)
	742824  -  ResidentSetSize of job (KB)
...
006 (15949295.907.000) 2026-02-16 04:16:28 Image size of job updated: 882324
	730  -  MemoryUsage of job (MB)
	746884  -  ResidentSetSize of job (KB)
...
006 (15949295.907.000) 2026-02-16 04:26:28 Image size of job updated: 882324
	730  -  MemoryUsage of job (MB)
	747512  -  ResidentSetSize of job (KB)
...
006 (15949295.907.000) 2026-02-16 05:11:31 Image size of job updated: 882324
	732  -  MemoryUsage of job (MB)
	749088  -  ResidentSetSize of job (KB)
...
006 (15949295.907.000) 2026-02-16 05:16:32 Image size of job updated: 882324
	734  -  MemoryUsage of job (MB)
	751004  -  ResidentSetSize of job (KB)
...
006 (15949295.907.000) 2026-02-16 05:21:33 Image size of job updated: 882324
	745  -  MemoryUsage of job (MB)
	761952  -  ResidentSetSize of job (KB)
...
006 (15949295.907.000) 2026-02-16 05:36:35 Image size of job updated: 882324
	745  -  MemoryUsage of job (MB)
	762312  -  ResidentSetSize of job (KB)
...
006 (15949295.907.000) 2026-02-16 06:11:38 Image size of job updated: 882324
	746  -  MemoryUsage of job (MB)
	763904  -  ResidentSetSize of job (KB)
...
006 (15949295.907.000) 2026-02-16 06:16:39 Image size of job updated: 882324
	747  -  MemoryUsage of job (MB)
	763908  -  ResidentSetSize of job (KB)
...
006 (15949295.907.000) 2026-02-16 07:46:45 Image size of job updated: 882324
	784  -  MemoryUsage of job (MB)
	802412  -  ResidentSetSize of job (KB)
...
006 (15949295.907.000) 2026-02-16 07:51:45 Image size of job updated: 882324
	784  -  MemoryUsage of job (MB)
	802764  -  ResidentSetSize of job (KB)
...
006 (15949295.907.000) 2026-02-16 07:56:45 Image size of job updated: 882324
	785  -  MemoryUsage of job (MB)
	803288  -  ResidentSetSize of job (KB)
...
006 (15949295.907.000) 2026-02-16 08:01:47 Image size of job updated: 882324
	785  -  MemoryUsage of job (MB)
	803496  -  ResidentSetSize of job (KB)
...
006 (15949295.907.000) 2026-02-16 08:06:47 Image size of job updated: 882324
	820  -  MemoryUsage of job (MB)
	838712  -  ResidentSetSize of job (KB)
...
006 (15949295.907.000) 2026-02-16 08:11:47 Image size of job updated: 882324
	820  -  MemoryUsage of job (MB)
	839584  -  ResidentSetSize of job (KB)
...
006 (15949295.907.000) 2026-02-16 08:16:48 Image size of job updated: 882324
	821  -  MemoryUsage of job (MB)
	840092  -  ResidentSetSize of job (KB)
...
006 (15949295.907.000) 2026-02-16 08:31:49 Image size of job updated: 882324
	821  -  MemoryUsage of job (MB)
	840612  -  ResidentSetSize of job (KB)
...
006 (15949295.907.000) 2026-02-16 08:36:49 Image size of job updated: 882324
	825  -  MemoryUsage of job (MB)
	844204  -  ResidentSetSize of job (KB)
...
006 (15949295.907.000) 2026-02-16 08:41:49 Image size of job updated: 882324
	826  -  MemoryUsage of job (MB)
	845628  -  ResidentSetSize of job (KB)
...
006 (15949295.907.000) 2026-02-16 08:51:50 Image size of job updated: 882324
	831  -  MemoryUsage of job (MB)
	850324  -  ResidentSetSize of job (KB)
...
006 (15949295.907.000) 2026-02-16 08:56:50 Image size of job updated: 882324
	832  -  MemoryUsage of job (MB)
	851236  -  ResidentSetSize of job (KB)
...
006 (15949295.907.000) 2026-02-16 09:01:51 Image size of job updated: 882324
	832  -  MemoryUsage of job (MB)
	851356  -  ResidentSetSize of job (KB)
...
006 (15949295.907.000) 2026-02-16 09:06:51 Image size of job updated: 882324
	832  -  MemoryUsage of job (MB)
	851628  -  ResidentSetSize of job (KB)
...
006 (15949295.907.000) 2026-02-16 09:11:51 Image size of job updated: 882324
	832  -  MemoryUsage of job (MB)
	851880  -  ResidentSetSize of job (KB)
...
006 (15949295.907.000) 2026-02-16 09:16:52 Image size of job updated: 882324
	833  -  MemoryUsage of job (MB)
	852136  -  ResidentSetSize of job (KB)
...
006 (15949295.907.000) 2026-02-16 09:21:52 Image size of job updated: 882324
	833  -  MemoryUsage of job (MB)
	852392  -  ResidentSetSize of job (KB)
...
006 (15949295.907.000) 2026-02-16 09:36:53 Image size of job updated: 882324
	833  -  MemoryUsage of job (MB)
	852904  -  ResidentSetSize of job (KB)
...
006 (15949295.907.000) 2026-02-16 09:46:54 Image size of job updated: 888772
	868  -  MemoryUsage of job (MB)
	888772  -  ResidentSetSize of job (KB)
...
006 (15949295.907.000) 2026-02-16 09:51:54 Image size of job updated: 889580
	869  -  MemoryUsage of job (MB)
	889580  -  ResidentSetSize of job (KB)
...
006 (15949295.907.000) 2026-02-16 09:56:55 Image size of job updated: 889836
	869  -  MemoryUsage of job (MB)
	889836  -  ResidentSetSize of job (KB)
...
006 (15949295.907.000) 2026-02-16 10:01:56 Image size of job updated: 890092
	869  -  MemoryUsage of job (MB)
	889836  -  ResidentSetSize of job (KB)
...
006 (15949295.907.000) 2026-02-16 10:06:56 Image size of job updated: 890156
	870  -  MemoryUsage of job (MB)
	890156  -  ResidentSetSize of job (KB)
...
006 (15949295.907.000) 2026-02-16 10:11:57 Image size of job updated: 890388
	870  -  MemoryUsage of job (MB)
	890388  -  ResidentSetSize of job (KB)
...
006 (15949295.907.000) 2026-02-16 10:16:58 Image size of job updated: 890604
	870  -  MemoryUsage of job (MB)
	890388  -  ResidentSetSize of job (KB)
...
006 (15949295.907.000) 2026-02-16 11:22:06 Image size of job updated: 898668
	878  -  MemoryUsage of job (MB)
	898668  -  ResidentSetSize of job (KB)
...
006 (15949295.907.000) 2026-02-16 11:27:07 Image size of job updated: 899128
	879  -  MemoryUsage of job (MB)
	899128  -  ResidentSetSize of job (KB)
...
006 (15949295.907.000) 2026-02-16 11:32:08 Image size of job updated: 899236
	879  -  MemoryUsage of job (MB)
	899236  -  ResidentSetSize of job (KB)
...
006 (15949295.907.000) 2026-02-16 11:52:10 Image size of job updated: 961868
	940  -  MemoryUsage of job (MB)
	961868  -  ResidentSetSize of job (KB)
...
006 (15949295.907.000) 2026-02-16 11:57:11 Image size of job updated: 962208
	940  -  MemoryUsage of job (MB)
	962208  -  ResidentSetSize of job (KB)
...
006 (15949295.907.000) 2026-02-16 12:02:12 Image size of job updated: 962284
	940  -  MemoryUsage of job (MB)
	962284  -  ResidentSetSize of job (KB)
...
006 (15949295.907.000) 2026-02-16 14:17:25 Image size of job updated: 962300
	940  -  MemoryUsage of job (MB)
	962300  -  ResidentSetSize of job (KB)
...
006 (15949295.907.000) 2026-02-16 14:22:25 Image size of job updated: 962540
	940  -  MemoryUsage of job (MB)
	962540  -  ResidentSetSize of job (KB)
...
006 (15949295.907.000) 2026-02-16 14:42:26 Image size of job updated: 962608
	941  -  MemoryUsage of job (MB)
	962608  -  ResidentSetSize of job (KB)
...
006 (15949295.907.000) 2026-02-16 14:52:27 Image size of job updated: 962796
	941  -  MemoryUsage of job (MB)
	962796  -  ResidentSetSize of job (KB)
...
006 (15949295.907.000) 2026-02-16 14:57:27 Image size of job updated: 962836
	941  -  MemoryUsage of job (MB)
	962836  -  ResidentSetSize of job (KB)
...
006 (15949295.907.000) 2026-02-16 15:02:28 Image size of job updated: 963052
	941  -  MemoryUsage of job (MB)
	963052  -  ResidentSetSize of job (KB)
...
006 (15949295.907.000) 2026-02-16 16:42:38 Image size of job updated: 963124
	941  -  MemoryUsage of job (MB)
	963124  -  ResidentSetSize of job (KB)
...
006 (15949295.907.000) 2026-02-16 16:52:39 Image size of job updated: 963308
	941  -  MemoryUsage of job (MB)
	963308  -  ResidentSetSize of job (KB)
...
006 (15949295.907.000) 2026-02-16 17:02:40 Image size of job updated: 963332
	941  -  MemoryUsage of job (MB)
	963332  -  ResidentSetSize of job (KB)
...
006 (15949295.907.000) 2026-02-16 17:07:41 Image size of job updated: 963564
	941  -  MemoryUsage of job (MB)
	963564  -  ResidentSetSize of job (KB)
...
004 (15949295.907.000) 2026-02-16 17:16:24 Job was evicted.
	(0) CPU times
		Usr 2 20:15:40, Sys 0 07:48:19  -  Run Remote Usage
		Usr 0 00:00:00, Sys 0 00:00:00  -  Run Local Usage
	0  -  Run Bytes Sent By Job
	0  -  Run Bytes Received By Job
	Partitionable Resources :    Usage  Request Allocated 
	   Cpus                 :     7.93        8         8 
	   Disk (KB)            :     1     1024000   1025696 
	   GPUs                 :                           0 
	   Memory (MB)          :   941       16384     16384 
	   TimeExecute (s)      : 47710                       
	   TimeSlotBusy (s)     : 47711                       
...
009 (15949295.907.000) 2026-02-16 17:16:24 Job was aborted.
	via condor_rm (by user tuccia)
...
