000 (15756407.1207.000) 2026-02-06 11:26:13 Job submitted from host: <141.34.103.35:9618?addrs=141.34.103.35-9618+[2001-638-700-f067--1-23]-9618&alias=wgs39.zeuthen.desy.de&noUDP&sock=schedd_7414_f73f>
...
009 (15756407.1207.000) 2026-02-10 11:42:44 Job was aborted.
	via condor_rm (by user tuccia)
...
000 (15949294.805.000) 2026-02-10 11:45:21 Job submitted from host: <141.34.103.35:9618?addrs=141.34.103.35-9618+[2001-638-700-f067--1-23]-9618&alias=wgs39.zeuthen.desy.de&noUDP&sock=schedd_7302_24a3>
...
009 (15949294.805.000) 2026-02-10 11:45:47 Job was aborted.
	via condor_rm (by user tuccia)
...
000 (15949295.805.000) 2026-02-10 11:46:05 Job submitted from host: <141.34.103.35:9618?addrs=141.34.103.35-9618+[2001-638-700-f067--1-23]-9618&alias=wgs39.zeuthen.desy.de&noUDP&sock=schedd_7302_24a3>
...
001 (15949295.805.000) 2026-02-14 12:25:13 Job executing on host: <141.34.15.49:9618?addrs=141.34.15.49-9618+[2001-638-700-f00f--1-31]-9618&alias=pizza20.zeuthen.desy.de&noUDP&sock=startd_9146_f947>
	SlotName: slot1_7@pizza20.zeuthen.desy.de
	CondorScratchDir = "/batch/dir_453070"
	Cpus = 8
	Disk = 1025696
	GPUs = 0
	Memory = 16384
...
006 (15949295.805.000) 2026-02-14 12:25:26 Image size of job updated: 109420
	107  -  MemoryUsage of job (MB)
	109420  -  ResidentSetSize of job (KB)
...
006 (15949295.805.000) 2026-02-14 12:30:26 Image size of job updated: 742800
	722  -  MemoryUsage of job (MB)
	738704  -  ResidentSetSize of job (KB)
...
006 (15949295.805.000) 2026-02-14 12:35:26 Image size of job updated: 744948
	725  -  MemoryUsage of job (MB)
	742308  -  ResidentSetSize of job (KB)
...
006 (15949295.805.000) 2026-02-14 12:40:27 Image size of job updated: 745900
	725  -  MemoryUsage of job (MB)
	742308  -  ResidentSetSize of job (KB)
...
006 (15949295.805.000) 2026-02-14 12:45:27 Image size of job updated: 747312
	729  -  MemoryUsage of job (MB)
	745552  -  ResidentSetSize of job (KB)
...
006 (15949295.805.000) 2026-02-14 12:50:27 Image size of job updated: 748228
	729  -  MemoryUsage of job (MB)
	745556  -  ResidentSetSize of job (KB)
...
006 (15949295.805.000) 2026-02-14 12:55:28 Image size of job updated: 748596
	729  -  MemoryUsage of job (MB)
	745556  -  ResidentSetSize of job (KB)
...
006 (15949295.805.000) 2026-02-14 13:15:29 Image size of job updated: 749052
	729  -  MemoryUsage of job (MB)
	745556  -  ResidentSetSize of job (KB)
...
006 (15949295.805.000) 2026-02-14 13:20:29 Image size of job updated: 764400
	732  -  MemoryUsage of job (MB)
	749212  -  ResidentSetSize of job (KB)
...
006 (15949295.805.000) 2026-02-14 13:25:30 Image size of job updated: 765020
	737  -  MemoryUsage of job (MB)
	753944  -  ResidentSetSize of job (KB)
...
006 (15949295.805.000) 2026-02-14 13:35:30 Image size of job updated: 765020
	743  -  MemoryUsage of job (MB)
	759984  -  ResidentSetSize of job (KB)
...
006 (15949295.805.000) 2026-02-14 13:40:31 Image size of job updated: 765020
	743  -  MemoryUsage of job (MB)
	759988  -  ResidentSetSize of job (KB)
...
006 (15949295.805.000) 2026-02-14 13:50:31 Image size of job updated: 765020
	743  -  MemoryUsage of job (MB)
	760196  -  ResidentSetSize of job (KB)
...
006 (15949295.805.000) 2026-02-14 14:00:32 Image size of job updated: 765020
	743  -  MemoryUsage of job (MB)
	760736  -  ResidentSetSize of job (KB)
...
006 (15949295.805.000) 2026-02-14 14:10:33 Image size of job updated: 765020
	747  -  MemoryUsage of job (MB)
	764096  -  ResidentSetSize of job (KB)
...
006 (15949295.805.000) 2026-02-14 14:15:33 Image size of job updated: 765392
	747  -  MemoryUsage of job (MB)
	764096  -  ResidentSetSize of job (KB)
...
006 (15949295.805.000) 2026-02-14 15:00:36 Image size of job updated: 765392
	747  -  MemoryUsage of job (MB)
	764856  -  ResidentSetSize of job (KB)
...
006 (15949295.805.000) 2026-02-14 15:05:37 Image size of job updated: 765620
	747  -  MemoryUsage of job (MB)
	764856  -  ResidentSetSize of job (KB)
...
006 (15949295.805.000) 2026-02-14 15:50:43 Image size of job updated: 765620
	748  -  MemoryUsage of job (MB)
	765312  -  ResidentSetSize of job (KB)
...
006 (15949295.805.000) 2026-02-14 15:55:44 Image size of job updated: 765836
	748  -  MemoryUsage of job (MB)
	765836  -  ResidentSetSize of job (KB)
...
006 (15949295.805.000) 2026-02-14 16:00:44 Image size of job updated: 766360
	748  -  MemoryUsage of job (MB)
	765836  -  ResidentSetSize of job (KB)
...
006 (15949295.805.000) 2026-02-14 16:10:46 Image size of job updated: 766360
	748  -  MemoryUsage of job (MB)
	765952  -  ResidentSetSize of job (KB)
...
006 (15949295.805.000) 2026-02-14 16:25:47 Image size of job updated: 766360
	749  -  MemoryUsage of job (MB)
	766012  -  ResidentSetSize of job (KB)
...
006 (15949295.805.000) 2026-02-14 16:30:47 Image size of job updated: 766360
	749  -  MemoryUsage of job (MB)
	766024  -  ResidentSetSize of job (KB)
...
006 (15949295.805.000) 2026-02-14 16:35:48 Image size of job updated: 766360
	749  -  MemoryUsage of job (MB)
	766028  -  ResidentSetSize of job (KB)
...
006 (15949295.805.000) 2026-02-14 16:40:48 Image size of job updated: 766360
	749  -  MemoryUsage of job (MB)
	766032  -  ResidentSetSize of job (KB)
...
006 (15949295.805.000) 2026-02-14 17:00:49 Image size of job updated: 766360
	749  -  MemoryUsage of job (MB)
	766288  -  ResidentSetSize of job (KB)
...
006 (15949295.805.000) 2026-02-14 17:05:50 Image size of job updated: 766800
	749  -  MemoryUsage of job (MB)
	766800  -  ResidentSetSize of job (KB)
...
006 (15949295.805.000) 2026-02-14 17:15:51 Image size of job updated: 767544
	750  -  MemoryUsage of job (MB)
	767544  -  ResidentSetSize of job (KB)
...
006 (15949295.805.000) 2026-02-14 17:20:52 Image size of job updated: 768144
	750  -  MemoryUsage of job (MB)
	767976  -  ResidentSetSize of job (KB)
...
006 (15949295.805.000) 2026-02-14 17:25:52 Image size of job updated: 768424
	751  -  MemoryUsage of job (MB)
	768424  -  ResidentSetSize of job (KB)
...
006 (15949295.805.000) 2026-02-14 17:30:53 Image size of job updated: 768884
	751  -  MemoryUsage of job (MB)
	768884  -  ResidentSetSize of job (KB)
...
006 (15949295.805.000) 2026-02-14 17:35:54 Image size of job updated: 769192
	751  -  MemoryUsage of job (MB)
	768884  -  ResidentSetSize of job (KB)
...
006 (15949295.805.000) 2026-02-14 17:45:55 Image size of job updated: 774512
	757  -  MemoryUsage of job (MB)
	774512  -  ResidentSetSize of job (KB)
...
006 (15949295.805.000) 2026-02-14 18:05:56 Image size of job updated: 777612
	760  -  MemoryUsage of job (MB)
	777612  -  ResidentSetSize of job (KB)
...
006 (15949295.805.000) 2026-02-14 18:10:56 Image size of job updated: 779040
	761  -  MemoryUsage of job (MB)
	779040  -  ResidentSetSize of job (KB)
...
006 (15949295.805.000) 2026-02-14 18:15:57 Image size of job updated: 779176
	761  -  MemoryUsage of job (MB)
	779176  -  ResidentSetSize of job (KB)
...
006 (15949295.805.000) 2026-02-14 18:20:57 Image size of job updated: 810976
	792  -  MemoryUsage of job (MB)
	810976  -  ResidentSetSize of job (KB)
...
006 (15949295.805.000) 2026-02-14 18:25:58 Image size of job updated: 814848
	796  -  MemoryUsage of job (MB)
	814848  -  ResidentSetSize of job (KB)
...
006 (15949295.805.000) 2026-02-14 18:30:59 Image size of job updated: 814960
	796  -  MemoryUsage of job (MB)
	814960  -  ResidentSetSize of job (KB)
...
006 (15949295.805.000) 2026-02-14 19:16:04 Image size of job updated: 1133048
	1089  -  MemoryUsage of job (MB)
	1115024  -  ResidentSetSize of job (KB)
...
006 (15949295.805.000) 2026-02-14 19:21:04 Image size of job updated: 1133164
	1094  -  MemoryUsage of job (MB)
	1119620  -  ResidentSetSize of job (KB)
...
006 (15949295.805.000) 2026-02-14 19:26:05 Image size of job updated: 1133304
	1094  -  MemoryUsage of job (MB)
	1119620  -  ResidentSetSize of job (KB)
...
006 (15949295.805.000) 2026-02-14 20:06:09 Image size of job updated: 1133736
	1094  -  MemoryUsage of job (MB)
	1119620  -  ResidentSetSize of job (KB)
...
006 (15949295.805.000) 2026-02-14 20:11:09 Image size of job updated: 1133856
	1094  -  MemoryUsage of job (MB)
	1119620  -  ResidentSetSize of job (KB)
...
006 (15949295.805.000) 2026-02-14 20:21:11 Image size of job updated: 1135060
	1094  -  MemoryUsage of job (MB)
	1119620  -  ResidentSetSize of job (KB)
...
006 (15949295.805.000) 2026-02-14 20:36:12 Image size of job updated: 1135372
	1094  -  MemoryUsage of job (MB)
	1119620  -  ResidentSetSize of job (KB)
...
006 (15949295.805.000) 2026-02-14 20:51:13 Image size of job updated: 1135372
	1103  -  MemoryUsage of job (MB)
	1128556  -  ResidentSetSize of job (KB)
...
006 (15949295.805.000) 2026-02-14 21:06:15 Image size of job updated: 1136728
	1103  -  MemoryUsage of job (MB)
	1128556  -  ResidentSetSize of job (KB)
...
006 (15949295.805.000) 2026-02-14 21:16:17 Image size of job updated: 1136860
	1103  -  MemoryUsage of job (MB)
	1128556  -  ResidentSetSize of job (KB)
...
006 (15949295.805.000) 2026-02-14 22:06:21 Image size of job updated: 1136860
	1104  -  MemoryUsage of job (MB)
	1130224  -  ResidentSetSize of job (KB)
...
006 (15949295.805.000) 2026-02-14 22:11:21 Image size of job updated: 1136860
	1109  -  MemoryUsage of job (MB)
	1135448  -  ResidentSetSize of job (KB)
...
006 (15949295.805.000) 2026-02-14 23:31:30 Image size of job updated: 1136860
	1110  -  MemoryUsage of job (MB)
	1135884  -  ResidentSetSize of job (KB)
...
006 (15949295.805.000) 2026-02-15 01:21:41 Image size of job updated: 1138288
	1110  -  MemoryUsage of job (MB)
	1135884  -  ResidentSetSize of job (KB)
...
006 (15949295.805.000) 2026-02-15 01:31:42 Image size of job updated: 1138352
	1110  -  MemoryUsage of job (MB)
	1135884  -  ResidentSetSize of job (KB)
...
006 (15949295.805.000) 2026-02-15 03:11:53 Image size of job updated: 1138352
	1111  -  MemoryUsage of job (MB)
	1137300  -  ResidentSetSize of job (KB)
...
006 (15949295.805.000) 2026-02-15 03:16:53 Image size of job updated: 1138352
	1111  -  MemoryUsage of job (MB)
	1137584  -  ResidentSetSize of job (KB)
...
006 (15949295.805.000) 2026-02-16 02:44:15 Image size of job updated: 1138564
	1111  -  MemoryUsage of job (MB)
	1137584  -  ResidentSetSize of job (KB)
...
006 (15949295.805.000) 2026-02-16 03:54:22 Image size of job updated: 1138668
	1111  -  MemoryUsage of job (MB)
	1137584  -  ResidentSetSize of job (KB)
...
006 (15949295.805.000) 2026-02-16 05:29:32 Image size of job updated: 1138668
	1112  -  MemoryUsage of job (MB)
	1137940  -  ResidentSetSize of job (KB)
...
006 (15949295.805.000) 2026-02-16 05:44:34 Image size of job updated: 1139096
	1112  -  MemoryUsage of job (MB)
	1137940  -  ResidentSetSize of job (KB)
...
006 (15949295.805.000) 2026-02-16 05:49:35 Image size of job updated: 1139128
	1112  -  MemoryUsage of job (MB)
	1137940  -  ResidentSetSize of job (KB)
...
006 (15949295.805.000) 2026-02-16 07:14:43 Image size of job updated: 1139128
	1113  -  MemoryUsage of job (MB)
	1139020  -  ResidentSetSize of job (KB)
...
006 (15949295.805.000) 2026-02-16 08:44:52 Image size of job updated: 1139332
	1113  -  MemoryUsage of job (MB)
	1139020  -  ResidentSetSize of job (KB)
...
021 (15949295.805.000) 2026-02-16 12:25:17 Error from starter on slot1_7@pizza20.zeuthen.desy.de:
	runtime exceeded maximum (target.Runtime seconds)
	Code 21 Subcode 103
...
004 (15949295.805.000) 2026-02-16 12:25:17 Job was evicted.
	(0) CPU times
		Usr 7 11:20:42, Sys 3 18:48:28  -  Run Remote Usage
		Usr 0 00:00:00, Sys 0 00:00:00  -  Run Local Usage
	0  -  Run Bytes Sent By Job
	0  -  Run Bytes Received By Job
	Error from slot1_7@pizza20.zeuthen.desy.de: runtime exceeded maximum (target.Runtime seconds)
	Partitionable Resources :     Usage  Request Allocated 
	   Cpus                 :      7.93        8         8 
	   Disk (KB)            :      1     1024000   1025696 
	   GPUs                 :                            0 
	   Memory (MB)          :   1113       16384     16384 
	   TimeSlotBusy (s)     : 172805                       
...
012 (15949295.805.000) 2026-02-16 12:25:17 Job was held.
	Error from slot1_7@pizza20.zeuthen.desy.de: runtime exceeded maximum (target.Runtime seconds)
	Code 21 Subcode 103
...
009 (15949295.805.000) 2026-02-16 17:16:26 Job was aborted.
	via condor_rm (by user tuccia)
...
