000 (15756404.1423.000) 2026-02-06 11:24:38 Job submitted from host: <141.34.103.35:9618?addrs=141.34.103.35-9618+[2001-638-700-f067--1-23]-9618&alias=wgs39.zeuthen.desy.de&noUDP&sock=schedd_7414_f73f>
...
001 (15756404.1423.000) 2026-02-08 12:06:47 Job executing on host: <141.34.15.223:9618?addrs=141.34.15.223-9618+[2001-638-700-f00f--1-df]-9618&alias=pizza31.zeuthen.desy.de&noUDP&sock=startd_8333_52c8>
	SlotName: slot1_6@pizza31.zeuthen.desy.de
	CondorScratchDir = "/batch/dir_3035410"
	Cpus = 8
	Disk = 1025696
	GPUs = 0
	Memory = 16384
...
006 (15756404.1423.000) 2026-02-08 12:07:01 Image size of job updated: 109424
	107  -  MemoryUsage of job (MB)
	109424  -  ResidentSetSize of job (KB)
...
006 (15756404.1423.000) 2026-02-08 12:12:02 Image size of job updated: 751780
	734  -  MemoryUsage of job (MB)
	751016  -  ResidentSetSize of job (KB)
...
006 (15756404.1423.000) 2026-02-08 12:17:03 Image size of job updated: 757232
	740  -  MemoryUsage of job (MB)
	756904  -  ResidentSetSize of job (KB)
...
006 (15756404.1423.000) 2026-02-08 12:22:03 Image size of job updated: 758444
	741  -  MemoryUsage of job (MB)
	757928  -  ResidentSetSize of job (KB)
...
006 (15756404.1423.000) 2026-02-08 12:27:04 Image size of job updated: 759656
	742  -  MemoryUsage of job (MB)
	759656  -  ResidentSetSize of job (KB)
...
006 (15756404.1423.000) 2026-02-08 12:32:05 Image size of job updated: 760436
	742  -  MemoryUsage of job (MB)
	759656  -  ResidentSetSize of job (KB)
...
006 (15756404.1423.000) 2026-02-08 12:37:05 Image size of job updated: 761008
	742  -  MemoryUsage of job (MB)
	759656  -  ResidentSetSize of job (KB)
...
006 (15756404.1423.000) 2026-02-08 13:02:09 Image size of job updated: 761336
	743  -  MemoryUsage of job (MB)
	760244  -  ResidentSetSize of job (KB)
...
006 (15756404.1423.000) 2026-02-08 13:07:09 Image size of job updated: 761892
	743  -  MemoryUsage of job (MB)
	760244  -  ResidentSetSize of job (KB)
...
006 (15756404.1423.000) 2026-02-08 13:12:09 Image size of job updated: 762708
	743  -  MemoryUsage of job (MB)
	760244  -  ResidentSetSize of job (KB)
...
006 (15756404.1423.000) 2026-02-08 13:17:10 Image size of job updated: 763360
	743  -  MemoryUsage of job (MB)
	760244  -  ResidentSetSize of job (KB)
...
006 (15756404.1423.000) 2026-02-08 13:57:13 Image size of job updated: 763360
	746  -  MemoryUsage of job (MB)
	763020  -  ResidentSetSize of job (KB)
...
006 (15756404.1423.000) 2026-02-08 14:02:14 Image size of job updated: 763908
	746  -  MemoryUsage of job (MB)
	763020  -  ResidentSetSize of job (KB)
...
006 (15756404.1423.000) 2026-02-08 14:37:19 Image size of job updated: 763908
	746  -  MemoryUsage of job (MB)
	763048  -  ResidentSetSize of job (KB)
...
006 (15756404.1423.000) 2026-02-08 14:42:19 Image size of job updated: 763908
	746  -  MemoryUsage of job (MB)
	763816  -  ResidentSetSize of job (KB)
...
006 (15756404.1423.000) 2026-02-08 14:47:20 Image size of job updated: 764072
	746  -  MemoryUsage of job (MB)
	763816  -  ResidentSetSize of job (KB)
...
006 (15756404.1423.000) 2026-02-08 15:27:24 Image size of job updated: 764328
	746  -  MemoryUsage of job (MB)
	763816  -  ResidentSetSize of job (KB)
...
006 (15756404.1423.000) 2026-02-08 16:57:34 Image size of job updated: 764516
	747  -  MemoryUsage of job (MB)
	764516  -  ResidentSetSize of job (KB)
...
006 (15756404.1423.000) 2026-02-08 18:37:44 Image size of job updated: 764572
	747  -  MemoryUsage of job (MB)
	764516  -  ResidentSetSize of job (KB)
...
006 (15756404.1423.000) 2026-02-08 18:47:45 Image size of job updated: 764820
	747  -  MemoryUsage of job (MB)
	764516  -  ResidentSetSize of job (KB)
...
006 (15756404.1423.000) 2026-02-08 20:42:52 Image size of job updated: 764820
	747  -  MemoryUsage of job (MB)
	764576  -  ResidentSetSize of job (KB)
...
006 (15756404.1423.000) 2026-02-08 20:47:53 Image size of job updated: 764900
	747  -  MemoryUsage of job (MB)
	764900  -  ResidentSetSize of job (KB)
...
006 (15756404.1423.000) 2026-02-08 20:52:54 Image size of job updated: 765088
	747  -  MemoryUsage of job (MB)
	764900  -  ResidentSetSize of job (KB)
...
006 (15756404.1423.000) 2026-02-08 22:53:07 Image size of job updated: 765088
	747  -  MemoryUsage of job (MB)
	764920  -  ResidentSetSize of job (KB)
...
005 (15756404.1423.000) 2026-02-09 02:50:53 Job terminated.
	(1) Normal termination (return value 0)
		Usr 1 20:49:48, Sys 0 23:27:55  -  Run Remote Usage
		Usr 0 00:00:00, Sys 0 00:00:00  -  Run Local Usage
		Usr 1 20:49:48, Sys 0 23:27:55  -  Total Remote Usage
		Usr 0 00:00:00, Sys 0 00:00:00  -  Total Local Usage
	0  -  Run Bytes Sent By Job
	0  -  Run Bytes Received By Job
	0  -  Total Bytes Sent By Job
	0  -  Total Bytes Received By Job
	Partitionable Resources :    Usage  Request Allocated 
	   Cpus                 :     0.99        8         8 
	   Disk (KB)            :     1     1024000   1025696 
	   GPUs                 :                           0 
	   Memory (MB)          :   747       16384     16384 
	   TimeExecute (s)      : 53046                       
	   TimeSlotBusy (s)     : 53046                       

	Job terminated of its own accord at 2026-02-09T01:50:53Z with exit-code 0.
...
