000 (15756404.1499.000) 2026-02-06 11:24:38 Job submitted from host: <141.34.103.35:9618?addrs=141.34.103.35-9618+[2001-638-700-f067--1-23]-9618&alias=wgs39.zeuthen.desy.de&noUDP&sock=schedd_7414_f73f>
...
001 (15756404.1499.000) 2026-02-08 15:15:10 Job executing on host: <141.34.15.200:9618?addrs=141.34.15.200-9618+[2001-638-700-f00f--1-c8]-9618&alias=pizza02.zeuthen.desy.de&noUDP&sock=startd_8244_46da>
	SlotName: slot1_8@pizza02.zeuthen.desy.de
	CondorScratchDir = "/batch/dir_84599"
	Cpus = 8
	Disk = 1025696
	GPUs = 0
	Memory = 16384
...
006 (15756404.1499.000) 2026-02-08 15:15:23 Image size of job updated: 109512
	107  -  MemoryUsage of job (MB)
	109512  -  ResidentSetSize of job (KB)
...
006 (15756404.1499.000) 2026-02-08 15:20:23 Image size of job updated: 2284696
	2232  -  MemoryUsage of job (MB)
	2284696  -  ResidentSetSize of job (KB)
...
006 (15756404.1499.000) 2026-02-08 15:25:23 Image size of job updated: 2321180
	2267  -  MemoryUsage of job (MB)
	2321180  -  ResidentSetSize of job (KB)
...
006 (15756404.1499.000) 2026-02-08 15:30:24 Image size of job updated: 2346212
	2292  -  MemoryUsage of job (MB)
	2346212  -  ResidentSetSize of job (KB)
...
006 (15756404.1499.000) 2026-02-08 15:35:24 Image size of job updated: 2355184
	2292  -  MemoryUsage of job (MB)
	2346216  -  ResidentSetSize of job (KB)
...
006 (15756404.1499.000) 2026-02-08 15:40:24 Image size of job updated: 2357904
	2292  -  MemoryUsage of job (MB)
	2346216  -  ResidentSetSize of job (KB)
...
006 (15756404.1499.000) 2026-02-08 15:45:25 Image size of job updated: 2361120
	2292  -  MemoryUsage of job (MB)
	2346216  -  ResidentSetSize of job (KB)
...
006 (15756404.1499.000) 2026-02-08 15:50:25 Image size of job updated: 2361688
	2292  -  MemoryUsage of job (MB)
	2346216  -  ResidentSetSize of job (KB)
...
006 (15756404.1499.000) 2026-02-08 16:05:26 Image size of job updated: 2361688
	2298  -  MemoryUsage of job (MB)
	2352920  -  ResidentSetSize of job (KB)
...
006 (15756404.1499.000) 2026-02-08 16:10:26 Image size of job updated: 2361756
	2298  -  MemoryUsage of job (MB)
	2352920  -  ResidentSetSize of job (KB)
...
006 (15756404.1499.000) 2026-02-08 16:15:27 Image size of job updated: 2362176
	2298  -  MemoryUsage of job (MB)
	2352920  -  ResidentSetSize of job (KB)
...
006 (15756404.1499.000) 2026-02-08 16:20:28 Image size of job updated: 2362288
	2298  -  MemoryUsage of job (MB)
	2352920  -  ResidentSetSize of job (KB)
...
006 (15756404.1499.000) 2026-02-08 16:30:29 Image size of job updated: 2362516
	2298  -  MemoryUsage of job (MB)
	2352920  -  ResidentSetSize of job (KB)
...
006 (15756404.1499.000) 2026-02-08 16:35:30 Image size of job updated: 2362584
	2298  -  MemoryUsage of job (MB)
	2352920  -  ResidentSetSize of job (KB)
...
006 (15756404.1499.000) 2026-02-08 16:40:30 Image size of job updated: 2362584
	2305  -  MemoryUsage of job (MB)
	2360012  -  ResidentSetSize of job (KB)
...
006 (15756404.1499.000) 2026-02-08 16:45:31 Image size of job updated: 2363044
	2305  -  MemoryUsage of job (MB)
	2360012  -  ResidentSetSize of job (KB)
...
006 (15756404.1499.000) 2026-02-08 17:30:35 Image size of job updated: 2363820
	2305  -  MemoryUsage of job (MB)
	2360012  -  ResidentSetSize of job (KB)
...
006 (15756404.1499.000) 2026-02-08 17:50:37 Image size of job updated: 2363948
	2305  -  MemoryUsage of job (MB)
	2360012  -  ResidentSetSize of job (KB)
...
006 (15756404.1499.000) 2026-02-08 18:10:38 Image size of job updated: 2364460
	2305  -  MemoryUsage of job (MB)
	2360012  -  ResidentSetSize of job (KB)
...
006 (15756404.1499.000) 2026-02-08 18:20:39 Image size of job updated: 2364460
	2308  -  MemoryUsage of job (MB)
	2363032  -  ResidentSetSize of job (KB)
...
006 (15756404.1499.000) 2026-02-08 18:25:39 Image size of job updated: 2364728
	2308  -  MemoryUsage of job (MB)
	2363036  -  ResidentSetSize of job (KB)
...
006 (15756404.1499.000) 2026-02-08 18:35:40 Image size of job updated: 2364836
	2308  -  MemoryUsage of job (MB)
	2363036  -  ResidentSetSize of job (KB)
...
006 (15756404.1499.000) 2026-02-08 19:00:42 Image size of job updated: 2365132
	2308  -  MemoryUsage of job (MB)
	2363036  -  ResidentSetSize of job (KB)
...
006 (15756404.1499.000) 2026-02-08 19:25:46 Image size of job updated: 2365304
	2308  -  MemoryUsage of job (MB)
	2363036  -  ResidentSetSize of job (KB)
...
006 (15756404.1499.000) 2026-02-08 19:30:46 Image size of job updated: 2365596
	2308  -  MemoryUsage of job (MB)
	2363036  -  ResidentSetSize of job (KB)
...
006 (15756404.1499.000) 2026-02-08 19:35:47 Image size of job updated: 2365600
	2308  -  MemoryUsage of job (MB)
	2363036  -  ResidentSetSize of job (KB)
...
006 (15756404.1499.000) 2026-02-08 19:40:48 Image size of job updated: 2366068
	2308  -  MemoryUsage of job (MB)
	2363036  -  ResidentSetSize of job (KB)
...
006 (15756404.1499.000) 2026-02-08 19:50:48 Image size of job updated: 2367088
	2308  -  MemoryUsage of job (MB)
	2363036  -  ResidentSetSize of job (KB)
...
006 (15756404.1499.000) 2026-02-08 22:01:01 Image size of job updated: 2367088
	2308  -  MemoryUsage of job (MB)
	2363392  -  ResidentSetSize of job (KB)
...
006 (15756404.1499.000) 2026-02-08 23:51:14 Image size of job updated: 2367156
	2308  -  MemoryUsage of job (MB)
	2363392  -  ResidentSetSize of job (KB)
...
006 (15756404.1499.000) 2026-02-08 23:56:14 Image size of job updated: 2367192
	2308  -  MemoryUsage of job (MB)
	2363392  -  ResidentSetSize of job (KB)
...
006 (15756404.1499.000) 2026-02-09 00:01:14 Image size of job updated: 2367628
	2308  -  MemoryUsage of job (MB)
	2363392  -  ResidentSetSize of job (KB)
...
006 (15756404.1499.000) 2026-02-09 00:26:18 Image size of job updated: 2367708
	2308  -  MemoryUsage of job (MB)
	2363392  -  ResidentSetSize of job (KB)
...
006 (15756404.1499.000) 2026-02-09 00:31:18 Image size of job updated: 2367828
	2308  -  MemoryUsage of job (MB)
	2363392  -  ResidentSetSize of job (KB)
...
006 (15756404.1499.000) 2026-02-09 00:36:18 Image size of job updated: 2367972
	2308  -  MemoryUsage of job (MB)
	2363392  -  ResidentSetSize of job (KB)
...
006 (15756404.1499.000) 2026-02-09 00:56:20 Image size of job updated: 2368224
	2308  -  MemoryUsage of job (MB)
	2363392  -  ResidentSetSize of job (KB)
...
006 (15756404.1499.000) 2026-02-09 01:01:20 Image size of job updated: 2368272
	2308  -  MemoryUsage of job (MB)
	2363392  -  ResidentSetSize of job (KB)
...
006 (15756404.1499.000) 2026-02-09 01:16:21 Image size of job updated: 2368792
	2308  -  MemoryUsage of job (MB)
	2363392  -  ResidentSetSize of job (KB)
...
006 (15756404.1499.000) 2026-02-09 01:21:21 Image size of job updated: 2368792
	2309  -  MemoryUsage of job (MB)
	2364232  -  ResidentSetSize of job (KB)
...
006 (15756404.1499.000) 2026-02-09 01:26:22 Image size of job updated: 2368792
	2312  -  MemoryUsage of job (MB)
	2366932  -  ResidentSetSize of job (KB)
...
006 (15756404.1499.000) 2026-02-09 01:31:22 Image size of job updated: 2368792
	2314  -  MemoryUsage of job (MB)
	2368596  -  ResidentSetSize of job (KB)
...
006 (15756404.1499.000) 2026-02-09 01:36:22 Image size of job updated: 2368832
	2314  -  MemoryUsage of job (MB)
	2368596  -  ResidentSetSize of job (KB)
...
006 (15756404.1499.000) 2026-02-09 01:51:24 Image size of job updated: 2369288
	2314  -  MemoryUsage of job (MB)
	2368596  -  ResidentSetSize of job (KB)
...
006 (15756404.1499.000) 2026-02-09 09:17:14 Image size of job updated: 2369668
	2314  -  MemoryUsage of job (MB)
	2368596  -  ResidentSetSize of job (KB)
...
006 (15756404.1499.000) 2026-02-09 09:22:14 Image size of job updated: 2369936
	2314  -  MemoryUsage of job (MB)
	2368596  -  ResidentSetSize of job (KB)
...
006 (15756404.1499.000) 2026-02-09 09:27:15 Image size of job updated: 2370172
	2314  -  MemoryUsage of job (MB)
	2368596  -  ResidentSetSize of job (KB)
...
006 (15756404.1499.000) 2026-02-09 09:37:16 Image size of job updated: 2370192
	2314  -  MemoryUsage of job (MB)
	2368596  -  ResidentSetSize of job (KB)
...
006 (15756404.1499.000) 2026-02-10 06:34:25 Image size of job updated: 2370192
	2314  -  MemoryUsage of job (MB)
	2368884  -  ResidentSetSize of job (KB)
...
006 (15756404.1499.000) 2026-02-10 06:39:26 Image size of job updated: 2370192
	2314  -  MemoryUsage of job (MB)
	2368888  -  ResidentSetSize of job (KB)
...
022 (15756404.1499.000) 2026-02-10 08:04:03 Job disconnected, attempting to reconnect
    Local schedd and job shadow died, schedd now running again
    Trying to reconnect to slot1_8@pizza02.zeuthen.desy.de <141.34.15.200:9618?addrs=141.34.15.200-9618+[2001-638-700-f00f--1-c8]-9618&alias=pizza02.zeuthen.desy.de&noUDP&sock=startd_8244_46da>
...
023 (15756404.1499.000) 2026-02-10 08:04:11 Job reconnected to slot1_8@pizza02.zeuthen.desy.de
    startd address: <141.34.15.200:9618?addrs=141.34.15.200-9618+[2001-638-700-f00f--1-c8]-9618&alias=pizza02.zeuthen.desy.de&noUDP&sock=startd_8244_46da>
    starter address: <141.34.15.200:9618?addrs=141.34.15.200-9618+[2001-638-700-f00f--1-c8]-9618&alias=pizza02.zeuthen.desy.de&noUDP&sock=slot1_8_8710_bb9b_21312>
...
