000 (15756404.1404.000) 2026-02-06 11:24:38 Job submitted from host: <141.34.103.35:9618?addrs=141.34.103.35-9618+[2001-638-700-f067--1-23]-9618&alias=wgs39.zeuthen.desy.de&noUDP&sock=schedd_7414_f73f>
...
001 (15756404.1404.000) 2026-02-08 04:03:35 Job executing on host: <141.34.15.200:9618?addrs=141.34.15.200-9618+[2001-638-700-f00f--1-c8]-9618&alias=pizza02.zeuthen.desy.de&noUDP&sock=startd_8244_46da>
	SlotName: slot1_2@pizza02.zeuthen.desy.de
	CondorScratchDir = "/batch/dir_3995364"
	Cpus = 8
	Disk = 1025696
	GPUs = 0
	Memory = 16384
...
006 (15756404.1404.000) 2026-02-08 04:03:48 Image size of job updated: 109472
	107  -  MemoryUsage of job (MB)
	109472  -  ResidentSetSize of job (KB)
...
006 (15756404.1404.000) 2026-02-08 04:08:48 Image size of job updated: 681684
	591  -  MemoryUsage of job (MB)
	604440  -  ResidentSetSize of job (KB)
...
005 (15756404.1404.000) 2026-02-08 05:41:17 Job terminated.
	(1) Normal termination (return value 0)
		Usr 0 04:54:21, Sys 0 02:35:54  -  Run Remote Usage
		Usr 0 00:00:00, Sys 0 00:00:00  -  Run Local Usage
		Usr 0 04:54:21, Sys 0 02:35:54  -  Total Remote Usage
		Usr 0 00:00:00, Sys 0 00:00:00  -  Total Local Usage
	0  -  Run Bytes Sent By Job
	0  -  Run Bytes Received By Job
	0  -  Total Bytes Sent By Job
	0  -  Total Bytes Received By Job
	Partitionable Resources :    Usage  Request Allocated 
	   Cpus                 :     5.26        8         8 
	   Disk (KB)            :     1     1024000   1025696 
	   GPUs                 :                           0 
	   Memory (MB)          :   591       16384     16384 
	   TimeExecute (s)      :  5862                       
	   TimeSlotBusy (s)     :  5863                       

	Job terminated of its own accord at 2026-02-08T04:41:17Z with exit-code 0.
...
