000 (15756408.1473.000) 2026-02-06 11:27:01 Job submitted from host: <141.34.103.35:9618?addrs=141.34.103.35-9618+[2001-638-700-f067--1-23]-9618&alias=wgs39.zeuthen.desy.de&noUDP&sock=schedd_7414_f73f>
...
009 (15756408.1473.000) 2026-02-10 11:47:49 Job was aborted.
	via condor_rm (by user tuccia)
...
000 (15951004.982.000) 2026-02-10 16:30:12 Job submitted from host: <141.34.103.35:9618?addrs=141.34.103.35-9618+[2001-638-700-f067--1-23]-9618&alias=wgs39.zeuthen.desy.de&noUDP&sock=schedd_7302_24a3>
...
001 (15951004.982.000) 2026-02-11 04:14:36 Job executing on host: <141.34.15.15:9618?addrs=141.34.15.15-9618+[2001-638-700-f00f--1-f]-9618&alias=bladej2.zeuthen.desy.de&noUDP&sock=startd_9360_c28b>
	SlotName: slot1_11@bladej2.zeuthen.desy.de
	CondorScratchDir = "/batch/dir_2933364"
	Cpus = 1
	Disk = 1025024
	GPUs = 0
	Memory = 5120
...
006 (15951004.982.000) 2026-02-11 04:14:49 Image size of job updated: 107348
	105  -  MemoryUsage of job (MB)
	107348  -  ResidentSetSize of job (KB)
...
006 (15951004.982.000) 2026-02-11 04:19:49 Image size of job updated: 1066336
	602  -  MemoryUsage of job (MB)
	615648  -  ResidentSetSize of job (KB)
...
006 (15951004.982.000) 2026-02-11 04:24:49 Image size of job updated: 1066336
	612  -  MemoryUsage of job (MB)
	626636  -  ResidentSetSize of job (KB)
...
006 (15951004.982.000) 2026-02-11 04:29:50 Image size of job updated: 1066336
	660  -  MemoryUsage of job (MB)
	675036  -  ResidentSetSize of job (KB)
...
006 (15951004.982.000) 2026-02-11 04:34:50 Image size of job updated: 1066336
	660  -  MemoryUsage of job (MB)
	675332  -  ResidentSetSize of job (KB)
...
006 (15951004.982.000) 2026-02-11 04:39:50 Image size of job updated: 1066336
	660  -  MemoryUsage of job (MB)
	675456  -  ResidentSetSize of job (KB)
...
006 (15951004.982.000) 2026-02-11 04:44:51 Image size of job updated: 1066336
	662  -  MemoryUsage of job (MB)
	677580  -  ResidentSetSize of job (KB)
...
006 (15951004.982.000) 2026-02-11 05:04:52 Image size of job updated: 1066336
	662  -  MemoryUsage of job (MB)
	677584  -  ResidentSetSize of job (KB)
...
006 (15951004.982.000) 2026-02-11 06:09:56 Image size of job updated: 1066336
	662  -  MemoryUsage of job (MB)
	677620  -  ResidentSetSize of job (KB)
...
006 (15951004.982.000) 2026-02-11 06:50:01 Image size of job updated: 1066336
	662  -  MemoryUsage of job (MB)
	677652  -  ResidentSetSize of job (KB)
...
006 (15951004.982.000) 2026-02-11 06:55:01 Image size of job updated: 1066336
	662  -  MemoryUsage of job (MB)
	677656  -  ResidentSetSize of job (KB)
...
006 (15951004.982.000) 2026-02-11 07:15:04 Image size of job updated: 1066336
	662  -  MemoryUsage of job (MB)
	677680  -  ResidentSetSize of job (KB)
...
006 (15951004.982.000) 2026-02-11 07:35:06 Image size of job updated: 1066336
	662  -  MemoryUsage of job (MB)
	677828  -  ResidentSetSize of job (KB)
...
