000 (15756404.1487.000) 2026-02-06 11:24:38 Job submitted from host: <141.34.103.35:9618?addrs=141.34.103.35-9618+[2001-638-700-f067--1-23]-9618&alias=wgs39.zeuthen.desy.de&noUDP&sock=schedd_7414_f73f>
...
001 (15756404.1487.000) 2026-02-08 14:36:22 Job executing on host: <141.34.15.49:9618?addrs=141.34.15.49-9618+[2001-638-700-f00f--1-31]-9618&alias=pizza20.zeuthen.desy.de&noUDP&sock=startd_9146_f947>
	SlotName: slot1_7@pizza20.zeuthen.desy.de
	CondorScratchDir = "/batch/dir_717051"
	Cpus = 8
	Disk = 1025696
	GPUs = 0
	Memory = 16384
...
006 (15756404.1487.000) 2026-02-08 14:36:35 Image size of job updated: 109508
	107  -  MemoryUsage of job (MB)
	109508  -  ResidentSetSize of job (KB)
...
006 (15756404.1487.000) 2026-02-08 14:41:35 Image size of job updated: 2308736
	2255  -  MemoryUsage of job (MB)
	2308736  -  ResidentSetSize of job (KB)
...
006 (15756404.1487.000) 2026-02-08 14:46:35 Image size of job updated: 2349324
	2255  -  MemoryUsage of job (MB)
	2308736  -  ResidentSetSize of job (KB)
...
006 (15756404.1487.000) 2026-02-08 14:51:36 Image size of job updated: 2355016
	2295  -  MemoryUsage of job (MB)
	2349308  -  ResidentSetSize of job (KB)
...
006 (15756404.1487.000) 2026-02-08 14:56:37 Image size of job updated: 2362380
	2295  -  MemoryUsage of job (MB)
	2349312  -  ResidentSetSize of job (KB)
...
006 (15756404.1487.000) 2026-02-08 15:01:37 Image size of job updated: 2363448
	2301  -  MemoryUsage of job (MB)
	2355856  -  ResidentSetSize of job (KB)
...
006 (15756404.1487.000) 2026-02-08 15:06:38 Image size of job updated: 2366644
	2301  -  MemoryUsage of job (MB)
	2355856  -  ResidentSetSize of job (KB)
...
006 (15756404.1487.000) 2026-02-08 15:16:39 Image size of job updated: 2368676
	2301  -  MemoryUsage of job (MB)
	2355856  -  ResidentSetSize of job (KB)
...
006 (15756404.1487.000) 2026-02-08 15:21:40 Image size of job updated: 2368996
	2301  -  MemoryUsage of job (MB)
	2355856  -  ResidentSetSize of job (KB)
...
006 (15756404.1487.000) 2026-02-08 15:26:41 Image size of job updated: 2369152
	2301  -  MemoryUsage of job (MB)
	2355856  -  ResidentSetSize of job (KB)
...
006 (15756404.1487.000) 2026-02-08 15:41:42 Image size of job updated: 2369972
	2301  -  MemoryUsage of job (MB)
	2355856  -  ResidentSetSize of job (KB)
...
006 (15756404.1487.000) 2026-02-08 15:56:43 Image size of job updated: 2370160
	2304  -  MemoryUsage of job (MB)
	2358328  -  ResidentSetSize of job (KB)
...
006 (15756404.1487.000) 2026-02-08 16:01:44 Image size of job updated: 2370360
	2304  -  MemoryUsage of job (MB)
	2358328  -  ResidentSetSize of job (KB)
...
006 (15756404.1487.000) 2026-02-08 16:11:45 Image size of job updated: 2370360
	2310  -  MemoryUsage of job (MB)
	2364540  -  ResidentSetSize of job (KB)
...
006 (15756404.1487.000) 2026-02-08 16:16:46 Image size of job updated: 2370728
	2310  -  MemoryUsage of job (MB)
	2364540  -  ResidentSetSize of job (KB)
...
006 (15756404.1487.000) 2026-02-08 16:26:46 Image size of job updated: 2370728
	2314  -  MemoryUsage of job (MB)
	2369472  -  ResidentSetSize of job (KB)
...
006 (15756404.1487.000) 2026-02-08 16:31:47 Image size of job updated: 2371196
	2314  -  MemoryUsage of job (MB)
	2369472  -  ResidentSetSize of job (KB)
...
006 (15756404.1487.000) 2026-02-08 16:46:48 Image size of job updated: 2371292
	2314  -  MemoryUsage of job (MB)
	2369472  -  ResidentSetSize of job (KB)
...
006 (15756404.1487.000) 2026-02-08 17:01:49 Image size of job updated: 2371604
	2314  -  MemoryUsage of job (MB)
	2369472  -  ResidentSetSize of job (KB)
...
006 (15756404.1487.000) 2026-02-08 17:16:51 Image size of job updated: 2371892
	2314  -  MemoryUsage of job (MB)
	2369472  -  ResidentSetSize of job (KB)
...
006 (15756404.1487.000) 2026-02-08 17:41:53 Image size of job updated: 2371968
	2314  -  MemoryUsage of job (MB)
	2369472  -  ResidentSetSize of job (KB)
...
006 (15756404.1487.000) 2026-02-08 20:52:14 Image size of job updated: 2372100
	2314  -  MemoryUsage of job (MB)
	2369472  -  ResidentSetSize of job (KB)
...
006 (15756404.1487.000) 2026-02-08 21:02:14 Image size of job updated: 2372260
	2314  -  MemoryUsage of job (MB)
	2369472  -  ResidentSetSize of job (KB)
...
006 (15756404.1487.000) 2026-02-08 21:32:17 Image size of job updated: 2372284
	2314  -  MemoryUsage of job (MB)
	2369472  -  ResidentSetSize of job (KB)
...
006 (15756404.1487.000) 2026-02-08 21:37:18 Image size of job updated: 2372296
	2314  -  MemoryUsage of job (MB)
	2369472  -  ResidentSetSize of job (KB)
...
006 (15756404.1487.000) 2026-02-08 21:47:19 Image size of job updated: 2372536
	2314  -  MemoryUsage of job (MB)
	2369472  -  ResidentSetSize of job (KB)
...
006 (15756404.1487.000) 2026-02-08 21:52:19 Image size of job updated: 2372832
	2318  -  MemoryUsage of job (MB)
	2372832  -  ResidentSetSize of job (KB)
...
006 (15756404.1487.000) 2026-02-08 21:57:20 Image size of job updated: 2372836
	2318  -  MemoryUsage of job (MB)
	2372836  -  ResidentSetSize of job (KB)
...
006 (15756404.1487.000) 2026-02-08 22:02:20 Image size of job updated: 2373132
	2318  -  MemoryUsage of job (MB)
	2372836  -  ResidentSetSize of job (KB)
...
006 (15756404.1487.000) 2026-02-08 22:27:22 Image size of job updated: 2373432
	2318  -  MemoryUsage of job (MB)
	2372836  -  ResidentSetSize of job (KB)
...
006 (15756404.1487.000) 2026-02-08 22:37:23 Image size of job updated: 2373660
	2318  -  MemoryUsage of job (MB)
	2372836  -  ResidentSetSize of job (KB)
...
006 (15756404.1487.000) 2026-02-08 22:57:26 Image size of job updated: 2373760
	2318  -  MemoryUsage of job (MB)
	2372836  -  ResidentSetSize of job (KB)
...
006 (15756404.1487.000) 2026-02-08 23:12:27 Image size of job updated: 2374344
	2318  -  MemoryUsage of job (MB)
	2372836  -  ResidentSetSize of job (KB)
...
006 (15756404.1487.000) 2026-02-08 23:17:28 Image size of job updated: 2374452
	2318  -  MemoryUsage of job (MB)
	2372836  -  ResidentSetSize of job (KB)
...
006 (15756404.1487.000) 2026-02-08 23:47:30 Image size of job updated: 2374796
	2318  -  MemoryUsage of job (MB)
	2372836  -  ResidentSetSize of job (KB)
...
006 (15756404.1487.000) 2026-02-09 00:02:32 Image size of job updated: 2374796
	2320  -  MemoryUsage of job (MB)
	2374764  -  ResidentSetSize of job (KB)
...
006 (15756404.1487.000) 2026-02-09 00:07:33 Image size of job updated: 2374796
	2320  -  MemoryUsage of job (MB)
	2374768  -  ResidentSetSize of job (KB)
...
006 (15756404.1487.000) 2026-02-09 00:17:34 Image size of job updated: 2375216
	2320  -  MemoryUsage of job (MB)
	2374768  -  ResidentSetSize of job (KB)
...
006 (15756404.1487.000) 2026-02-09 06:23:09 Image size of job updated: 2375236
	2320  -  MemoryUsage of job (MB)
	2374768  -  ResidentSetSize of job (KB)
...
006 (15756404.1487.000) 2026-02-09 06:58:12 Image size of job updated: 2375660
	2320  -  MemoryUsage of job (MB)
	2374768  -  ResidentSetSize of job (KB)
...
006 (15756404.1487.000) 2026-02-09 13:18:53 Image size of job updated: 2375708
	2320  -  MemoryUsage of job (MB)
	2374768  -  ResidentSetSize of job (KB)
...
006 (15756404.1487.000) 2026-02-09 13:48:56 Image size of job updated: 2375768
	2320  -  MemoryUsage of job (MB)
	2374768  -  ResidentSetSize of job (KB)
...
006 (15756404.1487.000) 2026-02-09 19:34:31 Image size of job updated: 2375768
	2320  -  MemoryUsage of job (MB)
	2374892  -  ResidentSetSize of job (KB)
...
006 (15756404.1487.000) 2026-02-09 19:39:31 Image size of job updated: 2375768
	2320  -  MemoryUsage of job (MB)
	2374896  -  ResidentSetSize of job (KB)
...
006 (15756404.1487.000) 2026-02-09 20:44:36 Image size of job updated: 2376332
	2320  -  MemoryUsage of job (MB)
	2374896  -  ResidentSetSize of job (KB)
...
006 (15756404.1487.000) 2026-02-10 03:15:17 Image size of job updated: 2376828
	2320  -  MemoryUsage of job (MB)
	2374896  -  ResidentSetSize of job (KB)
...
006 (15756404.1487.000) 2026-02-10 03:20:18 Image size of job updated: 2376828
	2320  -  MemoryUsage of job (MB)
	2375144  -  ResidentSetSize of job (KB)
...
006 (15756404.1487.000) 2026-02-10 03:25:19 Image size of job updated: 2377016
	2320  -  MemoryUsage of job (MB)
	2375144  -  ResidentSetSize of job (KB)
...
022 (15756404.1487.000) 2026-02-10 08:04:03 Job disconnected, attempting to reconnect
    Local schedd and job shadow died, schedd now running again
    Trying to reconnect to slot1_7@pizza20.zeuthen.desy.de <141.34.15.49:9618?addrs=141.34.15.49-9618+[2001-638-700-f00f--1-31]-9618&alias=pizza20.zeuthen.desy.de&noUDP&sock=startd_9146_f947>
...
023 (15756404.1487.000) 2026-02-10 08:04:11 Job reconnected to slot1_7@pizza20.zeuthen.desy.de
    startd address: <141.34.15.49:9618?addrs=141.34.15.49-9618+[2001-638-700-f00f--1-31]-9618&alias=pizza20.zeuthen.desy.de&noUDP&sock=startd_9146_f947>
    starter address: <141.34.15.49:9618?addrs=141.34.15.49-9618+[2001-638-700-f00f--1-31]-9618&alias=pizza20.zeuthen.desy.de&noUDP&sock=slot1_7_9706_8144_6610>
...
004 (15756404.1487.000) 2026-02-10 11:42:26 Job was evicted.
	(0) CPU times
		Usr 4 05:50:16, Sys 1 06:20:27  -  Run Remote Usage
		Usr 0 00:00:00, Sys 0 00:00:00  -  Run Local Usage
	0  -  Run Bytes Sent By Job
	0  -  Run Bytes Received By Job
	Partitionable Resources :         Usage  Request Allocated 
	   Cpus                 :          0.99        8         8 
	   Disk (KB)            :          1     1024000   1025696 
	   Memory (MB)          :       2442       16384     16384 
	   TimeExecute (s)      : 1770720145                       
	   TimeSlotBusy (s)     : 1770720146                       
...
009 (15756404.1487.000) 2026-02-10 11:42:26 Job was aborted.
	via condor_rm (by user tuccia)
...
