000 (15756408.1209.000) 2026-02-06 11:27:00 Job submitted from host: <141.34.103.35:9618?addrs=141.34.103.35-9618+[2001-638-700-f067--1-23]-9618&alias=wgs39.zeuthen.desy.de&noUDP&sock=schedd_7414_f73f>
...
009 (15756408.1209.000) 2026-02-10 11:47:45 Job was aborted.
	via condor_rm (by user tuccia)
...
000 (15951004.806.000) 2026-02-10 16:30:09 Job submitted from host: <141.34.103.35:9618?addrs=141.34.103.35-9618+[2001-638-700-f067--1-23]-9618&alias=wgs39.zeuthen.desy.de&noUDP&sock=schedd_7302_24a3>
...
001 (15951004.806.000) 2026-02-11 04:11:14 Job executing on host: <141.34.15.72:9618?addrs=141.34.15.72-9618+[2001-638-700-f00f--1-48]-9618&alias=bladejf.zeuthen.desy.de&noUDP&sock=startd_12118_84bf>
	SlotName: slot1_9@bladejf.zeuthen.desy.de
	CondorScratchDir = "/batch/dir_3163904"
	Cpus = 1
	Disk = 1025024
	GPUs = 0
	Memory = 5120
...
006 (15951004.806.000) 2026-02-11 04:11:28 Image size of job updated: 107272
	105  -  MemoryUsage of job (MB)
	107272  -  ResidentSetSize of job (KB)
...
006 (15951004.806.000) 2026-02-11 04:16:28 Image size of job updated: 748896
	554  -  MemoryUsage of job (MB)
	566984  -  ResidentSetSize of job (KB)
...
006 (15951004.806.000) 2026-02-11 04:21:28 Image size of job updated: 748896
	612  -  MemoryUsage of job (MB)
	625904  -  ResidentSetSize of job (KB)
...
006 (15951004.806.000) 2026-02-11 04:26:29 Image size of job updated: 748896
	657  -  MemoryUsage of job (MB)
	672108  -  ResidentSetSize of job (KB)
...
006 (15951004.806.000) 2026-02-11 04:31:30 Image size of job updated: 748896
	657  -  MemoryUsage of job (MB)
	672216  -  ResidentSetSize of job (KB)
...
006 (15951004.806.000) 2026-02-11 04:36:30 Image size of job updated: 748896
	657  -  MemoryUsage of job (MB)
	672364  -  ResidentSetSize of job (KB)
...
006 (15951004.806.000) 2026-02-11 04:51:32 Image size of job updated: 748896
	659  -  MemoryUsage of job (MB)
	674244  -  ResidentSetSize of job (KB)
...
006 (15951004.806.000) 2026-02-11 04:56:33 Image size of job updated: 748896
	659  -  MemoryUsage of job (MB)
	674376  -  ResidentSetSize of job (KB)
...
006 (15951004.806.000) 2026-02-11 05:41:39 Image size of job updated: 748896
	659  -  MemoryUsage of job (MB)
	674444  -  ResidentSetSize of job (KB)
...
006 (15951004.806.000) 2026-02-11 06:01:41 Image size of job updated: 748896
	659  -  MemoryUsage of job (MB)
	674540  -  ResidentSetSize of job (KB)
...
006 (15951004.806.000) 2026-02-11 06:11:41 Image size of job updated: 748896
	659  -  MemoryUsage of job (MB)
	674784  -  ResidentSetSize of job (KB)
...
006 (15951004.806.000) 2026-02-11 06:16:42 Image size of job updated: 748896
	660  -  MemoryUsage of job (MB)
	674904  -  ResidentSetSize of job (KB)
...
006 (15951004.806.000) 2026-02-11 06:21:42 Image size of job updated: 748896
	660  -  MemoryUsage of job (MB)
	675036  -  ResidentSetSize of job (KB)
...
006 (15951004.806.000) 2026-02-11 06:26:42 Image size of job updated: 748896
	660  -  MemoryUsage of job (MB)
	675080  -  ResidentSetSize of job (KB)
...
006 (15951004.806.000) 2026-02-11 06:46:44 Image size of job updated: 748896
	660  -  MemoryUsage of job (MB)
	675128  -  ResidentSetSize of job (KB)
...
004 (15951004.806.000) 2026-02-11 11:11:58 Job was evicted.
	(0) CPU times
		Usr 0 06:58:40, Sys 0 00:00:03  -  Run Remote Usage
		Usr 0 00:00:00, Sys 0 00:00:00  -  Run Local Usage
	0  -  Run Bytes Sent By Job
	0  -  Run Bytes Received By Job
	Partitionable Resources :    Usage  Request Allocated 
	   Cpus                 :     1.00        1         1 
	   Disk (KB)            :     1     1024000   1025024 
	   GPUs                 :                           0 
	   Memory (MB)          :   660        5120      5120 
	   TimeExecute (s)      : 25243                       
	   TimeSlotBusy (s)     : 25243                       
...
009 (15951004.806.000) 2026-02-11 11:11:58 Job was aborted.
	via condor_rm (by user tuccia)
...
000 (15988842.806.000) 2026-02-11 11:12:47 Job submitted from host: <141.34.103.35:9618?addrs=141.34.103.35-9618+[2001-638-700-f067--1-23]-9618&alias=wgs39.zeuthen.desy.de&noUDP&sock=schedd_7302_24a3>
...
001 (15988842.806.000) 2026-02-11 12:57:27 Job executing on host: <141.34.15.86:9618?addrs=141.34.15.86-9618+[2001-638-700-f00f--1-56]-9618&alias=genoa10.zeuthen.desy.de&noUDP&sock=startd_10124_cce6>
	SlotName: slot1_56@genoa10.zeuthen.desy.de
	CondorScratchDir = "/batch/dir_1179266"
	Cpus = 1
	Disk = 1025681
	GPUs = 0
	Memory = 5120
...
006 (15988842.806.000) 2026-02-11 12:57:41 Image size of job updated: 107360
	105  -  MemoryUsage of job (MB)
	107360  -  ResidentSetSize of job (KB)
...
006 (15988842.806.000) 2026-02-11 13:02:42 Image size of job updated: 791444
	617  -  MemoryUsage of job (MB)
	630924  -  ResidentSetSize of job (KB)
...
006 (15988842.806.000) 2026-02-11 13:07:43 Image size of job updated: 791444
	660  -  MemoryUsage of job (MB)
	675668  -  ResidentSetSize of job (KB)
...
006 (15988842.806.000) 2026-02-11 13:12:43 Image size of job updated: 791444
	661  -  MemoryUsage of job (MB)
	675900  -  ResidentSetSize of job (KB)
...
006 (15988842.806.000) 2026-02-11 13:17:44 Image size of job updated: 791444
	663  -  MemoryUsage of job (MB)
	678884  -  ResidentSetSize of job (KB)
...
006 (15988842.806.000) 2026-02-11 13:27:45 Image size of job updated: 791444
	663  -  MemoryUsage of job (MB)
	678908  -  ResidentSetSize of job (KB)
...
006 (15988842.806.000) 2026-02-11 13:57:49 Image size of job updated: 791444
	666  -  MemoryUsage of job (MB)
	681160  -  ResidentSetSize of job (KB)
...
006 (15988842.806.000) 2026-02-11 14:02:50 Image size of job updated: 791444
	666  -  MemoryUsage of job (MB)
	681200  -  ResidentSetSize of job (KB)
...
006 (15988842.806.000) 2026-02-11 14:07:50 Image size of job updated: 791444
	666  -  MemoryUsage of job (MB)
	681532  -  ResidentSetSize of job (KB)
...
006 (15988842.806.000) 2026-02-11 14:12:51 Image size of job updated: 791444
	666  -  MemoryUsage of job (MB)
	681768  -  ResidentSetSize of job (KB)
...
006 (15988842.806.000) 2026-02-11 14:17:51 Image size of job updated: 791444
	666  -  MemoryUsage of job (MB)
	681780  -  ResidentSetSize of job (KB)
...
006 (15988842.806.000) 2026-02-11 14:27:52 Image size of job updated: 791444
	666  -  MemoryUsage of job (MB)
	681820  -  ResidentSetSize of job (KB)
...
006 (15988842.806.000) 2026-02-11 15:27:58 Image size of job updated: 791444
	666  -  MemoryUsage of job (MB)
	681852  -  ResidentSetSize of job (KB)
...
006 (15988842.806.000) 2026-02-11 16:03:02 Image size of job updated: 791444
	666  -  MemoryUsage of job (MB)
	681880  -  ResidentSetSize of job (KB)
...
006 (15988842.806.000) 2026-02-11 16:08:03 Image size of job updated: 791444
	666  -  MemoryUsage of job (MB)
	681928  -  ResidentSetSize of job (KB)
...
006 (15988842.806.000) 2026-02-11 19:13:21 Image size of job updated: 791444
	666  -  MemoryUsage of job (MB)
	681968  -  ResidentSetSize of job (KB)
...
006 (15988842.806.000) 2026-02-11 19:18:22 Image size of job updated: 791444
	667  -  MemoryUsage of job (MB)
	682092  -  ResidentSetSize of job (KB)
...
006 (15988842.806.000) 2026-02-11 21:48:38 Image size of job updated: 791444
	667  -  MemoryUsage of job (MB)
	682096  -  ResidentSetSize of job (KB)
...
006 (15988842.806.000) 2026-02-12 03:34:06 Image size of job updated: 791444
	667  -  MemoryUsage of job (MB)
	682136  -  ResidentSetSize of job (KB)
...
006 (15988842.806.000) 2026-02-12 06:24:22 Image size of job updated: 791444
	667  -  MemoryUsage of job (MB)
	682168  -  ResidentSetSize of job (KB)
...
006 (15988842.806.000) 2026-02-12 06:59:26 Image size of job updated: 791444
	667  -  MemoryUsage of job (MB)
	682272  -  ResidentSetSize of job (KB)
...
006 (15988842.806.000) 2026-02-12 07:14:27 Image size of job updated: 791444
	667  -  MemoryUsage of job (MB)
	682424  -  ResidentSetSize of job (KB)
...
006 (15988842.806.000) 2026-02-12 08:04:33 Image size of job updated: 791444
	667  -  MemoryUsage of job (MB)
	682464  -  ResidentSetSize of job (KB)
...
006 (15988842.806.000) 2026-02-12 08:14:34 Image size of job updated: 791444
	667  -  MemoryUsage of job (MB)
	682680  -  ResidentSetSize of job (KB)
...
006 (15988842.806.000) 2026-02-12 08:39:37 Image size of job updated: 791444
	667  -  MemoryUsage of job (MB)
	682776  -  ResidentSetSize of job (KB)
...
006 (15988842.806.000) 2026-02-12 08:54:38 Image size of job updated: 791444
	667  -  MemoryUsage of job (MB)
	682936  -  ResidentSetSize of job (KB)
...
