000 (15756407.1314.000) 2026-02-06 11:26:14 Job submitted from host: <141.34.103.35:9618?addrs=141.34.103.35-9618+[2001-638-700-f067--1-23]-9618&alias=wgs39.zeuthen.desy.de&noUDP&sock=schedd_7414_f73f>
...
009 (15756407.1314.000) 2026-02-10 11:42:45 Job was aborted.
	via condor_rm (by user tuccia)
...
000 (15949294.876.000) 2026-02-10 11:45:21 Job submitted from host: <141.34.103.35:9618?addrs=141.34.103.35-9618+[2001-638-700-f067--1-23]-9618&alias=wgs39.zeuthen.desy.de&noUDP&sock=schedd_7302_24a3>
...
009 (15949294.876.000) 2026-02-10 11:45:47 Job was aborted.
	via condor_rm (by user tuccia)
...
000 (15949295.876.000) 2026-02-10 11:46:05 Job submitted from host: <141.34.103.35:9618?addrs=141.34.103.35-9618+[2001-638-700-f067--1-23]-9618&alias=wgs39.zeuthen.desy.de&noUDP&sock=schedd_7302_24a3>
...
001 (15949295.876.000) 2026-02-15 21:49:20 Job executing on host: <141.34.15.200:9618?addrs=141.34.15.200-9618+[2001-638-700-f00f--1-c8]-9618&alias=pizza02.zeuthen.desy.de&noUDP&sock=startd_8244_46da>
	SlotName: slot1_9@pizza02.zeuthen.desy.de
	CondorScratchDir = "/batch/dir_613415"
	Cpus = 8
	Disk = 1025696
	GPUs = 0
	Memory = 16384
...
006 (15949295.876.000) 2026-02-15 21:49:33 Image size of job updated: 109468
	107  -  MemoryUsage of job (MB)
	109468  -  ResidentSetSize of job (KB)
...
006 (15949295.876.000) 2026-02-15 21:54:33 Image size of job updated: 925436
	598  -  MemoryUsage of job (MB)
	611404  -  ResidentSetSize of job (KB)
...
006 (15949295.876.000) 2026-02-15 21:59:34 Image size of job updated: 925436
	601  -  MemoryUsage of job (MB)
	614824  -  ResidentSetSize of job (KB)
...
006 (15949295.876.000) 2026-02-15 22:04:34 Image size of job updated: 925436
	610  -  MemoryUsage of job (MB)
	624596  -  ResidentSetSize of job (KB)
...
006 (15949295.876.000) 2026-02-15 22:09:34 Image size of job updated: 925436
	729  -  MemoryUsage of job (MB)
	745636  -  ResidentSetSize of job (KB)
...
006 (15949295.876.000) 2026-02-15 22:14:35 Image size of job updated: 925436
	775  -  MemoryUsage of job (MB)
	793248  -  ResidentSetSize of job (KB)
...
006 (15949295.876.000) 2026-02-15 22:19:35 Image size of job updated: 925436
	784  -  MemoryUsage of job (MB)
	802584  -  ResidentSetSize of job (KB)
...
006 (15949295.876.000) 2026-02-15 22:29:36 Image size of job updated: 925436
	804  -  MemoryUsage of job (MB)
	822284  -  ResidentSetSize of job (KB)
...
006 (15949295.876.000) 2026-02-15 23:09:38 Image size of job updated: 925436
	822  -  MemoryUsage of job (MB)
	841092  -  ResidentSetSize of job (KB)
...
006 (15949295.876.000) 2026-02-15 23:39:40 Image size of job updated: 925436
	824  -  MemoryUsage of job (MB)
	843136  -  ResidentSetSize of job (KB)
...
006 (15949295.876.000) 2026-02-15 23:54:41 Image size of job updated: 925436
	826  -  MemoryUsage of job (MB)
	845380  -  ResidentSetSize of job (KB)
...
006 (15949295.876.000) 2026-02-15 23:59:42 Image size of job updated: 925436
	844  -  MemoryUsage of job (MB)
	863756  -  ResidentSetSize of job (KB)
...
006 (15949295.876.000) 2026-02-16 00:04:42 Image size of job updated: 925436
	856  -  MemoryUsage of job (MB)
	876072  -  ResidentSetSize of job (KB)
...
006 (15949295.876.000) 2026-02-16 00:14:43 Image size of job updated: 925436
	868  -  MemoryUsage of job (MB)
	888744  -  ResidentSetSize of job (KB)
...
006 (15949295.876.000) 2026-02-16 00:19:43 Image size of job updated: 925436
	869  -  MemoryUsage of job (MB)
	888892  -  ResidentSetSize of job (KB)
...
006 (15949295.876.000) 2026-02-16 01:44:52 Image size of job updated: 925436
	869  -  MemoryUsage of job (MB)
	888904  -  ResidentSetSize of job (KB)
...
006 (15949295.876.000) 2026-02-16 01:59:54 Image size of job updated: 925436
	869  -  MemoryUsage of job (MB)
	889068  -  ResidentSetSize of job (KB)
...
006 (15949295.876.000) 2026-02-16 04:25:13 Image size of job updated: 925436
	869  -  MemoryUsage of job (MB)
	889172  -  ResidentSetSize of job (KB)
...
006 (15949295.876.000) 2026-02-16 05:05:18 Image size of job updated: 925436
	872  -  MemoryUsage of job (MB)
	892872  -  ResidentSetSize of job (KB)
...
006 (15949295.876.000) 2026-02-16 05:55:25 Image size of job updated: 925436
	882  -  MemoryUsage of job (MB)
	902988  -  ResidentSetSize of job (KB)
...
006 (15949295.876.000) 2026-02-16 06:00:26 Image size of job updated: 925436
	882  -  MemoryUsage of job (MB)
	903152  -  ResidentSetSize of job (KB)
...
006 (15949295.876.000) 2026-02-16 07:50:40 Image size of job updated: 925436
	893  -  MemoryUsage of job (MB)
	913800  -  ResidentSetSize of job (KB)
...
006 (15949295.876.000) 2026-02-16 07:55:41 Image size of job updated: 925436
	893  -  MemoryUsage of job (MB)
	913952  -  ResidentSetSize of job (KB)
...
006 (15949295.876.000) 2026-02-16 08:10:43 Image size of job updated: 925436
	894  -  MemoryUsage of job (MB)
	914904  -  ResidentSetSize of job (KB)
...
006 (15949295.876.000) 2026-02-16 10:00:55 Image size of job updated: 925436
	895  -  MemoryUsage of job (MB)
	915920  -  ResidentSetSize of job (KB)
...
006 (15949295.876.000) 2026-02-16 11:16:05 Image size of job updated: 925436
	895  -  MemoryUsage of job (MB)
	916352  -  ResidentSetSize of job (KB)
...
006 (15949295.876.000) 2026-02-16 11:21:05 Image size of job updated: 925436
	895  -  MemoryUsage of job (MB)
	916408  -  ResidentSetSize of job (KB)
...
006 (15949295.876.000) 2026-02-16 11:31:07 Image size of job updated: 925436
	897  -  MemoryUsage of job (MB)
	918332  -  ResidentSetSize of job (KB)
...
006 (15949295.876.000) 2026-02-16 11:41:07 Image size of job updated: 925436
	901  -  MemoryUsage of job (MB)
	921888  -  ResidentSetSize of job (KB)
...
006 (15949295.876.000) 2026-02-16 11:51:08 Image size of job updated: 925436
	902  -  MemoryUsage of job (MB)
	923020  -  ResidentSetSize of job (KB)
...
006 (15949295.876.000) 2026-02-16 11:56:08 Image size of job updated: 925436
	902  -  MemoryUsage of job (MB)
	923048  -  ResidentSetSize of job (KB)
...
006 (15949295.876.000) 2026-02-16 14:11:21 Image size of job updated: 976672
	921  -  MemoryUsage of job (MB)
	942628  -  ResidentSetSize of job (KB)
...
006 (15949295.876.000) 2026-02-16 14:16:21 Image size of job updated: 976872
	921  -  MemoryUsage of job (MB)
	942836  -  ResidentSetSize of job (KB)
...
006 (15949295.876.000) 2026-02-16 14:21:22 Image size of job updated: 982528
	960  -  MemoryUsage of job (MB)
	982528  -  ResidentSetSize of job (KB)
...
004 (15949295.876.000) 2026-02-16 17:16:24 Job was evicted.
	(0) CPU times
		Usr 2 07:41:35, Sys 0 00:22:12  -  Run Remote Usage
		Usr 0 00:00:00, Sys 0 00:00:00  -  Run Local Usage
	0  -  Run Bytes Sent By Job
	0  -  Run Bytes Received By Job
	Partitionable Resources :    Usage  Request Allocated 
	   Cpus                 :     0.99        8         8 
	   Disk (KB)            :     1     1024000   1025696 
	   GPUs                 :                           0 
	   Memory (MB)          :   960       16384     16384 
	   TimeExecute (s)      : 70022                       
	   TimeSlotBusy (s)     : 70024                       
...
009 (15949295.876.000) 2026-02-16 17:16:24 Job was aborted.
	via condor_rm (by user tuccia)
...
000 (16309093.138.000) 2026-02-18 10:41:48 Job submitted from host: <141.34.103.35:9618?addrs=141.34.103.35-9618+[2001-638-700-f067--1-23]-9618&alias=wgs39.zeuthen.desy.de&noUDP&sock=schedd_7302_24a3>
...
001 (16309093.138.000) 2026-02-18 10:42:04 Job executing on host: <141.34.15.178:9618?addrs=141.34.15.178-9618+[2001-638-700-f00f--1-b2]-9618&alias=genoa03.zeuthen.desy.de&noUDP&sock=startd_10467_11e2>
	SlotName: slot1_4@genoa03.zeuthen.desy.de
	CondorScratchDir = "/batch/dir_800391"
	Cpus = 1
	Disk = 1025697
	GPUs = 0
	Memory = 5120
...
006 (16309093.138.000) 2026-02-18 10:42:17 Image size of job updated: 107412
	105  -  MemoryUsage of job (MB)
	107412  -  ResidentSetSize of job (KB)
...
006 (16309093.138.000) 2026-02-18 10:47:17 Image size of job updated: 677492
	586  -  MemoryUsage of job (MB)
	599156  -  ResidentSetSize of job (KB)
...
006 (16309093.138.000) 2026-02-18 10:57:19 Image size of job updated: 677492
	586  -  MemoryUsage of job (MB)
	599372  -  ResidentSetSize of job (KB)
...
006 (16309093.138.000) 2026-02-18 11:07:20 Image size of job updated: 677492
	586  -  MemoryUsage of job (MB)
	599488  -  ResidentSetSize of job (KB)
...
006 (16309093.138.000) 2026-02-18 11:12:21 Image size of job updated: 677492
	588  -  MemoryUsage of job (MB)
	601308  -  ResidentSetSize of job (KB)
...
006 (16309093.138.000) 2026-02-18 11:17:21 Image size of job updated: 677492
	588  -  MemoryUsage of job (MB)
	601532  -  ResidentSetSize of job (KB)
...
006 (16309093.138.000) 2026-02-18 11:22:22 Image size of job updated: 677492
	589  -  MemoryUsage of job (MB)
	602444  -  ResidentSetSize of job (KB)
...
006 (16309093.138.000) 2026-02-18 11:27:23 Image size of job updated: 677492
	589  -  MemoryUsage of job (MB)
	602596  -  ResidentSetSize of job (KB)
...
006 (16309093.138.000) 2026-02-18 11:32:23 Image size of job updated: 677492
	590  -  MemoryUsage of job (MB)
	604152  -  ResidentSetSize of job (KB)
...
006 (16309093.138.000) 2026-02-18 12:02:26 Image size of job updated: 677492
	594  -  MemoryUsage of job (MB)
	607688  -  ResidentSetSize of job (KB)
...
006 (16309093.138.000) 2026-02-18 12:12:27 Image size of job updated: 677492
	595  -  MemoryUsage of job (MB)
	609192  -  ResidentSetSize of job (KB)
...
006 (16309093.138.000) 2026-02-18 12:22:28 Image size of job updated: 677492
	596  -  MemoryUsage of job (MB)
	609592  -  ResidentSetSize of job (KB)
...
006 (16309093.138.000) 2026-02-18 12:27:29 Image size of job updated: 677492
	599  -  MemoryUsage of job (MB)
	613180  -  ResidentSetSize of job (KB)
...
006 (16309093.138.000) 2026-02-18 12:32:29 Image size of job updated: 677492
	600  -  MemoryUsage of job (MB)
	613700  -  ResidentSetSize of job (KB)
...
006 (16309093.138.000) 2026-02-18 12:37:29 Image size of job updated: 677492
	610  -  MemoryUsage of job (MB)
	624392  -  ResidentSetSize of job (KB)
...
006 (16309093.138.000) 2026-02-18 13:37:35 Image size of job updated: 677492
	622  -  MemoryUsage of job (MB)
	636900  -  ResidentSetSize of job (KB)
...
006 (16309093.138.000) 2026-02-18 13:42:36 Image size of job updated: 678192
	663  -  MemoryUsage of job (MB)
	678192  -  ResidentSetSize of job (KB)
...
006 (16309093.138.000) 2026-02-18 13:47:37 Image size of job updated: 678396
	663  -  MemoryUsage of job (MB)
	678396  -  ResidentSetSize of job (KB)
...
006 (16309093.138.000) 2026-02-18 14:02:39 Image size of job updated: 680476
	665  -  MemoryUsage of job (MB)
	680476  -  ResidentSetSize of job (KB)
...
006 (16309093.138.000) 2026-02-18 14:07:39 Image size of job updated: 680628
	665  -  MemoryUsage of job (MB)
	680628  -  ResidentSetSize of job (KB)
...
006 (16309093.138.000) 2026-02-19 02:13:59 Image size of job updated: 680684
	665  -  MemoryUsage of job (MB)
	680684  -  ResidentSetSize of job (KB)
...
006 (16309093.138.000) 2026-02-19 13:30:04 Image size of job updated: 680900
	665  -  MemoryUsage of job (MB)
	680900  -  ResidentSetSize of job (KB)
...
006 (16309093.138.000) 2026-02-19 19:05:36 Image size of job updated: 680944
	665  -  MemoryUsage of job (MB)
	680944  -  ResidentSetSize of job (KB)
...
006 (16309093.138.000) 2026-02-19 19:45:39 Image size of job updated: 681128
	666  -  MemoryUsage of job (MB)
	681128  -  ResidentSetSize of job (KB)
...
006 (16309093.138.000) 2026-02-19 20:25:42 Image size of job updated: 681184
	666  -  MemoryUsage of job (MB)
	681184  -  ResidentSetSize of job (KB)
...
022 (16309093.138.000) 2026-02-20 03:44:36 Job disconnected, attempting to reconnect
    Local schedd and job shadow died, schedd now running again
    Trying to reconnect to slot1_4@genoa03.zeuthen.desy.de <141.34.15.178:9618?addrs=141.34.15.178-9618+[2001-638-700-f00f--1-b2]-9618&alias=genoa03.zeuthen.desy.de&noUDP&sock=startd_10467_11e2>
...
023 (16309093.138.000) 2026-02-20 03:44:44 Job reconnected to slot1_4@genoa03.zeuthen.desy.de
    startd address: <141.34.15.178:9618?addrs=141.34.15.178-9618+[2001-638-700-f00f--1-b2]-9618&alias=genoa03.zeuthen.desy.de&noUDP&sock=startd_10467_11e2>
    starter address: <141.34.15.178:9618?addrs=141.34.15.178-9618+[2001-638-700-f00f--1-b2]-9618&alias=genoa03.zeuthen.desy.de&noUDP&sock=slot1_4_11072_f9bb_29358>
...
021 (16309093.138.000) 2026-02-20 10:42:07 Error from starter on slot1_4@genoa03.zeuthen.desy.de:
	runtime exceeded maximum (target.Runtime seconds)
	Code 21 Subcode 103
...
004 (16309093.138.000) 2026-02-20 10:42:07 Job was evicted.
	(0) CPU times
		Usr 1 23:30:43, Sys 0 00:00:37  -  Run Remote Usage
		Usr 0 00:00:00, Sys 0 00:00:00  -  Run Local Usage
	0  -  Run Bytes Sent By Job
	0  -  Run Bytes Received By Job
	Error from slot1_4@genoa03.zeuthen.desy.de: runtime exceeded maximum (target.Runtime seconds)
	Partitionable Resources :         Usage  Request Allocated 
	   Cpus                 :          0.99        1         1 
	   Disk (KB)            :          1     1024000   1025697 
	   Memory (MB)          :        733        5120      5120 
	   TimeSlotBusy (s)     : 1771580527                       
...
012 (16309093.138.000) 2026-02-20 10:42:07 Job was held.
	Error from slot1_4@genoa03.zeuthen.desy.de: runtime exceeded maximum (target.Runtime seconds)
	Code 21 Subcode 103
...
009 (16309093.138.000) 2026-02-23 19:29:01 Job was aborted.
	via condor_rm (by user tuccia)
...
000 (16619873.138.000) 2026-02-23 19:31:49 Job submitted from host: <141.34.103.35:9618?addrs=141.34.103.35-9618+[2001-638-700-f067--1-23]-9618&alias=wgs39.zeuthen.desy.de&noUDP&sock=schedd_7302_24a3>
...
001 (16619873.138.000) 2026-02-23 19:31:50 Job executing on host: <141.34.15.220:9618?addrs=141.34.15.220-9618+[2001-638-700-f00f--1-dc]-9618&alias=pizza28.zeuthen.desy.de&noUDP&sock=startd_9080_b407>
	SlotName: slot1_11@pizza28.zeuthen.desy.de
	CondorScratchDir = "/batch/dir_620282"
	Cpus = 1
	Disk = 1025696
	GPUs = 0
	Memory = 5120
...
006 (16619873.138.000) 2026-02-23 19:32:04 Image size of job updated: 109360
	107  -  MemoryUsage of job (MB)
	109360  -  ResidentSetSize of job (KB)
...
006 (16619873.138.000) 2026-02-23 19:37:05 Image size of job updated: 857828
	596  -  MemoryUsage of job (MB)
	609580  -  ResidentSetSize of job (KB)
...
006 (16619873.138.000) 2026-02-23 20:17:08 Image size of job updated: 857828
	620  -  MemoryUsage of job (MB)
	634028  -  ResidentSetSize of job (KB)
...
006 (16619873.138.000) 2026-02-23 20:22:09 Image size of job updated: 857828
	620  -  MemoryUsage of job (MB)
	634344  -  ResidentSetSize of job (KB)
...
006 (16619873.138.000) 2026-02-23 20:27:09 Image size of job updated: 857828
	620  -  MemoryUsage of job (MB)
	634496  -  ResidentSetSize of job (KB)
...
006 (16619873.138.000) 2026-02-23 20:42:10 Image size of job updated: 857828
	621  -  MemoryUsage of job (MB)
	635072  -  ResidentSetSize of job (KB)
...
006 (16619873.138.000) 2026-02-23 20:47:10 Image size of job updated: 857828
	621  -  MemoryUsage of job (MB)
	635500  -  ResidentSetSize of job (KB)
...
006 (16619873.138.000) 2026-02-24 03:07:49 Image size of job updated: 857828
	629  -  MemoryUsage of job (MB)
	643472  -  ResidentSetSize of job (KB)
...
006 (16619873.138.000) 2026-02-24 03:12:49 Image size of job updated: 857828
	663  -  MemoryUsage of job (MB)
	678908  -  ResidentSetSize of job (KB)
...
006 (16619873.138.000) 2026-02-24 03:17:49 Image size of job updated: 857828
	664  -  MemoryUsage of job (MB)
	679088  -  ResidentSetSize of job (KB)
...
006 (16619873.138.000) 2026-02-24 03:37:51 Image size of job updated: 857828
	664  -  MemoryUsage of job (MB)
	679376  -  ResidentSetSize of job (KB)
...
006 (16619873.138.000) 2026-02-24 03:42:52 Image size of job updated: 857828
	664  -  MemoryUsage of job (MB)
	679516  -  ResidentSetSize of job (KB)
...
006 (16619873.138.000) 2026-02-24 03:52:53 Image size of job updated: 857828
	664  -  MemoryUsage of job (MB)
	679744  -  ResidentSetSize of job (KB)
...
006 (16619873.138.000) 2026-02-24 03:57:54 Image size of job updated: 857828
	664  -  MemoryUsage of job (MB)
	679772  -  ResidentSetSize of job (KB)
...
022 (16619873.138.000) 2026-02-24 08:04:13 Job disconnected, attempting to reconnect
    Local schedd and job shadow died, schedd now running again
    Trying to reconnect to slot1_11@pizza28.zeuthen.desy.de <141.34.15.220:9618?addrs=141.34.15.220-9618+[2001-638-700-f00f--1-dc]-9618&alias=pizza28.zeuthen.desy.de&noUDP&sock=startd_9080_b407>
...
023 (16619873.138.000) 2026-02-24 08:04:23 Job reconnected to slot1_11@pizza28.zeuthen.desy.de
    startd address: <141.34.15.220:9618?addrs=141.34.15.220-9618+[2001-638-700-f00f--1-dc]-9618&alias=pizza28.zeuthen.desy.de&noUDP&sock=startd_9080_b407>
    starter address: <141.34.15.220:9618?addrs=141.34.15.220-9618+[2001-638-700-f00f--1-dc]-9618&alias=pizza28.zeuthen.desy.de&noUDP&sock=slot1_11_9562_0b3e_3040>
...
005 (16619873.138.000) 2026-02-27 19:20:11 Job terminated.
	(1) Normal termination (return value 0)
		Usr 3 22:43:53, Sys 0 00:00:22  -  Run Remote Usage
		Usr 0 00:00:00, Sys 0 00:00:00  -  Run Local Usage
		Usr 4 10:48:56, Sys 0 00:00:25  -  Total Remote Usage
		Usr 0 00:00:00, Sys 0 00:00:00  -  Total Local Usage
	0  -  Run Bytes Sent By Job
	0  -  Run Bytes Received By Job
	0  -  Total Bytes Sent By Job
	0  -  Total Bytes Received By Job
	Partitionable Resources :         Usage  Request Allocated 
	   Cpus                 :          0.99        1         1 
	   Disk (KB)            :          1     1024000   1025696 
	   Memory (MB)          :        733        5120      5120 
	   TimeExecute (s)      : 1772216411                       
	   TimeSlotBusy (s)     : 1772216411                       

	Job terminated of its own accord at 2026-02-27T18:20:11Z with exit-code 0.
...
