000 (15756408.1467.000) 2026-02-06 11:27:01 Job submitted from host: <141.34.103.35:9618?addrs=141.34.103.35-9618+[2001-638-700-f067--1-23]-9618&alias=wgs39.zeuthen.desy.de&noUDP&sock=schedd_7414_f73f>
...
009 (15756408.1467.000) 2026-02-10 11:47:49 Job was aborted.
	via condor_rm (by user tuccia)
...
000 (15951004.978.000) 2026-02-10 16:30:11 Job submitted from host: <141.34.103.35:9618?addrs=141.34.103.35-9618+[2001-638-700-f067--1-23]-9618&alias=wgs39.zeuthen.desy.de&noUDP&sock=schedd_7302_24a3>
...
001 (15951004.978.000) 2026-02-11 04:14:36 Job executing on host: <141.34.103.52:9618?addrs=141.34.103.52-9618+[2001-638-700-f067--1-34]-9618&alias=wgs42.zeuthen.desy.de&noUDP&sock=startd_9894_0a1e>
	SlotName: slot1_26@wgs42.zeuthen.desy.de
	CondorScratchDir = "/batch/dir_1677142"
	Cpus = 1
	Disk = 1025025
	GPUs = 0
	Memory = 5120
...
006 (15951004.978.000) 2026-02-11 04:14:49 Image size of job updated: 109360
	107  -  MemoryUsage of job (MB)
	109360  -  ResidentSetSize of job (KB)
...
006 (15951004.978.000) 2026-02-11 04:19:49 Image size of job updated: 1047676
	595  -  MemoryUsage of job (MB)
	608832  -  ResidentSetSize of job (KB)
...
006 (15951004.978.000) 2026-02-11 04:24:49 Image size of job updated: 1047676
	604  -  MemoryUsage of job (MB)
	617540  -  ResidentSetSize of job (KB)
...
006 (15951004.978.000) 2026-02-11 04:29:50 Image size of job updated: 1047676
	648  -  MemoryUsage of job (MB)
	663040  -  ResidentSetSize of job (KB)
...
006 (15951004.978.000) 2026-02-11 04:34:50 Image size of job updated: 1047676
	651  -  MemoryUsage of job (MB)
	666192  -  ResidentSetSize of job (KB)
...
006 (15951004.978.000) 2026-02-11 04:49:51 Image size of job updated: 1047676
	651  -  MemoryUsage of job (MB)
	666196  -  ResidentSetSize of job (KB)
...
006 (15951004.978.000) 2026-02-11 05:14:55 Image size of job updated: 1047676
	653  -  MemoryUsage of job (MB)
	668448  -  ResidentSetSize of job (KB)
...
006 (15951004.978.000) 2026-02-11 06:10:00 Image size of job updated: 1047676
	653  -  MemoryUsage of job (MB)
	668524  -  ResidentSetSize of job (KB)
...
006 (15951004.978.000) 2026-02-11 07:25:08 Image size of job updated: 1047676
	653  -  MemoryUsage of job (MB)
	668536  -  ResidentSetSize of job (KB)
...
006 (15951004.978.000) 2026-02-11 09:00:18 Image size of job updated: 1047676
	653  -  MemoryUsage of job (MB)
	668544  -  ResidentSetSize of job (KB)
...
006 (15951004.978.000) 2026-02-11 09:05:18 Image size of job updated: 1047676
	654  -  MemoryUsage of job (MB)
	668700  -  ResidentSetSize of job (KB)
...
