000 (15756404.1257.000) 2026-02-06 11:24:37 Job submitted from host: <141.34.103.35:9618?addrs=141.34.103.35-9618+[2001-638-700-f067--1-23]-9618&alias=wgs39.zeuthen.desy.de&noUDP&sock=schedd_7414_f73f>
...
001 (15756404.1257.000) 2026-02-07 12:28:22 Job executing on host: <141.34.15.205:9618?addrs=141.34.15.205-9618+[2001-638-700-f00f--1-cd]-9618&alias=pizza07.zeuthen.desy.de&noUDP&sock=startd_9068_78e4>
	SlotName: slot1_3@pizza07.zeuthen.desy.de
	CondorScratchDir = "/batch/dir_3986807"
	Cpus = 8
	Disk = 1025696
	GPUs = 0
	Memory = 16384
...
006 (15756404.1257.000) 2026-02-07 12:28:36 Image size of job updated: 109484
	107  -  MemoryUsage of job (MB)
	109484  -  ResidentSetSize of job (KB)
...
006 (15756404.1257.000) 2026-02-07 12:33:37 Image size of job updated: 875312
	592  -  MemoryUsage of job (MB)
	605688  -  ResidentSetSize of job (KB)
...
005 (15756404.1257.000) 2026-02-07 13:57:53 Job terminated.
	(1) Normal termination (return value 0)
		Usr 0 04:24:29, Sys 0 02:11:51  -  Run Remote Usage
		Usr 0 00:00:00, Sys 0 00:00:00  -  Run Local Usage
		Usr 0 04:24:29, Sys 0 02:11:51  -  Total Remote Usage
		Usr 0 00:00:00, Sys 0 00:00:00  -  Total Local Usage
	0  -  Run Bytes Sent By Job
	0  -  Run Bytes Received By Job
	0  -  Total Bytes Sent By Job
	0  -  Total Bytes Received By Job
	Partitionable Resources :    Usage  Request Allocated 
	   Cpus                 :     6.14        8         8 
	   Disk (KB)            :     1     1024000   1025696 
	   GPUs                 :                           0 
	   Memory (MB)          :   592       16384     16384 
	   TimeExecute (s)      :  5371                       
	   TimeSlotBusy (s)     :  5371                       

	Job terminated of its own accord at 2026-02-07T12:57:53Z with exit-code 0.
...
