000 (15756407.1209.000) 2026-02-06 11:26:13 Job submitted from host: <141.34.103.35:9618?addrs=141.34.103.35-9618+[2001-638-700-f067--1-23]-9618&alias=wgs39.zeuthen.desy.de&noUDP&sock=schedd_7414_f73f>
...
009 (15756407.1209.000) 2026-02-10 11:42:44 Job was aborted.
	via condor_rm (by user tuccia)
...
000 (15949294.806.000) 2026-02-10 11:45:21 Job submitted from host: <141.34.103.35:9618?addrs=141.34.103.35-9618+[2001-638-700-f067--1-23]-9618&alias=wgs39.zeuthen.desy.de&noUDP&sock=schedd_7302_24a3>
...
009 (15949294.806.000) 2026-02-10 11:45:47 Job was aborted.
	via condor_rm (by user tuccia)
...
000 (15949295.806.000) 2026-02-10 11:46:05 Job submitted from host: <141.34.103.35:9618?addrs=141.34.103.35-9618+[2001-638-700-f067--1-23]-9618&alias=wgs39.zeuthen.desy.de&noUDP&sock=schedd_7302_24a3>
...
001 (15949295.806.000) 2026-02-14 12:28:12 Job executing on host: <141.34.103.51:9618?addrs=141.34.103.51-9618+[2001-638-700-f067--1-33]-9618&alias=wgs41.zeuthen.desy.de&noUDP&sock=startd_7782_6219>
	SlotName: slot1_5@wgs41.zeuthen.desy.de
	CondorScratchDir = "/batch/dir_2140017"
	Cpus = 8
	Disk = 1025025
	GPUs = 0
	Memory = 16384
...
006 (15949295.806.000) 2026-02-14 12:28:26 Image size of job updated: 73668
	72  -  MemoryUsage of job (MB)
	73668  -  ResidentSetSize of job (KB)
...
006 (15949295.806.000) 2026-02-14 12:33:27 Image size of job updated: 1046216
	579  -  MemoryUsage of job (MB)
	592056  -  ResidentSetSize of job (KB)
...
006 (15949295.806.000) 2026-02-14 12:38:27 Image size of job updated: 1046216
	585  -  MemoryUsage of job (MB)
	598068  -  ResidentSetSize of job (KB)
...
006 (15949295.806.000) 2026-02-14 12:43:28 Image size of job updated: 1046216
	585  -  MemoryUsage of job (MB)
	598352  -  ResidentSetSize of job (KB)
...
006 (15949295.806.000) 2026-02-14 12:48:29 Image size of job updated: 1046216
	592  -  MemoryUsage of job (MB)
	605280  -  ResidentSetSize of job (KB)
...
006 (15949295.806.000) 2026-02-14 12:53:29 Image size of job updated: 1046216
	622  -  MemoryUsage of job (MB)
	636156  -  ResidentSetSize of job (KB)
...
006 (15949295.806.000) 2026-02-14 12:58:30 Image size of job updated: 1046216
	658  -  MemoryUsage of job (MB)
	673680  -  ResidentSetSize of job (KB)
...
006 (15949295.806.000) 2026-02-14 13:08:31 Image size of job updated: 1046216
	694  -  MemoryUsage of job (MB)
	709980  -  ResidentSetSize of job (KB)
...
006 (15949295.806.000) 2026-02-14 13:13:32 Image size of job updated: 1046216
	725  -  MemoryUsage of job (MB)
	741824  -  ResidentSetSize of job (KB)
...
006 (15949295.806.000) 2026-02-14 13:28:34 Image size of job updated: 1046216
	746  -  MemoryUsage of job (MB)
	763224  -  ResidentSetSize of job (KB)
...
006 (15949295.806.000) 2026-02-14 13:33:34 Image size of job updated: 1046216
	751  -  MemoryUsage of job (MB)
	768424  -  ResidentSetSize of job (KB)
...
006 (15949295.806.000) 2026-02-14 13:38:35 Image size of job updated: 1046216
	752  -  MemoryUsage of job (MB)
	769580  -  ResidentSetSize of job (KB)
...
006 (15949295.806.000) 2026-02-14 13:48:36 Image size of job updated: 1046216
	758  -  MemoryUsage of job (MB)
	775480  -  ResidentSetSize of job (KB)
...
006 (15949295.806.000) 2026-02-14 13:53:37 Image size of job updated: 1046216
	859  -  MemoryUsage of job (MB)
	879004  -  ResidentSetSize of job (KB)
...
006 (15949295.806.000) 2026-02-15 00:34:43 Image size of job updated: 1046216
	865  -  MemoryUsage of job (MB)
	884836  -  ResidentSetSize of job (KB)
...
006 (15949295.806.000) 2026-02-15 04:00:04 Image size of job updated: 1046216
	881  -  MemoryUsage of job (MB)
	901324  -  ResidentSetSize of job (KB)
...
006 (15949295.806.000) 2026-02-15 04:05:05 Image size of job updated: 1046216
	898  -  MemoryUsage of job (MB)
	918884  -  ResidentSetSize of job (KB)
...
006 (15949295.806.000) 2026-02-15 04:15:05 Image size of job updated: 1046216
	908  -  MemoryUsage of job (MB)
	929744  -  ResidentSetSize of job (KB)
...
006 (15949295.806.000) 2026-02-15 04:20:06 Image size of job updated: 1046216
	924  -  MemoryUsage of job (MB)
	945248  -  ResidentSetSize of job (KB)
...
006 (15949295.806.000) 2026-02-15 05:15:12 Image size of job updated: 1046216
	943  -  MemoryUsage of job (MB)
	965012  -  ResidentSetSize of job (KB)
...
006 (15949295.806.000) 2026-02-15 05:20:13 Image size of job updated: 1046216
	948  -  MemoryUsage of job (MB)
	969904  -  ResidentSetSize of job (KB)
...
006 (15949295.806.000) 2026-02-15 07:10:20 Image size of job updated: 1046216
	956  -  MemoryUsage of job (MB)
	978208  -  ResidentSetSize of job (KB)
...
006 (15949295.806.000) 2026-02-16 11:23:24 Image size of job updated: 1046216
	957  -  MemoryUsage of job (MB)
	979580  -  ResidentSetSize of job (KB)
...
021 (15949295.806.000) 2026-02-16 12:28:17 Error from starter on slot1_5@wgs41.zeuthen.desy.de:
	runtime exceeded maximum (target.Runtime seconds)
	Code 21 Subcode 103
...
004 (15949295.806.000) 2026-02-16 12:28:17 Job was evicted.
	(0) CPU times
		Usr 4 09:52:52, Sys 0 19:36:55  -  Run Remote Usage
		Usr 0 00:00:00, Sys 0 00:00:00  -  Run Local Usage
	0  -  Run Bytes Sent By Job
	0  -  Run Bytes Received By Job
	Error from slot1_5@wgs41.zeuthen.desy.de: runtime exceeded maximum (target.Runtime seconds)
	Partitionable Resources :     Usage  Request Allocated 
	   Cpus                 :      0.99        8         8 
	   Disk (KB)            :      1     1024000   1025025 
	   GPUs                 :                            0 
	   Memory (MB)          :    957       16384     16384 
	   TimeSlotBusy (s)     : 172805                       
...
012 (15949295.806.000) 2026-02-16 12:28:17 Job was held.
	Error from slot1_5@wgs41.zeuthen.desy.de: runtime exceeded maximum (target.Runtime seconds)
	Code 21 Subcode 103
...
009 (15949295.806.000) 2026-02-16 17:16:26 Job was aborted.
	via condor_rm (by user tuccia)
...
