000 (15756404.1277.000) 2026-02-06 11:24:37 Job submitted from host: <141.34.103.35:9618?addrs=141.34.103.35-9618+[2001-638-700-f067--1-23]-9618&alias=wgs39.zeuthen.desy.de&noUDP&sock=schedd_7414_f73f>
...
001 (15756404.1277.000) 2026-02-07 13:05:27 Job executing on host: <141.34.15.42:9618?addrs=141.34.15.42-9618+[2001-638-700-f00f--1-2a]-9618&alias=pizza13.zeuthen.desy.de&noUDP&sock=startd_8168_25a7>
	SlotName: slot1_5@pizza13.zeuthen.desy.de
	CondorScratchDir = "/batch/dir_592313"
	Cpus = 8
	Disk = 1025696
	GPUs = 0
	Memory = 16384
...
006 (15756404.1277.000) 2026-02-07 13:05:40 Image size of job updated: 109420
	107  -  MemoryUsage of job (MB)
	109420  -  ResidentSetSize of job (KB)
...
006 (15756404.1277.000) 2026-02-07 13:10:40 Image size of job updated: 2300904
	2247  -  MemoryUsage of job (MB)
	2300904  -  ResidentSetSize of job (KB)
...
006 (15756404.1277.000) 2026-02-07 13:15:41 Image size of job updated: 2338136
	2284  -  MemoryUsage of job (MB)
	2338136  -  ResidentSetSize of job (KB)
...
006 (15756404.1277.000) 2026-02-07 13:20:41 Image size of job updated: 2359564
	2305  -  MemoryUsage of job (MB)
	2359564  -  ResidentSetSize of job (KB)
...
006 (15756404.1277.000) 2026-02-07 13:25:41 Image size of job updated: 2367304
	2305  -  MemoryUsage of job (MB)
	2359564  -  ResidentSetSize of job (KB)
...
006 (15756404.1277.000) 2026-02-07 13:30:42 Image size of job updated: 2371564
	2305  -  MemoryUsage of job (MB)
	2359564  -  ResidentSetSize of job (KB)
...
006 (15756404.1277.000) 2026-02-07 13:35:43 Image size of job updated: 2375140
	2305  -  MemoryUsage of job (MB)
	2359564  -  ResidentSetSize of job (KB)
...
006 (15756404.1277.000) 2026-02-07 13:40:43 Image size of job updated: 2375808
	2305  -  MemoryUsage of job (MB)
	2359564  -  ResidentSetSize of job (KB)
...
006 (15756404.1277.000) 2026-02-07 13:50:45 Image size of job updated: 2375808
	2316  -  MemoryUsage of job (MB)
	2370656  -  ResidentSetSize of job (KB)
...
006 (15756404.1277.000) 2026-02-07 13:55:45 Image size of job updated: 2376184
	2316  -  MemoryUsage of job (MB)
	2370656  -  ResidentSetSize of job (KB)
...
006 (15756404.1277.000) 2026-02-07 14:05:47 Image size of job updated: 2376452
	2316  -  MemoryUsage of job (MB)
	2370656  -  ResidentSetSize of job (KB)
...
006 (15756404.1277.000) 2026-02-07 14:10:47 Image size of job updated: 2376616
	2316  -  MemoryUsage of job (MB)
	2370656  -  ResidentSetSize of job (KB)
...
006 (15756404.1277.000) 2026-02-07 14:20:48 Image size of job updated: 2377296
	2316  -  MemoryUsage of job (MB)
	2370656  -  ResidentSetSize of job (KB)
...
006 (15756404.1277.000) 2026-02-07 14:25:48 Image size of job updated: 2377832
	2316  -  MemoryUsage of job (MB)
	2370656  -  ResidentSetSize of job (KB)
...
006 (15756404.1277.000) 2026-02-07 14:30:48 Image size of job updated: 2378180
	2321  -  MemoryUsage of job (MB)
	2375764  -  ResidentSetSize of job (KB)
...
006 (15756404.1277.000) 2026-02-07 14:35:50 Image size of job updated: 2378268
	2321  -  MemoryUsage of job (MB)
	2375764  -  ResidentSetSize of job (KB)
...
006 (15756404.1277.000) 2026-02-07 14:40:50 Image size of job updated: 2378500
	2321  -  MemoryUsage of job (MB)
	2375764  -  ResidentSetSize of job (KB)
...
006 (15756404.1277.000) 2026-02-07 15:20:54 Image size of job updated: 2378884
	2321  -  MemoryUsage of job (MB)
	2375764  -  ResidentSetSize of job (KB)
...
006 (15756404.1277.000) 2026-02-07 15:35:55 Image size of job updated: 2379348
	2321  -  MemoryUsage of job (MB)
	2375764  -  ResidentSetSize of job (KB)
...
006 (15756404.1277.000) 2026-02-07 15:50:56 Image size of job updated: 2379516
	2321  -  MemoryUsage of job (MB)
	2375764  -  ResidentSetSize of job (KB)
...
006 (15756404.1277.000) 2026-02-07 16:21:00 Image size of job updated: 2379744
	2321  -  MemoryUsage of job (MB)
	2375764  -  ResidentSetSize of job (KB)
...
006 (15756404.1277.000) 2026-02-07 16:26:01 Image size of job updated: 2379744
	2321  -  MemoryUsage of job (MB)
	2375972  -  ResidentSetSize of job (KB)
...
006 (15756404.1277.000) 2026-02-07 16:31:02 Image size of job updated: 2380152
	2321  -  MemoryUsage of job (MB)
	2375972  -  ResidentSetSize of job (KB)
...
006 (15756404.1277.000) 2026-02-07 16:56:03 Image size of job updated: 2380176
	2321  -  MemoryUsage of job (MB)
	2375972  -  ResidentSetSize of job (KB)
...
006 (15756404.1277.000) 2026-02-07 17:01:04 Image size of job updated: 2380420
	2321  -  MemoryUsage of job (MB)
	2375972  -  ResidentSetSize of job (KB)
...
006 (15756404.1277.000) 2026-02-07 18:41:15 Image size of job updated: 2380420
	2321  -  MemoryUsage of job (MB)
	2376144  -  ResidentSetSize of job (KB)
...
006 (15756404.1277.000) 2026-02-07 18:46:15 Image size of job updated: 2380420
	2323  -  MemoryUsage of job (MB)
	2378688  -  ResidentSetSize of job (KB)
...
006 (15756404.1277.000) 2026-02-07 20:56:28 Image size of job updated: 2380420
	2324  -  MemoryUsage of job (MB)
	2378756  -  ResidentSetSize of job (KB)
...
006 (15756404.1277.000) 2026-02-07 21:06:30 Image size of job updated: 2380656
	2324  -  MemoryUsage of job (MB)
	2378756  -  ResidentSetSize of job (KB)
...
006 (15756404.1277.000) 2026-02-07 21:16:31 Image size of job updated: 2380712
	2324  -  MemoryUsage of job (MB)
	2378756  -  ResidentSetSize of job (KB)
...
006 (15756404.1277.000) 2026-02-07 21:36:33 Image size of job updated: 2381104
	2324  -  MemoryUsage of job (MB)
	2378756  -  ResidentSetSize of job (KB)
...
006 (15756404.1277.000) 2026-02-07 21:56:34 Image size of job updated: 2381320
	2324  -  MemoryUsage of job (MB)
	2378756  -  ResidentSetSize of job (KB)
...
006 (15756404.1277.000) 2026-02-07 22:21:37 Image size of job updated: 2381504
	2324  -  MemoryUsage of job (MB)
	2378756  -  ResidentSetSize of job (KB)
...
006 (15756404.1277.000) 2026-02-07 22:41:40 Image size of job updated: 2381584
	2324  -  MemoryUsage of job (MB)
	2378756  -  ResidentSetSize of job (KB)
...
006 (15756404.1277.000) 2026-02-07 22:51:40 Image size of job updated: 2382268
	2324  -  MemoryUsage of job (MB)
	2378756  -  ResidentSetSize of job (KB)
...
006 (15756404.1277.000) 2026-02-07 23:01:41 Image size of job updated: 2382372
	2324  -  MemoryUsage of job (MB)
	2378756  -  ResidentSetSize of job (KB)
...
006 (15756404.1277.000) 2026-02-07 23:41:45 Image size of job updated: 2382372
	2327  -  MemoryUsage of job (MB)
	2381984  -  ResidentSetSize of job (KB)
...
006 (15756404.1277.000) 2026-02-07 23:46:46 Image size of job updated: 2382372
	2327  -  MemoryUsage of job (MB)
	2381988  -  ResidentSetSize of job (KB)
...
006 (15756404.1277.000) 2026-02-07 23:51:46 Image size of job updated: 2382420
	2327  -  MemoryUsage of job (MB)
	2381988  -  ResidentSetSize of job (KB)
...
006 (15756404.1277.000) 2026-02-07 23:56:47 Image size of job updated: 2382820
	2327  -  MemoryUsage of job (MB)
	2381988  -  ResidentSetSize of job (KB)
...
006 (15756404.1277.000) 2026-02-08 00:06:48 Image size of job updated: 2383480
	2327  -  MemoryUsage of job (MB)
	2381988  -  ResidentSetSize of job (KB)
...
006 (15756404.1277.000) 2026-02-08 07:02:30 Image size of job updated: 2383764
	2327  -  MemoryUsage of job (MB)
	2381988  -  ResidentSetSize of job (KB)
...
006 (15756404.1277.000) 2026-02-08 07:07:30 Image size of job updated: 2384028
	2327  -  MemoryUsage of job (MB)
	2381988  -  ResidentSetSize of job (KB)
...
006 (15756404.1277.000) 2026-02-08 07:12:31 Image size of job updated: 2384104
	2327  -  MemoryUsage of job (MB)
	2381988  -  ResidentSetSize of job (KB)
...
006 (15756404.1277.000) 2026-02-08 13:58:13 Image size of job updated: 2384104
	2328  -  MemoryUsage of job (MB)
	2383852  -  ResidentSetSize of job (KB)
...
006 (15756404.1277.000) 2026-02-08 14:03:13 Image size of job updated: 2384104
	2328  -  MemoryUsage of job (MB)
	2383856  -  ResidentSetSize of job (KB)
...
006 (15756404.1277.000) 2026-02-09 11:25:21 Image size of job updated: 2384176
	2328  -  MemoryUsage of job (MB)
	2383856  -  ResidentSetSize of job (KB)
...
021 (15756404.1277.000) 2026-02-09 13:05:29 Error from starter on slot1_5@pizza13.zeuthen.desy.de:
	runtime exceeded maximum (target.Runtime seconds)
	Code 21 Subcode 103
...
004 (15756404.1277.000) 2026-02-09 13:05:29 Job was evicted.
	(0) CPU times
		Usr 3 17:34:32, Sys 0 13:45:23  -  Run Remote Usage
		Usr 0 00:00:00, Sys 0 00:00:00  -  Run Local Usage
	0  -  Run Bytes Sent By Job
	0  -  Run Bytes Received By Job
	Error from slot1_5@pizza13.zeuthen.desy.de: runtime exceeded maximum (target.Runtime seconds)
	Partitionable Resources :     Usage  Request Allocated 
	   Cpus                 :      0.99        8         8 
	   Disk (KB)            :      1     1024000   1025696 
	   GPUs                 :                            0 
	   Memory (MB)          :   2328       16384     16384 
	   TimeSlotBusy (s)     : 172802                       
...
012 (15756404.1277.000) 2026-02-09 13:05:29 Job was held.
	Error from slot1_5@pizza13.zeuthen.desy.de: runtime exceeded maximum (target.Runtime seconds)
	Code 21 Subcode 103
...
009 (15756404.1277.000) 2026-02-10 11:42:28 Job was aborted.
	via condor_rm (by user tuccia)
...
