000 (15756404.1289.000) 2026-02-06 11:24:37 Job submitted from host: <141.34.103.35:9618?addrs=141.34.103.35-9618+[2001-638-700-f067--1-23]-9618&alias=wgs39.zeuthen.desy.de&noUDP&sock=schedd_7414_f73f>
...
001 (15756404.1289.000) 2026-02-07 19:06:20 Job executing on host: <141.34.15.46:9618?addrs=141.34.15.46-9618+[2001-638-700-f00f--1-2e]-9618&alias=pizza17.zeuthen.desy.de&noUDP&sock=startd_8231_5c1f>
	SlotName: slot1_4@pizza17.zeuthen.desy.de
	CondorScratchDir = "/batch/dir_1137420"
	Cpus = 8
	Disk = 1025696
	GPUs = 0
	Memory = 16384
...
006 (15756404.1289.000) 2026-02-07 19:06:33 Image size of job updated: 109408
	107  -  MemoryUsage of job (MB)
	109408  -  ResidentSetSize of job (KB)
...
006 (15756404.1289.000) 2026-02-07 19:11:33 Image size of job updated: 2296388
	2243  -  MemoryUsage of job (MB)
	2296388  -  ResidentSetSize of job (KB)
...
006 (15756404.1289.000) 2026-02-07 19:16:34 Image size of job updated: 2333208
	2279  -  MemoryUsage of job (MB)
	2333208  -  ResidentSetSize of job (KB)
...
006 (15756404.1289.000) 2026-02-07 19:21:35 Image size of job updated: 2351544
	2279  -  MemoryUsage of job (MB)
	2333208  -  ResidentSetSize of job (KB)
...
006 (15756404.1289.000) 2026-02-07 19:26:35 Image size of job updated: 2354176
	2279  -  MemoryUsage of job (MB)
	2333208  -  ResidentSetSize of job (KB)
...
006 (15756404.1289.000) 2026-02-07 19:31:36 Image size of job updated: 2356616
	2279  -  MemoryUsage of job (MB)
	2333208  -  ResidentSetSize of job (KB)
...
006 (15756404.1289.000) 2026-02-07 19:36:37 Image size of job updated: 2361180
	2279  -  MemoryUsage of job (MB)
	2333208  -  ResidentSetSize of job (KB)
...
006 (15756404.1289.000) 2026-02-07 19:41:37 Image size of job updated: 2361680
	2287  -  MemoryUsage of job (MB)
	2341432  -  ResidentSetSize of job (KB)
...
006 (15756404.1289.000) 2026-02-07 19:46:38 Image size of job updated: 2362304
	2299  -  MemoryUsage of job (MB)
	2354088  -  ResidentSetSize of job (KB)
...
006 (15756404.1289.000) 2026-02-07 19:51:39 Image size of job updated: 2362304
	2299  -  MemoryUsage of job (MB)
	2354092  -  ResidentSetSize of job (KB)
...
006 (15756404.1289.000) 2026-02-07 20:01:39 Image size of job updated: 2362612
	2299  -  MemoryUsage of job (MB)
	2354092  -  ResidentSetSize of job (KB)
...
006 (15756404.1289.000) 2026-02-07 20:16:40 Image size of job updated: 2362972
	2299  -  MemoryUsage of job (MB)
	2354092  -  ResidentSetSize of job (KB)
...
006 (15756404.1289.000) 2026-02-07 20:26:41 Image size of job updated: 2362980
	2299  -  MemoryUsage of job (MB)
	2354092  -  ResidentSetSize of job (KB)
...
006 (15756404.1289.000) 2026-02-07 20:46:42 Image size of job updated: 2362980
	2300  -  MemoryUsage of job (MB)
	2354508  -  ResidentSetSize of job (KB)
...
006 (15756404.1289.000) 2026-02-07 20:56:43 Image size of job updated: 2363132
	2300  -  MemoryUsage of job (MB)
	2354508  -  ResidentSetSize of job (KB)
...
006 (15756404.1289.000) 2026-02-07 21:06:44 Image size of job updated: 2363160
	2300  -  MemoryUsage of job (MB)
	2354508  -  ResidentSetSize of job (KB)
...
006 (15756404.1289.000) 2026-02-07 21:16:45 Image size of job updated: 2363656
	2300  -  MemoryUsage of job (MB)
	2354508  -  ResidentSetSize of job (KB)
...
006 (15756404.1289.000) 2026-02-07 21:21:46 Image size of job updated: 2364484
	2300  -  MemoryUsage of job (MB)
	2354508  -  ResidentSetSize of job (KB)
...
006 (15756404.1289.000) 2026-02-07 21:41:49 Image size of job updated: 2364636
	2300  -  MemoryUsage of job (MB)
	2354508  -  ResidentSetSize of job (KB)
...
006 (15756404.1289.000) 2026-02-07 21:56:51 Image size of job updated: 2364636
	2308  -  MemoryUsage of job (MB)
	2362532  -  ResidentSetSize of job (KB)
...
006 (15756404.1289.000) 2026-02-07 22:01:51 Image size of job updated: 2365044
	2308  -  MemoryUsage of job (MB)
	2362532  -  ResidentSetSize of job (KB)
...
006 (15756404.1289.000) 2026-02-07 22:06:51 Image size of job updated: 2365208
	2308  -  MemoryUsage of job (MB)
	2362532  -  ResidentSetSize of job (KB)
...
006 (15756404.1289.000) 2026-02-07 22:31:53 Image size of job updated: 2365280
	2308  -  MemoryUsage of job (MB)
	2362532  -  ResidentSetSize of job (KB)
...
006 (15756404.1289.000) 2026-02-07 22:41:54 Image size of job updated: 2365836
	2308  -  MemoryUsage of job (MB)
	2362532  -  ResidentSetSize of job (KB)
...
006 (15756404.1289.000) 2026-02-07 22:51:54 Image size of job updated: 2365852
	2308  -  MemoryUsage of job (MB)
	2362532  -  ResidentSetSize of job (KB)
...
006 (15756404.1289.000) 2026-02-07 23:06:55 Image size of job updated: 2365852
	2308  -  MemoryUsage of job (MB)
	2363020  -  ResidentSetSize of job (KB)
...
006 (15756404.1289.000) 2026-02-07 23:11:56 Image size of job updated: 2365912
	2308  -  MemoryUsage of job (MB)
	2363020  -  ResidentSetSize of job (KB)
...
006 (15756404.1289.000) 2026-02-07 23:16:57 Image size of job updated: 2366128
	2308  -  MemoryUsage of job (MB)
	2363020  -  ResidentSetSize of job (KB)
...
006 (15756404.1289.000) 2026-02-08 01:27:11 Image size of job updated: 2366444
	2308  -  MemoryUsage of job (MB)
	2363084  -  ResidentSetSize of job (KB)
...
006 (15756404.1289.000) 2026-02-08 01:37:12 Image size of job updated: 2366872
	2308  -  MemoryUsage of job (MB)
	2363084  -  ResidentSetSize of job (KB)
...
006 (15756404.1289.000) 2026-02-08 02:07:15 Image size of job updated: 2367256
	2308  -  MemoryUsage of job (MB)
	2363084  -  ResidentSetSize of job (KB)
...
006 (15756404.1289.000) 2026-02-08 02:42:18 Image size of job updated: 2367992
	2308  -  MemoryUsage of job (MB)
	2363084  -  ResidentSetSize of job (KB)
...
006 (15756404.1289.000) 2026-02-08 03:02:21 Image size of job updated: 2368020
	2308  -  MemoryUsage of job (MB)
	2363084  -  ResidentSetSize of job (KB)
...
006 (15756404.1289.000) 2026-02-08 03:07:21 Image size of job updated: 2368100
	2308  -  MemoryUsage of job (MB)
	2363084  -  ResidentSetSize of job (KB)
...
006 (15756404.1289.000) 2026-02-08 03:12:22 Image size of job updated: 2368332
	2308  -  MemoryUsage of job (MB)
	2363084  -  ResidentSetSize of job (KB)
...
006 (15756404.1289.000) 2026-02-08 03:32:24 Image size of job updated: 2368524
	2308  -  MemoryUsage of job (MB)
	2363084  -  ResidentSetSize of job (KB)
...
006 (15756404.1289.000) 2026-02-08 03:37:24 Image size of job updated: 2368584
	2308  -  MemoryUsage of job (MB)
	2363084  -  ResidentSetSize of job (KB)
...
006 (15756404.1289.000) 2026-02-08 03:47:25 Image size of job updated: 2368720
	2308  -  MemoryUsage of job (MB)
	2363084  -  ResidentSetSize of job (KB)
...
006 (15756404.1289.000) 2026-02-08 03:52:25 Image size of job updated: 2368720
	2308  -  MemoryUsage of job (MB)
	2363200  -  ResidentSetSize of job (KB)
...
006 (15756404.1289.000) 2026-02-08 04:07:26 Image size of job updated: 2368912
	2308  -  MemoryUsage of job (MB)
	2363200  -  ResidentSetSize of job (KB)
...
006 (15756404.1289.000) 2026-02-08 04:17:27 Image size of job updated: 2369068
	2308  -  MemoryUsage of job (MB)
	2363200  -  ResidentSetSize of job (KB)
...
006 (15756404.1289.000) 2026-02-08 04:27:28 Image size of job updated: 2369292
	2308  -  MemoryUsage of job (MB)
	2363200  -  ResidentSetSize of job (KB)
...
006 (15756404.1289.000) 2026-02-08 04:52:32 Image size of job updated: 2369856
	2308  -  MemoryUsage of job (MB)
	2363200  -  ResidentSetSize of job (KB)
...
006 (15756404.1289.000) 2026-02-08 05:07:33 Image size of job updated: 2369856
	2313  -  MemoryUsage of job (MB)
	2367532  -  ResidentSetSize of job (KB)
...
006 (15756404.1289.000) 2026-02-08 05:12:33 Image size of job updated: 2370040
	2313  -  MemoryUsage of job (MB)
	2367532  -  ResidentSetSize of job (KB)
...
006 (15756404.1289.000) 2026-02-08 05:27:34 Image size of job updated: 2370468
	2313  -  MemoryUsage of job (MB)
	2367532  -  ResidentSetSize of job (KB)
...
006 (15756404.1289.000) 2026-02-08 11:53:10 Image size of job updated: 2370468
	2314  -  MemoryUsage of job (MB)
	2369316  -  ResidentSetSize of job (KB)
...
006 (15756404.1289.000) 2026-02-08 11:58:11 Image size of job updated: 2371024
	2314  -  MemoryUsage of job (MB)
	2369316  -  ResidentSetSize of job (KB)
...
006 (15756404.1289.000) 2026-02-08 18:18:48 Image size of job updated: 2371024
	2316  -  MemoryUsage of job (MB)
	2370648  -  ResidentSetSize of job (KB)
...
006 (15756404.1289.000) 2026-02-09 00:54:29 Image size of job updated: 2371072
	2316  -  MemoryUsage of job (MB)
	2370648  -  ResidentSetSize of job (KB)
...
006 (15756404.1289.000) 2026-02-09 07:25:08 Image size of job updated: 2371180
	2316  -  MemoryUsage of job (MB)
	2370648  -  ResidentSetSize of job (KB)
...
006 (15756404.1289.000) 2026-02-09 15:00:50 Image size of job updated: 2371268
	2316  -  MemoryUsage of job (MB)
	2370648  -  ResidentSetSize of job (KB)
...
021 (15756404.1289.000) 2026-02-09 19:06:25 Error from starter on slot1_4@pizza17.zeuthen.desy.de:
	runtime exceeded maximum (target.Runtime seconds)
	Code 21 Subcode 103
...
004 (15756404.1289.000) 2026-02-09 19:06:25 Job was evicted.
	(0) CPU times
		Usr 3 08:58:36, Sys 0 08:08:00  -  Run Remote Usage
		Usr 0 00:00:00, Sys 0 00:00:00  -  Run Local Usage
	0  -  Run Bytes Sent By Job
	0  -  Run Bytes Received By Job
	Error from slot1_4@pizza17.zeuthen.desy.de: runtime exceeded maximum (target.Runtime seconds)
	Partitionable Resources :     Usage  Request Allocated 
	   Cpus                 :      7.93        8         8 
	   Disk (KB)            :      1     1024000   1025696 
	   GPUs                 :                            0 
	   Memory (MB)          :   2316       16384     16384 
	   TimeSlotBusy (s)     : 172805                       
...
012 (15756404.1289.000) 2026-02-09 19:06:25 Job was held.
	Error from slot1_4@pizza17.zeuthen.desy.de: runtime exceeded maximum (target.Runtime seconds)
	Code 21 Subcode 103
...
009 (15756404.1289.000) 2026-02-10 11:42:28 Job was aborted.
	via condor_rm (by user tuccia)
...
