~~~~~~~~~~~~~~~~~~~~~~~~~~~~~~

n_qubits: 150, 
r: 72, 
alpha: 0.001, 
shots: 100000, 
ansatz: linear_cnot, 
layer: 1, 
tau: 0.3

time for simulated annealing:  149.43792295455933
Rank 1: Bitstring=000111010000010100010100100100111000100010111011010000100111101111100101001011101101011000100011001101001011100011001010111000111010011000011100100001, Decimal=161791043485212780562184573691825359390607137, Energy=-123.5871
Rank 2: Bitstring=000111010000010100010100100100111000100110111011010000100111101111100101001011101101011000100011001001001011100011001010111000111000011000011100100001, Decimal=161791043486510854776818280597832083565545249, Energy=-123.4749
Rank 3: Bitstring=000111010000010100010100101100111000110010111011010000100111101111100101001011101101011000100011001101001011100011001010111000111010011000011100100001, Decimal=161791054124229043700046384550812337962583841, Energy=-123.3515
Rank 4: Bitstring=000111000000010100010100100100111000100010111011010000100111101111100101001011101101011000100011001101001011100011001010111000111010011100011100100001, Decimal=156215857185580124776800644123663269014128417, Energy=-123.3421
Rank 5: Bitstring=000111010000010100010100100100111000100010111111010000101111101111100101001011101101011000100011001101001011100011001000111000111010011000011100100001, Decimal=161791043485233072875308539645291503687403297, Energy=-123.2411
Rank 6: Bitstring=000111010000010100010100101100111000110110111011010000100111101111100101001011101101011000100011001001001011100011001010111000111000011000011100100001, Decimal=161791054125527117914680091456819062137521953, Energy=-123.2393
Rank 7: Bitstring=000111000000010100010100100100111000100110111011010000100111101111100101001011101101011000100011001001001011100011001010111000111000011100011100100001, Decimal=156215857186878198991434351029669993189066529, Energy=-123.2299
Rank 8: Bitstring=000111010000010100010100100100111000100010110011010000100111101111100101001011101101011000100011001101001011100011101010111000111010011000011100100001, Decimal=161791043485172215742977270350977499247773473, Energy=-123.2183
Rank 9: Bitstring=000111010000010100010100100100111000100010111011010000100101101111100101001011101101011000000011001101001011100011001110111000011010011000011100100001, Decimal=161791043485212778086304494544604061575513889, Energy=-123.1791
Rank 10: Bitstring=000111010000010100010100100100111000100110111111010000101111101111100101001011101101011000100011001001001011100011001000111000111000011000011100100001, Decimal=161791043486531147089942246551298227862341409, Energy=-123.1289

E_min from simulated annealing:  -123.5871
Minimum energy: -123.5871
States with energy within 1e-08 of minimum: [161791043485212780562184573691825359390607137]
4


################## Start optimization with initial parameters: [0. 0. 0. 0. 0. 0. 0. 0. 0. 0. 0. 0. 0. 0. 0. 0. 0. 0. 0. 0. 0. 0. 0. 0.
 0. 0. 0. 0. 0. 0. 0. 0. 0. 0. 0. 0. 0. 0. 0. 0. 0. 0. 0. 0. 0. 0. 0. 0.
 0. 0. 0. 0. 0. 0. 0. 0. 0. 0. 0. 0. 0. 0. 0. 0. 0. 0. 0. 0. 0. 0. 0. 0.
 0. 0. 0. 0. 0. 0. 0. 0. 0. 0. 0. 0. 0. 0. 0. 0. 0. 0. 0. 0. 0. 0. 0. 0.
 0. 0. 0. 0. 0. 0. 0. 0. 0. 0. 0. 0. 0. 0. 0. 0. 0. 0. 0. 0. 0. 0. 0. 0.
 0. 0. 0. 0. 0. 0. 0. 0. 0. 0. 0. 0. 0. 0. 0. 0. 0. 0. 0. 0. 0. 0. 0. 0.
 0. 0. 0. 0. 0. 0. 0. 0. 0. 0. 0. 0. 0. 0. 0. 0. 0. 0. 0. 0. 0. 0. 0. 0.
 0. 0. 0. 0. 0. 0. 0. 0. 0. 0. 0. 0. 0. 0. 0. 0. 0. 0. 0. 0. 0. 0. 0. 0.
 0. 0. 0. 0. 0. 0. 0. 0. 0. 0. 0. 0. 0. 0. 0. 0. 0. 0. 0. 0. 0. 0. 0. 0.
 0. 0. 0. 0. 0. 0. 0. 0. 0. 0. 0. 0. 0. 0. 0. 0. 0. 0. 0. 0. 0. 0. 0. 0.
 0. 0. 0. 0. 0. 0. 0. 0. 0. 0. 0. 0. 0. 0. 0. 0. 0. 0. 0. 0. 0. 0. 0. 0.
 0. 0. 0. 0. 0. 0. 0. 0. 0. 0. 0. 0. 0. 0. 0. 0. 0. 0. 0. 0. 0. 0. 0. 0.
 0. 0. 0. 0. 0. 0. 0. 0. 0. 0. 0. 0. 0. 0. 0. 0. 0. 0. 0. 0. 0. 0. 0. 0.
 0. 0. 0. 0. 0. 0. 0. 0. 0. 0. 0. 0. 0. 0. 0. 0. 0. 0. 0. 0. 0. 0. 0. 0.
 0. 0. 0. 0. 0. 0. 0. 0. 0. 0. 0. 0. 0. 0. 0. 0. 0. 0. 0. 0. 0. 0. 0. 0.
 0. 0. 0. 0. 0. 0. 0. 0. 0. 0. 0. 0. 0. 0. 0. 0. 0. 0. 0. 0. 0. 0. 0. 0.
 0. 0. 0. 0. 0. 0. 0. 0. 0. 0. 0. 0. 0. 0. 0. 0. 0. 0. 0. 0. 0. 0. 0. 0.
 0. 0. 0. 0. 0. 0. 0. 0. 0. 0. 0. 0. 0. 0. 0. 0. 0. 0. 0. 0. 0. 0. 0. 0.
 0. 0. 0. 0. 0. 0. 0. 0. 0. 0. 0. 0. 0. 0. 0. 0. 0. 0. 0. 0. 0. 0. 0. 0.
 0. 0. 0. 0. 0. 0. 0. 0. 0. 0. 0. 0. 0. 0. 0. 0. 0. 0. 0. 0. 0. 0. 0. 0.
 0. 0. 0. 0. 0. 0. 0. 0. 0. 0. 0. 0. 0. 0. 0. 0. 0. 0. 0. 0. 0. 0. 0. 0.
 0. 0. 0. 0. 0. 0. 0. 0. 0. 0. 0. 0. 0. 0. 0. 0. 0. 0. 0. 0. 0. 0. 0. 0.
 0. 0. 0. 0. 0. 0. 0. 0. 0. 0. 0. 0. 0. 0. 0. 0. 0. 0. 0. 0. 0. 0. 0. 0.
 0. 0. 0. 0. 0. 0. 0. 0. 0. 0. 0. 0. 0. 0. 0. 0. 0. 0. 0. 0. 0. 0. 0. 0.
 0. 0. 0. 0. 0. 0. 0. 0. 0. 0. 0. 0. 0. 0. 0. 0. 0. 0. 0. 0. 0. 0. 0. 0.]
Write sucessfully to ./data/data_shots_100000_layer_1/alpha_0.001/N_150/r_72/ansatz_type_linear_cnot/initialization_zeros

vqe.cvar_eval[0]: -37.112447999999944 , min_cvar: -54.253151999999915 , opt_cvar: -54.253151999999915

vqe.poss_eval[-1]: 0 vqe.poss_eval[0] 0  , max_poss: 0 , opt_poss: 0

vqe.r_eval[-1]: 0.43044330678525444 vqe.r_eval[0]: 0.30029386562189697 max_r: 0.43898717584602204 , min_r: 0.2878475989807992
