000 (15756408.1299.000) 2026-02-06 11:27:00 Job submitted from host: <141.34.103.35:9618?addrs=141.34.103.35-9618+[2001-638-700-f067--1-23]-9618&alias=wgs39.zeuthen.desy.de&noUDP&sock=schedd_7414_f73f>
...
009 (15756408.1299.000) 2026-02-10 11:47:46 Job was aborted.
	via condor_rm (by user tuccia)
...
000 (15951004.866.000) 2026-02-10 16:30:10 Job submitted from host: <141.34.103.35:9618?addrs=141.34.103.35-9618+[2001-638-700-f067--1-23]-9618&alias=wgs39.zeuthen.desy.de&noUDP&sock=schedd_7302_24a3>
...
001 (15951004.866.000) 2026-02-11 04:11:35 Job executing on host: <141.34.15.42:9618?addrs=141.34.15.42-9618+[2001-638-700-f00f--1-2a]-9618&alias=pizza13.zeuthen.desy.de&noUDP&sock=startd_8168_25a7>
	SlotName: slot1_8@pizza13.zeuthen.desy.de
	CondorScratchDir = "/batch/dir_3721107"
	Cpus = 1
	Disk = 1025696
	GPUs = 0
	Memory = 5120
...
006 (15951004.866.000) 2026-02-11 04:11:49 Image size of job updated: 109360
	107  -  MemoryUsage of job (MB)
	109360  -  ResidentSetSize of job (KB)
...
006 (15951004.866.000) 2026-02-11 04:16:50 Image size of job updated: 1033472
	623  -  MemoryUsage of job (MB)
	637680  -  ResidentSetSize of job (KB)
...
006 (15951004.866.000) 2026-02-11 04:21:51 Image size of job updated: 1033472
	631  -  MemoryUsage of job (MB)
	645832  -  ResidentSetSize of job (KB)
...
006 (15951004.866.000) 2026-02-11 04:26:51 Image size of job updated: 1033472
	677  -  MemoryUsage of job (MB)
	692440  -  ResidentSetSize of job (KB)
...
006 (15951004.866.000) 2026-02-11 04:31:52 Image size of job updated: 1033472
	677  -  MemoryUsage of job (MB)
	692620  -  ResidentSetSize of job (KB)
...
006 (15951004.866.000) 2026-02-11 04:36:53 Image size of job updated: 1033472
	680  -  MemoryUsage of job (MB)
	695636  -  ResidentSetSize of job (KB)
...
006 (15951004.866.000) 2026-02-11 04:51:55 Image size of job updated: 1033472
	682  -  MemoryUsage of job (MB)
	697920  -  ResidentSetSize of job (KB)
...
006 (15951004.866.000) 2026-02-11 05:21:59 Image size of job updated: 1033472
	682  -  MemoryUsage of job (MB)
	698020  -  ResidentSetSize of job (KB)
...
006 (15951004.866.000) 2026-02-11 05:26:59 Image size of job updated: 1033472
	682  -  MemoryUsage of job (MB)
	698132  -  ResidentSetSize of job (KB)
...
