000 (15756407.1267.000) 2026-02-06 11:26:13 Job submitted from host: <141.34.103.35:9618?addrs=141.34.103.35-9618+[2001-638-700-f067--1-23]-9618&alias=wgs39.zeuthen.desy.de&noUDP&sock=schedd_7414_f73f>
...
009 (15756407.1267.000) 2026-02-10 11:42:45 Job was aborted.
	via condor_rm (by user tuccia)
...
000 (15949294.845.000) 2026-02-10 11:45:21 Job submitted from host: <141.34.103.35:9618?addrs=141.34.103.35-9618+[2001-638-700-f067--1-23]-9618&alias=wgs39.zeuthen.desy.de&noUDP&sock=schedd_7302_24a3>
...
009 (15949294.845.000) 2026-02-10 11:45:47 Job was aborted.
	via condor_rm (by user tuccia)
...
000 (15949295.845.000) 2026-02-10 11:46:05 Job submitted from host: <141.34.103.35:9618?addrs=141.34.103.35-9618+[2001-638-700-f067--1-23]-9618&alias=wgs39.zeuthen.desy.de&noUDP&sock=schedd_7302_24a3>
...
001 (15949295.845.000) 2026-02-15 16:42:36 Job executing on host: <141.34.15.73:9618?addrs=141.34.15.73-9618+[2001-638-700-f00f--1-49]-9618&alias=bladek0.zeuthen.desy.de&noUDP&sock=startd_10940_822e>
	SlotName: slot1_2@bladek0.zeuthen.desy.de
	CondorScratchDir = "/batch/dir_1598508"
	Cpus = 8
	Disk = 1025024
	GPUs = 0
	Memory = 16384
...
006 (15949295.845.000) 2026-02-15 16:42:49 Image size of job updated: 107340
	105  -  MemoryUsage of job (MB)
	107340  -  ResidentSetSize of job (KB)
...
006 (15949295.845.000) 2026-02-15 16:47:49 Image size of job updated: 951592
	722  -  MemoryUsage of job (MB)
	739056  -  ResidentSetSize of job (KB)
...
006 (15949295.845.000) 2026-02-15 16:52:50 Image size of job updated: 951592
	722  -  MemoryUsage of job (MB)
	739060  -  ResidentSetSize of job (KB)
...
006 (15949295.845.000) 2026-02-15 16:57:50 Image size of job updated: 951592
	728  -  MemoryUsage of job (MB)
	745200  -  ResidentSetSize of job (KB)
...
006 (15949295.845.000) 2026-02-15 17:12:51 Image size of job updated: 951592
	729  -  MemoryUsage of job (MB)
	746408  -  ResidentSetSize of job (KB)
...
006 (15949295.845.000) 2026-02-15 17:52:55 Image size of job updated: 951592
	730  -  MemoryUsage of job (MB)
	747316  -  ResidentSetSize of job (KB)
...
006 (15949295.845.000) 2026-02-15 17:57:56 Image size of job updated: 951592
	733  -  MemoryUsage of job (MB)
	749860  -  ResidentSetSize of job (KB)
...
006 (15949295.845.000) 2026-02-15 18:17:58 Image size of job updated: 951592
	744  -  MemoryUsage of job (MB)
	761148  -  ResidentSetSize of job (KB)
...
006 (15949295.845.000) 2026-02-15 19:18:05 Image size of job updated: 951592
	745  -  MemoryUsage of job (MB)
	761880  -  ResidentSetSize of job (KB)
...
006 (15949295.845.000) 2026-02-15 19:58:08 Image size of job updated: 951592
	745  -  MemoryUsage of job (MB)
	762184  -  ResidentSetSize of job (KB)
...
006 (15949295.845.000) 2026-02-15 20:13:09 Image size of job updated: 951592
	745  -  MemoryUsage of job (MB)
	762440  -  ResidentSetSize of job (KB)
...
006 (15949295.845.000) 2026-02-15 20:18:10 Image size of job updated: 951592
	745  -  MemoryUsage of job (MB)
	762556  -  ResidentSetSize of job (KB)
...
006 (15949295.845.000) 2026-02-15 20:23:10 Image size of job updated: 951592
	746  -  MemoryUsage of job (MB)
	763304  -  ResidentSetSize of job (KB)
...
006 (15949295.845.000) 2026-02-15 20:28:11 Image size of job updated: 951592
	747  -  MemoryUsage of job (MB)
	763940  -  ResidentSetSize of job (KB)
...
006 (15949295.845.000) 2026-02-15 20:33:12 Image size of job updated: 951592
	747  -  MemoryUsage of job (MB)
	764564  -  ResidentSetSize of job (KB)
...
006 (15949295.845.000) 2026-02-15 20:38:12 Image size of job updated: 951592
	747  -  MemoryUsage of job (MB)
	764756  -  ResidentSetSize of job (KB)
...
006 (15949295.845.000) 2026-02-15 20:43:13 Image size of job updated: 951592
	748  -  MemoryUsage of job (MB)
	765580  -  ResidentSetSize of job (KB)
...
006 (15949295.845.000) 2026-02-15 20:48:14 Image size of job updated: 951592
	748  -  MemoryUsage of job (MB)
	765776  -  ResidentSetSize of job (KB)
...
006 (15949295.845.000) 2026-02-15 20:53:14 Image size of job updated: 951592
	749  -  MemoryUsage of job (MB)
	766192  -  ResidentSetSize of job (KB)
...
006 (15949295.845.000) 2026-02-15 20:58:15 Image size of job updated: 951592
	749  -  MemoryUsage of job (MB)
	766848  -  ResidentSetSize of job (KB)
...
006 (15949295.845.000) 2026-02-15 21:03:16 Image size of job updated: 951592
	751  -  MemoryUsage of job (MB)
	768772  -  ResidentSetSize of job (KB)
...
006 (15949295.845.000) 2026-02-15 21:08:16 Image size of job updated: 951592
	753  -  MemoryUsage of job (MB)
	770876  -  ResidentSetSize of job (KB)
...
006 (15949295.845.000) 2026-02-15 21:13:17 Image size of job updated: 951592
	782  -  MemoryUsage of job (MB)
	800284  -  ResidentSetSize of job (KB)
...
006 (15949295.845.000) 2026-02-15 21:18:18 Image size of job updated: 951592
	784  -  MemoryUsage of job (MB)
	802288  -  ResidentSetSize of job (KB)
...
006 (15949295.845.000) 2026-02-15 22:08:22 Image size of job updated: 951592
	879  -  MemoryUsage of job (MB)
	899980  -  ResidentSetSize of job (KB)
...
006 (15949295.845.000) 2026-02-15 22:13:22 Image size of job updated: 951592
	881  -  MemoryUsage of job (MB)
	901256  -  ResidentSetSize of job (KB)
...
006 (15949295.845.000) 2026-02-15 22:23:23 Image size of job updated: 951592
	905  -  MemoryUsage of job (MB)
	926072  -  ResidentSetSize of job (KB)
...
006 (15949295.845.000) 2026-02-15 22:28:23 Image size of job updated: 951592
	906  -  MemoryUsage of job (MB)
	927576  -  ResidentSetSize of job (KB)
...
006 (15949295.845.000) 2026-02-15 22:33:24 Image size of job updated: 951592
	907  -  MemoryUsage of job (MB)
	927804  -  ResidentSetSize of job (KB)
...
006 (15949295.845.000) 2026-02-15 22:38:24 Image size of job updated: 951592
	908  -  MemoryUsage of job (MB)
	929472  -  ResidentSetSize of job (KB)
...
006 (15949295.845.000) 2026-02-15 22:43:24 Image size of job updated: 951592
	910  -  MemoryUsage of job (MB)
	931184  -  ResidentSetSize of job (KB)
...
006 (15949295.845.000) 2026-02-15 22:48:25 Image size of job updated: 951592
	910  -  MemoryUsage of job (MB)
	931252  -  ResidentSetSize of job (KB)
...
006 (15949295.845.000) 2026-02-15 22:53:25 Image size of job updated: 951592
	911  -  MemoryUsage of job (MB)
	931860  -  ResidentSetSize of job (KB)
...
006 (15949295.845.000) 2026-02-15 23:08:27 Image size of job updated: 955776
	934  -  MemoryUsage of job (MB)
	955776  -  ResidentSetSize of job (KB)
...
006 (15949295.845.000) 2026-02-15 23:13:27 Image size of job updated: 956036
	934  -  MemoryUsage of job (MB)
	956036  -  ResidentSetSize of job (KB)
...
006 (15949295.845.000) 2026-02-15 23:18:28 Image size of job updated: 956792
	935  -  MemoryUsage of job (MB)
	956792  -  ResidentSetSize of job (KB)
...
006 (15949295.845.000) 2026-02-15 23:23:29 Image size of job updated: 956932
	935  -  MemoryUsage of job (MB)
	956932  -  ResidentSetSize of job (KB)
...
006 (15949295.845.000) 2026-02-15 23:28:29 Image size of job updated: 957292
	935  -  MemoryUsage of job (MB)
	957292  -  ResidentSetSize of job (KB)
...
006 (15949295.845.000) 2026-02-15 23:48:32 Image size of job updated: 957408
	935  -  MemoryUsage of job (MB)
	957408  -  ResidentSetSize of job (KB)
...
006 (15949295.845.000) 2026-02-15 23:53:33 Image size of job updated: 957548
	936  -  MemoryUsage of job (MB)
	957548  -  ResidentSetSize of job (KB)
...
006 (15949295.845.000) 2026-02-15 23:58:33 Image size of job updated: 972456
	950  -  MemoryUsage of job (MB)
	972456  -  ResidentSetSize of job (KB)
...
006 (15949295.845.000) 2026-02-16 00:03:34 Image size of job updated: 973036
	951  -  MemoryUsage of job (MB)
	973036  -  ResidentSetSize of job (KB)
...
006 (15949295.845.000) 2026-02-16 00:33:37 Image size of job updated: 973136
	951  -  MemoryUsage of job (MB)
	973136  -  ResidentSetSize of job (KB)
...
006 (15949295.845.000) 2026-02-16 00:38:38 Image size of job updated: 973292
	951  -  MemoryUsage of job (MB)
	973292  -  ResidentSetSize of job (KB)
...
006 (15949295.845.000) 2026-02-16 00:48:38 Image size of job updated: 973340
	951  -  MemoryUsage of job (MB)
	973340  -  ResidentSetSize of job (KB)
...
006 (15949295.845.000) 2026-02-16 00:53:39 Image size of job updated: 973548
	951  -  MemoryUsage of job (MB)
	973548  -  ResidentSetSize of job (KB)
...
006 (15949295.845.000) 2026-02-16 01:03:39 Image size of job updated: 973584
	951  -  MemoryUsage of job (MB)
	973584  -  ResidentSetSize of job (KB)
...
006 (15949295.845.000) 2026-02-16 01:08:40 Image size of job updated: 973804
	951  -  MemoryUsage of job (MB)
	973804  -  ResidentSetSize of job (KB)
...
006 (15949295.845.000) 2026-02-16 01:18:40 Image size of job updated: 994632
	972  -  MemoryUsage of job (MB)
	994632  -  ResidentSetSize of job (KB)
...
006 (15949295.845.000) 2026-02-16 01:23:41 Image size of job updated: 994836
	972  -  MemoryUsage of job (MB)
	994836  -  ResidentSetSize of job (KB)
...
006 (15949295.845.000) 2026-02-16 01:28:41 Image size of job updated: 994936
	972  -  MemoryUsage of job (MB)
	994836  -  ResidentSetSize of job (KB)
...
006 (15949295.845.000) 2026-02-16 01:38:42 Image size of job updated: 995040
	972  -  MemoryUsage of job (MB)
	995040  -  ResidentSetSize of job (KB)
...
006 (15949295.845.000) 2026-02-16 01:48:42 Image size of job updated: 995192
	972  -  MemoryUsage of job (MB)
	995192  -  ResidentSetSize of job (KB)
...
006 (15949295.845.000) 2026-02-16 01:53:43 Image size of job updated: 995240
	972  -  MemoryUsage of job (MB)
	995240  -  ResidentSetSize of job (KB)
...
006 (15949295.845.000) 2026-02-16 02:03:44 Image size of job updated: 995448
	973  -  MemoryUsage of job (MB)
	995448  -  ResidentSetSize of job (KB)
...
006 (15949295.845.000) 2026-02-16 02:08:45 Image size of job updated: 995472
	973  -  MemoryUsage of job (MB)
	995472  -  ResidentSetSize of job (KB)
...
006 (15949295.845.000) 2026-02-16 02:18:46 Image size of job updated: 995704
	973  -  MemoryUsage of job (MB)
	995472  -  ResidentSetSize of job (KB)
...
006 (15949295.845.000) 2026-02-16 02:28:48 Image size of job updated: 995704
	973  -  MemoryUsage of job (MB)
	995500  -  ResidentSetSize of job (KB)
...
006 (15949295.845.000) 2026-02-16 02:33:48 Image size of job updated: 995704
	973  -  MemoryUsage of job (MB)
	995704  -  ResidentSetSize of job (KB)
...
006 (15949295.845.000) 2026-02-16 03:08:53 Image size of job updated: 995908
	973  -  MemoryUsage of job (MB)
	995908  -  ResidentSetSize of job (KB)
...
006 (15949295.845.000) 2026-02-16 03:18:54 Image size of job updated: 996024
	973  -  MemoryUsage of job (MB)
	996024  -  ResidentSetSize of job (KB)
...
006 (15949295.845.000) 2026-02-16 03:28:56 Image size of job updated: 996216
	973  -  MemoryUsage of job (MB)
	996216  -  ResidentSetSize of job (KB)
...
006 (15949295.845.000) 2026-02-16 04:13:59 Image size of job updated: 996316
	973  -  MemoryUsage of job (MB)
	996316  -  ResidentSetSize of job (KB)
...
006 (15949295.845.000) 2026-02-16 04:23:59 Image size of job updated: 996472
	974  -  MemoryUsage of job (MB)
	996472  -  ResidentSetSize of job (KB)
...
006 (15949295.845.000) 2026-02-16 04:34:00 Image size of job updated: 996532
	974  -  MemoryUsage of job (MB)
	996532  -  ResidentSetSize of job (KB)
...
006 (15949295.845.000) 2026-02-16 04:44:01 Image size of job updated: 996728
	974  -  MemoryUsage of job (MB)
	996728  -  ResidentSetSize of job (KB)
...
006 (15949295.845.000) 2026-02-16 05:34:08 Image size of job updated: 996892
	974  -  MemoryUsage of job (MB)
	996892  -  ResidentSetSize of job (KB)
...
006 (15949295.845.000) 2026-02-16 05:44:09 Image size of job updated: 996984
	974  -  MemoryUsage of job (MB)
	996892  -  ResidentSetSize of job (KB)
...
006 (15949295.845.000) 2026-02-16 05:54:10 Image size of job updated: 997000
	974  -  MemoryUsage of job (MB)
	996892  -  ResidentSetSize of job (KB)
...
006 (15949295.845.000) 2026-02-16 05:59:11 Image size of job updated: 997208
	974  -  MemoryUsage of job (MB)
	997208  -  ResidentSetSize of job (KB)
...
006 (15949295.845.000) 2026-02-16 06:09:12 Image size of job updated: 997340
	974  -  MemoryUsage of job (MB)
	997340  -  ResidentSetSize of job (KB)
...
006 (15949295.845.000) 2026-02-16 06:19:13 Image size of job updated: 997496
	974  -  MemoryUsage of job (MB)
	997340  -  ResidentSetSize of job (KB)
...
006 (15949295.845.000) 2026-02-16 07:39:20 Image size of job updated: 1003276
	980  -  MemoryUsage of job (MB)
	1003276  -  ResidentSetSize of job (KB)
...
006 (15949295.845.000) 2026-02-16 07:44:20 Image size of job updated: 1003484
	980  -  MemoryUsage of job (MB)
	1003484  -  ResidentSetSize of job (KB)
...
006 (15949295.845.000) 2026-02-16 07:49:21 Image size of job updated: 1003808
	981  -  MemoryUsage of job (MB)
	1003808  -  ResidentSetSize of job (KB)
...
006 (15949295.845.000) 2026-02-16 16:20:09 Image size of job updated: 1003852
	981  -  MemoryUsage of job (MB)
	1003852  -  ResidentSetSize of job (KB)
...
006 (15949295.845.000) 2026-02-16 16:35:11 Image size of job updated: 1004064
	981  -  MemoryUsage of job (MB)
	1004064  -  ResidentSetSize of job (KB)
...
004 (15949295.845.000) 2026-02-16 17:16:23 Job was evicted.
	(0) CPU times
		Usr 6 07:08:42, Sys 0 04:36:49  -  Run Remote Usage
		Usr 0 00:00:00, Sys 0 00:00:00  -  Run Local Usage
	0  -  Run Bytes Sent By Job
	0  -  Run Bytes Received By Job
	Partitionable Resources :    Usage  Request Allocated 
	   Cpus                 :     7.94        8         8 
	   Disk (KB)            :     1     1024000   1025024 
	   GPUs                 :                           0 
	   Memory (MB)          :   981       16384     16384 
	   TimeExecute (s)      : 88426                       
	   TimeSlotBusy (s)     : 88427                       
...
009 (15949295.845.000) 2026-02-16 17:16:23 Job was aborted.
	via condor_rm (by user tuccia)
...
