000 (15756407.1233.000) 2026-02-06 11:26:13 Job submitted from host: <141.34.103.35:9618?addrs=141.34.103.35-9618+[2001-638-700-f067--1-23]-9618&alias=wgs39.zeuthen.desy.de&noUDP&sock=schedd_7414_f73f>
...
009 (15756407.1233.000) 2026-02-10 11:42:44 Job was aborted.
	via condor_rm (by user tuccia)
...
000 (15949294.822.000) 2026-02-10 11:45:21 Job submitted from host: <141.34.103.35:9618?addrs=141.34.103.35-9618+[2001-638-700-f067--1-23]-9618&alias=wgs39.zeuthen.desy.de&noUDP&sock=schedd_7302_24a3>
...
009 (15949294.822.000) 2026-02-10 11:45:47 Job was aborted.
	via condor_rm (by user tuccia)
...
000 (15949295.822.000) 2026-02-10 11:46:05 Job submitted from host: <141.34.103.35:9618?addrs=141.34.103.35-9618+[2001-638-700-f067--1-23]-9618&alias=wgs39.zeuthen.desy.de&noUDP&sock=schedd_7302_24a3>
...
001 (15949295.822.000) 2026-02-14 16:22:40 Job executing on host: <141.34.14.34:9618?addrs=141.34.14.34-9618+[2001-638-700-f00e--1-22]-9618&alias=ampere03.zeuthen.desy.de&noUDP&sock=startd_7876_dc00>
	SlotName: slot1_14@ampere03.zeuthen.desy.de
	AvailableGPUs = {  }
	CondorScratchDir = "/batch/dir_507663"
	Cpus = 8
	Disk = 1025682
	GPUs = 0
	Memory = 16384
...
006 (15949295.822.000) 2026-02-14 16:22:53 Image size of job updated: 109416
	107  -  MemoryUsage of job (MB)
	109416  -  ResidentSetSize of job (KB)
...
006 (15949295.822.000) 2026-02-14 16:27:53 Image size of job updated: 781288
	585  -  MemoryUsage of job (MB)
	598124  -  ResidentSetSize of job (KB)
...
006 (15949295.822.000) 2026-02-14 16:37:54 Image size of job updated: 781288
	590  -  MemoryUsage of job (MB)
	604076  -  ResidentSetSize of job (KB)
...
006 (15949295.822.000) 2026-02-14 16:42:55 Image size of job updated: 781288
	648  -  MemoryUsage of job (MB)
	662556  -  ResidentSetSize of job (KB)
...
006 (15949295.822.000) 2026-02-14 16:47:56 Image size of job updated: 781288
	704  -  MemoryUsage of job (MB)
	719944  -  ResidentSetSize of job (KB)
...
006 (15949295.822.000) 2026-02-14 16:57:57 Image size of job updated: 781288
	708  -  MemoryUsage of job (MB)
	724316  -  ResidentSetSize of job (KB)
...
006 (15949295.822.000) 2026-02-14 17:12:58 Image size of job updated: 781288
	722  -  MemoryUsage of job (MB)
	739304  -  ResidentSetSize of job (KB)
...
006 (15949295.822.000) 2026-02-14 17:22:58 Image size of job updated: 781288
	751  -  MemoryUsage of job (MB)
	768868  -  ResidentSetSize of job (KB)
...
006 (15949295.822.000) 2026-02-14 17:53:02 Image size of job updated: 792424
	774  -  MemoryUsage of job (MB)
	792424  -  ResidentSetSize of job (KB)
...
006 (15949295.822.000) 2026-02-14 17:58:02 Image size of job updated: 817756
	799  -  MemoryUsage of job (MB)
	817756  -  ResidentSetSize of job (KB)
...
006 (15949295.822.000) 2026-02-14 18:13:04 Image size of job updated: 823216
	804  -  MemoryUsage of job (MB)
	823216  -  ResidentSetSize of job (KB)
...
006 (15949295.822.000) 2026-02-14 18:18:05 Image size of job updated: 823640
	805  -  MemoryUsage of job (MB)
	823640  -  ResidentSetSize of job (KB)
...
006 (15949295.822.000) 2026-02-14 18:33:07 Image size of job updated: 824592
	806  -  MemoryUsage of job (MB)
	824592  -  ResidentSetSize of job (KB)
...
006 (15949295.822.000) 2026-02-14 18:38:07 Image size of job updated: 830400
	811  -  MemoryUsage of job (MB)
	830400  -  ResidentSetSize of job (KB)
...
006 (15949295.822.000) 2026-02-14 18:43:08 Image size of job updated: 845680
	820  -  MemoryUsage of job (MB)
	839400  -  ResidentSetSize of job (KB)
...
006 (15949295.822.000) 2026-02-14 18:48:09 Image size of job updated: 845680
	820  -  MemoryUsage of job (MB)
	839408  -  ResidentSetSize of job (KB)
...
006 (15949295.822.000) 2026-02-14 18:58:10 Image size of job updated: 845680
	825  -  MemoryUsage of job (MB)
	844756  -  ResidentSetSize of job (KB)
...
006 (15949295.822.000) 2026-02-14 19:53:15 Image size of job updated: 852380
	833  -  MemoryUsage of job (MB)
	852380  -  ResidentSetSize of job (KB)
...
006 (15949295.822.000) 2026-02-14 20:23:17 Image size of job updated: 861164
	841  -  MemoryUsage of job (MB)
	861164  -  ResidentSetSize of job (KB)
...
006 (15949295.822.000) 2026-02-14 21:03:22 Image size of job updated: 865040
	845  -  MemoryUsage of job (MB)
	865040  -  ResidentSetSize of job (KB)
...
006 (15949295.822.000) 2026-02-14 21:08:22 Image size of job updated: 866308
	847  -  MemoryUsage of job (MB)
	866308  -  ResidentSetSize of job (KB)
...
006 (15949295.822.000) 2026-02-14 21:13:22 Image size of job updated: 866624
	847  -  MemoryUsage of job (MB)
	866624  -  ResidentSetSize of job (KB)
...
006 (15949295.822.000) 2026-02-14 21:28:24 Image size of job updated: 870864
	851  -  MemoryUsage of job (MB)
	870864  -  ResidentSetSize of job (KB)
...
006 (15949295.822.000) 2026-02-14 21:33:25 Image size of job updated: 870948
	851  -  MemoryUsage of job (MB)
	870948  -  ResidentSetSize of job (KB)
...
006 (15949295.822.000) 2026-02-14 22:03:27 Image size of job updated: 874580
	855  -  MemoryUsage of job (MB)
	874580  -  ResidentSetSize of job (KB)
...
006 (15949295.822.000) 2026-02-14 23:58:39 Image size of job updated: 874956
	855  -  MemoryUsage of job (MB)
	874956  -  ResidentSetSize of job (KB)
...
006 (15949295.822.000) 2026-02-15 00:03:40 Image size of job updated: 877240
	857  -  MemoryUsage of job (MB)
	877240  -  ResidentSetSize of job (KB)
...
006 (15949295.822.000) 2026-02-15 00:38:43 Image size of job updated: 877360
	857  -  MemoryUsage of job (MB)
	877360  -  ResidentSetSize of job (KB)
...
006 (15949295.822.000) 2026-02-15 00:43:44 Image size of job updated: 877488
	857  -  MemoryUsage of job (MB)
	877360  -  ResidentSetSize of job (KB)
...
006 (15949295.822.000) 2026-02-15 02:08:52 Image size of job updated: 891800
	871  -  MemoryUsage of job (MB)
	891800  -  ResidentSetSize of job (KB)
...
006 (15949295.822.000) 2026-02-15 04:09:04 Image size of job updated: 958056
	871  -  MemoryUsage of job (MB)
	891800  -  ResidentSetSize of job (KB)
...
006 (15949295.822.000) 2026-02-15 04:14:05 Image size of job updated: 958056
	888  -  MemoryUsage of job (MB)
	909016  -  ResidentSetSize of job (KB)
...
006 (15949295.822.000) 2026-02-15 04:19:05 Image size of job updated: 958220
	888  -  MemoryUsage of job (MB)
	909016  -  ResidentSetSize of job (KB)
...
006 (15949295.822.000) 2026-02-15 04:24:06 Image size of job updated: 963540
	888  -  MemoryUsage of job (MB)
	909016  -  ResidentSetSize of job (KB)
...
006 (15949295.822.000) 2026-02-15 04:34:06 Image size of job updated: 967120
	888  -  MemoryUsage of job (MB)
	909016  -  ResidentSetSize of job (KB)
...
006 (15949295.822.000) 2026-02-15 04:39:07 Image size of job updated: 967120
	907  -  MemoryUsage of job (MB)
	928116  -  ResidentSetSize of job (KB)
...
006 (15949295.822.000) 2026-02-15 04:44:07 Image size of job updated: 967120
	920  -  MemoryUsage of job (MB)
	941136  -  ResidentSetSize of job (KB)
...
006 (15949295.822.000) 2026-02-15 05:09:10 Image size of job updated: 967120
	938  -  MemoryUsage of job (MB)
	960332  -  ResidentSetSize of job (KB)
...
006 (15949295.822.000) 2026-02-15 06:34:18 Image size of job updated: 967120
	940  -  MemoryUsage of job (MB)
	961956  -  ResidentSetSize of job (KB)
...
006 (15949295.822.000) 2026-02-15 06:39:18 Image size of job updated: 967120
	943  -  MemoryUsage of job (MB)
	965196  -  ResidentSetSize of job (KB)
...
006 (15949295.822.000) 2026-02-15 07:04:21 Image size of job updated: 967120
	943  -  MemoryUsage of job (MB)
	965520  -  ResidentSetSize of job (KB)
...
006 (15949295.822.000) 2026-02-15 08:39:30 Image size of job updated: 968248
	943  -  MemoryUsage of job (MB)
	965520  -  ResidentSetSize of job (KB)
...
006 (15949295.822.000) 2026-02-15 10:14:39 Image size of job updated: 969384
	946  -  MemoryUsage of job (MB)
	968636  -  ResidentSetSize of job (KB)
...
006 (15949295.822.000) 2026-02-15 10:19:40 Image size of job updated: 969384
	947  -  MemoryUsage of job (MB)
	969384  -  ResidentSetSize of job (KB)
...
006 (15949295.822.000) 2026-02-15 11:19:46 Image size of job updated: 971040
	947  -  MemoryUsage of job (MB)
	969384  -  ResidentSetSize of job (KB)
...
006 (15949295.822.000) 2026-02-15 12:19:52 Image size of job updated: 972564
	947  -  MemoryUsage of job (MB)
	969384  -  ResidentSetSize of job (KB)
...
006 (15949295.822.000) 2026-02-15 12:24:53 Image size of job updated: 972564
	950  -  MemoryUsage of job (MB)
	972380  -  ResidentSetSize of job (KB)
...
006 (15949295.822.000) 2026-02-15 14:45:06 Image size of job updated: 973868
	950  -  MemoryUsage of job (MB)
	972380  -  ResidentSetSize of job (KB)
...
006 (15949295.822.000) 2026-02-15 14:50:07 Image size of job updated: 974224
	950  -  MemoryUsage of job (MB)
	972380  -  ResidentSetSize of job (KB)
...
006 (15949295.822.000) 2026-02-15 14:55:08 Image size of job updated: 974648
	950  -  MemoryUsage of job (MB)
	972380  -  ResidentSetSize of job (KB)
...
006 (15949295.822.000) 2026-02-15 15:10:09 Image size of job updated: 975884
	950  -  MemoryUsage of job (MB)
	972380  -  ResidentSetSize of job (KB)
...
006 (15949295.822.000) 2026-02-15 15:25:10 Image size of job updated: 976100
	950  -  MemoryUsage of job (MB)
	972380  -  ResidentSetSize of job (KB)
...
006 (15949295.822.000) 2026-02-15 16:05:14 Image size of job updated: 976144
	950  -  MemoryUsage of job (MB)
	972380  -  ResidentSetSize of job (KB)
...
006 (15949295.822.000) 2026-02-15 16:30:16 Image size of job updated: 976496
	950  -  MemoryUsage of job (MB)
	972380  -  ResidentSetSize of job (KB)
...
006 (15949295.822.000) 2026-02-15 16:45:18 Image size of job updated: 976752
	950  -  MemoryUsage of job (MB)
	972380  -  ResidentSetSize of job (KB)
...
006 (15949295.822.000) 2026-02-15 17:15:21 Image size of job updated: 977236
	950  -  MemoryUsage of job (MB)
	972380  -  ResidentSetSize of job (KB)
...
006 (15949295.822.000) 2026-02-15 18:15:27 Image size of job updated: 977420
	950  -  MemoryUsage of job (MB)
	972380  -  ResidentSetSize of job (KB)
...
006 (15949295.822.000) 2026-02-15 18:50:31 Image size of job updated: 977420
	955  -  MemoryUsage of job (MB)
	976948  -  ResidentSetSize of job (KB)
...
006 (15949295.822.000) 2026-02-15 19:05:32 Image size of job updated: 977836
	955  -  MemoryUsage of job (MB)
	976948  -  ResidentSetSize of job (KB)
...
006 (15949295.822.000) 2026-02-15 19:55:38 Image size of job updated: 977972
	955  -  MemoryUsage of job (MB)
	976948  -  ResidentSetSize of job (KB)
...
006 (15949295.822.000) 2026-02-15 20:00:38 Image size of job updated: 977972
	955  -  MemoryUsage of job (MB)
	977392  -  ResidentSetSize of job (KB)
...
006 (15949295.822.000) 2026-02-15 20:15:40 Image size of job updated: 978560
	955  -  MemoryUsage of job (MB)
	977392  -  ResidentSetSize of job (KB)
...
006 (15949295.822.000) 2026-02-15 20:30:42 Image size of job updated: 979000
	955  -  MemoryUsage of job (MB)
	977392  -  ResidentSetSize of job (KB)
...
006 (15949295.822.000) 2026-02-15 20:40:42 Image size of job updated: 979596
	955  -  MemoryUsage of job (MB)
	977392  -  ResidentSetSize of job (KB)
...
006 (15949295.822.000) 2026-02-15 22:45:55 Image size of job updated: 979608
	955  -  MemoryUsage of job (MB)
	977392  -  ResidentSetSize of job (KB)
...
006 (15949295.822.000) 2026-02-16 01:11:11 Image size of job updated: 979736
	955  -  MemoryUsage of job (MB)
	977392  -  ResidentSetSize of job (KB)
...
006 (15949295.822.000) 2026-02-16 02:56:18 Image size of job updated: 980112
	955  -  MemoryUsage of job (MB)
	977392  -  ResidentSetSize of job (KB)
...
006 (15949295.822.000) 2026-02-16 03:36:21 Image size of job updated: 981004
	959  -  MemoryUsage of job (MB)
	981004  -  ResidentSetSize of job (KB)
...
006 (15949295.822.000) 2026-02-16 04:06:25 Image size of job updated: 983712
	959  -  MemoryUsage of job (MB)
	981004  -  ResidentSetSize of job (KB)
...
006 (15949295.822.000) 2026-02-16 05:41:34 Image size of job updated: 983712
	959  -  MemoryUsage of job (MB)
	981300  -  ResidentSetSize of job (KB)
...
006 (15949295.822.000) 2026-02-16 06:21:38 Image size of job updated: 983712
	959  -  MemoryUsage of job (MB)
	981984  -  ResidentSetSize of job (KB)
...
006 (15949295.822.000) 2026-02-16 08:46:54 Image size of job updated: 983968
	959  -  MemoryUsage of job (MB)
	981984  -  ResidentSetSize of job (KB)
...
006 (15949295.822.000) 2026-02-16 10:27:03 Image size of job updated: 984116
	959  -  MemoryUsage of job (MB)
	981984  -  ResidentSetSize of job (KB)
...
006 (15949295.822.000) 2026-02-16 15:17:30 Image size of job updated: 984264
	959  -  MemoryUsage of job (MB)
	981984  -  ResidentSetSize of job (KB)
...
021 (15949295.822.000) 2026-02-16 16:22:45 Error from starter on slot1_14@ampere03.zeuthen.desy.de:
	runtime exceeded maximum (target.Runtime seconds)
	Code 21 Subcode 103
...
004 (15949295.822.000) 2026-02-16 16:22:45 Job was evicted.
	(0) CPU times
		Usr 4 10:02:57, Sys 0 08:24:03  -  Run Remote Usage
		Usr 0 00:00:00, Sys 0 00:00:00  -  Run Local Usage
	0  -  Run Bytes Sent By Job
	0  -  Run Bytes Received By Job
	Error from slot1_14@ampere03.zeuthen.desy.de: runtime exceeded maximum (target.Runtime seconds)
	Partitionable Resources :     Usage  Request Allocated 
	   Cpus                 :      1.46        8         8 
	   Disk (KB)            :      1     1024000   1025682 
	   GPUs                 :                            0 
	   Memory (MB)          :    959       16384     16384 
	   TimeSlotBusy (s)     : 172805                       
...
012 (15949295.822.000) 2026-02-16 16:22:45 Job was held.
	Error from slot1_14@ampere03.zeuthen.desy.de: runtime exceeded maximum (target.Runtime seconds)
	Code 21 Subcode 103
...
009 (15949295.822.000) 2026-02-16 17:16:26 Job was aborted.
	via condor_rm (by user tuccia)
...
