~~~~~~~~~~~~~~~~~~~~~~~~~~~~~~

n_qubits: 150, 
r: 92, 
alpha: 0.01, 
shots: 10000, 
ansatz: linear_cnot, 
layer: 1, 
tau: 0.3

time for simulated annealing:  128.88517451286316
Rank 1: Bitstring=001000111000011100111010000101110010000110010001110000001000000110010001101010110010100010001110100011010100111110111100100001101111100000110011010110, Decimal=198076501918296689591510161201011857905552598, Energy=-132.373
Rank 2: Bitstring=001000111000011100111010000101110010000110010001110000101000000110010001101010110010100010001110100011010110111110111100100001101111100000110011010110, Decimal=198076501918296729205591418333189450770549974, Energy=-132.181
Rank 3: Bitstring=001000111000011100111010000101110010000110010001110000001000000110010001101010110010100011001110100011010100111110111100100001111111100000100011010110, Decimal=198076501918296689591510162353933362516592854, Energy=-132.0908
Rank 4: Bitstring=011000111000011100111010000101110010001110010001110000001000000110010001101010110010100010001110100011010100111110111100100001101111100000110011010110, Decimal=554888425097382808285349067377650890165849302, Energy=-132.0506
Rank 5: Bitstring=001000111000011100111010000101110010000110010001110000101000000110010001101010110010100011001110100011010110111110111100100001111111100000100011010110, Decimal=198076501918296729205591419486110955381590230, Energy=-131.8988
Rank 6: Bitstring=011000111000011100111010000101110010001110010001110000101000000110010001101010110010100010001110100011010110111110111100100001101111100000110011010110, Decimal=554888425097382847899430324509828483030846678, Energy=-131.8586
Rank 7: Bitstring=001000111000011100111010000101110000000110010001110000001000000110010001101010110010100010001110100011010100111110101100100001100111100000110011010110, Decimal=198076501876758314723231540172767870089825494, Energy=-131.8346
Rank 8: Bitstring=001000111000011100111000000101110010000110010001110000001000000110010001101010110010100010001110100011011100111110111100100001101111100000110011010110, Decimal=198076331777113229122278429513743326393535702, Energy=-131.8044
Rank 9: Bitstring=011000111000011100111010000101110010001110010001110000001000000110010001101010110010100011001110100011010100111110111100100001111111100000100011010110, Decimal=554888425097382808285349068530572394776889558, Energy=-131.7684
Rank 10: Bitstring=001000111000011100111110000101110010000110010001110000001000000110010001001010110010100010001110100011010100111110111100100001101111100000110011010110, Decimal=198076842200663610529822508848167461026925782, Energy=-131.7204

E_min from simulated annealing:  -132.373
Minimum energy: -132.373
States with energy within 1e-08 of minimum: [198076501918296689591510161201011857905552598]
4


################## Start optimization with initial parameters: [0. 0. 0. 0. 0. 0. 0. 0. 0. 0. 0. 0. 0. 0. 0. 0. 0. 0. 0. 0. 0. 0. 0. 0.
 0. 0. 0. 0. 0. 0. 0. 0. 0. 0. 0. 0. 0. 0. 0. 0. 0. 0. 0. 0. 0. 0. 0. 0.
 0. 0. 0. 0. 0. 0. 0. 0. 0. 0. 0. 0. 0. 0. 0. 0. 0. 0. 0. 0. 0. 0. 0. 0.
 0. 0. 0. 0. 0. 0. 0. 0. 0. 0. 0. 0. 0. 0. 0. 0. 0. 0. 0. 0. 0. 0. 0. 0.
 0. 0. 0. 0. 0. 0. 0. 0. 0. 0. 0. 0. 0. 0. 0. 0. 0. 0. 0. 0. 0. 0. 0. 0.
 0. 0. 0. 0. 0. 0. 0. 0. 0. 0. 0. 0. 0. 0. 0. 0. 0. 0. 0. 0. 0. 0. 0. 0.
 0. 0. 0. 0. 0. 0. 0. 0. 0. 0. 0. 0. 0. 0. 0. 0. 0. 0. 0. 0. 0. 0. 0. 0.
 0. 0. 0. 0. 0. 0. 0. 0. 0. 0. 0. 0. 0. 0. 0. 0. 0. 0. 0. 0. 0. 0. 0. 0.
 0. 0. 0. 0. 0. 0. 0. 0. 0. 0. 0. 0. 0. 0. 0. 0. 0. 0. 0. 0. 0. 0. 0. 0.
 0. 0. 0. 0. 0. 0. 0. 0. 0. 0. 0. 0. 0. 0. 0. 0. 0. 0. 0. 0. 0. 0. 0. 0.
 0. 0. 0. 0. 0. 0. 0. 0. 0. 0. 0. 0. 0. 0. 0. 0. 0. 0. 0. 0. 0. 0. 0. 0.
 0. 0. 0. 0. 0. 0. 0. 0. 0. 0. 0. 0. 0. 0. 0. 0. 0. 0. 0. 0. 0. 0. 0. 0.
 0. 0. 0. 0. 0. 0. 0. 0. 0. 0. 0. 0. 0. 0. 0. 0. 0. 0. 0. 0. 0. 0. 0. 0.
 0. 0. 0. 0. 0. 0. 0. 0. 0. 0. 0. 0. 0. 0. 0. 0. 0. 0. 0. 0. 0. 0. 0. 0.
 0. 0. 0. 0. 0. 0. 0. 0. 0. 0. 0. 0. 0. 0. 0. 0. 0. 0. 0. 0. 0. 0. 0. 0.
 0. 0. 0. 0. 0. 0. 0. 0. 0. 0. 0. 0. 0. 0. 0. 0. 0. 0. 0. 0. 0. 0. 0. 0.
 0. 0. 0. 0. 0. 0. 0. 0. 0. 0. 0. 0. 0. 0. 0. 0. 0. 0. 0. 0. 0. 0. 0. 0.
 0. 0. 0. 0. 0. 0. 0. 0. 0. 0. 0. 0. 0. 0. 0. 0. 0. 0. 0. 0. 0. 0. 0. 0.
 0. 0. 0. 0. 0. 0. 0. 0. 0. 0. 0. 0. 0. 0. 0. 0. 0. 0. 0. 0. 0. 0. 0. 0.
 0. 0. 0. 0. 0. 0. 0. 0. 0. 0. 0. 0. 0. 0. 0. 0. 0. 0. 0. 0. 0. 0. 0. 0.
 0. 0. 0. 0. 0. 0. 0. 0. 0. 0. 0. 0. 0. 0. 0. 0. 0. 0. 0. 0. 0. 0. 0. 0.
 0. 0. 0. 0. 0. 0. 0. 0. 0. 0. 0. 0. 0. 0. 0. 0. 0. 0. 0. 0. 0. 0. 0. 0.
 0. 0. 0. 0. 0. 0. 0. 0. 0. 0. 0. 0. 0. 0. 0. 0. 0. 0. 0. 0. 0. 0. 0. 0.
 0. 0. 0. 0. 0. 0. 0. 0. 0. 0. 0. 0. 0. 0. 0. 0. 0. 0. 0. 0. 0. 0. 0. 0.
 0. 0. 0. 0. 0. 0. 0. 0. 0. 0. 0. 0. 0. 0. 0. 0. 0. 0. 0. 0. 0. 0. 0. 0.]
Write sucessfully to ./data/data_shots_10000_layer_1/alpha_0.01/N_150/r_92/ansatz_type_linear_cnot/initialization_zeros

vqe.cvar_eval[0]: -30.940824000000003 , min_cvar: -50.27571200000002 , opt_cvar: -50.27571200000002

vqe.poss_eval[-1]: 0 vqe.poss_eval[0] 0  , max_poss: 0 , opt_poss: 0

vqe.r_eval[-1]: 0.3607415409486831 vqe.r_eval[0]: 0.23373969011807547 max_r: 0.3798033737997932 , min_r: 0.2216493393667894
