~~~~~~~~~~~~~~~~~~~~~~~~~~~~~~

n_qubits: 150, 
r: 3, 
alpha: 0.01, 
shots: 10000, 
ansatz: structure_like_qubo_YZ_2, 
layer: 1, 
tau: 0.3

time for simulated annealing:  166.3249156475067
Rank 1: Bitstring=001011000010101110001110100011101001100110101101010110010101010010010001110111000000100100100101010000001100000101011110111110010111100101110011011100, Decimal=246256781668707159312510119263235575000227036, Energy=-135.6285
Rank 2: Bitstring=001011000010101110001110100011101001100100101101010110110101010010010001110111000000100100100101010000001100000101011110111110010111100101110011011100, Decimal=246256781668058161819274522941838059731049692, Energy=-135.5253
Rank 3: Bitstring=001011000010101110001110100011101001100110101101010110010101010010010011110111000000100100100001010100001100000101011110111110010111100101110011011100, Decimal=246256781668707159313114582102111195456494812, Energy=-135.2923
Rank 4: Bitstring=001011000010101110001111100011101001100110101101010110010101010010010011110111000000100100100001010100001100000101011110111110010111100101110011011100, Decimal=246256866739298889547730447945763053398547676, Energy=-135.2709
Rank 5: Bitstring=001011000010101110001110100011101001100110101101010110011001010010010001110111000000000100100101010000001100000101011110111110010111100101110011011000, Decimal=246256781668707164264270239511268527177620696, Energy=-135.2535
Rank 6: Bitstring=001011000010101110001110100011101001100100101101010110110101010010010011110111000000100100100001010100001100000101011110111110010111100101110011011100, Decimal=246256781668058161819878985780713680187317468, Energy=-135.1891
Rank 7: Bitstring=001011000010101110001110100011101001100100101101010110111001010010010001110111000000000100100101010000001100000101011110111110010111100101110011011000, Decimal=246256781668058166771034643189871011908443352, Energy=-135.1503
Rank 8: Bitstring=001011000010101110001110100011101001100110101101010110010101010010010001110111000000110100100101010000001100000101011010111110010111100101110011011100, Decimal=246256781668707159312510137709979644414811356, Energy=-135.1357
Rank 9: Bitstring=001011000010101110000111100011101001100110101101010110010111010010010001110111000000100100110101010000001100000101011110111110010111100101110011011100, Decimal=246256186174565050146079137216663495355817180, Energy=-135.0403
Rank 10: Bitstring=001011000010101110000111100011101001100100101101010110110111010010010001110111000000100100110101010000001100000101011110111110010111100101110011011100, Decimal=246256186173916052652843540895265980086639836, Energy=-134.9371

E_min from simulated annealing:  -135.6285
Minimum energy: -135.6285
States with energy within 1e-08 of minimum: [246256781668707159312510119263235575000227036]


################## Start optimization with initial parameters: [0. 0. 0. 0. 0. 0. 0. 0. 0. 0. 0. 0. 0. 0. 0. 0. 0. 0. 0. 0. 0. 0. 0. 0.
 0. 0. 0. 0. 0. 0. 0. 0. 0. 0. 0. 0. 0. 0. 0. 0. 0. 0. 0. 0. 0. 0. 0. 0.
 0. 0. 0. 0. 0. 0. 0. 0. 0. 0. 0. 0. 0. 0. 0. 0. 0. 0. 0. 0. 0. 0. 0. 0.
 0. 0. 0. 0. 0. 0. 0. 0. 0. 0. 0. 0. 0. 0. 0. 0. 0. 0. 0. 0. 0. 0. 0. 0.
 0. 0. 0. 0. 0. 0. 0. 0. 0. 0. 0. 0. 0. 0. 0. 0. 0. 0. 0. 0. 0. 0. 0. 0.
 0. 0. 0. 0. 0. 0. 0. 0. 0. 0. 0. 0. 0. 0. 0. 0. 0. 0. 0. 0. 0. 0. 0. 0.
 0. 0. 0. 0. 0. 0. 0. 0. 0. 0. 0. 0. 0. 0. 0. 0. 0. 0. 0. 0. 0. 0. 0. 0.
 0. 0. 0. 0. 0. 0. 0. 0. 0. 0. 0. 0. 0. 0. 0. 0. 0. 0. 0. 0. 0. 0. 0. 0.
 0. 0. 0. 0. 0. 0. 0. 0. 0. 0. 0. 0. 0. 0. 0. 0. 0. 0. 0. 0. 0. 0. 0. 0.
 0. 0. 0. 0. 0. 0. 0. 0. 0. 0. 0. 0. 0. 0. 0. 0. 0. 0. 0. 0. 0. 0. 0. 0.
 0. 0. 0. 0. 0. 0. 0. 0. 0. 0. 0. 0. 0. 0. 0. 0. 0. 0. 0. 0. 0. 0. 0. 0.
 0. 0. 0. 0. 0. 0. 0. 0. 0. 0. 0. 0. 0. 0. 0. 0. 0. 0. 0. 0. 0. 0. 0. 0.
 0. 0. 0. 0. 0. 0. 0. 0. 0. 0. 0. 0. 0. 0. 0. 0. 0. 0. 0. 0. 0. 0. 0. 0.
 0. 0. 0. 0. 0. 0. 0. 0. 0. 0. 0. 0. 0. 0. 0. 0. 0. 0. 0. 0. 0. 0. 0. 0.
 0. 0. 0. 0. 0. 0. 0. 0. 0. 0. 0. 0. 0. 0. 0. 0. 0. 0. 0. 0. 0. 0. 0. 0.
 0. 0. 0. 0. 0. 0. 0. 0. 0. 0. 0. 0. 0. 0. 0. 0. 0. 0. 0. 0. 0. 0. 0. 0.
 0. 0. 0. 0. 0. 0. 0. 0. 0. 0. 0. 0. 0. 0. 0. 0. 0. 0. 0. 0. 0. 0. 0. 0.
 0. 0. 0. 0. 0. 0. 0. 0. 0. 0. 0. 0. 0. 0. 0. 0. 0. 0. 0. 0. 0. 0. 0. 0.
 0. 0. 0. 0. 0. 0. 0. 0. 0. 0. 0. 0. 0. 0. 0. 0. 0. 0. 0. 0. 0. 0. 0. 0.
 0. 0. 0. 0. 0. 0. 0. 0. 0. 0. 0. 0. 0. 0. 0. 0. 0. 0. 0. 0. 0. 0. 0. 0.
 0. 0. 0. 0. 0. 0. 0. 0. 0. 0. 0. 0. 0. 0. 0. 0. 0. 0. 0. 0. 0. 0. 0. 0.
 0. 0. 0. 0. 0. 0. 0. 0. 0. 0. 0. 0. 0. 0. 0. 0. 0. 0. 0. 0. 0. 0. 0. 0.
 0. 0. 0. 0. 0. 0. 0. 0. 0. 0. 0. 0. 0. 0. 0. 0. 0. 0. 0. 0. 0. 0. 0. 0.
 0. 0. 0. 0. 0. 0. 0. 0. 0. 0. 0. 0. 0. 0. 0. 0. 0. 0. 0. 0. 0. 0. 0. 0.
 0. 0. 0. 0. 0. 0. 0. 0. 0. 0. 0. 0. 0. 0. 0. 0. 0. 0. 0. 0. 0. 0. 0. 0.]
Write sucessfully to ./data/data_shots_10000_layer_1/alpha_0.01/N_150/r_3/ansatz_type_structure_like_qubo_YZ_2/initialization_zeros

vqe.cvar_eval[0]: -29.45878200000002 , min_cvar: -74.34125400000003 , opt_cvar: -74.34125400000003

vqe.poss_eval[-1]: 0 vqe.poss_eval[0] 0  , max_poss: 0 , opt_poss: 0

vqe.r_eval[-1]: 0.5433203640827704 vqe.r_eval[0]: 0.21720200400358347 max_r: 0.5481241332020927 , min_r: 0.20770448688881768
