~~~~~~~~~~~~~~~~~~~~~~~~~~~~~~

n_qubits: 150, 
r: 24, 
alpha: 0.01, 
shots: 10000, 
ansatz: linear_cnot, 
layer: 1, 
tau: 0.3

time for simulated annealing:  158.74753642082214
Rank 1: Bitstring=001001011010110111100011111110101100110110010011100101001001110011111101010100011001000110110100011100001010011010000000001000110001000001110100110100, Decimal=210068893820882930683048864292506417645231412, Energy=-127.7185
Rank 2: Bitstring=001001011010110111100011110110101000110110010011100101001001110011111101010100011001000110110100011100001010011010000000001000110000000001110100110100, Decimal=210068883103982214667164639005561994134691124, Energy=-127.7069
Rank 3: Bitstring=011001010010110110100011111110101100110110010011100101001001110111110101010100011001000111010100011100001010011010000000001100110001000001110100110100, Decimal=564087779329685838114466379269648009463602484, Energy=-127.5999
Rank 4: Bitstring=011001010010110110100011110110101000110110010011100101001001110111110101010100011001000111010100011100001010011010000000001100110000000001110100110100, Decimal=564087768612785122098582153982703585953062196, Energy=-127.5883
Rank 5: Bitstring=001001011010110111100011111110101100110110010011100101001101110011111101010100011001000110110100011100001010011010000001001000110001000001110100110100, Decimal=210068893820882935634809021434027518315470132, Energy=-127.5315
Rank 6: Bitstring=101001011010110111100011111110101100110110010011100101001001110011111001010100011001000110110100011100001010011010000000001010110001000001110100110100, Decimal=923692740173862871210982923197639356695452980, Energy=-127.5041
Rank 7: Bitstring=101001011010110111100011110110101000110110010011100101001001110011111001010100011001000110110100011100001010011010000000001010110000000001110100110100, Decimal=923692729456962155195098697910694933184912692, Energy=-127.4925
Rank 8: Bitstring=011001010010110110100011111110101100110110010011100101001101110111110101010100011001000111010100011100001010011010000001001100110001000001110100110100, Decimal=564087779329685843066226536411169110133841204, Energy=-127.4129
Rank 9: Bitstring=001001011010110111100011111110101100110110010011100101000001110011111101010100011001000110110100011110001010011010000000001000110001000001110100110100, Decimal=210068893820882920779528550010027168405658932, Energy=-127.4087
Rank 10: Bitstring=001001011010110111100011110110101000110110010011100101000001110011111101010100011001000110110100011110001010011010000000001000110000000001110100110100, Decimal=210068883103982204763644324723082744895118644, Energy=-127.3971

E_min from simulated annealing:  -127.7185
Minimum energy: -127.7185
States with energy within 1e-08 of minimum: [210068893820882930683048864292506417645231412]
4


################## Start optimization with initial parameters: [0. 0. 0. 0. 0. 0. 0. 0. 0. 0. 0. 0. 0. 0. 0. 0. 0. 0. 0. 0. 0. 0. 0. 0.
 0. 0. 0. 0. 0. 0. 0. 0. 0. 0. 0. 0. 0. 0. 0. 0. 0. 0. 0. 0. 0. 0. 0. 0.
 0. 0. 0. 0. 0. 0. 0. 0. 0. 0. 0. 0. 0. 0. 0. 0. 0. 0. 0. 0. 0. 0. 0. 0.
 0. 0. 0. 0. 0. 0. 0. 0. 0. 0. 0. 0. 0. 0. 0. 0. 0. 0. 0. 0. 0. 0. 0. 0.
 0. 0. 0. 0. 0. 0. 0. 0. 0. 0. 0. 0. 0. 0. 0. 0. 0. 0. 0. 0. 0. 0. 0. 0.
 0. 0. 0. 0. 0. 0. 0. 0. 0. 0. 0. 0. 0. 0. 0. 0. 0. 0. 0. 0. 0. 0. 0. 0.
 0. 0. 0. 0. 0. 0. 0. 0. 0. 0. 0. 0. 0. 0. 0. 0. 0. 0. 0. 0. 0. 0. 0. 0.
 0. 0. 0. 0. 0. 0. 0. 0. 0. 0. 0. 0. 0. 0. 0. 0. 0. 0. 0. 0. 0. 0. 0. 0.
 0. 0. 0. 0. 0. 0. 0. 0. 0. 0. 0. 0. 0. 0. 0. 0. 0. 0. 0. 0. 0. 0. 0. 0.
 0. 0. 0. 0. 0. 0. 0. 0. 0. 0. 0. 0. 0. 0. 0. 0. 0. 0. 0. 0. 0. 0. 0. 0.
 0. 0. 0. 0. 0. 0. 0. 0. 0. 0. 0. 0. 0. 0. 0. 0. 0. 0. 0. 0. 0. 0. 0. 0.
 0. 0. 0. 0. 0. 0. 0. 0. 0. 0. 0. 0. 0. 0. 0. 0. 0. 0. 0. 0. 0. 0. 0. 0.
 0. 0. 0. 0. 0. 0. 0. 0. 0. 0. 0. 0. 0. 0. 0. 0. 0. 0. 0. 0. 0. 0. 0. 0.
 0. 0. 0. 0. 0. 0. 0. 0. 0. 0. 0. 0. 0. 0. 0. 0. 0. 0. 0. 0. 0. 0. 0. 0.
 0. 0. 0. 0. 0. 0. 0. 0. 0. 0. 0. 0. 0. 0. 0. 0. 0. 0. 0. 0. 0. 0. 0. 0.
 0. 0. 0. 0. 0. 0. 0. 0. 0. 0. 0. 0. 0. 0. 0. 0. 0. 0. 0. 0. 0. 0. 0. 0.
 0. 0. 0. 0. 0. 0. 0. 0. 0. 0. 0. 0. 0. 0. 0. 0. 0. 0. 0. 0. 0. 0. 0. 0.
 0. 0. 0. 0. 0. 0. 0. 0. 0. 0. 0. 0. 0. 0. 0. 0. 0. 0. 0. 0. 0. 0. 0. 0.
 0. 0. 0. 0. 0. 0. 0. 0. 0. 0. 0. 0. 0. 0. 0. 0. 0. 0. 0. 0. 0. 0. 0. 0.
 0. 0. 0. 0. 0. 0. 0. 0. 0. 0. 0. 0. 0. 0. 0. 0. 0. 0. 0. 0. 0. 0. 0. 0.
 0. 0. 0. 0. 0. 0. 0. 0. 0. 0. 0. 0. 0. 0. 0. 0. 0. 0. 0. 0. 0. 0. 0. 0.
 0. 0. 0. 0. 0. 0. 0. 0. 0. 0. 0. 0. 0. 0. 0. 0. 0. 0. 0. 0. 0. 0. 0. 0.
 0. 0. 0. 0. 0. 0. 0. 0. 0. 0. 0. 0. 0. 0. 0. 0. 0. 0. 0. 0. 0. 0. 0. 0.
 0. 0. 0. 0. 0. 0. 0. 0. 0. 0. 0. 0. 0. 0. 0. 0. 0. 0. 0. 0. 0. 0. 0. 0.
 0. 0. 0. 0. 0. 0. 0. 0. 0. 0. 0. 0. 0. 0. 0. 0. 0. 0. 0. 0. 0. 0. 0. 0.]
Write sucessfully to ./data/data_shots_10000_layer_1/alpha_0.01/N_150/r_24/ansatz_type_linear_cnot/initialization_zeros

vqe.cvar_eval[0]: -29.087464 , min_cvar: -41.745700000000014 , opt_cvar: -41.745700000000014

vqe.poss_eval[-1]: 0 vqe.poss_eval[0] 0  , max_poss: 0 , opt_poss: 0

vqe.r_eval[-1]: 0.30701229657410656 vqe.r_eval[0]: 0.22774667726288672 max_r: 0.3268571115382659 , min_r: 0.2218456057658053
