000 (15756408.1270.000) 2026-02-06 11:27:00 Job submitted from host: <141.34.103.35:9618?addrs=141.34.103.35-9618+[2001-638-700-f067--1-23]-9618&alias=wgs39.zeuthen.desy.de&noUDP&sock=schedd_7414_f73f>
...
009 (15756408.1270.000) 2026-02-10 11:47:46 Job was aborted.
	via condor_rm (by user tuccia)
...
000 (15951004.847.000) 2026-02-10 16:30:10 Job submitted from host: <141.34.103.35:9618?addrs=141.34.103.35-9618+[2001-638-700-f067--1-23]-9618&alias=wgs39.zeuthen.desy.de&noUDP&sock=schedd_7302_24a3>
...
001 (15951004.847.000) 2026-02-11 04:11:35 Job executing on host: <141.34.15.79:9618?addrs=141.34.15.79-9618+[2001-638-700-f00f--1-4f]-9618&alias=bladek6.zeuthen.desy.de&noUDP&sock=startd_9236_b4cd>
	SlotName: slot1_14@bladek6.zeuthen.desy.de
	CondorScratchDir = "/batch/dir_4131179"
	Cpus = 1
	Disk = 1025025
	GPUs = 0
	Memory = 5120
...
006 (15951004.847.000) 2026-02-11 04:11:48 Image size of job updated: 107332
	105  -  MemoryUsage of job (MB)
	107332  -  ResidentSetSize of job (KB)
...
006 (15951004.847.000) 2026-02-11 04:16:48 Image size of job updated: 793652
	590  -  MemoryUsage of job (MB)
	603892  -  ResidentSetSize of job (KB)
...
006 (15951004.847.000) 2026-02-11 04:21:49 Image size of job updated: 793652
	612  -  MemoryUsage of job (MB)
	626452  -  ResidentSetSize of job (KB)
...
006 (15951004.847.000) 2026-02-11 04:26:49 Image size of job updated: 793652
	772  -  MemoryUsage of job (MB)
	790412  -  ResidentSetSize of job (KB)
...
006 (15951004.847.000) 2026-02-11 04:31:49 Image size of job updated: 793652
	772  -  MemoryUsage of job (MB)
	790524  -  ResidentSetSize of job (KB)
...
006 (15951004.847.000) 2026-02-11 04:36:50 Image size of job updated: 793652
	773  -  MemoryUsage of job (MB)
	790660  -  ResidentSetSize of job (KB)
...
006 (15951004.847.000) 2026-02-11 04:41:50 Image size of job updated: 793652
	773  -  MemoryUsage of job (MB)
	790796  -  ResidentSetSize of job (KB)
...
006 (15951004.847.000) 2026-02-11 04:46:50 Image size of job updated: 793652
	773  -  MemoryUsage of job (MB)
	790936  -  ResidentSetSize of job (KB)
...
006 (15951004.847.000) 2026-02-11 04:51:51 Image size of job updated: 793652
	773  -  MemoryUsage of job (MB)
	791072  -  ResidentSetSize of job (KB)
...
006 (15951004.847.000) 2026-02-11 04:56:51 Image size of job updated: 793652
	773  -  MemoryUsage of job (MB)
	791208  -  ResidentSetSize of job (KB)
...
006 (15951004.847.000) 2026-02-11 05:01:51 Image size of job updated: 793652
	773  -  MemoryUsage of job (MB)
	791344  -  ResidentSetSize of job (KB)
...
006 (15951004.847.000) 2026-02-11 05:06:52 Image size of job updated: 793652
	773  -  MemoryUsage of job (MB)
	791484  -  ResidentSetSize of job (KB)
...
006 (15951004.847.000) 2026-02-11 05:11:52 Image size of job updated: 793652
	774  -  MemoryUsage of job (MB)
	791620  -  ResidentSetSize of job (KB)
...
006 (15951004.847.000) 2026-02-11 05:16:52 Image size of job updated: 793652
	774  -  MemoryUsage of job (MB)
	791756  -  ResidentSetSize of job (KB)
...
006 (15951004.847.000) 2026-02-11 05:21:53 Image size of job updated: 793652
	774  -  MemoryUsage of job (MB)
	791896  -  ResidentSetSize of job (KB)
...
006 (15951004.847.000) 2026-02-11 05:26:53 Image size of job updated: 793652
	774  -  MemoryUsage of job (MB)
	792032  -  ResidentSetSize of job (KB)
...
006 (15951004.847.000) 2026-02-11 05:31:53 Image size of job updated: 793652
	774  -  MemoryUsage of job (MB)
	792168  -  ResidentSetSize of job (KB)
...
006 (15951004.847.000) 2026-02-11 05:36:54 Image size of job updated: 793652
	774  -  MemoryUsage of job (MB)
	792304  -  ResidentSetSize of job (KB)
...
006 (15951004.847.000) 2026-02-11 05:41:54 Image size of job updated: 793652
	774  -  MemoryUsage of job (MB)
	792440  -  ResidentSetSize of job (KB)
...
006 (15951004.847.000) 2026-02-11 05:46:54 Image size of job updated: 793652
	775  -  MemoryUsage of job (MB)
	792580  -  ResidentSetSize of job (KB)
...
006 (15951004.847.000) 2026-02-11 05:51:55 Image size of job updated: 793652
	775  -  MemoryUsage of job (MB)
	792716  -  ResidentSetSize of job (KB)
...
006 (15951004.847.000) 2026-02-11 05:56:56 Image size of job updated: 793652
	775  -  MemoryUsage of job (MB)
	792860  -  ResidentSetSize of job (KB)
...
006 (15951004.847.000) 2026-02-11 06:01:56 Image size of job updated: 793652
	775  -  MemoryUsage of job (MB)
	792992  -  ResidentSetSize of job (KB)
...
006 (15951004.847.000) 2026-02-11 06:06:57 Image size of job updated: 793652
	775  -  MemoryUsage of job (MB)
	793128  -  ResidentSetSize of job (KB)
...
006 (15951004.847.000) 2026-02-11 06:11:58 Image size of job updated: 793652
	775  -  MemoryUsage of job (MB)
	793268  -  ResidentSetSize of job (KB)
...
006 (15951004.847.000) 2026-02-11 06:16:58 Image size of job updated: 793652
	775  -  MemoryUsage of job (MB)
	793408  -  ResidentSetSize of job (KB)
...
006 (15951004.847.000) 2026-02-11 06:21:59 Image size of job updated: 793652
	775  -  MemoryUsage of job (MB)
	793552  -  ResidentSetSize of job (KB)
...
006 (15951004.847.000) 2026-02-11 06:27:00 Image size of job updated: 793692
	776  -  MemoryUsage of job (MB)
	793692  -  ResidentSetSize of job (KB)
...
006 (15951004.847.000) 2026-02-11 06:32:00 Image size of job updated: 845072
	797  -  MemoryUsage of job (MB)
	815120  -  ResidentSetSize of job (KB)
...
006 (15951004.847.000) 2026-02-11 08:47:12 Image size of job updated: 845072
	797  -  MemoryUsage of job (MB)
	815648  -  ResidentSetSize of job (KB)
...
