000 (15756408.1470.000) 2026-02-06 11:27:01 Job submitted from host: <141.34.103.35:9618?addrs=141.34.103.35-9618+[2001-638-700-f067--1-23]-9618&alias=wgs39.zeuthen.desy.de&noUDP&sock=schedd_7414_f73f>
...
009 (15756408.1470.000) 2026-02-10 11:47:49 Job was aborted.
	via condor_rm (by user tuccia)
...
000 (15951004.980.000) 2026-02-10 16:30:11 Job submitted from host: <141.34.103.35:9618?addrs=141.34.103.35-9618+[2001-638-700-f067--1-23]-9618&alias=wgs39.zeuthen.desy.de&noUDP&sock=schedd_7302_24a3>
...
001 (15951004.980.000) 2026-02-11 04:14:35 Job executing on host: <141.34.15.192:9618?addrs=141.34.15.192-9618+[2001-638-700-f00f--1-c0]-9618&alias=bladekb.zeuthen.desy.de&noUDP&sock=startd_9379_cad8>
	SlotName: slot1_21@bladekb.zeuthen.desy.de
	CondorScratchDir = "/batch/dir_3702751"
	Cpus = 1
	Disk = 1025024
	GPUs = 0
	Memory = 5120
...
006 (15951004.980.000) 2026-02-11 04:14:49 Image size of job updated: 107292
	105  -  MemoryUsage of job (MB)
	107292  -  ResidentSetSize of job (KB)
...
006 (15951004.980.000) 2026-02-11 04:19:49 Image size of job updated: 963332
	609  -  MemoryUsage of job (MB)
	623004  -  ResidentSetSize of job (KB)
...
006 (15951004.980.000) 2026-02-11 04:24:49 Image size of job updated: 963332
	624  -  MemoryUsage of job (MB)
	638288  -  ResidentSetSize of job (KB)
...
006 (15951004.980.000) 2026-02-11 04:29:50 Image size of job updated: 963332
	666  -  MemoryUsage of job (MB)
	681604  -  ResidentSetSize of job (KB)
...
006 (15951004.980.000) 2026-02-11 04:34:50 Image size of job updated: 963332
	666  -  MemoryUsage of job (MB)
	681772  -  ResidentSetSize of job (KB)
...
006 (15951004.980.000) 2026-02-11 04:39:50 Image size of job updated: 963332
	667  -  MemoryUsage of job (MB)
	682788  -  ResidentSetSize of job (KB)
...
006 (15951004.980.000) 2026-02-11 04:44:51 Image size of job updated: 963332
	671  -  MemoryUsage of job (MB)
	686892  -  ResidentSetSize of job (KB)
...
006 (15951004.980.000) 2026-02-11 05:04:53 Image size of job updated: 963332
	671  -  MemoryUsage of job (MB)
	686896  -  ResidentSetSize of job (KB)
...
006 (15951004.980.000) 2026-02-11 06:24:58 Image size of job updated: 963332
	671  -  MemoryUsage of job (MB)
	686952  -  ResidentSetSize of job (KB)
...
006 (15951004.980.000) 2026-02-11 07:45:09 Image size of job updated: 963332
	671  -  MemoryUsage of job (MB)
	687020  -  ResidentSetSize of job (KB)
...
