000 (15756407.1276.000) 2026-02-06 11:26:13 Job submitted from host: <141.34.103.35:9618?addrs=141.34.103.35-9618+[2001-638-700-f067--1-23]-9618&alias=wgs39.zeuthen.desy.de&noUDP&sock=schedd_7414_f73f>
...
009 (15756407.1276.000) 2026-02-10 11:42:45 Job was aborted.
	via condor_rm (by user tuccia)
...
000 (15949294.851.000) 2026-02-10 11:45:21 Job submitted from host: <141.34.103.35:9618?addrs=141.34.103.35-9618+[2001-638-700-f067--1-23]-9618&alias=wgs39.zeuthen.desy.de&noUDP&sock=schedd_7302_24a3>
...
009 (15949294.851.000) 2026-02-10 11:45:47 Job was aborted.
	via condor_rm (by user tuccia)
...
000 (15949295.851.000) 2026-02-10 11:46:05 Job submitted from host: <141.34.103.35:9618?addrs=141.34.103.35-9618+[2001-638-700-f067--1-23]-9618&alias=wgs39.zeuthen.desy.de&noUDP&sock=schedd_7302_24a3>
...
001 (15949295.851.000) 2026-02-15 18:29:27 Job executing on host: <141.34.15.45:9618?addrs=141.34.15.45-9618+[2001-638-700-f00f--1-2d]-9618&alias=pizza16.zeuthen.desy.de&noUDP&sock=startd_8270_1c50>
	SlotName: slot1_4@pizza16.zeuthen.desy.de
	CondorScratchDir = "/batch/dir_3946931"
	Cpus = 8
	Disk = 1025696
	GPUs = 0
	Memory = 16384
...
006 (15949295.851.000) 2026-02-15 18:29:41 Image size of job updated: 109404
	107  -  MemoryUsage of job (MB)
	109404  -  ResidentSetSize of job (KB)
...
006 (15949295.851.000) 2026-02-15 18:34:42 Image size of job updated: 798864
	736  -  MemoryUsage of job (MB)
	753560  -  ResidentSetSize of job (KB)
...
006 (15949295.851.000) 2026-02-15 18:44:42 Image size of job updated: 798864
	741  -  MemoryUsage of job (MB)
	758196  -  ResidentSetSize of job (KB)
...
006 (15949295.851.000) 2026-02-15 18:49:43 Image size of job updated: 798864
	741  -  MemoryUsage of job (MB)
	758200  -  ResidentSetSize of job (KB)
...
006 (15949295.851.000) 2026-02-15 19:39:50 Image size of job updated: 798864
	741  -  MemoryUsage of job (MB)
	758508  -  ResidentSetSize of job (KB)
...
006 (15949295.851.000) 2026-02-15 19:44:50 Image size of job updated: 798864
	749  -  MemoryUsage of job (MB)
	766308  -  ResidentSetSize of job (KB)
...
006 (15949295.851.000) 2026-02-15 19:49:50 Image size of job updated: 798864
	753  -  MemoryUsage of job (MB)
	770800  -  ResidentSetSize of job (KB)
...
006 (15949295.851.000) 2026-02-15 19:59:51 Image size of job updated: 798864
	757  -  MemoryUsage of job (MB)
	774320  -  ResidentSetSize of job (KB)
...
006 (15949295.851.000) 2026-02-15 20:29:53 Image size of job updated: 798864
	760  -  MemoryUsage of job (MB)
	777704  -  ResidentSetSize of job (KB)
...
006 (15949295.851.000) 2026-02-15 20:34:53 Image size of job updated: 798864
	761  -  MemoryUsage of job (MB)
	778796  -  ResidentSetSize of job (KB)
...
006 (15949295.851.000) 2026-02-15 20:39:54 Image size of job updated: 798864
	761  -  MemoryUsage of job (MB)
	779228  -  ResidentSetSize of job (KB)
...
006 (15949295.851.000) 2026-02-15 20:44:55 Image size of job updated: 798864
	762  -  MemoryUsage of job (MB)
	779648  -  ResidentSetSize of job (KB)
...
006 (15949295.851.000) 2026-02-15 20:49:55 Image size of job updated: 798864
	762  -  MemoryUsage of job (MB)
	779972  -  ResidentSetSize of job (KB)
...
006 (15949295.851.000) 2026-02-15 20:54:56 Image size of job updated: 798864
	766  -  MemoryUsage of job (MB)
	784188  -  ResidentSetSize of job (KB)
...
006 (15949295.851.000) 2026-02-15 21:14:59 Image size of job updated: 833928
	815  -  MemoryUsage of job (MB)
	833928  -  ResidentSetSize of job (KB)
...
006 (15949295.851.000) 2026-02-15 21:19:59 Image size of job updated: 838312
	816  -  MemoryUsage of job (MB)
	835448  -  ResidentSetSize of job (KB)
...
006 (15949295.851.000) 2026-02-15 21:25:00 Image size of job updated: 840836
	818  -  MemoryUsage of job (MB)
	837024  -  ResidentSetSize of job (KB)
...
006 (15949295.851.000) 2026-02-15 21:30:01 Image size of job updated: 841140
	819  -  MemoryUsage of job (MB)
	838572  -  ResidentSetSize of job (KB)
...
006 (15949295.851.000) 2026-02-15 21:35:01 Image size of job updated: 841172
	819  -  MemoryUsage of job (MB)
	838572  -  ResidentSetSize of job (KB)
...
006 (15949295.851.000) 2026-02-15 21:45:03 Image size of job updated: 841172
	822  -  MemoryUsage of job (MB)
	841004  -  ResidentSetSize of job (KB)
...
006 (15949295.851.000) 2026-02-15 21:55:03 Image size of job updated: 841564
	822  -  MemoryUsage of job (MB)
	841004  -  ResidentSetSize of job (KB)
...
006 (15949295.851.000) 2026-02-15 22:00:04 Image size of job updated: 841660
	822  -  MemoryUsage of job (MB)
	841004  -  ResidentSetSize of job (KB)
...
006 (15949295.851.000) 2026-02-15 22:05:04 Image size of job updated: 841928
	822  -  MemoryUsage of job (MB)
	841004  -  ResidentSetSize of job (KB)
...
006 (15949295.851.000) 2026-02-15 22:10:04 Image size of job updated: 842004
	822  -  MemoryUsage of job (MB)
	841004  -  ResidentSetSize of job (KB)
...
006 (15949295.851.000) 2026-02-16 00:20:17 Image size of job updated: 868500
	849  -  MemoryUsage of job (MB)
	868500  -  ResidentSetSize of job (KB)
...
006 (15949295.851.000) 2026-02-16 00:25:18 Image size of job updated: 882816
	863  -  MemoryUsage of job (MB)
	882816  -  ResidentSetSize of job (KB)
...
006 (15949295.851.000) 2026-02-16 00:30:18 Image size of job updated: 884036
	864  -  MemoryUsage of job (MB)
	884036  -  ResidentSetSize of job (KB)
...
006 (15949295.851.000) 2026-02-16 00:35:19 Image size of job updated: 884836
	865  -  MemoryUsage of job (MB)
	884836  -  ResidentSetSize of job (KB)
...
006 (15949295.851.000) 2026-02-16 00:40:20 Image size of job updated: 885432
	865  -  MemoryUsage of job (MB)
	885236  -  ResidentSetSize of job (KB)
...
006 (15949295.851.000) 2026-02-16 00:45:20 Image size of job updated: 885792
	866  -  MemoryUsage of job (MB)
	885792  -  ResidentSetSize of job (KB)
...
006 (15949295.851.000) 2026-02-16 00:50:21 Image size of job updated: 885800
	866  -  MemoryUsage of job (MB)
	885800  -  ResidentSetSize of job (KB)
...
006 (15949295.851.000) 2026-02-16 00:55:22 Image size of job updated: 886048
	866  -  MemoryUsage of job (MB)
	886048  -  ResidentSetSize of job (KB)
...
006 (15949295.851.000) 2026-02-16 01:15:24 Image size of job updated: 886720
	866  -  MemoryUsage of job (MB)
	886720  -  ResidentSetSize of job (KB)
...
006 (15949295.851.000) 2026-02-16 01:20:25 Image size of job updated: 887152
	866  -  MemoryUsage of job (MB)
	886720  -  ResidentSetSize of job (KB)
...
006 (15949295.851.000) 2026-02-16 01:25:26 Image size of job updated: 887152
	867  -  MemoryUsage of job (MB)
	887008  -  ResidentSetSize of job (KB)
...
006 (15949295.851.000) 2026-02-16 01:30:26 Image size of job updated: 887152
	867  -  MemoryUsage of job (MB)
	887116  -  ResidentSetSize of job (KB)
...
006 (15949295.851.000) 2026-02-16 01:40:28 Image size of job updated: 887584
	867  -  MemoryUsage of job (MB)
	887584  -  ResidentSetSize of job (KB)
...
006 (15949295.851.000) 2026-02-16 01:45:28 Image size of job updated: 887664
	867  -  MemoryUsage of job (MB)
	887584  -  ResidentSetSize of job (KB)
...
006 (15949295.851.000) 2026-02-16 01:50:28 Image size of job updated: 887844
	868  -  MemoryUsage of job (MB)
	887844  -  ResidentSetSize of job (KB)
...
006 (15949295.851.000) 2026-02-16 01:55:29 Image size of job updated: 888176
	868  -  MemoryUsage of job (MB)
	888176  -  ResidentSetSize of job (KB)
...
006 (15949295.851.000) 2026-02-16 02:20:30 Image size of job updated: 896464
	876  -  MemoryUsage of job (MB)
	896464  -  ResidentSetSize of job (KB)
...
006 (15949295.851.000) 2026-02-16 02:25:31 Image size of job updated: 897216
	877  -  MemoryUsage of job (MB)
	897216  -  ResidentSetSize of job (KB)
...
006 (15949295.851.000) 2026-02-16 02:30:31 Image size of job updated: 906068
	885  -  MemoryUsage of job (MB)
	906068  -  ResidentSetSize of job (KB)
...
006 (15949295.851.000) 2026-02-16 02:35:32 Image size of job updated: 906756
	886  -  MemoryUsage of job (MB)
	906756  -  ResidentSetSize of job (KB)
...
006 (15949295.851.000) 2026-02-16 02:40:33 Image size of job updated: 907212
	886  -  MemoryUsage of job (MB)
	907212  -  ResidentSetSize of job (KB)
...
006 (15949295.851.000) 2026-02-16 02:45:33 Image size of job updated: 908832
	888  -  MemoryUsage of job (MB)
	908832  -  ResidentSetSize of job (KB)
...
006 (15949295.851.000) 2026-02-16 02:50:34 Image size of job updated: 910824
	890  -  MemoryUsage of job (MB)
	910824  -  ResidentSetSize of job (KB)
...
006 (15949295.851.000) 2026-02-16 02:55:35 Image size of job updated: 911400
	891  -  MemoryUsage of job (MB)
	911400  -  ResidentSetSize of job (KB)
...
006 (15949295.851.000) 2026-02-16 03:00:35 Image size of job updated: 912516
	892  -  MemoryUsage of job (MB)
	912516  -  ResidentSetSize of job (KB)
...
006 (15949295.851.000) 2026-02-16 03:05:36 Image size of job updated: 912996
	892  -  MemoryUsage of job (MB)
	912996  -  ResidentSetSize of job (KB)
...
006 (15949295.851.000) 2026-02-16 03:10:37 Image size of job updated: 922316
	901  -  MemoryUsage of job (MB)
	922316  -  ResidentSetSize of job (KB)
...
006 (15949295.851.000) 2026-02-16 03:15:37 Image size of job updated: 922628
	902  -  MemoryUsage of job (MB)
	922628  -  ResidentSetSize of job (KB)
...
006 (15949295.851.000) 2026-02-16 03:20:38 Image size of job updated: 922856
	902  -  MemoryUsage of job (MB)
	922856  -  ResidentSetSize of job (KB)
...
006 (15949295.851.000) 2026-02-16 04:00:40 Image size of job updated: 922860
	902  -  MemoryUsage of job (MB)
	922860  -  ResidentSetSize of job (KB)
...
006 (15949295.851.000) 2026-02-16 04:05:41 Image size of job updated: 923372
	902  -  MemoryUsage of job (MB)
	923372  -  ResidentSetSize of job (KB)
...
006 (15949295.851.000) 2026-02-16 05:20:49 Image size of job updated: 936176
	915  -  MemoryUsage of job (MB)
	936176  -  ResidentSetSize of job (KB)
...
006 (15949295.851.000) 2026-02-16 05:25:49 Image size of job updated: 936672
	915  -  MemoryUsage of job (MB)
	936672  -  ResidentSetSize of job (KB)
...
006 (15949295.851.000) 2026-02-16 05:30:50 Image size of job updated: 936920
	915  -  MemoryUsage of job (MB)
	936920  -  ResidentSetSize of job (KB)
...
006 (15949295.851.000) 2026-02-16 06:10:54 Image size of job updated: 947928
	926  -  MemoryUsage of job (MB)
	947928  -  ResidentSetSize of job (KB)
...
006 (15949295.851.000) 2026-02-16 06:15:55 Image size of job updated: 948400
	927  -  MemoryUsage of job (MB)
	948400  -  ResidentSetSize of job (KB)
...
006 (15949295.851.000) 2026-02-16 06:25:56 Image size of job updated: 948432
	927  -  MemoryUsage of job (MB)
	948432  -  ResidentSetSize of job (KB)
...
006 (15949295.851.000) 2026-02-16 07:01:01 Image size of job updated: 969424
	947  -  MemoryUsage of job (MB)
	969424  -  ResidentSetSize of job (KB)
...
006 (15949295.851.000) 2026-02-16 07:06:01 Image size of job updated: 969644
	947  -  MemoryUsage of job (MB)
	969644  -  ResidentSetSize of job (KB)
...
006 (15949295.851.000) 2026-02-16 07:41:04 Image size of job updated: 969708
	947  -  MemoryUsage of job (MB)
	969708  -  ResidentSetSize of job (KB)
...
006 (15949295.851.000) 2026-02-16 07:51:04 Image size of job updated: 969900
	948  -  MemoryUsage of job (MB)
	969900  -  ResidentSetSize of job (KB)
...
006 (15949295.851.000) 2026-02-16 07:56:05 Image size of job updated: 969956
	948  -  MemoryUsage of job (MB)
	969956  -  ResidentSetSize of job (KB)
...
006 (15949295.851.000) 2026-02-16 08:01:05 Image size of job updated: 970156
	948  -  MemoryUsage of job (MB)
	970156  -  ResidentSetSize of job (KB)
...
006 (15949295.851.000) 2026-02-16 08:41:10 Image size of job updated: 970336
	948  -  MemoryUsage of job (MB)
	970336  -  ResidentSetSize of job (KB)
...
006 (15949295.851.000) 2026-02-16 08:51:11 Image size of job updated: 970452
	948  -  MemoryUsage of job (MB)
	970452  -  ResidentSetSize of job (KB)
...
006 (15949295.851.000) 2026-02-16 08:56:12 Image size of job updated: 970668
	948  -  MemoryUsage of job (MB)
	970668  -  ResidentSetSize of job (KB)
...
006 (15949295.851.000) 2026-02-16 09:26:14 Image size of job updated: 970684
	948  -  MemoryUsage of job (MB)
	970684  -  ResidentSetSize of job (KB)
...
006 (15949295.851.000) 2026-02-16 09:31:14 Image size of job updated: 970924
	949  -  MemoryUsage of job (MB)
	970924  -  ResidentSetSize of job (KB)
...
006 (15949295.851.000) 2026-02-16 09:51:17 Image size of job updated: 971108
	949  -  MemoryUsage of job (MB)
	970924  -  ResidentSetSize of job (KB)
...
006 (15949295.851.000) 2026-02-16 09:56:17 Image size of job updated: 971108
	949  -  MemoryUsage of job (MB)
	971040  -  ResidentSetSize of job (KB)
...
006 (15949295.851.000) 2026-02-16 10:06:18 Image size of job updated: 971180
	949  -  MemoryUsage of job (MB)
	971180  -  ResidentSetSize of job (KB)
...
006 (15949295.851.000) 2026-02-16 10:41:21 Image size of job updated: 971256
	949  -  MemoryUsage of job (MB)
	971256  -  ResidentSetSize of job (KB)
...
006 (15949295.851.000) 2026-02-16 10:46:22 Image size of job updated: 971436
	949  -  MemoryUsage of job (MB)
	971436  -  ResidentSetSize of job (KB)
...
006 (15949295.851.000) 2026-02-16 10:51:22 Image size of job updated: 971440
	949  -  MemoryUsage of job (MB)
	971436  -  ResidentSetSize of job (KB)
...
006 (15949295.851.000) 2026-02-16 10:56:23 Image size of job updated: 971616
	949  -  MemoryUsage of job (MB)
	971616  -  ResidentSetSize of job (KB)
...
006 (15949295.851.000) 2026-02-16 11:01:24 Image size of job updated: 971692
	949  -  MemoryUsage of job (MB)
	971692  -  ResidentSetSize of job (KB)
...
006 (15949295.851.000) 2026-02-16 11:11:25 Image size of job updated: 971700
	949  -  MemoryUsage of job (MB)
	971700  -  ResidentSetSize of job (KB)
...
006 (15949295.851.000) 2026-02-16 11:16:26 Image size of job updated: 971948
	950  -  MemoryUsage of job (MB)
	971948  -  ResidentSetSize of job (KB)
...
006 (15949295.851.000) 2026-02-16 11:36:28 Image size of job updated: 972072
	950  -  MemoryUsage of job (MB)
	972072  -  ResidentSetSize of job (KB)
...
006 (15949295.851.000) 2026-02-16 11:41:29 Image size of job updated: 972204
	950  -  MemoryUsage of job (MB)
	972204  -  ResidentSetSize of job (KB)
...
004 (15949295.851.000) 2026-02-16 17:16:23 Job was evicted.
	(0) CPU times
		Usr 5 16:45:57, Sys 0 03:50:20  -  Run Remote Usage
		Usr 0 00:00:00, Sys 0 00:00:00  -  Run Local Usage
	0  -  Run Bytes Sent By Job
	0  -  Run Bytes Received By Job
	Partitionable Resources :    Usage  Request Allocated 
	   Cpus                 :     1.55        8         8 
	   Disk (KB)            :     1     1024000   1025696 
	   GPUs                 :                           0 
	   Memory (MB)          :   950       16384     16384 
	   TimeExecute (s)      : 82015                       
	   TimeSlotBusy (s)     : 82016                       
...
009 (15949295.851.000) 2026-02-16 17:16:23 Job was aborted.
	via condor_rm (by user tuccia)
...
