000 (15756407.1324.000) 2026-02-06 11:26:14 Job submitted from host: <141.34.103.35:9618?addrs=141.34.103.35-9618+[2001-638-700-f067--1-23]-9618&alias=wgs39.zeuthen.desy.de&noUDP&sock=schedd_7414_f73f>
...
009 (15756407.1324.000) 2026-02-10 11:42:45 Job was aborted.
	via condor_rm (by user tuccia)
...
000 (15949294.883.000) 2026-02-10 11:45:21 Job submitted from host: <141.34.103.35:9618?addrs=141.34.103.35-9618+[2001-638-700-f067--1-23]-9618&alias=wgs39.zeuthen.desy.de&noUDP&sock=schedd_7302_24a3>
...
009 (15949294.883.000) 2026-02-10 11:45:47 Job was aborted.
	via condor_rm (by user tuccia)
...
000 (15949295.883.000) 2026-02-10 11:46:05 Job submitted from host: <141.34.103.35:9618?addrs=141.34.103.35-9618+[2001-638-700-f067--1-23]-9618&alias=wgs39.zeuthen.desy.de&noUDP&sock=schedd_7302_24a3>
...
001 (15949295.883.000) 2026-02-15 22:08:10 Job executing on host: <141.34.15.206:9618?addrs=141.34.15.206-9618+[2001-638-700-f00f--1-ce]-9618&alias=pizza08.zeuthen.desy.de&noUDP&sock=startd_9102_cb1c>
	SlotName: slot1_1@pizza08.zeuthen.desy.de
	CondorScratchDir = "/batch/dir_1564288"
	Cpus = 8
	Disk = 1025696
	GPUs = 0
	Memory = 16384
...
006 (15949295.883.000) 2026-02-15 22:08:23 Image size of job updated: 109404
	107  -  MemoryUsage of job (MB)
	109404  -  ResidentSetSize of job (KB)
...
006 (15949295.883.000) 2026-02-15 22:13:24 Image size of job updated: 746420
	724  -  MemoryUsage of job (MB)
	741312  -  ResidentSetSize of job (KB)
...
006 (15949295.883.000) 2026-02-15 22:18:25 Image size of job updated: 748044
	730  -  MemoryUsage of job (MB)
	747436  -  ResidentSetSize of job (KB)
...
006 (15949295.883.000) 2026-02-15 22:23:25 Image size of job updated: 748720
	730  -  MemoryUsage of job (MB)
	747440  -  ResidentSetSize of job (KB)
...
006 (15949295.883.000) 2026-02-15 22:28:25 Image size of job updated: 749920
	730  -  MemoryUsage of job (MB)
	747440  -  ResidentSetSize of job (KB)
...
006 (15949295.883.000) 2026-02-15 22:33:26 Image size of job updated: 750724
	731  -  MemoryUsage of job (MB)
	748400  -  ResidentSetSize of job (KB)
...
006 (15949295.883.000) 2026-02-15 22:38:26 Image size of job updated: 751092
	731  -  MemoryUsage of job (MB)
	748400  -  ResidentSetSize of job (KB)
...
006 (15949295.883.000) 2026-02-15 22:43:26 Image size of job updated: 751604
	731  -  MemoryUsage of job (MB)
	748400  -  ResidentSetSize of job (KB)
...
006 (15949295.883.000) 2026-02-15 23:08:28 Image size of job updated: 751604
	734  -  MemoryUsage of job (MB)
	751208  -  ResidentSetSize of job (KB)
...
006 (15949295.883.000) 2026-02-15 23:13:28 Image size of job updated: 752504
	734  -  MemoryUsage of job (MB)
	751208  -  ResidentSetSize of job (KB)
...
006 (15949295.883.000) 2026-02-15 23:18:29 Image size of job updated: 752760
	735  -  MemoryUsage of job (MB)
	752496  -  ResidentSetSize of job (KB)
...
006 (15949295.883.000) 2026-02-15 23:23:29 Image size of job updated: 768676
	746  -  MemoryUsage of job (MB)
	763752  -  ResidentSetSize of job (KB)
...
006 (15949295.883.000) 2026-02-15 23:28:29 Image size of job updated: 768676
	746  -  MemoryUsage of job (MB)
	763756  -  ResidentSetSize of job (KB)
...
006 (15949295.883.000) 2026-02-16 00:23:33 Image size of job updated: 787444
	760  -  MemoryUsage of job (MB)
	777500  -  ResidentSetSize of job (KB)
...
006 (15949295.883.000) 2026-02-16 00:28:33 Image size of job updated: 817980
	799  -  MemoryUsage of job (MB)
	817980  -  ResidentSetSize of job (KB)
...
006 (15949295.883.000) 2026-02-16 00:33:34 Image size of job updated: 828596
	801  -  MemoryUsage of job (MB)
	819228  -  ResidentSetSize of job (KB)
...
006 (15949295.883.000) 2026-02-16 00:38:34 Image size of job updated: 829232
	807  -  MemoryUsage of job (MB)
	825880  -  ResidentSetSize of job (KB)
...
006 (15949295.883.000) 2026-02-16 00:43:34 Image size of job updated: 829352
	807  -  MemoryUsage of job (MB)
	825880  -  ResidentSetSize of job (KB)
...
006 (15949295.883.000) 2026-02-16 00:53:36 Image size of job updated: 829808
	807  -  MemoryUsage of job (MB)
	825880  -  ResidentSetSize of job (KB)
...
006 (15949295.883.000) 2026-02-16 00:58:36 Image size of job updated: 841716
	822  -  MemoryUsage of job (MB)
	841716  -  ResidentSetSize of job (KB)
...
006 (15949295.883.000) 2026-02-16 01:03:37 Image size of job updated: 852136
	823  -  MemoryUsage of job (MB)
	842532  -  ResidentSetSize of job (KB)
...
006 (15949295.883.000) 2026-02-16 01:08:38 Image size of job updated: 852136
	823  -  MemoryUsage of job (MB)
	842636  -  ResidentSetSize of job (KB)
...
006 (15949295.883.000) 2026-02-16 01:13:38 Image size of job updated: 852544
	830  -  MemoryUsage of job (MB)
	848924  -  ResidentSetSize of job (KB)
...
006 (15949295.883.000) 2026-02-16 01:18:39 Image size of job updated: 852792
	833  -  MemoryUsage of job (MB)
	852104  -  ResidentSetSize of job (KB)
...
006 (15949295.883.000) 2026-02-16 01:23:40 Image size of job updated: 858616
	839  -  MemoryUsage of job (MB)
	858616  -  ResidentSetSize of job (KB)
...
006 (15949295.883.000) 2026-02-16 01:28:40 Image size of job updated: 863380
	839  -  MemoryUsage of job (MB)
	858616  -  ResidentSetSize of job (KB)
...
006 (15949295.883.000) 2026-02-16 01:33:41 Image size of job updated: 864212
	839  -  MemoryUsage of job (MB)
	858616  -  ResidentSetSize of job (KB)
...
006 (15949295.883.000) 2026-02-16 01:38:42 Image size of job updated: 864212
	841  -  MemoryUsage of job (MB)
	860732  -  ResidentSetSize of job (KB)
...
006 (15949295.883.000) 2026-02-16 01:43:42 Image size of job updated: 870308
	842  -  MemoryUsage of job (MB)
	861712  -  ResidentSetSize of job (KB)
...
006 (15949295.883.000) 2026-02-16 01:48:43 Image size of job updated: 870476
	842  -  MemoryUsage of job (MB)
	862184  -  ResidentSetSize of job (KB)
...
006 (15949295.883.000) 2026-02-16 01:53:44 Image size of job updated: 870744
	843  -  MemoryUsage of job (MB)
	862300  -  ResidentSetSize of job (KB)
...
006 (15949295.883.000) 2026-02-16 01:58:44 Image size of job updated: 871484
	843  -  MemoryUsage of job (MB)
	862300  -  ResidentSetSize of job (KB)
...
006 (15949295.883.000) 2026-02-16 02:03:45 Image size of job updated: 871536
	851  -  MemoryUsage of job (MB)
	870716  -  ResidentSetSize of job (KB)
...
006 (15949295.883.000) 2026-02-16 02:13:46 Image size of job updated: 871748
	851  -  MemoryUsage of job (MB)
	870716  -  ResidentSetSize of job (KB)
...
006 (15949295.883.000) 2026-02-16 02:33:49 Image size of job updated: 871832
	851  -  MemoryUsage of job (MB)
	870716  -  ResidentSetSize of job (KB)
...
006 (15949295.883.000) 2026-02-16 02:38:50 Image size of job updated: 872160
	851  -  MemoryUsage of job (MB)
	870716  -  ResidentSetSize of job (KB)
...
006 (15949295.883.000) 2026-02-16 02:53:52 Image size of job updated: 872332
	851  -  MemoryUsage of job (MB)
	870716  -  ResidentSetSize of job (KB)
...
006 (15949295.883.000) 2026-02-16 02:58:52 Image size of job updated: 872544
	851  -  MemoryUsage of job (MB)
	870716  -  ResidentSetSize of job (KB)
...
006 (15949295.883.000) 2026-02-16 03:59:00 Image size of job updated: 876340
	856  -  MemoryUsage of job (MB)
	876340  -  ResidentSetSize of job (KB)
...
006 (15949295.883.000) 2026-02-16 04:04:01 Image size of job updated: 883888
	864  -  MemoryUsage of job (MB)
	883888  -  ResidentSetSize of job (KB)
...
006 (15949295.883.000) 2026-02-16 04:09:02 Image size of job updated: 888176
	868  -  MemoryUsage of job (MB)
	888176  -  ResidentSetSize of job (KB)
...
006 (15949295.883.000) 2026-02-16 04:14:02 Image size of job updated: 888968
	868  -  MemoryUsage of job (MB)
	888176  -  ResidentSetSize of job (KB)
...
006 (15949295.883.000) 2026-02-16 04:34:05 Image size of job updated: 889044
	868  -  MemoryUsage of job (MB)
	888176  -  ResidentSetSize of job (KB)
...
006 (15949295.883.000) 2026-02-16 04:44:06 Image size of job updated: 889676
	868  -  MemoryUsage of job (MB)
	888176  -  ResidentSetSize of job (KB)
...
006 (15949295.883.000) 2026-02-16 04:59:08 Image size of job updated: 889968
	868  -  MemoryUsage of job (MB)
	888176  -  ResidentSetSize of job (KB)
...
006 (15949295.883.000) 2026-02-16 05:09:10 Image size of job updated: 890236
	868  -  MemoryUsage of job (MB)
	888176  -  ResidentSetSize of job (KB)
...
006 (15949295.883.000) 2026-02-16 05:39:14 Image size of job updated: 936984
	916  -  MemoryUsage of job (MB)
	936984  -  ResidentSetSize of job (KB)
...
006 (15949295.883.000) 2026-02-16 05:44:14 Image size of job updated: 941852
	916  -  MemoryUsage of job (MB)
	937384  -  ResidentSetSize of job (KB)
...
006 (15949295.883.000) 2026-02-16 05:54:16 Image size of job updated: 942468
	916  -  MemoryUsage of job (MB)
	937504  -  ResidentSetSize of job (KB)
...
006 (15949295.883.000) 2026-02-16 06:04:17 Image size of job updated: 942636
	921  -  MemoryUsage of job (MB)
	942636  -  ResidentSetSize of job (KB)
...
006 (15949295.883.000) 2026-02-16 06:19:19 Image size of job updated: 942772
	921  -  MemoryUsage of job (MB)
	942636  -  ResidentSetSize of job (KB)
...
006 (15949295.883.000) 2026-02-16 06:54:24 Image size of job updated: 943128
	921  -  MemoryUsage of job (MB)
	942636  -  ResidentSetSize of job (KB)
...
006 (15949295.883.000) 2026-02-16 07:19:27 Image size of job updated: 943264
	921  -  MemoryUsage of job (MB)
	942636  -  ResidentSetSize of job (KB)
...
006 (15949295.883.000) 2026-02-16 07:39:30 Image size of job updated: 943296
	921  -  MemoryUsage of job (MB)
	942636  -  ResidentSetSize of job (KB)
...
006 (15949295.883.000) 2026-02-16 07:44:30 Image size of job updated: 943884
	921  -  MemoryUsage of job (MB)
	942636  -  ResidentSetSize of job (KB)
...
006 (15949295.883.000) 2026-02-16 08:14:34 Image size of job updated: 960408
	938  -  MemoryUsage of job (MB)
	960408  -  ResidentSetSize of job (KB)
...
006 (15949295.883.000) 2026-02-16 08:19:35 Image size of job updated: 965600
	939  -  MemoryUsage of job (MB)
	961084  -  ResidentSetSize of job (KB)
...
006 (15949295.883.000) 2026-02-16 08:29:36 Image size of job updated: 965600
	939  -  MemoryUsage of job (MB)
	961188  -  ResidentSetSize of job (KB)
...
006 (15949295.883.000) 2026-02-16 08:34:37 Image size of job updated: 965600
	940  -  MemoryUsage of job (MB)
	961968  -  ResidentSetSize of job (KB)
...
006 (15949295.883.000) 2026-02-16 08:39:38 Image size of job updated: 965744
	940  -  MemoryUsage of job (MB)
	961968  -  ResidentSetSize of job (KB)
...
006 (15949295.883.000) 2026-02-16 08:44:38 Image size of job updated: 965884
	940  -  MemoryUsage of job (MB)
	961968  -  ResidentSetSize of job (KB)
...
006 (15949295.883.000) 2026-02-16 09:04:41 Image size of job updated: 965892
	940  -  MemoryUsage of job (MB)
	961996  -  ResidentSetSize of job (KB)
...
006 (15949295.883.000) 2026-02-16 09:09:42 Image size of job updated: 965892
	940  -  MemoryUsage of job (MB)
	962296  -  ResidentSetSize of job (KB)
...
006 (15949295.883.000) 2026-02-16 09:14:42 Image size of job updated: 965892
	940  -  MemoryUsage of job (MB)
	962400  -  ResidentSetSize of job (KB)
...
006 (15949295.883.000) 2026-02-16 09:29:44 Image size of job updated: 965892
	941  -  MemoryUsage of job (MB)
	962576  -  ResidentSetSize of job (KB)
...
006 (15949295.883.000) 2026-02-16 09:34:44 Image size of job updated: 965892
	941  -  MemoryUsage of job (MB)
	962676  -  ResidentSetSize of job (KB)
...
006 (15949295.883.000) 2026-02-16 09:39:45 Image size of job updated: 965924
	941  -  MemoryUsage of job (MB)
	962796  -  ResidentSetSize of job (KB)
...
006 (15949295.883.000) 2026-02-16 09:49:45 Image size of job updated: 965924
	941  -  MemoryUsage of job (MB)
	963036  -  ResidentSetSize of job (KB)
...
006 (15949295.883.000) 2026-02-16 09:54:46 Image size of job updated: 966024
	941  -  MemoryUsage of job (MB)
	963080  -  ResidentSetSize of job (KB)
...
006 (15949295.883.000) 2026-02-16 09:59:46 Image size of job updated: 966428
	941  -  MemoryUsage of job (MB)
	963124  -  ResidentSetSize of job (KB)
...
006 (15949295.883.000) 2026-02-16 10:04:46 Image size of job updated: 966728
	941  -  MemoryUsage of job (MB)
	963124  -  ResidentSetSize of job (KB)
...
006 (15949295.883.000) 2026-02-16 10:14:47 Image size of job updated: 966848
	941  -  MemoryUsage of job (MB)
	963124  -  ResidentSetSize of job (KB)
...
006 (15949295.883.000) 2026-02-16 10:19:47 Image size of job updated: 966848
	941  -  MemoryUsage of job (MB)
	963384  -  ResidentSetSize of job (KB)
...
006 (15949295.883.000) 2026-02-16 10:24:48 Image size of job updated: 967012
	941  -  MemoryUsage of job (MB)
	963492  -  ResidentSetSize of job (KB)
...
006 (15949295.883.000) 2026-02-16 10:29:48 Image size of job updated: 967012
	942  -  MemoryUsage of job (MB)
	963612  -  ResidentSetSize of job (KB)
...
006 (15949295.883.000) 2026-02-16 10:34:48 Image size of job updated: 967012
	942  -  MemoryUsage of job (MB)
	963680  -  ResidentSetSize of job (KB)
...
006 (15949295.883.000) 2026-02-16 10:39:49 Image size of job updated: 967012
	942  -  MemoryUsage of job (MB)
	963740  -  ResidentSetSize of job (KB)
...
006 (15949295.883.000) 2026-02-16 10:44:50 Image size of job updated: 967012
	942  -  MemoryUsage of job (MB)
	964156  -  ResidentSetSize of job (KB)
...
006 (15949295.883.000) 2026-02-16 11:04:52 Image size of job updated: 967244
	942  -  MemoryUsage of job (MB)
	964156  -  ResidentSetSize of job (KB)
...
006 (15949295.883.000) 2026-02-16 11:09:53 Image size of job updated: 967244
	942  -  MemoryUsage of job (MB)
	964160  -  ResidentSetSize of job (KB)
...
006 (15949295.883.000) 2026-02-16 11:14:54 Image size of job updated: 967432
	942  -  MemoryUsage of job (MB)
	964160  -  ResidentSetSize of job (KB)
...
006 (15949295.883.000) 2026-02-16 11:29:56 Image size of job updated: 967432
	942  -  MemoryUsage of job (MB)
	964240  -  ResidentSetSize of job (KB)
...
006 (15949295.883.000) 2026-02-16 11:34:56 Image size of job updated: 967472
	942  -  MemoryUsage of job (MB)
	964240  -  ResidentSetSize of job (KB)
...
006 (15949295.883.000) 2026-02-16 16:50:28 Image size of job updated: 967472
	942  -  MemoryUsage of job (MB)
	964268  -  ResidentSetSize of job (KB)
...
006 (15949295.883.000) 2026-02-16 16:55:29 Image size of job updated: 967472
	942  -  MemoryUsage of job (MB)
	964448  -  ResidentSetSize of job (KB)
...
006 (15949295.883.000) 2026-02-16 17:15:31 Image size of job updated: 967472
	942  -  MemoryUsage of job (MB)
	964528  -  ResidentSetSize of job (KB)
...
004 (15949295.883.000) 2026-02-16 17:16:24 Job was evicted.
	(0) CPU times
		Usr 4 05:45:48, Sys 0 02:22:03  -  Run Remote Usage
		Usr 0 00:00:00, Sys 0 00:00:00  -  Run Local Usage
	0  -  Run Bytes Sent By Job
	0  -  Run Bytes Received By Job
	Partitionable Resources :    Usage  Request Allocated 
	   Cpus                 :     7.93        8         8 
	   Disk (KB)            :     1     1024000   1025696 
	   GPUs                 :                           0 
	   Memory (MB)          :   942       16384     16384 
	   TimeExecute (s)      : 68893                       
	   TimeSlotBusy (s)     : 68894                       
...
009 (15949295.883.000) 2026-02-16 17:16:24 Job was aborted.
	via condor_rm (by user tuccia)
...
