~~~~~~~~~~~~~~~~~~~~~~~~~~~~~~

n_qubits: 150, 
r: 70, 
alpha: 0.001, 
shots: 100000, 
ansatz: linear_cnot, 
layer: 1, 
tau: 0.3

time for simulated annealing:  170.865398645401
Rank 1: Bitstring=010111001111111100101010011101001001010100010010111001001101100101100101111011001000010001111111110000011100100101000000011011001110111011010111011001, Decimal=518474159500327457244738938674641340873815513, Energy=-123.8932
Rank 2: Bitstring=010111001111111100101010011101001001010100010010111001001101100111100101111011001000010001111111110000011100100101000001011011001110111011010111011011, Decimal=518474159500327457283424564902309475538154971, Energy=-123.8022
Rank 3: Bitstring=010111101101101100101011111100001001000100010010111000001101100111100101110011101000010000011111110000011100000101000001011011001110111010010111111011, Decimal=528840647797674150114647973433907520818882043, Energy=-123.7472
Rank 4: Bitstring=000111001111111100001010011101001011010100010010111101001101100101100111111011001000010001111111110000011100100101000000011011001110111011010111011001, Decimal=161659514106440811253992880310809762029352409, Energy=-123.7454
Rank 5: Bitstring=010111001111111110101010011101001001010100010010111001001101100101100101111011001000110001111111110000011100100001000000011011001010111011010111011001, Decimal=518485048536068927275569803555567029996729817, Energy=-123.7288
Rank 6: Bitstring=000111001111111100101010011101001011010100010010111101001101100101100101111011001000010001111111110000011100100101000000011011001110111011010111011001, Decimal=161662236365376178761096124397861901587690969, Energy=-123.7032
Rank 7: Bitstring=010111001111111110101010011101001001010100010010111001001101100111100101111011001000110001111111110000011100100001000001011011001010111011010111011011, Decimal=518485048536068927314255429783235164661069275, Energy=-123.6378
Rank 8: Bitstring=000111001111111100101010011101001011010100010010111101001101100111100101111011001000010001111111110000011100100101000001011011001110111011010111011011, Decimal=161662236365376178799781750625530036252030427, Energy=-123.6122
Rank 9: Bitstring=010111101101101100101011111100001001000100010010111000001101100111100101110011101000010000011110110000011100000101000001011011001111111010010111111011, Decimal=528840647797674150114647973415893122309662203, Energy=-123.6034
Rank 10: Bitstring=010111001101101100101011011100001001010100010010111001001101100111100101111011101000010000111111110000011100100101000001011011001110111010010111111011, Decimal=517690232668305349513307302776951409456424443, Energy=-123.5894

E_min from simulated annealing:  -123.8932
Minimum energy: -123.8932
States with energy within 1e-08 of minimum: [518474159500327457244738938674641340873815513]
4


################## Start optimization with initial parameters: [0. 0. 0. 0. 0. 0. 0. 0. 0. 0. 0. 0. 0. 0. 0. 0. 0. 0. 0. 0. 0. 0. 0. 0.
 0. 0. 0. 0. 0. 0. 0. 0. 0. 0. 0. 0. 0. 0. 0. 0. 0. 0. 0. 0. 0. 0. 0. 0.
 0. 0. 0. 0. 0. 0. 0. 0. 0. 0. 0. 0. 0. 0. 0. 0. 0. 0. 0. 0. 0. 0. 0. 0.
 0. 0. 0. 0. 0. 0. 0. 0. 0. 0. 0. 0. 0. 0. 0. 0. 0. 0. 0. 0. 0. 0. 0. 0.
 0. 0. 0. 0. 0. 0. 0. 0. 0. 0. 0. 0. 0. 0. 0. 0. 0. 0. 0. 0. 0. 0. 0. 0.
 0. 0. 0. 0. 0. 0. 0. 0. 0. 0. 0. 0. 0. 0. 0. 0. 0. 0. 0. 0. 0. 0. 0. 0.
 0. 0. 0. 0. 0. 0. 0. 0. 0. 0. 0. 0. 0. 0. 0. 0. 0. 0. 0. 0. 0. 0. 0. 0.
 0. 0. 0. 0. 0. 0. 0. 0. 0. 0. 0. 0. 0. 0. 0. 0. 0. 0. 0. 0. 0. 0. 0. 0.
 0. 0. 0. 0. 0. 0. 0. 0. 0. 0. 0. 0. 0. 0. 0. 0. 0. 0. 0. 0. 0. 0. 0. 0.
 0. 0. 0. 0. 0. 0. 0. 0. 0. 0. 0. 0. 0. 0. 0. 0. 0. 0. 0. 0. 0. 0. 0. 0.
 0. 0. 0. 0. 0. 0. 0. 0. 0. 0. 0. 0. 0. 0. 0. 0. 0. 0. 0. 0. 0. 0. 0. 0.
 0. 0. 0. 0. 0. 0. 0. 0. 0. 0. 0. 0. 0. 0. 0. 0. 0. 0. 0. 0. 0. 0. 0. 0.
 0. 0. 0. 0. 0. 0. 0. 0. 0. 0. 0. 0. 0. 0. 0. 0. 0. 0. 0. 0. 0. 0. 0. 0.
 0. 0. 0. 0. 0. 0. 0. 0. 0. 0. 0. 0. 0. 0. 0. 0. 0. 0. 0. 0. 0. 0. 0. 0.
 0. 0. 0. 0. 0. 0. 0. 0. 0. 0. 0. 0. 0. 0. 0. 0. 0. 0. 0. 0. 0. 0. 0. 0.
 0. 0. 0. 0. 0. 0. 0. 0. 0. 0. 0. 0. 0. 0. 0. 0. 0. 0. 0. 0. 0. 0. 0. 0.
 0. 0. 0. 0. 0. 0. 0. 0. 0. 0. 0. 0. 0. 0. 0. 0. 0. 0. 0. 0. 0. 0. 0. 0.
 0. 0. 0. 0. 0. 0. 0. 0. 0. 0. 0. 0. 0. 0. 0. 0. 0. 0. 0. 0. 0. 0. 0. 0.
 0. 0. 0. 0. 0. 0. 0. 0. 0. 0. 0. 0. 0. 0. 0. 0. 0. 0. 0. 0. 0. 0. 0. 0.
 0. 0. 0. 0. 0. 0. 0. 0. 0. 0. 0. 0. 0. 0. 0. 0. 0. 0. 0. 0. 0. 0. 0. 0.
 0. 0. 0. 0. 0. 0. 0. 0. 0. 0. 0. 0. 0. 0. 0. 0. 0. 0. 0. 0. 0. 0. 0. 0.
 0. 0. 0. 0. 0. 0. 0. 0. 0. 0. 0. 0. 0. 0. 0. 0. 0. 0. 0. 0. 0. 0. 0. 0.
 0. 0. 0. 0. 0. 0. 0. 0. 0. 0. 0. 0. 0. 0. 0. 0. 0. 0. 0. 0. 0. 0. 0. 0.
 0. 0. 0. 0. 0. 0. 0. 0. 0. 0. 0. 0. 0. 0. 0. 0. 0. 0. 0. 0. 0. 0. 0. 0.
 0. 0. 0. 0. 0. 0. 0. 0. 0. 0. 0. 0. 0. 0. 0. 0. 0. 0. 0. 0. 0. 0. 0. 0.]
Write sucessfully to ./data/data_shots_100000_layer_1/alpha_0.001/N_150/r_70/ansatz_type_linear_cnot/initialization_zeros

vqe.cvar_eval[0]: -37.45468399999993 , min_cvar: -39.07384599999994 , opt_cvar: -39.07384599999994

vqe.poss_eval[-1]: 0 vqe.poss_eval[0] 0  , max_poss: 0 , opt_poss: 0

vqe.r_eval[-1]: 0.3015155472616732 vqe.r_eval[0]: 0.3023142835926421 max_r: 0.31538329787268343 , min_r: 0.28214429847642924
