~~~~~~~~~~~~~~~~~~~~~~~~~~~~~~

n_qubits: 150, 
r: 58, 
alpha: 0.001, 
shots: 100000, 
ansatz: linear_cnot, 
layer: 1, 
tau: 0.3

time for simulated annealing:  118.75162386894226
Rank 1: Bitstring=000000100011110100101011000011100111100010011001011000000000001111001000101111000010110001001111100110110000110001111011000100110100101001100100011011, Decimal=12482497804013650359883711557493536324753691, Energy=-128.1012
Rank 2: Bitstring=000000100011110100101011000011100111101010011001010000000100001111001000101111000010110001001111100110110000110001111011000100110100101001100100011011, Decimal=12482497806609169915611168398579135734257947, Energy=-127.8476
Rank 3: Bitstring=000000100111110100101011000011100101100010011001011000000000001111001000101111000010110001001111100110110000110001111011000100110100101001100100011011, Decimal=13876294337383439437951072921290088285116699, Energy=-127.7442
Rank 4: Bitstring=000000100011110100101011000011100111100011011001011000000000001111001000101111000010110001001111100110110000110001111011000100110100101001100100011010, Decimal=12482497804338168913542138284276692345329946, Energy=-127.704
Rank 5: Bitstring=000000100111110100101011000011100101100011011001011000000001001111001000101111000000110001001111100110110000110001111011000100110100101001100100011010, Decimal=13876294337707959229549391359500929528404250, Energy=-127.5698
Rank 6: Bitstring=000000100111110100101011000011100101100010011001011000000001001111001000101111000000110001001111100110110000110001111011000100110100101001100100011011, Decimal=13876294337383440675890964632717773507827995, Energy=-127.5578
Rank 7: Bitstring=000000100111110100101011000011100101101010011001010000000100001111001000101111000010110001001111100110110000110001111011000100110100101001100100011011, Decimal=13876294339978958993678529762375687694620955, Energy=-127.4906
Rank 8: Bitstring=000000100011110100101011000011100111101011011001010000000100001111001000101111000010110001001111100110110000110001111011000100110100101001100100011010, Decimal=12482497806933688469269595125362291754834202, Energy=-127.4504
Rank 9: Bitstring=000000100111110100101011000011100101100011011001011000000000001111001000101111000010110001001111100110110000110001111011000100110100101001100100011010, Decimal=13876294337707957991609499648073244305692954, Energy=-127.347
Rank 10: Bitstring=000000100111110100101011000011100101101011011001010000000101001111001000101111000000110001001111100110110000110001111011000100110100101001100100011010, Decimal=13876294340303478785276848200586528937908506, Energy=-127.3162

E_min from simulated annealing:  -128.1012
Minimum energy: -128.1012
States with energy within 1e-08 of minimum: [12482497804013650359883711557493536324753691]
4


################## Start optimization with initial parameters: [0. 0. 0. 0. 0. 0. 0. 0. 0. 0. 0. 0. 0. 0. 0. 0. 0. 0. 0. 0. 0. 0. 0. 0.
 0. 0. 0. 0. 0. 0. 0. 0. 0. 0. 0. 0. 0. 0. 0. 0. 0. 0. 0. 0. 0. 0. 0. 0.
 0. 0. 0. 0. 0. 0. 0. 0. 0. 0. 0. 0. 0. 0. 0. 0. 0. 0. 0. 0. 0. 0. 0. 0.
 0. 0. 0. 0. 0. 0. 0. 0. 0. 0. 0. 0. 0. 0. 0. 0. 0. 0. 0. 0. 0. 0. 0. 0.
 0. 0. 0. 0. 0. 0. 0. 0. 0. 0. 0. 0. 0. 0. 0. 0. 0. 0. 0. 0. 0. 0. 0. 0.
 0. 0. 0. 0. 0. 0. 0. 0. 0. 0. 0. 0. 0. 0. 0. 0. 0. 0. 0. 0. 0. 0. 0. 0.
 0. 0. 0. 0. 0. 0. 0. 0. 0. 0. 0. 0. 0. 0. 0. 0. 0. 0. 0. 0. 0. 0. 0. 0.
 0. 0. 0. 0. 0. 0. 0. 0. 0. 0. 0. 0. 0. 0. 0. 0. 0. 0. 0. 0. 0. 0. 0. 0.
 0. 0. 0. 0. 0. 0. 0. 0. 0. 0. 0. 0. 0. 0. 0. 0. 0. 0. 0. 0. 0. 0. 0. 0.
 0. 0. 0. 0. 0. 0. 0. 0. 0. 0. 0. 0. 0. 0. 0. 0. 0. 0. 0. 0. 0. 0. 0. 0.
 0. 0. 0. 0. 0. 0. 0. 0. 0. 0. 0. 0. 0. 0. 0. 0. 0. 0. 0. 0. 0. 0. 0. 0.
 0. 0. 0. 0. 0. 0. 0. 0. 0. 0. 0. 0. 0. 0. 0. 0. 0. 0. 0. 0. 0. 0. 0. 0.
 0. 0. 0. 0. 0. 0. 0. 0. 0. 0. 0. 0. 0. 0. 0. 0. 0. 0. 0. 0. 0. 0. 0. 0.
 0. 0. 0. 0. 0. 0. 0. 0. 0. 0. 0. 0. 0. 0. 0. 0. 0. 0. 0. 0. 0. 0. 0. 0.
 0. 0. 0. 0. 0. 0. 0. 0. 0. 0. 0. 0. 0. 0. 0. 0. 0. 0. 0. 0. 0. 0. 0. 0.
 0. 0. 0. 0. 0. 0. 0. 0. 0. 0. 0. 0. 0. 0. 0. 0. 0. 0. 0. 0. 0. 0. 0. 0.
 0. 0. 0. 0. 0. 0. 0. 0. 0. 0. 0. 0. 0. 0. 0. 0. 0. 0. 0. 0. 0. 0. 0. 0.
 0. 0. 0. 0. 0. 0. 0. 0. 0. 0. 0. 0. 0. 0. 0. 0. 0. 0. 0. 0. 0. 0. 0. 0.
 0. 0. 0. 0. 0. 0. 0. 0. 0. 0. 0. 0. 0. 0. 0. 0. 0. 0. 0. 0. 0. 0. 0. 0.
 0. 0. 0. 0. 0. 0. 0. 0. 0. 0. 0. 0. 0. 0. 0. 0. 0. 0. 0. 0. 0. 0. 0. 0.
 0. 0. 0. 0. 0. 0. 0. 0. 0. 0. 0. 0. 0. 0. 0. 0. 0. 0. 0. 0. 0. 0. 0. 0.
 0. 0. 0. 0. 0. 0. 0. 0. 0. 0. 0. 0. 0. 0. 0. 0. 0. 0. 0. 0. 0. 0. 0. 0.
 0. 0. 0. 0. 0. 0. 0. 0. 0. 0. 0. 0. 0. 0. 0. 0. 0. 0. 0. 0. 0. 0. 0. 0.
 0. 0. 0. 0. 0. 0. 0. 0. 0. 0. 0. 0. 0. 0. 0. 0. 0. 0. 0. 0. 0. 0. 0. 0.
 0. 0. 0. 0. 0. 0. 0. 0. 0. 0. 0. 0. 0. 0. 0. 0. 0. 0. 0. 0. 0. 0. 0. 0.]
Write sucessfully to ./data/data_shots_100000_layer_1/alpha_0.001/N_150/r_58/ansatz_type_linear_cnot/initialization_zeros

vqe.cvar_eval[0]: -37.82577399999994 , min_cvar: -49.33555199999991 , opt_cvar: -49.33555199999991

vqe.poss_eval[-1]: 0 vqe.poss_eval[0] 0  , max_poss: 0 , opt_poss: 0

vqe.r_eval[-1]: 0.3697376293118246 vqe.r_eval[0]: 0.2952804033061356 max_r: 0.38512950698354037 , min_r: 0.2842920909405996
