000 (15756404.1466.000) 2026-02-06 11:24:38 Job submitted from host: <141.34.103.35:9618?addrs=141.34.103.35-9618+[2001-638-700-f067--1-23]-9618&alias=wgs39.zeuthen.desy.de&noUDP&sock=schedd_7414_f73f>
...
001 (15756404.1466.000) 2026-02-08 13:18:34 Job executing on host: <141.34.103.51:9618?addrs=141.34.103.51-9618+[2001-638-700-f067--1-33]-9618&alias=wgs41.zeuthen.desy.de&noUDP&sock=startd_7782_6219>
	SlotName: slot1_7@wgs41.zeuthen.desy.de
	CondorScratchDir = "/batch/dir_2665876"
	Cpus = 8
	Disk = 1025025
	GPUs = 0
	Memory = 16384
...
006 (15756404.1466.000) 2026-02-08 13:18:47 Image size of job updated: 109424
	107  -  MemoryUsage of job (MB)
	109424  -  ResidentSetSize of job (KB)
...
006 (15756404.1466.000) 2026-02-08 13:23:47 Image size of job updated: 2304732
	2251  -  MemoryUsage of job (MB)
	2304732  -  ResidentSetSize of job (KB)
...
006 (15756404.1466.000) 2026-02-08 13:28:48 Image size of job updated: 2342132
	2251  -  MemoryUsage of job (MB)
	2304732  -  ResidentSetSize of job (KB)
...
006 (15756404.1466.000) 2026-02-08 13:33:48 Image size of job updated: 2349240
	2288  -  MemoryUsage of job (MB)
	2342400  -  ResidentSetSize of job (KB)
...
006 (15756404.1466.000) 2026-02-08 13:38:48 Image size of job updated: 2354348
	2288  -  MemoryUsage of job (MB)
	2342400  -  ResidentSetSize of job (KB)
...
006 (15756404.1466.000) 2026-02-08 13:43:50 Image size of job updated: 2355260
	2291  -  MemoryUsage of job (MB)
	2345304  -  ResidentSetSize of job (KB)
...
006 (15756404.1466.000) 2026-02-08 13:48:50 Image size of job updated: 2355804
	2291  -  MemoryUsage of job (MB)
	2345304  -  ResidentSetSize of job (KB)
...
006 (15756404.1466.000) 2026-02-08 13:53:50 Image size of job updated: 2355804
	2293  -  MemoryUsage of job (MB)
	2347996  -  ResidentSetSize of job (KB)
...
006 (15756404.1466.000) 2026-02-08 13:58:51 Image size of job updated: 2356164
	2293  -  MemoryUsage of job (MB)
	2347996  -  ResidentSetSize of job (KB)
...
006 (15756404.1466.000) 2026-02-08 14:03:52 Image size of job updated: 2356164
	2297  -  MemoryUsage of job (MB)
	2351252  -  ResidentSetSize of job (KB)
...
006 (15756404.1466.000) 2026-02-08 14:08:52 Image size of job updated: 2356380
	2297  -  MemoryUsage of job (MB)
	2351252  -  ResidentSetSize of job (KB)
...
006 (15756404.1466.000) 2026-02-08 14:13:53 Image size of job updated: 2357168
	2302  -  MemoryUsage of job (MB)
	2356548  -  ResidentSetSize of job (KB)
...
006 (15756404.1466.000) 2026-02-08 14:18:54 Image size of job updated: 2358664
	2302  -  MemoryUsage of job (MB)
	2356548  -  ResidentSetSize of job (KB)
...
006 (15756404.1466.000) 2026-02-08 14:38:55 Image size of job updated: 2358780
	2302  -  MemoryUsage of job (MB)
	2356548  -  ResidentSetSize of job (KB)
...
006 (15756404.1466.000) 2026-02-08 14:48:56 Image size of job updated: 2358852
	2302  -  MemoryUsage of job (MB)
	2356548  -  ResidentSetSize of job (KB)
...
006 (15756404.1466.000) 2026-02-08 14:53:56 Image size of job updated: 2359040
	2302  -  MemoryUsage of job (MB)
	2356548  -  ResidentSetSize of job (KB)
...
006 (15756404.1466.000) 2026-02-08 15:03:57 Image size of job updated: 2359052
	2302  -  MemoryUsage of job (MB)
	2356548  -  ResidentSetSize of job (KB)
...
006 (15756404.1466.000) 2026-02-08 15:08:58 Image size of job updated: 2359836
	2302  -  MemoryUsage of job (MB)
	2356548  -  ResidentSetSize of job (KB)
...
006 (15756404.1466.000) 2026-02-08 15:24:00 Image size of job updated: 2360208
	2302  -  MemoryUsage of job (MB)
	2356548  -  ResidentSetSize of job (KB)
...
006 (15756404.1466.000) 2026-02-08 15:34:00 Image size of job updated: 2360368
	2302  -  MemoryUsage of job (MB)
	2356548  -  ResidentSetSize of job (KB)
...
006 (15756404.1466.000) 2026-02-08 15:39:01 Image size of job updated: 2360432
	2302  -  MemoryUsage of job (MB)
	2356548  -  ResidentSetSize of job (KB)
...
006 (15756404.1466.000) 2026-02-08 15:44:01 Image size of job updated: 2360436
	2302  -  MemoryUsage of job (MB)
	2356548  -  ResidentSetSize of job (KB)
...
006 (15756404.1466.000) 2026-02-08 15:54:02 Image size of job updated: 2360532
	2302  -  MemoryUsage of job (MB)
	2356548  -  ResidentSetSize of job (KB)
...
006 (15756404.1466.000) 2026-02-08 15:59:03 Image size of job updated: 2360624
	2302  -  MemoryUsage of job (MB)
	2356548  -  ResidentSetSize of job (KB)
...
006 (15756404.1466.000) 2026-02-08 16:04:03 Image size of job updated: 2360764
	2302  -  MemoryUsage of job (MB)
	2356548  -  ResidentSetSize of job (KB)
...
006 (15756404.1466.000) 2026-02-08 16:14:05 Image size of job updated: 2361124
	2302  -  MemoryUsage of job (MB)
	2356548  -  ResidentSetSize of job (KB)
...
006 (15756404.1466.000) 2026-02-08 16:29:06 Image size of job updated: 2361328
	2302  -  MemoryUsage of job (MB)
	2356548  -  ResidentSetSize of job (KB)
...
006 (15756404.1466.000) 2026-02-08 16:34:06 Image size of job updated: 2361668
	2302  -  MemoryUsage of job (MB)
	2356548  -  ResidentSetSize of job (KB)
...
006 (15756404.1466.000) 2026-02-08 17:39:13 Image size of job updated: 2361668
	2302  -  MemoryUsage of job (MB)
	2357080  -  ResidentSetSize of job (KB)
...
006 (15756404.1466.000) 2026-02-08 17:44:14 Image size of job updated: 2361668
	2302  -  MemoryUsage of job (MB)
	2357084  -  ResidentSetSize of job (KB)
...
006 (15756404.1466.000) 2026-02-08 19:59:27 Image size of job updated: 2362432
	2302  -  MemoryUsage of job (MB)
	2357084  -  ResidentSetSize of job (KB)
...
006 (15756404.1466.000) 2026-02-08 20:29:30 Image size of job updated: 2362696
	2302  -  MemoryUsage of job (MB)
	2357084  -  ResidentSetSize of job (KB)
...
006 (15756404.1466.000) 2026-02-08 20:39:31 Image size of job updated: 2363212
	2302  -  MemoryUsage of job (MB)
	2357084  -  ResidentSetSize of job (KB)
...
006 (15756404.1466.000) 2026-02-08 20:49:32 Image size of job updated: 2363336
	2302  -  MemoryUsage of job (MB)
	2357084  -  ResidentSetSize of job (KB)
...
006 (15756404.1466.000) 2026-02-08 20:54:33 Image size of job updated: 2363504
	2302  -  MemoryUsage of job (MB)
	2357084  -  ResidentSetSize of job (KB)
...
006 (15756404.1466.000) 2026-02-08 21:14:36 Image size of job updated: 2363660
	2302  -  MemoryUsage of job (MB)
	2357084  -  ResidentSetSize of job (KB)
...
006 (15756404.1466.000) 2026-02-08 22:44:44 Image size of job updated: 2363708
	2302  -  MemoryUsage of job (MB)
	2357084  -  ResidentSetSize of job (KB)
...
006 (15756404.1466.000) 2026-02-08 22:54:45 Image size of job updated: 2364104
	2309  -  MemoryUsage of job (MB)
	2363812  -  ResidentSetSize of job (KB)
...
006 (15756404.1466.000) 2026-02-08 22:59:45 Image size of job updated: 2364204
	2309  -  MemoryUsage of job (MB)
	2363812  -  ResidentSetSize of job (KB)
...
006 (15756404.1466.000) 2026-02-08 23:19:48 Image size of job updated: 2364680
	2309  -  MemoryUsage of job (MB)
	2363812  -  ResidentSetSize of job (KB)
...
006 (15756404.1466.000) 2026-02-08 23:59:51 Image size of job updated: 2364924
	2309  -  MemoryUsage of job (MB)
	2363812  -  ResidentSetSize of job (KB)
...
006 (15756404.1466.000) 2026-02-09 00:14:53 Image size of job updated: 2365400
	2309  -  MemoryUsage of job (MB)
	2363812  -  ResidentSetSize of job (KB)
...
006 (15756404.1466.000) 2026-02-09 00:39:55 Image size of job updated: 2365844
	2309  -  MemoryUsage of job (MB)
	2363812  -  ResidentSetSize of job (KB)
...
006 (15756404.1466.000) 2026-02-09 00:49:56 Image size of job updated: 2367024
	2309  -  MemoryUsage of job (MB)
	2363812  -  ResidentSetSize of job (KB)
...
006 (15756404.1466.000) 2026-02-09 00:54:56 Image size of job updated: 2367728
	2309  -  MemoryUsage of job (MB)
	2363812  -  ResidentSetSize of job (KB)
...
006 (15756404.1466.000) 2026-02-09 00:59:57 Image size of job updated: 2368436
	2309  -  MemoryUsage of job (MB)
	2363812  -  ResidentSetSize of job (KB)
...
006 (15756404.1466.000) 2026-02-09 01:09:57 Image size of job updated: 2368704
	2309  -  MemoryUsage of job (MB)
	2363812  -  ResidentSetSize of job (KB)
...
006 (15756404.1466.000) 2026-02-09 01:19:58 Image size of job updated: 2368820
	2312  -  MemoryUsage of job (MB)
	2367160  -  ResidentSetSize of job (KB)
...
006 (15756404.1466.000) 2026-02-09 01:29:59 Image size of job updated: 2369144
	2312  -  MemoryUsage of job (MB)
	2367160  -  ResidentSetSize of job (KB)
...
006 (15756404.1466.000) 2026-02-09 01:40:00 Image size of job updated: 2369400
	2312  -  MemoryUsage of job (MB)
	2367160  -  ResidentSetSize of job (KB)
...
006 (15756404.1466.000) 2026-02-09 01:55:02 Image size of job updated: 2369664
	2312  -  MemoryUsage of job (MB)
	2367160  -  ResidentSetSize of job (KB)
...
006 (15756404.1466.000) 2026-02-09 02:10:04 Image size of job updated: 2369940
	2312  -  MemoryUsage of job (MB)
	2367160  -  ResidentSetSize of job (KB)
...
006 (15756404.1466.000) 2026-02-09 02:35:08 Image size of job updated: 2370176
	2312  -  MemoryUsage of job (MB)
	2367160  -  ResidentSetSize of job (KB)
...
006 (15756404.1466.000) 2026-02-09 11:15:59 Image size of job updated: 2370176
	2313  -  MemoryUsage of job (MB)
	2367904  -  ResidentSetSize of job (KB)
...
006 (15756404.1466.000) 2026-02-09 11:20:59 Image size of job updated: 2370176
	2313  -  MemoryUsage of job (MB)
	2367908  -  ResidentSetSize of job (KB)
...
006 (15756404.1466.000) 2026-02-09 11:31:00 Image size of job updated: 2370176
	2313  -  MemoryUsage of job (MB)
	2368316  -  ResidentSetSize of job (KB)
...
006 (15756404.1466.000) 2026-02-09 12:46:05 Image size of job updated: 2370316
	2313  -  MemoryUsage of job (MB)
	2368316  -  ResidentSetSize of job (KB)
...
022 (15756404.1466.000) 2026-02-10 08:04:03 Job disconnected, attempting to reconnect
    Local schedd and job shadow died, schedd now running again
    Trying to reconnect to slot1_7@wgs41.zeuthen.desy.de <141.34.103.51:9618?addrs=141.34.103.51-9618+[2001-638-700-f067--1-33]-9618&alias=wgs41.zeuthen.desy.de&noUDP&sock=startd_7782_6219>
...
023 (15756404.1466.000) 2026-02-10 08:04:11 Job reconnected to slot1_7@wgs41.zeuthen.desy.de
    startd address: <141.34.103.51:9618?addrs=141.34.103.51-9618+[2001-638-700-f067--1-33]-9618&alias=wgs41.zeuthen.desy.de&noUDP&sock=startd_7782_6219>
    starter address: <141.34.103.51:9618?addrs=141.34.103.51-9618+[2001-638-700-f067--1-33]-9618&alias=wgs41.zeuthen.desy.de&noUDP&sock=slot1_7_7830_b177_11029>
...
004 (15756404.1466.000) 2026-02-10 11:42:26 Job was evicted.
	(0) CPU times
		Usr 4 00:56:35, Sys 0 18:55:42  -  Run Remote Usage
		Usr 0 00:00:00, Sys 0 00:00:00  -  Run Local Usage
	0  -  Run Bytes Sent By Job
	0  -  Run Bytes Received By Job
	Partitionable Resources :         Usage  Request Allocated 
	   Cpus                 :          7.93        8         8 
	   Disk (KB)            :          1     1024000   1025025 
	   Memory (MB)          :       2442       16384     16384 
	   TimeExecute (s)      : 1770720145                       
	   TimeSlotBusy (s)     : 1770720146                       
...
009 (15756404.1466.000) 2026-02-10 11:42:26 Job was aborted.
	via condor_rm (by user tuccia)
...
