~~~~~~~~~~~~~~~~~~~~~~~~~~~~~~

n_qubits: 150, 
r: 54, 
alpha: 0.01, 
shots: 10000, 
ansatz: linear_cnot, 
layer: 1, 
tau: 0.3

time for simulated annealing:  135.06962943077087
Rank 1: Bitstring=011011001011001000111100010010000111011111101110100110010001100111000100011000010011011110101001111011000110100010101010110110101001111010100011100101, Decimal=606001745401578561386354837362460359974693093, Energy=-125.9146
Rank 2: Bitstring=011011001011001000111100010010000111011111101110000110010001100111000100011000010011011110101001111011000110100010101010110110101001111011100011100111, Decimal=606001745401576026085154380903657366568286439, Energy=-125.8926
Rank 3: Bitstring=011011001011001000111100010010000111011111101110100110010001100111000100011000010011011110101101111011000110100010101110110110101001111010100011100101, Decimal=606001745401578561386354837434517958307588325, Energy=-125.486
Rank 4: Bitstring=011011001011001000111100010010000111011111101110000110010001100111000100011000010011011110101101111011000110100010101110110110101001111011100011100111, Decimal=606001745401576026085154380975714964901181671, Energy=-125.464
Rank 5: Bitstring=011011001011001010111100010011000111011111101110100110010001100111000100011000010011011110101001111011000110100010101010110110101001111010100011100101, Decimal=606012635766548027202101538253705236837804261, Energy=-125.4624
Rank 6: Bitstring=011011001011001010111100010011000111011111101110000110010001100111000100011000010011011110101001111011000110100010101010110110101001111011100011100111, Decimal=606012635766545491900901081794902243431397607, Energy=-125.4404
Rank 7: Bitstring=011011001011001000111100010010000111011111101110100110010001100011000100011000010011011110101011111011000110100011101010110110101001111010100011100101, Decimal=606001745401578561308983584943152958531938533, Energy=-125.3876
Rank 8: Bitstring=011011001011001000111100010010000111011111101110000110010001100011000100011000010011011110101011111011000110100011101010110110101001111011100011100111, Decimal=606001745401576026007783128484349965125531879, Energy=-125.3656
Rank 9: Bitstring=011010001011001000111100010010000111011111101110000110010001100110000100011000010010011110101001111011000110101010101010110110101001111011100011100111, Decimal=583701000203045402924275775730199193184614631, Energy=-125.3646
Rank 10: Bitstring=011011001011101000011100010010000111011110101110100110010001100011000100011000010011011110101011111011000110100011101010110110101001111010100010100101, Decimal=606173247714182195740910699018515413689936037, Energy=-125.3348

E_min from simulated annealing:  -125.9146
Minimum energy: -125.9146
States with energy within 1e-08 of minimum: [606001745401578561386354837362460359974693093]
4


################## Start optimization with initial parameters: [0. 0. 0. 0. 0. 0. 0. 0. 0. 0. 0. 0. 0. 0. 0. 0. 0. 0. 0. 0. 0. 0. 0. 0.
 0. 0. 0. 0. 0. 0. 0. 0. 0. 0. 0. 0. 0. 0. 0. 0. 0. 0. 0. 0. 0. 0. 0. 0.
 0. 0. 0. 0. 0. 0. 0. 0. 0. 0. 0. 0. 0. 0. 0. 0. 0. 0. 0. 0. 0. 0. 0. 0.
 0. 0. 0. 0. 0. 0. 0. 0. 0. 0. 0. 0. 0. 0. 0. 0. 0. 0. 0. 0. 0. 0. 0. 0.
 0. 0. 0. 0. 0. 0. 0. 0. 0. 0. 0. 0. 0. 0. 0. 0. 0. 0. 0. 0. 0. 0. 0. 0.
 0. 0. 0. 0. 0. 0. 0. 0. 0. 0. 0. 0. 0. 0. 0. 0. 0. 0. 0. 0. 0. 0. 0. 0.
 0. 0. 0. 0. 0. 0. 0. 0. 0. 0. 0. 0. 0. 0. 0. 0. 0. 0. 0. 0. 0. 0. 0. 0.
 0. 0. 0. 0. 0. 0. 0. 0. 0. 0. 0. 0. 0. 0. 0. 0. 0. 0. 0. 0. 0. 0. 0. 0.
 0. 0. 0. 0. 0. 0. 0. 0. 0. 0. 0. 0. 0. 0. 0. 0. 0. 0. 0. 0. 0. 0. 0. 0.
 0. 0. 0. 0. 0. 0. 0. 0. 0. 0. 0. 0. 0. 0. 0. 0. 0. 0. 0. 0. 0. 0. 0. 0.
 0. 0. 0. 0. 0. 0. 0. 0. 0. 0. 0. 0. 0. 0. 0. 0. 0. 0. 0. 0. 0. 0. 0. 0.
 0. 0. 0. 0. 0. 0. 0. 0. 0. 0. 0. 0. 0. 0. 0. 0. 0. 0. 0. 0. 0. 0. 0. 0.
 0. 0. 0. 0. 0. 0. 0. 0. 0. 0. 0. 0. 0. 0. 0. 0. 0. 0. 0. 0. 0. 0. 0. 0.
 0. 0. 0. 0. 0. 0. 0. 0. 0. 0. 0. 0. 0. 0. 0. 0. 0. 0. 0. 0. 0. 0. 0. 0.
 0. 0. 0. 0. 0. 0. 0. 0. 0. 0. 0. 0. 0. 0. 0. 0. 0. 0. 0. 0. 0. 0. 0. 0.
 0. 0. 0. 0. 0. 0. 0. 0. 0. 0. 0. 0. 0. 0. 0. 0. 0. 0. 0. 0. 0. 0. 0. 0.
 0. 0. 0. 0. 0. 0. 0. 0. 0. 0. 0. 0. 0. 0. 0. 0. 0. 0. 0. 0. 0. 0. 0. 0.
 0. 0. 0. 0. 0. 0. 0. 0. 0. 0. 0. 0. 0. 0. 0. 0. 0. 0. 0. 0. 0. 0. 0. 0.
 0. 0. 0. 0. 0. 0. 0. 0. 0. 0. 0. 0. 0. 0. 0. 0. 0. 0. 0. 0. 0. 0. 0. 0.
 0. 0. 0. 0. 0. 0. 0. 0. 0. 0. 0. 0. 0. 0. 0. 0. 0. 0. 0. 0. 0. 0. 0. 0.
 0. 0. 0. 0. 0. 0. 0. 0. 0. 0. 0. 0. 0. 0. 0. 0. 0. 0. 0. 0. 0. 0. 0. 0.
 0. 0. 0. 0. 0. 0. 0. 0. 0. 0. 0. 0. 0. 0. 0. 0. 0. 0. 0. 0. 0. 0. 0. 0.
 0. 0. 0. 0. 0. 0. 0. 0. 0. 0. 0. 0. 0. 0. 0. 0. 0. 0. 0. 0. 0. 0. 0. 0.
 0. 0. 0. 0. 0. 0. 0. 0. 0. 0. 0. 0. 0. 0. 0. 0. 0. 0. 0. 0. 0. 0. 0. 0.
 0. 0. 0. 0. 0. 0. 0. 0. 0. 0. 0. 0. 0. 0. 0. 0. 0. 0. 0. 0. 0. 0. 0. 0.]
Write sucessfully to ./data/data_shots_10000_layer_1/alpha_0.01/N_150/r_54/ansatz_type_linear_cnot/initialization_zeros

vqe.cvar_eval[0]: -28.741726000000025 , min_cvar: -40.19024400000004 , opt_cvar: -40.19024400000004

vqe.poss_eval[-1]: 0 vqe.poss_eval[0] 0  , max_poss: 0 , opt_poss: 0

vqe.r_eval[-1]: 0.30904835499616423 vqe.r_eval[0]: 0.22826364853638917 max_r: 0.31918652801184333 , min_r: 0.2205280722013175
