000 (15756408.1267.000) 2026-02-06 11:27:00 Job submitted from host: <141.34.103.35:9618?addrs=141.34.103.35-9618+[2001-638-700-f067--1-23]-9618&alias=wgs39.zeuthen.desy.de&noUDP&sock=schedd_7414_f73f>
...
009 (15756408.1267.000) 2026-02-10 11:47:46 Job was aborted.
	via condor_rm (by user tuccia)
...
000 (15951004.845.000) 2026-02-10 16:30:09 Job submitted from host: <141.34.103.35:9618?addrs=141.34.103.35-9618+[2001-638-700-f067--1-23]-9618&alias=wgs39.zeuthen.desy.de&noUDP&sock=schedd_7302_24a3>
...
001 (15951004.845.000) 2026-02-11 04:11:35 Job executing on host: <141.34.103.55:9618?addrs=141.34.103.55-9618+[2001-638-700-f067--1-37]-9618&alias=wgs45.zeuthen.desy.de&noUDP&sock=startd_7794_9d3c>
	SlotName: slot1_16@wgs45.zeuthen.desy.de
	CondorScratchDir = "/batch/dir_641668"
	Cpus = 1
	Disk = 1025025
	GPUs = 0
	Memory = 5120
...
006 (15951004.845.000) 2026-02-11 04:11:49 Image size of job updated: 109340
	107  -  MemoryUsage of job (MB)
	109340  -  ResidentSetSize of job (KB)
...
006 (15951004.845.000) 2026-02-11 04:16:50 Image size of job updated: 1045988
	559  -  MemoryUsage of job (MB)
	572312  -  ResidentSetSize of job (KB)
...
006 (15951004.845.000) 2026-02-11 04:21:51 Image size of job updated: 1045988
	616  -  MemoryUsage of job (MB)
	630448  -  ResidentSetSize of job (KB)
...
006 (15951004.845.000) 2026-02-11 04:26:51 Image size of job updated: 1045988
	774  -  MemoryUsage of job (MB)
	792100  -  ResidentSetSize of job (KB)
...
006 (15951004.845.000) 2026-02-11 04:31:52 Image size of job updated: 1045988
	775  -  MemoryUsage of job (MB)
	793204  -  ResidentSetSize of job (KB)
...
006 (15951004.845.000) 2026-02-11 04:36:53 Image size of job updated: 1045988
	776  -  MemoryUsage of job (MB)
	793636  -  ResidentSetSize of job (KB)
...
006 (15951004.845.000) 2026-02-11 04:41:53 Image size of job updated: 1045988
	776  -  MemoryUsage of job (MB)
	793840  -  ResidentSetSize of job (KB)
...
006 (15951004.845.000) 2026-02-11 04:46:54 Image size of job updated: 1045988
	776  -  MemoryUsage of job (MB)
	794060  -  ResidentSetSize of job (KB)
...
006 (15951004.845.000) 2026-02-11 04:51:55 Image size of job updated: 1045988
	776  -  MemoryUsage of job (MB)
	794300  -  ResidentSetSize of job (KB)
...
006 (15951004.845.000) 2026-02-11 04:56:55 Image size of job updated: 1045988
	776  -  MemoryUsage of job (MB)
	794504  -  ResidentSetSize of job (KB)
...
006 (15951004.845.000) 2026-02-11 05:01:56 Image size of job updated: 1045988
	777  -  MemoryUsage of job (MB)
	794728  -  ResidentSetSize of job (KB)
...
006 (15951004.845.000) 2026-02-11 05:06:56 Image size of job updated: 1045988
	777  -  MemoryUsage of job (MB)
	794932  -  ResidentSetSize of job (KB)
...
006 (15951004.845.000) 2026-02-11 05:11:56 Image size of job updated: 1045988
	777  -  MemoryUsage of job (MB)
	795136  -  ResidentSetSize of job (KB)
...
006 (15951004.845.000) 2026-02-11 05:16:57 Image size of job updated: 1045988
	777  -  MemoryUsage of job (MB)
	795304  -  ResidentSetSize of job (KB)
...
006 (15951004.845.000) 2026-02-11 05:21:57 Image size of job updated: 1045988
	777  -  MemoryUsage of job (MB)
	795504  -  ResidentSetSize of job (KB)
...
006 (15951004.845.000) 2026-02-11 05:26:57 Image size of job updated: 1045988
	778  -  MemoryUsage of job (MB)
	795700  -  ResidentSetSize of job (KB)
...
006 (15951004.845.000) 2026-02-11 05:31:58 Image size of job updated: 1045988
	778  -  MemoryUsage of job (MB)
	795900  -  ResidentSetSize of job (KB)
...
006 (15951004.845.000) 2026-02-11 05:36:58 Image size of job updated: 1045988
	778  -  MemoryUsage of job (MB)
	796104  -  ResidentSetSize of job (KB)
...
006 (15951004.845.000) 2026-02-11 05:41:59 Image size of job updated: 1045988
	778  -  MemoryUsage of job (MB)
	796316  -  ResidentSetSize of job (KB)
...
006 (15951004.845.000) 2026-02-11 05:47:00 Image size of job updated: 1045988
	799  -  MemoryUsage of job (MB)
	817452  -  ResidentSetSize of job (KB)
...
006 (15951004.845.000) 2026-02-11 07:27:10 Image size of job updated: 1045988
	799  -  MemoryUsage of job (MB)
	817580  -  ResidentSetSize of job (KB)
...
006 (15951004.845.000) 2026-02-11 07:32:10 Image size of job updated: 1045988
	801  -  MemoryUsage of job (MB)
	819624  -  ResidentSetSize of job (KB)
...
006 (15951004.845.000) 2026-02-11 09:02:20 Image size of job updated: 1045988
	801  -  MemoryUsage of job (MB)
	819980  -  ResidentSetSize of job (KB)
...
006 (15951004.845.000) 2026-02-11 10:37:29 Image size of job updated: 1045988
	801  -  MemoryUsage of job (MB)
	820088  -  ResidentSetSize of job (KB)
...
004 (15951004.845.000) 2026-02-11 11:12:00 Job was evicted.
	(0) CPU times
		Usr 0 06:55:59, Sys 0 00:00:03  -  Run Remote Usage
		Usr 0 00:00:00, Sys 0 00:00:00  -  Run Local Usage
	0  -  Run Bytes Sent By Job
	0  -  Run Bytes Received By Job
	Partitionable Resources :    Usage  Request Allocated 
	   Cpus                 :     0.99        1         1 
	   Disk (KB)            :     1     1024000   1025025 
	   GPUs                 :                           0 
	   Memory (MB)          :   801        5120      5120 
	   TimeExecute (s)      : 25223                       
	   TimeSlotBusy (s)     : 25224                       
...
009 (15951004.845.000) 2026-02-11 11:12:00 Job was aborted.
	via condor_rm (by user tuccia)
...
000 (15988842.845.000) 2026-02-11 11:12:47 Job submitted from host: <141.34.103.35:9618?addrs=141.34.103.35-9618+[2001-638-700-f067--1-23]-9618&alias=wgs39.zeuthen.desy.de&noUDP&sock=schedd_7302_24a3>
...
001 (15988842.845.000) 2026-02-11 13:23:52 Job executing on host: <141.34.15.40:9618?addrs=141.34.15.40-9618+[2001-638-700-f00f--1-28]-9618&alias=pizza11.zeuthen.desy.de&noUDP&sock=startd_9198_a434>
	SlotName: slot1_15@pizza11.zeuthen.desy.de
	CondorScratchDir = "/batch/dir_3803381"
	Cpus = 1
	Disk = 1025696
	GPUs = 0
	Memory = 5120
...
006 (15988842.845.000) 2026-02-11 13:24:06 Image size of job updated: 109332
	107  -  MemoryUsage of job (MB)
	109332  -  ResidentSetSize of job (KB)
...
006 (15988842.845.000) 2026-02-11 13:29:07 Image size of job updated: 770228
	561  -  MemoryUsage of job (MB)
	573468  -  ResidentSetSize of job (KB)
...
006 (15988842.845.000) 2026-02-11 13:34:07 Image size of job updated: 770228
	614  -  MemoryUsage of job (MB)
	628084  -  ResidentSetSize of job (KB)
...
006 (15988842.845.000) 2026-02-11 13:39:07 Image size of job updated: 791244
	773  -  MemoryUsage of job (MB)
	791244  -  ResidentSetSize of job (KB)
...
006 (15988842.845.000) 2026-02-11 13:44:08 Image size of job updated: 791408
	773  -  MemoryUsage of job (MB)
	791408  -  ResidentSetSize of job (KB)
...
006 (15988842.845.000) 2026-02-11 13:49:09 Image size of job updated: 791576
	774  -  MemoryUsage of job (MB)
	791576  -  ResidentSetSize of job (KB)
...
006 (15988842.845.000) 2026-02-11 13:54:09 Image size of job updated: 791764
	774  -  MemoryUsage of job (MB)
	791764  -  ResidentSetSize of job (KB)
...
006 (15988842.845.000) 2026-02-11 13:59:10 Image size of job updated: 791920
	774  -  MemoryUsage of job (MB)
	791920  -  ResidentSetSize of job (KB)
...
006 (15988842.845.000) 2026-02-11 14:04:11 Image size of job updated: 792080
	774  -  MemoryUsage of job (MB)
	792080  -  ResidentSetSize of job (KB)
...
006 (15988842.845.000) 2026-02-11 14:09:11 Image size of job updated: 792252
	774  -  MemoryUsage of job (MB)
	792252  -  ResidentSetSize of job (KB)
...
006 (15988842.845.000) 2026-02-11 14:14:12 Image size of job updated: 792444
	774  -  MemoryUsage of job (MB)
	792444  -  ResidentSetSize of job (KB)
...
006 (15988842.845.000) 2026-02-11 14:19:13 Image size of job updated: 792604
	775  -  MemoryUsage of job (MB)
	792604  -  ResidentSetSize of job (KB)
...
006 (15988842.845.000) 2026-02-11 14:24:13 Image size of job updated: 792760
	775  -  MemoryUsage of job (MB)
	792760  -  ResidentSetSize of job (KB)
...
006 (15988842.845.000) 2026-02-11 14:29:13 Image size of job updated: 792924
	775  -  MemoryUsage of job (MB)
	792924  -  ResidentSetSize of job (KB)
...
006 (15988842.845.000) 2026-02-11 14:34:14 Image size of job updated: 793080
	775  -  MemoryUsage of job (MB)
	793080  -  ResidentSetSize of job (KB)
...
006 (15988842.845.000) 2026-02-11 14:39:14 Image size of job updated: 793240
	775  -  MemoryUsage of job (MB)
	793240  -  ResidentSetSize of job (KB)
...
006 (15988842.845.000) 2026-02-11 14:44:14 Image size of job updated: 793412
	775  -  MemoryUsage of job (MB)
	793412  -  ResidentSetSize of job (KB)
...
006 (15988842.845.000) 2026-02-11 14:49:15 Image size of job updated: 793548
	775  -  MemoryUsage of job (MB)
	793548  -  ResidentSetSize of job (KB)
...
006 (15988842.845.000) 2026-02-11 14:54:15 Image size of job updated: 793704
	776  -  MemoryUsage of job (MB)
	793704  -  ResidentSetSize of job (KB)
...
006 (15988842.845.000) 2026-02-11 14:59:15 Image size of job updated: 793880
	776  -  MemoryUsage of job (MB)
	793880  -  ResidentSetSize of job (KB)
...
006 (15988842.845.000) 2026-02-11 15:04:16 Image size of job updated: 794012
	776  -  MemoryUsage of job (MB)
	794012  -  ResidentSetSize of job (KB)
...
006 (15988842.845.000) 2026-02-11 15:09:16 Image size of job updated: 795300
	777  -  MemoryUsage of job (MB)
	795300  -  ResidentSetSize of job (KB)
...
006 (15988842.845.000) 2026-02-11 15:14:16 Image size of job updated: 795444
	777  -  MemoryUsage of job (MB)
	795444  -  ResidentSetSize of job (KB)
...
006 (15988842.845.000) 2026-02-11 15:19:17 Image size of job updated: 795640
	777  -  MemoryUsage of job (MB)
	795640  -  ResidentSetSize of job (KB)
...
006 (15988842.845.000) 2026-02-11 15:24:18 Image size of job updated: 836576
	799  -  MemoryUsage of job (MB)
	817264  -  ResidentSetSize of job (KB)
...
006 (15988842.845.000) 2026-02-11 17:04:28 Image size of job updated: 847740
	801  -  MemoryUsage of job (MB)
	819524  -  ResidentSetSize of job (KB)
...
006 (15988842.845.000) 2026-02-11 19:04:40 Image size of job updated: 847740
	801  -  MemoryUsage of job (MB)
	819896  -  ResidentSetSize of job (KB)
...
006 (15988842.845.000) 2026-02-11 21:09:50 Image size of job updated: 847740
	802  -  MemoryUsage of job (MB)
	820344  -  ResidentSetSize of job (KB)
...
006 (15988842.845.000) 2026-02-11 22:24:59 Image size of job updated: 847740
	804  -  MemoryUsage of job (MB)
	822388  -  ResidentSetSize of job (KB)
...
006 (15988842.845.000) 2026-02-11 23:15:05 Image size of job updated: 848452
	829  -  MemoryUsage of job (MB)
	848452  -  ResidentSetSize of job (KB)
...
006 (15988842.845.000) 2026-02-11 23:20:06 Image size of job updated: 850020
	829  -  MemoryUsage of job (MB)
	848456  -  ResidentSetSize of job (KB)
...
006 (15988842.845.000) 2026-02-12 05:30:42 Image size of job updated: 850600
	829  -  MemoryUsage of job (MB)
	848456  -  ResidentSetSize of job (KB)
...
006 (15988842.845.000) 2026-02-12 09:41:09 Image size of job updated: 850924
	829  -  MemoryUsage of job (MB)
	848456  -  ResidentSetSize of job (KB)
...
006 (15988842.845.000) 2026-02-12 13:36:34 Image size of job updated: 851416
	829  -  MemoryUsage of job (MB)
	848456  -  ResidentSetSize of job (KB)
...
006 (15988842.845.000) 2026-02-12 21:37:23 Image size of job updated: 851508
	829  -  MemoryUsage of job (MB)
	848456  -  ResidentSetSize of job (KB)
...
006 (15988842.845.000) 2026-02-13 09:23:34 Image size of job updated: 851788
	829  -  MemoryUsage of job (MB)
	848456  -  ResidentSetSize of job (KB)
...
021 (15988842.845.000) 2026-02-13 13:23:55 Error from starter on slot1_15@pizza11.zeuthen.desy.de:
	runtime exceeded maximum (target.Runtime seconds)
	Code 21 Subcode 103
...
004 (15988842.845.000) 2026-02-13 13:23:55 Job was evicted.
	(0) CPU times
		Usr 1 23:21:47, Sys 0 00:00:09  -  Run Remote Usage
		Usr 0 00:00:00, Sys 0 00:00:00  -  Run Local Usage
	0  -  Run Bytes Sent By Job
	0  -  Run Bytes Received By Job
	Error from slot1_15@pizza11.zeuthen.desy.de: runtime exceeded maximum (target.Runtime seconds)
	Partitionable Resources :     Usage  Request Allocated 
	   Cpus                 :      0.99        1         1 
	   Disk (KB)            :      1     1024000   1025696 
	   GPUs                 :                            0 
	   Memory (MB)          :    829        5120      5120 
	   TimeSlotBusy (s)     : 172803                       
...
012 (15988842.845.000) 2026-02-13 13:23:55 Job was held.
	Error from slot1_15@pizza11.zeuthen.desy.de: runtime exceeded maximum (target.Runtime seconds)
	Code 21 Subcode 103
...
009 (15988842.845.000) 2026-02-16 17:16:41 Job was aborted.
	via condor_rm (by user tuccia)
...
