000 (15756404.1283.000) 2026-02-06 11:24:37 Job submitted from host: <141.34.103.35:9618?addrs=141.34.103.35-9618+[2001-638-700-f067--1-23]-9618&alias=wgs39.zeuthen.desy.de&noUDP&sock=schedd_7414_f73f>
...
001 (15756404.1283.000) 2026-02-07 19:00:03 Job executing on host: <141.34.15.200:9618?addrs=141.34.15.200-9618+[2001-638-700-f00f--1-c8]-9618&alias=pizza02.zeuthen.desy.de&noUDP&sock=startd_8244_46da>
	SlotName: slot1_1@pizza02.zeuthen.desy.de
	CondorScratchDir = "/batch/dir_3795594"
	Cpus = 8
	Disk = 1025696
	GPUs = 0
	Memory = 16384
...
006 (15756404.1283.000) 2026-02-07 19:00:16 Image size of job updated: 109420
	107  -  MemoryUsage of job (MB)
	109420  -  ResidentSetSize of job (KB)
...
006 (15756404.1283.000) 2026-02-07 19:05:16 Image size of job updated: 2289260
	2236  -  MemoryUsage of job (MB)
	2289260  -  ResidentSetSize of job (KB)
...
006 (15756404.1283.000) 2026-02-07 19:10:17 Image size of job updated: 2324716
	2271  -  MemoryUsage of job (MB)
	2324716  -  ResidentSetSize of job (KB)
...
006 (15756404.1283.000) 2026-02-07 19:15:17 Image size of job updated: 2344948
	2289  -  MemoryUsage of job (MB)
	2343764  -  ResidentSetSize of job (KB)
...
006 (15756404.1283.000) 2026-02-07 19:20:17 Image size of job updated: 2360292
	2289  -  MemoryUsage of job (MB)
	2343764  -  ResidentSetSize of job (KB)
...
006 (15756404.1283.000) 2026-02-07 19:30:18 Image size of job updated: 2361772
	2289  -  MemoryUsage of job (MB)
	2343764  -  ResidentSetSize of job (KB)
...
006 (15756404.1283.000) 2026-02-07 19:35:18 Image size of job updated: 2362220
	2289  -  MemoryUsage of job (MB)
	2343764  -  ResidentSetSize of job (KB)
...
006 (15756404.1283.000) 2026-02-07 19:45:19 Image size of job updated: 2362220
	2294  -  MemoryUsage of job (MB)
	2348572  -  ResidentSetSize of job (KB)
...
006 (15756404.1283.000) 2026-02-07 19:50:19 Image size of job updated: 2362740
	2306  -  MemoryUsage of job (MB)
	2360816  -  ResidentSetSize of job (KB)
...
006 (15756404.1283.000) 2026-02-07 19:55:20 Image size of job updated: 2362760
	2306  -  MemoryUsage of job (MB)
	2360816  -  ResidentSetSize of job (KB)
...
006 (15756404.1283.000) 2026-02-07 20:15:22 Image size of job updated: 2362876
	2306  -  MemoryUsage of job (MB)
	2360816  -  ResidentSetSize of job (KB)
...
006 (15756404.1283.000) 2026-02-07 20:20:22 Image size of job updated: 2363236
	2306  -  MemoryUsage of job (MB)
	2360816  -  ResidentSetSize of job (KB)
...
006 (15756404.1283.000) 2026-02-07 20:25:23 Image size of job updated: 2363600
	2307  -  MemoryUsage of job (MB)
	2361724  -  ResidentSetSize of job (KB)
...
006 (15756404.1283.000) 2026-02-07 20:30:24 Image size of job updated: 2363912
	2307  -  MemoryUsage of job (MB)
	2361724  -  ResidentSetSize of job (KB)
...
006 (15756404.1283.000) 2026-02-07 21:05:28 Image size of job updated: 2363912
	2308  -  MemoryUsage of job (MB)
	2362772  -  ResidentSetSize of job (KB)
...
006 (15756404.1283.000) 2026-02-07 21:10:28 Image size of job updated: 2364432
	2308  -  MemoryUsage of job (MB)
	2362772  -  ResidentSetSize of job (KB)
...
006 (15756404.1283.000) 2026-02-07 21:20:29 Image size of job updated: 2364664
	2308  -  MemoryUsage of job (MB)
	2362772  -  ResidentSetSize of job (KB)
...
006 (15756404.1283.000) 2026-02-07 21:25:29 Image size of job updated: 2365116
	2308  -  MemoryUsage of job (MB)
	2362772  -  ResidentSetSize of job (KB)
...
006 (15756404.1283.000) 2026-02-07 21:40:30 Image size of job updated: 2366048
	2308  -  MemoryUsage of job (MB)
	2362772  -  ResidentSetSize of job (KB)
...
006 (15756404.1283.000) 2026-02-07 22:00:32 Image size of job updated: 2366488
	2308  -  MemoryUsage of job (MB)
	2362772  -  ResidentSetSize of job (KB)
...
006 (15756404.1283.000) 2026-02-07 22:20:34 Image size of job updated: 2366776
	2308  -  MemoryUsage of job (MB)
	2362772  -  ResidentSetSize of job (KB)
...
006 (15756404.1283.000) 2026-02-07 22:50:38 Image size of job updated: 2367680
	2308  -  MemoryUsage of job (MB)
	2362772  -  ResidentSetSize of job (KB)
...
006 (15756404.1283.000) 2026-02-07 23:20:42 Image size of job updated: 2367864
	2308  -  MemoryUsage of job (MB)
	2362772  -  ResidentSetSize of job (KB)
...
006 (15756404.1283.000) 2026-02-07 23:25:42 Image size of job updated: 2368024
	2308  -  MemoryUsage of job (MB)
	2362772  -  ResidentSetSize of job (KB)
...
006 (15756404.1283.000) 2026-02-08 03:21:04 Image size of job updated: 2368060
	2308  -  MemoryUsage of job (MB)
	2362772  -  ResidentSetSize of job (KB)
...
006 (15756404.1283.000) 2026-02-08 03:46:08 Image size of job updated: 2368488
	2308  -  MemoryUsage of job (MB)
	2362772  -  ResidentSetSize of job (KB)
...
006 (15756404.1283.000) 2026-02-08 04:11:11 Image size of job updated: 2368740
	2308  -  MemoryUsage of job (MB)
	2362772  -  ResidentSetSize of job (KB)
...
006 (15756404.1283.000) 2026-02-08 04:26:13 Image size of job updated: 2369156
	2308  -  MemoryUsage of job (MB)
	2362772  -  ResidentSetSize of job (KB)
...
006 (15756404.1283.000) 2026-02-08 04:51:15 Image size of job updated: 2369296
	2308  -  MemoryUsage of job (MB)
	2362772  -  ResidentSetSize of job (KB)
...
006 (15756404.1283.000) 2026-02-08 05:11:16 Image size of job updated: 2369628
	2308  -  MemoryUsage of job (MB)
	2362772  -  ResidentSetSize of job (KB)
...
006 (15756404.1283.000) 2026-02-08 05:26:17 Image size of job updated: 2369904
	2308  -  MemoryUsage of job (MB)
	2362772  -  ResidentSetSize of job (KB)
...
006 (15756404.1283.000) 2026-02-08 05:51:21 Image size of job updated: 2370204
	2308  -  MemoryUsage of job (MB)
	2362772  -  ResidentSetSize of job (KB)
...
006 (15756404.1283.000) 2026-02-08 05:56:21 Image size of job updated: 2370204
	2315  -  MemoryUsage of job (MB)
	2370200  -  ResidentSetSize of job (KB)
...
006 (15756404.1283.000) 2026-02-08 06:01:22 Image size of job updated: 2370204
	2315  -  MemoryUsage of job (MB)
	2370204  -  ResidentSetSize of job (KB)
...
006 (15756404.1283.000) 2026-02-08 06:21:25 Image size of job updated: 2370260
	2315  -  MemoryUsage of job (MB)
	2370204  -  ResidentSetSize of job (KB)
...
006 (15756404.1283.000) 2026-02-08 06:36:27 Image size of job updated: 2370360
	2315  -  MemoryUsage of job (MB)
	2370204  -  ResidentSetSize of job (KB)
...
006 (15756404.1283.000) 2026-02-08 06:41:27 Image size of job updated: 2370488
	2315  -  MemoryUsage of job (MB)
	2370204  -  ResidentSetSize of job (KB)
...
006 (15756404.1283.000) 2026-02-08 11:46:58 Image size of job updated: 2370524
	2315  -  MemoryUsage of job (MB)
	2370204  -  ResidentSetSize of job (KB)
...
006 (15756404.1283.000) 2026-02-08 11:56:58 Image size of job updated: 2370584
	2315  -  MemoryUsage of job (MB)
	2370204  -  ResidentSetSize of job (KB)
...
006 (15756404.1283.000) 2026-02-08 12:32:01 Image size of job updated: 2371196
	2315  -  MemoryUsage of job (MB)
	2370204  -  ResidentSetSize of job (KB)
...
006 (15756404.1283.000) 2026-02-08 12:57:03 Image size of job updated: 2371384
	2316  -  MemoryUsage of job (MB)
	2371292  -  ResidentSetSize of job (KB)
...
006 (15756404.1283.000) 2026-02-08 13:12:05 Image size of job updated: 2371812
	2316  -  MemoryUsage of job (MB)
	2371292  -  ResidentSetSize of job (KB)
...
006 (15756404.1283.000) 2026-02-08 13:47:10 Image size of job updated: 2372172
	2316  -  MemoryUsage of job (MB)
	2371292  -  ResidentSetSize of job (KB)
...
006 (15756404.1283.000) 2026-02-08 21:02:53 Image size of job updated: 2372300
	2316  -  MemoryUsage of job (MB)
	2371292  -  ResidentSetSize of job (KB)
...
006 (15756404.1283.000) 2026-02-09 03:58:37 Image size of job updated: 2372456
	2316  -  MemoryUsage of job (MB)
	2371292  -  ResidentSetSize of job (KB)
...
021 (15756404.1283.000) 2026-02-09 19:00:08 Error from starter on slot1_1@pizza02.zeuthen.desy.de:
	runtime exceeded maximum (target.Runtime seconds)
	Code 21 Subcode 103
...
004 (15756404.1283.000) 2026-02-09 19:00:08 Job was evicted.
	(0) CPU times
		Usr 3 15:22:26, Sys 0 14:36:34  -  Run Remote Usage
		Usr 0 00:00:00, Sys 0 00:00:00  -  Run Local Usage
	0  -  Run Bytes Sent By Job
	0  -  Run Bytes Received By Job
	Error from slot1_1@pizza02.zeuthen.desy.de: runtime exceeded maximum (target.Runtime seconds)
	Partitionable Resources :     Usage  Request Allocated 
	   Cpus                 :      0.99        8         8 
	   Disk (KB)            :      1     1024000   1025696 
	   GPUs                 :                            0 
	   Memory (MB)          :   2316       16384     16384 
	   TimeSlotBusy (s)     : 172805                       
...
012 (15756404.1283.000) 2026-02-09 19:00:08 Job was held.
	Error from slot1_1@pizza02.zeuthen.desy.de: runtime exceeded maximum (target.Runtime seconds)
	Code 21 Subcode 103
...
009 (15756404.1283.000) 2026-02-10 11:42:28 Job was aborted.
	via condor_rm (by user tuccia)
...
