000 (15756407.1375.000) 2026-02-06 11:26:14 Job submitted from host: <141.34.103.35:9618?addrs=141.34.103.35-9618+[2001-638-700-f067--1-23]-9618&alias=wgs39.zeuthen.desy.de&noUDP&sock=schedd_7414_f73f>
...
009 (15756407.1375.000) 2026-02-10 11:42:45 Job was aborted.
	via condor_rm (by user tuccia)
...
000 (15949294.917.000) 2026-02-10 11:45:21 Job submitted from host: <141.34.103.35:9618?addrs=141.34.103.35-9618+[2001-638-700-f067--1-23]-9618&alias=wgs39.zeuthen.desy.de&noUDP&sock=schedd_7302_24a3>
...
009 (15949294.917.000) 2026-02-10 11:45:47 Job was aborted.
	via condor_rm (by user tuccia)
...
000 (15949295.917.000) 2026-02-10 11:46:05 Job submitted from host: <141.34.103.35:9618?addrs=141.34.103.35-9618+[2001-638-700-f067--1-23]-9618&alias=wgs39.zeuthen.desy.de&noUDP&sock=schedd_7302_24a3>
...
001 (15949295.917.000) 2026-02-16 04:07:22 Job executing on host: <141.34.15.179:9618?addrs=141.34.15.179-9618+[2001-638-700-f00f--1-b3]-9618&alias=genoa04.zeuthen.desy.de&noUDP&sock=startd_11819_6dee>
	SlotName: slot1_19@genoa04.zeuthen.desy.de
	CondorScratchDir = "/batch/dir_1085263"
	Cpus = 8
	Disk = 1025697
	GPUs = 0
	Memory = 16384
...
006 (15949295.917.000) 2026-02-16 04:07:36 Image size of job updated: 107424
	105  -  MemoryUsage of job (MB)
	107424  -  ResidentSetSize of job (KB)
...
006 (15949295.917.000) 2026-02-16 04:12:37 Image size of job updated: 940352
	729  -  MemoryUsage of job (MB)
	745920  -  ResidentSetSize of job (KB)
...
006 (15949295.917.000) 2026-02-16 04:22:38 Image size of job updated: 940352
	730  -  MemoryUsage of job (MB)
	747280  -  ResidentSetSize of job (KB)
...
006 (15949295.917.000) 2026-02-16 04:47:40 Image size of job updated: 940352
	734  -  MemoryUsage of job (MB)
	751412  -  ResidentSetSize of job (KB)
...
006 (15949295.917.000) 2026-02-16 04:52:40 Image size of job updated: 940352
	734  -  MemoryUsage of job (MB)
	751416  -  ResidentSetSize of job (KB)
...
006 (15949295.917.000) 2026-02-16 04:57:41 Image size of job updated: 940352
	736  -  MemoryUsage of job (MB)
	752856  -  ResidentSetSize of job (KB)
...
006 (15949295.917.000) 2026-02-16 05:02:41 Image size of job updated: 940352
	741  -  MemoryUsage of job (MB)
	757800  -  ResidentSetSize of job (KB)
...
006 (15949295.917.000) 2026-02-16 05:22:42 Image size of job updated: 940352
	745  -  MemoryUsage of job (MB)
	762780  -  ResidentSetSize of job (KB)
...
006 (15949295.917.000) 2026-02-16 05:52:45 Image size of job updated: 940352
	746  -  MemoryUsage of job (MB)
	763100  -  ResidentSetSize of job (KB)
...
006 (15949295.917.000) 2026-02-16 05:57:46 Image size of job updated: 940352
	746  -  MemoryUsage of job (MB)
	763640  -  ResidentSetSize of job (KB)
...
006 (15949295.917.000) 2026-02-16 06:02:46 Image size of job updated: 940352
	747  -  MemoryUsage of job (MB)
	764248  -  ResidentSetSize of job (KB)
...
006 (15949295.917.000) 2026-02-16 06:07:46 Image size of job updated: 940352
	748  -  MemoryUsage of job (MB)
	765424  -  ResidentSetSize of job (KB)
...
006 (15949295.917.000) 2026-02-16 06:17:48 Image size of job updated: 940352
	748  -  MemoryUsage of job (MB)
	765576  -  ResidentSetSize of job (KB)
...
006 (15949295.917.000) 2026-02-16 06:22:48 Image size of job updated: 940352
	749  -  MemoryUsage of job (MB)
	766072  -  ResidentSetSize of job (KB)
...
006 (15949295.917.000) 2026-02-16 06:27:49 Image size of job updated: 940352
	749  -  MemoryUsage of job (MB)
	766212  -  ResidentSetSize of job (KB)
...
006 (15949295.917.000) 2026-02-16 06:32:50 Image size of job updated: 940352
	749  -  MemoryUsage of job (MB)
	766924  -  ResidentSetSize of job (KB)
...
006 (15949295.917.000) 2026-02-16 06:37:50 Image size of job updated: 940352
	778  -  MemoryUsage of job (MB)
	796208  -  ResidentSetSize of job (KB)
...
006 (15949295.917.000) 2026-02-16 06:47:51 Image size of job updated: 940352
	896  -  MemoryUsage of job (MB)
	916700  -  ResidentSetSize of job (KB)
...
006 (15949295.917.000) 2026-02-16 06:52:51 Image size of job updated: 940352
	897  -  MemoryUsage of job (MB)
	918432  -  ResidentSetSize of job (KB)
...
006 (15949295.917.000) 2026-02-16 06:57:52 Image size of job updated: 940352
	899  -  MemoryUsage of job (MB)
	919676  -  ResidentSetSize of job (KB)
...
006 (15949295.917.000) 2026-02-16 07:27:54 Image size of job updated: 940352
	899  -  MemoryUsage of job (MB)
	920188  -  ResidentSetSize of job (KB)
...
006 (15949295.917.000) 2026-02-16 07:42:55 Image size of job updated: 940352
	911  -  MemoryUsage of job (MB)
	931880  -  ResidentSetSize of job (KB)
...
006 (15949295.917.000) 2026-02-16 07:57:56 Image size of job updated: 996656
	974  -  MemoryUsage of job (MB)
	996656  -  ResidentSetSize of job (KB)
...
006 (15949295.917.000) 2026-02-16 08:02:56 Image size of job updated: 1003848
	981  -  MemoryUsage of job (MB)
	1003848  -  ResidentSetSize of job (KB)
...
006 (15949295.917.000) 2026-02-16 08:07:57 Image size of job updated: 1004224
	981  -  MemoryUsage of job (MB)
	1004224  -  ResidentSetSize of job (KB)
...
006 (15949295.917.000) 2026-02-16 08:12:58 Image size of job updated: 1004308
	981  -  MemoryUsage of job (MB)
	1004308  -  ResidentSetSize of job (KB)
...
006 (15949295.917.000) 2026-02-16 08:22:59 Image size of job updated: 1004332
	981  -  MemoryUsage of job (MB)
	1004332  -  ResidentSetSize of job (KB)
...
006 (15949295.917.000) 2026-02-16 08:27:59 Image size of job updated: 1004564
	981  -  MemoryUsage of job (MB)
	1004332  -  ResidentSetSize of job (KB)
...
006 (15949295.917.000) 2026-02-16 08:32:59 Image size of job updated: 1004564
	981  -  MemoryUsage of job (MB)
	1004528  -  ResidentSetSize of job (KB)
...
006 (15949295.917.000) 2026-02-16 08:38:00 Image size of job updated: 1004660
	982  -  MemoryUsage of job (MB)
	1004660  -  ResidentSetSize of job (KB)
...
006 (15949295.917.000) 2026-02-16 08:43:00 Image size of job updated: 1004820
	982  -  MemoryUsage of job (MB)
	1004820  -  ResidentSetSize of job (KB)
...
006 (15949295.917.000) 2026-02-16 08:48:01 Image size of job updated: 1007088
	984  -  MemoryUsage of job (MB)
	1007088  -  ResidentSetSize of job (KB)
...
006 (15949295.917.000) 2026-02-16 08:53:02 Image size of job updated: 1007380
	984  -  MemoryUsage of job (MB)
	1007380  -  ResidentSetSize of job (KB)
...
006 (15949295.917.000) 2026-02-16 09:23:05 Image size of job updated: 1007452
	984  -  MemoryUsage of job (MB)
	1007380  -  ResidentSetSize of job (KB)
...
006 (15949295.917.000) 2026-02-16 09:28:05 Image size of job updated: 1007604
	984  -  MemoryUsage of job (MB)
	1007604  -  ResidentSetSize of job (KB)
...
006 (15949295.917.000) 2026-02-16 09:33:06 Image size of job updated: 1007636
	984  -  MemoryUsage of job (MB)
	1007604  -  ResidentSetSize of job (KB)
...
006 (15949295.917.000) 2026-02-16 09:43:07 Image size of job updated: 1007836
	985  -  MemoryUsage of job (MB)
	1007836  -  ResidentSetSize of job (KB)
...
006 (15949295.917.000) 2026-02-16 09:48:08 Image size of job updated: 1007892
	985  -  MemoryUsage of job (MB)
	1007836  -  ResidentSetSize of job (KB)
...
006 (15949295.917.000) 2026-02-16 09:58:09 Image size of job updated: 1022672
	999  -  MemoryUsage of job (MB)
	1022672  -  ResidentSetSize of job (KB)
...
006 (15949295.917.000) 2026-02-16 10:03:09 Image size of job updated: 1022908
	999  -  MemoryUsage of job (MB)
	1022908  -  ResidentSetSize of job (KB)
...
006 (15949295.917.000) 2026-02-16 10:13:10 Image size of job updated: 1023152
	999  -  MemoryUsage of job (MB)
	1022972  -  ResidentSetSize of job (KB)
...
006 (15949295.917.000) 2026-02-16 10:18:10 Image size of job updated: 1023152
	1000  -  MemoryUsage of job (MB)
	1023080  -  ResidentSetSize of job (KB)
...
006 (15949295.917.000) 2026-02-16 10:23:10 Image size of job updated: 1026120
	1003  -  MemoryUsage of job (MB)
	1026120  -  ResidentSetSize of job (KB)
...
006 (15949295.917.000) 2026-02-16 10:28:11 Image size of job updated: 1026424
	1003  -  MemoryUsage of job (MB)
	1026424  -  ResidentSetSize of job (KB)
...
006 (15949295.917.000) 2026-02-16 10:33:11 Image size of job updated: 1026776
	1003  -  MemoryUsage of job (MB)
	1026776  -  ResidentSetSize of job (KB)
...
006 (15949295.917.000) 2026-02-16 10:43:13 Image size of job updated: 1026904
	1003  -  MemoryUsage of job (MB)
	1026904  -  ResidentSetSize of job (KB)
...
006 (15949295.917.000) 2026-02-16 10:58:15 Image size of job updated: 1026928
	1003  -  MemoryUsage of job (MB)
	1026928  -  ResidentSetSize of job (KB)
...
006 (15949295.917.000) 2026-02-16 11:03:15 Image size of job updated: 1027160
	1003  -  MemoryUsage of job (MB)
	1026928  -  ResidentSetSize of job (KB)
...
006 (15949295.917.000) 2026-02-16 11:18:16 Image size of job updated: 1027160
	1004  -  MemoryUsage of job (MB)
	1027088  -  ResidentSetSize of job (KB)
...
006 (15949295.917.000) 2026-02-16 11:28:17 Image size of job updated: 1027188
	1004  -  MemoryUsage of job (MB)
	1027188  -  ResidentSetSize of job (KB)
...
006 (15949295.917.000) 2026-02-16 11:33:18 Image size of job updated: 1027416
	1004  -  MemoryUsage of job (MB)
	1027416  -  ResidentSetSize of job (KB)
...
006 (15949295.917.000) 2026-02-16 11:43:19 Image size of job updated: 1044188
	1020  -  MemoryUsage of job (MB)
	1044188  -  ResidentSetSize of job (KB)
...
006 (15949295.917.000) 2026-02-16 11:48:20 Image size of job updated: 1044992
	1021  -  MemoryUsage of job (MB)
	1044992  -  ResidentSetSize of job (KB)
...
006 (15949295.917.000) 2026-02-16 12:08:21 Image size of job updated: 1045116
	1021  -  MemoryUsage of job (MB)
	1045116  -  ResidentSetSize of job (KB)
...
006 (15949295.917.000) 2026-02-16 12:13:21 Image size of job updated: 1045248
	1021  -  MemoryUsage of job (MB)
	1045248  -  ResidentSetSize of job (KB)
...
006 (15949295.917.000) 2026-02-16 12:43:25 Image size of job updated: 1045460
	1021  -  MemoryUsage of job (MB)
	1045276  -  ResidentSetSize of job (KB)
...
006 (15949295.917.000) 2026-02-16 12:53:25 Image size of job updated: 1045652
	1022  -  MemoryUsage of job (MB)
	1045652  -  ResidentSetSize of job (KB)
...
006 (15949295.917.000) 2026-02-16 12:58:26 Image size of job updated: 1045760
	1022  -  MemoryUsage of job (MB)
	1045652  -  ResidentSetSize of job (KB)
...
006 (15949295.917.000) 2026-02-16 13:13:27 Image size of job updated: 1045760
	1022  -  MemoryUsage of job (MB)
	1045728  -  ResidentSetSize of job (KB)
...
006 (15949295.917.000) 2026-02-16 13:28:28 Image size of job updated: 1045852
	1022  -  MemoryUsage of job (MB)
	1045852  -  ResidentSetSize of job (KB)
...
006 (15949295.917.000) 2026-02-16 13:33:28 Image size of job updated: 1046016
	1022  -  MemoryUsage of job (MB)
	1046016  -  ResidentSetSize of job (KB)
...
006 (15949295.917.000) 2026-02-16 13:48:30 Image size of job updated: 1046156
	1022  -  MemoryUsage of job (MB)
	1046156  -  ResidentSetSize of job (KB)
...
006 (15949295.917.000) 2026-02-16 13:58:32 Image size of job updated: 1046272
	1022  -  MemoryUsage of job (MB)
	1046156  -  ResidentSetSize of job (KB)
...
006 (15949295.917.000) 2026-02-16 14:03:32 Image size of job updated: 1046272
	1022  -  MemoryUsage of job (MB)
	1046272  -  ResidentSetSize of job (KB)
...
006 (15949295.917.000) 2026-02-16 14:18:33 Image size of job updated: 1046352
	1022  -  MemoryUsage of job (MB)
	1046352  -  ResidentSetSize of job (KB)
...
006 (15949295.917.000) 2026-02-16 14:23:34 Image size of job updated: 1046528
	1022  -  MemoryUsage of job (MB)
	1046528  -  ResidentSetSize of job (KB)
...
006 (15949295.917.000) 2026-02-16 14:33:34 Image size of job updated: 1046612
	1023  -  MemoryUsage of job (MB)
	1046612  -  ResidentSetSize of job (KB)
...
006 (15949295.917.000) 2026-02-16 14:43:35 Image size of job updated: 1046784
	1023  -  MemoryUsage of job (MB)
	1046784  -  ResidentSetSize of job (KB)
...
006 (15949295.917.000) 2026-02-16 14:48:35 Image size of job updated: 1046836
	1023  -  MemoryUsage of job (MB)
	1046836  -  ResidentSetSize of job (KB)
...
006 (15949295.917.000) 2026-02-16 14:53:36 Image size of job updated: 1047040
	1023  -  MemoryUsage of job (MB)
	1047040  -  ResidentSetSize of job (KB)
...
004 (15949295.917.000) 2026-02-16 17:16:25 Job was evicted.
	(0) CPU times
		Usr 3 05:53:13, Sys 0 03:54:15  -  Run Remote Usage
		Usr 0 00:00:00, Sys 0 00:00:00  -  Run Local Usage
	0  -  Run Bytes Sent By Job
	0  -  Run Bytes Received By Job
	Partitionable Resources :    Usage  Request Allocated 
	   Cpus                 :     7.94        8         8 
	   Disk (KB)            :     1     1024000   1025697 
	   GPUs                 :                           0 
	   Memory (MB)          :  1023       16384     16384 
	   TimeExecute (s)      : 47342                       
	   TimeSlotBusy (s)     : 47343                       
...
009 (15949295.917.000) 2026-02-16 17:16:25 Job was aborted.
	via condor_rm (by user tuccia)
...
