~~~~~~~~~~~~~~~~~~~~~~~~~~~~~~

n_qubits: 150, 
r: 74, 
alpha: 0.01, 
shots: 10000, 
ansatz: structure_like_qubo_YZ_2, 
layer: 1, 
tau: 0.3

time for simulated annealing:  169.60204339027405
Rank 1: Bitstring=100111011011100100011101100011010111101100001110100011010011111100001110101001100000100110101000111101000101010100100010011101001101100010110001110110, Decimal=879335706328854812439931452932901445303676022, Energy=-125.5975
Rank 2: Bitstring=100111011011100100011101100011010111101100001110100011010011111100001110101001100000100110101010111101000101010100100010011101001101100010110001100110, Decimal=879335706328854812439931452968930242322639974, Energy=-125.5467
Rank 3: Bitstring=100111011011100100011101100011010111101100001110100011010011111100001110101001100000100110101000001101000111010100100010011101001101100010110001110110, Decimal=879335706328854812439931452919399442514586742, Energy=-125.4761
Rank 4: Bitstring=100111011011100100011101100011010111101100001110100011010011111100001110101001100000100110101010001101000111010100100010011101001101100010110001100110, Decimal=879335706328854812439931452955428239533550694, Energy=-125.4253
Rank 5: Bitstring=100111011011100100011101100011010111101100001110100011110011111100001110101001100000100110101000111101000101110100100010011101001111100010110001110110, Decimal=879335706328854852054012710065072441099431030, Energy=-125.0119
Rank 6: Bitstring=100111011011100100011101100011010111101110001110100001010011111100001110101001100000000110101000111101000101010100100010011101001101100010110000110110, Decimal=879335706329503691090923240964304422837824566, Energy=-124.9433
Rank 7: Bitstring=100111011011100100011101100011110111100100001110100011010011111100001110101001100000100110111000111101000101010100100010011101001101110010110001110110, Decimal=879335706990872661903121975858770103431015542, Energy=-124.9315
Rank 8: Bitstring=100111011011100100011101100011010111101100001110100011110011111100001110101001100000100110101000001101000111110100100010011101001111100010110001110110, Decimal=879335706328854852054012710051570438310341750, Energy=-124.8905
Rank 9: Bitstring=100111011011100100011101100011110111100100001110100011010011111100001110101001100000100110111010111101000101010100100010011101001101110010110001100110, Decimal=879335706990872661903121975894798900449979494, Energy=-124.8807
Rank 10: Bitstring=100111011011100100011101100111010111101100000110100011010011111100001110101001100000100110101000111101000101010100100010011101100101100010110001110110, Decimal=879335711645726230760387641207281791928773750, Energy=-124.8781

E_min from simulated annealing:  -125.5975
Minimum energy: -125.5975
States with energy within 1e-08 of minimum: [879335706328854812439931452932901445303676022]


################## Start optimization with initial parameters: [0. 0. 0. 0. 0. 0. 0. 0. 0. 0. 0. 0. 0. 0. 0. 0. 0. 0. 0. 0. 0. 0. 0. 0.
 0. 0. 0. 0. 0. 0. 0. 0. 0. 0. 0. 0. 0. 0. 0. 0. 0. 0. 0. 0. 0. 0. 0. 0.
 0. 0. 0. 0. 0. 0. 0. 0. 0. 0. 0. 0. 0. 0. 0. 0. 0. 0. 0. 0. 0. 0. 0. 0.
 0. 0. 0. 0. 0. 0. 0. 0. 0. 0. 0. 0. 0. 0. 0. 0. 0. 0. 0. 0. 0. 0. 0. 0.
 0. 0. 0. 0. 0. 0. 0. 0. 0. 0. 0. 0. 0. 0. 0. 0. 0. 0. 0. 0. 0. 0. 0. 0.
 0. 0. 0. 0. 0. 0. 0. 0. 0. 0. 0. 0. 0. 0. 0. 0. 0. 0. 0. 0. 0. 0. 0. 0.
 0. 0. 0. 0. 0. 0. 0. 0. 0. 0. 0. 0. 0. 0. 0. 0. 0. 0. 0. 0. 0. 0. 0. 0.
 0. 0. 0. 0. 0. 0. 0. 0. 0. 0. 0. 0. 0. 0. 0. 0. 0. 0. 0. 0. 0. 0. 0. 0.
 0. 0. 0. 0. 0. 0. 0. 0. 0. 0. 0. 0. 0. 0. 0. 0. 0. 0. 0. 0. 0. 0. 0. 0.
 0. 0. 0. 0. 0. 0. 0. 0. 0. 0. 0. 0. 0. 0. 0. 0. 0. 0. 0. 0. 0. 0. 0. 0.
 0. 0. 0. 0. 0. 0. 0. 0. 0. 0. 0. 0. 0. 0. 0. 0. 0. 0. 0. 0. 0. 0. 0. 0.
 0. 0. 0. 0. 0. 0. 0. 0. 0. 0. 0. 0. 0. 0. 0. 0. 0. 0. 0. 0. 0. 0. 0. 0.
 0. 0. 0. 0. 0. 0. 0. 0. 0. 0. 0. 0. 0. 0. 0. 0. 0. 0. 0. 0. 0. 0. 0. 0.
 0. 0. 0. 0. 0. 0. 0. 0. 0. 0. 0. 0. 0. 0. 0. 0. 0. 0. 0. 0. 0. 0. 0. 0.
 0. 0. 0. 0. 0. 0. 0. 0. 0. 0. 0. 0. 0. 0. 0. 0. 0. 0. 0. 0. 0. 0. 0. 0.
 0. 0. 0. 0. 0. 0. 0. 0. 0. 0. 0. 0. 0. 0. 0. 0. 0. 0. 0. 0. 0. 0. 0. 0.
 0. 0. 0. 0. 0. 0. 0. 0. 0. 0. 0. 0. 0. 0. 0. 0. 0. 0. 0. 0. 0. 0. 0. 0.
 0. 0. 0. 0. 0. 0. 0. 0. 0. 0. 0. 0. 0. 0. 0. 0. 0. 0. 0. 0. 0. 0. 0. 0.
 0. 0. 0. 0. 0. 0. 0. 0. 0. 0. 0. 0. 0. 0. 0. 0. 0. 0. 0. 0. 0. 0. 0. 0.
 0. 0. 0. 0. 0. 0. 0. 0. 0. 0. 0. 0. 0. 0. 0. 0. 0. 0. 0. 0. 0. 0. 0. 0.
 0. 0. 0. 0. 0. 0. 0. 0. 0. 0. 0. 0. 0. 0. 0. 0. 0. 0. 0. 0. 0. 0. 0. 0.
 0. 0. 0. 0. 0. 0. 0. 0. 0. 0. 0. 0. 0. 0. 0. 0. 0. 0. 0. 0. 0. 0. 0. 0.
 0. 0. 0. 0. 0. 0. 0. 0. 0. 0. 0. 0. 0. 0. 0. 0. 0. 0. 0. 0. 0. 0. 0. 0.
 0. 0. 0. 0. 0. 0. 0. 0. 0. 0. 0. 0. 0. 0. 0. 0. 0. 0. 0. 0. 0. 0. 0. 0.
 0. 0. 0. 0. 0. 0. 0. 0. 0. 0. 0. 0. 0. 0. 0. 0. 0. 0. 0. 0. 0. 0. 0. 0.]
Write sucessfully to ./data/data_shots_10000_layer_1/alpha_0.01/N_150/r_74/ansatz_type_structure_like_qubo_YZ_2/initialization_zeros

vqe.cvar_eval[0]: -28.417260000000013 , min_cvar: -44.047862000000045 , opt_cvar: -44.047862000000045

vqe.poss_eval[-1]: 0 vqe.poss_eval[0] 0  , max_poss: 0 , opt_poss: 0

vqe.r_eval[-1]: 0.3334671151893949 vqe.r_eval[0]: 0.22625657357829584 max_r: 0.3507065188399454 , min_r: 0.22625657357829584
