000 (15756404.1339.000) 2026-02-06 11:24:38 Job submitted from host: <141.34.103.35:9618?addrs=141.34.103.35-9618+[2001-638-700-f067--1-23]-9618&alias=wgs39.zeuthen.desy.de&noUDP&sock=schedd_7414_f73f>
...
001 (15756404.1339.000) 2026-02-07 19:46:09 Job executing on host: <141.34.15.47:9618?addrs=141.34.15.47-9618+[2001-638-700-f00f--1-2f]-9618&alias=pizza18.zeuthen.desy.de&noUDP&sock=startd_8216_1233>
	SlotName: slot1_11@pizza18.zeuthen.desy.de
	CondorScratchDir = "/batch/dir_3303647"
	Cpus = 8
	Disk = 1025696
	GPUs = 0
	Memory = 16384
...
006 (15756404.1339.000) 2026-02-07 19:46:23 Image size of job updated: 109532
	107  -  MemoryUsage of job (MB)
	109532  -  ResidentSetSize of job (KB)
...
006 (15756404.1339.000) 2026-02-07 19:51:24 Image size of job updated: 762040
	744  -  MemoryUsage of job (MB)
	761600  -  ResidentSetSize of job (KB)
...
006 (15756404.1339.000) 2026-02-07 19:56:24 Image size of job updated: 762872
	744  -  MemoryUsage of job (MB)
	761600  -  ResidentSetSize of job (KB)
...
006 (15756404.1339.000) 2026-02-07 20:01:24 Image size of job updated: 766348
	748  -  MemoryUsage of job (MB)
	765704  -  ResidentSetSize of job (KB)
...
006 (15756404.1339.000) 2026-02-07 20:06:25 Image size of job updated: 767288
	748  -  MemoryUsage of job (MB)
	765704  -  ResidentSetSize of job (KB)
...
006 (15756404.1339.000) 2026-02-07 20:11:25 Image size of job updated: 767976
	749  -  MemoryUsage of job (MB)
	766880  -  ResidentSetSize of job (KB)
...
006 (15756404.1339.000) 2026-02-07 20:16:25 Image size of job updated: 768600
	749  -  MemoryUsage of job (MB)
	766880  -  ResidentSetSize of job (KB)
...
006 (15756404.1339.000) 2026-02-07 20:36:27 Image size of job updated: 768600
	751  -  MemoryUsage of job (MB)
	768312  -  ResidentSetSize of job (KB)
...
006 (15756404.1339.000) 2026-02-07 20:41:27 Image size of job updated: 769032
	751  -  MemoryUsage of job (MB)
	768312  -  ResidentSetSize of job (KB)
...
006 (15756404.1339.000) 2026-02-07 20:46:27 Image size of job updated: 770040
	751  -  MemoryUsage of job (MB)
	768312  -  ResidentSetSize of job (KB)
...
006 (15756404.1339.000) 2026-02-07 20:51:28 Image size of job updated: 770724
	751  -  MemoryUsage of job (MB)
	768312  -  ResidentSetSize of job (KB)
...
006 (15756404.1339.000) 2026-02-07 20:56:29 Image size of job updated: 770908
	751  -  MemoryUsage of job (MB)
	768312  -  ResidentSetSize of job (KB)
...
006 (15756404.1339.000) 2026-02-07 21:26:33 Image size of job updated: 770908
	753  -  MemoryUsage of job (MB)
	770480  -  ResidentSetSize of job (KB)
...
006 (15756404.1339.000) 2026-02-07 21:31:33 Image size of job updated: 771520
	753  -  MemoryUsage of job (MB)
	770484  -  ResidentSetSize of job (KB)
...
006 (15756404.1339.000) 2026-02-07 22:06:36 Image size of job updated: 771520
	754  -  MemoryUsage of job (MB)
	771192  -  ResidentSetSize of job (KB)
...
006 (15756404.1339.000) 2026-02-07 22:11:37 Image size of job updated: 771968
	754  -  MemoryUsage of job (MB)
	771192  -  ResidentSetSize of job (KB)
...
006 (15756404.1339.000) 2026-02-07 22:46:40 Image size of job updated: 771968
	754  -  MemoryUsage of job (MB)
	771456  -  ResidentSetSize of job (KB)
...
006 (15756404.1339.000) 2026-02-08 00:01:47 Image size of job updated: 771968
	754  -  MemoryUsage of job (MB)
	771916  -  ResidentSetSize of job (KB)
...
006 (15756404.1339.000) 2026-02-08 01:26:56 Image size of job updated: 772132
	755  -  MemoryUsage of job (MB)
	772132  -  ResidentSetSize of job (KB)
...
006 (15756404.1339.000) 2026-02-08 01:31:56 Image size of job updated: 772140
	755  -  MemoryUsage of job (MB)
	772140  -  ResidentSetSize of job (KB)
...
006 (15756404.1339.000) 2026-02-08 01:36:57 Image size of job updated: 772644
	755  -  MemoryUsage of job (MB)
	772644  -  ResidentSetSize of job (KB)
...
006 (15756404.1339.000) 2026-02-08 01:41:57 Image size of job updated: 772656
	755  -  MemoryUsage of job (MB)
	772656  -  ResidentSetSize of job (KB)
...
006 (15756404.1339.000) 2026-02-08 01:46:57 Image size of job updated: 772900
	755  -  MemoryUsage of job (MB)
	772712  -  ResidentSetSize of job (KB)
...
006 (15756404.1339.000) 2026-02-08 01:51:59 Image size of job updated: 773156
	755  -  MemoryUsage of job (MB)
	772712  -  ResidentSetSize of job (KB)
...
006 (15756404.1339.000) 2026-02-08 03:52:10 Image size of job updated: 773156
	755  -  MemoryUsage of job (MB)
	772912  -  ResidentSetSize of job (KB)
...
006 (15756404.1339.000) 2026-02-08 03:57:11 Image size of job updated: 773168
	755  -  MemoryUsage of job (MB)
	772972  -  ResidentSetSize of job (KB)
...
006 (15756404.1339.000) 2026-02-08 06:02:24 Image size of job updated: 773172
	756  -  MemoryUsage of job (MB)
	773172  -  ResidentSetSize of job (KB)
...
006 (15756404.1339.000) 2026-02-08 06:07:25 Image size of job updated: 773428
	756  -  MemoryUsage of job (MB)
	773172  -  ResidentSetSize of job (KB)
...
005 (15756404.1339.000) 2026-02-08 09:53:00 Job terminated.
	(1) Normal termination (return value 0)
		Usr 1 18:53:16, Sys 0 21:42:57  -  Run Remote Usage
		Usr 0 00:00:00, Sys 0 00:00:00  -  Run Local Usage
		Usr 1 18:53:16, Sys 0 21:42:57  -  Total Remote Usage
		Usr 0 00:00:00, Sys 0 00:00:00  -  Total Local Usage
	0  -  Run Bytes Sent By Job
	0  -  Run Bytes Received By Job
	0  -  Total Bytes Sent By Job
	0  -  Total Bytes Received By Job
	Partitionable Resources :    Usage  Request Allocated 
	   Cpus                 :     7.94        8         8 
	   Disk (KB)            :     1     1024000   1025696 
	   GPUs                 :                           0 
	   Memory (MB)          :   756       16384     16384 
	   TimeExecute (s)      : 50811                       
	   TimeSlotBusy (s)     : 50811                       

	Job terminated of its own accord at 2026-02-08T08:53:00Z with exit-code 0.
...
