000 (15756407.1305.000) 2026-02-06 11:26:13 Job submitted from host: <141.34.103.35:9618?addrs=141.34.103.35-9618+[2001-638-700-f067--1-23]-9618&alias=wgs39.zeuthen.desy.de&noUDP&sock=schedd_7414_f73f>
...
009 (15756407.1305.000) 2026-02-10 11:42:45 Job was aborted.
	via condor_rm (by user tuccia)
...
000 (15949294.870.000) 2026-02-10 11:45:21 Job submitted from host: <141.34.103.35:9618?addrs=141.34.103.35-9618+[2001-638-700-f067--1-23]-9618&alias=wgs39.zeuthen.desy.de&noUDP&sock=schedd_7302_24a3>
...
009 (15949294.870.000) 2026-02-10 11:45:47 Job was aborted.
	via condor_rm (by user tuccia)
...
000 (15949295.870.000) 2026-02-10 11:46:05 Job submitted from host: <141.34.103.35:9618?addrs=141.34.103.35-9618+[2001-638-700-f067--1-23]-9618&alias=wgs39.zeuthen.desy.de&noUDP&sock=schedd_7302_24a3>
...
001 (15949295.870.000) 2026-02-15 21:44:43 Job executing on host: <141.34.15.217:9618?addrs=141.34.15.217-9618+[2001-638-700-f00f--1-d9]-9618&alias=pizza25.zeuthen.desy.de&noUDP&sock=startd_9096_ad8b>
	SlotName: slot1_3@pizza25.zeuthen.desy.de
	CondorScratchDir = "/batch/dir_787268"
	Cpus = 8
	Disk = 1025696
	GPUs = 0
	Memory = 16384
...
006 (15949295.870.000) 2026-02-15 21:44:56 Image size of job updated: 109404
	107  -  MemoryUsage of job (MB)
	109404  -  ResidentSetSize of job (KB)
...
006 (15949295.870.000) 2026-02-15 21:49:56 Image size of job updated: 1034604
	582  -  MemoryUsage of job (MB)
	595044  -  ResidentSetSize of job (KB)
...
006 (15949295.870.000) 2026-02-15 21:59:58 Image size of job updated: 1034604
	587  -  MemoryUsage of job (MB)
	600608  -  ResidentSetSize of job (KB)
...
006 (15949295.870.000) 2026-02-15 22:04:58 Image size of job updated: 1034604
	587  -  MemoryUsage of job (MB)
	600616  -  ResidentSetSize of job (KB)
...
006 (15949295.870.000) 2026-02-15 22:09:59 Image size of job updated: 1034604
	590  -  MemoryUsage of job (MB)
	603308  -  ResidentSetSize of job (KB)
...
006 (15949295.870.000) 2026-02-15 22:15:00 Image size of job updated: 1034604
	720  -  MemoryUsage of job (MB)
	736776  -  ResidentSetSize of job (KB)
...
006 (15949295.870.000) 2026-02-15 22:20:00 Image size of job updated: 1034604
	720  -  MemoryUsage of job (MB)
	736984  -  ResidentSetSize of job (KB)
...
006 (15949295.870.000) 2026-02-15 22:40:02 Image size of job updated: 1034604
	732  -  MemoryUsage of job (MB)
	748956  -  ResidentSetSize of job (KB)
...
006 (15949295.870.000) 2026-02-15 22:45:02 Image size of job updated: 1034604
	732  -  MemoryUsage of job (MB)
	749072  -  ResidentSetSize of job (KB)
...
006 (15949295.870.000) 2026-02-15 22:55:03 Image size of job updated: 1034604
	739  -  MemoryUsage of job (MB)
	756600  -  ResidentSetSize of job (KB)
...
006 (15949295.870.000) 2026-02-16 00:00:09 Image size of job updated: 1034604
	741  -  MemoryUsage of job (MB)
	758284  -  ResidentSetSize of job (KB)
...
006 (15949295.870.000) 2026-02-16 00:05:10 Image size of job updated: 1034604
	741  -  MemoryUsage of job (MB)
	758356  -  ResidentSetSize of job (KB)
...
006 (15949295.870.000) 2026-02-16 00:10:10 Image size of job updated: 1034604
	741  -  MemoryUsage of job (MB)
	758716  -  ResidentSetSize of job (KB)
...
006 (15949295.870.000) 2026-02-16 01:00:17 Image size of job updated: 1034604
	749  -  MemoryUsage of job (MB)
	766808  -  ResidentSetSize of job (KB)
...
006 (15949295.870.000) 2026-02-16 01:05:17 Image size of job updated: 1034604
	750  -  MemoryUsage of job (MB)
	767144  -  ResidentSetSize of job (KB)
...
006 (15949295.870.000) 2026-02-16 01:10:17 Image size of job updated: 1034604
	750  -  MemoryUsage of job (MB)
	767160  -  ResidentSetSize of job (KB)
...
006 (15949295.870.000) 2026-02-16 01:15:18 Image size of job updated: 1034604
	750  -  MemoryUsage of job (MB)
	767820  -  ResidentSetSize of job (KB)
...
006 (15949295.870.000) 2026-02-16 01:20:18 Image size of job updated: 1034604
	750  -  MemoryUsage of job (MB)
	767828  -  ResidentSetSize of job (KB)
...
006 (15949295.870.000) 2026-02-16 01:25:18 Image size of job updated: 1034604
	751  -  MemoryUsage of job (MB)
	768088  -  ResidentSetSize of job (KB)
...
006 (15949295.870.000) 2026-02-16 01:30:19 Image size of job updated: 1034604
	751  -  MemoryUsage of job (MB)
	768104  -  ResidentSetSize of job (KB)
...
006 (15949295.870.000) 2026-02-16 01:40:20 Image size of job updated: 1034604
	752  -  MemoryUsage of job (MB)
	769560  -  ResidentSetSize of job (KB)
...
006 (15949295.870.000) 2026-02-16 01:45:21 Image size of job updated: 1034604
	752  -  MemoryUsage of job (MB)
	769568  -  ResidentSetSize of job (KB)
...
006 (15949295.870.000) 2026-02-16 02:10:24 Image size of job updated: 1034604
	768  -  MemoryUsage of job (MB)
	786396  -  ResidentSetSize of job (KB)
...
006 (15949295.870.000) 2026-02-16 02:15:25 Image size of job updated: 1034604
	769  -  MemoryUsage of job (MB)
	786988  -  ResidentSetSize of job (KB)
...
006 (15949295.870.000) 2026-02-16 03:20:31 Image size of job updated: 1034604
	772  -  MemoryUsage of job (MB)
	789796  -  ResidentSetSize of job (KB)
...
006 (15949295.870.000) 2026-02-16 03:25:32 Image size of job updated: 1034604
	955  -  MemoryUsage of job (MB)
	976976  -  ResidentSetSize of job (KB)
...
006 (15949295.870.000) 2026-02-16 03:40:34 Image size of job updated: 1034604
	956  -  MemoryUsage of job (MB)
	978592  -  ResidentSetSize of job (KB)
...
006 (15949295.870.000) 2026-02-16 03:50:35 Image size of job updated: 1034604
	956  -  MemoryUsage of job (MB)
	978640  -  ResidentSetSize of job (KB)
...
006 (15949295.870.000) 2026-02-16 04:00:35 Image size of job updated: 1034604
	956  -  MemoryUsage of job (MB)
	978916  -  ResidentSetSize of job (KB)
...
006 (15949295.870.000) 2026-02-16 04:15:36 Image size of job updated: 1034604
	956  -  MemoryUsage of job (MB)
	978932  -  ResidentSetSize of job (KB)
...
006 (15949295.870.000) 2026-02-16 04:30:38 Image size of job updated: 1034604
	956  -  MemoryUsage of job (MB)
	978936  -  ResidentSetSize of job (KB)
...
006 (15949295.870.000) 2026-02-16 05:00:42 Image size of job updated: 1034604
	957  -  MemoryUsage of job (MB)
	978976  -  ResidentSetSize of job (KB)
...
006 (15949295.870.000) 2026-02-16 07:20:56 Image size of job updated: 1034604
	957  -  MemoryUsage of job (MB)
	978988  -  ResidentSetSize of job (KB)
...
006 (15949295.870.000) 2026-02-16 08:11:00 Image size of job updated: 1034604
	957  -  MemoryUsage of job (MB)
	979084  -  ResidentSetSize of job (KB)
...
006 (15949295.870.000) 2026-02-16 08:26:02 Image size of job updated: 1034604
	957  -  MemoryUsage of job (MB)
	979464  -  ResidentSetSize of job (KB)
...
006 (15949295.870.000) 2026-02-16 08:41:03 Image size of job updated: 1034604
	957  -  MemoryUsage of job (MB)
	979652  -  ResidentSetSize of job (KB)
...
006 (15949295.870.000) 2026-02-16 08:56:04 Image size of job updated: 1034604
	957  -  MemoryUsage of job (MB)
	979784  -  ResidentSetSize of job (KB)
...
006 (15949295.870.000) 2026-02-16 12:36:24 Image size of job updated: 1034604
	957  -  MemoryUsage of job (MB)
	979800  -  ResidentSetSize of job (KB)
...
006 (15949295.870.000) 2026-02-16 14:06:34 Image size of job updated: 1034604
	957  -  MemoryUsage of job (MB)
	979860  -  ResidentSetSize of job (KB)
...
004 (15949295.870.000) 2026-02-16 17:16:23 Job was evicted.
	(0) CPU times
		Usr 2 02:12:39, Sys 0 00:56:34  -  Run Remote Usage
		Usr 0 00:00:00, Sys 0 00:00:00  -  Run Local Usage
	0  -  Run Bytes Sent By Job
	0  -  Run Bytes Received By Job
	Partitionable Resources :    Usage  Request Allocated 
	   Cpus                 :     0.00        8         8 
	   Disk (KB)            :     1     1024000   1025696 
	   GPUs                 :                           0 
	   Memory (MB)          :   957       16384     16384 
	   TimeExecute (s)      : 70299                       
	   TimeSlotBusy (s)     : 70301                       
...
009 (15949295.870.000) 2026-02-16 17:16:23 Job was aborted.
	via condor_rm (by user tuccia)
...
