000 (15756408.1377.000) 2026-02-06 11:27:01 Job submitted from host: <141.34.103.35:9618?addrs=141.34.103.35-9618+[2001-638-700-f067--1-23]-9618&alias=wgs39.zeuthen.desy.de&noUDP&sock=schedd_7414_f73f>
...
009 (15756408.1377.000) 2026-02-10 11:47:48 Job was aborted.
	via condor_rm (by user tuccia)
...
000 (15951004.918.000) 2026-02-10 16:30:11 Job submitted from host: <141.34.103.35:9618?addrs=141.34.103.35-9618+[2001-638-700-f067--1-23]-9618&alias=wgs39.zeuthen.desy.de&noUDP&sock=schedd_7302_24a3>
...
001 (15951004.918.000) 2026-02-11 04:12:35 Job executing on host: <141.34.15.38:9618?addrs=141.34.15.38-9618+[2001-638-700-f00f--1-26]-9618&alias=pizza09.zeuthen.desy.de&noUDP&sock=startd_8238_2948>
	SlotName: slot1_7@pizza09.zeuthen.desy.de
	CondorScratchDir = "/batch/dir_177157"
	Cpus = 1
	Disk = 1025696
	GPUs = 0
	Memory = 5120
...
006 (15951004.918.000) 2026-02-11 04:12:49 Image size of job updated: 109356
	107  -  MemoryUsage of job (MB)
	109356  -  ResidentSetSize of job (KB)
...
006 (15951004.918.000) 2026-02-11 04:17:50 Image size of job updated: 755640
	611  -  MemoryUsage of job (MB)
	625300  -  ResidentSetSize of job (KB)
...
006 (15951004.918.000) 2026-02-11 04:22:50 Image size of job updated: 755640
	619  -  MemoryUsage of job (MB)
	633388  -  ResidentSetSize of job (KB)
...
006 (15951004.918.000) 2026-02-11 04:27:50 Image size of job updated: 755640
	662  -  MemoryUsage of job (MB)
	676992  -  ResidentSetSize of job (KB)
...
006 (15951004.918.000) 2026-02-11 04:32:51 Image size of job updated: 755640
	662  -  MemoryUsage of job (MB)
	677140  -  ResidentSetSize of job (KB)
...
006 (15951004.918.000) 2026-02-11 04:37:51 Image size of job updated: 755640
	665  -  MemoryUsage of job (MB)
	680108  -  ResidentSetSize of job (KB)
...
006 (15951004.918.000) 2026-02-11 04:52:52 Image size of job updated: 755640
	665  -  MemoryUsage of job (MB)
	680156  -  ResidentSetSize of job (KB)
...
006 (15951004.918.000) 2026-02-11 05:02:53 Image size of job updated: 755640
	667  -  MemoryUsage of job (MB)
	682412  -  ResidentSetSize of job (KB)
...
006 (15951004.918.000) 2026-02-11 06:48:04 Image size of job updated: 755640
	667  -  MemoryUsage of job (MB)
	682424  -  ResidentSetSize of job (KB)
...
006 (15951004.918.000) 2026-02-11 07:43:09 Image size of job updated: 755640
	667  -  MemoryUsage of job (MB)
	682428  -  ResidentSetSize of job (KB)
...
006 (15951004.918.000) 2026-02-11 09:08:17 Image size of job updated: 755640
	667  -  MemoryUsage of job (MB)
	682432  -  ResidentSetSize of job (KB)
...
