000 (15756404.1261.000) 2026-02-06 11:24:37 Job submitted from host: <141.34.103.35:9618?addrs=141.34.103.35-9618+[2001-638-700-f067--1-23]-9618&alias=wgs39.zeuthen.desy.de&noUDP&sock=schedd_7414_f73f>
...
001 (15756404.1261.000) 2026-02-07 12:35:03 Job executing on host: <141.34.15.40:9618?addrs=141.34.15.40-9618+[2001-638-700-f00f--1-28]-9618&alias=pizza11.zeuthen.desy.de&noUDP&sock=startd_9198_a434>
	SlotName: slot1_2@pizza11.zeuthen.desy.de
	CondorScratchDir = "/batch/dir_347661"
	Cpus = 8
	Disk = 1025696
	GPUs = 0
	Memory = 16384
...
006 (15756404.1261.000) 2026-02-07 12:35:17 Image size of job updated: 109436
	107  -  MemoryUsage of job (MB)
	109436  -  ResidentSetSize of job (KB)
...
006 (15756404.1261.000) 2026-02-07 12:40:18 Image size of job updated: 768884
	747  -  MemoryUsage of job (MB)
	764288  -  ResidentSetSize of job (KB)
...
006 (15756404.1261.000) 2026-02-07 12:45:18 Image size of job updated: 772272
	754  -  MemoryUsage of job (MB)
	771844  -  ResidentSetSize of job (KB)
...
006 (15756404.1261.000) 2026-02-07 12:50:19 Image size of job updated: 773156
	754  -  MemoryUsage of job (MB)
	771844  -  ResidentSetSize of job (KB)
...
006 (15756404.1261.000) 2026-02-07 12:55:20 Image size of job updated: 773756
	755  -  MemoryUsage of job (MB)
	772756  -  ResidentSetSize of job (KB)
...
006 (15756404.1261.000) 2026-02-07 13:00:20 Image size of job updated: 774768
	755  -  MemoryUsage of job (MB)
	772756  -  ResidentSetSize of job (KB)
...
006 (15756404.1261.000) 2026-02-07 13:20:21 Image size of job updated: 774768
	756  -  MemoryUsage of job (MB)
	773168  -  ResidentSetSize of job (KB)
...
006 (15756404.1261.000) 2026-02-07 13:25:22 Image size of job updated: 775100
	756  -  MemoryUsage of job (MB)
	773168  -  ResidentSetSize of job (KB)
...
006 (15756404.1261.000) 2026-02-07 13:30:22 Image size of job updated: 775688
	758  -  MemoryUsage of job (MB)
	775688  -  ResidentSetSize of job (KB)
...
006 (15756404.1261.000) 2026-02-07 13:35:22 Image size of job updated: 776380
	758  -  MemoryUsage of job (MB)
	775692  -  ResidentSetSize of job (KB)
...
006 (15756404.1261.000) 2026-02-07 13:40:23 Image size of job updated: 776896
	758  -  MemoryUsage of job (MB)
	775692  -  ResidentSetSize of job (KB)
...
006 (15756404.1261.000) 2026-02-07 13:45:24 Image size of job updated: 777516
	758  -  MemoryUsage of job (MB)
	775692  -  ResidentSetSize of job (KB)
...
006 (15756404.1261.000) 2026-02-07 14:30:30 Image size of job updated: 777920
	758  -  MemoryUsage of job (MB)
	775692  -  ResidentSetSize of job (KB)
...
006 (15756404.1261.000) 2026-02-07 14:35:30 Image size of job updated: 778228
	758  -  MemoryUsage of job (MB)
	775692  -  ResidentSetSize of job (KB)
...
006 (15756404.1261.000) 2026-02-07 15:05:32 Image size of job updated: 778228
	759  -  MemoryUsage of job (MB)
	776204  -  ResidentSetSize of job (KB)
...
006 (15756404.1261.000) 2026-02-07 15:10:32 Image size of job updated: 778228
	760  -  MemoryUsage of job (MB)
	777228  -  ResidentSetSize of job (KB)
...
006 (15756404.1261.000) 2026-02-07 15:15:33 Image size of job updated: 778228
	760  -  MemoryUsage of job (MB)
	777740  -  ResidentSetSize of job (KB)
...
006 (15756404.1261.000) 2026-02-07 15:20:33 Image size of job updated: 778508
	761  -  MemoryUsage of job (MB)
	778508  -  ResidentSetSize of job (KB)
...
006 (15756404.1261.000) 2026-02-07 15:25:33 Image size of job updated: 778764
	761  -  MemoryUsage of job (MB)
	778508  -  ResidentSetSize of job (KB)
...
006 (15756404.1261.000) 2026-02-07 16:55:44 Image size of job updated: 778764
	761  -  MemoryUsage of job (MB)
	778640  -  ResidentSetSize of job (KB)
...
006 (15756404.1261.000) 2026-02-07 17:00:44 Image size of job updated: 778896
	761  -  MemoryUsage of job (MB)
	778640  -  ResidentSetSize of job (KB)
...
006 (15756404.1261.000) 2026-02-07 19:15:57 Image size of job updated: 778896
	761  -  MemoryUsage of job (MB)
	778756  -  ResidentSetSize of job (KB)
...
006 (15756404.1261.000) 2026-02-07 19:20:57 Image size of job updated: 779012
	761  -  MemoryUsage of job (MB)
	779012  -  ResidentSetSize of job (KB)
...
006 (15756404.1261.000) 2026-02-07 19:25:58 Image size of job updated: 779268
	761  -  MemoryUsage of job (MB)
	779060  -  ResidentSetSize of job (KB)
...
006 (15756404.1261.000) 2026-02-07 21:31:11 Image size of job updated: 779328
	762  -  MemoryUsage of job (MB)
	779328  -  ResidentSetSize of job (KB)
...
006 (15756404.1261.000) 2026-02-07 21:36:11 Image size of job updated: 779528
	762  -  MemoryUsage of job (MB)
	779328  -  ResidentSetSize of job (KB)
...
006 (15756404.1261.000) 2026-02-07 23:41:23 Image size of job updated: 779540
	762  -  MemoryUsage of job (MB)
	779540  -  ResidentSetSize of job (KB)
...
006 (15756404.1261.000) 2026-02-08 01:26:35 Image size of job updated: 779616
	762  -  MemoryUsage of job (MB)
	779616  -  ResidentSetSize of job (KB)
...
006 (15756404.1261.000) 2026-02-08 01:31:35 Image size of job updated: 779620
	762  -  MemoryUsage of job (MB)
	779620  -  ResidentSetSize of job (KB)
...
005 (15756404.1261.000) 2026-02-08 03:35:45 Job terminated.
	(1) Normal termination (return value 0)
		Usr 1 22:34:14, Sys 1 00:24:45  -  Run Remote Usage
		Usr 0 00:00:00, Sys 0 00:00:00  -  Run Local Usage
		Usr 1 22:34:14, Sys 1 00:24:45  -  Total Remote Usage
		Usr 0 00:00:00, Sys 0 00:00:00  -  Total Local Usage
	0  -  Run Bytes Sent By Job
	0  -  Run Bytes Received By Job
	0  -  Total Bytes Sent By Job
	0  -  Total Bytes Received By Job
	Partitionable Resources :    Usage  Request Allocated 
	   Cpus                 :     6.71        8         8 
	   Disk (KB)            :     1     1024000   1025696 
	   GPUs                 :                           0 
	   Memory (MB)          :   762       16384     16384 
	   TimeExecute (s)      : 54042                       
	   TimeSlotBusy (s)     : 54042                       

	Job terminated of its own accord at 2026-02-08T02:35:45Z with exit-code 0.
...
