000 (15756407.1440.000) 2026-02-06 11:26:14 Job submitted from host: <141.34.103.35:9618?addrs=141.34.103.35-9618+[2001-638-700-f067--1-23]-9618&alias=wgs39.zeuthen.desy.de&noUDP&sock=schedd_7414_f73f>
...
009 (15756407.1440.000) 2026-02-10 11:42:46 Job was aborted.
	via condor_rm (by user tuccia)
...
000 (15949294.960.000) 2026-02-10 11:45:22 Job submitted from host: <141.34.103.35:9618?addrs=141.34.103.35-9618+[2001-638-700-f067--1-23]-9618&alias=wgs39.zeuthen.desy.de&noUDP&sock=schedd_7302_24a3>
...
009 (15949294.960.000) 2026-02-10 11:45:47 Job was aborted.
	via condor_rm (by user tuccia)
...
000 (15949295.960.000) 2026-02-10 11:46:05 Job submitted from host: <141.34.103.35:9618?addrs=141.34.103.35-9618+[2001-638-700-f067--1-23]-9618&alias=wgs39.zeuthen.desy.de&noUDP&sock=schedd_7302_24a3>
...
001 (15949295.960.000) 2026-02-16 04:56:38 Job executing on host: <141.34.15.86:9618?addrs=141.34.15.86-9618+[2001-638-700-f00f--1-56]-9618&alias=genoa10.zeuthen.desy.de&noUDP&sock=startd_10124_cce6>
	SlotName: slot1_10@genoa10.zeuthen.desy.de
	CondorScratchDir = "/batch/dir_122312"
	Cpus = 8
	Disk = 1025681
	GPUs = 0
	Memory = 16384
...
006 (15949295.960.000) 2026-02-16 04:56:51 Image size of job updated: 107488
	105  -  MemoryUsage of job (MB)
	107488  -  ResidentSetSize of job (KB)
...
006 (15949295.960.000) 2026-02-16 05:01:51 Image size of job updated: 1044144
	576  -  MemoryUsage of job (MB)
	588956  -  ResidentSetSize of job (KB)
...
006 (15949295.960.000) 2026-02-16 05:06:52 Image size of job updated: 1044144
	589  -  MemoryUsage of job (MB)
	603032  -  ResidentSetSize of job (KB)
...
006 (15949295.960.000) 2026-02-16 05:11:53 Image size of job updated: 1044144
	594  -  MemoryUsage of job (MB)
	607520  -  ResidentSetSize of job (KB)
...
006 (15949295.960.000) 2026-02-16 05:16:53 Image size of job updated: 1044144
	594  -  MemoryUsage of job (MB)
	607776  -  ResidentSetSize of job (KB)
...
006 (15949295.960.000) 2026-02-16 05:21:53 Image size of job updated: 1044144
	594  -  MemoryUsage of job (MB)
	607900  -  ResidentSetSize of job (KB)
...
006 (15949295.960.000) 2026-02-16 05:31:54 Image size of job updated: 1044144
	607  -  MemoryUsage of job (MB)
	621416  -  ResidentSetSize of job (KB)
...
006 (15949295.960.000) 2026-02-16 05:36:54 Image size of job updated: 1044144
	608  -  MemoryUsage of job (MB)
	621836  -  ResidentSetSize of job (KB)
...
006 (15949295.960.000) 2026-02-16 05:41:55 Image size of job updated: 1044144
	660  -  MemoryUsage of job (MB)
	674948  -  ResidentSetSize of job (KB)
...
006 (15949295.960.000) 2026-02-16 05:46:55 Image size of job updated: 1044144
	662  -  MemoryUsage of job (MB)
	677340  -  ResidentSetSize of job (KB)
...
006 (15949295.960.000) 2026-02-16 05:51:55 Image size of job updated: 1044144
	685  -  MemoryUsage of job (MB)
	701352  -  ResidentSetSize of job (KB)
...
006 (15949295.960.000) 2026-02-16 05:56:56 Image size of job updated: 1044144
	694  -  MemoryUsage of job (MB)
	710340  -  ResidentSetSize of job (KB)
...
006 (15949295.960.000) 2026-02-16 06:06:56 Image size of job updated: 1044144
	706  -  MemoryUsage of job (MB)
	722244  -  ResidentSetSize of job (KB)
...
006 (15949295.960.000) 2026-02-16 07:37:07 Image size of job updated: 1044144
	710  -  MemoryUsage of job (MB)
	726216  -  ResidentSetSize of job (KB)
...
006 (15949295.960.000) 2026-02-16 07:57:09 Image size of job updated: 1044144
	722  -  MemoryUsage of job (MB)
	738796  -  ResidentSetSize of job (KB)
...
006 (15949295.960.000) 2026-02-16 08:12:11 Image size of job updated: 1044144
	890  -  MemoryUsage of job (MB)
	911120  -  ResidentSetSize of job (KB)
...
006 (15949295.960.000) 2026-02-16 08:17:11 Image size of job updated: 1044144
	917  -  MemoryUsage of job (MB)
	938912  -  ResidentSetSize of job (KB)
...
006 (15949295.960.000) 2026-02-16 09:17:17 Image size of job updated: 1044144
	928  -  MemoryUsage of job (MB)
	949708  -  ResidentSetSize of job (KB)
...
006 (15949295.960.000) 2026-02-16 10:07:21 Image size of job updated: 1044144
	941  -  MemoryUsage of job (MB)
	962816  -  ResidentSetSize of job (KB)
...
006 (15949295.960.000) 2026-02-16 15:32:55 Image size of job updated: 1044144
	942  -  MemoryUsage of job (MB)
	963868  -  ResidentSetSize of job (KB)
...
004 (15949295.960.000) 2026-02-16 17:16:26 Job was evicted.
	(0) CPU times
		Usr 1 03:08:21, Sys 0 06:13:36  -  Run Remote Usage
		Usr 0 00:00:00, Sys 0 00:00:00  -  Run Local Usage
	0  -  Run Bytes Sent By Job
	0  -  Run Bytes Received By Job
	Partitionable Resources :    Usage  Request Allocated 
	   Cpus                 :     0.99        8         8 
	   Disk (KB)            :     1     1024000   1025681 
	   GPUs                 :                           0 
	   Memory (MB)          :   942       16384     16384 
	   TimeExecute (s)      : 44387                       
	   TimeSlotBusy (s)     : 44389                       
...
009 (15949295.960.000) 2026-02-16 17:16:26 Job was aborted.
	via condor_rm (by user tuccia)
...
000 (16309093.180.000) 2026-02-18 10:41:48 Job submitted from host: <141.34.103.35:9618?addrs=141.34.103.35-9618+[2001-638-700-f067--1-23]-9618&alias=wgs39.zeuthen.desy.de&noUDP&sock=schedd_7302_24a3>
...
001 (16309093.180.000) 2026-02-18 10:42:04 Job executing on host: <141.34.14.71:9618?addrs=141.34.14.71-9618+[2001-638-700-f00e--1-47]-9618&alias=pascal01.zeuthen.desy.de&noUDP&sock=startd_165512_0b35>
	SlotName: slot1_5@pascal01.zeuthen.desy.de
	AvailableGPUs = {  }
	CondorScratchDir = "/batch/dir_3231552"
	Cpus = 1
	Disk = 1025109
	GPUs = 0
	Memory = 5120
...
006 (16309093.180.000) 2026-02-18 10:42:17 Image size of job updated: 107260
	105  -  MemoryUsage of job (MB)
	107260  -  ResidentSetSize of job (KB)
...
006 (16309093.180.000) 2026-02-18 10:47:17 Image size of job updated: 823604
	582  -  MemoryUsage of job (MB)
	595464  -  ResidentSetSize of job (KB)
...
006 (16309093.180.000) 2026-02-18 11:27:21 Image size of job updated: 823604
	582  -  MemoryUsage of job (MB)
	595616  -  ResidentSetSize of job (KB)
...
006 (16309093.180.000) 2026-02-18 11:32:21 Image size of job updated: 823604
	582  -  MemoryUsage of job (MB)
	595956  -  ResidentSetSize of job (KB)
...
006 (16309093.180.000) 2026-02-18 11:42:22 Image size of job updated: 823604
	584  -  MemoryUsage of job (MB)
	597912  -  ResidentSetSize of job (KB)
...
006 (16309093.180.000) 2026-02-18 11:47:23 Image size of job updated: 823604
	589  -  MemoryUsage of job (MB)
	602644  -  ResidentSetSize of job (KB)
...
006 (16309093.180.000) 2026-02-18 11:52:23 Image size of job updated: 823604
	589  -  MemoryUsage of job (MB)
	602736  -  ResidentSetSize of job (KB)
...
006 (16309093.180.000) 2026-02-18 11:57:24 Image size of job updated: 823604
	597  -  MemoryUsage of job (MB)
	610352  -  ResidentSetSize of job (KB)
...
006 (16309093.180.000) 2026-02-18 12:02:25 Image size of job updated: 823604
	597  -  MemoryUsage of job (MB)
	610472  -  ResidentSetSize of job (KB)
...
006 (16309093.180.000) 2026-02-18 12:17:27 Image size of job updated: 823604
	602  -  MemoryUsage of job (MB)
	615504  -  ResidentSetSize of job (KB)
...
006 (16309093.180.000) 2026-02-18 12:22:27 Image size of job updated: 823604
	602  -  MemoryUsage of job (MB)
	615956  -  ResidentSetSize of job (KB)
...
006 (16309093.180.000) 2026-02-18 12:27:27 Image size of job updated: 823604
	602  -  MemoryUsage of job (MB)
	616212  -  ResidentSetSize of job (KB)
...
006 (16309093.180.000) 2026-02-18 13:37:35 Image size of job updated: 823604
	603  -  MemoryUsage of job (MB)
	617092  -  ResidentSetSize of job (KB)
...
006 (16309093.180.000) 2026-02-18 13:42:35 Image size of job updated: 823604
	604  -  MemoryUsage of job (MB)
	617608  -  ResidentSetSize of job (KB)
...
006 (16309093.180.000) 2026-02-18 13:47:35 Image size of job updated: 823604
	604  -  MemoryUsage of job (MB)
	617796  -  ResidentSetSize of job (KB)
...
006 (16309093.180.000) 2026-02-18 15:57:48 Image size of job updated: 823604
	605  -  MemoryUsage of job (MB)
	619296  -  ResidentSetSize of job (KB)
...
006 (16309093.180.000) 2026-02-18 16:02:49 Image size of job updated: 823604
	605  -  MemoryUsage of job (MB)
	619360  -  ResidentSetSize of job (KB)
...
006 (16309093.180.000) 2026-02-18 16:07:49 Image size of job updated: 823604
	605  -  MemoryUsage of job (MB)
	619388  -  ResidentSetSize of job (KB)
...
006 (16309093.180.000) 2026-02-18 18:03:00 Image size of job updated: 823604
	607  -  MemoryUsage of job (MB)
	621140  -  ResidentSetSize of job (KB)
...
006 (16309093.180.000) 2026-02-18 18:08:01 Image size of job updated: 823604
	607  -  MemoryUsage of job (MB)
	621400  -  ResidentSetSize of job (KB)
...
006 (16309093.180.000) 2026-02-18 18:48:05 Image size of job updated: 823604
	607  -  MemoryUsage of job (MB)
	621456  -  ResidentSetSize of job (KB)
...
006 (16309093.180.000) 2026-02-18 18:53:05 Image size of job updated: 823604
	616  -  MemoryUsage of job (MB)
	630032  -  ResidentSetSize of job (KB)
...
006 (16309093.180.000) 2026-02-18 18:58:06 Image size of job updated: 823604
	616  -  MemoryUsage of job (MB)
	630536  -  ResidentSetSize of job (KB)
...
006 (16309093.180.000) 2026-02-18 19:03:06 Image size of job updated: 823604
	617  -  MemoryUsage of job (MB)
	630808  -  ResidentSetSize of job (KB)
...
006 (16309093.180.000) 2026-02-18 19:08:06 Image size of job updated: 823604
	617  -  MemoryUsage of job (MB)
	630840  -  ResidentSetSize of job (KB)
...
006 (16309093.180.000) 2026-02-18 20:58:18 Image size of job updated: 823604
	621  -  MemoryUsage of job (MB)
	635888  -  ResidentSetSize of job (KB)
...
006 (16309093.180.000) 2026-02-18 21:03:19 Image size of job updated: 823604
	622  -  MemoryUsage of job (MB)
	636120  -  ResidentSetSize of job (KB)
...
006 (16309093.180.000) 2026-02-18 21:08:20 Image size of job updated: 823604
	622  -  MemoryUsage of job (MB)
	636196  -  ResidentSetSize of job (KB)
...
006 (16309093.180.000) 2026-02-19 06:49:17 Image size of job updated: 823604
	623  -  MemoryUsage of job (MB)
	637660  -  ResidentSetSize of job (KB)
...
006 (16309093.180.000) 2026-02-19 06:54:18 Image size of job updated: 823604
	623  -  MemoryUsage of job (MB)
	637768  -  ResidentSetSize of job (KB)
...
006 (16309093.180.000) 2026-02-19 11:14:43 Image size of job updated: 823604
	652  -  MemoryUsage of job (MB)
	667288  -  ResidentSetSize of job (KB)
...
006 (16309093.180.000) 2026-02-19 11:19:43 Image size of job updated: 823604
	652  -  MemoryUsage of job (MB)
	667368  -  ResidentSetSize of job (KB)
...
006 (16309093.180.000) 2026-02-19 11:24:44 Image size of job updated: 823604
	652  -  MemoryUsage of job (MB)
	667480  -  ResidentSetSize of job (KB)
...
006 (16309093.180.000) 2026-02-19 11:54:47 Image size of job updated: 823604
	653  -  MemoryUsage of job (MB)
	667964  -  ResidentSetSize of job (KB)
...
006 (16309093.180.000) 2026-02-19 11:59:47 Image size of job updated: 823604
	653  -  MemoryUsage of job (MB)
	668160  -  ResidentSetSize of job (KB)
...
006 (16309093.180.000) 2026-02-19 12:04:47 Image size of job updated: 823604
	653  -  MemoryUsage of job (MB)
	668256  -  ResidentSetSize of job (KB)
...
022 (16309093.180.000) 2026-02-20 03:44:36 Job disconnected, attempting to reconnect
    Local schedd and job shadow died, schedd now running again
    Trying to reconnect to slot1_5@pascal01.zeuthen.desy.de <141.34.14.71:9618?addrs=141.34.14.71-9618+[2001-638-700-f00e--1-47]-9618&alias=pascal01.zeuthen.desy.de&noUDP&sock=startd_165512_0b35>
...
023 (16309093.180.000) 2026-02-20 03:44:44 Job reconnected to slot1_5@pascal01.zeuthen.desy.de
    startd address: <141.34.14.71:9618?addrs=141.34.14.71-9618+[2001-638-700-f00e--1-47]-9618&alias=pascal01.zeuthen.desy.de&noUDP&sock=startd_165512_0b35>
    starter address: <141.34.14.71:9618?addrs=141.34.14.71-9618+[2001-638-700-f00e--1-47]-9618&alias=pascal01.zeuthen.desy.de&noUDP&sock=slot1_5_165555_3965_16410>
...
021 (16309093.180.000) 2026-02-20 10:42:06 Error from starter on slot1_5@pascal01.zeuthen.desy.de:
	runtime exceeded maximum (target.Runtime seconds)
	Code 21 Subcode 103
...
004 (16309093.180.000) 2026-02-20 10:42:06 Job was evicted.
	(0) CPU times
		Usr 1 23:44:06, Sys 0 00:04:23  -  Run Remote Usage
		Usr 0 00:00:00, Sys 0 00:00:00  -  Run Local Usage
	0  -  Run Bytes Sent By Job
	0  -  Run Bytes Received By Job
	Error from slot1_5@pascal01.zeuthen.desy.de: runtime exceeded maximum (target.Runtime seconds)
	Partitionable Resources :         Usage  Request Allocated 
	   Cpus                 :          1.00        1         1 
	   Disk (KB)            :          1     1024000   1025109 
	   Memory (MB)          :        733        5120      5120 
	   TimeSlotBusy (s)     : 1771580526                       
...
012 (16309093.180.000) 2026-02-20 10:42:06 Job was held.
	Error from slot1_5@pascal01.zeuthen.desy.de: runtime exceeded maximum (target.Runtime seconds)
	Code 21 Subcode 103
...
009 (16309093.180.000) 2026-02-23 19:28:58 Job was aborted.
	via condor_rm (by user tuccia)
...
000 (16619873.180.000) 2026-02-23 19:31:49 Job submitted from host: <141.34.103.35:9618?addrs=141.34.103.35-9618+[2001-638-700-f067--1-23]-9618&alias=wgs39.zeuthen.desy.de&noUDP&sock=schedd_7302_24a3>
...
001 (16619873.180.000) 2026-02-23 19:31:50 Job executing on host: <141.34.15.53:9618?addrs=141.34.15.53-9618+[2001-638-700-f00f--1-35]-9618&alias=pizza24.zeuthen.desy.de&noUDP&sock=startd_9259_7b7b>
	SlotName: slot1_10@pizza24.zeuthen.desy.de
	CondorScratchDir = "/batch/dir_1485738"
	Cpus = 1
	Disk = 1025696
	GPUs = 0
	Memory = 5120
...
006 (16619873.180.000) 2026-02-23 19:32:04 Image size of job updated: 109328
	107  -  MemoryUsage of job (MB)
	109328  -  ResidentSetSize of job (KB)
...
006 (16619873.180.000) 2026-02-23 19:37:05 Image size of job updated: 597844
	584  -  MemoryUsage of job (MB)
	597844  -  ResidentSetSize of job (KB)
...
006 (16619873.180.000) 2026-02-23 19:42:05 Image size of job updated: 597848
	584  -  MemoryUsage of job (MB)
	597844  -  ResidentSetSize of job (KB)
...
006 (16619873.180.000) 2026-02-23 19:52:06 Image size of job updated: 621984
	608  -  MemoryUsage of job (MB)
	621984  -  ResidentSetSize of job (KB)
...
006 (16619873.180.000) 2026-02-23 20:02:06 Image size of job updated: 623352
	609  -  MemoryUsage of job (MB)
	623352  -  ResidentSetSize of job (KB)
...
006 (16619873.180.000) 2026-02-23 20:07:07 Image size of job updated: 629220
	615  -  MemoryUsage of job (MB)
	629220  -  ResidentSetSize of job (KB)
...
006 (16619873.180.000) 2026-02-23 20:12:08 Image size of job updated: 630328
	616  -  MemoryUsage of job (MB)
	630328  -  ResidentSetSize of job (KB)
...
006 (16619873.180.000) 2026-02-23 20:17:08 Image size of job updated: 630716
	616  -  MemoryUsage of job (MB)
	630716  -  ResidentSetSize of job (KB)
...
006 (16619873.180.000) 2026-02-23 20:22:09 Image size of job updated: 630744
	616  -  MemoryUsage of job (MB)
	630744  -  ResidentSetSize of job (KB)
...
006 (16619873.180.000) 2026-02-23 20:32:10 Image size of job updated: 634140
	620  -  MemoryUsage of job (MB)
	634140  -  ResidentSetSize of job (KB)
...
006 (16619873.180.000) 2026-02-23 20:37:11 Image size of job updated: 634564
	620  -  MemoryUsage of job (MB)
	634564  -  ResidentSetSize of job (KB)
...
006 (16619873.180.000) 2026-02-23 20:42:12 Image size of job updated: 634872
	620  -  MemoryUsage of job (MB)
	634872  -  ResidentSetSize of job (KB)
...
006 (16619873.180.000) 2026-02-23 22:12:20 Image size of job updated: 635832
	621  -  MemoryUsage of job (MB)
	635832  -  ResidentSetSize of job (KB)
...
006 (16619873.180.000) 2026-02-23 22:27:21 Image size of job updated: 636188
	622  -  MemoryUsage of job (MB)
	636188  -  ResidentSetSize of job (KB)
...
006 (16619873.180.000) 2026-02-23 22:32:22 Image size of job updated: 636352
	622  -  MemoryUsage of job (MB)
	636352  -  ResidentSetSize of job (KB)
...
006 (16619873.180.000) 2026-02-23 23:42:30 Image size of job updated: 636996
	623  -  MemoryUsage of job (MB)
	636996  -  ResidentSetSize of job (KB)
...
006 (16619873.180.000) 2026-02-23 23:47:30 Image size of job updated: 637124
	623  -  MemoryUsage of job (MB)
	637124  -  ResidentSetSize of job (KB)
...
006 (16619873.180.000) 2026-02-24 01:27:41 Image size of job updated: 638748
	624  -  MemoryUsage of job (MB)
	638748  -  ResidentSetSize of job (KB)
...
006 (16619873.180.000) 2026-02-24 01:32:41 Image size of job updated: 639000
	625  -  MemoryUsage of job (MB)
	639000  -  ResidentSetSize of job (KB)
...
006 (16619873.180.000) 2026-02-24 03:07:50 Image size of job updated: 645468
	631  -  MemoryUsage of job (MB)
	645468  -  ResidentSetSize of job (KB)
...
006 (16619873.180.000) 2026-02-24 03:12:50 Image size of job updated: 645984
	631  -  MemoryUsage of job (MB)
	645984  -  ResidentSetSize of job (KB)
...
022 (16619873.180.000) 2026-02-24 08:04:13 Job disconnected, attempting to reconnect
    Local schedd and job shadow died, schedd now running again
    Trying to reconnect to slot1_10@pizza24.zeuthen.desy.de <141.34.15.53:9618?addrs=141.34.15.53-9618+[2001-638-700-f00f--1-35]-9618&alias=pizza24.zeuthen.desy.de&noUDP&sock=startd_9259_7b7b>
...
023 (16619873.180.000) 2026-02-24 08:04:23 Job reconnected to slot1_10@pizza24.zeuthen.desy.de
    startd address: <141.34.15.53:9618?addrs=141.34.15.53-9618+[2001-638-700-f00f--1-35]-9618&alias=pizza24.zeuthen.desy.de&noUDP&sock=startd_9259_7b7b>
    starter address: <141.34.15.53:9618?addrs=141.34.15.53-9618+[2001-638-700-f00f--1-35]-9618&alias=pizza24.zeuthen.desy.de&noUDP&sock=slot1_10_9847_da2a_7004>
...
005 (16619873.180.000) 2026-02-27 15:21:24 Job terminated.
	(1) Normal termination (return value 0)
		Usr 3 18:59:56, Sys 0 00:00:19  -  Run Remote Usage
		Usr 0 00:00:00, Sys 0 00:00:00  -  Run Local Usage
		Usr 4 07:06:22, Sys 0 00:00:21  -  Total Remote Usage
		Usr 0 00:00:00, Sys 0 00:00:00  -  Total Local Usage
	0  -  Run Bytes Sent By Job
	0  -  Run Bytes Received By Job
	0  -  Total Bytes Sent By Job
	0  -  Total Bytes Received By Job
	Partitionable Resources :         Usage  Request Allocated 
	   Cpus                 :          1.00        1         1 
	   Disk (KB)            :          1     1024000   1025696 
	   Memory (MB)          :        733        5120      5120 
	   TimeExecute (s)      : 1772202084                       
	   TimeSlotBusy (s)     : 1772202084                       

	Job terminated of its own accord at 2026-02-27T14:21:24Z with exit-code 0.
...
