~~~~~~~~~~~~~~~~~~~~~~~~~~~~~~

n_qubits: 150, 
r: 2, 
alpha: 0.01, 
shots: 10000, 
ansatz: linear_cnot, 
layer: 1, 
tau: 0.3

time for simulated annealing:  149.35294103622437
Rank 1: Bitstring=001001011001111000011000100010101010010110101010011001110100100010011101011000110010100010000110101010100110111111010010111100000000010111110111000000, Decimal=209724916148326467578324592125829337571229120, Energy=-126.9125
Rank 2: Bitstring=001001010001111000011000100010101010010110001010011001110100100010011111011000110010100010000110101010100110111111010010101100000000010111010011000000, Decimal=206937322998347880409407876888164028691608768, Energy=-126.8815
Rank 3: Bitstring=001001010001111000011000100010101010010110001010011001110100100010011101011000110010100010000110101010100110111111010010101100000000010111110111000000, Decimal=206937322998347880408803413978356714104257984, Energy=-126.8653
Rank 4: Bitstring=001001011001111000011010100010101011010110101010011001110100100010011101011000110010100010000111101010000110111111010010111101000100010111110111000000, Decimal=209725086310279115481695634345128699811167680, Energy=-126.7713
Rank 5: Bitstring=001001011001111000011000100010101010010110101010011001110100100010011101010000110010100010000110101010100110111111010011111100000000011111110111000000, Decimal=209724916148326467578286813193966381483294144, Energy=-126.6687
Rank 6: Bitstring=001001010001111000011000100010101011010110001010011001110100100010011111011000110010100010000111101010000110111111010010101101000100010111010011000000, Decimal=206937323019117067843547187420159675047441600, Energy=-126.6469
Rank 7: Bitstring=001001011001111001011000101010101010010110100010011001110100100010011101011000110010100010000110101010100110111111010010111100000000010111110111000000, Decimal=209730371299980604053859686009156833602796992, Energy=-126.6415
Rank 8: Bitstring=001001010001111000011000100010101010010110001010011001110100100010011111010000110010100010000110101010100110111111010011101100000000011111010011000000, Decimal=206937322998347880409370097956301072603673792, Energy=-126.6377
Rank 9: Bitstring=001001010001111000011000100010101011010110001010011001110100100010011101011000110010100010000111101010000110111111010010101101000100010111110111000000, Decimal=206937323019117067842942724510352360460090816, Energy=-126.6307
Rank 10: Bitstring=001001010001111000011000100010101010010110001010011001110100100010011101010000110010100010000110101010100110111111010011101100000000011111110111000000, Decimal=206937322998347880408765635046493758016323008, Energy=-126.6215

E_min from simulated annealing:  -126.9125
Minimum energy: -126.9125
States with energy within 1e-08 of minimum: [209724916148326467578324592125829337571229120]
4


################## Start optimization with initial parameters: [0. 0. 0. 0. 0. 0. 0. 0. 0. 0. 0. 0. 0. 0. 0. 0. 0. 0. 0. 0. 0. 0. 0. 0.
 0. 0. 0. 0. 0. 0. 0. 0. 0. 0. 0. 0. 0. 0. 0. 0. 0. 0. 0. 0. 0. 0. 0. 0.
 0. 0. 0. 0. 0. 0. 0. 0. 0. 0. 0. 0. 0. 0. 0. 0. 0. 0. 0. 0. 0. 0. 0. 0.
 0. 0. 0. 0. 0. 0. 0. 0. 0. 0. 0. 0. 0. 0. 0. 0. 0. 0. 0. 0. 0. 0. 0. 0.
 0. 0. 0. 0. 0. 0. 0. 0. 0. 0. 0. 0. 0. 0. 0. 0. 0. 0. 0. 0. 0. 0. 0. 0.
 0. 0. 0. 0. 0. 0. 0. 0. 0. 0. 0. 0. 0. 0. 0. 0. 0. 0. 0. 0. 0. 0. 0. 0.
 0. 0. 0. 0. 0. 0. 0. 0. 0. 0. 0. 0. 0. 0. 0. 0. 0. 0. 0. 0. 0. 0. 0. 0.
 0. 0. 0. 0. 0. 0. 0. 0. 0. 0. 0. 0. 0. 0. 0. 0. 0. 0. 0. 0. 0. 0. 0. 0.
 0. 0. 0. 0. 0. 0. 0. 0. 0. 0. 0. 0. 0. 0. 0. 0. 0. 0. 0. 0. 0. 0. 0. 0.
 0. 0. 0. 0. 0. 0. 0. 0. 0. 0. 0. 0. 0. 0. 0. 0. 0. 0. 0. 0. 0. 0. 0. 0.
 0. 0. 0. 0. 0. 0. 0. 0. 0. 0. 0. 0. 0. 0. 0. 0. 0. 0. 0. 0. 0. 0. 0. 0.
 0. 0. 0. 0. 0. 0. 0. 0. 0. 0. 0. 0. 0. 0. 0. 0. 0. 0. 0. 0. 0. 0. 0. 0.
 0. 0. 0. 0. 0. 0. 0. 0. 0. 0. 0. 0. 0. 0. 0. 0. 0. 0. 0. 0. 0. 0. 0. 0.
 0. 0. 0. 0. 0. 0. 0. 0. 0. 0. 0. 0. 0. 0. 0. 0. 0. 0. 0. 0. 0. 0. 0. 0.
 0. 0. 0. 0. 0. 0. 0. 0. 0. 0. 0. 0. 0. 0. 0. 0. 0. 0. 0. 0. 0. 0. 0. 0.
 0. 0. 0. 0. 0. 0. 0. 0. 0. 0. 0. 0. 0. 0. 0. 0. 0. 0. 0. 0. 0. 0. 0. 0.
 0. 0. 0. 0. 0. 0. 0. 0. 0. 0. 0. 0. 0. 0. 0. 0. 0. 0. 0. 0. 0. 0. 0. 0.
 0. 0. 0. 0. 0. 0. 0. 0. 0. 0. 0. 0. 0. 0. 0. 0. 0. 0. 0. 0. 0. 0. 0. 0.
 0. 0. 0. 0. 0. 0. 0. 0. 0. 0. 0. 0. 0. 0. 0. 0. 0. 0. 0. 0. 0. 0. 0. 0.
 0. 0. 0. 0. 0. 0. 0. 0. 0. 0. 0. 0. 0. 0. 0. 0. 0. 0. 0. 0. 0. 0. 0. 0.
 0. 0. 0. 0. 0. 0. 0. 0. 0. 0. 0. 0. 0. 0. 0. 0. 0. 0. 0. 0. 0. 0. 0. 0.
 0. 0. 0. 0. 0. 0. 0. 0. 0. 0. 0. 0. 0. 0. 0. 0. 0. 0. 0. 0. 0. 0. 0. 0.
 0. 0. 0. 0. 0. 0. 0. 0. 0. 0. 0. 0. 0. 0. 0. 0. 0. 0. 0. 0. 0. 0. 0. 0.
 0. 0. 0. 0. 0. 0. 0. 0. 0. 0. 0. 0. 0. 0. 0. 0. 0. 0. 0. 0. 0. 0. 0. 0.
 0. 0. 0. 0. 0. 0. 0. 0. 0. 0. 0. 0. 0. 0. 0. 0. 0. 0. 0. 0. 0. 0. 0. 0.]
Write sucessfully to ./data/data_shots_10000_layer_1/alpha_0.01/N_150/r_2/ansatz_type_linear_cnot/initialization_zeros

vqe.cvar_eval[0]: -29.256808000000028 , min_cvar: -47.131210000000024 , opt_cvar: -47.131210000000024

vqe.poss_eval[-1]: 0 vqe.poss_eval[0] 0  , max_poss: 0 , opt_poss: 0

vqe.r_eval[-1]: 0.3611482241701966 vqe.r_eval[0]: 0.2305273948586627 max_r: 0.3713677533733874 , min_r: 0.22050644341573925
