000 (15756408.1393.000) 2026-02-06 11:27:01 Job submitted from host: <141.34.103.35:9618?addrs=141.34.103.35-9618+[2001-638-700-f067--1-23]-9618&alias=wgs39.zeuthen.desy.de&noUDP&sock=schedd_7414_f73f>
...
009 (15756408.1393.000) 2026-02-10 11:47:48 Job was aborted.
	via condor_rm (by user tuccia)
...
000 (15951004.929.000) 2026-02-10 16:30:11 Job submitted from host: <141.34.103.35:9618?addrs=141.34.103.35-9618+[2001-638-700-f067--1-23]-9618&alias=wgs39.zeuthen.desy.de&noUDP&sock=schedd_7302_24a3>
...
001 (15951004.929.000) 2026-02-11 04:13:36 Job executing on host: <141.34.103.52:9618?addrs=141.34.103.52-9618+[2001-638-700-f067--1-34]-9618&alias=wgs42.zeuthen.desy.de&noUDP&sock=startd_9894_0a1e>
	SlotName: slot1_18@wgs42.zeuthen.desy.de
	CondorScratchDir = "/batch/dir_1674414"
	Cpus = 1
	Disk = 1025025
	GPUs = 0
	Memory = 5120
...
006 (15951004.929.000) 2026-02-11 04:13:49 Image size of job updated: 109352
	107  -  MemoryUsage of job (MB)
	109352  -  ResidentSetSize of job (KB)
...
006 (15951004.929.000) 2026-02-11 04:18:49 Image size of job updated: 1049632
	610  -  MemoryUsage of job (MB)
	624084  -  ResidentSetSize of job (KB)
...
006 (15951004.929.000) 2026-02-11 04:23:50 Image size of job updated: 1049632
	620  -  MemoryUsage of job (MB)
	634280  -  ResidentSetSize of job (KB)
...
006 (15951004.929.000) 2026-02-11 04:28:50 Image size of job updated: 1049632
	777  -  MemoryUsage of job (MB)
	795184  -  ResidentSetSize of job (KB)
...
006 (15951004.929.000) 2026-02-11 04:33:51 Image size of job updated: 1049632
	777  -  MemoryUsage of job (MB)
	795388  -  ResidentSetSize of job (KB)
...
006 (15951004.929.000) 2026-02-11 04:38:52 Image size of job updated: 1049632
	777  -  MemoryUsage of job (MB)
	795568  -  ResidentSetSize of job (KB)
...
006 (15951004.929.000) 2026-02-11 04:43:52 Image size of job updated: 1049632
	778  -  MemoryUsage of job (MB)
	795768  -  ResidentSetSize of job (KB)
...
006 (15951004.929.000) 2026-02-11 04:48:53 Image size of job updated: 1049632
	778  -  MemoryUsage of job (MB)
	795956  -  ResidentSetSize of job (KB)
...
006 (15951004.929.000) 2026-02-11 04:53:54 Image size of job updated: 1049632
	779  -  MemoryUsage of job (MB)
	797048  -  ResidentSetSize of job (KB)
...
006 (15951004.929.000) 2026-02-11 04:58:54 Image size of job updated: 1049632
	779  -  MemoryUsage of job (MB)
	797456  -  ResidentSetSize of job (KB)
...
006 (15951004.929.000) 2026-02-11 05:03:55 Image size of job updated: 1049632
	780  -  MemoryUsage of job (MB)
	797748  -  ResidentSetSize of job (KB)
...
006 (15951004.929.000) 2026-02-11 05:08:55 Image size of job updated: 1049632
	780  -  MemoryUsage of job (MB)
	797948  -  ResidentSetSize of job (KB)
...
006 (15951004.929.000) 2026-02-11 05:13:55 Image size of job updated: 1049632
	780  -  MemoryUsage of job (MB)
	798124  -  ResidentSetSize of job (KB)
...
006 (15951004.929.000) 2026-02-11 05:18:56 Image size of job updated: 1049632
	780  -  MemoryUsage of job (MB)
	798300  -  ResidentSetSize of job (KB)
...
006 (15951004.929.000) 2026-02-11 05:23:56 Image size of job updated: 1049632
	780  -  MemoryUsage of job (MB)
	798492  -  ResidentSetSize of job (KB)
...
006 (15951004.929.000) 2026-02-11 05:28:56 Image size of job updated: 1049632
	780  -  MemoryUsage of job (MB)
	798676  -  ResidentSetSize of job (KB)
...
006 (15951004.929.000) 2026-02-11 05:33:57 Image size of job updated: 1049632
	781  -  MemoryUsage of job (MB)
	798872  -  ResidentSetSize of job (KB)
...
006 (15951004.929.000) 2026-02-11 05:38:57 Image size of job updated: 1049632
	781  -  MemoryUsage of job (MB)
	799072  -  ResidentSetSize of job (KB)
...
006 (15951004.929.000) 2026-02-11 05:43:58 Image size of job updated: 1049632
	781  -  MemoryUsage of job (MB)
	799264  -  ResidentSetSize of job (KB)
...
006 (15951004.929.000) 2026-02-11 05:48:59 Image size of job updated: 1049632
	781  -  MemoryUsage of job (MB)
	799436  -  ResidentSetSize of job (KB)
...
006 (15951004.929.000) 2026-02-11 05:53:59 Image size of job updated: 1049632
	802  -  MemoryUsage of job (MB)
	820296  -  ResidentSetSize of job (KB)
...
006 (15951004.929.000) 2026-02-11 07:29:09 Image size of job updated: 1049632
	804  -  MemoryUsage of job (MB)
	822340  -  ResidentSetSize of job (KB)
...
006 (15951004.929.000) 2026-02-11 07:34:10 Image size of job updated: 1049632
	804  -  MemoryUsage of job (MB)
	822460  -  ResidentSetSize of job (KB)
...
006 (15951004.929.000) 2026-02-11 09:19:21 Image size of job updated: 1049632
	804  -  MemoryUsage of job (MB)
	822820  -  ResidentSetSize of job (KB)
...
006 (15951004.929.000) 2026-02-11 10:59:31 Image size of job updated: 1049632
	804  -  MemoryUsage of job (MB)
	822868  -  ResidentSetSize of job (KB)
...
006 (15951004.929.000) 2026-02-11 11:04:32 Image size of job updated: 1049632
	804  -  MemoryUsage of job (MB)
	823228  -  ResidentSetSize of job (KB)
...
004 (15951004.929.000) 2026-02-11 11:12:01 Job was evicted.
	(0) CPU times
		Usr 0 06:54:04, Sys 0 00:00:04  -  Run Remote Usage
		Usr 0 00:00:00, Sys 0 00:00:00  -  Run Local Usage
	0  -  Run Bytes Sent By Job
	0  -  Run Bytes Received By Job
	Partitionable Resources :    Usage  Request Allocated 
	   Cpus                 :     0.99        1         1 
	   Disk (KB)            :     1     1024000   1025025 
	   GPUs                 :                           0 
	   Memory (MB)          :   804        5120      5120 
	   TimeExecute (s)      : 25103                       
	   TimeSlotBusy (s)     : 25105                       
...
009 (15951004.929.000) 2026-02-11 11:12:01 Job was aborted.
	via condor_rm (by user tuccia)
...
000 (15988842.929.000) 2026-02-11 11:12:47 Job submitted from host: <141.34.103.35:9618?addrs=141.34.103.35-9618+[2001-638-700-f067--1-23]-9618&alias=wgs39.zeuthen.desy.de&noUDP&sock=schedd_7302_24a3>
...
001 (15988842.929.000) 2026-02-11 13:25:23 Job executing on host: <141.34.15.179:9618?addrs=141.34.15.179-9618+[2001-638-700-f00f--1-b3]-9618&alias=genoa04.zeuthen.desy.de&noUDP&sock=startd_11819_6dee>
	SlotName: slot1_33@genoa04.zeuthen.desy.de
	CondorScratchDir = "/batch/dir_1959688"
	Cpus = 1
	Disk = 1025697
	GPUs = 0
	Memory = 5120
...
006 (15988842.929.000) 2026-02-11 13:25:36 Image size of job updated: 107368
	105  -  MemoryUsage of job (MB)
	107368  -  ResidentSetSize of job (KB)
...
006 (15988842.929.000) 2026-02-11 13:30:36 Image size of job updated: 942904
	618  -  MemoryUsage of job (MB)
	632740  -  ResidentSetSize of job (KB)
...
006 (15988842.929.000) 2026-02-11 13:35:37 Image size of job updated: 942904
	779  -  MemoryUsage of job (MB)
	797320  -  ResidentSetSize of job (KB)
...
006 (15988842.929.000) 2026-02-11 13:40:37 Image size of job updated: 942904
	779  -  MemoryUsage of job (MB)
	797480  -  ResidentSetSize of job (KB)
...
006 (15988842.929.000) 2026-02-11 13:45:37 Image size of job updated: 942904
	779  -  MemoryUsage of job (MB)
	797656  -  ResidentSetSize of job (KB)
...
006 (15988842.929.000) 2026-02-11 13:50:38 Image size of job updated: 942904
	780  -  MemoryUsage of job (MB)
	797812  -  ResidentSetSize of job (KB)
...
006 (15988842.929.000) 2026-02-11 13:55:38 Image size of job updated: 942904
	780  -  MemoryUsage of job (MB)
	797980  -  ResidentSetSize of job (KB)
...
006 (15988842.929.000) 2026-02-11 14:00:39 Image size of job updated: 942904
	780  -  MemoryUsage of job (MB)
	798160  -  ResidentSetSize of job (KB)
...
006 (15988842.929.000) 2026-02-11 14:05:40 Image size of job updated: 942904
	780  -  MemoryUsage of job (MB)
	798324  -  ResidentSetSize of job (KB)
...
006 (15988842.929.000) 2026-02-11 14:10:40 Image size of job updated: 942904
	780  -  MemoryUsage of job (MB)
	798520  -  ResidentSetSize of job (KB)
...
006 (15988842.929.000) 2026-02-11 14:15:41 Image size of job updated: 942904
	780  -  MemoryUsage of job (MB)
	798696  -  ResidentSetSize of job (KB)
...
006 (15988842.929.000) 2026-02-11 14:20:41 Image size of job updated: 942904
	781  -  MemoryUsage of job (MB)
	798888  -  ResidentSetSize of job (KB)
...
006 (15988842.929.000) 2026-02-11 14:25:42 Image size of job updated: 942904
	781  -  MemoryUsage of job (MB)
	799080  -  ResidentSetSize of job (KB)
...
006 (15988842.929.000) 2026-02-11 14:30:42 Image size of job updated: 942904
	781  -  MemoryUsage of job (MB)
	799284  -  ResidentSetSize of job (KB)
...
006 (15988842.929.000) 2026-02-11 14:35:43 Image size of job updated: 942904
	781  -  MemoryUsage of job (MB)
	799444  -  ResidentSetSize of job (KB)
...
006 (15988842.929.000) 2026-02-11 14:40:43 Image size of job updated: 942904
	781  -  MemoryUsage of job (MB)
	799620  -  ResidentSetSize of job (KB)
...
006 (15988842.929.000) 2026-02-11 14:45:44 Image size of job updated: 942904
	782  -  MemoryUsage of job (MB)
	799788  -  ResidentSetSize of job (KB)
...
006 (15988842.929.000) 2026-02-11 14:50:44 Image size of job updated: 942904
	782  -  MemoryUsage of job (MB)
	799968  -  ResidentSetSize of job (KB)
...
006 (15988842.929.000) 2026-02-11 14:55:45 Image size of job updated: 942904
	782  -  MemoryUsage of job (MB)
	800148  -  ResidentSetSize of job (KB)
...
006 (15988842.929.000) 2026-02-11 15:00:45 Image size of job updated: 942904
	782  -  MemoryUsage of job (MB)
	800312  -  ResidentSetSize of job (KB)
...
006 (15988842.929.000) 2026-02-11 15:05:46 Image size of job updated: 942904
	782  -  MemoryUsage of job (MB)
	800496  -  ResidentSetSize of job (KB)
...
006 (15988842.929.000) 2026-02-11 15:10:46 Image size of job updated: 942904
	802  -  MemoryUsage of job (MB)
	820236  -  ResidentSetSize of job (KB)
...
006 (15988842.929.000) 2026-02-11 16:40:55 Image size of job updated: 942904
	802  -  MemoryUsage of job (MB)
	820376  -  ResidentSetSize of job (KB)
...
006 (15988842.929.000) 2026-02-11 18:06:03 Image size of job updated: 942904
	802  -  MemoryUsage of job (MB)
	820384  -  ResidentSetSize of job (KB)
...
006 (15988842.929.000) 2026-02-11 18:11:04 Image size of job updated: 942904
	802  -  MemoryUsage of job (MB)
	820852  -  ResidentSetSize of job (KB)
...
006 (15988842.929.000) 2026-02-11 19:41:12 Image size of job updated: 942904
	802  -  MemoryUsage of job (MB)
	820976  -  ResidentSetSize of job (KB)
...
006 (15988842.929.000) 2026-02-11 21:06:21 Image size of job updated: 942904
	803  -  MemoryUsage of job (MB)
	821376  -  ResidentSetSize of job (KB)
...
006 (15988842.929.000) 2026-02-11 22:31:30 Image size of job updated: 942904
	803  -  MemoryUsage of job (MB)
	821488  -  ResidentSetSize of job (KB)
...
006 (15988842.929.000) 2026-02-12 00:01:39 Image size of job updated: 942904
	803  -  MemoryUsage of job (MB)
	821852  -  ResidentSetSize of job (KB)
...
