000 (15756407.1225.000) 2026-02-06 11:26:13 Job submitted from host: <141.34.103.35:9618?addrs=141.34.103.35-9618+[2001-638-700-f067--1-23]-9618&alias=wgs39.zeuthen.desy.de&noUDP&sock=schedd_7414_f73f>
...
009 (15756407.1225.000) 2026-02-10 11:42:44 Job was aborted.
	via condor_rm (by user tuccia)
...
000 (15949294.817.000) 2026-02-10 11:45:21 Job submitted from host: <141.34.103.35:9618?addrs=141.34.103.35-9618+[2001-638-700-f067--1-23]-9618&alias=wgs39.zeuthen.desy.de&noUDP&sock=schedd_7302_24a3>
...
009 (15949294.817.000) 2026-02-10 11:45:47 Job was aborted.
	via condor_rm (by user tuccia)
...
000 (15949295.817.000) 2026-02-10 11:46:05 Job submitted from host: <141.34.103.35:9618?addrs=141.34.103.35-9618+[2001-638-700-f067--1-23]-9618&alias=wgs39.zeuthen.desy.de&noUDP&sock=schedd_7302_24a3>
...
001 (15949295.817.000) 2026-02-14 14:46:35 Job executing on host: <141.34.15.47:9618?addrs=141.34.15.47-9618+[2001-638-700-f00f--1-2f]-9618&alias=pizza18.zeuthen.desy.de&noUDP&sock=startd_8216_1233>
	SlotName: slot1_8@pizza18.zeuthen.desy.de
	CondorScratchDir = "/batch/dir_3314222"
	Cpus = 8
	Disk = 1025696
	GPUs = 0
	Memory = 16384
...
006 (15949295.817.000) 2026-02-14 14:46:49 Image size of job updated: 109416
	107  -  MemoryUsage of job (MB)
	109416  -  ResidentSetSize of job (KB)
...
006 (15949295.817.000) 2026-02-14 14:51:50 Image size of job updated: 806624
	733  -  MemoryUsage of job (MB)
	750252  -  ResidentSetSize of job (KB)
...
006 (15949295.817.000) 2026-02-14 15:06:52 Image size of job updated: 806624
	733  -  MemoryUsage of job (MB)
	750332  -  ResidentSetSize of job (KB)
...
006 (15949295.817.000) 2026-02-14 15:11:53 Image size of job updated: 806624
	736  -  MemoryUsage of job (MB)
	752920  -  ResidentSetSize of job (KB)
...
006 (15949295.817.000) 2026-02-14 15:16:53 Image size of job updated: 806624
	736  -  MemoryUsage of job (MB)
	752924  -  ResidentSetSize of job (KB)
...
006 (15949295.817.000) 2026-02-14 15:46:57 Image size of job updated: 806624
	737  -  MemoryUsage of job (MB)
	754592  -  ResidentSetSize of job (KB)
...
006 (15949295.817.000) 2026-02-14 15:51:58 Image size of job updated: 806624
	739  -  MemoryUsage of job (MB)
	756136  -  ResidentSetSize of job (KB)
...
006 (15949295.817.000) 2026-02-14 15:56:59 Image size of job updated: 806624
	751  -  MemoryUsage of job (MB)
	768792  -  ResidentSetSize of job (KB)
...
006 (15949295.817.000) 2026-02-14 16:57:07 Image size of job updated: 806624
	753  -  MemoryUsage of job (MB)
	770068  -  ResidentSetSize of job (KB)
...
006 (15949295.817.000) 2026-02-14 17:22:10 Image size of job updated: 806624
	759  -  MemoryUsage of job (MB)
	776584  -  ResidentSetSize of job (KB)
...
006 (15949295.817.000) 2026-02-14 17:42:13 Image size of job updated: 806624
	760  -  MemoryUsage of job (MB)
	778000  -  ResidentSetSize of job (KB)
...
006 (15949295.817.000) 2026-02-14 18:17:17 Image size of job updated: 806624
	773  -  MemoryUsage of job (MB)
	791536  -  ResidentSetSize of job (KB)
...
006 (15949295.817.000) 2026-02-14 18:22:18 Image size of job updated: 806624
	775  -  MemoryUsage of job (MB)
	793032  -  ResidentSetSize of job (KB)
...
006 (15949295.817.000) 2026-02-14 18:27:19 Image size of job updated: 806624
	782  -  MemoryUsage of job (MB)
	799936  -  ResidentSetSize of job (KB)
...
006 (15949295.817.000) 2026-02-14 18:32:19 Image size of job updated: 806624
	782  -  MemoryUsage of job (MB)
	800516  -  ResidentSetSize of job (KB)
...
006 (15949295.817.000) 2026-02-14 18:37:20 Image size of job updated: 806624
	782  -  MemoryUsage of job (MB)
	800748  -  ResidentSetSize of job (KB)
...
006 (15949295.817.000) 2026-02-14 18:42:21 Image size of job updated: 806624
	783  -  MemoryUsage of job (MB)
	801396  -  ResidentSetSize of job (KB)
...
006 (15949295.817.000) 2026-02-14 18:47:21 Image size of job updated: 806624
	784  -  MemoryUsage of job (MB)
	801824  -  ResidentSetSize of job (KB)
...
006 (15949295.817.000) 2026-02-14 18:52:22 Image size of job updated: 806624
	784  -  MemoryUsage of job (MB)
	802352  -  ResidentSetSize of job (KB)
...
006 (15949295.817.000) 2026-02-14 19:02:23 Image size of job updated: 806624
	784  -  MemoryUsage of job (MB)
	802500  -  ResidentSetSize of job (KB)
...
006 (15949295.817.000) 2026-02-14 19:07:23 Image size of job updated: 806624
	785  -  MemoryUsage of job (MB)
	803020  -  ResidentSetSize of job (KB)
...
006 (15949295.817.000) 2026-02-14 19:12:24 Image size of job updated: 839140
	820  -  MemoryUsage of job (MB)
	839140  -  ResidentSetSize of job (KB)
...
006 (15949295.817.000) 2026-02-14 19:17:24 Image size of job updated: 845208
	826  -  MemoryUsage of job (MB)
	845208  -  ResidentSetSize of job (KB)
...
006 (15949295.817.000) 2026-02-14 19:22:24 Image size of job updated: 868148
	848  -  MemoryUsage of job (MB)
	868148  -  ResidentSetSize of job (KB)
...
006 (15949295.817.000) 2026-02-14 19:27:25 Image size of job updated: 869872
	849  -  MemoryUsage of job (MB)
	868528  -  ResidentSetSize of job (KB)
...
006 (15949295.817.000) 2026-02-14 19:32:25 Image size of job updated: 869872
	849  -  MemoryUsage of job (MB)
	868652  -  ResidentSetSize of job (KB)
...
006 (15949295.817.000) 2026-02-14 19:37:25 Image size of job updated: 873492
	854  -  MemoryUsage of job (MB)
	873492  -  ResidentSetSize of job (KB)
...
006 (15949295.817.000) 2026-02-14 19:42:26 Image size of job updated: 876632
	857  -  MemoryUsage of job (MB)
	876632  -  ResidentSetSize of job (KB)
...
006 (15949295.817.000) 2026-02-14 19:47:26 Image size of job updated: 879056
	859  -  MemoryUsage of job (MB)
	879056  -  ResidentSetSize of job (KB)
...
006 (15949295.817.000) 2026-02-14 19:52:27 Image size of job updated: 879868
	859  -  MemoryUsage of job (MB)
	879056  -  ResidentSetSize of job (KB)
...
006 (15949295.817.000) 2026-02-14 19:57:28 Image size of job updated: 880148
	859  -  MemoryUsage of job (MB)
	879056  -  ResidentSetSize of job (KB)
...
006 (15949295.817.000) 2026-02-14 20:02:28 Image size of job updated: 894300
	874  -  MemoryUsage of job (MB)
	894300  -  ResidentSetSize of job (KB)
...
006 (15949295.817.000) 2026-02-14 20:07:28 Image size of job updated: 895860
	875  -  MemoryUsage of job (MB)
	895208  -  ResidentSetSize of job (KB)
...
006 (15949295.817.000) 2026-02-14 20:12:29 Image size of job updated: 896248
	875  -  MemoryUsage of job (MB)
	895452  -  ResidentSetSize of job (KB)
...
006 (15949295.817.000) 2026-02-14 20:17:29 Image size of job updated: 896472
	875  -  MemoryUsage of job (MB)
	895452  -  ResidentSetSize of job (KB)
...
006 (15949295.817.000) 2026-02-14 20:22:30 Image size of job updated: 896472
	875  -  MemoryUsage of job (MB)
	895652  -  ResidentSetSize of job (KB)
...
006 (15949295.817.000) 2026-02-14 20:27:31 Image size of job updated: 896472
	875  -  MemoryUsage of job (MB)
	895692  -  ResidentSetSize of job (KB)
...
006 (15949295.817.000) 2026-02-14 20:32:31 Image size of job updated: 905160
	884  -  MemoryUsage of job (MB)
	905160  -  ResidentSetSize of job (KB)
...
006 (15949295.817.000) 2026-02-14 20:37:32 Image size of job updated: 905836
	885  -  MemoryUsage of job (MB)
	905836  -  ResidentSetSize of job (KB)
...
006 (15949295.817.000) 2026-02-14 20:42:33 Image size of job updated: 906540
	885  -  MemoryUsage of job (MB)
	905836  -  ResidentSetSize of job (KB)
...
006 (15949295.817.000) 2026-02-14 20:47:33 Image size of job updated: 907092
	886  -  MemoryUsage of job (MB)
	906268  -  ResidentSetSize of job (KB)
...
006 (15949295.817.000) 2026-02-14 20:57:35 Image size of job updated: 907116
	886  -  MemoryUsage of job (MB)
	906492  -  ResidentSetSize of job (KB)
...
006 (15949295.817.000) 2026-02-14 21:07:36 Image size of job updated: 907172
	886  -  MemoryUsage of job (MB)
	906776  -  ResidentSetSize of job (KB)
...
006 (15949295.817.000) 2026-02-14 21:12:37 Image size of job updated: 908056
	887  -  MemoryUsage of job (MB)
	908056  -  ResidentSetSize of job (KB)
...
006 (15949295.817.000) 2026-02-14 21:17:37 Image size of job updated: 909128
	887  -  MemoryUsage of job (MB)
	908224  -  ResidentSetSize of job (KB)
...
006 (15949295.817.000) 2026-02-14 21:22:38 Image size of job updated: 909128
	888  -  MemoryUsage of job (MB)
	908580  -  ResidentSetSize of job (KB)
...
006 (15949295.817.000) 2026-02-14 21:27:39 Image size of job updated: 909292
	888  -  MemoryUsage of job (MB)
	908940  -  ResidentSetSize of job (KB)
...
006 (15949295.817.000) 2026-02-14 21:32:39 Image size of job updated: 910064
	888  -  MemoryUsage of job (MB)
	909040  -  ResidentSetSize of job (KB)
...
006 (15949295.817.000) 2026-02-14 21:37:40 Image size of job updated: 910064
	888  -  MemoryUsage of job (MB)
	909164  -  ResidentSetSize of job (KB)
...
006 (15949295.817.000) 2026-02-14 21:42:41 Image size of job updated: 910120
	888  -  MemoryUsage of job (MB)
	909292  -  ResidentSetSize of job (KB)
...
006 (15949295.817.000) 2026-02-14 21:47:41 Image size of job updated: 910120
	889  -  MemoryUsage of job (MB)
	909456  -  ResidentSetSize of job (KB)
...
006 (15949295.817.000) 2026-02-14 21:52:42 Image size of job updated: 910120
	889  -  MemoryUsage of job (MB)
	909492  -  ResidentSetSize of job (KB)
...
006 (15949295.817.000) 2026-02-14 21:57:43 Image size of job updated: 910120
	889  -  MemoryUsage of job (MB)
	909540  -  ResidentSetSize of job (KB)
...
006 (15949295.817.000) 2026-02-14 22:02:43 Image size of job updated: 910120
	889  -  MemoryUsage of job (MB)
	909860  -  ResidentSetSize of job (KB)
...
006 (15949295.817.000) 2026-02-14 22:07:44 Image size of job updated: 910120
	889  -  MemoryUsage of job (MB)
	909964  -  ResidentSetSize of job (KB)
...
006 (15949295.817.000) 2026-02-14 22:12:45 Image size of job updated: 910120
	889  -  MemoryUsage of job (MB)
	909992  -  ResidentSetSize of job (KB)
...
006 (15949295.817.000) 2026-02-14 22:17:45 Image size of job updated: 910292
	889  -  MemoryUsage of job (MB)
	909992  -  ResidentSetSize of job (KB)
...
006 (15949295.817.000) 2026-02-14 22:22:46 Image size of job updated: 910292
	889  -  MemoryUsage of job (MB)
	910248  -  ResidentSetSize of job (KB)
...
006 (15949295.817.000) 2026-02-14 22:27:47 Image size of job updated: 910504
	889  -  MemoryUsage of job (MB)
	910248  -  ResidentSetSize of job (KB)
...
006 (15949295.817.000) 2026-02-14 23:32:54 Image size of job updated: 912992
	892  -  MemoryUsage of job (MB)
	912992  -  ResidentSetSize of job (KB)
...
006 (15949295.817.000) 2026-02-14 23:37:55 Image size of job updated: 913652
	893  -  MemoryUsage of job (MB)
	913652  -  ResidentSetSize of job (KB)
...
006 (15949295.817.000) 2026-02-15 02:23:10 Image size of job updated: 980720
	958  -  MemoryUsage of job (MB)
	980720  -  ResidentSetSize of job (KB)
...
006 (15949295.817.000) 2026-02-15 02:28:10 Image size of job updated: 980976
	958  -  MemoryUsage of job (MB)
	980976  -  ResidentSetSize of job (KB)
...
006 (15949295.817.000) 2026-02-15 02:33:11 Image size of job updated: 984528
	962  -  MemoryUsage of job (MB)
	984528  -  ResidentSetSize of job (KB)
...
006 (15949295.817.000) 2026-02-15 02:38:11 Image size of job updated: 984908
	962  -  MemoryUsage of job (MB)
	984908  -  ResidentSetSize of job (KB)
...
006 (15949295.817.000) 2026-02-15 02:58:12 Image size of job updated: 984924
	962  -  MemoryUsage of job (MB)
	984924  -  ResidentSetSize of job (KB)
...
006 (15949295.817.000) 2026-02-15 03:03:13 Image size of job updated: 985164
	963  -  MemoryUsage of job (MB)
	985164  -  ResidentSetSize of job (KB)
...
006 (15949295.817.000) 2026-02-15 03:28:16 Image size of job updated: 985192
	963  -  MemoryUsage of job (MB)
	985192  -  ResidentSetSize of job (KB)
...
006 (15949295.817.000) 2026-02-15 03:33:17 Image size of job updated: 985420
	963  -  MemoryUsage of job (MB)
	985420  -  ResidentSetSize of job (KB)
...
006 (15949295.817.000) 2026-02-15 03:38:17 Image size of job updated: 985424
	963  -  MemoryUsage of job (MB)
	985424  -  ResidentSetSize of job (KB)
...
006 (15949295.817.000) 2026-02-15 03:53:19 Image size of job updated: 985488
	963  -  MemoryUsage of job (MB)
	985488  -  ResidentSetSize of job (KB)
...
006 (15949295.817.000) 2026-02-15 03:58:20 Image size of job updated: 985676
	963  -  MemoryUsage of job (MB)
	985676  -  ResidentSetSize of job (KB)
...
006 (15949295.817.000) 2026-02-15 04:13:22 Image size of job updated: 985864
	963  -  MemoryUsage of job (MB)
	985864  -  ResidentSetSize of job (KB)
...
006 (15949295.817.000) 2026-02-15 04:18:23 Image size of job updated: 985984
	963  -  MemoryUsage of job (MB)
	985984  -  ResidentSetSize of job (KB)
...
006 (15949295.817.000) 2026-02-15 04:23:23 Image size of job updated: 986188
	964  -  MemoryUsage of job (MB)
	986188  -  ResidentSetSize of job (KB)
...
006 (15949295.817.000) 2026-02-15 05:03:28 Image size of job updated: 986224
	964  -  MemoryUsage of job (MB)
	986224  -  ResidentSetSize of job (KB)
...
006 (15949295.817.000) 2026-02-15 05:08:28 Image size of job updated: 986444
	964  -  MemoryUsage of job (MB)
	986340  -  ResidentSetSize of job (KB)
...
006 (15949295.817.000) 2026-02-15 05:18:29 Image size of job updated: 986628
	964  -  MemoryUsage of job (MB)
	986628  -  ResidentSetSize of job (KB)
...
006 (15949295.817.000) 2026-02-15 05:23:29 Image size of job updated: 986700
	964  -  MemoryUsage of job (MB)
	986700  -  ResidentSetSize of job (KB)
...
006 (15949295.817.000) 2026-02-15 05:38:30 Image size of job updated: 986936
	964  -  MemoryUsage of job (MB)
	986936  -  ResidentSetSize of job (KB)
...
006 (15949295.817.000) 2026-02-15 05:43:31 Image size of job updated: 986960
	964  -  MemoryUsage of job (MB)
	986936  -  ResidentSetSize of job (KB)
...
006 (15949295.817.000) 2026-02-15 05:48:31 Image size of job updated: 987168
	965  -  MemoryUsage of job (MB)
	987168  -  ResidentSetSize of job (KB)
...
006 (15949295.817.000) 2026-02-15 05:53:31 Image size of job updated: 987288
	965  -  MemoryUsage of job (MB)
	987288  -  ResidentSetSize of job (KB)
...
006 (15949295.817.000) 2026-02-15 05:58:32 Image size of job updated: 987468
	965  -  MemoryUsage of job (MB)
	987468  -  ResidentSetSize of job (KB)
...
006 (15949295.817.000) 2026-02-15 06:23:33 Image size of job updated: 987556
	965  -  MemoryUsage of job (MB)
	987556  -  ResidentSetSize of job (KB)
...
006 (15949295.817.000) 2026-02-15 06:28:34 Image size of job updated: 987724
	965  -  MemoryUsage of job (MB)
	987724  -  ResidentSetSize of job (KB)
...
006 (15949295.817.000) 2026-02-15 06:33:34 Image size of job updated: 987784
	965  -  MemoryUsage of job (MB)
	987784  -  ResidentSetSize of job (KB)
...
006 (15949295.817.000) 2026-02-15 06:38:34 Image size of job updated: 987980
	965  -  MemoryUsage of job (MB)
	987784  -  ResidentSetSize of job (KB)
...
006 (15949295.817.000) 2026-02-15 14:24:20 Image size of job updated: 998696
	976  -  MemoryUsage of job (MB)
	998696  -  ResidentSetSize of job (KB)
...
006 (15949295.817.000) 2026-02-15 14:29:20 Image size of job updated: 1000276
	977  -  MemoryUsage of job (MB)
	1000276  -  ResidentSetSize of job (KB)
...
006 (15949295.817.000) 2026-02-15 14:34:21 Image size of job updated: 1000592
	978  -  MemoryUsage of job (MB)
	1000592  -  ResidentSetSize of job (KB)
...
006 (15949295.817.000) 2026-02-15 14:39:22 Image size of job updated: 1000796
	978  -  MemoryUsage of job (MB)
	1000796  -  ResidentSetSize of job (KB)
...
006 (15949295.817.000) 2026-02-15 14:44:22 Image size of job updated: 1001012
	978  -  MemoryUsage of job (MB)
	1001012  -  ResidentSetSize of job (KB)
...
006 (15949295.817.000) 2026-02-15 14:59:24 Image size of job updated: 1001100
	978  -  MemoryUsage of job (MB)
	1001100  -  ResidentSetSize of job (KB)
...
006 (15949295.817.000) 2026-02-15 15:04:25 Image size of job updated: 1001268
	978  -  MemoryUsage of job (MB)
	1001268  -  ResidentSetSize of job (KB)
...
006 (15949295.817.000) 2026-02-15 15:29:28 Image size of job updated: 1001300
	978  -  MemoryUsage of job (MB)
	1001300  -  ResidentSetSize of job (KB)
...
006 (15949295.817.000) 2026-02-15 15:34:29 Image size of job updated: 1001524
	979  -  MemoryUsage of job (MB)
	1001524  -  ResidentSetSize of job (KB)
...
006 (15949295.817.000) 2026-02-15 15:59:32 Image size of job updated: 1001624
	979  -  MemoryUsage of job (MB)
	1001624  -  ResidentSetSize of job (KB)
...
006 (15949295.817.000) 2026-02-15 16:04:33 Image size of job updated: 1001780
	979  -  MemoryUsage of job (MB)
	1001780  -  ResidentSetSize of job (KB)
...
006 (15949295.817.000) 2026-02-15 16:14:34 Image size of job updated: 1001856
	979  -  MemoryUsage of job (MB)
	1001856  -  ResidentSetSize of job (KB)
...
006 (15949295.817.000) 2026-02-15 16:19:35 Image size of job updated: 1002036
	979  -  MemoryUsage of job (MB)
	1001856  -  ResidentSetSize of job (KB)
...
006 (15949295.817.000) 2026-02-16 03:00:52 Image size of job updated: 1135412
	1017  -  MemoryUsage of job (MB)
	1041128  -  ResidentSetSize of job (KB)
...
006 (15949295.817.000) 2026-02-16 03:05:52 Image size of job updated: 1135412
	1100  -  MemoryUsage of job (MB)
	1125380  -  ResidentSetSize of job (KB)
...
006 (15949295.817.000) 2026-02-16 03:10:53 Image size of job updated: 1135612
	1106  -  MemoryUsage of job (MB)
	1131904  -  ResidentSetSize of job (KB)
...
006 (15949295.817.000) 2026-02-16 03:20:54 Image size of job updated: 1138668
	1106  -  MemoryUsage of job (MB)
	1131904  -  ResidentSetSize of job (KB)
...
006 (15949295.817.000) 2026-02-16 03:25:55 Image size of job updated: 1138828
	1106  -  MemoryUsage of job (MB)
	1131904  -  ResidentSetSize of job (KB)
...
006 (15949295.817.000) 2026-02-16 03:30:55 Image size of job updated: 1139076
	1106  -  MemoryUsage of job (MB)
	1131904  -  ResidentSetSize of job (KB)
...
006 (15949295.817.000) 2026-02-16 03:35:56 Image size of job updated: 1139104
	1106  -  MemoryUsage of job (MB)
	1131904  -  ResidentSetSize of job (KB)
...
006 (15949295.817.000) 2026-02-16 03:55:59 Image size of job updated: 1139104
	1108  -  MemoryUsage of job (MB)
	1133748  -  ResidentSetSize of job (KB)
...
006 (15949295.817.000) 2026-02-16 04:06:00 Image size of job updated: 1139992
	1108  -  MemoryUsage of job (MB)
	1133748  -  ResidentSetSize of job (KB)
...
006 (15949295.817.000) 2026-02-16 04:16:01 Image size of job updated: 1140212
	1108  -  MemoryUsage of job (MB)
	1133748  -  ResidentSetSize of job (KB)
...
006 (15949295.817.000) 2026-02-16 04:31:03 Image size of job updated: 1140480
	1108  -  MemoryUsage of job (MB)
	1133748  -  ResidentSetSize of job (KB)
...
006 (15949295.817.000) 2026-02-16 04:51:06 Image size of job updated: 1140560
	1108  -  MemoryUsage of job (MB)
	1133748  -  ResidentSetSize of job (KB)
...
006 (15949295.817.000) 2026-02-16 04:56:07 Image size of job updated: 1140620
	1108  -  MemoryUsage of job (MB)
	1133748  -  ResidentSetSize of job (KB)
...
006 (15949295.817.000) 2026-02-16 05:36:11 Image size of job updated: 1142096
	1108  -  MemoryUsage of job (MB)
	1133748  -  ResidentSetSize of job (KB)
...
006 (15949295.817.000) 2026-02-16 05:41:12 Image size of job updated: 1142408
	1108  -  MemoryUsage of job (MB)
	1133748  -  ResidentSetSize of job (KB)
...
006 (15949295.817.000) 2026-02-16 06:16:16 Image size of job updated: 1142736
	1108  -  MemoryUsage of job (MB)
	1133748  -  ResidentSetSize of job (KB)
...
006 (15949295.817.000) 2026-02-16 06:21:17 Image size of job updated: 1142736
	1116  -  MemoryUsage of job (MB)
	1142736  -  ResidentSetSize of job (KB)
...
021 (15949295.817.000) 2026-02-16 14:46:40 Error from starter on slot1_8@pizza18.zeuthen.desy.de:
	runtime exceeded maximum (target.Runtime seconds)
	Code 21 Subcode 103
...
004 (15949295.817.000) 2026-02-16 14:46:41 Job was evicted.
	(0) CPU times
		Usr 11 11:35:18, Sys 0 21:21:47  -  Run Remote Usage
		Usr 0 00:00:00, Sys 0 00:00:00  -  Run Local Usage
	0  -  Run Bytes Sent By Job
	0  -  Run Bytes Received By Job
	Error from slot1_8@pizza18.zeuthen.desy.de: runtime exceeded maximum (target.Runtime seconds)
	Partitionable Resources :     Usage  Request Allocated 
	   Cpus                 :      7.92        8         8 
	   Disk (KB)            :      1     1024000   1025696 
	   GPUs                 :                            0 
	   Memory (MB)          :   1116       16384     16384 
	   TimeSlotBusy (s)     : 172806                       
...
012 (15949295.817.000) 2026-02-16 14:46:41 Job was held.
	Error from slot1_8@pizza18.zeuthen.desy.de: runtime exceeded maximum (target.Runtime seconds)
	Code 21 Subcode 103
...
009 (15949295.817.000) 2026-02-16 17:16:26 Job was aborted.
	via condor_rm (by user tuccia)
...
