~~~~~~~~~~~~~~~~~~~~~~~~~~~~~~

n_qubits: 150, 
r: 96, 
alpha: 0.01, 
shots: 10000, 
ansatz: linear_cnot, 
layer: 1, 
tau: 0.3

time for simulated annealing:  158.50892877578735
Rank 1: Bitstring=110111000000110011101000110111111111110010011010011011000110000100010111010010010011111000011011010011001001101111111100010101010011110001011010011101, Decimal=1226822133586619454494217063089527606786070173, Energy=-121.7283
Rank 2: Bitstring=110111000000111011101000110111111111110010011010011011000110000100010111010010010011111100011011010011001001101111111100010101010011110001011010111101, Decimal=1226865689729585334617540379650964891544524477, Energy=-121.6841
Rank 3: Bitstring=110111000000110011101000110111111111110010011010011011000110000100010111010010010011111001011011010011011001101111111100110101010011110001011010011101, Decimal=1226822133586619454494217064242519480673965725, Energy=-121.6463
Rank 4: Bitstring=110111000000111011101000110111111111110010011010011011000110000100010111010010010011111101011011010011011001101111111100110101010011110001011010111101, Decimal=1226865689729585334617540380803956765432420029, Energy=-121.6021
Rank 5: Bitstring=110111000000110011101000110111111111110000011011011011000110000100010111010010010011111000011011010010001001101111111100010101010011110001011010011001, Decimal=1226822133585975487989301122553285806581028505, Energy=-121.3987
Rank 6: Bitstring=110111000000110011101000010111110011110010111010011011010110001100010111010010010011111000011010011011001001101111111100010001010011110001011000011101, Decimal=1226822090802255619405849750822623766008239645, Energy=-121.3607
Rank 7: Bitstring=110111000000111011101000110111111111110000011011011011000110000100010111010010010011111100011011010010001001101111111100010101010011110001011010111001, Decimal=1226865689728941368112624439114723091339482809, Energy=-121.3545
Rank 8: Bitstring=110011000000110011101010110111111111110010011010011011000110000100010111010010010011111000011011010011001001101111111100010101010011110001011010011101, Decimal=1137619322933680422397305921686237876646254237, Energy=-121.3357
Rank 9: Bitstring=110110000000110011101000110111111111110010011010011011000010000100000111011010010010111000011011010011001001101111111100010101010011110001011010011100, Decimal=1204521388388088826396123189541786291308271260, Energy=-121.3331
Rank 10: Bitstring=110111000000110011101000110111111111110000011011011011000110000100010111010010010011111001011011010010011001101111111100110101010011110001011010011001, Decimal=1226822133585975487989301123706277680468924057, Energy=-121.3167

E_min from simulated annealing:  -121.7283
Minimum energy: -121.7283
States with energy within 1e-08 of minimum: [1226822133586619454494217063089527606786070173]
4


################## Start optimization with initial parameters: [0. 0. 0. 0. 0. 0. 0. 0. 0. 0. 0. 0. 0. 0. 0. 0. 0. 0. 0. 0. 0. 0. 0. 0.
 0. 0. 0. 0. 0. 0. 0. 0. 0. 0. 0. 0. 0. 0. 0. 0. 0. 0. 0. 0. 0. 0. 0. 0.
 0. 0. 0. 0. 0. 0. 0. 0. 0. 0. 0. 0. 0. 0. 0. 0. 0. 0. 0. 0. 0. 0. 0. 0.
 0. 0. 0. 0. 0. 0. 0. 0. 0. 0. 0. 0. 0. 0. 0. 0. 0. 0. 0. 0. 0. 0. 0. 0.
 0. 0. 0. 0. 0. 0. 0. 0. 0. 0. 0. 0. 0. 0. 0. 0. 0. 0. 0. 0. 0. 0. 0. 0.
 0. 0. 0. 0. 0. 0. 0. 0. 0. 0. 0. 0. 0. 0. 0. 0. 0. 0. 0. 0. 0. 0. 0. 0.
 0. 0. 0. 0. 0. 0. 0. 0. 0. 0. 0. 0. 0. 0. 0. 0. 0. 0. 0. 0. 0. 0. 0. 0.
 0. 0. 0. 0. 0. 0. 0. 0. 0. 0. 0. 0. 0. 0. 0. 0. 0. 0. 0. 0. 0. 0. 0. 0.
 0. 0. 0. 0. 0. 0. 0. 0. 0. 0. 0. 0. 0. 0. 0. 0. 0. 0. 0. 0. 0. 0. 0. 0.
 0. 0. 0. 0. 0. 0. 0. 0. 0. 0. 0. 0. 0. 0. 0. 0. 0. 0. 0. 0. 0. 0. 0. 0.
 0. 0. 0. 0. 0. 0. 0. 0. 0. 0. 0. 0. 0. 0. 0. 0. 0. 0. 0. 0. 0. 0. 0. 0.
 0. 0. 0. 0. 0. 0. 0. 0. 0. 0. 0. 0. 0. 0. 0. 0. 0. 0. 0. 0. 0. 0. 0. 0.
 0. 0. 0. 0. 0. 0. 0. 0. 0. 0. 0. 0. 0. 0. 0. 0. 0. 0. 0. 0. 0. 0. 0. 0.
 0. 0. 0. 0. 0. 0. 0. 0. 0. 0. 0. 0. 0. 0. 0. 0. 0. 0. 0. 0. 0. 0. 0. 0.
 0. 0. 0. 0. 0. 0. 0. 0. 0. 0. 0. 0. 0. 0. 0. 0. 0. 0. 0. 0. 0. 0. 0. 0.
 0. 0. 0. 0. 0. 0. 0. 0. 0. 0. 0. 0. 0. 0. 0. 0. 0. 0. 0. 0. 0. 0. 0. 0.
 0. 0. 0. 0. 0. 0. 0. 0. 0. 0. 0. 0. 0. 0. 0. 0. 0. 0. 0. 0. 0. 0. 0. 0.
 0. 0. 0. 0. 0. 0. 0. 0. 0. 0. 0. 0. 0. 0. 0. 0. 0. 0. 0. 0. 0. 0. 0. 0.
 0. 0. 0. 0. 0. 0. 0. 0. 0. 0. 0. 0. 0. 0. 0. 0. 0. 0. 0. 0. 0. 0. 0. 0.
 0. 0. 0. 0. 0. 0. 0. 0. 0. 0. 0. 0. 0. 0. 0. 0. 0. 0. 0. 0. 0. 0. 0. 0.
 0. 0. 0. 0. 0. 0. 0. 0. 0. 0. 0. 0. 0. 0. 0. 0. 0. 0. 0. 0. 0. 0. 0. 0.
 0. 0. 0. 0. 0. 0. 0. 0. 0. 0. 0. 0. 0. 0. 0. 0. 0. 0. 0. 0. 0. 0. 0. 0.
 0. 0. 0. 0. 0. 0. 0. 0. 0. 0. 0. 0. 0. 0. 0. 0. 0. 0. 0. 0. 0. 0. 0. 0.
 0. 0. 0. 0. 0. 0. 0. 0. 0. 0. 0. 0. 0. 0. 0. 0. 0. 0. 0. 0. 0. 0. 0. 0.
 0. 0. 0. 0. 0. 0. 0. 0. 0. 0. 0. 0. 0. 0. 0. 0. 0. 0. 0. 0. 0. 0. 0. 0.]
Write sucessfully to ./data/data_shots_10000_layer_1/alpha_0.01/N_150/r_96/ansatz_type_linear_cnot/initialization_zeros

vqe.cvar_eval[0]: -28.076314000000018 , min_cvar: -30.444816000000035 , opt_cvar: -30.444816000000035

vqe.poss_eval[-1]: 0 vqe.poss_eval[0] 0  , max_poss: 0 , opt_poss: 0

vqe.r_eval[-1]: 0.23838086952664272 vqe.r_eval[0]: 0.23064738437980337 max_r: 0.25010466752595767 , min_r: 0.22138963577081094
