000 (15756404.1282.000) 2026-02-06 11:24:37 Job submitted from host: <141.34.103.35:9618?addrs=141.34.103.35-9618+[2001-638-700-f067--1-23]-9618&alias=wgs39.zeuthen.desy.de&noUDP&sock=schedd_7414_f73f>
...
001 (15756404.1282.000) 2026-02-07 18:59:42 Job executing on host: <141.34.15.49:9618?addrs=141.34.15.49-9618+[2001-638-700-f00f--1-31]-9618&alias=pizza20.zeuthen.desy.de&noUDP&sock=startd_9146_f947>
	SlotName: slot1_1@pizza20.zeuthen.desy.de
	CondorScratchDir = "/batch/dir_108283"
	Cpus = 8
	Disk = 1025696
	GPUs = 0
	Memory = 16384
...
006 (15756404.1282.000) 2026-02-07 18:59:55 Image size of job updated: 74052
	73  -  MemoryUsage of job (MB)
	74052  -  ResidentSetSize of job (KB)
...
006 (15756404.1282.000) 2026-02-07 19:04:55 Image size of job updated: 1016624
	739  -  MemoryUsage of job (MB)
	756108  -  ResidentSetSize of job (KB)
...
006 (15756404.1282.000) 2026-02-07 19:09:56 Image size of job updated: 1016624
	739  -  MemoryUsage of job (MB)
	756216  -  ResidentSetSize of job (KB)
...
006 (15756404.1282.000) 2026-02-07 19:14:57 Image size of job updated: 1016624
	741  -  MemoryUsage of job (MB)
	757948  -  ResidentSetSize of job (KB)
...
006 (15756404.1282.000) 2026-02-07 19:19:57 Image size of job updated: 1016624
	743  -  MemoryUsage of job (MB)
	760220  -  ResidentSetSize of job (KB)
...
006 (15756404.1282.000) 2026-02-07 19:40:00 Image size of job updated: 1016624
	744  -  MemoryUsage of job (MB)
	761248  -  ResidentSetSize of job (KB)
...
006 (15756404.1282.000) 2026-02-07 19:45:01 Image size of job updated: 1016624
	744  -  MemoryUsage of job (MB)
	761252  -  ResidentSetSize of job (KB)
...
006 (15756404.1282.000) 2026-02-07 20:10:02 Image size of job updated: 1016624
	747  -  MemoryUsage of job (MB)
	764684  -  ResidentSetSize of job (KB)
...
006 (15756404.1282.000) 2026-02-07 21:05:08 Image size of job updated: 1016624
	748  -  MemoryUsage of job (MB)
	765448  -  ResidentSetSize of job (KB)
...
006 (15756404.1282.000) 2026-02-07 23:15:22 Image size of job updated: 1016624
	748  -  MemoryUsage of job (MB)
	765752  -  ResidentSetSize of job (KB)
...
006 (15756404.1282.000) 2026-02-07 23:20:22 Image size of job updated: 1016624
	748  -  MemoryUsage of job (MB)
	765816  -  ResidentSetSize of job (KB)
...
006 (15756404.1282.000) 2026-02-07 23:25:23 Image size of job updated: 1016624
	748  -  MemoryUsage of job (MB)
	765940  -  ResidentSetSize of job (KB)
...
006 (15756404.1282.000) 2026-02-08 01:05:33 Image size of job updated: 1016624
	749  -  MemoryUsage of job (MB)
	766012  -  ResidentSetSize of job (KB)
...
006 (15756404.1282.000) 2026-02-08 02:45:42 Image size of job updated: 1016624
	749  -  MemoryUsage of job (MB)
	766016  -  ResidentSetSize of job (KB)
...
006 (15756404.1282.000) 2026-02-08 04:35:52 Image size of job updated: 1016624
	749  -  MemoryUsage of job (MB)
	766272  -  ResidentSetSize of job (KB)
...
005 (15756404.1282.000) 2026-02-08 05:59:51 Job terminated.
	(1) Normal termination (return value 0)
		Usr 1 12:45:39, Sys 0 18:16:32  -  Run Remote Usage
		Usr 0 00:00:00, Sys 0 00:00:00  -  Run Local Usage
		Usr 1 12:45:39, Sys 0 18:16:32  -  Total Remote Usage
		Usr 0 00:00:00, Sys 0 00:00:00  -  Total Local Usage
	0  -  Run Bytes Sent By Job
	0  -  Run Bytes Received By Job
	0  -  Total Bytes Sent By Job
	0  -  Total Bytes Received By Job
	Partitionable Resources :    Usage  Request Allocated 
	   Cpus                 :     7.95        8         8 
	   Disk (KB)            :     1     1024000   1025696 
	   GPUs                 :                           0 
	   Memory (MB)          :   749       16384     16384 
	   TimeExecute (s)      : 39609                       
	   TimeSlotBusy (s)     : 39609                       

	Job terminated of its own accord at 2026-02-08T04:59:51Z with exit-code 0.
...
