~~~~~~~~~~~~~~~~~~~~~~~~~~~~~~

n_qubits: 150, 
r: 75, 
alpha: 0.01, 
shots: 10000, 
ansatz: linear_cnot, 
layer: 1, 
tau: 0.3

time for simulated annealing:  172.26021027565002
Rank 1: Bitstring=111011000111110011110000010110010011010011101111100110010100001000011111111100000101000110010101001000100000011100101110111110000100001101010100100110, Decimal=1318464894163244264246981366022911663497336102, Energy=-126.8547
Rank 2: Bitstring=111011000111110011110000010110010011010011101111100110010100001000011111111100000101010110010101001000100000011100101110111110000100001101010100100110, Decimal=1318464894163244264246981384469655737206887718, Energy=-126.8531
Rank 3: Bitstring=111011000111110011110000010110010011011011101111100110010100001000011111111100000101000110010101001000100000011100101110111110000100101101010100100110, Decimal=1318464894165840412676248779837176911662077222, Energy=-126.8503
Rank 4: Bitstring=111011000111110011110000010110010011011011101111100110010100001000011111111100000101010110010101001000100000011100101110111110000100101101010100100110, Decimal=1318464894165840412676248798283920985371628838, Energy=-126.8487
Rank 5: Bitstring=111011001111110011110000010100010011010011101111100110010100001000011111111100000101000110010101001100100000011100101110111110000100001101010100100110, Decimal=1321252484654604600569841585000504488031737126, Energy=-126.8305
Rank 6: Bitstring=111011001111110011110000010100010011010011101111100110010100001000011111111100000101010110010101001100100000011100101110111110000100001101010100100110, Decimal=1321252484654604600569841603447248561741288742, Energy=-126.8289
Rank 7: Bitstring=111011001111110011110000010100010011011011101111100110010100001000011111111100000101000110010101001100100000011100101110111110000100101101010100100110, Decimal=1321252484657200748999108998814769736196478246, Energy=-126.8261
Rank 8: Bitstring=111011001111110011110000010100010011011011101111100110010100001000011111111100000101010110010101001100100000011100101110111110000100101101010100100110, Decimal=1321252484657200748999109017261513809906029862, Energy=-126.8245
Rank 9: Bitstring=111011000111110011110000010010010011010011101111100110010100001000111111111100000101000110010101001000100000011100101110111110000100011101010100100110, Decimal=1318464888846332281116989280964600455773672742, Energy=-126.7813
Rank 10: Bitstring=111011000111110011110000010010010011010011101111100110010100001000111111111100000101010110010101001000100000011100101110111110000100011101010100100110, Decimal=1318464888846332281116989299411344529483224358, Energy=-126.7797

E_min from simulated annealing:  -126.8547
Minimum energy: -126.8547
States with energy within 1e-08 of minimum: [1318464894163244264246981366022911663497336102]
4


################## Start optimization with initial parameters: [0. 0. 0. 0. 0. 0. 0. 0. 0. 0. 0. 0. 0. 0. 0. 0. 0. 0. 0. 0. 0. 0. 0. 0.
 0. 0. 0. 0. 0. 0. 0. 0. 0. 0. 0. 0. 0. 0. 0. 0. 0. 0. 0. 0. 0. 0. 0. 0.
 0. 0. 0. 0. 0. 0. 0. 0. 0. 0. 0. 0. 0. 0. 0. 0. 0. 0. 0. 0. 0. 0. 0. 0.
 0. 0. 0. 0. 0. 0. 0. 0. 0. 0. 0. 0. 0. 0. 0. 0. 0. 0. 0. 0. 0. 0. 0. 0.
 0. 0. 0. 0. 0. 0. 0. 0. 0. 0. 0. 0. 0. 0. 0. 0. 0. 0. 0. 0. 0. 0. 0. 0.
 0. 0. 0. 0. 0. 0. 0. 0. 0. 0. 0. 0. 0. 0. 0. 0. 0. 0. 0. 0. 0. 0. 0. 0.
 0. 0. 0. 0. 0. 0. 0. 0. 0. 0. 0. 0. 0. 0. 0. 0. 0. 0. 0. 0. 0. 0. 0. 0.
 0. 0. 0. 0. 0. 0. 0. 0. 0. 0. 0. 0. 0. 0. 0. 0. 0. 0. 0. 0. 0. 0. 0. 0.
 0. 0. 0. 0. 0. 0. 0. 0. 0. 0. 0. 0. 0. 0. 0. 0. 0. 0. 0. 0. 0. 0. 0. 0.
 0. 0. 0. 0. 0. 0. 0. 0. 0. 0. 0. 0. 0. 0. 0. 0. 0. 0. 0. 0. 0. 0. 0. 0.
 0. 0. 0. 0. 0. 0. 0. 0. 0. 0. 0. 0. 0. 0. 0. 0. 0. 0. 0. 0. 0. 0. 0. 0.
 0. 0. 0. 0. 0. 0. 0. 0. 0. 0. 0. 0. 0. 0. 0. 0. 0. 0. 0. 0. 0. 0. 0. 0.
 0. 0. 0. 0. 0. 0. 0. 0. 0. 0. 0. 0. 0. 0. 0. 0. 0. 0. 0. 0. 0. 0. 0. 0.
 0. 0. 0. 0. 0. 0. 0. 0. 0. 0. 0. 0. 0. 0. 0. 0. 0. 0. 0. 0. 0. 0. 0. 0.
 0. 0. 0. 0. 0. 0. 0. 0. 0. 0. 0. 0. 0. 0. 0. 0. 0. 0. 0. 0. 0. 0. 0. 0.
 0. 0. 0. 0. 0. 0. 0. 0. 0. 0. 0. 0. 0. 0. 0. 0. 0. 0. 0. 0. 0. 0. 0. 0.
 0. 0. 0. 0. 0. 0. 0. 0. 0. 0. 0. 0. 0. 0. 0. 0. 0. 0. 0. 0. 0. 0. 0. 0.
 0. 0. 0. 0. 0. 0. 0. 0. 0. 0. 0. 0. 0. 0. 0. 0. 0. 0. 0. 0. 0. 0. 0. 0.
 0. 0. 0. 0. 0. 0. 0. 0. 0. 0. 0. 0. 0. 0. 0. 0. 0. 0. 0. 0. 0. 0. 0. 0.
 0. 0. 0. 0. 0. 0. 0. 0. 0. 0. 0. 0. 0. 0. 0. 0. 0. 0. 0. 0. 0. 0. 0. 0.
 0. 0. 0. 0. 0. 0. 0. 0. 0. 0. 0. 0. 0. 0. 0. 0. 0. 0. 0. 0. 0. 0. 0. 0.
 0. 0. 0. 0. 0. 0. 0. 0. 0. 0. 0. 0. 0. 0. 0. 0. 0. 0. 0. 0. 0. 0. 0. 0.
 0. 0. 0. 0. 0. 0. 0. 0. 0. 0. 0. 0. 0. 0. 0. 0. 0. 0. 0. 0. 0. 0. 0. 0.
 0. 0. 0. 0. 0. 0. 0. 0. 0. 0. 0. 0. 0. 0. 0. 0. 0. 0. 0. 0. 0. 0. 0. 0.
 0. 0. 0. 0. 0. 0. 0. 0. 0. 0. 0. 0. 0. 0. 0. 0. 0. 0. 0. 0. 0. 0. 0. 0.]
Write sucessfully to ./data/data_shots_10000_layer_1/alpha_0.01/N_150/r_75/ansatz_type_linear_cnot/initialization_zeros

vqe.cvar_eval[0]: -29.771452000000014 , min_cvar: -31.916724000000016 , opt_cvar: -31.916724000000016

vqe.poss_eval[-1]: 0 vqe.poss_eval[0] 0  , max_poss: 0 , opt_poss: 0

vqe.r_eval[-1]: 0.23745893530156936 vqe.r_eval[0]: 0.23468938872584158 max_r: 0.2516006423096662 , min_r: 0.22039434092706076
