000 (15756407.031.000) 2026-02-06 11:26:09 Job submitted from host: <141.34.103.35:9618?addrs=141.34.103.35-9618+[2001-638-700-f067--1-23]-9618&alias=wgs39.zeuthen.desy.de&noUDP&sock=schedd_7414_f73f>
...
001 (15756407.031.000) 2026-02-08 15:47:40 Job executing on host: <141.34.15.41:9618?addrs=141.34.15.41-9618+[2001-638-700-f00f--1-29]-9618&alias=pizza12.zeuthen.desy.de&noUDP&sock=startd_8275_8a49>
	SlotName: slot1_8@pizza12.zeuthen.desy.de
	CondorScratchDir = "/batch/dir_3201479"
	Cpus = 8
	Disk = 1025696
	GPUs = 0
	Memory = 16384
...
006 (15756407.031.000) 2026-02-08 15:47:46 Image size of job updated: 52
	0  -  MemoryUsage of job (MB)
	0  -  ResidentSetSize of job (KB)
...
005 (15756407.031.000) 2026-02-08 15:47:46 Job terminated.
	(1) Normal termination (return value 1)
		Usr 0 00:00:02, Sys 0 00:00:00  -  Run Remote Usage
		Usr 0 00:00:00, Sys 0 00:00:00  -  Run Local Usage
		Usr 0 00:00:02, Sys 0 00:00:00  -  Total Remote Usage
		Usr 0 00:00:00, Sys 0 00:00:00  -  Total Local Usage
	0  -  Run Bytes Sent By Job
	0  -  Run Bytes Received By Job
	0  -  Total Bytes Sent By Job
	0  -  Total Bytes Received By Job
	Partitionable Resources :    Usage  Request Allocated 
	   Cpus                 :        0        8         8 
	   Disk (KB)            :        1  1024000   1025696 
	   GPUs                 :                           0 
	   Memory (MB)          :        0    16384     16384 
	   TimeExecute (s)      :        6                    
	   TimeSlotBusy (s)     :        6                    

	Job terminated of its own accord at 2026-02-08T14:47:46Z with exit-code 1.
...
000 (15949294.021.000) 2026-02-10 11:45:17 Job submitted from host: <141.34.103.35:9618?addrs=141.34.103.35-9618+[2001-638-700-f067--1-23]-9618&alias=wgs39.zeuthen.desy.de&noUDP&sock=schedd_7302_24a3>
...
009 (15949294.021.000) 2026-02-10 11:45:46 Job was aborted.
	via condor_rm (by user tuccia)
...
000 (15949295.021.000) 2026-02-10 11:46:04 Job submitted from host: <141.34.103.35:9618?addrs=141.34.103.35-9618+[2001-638-700-f067--1-23]-9618&alias=wgs39.zeuthen.desy.de&noUDP&sock=schedd_7302_24a3>
...
001 (15949295.021.000) 2026-02-10 11:47:33 Job executing on host: <141.34.15.203:9618?addrs=141.34.15.203-9618+[2001-638-700-f00f--1-cb]-9618&alias=pizza05.zeuthen.desy.de&noUDP&sock=startd_8154_8b54>
	SlotName: slot1_7@pizza05.zeuthen.desy.de
	CondorScratchDir = "/batch/dir_4078021"
	Cpus = 8
	Disk = 1025696
	GPUs = 0
	Memory = 16384
...
006 (15949295.021.000) 2026-02-10 11:47:41 Image size of job updated: 100
	0  -  MemoryUsage of job (MB)
	0  -  ResidentSetSize of job (KB)
...
005 (15949295.021.000) 2026-02-10 11:47:41 Job terminated.
	(1) Normal termination (return value 1)
		Usr 0 00:00:02, Sys 0 00:00:00  -  Run Remote Usage
		Usr 0 00:00:00, Sys 0 00:00:00  -  Run Local Usage
		Usr 0 00:00:02, Sys 0 00:00:00  -  Total Remote Usage
		Usr 0 00:00:00, Sys 0 00:00:00  -  Total Local Usage
	0  -  Run Bytes Sent By Job
	0  -  Run Bytes Received By Job
	0  -  Total Bytes Sent By Job
	0  -  Total Bytes Received By Job
	Partitionable Resources :    Usage  Request Allocated 
	   Cpus                 :        0        8         8 
	   Disk (KB)            :        1  1024000   1025696 
	   GPUs                 :                           0 
	   Memory (MB)          :        0    16384     16384 
	   TimeExecute (s)      :        8                    
	   TimeSlotBusy (s)     :        8                    

	Job terminated of its own accord at 2026-02-10T10:47:40Z with exit-code 1.
...
000 (16213981.043.000) 2026-02-16 17:41:20 Job submitted from host: <141.34.103.35:9618?addrs=141.34.103.35-9618+[2001-638-700-f067--1-23]-9618&alias=wgs39.zeuthen.desy.de&noUDP&sock=schedd_7302_24a3>
...
001 (16213981.043.000) 2026-02-16 17:41:46 Job executing on host: <141.34.15.199:9618?addrs=141.34.15.199-9618+[2001-638-700-f00f--1-c7]-9618&alias=pizza01.zeuthen.desy.de&noUDP&sock=startd_9160_939a>
	SlotName: slot1_3@pizza01.zeuthen.desy.de
	CondorScratchDir = "/batch/dir_3420071"
	Cpus = 1
	Disk = 1025696
	GPUs = 0
	Memory = 5120
...
006 (16213981.043.000) 2026-02-16 17:41:59 Image size of job updated: 89948
	88  -  MemoryUsage of job (MB)
	89948  -  ResidentSetSize of job (KB)
...
006 (16213981.043.000) 2026-02-16 17:46:59 Image size of job updated: 257616
	246  -  MemoryUsage of job (MB)
	251064  -  ResidentSetSize of job (KB)
...
006 (16213981.043.000) 2026-02-16 17:51:59 Image size of job updated: 257616
	250  -  MemoryUsage of job (MB)
	255672  -  ResidentSetSize of job (KB)
...
006 (16213981.043.000) 2026-02-16 17:57:00 Image size of job updated: 257616
	250  -  MemoryUsage of job (MB)
	255680  -  ResidentSetSize of job (KB)
...
006 (16213981.043.000) 2026-02-16 18:02:00 Image size of job updated: 257616
	250  -  MemoryUsage of job (MB)
	255692  -  ResidentSetSize of job (KB)
...
006 (16213981.043.000) 2026-02-16 18:07:00 Image size of job updated: 257616
	251  -  MemoryUsage of job (MB)
	256028  -  ResidentSetSize of job (KB)
...
006 (16213981.043.000) 2026-02-16 18:17:01 Image size of job updated: 262700
	257  -  MemoryUsage of job (MB)
	262700  -  ResidentSetSize of job (KB)
...
006 (16213981.043.000) 2026-02-16 18:22:02 Image size of job updated: 264208
	259  -  MemoryUsage of job (MB)
	264208  -  ResidentSetSize of job (KB)
...
005 (16213981.043.000) 2026-02-17 08:33:48 Job terminated.
	(1) Normal termination (return value 0)
		Usr 0 14:41:00, Sys 0 00:00:11  -  Run Remote Usage
		Usr 0 00:00:00, Sys 0 00:00:00  -  Run Local Usage
		Usr 0 14:41:00, Sys 0 00:00:11  -  Total Remote Usage
		Usr 0 00:00:00, Sys 0 00:00:00  -  Total Local Usage
	0  -  Run Bytes Sent By Job
	0  -  Run Bytes Received By Job
	0  -  Total Bytes Sent By Job
	0  -  Total Bytes Received By Job
	Partitionable Resources :    Usage  Request Allocated 
	   Cpus                 :     0.99        1         1 
	   Disk (KB)            :     1     1024000   1025696 
	   GPUs                 :                           0 
	   Memory (MB)          :   259        5120      5120 
	   TimeExecute (s)      : 53522                       
	   TimeSlotBusy (s)     : 53522                       

	Job terminated of its own accord at 2026-02-17T07:33:48Z with exit-code 0.
...
