000 (15756408.169.000) 2026-02-06 11:26:57 Job submitted from host: <141.34.103.35:9618?addrs=141.34.103.35-9618+[2001-638-700-f067--1-23]-9618&alias=wgs39.zeuthen.desy.de&noUDP&sock=schedd_7414_f73f>
...
001 (15756408.169.000) 2026-02-10 11:43:14 Job executing on host: <141.34.15.220:9618?addrs=141.34.15.220-9618+[2001-638-700-f00f--1-dc]-9618&alias=pizza28.zeuthen.desy.de&noUDP&sock=startd_8204_d710>
	SlotName: slot1_9@pizza28.zeuthen.desy.de
	CondorScratchDir = "/batch/dir_263213"
	Cpus = 8
	Disk = 1025696
	GPUs = 0
	Memory = 16384
...
006 (15756408.169.000) 2026-02-10 11:43:22 Image size of job updated: 108
	0  -  MemoryUsage of job (MB)
	0  -  ResidentSetSize of job (KB)
...
005 (15756408.169.000) 2026-02-10 11:43:22 Job terminated.
	(1) Normal termination (return value 1)
		Usr 0 00:00:02, Sys 0 00:00:01  -  Run Remote Usage
		Usr 0 00:00:00, Sys 0 00:00:00  -  Run Local Usage
		Usr 0 00:00:02, Sys 0 00:00:01  -  Total Remote Usage
		Usr 0 00:00:00, Sys 0 00:00:00  -  Total Local Usage
	0  -  Run Bytes Sent By Job
	0  -  Run Bytes Received By Job
	0  -  Total Bytes Sent By Job
	0  -  Total Bytes Received By Job
	Partitionable Resources :    Usage  Request Allocated 
	   Cpus                 :        0        8         8 
	   Disk (KB)            :        1  1024000   1025696 
	   GPUs                 :                           0 
	   Memory (MB)          :        0    16384     16384 
	   TimeExecute (s)      :        8                    
	   TimeSlotBusy (s)     :        8                    

	Job terminated of its own accord at 2026-02-10T10:43:22Z with exit-code 1.
...
000 (15951004.113.000) 2026-02-10 16:30:01 Job submitted from host: <141.34.103.35:9618?addrs=141.34.103.35-9618+[2001-638-700-f067--1-23]-9618&alias=wgs39.zeuthen.desy.de&noUDP&sock=schedd_7302_24a3>
...
001 (15951004.113.000) 2026-02-10 18:11:30 Job executing on host: <141.34.15.52:9618?addrs=141.34.15.52-9618+[2001-638-700-f00f--1-34]-9618&alias=pizza23.zeuthen.desy.de&noUDP&sock=startd_8270_1c50>
	SlotName: slot1_22@pizza23.zeuthen.desy.de
	CondorScratchDir = "/batch/dir_1317955"
	Cpus = 1
	Disk = 1025696
	GPUs = 0
	Memory = 5120
...
006 (15951004.113.000) 2026-02-10 18:11:37 Image size of job updated: 120
	0  -  MemoryUsage of job (MB)
	0  -  ResidentSetSize of job (KB)
...
005 (15951004.113.000) 2026-02-10 18:11:37 Job terminated.
	(1) Normal termination (return value 1)
		Usr 0 00:00:01, Sys 0 00:00:00  -  Run Remote Usage
		Usr 0 00:00:00, Sys 0 00:00:00  -  Run Local Usage
		Usr 0 00:00:01, Sys 0 00:00:00  -  Total Remote Usage
		Usr 0 00:00:00, Sys 0 00:00:00  -  Total Local Usage
	0  -  Run Bytes Sent By Job
	0  -  Run Bytes Received By Job
	0  -  Total Bytes Sent By Job
	0  -  Total Bytes Received By Job
	Partitionable Resources :    Usage  Request Allocated 
	   Cpus                 :        0        1         1 
	   Disk (KB)            :        1  1024000   1025696 
	   GPUs                 :                           0 
	   Memory (MB)          :        0     5120      5120 
	   TimeExecute (s)      :        7                    
	   TimeSlotBusy (s)     :        7                    

	Job terminated of its own accord at 2026-02-10T17:11:37Z with exit-code 1.
...
000 (15988842.113.000) 2026-02-11 11:12:46 Job submitted from host: <141.34.103.35:9618?addrs=141.34.103.35-9618+[2001-638-700-f067--1-23]-9618&alias=wgs39.zeuthen.desy.de&noUDP&sock=schedd_7302_24a3>
...
001 (15988842.113.000) 2026-02-11 11:32:31 Job executing on host: <141.34.14.37:9618?addrs=141.34.14.37-9618+[2001-638-700-f00e--1-25]-9618&alias=amphion.zeuthen.desy.de&noUDP&sock=startd_8755_c7bf>
	SlotName: slot1_26@amphion.zeuthen.desy.de
	AvailableGPUs = {  }
	CondorScratchDir = "/batch/dir_480795"
	Cpus = 1
	Disk = 1025682
	GPUs = 0
	Memory = 5120
...
006 (15988842.113.000) 2026-02-11 11:32:39 Image size of job updated: 100
	0  -  MemoryUsage of job (MB)
	0  -  ResidentSetSize of job (KB)
...
005 (15988842.113.000) 2026-02-11 11:32:39 Job terminated.
	(1) Normal termination (return value 1)
		Usr 0 00:00:01, Sys 0 00:00:00  -  Run Remote Usage
		Usr 0 00:00:00, Sys 0 00:00:00  -  Run Local Usage
		Usr 0 00:00:01, Sys 0 00:00:00  -  Total Remote Usage
		Usr 0 00:00:00, Sys 0 00:00:00  -  Total Local Usage
	0  -  Run Bytes Sent By Job
	0  -  Run Bytes Received By Job
	0  -  Total Bytes Sent By Job
	0  -  Total Bytes Received By Job
	Partitionable Resources :    Usage  Request Allocated 
	   Cpus                 :        0        1         1 
	   Disk (KB)            :        1  1024000   1025682 
	   GPUs                 :                           0 
	   Memory (MB)          :        0     5120      5120 
	   TimeExecute (s)      :        8                    
	   TimeSlotBusy (s)     :        8                    

	Job terminated of its own accord at 2026-02-11T10:32:39Z with exit-code 1.
...
000 (16214011.113.000) 2026-02-16 17:42:09 Job submitted from host: <141.34.103.35:9618?addrs=141.34.103.35-9618+[2001-638-700-f067--1-23]-9618&alias=wgs39.zeuthen.desy.de&noUDP&sock=schedd_7302_24a3>
...
001 (16214011.113.000) 2026-02-16 17:42:27 Job executing on host: <141.34.103.51:9618?addrs=141.34.103.51-9618+[2001-638-700-f067--1-33]-9618&alias=wgs41.zeuthen.desy.de&noUDP&sock=startd_7782_6219>
	SlotName: slot1_27@wgs41.zeuthen.desy.de
	CondorScratchDir = "/batch/dir_3646902"
	Cpus = 1
	Disk = 1025025
	GPUs = 0
	Memory = 5120
...
006 (16214011.113.000) 2026-02-16 17:42:41 Image size of job updated: 90000
	88  -  MemoryUsage of job (MB)
	90000  -  ResidentSetSize of job (KB)
...
006 (16214011.113.000) 2026-02-16 17:47:42 Image size of job updated: 280520
	251  -  MemoryUsage of job (MB)
	256772  -  ResidentSetSize of job (KB)
...
006 (16214011.113.000) 2026-02-16 17:52:42 Image size of job updated: 286528
	270  -  MemoryUsage of job (MB)
	276044  -  ResidentSetSize of job (KB)
...
006 (16214011.113.000) 2026-02-16 18:02:43 Image size of job updated: 292508
	272  -  MemoryUsage of job (MB)
	278204  -  ResidentSetSize of job (KB)
...
006 (16214011.113.000) 2026-02-16 18:07:43 Image size of job updated: 292508
	272  -  MemoryUsage of job (MB)
	278472  -  ResidentSetSize of job (KB)
...
006 (16214011.113.000) 2026-02-16 18:17:44 Image size of job updated: 292508
	273  -  MemoryUsage of job (MB)
	278660  -  ResidentSetSize of job (KB)
...
006 (16214011.113.000) 2026-02-16 18:22:44 Image size of job updated: 292508
	273  -  MemoryUsage of job (MB)
	279048  -  ResidentSetSize of job (KB)
...
006 (16214011.113.000) 2026-02-16 18:32:45 Image size of job updated: 292508
	273  -  MemoryUsage of job (MB)
	279264  -  ResidentSetSize of job (KB)
...
006 (16214011.113.000) 2026-02-16 18:37:46 Image size of job updated: 292508
	274  -  MemoryUsage of job (MB)
	280136  -  ResidentSetSize of job (KB)
...
006 (16214011.113.000) 2026-02-16 18:47:47 Image size of job updated: 293240
	274  -  MemoryUsage of job (MB)
	280172  -  ResidentSetSize of job (KB)
...
006 (16214011.113.000) 2026-02-16 18:52:48 Image size of job updated: 296544
	277  -  MemoryUsage of job (MB)
	282916  -  ResidentSetSize of job (KB)
...
006 (16214011.113.000) 2026-02-16 19:02:49 Image size of job updated: 296544
	278  -  MemoryUsage of job (MB)
	283712  -  ResidentSetSize of job (KB)
...
006 (16214011.113.000) 2026-02-16 19:07:50 Image size of job updated: 296544
	278  -  MemoryUsage of job (MB)
	284428  -  ResidentSetSize of job (KB)
...
006 (16214011.113.000) 2026-02-16 19:12:50 Image size of job updated: 296544
	280  -  MemoryUsage of job (MB)
	286460  -  ResidentSetSize of job (KB)
...
006 (16214011.113.000) 2026-02-16 19:17:51 Image size of job updated: 296544
	280  -  MemoryUsage of job (MB)
	286648  -  ResidentSetSize of job (KB)
...
006 (16214011.113.000) 2026-02-16 19:22:52 Image size of job updated: 296544
	281  -  MemoryUsage of job (MB)
	286872  -  ResidentSetSize of job (KB)
...
006 (16214011.113.000) 2026-02-16 19:32:53 Image size of job updated: 296544
	281  -  MemoryUsage of job (MB)
	287172  -  ResidentSetSize of job (KB)
...
006 (16214011.113.000) 2026-02-16 19:37:54 Image size of job updated: 299264
	281  -  MemoryUsage of job (MB)
	287412  -  ResidentSetSize of job (KB)
...
006 (16214011.113.000) 2026-02-16 19:47:54 Image size of job updated: 299264
	282  -  MemoryUsage of job (MB)
	288020  -  ResidentSetSize of job (KB)
...
006 (16214011.113.000) 2026-02-16 19:52:55 Image size of job updated: 299264
	282  -  MemoryUsage of job (MB)
	288412  -  ResidentSetSize of job (KB)
...
006 (16214011.113.000) 2026-02-16 19:57:55 Image size of job updated: 299264
	282  -  MemoryUsage of job (MB)
	288640  -  ResidentSetSize of job (KB)
...
006 (16214011.113.000) 2026-02-16 20:07:56 Image size of job updated: 299264
	283  -  MemoryUsage of job (MB)
	288912  -  ResidentSetSize of job (KB)
...
006 (16214011.113.000) 2026-02-16 20:12:56 Image size of job updated: 299264
	283  -  MemoryUsage of job (MB)
	289228  -  ResidentSetSize of job (KB)
...
006 (16214011.113.000) 2026-02-16 20:17:56 Image size of job updated: 299264
	283  -  MemoryUsage of job (MB)
	289448  -  ResidentSetSize of job (KB)
...
006 (16214011.113.000) 2026-02-16 20:27:58 Image size of job updated: 299264
	283  -  MemoryUsage of job (MB)
	289632  -  ResidentSetSize of job (KB)
...
006 (16214011.113.000) 2026-02-16 20:32:58 Image size of job updated: 299264
	284  -  MemoryUsage of job (MB)
	289848  -  ResidentSetSize of job (KB)
...
006 (16214011.113.000) 2026-02-16 20:37:59 Image size of job updated: 299264
	284  -  MemoryUsage of job (MB)
	290184  -  ResidentSetSize of job (KB)
...
006 (16214011.113.000) 2026-02-16 20:48:00 Image size of job updated: 299264
	284  -  MemoryUsage of job (MB)
	290500  -  ResidentSetSize of job (KB)
...
006 (16214011.113.000) 2026-02-16 20:53:00 Image size of job updated: 299264
	284  -  MemoryUsage of job (MB)
	290524  -  ResidentSetSize of job (KB)
...
006 (16214011.113.000) 2026-02-16 21:03:01 Image size of job updated: 299264
	285  -  MemoryUsage of job (MB)
	290892  -  ResidentSetSize of job (KB)
...
006 (16214011.113.000) 2026-02-16 21:33:04 Image size of job updated: 299264
	285  -  MemoryUsage of job (MB)
	291136  -  ResidentSetSize of job (KB)
...
006 (16214011.113.000) 2026-02-16 21:58:07 Image size of job updated: 299264
	285  -  MemoryUsage of job (MB)
	291284  -  ResidentSetSize of job (KB)
...
004 (16214011.113.000) 2026-02-18 10:33:55 Job was evicted.
	(0) CPU times
		Usr 1 16:31:50, Sys 0 00:00:06  -  Run Remote Usage
		Usr 0 00:00:00, Sys 0 00:00:00  -  Run Local Usage
	0  -  Run Bytes Sent By Job
	0  -  Run Bytes Received By Job
	Partitionable Resources :     Usage  Request Allocated 
	   Cpus                 :      0.99        1         1 
	   Disk (KB)            :      1     1024000   1025025 
	   GPUs                 :                            0 
	   Memory (MB)          :    285        5120      5120 
	   TimeExecute (s)      : 147087                       
	   TimeSlotBusy (s)     : 147088                       
...
009 (16214011.113.000) 2026-02-18 10:33:55 Job was aborted.
	via condor_rm (by user tuccia)
...
