000 (15756404.043.000) 2026-02-06 11:24:33 Job submitted from host: <141.34.103.35:9618?addrs=141.34.103.35-9618+[2001-638-700-f067--1-23]-9618&alias=wgs39.zeuthen.desy.de&noUDP&sock=schedd_7414_f73f>
...
012 (15756404.043.000) 2026-02-06 11:25:56 Job was held.
	More than 10 job start attempts, job likely broken
	Code 26 Subcode 0
...
009 (15756404.043.000) 2026-02-10 11:42:24 Job was aborted.
	via condor_rm (by user tuccia)
...
000 (16213981.058.000) 2026-02-16 17:41:20 Job submitted from host: <141.34.103.35:9618?addrs=141.34.103.35-9618+[2001-638-700-f067--1-23]-9618&alias=wgs39.zeuthen.desy.de&noUDP&sock=schedd_7302_24a3>
...
001 (16213981.058.000) 2026-02-16 17:41:46 Job executing on host: <141.34.15.178:9618?addrs=141.34.15.178-9618+[2001-638-700-f00f--1-b2]-9618&alias=genoa03.zeuthen.desy.de&noUDP&sock=startd_10467_11e2>
	SlotName: slot1_5@genoa03.zeuthen.desy.de
	CondorScratchDir = "/batch/dir_3306084"
	Cpus = 1
	Disk = 1025697
	GPUs = 0
	Memory = 5120
...
006 (16213981.058.000) 2026-02-16 17:41:59 Image size of job updated: 87956
	86  -  MemoryUsage of job (MB)
	87956  -  ResidentSetSize of job (KB)
...
006 (16213981.058.000) 2026-02-16 17:46:59 Image size of job updated: 255760
	242  -  MemoryUsage of job (MB)
	247276  -  ResidentSetSize of job (KB)
...
006 (16213981.058.000) 2026-02-16 17:52:00 Image size of job updated: 255760
	249  -  MemoryUsage of job (MB)
	254260  -  ResidentSetSize of job (KB)
...
006 (16213981.058.000) 2026-02-16 17:57:01 Image size of job updated: 255760
	249  -  MemoryUsage of job (MB)
	254268  -  ResidentSetSize of job (KB)
...
006 (16213981.058.000) 2026-02-16 18:02:01 Image size of job updated: 255760
	249  -  MemoryUsage of job (MB)
	254524  -  ResidentSetSize of job (KB)
...
006 (16213981.058.000) 2026-02-16 20:07:15 Image size of job updated: 255760
	249  -  MemoryUsage of job (MB)
	254736  -  ResidentSetSize of job (KB)
...
006 (16213981.058.000) 2026-02-16 20:57:19 Image size of job updated: 255760
	250  -  MemoryUsage of job (MB)
	254992  -  ResidentSetSize of job (KB)
...
005 (16213981.058.000) 2026-02-16 22:58:17 Job terminated.
	(1) Normal termination (return value 0)
		Usr 0 05:08:57, Sys 0 00:00:18  -  Run Remote Usage
		Usr 0 00:00:00, Sys 0 00:00:00  -  Run Local Usage
		Usr 0 05:08:57, Sys 0 00:00:18  -  Total Remote Usage
		Usr 0 00:00:00, Sys 0 00:00:00  -  Total Local Usage
	0  -  Run Bytes Sent By Job
	0  -  Run Bytes Received By Job
	0  -  Total Bytes Sent By Job
	0  -  Total Bytes Received By Job
	Partitionable Resources :    Usage  Request Allocated 
	   Cpus                 :     1.00        1         1 
	   Disk (KB)            :     1     1024000   1025697 
	   GPUs                 :                           0 
	   Memory (MB)          :   250        5120      5120 
	   TimeExecute (s)      : 18991                       
	   TimeSlotBusy (s)     : 18991                       

	Job terminated of its own accord at 2026-02-16T21:58:17Z with exit-code 0.
...
