000 (15756404.180.000) 2026-02-06 11:24:34 Job submitted from host: <141.34.103.35:9618?addrs=141.34.103.35-9618+[2001-638-700-f067--1-23]-9618&alias=wgs39.zeuthen.desy.de&noUDP&sock=schedd_7414_f73f>
...
001 (15756404.180.000) 2026-02-06 11:31:14 Job executing on host: <141.34.103.52:9618?addrs=141.34.103.52-9618+[2001-638-700-f067--1-34]-9618&alias=wgs42.zeuthen.desy.de&noUDP&sock=startd_9894_0a1e>
	SlotName: slot1_22@wgs42.zeuthen.desy.de
	CondorScratchDir = "/batch/dir_2415013"
	Cpus = 8
	Disk = 1025025
	GPUs = 0
	Memory = 16384
...
006 (15756404.180.000) 2026-02-06 11:31:21 Image size of job updated: 108
	0  -  MemoryUsage of job (MB)
	0  -  ResidentSetSize of job (KB)
...
005 (15756404.180.000) 2026-02-06 11:31:21 Job terminated.
	(1) Normal termination (return value 1)
		Usr 0 00:00:02, Sys 0 00:00:00  -  Run Remote Usage
		Usr 0 00:00:00, Sys 0 00:00:00  -  Run Local Usage
		Usr 0 00:00:02, Sys 0 00:00:00  -  Total Remote Usage
		Usr 0 00:00:00, Sys 0 00:00:00  -  Total Local Usage
	0  -  Run Bytes Sent By Job
	0  -  Run Bytes Received By Job
	0  -  Total Bytes Sent By Job
	0  -  Total Bytes Received By Job
	Partitionable Resources :    Usage  Request Allocated 
	   Cpus                 :                 8         8 
	   Disk (KB)            :        1  1024000   1025025 
	   GPUs                 :                           0 
	   Memory (MB)          :        0    16384     16384 
	   TimeExecute (s)      :        7                    
	   TimeSlotBusy (s)     :        7                    

	Job terminated of its own accord at 2026-02-06T10:31:21Z with exit-code 1.
...
000 (16213981.240.000) 2026-02-16 17:41:22 Job submitted from host: <141.34.103.35:9618?addrs=141.34.103.35-9618+[2001-638-700-f067--1-23]-9618&alias=wgs39.zeuthen.desy.de&noUDP&sock=schedd_7302_24a3>
...
001 (16213981.240.000) 2026-02-16 17:41:46 Job executing on host: <141.34.15.42:9618?addrs=141.34.15.42-9618+[2001-638-700-f00f--1-2a]-9618&alias=pizza13.zeuthen.desy.de&noUDP&sock=startd_8168_25a7>
	SlotName: slot1_2@pizza13.zeuthen.desy.de
	CondorScratchDir = "/batch/dir_3313765"
	Cpus = 1
	Disk = 1025696
	GPUs = 0
	Memory = 5120
...
006 (16213981.240.000) 2026-02-16 17:41:59 Image size of job updated: 89996
	88  -  MemoryUsage of job (MB)
	89996  -  ResidentSetSize of job (KB)
...
006 (16213981.240.000) 2026-02-16 17:46:59 Image size of job updated: 217312
	202  -  MemoryUsage of job (MB)
	206304  -  ResidentSetSize of job (KB)
...
006 (16213981.240.000) 2026-02-16 17:52:00 Image size of job updated: 217312
	202  -  MemoryUsage of job (MB)
	206460  -  ResidentSetSize of job (KB)
...
006 (16213981.240.000) 2026-02-16 18:02:00 Image size of job updated: 217312
	202  -  MemoryUsage of job (MB)
	206464  -  ResidentSetSize of job (KB)
...
006 (16213981.240.000) 2026-02-16 18:12:02 Image size of job updated: 217312
	202  -  MemoryUsage of job (MB)
	206720  -  ResidentSetSize of job (KB)
...
005 (16213981.240.000) 2026-02-16 18:22:12 Job terminated.
	(1) Normal termination (return value 0)
		Usr 0 00:39:54, Sys 0 00:00:01  -  Run Remote Usage
		Usr 0 00:00:00, Sys 0 00:00:00  -  Run Local Usage
		Usr 0 00:39:54, Sys 0 00:00:01  -  Total Remote Usage
		Usr 0 00:00:00, Sys 0 00:00:00  -  Total Local Usage
	0  -  Run Bytes Sent By Job
	0  -  Run Bytes Received By Job
	0  -  Total Bytes Sent By Job
	0  -  Total Bytes Received By Job
	Partitionable Resources :    Usage  Request Allocated 
	   Cpus                 :     0.99        1         1 
	   Disk (KB)            :     1     1024000   1025696 
	   GPUs                 :                           0 
	   Memory (MB)          :   202        5120      5120 
	   TimeExecute (s)      :  2426                       
	   TimeSlotBusy (s)     :  2426                       

	Job terminated of its own accord at 2026-02-16T17:22:12Z with exit-code 0.
...
