000 (15756407.021.000) 2026-02-06 11:26:09 Job submitted from host: <141.34.103.35:9618?addrs=141.34.103.35-9618+[2001-638-700-f067--1-23]-9618&alias=wgs39.zeuthen.desy.de&noUDP&sock=schedd_7414_f73f>
...
001 (15756407.021.000) 2026-02-08 15:45:38 Job executing on host: <141.34.15.219:9618?addrs=141.34.15.219-9618+[2001-638-700-f00f--1-db]-9618&alias=pizza27.zeuthen.desy.de&noUDP&sock=startd_9020_8c58>
	SlotName: slot1_8@pizza27.zeuthen.desy.de
	CondorScratchDir = "/batch/dir_1044488"
	Cpus = 8
	Disk = 1025696
	GPUs = 0
	Memory = 16384
...
006 (15756407.021.000) 2026-02-08 15:45:45 Image size of job updated: 160
	0  -  MemoryUsage of job (MB)
	0  -  ResidentSetSize of job (KB)
...
005 (15756407.021.000) 2026-02-08 15:45:45 Job terminated.
	(1) Normal termination (return value 1)
		Usr 0 00:00:02, Sys 0 00:00:00  -  Run Remote Usage
		Usr 0 00:00:00, Sys 0 00:00:00  -  Run Local Usage
		Usr 0 00:00:02, Sys 0 00:00:00  -  Total Remote Usage
		Usr 0 00:00:00, Sys 0 00:00:00  -  Total Local Usage
	0  -  Run Bytes Sent By Job
	0  -  Run Bytes Received By Job
	0  -  Total Bytes Sent By Job
	0  -  Total Bytes Received By Job
	Partitionable Resources :    Usage  Request Allocated 
	   Cpus                 :        0        8         8 
	   Disk (KB)            :        1  1024000   1025696 
	   GPUs                 :                           0 
	   Memory (MB)          :        0    16384     16384 
	   TimeExecute (s)      :        7                    
	   TimeSlotBusy (s)     :        7                    

	Job terminated of its own accord at 2026-02-08T14:45:45Z with exit-code 1.
...
000 (15949294.014.000) 2026-02-10 11:45:17 Job submitted from host: <141.34.103.35:9618?addrs=141.34.103.35-9618+[2001-638-700-f067--1-23]-9618&alias=wgs39.zeuthen.desy.de&noUDP&sock=schedd_7302_24a3>
...
009 (15949294.014.000) 2026-02-10 11:45:46 Job was aborted.
	via condor_rm (by user tuccia)
...
000 (15949295.014.000) 2026-02-10 11:46:04 Job submitted from host: <141.34.103.35:9618?addrs=141.34.103.35-9618+[2001-638-700-f067--1-23]-9618&alias=wgs39.zeuthen.desy.de&noUDP&sock=schedd_7302_24a3>
...
001 (15949295.014.000) 2026-02-10 11:47:33 Job executing on host: <141.34.103.52:9618?addrs=141.34.103.52-9618+[2001-638-700-f067--1-34]-9618&alias=wgs42.zeuthen.desy.de&noUDP&sock=startd_9894_0a1e>
	SlotName: slot1_12@wgs42.zeuthen.desy.de
	CondorScratchDir = "/batch/dir_1094455"
	Cpus = 8
	Disk = 1025025
	GPUs = 0
	Memory = 16384
...
006 (15949295.014.000) 2026-02-10 11:47:40 Image size of job updated: 104
	0  -  MemoryUsage of job (MB)
	0  -  ResidentSetSize of job (KB)
...
005 (15949295.014.000) 2026-02-10 11:47:40 Job terminated.
	(1) Normal termination (return value 1)
		Usr 0 00:00:02, Sys 0 00:00:00  -  Run Remote Usage
		Usr 0 00:00:00, Sys 0 00:00:00  -  Run Local Usage
		Usr 0 00:00:02, Sys 0 00:00:00  -  Total Remote Usage
		Usr 0 00:00:00, Sys 0 00:00:00  -  Total Local Usage
	0  -  Run Bytes Sent By Job
	0  -  Run Bytes Received By Job
	0  -  Total Bytes Sent By Job
	0  -  Total Bytes Received By Job
	Partitionable Resources :    Usage  Request Allocated 
	   Cpus                 :        0        8         8 
	   Disk (KB)            :        1  1024000   1025025 
	   GPUs                 :                           0 
	   Memory (MB)          :        0    16384     16384 
	   TimeExecute (s)      :        7                    
	   TimeSlotBusy (s)     :        7                    

	Job terminated of its own accord at 2026-02-10T10:47:40Z with exit-code 1.
...
000 (16213981.029.000) 2026-02-16 17:41:19 Job submitted from host: <141.34.103.35:9618?addrs=141.34.103.35-9618+[2001-638-700-f067--1-23]-9618&alias=wgs39.zeuthen.desy.de&noUDP&sock=schedd_7302_24a3>
...
001 (16213981.029.000) 2026-02-16 17:41:46 Job executing on host: <141.34.103.53:9618?addrs=141.34.103.53-9618+[2001-638-700-f067--1-35]-9618&alias=wgs43.zeuthen.desy.de&noUDP&sock=startd_8324_266d>
	SlotName: slot1_16@wgs43.zeuthen.desy.de
	CondorScratchDir = "/batch/dir_2698412"
	Cpus = 1
	Disk = 1025025
	GPUs = 0
	Memory = 5120
...
006 (16213981.029.000) 2026-02-16 17:41:59 Image size of job updated: 89992
	88  -  MemoryUsage of job (MB)
	89992  -  ResidentSetSize of job (KB)
...
006 (16213981.029.000) 2026-02-16 17:46:59 Image size of job updated: 261208
	205  -  MemoryUsage of job (MB)
	209212  -  ResidentSetSize of job (KB)
...
006 (16213981.029.000) 2026-02-16 17:51:59 Image size of job updated: 261208
	213  -  MemoryUsage of job (MB)
	217744  -  ResidentSetSize of job (KB)
...
006 (16213981.029.000) 2026-02-16 18:02:01 Image size of job updated: 261208
	213  -  MemoryUsage of job (MB)
	217864  -  ResidentSetSize of job (KB)
...
006 (16213981.029.000) 2026-02-16 18:07:01 Image size of job updated: 261208
	213  -  MemoryUsage of job (MB)
	217872  -  ResidentSetSize of job (KB)
...
006 (16213981.029.000) 2026-02-16 18:12:02 Image size of job updated: 261208
	213  -  MemoryUsage of job (MB)
	217952  -  ResidentSetSize of job (KB)
...
006 (16213981.029.000) 2026-02-16 18:27:04 Image size of job updated: 261208
	214  -  MemoryUsage of job (MB)
	218120  -  ResidentSetSize of job (KB)
...
006 (16213981.029.000) 2026-02-16 18:32:05 Image size of job updated: 261208
	214  -  MemoryUsage of job (MB)
	218236  -  ResidentSetSize of job (KB)
...
006 (16213981.029.000) 2026-02-16 18:37:05 Image size of job updated: 261208
	214  -  MemoryUsage of job (MB)
	218336  -  ResidentSetSize of job (KB)
...
006 (16213981.029.000) 2026-02-16 19:47:13 Image size of job updated: 261208
	214  -  MemoryUsage of job (MB)
	218376  -  ResidentSetSize of job (KB)
...
006 (16213981.029.000) 2026-02-16 21:07:22 Image size of job updated: 261208
	214  -  MemoryUsage of job (MB)
	218488  -  ResidentSetSize of job (KB)
...
006 (16213981.029.000) 2026-02-16 21:57:26 Image size of job updated: 261208
	214  -  MemoryUsage of job (MB)
	218532  -  ResidentSetSize of job (KB)
...
006 (16213981.029.000) 2026-02-17 00:27:41 Image size of job updated: 261208
	214  -  MemoryUsage of job (MB)
	218732  -  ResidentSetSize of job (KB)
...
006 (16213981.029.000) 2026-02-17 04:28:05 Image size of job updated: 261208
	214  -  MemoryUsage of job (MB)
	218988  -  ResidentSetSize of job (KB)
...
005 (16213981.029.000) 2026-02-17 04:49:07 Job terminated.
	(1) Normal termination (return value 0)
		Usr 0 11:02:06, Sys 0 00:00:02  -  Run Remote Usage
		Usr 0 00:00:00, Sys 0 00:00:00  -  Run Local Usage
		Usr 0 11:02:06, Sys 0 00:00:02  -  Total Remote Usage
		Usr 0 00:00:00, Sys 0 00:00:00  -  Total Local Usage
	0  -  Run Bytes Sent By Job
	0  -  Run Bytes Received By Job
	0  -  Total Bytes Sent By Job
	0  -  Total Bytes Received By Job
	Partitionable Resources :    Usage  Request Allocated 
	   Cpus                 :     0.99        1         1 
	   Disk (KB)            :     1     1024000   1025025 
	   GPUs                 :                           0 
	   Memory (MB)          :   214        5120      5120 
	   TimeExecute (s)      : 40041                       
	   TimeSlotBusy (s)     : 40042                       

	Job terminated of its own accord at 2026-02-17T03:49:07Z with exit-code 0.
...
