000 (15756404.030.000) 2026-02-06 11:24:33 Job submitted from host: <141.34.103.35:9618?addrs=141.34.103.35-9618+[2001-638-700-f067--1-23]-9618&alias=wgs39.zeuthen.desy.de&noUDP&sock=schedd_7414_f73f>
...
001 (15756404.030.000) 2026-02-06 11:24:50 Job executing on host: <141.34.15.42:9618?addrs=141.34.15.42-9618+[2001-638-700-f00f--1-2a]-9618&alias=pizza13.zeuthen.desy.de&noUDP&sock=startd_8168_25a7>
	SlotName: slot1_11@pizza13.zeuthen.desy.de
	CondorScratchDir = "/batch/dir_4104543"
	Cpus = 8
	Disk = 1025696
	GPUs = 0
	Memory = 16384
...
006 (15756404.030.000) 2026-02-06 11:25:01 Image size of job updated: 75092
	0  -  MemoryUsage of job (MB)
	0  -  ResidentSetSize of job (KB)
...
005 (15756404.030.000) 2026-02-06 11:25:01 Job terminated.
	(1) Normal termination (return value 1)
		Usr 0 00:00:02, Sys 0 00:00:01  -  Run Remote Usage
		Usr 0 00:00:00, Sys 0 00:00:00  -  Run Local Usage
		Usr 0 00:00:02, Sys 0 00:00:01  -  Total Remote Usage
		Usr 0 00:00:00, Sys 0 00:00:00  -  Total Local Usage
	0  -  Run Bytes Sent By Job
	0  -  Run Bytes Received By Job
	0  -  Total Bytes Sent By Job
	0  -  Total Bytes Received By Job
	Partitionable Resources :    Usage  Request Allocated 
	   Cpus                 :        0        8         8 
	   Disk (KB)            :        1  1024000   1025696 
	   GPUs                 :                           0 
	   Memory (MB)          :        0    16384     16384 
	   TimeExecute (s)      :       11                    
	   TimeSlotBusy (s)     :       11                    

	Job terminated of its own accord at 2026-02-06T10:25:01Z with exit-code 1.
...
000 (16213981.040.000) 2026-02-16 17:41:20 Job submitted from host: <141.34.103.35:9618?addrs=141.34.103.35-9618+[2001-638-700-f067--1-23]-9618&alias=wgs39.zeuthen.desy.de&noUDP&sock=schedd_7302_24a3>
...
001 (16213981.040.000) 2026-02-16 17:41:46 Job executing on host: <141.34.15.41:9618?addrs=141.34.15.41-9618+[2001-638-700-f00f--1-29]-9618&alias=pizza12.zeuthen.desy.de&noUDP&sock=startd_8275_8a49>
	SlotName: slot1_2@pizza12.zeuthen.desy.de
	CondorScratchDir = "/batch/dir_217222"
	Cpus = 1
	Disk = 1025696
	GPUs = 0
	Memory = 5120
...
006 (16213981.040.000) 2026-02-16 17:41:59 Image size of job updated: 89936
	88  -  MemoryUsage of job (MB)
	89936  -  ResidentSetSize of job (KB)
...
006 (16213981.040.000) 2026-02-16 17:46:59 Image size of job updated: 286884
	202  -  MemoryUsage of job (MB)
	205952  -  ResidentSetSize of job (KB)
...
006 (16213981.040.000) 2026-02-16 17:51:59 Image size of job updated: 286884
	202  -  MemoryUsage of job (MB)
	205976  -  ResidentSetSize of job (KB)
...
006 (16213981.040.000) 2026-02-16 17:57:00 Image size of job updated: 286884
	202  -  MemoryUsage of job (MB)
	205984  -  ResidentSetSize of job (KB)
...
006 (16213981.040.000) 2026-02-16 18:02:00 Image size of job updated: 286884
	202  -  MemoryUsage of job (MB)
	206004  -  ResidentSetSize of job (KB)
...
006 (16213981.040.000) 2026-02-16 18:07:00 Image size of job updated: 286884
	202  -  MemoryUsage of job (MB)
	206232  -  ResidentSetSize of job (KB)
...
006 (16213981.040.000) 2026-02-16 18:12:01 Image size of job updated: 286884
	202  -  MemoryUsage of job (MB)
	206780  -  ResidentSetSize of job (KB)
...
005 (16213981.040.000) 2026-02-16 18:19:34 Job terminated.
	(1) Normal termination (return value 0)
		Usr 0 00:37:18, Sys 0 00:00:01  -  Run Remote Usage
		Usr 0 00:00:00, Sys 0 00:00:00  -  Run Local Usage
		Usr 0 00:37:18, Sys 0 00:00:01  -  Total Remote Usage
		Usr 0 00:00:00, Sys 0 00:00:00  -  Total Local Usage
	0  -  Run Bytes Sent By Job
	0  -  Run Bytes Received By Job
	0  -  Total Bytes Sent By Job
	0  -  Total Bytes Received By Job
	Partitionable Resources :    Usage  Request Allocated 
	   Cpus                 :     0.99        1         1 
	   Disk (KB)            :     1     1024000   1025696 
	   GPUs                 :                           0 
	   Memory (MB)          :   202        5120      5120 
	   TimeExecute (s)      :  2268                       
	   TimeSlotBusy (s)     :  2269                       

	Job terminated of its own accord at 2026-02-16T17:19:34Z with exit-code 0.
...
