000 (15756404.139.000) 2026-02-06 11:24:34 Job submitted from host: <141.34.103.35:9618?addrs=141.34.103.35-9618+[2001-638-700-f067--1-23]-9618&alias=wgs39.zeuthen.desy.de&noUDP&sock=schedd_7414_f73f>
...
001 (15756404.139.000) 2026-02-06 11:30:53 Job executing on host: <141.34.15.44:9618?addrs=141.34.15.44-9618+[2001-638-700-f00f--1-2c]-9618&alias=pizza15.zeuthen.desy.de&noUDP&sock=startd_8410_2393>
	SlotName: slot1_16@pizza15.zeuthen.desy.de
	CondorScratchDir = "/batch/dir_3266349"
	Cpus = 8
	Disk = 1025696
	GPUs = 0
	Memory = 16384
...
006 (15756404.139.000) 2026-02-06 11:30:59 Image size of job updated: 96
	0  -  MemoryUsage of job (MB)
	0  -  ResidentSetSize of job (KB)
...
005 (15756404.139.000) 2026-02-06 11:30:59 Job terminated.
	(1) Normal termination (return value 1)
		Usr 0 00:00:02, Sys 0 00:00:00  -  Run Remote Usage
		Usr 0 00:00:00, Sys 0 00:00:00  -  Run Local Usage
		Usr 0 00:00:02, Sys 0 00:00:00  -  Total Remote Usage
		Usr 0 00:00:00, Sys 0 00:00:00  -  Total Local Usage
	0  -  Run Bytes Sent By Job
	0  -  Run Bytes Received By Job
	0  -  Total Bytes Sent By Job
	0  -  Total Bytes Received By Job
	Partitionable Resources :    Usage  Request Allocated 
	   Cpus                 :        0        8         8 
	   Disk (KB)            :        1  1024000   1025696 
	   GPUs                 :                           0 
	   Memory (MB)          :        0    16384     16384 
	   TimeExecute (s)      :        6                    
	   TimeSlotBusy (s)     :        6                    

	Job terminated of its own accord at 2026-02-06T10:30:59Z with exit-code 1.
...
000 (16213981.186.000) 2026-02-16 17:41:22 Job submitted from host: <141.34.103.35:9618?addrs=141.34.103.35-9618+[2001-638-700-f067--1-23]-9618&alias=wgs39.zeuthen.desy.de&noUDP&sock=schedd_7302_24a3>
...
001 (16213981.186.000) 2026-02-16 17:41:49 Job executing on host: <141.34.15.83:9618?addrs=141.34.15.83-9618+[2001-638-700-f00f--1-53]-9618&alias=genoa07.zeuthen.desy.de&noUDP&sock=startd_10269_4222>
	SlotName: slot1_49@genoa07.zeuthen.desy.de
	CondorScratchDir = "/batch/dir_1831803"
	Cpus = 1
	Disk = 1025681
	GPUs = 0
	Memory = 5120
...
006 (16213981.186.000) 2026-02-16 17:42:03 Image size of job updated: 87940
	86  -  MemoryUsage of job (MB)
	87940  -  ResidentSetSize of job (KB)
...
006 (16213981.186.000) 2026-02-16 17:47:04 Image size of job updated: 256156
	243  -  MemoryUsage of job (MB)
	248044  -  ResidentSetSize of job (KB)
...
006 (16213981.186.000) 2026-02-16 17:52:04 Image size of job updated: 256332
	250  -  MemoryUsage of job (MB)
	255828  -  ResidentSetSize of job (KB)
...
006 (16213981.186.000) 2026-02-16 17:57:05 Image size of job updated: 256332
	251  -  MemoryUsage of job (MB)
	256060  -  ResidentSetSize of job (KB)
...
006 (16213981.186.000) 2026-02-16 20:12:16 Image size of job updated: 256332
	251  -  MemoryUsage of job (MB)
	256276  -  ResidentSetSize of job (KB)
...
005 (16213981.186.000) 2026-02-16 22:19:55 Job terminated.
	(1) Normal termination (return value 0)
		Usr 0 04:33:31, Sys 0 00:00:04  -  Run Remote Usage
		Usr 0 00:00:00, Sys 0 00:00:00  -  Run Local Usage
		Usr 0 04:33:31, Sys 0 00:00:04  -  Total Remote Usage
		Usr 0 00:00:00, Sys 0 00:00:00  -  Total Local Usage
	0  -  Run Bytes Sent By Job
	0  -  Run Bytes Received By Job
	0  -  Total Bytes Sent By Job
	0  -  Total Bytes Received By Job
	Partitionable Resources :    Usage  Request Allocated 
	   Cpus                 :     0.99        1         1 
	   Disk (KB)            :     1     1024000   1025681 
	   GPUs                 :                           0 
	   Memory (MB)          :   251        5120      5120 
	   TimeExecute (s)      : 16686                       
	   TimeSlotBusy (s)     : 16687                       

	Job terminated of its own accord at 2026-02-16T21:19:55Z with exit-code 0.
...
