000 (15756408.052.000) 2026-02-06 11:26:56 Job submitted from host: <141.34.103.35:9618?addrs=141.34.103.35-9618+[2001-638-700-f067--1-23]-9618&alias=wgs39.zeuthen.desy.de&noUDP&sock=schedd_7414_f73f>
...
001 (15756408.052.000) 2026-02-10 11:43:14 Job executing on host: <141.34.15.219:9618?addrs=141.34.15.219-9618+[2001-638-700-f00f--1-db]-9618&alias=pizza27.zeuthen.desy.de&noUDP&sock=startd_9020_8c58>
	SlotName: slot1_5@pizza27.zeuthen.desy.de
	CondorScratchDir = "/batch/dir_2603305"
	Cpus = 8
	Disk = 1025696
	GPUs = 0
	Memory = 16384
...
006 (15756408.052.000) 2026-02-10 11:43:21 Image size of job updated: 208
	0  -  MemoryUsage of job (MB)
	0  -  ResidentSetSize of job (KB)
...
005 (15756408.052.000) 2026-02-10 11:43:22 Job terminated.
	(1) Normal termination (return value 1)
		Usr 0 00:00:02, Sys 0 00:00:01  -  Run Remote Usage
		Usr 0 00:00:00, Sys 0 00:00:00  -  Run Local Usage
		Usr 0 00:00:02, Sys 0 00:00:01  -  Total Remote Usage
		Usr 0 00:00:00, Sys 0 00:00:00  -  Total Local Usage
	0  -  Run Bytes Sent By Job
	0  -  Run Bytes Received By Job
	0  -  Total Bytes Sent By Job
	0  -  Total Bytes Received By Job
	Partitionable Resources :    Usage  Request Allocated 
	   Cpus                 :                 8         8 
	   Disk (KB)            :        1  1024000   1025696 
	   GPUs                 :                           0 
	   Memory (MB)          :        0    16384     16384 
	   TimeExecute (s)      :        7                    
	   TimeSlotBusy (s)     :        8                    

	Job terminated of its own accord at 2026-02-10T10:43:21Z with exit-code 1.
...
000 (15951004.035.000) 2026-02-10 16:30:01 Job submitted from host: <141.34.103.35:9618?addrs=141.34.103.35-9618+[2001-638-700-f067--1-23]-9618&alias=wgs39.zeuthen.desy.de&noUDP&sock=schedd_7302_24a3>
...
001 (15951004.035.000) 2026-02-10 18:10:30 Job executing on host: <141.34.15.81:9618?addrs=141.34.15.81-9618+[2001-638-700-f00f--1-51]-9618&alias=genoa06.zeuthen.desy.de&noUDP&sock=startd_10377_565c>
	SlotName: slot1_32@genoa06.zeuthen.desy.de
	CondorScratchDir = "/batch/dir_1529346"
	Cpus = 1
	Disk = 1025681
	GPUs = 0
	Memory = 5120
...
006 (15951004.035.000) 2026-02-10 18:10:37 Image size of job updated: 100
	0  -  MemoryUsage of job (MB)
	0  -  ResidentSetSize of job (KB)
...
005 (15951004.035.000) 2026-02-10 18:10:37 Job terminated.
	(1) Normal termination (return value 1)
		Usr 0 00:00:01, Sys 0 00:00:00  -  Run Remote Usage
		Usr 0 00:00:00, Sys 0 00:00:00  -  Run Local Usage
		Usr 0 00:00:01, Sys 0 00:00:00  -  Total Remote Usage
		Usr 0 00:00:00, Sys 0 00:00:00  -  Total Local Usage
	0  -  Run Bytes Sent By Job
	0  -  Run Bytes Received By Job
	0  -  Total Bytes Sent By Job
	0  -  Total Bytes Received By Job
	Partitionable Resources :    Usage  Request Allocated 
	   Cpus                 :                 1         1 
	   Disk (KB)            :        1  1024000   1025681 
	   GPUs                 :                           0 
	   Memory (MB)          :        0     5120      5120 
	   TimeExecute (s)      :        7                    
	   TimeSlotBusy (s)     :        8                    

	Job terminated of its own accord at 2026-02-10T17:10:37Z with exit-code 1.
...
000 (15988842.035.000) 2026-02-11 11:12:46 Job submitted from host: <141.34.103.35:9618?addrs=141.34.103.35-9618+[2001-638-700-f067--1-23]-9618&alias=wgs39.zeuthen.desy.de&noUDP&sock=schedd_7302_24a3>
...
001 (15988842.035.000) 2026-02-11 11:30:20 Job executing on host: <141.34.15.176:9618?addrs=141.34.15.176-9618+[2001-638-700-f00f--1-b0]-9618&alias=genoa01.zeuthen.desy.de&noUDP&sock=startd_9698_998e>
	SlotName: slot1_21@genoa01.zeuthen.desy.de
	CondorScratchDir = "/batch/dir_293878"
	Cpus = 1
	Disk = 1025697
	GPUs = 0
	Memory = 5120
...
006 (15988842.035.000) 2026-02-11 11:30:31 Image size of job updated: 71544
	0  -  MemoryUsage of job (MB)
	0  -  ResidentSetSize of job (KB)
...
005 (15988842.035.000) 2026-02-11 11:30:31 Job terminated.
	(1) Normal termination (return value 1)
		Usr 0 00:00:01, Sys 0 00:00:01  -  Run Remote Usage
		Usr 0 00:00:00, Sys 0 00:00:00  -  Run Local Usage
		Usr 0 00:00:01, Sys 0 00:00:01  -  Total Remote Usage
		Usr 0 00:00:00, Sys 0 00:00:00  -  Total Local Usage
	0  -  Run Bytes Sent By Job
	0  -  Run Bytes Received By Job
	0  -  Total Bytes Sent By Job
	0  -  Total Bytes Received By Job
	Partitionable Resources :    Usage  Request Allocated 
	   Cpus                 :        0        1         1 
	   Disk (KB)            :        1  1024000   1025697 
	   GPUs                 :                           0 
	   Memory (MB)          :        0     5120      5120 
	   TimeExecute (s)      :       11                    
	   TimeSlotBusy (s)     :       11                    

	Job terminated of its own accord at 2026-02-11T10:30:31Z with exit-code 1.
...
000 (16214011.035.000) 2026-02-16 17:42:08 Job submitted from host: <141.34.103.35:9618?addrs=141.34.103.35-9618+[2001-638-700-f067--1-23]-9618&alias=wgs39.zeuthen.desy.de&noUDP&sock=schedd_7302_24a3>
...
001 (16214011.035.000) 2026-02-16 17:42:27 Job executing on host: <141.34.15.220:9618?addrs=141.34.15.220-9618+[2001-638-700-f00f--1-dc]-9618&alias=pizza28.zeuthen.desy.de&noUDP&sock=startd_8204_d710>
	SlotName: slot1_17@pizza28.zeuthen.desy.de
	CondorScratchDir = "/batch/dir_4101668"
	Cpus = 1
	Disk = 1025696
	GPUs = 0
	Memory = 5120
...
006 (16214011.035.000) 2026-02-16 17:42:40 Image size of job updated: 90104
	88  -  MemoryUsage of job (MB)
	90104  -  ResidentSetSize of job (KB)
...
006 (16214011.035.000) 2026-02-16 17:47:40 Image size of job updated: 255052
	250  -  MemoryUsage of job (MB)
	255052  -  ResidentSetSize of job (KB)
...
006 (16214011.035.000) 2026-02-16 17:52:41 Image size of job updated: 283948
	268  -  MemoryUsage of job (MB)
	274080  -  ResidentSetSize of job (KB)
...
006 (16214011.035.000) 2026-02-16 18:02:41 Image size of job updated: 291072
	269  -  MemoryUsage of job (MB)
	275096  -  ResidentSetSize of job (KB)
...
006 (16214011.035.000) 2026-02-16 18:07:42 Image size of job updated: 291072
	270  -  MemoryUsage of job (MB)
	275576  -  ResidentSetSize of job (KB)
...
006 (16214011.035.000) 2026-02-16 18:12:42 Image size of job updated: 291072
	270  -  MemoryUsage of job (MB)
	275720  -  ResidentSetSize of job (KB)
...
006 (16214011.035.000) 2026-02-16 18:17:42 Image size of job updated: 291072
	270  -  MemoryUsage of job (MB)
	276436  -  ResidentSetSize of job (KB)
...
006 (16214011.035.000) 2026-02-16 18:27:43 Image size of job updated: 291072
	271  -  MemoryUsage of job (MB)
	277388  -  ResidentSetSize of job (KB)
...
006 (16214011.035.000) 2026-02-16 18:37:45 Image size of job updated: 291072
	272  -  MemoryUsage of job (MB)
	277720  -  ResidentSetSize of job (KB)
...
006 (16214011.035.000) 2026-02-16 18:47:45 Image size of job updated: 291072
	272  -  MemoryUsage of job (MB)
	278180  -  ResidentSetSize of job (KB)
...
006 (16214011.035.000) 2026-02-16 18:52:46 Image size of job updated: 291072
	273  -  MemoryUsage of job (MB)
	278788  -  ResidentSetSize of job (KB)
...
006 (16214011.035.000) 2026-02-16 19:02:46 Image size of job updated: 291072
	273  -  MemoryUsage of job (MB)
	279168  -  ResidentSetSize of job (KB)
...
006 (16214011.035.000) 2026-02-16 19:07:47 Image size of job updated: 291072
	274  -  MemoryUsage of job (MB)
	279716  -  ResidentSetSize of job (KB)
...
006 (16214011.035.000) 2026-02-16 19:17:47 Image size of job updated: 291072
	274  -  MemoryUsage of job (MB)
	280372  -  ResidentSetSize of job (KB)
...
006 (16214011.035.000) 2026-02-16 19:22:48 Image size of job updated: 291072
	275  -  MemoryUsage of job (MB)
	280712  -  ResidentSetSize of job (KB)
...
006 (16214011.035.000) 2026-02-16 19:32:48 Image size of job updated: 291072
	275  -  MemoryUsage of job (MB)
	281288  -  ResidentSetSize of job (KB)
...
006 (16214011.035.000) 2026-02-16 19:37:49 Image size of job updated: 291072
	276  -  MemoryUsage of job (MB)
	281776  -  ResidentSetSize of job (KB)
...
006 (16214011.035.000) 2026-02-16 19:47:49 Image size of job updated: 291072
	276  -  MemoryUsage of job (MB)
	282124  -  ResidentSetSize of job (KB)
...
006 (16214011.035.000) 2026-02-16 19:52:50 Image size of job updated: 291072
	277  -  MemoryUsage of job (MB)
	282692  -  ResidentSetSize of job (KB)
...
006 (16214011.035.000) 2026-02-16 20:02:50 Image size of job updated: 291072
	277  -  MemoryUsage of job (MB)
	283024  -  ResidentSetSize of job (KB)
...
006 (16214011.035.000) 2026-02-16 20:07:51 Image size of job updated: 291072
	277  -  MemoryUsage of job (MB)
	283332  -  ResidentSetSize of job (KB)
...
006 (16214011.035.000) 2026-02-16 20:12:51 Image size of job updated: 291072
	278  -  MemoryUsage of job (MB)
	283672  -  ResidentSetSize of job (KB)
...
006 (16214011.035.000) 2026-02-16 20:22:52 Image size of job updated: 291072
	278  -  MemoryUsage of job (MB)
	283712  -  ResidentSetSize of job (KB)
...
