000 (15756404.078.000) 2026-02-06 11:24:33 Job submitted from host: <141.34.103.35:9618?addrs=141.34.103.35-9618+[2001-638-700-f067--1-23]-9618&alias=wgs39.zeuthen.desy.de&noUDP&sock=schedd_7414_f73f>
...
001 (15756404.078.000) 2026-02-06 11:25:01 Job executing on host: <141.34.15.220:9618?addrs=141.34.15.220-9618+[2001-638-700-f00f--1-dc]-9618&alias=pizza28.zeuthen.desy.de&noUDP&sock=startd_8204_d710>
	SlotName: slot1_22@pizza28.zeuthen.desy.de
	CondorScratchDir = "/batch/dir_1497838"
	Cpus = 8
	Disk = 1025696
	GPUs = 0
	Memory = 16384
...
006 (15756404.078.000) 2026-02-06 11:25:08 Image size of job updated: 168
	0  -  MemoryUsage of job (MB)
	0  -  ResidentSetSize of job (KB)
...
005 (15756404.078.000) 2026-02-06 11:25:08 Job terminated.
	(1) Normal termination (return value 1)
		Usr 0 00:00:02, Sys 0 00:00:00  -  Run Remote Usage
		Usr 0 00:00:00, Sys 0 00:00:00  -  Run Local Usage
		Usr 0 00:00:02, Sys 0 00:00:00  -  Total Remote Usage
		Usr 0 00:00:00, Sys 0 00:00:00  -  Total Local Usage
	0  -  Run Bytes Sent By Job
	0  -  Run Bytes Received By Job
	0  -  Total Bytes Sent By Job
	0  -  Total Bytes Received By Job
	Partitionable Resources :    Usage  Request Allocated 
	   Cpus                 :     0.02        8         8 
	   Disk (KB)            :     1     1024000   1025696 
	   GPUs                 :                           0 
	   Memory (MB)          :     0       16384     16384 
	   TimeExecute (s)      :     7                       
	   TimeSlotBusy (s)     :     7                       

	Job terminated of its own accord at 2026-02-06T10:25:08Z with exit-code 1.
...
000 (16213981.104.000) 2026-02-16 17:41:21 Job submitted from host: <141.34.103.35:9618?addrs=141.34.103.35-9618+[2001-638-700-f067--1-23]-9618&alias=wgs39.zeuthen.desy.de&noUDP&sock=schedd_7302_24a3>
...
001 (16213981.104.000) 2026-02-16 17:41:46 Job executing on host: <141.34.14.32:9618?addrs=141.34.14.32-9618+[2001-638-700-f00e--1-20]-9618&alias=ampere01.zeuthen.desy.de&noUDP&sock=startd_8788_6a5f>
	SlotName: slot1_30@ampere01.zeuthen.desy.de
	AvailableGPUs = {  }
	CondorScratchDir = "/batch/dir_2901952"
	Cpus = 1
	Disk = 1025682
	GPUs = 0
	Memory = 5120
...
006 (16213981.104.000) 2026-02-16 17:41:59 Image size of job updated: 89924
	88  -  MemoryUsage of job (MB)
	89924  -  ResidentSetSize of job (KB)
...
006 (16213981.104.000) 2026-02-16 17:46:59 Image size of job updated: 206004
	202  -  MemoryUsage of job (MB)
	206004  -  ResidentSetSize of job (KB)
...
006 (16213981.104.000) 2026-02-16 17:52:00 Image size of job updated: 206008
	202  -  MemoryUsage of job (MB)
	206008  -  ResidentSetSize of job (KB)
...
006 (16213981.104.000) 2026-02-16 17:57:00 Image size of job updated: 206228
	202  -  MemoryUsage of job (MB)
	206228  -  ResidentSetSize of job (KB)
...
006 (16213981.104.000) 2026-02-16 18:07:02 Image size of job updated: 206236
	202  -  MemoryUsage of job (MB)
	206236  -  ResidentSetSize of job (KB)
...
006 (16213981.104.000) 2026-02-16 18:12:02 Image size of job updated: 206748
	202  -  MemoryUsage of job (MB)
	206748  -  ResidentSetSize of job (KB)
...
005 (16213981.104.000) 2026-02-16 18:17:56 Job terminated.
	(1) Normal termination (return value 0)
		Usr 0 00:35:38, Sys 0 00:00:02  -  Run Remote Usage
		Usr 0 00:00:00, Sys 0 00:00:00  -  Run Local Usage
		Usr 0 00:35:38, Sys 0 00:00:02  -  Total Remote Usage
		Usr 0 00:00:00, Sys 0 00:00:00  -  Total Local Usage
	0  -  Run Bytes Sent By Job
	0  -  Run Bytes Received By Job
	0  -  Total Bytes Sent By Job
	0  -  Total Bytes Received By Job
	Partitionable Resources :    Usage  Request Allocated 
	   Cpus                 :     0.99        1         1 
	   Disk (KB)            :     1     1024000   1025682 
	   GPUs                 :                           0 
	   Memory (MB)          :   202        5120      5120 
	   TimeExecute (s)      :  2170                       
	   TimeSlotBusy (s)     :  2170                       

	Job terminated of its own accord at 2026-02-16T17:17:56Z with exit-code 0.
...
