000 (15756408.253.000) 2026-02-06 11:26:57 Job submitted from host: <141.34.103.35:9618?addrs=141.34.103.35-9618+[2001-638-700-f067--1-23]-9618&alias=wgs39.zeuthen.desy.de&noUDP&sock=schedd_7414_f73f>
...
001 (15756408.253.000) 2026-02-10 11:43:53 Job executing on host: <141.34.15.49:9618?addrs=141.34.15.49-9618+[2001-638-700-f00f--1-31]-9618&alias=pizza20.zeuthen.desy.de&noUDP&sock=startd_9146_f947>
	SlotName: slot1_6@pizza20.zeuthen.desy.de
	CondorScratchDir = "/batch/dir_2168487"
	Cpus = 8
	Disk = 1025696
	GPUs = 0
	Memory = 16384
...
006 (15756408.253.000) 2026-02-10 11:44:00 Image size of job updated: 92
	0  -  MemoryUsage of job (MB)
	0  -  ResidentSetSize of job (KB)
...
005 (15756408.253.000) 2026-02-10 11:44:00 Job terminated.
	(1) Normal termination (return value 1)
		Usr 0 00:00:02, Sys 0 00:00:00  -  Run Remote Usage
		Usr 0 00:00:00, Sys 0 00:00:00  -  Run Local Usage
		Usr 0 00:00:02, Sys 0 00:00:00  -  Total Remote Usage
		Usr 0 00:00:00, Sys 0 00:00:00  -  Total Local Usage
	0  -  Run Bytes Sent By Job
	0  -  Run Bytes Received By Job
	0  -  Total Bytes Sent By Job
	0  -  Total Bytes Received By Job
	Partitionable Resources :    Usage  Request Allocated 
	   Cpus                 :        0        8         8 
	   Disk (KB)            :        1  1024000   1025696 
	   GPUs                 :                           0 
	   Memory (MB)          :        0    16384     16384 
	   TimeExecute (s)      :        7                    
	   TimeSlotBusy (s)     :        7                    

	Job terminated of its own accord at 2026-02-10T10:44:00Z with exit-code 1.
...
000 (15951004.169.000) 2026-02-10 16:30:02 Job submitted from host: <141.34.103.35:9618?addrs=141.34.103.35-9618+[2001-638-700-f067--1-23]-9618&alias=wgs39.zeuthen.desy.de&noUDP&sock=schedd_7302_24a3>
...
001 (15951004.169.000) 2026-02-10 18:11:57 Job executing on host: <141.34.15.52:9618?addrs=141.34.15.52-9618+[2001-638-700-f00f--1-34]-9618&alias=pizza23.zeuthen.desy.de&noUDP&sock=startd_8270_1c50>
	SlotName: slot1_24@pizza23.zeuthen.desy.de
	CondorScratchDir = "/batch/dir_1319667"
	Cpus = 1
	Disk = 1025696
	GPUs = 0
	Memory = 5120
...
006 (15951004.169.000) 2026-02-10 18:12:05 Image size of job updated: 204
	0  -  MemoryUsage of job (MB)
	0  -  ResidentSetSize of job (KB)
...
005 (15951004.169.000) 2026-02-10 18:12:05 Job terminated.
	(1) Normal termination (return value 1)
		Usr 0 00:00:01, Sys 0 00:00:00  -  Run Remote Usage
		Usr 0 00:00:00, Sys 0 00:00:00  -  Run Local Usage
		Usr 0 00:00:01, Sys 0 00:00:00  -  Total Remote Usage
		Usr 0 00:00:00, Sys 0 00:00:00  -  Total Local Usage
	0  -  Run Bytes Sent By Job
	0  -  Run Bytes Received By Job
	0  -  Total Bytes Sent By Job
	0  -  Total Bytes Received By Job
	Partitionable Resources :    Usage  Request Allocated 
	   Cpus                 :        0        1         1 
	   Disk (KB)            :        1  1024000   1025696 
	   GPUs                 :                           0 
	   Memory (MB)          :        0     5120      5120 
	   TimeExecute (s)      :        8                    
	   TimeSlotBusy (s)     :        8                    

	Job terminated of its own accord at 2026-02-10T17:12:05Z with exit-code 1.
...
000 (15988842.169.000) 2026-02-11 11:12:46 Job submitted from host: <141.34.103.35:9618?addrs=141.34.103.35-9618+[2001-638-700-f067--1-23]-9618&alias=wgs39.zeuthen.desy.de&noUDP&sock=schedd_7302_24a3>
...
001 (15988842.169.000) 2026-02-11 11:32:53 Job executing on host: <141.34.15.197:9618?addrs=141.34.15.197-9618+[2001-638-700-f00f--1-c5]-9618&alias=bladekd.zeuthen.desy.de&noUDP&sock=startd_9313_8598>
	SlotName: slot1_17@bladekd.zeuthen.desy.de
	CondorScratchDir = "/batch/dir_2525380"
	Cpus = 1
	Disk = 1025024
	GPUs = 0
	Memory = 5120
...
006 (15988842.169.000) 2026-02-11 11:33:00 Image size of job updated: 84
	0  -  MemoryUsage of job (MB)
	0  -  ResidentSetSize of job (KB)
...
005 (15988842.169.000) 2026-02-11 11:33:00 Job terminated.
	(1) Normal termination (return value 1)
		Usr 0 00:00:01, Sys 0 00:00:00  -  Run Remote Usage
		Usr 0 00:00:00, Sys 0 00:00:00  -  Run Local Usage
		Usr 0 00:00:01, Sys 0 00:00:00  -  Total Remote Usage
		Usr 0 00:00:00, Sys 0 00:00:00  -  Total Local Usage
	0  -  Run Bytes Sent By Job
	0  -  Run Bytes Received By Job
	0  -  Total Bytes Sent By Job
	0  -  Total Bytes Received By Job
	Partitionable Resources :    Usage  Request Allocated 
	   Cpus                 :        0        1         1 
	   Disk (KB)            :        1  1024000   1025024 
	   GPUs                 :                           0 
	   Memory (MB)          :        0     5120      5120 
	   TimeExecute (s)      :        7                    
	   TimeSlotBusy (s)     :        7                    

	Job terminated of its own accord at 2026-02-11T10:33:00Z with exit-code 1.
...
000 (16214011.169.000) 2026-02-16 17:42:10 Job submitted from host: <141.34.103.35:9618?addrs=141.34.103.35-9618+[2001-638-700-f067--1-23]-9618&alias=wgs39.zeuthen.desy.de&noUDP&sock=schedd_7302_24a3>
...
001 (16214011.169.000) 2026-02-16 17:42:27 Job executing on host: <141.34.15.180:9618?addrs=141.34.15.180-9618+[2001-638-700-f00f--1-b4]-9618&alias=genoa05.zeuthen.desy.de&noUDP&sock=startd_10367_7a6a>
	SlotName: slot1_39@genoa05.zeuthen.desy.de
	CondorScratchDir = "/batch/dir_4031095"
	Cpus = 1
	Disk = 1025697
	GPUs = 0
	Memory = 5120
...
006 (16214011.169.000) 2026-02-16 17:42:41 Image size of job updated: 87952
	86  -  MemoryUsage of job (MB)
	87952  -  ResidentSetSize of job (KB)
...
006 (16214011.169.000) 2026-02-16 17:47:42 Image size of job updated: 257352
	252  -  MemoryUsage of job (MB)
	257352  -  ResidentSetSize of job (KB)
...
006 (16214011.169.000) 2026-02-16 17:52:42 Image size of job updated: 276220
	270  -  MemoryUsage of job (MB)
	276220  -  ResidentSetSize of job (KB)
...
006 (16214011.169.000) 2026-02-16 17:57:43 Image size of job updated: 291012
	285  -  MemoryUsage of job (MB)
	291012  -  ResidentSetSize of job (KB)
...
006 (16214011.169.000) 2026-02-16 18:02:44 Image size of job updated: 291020
	285  -  MemoryUsage of job (MB)
	291020  -  ResidentSetSize of job (KB)
...
006 (16214011.169.000) 2026-02-16 18:32:46 Image size of job updated: 294184
	285  -  MemoryUsage of job (MB)
	291020  -  ResidentSetSize of job (KB)
...
