~~~~~~~~~~~~~~~~~~~~~~~~~~~~~~

n_qubits: 30, 
r: 44, 
alpha: 0.01, 
shots: 10000, 
ansatz: linear_cnot, 
layer: 1, 
tau: 0.3

time for simulated annealing:  33.81810903549194
Rank 1: Bitstring=101001100001011111010000010100, Decimal=696644628, Energy=-28.3219
Rank 2: Bitstring=101001101001011110011000010100, Decimal=698738196, Energy=-27.7911
Rank 3: Bitstring=100101100001011111010010010100, Decimal=629535892, Energy=-27.3399
Rank 4: Bitstring=100101101001011110011010010100, Decimal=631629460, Energy=-26.8091
Rank 5: Bitstring=101001101100011000001000110100, Decimal=699499060, Energy=-24.9963

E_min from simulated annealing:  -28.3219
Minimum energy: -28.3219
States with energy within 1e-08 of minimum: [696644628]
4


################## Start optimization with initial parameters: [0. 0. 0. 0. 0. 0. 0. 0. 0. 0. 0. 0. 0. 0. 0. 0. 0. 0. 0. 0. 0. 0. 0. 0.
 0. 0. 0. 0. 0. 0. 0. 0. 0. 0. 0. 0. 0. 0. 0. 0. 0. 0. 0. 0. 0. 0. 0. 0.
 0. 0. 0. 0. 0. 0. 0. 0. 0. 0. 0. 0. 0. 0. 0. 0. 0. 0. 0. 0. 0. 0. 0. 0.
 0. 0. 0. 0. 0. 0. 0. 0. 0. 0. 0. 0. 0. 0. 0. 0. 0. 0. 0. 0. 0. 0. 0. 0.
 0. 0. 0. 0. 0. 0. 0. 0. 0. 0. 0. 0. 0. 0. 0. 0. 0. 0. 0. 0. 0. 0. 0. 0.]
Write sucessfully to ./data/data_shots_10000_layer_1/alpha_0.01/N_30/r_44/ansatz_type_linear_cnot/initialization_zeros

vqe.cvar_eval[0]: -13.619500000000011 , min_cvar: -27.7911 , opt_cvar: -27.7911

vqe.poss_eval[-1]: 0 vqe.poss_eval[0] 0  , max_poss: 0.0001 , opt_poss: 0.0001

vqe.r_eval[-1]: 0.9812583195336472 vqe.r_eval[0]: 0.48088228543988965 max_r: 0.9812583195336472 , min_r: 0.4395152161401603
