~~~~~~~~~~~~~~~~~~~~~~~~~~~~~~

n_qubits: 30, 
r: 31, 
alpha: 0.01, 
shots: 10000, 
ansatz: structure_like_qubo_YZ_2, 
layer: 1, 
tau: 0.3

time for simulated annealing:  42.86530828475952
Rank 1: Bitstring=101100110110101111100011111111, Decimal=752548095, Energy=-25.0691
Rank 2: Bitstring=101101110110101111100011111101, Decimal=769325309, Energy=-25.0649
Rank 3: Bitstring=101100110000101111100011111111, Decimal=750975231, Energy=-25.0047
Rank 4: Bitstring=101101110000101111100011111101, Decimal=767752445, Energy=-24.9181
Rank 5: Bitstring=100100110110101111100101111111, Decimal=618330495, Energy=-24.9083
Rank 6: Bitstring=100101110110101111100101111101, Decimal=635107709, Energy=-24.9041
Rank 7: Bitstring=111100100110001101100011110111, Decimal=1016649975, Energy=-24.8459
Rank 8: Bitstring=100100110000101111100101111111, Decimal=616757631, Energy=-24.8439
Rank 9: Bitstring=101101010110101111000011111101, Decimal=760934653, Energy=-24.8427
Rank 10: Bitstring=111101100110001101100011110101, Decimal=1033427189, Energy=-24.8417

E_min from simulated annealing:  -25.0691
Minimum energy: -25.0691
States with energy within 1e-08 of minimum: [752548095]

warm start fidelity ((np.float64(-24.8417), 1033427189), 0.0002)


################## Start optimization with initial parameters: [np.float64(0.47530416811579473), np.float64(0.08366263766488934), np.float64(0.3744010560453896), np.float64(0.07738293276879964), np.float64(-0.33983139624732295), np.float64(0.1100579734829676), np.float64(0.521623000818428), np.float64(-0.13613888777666594), np.float64(-0.4003435430424366), np.float64(-0.2862933783370691), np.float64(-0.014279529371382802), np.float64(0.5080419404117268), np.float64(0.5560767007616545), np.float64(0.4285701902712497), np.float64(0.031734757197387095), np.float64(0.38648996302449784), np.float64(-0.31637360052524544), np.float64(0.4272055806509097), np.float64(-0.36685122396657677), np.float64(-0.022318257838944967), np.float64(0.3832645576120156), np.float64(0.2824923806187143), np.float64(0.43853381381000434), np.float64(-0.07133966016183624), np.float64(0.20295564727043738), np.float64(-0.222836856043928), np.float64(0.48313004699802725), np.float64(0.47455719392616663), np.float64(0.01883888312800428), np.float64(0.12120315277919118), np.float64(-0.2721006514217762), np.float64(-0.2721006514217762), np.float64(-0.21345494077923016), np.float64(-0.21345494077923016), np.float64(-0.1266704844422558), np.float64(-0.1266704844422558), np.float64(0.0813906582093256), np.float64(0.0813906582093256), np.float64(0.17523361408488866), np.float64(0.17523361408488866), np.float64(-0.03237747074365015), np.float64(-0.03237747074365015), np.float64(0.12579897599295017), np.float64(0.12579897599295017), np.float64(0.04084484684241205), np.float64(0.04084484684241205), np.float64(0.09912835956528539), np.float64(0.09912835956528539), np.float64(-0.09615566510498126), np.float64(-0.09615566510498126), np.float64(0.07605704399806197), np.float64(0.07605704399806197), np.float64(0.1480679117065024), np.float64(0.1480679117065024), np.float64(-0.2526035269278181), np.float64(-0.25260348461794047), np.float64(0.00617977901016868), np.float64(0.00617977901016868), np.float64(-0.26537466895957745), np.float64(-0.26537466895957745), np.float64(-0.005279881801737811), np.float64(-0.005279881801737811), np.float64(-0.09450584270777258), np.float64(-0.09450584270777258), np.float64(-0.1103095761033962), np.float64(-0.1103095761033962), np.float64(0.045059299125759775), np.float64(0.045059299125759775), np.float64(-0.0919409121803236), np.float64(-0.0919409121803236), np.float64(0.0), np.float64(0.0), np.float64(-0.1452530222817936), np.float64(-0.1452530222817936), np.float64(0.27050771988324496), np.float64(0.27050771988324496), np.float64(0.24188288645514278), np.float64(0.24188288645514278), np.float64(0.12870256973331332), np.float64(0.12870256973331332), np.float64(0.007889624199755451), np.float64(0.007889624199755451), np.float64(-0.04983790590767356), np.float64(-0.04983790590767356), np.float64(0.2473643447751857), np.float64(0.2473643447751857), np.float64(-0.24651907323259759), np.float64(-0.24651907323259759), np.float64(0.25843872475781005), np.float64(0.25843872475781005), np.float64(0.2555652092458727), np.float64(0.25556512598260395), np.float64(-0.17238451116903852), np.float64(-0.17238451116903852), np.float64(0.26700313018859306), np.float64(0.26700313018859306), np.float64(0.060095981745421426), np.float64(0.060095981745421426), np.float64(-0.07190272962557753), np.float64(-0.07190272962557753), np.float64(0.2044333797104081), np.float64(0.2044333797104081), np.float64(-0.18352128046598687), np.float64(-0.18352128046598687), np.float64(-0.09921655436287995), np.float64(-0.09921655436287995), np.float64(0.25856915749481296), np.float64(0.25856915749481296), np.float64(-0.20534146976274728), np.float64(-0.20534146976274728), np.float64(-0.030850602010484833), np.float64(-0.030850602010484833), np.float64(0.20313867552252307), np.float64(0.20313867552252307), np.float64(-0.2722288981223771), np.float64(-0.2722288981223771), np.float64(-0.07472225418044491), np.float64(-0.07472225418044491), np.float64(0.15371166424402355), np.float64(0.15371166424402355)]
Write sucessfully to ./data/data_shots_10000_layer_1/alpha_0.01/N_30/r_31/ansatz_type_structure_like_qubo_YZ_2/initialization_warm_start_analy

vqe.cvar_eval[0]: -22.971276000000007 , min_cvar: -25.0691 , opt_cvar: -25.0691

vqe.poss_eval[-1]: 0.0095 vqe.poss_eval[0] 0  , max_poss: 0.0181 , opt_poss: 0.0181

vqe.r_eval[-1]: 0.9999916231536035 vqe.r_eval[0]: 0.9163183361189675 max_r: 1.0 , min_r: 0.914533030703137
