~~~~~~~~~~~~~~~~~~~~~~~~~~~~~~

n_qubits: 30, 
r: 7, 
alpha: 0.01, 
shots: 10000, 
ansatz: structure_like_qubo_YZ_2, 
layer: 1, 
tau: 0.3

time for simulated annealing:  37.54584360122681
Rank 1: Bitstring=000010010111010101111111001000, Decimal=39673800, Energy=-21.9139
Rank 2: Bitstring=000000010111010101111111001000, Decimal=6119368, Energy=-21.9027
Rank 3: Bitstring=000000010101011101111101000100, Decimal=5627716, Energy=-21.7159
Rank 4: Bitstring=000010011111010001111011001000, Decimal=41754312, Energy=-21.4845
Rank 5: Bitstring=000000011111010001111011001000, Decimal=8199880, Energy=-21.4733
Rank 6: Bitstring=000000010101011101111101001000, Decimal=5627720, Energy=-21.2495
Rank 7: Bitstring=000010010111110101111110001000, Decimal=39804808, Energy=-21.1113
Rank 8: Bitstring=000000010111110101111110001000, Decimal=6250376, Energy=-21.1001
Rank 9: Bitstring=000010010111010101111111000100, Decimal=39673796, Energy=-20.9071
Rank 10: Bitstring=000000010111010101111111000100, Decimal=6119364, Energy=-20.8959

E_min from simulated annealing:  -21.9139
Minimum energy: -21.9139
States with energy within 1e-08 of minimum: [39673800]


################## Start optimization with initial parameters: [0. 0. 0. 0. 0. 0. 0. 0. 0. 0. 0. 0. 0. 0. 0. 0. 0. 0. 0. 0. 0. 0. 0. 0.
 0. 0. 0. 0. 0. 0. 0. 0. 0. 0. 0. 0. 0. 0. 0. 0. 0. 0. 0. 0. 0. 0. 0. 0.
 0. 0. 0. 0. 0. 0. 0. 0. 0. 0. 0. 0. 0. 0. 0. 0. 0. 0. 0. 0. 0. 0. 0. 0.
 0. 0. 0. 0. 0. 0. 0. 0. 0. 0. 0. 0. 0. 0. 0. 0. 0. 0. 0. 0. 0. 0. 0. 0.
 0. 0. 0. 0. 0. 0. 0. 0. 0. 0. 0. 0. 0. 0. 0. 0. 0. 0. 0. 0. 0. 0. 0. 0.]
Write sucessfully to ./data/data_shots_10000_layer_1/alpha_0.01/N_30/r_7/ansatz_type_structure_like_qubo_YZ_2/initialization_zeros

vqe.cvar_eval[0]: -12.174924000000006 , min_cvar: -20.823848 , opt_cvar: -20.823848

vqe.poss_eval[-1]: 0 vqe.poss_eval[0] 0  , max_poss: 0.0003 , opt_poss: 0.0003

vqe.r_eval[-1]: 0.9478918859719171 vqe.r_eval[0]: 0.5555799743541773 max_r: 0.9502575077918581 , min_r: 0.518475031829113
