~~~~~~~~~~~~~~~~~~~~~~~~~~~~~~

n_qubits: 30, 
r: 78, 
alpha: 0.01, 
shots: 10000, 
ansatz: structure_like_qubo_YZ_2, 
layer: 1, 
tau: 0.3

time for simulated annealing:  48.81552529335022
Rank 1: Bitstring=000011111000101101011100110001, Decimal=65197873, Energy=-24.2785
Rank 2: Bitstring=000011111000101101011100110011, Decimal=65197875, Energy=-24.2039
Rank 3: Bitstring=000011110010110101011000110000, Decimal=63657520, Energy=-24.1553
Rank 4: Bitstring=000011111010111101011000110001, Decimal=65787441, Energy=-24.1439
Rank 5: Bitstring=000011111000101101011101110011, Decimal=65197939, Energy=-24.1131
Rank 6: Bitstring=000011110010111101011000110001, Decimal=63690289, Energy=-24.0811
Rank 7: Bitstring=000011110010110101011000110010, Decimal=63657522, Energy=-24.0807
Rank 8: Bitstring=000001111100001101011100110001, Decimal=32560945, Energy=-24.0709
Rank 9: Bitstring=000011111010111101011000110011, Decimal=65787443, Energy=-24.0693
Rank 10: Bitstring=000011110010110101011000110001, Decimal=63657521, Energy=-24.0403

E_min from simulated annealing:  -24.2785
Minimum energy: -24.2785
States with energy within 1e-08 of minimum: [65197873]


################## Start optimization with initial parameters: [0. 0. 0. 0. 0. 0. 0. 0. 0. 0. 0. 0. 0. 0. 0. 0. 0. 0. 0. 0. 0. 0. 0. 0.
 0. 0. 0. 0. 0. 0. 0. 0. 0. 0. 0. 0. 0. 0. 0. 0. 0. 0. 0. 0. 0. 0. 0. 0.
 0. 0. 0. 0. 0. 0. 0. 0. 0. 0. 0. 0. 0. 0. 0. 0. 0. 0. 0. 0. 0. 0. 0. 0.
 0. 0. 0. 0. 0. 0. 0. 0. 0. 0. 0. 0. 0. 0. 0. 0. 0. 0. 0. 0. 0. 0. 0. 0.
 0. 0. 0. 0. 0. 0. 0. 0. 0. 0. 0. 0. 0. 0. 0. 0. 0. 0. 0. 0. 0. 0. 0. 0.]
Write sucessfully to ./data/data_shots_10000_layer_1/alpha_0.01/N_30/r_78/ansatz_type_structure_like_qubo_YZ_2/initialization_zeros

vqe.cvar_eval[0]: -13.397310000000008 , min_cvar: -24.2785 , opt_cvar: -24.2785

vqe.poss_eval[-1]: 0.0118 vqe.poss_eval[0] 0  , max_poss: 0.0321 , opt_poss: 0.0321

vqe.r_eval[-1]: 1.0 vqe.r_eval[0]: 0.5518178635418172 max_r: 1.0 , min_r: 0.545835203987067
