000 (15756407.063.000) 2026-02-06 11:26:09 Job submitted from host: <141.34.103.35:9618?addrs=141.34.103.35-9618+[2001-638-700-f067--1-23]-9618&alias=wgs39.zeuthen.desy.de&noUDP&sock=schedd_7414_f73f>
...
001 (15756407.063.000) 2026-02-08 15:51:58 Job executing on host: <141.34.15.41:9618?addrs=141.34.15.41-9618+[2001-638-700-f00f--1-29]-9618&alias=pizza12.zeuthen.desy.de&noUDP&sock=startd_8275_8a49>
	SlotName: slot1_8@pizza12.zeuthen.desy.de
	CondorScratchDir = "/batch/dir_3203534"
	Cpus = 8
	Disk = 1025696
	GPUs = 0
	Memory = 16384
...
006 (15756407.063.000) 2026-02-08 15:52:05 Image size of job updated: 92
	0  -  MemoryUsage of job (MB)
	0  -  ResidentSetSize of job (KB)
...
005 (15756407.063.000) 2026-02-08 15:52:05 Job terminated.
	(1) Normal termination (return value 1)
		Usr 0 00:00:02, Sys 0 00:00:00  -  Run Remote Usage
		Usr 0 00:00:00, Sys 0 00:00:00  -  Run Local Usage
		Usr 0 00:00:02, Sys 0 00:00:00  -  Total Remote Usage
		Usr 0 00:00:00, Sys 0 00:00:00  -  Total Local Usage
	0  -  Run Bytes Sent By Job
	0  -  Run Bytes Received By Job
	0  -  Total Bytes Sent By Job
	0  -  Total Bytes Received By Job
	Partitionable Resources :    Usage  Request Allocated 
	   Cpus                 :        0        8         8 
	   Disk (KB)            :        1  1024000   1025696 
	   GPUs                 :                           0 
	   Memory (MB)          :        0    16384     16384 
	   TimeExecute (s)      :        7                    
	   TimeSlotBusy (s)     :        7                    

	Job terminated of its own accord at 2026-02-08T14:52:05Z with exit-code 1.
...
000 (15949294.042.000) 2026-02-10 11:45:18 Job submitted from host: <141.34.103.35:9618?addrs=141.34.103.35-9618+[2001-638-700-f067--1-23]-9618&alias=wgs39.zeuthen.desy.de&noUDP&sock=schedd_7302_24a3>
...
009 (15949294.042.000) 2026-02-10 11:45:46 Job was aborted.
	via condor_rm (by user tuccia)
...
000 (15949295.042.000) 2026-02-10 11:46:04 Job submitted from host: <141.34.103.35:9618?addrs=141.34.103.35-9618+[2001-638-700-f067--1-23]-9618&alias=wgs39.zeuthen.desy.de&noUDP&sock=schedd_7302_24a3>
...
001 (15949295.042.000) 2026-02-10 11:47:34 Job executing on host: <141.34.15.48:9618?addrs=141.34.15.48-9618+[2001-638-700-f00f--1-30]-9618&alias=pizza19.zeuthen.desy.de&noUDP&sock=startd_8419_4fed>
	SlotName: slot1_6@pizza19.zeuthen.desy.de
	CondorScratchDir = "/batch/dir_2473014"
	Cpus = 8
	Disk = 1025696
	GPUs = 0
	Memory = 16384
...
006 (15949295.042.000) 2026-02-10 11:47:40 Image size of job updated: 84
	0  -  MemoryUsage of job (MB)
	0  -  ResidentSetSize of job (KB)
...
005 (15949295.042.000) 2026-02-10 11:47:40 Job terminated.
	(1) Normal termination (return value 1)
		Usr 0 00:00:02, Sys 0 00:00:00  -  Run Remote Usage
		Usr 0 00:00:00, Sys 0 00:00:00  -  Run Local Usage
		Usr 0 00:00:02, Sys 0 00:00:00  -  Total Remote Usage
		Usr 0 00:00:00, Sys 0 00:00:00  -  Total Local Usage
	0  -  Run Bytes Sent By Job
	0  -  Run Bytes Received By Job
	0  -  Total Bytes Sent By Job
	0  -  Total Bytes Received By Job
	Partitionable Resources :    Usage  Request Allocated 
	   Cpus                 :        0        8         8 
	   Disk (KB)            :        1  1024000   1025696 
	   GPUs                 :                           0 
	   Memory (MB)          :        0    16384     16384 
	   TimeExecute (s)      :        6                    
	   TimeSlotBusy (s)     :        6                    

	Job terminated of its own accord at 2026-02-10T10:47:40Z with exit-code 1.
...
000 (16213981.085.000) 2026-02-16 17:41:20 Job submitted from host: <141.34.103.35:9618?addrs=141.34.103.35-9618+[2001-638-700-f067--1-23]-9618&alias=wgs39.zeuthen.desy.de&noUDP&sock=schedd_7302_24a3>
...
001 (16213981.085.000) 2026-02-16 17:41:47 Job executing on host: <141.34.14.34:9618?addrs=141.34.14.34-9618+[2001-638-700-f00e--1-22]-9618&alias=ampere03.zeuthen.desy.de&noUDP&sock=startd_7876_dc00>
	SlotName: slot1_21@ampere03.zeuthen.desy.de
	AvailableGPUs = {  }
	CondorScratchDir = "/batch/dir_1061625"
	Cpus = 1
	Disk = 1025682
	GPUs = 0
	Memory = 5120
...
006 (16213981.085.000) 2026-02-16 17:42:00 Image size of job updated: 89924
	88  -  MemoryUsage of job (MB)
	89924  -  ResidentSetSize of job (KB)
...
006 (16213981.085.000) 2026-02-16 17:47:00 Image size of job updated: 211552
	207  -  MemoryUsage of job (MB)
	211552  -  ResidentSetSize of job (KB)
...
006 (16213981.085.000) 2026-02-16 17:57:02 Image size of job updated: 216980
	212  -  MemoryUsage of job (MB)
	216980  -  ResidentSetSize of job (KB)
...
006 (16213981.085.000) 2026-02-16 18:02:02 Image size of job updated: 217468
	213  -  MemoryUsage of job (MB)
	217468  -  ResidentSetSize of job (KB)
...
006 (16213981.085.000) 2026-02-16 18:22:04 Image size of job updated: 217624
	213  -  MemoryUsage of job (MB)
	217624  -  ResidentSetSize of job (KB)
...
006 (16213981.085.000) 2026-02-16 18:42:05 Image size of job updated: 217780
	213  -  MemoryUsage of job (MB)
	217780  -  ResidentSetSize of job (KB)
...
006 (16213981.085.000) 2026-02-16 18:47:05 Image size of job updated: 218248
	214  -  MemoryUsage of job (MB)
	218248  -  ResidentSetSize of job (KB)
...
006 (16213981.085.000) 2026-02-16 23:07:29 Image size of job updated: 218404
	214  -  MemoryUsage of job (MB)
	218404  -  ResidentSetSize of job (KB)
...
006 (16213981.085.000) 2026-02-17 04:17:57 Image size of job updated: 218596
	214  -  MemoryUsage of job (MB)
	218596  -  ResidentSetSize of job (KB)
...
006 (16213981.085.000) 2026-02-17 04:22:57 Image size of job updated: 218660
	214  -  MemoryUsage of job (MB)
	218660  -  ResidentSetSize of job (KB)
...
006 (16213981.085.000) 2026-02-17 05:23:04 Image size of job updated: 218916
	214  -  MemoryUsage of job (MB)
	218916  -  ResidentSetSize of job (KB)
...
006 (16213981.085.000) 2026-02-17 05:58:08 Image size of job updated: 218936
	214  -  MemoryUsage of job (MB)
	218936  -  ResidentSetSize of job (KB)
...
006 (16213981.085.000) 2026-02-17 06:03:09 Image size of job updated: 219172
	215  -  MemoryUsage of job (MB)
	219172  -  ResidentSetSize of job (KB)
...
006 (16213981.085.000) 2026-02-17 06:33:11 Image size of job updated: 219184
	215  -  MemoryUsage of job (MB)
	219184  -  ResidentSetSize of job (KB)
...
006 (16213981.085.000) 2026-02-17 06:38:12 Image size of job updated: 219428
	215  -  MemoryUsage of job (MB)
	219428  -  ResidentSetSize of job (KB)
...
005 (16213981.085.000) 2026-02-17 06:55:36 Job terminated.
	(1) Normal termination (return value 0)
		Usr 0 13:01:45, Sys 0 00:00:42  -  Run Remote Usage
		Usr 0 00:00:00, Sys 0 00:00:00  -  Run Local Usage
		Usr 0 13:01:45, Sys 0 00:00:42  -  Total Remote Usage
		Usr 0 00:00:00, Sys 0 00:00:00  -  Total Local Usage
	0  -  Run Bytes Sent By Job
	0  -  Run Bytes Received By Job
	0  -  Total Bytes Sent By Job
	0  -  Total Bytes Received By Job
	Partitionable Resources :    Usage  Request Allocated 
	   Cpus                 :     0.99        1         1 
	   Disk (KB)            :     1     1024000   1025682 
	   GPUs                 :                           0 
	   Memory (MB)          :   215        5120      5120 
	   TimeExecute (s)      : 47629                       
	   TimeSlotBusy (s)     : 47630                       

	Job terminated of its own accord at 2026-02-17T05:55:36Z with exit-code 0.
...
