000 (15756404.031.000) 2026-02-06 11:24:33 Job submitted from host: <141.34.103.35:9618?addrs=141.34.103.35-9618+[2001-638-700-f067--1-23]-9618&alias=wgs39.zeuthen.desy.de&noUDP&sock=schedd_7414_f73f>
...
001 (15756404.031.000) 2026-02-06 11:24:50 Job executing on host: <141.34.15.43:9618?addrs=141.34.15.43-9618+[2001-638-700-f00f--1-2b]-9618&alias=pizza14.zeuthen.desy.de&noUDP&sock=startd_8340_1ff1>
	SlotName: slot1_11@pizza14.zeuthen.desy.de
	CondorScratchDir = "/batch/dir_2452116"
	Cpus = 8
	Disk = 1025696
	GPUs = 0
	Memory = 16384
...
006 (15756404.031.000) 2026-02-06 11:25:00 Image size of job updated: 78332
	0  -  MemoryUsage of job (MB)
	0  -  ResidentSetSize of job (KB)
...
005 (15756404.031.000) 2026-02-06 11:25:00 Job terminated.
	(1) Normal termination (return value 1)
		Usr 0 00:00:02, Sys 0 00:00:01  -  Run Remote Usage
		Usr 0 00:00:00, Sys 0 00:00:00  -  Run Local Usage
		Usr 0 00:00:02, Sys 0 00:00:01  -  Total Remote Usage
		Usr 0 00:00:00, Sys 0 00:00:00  -  Total Local Usage
	0  -  Run Bytes Sent By Job
	0  -  Run Bytes Received By Job
	0  -  Total Bytes Sent By Job
	0  -  Total Bytes Received By Job
	Partitionable Resources :    Usage  Request Allocated 
	   Cpus                 :        0        8         8 
	   Disk (KB)            :        1  1024000   1025696 
	   GPUs                 :                           0 
	   Memory (MB)          :        0    16384     16384 
	   TimeExecute (s)      :       10                    
	   TimeSlotBusy (s)     :       10                    

	Job terminated of its own accord at 2026-02-06T10:25:00Z with exit-code 1.
...
000 (16213981.042.000) 2026-02-16 17:41:20 Job submitted from host: <141.34.103.35:9618?addrs=141.34.103.35-9618+[2001-638-700-f067--1-23]-9618&alias=wgs39.zeuthen.desy.de&noUDP&sock=schedd_7302_24a3>
...
001 (16213981.042.000) 2026-02-16 17:41:46 Job executing on host: <141.34.15.51:9618?addrs=141.34.15.51-9618+[2001-638-700-f00f--1-33]-9618&alias=pizza22.zeuthen.desy.de&noUDP&sock=startd_8302_0f58>
	SlotName: slot1_1@pizza22.zeuthen.desy.de
	CondorScratchDir = "/batch/dir_2688718"
	Cpus = 1
	Disk = 1025696
	GPUs = 0
	Memory = 5120
...
006 (16213981.042.000) 2026-02-16 17:41:59 Image size of job updated: 89932
	88  -  MemoryUsage of job (MB)
	89932  -  ResidentSetSize of job (KB)
...
006 (16213981.042.000) 2026-02-16 17:46:59 Image size of job updated: 258088
	244  -  MemoryUsage of job (MB)
	249820  -  ResidentSetSize of job (KB)
...
006 (16213981.042.000) 2026-02-16 17:51:59 Image size of job updated: 259008
	253  -  MemoryUsage of job (MB)
	259008  -  ResidentSetSize of job (KB)
...
006 (16213981.042.000) 2026-02-16 17:57:00 Image size of job updated: 259520
	254  -  MemoryUsage of job (MB)
	259520  -  ResidentSetSize of job (KB)
...
006 (16213981.042.000) 2026-02-16 18:02:00 Image size of job updated: 259528
	254  -  MemoryUsage of job (MB)
	259528  -  ResidentSetSize of job (KB)
...
005 (16213981.042.000) 2026-02-16 23:03:42 Job terminated.
	(1) Normal termination (return value 0)
		Usr 0 05:17:03, Sys 0 00:00:11  -  Run Remote Usage
		Usr 0 00:00:00, Sys 0 00:00:00  -  Run Local Usage
		Usr 0 05:17:03, Sys 0 00:00:11  -  Total Remote Usage
		Usr 0 00:00:00, Sys 0 00:00:00  -  Total Local Usage
	0  -  Run Bytes Sent By Job
	0  -  Run Bytes Received By Job
	0  -  Total Bytes Sent By Job
	0  -  Total Bytes Received By Job
	Partitionable Resources :    Usage  Request Allocated 
	   Cpus                 :     0.99        1         1 
	   Disk (KB)            :     1     1024000   1025696 
	   GPUs                 :                           0 
	   Memory (MB)          :   254        5120      5120 
	   TimeExecute (s)      : 19316                       
	   TimeSlotBusy (s)     : 19316                       

	Job terminated of its own accord at 2026-02-16T22:03:42Z with exit-code 0.
...
