000 (15756407.214.000) 2026-02-06 11:26:10 Job submitted from host: <141.34.103.35:9618?addrs=141.34.103.35-9618+[2001-638-700-f067--1-23]-9618&alias=wgs39.zeuthen.desy.de&noUDP&sock=schedd_7414_f73f>
...
001 (15756407.214.000) 2026-02-08 16:11:04 Job executing on host: <141.34.15.41:9618?addrs=141.34.15.41-9618+[2001-638-700-f00f--1-29]-9618&alias=pizza12.zeuthen.desy.de&noUDP&sock=startd_8275_8a49>
	SlotName: slot1_8@pizza12.zeuthen.desy.de
	CondorScratchDir = "/batch/dir_3212412"
	Cpus = 8
	Disk = 1025696
	GPUs = 0
	Memory = 16384
...
006 (15756407.214.000) 2026-02-08 16:11:10 Image size of job updated: 36
	0  -  MemoryUsage of job (MB)
	0  -  ResidentSetSize of job (KB)
...
005 (15756407.214.000) 2026-02-08 16:11:10 Job terminated.
	(1) Normal termination (return value 1)
		Usr 0 00:00:02, Sys 0 00:00:00  -  Run Remote Usage
		Usr 0 00:00:00, Sys 0 00:00:00  -  Run Local Usage
		Usr 0 00:00:02, Sys 0 00:00:00  -  Total Remote Usage
		Usr 0 00:00:00, Sys 0 00:00:00  -  Total Local Usage
	0  -  Run Bytes Sent By Job
	0  -  Run Bytes Received By Job
	0  -  Total Bytes Sent By Job
	0  -  Total Bytes Received By Job
	Partitionable Resources :    Usage  Request Allocated 
	   Cpus                 :        0        8         8 
	   Disk (KB)            :        1  1024000   1025696 
	   GPUs                 :                           0 
	   Memory (MB)          :        0    16384     16384 
	   TimeExecute (s)      :        6                    
	   TimeSlotBusy (s)     :        6                    

	Job terminated of its own accord at 2026-02-08T15:11:10Z with exit-code 1.
...
000 (15949294.143.000) 2026-02-10 11:45:19 Job submitted from host: <141.34.103.35:9618?addrs=141.34.103.35-9618+[2001-638-700-f067--1-23]-9618&alias=wgs39.zeuthen.desy.de&noUDP&sock=schedd_7302_24a3>
...
009 (15949294.143.000) 2026-02-10 11:45:46 Job was aborted.
	via condor_rm (by user tuccia)
...
000 (15949295.143.000) 2026-02-10 11:46:04 Job submitted from host: <141.34.103.35:9618?addrs=141.34.103.35-9618+[2001-638-700-f067--1-23]-9618&alias=wgs39.zeuthen.desy.de&noUDP&sock=schedd_7302_24a3>
...
001 (15949295.143.000) 2026-02-10 11:48:06 Job executing on host: <141.34.15.43:9618?addrs=141.34.15.43-9618+[2001-638-700-f00f--1-2b]-9618&alias=pizza14.zeuthen.desy.de&noUDP&sock=startd_8340_1ff1>
	SlotName: slot1_5@pizza14.zeuthen.desy.de
	CondorScratchDir = "/batch/dir_1732344"
	Cpus = 8
	Disk = 1025696
	GPUs = 0
	Memory = 16384
...
006 (15949295.143.000) 2026-02-10 11:48:13 Image size of job updated: 156
	0  -  MemoryUsage of job (MB)
	0  -  ResidentSetSize of job (KB)
...
005 (15949295.143.000) 2026-02-10 11:48:13 Job terminated.
	(1) Normal termination (return value 1)
		Usr 0 00:00:02, Sys 0 00:00:00  -  Run Remote Usage
		Usr 0 00:00:00, Sys 0 00:00:00  -  Run Local Usage
		Usr 0 00:00:02, Sys 0 00:00:00  -  Total Remote Usage
		Usr 0 00:00:00, Sys 0 00:00:00  -  Total Local Usage
	0  -  Run Bytes Sent By Job
	0  -  Run Bytes Received By Job
	0  -  Total Bytes Sent By Job
	0  -  Total Bytes Received By Job
	Partitionable Resources :    Usage  Request Allocated 
	   Cpus                 :        0        8         8 
	   Disk (KB)            :        1  1024000   1025696 
	   GPUs                 :                           0 
	   Memory (MB)          :        0    16384     16384 
	   TimeExecute (s)      :        7                    
	   TimeSlotBusy (s)     :        7                    

	Job terminated of its own accord at 2026-02-10T10:48:13Z with exit-code 1.
...
000 (16213981.287.000) 2026-02-16 17:41:23 Job submitted from host: <141.34.103.35:9618?addrs=141.34.103.35-9618+[2001-638-700-f067--1-23]-9618&alias=wgs39.zeuthen.desy.de&noUDP&sock=schedd_7302_24a3>
...
001 (16213981.287.000) 2026-02-16 17:41:46 Job executing on host: <141.34.15.48:9618?addrs=141.34.15.48-9618+[2001-638-700-f00f--1-30]-9618&alias=pizza19.zeuthen.desy.de&noUDP&sock=startd_8419_4fed>
	SlotName: slot1_11@pizza19.zeuthen.desy.de
	CondorScratchDir = "/batch/dir_2524285"
	Cpus = 1
	Disk = 1025696
	GPUs = 0
	Memory = 5120
...
006 (16213981.287.000) 2026-02-16 17:41:59 Image size of job updated: 90000
	88  -  MemoryUsage of job (MB)
	90000  -  ResidentSetSize of job (KB)
...
006 (16213981.287.000) 2026-02-16 17:47:00 Image size of job updated: 257592
	246  -  MemoryUsage of job (MB)
	251076  -  ResidentSetSize of job (KB)
...
006 (16213981.287.000) 2026-02-16 17:52:01 Image size of job updated: 257592
	247  -  MemoryUsage of job (MB)
	251932  -  ResidentSetSize of job (KB)
...
006 (16213981.287.000) 2026-02-16 17:57:01 Image size of job updated: 257592
	247  -  MemoryUsage of job (MB)
	251948  -  ResidentSetSize of job (KB)
...
006 (16213981.287.000) 2026-02-16 18:07:02 Image size of job updated: 259064
	253  -  MemoryUsage of job (MB)
	259064  -  ResidentSetSize of job (KB)
...
006 (16213981.287.000) 2026-02-16 18:12:02 Image size of job updated: 260772
	255  -  MemoryUsage of job (MB)
	260772  -  ResidentSetSize of job (KB)
...
006 (16213981.287.000) 2026-02-16 19:32:09 Image size of job updated: 260912
	255  -  MemoryUsage of job (MB)
	260912  -  ResidentSetSize of job (KB)
...
006 (16213981.287.000) 2026-02-16 22:07:26 Image size of job updated: 261580
	256  -  MemoryUsage of job (MB)
	261580  -  ResidentSetSize of job (KB)
...
006 (16213981.287.000) 2026-02-16 22:57:31 Image size of job updated: 261716
	256  -  MemoryUsage of job (MB)
	261716  -  ResidentSetSize of job (KB)
...
005 (16213981.287.000) 2026-02-17 09:06:59 Job terminated.
	(1) Normal termination (return value 0)
		Usr 0 15:17:55, Sys 0 00:00:04  -  Run Remote Usage
		Usr 0 00:00:00, Sys 0 00:00:00  -  Run Local Usage
		Usr 0 15:17:55, Sys 0 00:00:04  -  Total Remote Usage
		Usr 0 00:00:00, Sys 0 00:00:00  -  Total Local Usage
	0  -  Run Bytes Sent By Job
	0  -  Run Bytes Received By Job
	0  -  Total Bytes Sent By Job
	0  -  Total Bytes Received By Job
	Partitionable Resources :    Usage  Request Allocated 
	   Cpus                 :     0.99        1         1 
	   Disk (KB)            :     1     1024000   1025696 
	   GPUs                 :                           0 
	   Memory (MB)          :   256        5120      5120 
	   TimeExecute (s)      : 55513                       
	   TimeSlotBusy (s)     : 55513                       

	Job terminated of its own accord at 2026-02-17T08:06:59Z with exit-code 0.
...
