000 (15756404.183.000) 2026-02-06 11:24:34 Job submitted from host: <141.34.103.35:9618?addrs=141.34.103.35-9618+[2001-638-700-f067--1-23]-9618&alias=wgs39.zeuthen.desy.de&noUDP&sock=schedd_7414_f73f>
...
001 (15756404.183.000) 2026-02-06 11:31:27 Job executing on host: <141.34.103.54:9618?addrs=141.34.103.54-9618+[2001-638-700-f067--1-36]-9618&alias=wgs44.zeuthen.desy.de&noUDP&sock=startd_7775_94ef>
	SlotName: slot1_17@wgs44.zeuthen.desy.de
	CondorScratchDir = "/batch/dir_1249726"
	Cpus = 8
	Disk = 1025025
	GPUs = 0
	Memory = 16384
...
006 (15756404.183.000) 2026-02-06 11:31:34 Image size of job updated: 152
	0  -  MemoryUsage of job (MB)
	0  -  ResidentSetSize of job (KB)
...
005 (15756404.183.000) 2026-02-06 11:31:34 Job terminated.
	(1) Normal termination (return value 1)
		Usr 0 00:00:02, Sys 0 00:00:00  -  Run Remote Usage
		Usr 0 00:00:00, Sys 0 00:00:00  -  Run Local Usage
		Usr 0 00:00:02, Sys 0 00:00:00  -  Total Remote Usage
		Usr 0 00:00:00, Sys 0 00:00:00  -  Total Local Usage
	0  -  Run Bytes Sent By Job
	0  -  Run Bytes Received By Job
	0  -  Total Bytes Sent By Job
	0  -  Total Bytes Received By Job
	Partitionable Resources :    Usage  Request Allocated 
	   Cpus                 :        0        8         8 
	   Disk (KB)            :        1  1024000   1025025 
	   GPUs                 :                           0 
	   Memory (MB)          :        0    16384     16384 
	   TimeExecute (s)      :        7                    
	   TimeSlotBusy (s)     :        7                    

	Job terminated of its own accord at 2026-02-06T10:31:34Z with exit-code 1.
...
000 (16213981.244.000) 2026-02-16 17:41:22 Job submitted from host: <141.34.103.35:9618?addrs=141.34.103.35-9618+[2001-638-700-f067--1-23]-9618&alias=wgs39.zeuthen.desy.de&noUDP&sock=schedd_7302_24a3>
...
001 (16213981.244.000) 2026-02-16 17:41:46 Job executing on host: <141.34.15.220:9618?addrs=141.34.15.220-9618+[2001-638-700-f00f--1-dc]-9618&alias=pizza28.zeuthen.desy.de&noUDP&sock=startd_8204_d710>
	SlotName: slot1_4@pizza28.zeuthen.desy.de
	CondorScratchDir = "/batch/dir_4100741"
	Cpus = 1
	Disk = 1025696
	GPUs = 0
	Memory = 5120
...
006 (16213981.244.000) 2026-02-16 17:41:59 Image size of job updated: 89944
	88  -  MemoryUsage of job (MB)
	89944  -  ResidentSetSize of job (KB)
...
006 (16213981.244.000) 2026-02-16 17:46:59 Image size of job updated: 223552
	202  -  MemoryUsage of job (MB)
	206212  -  ResidentSetSize of job (KB)
...
006 (16213981.244.000) 2026-02-16 17:52:00 Image size of job updated: 223552
	202  -  MemoryUsage of job (MB)
	206436  -  ResidentSetSize of job (KB)
...
006 (16213981.244.000) 2026-02-16 17:57:00 Image size of job updated: 223552
	202  -  MemoryUsage of job (MB)
	206460  -  ResidentSetSize of job (KB)
...
006 (16213981.244.000) 2026-02-16 18:07:01 Image size of job updated: 223552
	202  -  MemoryUsage of job (MB)
	206464  -  ResidentSetSize of job (KB)
...
006 (16213981.244.000) 2026-02-16 18:17:01 Image size of job updated: 223552
	202  -  MemoryUsage of job (MB)
	206720  -  ResidentSetSize of job (KB)
...
005 (16213981.244.000) 2026-02-16 18:22:59 Job terminated.
	(1) Normal termination (return value 0)
		Usr 0 00:40:41, Sys 0 00:00:01  -  Run Remote Usage
		Usr 0 00:00:00, Sys 0 00:00:00  -  Run Local Usage
		Usr 0 00:40:41, Sys 0 00:00:01  -  Total Remote Usage
		Usr 0 00:00:00, Sys 0 00:00:00  -  Total Local Usage
	0  -  Run Bytes Sent By Job
	0  -  Run Bytes Received By Job
	0  -  Total Bytes Sent By Job
	0  -  Total Bytes Received By Job
	Partitionable Resources :    Usage  Request Allocated 
	   Cpus                 :     0.99        1         1 
	   Disk (KB)            :     1     1024000   1025696 
	   GPUs                 :                           0 
	   Memory (MB)          :   202        5120      5120 
	   TimeExecute (s)      :  2473                       
	   TimeSlotBusy (s)     :  2473                       

	Job terminated of its own accord at 2026-02-16T17:22:59Z with exit-code 0.
...
