000 (15756404.184.000) 2026-02-06 11:24:34 Job submitted from host: <141.34.103.35:9618?addrs=141.34.103.35-9618+[2001-638-700-f067--1-23]-9618&alias=wgs39.zeuthen.desy.de&noUDP&sock=schedd_7414_f73f>
...
001 (15756404.184.000) 2026-02-06 11:31:27 Job executing on host: <141.34.15.42:9618?addrs=141.34.15.42-9618+[2001-638-700-f00f--1-2a]-9618&alias=pizza13.zeuthen.desy.de&noUDP&sock=startd_8168_25a7>
	SlotName: slot1_13@pizza13.zeuthen.desy.de
	CondorScratchDir = "/batch/dir_4132187"
	Cpus = 8
	Disk = 1025696
	GPUs = 0
	Memory = 16384
...
006 (15756404.184.000) 2026-02-06 11:31:34 Image size of job updated: 144
	0  -  MemoryUsage of job (MB)
	0  -  ResidentSetSize of job (KB)
...
005 (15756404.184.000) 2026-02-06 11:31:34 Job terminated.
	(1) Normal termination (return value 1)
		Usr 0 00:00:02, Sys 0 00:00:00  -  Run Remote Usage
		Usr 0 00:00:00, Sys 0 00:00:00  -  Run Local Usage
		Usr 0 00:00:02, Sys 0 00:00:00  -  Total Remote Usage
		Usr 0 00:00:00, Sys 0 00:00:00  -  Total Local Usage
	0  -  Run Bytes Sent By Job
	0  -  Run Bytes Received By Job
	0  -  Total Bytes Sent By Job
	0  -  Total Bytes Received By Job
	Partitionable Resources :    Usage  Request Allocated 
	   Cpus                 :        0        8         8 
	   Disk (KB)            :        1  1024000   1025696 
	   GPUs                 :                           0 
	   Memory (MB)          :        0    16384     16384 
	   TimeExecute (s)      :        7                    
	   TimeSlotBusy (s)     :        7                    

	Job terminated of its own accord at 2026-02-06T10:31:34Z with exit-code 1.
...
000 (16213981.246.000) 2026-02-16 17:41:22 Job submitted from host: <141.34.103.35:9618?addrs=141.34.103.35-9618+[2001-638-700-f067--1-23]-9618&alias=wgs39.zeuthen.desy.de&noUDP&sock=schedd_7302_24a3>
...
001 (16213981.246.000) 2026-02-16 17:41:46 Job executing on host: <141.34.15.201:9618?addrs=141.34.15.201-9618+[2001-638-700-f00f--1-c9]-9618&alias=pizza03.zeuthen.desy.de&noUDP&sock=startd_9148_5877>
	SlotName: slot1_6@pizza03.zeuthen.desy.de
	CondorScratchDir = "/batch/dir_2426636"
	Cpus = 1
	Disk = 1025696
	GPUs = 0
	Memory = 5120
...
006 (16213981.246.000) 2026-02-16 17:41:59 Image size of job updated: 91972
	90  -  MemoryUsage of job (MB)
	91972  -  ResidentSetSize of job (KB)
...
006 (16213981.246.000) 2026-02-16 17:46:59 Image size of job updated: 307964
	247  -  MemoryUsage of job (MB)
	252136  -  ResidentSetSize of job (KB)
...
006 (16213981.246.000) 2026-02-16 17:52:00 Image size of job updated: 307964
	247  -  MemoryUsage of job (MB)
	252140  -  ResidentSetSize of job (KB)
...
006 (16213981.246.000) 2026-02-16 17:57:00 Image size of job updated: 307964
	251  -  MemoryUsage of job (MB)
	256024  -  ResidentSetSize of job (KB)
...
006 (16213981.246.000) 2026-02-16 18:57:04 Image size of job updated: 307964
	253  -  MemoryUsage of job (MB)
	258288  -  ResidentSetSize of job (KB)
...
006 (16213981.246.000) 2026-02-16 19:27:08 Image size of job updated: 307964
	253  -  MemoryUsage of job (MB)
	258632  -  ResidentSetSize of job (KB)
...
006 (16213981.246.000) 2026-02-16 19:32:08 Image size of job updated: 307964
	253  -  MemoryUsage of job (MB)
	258800  -  ResidentSetSize of job (KB)
...
006 (16213981.246.000) 2026-02-16 21:07:18 Image size of job updated: 307964
	253  -  MemoryUsage of job (MB)
	258804  -  ResidentSetSize of job (KB)
...
006 (16213981.246.000) 2026-02-16 21:12:18 Image size of job updated: 307964
	253  -  MemoryUsage of job (MB)
	258848  -  ResidentSetSize of job (KB)
...
006 (16213981.246.000) 2026-02-16 21:17:19 Image size of job updated: 307964
	253  -  MemoryUsage of job (MB)
	258916  -  ResidentSetSize of job (KB)
...
006 (16213981.246.000) 2026-02-16 21:52:23 Image size of job updated: 307964
	253  -  MemoryUsage of job (MB)
	258920  -  ResidentSetSize of job (KB)
...
006 (16213981.246.000) 2026-02-16 21:57:23 Image size of job updated: 307964
	253  -  MemoryUsage of job (MB)
	259040  -  ResidentSetSize of job (KB)
...
006 (16213981.246.000) 2026-02-16 22:07:25 Image size of job updated: 307964
	253  -  MemoryUsage of job (MB)
	259056  -  ResidentSetSize of job (KB)
...
006 (16213981.246.000) 2026-02-16 22:12:25 Image size of job updated: 307964
	254  -  MemoryUsage of job (MB)
	259188  -  ResidentSetSize of job (KB)
...
006 (16213981.246.000) 2026-02-16 22:17:26 Image size of job updated: 307964
	254  -  MemoryUsage of job (MB)
	259264  -  ResidentSetSize of job (KB)
...
006 (16213981.246.000) 2026-02-16 22:22:27 Image size of job updated: 307964
	254  -  MemoryUsage of job (MB)
	259312  -  ResidentSetSize of job (KB)
...
006 (16213981.246.000) 2026-02-16 22:27:27 Image size of job updated: 307964
	254  -  MemoryUsage of job (MB)
	259568  -  ResidentSetSize of job (KB)
...
006 (16213981.246.000) 2026-02-16 22:42:29 Image size of job updated: 307964
	254  -  MemoryUsage of job (MB)
	259800  -  ResidentSetSize of job (KB)
...
006 (16213981.246.000) 2026-02-16 22:47:29 Image size of job updated: 307964
	254  -  MemoryUsage of job (MB)
	259824  -  ResidentSetSize of job (KB)
...
006 (16213981.246.000) 2026-02-16 23:02:30 Image size of job updated: 307964
	254  -  MemoryUsage of job (MB)
	259856  -  ResidentSetSize of job (KB)
...
006 (16213981.246.000) 2026-02-16 23:12:31 Image size of job updated: 307964
	254  -  MemoryUsage of job (MB)
	260080  -  ResidentSetSize of job (KB)
...
005 (16213981.246.000) 2026-02-17 00:29:51 Job terminated.
	(1) Normal termination (return value 0)
		Usr 0 06:43:25, Sys 0 00:00:03  -  Run Remote Usage
		Usr 0 00:00:00, Sys 0 00:00:00  -  Run Local Usage
		Usr 0 06:43:25, Sys 0 00:00:03  -  Total Remote Usage
		Usr 0 00:00:00, Sys 0 00:00:00  -  Total Local Usage
	0  -  Run Bytes Sent By Job
	0  -  Run Bytes Received By Job
	0  -  Total Bytes Sent By Job
	0  -  Total Bytes Received By Job
	Partitionable Resources :    Usage  Request Allocated 
	   Cpus                 :     0.99        1         1 
	   Disk (KB)            :     1     1024000   1025696 
	   GPUs                 :                           0 
	   Memory (MB)          :   254        5120      5120 
	   TimeExecute (s)      : 24485                       
	   TimeSlotBusy (s)     : 24485                       

	Job terminated of its own accord at 2026-02-16T23:29:51Z with exit-code 0.
...
