~~~~~~~~~~~~~~~~~~~~~~~~~~~~~~

n_qubits: 30, 
r: 0, 
alpha: 0.01, 
shots: 10000, 
ansatz: structure_like_qubo_YZ_2, 
layer: 1, 
tau: 0.3

time for simulated annealing:  44.161017656326294
Rank 1: Bitstring=110110101101010001011100100100, Decimal=917837604, Energy=-23.7558
Rank 2: Bitstring=000011010111101100000011111111, Decimal=56541439, Energy=-23.22
Rank 3: Bitstring=110111101101011001011100100100, Decimal=934647588, Energy=-23.2194
Rank 4: Bitstring=000011010111001100000111111111, Decimal=56410623, Energy=-23.1924
Rank 5: Bitstring=010011010111101000001011100111, Decimal=324960999, Energy=-23.1644
Rank 6: Bitstring=010011010111001000001111100111, Decimal=324830183, Energy=-23.1368
Rank 7: Bitstring=110111101101011001111100100000, Decimal=934649632, Energy=-23.1106
Rank 8: Bitstring=000011010111001100100111111011, Decimal=56412667, Energy=-23.0836
Rank 9: Bitstring=010011010111001000101111100011, Decimal=324832227, Energy=-23.028
Rank 10: Bitstring=110110101111000001011100100110, Decimal=918296358, Energy=-22.7614

E_min from simulated annealing:  -23.7558
Minimum energy: -23.7558
States with energy within 1e-08 of minimum: [917837604]

warm start fidelity ((np.float64(-22.1544), 935171878), 0.0001)


################## Start optimization with initial parameters: [np.float64(-0.29675300222314804), np.float64(0.4217930724211354), np.float64(-0.07582748893244899), np.float64(-0.311237161398052), np.float64(0.13239288102404914), np.float64(0.46862471317011184), np.float64(-0.07941666412774906), np.float64(-0.4446631370637429), np.float64(0.14083358031274223), np.float64(0.39181918401601346), np.float64(-0.34988258641664904), np.float64(-0.27574389194414617), np.float64(-0.10194370920218149), np.float64(-0.5144797165149791), np.float64(0.21105906403499924), np.float64(0.25315717850573166), np.float64(-0.34248895056876916), np.float64(-0.38142767831013774), np.float64(0.28024422934527027), np.float64(-0.19966333691210048), np.float64(0.07397277873569164), np.float64(-0.530444645794793), np.float64(0.10027220263835061), np.float64(0.29835913659748925), np.float64(-0.04762204117359073), np.float64(0.25379603513231574), np.float64(-0.06768847478690672), np.float64(0.08981943976687948), np.float64(0.517611635644091), np.float64(-0.4415735293682929), np.float64(0.045895979861190095), np.float64(0.045895979861190095), np.float64(-0.04514906795143146), np.float64(-0.04514906795143146), np.float64(0.21389178626247377), np.float64(0.21389178626247377), np.float64(0.2346586920298785), np.float64(0.2346586920298785), np.float64(0.22021452980336317), np.float64(0.22021452980336317), np.float64(0.2437931121229401), np.float64(0.2437931121229401), np.float64(-0.24915799269014255), np.float64(-0.24915799269014255), np.float64(-0.07573085830964509), np.float64(-0.07573085830964509), np.float64(-0.012688678369380544), np.float64(-0.012688678369380544), np.float64(0.07549356296844723), np.float64(0.07549356296844723), np.float64(0.23530064809919854), np.float64(0.23530064809919854), np.float64(0.0035699683867698034), np.float64(0.0035699683867698034), np.float64(0.253364520682564), np.float64(0.253364520682564), np.float64(-0.22692303577551673), np.float64(-0.22692303577551673), np.float64(-0.25593140588735175), np.float64(-0.25593140588735175), np.float64(-0.12716418241215105), np.float64(-0.12716418241215105), np.float64(0.1289928130061048), np.float64(0.1289928130061048), np.float64(0.08689227621018435), np.float64(0.08689227621018435), np.float64(-0.008969504346311526), np.float64(-0.008969504346311526), np.float64(-0.24965850484921087), np.float64(-0.24965850484921087), np.float64(0.15950622493509586), np.float64(0.15950622493509586), np.float64(0.07709488555916215), np.float64(0.07709488555916215), np.float64(-0.03991787661331035), np.float64(-0.03991787661331035), np.float64(0.06081065996073338), np.float64(0.06081065996073338), np.float64(-0.18231648009848536), np.float64(-0.18231648009848536), np.float64(-0.030311594996442745), np.float64(-0.030311594996442745), np.float64(0.14073374840249694), np.float64(0.14073374840249694), np.float64(-0.2823789522728321), np.float64(-0.2823789522728321), np.float64(-0.03928986997934733), np.float64(-0.03928986997934733), np.float64(-0.12178452530777556), np.float64(-0.12178452530777556), np.float64(0.05306088973031425), np.float64(0.05306088973031425), np.float64(-0.017066604838809746), np.float64(-0.017066604838809746), np.float64(0.059053252948456425), np.float64(0.059053252948456425), np.float64(-0.2435810965446973), np.float64(-0.2435810965446973), np.float64(-0.26015839753282827), np.float64(-0.26015839753282827), np.float64(0.00740975099374957), np.float64(0.00740975099374957), np.float64(0.2616148840162118), np.float64(0.2616148840162118), np.float64(-0.10946038791938215), np.float64(-0.10946038791938215), np.float64(0.2748677926329057), np.float64(0.2748677926329057), np.float64(-0.23570172330936112), np.float64(-0.23570172330936112), np.float64(-0.19597852196032406), np.float64(-0.19597852196032406), np.float64(0.201345810047492), np.float64(0.201345810047492), np.float64(-0.04341573671015542), np.float64(-0.04341573671015542), np.float64(-0.1756843908427053), np.float64(-0.1756843908427053), np.float64(-0.22719267086404868), np.float64(-0.22719267086404868)]
Write sucessfully to ./data/data_shots_10000_layer_1/alpha_0.01/N_30/r_0/ansatz_type_structure_like_qubo_YZ_2/initialization_warm_start_analy

vqe.cvar_eval[0]: -20.646346000000005 , min_cvar: -23.166068 , opt_cvar: -23.166068

vqe.poss_eval[-1]: 0 vqe.poss_eval[0] 0  , max_poss: 0 , opt_poss: 0

vqe.r_eval[-1]: 0.9748261898146979 vqe.r_eval[0]: 0.869107586357858 max_r: 0.9751752414147281 , min_r: 0.8495728201112993
