~~~~~~~~~~~~~~~~~~~~~~~~~~~~~~

n_qubits: 30, 
r: 52, 
alpha: 0.001, 
shots: 100000, 
ansatz: linear_cnot, 
layer: 1, 
tau: 0.3

time for simulated annealing:  39.95715022087097
Rank 1: Bitstring=011100111111100001110010000001, Decimal=486415489, Energy=-26.5267
Rank 2: Bitstring=000110111111100011110010000001, Decimal=117324929, Energy=-25.7343
Rank 3: Bitstring=000010111111110011110010000000, Decimal=50281600, Energy=-24.4229
Rank 4: Bitstring=111101110110110001111110100001, Decimal=1037770657, Energy=-24.2607
Rank 5: Bitstring=000110101111000011110010001001, Decimal=112999561, Energy=-23.8881
Rank 6: Bitstring=111101111110110001111010100001, Decimal=1039867553, Energy=-23.7841
Rank 7: Bitstring=100111110110110011111110100001, Decimal=668680097, Energy=-23.4683

E_min from simulated annealing:  -26.5267
Minimum energy: -26.5267
States with energy within 1e-08 of minimum: [486415489]
4


################## Start optimization with initial parameters: [0. 0. 0. 0. 0. 0. 0. 0. 0. 0. 0. 0. 0. 0. 0. 0. 0. 0. 0. 0. 0. 0. 0. 0.
 0. 0. 0. 0. 0. 0. 0. 0. 0. 0. 0. 0. 0. 0. 0. 0. 0. 0. 0. 0. 0. 0. 0. 0.
 0. 0. 0. 0. 0. 0. 0. 0. 0. 0. 0. 0. 0. 0. 0. 0. 0. 0. 0. 0. 0. 0. 0. 0.
 0. 0. 0. 0. 0. 0. 0. 0. 0. 0. 0. 0. 0. 0. 0. 0. 0. 0. 0. 0. 0. 0. 0. 0.
 0. 0. 0. 0. 0. 0. 0. 0. 0. 0. 0. 0. 0. 0. 0. 0. 0. 0. 0. 0. 0. 0. 0. 0.]
Write sucessfully to ./data/data_shots_100000_layer_1/alpha_0.001/N_30/r_52/ansatz_type_linear_cnot/initialization_zeros

vqe.cvar_eval[0]: -16.991769999999967 , min_cvar: -26.5267 , opt_cvar: -26.5267

vqe.poss_eval[-1]: 0.00087 vqe.poss_eval[0] 0  , max_poss: 0.00157 , opt_poss: 0.00157

vqe.r_eval[-1]: 0.9989277218802188 vqe.r_eval[0]: 0.640553480078561 max_r: 1.0 , min_r: 0.6389599158583603
