000 (15756404.232.000) 2026-02-06 11:24:34 Job submitted from host: <141.34.103.35:9618?addrs=141.34.103.35-9618+[2001-638-700-f067--1-23]-9618&alias=wgs39.zeuthen.desy.de&noUDP&sock=schedd_7414_f73f>
...
001 (15756404.232.000) 2026-02-06 11:31:55 Job executing on host: <141.34.15.44:9618?addrs=141.34.15.44-9618+[2001-638-700-f00f--1-2c]-9618&alias=pizza15.zeuthen.desy.de&noUDP&sock=startd_8410_2393>
	SlotName: slot1_19@pizza15.zeuthen.desy.de
	CondorScratchDir = "/batch/dir_3267350"
	Cpus = 8
	Disk = 1025696
	GPUs = 0
	Memory = 16384
...
006 (15756404.232.000) 2026-02-06 11:32:02 Image size of job updated: 96
	0  -  MemoryUsage of job (MB)
	0  -  ResidentSetSize of job (KB)
...
005 (15756404.232.000) 2026-02-06 11:32:02 Job terminated.
	(1) Normal termination (return value 1)
		Usr 0 00:00:02, Sys 0 00:00:00  -  Run Remote Usage
		Usr 0 00:00:00, Sys 0 00:00:00  -  Run Local Usage
		Usr 0 00:00:02, Sys 0 00:00:00  -  Total Remote Usage
		Usr 0 00:00:00, Sys 0 00:00:00  -  Total Local Usage
	0  -  Run Bytes Sent By Job
	0  -  Run Bytes Received By Job
	0  -  Total Bytes Sent By Job
	0  -  Total Bytes Received By Job
	Partitionable Resources :    Usage  Request Allocated 
	   Cpus                 :        0        8         8 
	   Disk (KB)            :        1  1024000   1025696 
	   GPUs                 :                           0 
	   Memory (MB)          :        0    16384     16384 
	   TimeExecute (s)      :        7                    
	   TimeSlotBusy (s)     :        7                    

	Job terminated of its own accord at 2026-02-06T10:32:02Z with exit-code 1.
...
000 (16213981.310.000) 2026-02-16 17:41:23 Job submitted from host: <141.34.103.35:9618?addrs=141.34.103.35-9618+[2001-638-700-f067--1-23]-9618&alias=wgs39.zeuthen.desy.de&noUDP&sock=schedd_7302_24a3>
...
001 (16213981.310.000) 2026-02-16 17:41:46 Job executing on host: <141.34.15.222:9618?addrs=141.34.15.222-9618+[2001-638-700-f00f--1-de]-9618&alias=pizza30.zeuthen.desy.de&noUDP&sock=startd_8310_8c1a>
	SlotName: slot1_12@pizza30.zeuthen.desy.de
	CondorScratchDir = "/batch/dir_469133"
	Cpus = 1
	Disk = 1025696
	GPUs = 0
	Memory = 5120
...
006 (16213981.310.000) 2026-02-16 17:42:00 Image size of job updated: 89944
	88  -  MemoryUsage of job (MB)
	89944  -  ResidentSetSize of job (KB)
...
006 (16213981.310.000) 2026-02-16 17:47:01 Image size of job updated: 258156
	242  -  MemoryUsage of job (MB)
	247352  -  ResidentSetSize of job (KB)
...
006 (16213981.310.000) 2026-02-16 17:52:01 Image size of job updated: 258300
	249  -  MemoryUsage of job (MB)
	254204  -  ResidentSetSize of job (KB)
...
006 (16213981.310.000) 2026-02-16 17:57:02 Image size of job updated: 258796
	253  -  MemoryUsage of job (MB)
	258796  -  ResidentSetSize of job (KB)
...
006 (16213981.310.000) 2026-02-16 18:02:03 Image size of job updated: 258840
	253  -  MemoryUsage of job (MB)
	258840  -  ResidentSetSize of job (KB)
...
006 (16213981.310.000) 2026-02-16 18:07:03 Image size of job updated: 259264
	254  -  MemoryUsage of job (MB)
	259264  -  ResidentSetSize of job (KB)
...
006 (16213981.310.000) 2026-02-16 18:12:04 Image size of job updated: 259268
	254  -  MemoryUsage of job (MB)
	259268  -  ResidentSetSize of job (KB)
...
005 (16213981.310.000) 2026-02-17 01:24:56 Job terminated.
	(1) Normal termination (return value 0)
		Usr 0 07:37:41, Sys 0 00:00:05  -  Run Remote Usage
		Usr 0 00:00:00, Sys 0 00:00:00  -  Run Local Usage
		Usr 0 07:37:41, Sys 0 00:00:05  -  Total Remote Usage
		Usr 0 00:00:00, Sys 0 00:00:00  -  Total Local Usage
	0  -  Run Bytes Sent By Job
	0  -  Run Bytes Received By Job
	0  -  Total Bytes Sent By Job
	0  -  Total Bytes Received By Job
	Partitionable Resources :    Usage  Request Allocated 
	   Cpus                 :     0.99        1         1 
	   Disk (KB)            :     1     1024000   1025696 
	   GPUs                 :                           0 
	   Memory (MB)          :   254        5120      5120 
	   TimeExecute (s)      : 27790                       
	   TimeSlotBusy (s)     : 27790                       

	Job terminated of its own accord at 2026-02-17T00:24:56Z with exit-code 0.
...
