000 (15756407.268.000) 2026-02-06 11:26:10 Job submitted from host: <141.34.103.35:9618?addrs=141.34.103.35-9618+[2001-638-700-f067--1-23]-9618&alias=wgs39.zeuthen.desy.de&noUDP&sock=schedd_7414_f73f>
...
001 (15756407.268.000) 2026-02-08 16:15:43 Job executing on host: <141.34.15.46:9618?addrs=141.34.15.46-9618+[2001-638-700-f00f--1-2e]-9618&alias=pizza17.zeuthen.desy.de&noUDP&sock=startd_8231_5c1f>
	SlotName: slot1_2@pizza17.zeuthen.desy.de
	CondorScratchDir = "/batch/dir_1564329"
	Cpus = 8
	Disk = 1025696
	GPUs = 0
	Memory = 16384
...
006 (15756407.268.000) 2026-02-08 16:15:50 Image size of job updated: 168
	0  -  MemoryUsage of job (MB)
	0  -  ResidentSetSize of job (KB)
...
005 (15756407.268.000) 2026-02-08 16:15:50 Job terminated.
	(1) Normal termination (return value 1)
		Usr 0 00:00:02, Sys 0 00:00:00  -  Run Remote Usage
		Usr 0 00:00:00, Sys 0 00:00:00  -  Run Local Usage
		Usr 0 00:00:02, Sys 0 00:00:00  -  Total Remote Usage
		Usr 0 00:00:00, Sys 0 00:00:00  -  Total Local Usage
	0  -  Run Bytes Sent By Job
	0  -  Run Bytes Received By Job
	0  -  Total Bytes Sent By Job
	0  -  Total Bytes Received By Job
	Partitionable Resources :    Usage  Request Allocated 
	   Cpus                 :        0        8         8 
	   Disk (KB)            :        1  1024000   1025696 
	   GPUs                 :                           0 
	   Memory (MB)          :        0    16384     16384 
	   TimeExecute (s)      :        7                    
	   TimeSlotBusy (s)     :        7                    

	Job terminated of its own accord at 2026-02-08T15:15:50Z with exit-code 1.
...
000 (15949294.179.000) 2026-02-10 11:45:19 Job submitted from host: <141.34.103.35:9618?addrs=141.34.103.35-9618+[2001-638-700-f067--1-23]-9618&alias=wgs39.zeuthen.desy.de&noUDP&sock=schedd_7302_24a3>
...
009 (15949294.179.000) 2026-02-10 11:45:46 Job was aborted.
	via condor_rm (by user tuccia)
...
000 (15949295.179.000) 2026-02-10 11:46:04 Job submitted from host: <141.34.103.35:9618?addrs=141.34.103.35-9618+[2001-638-700-f067--1-23]-9618&alias=wgs39.zeuthen.desy.de&noUDP&sock=schedd_7302_24a3>
...
001 (15949295.179.000) 2026-02-10 11:48:06 Job executing on host: <141.34.15.47:9618?addrs=141.34.15.47-9618+[2001-638-700-f00f--1-2f]-9618&alias=pizza18.zeuthen.desy.de&noUDP&sock=startd_8216_1233>
	SlotName: slot1_3@pizza18.zeuthen.desy.de
	CondorScratchDir = "/batch/dir_812613"
	Cpus = 8
	Disk = 1025696
	GPUs = 0
	Memory = 16384
...
006 (15949295.179.000) 2026-02-10 11:48:13 Image size of job updated: 96
	0  -  MemoryUsage of job (MB)
	0  -  ResidentSetSize of job (KB)
...
005 (15949295.179.000) 2026-02-10 11:48:13 Job terminated.
	(1) Normal termination (return value 1)
		Usr 0 00:00:02, Sys 0 00:00:00  -  Run Remote Usage
		Usr 0 00:00:00, Sys 0 00:00:00  -  Run Local Usage
		Usr 0 00:00:02, Sys 0 00:00:00  -  Total Remote Usage
		Usr 0 00:00:00, Sys 0 00:00:00  -  Total Local Usage
	0  -  Run Bytes Sent By Job
	0  -  Run Bytes Received By Job
	0  -  Total Bytes Sent By Job
	0  -  Total Bytes Received By Job
	Partitionable Resources :    Usage  Request Allocated 
	   Cpus                 :        0        8         8 
	   Disk (KB)            :        1  1024000   1025696 
	   GPUs                 :                           0 
	   Memory (MB)          :        0    16384     16384 
	   TimeExecute (s)      :        7                    
	   TimeSlotBusy (s)     :        7                    

	Job terminated of its own accord at 2026-02-10T10:48:13Z with exit-code 1.
...
000 (16213981.359.000) 2026-02-16 17:41:23 Job submitted from host: <141.34.103.35:9618?addrs=141.34.103.35-9618+[2001-638-700-f067--1-23]-9618&alias=wgs39.zeuthen.desy.de&noUDP&sock=schedd_7302_24a3>
...
001 (16213981.359.000) 2026-02-16 17:41:50 Job executing on host: <141.34.15.83:9618?addrs=141.34.15.83-9618+[2001-638-700-f00f--1-53]-9618&alias=genoa07.zeuthen.desy.de&noUDP&sock=startd_10269_4222>
	SlotName: slot1_66@genoa07.zeuthen.desy.de
	CondorScratchDir = "/batch/dir_1831822"
	Cpus = 1
	Disk = 1025681
	GPUs = 0
	Memory = 5120
...
006 (16213981.359.000) 2026-02-16 17:42:03 Image size of job updated: 88028
	86  -  MemoryUsage of job (MB)
	88028  -  ResidentSetSize of job (KB)
...
006 (16213981.359.000) 2026-02-16 17:47:03 Image size of job updated: 255772
	245  -  MemoryUsage of job (MB)
	250116  -  ResidentSetSize of job (KB)
...
006 (16213981.359.000) 2026-02-16 17:52:04 Image size of job updated: 255772
	247  -  MemoryUsage of job (MB)
	252140  -  ResidentSetSize of job (KB)
...
006 (16213981.359.000) 2026-02-16 17:57:04 Image size of job updated: 255772
	247  -  MemoryUsage of job (MB)
	252352  -  ResidentSetSize of job (KB)
...
006 (16213981.359.000) 2026-02-16 18:02:04 Image size of job updated: 255772
	248  -  MemoryUsage of job (MB)
	253228  -  ResidentSetSize of job (KB)
...
006 (16213981.359.000) 2026-02-16 18:07:05 Image size of job updated: 255772
	249  -  MemoryUsage of job (MB)
	254644  -  ResidentSetSize of job (KB)
...
006 (16213981.359.000) 2026-02-16 18:17:05 Image size of job updated: 255772
	250  -  MemoryUsage of job (MB)
	255320  -  ResidentSetSize of job (KB)
...
006 (16213981.359.000) 2026-02-16 18:22:06 Image size of job updated: 255976
	250  -  MemoryUsage of job (MB)
	255772  -  ResidentSetSize of job (KB)
...
006 (16213981.359.000) 2026-02-16 18:32:06 Image size of job updated: 256696
	251  -  MemoryUsage of job (MB)
	256696  -  ResidentSetSize of job (KB)
...
006 (16213981.359.000) 2026-02-16 18:37:07 Image size of job updated: 257380
	252  -  MemoryUsage of job (MB)
	257380  -  ResidentSetSize of job (KB)
...
006 (16213981.359.000) 2026-02-16 19:17:11 Image size of job updated: 257584
	252  -  MemoryUsage of job (MB)
	257584  -  ResidentSetSize of job (KB)
...
006 (16213981.359.000) 2026-02-16 20:17:16 Image size of job updated: 257844
	252  -  MemoryUsage of job (MB)
	257844  -  ResidentSetSize of job (KB)
...
006 (16213981.359.000) 2026-02-16 20:22:17 Image size of job updated: 258296
	253  -  MemoryUsage of job (MB)
	258296  -  ResidentSetSize of job (KB)
...
006 (16213981.359.000) 2026-02-16 20:37:18 Image size of job updated: 258496
	253  -  MemoryUsage of job (MB)
	258496  -  ResidentSetSize of job (KB)
...
006 (16213981.359.000) 2026-02-16 20:52:19 Image size of job updated: 259552
	254  -  MemoryUsage of job (MB)
	259552  -  ResidentSetSize of job (KB)
...
006 (16213981.359.000) 2026-02-16 20:57:20 Image size of job updated: 260200
	255  -  MemoryUsage of job (MB)
	260200  -  ResidentSetSize of job (KB)
...
006 (16213981.359.000) 2026-02-16 22:42:29 Image size of job updated: 260328
	255  -  MemoryUsage of job (MB)
	260328  -  ResidentSetSize of job (KB)
...
006 (16213981.359.000) 2026-02-16 23:12:33 Image size of job updated: 261128
	256  -  MemoryUsage of job (MB)
	261128  -  ResidentSetSize of job (KB)
...
006 (16213981.359.000) 2026-02-16 23:17:33 Image size of job updated: 262140
	256  -  MemoryUsage of job (MB)
	262140  -  ResidentSetSize of job (KB)
...
006 (16213981.359.000) 2026-02-16 23:22:34 Image size of job updated: 262152
	257  -  MemoryUsage of job (MB)
	262152  -  ResidentSetSize of job (KB)
...
006 (16213981.359.000) 2026-02-17 00:02:36 Image size of job updated: 262168
	257  -  MemoryUsage of job (MB)
	262168  -  ResidentSetSize of job (KB)
...
004 (16213981.359.000) 2026-02-18 10:33:50 Job was evicted.
	(0) CPU times
		Usr 1 16:28:48, Sys 0 00:00:07  -  Run Remote Usage
		Usr 0 00:00:00, Sys 0 00:00:00  -  Run Local Usage
	0  -  Run Bytes Sent By Job
	0  -  Run Bytes Received By Job
	Partitionable Resources :     Usage  Request Allocated 
	   Cpus                 :      0.99        1         1 
	   Disk (KB)            :      1     1024000   1025681 
	   GPUs                 :                            0 
	   Memory (MB)          :    257        5120      5120 
	   TimeExecute (s)      : 147118                       
	   TimeSlotBusy (s)     : 147120                       
...
009 (16213981.359.000) 2026-02-18 10:33:50 Job was aborted.
	via condor_rm (by user tuccia)
...
