000 (15756407.079.000) 2026-02-06 11:26:09 Job submitted from host: <141.34.103.35:9618?addrs=141.34.103.35-9618+[2001-638-700-f067--1-23]-9618&alias=wgs39.zeuthen.desy.de&noUDP&sock=schedd_7414_f73f>
...
001 (15756407.079.000) 2026-02-08 15:55:34 Job executing on host: <141.34.15.219:9618?addrs=141.34.15.219-9618+[2001-638-700-f00f--1-db]-9618&alias=pizza27.zeuthen.desy.de&noUDP&sock=startd_9020_8c58>
	SlotName: slot1_8@pizza27.zeuthen.desy.de
	CondorScratchDir = "/batch/dir_1049198"
	Cpus = 8
	Disk = 1025696
	GPUs = 0
	Memory = 16384
...
006 (15756407.079.000) 2026-02-08 15:55:41 Image size of job updated: 148
	0  -  MemoryUsage of job (MB)
	0  -  ResidentSetSize of job (KB)
...
005 (15756407.079.000) 2026-02-08 15:55:41 Job terminated.
	(1) Normal termination (return value 1)
		Usr 0 00:00:02, Sys 0 00:00:00  -  Run Remote Usage
		Usr 0 00:00:00, Sys 0 00:00:00  -  Run Local Usage
		Usr 0 00:00:02, Sys 0 00:00:00  -  Total Remote Usage
		Usr 0 00:00:00, Sys 0 00:00:00  -  Total Local Usage
	0  -  Run Bytes Sent By Job
	0  -  Run Bytes Received By Job
	0  -  Total Bytes Sent By Job
	0  -  Total Bytes Received By Job
	Partitionable Resources :    Usage  Request Allocated 
	   Cpus                 :        0        8         8 
	   Disk (KB)            :        1  1024000   1025696 
	   GPUs                 :                           0 
	   Memory (MB)          :        0    16384     16384 
	   TimeExecute (s)      :        7                    
	   TimeSlotBusy (s)     :        7                    

	Job terminated of its own accord at 2026-02-08T14:55:41Z with exit-code 1.
...
000 (15949294.053.000) 2026-02-10 11:45:18 Job submitted from host: <141.34.103.35:9618?addrs=141.34.103.35-9618+[2001-638-700-f067--1-23]-9618&alias=wgs39.zeuthen.desy.de&noUDP&sock=schedd_7302_24a3>
...
009 (15949294.053.000) 2026-02-10 11:45:46 Job was aborted.
	via condor_rm (by user tuccia)
...
000 (15949295.053.000) 2026-02-10 11:46:04 Job submitted from host: <141.34.103.35:9618?addrs=141.34.103.35-9618+[2001-638-700-f067--1-23]-9618&alias=wgs39.zeuthen.desy.de&noUDP&sock=schedd_7302_24a3>
...
001 (15949295.053.000) 2026-02-10 11:47:34 Job executing on host: <141.34.15.53:9618?addrs=141.34.15.53-9618+[2001-638-700-f00f--1-35]-9618&alias=pizza24.zeuthen.desy.de&noUDP&sock=startd_8313_9ae3>
	SlotName: slot1_8@pizza24.zeuthen.desy.de
	CondorScratchDir = "/batch/dir_2793430"
	Cpus = 8
	Disk = 1025696
	GPUs = 0
	Memory = 16384
...
006 (15949295.053.000) 2026-02-10 11:47:41 Image size of job updated: 100
	0  -  MemoryUsage of job (MB)
	0  -  ResidentSetSize of job (KB)
...
005 (15949295.053.000) 2026-02-10 11:47:41 Job terminated.
	(1) Normal termination (return value 1)
		Usr 0 00:00:02, Sys 0 00:00:00  -  Run Remote Usage
		Usr 0 00:00:00, Sys 0 00:00:00  -  Run Local Usage
		Usr 0 00:00:02, Sys 0 00:00:00  -  Total Remote Usage
		Usr 0 00:00:00, Sys 0 00:00:00  -  Total Local Usage
	0  -  Run Bytes Sent By Job
	0  -  Run Bytes Received By Job
	0  -  Total Bytes Sent By Job
	0  -  Total Bytes Received By Job
	Partitionable Resources :    Usage  Request Allocated 
	   Cpus                 :        0        8         8 
	   Disk (KB)            :        1  1024000   1025696 
	   GPUs                 :                           0 
	   Memory (MB)          :        0    16384     16384 
	   TimeExecute (s)      :        7                    
	   TimeSlotBusy (s)     :        7                    

	Job terminated of its own accord at 2026-02-10T10:47:41Z with exit-code 1.
...
000 (16213981.107.000) 2026-02-16 17:41:21 Job submitted from host: <141.34.103.35:9618?addrs=141.34.103.35-9618+[2001-638-700-f067--1-23]-9618&alias=wgs39.zeuthen.desy.de&noUDP&sock=schedd_7302_24a3>
...
001 (16213981.107.000) 2026-02-16 17:41:46 Job executing on host: <141.34.14.35:9618?addrs=141.34.14.35-9618+[2001-638-700-f00e--1-23]-9618&alias=ampere04.zeuthen.desy.de&noUDP&sock=startd_7950_9e02>
	SlotName: slot1_17@ampere04.zeuthen.desy.de
	AvailableGPUs = {  }
	CondorScratchDir = "/batch/dir_961592"
	Cpus = 1
	Disk = 1025682
	GPUs = 0
	Memory = 5120
...
006 (16213981.107.000) 2026-02-16 17:41:59 Image size of job updated: 89976
	88  -  MemoryUsage of job (MB)
	89976  -  ResidentSetSize of job (KB)
...
006 (16213981.107.000) 2026-02-16 17:46:59 Image size of job updated: 257764
	248  -  MemoryUsage of job (MB)
	253044  -  ResidentSetSize of job (KB)
...
006 (16213981.107.000) 2026-02-16 17:52:00 Image size of job updated: 257764
	248  -  MemoryUsage of job (MB)
	253528  -  ResidentSetSize of job (KB)
...
006 (16213981.107.000) 2026-02-16 17:57:00 Image size of job updated: 257764
	248  -  MemoryUsage of job (MB)
	253792  -  ResidentSetSize of job (KB)
...
006 (16213981.107.000) 2026-02-16 18:07:02 Image size of job updated: 261116
	255  -  MemoryUsage of job (MB)
	261116  -  ResidentSetSize of job (KB)
...
006 (16213981.107.000) 2026-02-16 18:12:02 Image size of job updated: 262500
	257  -  MemoryUsage of job (MB)
	262500  -  ResidentSetSize of job (KB)
...
006 (16213981.107.000) 2026-02-16 22:12:26 Image size of job updated: 262588
	257  -  MemoryUsage of job (MB)
	262588  -  ResidentSetSize of job (KB)
...
006 (16213981.107.000) 2026-02-16 22:22:27 Image size of job updated: 262708
	257  -  MemoryUsage of job (MB)
	262708  -  ResidentSetSize of job (KB)
...
006 (16213981.107.000) 2026-02-16 22:52:29 Image size of job updated: 262744
	257  -  MemoryUsage of job (MB)
	262744  -  ResidentSetSize of job (KB)
...
006 (16213981.107.000) 2026-02-16 23:02:31 Image size of job updated: 262752
	257  -  MemoryUsage of job (MB)
	262752  -  ResidentSetSize of job (KB)
...
006 (16213981.107.000) 2026-02-16 23:32:34 Image size of job updated: 262780
	257  -  MemoryUsage of job (MB)
	262780  -  ResidentSetSize of job (KB)
...
006 (16213981.107.000) 2026-02-17 00:07:38 Image size of job updated: 262824
	257  -  MemoryUsage of job (MB)
	262824  -  ResidentSetSize of job (KB)
...
006 (16213981.107.000) 2026-02-17 01:17:44 Image size of job updated: 262836
	257  -  MemoryUsage of job (MB)
	262836  -  ResidentSetSize of job (KB)
...
006 (16213981.107.000) 2026-02-17 02:07:48 Image size of job updated: 262864
	257  -  MemoryUsage of job (MB)
	262864  -  ResidentSetSize of job (KB)
...
006 (16213981.107.000) 2026-02-17 11:43:39 Image size of job updated: 263008
	257  -  MemoryUsage of job (MB)
	263008  -  ResidentSetSize of job (KB)
...
