000 (15756407.162.000) 2026-02-06 11:26:10 Job submitted from host: <141.34.103.35:9618?addrs=141.34.103.35-9618+[2001-638-700-f067--1-23]-9618&alias=wgs39.zeuthen.desy.de&noUDP&sock=schedd_7414_f73f>
...
001 (15756407.162.000) 2026-02-08 16:05:58 Job executing on host: <141.34.15.43:9618?addrs=141.34.15.43-9618+[2001-638-700-f00f--1-2b]-9618&alias=pizza14.zeuthen.desy.de&noUDP&sock=startd_8340_1ff1>
	SlotName: slot1_5@pizza14.zeuthen.desy.de
	CondorScratchDir = "/batch/dir_25185"
	Cpus = 8
	Disk = 1025696
	GPUs = 0
	Memory = 16384
...
006 (15756407.162.000) 2026-02-08 16:06:05 Image size of job updated: 164
	0  -  MemoryUsage of job (MB)
	0  -  ResidentSetSize of job (KB)
...
005 (15756407.162.000) 2026-02-08 16:06:05 Job terminated.
	(1) Normal termination (return value 1)
		Usr 0 00:00:02, Sys 0 00:00:00  -  Run Remote Usage
		Usr 0 00:00:00, Sys 0 00:00:00  -  Run Local Usage
		Usr 0 00:00:02, Sys 0 00:00:00  -  Total Remote Usage
		Usr 0 00:00:00, Sys 0 00:00:00  -  Total Local Usage
	0  -  Run Bytes Sent By Job
	0  -  Run Bytes Received By Job
	0  -  Total Bytes Sent By Job
	0  -  Total Bytes Received By Job
	Partitionable Resources :    Usage  Request Allocated 
	   Cpus                 :        0        8         8 
	   Disk (KB)            :        1  1024000   1025696 
	   GPUs                 :                           0 
	   Memory (MB)          :        0    16384     16384 
	   TimeExecute (s)      :        7                    
	   TimeSlotBusy (s)     :        7                    

	Job terminated of its own accord at 2026-02-08T15:06:05Z with exit-code 1.
...
000 (15949294.108.000) 2026-02-10 11:45:18 Job submitted from host: <141.34.103.35:9618?addrs=141.34.103.35-9618+[2001-638-700-f067--1-23]-9618&alias=wgs39.zeuthen.desy.de&noUDP&sock=schedd_7302_24a3>
...
009 (15949294.108.000) 2026-02-10 11:45:46 Job was aborted.
	via condor_rm (by user tuccia)
...
000 (15949295.108.000) 2026-02-10 11:46:04 Job submitted from host: <141.34.103.35:9618?addrs=141.34.103.35-9618+[2001-638-700-f067--1-23]-9618&alias=wgs39.zeuthen.desy.de&noUDP&sock=schedd_7302_24a3>
...
001 (15949295.108.000) 2026-02-10 11:47:42 Job executing on host: <141.34.15.199:9618?addrs=141.34.15.199-9618+[2001-638-700-f00f--1-c7]-9618&alias=pizza01.zeuthen.desy.de&noUDP&sock=startd_9160_939a>
	SlotName: slot1_10@pizza01.zeuthen.desy.de
	CondorScratchDir = "/batch/dir_3437653"
	Cpus = 8
	Disk = 1025696
	GPUs = 0
	Memory = 16384
...
006 (15949295.108.000) 2026-02-10 11:47:50 Image size of job updated: 100
	0  -  MemoryUsage of job (MB)
	0  -  ResidentSetSize of job (KB)
...
005 (15949295.108.000) 2026-02-10 11:47:50 Job terminated.
	(1) Normal termination (return value 1)
		Usr 0 00:00:03, Sys 0 00:00:01  -  Run Remote Usage
		Usr 0 00:00:00, Sys 0 00:00:00  -  Run Local Usage
		Usr 0 00:00:03, Sys 0 00:00:01  -  Total Remote Usage
		Usr 0 00:00:00, Sys 0 00:00:00  -  Total Local Usage
	0  -  Run Bytes Sent By Job
	0  -  Run Bytes Received By Job
	0  -  Total Bytes Sent By Job
	0  -  Total Bytes Received By Job
	Partitionable Resources :    Usage  Request Allocated 
	   Cpus                 :        0        8         8 
	   Disk (KB)            :        1  1024000   1025696 
	   GPUs                 :                           0 
	   Memory (MB)          :        0    16384     16384 
	   TimeExecute (s)      :        8                    
	   TimeSlotBusy (s)     :        8                    

	Job terminated of its own accord at 2026-02-10T10:47:50Z with exit-code 1.
...
000 (16213981.217.000) 2026-02-16 17:41:22 Job submitted from host: <141.34.103.35:9618?addrs=141.34.103.35-9618+[2001-638-700-f067--1-23]-9618&alias=wgs39.zeuthen.desy.de&noUDP&sock=schedd_7302_24a3>
...
001 (16213981.217.000) 2026-02-16 17:41:47 Job executing on host: <141.34.15.178:9618?addrs=141.34.15.178-9618+[2001-638-700-f00f--1-b2]-9618&alias=genoa03.zeuthen.desy.de&noUDP&sock=startd_10467_11e2>
	SlotName: slot1_40@genoa03.zeuthen.desy.de
	CondorScratchDir = "/batch/dir_3306108"
	Cpus = 1
	Disk = 1025697
	GPUs = 0
	Memory = 5120
...
006 (16213981.217.000) 2026-02-16 17:42:01 Image size of job updated: 89904
	88  -  MemoryUsage of job (MB)
	89904  -  ResidentSetSize of job (KB)
...
006 (16213981.217.000) 2026-02-16 17:47:02 Image size of job updated: 213600
	209  -  MemoryUsage of job (MB)
	213600  -  ResidentSetSize of job (KB)
...
006 (16213981.217.000) 2026-02-16 17:52:02 Image size of job updated: 214224
	210  -  MemoryUsage of job (MB)
	214224  -  ResidentSetSize of job (KB)
...
006 (16213981.217.000) 2026-02-16 18:07:03 Image size of job updated: 215156
	211  -  MemoryUsage of job (MB)
	215156  -  ResidentSetSize of job (KB)
...
006 (16213981.217.000) 2026-02-16 18:12:03 Image size of job updated: 215312
	211  -  MemoryUsage of job (MB)
	215312  -  ResidentSetSize of job (KB)
...
005 (16213981.217.000) 2026-02-16 19:09:31 Job terminated.
	(1) Normal termination (return value 0)
		Usr 0 01:26:54, Sys 0 00:00:02  -  Run Remote Usage
		Usr 0 00:00:00, Sys 0 00:00:00  -  Run Local Usage
		Usr 0 01:26:54, Sys 0 00:00:02  -  Total Remote Usage
		Usr 0 00:00:00, Sys 0 00:00:00  -  Total Local Usage
	0  -  Run Bytes Sent By Job
	0  -  Run Bytes Received By Job
	0  -  Total Bytes Sent By Job
	0  -  Total Bytes Received By Job
	Partitionable Resources :    Usage  Request Allocated 
	   Cpus                 :     0.99        1         1 
	   Disk (KB)            :     1     1024000   1025697 
	   GPUs                 :                           0 
	   Memory (MB)          :   211        5120      5120 
	   TimeExecute (s)      :  5264                       
	   TimeSlotBusy (s)     :  5264                       

	Job terminated of its own accord at 2026-02-16T18:09:31Z with exit-code 0.
...
