000 (15756404.297.000) 2026-02-06 11:24:34 Job submitted from host: <141.34.103.35:9618?addrs=141.34.103.35-9618+[2001-638-700-f067--1-23]-9618&alias=wgs39.zeuthen.desy.de&noUDP&sock=schedd_7414_f73f>
...
001 (15756404.297.000) 2026-02-06 11:32:37 Job executing on host: <141.34.15.42:9618?addrs=141.34.15.42-9618+[2001-638-700-f00f--1-2a]-9618&alias=pizza13.zeuthen.desy.de&noUDP&sock=startd_8168_25a7>
	SlotName: slot1_19@pizza13.zeuthen.desy.de
	CondorScratchDir = "/batch/dir_4134208"
	Cpus = 8
	Disk = 1025696
	GPUs = 0
	Memory = 16384
...
006 (15756404.297.000) 2026-02-06 11:32:44 Image size of job updated: 84
	0  -  MemoryUsage of job (MB)
	0  -  ResidentSetSize of job (KB)
...
005 (15756404.297.000) 2026-02-06 11:32:44 Job terminated.
	(1) Normal termination (return value 1)
		Usr 0 00:00:02, Sys 0 00:00:00  -  Run Remote Usage
		Usr 0 00:00:00, Sys 0 00:00:00  -  Run Local Usage
		Usr 0 00:00:02, Sys 0 00:00:00  -  Total Remote Usage
		Usr 0 00:00:00, Sys 0 00:00:00  -  Total Local Usage
	0  -  Run Bytes Sent By Job
	0  -  Run Bytes Received By Job
	0  -  Total Bytes Sent By Job
	0  -  Total Bytes Received By Job
	Partitionable Resources :    Usage  Request Allocated 
	   Cpus                 :        0        8         8 
	   Disk (KB)            :        1  1024000   1025696 
	   GPUs                 :                           0 
	   Memory (MB)          :        0    16384     16384 
	   TimeExecute (s)      :        7                    
	   TimeSlotBusy (s)     :        7                    

	Job terminated of its own accord at 2026-02-06T10:32:44Z with exit-code 1.
...
000 (16213981.396.000) 2026-02-16 17:41:24 Job submitted from host: <141.34.103.35:9618?addrs=141.34.103.35-9618+[2001-638-700-f067--1-23]-9618&alias=wgs39.zeuthen.desy.de&noUDP&sock=schedd_7302_24a3>
...
001 (16213981.396.000) 2026-02-16 17:42:06 Job executing on host: <141.34.15.40:9618?addrs=141.34.15.40-9618+[2001-638-700-f00f--1-28]-9618&alias=pizza11.zeuthen.desy.de&noUDP&sock=startd_9198_a434>
	SlotName: slot1_28@pizza11.zeuthen.desy.de
	CondorScratchDir = "/batch/dir_3075701"
	Cpus = 1
	Disk = 1025696
	GPUs = 0
	Memory = 5120
...
006 (16213981.396.000) 2026-02-16 17:42:19 Image size of job updated: 89936
	88  -  MemoryUsage of job (MB)
	89936  -  ResidentSetSize of job (KB)
...
006 (16213981.396.000) 2026-02-16 17:47:19 Image size of job updated: 206480
	202  -  MemoryUsage of job (MB)
	206480  -  ResidentSetSize of job (KB)
...
006 (16213981.396.000) 2026-02-16 17:52:20 Image size of job updated: 206484
	202  -  MemoryUsage of job (MB)
	206484  -  ResidentSetSize of job (KB)
...
006 (16213981.396.000) 2026-02-16 18:02:21 Image size of job updated: 206700
	202  -  MemoryUsage of job (MB)
	206700  -  ResidentSetSize of job (KB)
...
006 (16213981.396.000) 2026-02-16 18:07:21 Image size of job updated: 206704
	202  -  MemoryUsage of job (MB)
	206704  -  ResidentSetSize of job (KB)
...
005 (16213981.396.000) 2026-02-16 18:17:51 Job terminated.
	(1) Normal termination (return value 0)
		Usr 0 00:35:22, Sys 0 00:00:01  -  Run Remote Usage
		Usr 0 00:00:00, Sys 0 00:00:00  -  Run Local Usage
		Usr 0 00:35:22, Sys 0 00:00:01  -  Total Remote Usage
		Usr 0 00:00:00, Sys 0 00:00:00  -  Total Local Usage
	0  -  Run Bytes Sent By Job
	0  -  Run Bytes Received By Job
	0  -  Total Bytes Sent By Job
	0  -  Total Bytes Received By Job
	Partitionable Resources :    Usage  Request Allocated 
	   Cpus                 :     0.99        1         1 
	   Disk (KB)            :     1     1024000   1025696 
	   GPUs                 :                           0 
	   Memory (MB)          :   202        5120      5120 
	   TimeExecute (s)      :  2145                       
	   TimeSlotBusy (s)     :  2145                       

	Job terminated of its own accord at 2026-02-16T17:17:51Z with exit-code 0.
...
