~~~~~~~~~~~~~~~~~~~~~~~~~~~~~~

n_qubits: 30, 
r: 95, 
alpha: 0.01, 
shots: 10000, 
ansatz: structure_like_qubo_YZ_2, 
layer: 1, 
tau: 0.3

time for simulated annealing:  43.47031044960022
Rank 1: Bitstring=000011100001011000101110000010, Decimal=59083650, Energy=-25.123
Rank 2: Bitstring=000011000001011000101110100010, Decimal=50695074, Energy=-25.0734
Rank 3: Bitstring=100011100001011000101100000010, Decimal=595954434, Energy=-24.9284
Rank 4: Bitstring=100011000001011000101101100010, Decimal=587565922, Energy=-24.9064
Rank 5: Bitstring=100011000001011000101100100010, Decimal=587565858, Energy=-24.8788
Rank 6: Bitstring=001011100001111000100110000010, Decimal=193431938, Energy=-24.6702
Rank 7: Bitstring=100011100001001000101100000000, Decimal=595888896, Energy=-24.6684
Rank 8: Bitstring=100001000001010100101101100010, Decimal=553995106, Energy=-24.6548
Rank 9: Bitstring=100011000001001000101101100000, Decimal=587500384, Energy=-24.6464
Rank 10: Bitstring=001011000001111000100110100010, Decimal=185043362, Energy=-24.6206

E_min from simulated annealing:  -25.123
Minimum energy: -25.123
States with energy within 1e-08 of minimum: [59083650]

warm start fidelity ((np.float64(-24.9064), 587565922), 0.0001)


################## Start optimization with initial parameters: [np.float64(-0.1412494419987038), np.float64(0.3341122087730026), np.float64(-0.18718025649806747), np.float64(-0.28185851725610367), np.float64(-0.20929872436729638), np.float64(-0.5051556541039133), np.float64(-0.19754568518950924), np.float64(0.08808626575587443), np.float64(0.5241188286294256), np.float64(0.5488743518242971), np.float64(-0.5102950076269388), np.float64(0.4014484739738957), np.float64(-0.4553595034168486), np.float64(-0.4639085991511539), np.float64(-0.545440695299639), np.float64(-0.26713098383838196), np.float64(0.20929865065109546), np.float64(0.28957277761434164), np.float64(0.5433361052584416), np.float64(0.16325213796678611), np.float64(-0.343223435453561), np.float64(-0.2804173509322213), np.float64(-0.5035270010375562), np.float64(-0.39447941134168807), np.float64(0.498617818207342), np.float64(-0.17691239320074217), np.float64(-0.2033670597924255), np.float64(0.060682832824780576), np.float64(-0.2542606891251224), np.float64(0.3799791954940982), np.float64(0.07522671581795223), np.float64(0.07522671581795223), np.float64(0.1359424327608769), np.float64(0.1359424327608769), np.float64(-0.19292453069022983), np.float64(-0.19292453069022983), np.float64(0.09904014756116868), np.float64(0.09904014756116868), np.float64(0.028125271311709617), np.float64(0.028125271311709617), np.float64(0.07967301153271403), np.float64(0.07967301153271403), np.float64(-0.16556243466410145), np.float64(-0.16556243466410145), np.float64(-0.2312279853399834), np.float64(-0.2312279853399834), np.float64(-0.1761350947955655), np.float64(-0.1761350947955655), np.float64(0.12745456322026028), np.float64(0.12745456322026028), np.float64(0.23055650444786271), np.float64(0.23055650444786271), np.float64(0.1281803673895263), np.float64(0.1281803673895263), np.float64(0.0756122173409053), np.float64(0.0756122173409053), np.float64(0.062120816830358944), np.float64(0.062120816830358944), np.float64(-0.13412071481107612), np.float64(-0.13412071481107612), np.float64(-0.049778282354545), np.float64(-0.049778282354545), np.float64(0.08919638433479786), np.float64(0.08919638433479786), np.float64(-0.11411222081529969), np.float64(-0.11411222081529969), np.float64(-0.13012381970243103), np.float64(-0.13012381970243103), np.float64(0.004889914925036472), np.float64(0.004889914925036472), np.float64(0.2747399049261673), np.float64(0.2747399049261673), np.float64(0.21331832547587604), np.float64(0.21331832547587604), np.float64(0.009479488421605144), np.float64(0.009479488421605144), np.float64(0.03991787884979759), np.float64(0.03991787884979759), np.float64(0.09962834737040573), np.float64(0.09962834737040573), np.float64(-0.10928464622775726), np.float64(-0.10928464622775726), np.float64(-0.15611199391462968), np.float64(-0.15611199391462968), np.float64(0.04326632318433835), np.float64(0.04326632318433835), np.float64(-0.2581517508573078), np.float64(-0.2581517508573078), np.float64(0.08810363511088141), np.float64(0.08810363511088141), np.float64(0.2475227208292705), np.float64(0.2475227208292705), np.float64(-0.14505185042841126), np.float64(-0.14505185042841126), np.float64(0.23564823988569203), np.float64(0.23564823988569203), np.float64(-0.2628353069831729), np.float64(-0.2628353069831729), np.float64(-0.25634976532235537), np.float64(-0.25634976532235537), np.float64(-0.0761163439769353), np.float64(-0.0761163439769353), np.float64(-0.2446407910071794), np.float64(-0.2446407910071794), np.float64(0.03899083685553589), np.float64(0.03899083685553589), np.float64(-0.09709787232334859), np.float64(-0.09709787232334859), np.float64(0.27754938109095306), np.float64(0.27754938109095306), np.float64(-0.21988884448911664), np.float64(-0.21988884448911664), np.float64(-0.0761163439769353), np.float64(-0.0761163439769353), np.float64(-0.03432325775052275), np.float64(-0.03432325775052275), np.float64(0.028754274062849847), np.float64(0.028754274062849847), np.float64(-0.27594156211307425), np.float64(-0.27594156211307425)]
Write sucessfully to ./data/data_shots_10000_layer_1/alpha_0.01/N_30/r_95/ansatz_type_structure_like_qubo_YZ_2/initialization_warm_start_analy

vqe.cvar_eval[0]: -23.15273400000002 , min_cvar: -25.123 , opt_cvar: -25.123

vqe.poss_eval[-1]: 0.0118 vqe.poss_eval[0] 0  , max_poss: 0.0331 , opt_poss: 0.0331

vqe.r_eval[-1]: 1.0 vqe.r_eval[0]: 0.9215752099669633 max_r: 1.0 , min_r: 0.8847442582494132
