000 (15756404.226.000) 2026-02-06 11:24:34 Job submitted from host: <141.34.103.35:9618?addrs=141.34.103.35-9618+[2001-638-700-f067--1-23]-9618&alias=wgs39.zeuthen.desy.de&noUDP&sock=schedd_7414_f73f>
...
001 (15756404.226.000) 2026-02-06 11:31:55 Job executing on host: <141.34.103.54:9618?addrs=141.34.103.54-9618+[2001-638-700-f067--1-36]-9618&alias=wgs44.zeuthen.desy.de&noUDP&sock=startd_7775_94ef>
	SlotName: slot1_17@wgs44.zeuthen.desy.de
	CondorScratchDir = "/batch/dir_1250474"
	Cpus = 8
	Disk = 1025025
	GPUs = 0
	Memory = 16384
...
006 (15756404.226.000) 2026-02-06 11:32:02 Image size of job updated: 140
	0  -  MemoryUsage of job (MB)
	0  -  ResidentSetSize of job (KB)
...
005 (15756404.226.000) 2026-02-06 11:32:02 Job terminated.
	(1) Normal termination (return value 1)
		Usr 0 00:00:02, Sys 0 00:00:00  -  Run Remote Usage
		Usr 0 00:00:00, Sys 0 00:00:00  -  Run Local Usage
		Usr 0 00:00:02, Sys 0 00:00:00  -  Total Remote Usage
		Usr 0 00:00:00, Sys 0 00:00:00  -  Total Local Usage
	0  -  Run Bytes Sent By Job
	0  -  Run Bytes Received By Job
	0  -  Total Bytes Sent By Job
	0  -  Total Bytes Received By Job
	Partitionable Resources :    Usage  Request Allocated 
	   Cpus                 :        0        8         8 
	   Disk (KB)            :        1  1024000   1025025 
	   GPUs                 :                           0 
	   Memory (MB)          :        0    16384     16384 
	   TimeExecute (s)      :        7                    
	   TimeSlotBusy (s)     :        7                    

	Job terminated of its own accord at 2026-02-06T10:32:02Z with exit-code 1.
...
000 (16213981.302.000) 2026-02-16 17:41:23 Job submitted from host: <141.34.103.35:9618?addrs=141.34.103.35-9618+[2001-638-700-f067--1-23]-9618&alias=wgs39.zeuthen.desy.de&noUDP&sock=schedd_7302_24a3>
...
001 (16213981.302.000) 2026-02-16 17:41:46 Job executing on host: <141.34.15.201:9618?addrs=141.34.15.201-9618+[2001-638-700-f00f--1-c9]-9618&alias=pizza03.zeuthen.desy.de&noUDP&sock=startd_9148_5877>
	SlotName: slot1_20@pizza03.zeuthen.desy.de
	CondorScratchDir = "/batch/dir_2426641"
	Cpus = 1
	Disk = 1025696
	GPUs = 0
	Memory = 5120
...
006 (16213981.302.000) 2026-02-16 17:42:00 Image size of job updated: 90064
	88  -  MemoryUsage of job (MB)
	90064  -  ResidentSetSize of job (KB)
...
006 (16213981.302.000) 2026-02-16 17:47:01 Image size of job updated: 309164
	246  -  MemoryUsage of job (MB)
	251892  -  ResidentSetSize of job (KB)
...
006 (16213981.302.000) 2026-02-16 17:52:01 Image size of job updated: 309164
	250  -  MemoryUsage of job (MB)
	255284  -  ResidentSetSize of job (KB)
...
006 (16213981.302.000) 2026-02-16 17:57:02 Image size of job updated: 309164
	253  -  MemoryUsage of job (MB)
	258560  -  ResidentSetSize of job (KB)
...
006 (16213981.302.000) 2026-02-16 18:02:03 Image size of job updated: 309164
	253  -  MemoryUsage of job (MB)
	258564  -  ResidentSetSize of job (KB)
...
006 (16213981.302.000) 2026-02-16 18:07:03 Image size of job updated: 309164
	253  -  MemoryUsage of job (MB)
	258820  -  ResidentSetSize of job (KB)
...
006 (16213981.302.000) 2026-02-16 18:12:04 Image size of job updated: 309164
	253  -  MemoryUsage of job (MB)
	258880  -  ResidentSetSize of job (KB)
...
006 (16213981.302.000) 2026-02-16 18:17:05 Image size of job updated: 309164
	253  -  MemoryUsage of job (MB)
	258952  -  ResidentSetSize of job (KB)
...
006 (16213981.302.000) 2026-02-16 18:42:08 Image size of job updated: 309164
	253  -  MemoryUsage of job (MB)
	258988  -  ResidentSetSize of job (KB)
...
006 (16213981.302.000) 2026-02-16 19:07:11 Image size of job updated: 309164
	254  -  MemoryUsage of job (MB)
	259132  -  ResidentSetSize of job (KB)
...
006 (16213981.302.000) 2026-02-16 20:12:17 Image size of job updated: 309164
	254  -  MemoryUsage of job (MB)
	259188  -  ResidentSetSize of job (KB)
...
006 (16213981.302.000) 2026-02-16 22:32:32 Image size of job updated: 309164
	254  -  MemoryUsage of job (MB)
	259212  -  ResidentSetSize of job (KB)
...
005 (16213981.302.000) 2026-02-17 00:24:34 Job terminated.
	(1) Normal termination (return value 0)
		Usr 0 06:37:46, Sys 0 00:00:04  -  Run Remote Usage
		Usr 0 00:00:00, Sys 0 00:00:00  -  Run Local Usage
		Usr 0 06:37:46, Sys 0 00:00:04  -  Total Remote Usage
		Usr 0 00:00:00, Sys 0 00:00:00  -  Total Local Usage
	0  -  Run Bytes Sent By Job
	0  -  Run Bytes Received By Job
	0  -  Total Bytes Sent By Job
	0  -  Total Bytes Received By Job
	Partitionable Resources :    Usage  Request Allocated 
	   Cpus                 :     0.99        1         1 
	   Disk (KB)            :     1     1024000   1025696 
	   GPUs                 :                           0 
	   Memory (MB)          :   254        5120      5120 
	   TimeExecute (s)      : 24168                       
	   TimeSlotBusy (s)     : 24168                       

	Job terminated of its own accord at 2026-02-16T23:24:34Z with exit-code 0.
...
