~~~~~~~~~~~~~~~~~~~~~~~~~~~~~~

n_qubits: 30, 
r: 23, 
alpha: 0.01, 
shots: 10000, 
ansatz: structure_like_qubo_YZ_2, 
layer: 1, 
tau: 0.3

time for simulated annealing:  34.69871234893799
Rank 1: Bitstring=111001110101011000110110110001, Decimal=970296753, Energy=-24.9556
Rank 2: Bitstring=111011110101011100110010110101, Decimal=1003867317, Energy=-24.8638
Rank 3: Bitstring=111101110111111000110110111001, Decimal=1038060985, Energy=-24.439
Rank 4: Bitstring=001010110101011100110000110100, Decimal=181783604, Energy=-23.9986
Rank 5: Bitstring=101011110101011100110010110100, Decimal=735431860, Energy=-23.9146
Rank 6: Bitstring=101011110101011100110000110100, Decimal=735431732, Energy=-23.8794
Rank 7: Bitstring=111001111101011000110110000001, Decimal=972393857, Energy=-23.6234
Rank 8: Bitstring=111001100101011001111110110001, Decimal=966107057, Energy=-23.5542
Rank 9: Bitstring=111101100111111001111110111001, Decimal=1033871289, Energy=-23.548
Rank 10: Bitstring=011000110101011000110100110000, Decimal=416648496, Energy=-23.1262

E_min from simulated annealing:  -24.9556
Minimum energy: -24.9556
States with energy within 1e-08 of minimum: [970296753]

warm start fidelity ((np.float64(-24.19), 970821041), 0.0001)


################## Start optimization with initial parameters: [np.float64(-0.30053774424400936), np.float64(-0.5567391032166608), np.float64(-0.3371713712163498), np.float64(-0.38231847279310566), np.float64(0.35826801100187605), np.float64(0.005759929848858384), np.float64(-0.45314919396624137), np.float64(0.222953854087351), np.float64(0.35281189854729206), np.float64(-0.5160465341548555), np.float64(0.29439946329112715), np.float64(-0.0640364286095396), np.float64(-0.29996457672324806), np.float64(-0.14730603818881985), np.float64(-0.22289531456020542), np.float64(0.40762580662253683), np.float64(0.35781848316787784), np.float64(0.33104957747864067), np.float64(0.024597523164515144), np.float64(0.06188066049723134), np.float64(0.4384794670891572), np.float64(-0.20036909414012682), np.float64(0.20001626884050244), np.float64(0.04006936768021695), np.float64(0.20847686048575836), np.float64(-0.16052802679827197), np.float64(-0.5592843854116615), np.float64(0.470283323473231), np.float64(0.49309167474091575), np.float64(0.1933078733349011), np.float64(-0.23903703169615625), np.float64(-0.23903703169615625), np.float64(0.13345519014912915), np.float64(0.13345519014912915), np.float64(-0.16689541211109915), np.float64(-0.16689541211109915), np.float64(0.18994646322449757), np.float64(0.18994646322449757), np.float64(-0.22132653817423928), np.float64(-0.22132653817423928), np.float64(-0.15899326137293532), np.float64(-0.15899326137293532), np.float64(0.026507683313135598), np.float64(0.026507683313135598), np.float64(-0.15104978279287304), np.float64(-0.15104978279287304), np.float64(-0.21402832032760838), np.float64(-0.21402832032760838), np.float64(0.09084922487485197), np.float64(0.09084922487485197), np.float64(0.24389908077752562), np.float64(0.24389908077752562), np.float64(0.14303808096557086), np.float64(0.14303808096557086), np.float64(-0.05809983598182116), np.float64(-0.05809983598182116), np.float64(-0.22894328437814562), np.float64(-0.22894328437814562), np.float64(0.127483494837987), np.float64(0.127483494837987), np.float64(0.009479488421605144), np.float64(0.009479488421605144), np.float64(-0.2208656252184436), np.float64(-0.2208656252184436), np.float64(-0.04718039358321331), np.float64(-0.04718039358321331), np.float64(0.13241289461936456), np.float64(0.13241289461936456), np.float64(0.06807031035983828), np.float64(0.06807031035983828), np.float64(0.18245663153529582), np.float64(0.18245663153529582), np.float64(-0.2754559573845381), np.float64(-0.2754559573845381), np.float64(0.27951008237579006), np.float64(0.27951008237579006), np.float64(-0.03596920129498947), np.float64(-0.03596920129498947), np.float64(-0.038242968742857354), np.float64(-0.038242968742857354), np.float64(0.13449670045802872), np.float64(0.13449670045802872), np.float64(-0.24973754959444283), np.float64(-0.24973754959444283), np.float64(-0.012568658801251867), np.float64(-0.012568658801251867), np.float64(0.1253047923700881), np.float64(0.1253047923700881), np.float64(0.1818679471376621), np.float64(0.1818679471376621), np.float64(-0.28204938845685373), np.float64(-0.28204938845685373), np.float64(0.12140605304757522), np.float64(0.12140605304757522), np.float64(0.014937750122834114), np.float64(0.014937750122834114), np.float64(-0.23181857570102424), np.float64(-0.23181857570102424), np.float64(-0.2189655318449757), np.float64(-0.2189655318449757), np.float64(0.11326448072490224), np.float64(0.11326448072490224), np.float64(0.18885934265015164), np.float64(0.18885934265015164), np.float64(0.14915809293098584), np.float64(0.14915809293098584), np.float64(-0.21484686605842007), np.float64(-0.21484686605842007), np.float64(0.16468257988612706), np.float64(0.16468257988612706), np.float64(0.16468257988612706), np.float64(0.16468257988612706), np.float64(-0.1621534811144432), np.float64(-0.1621534811144432), np.float64(-0.056937453138680524), np.float64(-0.056937453138680524), np.float64(0.15499797990903727), np.float64(0.15499797990903727), np.float64(-0.16825547739579252), np.float64(-0.16825547739579252)]
Write sucessfully to ./data/data_shots_10000_layer_1/alpha_0.01/N_30/r_23/ansatz_type_structure_like_qubo_YZ_2/initialization_warm_start_analy

vqe.cvar_eval[0]: -21.531742000000015 , min_cvar: -24.9556 , opt_cvar: -24.9556

vqe.poss_eval[-1]: 0.0101 vqe.poss_eval[0] 0  , max_poss: 0.0896 , opt_poss: 0.0896

vqe.r_eval[-1]: 1.0 vqe.r_eval[0]: 0.8628020163810934 max_r: 1.0 , min_r: 0.8574251871323473
