000 (15756408.136.000) 2026-02-06 11:26:57 Job submitted from host: <141.34.103.35:9618?addrs=141.34.103.35-9618+[2001-638-700-f067--1-23]-9618&alias=wgs39.zeuthen.desy.de&noUDP&sock=schedd_7414_f73f>
...
001 (15756408.136.000) 2026-02-10 11:42:53 Job executing on host: <141.34.15.201:9618?addrs=141.34.15.201-9618+[2001-638-700-f00f--1-c9]-9618&alias=pizza03.zeuthen.desy.de&noUDP&sock=startd_9148_5877>
	SlotName: slot1_8@pizza03.zeuthen.desy.de
	CondorScratchDir = "/batch/dir_2649694"
	Cpus = 8
	Disk = 1025696
	GPUs = 0
	Memory = 16384
...
006 (15756408.136.000) 2026-02-10 11:43:07 Image size of job updated: 67140
	66  -  MemoryUsage of job (MB)
	67140  -  ResidentSetSize of job (KB)
...
006 (15756408.136.000) 2026-02-10 11:43:11 Image size of job updated: 70224
	66  -  MemoryUsage of job (MB)
	67140  -  ResidentSetSize of job (KB)
...
005 (15756408.136.000) 2026-02-10 11:43:12 Job terminated.
	(1) Normal termination (return value 1)
		Usr 0 00:00:03, Sys 0 00:00:01  -  Run Remote Usage
		Usr 0 00:00:00, Sys 0 00:00:00  -  Run Local Usage
		Usr 0 00:00:03, Sys 0 00:00:01  -  Total Remote Usage
		Usr 0 00:00:00, Sys 0 00:00:00  -  Total Local Usage
	0  -  Run Bytes Sent By Job
	0  -  Run Bytes Received By Job
	0  -  Total Bytes Sent By Job
	0  -  Total Bytes Received By Job
	Partitionable Resources :    Usage  Request Allocated 
	   Cpus                 :        0        8         8 
	   Disk (KB)            :        1  1024000   1025696 
	   GPUs                 :                           0 
	   Memory (MB)          :       66    16384     16384 
	   TimeExecute (s)      :       18                    
	   TimeSlotBusy (s)     :       18                    

	Job terminated of its own accord at 2026-02-10T10:43:11Z with exit-code 1.
...
000 (15951004.091.000) 2026-02-10 16:30:01 Job submitted from host: <141.34.103.35:9618?addrs=141.34.103.35-9618+[2001-638-700-f067--1-23]-9618&alias=wgs39.zeuthen.desy.de&noUDP&sock=schedd_7302_24a3>
...
001 (15951004.091.000) 2026-02-10 18:11:18 Job executing on host: <141.34.15.84:9618?addrs=141.34.15.84-9618+[2001-638-700-f00f--1-54]-9618&alias=genoa08.zeuthen.desy.de&noUDP&sock=startd_10216_e79d>
	SlotName: slot1_31@genoa08.zeuthen.desy.de
	CondorScratchDir = "/batch/dir_3389643"
	Cpus = 1
	Disk = 1025681
	GPUs = 0
	Memory = 5120
...
006 (15951004.091.000) 2026-02-10 18:11:26 Image size of job updated: 88
	0  -  MemoryUsage of job (MB)
	0  -  ResidentSetSize of job (KB)
...
005 (15951004.091.000) 2026-02-10 18:11:26 Job terminated.
	(1) Normal termination (return value 1)
		Usr 0 00:00:01, Sys 0 00:00:00  -  Run Remote Usage
		Usr 0 00:00:00, Sys 0 00:00:00  -  Run Local Usage
		Usr 0 00:00:01, Sys 0 00:00:00  -  Total Remote Usage
		Usr 0 00:00:00, Sys 0 00:00:00  -  Total Local Usage
	0  -  Run Bytes Sent By Job
	0  -  Run Bytes Received By Job
	0  -  Total Bytes Sent By Job
	0  -  Total Bytes Received By Job
	Partitionable Resources :    Usage  Request Allocated 
	   Cpus                 :        0        1         1 
	   Disk (KB)            :        1  1024000   1025681 
	   GPUs                 :                           0 
	   Memory (MB)          :        0     5120      5120 
	   TimeExecute (s)      :        8                    
	   TimeSlotBusy (s)     :        8                    

	Job terminated of its own accord at 2026-02-10T17:11:26Z with exit-code 1.
...
000 (15988842.091.000) 2026-02-11 11:12:46 Job submitted from host: <141.34.103.35:9618?addrs=141.34.103.35-9618+[2001-638-700-f067--1-23]-9618&alias=wgs39.zeuthen.desy.de&noUDP&sock=schedd_7302_24a3>
...
001 (15988842.091.000) 2026-02-11 11:32:18 Job executing on host: <141.34.15.51:9618?addrs=141.34.15.51-9618+[2001-638-700-f00f--1-33]-9618&alias=pizza22.zeuthen.desy.de&noUDP&sock=startd_8302_0f58>
	SlotName: slot1_28@pizza22.zeuthen.desy.de
	CondorScratchDir = "/batch/dir_3380067"
	Cpus = 1
	Disk = 1025696
	GPUs = 0
	Memory = 5120
...
006 (15988842.091.000) 2026-02-11 11:32:26 Image size of job updated: 204
	0  -  MemoryUsage of job (MB)
	0  -  ResidentSetSize of job (KB)
...
005 (15988842.091.000) 2026-02-11 11:32:26 Job terminated.
	(1) Normal termination (return value 1)
		Usr 0 00:00:01, Sys 0 00:00:01  -  Run Remote Usage
		Usr 0 00:00:00, Sys 0 00:00:00  -  Run Local Usage
		Usr 0 00:00:01, Sys 0 00:00:01  -  Total Remote Usage
		Usr 0 00:00:00, Sys 0 00:00:00  -  Total Local Usage
	0  -  Run Bytes Sent By Job
	0  -  Run Bytes Received By Job
	0  -  Total Bytes Sent By Job
	0  -  Total Bytes Received By Job
	Partitionable Resources :    Usage  Request Allocated 
	   Cpus                 :     0.02        1         1 
	   Disk (KB)            :     1     1024000   1025696 
	   GPUs                 :                           0 
	   Memory (MB)          :     0        5120      5120 
	   TimeExecute (s)      :     8                       
	   TimeSlotBusy (s)     :    10                       

	Job terminated of its own accord at 2026-02-11T10:32:26Z with exit-code 1.
...
000 (16214011.091.000) 2026-02-16 17:42:09 Job submitted from host: <141.34.103.35:9618?addrs=141.34.103.35-9618+[2001-638-700-f067--1-23]-9618&alias=wgs39.zeuthen.desy.de&noUDP&sock=schedd_7302_24a3>
...
001 (16214011.091.000) 2026-02-16 17:42:27 Job executing on host: <141.34.15.198:9618?addrs=141.34.15.198-9618+[2001-638-700-f00f--1-c6]-9618&alias=pizza00.zeuthen.desy.de&noUDP&sock=startd_8231_5c1f>
	SlotName: slot1_11@pizza00.zeuthen.desy.de
	CondorScratchDir = "/batch/dir_1954809"
	Cpus = 1
	Disk = 1025696
	GPUs = 0
	Memory = 5120
...
006 (16214011.091.000) 2026-02-16 17:42:41 Image size of job updated: 89932
	88  -  MemoryUsage of job (MB)
	89932  -  ResidentSetSize of job (KB)
...
006 (16214011.091.000) 2026-02-16 17:47:42 Image size of job updated: 256896
	251  -  MemoryUsage of job (MB)
	256896  -  ResidentSetSize of job (KB)
...
006 (16214011.091.000) 2026-02-16 17:52:42 Image size of job updated: 279292
	269  -  MemoryUsage of job (MB)
	275408  -  ResidentSetSize of job (KB)
...
006 (16214011.091.000) 2026-02-16 18:02:43 Image size of job updated: 289036
	271  -  MemoryUsage of job (MB)
	277220  -  ResidentSetSize of job (KB)
...
006 (16214011.091.000) 2026-02-16 18:12:43 Image size of job updated: 289276
	272  -  MemoryUsage of job (MB)
	277684  -  ResidentSetSize of job (KB)
...
006 (16214011.091.000) 2026-02-16 18:17:44 Image size of job updated: 291512
	272  -  MemoryUsage of job (MB)
	277984  -  ResidentSetSize of job (KB)
...
006 (16214011.091.000) 2026-02-16 18:27:44 Image size of job updated: 292744
	272  -  MemoryUsage of job (MB)
	278508  -  ResidentSetSize of job (KB)
...
006 (16214011.091.000) 2026-02-16 18:37:45 Image size of job updated: 292744
	273  -  MemoryUsage of job (MB)
	279168  -  ResidentSetSize of job (KB)
...
006 (16214011.091.000) 2026-02-16 18:47:46 Image size of job updated: 292744
	274  -  MemoryUsage of job (MB)
	279648  -  ResidentSetSize of job (KB)
...
006 (16214011.091.000) 2026-02-16 18:57:47 Image size of job updated: 292744
	274  -  MemoryUsage of job (MB)
	279876  -  ResidentSetSize of job (KB)
...
006 (16214011.091.000) 2026-02-16 19:02:48 Image size of job updated: 292744
	274  -  MemoryUsage of job (MB)
	280488  -  ResidentSetSize of job (KB)
...
006 (16214011.091.000) 2026-02-16 19:12:49 Image size of job updated: 292744
	275  -  MemoryUsage of job (MB)
	281088  -  ResidentSetSize of job (KB)
...
006 (16214011.091.000) 2026-02-16 19:17:50 Image size of job updated: 292744
	279  -  MemoryUsage of job (MB)
	285028  -  ResidentSetSize of job (KB)
...
006 (16214011.091.000) 2026-02-16 19:27:51 Image size of job updated: 293584
	279  -  MemoryUsage of job (MB)
	285520  -  ResidentSetSize of job (KB)
...
006 (16214011.091.000) 2026-02-16 19:32:52 Image size of job updated: 294388
	280  -  MemoryUsage of job (MB)
	286128  -  ResidentSetSize of job (KB)
...
006 (16214011.091.000) 2026-02-16 19:42:53 Image size of job updated: 294388
	280  -  MemoryUsage of job (MB)
	286544  -  ResidentSetSize of job (KB)
...
006 (16214011.091.000) 2026-02-16 19:52:55 Image size of job updated: 295184
	281  -  MemoryUsage of job (MB)
	286840  -  ResidentSetSize of job (KB)
...
006 (16214011.091.000) 2026-02-16 19:57:55 Image size of job updated: 295184
	281  -  MemoryUsage of job (MB)
	287400  -  ResidentSetSize of job (KB)
...
006 (16214011.091.000) 2026-02-16 20:07:57 Image size of job updated: 295408
	282  -  MemoryUsage of job (MB)
	287976  -  ResidentSetSize of job (KB)
...
006 (16214011.091.000) 2026-02-16 20:12:57 Image size of job updated: 295408
	282  -  MemoryUsage of job (MB)
	288152  -  ResidentSetSize of job (KB)
...
006 (16214011.091.000) 2026-02-16 20:22:59 Image size of job updated: 295408
	282  -  MemoryUsage of job (MB)
	288716  -  ResidentSetSize of job (KB)
...
006 (16214011.091.000) 2026-02-16 20:27:59 Image size of job updated: 295408
	283  -  MemoryUsage of job (MB)
	289128  -  ResidentSetSize of job (KB)
...
006 (16214011.091.000) 2026-02-16 20:38:01 Image size of job updated: 295408
	283  -  MemoryUsage of job (MB)
	289380  -  ResidentSetSize of job (KB)
...
006 (16214011.091.000) 2026-02-16 20:43:01 Image size of job updated: 295408
	284  -  MemoryUsage of job (MB)
	289848  -  ResidentSetSize of job (KB)
...
006 (16214011.091.000) 2026-02-16 20:53:03 Image size of job updated: 295408
	284  -  MemoryUsage of job (MB)
	290356  -  ResidentSetSize of job (KB)
...
006 (16214011.091.000) 2026-02-16 21:03:04 Image size of job updated: 295408
	284  -  MemoryUsage of job (MB)
	290564  -  ResidentSetSize of job (KB)
...
006 (16214011.091.000) 2026-02-16 21:23:07 Image size of job updated: 295408
	284  -  MemoryUsage of job (MB)
	290632  -  ResidentSetSize of job (KB)
...
006 (16214011.091.000) 2026-02-16 23:13:19 Image size of job updated: 295408
	285  -  MemoryUsage of job (MB)
	290980  -  ResidentSetSize of job (KB)
...
006 (16214011.091.000) 2026-02-16 23:18:19 Image size of job updated: 295408
	285  -  MemoryUsage of job (MB)
	291124  -  ResidentSetSize of job (KB)
...
006 (16214011.091.000) 2026-02-16 23:28:20 Image size of job updated: 295408
	285  -  MemoryUsage of job (MB)
	291240  -  ResidentSetSize of job (KB)
...
006 (16214011.091.000) 2026-02-16 23:33:20 Image size of job updated: 295408
	285  -  MemoryUsage of job (MB)
	291380  -  ResidentSetSize of job (KB)
...
006 (16214011.091.000) 2026-02-16 23:43:21 Image size of job updated: 295408
	285  -  MemoryUsage of job (MB)
	291480  -  ResidentSetSize of job (KB)
...
006 (16214011.091.000) 2026-02-16 23:48:21 Image size of job updated: 295408
	285  -  MemoryUsage of job (MB)
	291636  -  ResidentSetSize of job (KB)
...
006 (16214011.091.000) 2026-02-17 00:08:23 Image size of job updated: 295408
	285  -  MemoryUsage of job (MB)
	291688  -  ResidentSetSize of job (KB)
...
006 (16214011.091.000) 2026-02-17 00:13:23 Image size of job updated: 295408
	286  -  MemoryUsage of job (MB)
	291892  -  ResidentSetSize of job (KB)
...
006 (16214011.091.000) 2026-02-17 00:28:25 Image size of job updated: 295408
	286  -  MemoryUsage of job (MB)
	292340  -  ResidentSetSize of job (KB)
...
006 (16214011.091.000) 2026-02-17 00:38:26 Image size of job updated: 295408
	286  -  MemoryUsage of job (MB)
	292404  -  ResidentSetSize of job (KB)
...
006 (16214011.091.000) 2026-02-17 01:18:31 Image size of job updated: 295408
	286  -  MemoryUsage of job (MB)
	292552  -  ResidentSetSize of job (KB)
...
006 (16214011.091.000) 2026-02-17 01:23:32 Image size of job updated: 295408
	286  -  MemoryUsage of job (MB)
	292660  -  ResidentSetSize of job (KB)
...
006 (16214011.091.000) 2026-02-17 01:48:35 Image size of job updated: 295408
	286  -  MemoryUsage of job (MB)
	292664  -  ResidentSetSize of job (KB)
...
006 (16214011.091.000) 2026-02-17 01:53:36 Image size of job updated: 295408
	286  -  MemoryUsage of job (MB)
	292800  -  ResidentSetSize of job (KB)
...
006 (16214011.091.000) 2026-02-17 02:03:37 Image size of job updated: 295408
	287  -  MemoryUsage of job (MB)
	292916  -  ResidentSetSize of job (KB)
...
004 (16214011.091.000) 2026-02-18 10:33:55 Job was evicted.
	(0) CPU times
		Usr 1 16:23:18, Sys 0 00:00:24  -  Run Remote Usage
		Usr 0 00:00:00, Sys 0 00:00:00  -  Run Local Usage
	0  -  Run Bytes Sent By Job
	0  -  Run Bytes Received By Job
	Partitionable Resources :     Usage  Request Allocated 
	   Cpus                 :      0.99        1         1 
	   Disk (KB)            :      1     1024000   1025696 
	   GPUs                 :                            0 
	   Memory (MB)          :    287        5120      5120 
	   TimeExecute (s)      : 147087                       
	   TimeSlotBusy (s)     : 147088                       
...
009 (16214011.091.000) 2026-02-18 10:33:55 Job was aborted.
	via condor_rm (by user tuccia)
...
