000 (15756407.057.000) 2026-02-06 11:26:09 Job submitted from host: <141.34.103.35:9618?addrs=141.34.103.35-9618+[2001-638-700-f067--1-23]-9618&alias=wgs39.zeuthen.desy.de&noUDP&sock=schedd_7414_f73f>
...
001 (15756407.057.000) 2026-02-08 15:51:37 Job executing on host: <141.34.15.43:9618?addrs=141.34.15.43-9618+[2001-638-700-f00f--1-2b]-9618&alias=pizza14.zeuthen.desy.de&noUDP&sock=startd_8340_1ff1>
	SlotName: slot1_5@pizza14.zeuthen.desy.de
	CondorScratchDir = "/batch/dir_18484"
	Cpus = 8
	Disk = 1025696
	GPUs = 0
	Memory = 16384
...
006 (15756407.057.000) 2026-02-08 15:51:43 Image size of job updated: 84
	0  -  MemoryUsage of job (MB)
	0  -  ResidentSetSize of job (KB)
...
005 (15756407.057.000) 2026-02-08 15:51:43 Job terminated.
	(1) Normal termination (return value 1)
		Usr 0 00:00:02, Sys 0 00:00:00  -  Run Remote Usage
		Usr 0 00:00:00, Sys 0 00:00:00  -  Run Local Usage
		Usr 0 00:00:02, Sys 0 00:00:00  -  Total Remote Usage
		Usr 0 00:00:00, Sys 0 00:00:00  -  Total Local Usage
	0  -  Run Bytes Sent By Job
	0  -  Run Bytes Received By Job
	0  -  Total Bytes Sent By Job
	0  -  Total Bytes Received By Job
	Partitionable Resources :    Usage  Request Allocated 
	   Cpus                 :        0        8         8 
	   Disk (KB)            :        1  1024000   1025696 
	   GPUs                 :                           0 
	   Memory (MB)          :        0    16384     16384 
	   TimeExecute (s)      :        6                    
	   TimeSlotBusy (s)     :        6                    

	Job terminated of its own accord at 2026-02-08T14:51:43Z with exit-code 1.
...
000 (15949294.038.000) 2026-02-10 11:45:17 Job submitted from host: <141.34.103.35:9618?addrs=141.34.103.35-9618+[2001-638-700-f067--1-23]-9618&alias=wgs39.zeuthen.desy.de&noUDP&sock=schedd_7302_24a3>
...
009 (15949294.038.000) 2026-02-10 11:45:46 Job was aborted.
	via condor_rm (by user tuccia)
...
000 (15949295.038.000) 2026-02-10 11:46:04 Job submitted from host: <141.34.103.35:9618?addrs=141.34.103.35-9618+[2001-638-700-f067--1-23]-9618&alias=wgs39.zeuthen.desy.de&noUDP&sock=schedd_7302_24a3>
...
001 (15949295.038.000) 2026-02-10 11:47:34 Job executing on host: <141.34.15.202:9618?addrs=141.34.15.202-9618+[2001-638-700-f00f--1-ca]-9618&alias=pizza04.zeuthen.desy.de&noUDP&sock=startd_9156_d539>
	SlotName: slot1_5@pizza04.zeuthen.desy.de
	CondorScratchDir = "/batch/dir_2858885"
	Cpus = 8
	Disk = 1025696
	GPUs = 0
	Memory = 16384
...
006 (15949295.038.000) 2026-02-10 11:47:42 Image size of job updated: 220
	0  -  MemoryUsage of job (MB)
	0  -  ResidentSetSize of job (KB)
...
005 (15949295.038.000) 2026-02-10 11:47:42 Job terminated.
	(1) Normal termination (return value 1)
		Usr 0 00:00:03, Sys 0 00:00:01  -  Run Remote Usage
		Usr 0 00:00:00, Sys 0 00:00:00  -  Run Local Usage
		Usr 0 00:00:03, Sys 0 00:00:01  -  Total Remote Usage
		Usr 0 00:00:00, Sys 0 00:00:00  -  Total Local Usage
	0  -  Run Bytes Sent By Job
	0  -  Run Bytes Received By Job
	0  -  Total Bytes Sent By Job
	0  -  Total Bytes Received By Job
	Partitionable Resources :    Usage  Request Allocated 
	   Cpus                 :        0        8         8 
	   Disk (KB)            :        1  1024000   1025696 
	   GPUs                 :                           0 
	   Memory (MB)          :        0    16384     16384 
	   TimeExecute (s)      :        8                    
	   TimeSlotBusy (s)     :        8                    

	Job terminated of its own accord at 2026-02-10T10:47:42Z with exit-code 1.
...
000 (16213981.077.000) 2026-02-16 17:41:20 Job submitted from host: <141.34.103.35:9618?addrs=141.34.103.35-9618+[2001-638-700-f067--1-23]-9618&alias=wgs39.zeuthen.desy.de&noUDP&sock=schedd_7302_24a3>
...
001 (16213981.077.000) 2026-02-16 17:41:46 Job executing on host: <141.34.14.229:9618?addrs=141.34.14.229-9618+[2001-638-700-f00e--1-e5]-9618&alias=pascal02.zeuthen.desy.de&noUDP&sock=startd_11552_4a24>
	SlotName: slot1_8@pascal02.zeuthen.desy.de
	AvailableGPUs = {  }
	CondorScratchDir = "/batch/dir_1804533"
	Cpus = 1
	Disk = 1025109
	GPUs = 0
	Memory = 5120
...
006 (16213981.077.000) 2026-02-16 17:41:59 Image size of job updated: 87860
	86  -  MemoryUsage of job (MB)
	87860  -  ResidentSetSize of job (KB)
...
006 (16213981.077.000) 2026-02-16 17:46:59 Image size of job updated: 210556
	206  -  MemoryUsage of job (MB)
	210556  -  ResidentSetSize of job (KB)
...
006 (16213981.077.000) 2026-02-16 17:52:00 Image size of job updated: 211808
	207  -  MemoryUsage of job (MB)
	211808  -  ResidentSetSize of job (KB)
...
006 (16213981.077.000) 2026-02-16 17:57:01 Image size of job updated: 212744
	208  -  MemoryUsage of job (MB)
	212744  -  ResidentSetSize of job (KB)
...
006 (16213981.077.000) 2026-02-16 18:12:03 Image size of job updated: 213124
	209  -  MemoryUsage of job (MB)
	213124  -  ResidentSetSize of job (KB)
...
006 (16213981.077.000) 2026-02-16 18:17:03 Image size of job updated: 213980
	209  -  MemoryUsage of job (MB)
	213980  -  ResidentSetSize of job (KB)
...
006 (16213981.077.000) 2026-02-16 18:32:04 Image size of job updated: 215796
	211  -  MemoryUsage of job (MB)
	215796  -  ResidentSetSize of job (KB)
...
006 (16213981.077.000) 2026-02-16 18:42:05 Image size of job updated: 215940
	211  -  MemoryUsage of job (MB)
	215940  -  ResidentSetSize of job (KB)
...
006 (16213981.077.000) 2026-02-16 20:27:15 Image size of job updated: 215944
	211  -  MemoryUsage of job (MB)
	215944  -  ResidentSetSize of job (KB)
...
006 (16213981.077.000) 2026-02-16 22:02:24 Image size of job updated: 216012
	211  -  MemoryUsage of job (MB)
	216012  -  ResidentSetSize of job (KB)
...
006 (16213981.077.000) 2026-02-17 03:57:59 Image size of job updated: 216212
	212  -  MemoryUsage of job (MB)
	216212  -  ResidentSetSize of job (KB)
...
006 (16213981.077.000) 2026-02-17 07:58:24 Image size of job updated: 216216
	212  -  MemoryUsage of job (MB)
	216216  -  ResidentSetSize of job (KB)
...
006 (16213981.077.000) 2026-02-17 08:03:24 Image size of job updated: 216452
	212  -  MemoryUsage of job (MB)
	216452  -  ResidentSetSize of job (KB)
...
006 (16213981.077.000) 2026-02-17 12:28:53 Image size of job updated: 216460
	212  -  MemoryUsage of job (MB)
	216460  -  ResidentSetSize of job (KB)
...
006 (16213981.077.000) 2026-02-17 12:33:53 Image size of job updated: 216528
	212  -  MemoryUsage of job (MB)
	216528  -  ResidentSetSize of job (KB)
...
006 (16213981.077.000) 2026-02-17 12:38:54 Image size of job updated: 216708
	212  -  MemoryUsage of job (MB)
	216708  -  ResidentSetSize of job (KB)
...
006 (16213981.077.000) 2026-02-17 13:28:58 Image size of job updated: 216744
	212  -  MemoryUsage of job (MB)
	216744  -  ResidentSetSize of job (KB)
...
006 (16213981.077.000) 2026-02-17 13:33:58 Image size of job updated: 216928
	212  -  MemoryUsage of job (MB)
	216928  -  ResidentSetSize of job (KB)
...
005 (16213981.077.000) 2026-02-17 13:53:37 Job terminated.
	(1) Normal termination (return value 0)
		Usr 0 20:06:14, Sys 0 00:00:05  -  Run Remote Usage
		Usr 0 00:00:00, Sys 0 00:00:00  -  Run Local Usage
		Usr 0 20:06:14, Sys 0 00:00:05  -  Total Remote Usage
		Usr 0 00:00:00, Sys 0 00:00:00  -  Total Local Usage
	0  -  Run Bytes Sent By Job
	0  -  Run Bytes Received By Job
	0  -  Total Bytes Sent By Job
	0  -  Total Bytes Received By Job
	Partitionable Resources :    Usage  Request Allocated 
	   Cpus                 :     1.00        1         1 
	   Disk (KB)            :     1     1024000   1025109 
	   GPUs                 :                           0 
	   Memory (MB)          :   212        5120      5120 
	   TimeExecute (s)      : 72711                       
	   TimeSlotBusy (s)     : 72711                       

	Job terminated of its own accord at 2026-02-17T12:53:37Z with exit-code 0.
...
