000 (15756408.165.000) 2026-02-06 11:26:57 Job submitted from host: <141.34.103.35:9618?addrs=141.34.103.35-9618+[2001-638-700-f067--1-23]-9618&alias=wgs39.zeuthen.desy.de&noUDP&sock=schedd_7414_f73f>
...
001 (15756408.165.000) 2026-02-10 11:43:53 Job executing on host: <141.34.15.203:9618?addrs=141.34.15.203-9618+[2001-638-700-f00f--1-cb]-9618&alias=pizza05.zeuthen.desy.de&noUDP&sock=startd_8154_8b54>
	SlotName: slot1_3@pizza05.zeuthen.desy.de
	CondorScratchDir = "/batch/dir_4073438"
	Cpus = 8
	Disk = 1025696
	GPUs = 0
	Memory = 16384
...
006 (15756408.165.000) 2026-02-10 11:44:00 Image size of job updated: 104
	0  -  MemoryUsage of job (MB)
	0  -  ResidentSetSize of job (KB)
...
005 (15756408.165.000) 2026-02-10 11:44:00 Job terminated.
	(1) Normal termination (return value 1)
		Usr 0 00:00:02, Sys 0 00:00:00  -  Run Remote Usage
		Usr 0 00:00:00, Sys 0 00:00:00  -  Run Local Usage
		Usr 0 00:00:02, Sys 0 00:00:00  -  Total Remote Usage
		Usr 0 00:00:00, Sys 0 00:00:00  -  Total Local Usage
	0  -  Run Bytes Sent By Job
	0  -  Run Bytes Received By Job
	0  -  Total Bytes Sent By Job
	0  -  Total Bytes Received By Job
	Partitionable Resources :    Usage  Request Allocated 
	   Cpus                 :        0        8         8 
	   Disk (KB)            :        1  1024000   1025696 
	   GPUs                 :                           0 
	   Memory (MB)          :        0    16384     16384 
	   TimeExecute (s)      :        7                    
	   TimeSlotBusy (s)     :        7                    

	Job terminated of its own accord at 2026-02-10T10:44:00Z with exit-code 1.
...
000 (15951004.110.000) 2026-02-10 16:30:01 Job submitted from host: <141.34.103.35:9618?addrs=141.34.103.35-9618+[2001-638-700-f067--1-23]-9618&alias=wgs39.zeuthen.desy.de&noUDP&sock=schedd_7302_24a3>
...
001 (15951004.110.000) 2026-02-10 18:11:30 Job executing on host: <141.34.15.52:9618?addrs=141.34.15.52-9618+[2001-638-700-f00f--1-34]-9618&alias=pizza23.zeuthen.desy.de&noUDP&sock=startd_8270_1c50>
	SlotName: slot1_21@pizza23.zeuthen.desy.de
	CondorScratchDir = "/batch/dir_1317954"
	Cpus = 1
	Disk = 1025696
	GPUs = 0
	Memory = 5120
...
006 (15951004.110.000) 2026-02-10 18:11:37 Image size of job updated: 100
	0  -  MemoryUsage of job (MB)
	0  -  ResidentSetSize of job (KB)
...
005 (15951004.110.000) 2026-02-10 18:11:37 Job terminated.
	(1) Normal termination (return value 1)
		Usr 0 00:00:01, Sys 0 00:00:00  -  Run Remote Usage
		Usr 0 00:00:00, Sys 0 00:00:00  -  Run Local Usage
		Usr 0 00:00:01, Sys 0 00:00:00  -  Total Remote Usage
		Usr 0 00:00:00, Sys 0 00:00:00  -  Total Local Usage
	0  -  Run Bytes Sent By Job
	0  -  Run Bytes Received By Job
	0  -  Total Bytes Sent By Job
	0  -  Total Bytes Received By Job
	Partitionable Resources :    Usage  Request Allocated 
	   Cpus                 :        0        1         1 
	   Disk (KB)            :        1  1024000   1025696 
	   GPUs                 :                           0 
	   Memory (MB)          :        0     5120      5120 
	   TimeExecute (s)      :        7                    
	   TimeSlotBusy (s)     :        7                    

	Job terminated of its own accord at 2026-02-10T17:11:37Z with exit-code 1.
...
000 (15988842.110.000) 2026-02-11 11:12:46 Job submitted from host: <141.34.103.35:9618?addrs=141.34.103.35-9618+[2001-638-700-f067--1-23]-9618&alias=wgs39.zeuthen.desy.de&noUDP&sock=schedd_7302_24a3>
...
001 (15988842.110.000) 2026-02-11 11:32:24 Job executing on host: <141.34.15.84:9618?addrs=141.34.15.84-9618+[2001-638-700-f00f--1-54]-9618&alias=genoa08.zeuthen.desy.de&noUDP&sock=startd_10216_e79d>
	SlotName: slot1_39@genoa08.zeuthen.desy.de
	CondorScratchDir = "/batch/dir_18038"
	Cpus = 1
	Disk = 1025681
	GPUs = 0
	Memory = 5120
...
006 (15988842.110.000) 2026-02-11 11:32:32 Image size of job updated: 100
	0  -  MemoryUsage of job (MB)
	0  -  ResidentSetSize of job (KB)
...
005 (15988842.110.000) 2026-02-11 11:32:32 Job terminated.
	(1) Normal termination (return value 1)
		Usr 0 00:00:01, Sys 0 00:00:01  -  Run Remote Usage
		Usr 0 00:00:00, Sys 0 00:00:00  -  Run Local Usage
		Usr 0 00:00:01, Sys 0 00:00:01  -  Total Remote Usage
		Usr 0 00:00:00, Sys 0 00:00:00  -  Total Local Usage
	0  -  Run Bytes Sent By Job
	0  -  Run Bytes Received By Job
	0  -  Total Bytes Sent By Job
	0  -  Total Bytes Received By Job
	Partitionable Resources :    Usage  Request Allocated 
	   Cpus                 :        0        1         1 
	   Disk (KB)            :        1  1024000   1025681 
	   GPUs                 :                           0 
	   Memory (MB)          :        0     5120      5120 
	   TimeExecute (s)      :        8                    
	   TimeSlotBusy (s)     :        8                    

	Job terminated of its own accord at 2026-02-11T10:32:32Z with exit-code 1.
...
000 (16214011.110.000) 2026-02-16 17:42:09 Job submitted from host: <141.34.103.35:9618?addrs=141.34.103.35-9618+[2001-638-700-f067--1-23]-9618&alias=wgs39.zeuthen.desy.de&noUDP&sock=schedd_7302_24a3>
...
001 (16214011.110.000) 2026-02-16 17:42:27 Job executing on host: <141.34.15.45:9618?addrs=141.34.15.45-9618+[2001-638-700-f00f--1-2d]-9618&alias=pizza16.zeuthen.desy.de&noUDP&sock=startd_8270_1c50>
	SlotName: slot1_32@pizza16.zeuthen.desy.de
	CondorScratchDir = "/batch/dir_805729"
	Cpus = 1
	Disk = 1025696
	GPUs = 0
	Memory = 5120
...
006 (16214011.110.000) 2026-02-16 17:42:41 Image size of job updated: 89952
	88  -  MemoryUsage of job (MB)
	89952  -  ResidentSetSize of job (KB)
...
006 (16214011.110.000) 2026-02-16 17:47:42 Image size of job updated: 222480
	218  -  MemoryUsage of job (MB)
	222480  -  ResidentSetSize of job (KB)
...
006 (16214011.110.000) 2026-02-16 17:52:42 Image size of job updated: 222508
	218  -  MemoryUsage of job (MB)
	222508  -  ResidentSetSize of job (KB)
...
006 (16214011.110.000) 2026-02-16 17:57:42 Image size of job updated: 222544
	218  -  MemoryUsage of job (MB)
	222544  -  ResidentSetSize of job (KB)
...
006 (16214011.110.000) 2026-02-16 18:02:43 Image size of job updated: 222572
	218  -  MemoryUsage of job (MB)
	222572  -  ResidentSetSize of job (KB)
...
006 (16214011.110.000) 2026-02-16 18:07:43 Image size of job updated: 222628
	218  -  MemoryUsage of job (MB)
	222628  -  ResidentSetSize of job (KB)
...
006 (16214011.110.000) 2026-02-16 18:12:43 Image size of job updated: 222672
	218  -  MemoryUsage of job (MB)
	222672  -  ResidentSetSize of job (KB)
...
006 (16214011.110.000) 2026-02-16 18:17:44 Image size of job updated: 222732
	218  -  MemoryUsage of job (MB)
	222732  -  ResidentSetSize of job (KB)
...
006 (16214011.110.000) 2026-02-16 18:37:45 Image size of job updated: 222948
	218  -  MemoryUsage of job (MB)
	222948  -  ResidentSetSize of job (KB)
...
006 (16214011.110.000) 2026-02-16 19:07:48 Image size of job updated: 222964
	218  -  MemoryUsage of job (MB)
	222964  -  ResidentSetSize of job (KB)
...
006 (16214011.110.000) 2026-02-16 19:42:51 Image size of job updated: 223020
	218  -  MemoryUsage of job (MB)
	223020  -  ResidentSetSize of job (KB)
...
006 (16214011.110.000) 2026-02-16 20:42:57 Image size of job updated: 223132
	218  -  MemoryUsage of job (MB)
	223132  -  ResidentSetSize of job (KB)
...
006 (16214011.110.000) 2026-02-16 20:47:57 Image size of job updated: 223452
	219  -  MemoryUsage of job (MB)
	223452  -  ResidentSetSize of job (KB)
...
006 (16214011.110.000) 2026-02-17 03:33:41 Image size of job updated: 223708
	219  -  MemoryUsage of job (MB)
	223708  -  ResidentSetSize of job (KB)
...
006 (16214011.110.000) 2026-02-17 03:53:43 Image size of job updated: 223932
	219  -  MemoryUsage of job (MB)
	223932  -  ResidentSetSize of job (KB)
...
006 (16214011.110.000) 2026-02-17 04:03:43 Image size of job updated: 224188
	219  -  MemoryUsage of job (MB)
	224188  -  ResidentSetSize of job (KB)
...
005 (16214011.110.000) 2026-02-17 04:14:00 Job terminated.
	(1) Normal termination (return value 0)
		Usr 0 10:24:56, Sys 0 00:00:03  -  Run Remote Usage
		Usr 0 00:00:00, Sys 0 00:00:00  -  Run Local Usage
		Usr 0 10:24:56, Sys 0 00:00:03  -  Total Remote Usage
		Usr 0 00:00:00, Sys 0 00:00:00  -  Total Local Usage
	0  -  Run Bytes Sent By Job
	0  -  Run Bytes Received By Job
	0  -  Total Bytes Sent By Job
	0  -  Total Bytes Received By Job
	Partitionable Resources :    Usage  Request Allocated 
	   Cpus                 :     0.99        1         1 
	   Disk (KB)            :     1     1024000   1025696 
	   GPUs                 :                           0 
	   Memory (MB)          :   219        5120      5120 
	   TimeExecute (s)      : 37893                       
	   TimeSlotBusy (s)     : 37893                       

	Job terminated of its own accord at 2026-02-17T03:14:00Z with exit-code 0.
...
