000 (15756404.016.000) 2026-02-06 11:24:33 Job submitted from host: <141.34.103.35:9618?addrs=141.34.103.35-9618+[2001-638-700-f067--1-23]-9618&alias=wgs39.zeuthen.desy.de&noUDP&sock=schedd_7414_f73f>
...
001 (15756404.016.000) 2026-02-06 11:24:50 Job executing on host: <141.34.14.33:9618?addrs=141.34.14.33-9618+[2001-638-700-f00e--1-21]-9618&alias=ampere02.zeuthen.desy.de&noUDP&sock=startd_9421_99d2>
	SlotName: slot1_12@ampere02.zeuthen.desy.de
	AvailableGPUs = {  }
	CondorScratchDir = "/batch/dir_103016"
	Cpus = 8
	Disk = 1025682
	GPUs = 0
	Memory = 16384
...
006 (15756404.016.000) 2026-02-06 11:25:02 Image size of job updated: 60632
	0  -  MemoryUsage of job (MB)
	0  -  ResidentSetSize of job (KB)
...
005 (15756404.016.000) 2026-02-06 11:25:02 Job terminated.
	(1) Normal termination (return value 1)
		Usr 0 00:00:02, Sys 0 00:00:01  -  Run Remote Usage
		Usr 0 00:00:00, Sys 0 00:00:00  -  Run Local Usage
		Usr 0 00:00:02, Sys 0 00:00:01  -  Total Remote Usage
		Usr 0 00:00:00, Sys 0 00:00:00  -  Total Local Usage
	0  -  Run Bytes Sent By Job
	0  -  Run Bytes Received By Job
	0  -  Total Bytes Sent By Job
	0  -  Total Bytes Received By Job
	Partitionable Resources :    Usage  Request Allocated 
	   Cpus                 :        0        8         8 
	   Disk (KB)            :        1  1024000   1025682 
	   GPUs                 :                           0 
	   Memory (MB)          :        0    16384     16384 
	   TimeExecute (s)      :       12                    
	   TimeSlotBusy (s)     :       12                    

	Job terminated of its own accord at 2026-02-06T10:25:02Z with exit-code 1.
...
000 (16213981.022.000) 2026-02-16 17:41:19 Job submitted from host: <141.34.103.35:9618?addrs=141.34.103.35-9618+[2001-638-700-f067--1-23]-9618&alias=wgs39.zeuthen.desy.de&noUDP&sock=schedd_7302_24a3>
...
001 (16213981.022.000) 2026-02-16 17:41:45 Job executing on host: <141.34.15.47:9618?addrs=141.34.15.47-9618+[2001-638-700-f00f--1-2f]-9618&alias=pizza18.zeuthen.desy.de&noUDP&sock=startd_8216_1233>
	SlotName: slot1_29@pizza18.zeuthen.desy.de
	CondorScratchDir = "/batch/dir_739157"
	Cpus = 1
	Disk = 1025696
	GPUs = 0
	Memory = 5120
...
006 (16213981.022.000) 2026-02-16 17:41:59 Image size of job updated: 89932
	88  -  MemoryUsage of job (MB)
	89932  -  ResidentSetSize of job (KB)
...
006 (16213981.022.000) 2026-02-16 17:46:59 Image size of job updated: 258164
	242  -  MemoryUsage of job (MB)
	246884  -  ResidentSetSize of job (KB)
...
006 (16213981.022.000) 2026-02-16 17:51:59 Image size of job updated: 258164
	247  -  MemoryUsage of job (MB)
	252820  -  ResidentSetSize of job (KB)
...
006 (16213981.022.000) 2026-02-16 17:57:00 Image size of job updated: 258544
	253  -  MemoryUsage of job (MB)
	258544  -  ResidentSetSize of job (KB)
...
006 (16213981.022.000) 2026-02-16 18:02:01 Image size of job updated: 258800
	253  -  MemoryUsage of job (MB)
	258800  -  ResidentSetSize of job (KB)
...
006 (16213981.022.000) 2026-02-16 18:07:01 Image size of job updated: 258804
	253  -  MemoryUsage of job (MB)
	258804  -  ResidentSetSize of job (KB)
...
006 (16213981.022.000) 2026-02-16 18:12:02 Image size of job updated: 258808
	253  -  MemoryUsage of job (MB)
	258808  -  ResidentSetSize of job (KB)
...
006 (16213981.022.000) 2026-02-16 18:17:03 Image size of job updated: 258868
	253  -  MemoryUsage of job (MB)
	258868  -  ResidentSetSize of job (KB)
...
006 (16213981.022.000) 2026-02-16 18:27:04 Image size of job updated: 258880
	253  -  MemoryUsage of job (MB)
	258880  -  ResidentSetSize of job (KB)
...
006 (16213981.022.000) 2026-02-16 18:32:05 Image size of job updated: 258892
	253  -  MemoryUsage of job (MB)
	258892  -  ResidentSetSize of job (KB)
...
006 (16213981.022.000) 2026-02-16 18:42:06 Image size of job updated: 259104
	254  -  MemoryUsage of job (MB)
	259104  -  ResidentSetSize of job (KB)
...
006 (16213981.022.000) 2026-02-16 18:57:08 Image size of job updated: 259108
	254  -  MemoryUsage of job (MB)
	259108  -  ResidentSetSize of job (KB)
...
006 (16213981.022.000) 2026-02-16 19:52:15 Image size of job updated: 259148
	254  -  MemoryUsage of job (MB)
	259148  -  ResidentSetSize of job (KB)
...
006 (16213981.022.000) 2026-02-16 22:47:31 Image size of job updated: 259188
	254  -  MemoryUsage of job (MB)
	259188  -  ResidentSetSize of job (KB)
...
006 (16213981.022.000) 2026-02-16 22:57:32 Image size of job updated: 259404
	254  -  MemoryUsage of job (MB)
	259404  -  ResidentSetSize of job (KB)
...
006 (16213981.022.000) 2026-02-16 23:02:32 Image size of job updated: 259444
	254  -  MemoryUsage of job (MB)
	259444  -  ResidentSetSize of job (KB)
...
005 (16213981.022.000) 2026-02-17 00:14:56 Job terminated.
	(1) Normal termination (return value 0)
		Usr 0 06:28:24, Sys 0 00:00:04  -  Run Remote Usage
		Usr 0 00:00:00, Sys 0 00:00:00  -  Run Local Usage
		Usr 0 06:28:24, Sys 0 00:00:04  -  Total Remote Usage
		Usr 0 00:00:00, Sys 0 00:00:00  -  Total Local Usage
	0  -  Run Bytes Sent By Job
	0  -  Run Bytes Received By Job
	0  -  Total Bytes Sent By Job
	0  -  Total Bytes Received By Job
	Partitionable Resources :    Usage  Request Allocated 
	   Cpus                 :     0.99        1         1 
	   Disk (KB)            :     1     1024000   1025696 
	   GPUs                 :                           0 
	   Memory (MB)          :   254        5120      5120 
	   TimeExecute (s)      : 23591                       
	   TimeSlotBusy (s)     : 23591                       

	Job terminated of its own accord at 2026-02-16T23:14:56Z with exit-code 0.
...
