000 (15756407.150.000) 2026-02-06 11:26:10 Job submitted from host: <141.34.103.35:9618?addrs=141.34.103.35-9618+[2001-638-700-f067--1-23]-9618&alias=wgs39.zeuthen.desy.de&noUDP&sock=schedd_7414_f73f>
...
001 (15756407.150.000) 2026-02-08 16:04:05 Job executing on host: <141.34.15.43:9618?addrs=141.34.15.43-9618+[2001-638-700-f00f--1-2b]-9618&alias=pizza14.zeuthen.desy.de&noUDP&sock=startd_8340_1ff1>
	SlotName: slot1_5@pizza14.zeuthen.desy.de
	CondorScratchDir = "/batch/dir_24451"
	Cpus = 8
	Disk = 1025696
	GPUs = 0
	Memory = 16384
...
006 (15756407.150.000) 2026-02-08 16:04:11 Image size of job updated: 84
	0  -  MemoryUsage of job (MB)
	0  -  ResidentSetSize of job (KB)
...
005 (15756407.150.000) 2026-02-08 16:04:11 Job terminated.
	(1) Normal termination (return value 1)
		Usr 0 00:00:02, Sys 0 00:00:00  -  Run Remote Usage
		Usr 0 00:00:00, Sys 0 00:00:00  -  Run Local Usage
		Usr 0 00:00:02, Sys 0 00:00:00  -  Total Remote Usage
		Usr 0 00:00:00, Sys 0 00:00:00  -  Total Local Usage
	0  -  Run Bytes Sent By Job
	0  -  Run Bytes Received By Job
	0  -  Total Bytes Sent By Job
	0  -  Total Bytes Received By Job
	Partitionable Resources :    Usage  Request Allocated 
	   Cpus                 :        0        8         8 
	   Disk (KB)            :        1  1024000   1025696 
	   GPUs                 :                           0 
	   Memory (MB)          :        0    16384     16384 
	   TimeExecute (s)      :        6                    
	   TimeSlotBusy (s)     :        7                    

	Job terminated of its own accord at 2026-02-08T15:04:11Z with exit-code 1.
...
000 (15949294.100.000) 2026-02-10 11:45:18 Job submitted from host: <141.34.103.35:9618?addrs=141.34.103.35-9618+[2001-638-700-f067--1-23]-9618&alias=wgs39.zeuthen.desy.de&noUDP&sock=schedd_7302_24a3>
...
009 (15949294.100.000) 2026-02-10 11:45:46 Job was aborted.
	via condor_rm (by user tuccia)
...
000 (15949295.100.000) 2026-02-10 11:46:04 Job submitted from host: <141.34.103.35:9618?addrs=141.34.103.35-9618+[2001-638-700-f067--1-23]-9618&alias=wgs39.zeuthen.desy.de&noUDP&sock=schedd_7302_24a3>
...
001 (15949295.100.000) 2026-02-10 11:47:35 Job executing on host: <141.34.15.42:9618?addrs=141.34.15.42-9618+[2001-638-700-f00f--1-2a]-9618&alias=pizza13.zeuthen.desy.de&noUDP&sock=startd_8168_25a7>
	SlotName: slot1_9@pizza13.zeuthen.desy.de
	CondorScratchDir = "/batch/dir_3234780"
	Cpus = 8
	Disk = 1025696
	GPUs = 0
	Memory = 16384
...
006 (15949295.100.000) 2026-02-10 11:47:42 Image size of job updated: 220
	0  -  MemoryUsage of job (MB)
	0  -  ResidentSetSize of job (KB)
...
005 (15949295.100.000) 2026-02-10 11:47:42 Job terminated.
	(1) Normal termination (return value 1)
		Usr 0 00:00:02, Sys 0 00:00:00  -  Run Remote Usage
		Usr 0 00:00:00, Sys 0 00:00:00  -  Run Local Usage
		Usr 0 00:00:02, Sys 0 00:00:00  -  Total Remote Usage
		Usr 0 00:00:00, Sys 0 00:00:00  -  Total Local Usage
	0  -  Run Bytes Sent By Job
	0  -  Run Bytes Received By Job
	0  -  Total Bytes Sent By Job
	0  -  Total Bytes Received By Job
	Partitionable Resources :    Usage  Request Allocated 
	   Cpus                 :        0        8         8 
	   Disk (KB)            :        1  1024000   1025696 
	   GPUs                 :                           0 
	   Memory (MB)          :        0    16384     16384 
	   TimeExecute (s)      :        7                    
	   TimeSlotBusy (s)     :        7                    

	Job terminated of its own accord at 2026-02-10T10:47:42Z with exit-code 1.
...
000 (16213981.201.000) 2026-02-16 17:41:22 Job submitted from host: <141.34.103.35:9618?addrs=141.34.103.35-9618+[2001-638-700-f067--1-23]-9618&alias=wgs39.zeuthen.desy.de&noUDP&sock=schedd_7302_24a3>
...
001 (16213981.201.000) 2026-02-16 17:41:47 Job executing on host: <141.34.15.42:9618?addrs=141.34.15.42-9618+[2001-638-700-f00f--1-2a]-9618&alias=pizza13.zeuthen.desy.de&noUDP&sock=startd_8168_25a7>
	SlotName: slot1_19@pizza13.zeuthen.desy.de
	CondorScratchDir = "/batch/dir_3313775"
	Cpus = 1
	Disk = 1025696
	GPUs = 0
	Memory = 5120
...
006 (16213981.201.000) 2026-02-16 17:42:00 Image size of job updated: 91944
	90  -  MemoryUsage of job (MB)
	91944  -  ResidentSetSize of job (KB)
...
006 (16213981.201.000) 2026-02-16 17:47:00 Image size of job updated: 244020
	209  -  MemoryUsage of job (MB)
	213576  -  ResidentSetSize of job (KB)
...
006 (16213981.201.000) 2026-02-16 17:52:01 Image size of job updated: 244020
	210  -  MemoryUsage of job (MB)
	214328  -  ResidentSetSize of job (KB)
...
006 (16213981.201.000) 2026-02-16 17:57:02 Image size of job updated: 244020
	210  -  MemoryUsage of job (MB)
	214476  -  ResidentSetSize of job (KB)
...
006 (16213981.201.000) 2026-02-16 18:02:02 Image size of job updated: 244020
	211  -  MemoryUsage of job (MB)
	215056  -  ResidentSetSize of job (KB)
...
006 (16213981.201.000) 2026-02-16 18:07:03 Image size of job updated: 244020
	211  -  MemoryUsage of job (MB)
	215192  -  ResidentSetSize of job (KB)
...
006 (16213981.201.000) 2026-02-16 18:12:04 Image size of job updated: 244020
	214  -  MemoryUsage of job (MB)
	218592  -  ResidentSetSize of job (KB)
...
006 (16213981.201.000) 2026-02-16 18:22:05 Image size of job updated: 244020
	214  -  MemoryUsage of job (MB)
	218648  -  ResidentSetSize of job (KB)
...
006 (16213981.201.000) 2026-02-16 18:27:06 Image size of job updated: 244020
	214  -  MemoryUsage of job (MB)
	218728  -  ResidentSetSize of job (KB)
...
006 (16213981.201.000) 2026-02-16 19:42:12 Image size of job updated: 244020
	214  -  MemoryUsage of job (MB)
	218804  -  ResidentSetSize of job (KB)
...
005 (16213981.201.000) 2026-02-17 06:06:23 Job terminated.
	(1) Normal termination (return value 0)
		Usr 0 12:16:13, Sys 0 00:00:04  -  Run Remote Usage
		Usr 0 00:00:00, Sys 0 00:00:00  -  Run Local Usage
		Usr 0 12:16:13, Sys 0 00:00:04  -  Total Remote Usage
		Usr 0 00:00:00, Sys 0 00:00:00  -  Total Local Usage
	0  -  Run Bytes Sent By Job
	0  -  Run Bytes Received By Job
	0  -  Total Bytes Sent By Job
	0  -  Total Bytes Received By Job
	Partitionable Resources :    Usage  Request Allocated 
	   Cpus                 :     0.99        1         1 
	   Disk (KB)            :     1     1024000   1025696 
	   GPUs                 :                           0 
	   Memory (MB)          :   214        5120      5120 
	   TimeExecute (s)      : 44676                       
	   TimeSlotBusy (s)     : 44677                       

	Job terminated of its own accord at 2026-02-17T05:06:23Z with exit-code 0.
...
