000 (15756408.046.000) 2026-02-06 11:26:56 Job submitted from host: <141.34.103.35:9618?addrs=141.34.103.35-9618+[2001-638-700-f067--1-23]-9618&alias=wgs39.zeuthen.desy.de&noUDP&sock=schedd_7414_f73f>
...
001 (15756408.046.000) 2026-02-10 11:43:14 Job executing on host: <141.34.14.33:9618?addrs=141.34.14.33-9618+[2001-638-700-f00e--1-21]-9618&alias=ampere02.zeuthen.desy.de&noUDP&sock=startd_9421_99d2>
	SlotName: slot1_2@ampere02.zeuthen.desy.de
	AvailableGPUs = {  }
	CondorScratchDir = "/batch/dir_3897018"
	Cpus = 8
	Disk = 1025682
	GPUs = 0
	Memory = 16384
...
006 (15756408.046.000) 2026-02-10 11:43:21 Image size of job updated: 144
	0  -  MemoryUsage of job (MB)
	0  -  ResidentSetSize of job (KB)
...
005 (15756408.046.000) 2026-02-10 11:43:22 Job terminated.
	(1) Normal termination (return value 1)
		Usr 0 00:00:02, Sys 0 00:00:01  -  Run Remote Usage
		Usr 0 00:00:00, Sys 0 00:00:00  -  Run Local Usage
		Usr 0 00:00:02, Sys 0 00:00:01  -  Total Remote Usage
		Usr 0 00:00:00, Sys 0 00:00:00  -  Total Local Usage
	0  -  Run Bytes Sent By Job
	0  -  Run Bytes Received By Job
	0  -  Total Bytes Sent By Job
	0  -  Total Bytes Received By Job
	Partitionable Resources :    Usage  Request Allocated 
	   Cpus                 :        0        8         8 
	   Disk (KB)            :        1  1024000   1025682 
	   GPUs                 :                           0 
	   Memory (MB)          :        0    16384     16384 
	   TimeExecute (s)      :        7                    
	   TimeSlotBusy (s)     :        8                    

	Job terminated of its own accord at 2026-02-10T10:43:21Z with exit-code 1.
...
000 (15951004.031.000) 2026-02-10 16:30:01 Job submitted from host: <141.34.103.35:9618?addrs=141.34.103.35-9618+[2001-638-700-f067--1-23]-9618&alias=wgs39.zeuthen.desy.de&noUDP&sock=schedd_7302_24a3>
...
001 (15951004.031.000) 2026-02-10 18:10:21 Job executing on host: <141.34.15.220:9618?addrs=141.34.15.220-9618+[2001-638-700-f00f--1-dc]-9618&alias=pizza28.zeuthen.desy.de&noUDP&sock=startd_8204_d710>
	SlotName: slot1_12@pizza28.zeuthen.desy.de
	CondorScratchDir = "/batch/dir_428982"
	Cpus = 1
	Disk = 1025696
	GPUs = 0
	Memory = 5120
...
006 (15951004.031.000) 2026-02-10 18:10:30 Image size of job updated: 100
	0  -  MemoryUsage of job (MB)
	0  -  ResidentSetSize of job (KB)
...
005 (15951004.031.000) 2026-02-10 18:10:30 Job terminated.
	(1) Normal termination (return value 1)
		Usr 0 00:00:01, Sys 0 00:00:01  -  Run Remote Usage
		Usr 0 00:00:00, Sys 0 00:00:00  -  Run Local Usage
		Usr 0 00:00:01, Sys 0 00:00:01  -  Total Remote Usage
		Usr 0 00:00:00, Sys 0 00:00:00  -  Total Local Usage
	0  -  Run Bytes Sent By Job
	0  -  Run Bytes Received By Job
	0  -  Total Bytes Sent By Job
	0  -  Total Bytes Received By Job
	Partitionable Resources :    Usage  Request Allocated 
	   Cpus                 :        0        1         1 
	   Disk (KB)            :        1  1024000   1025696 
	   GPUs                 :                           0 
	   Memory (MB)          :        0     5120      5120 
	   TimeExecute (s)      :        9                    
	   TimeSlotBusy (s)     :        9                    

	Job terminated of its own accord at 2026-02-10T17:10:30Z with exit-code 1.
...
000 (15988842.031.000) 2026-02-11 11:12:46 Job submitted from host: <141.34.103.35:9618?addrs=141.34.103.35-9618+[2001-638-700-f067--1-23]-9618&alias=wgs39.zeuthen.desy.de&noUDP&sock=schedd_7302_24a3>
...
001 (15988842.031.000) 2026-02-11 11:30:29 Job executing on host: <141.34.15.86:9618?addrs=141.34.15.86-9618+[2001-638-700-f00f--1-56]-9618&alias=genoa10.zeuthen.desy.de&noUDP&sock=startd_10124_cce6>
	SlotName: slot1_15@genoa10.zeuthen.desy.de
	CondorScratchDir = "/batch/dir_1026679"
	Cpus = 1
	Disk = 1025681
	GPUs = 0
	Memory = 5120
...
006 (15988842.031.000) 2026-02-11 11:30:36 Image size of job updated: 92
	0  -  MemoryUsage of job (MB)
	0  -  ResidentSetSize of job (KB)
...
005 (15988842.031.000) 2026-02-11 11:30:36 Job terminated.
	(1) Normal termination (return value 1)
		Usr 0 00:00:01, Sys 0 00:00:00  -  Run Remote Usage
		Usr 0 00:00:00, Sys 0 00:00:00  -  Run Local Usage
		Usr 0 00:00:01, Sys 0 00:00:00  -  Total Remote Usage
		Usr 0 00:00:00, Sys 0 00:00:00  -  Total Local Usage
	0  -  Run Bytes Sent By Job
	0  -  Run Bytes Received By Job
	0  -  Total Bytes Sent By Job
	0  -  Total Bytes Received By Job
	Partitionable Resources :    Usage  Request Allocated 
	   Cpus                 :                 1         1 
	   Disk (KB)            :        1  1024000   1025681 
	   GPUs                 :                           0 
	   Memory (MB)          :        0     5120      5120 
	   TimeExecute (s)      :        7                    
	   TimeSlotBusy (s)     :        8                    

	Job terminated of its own accord at 2026-02-11T10:30:36Z with exit-code 1.
...
000 (16214011.031.000) 2026-02-16 17:42:08 Job submitted from host: <141.34.103.35:9618?addrs=141.34.103.35-9618+[2001-638-700-f067--1-23]-9618&alias=wgs39.zeuthen.desy.de&noUDP&sock=schedd_7302_24a3>
...
001 (16214011.031.000) 2026-02-16 17:42:27 Job executing on host: <141.34.15.199:9618?addrs=141.34.15.199-9618+[2001-638-700-f00f--1-c7]-9618&alias=pizza01.zeuthen.desy.de&noUDP&sock=startd_9160_939a>
	SlotName: slot1_10@pizza01.zeuthen.desy.de
	CondorScratchDir = "/batch/dir_3420395"
	Cpus = 1
	Disk = 1025696
	GPUs = 0
	Memory = 5120
...
006 (16214011.031.000) 2026-02-16 17:42:40 Image size of job updated: 89944
	88  -  MemoryUsage of job (MB)
	89944  -  ResidentSetSize of job (KB)
...
006 (16214011.031.000) 2026-02-16 17:47:40 Image size of job updated: 256156
	251  -  MemoryUsage of job (MB)
	256156  -  ResidentSetSize of job (KB)
...
006 (16214011.031.000) 2026-02-16 17:52:41 Image size of job updated: 281672
	269  -  MemoryUsage of job (MB)
	275388  -  ResidentSetSize of job (KB)
...
006 (16214011.031.000) 2026-02-16 17:57:41 Image size of job updated: 281672
	270  -  MemoryUsage of job (MB)
	275604  -  ResidentSetSize of job (KB)
...
006 (16214011.031.000) 2026-02-16 18:02:41 Image size of job updated: 291152
	271  -  MemoryUsage of job (MB)
	276672  -  ResidentSetSize of job (KB)
...
006 (16214011.031.000) 2026-02-16 18:12:42 Image size of job updated: 292244
	271  -  MemoryUsage of job (MB)
	277496  -  ResidentSetSize of job (KB)
...
006 (16214011.031.000) 2026-02-16 18:22:43 Image size of job updated: 292244
	272  -  MemoryUsage of job (MB)
	277904  -  ResidentSetSize of job (KB)
...
006 (16214011.031.000) 2026-02-16 18:32:43 Image size of job updated: 292344
	273  -  MemoryUsage of job (MB)
	278748  -  ResidentSetSize of job (KB)
...
006 (16214011.031.000) 2026-02-16 18:42:44 Image size of job updated: 292344
	274  -  MemoryUsage of job (MB)
	279608  -  ResidentSetSize of job (KB)
...
006 (16214011.031.000) 2026-02-16 18:52:46 Image size of job updated: 292344
	274  -  MemoryUsage of job (MB)
	279856  -  ResidentSetSize of job (KB)
...
006 (16214011.031.000) 2026-02-16 19:02:47 Image size of job updated: 292344
	274  -  MemoryUsage of job (MB)
	280164  -  ResidentSetSize of job (KB)
...
006 (16214011.031.000) 2026-02-16 19:12:48 Image size of job updated: 292344
	275  -  MemoryUsage of job (MB)
	280716  -  ResidentSetSize of job (KB)
...
006 (16214011.031.000) 2026-02-16 19:22:50 Image size of job updated: 293200
	275  -  MemoryUsage of job (MB)
	281176  -  ResidentSetSize of job (KB)
...
006 (16214011.031.000) 2026-02-16 19:27:50 Image size of job updated: 293200
	276  -  MemoryUsage of job (MB)
	281668  -  ResidentSetSize of job (KB)
...
006 (16214011.031.000) 2026-02-16 19:37:52 Image size of job updated: 293200
	276  -  MemoryUsage of job (MB)
	282016  -  ResidentSetSize of job (KB)
...
006 (16214011.031.000) 2026-02-16 19:47:53 Image size of job updated: 293200
	276  -  MemoryUsage of job (MB)
	282292  -  ResidentSetSize of job (KB)
...
006 (16214011.031.000) 2026-02-16 19:57:54 Image size of job updated: 293200
	277  -  MemoryUsage of job (MB)
	282824  -  ResidentSetSize of job (KB)
...
006 (16214011.031.000) 2026-02-16 20:02:55 Image size of job updated: 293200
	277  -  MemoryUsage of job (MB)
	283560  -  ResidentSetSize of job (KB)
...
006 (16214011.031.000) 2026-02-16 20:12:56 Image size of job updated: 293200
	278  -  MemoryUsage of job (MB)
	284032  -  ResidentSetSize of job (KB)
...
006 (16214011.031.000) 2026-02-16 20:22:58 Image size of job updated: 293200
	278  -  MemoryUsage of job (MB)
	284532  -  ResidentSetSize of job (KB)
...
006 (16214011.031.000) 2026-02-16 20:32:59 Image size of job updated: 293200
	279  -  MemoryUsage of job (MB)
	284996  -  ResidentSetSize of job (KB)
...
006 (16214011.031.000) 2026-02-16 20:38:00 Image size of job updated: 293200
	279  -  MemoryUsage of job (MB)
	285388  -  ResidentSetSize of job (KB)
...
006 (16214011.031.000) 2026-02-16 20:48:00 Image size of job updated: 293200
	280  -  MemoryUsage of job (MB)
	285856  -  ResidentSetSize of job (KB)
...
006 (16214011.031.000) 2026-02-16 20:58:01 Image size of job updated: 293200
	280  -  MemoryUsage of job (MB)
	285868  -  ResidentSetSize of job (KB)
...
006 (16214011.031.000) 2026-02-16 23:48:16 Image size of job updated: 293200
	280  -  MemoryUsage of job (MB)
	285896  -  ResidentSetSize of job (KB)
...
006 (16214011.031.000) 2026-02-17 00:08:18 Image size of job updated: 293200
	280  -  MemoryUsage of job (MB)
	286140  -  ResidentSetSize of job (KB)
...
006 (16214011.031.000) 2026-02-17 00:13:18 Image size of job updated: 293200
	280  -  MemoryUsage of job (MB)
	286236  -  ResidentSetSize of job (KB)
...
006 (16214011.031.000) 2026-02-17 00:43:20 Image size of job updated: 293200
	280  -  MemoryUsage of job (MB)
	286316  -  ResidentSetSize of job (KB)
...
006 (16214011.031.000) 2026-02-17 00:48:20 Image size of job updated: 293200
	280  -  MemoryUsage of job (MB)
	286532  -  ResidentSetSize of job (KB)
...
006 (16214011.031.000) 2026-02-17 00:58:21 Image size of job updated: 293200
	280  -  MemoryUsage of job (MB)
	286664  -  ResidentSetSize of job (KB)
...
006 (16214011.031.000) 2026-02-17 01:13:22 Image size of job updated: 293200
	281  -  MemoryUsage of job (MB)
	286868  -  ResidentSetSize of job (KB)
...
006 (16214011.031.000) 2026-02-17 01:23:23 Image size of job updated: 293200
	281  -  MemoryUsage of job (MB)
	287164  -  ResidentSetSize of job (KB)
...
006 (16214011.031.000) 2026-02-17 01:28:23 Image size of job updated: 293200
	281  -  MemoryUsage of job (MB)
	287176  -  ResidentSetSize of job (KB)
...
006 (16214011.031.000) 2026-02-17 02:38:32 Image size of job updated: 293200
	281  -  MemoryUsage of job (MB)
	287260  -  ResidentSetSize of job (KB)
...
006 (16214011.031.000) 2026-02-17 03:03:35 Image size of job updated: 293200
	281  -  MemoryUsage of job (MB)
	287456  -  ResidentSetSize of job (KB)
...
006 (16214011.031.000) 2026-02-17 03:08:36 Image size of job updated: 293200
	281  -  MemoryUsage of job (MB)
	287688  -  ResidentSetSize of job (KB)
...
006 (16214011.031.000) 2026-02-17 03:28:39 Image size of job updated: 293200
	282  -  MemoryUsage of job (MB)
	287928  -  ResidentSetSize of job (KB)
...
006 (16214011.031.000) 2026-02-17 03:43:41 Image size of job updated: 293200
	282  -  MemoryUsage of job (MB)
	287944  -  ResidentSetSize of job (KB)
...
006 (16214011.031.000) 2026-02-17 04:18:45 Image size of job updated: 293200
	282  -  MemoryUsage of job (MB)
	287948  -  ResidentSetSize of job (KB)
...
006 (16214011.031.000) 2026-02-17 05:23:49 Image size of job updated: 293200
	282  -  MemoryUsage of job (MB)
	287956  -  ResidentSetSize of job (KB)
...
