000 (15756404.042.000) 2026-02-06 11:24:33 Job submitted from host: <141.34.103.35:9618?addrs=141.34.103.35-9618+[2001-638-700-f067--1-23]-9618&alias=wgs39.zeuthen.desy.de&noUDP&sock=schedd_7414_f73f>
...
001 (15756404.042.000) 2026-02-06 11:30:04 Job executing on host: <141.34.15.46:9618?addrs=141.34.15.46-9618+[2001-638-700-f00f--1-2e]-9618&alias=pizza17.zeuthen.desy.de&noUDP&sock=startd_8231_5c1f>
	SlotName: slot1_47@pizza17.zeuthen.desy.de
	CondorScratchDir = "/batch/dir_127029"
	Cpus = 8
	Disk = 1025696
	GPUs = 0
	Memory = 16384
...
006 (15756404.042.000) 2026-02-06 11:30:11 Image size of job updated: 172
	0  -  MemoryUsage of job (MB)
	0  -  ResidentSetSize of job (KB)
...
005 (15756404.042.000) 2026-02-06 11:30:11 Job terminated.
	(1) Normal termination (return value 1)
		Usr 0 00:00:02, Sys 0 00:00:00  -  Run Remote Usage
		Usr 0 00:00:00, Sys 0 00:00:00  -  Run Local Usage
		Usr 0 00:00:02, Sys 0 00:00:00  -  Total Remote Usage
		Usr 0 00:00:00, Sys 0 00:00:00  -  Total Local Usage
	0  -  Run Bytes Sent By Job
	0  -  Run Bytes Received By Job
	0  -  Total Bytes Sent By Job
	0  -  Total Bytes Received By Job
	Partitionable Resources :    Usage  Request Allocated 
	   Cpus                 :        0        8         8 
	   Disk (KB)            :        1  1024000   1025696 
	   GPUs                 :                           0 
	   Memory (MB)          :        0    16384     16384 
	   TimeExecute (s)      :        8                    
	   TimeSlotBusy (s)     :        8                    

	Job terminated of its own accord at 2026-02-06T10:30:11Z with exit-code 1.
...
000 (16213981.056.000) 2026-02-16 17:41:20 Job submitted from host: <141.34.103.35:9618?addrs=141.34.103.35-9618+[2001-638-700-f067--1-23]-9618&alias=wgs39.zeuthen.desy.de&noUDP&sock=schedd_7302_24a3>
...
001 (16213981.056.000) 2026-02-16 17:41:46 Job executing on host: <141.34.15.45:9618?addrs=141.34.15.45-9618+[2001-638-700-f00f--1-2d]-9618&alias=pizza16.zeuthen.desy.de&noUDP&sock=startd_8270_1c50>
	SlotName: slot1_1@pizza16.zeuthen.desy.de
	CondorScratchDir = "/batch/dir_803910"
	Cpus = 1
	Disk = 1025696
	GPUs = 0
	Memory = 5120
...
006 (16213981.056.000) 2026-02-16 17:41:59 Image size of job updated: 90016
	88  -  MemoryUsage of job (MB)
	90016  -  ResidentSetSize of job (KB)
...
006 (16213981.056.000) 2026-02-16 17:46:59 Image size of job updated: 206288
	202  -  MemoryUsage of job (MB)
	206288  -  ResidentSetSize of job (KB)
...
006 (16213981.056.000) 2026-02-16 17:52:00 Image size of job updated: 206528
	202  -  MemoryUsage of job (MB)
	206528  -  ResidentSetSize of job (KB)
...
006 (16213981.056.000) 2026-02-16 18:07:01 Image size of job updated: 206532
	202  -  MemoryUsage of job (MB)
	206532  -  ResidentSetSize of job (KB)
...
006 (16213981.056.000) 2026-02-16 18:12:02 Image size of job updated: 207044
	203  -  MemoryUsage of job (MB)
	207044  -  ResidentSetSize of job (KB)
...
006 (16213981.056.000) 2026-02-16 18:17:02 Image size of job updated: 207060
	203  -  MemoryUsage of job (MB)
	207044  -  ResidentSetSize of job (KB)
...
005 (16213981.056.000) 2026-02-16 18:23:09 Job terminated.
	(1) Normal termination (return value 0)
		Usr 0 00:40:51, Sys 0 00:00:01  -  Run Remote Usage
		Usr 0 00:00:00, Sys 0 00:00:00  -  Run Local Usage
		Usr 0 00:40:51, Sys 0 00:00:01  -  Total Remote Usage
		Usr 0 00:00:00, Sys 0 00:00:00  -  Total Local Usage
	0  -  Run Bytes Sent By Job
	0  -  Run Bytes Received By Job
	0  -  Total Bytes Sent By Job
	0  -  Total Bytes Received By Job
	Partitionable Resources :    Usage  Request Allocated 
	   Cpus                 :     0.99        1         1 
	   Disk (KB)            :     1     1024000   1025696 
	   GPUs                 :                           0 
	   Memory (MB)          :   203        5120      5120 
	   TimeExecute (s)      :  2483                       
	   TimeSlotBusy (s)     :  2483                       

	Job terminated of its own accord at 2026-02-16T17:23:09Z with exit-code 0.
...
