000 (15756404.210.000) 2026-02-06 11:24:34 Job submitted from host: <141.34.103.35:9618?addrs=141.34.103.35-9618+[2001-638-700-f067--1-23]-9618&alias=wgs39.zeuthen.desy.de&noUDP&sock=schedd_7414_f73f>
...
001 (15756404.210.000) 2026-02-06 11:31:35 Job executing on host: <141.34.15.218:9618?addrs=141.34.15.218-9618+[2001-638-700-f00f--1-da]-9618&alias=pizza26.zeuthen.desy.de&noUDP&sock=startd_8315_fa13>
	SlotName: slot1_16@pizza26.zeuthen.desy.de
	CondorScratchDir = "/batch/dir_2338019"
	Cpus = 8
	Disk = 1025696
	GPUs = 0
	Memory = 16384
...
006 (15756404.210.000) 2026-02-06 11:31:42 Image size of job updated: 52
	0  -  MemoryUsage of job (MB)
	0  -  ResidentSetSize of job (KB)
...
005 (15756404.210.000) 2026-02-06 11:31:42 Job terminated.
	(1) Normal termination (return value 1)
		Usr 0 00:00:02, Sys 0 00:00:00  -  Run Remote Usage
		Usr 0 00:00:00, Sys 0 00:00:00  -  Run Local Usage
		Usr 0 00:00:02, Sys 0 00:00:00  -  Total Remote Usage
		Usr 0 00:00:00, Sys 0 00:00:00  -  Total Local Usage
	0  -  Run Bytes Sent By Job
	0  -  Run Bytes Received By Job
	0  -  Total Bytes Sent By Job
	0  -  Total Bytes Received By Job
	Partitionable Resources :    Usage  Request Allocated 
	   Cpus                 :                 8         8 
	   Disk (KB)            :        1  1024000   1025696 
	   GPUs                 :                           0 
	   Memory (MB)          :        0    16384     16384 
	   TimeExecute (s)      :        7                    
	   TimeSlotBusy (s)     :        7                    

	Job terminated of its own accord at 2026-02-06T10:31:42Z with exit-code 1.
...
000 (16213981.280.000) 2026-02-16 17:41:23 Job submitted from host: <141.34.103.35:9618?addrs=141.34.103.35-9618+[2001-638-700-f067--1-23]-9618&alias=wgs39.zeuthen.desy.de&noUDP&sock=schedd_7302_24a3>
...
001 (16213981.280.000) 2026-02-16 17:41:46 Job executing on host: <141.34.15.178:9618?addrs=141.34.15.178-9618+[2001-638-700-f00f--1-b2]-9618&alias=genoa03.zeuthen.desy.de&noUDP&sock=startd_10467_11e2>
	SlotName: slot1_18@genoa03.zeuthen.desy.de
	CondorScratchDir = "/batch/dir_3306093"
	Cpus = 1
	Disk = 1025697
	GPUs = 0
	Memory = 5120
...
006 (16213981.280.000) 2026-02-16 17:42:00 Image size of job updated: 88028
	86  -  MemoryUsage of job (MB)
	88028  -  ResidentSetSize of job (KB)
...
006 (16213981.280.000) 2026-02-16 17:47:01 Image size of job updated: 204260
	200  -  MemoryUsage of job (MB)
	204260  -  ResidentSetSize of job (KB)
...
006 (16213981.280.000) 2026-02-16 17:52:01 Image size of job updated: 204276
	200  -  MemoryUsage of job (MB)
	204276  -  ResidentSetSize of job (KB)
...
006 (16213981.280.000) 2026-02-16 17:57:02 Image size of job updated: 204284
	200  -  MemoryUsage of job (MB)
	204284  -  ResidentSetSize of job (KB)
...
006 (16213981.280.000) 2026-02-16 18:02:03 Image size of job updated: 204796
	200  -  MemoryUsage of job (MB)
	204796  -  ResidentSetSize of job (KB)
...
006 (16213981.280.000) 2026-02-16 18:07:03 Image size of job updated: 204800
	200  -  MemoryUsage of job (MB)
	204800  -  ResidentSetSize of job (KB)
...
005 (16213981.280.000) 2026-02-16 18:07:48 Job terminated.
	(1) Normal termination (return value 0)
		Usr 0 00:25:40, Sys 0 00:00:01  -  Run Remote Usage
		Usr 0 00:00:00, Sys 0 00:00:00  -  Run Local Usage
		Usr 0 00:25:40, Sys 0 00:00:01  -  Total Remote Usage
		Usr 0 00:00:00, Sys 0 00:00:00  -  Total Local Usage
	0  -  Run Bytes Sent By Job
	0  -  Run Bytes Received By Job
	0  -  Total Bytes Sent By Job
	0  -  Total Bytes Received By Job
	Partitionable Resources :    Usage  Request Allocated 
	   Cpus                 :     0.99        1         1 
	   Disk (KB)            :     1     1024000   1025697 
	   GPUs                 :                           0 
	   Memory (MB)          :   200        5120      5120 
	   TimeExecute (s)      :  1562                       
	   TimeSlotBusy (s)     :  1562                       

	Job terminated of its own accord at 2026-02-16T17:07:48Z with exit-code 0.
...
