000 (15756404.166.000) 2026-02-06 11:24:34 Job submitted from host: <141.34.103.35:9618?addrs=141.34.103.35-9618+[2001-638-700-f067--1-23]-9618&alias=wgs39.zeuthen.desy.de&noUDP&sock=schedd_7414_f73f>
...
001 (15756404.166.000) 2026-02-06 11:31:27 Job executing on host: <141.34.15.220:9618?addrs=141.34.15.220-9618+[2001-638-700-f00f--1-dc]-9618&alias=pizza28.zeuthen.desy.de&noUDP&sock=startd_8204_d710>
	SlotName: slot1_26@pizza28.zeuthen.desy.de
	CondorScratchDir = "/batch/dir_1529254"
	Cpus = 8
	Disk = 1025696
	GPUs = 0
	Memory = 16384
...
006 (15756404.166.000) 2026-02-06 11:31:34 Image size of job updated: 212
	0  -  MemoryUsage of job (MB)
	0  -  ResidentSetSize of job (KB)
...
005 (15756404.166.000) 2026-02-06 11:31:34 Job terminated.
	(1) Normal termination (return value 1)
		Usr 0 00:00:02, Sys 0 00:00:00  -  Run Remote Usage
		Usr 0 00:00:00, Sys 0 00:00:00  -  Run Local Usage
		Usr 0 00:00:02, Sys 0 00:00:00  -  Total Remote Usage
		Usr 0 00:00:00, Sys 0 00:00:00  -  Total Local Usage
	0  -  Run Bytes Sent By Job
	0  -  Run Bytes Received By Job
	0  -  Total Bytes Sent By Job
	0  -  Total Bytes Received By Job
	Partitionable Resources :    Usage  Request Allocated 
	   Cpus                 :        0        8         8 
	   Disk (KB)            :        1  1024000   1025696 
	   GPUs                 :                           0 
	   Memory (MB)          :        0    16384     16384 
	   TimeExecute (s)      :        7                    
	   TimeSlotBusy (s)     :        7                    

	Job terminated of its own accord at 2026-02-06T10:31:34Z with exit-code 1.
...
000 (16213981.222.000) 2026-02-16 17:41:22 Job submitted from host: <141.34.103.35:9618?addrs=141.34.103.35-9618+[2001-638-700-f067--1-23]-9618&alias=wgs39.zeuthen.desy.de&noUDP&sock=schedd_7302_24a3>
...
001 (16213981.222.000) 2026-02-16 17:41:46 Job executing on host: <141.34.15.86:9618?addrs=141.34.15.86-9618+[2001-638-700-f00f--1-56]-9618&alias=genoa10.zeuthen.desy.de&noUDP&sock=startd_10124_cce6>
	SlotName: slot1_29@genoa10.zeuthen.desy.de
	CondorScratchDir = "/batch/dir_2244827"
	Cpus = 1
	Disk = 1025681
	GPUs = 0
	Memory = 5120
...
006 (16213981.222.000) 2026-02-16 17:42:00 Image size of job updated: 88012
	86  -  MemoryUsage of job (MB)
	88012  -  ResidentSetSize of job (KB)
...
006 (16213981.222.000) 2026-02-16 17:47:00 Image size of job updated: 255148
	243  -  MemoryUsage of job (MB)
	247896  -  ResidentSetSize of job (KB)
...
006 (16213981.222.000) 2026-02-16 17:52:00 Image size of job updated: 256712
	251  -  MemoryUsage of job (MB)
	256712  -  ResidentSetSize of job (KB)
...
006 (16213981.222.000) 2026-02-16 17:57:01 Image size of job updated: 256800
	251  -  MemoryUsage of job (MB)
	256800  -  ResidentSetSize of job (KB)
...
006 (16213981.222.000) 2026-02-16 18:02:01 Image size of job updated: 256808
	251  -  MemoryUsage of job (MB)
	256808  -  ResidentSetSize of job (KB)
...
006 (16213981.222.000) 2026-02-16 19:12:07 Image size of job updated: 261724
	256  -  MemoryUsage of job (MB)
	261724  -  ResidentSetSize of job (KB)
...
006 (16213981.222.000) 2026-02-16 20:32:13 Image size of job updated: 261936
	256  -  MemoryUsage of job (MB)
	261936  -  ResidentSetSize of job (KB)
...
006 (16213981.222.000) 2026-02-16 21:02:15 Image size of job updated: 261964
	256  -  MemoryUsage of job (MB)
	261964  -  ResidentSetSize of job (KB)
...
005 (16213981.222.000) 2026-02-16 22:50:07 Job terminated.
	(1) Normal termination (return value 0)
		Usr 0 05:03:10, Sys 0 00:00:05  -  Run Remote Usage
		Usr 0 00:00:00, Sys 0 00:00:00  -  Run Local Usage
		Usr 0 05:03:10, Sys 0 00:00:05  -  Total Remote Usage
		Usr 0 00:00:00, Sys 0 00:00:00  -  Total Local Usage
	0  -  Run Bytes Sent By Job
	0  -  Run Bytes Received By Job
	0  -  Total Bytes Sent By Job
	0  -  Total Bytes Received By Job
	Partitionable Resources :    Usage  Request Allocated 
	   Cpus                 :     0.99        1         1 
	   Disk (KB)            :     1     1024000   1025681 
	   GPUs                 :                           0 
	   Memory (MB)          :   256        5120      5120 
	   TimeExecute (s)      : 18501                       
	   TimeSlotBusy (s)     : 18501                       

	Job terminated of its own accord at 2026-02-16T21:50:07Z with exit-code 0.
...
