000 (15756407.094.000) 2026-02-06 11:26:09 Job submitted from host: <141.34.103.35:9618?addrs=141.34.103.35-9618+[2001-638-700-f067--1-23]-9618&alias=wgs39.zeuthen.desy.de&noUDP&sock=schedd_7414_f73f>
...
001 (15756407.094.000) 2026-02-08 15:57:33 Job executing on host: <141.34.15.41:9618?addrs=141.34.15.41-9618+[2001-638-700-f00f--1-29]-9618&alias=pizza12.zeuthen.desy.de&noUDP&sock=startd_8275_8a49>
	SlotName: slot1_8@pizza12.zeuthen.desy.de
	CondorScratchDir = "/batch/dir_3205815"
	Cpus = 8
	Disk = 1025696
	GPUs = 0
	Memory = 16384
...
006 (15756407.094.000) 2026-02-08 15:57:40 Image size of job updated: 88
	0  -  MemoryUsage of job (MB)
	0  -  ResidentSetSize of job (KB)
...
005 (15756407.094.000) 2026-02-08 15:57:40 Job terminated.
	(1) Normal termination (return value 1)
		Usr 0 00:00:02, Sys 0 00:00:00  -  Run Remote Usage
		Usr 0 00:00:00, Sys 0 00:00:00  -  Run Local Usage
		Usr 0 00:00:02, Sys 0 00:00:00  -  Total Remote Usage
		Usr 0 00:00:00, Sys 0 00:00:00  -  Total Local Usage
	0  -  Run Bytes Sent By Job
	0  -  Run Bytes Received By Job
	0  -  Total Bytes Sent By Job
	0  -  Total Bytes Received By Job
	Partitionable Resources :    Usage  Request Allocated 
	   Cpus                 :        0        8         8 
	   Disk (KB)            :        1  1024000   1025696 
	   GPUs                 :                           0 
	   Memory (MB)          :        0    16384     16384 
	   TimeExecute (s)      :        7                    
	   TimeSlotBusy (s)     :        7                    

	Job terminated of its own accord at 2026-02-08T14:57:40Z with exit-code 1.
...
000 (15949294.063.000) 2026-02-10 11:45:18 Job submitted from host: <141.34.103.35:9618?addrs=141.34.103.35-9618+[2001-638-700-f067--1-23]-9618&alias=wgs39.zeuthen.desy.de&noUDP&sock=schedd_7302_24a3>
...
009 (15949294.063.000) 2026-02-10 11:45:46 Job was aborted.
	via condor_rm (by user tuccia)
...
000 (15949295.063.000) 2026-02-10 11:46:04 Job submitted from host: <141.34.103.35:9618?addrs=141.34.103.35-9618+[2001-638-700-f067--1-23]-9618&alias=wgs39.zeuthen.desy.de&noUDP&sock=schedd_7302_24a3>
...
001 (15949295.063.000) 2026-02-10 11:47:34 Job executing on host: <141.34.15.203:9618?addrs=141.34.15.203-9618+[2001-638-700-f00f--1-cb]-9618&alias=pizza05.zeuthen.desy.de&noUDP&sock=startd_8154_8b54>
	SlotName: slot1_3@pizza05.zeuthen.desy.de
	CondorScratchDir = "/batch/dir_4078024"
	Cpus = 8
	Disk = 1025696
	GPUs = 0
	Memory = 16384
...
006 (15949295.063.000) 2026-02-10 11:47:41 Image size of job updated: 88
	0  -  MemoryUsage of job (MB)
	0  -  ResidentSetSize of job (KB)
...
005 (15949295.063.000) 2026-02-10 11:47:41 Job terminated.
	(1) Normal termination (return value 1)
		Usr 0 00:00:03, Sys 0 00:00:00  -  Run Remote Usage
		Usr 0 00:00:00, Sys 0 00:00:00  -  Run Local Usage
		Usr 0 00:00:03, Sys 0 00:00:00  -  Total Remote Usage
		Usr 0 00:00:00, Sys 0 00:00:00  -  Total Local Usage
	0  -  Run Bytes Sent By Job
	0  -  Run Bytes Received By Job
	0  -  Total Bytes Sent By Job
	0  -  Total Bytes Received By Job
	Partitionable Resources :    Usage  Request Allocated 
	   Cpus                 :        0        8         8 
	   Disk (KB)            :        1  1024000   1025696 
	   GPUs                 :                           0 
	   Memory (MB)          :        0    16384     16384 
	   TimeExecute (s)      :        7                    
	   TimeSlotBusy (s)     :        7                    

	Job terminated of its own accord at 2026-02-10T10:47:41Z with exit-code 1.
...
000 (16213981.127.000) 2026-02-16 17:41:21 Job submitted from host: <141.34.103.35:9618?addrs=141.34.103.35-9618+[2001-638-700-f067--1-23]-9618&alias=wgs39.zeuthen.desy.de&noUDP&sock=schedd_7302_24a3>
...
001 (16213981.127.000) 2026-02-16 17:41:46 Job executing on host: <141.34.14.37:9618?addrs=141.34.14.37-9618+[2001-638-700-f00e--1-25]-9618&alias=amphion.zeuthen.desy.de&noUDP&sock=startd_8755_c7bf>
	SlotName: slot1_20@amphion.zeuthen.desy.de
	AvailableGPUs = {  }
	CondorScratchDir = "/batch/dir_3501210"
	Cpus = 1
	Disk = 1025682
	GPUs = 0
	Memory = 5120
...
006 (16213981.127.000) 2026-02-16 17:42:00 Image size of job updated: 90000
	88  -  MemoryUsage of job (MB)
	90000  -  ResidentSetSize of job (KB)
...
006 (16213981.127.000) 2026-02-16 17:47:00 Image size of job updated: 257768
	245  -  MemoryUsage of job (MB)
	250312  -  ResidentSetSize of job (KB)
...
006 (16213981.127.000) 2026-02-16 17:52:00 Image size of job updated: 257768
	245  -  MemoryUsage of job (MB)
	250728  -  ResidentSetSize of job (KB)
...
006 (16213981.127.000) 2026-02-16 18:02:01 Image size of job updated: 257768
	247  -  MemoryUsage of job (MB)
	252180  -  ResidentSetSize of job (KB)
...
006 (16213981.127.000) 2026-02-16 18:07:01 Image size of job updated: 257768
	247  -  MemoryUsage of job (MB)
	252416  -  ResidentSetSize of job (KB)
...
006 (16213981.127.000) 2026-02-16 18:22:02 Image size of job updated: 257768
	248  -  MemoryUsage of job (MB)
	253324  -  ResidentSetSize of job (KB)
...
006 (16213981.127.000) 2026-02-16 18:42:04 Image size of job updated: 257768
	250  -  MemoryUsage of job (MB)
	255220  -  ResidentSetSize of job (KB)
...
006 (16213981.127.000) 2026-02-16 18:47:04 Image size of job updated: 257768
	250  -  MemoryUsage of job (MB)
	255904  -  ResidentSetSize of job (KB)
...
006 (16213981.127.000) 2026-02-16 19:22:07 Image size of job updated: 257840
	252  -  MemoryUsage of job (MB)
	257840  -  ResidentSetSize of job (KB)
...
005 (16213981.127.000) 2026-02-16 23:01:55 Job terminated.
	(1) Normal termination (return value 0)
		Usr 0 05:15:35, Sys 0 00:00:07  -  Run Remote Usage
		Usr 0 00:00:00, Sys 0 00:00:00  -  Run Local Usage
		Usr 0 05:15:35, Sys 0 00:00:07  -  Total Remote Usage
		Usr 0 00:00:00, Sys 0 00:00:00  -  Total Local Usage
	0  -  Run Bytes Sent By Job
	0  -  Run Bytes Received By Job
	0  -  Total Bytes Sent By Job
	0  -  Total Bytes Received By Job
	Partitionable Resources :    Usage  Request Allocated 
	   Cpus                 :     0.99        1         1 
	   Disk (KB)            :     1     1024000   1025682 
	   GPUs                 :                           0 
	   Memory (MB)          :   252        5120      5120 
	   TimeExecute (s)      : 19209                       
	   TimeSlotBusy (s)     : 19209                       

	Job terminated of its own accord at 2026-02-16T22:01:55Z with exit-code 0.
...
