000 (15756408.271.000) 2026-02-06 11:26:57 Job submitted from host: <141.34.103.35:9618?addrs=141.34.103.35-9618+[2001-638-700-f067--1-23]-9618&alias=wgs39.zeuthen.desy.de&noUDP&sock=schedd_7414_f73f>
...
001 (15756408.271.000) 2026-02-10 11:43:53 Job executing on host: <141.34.103.53:9618?addrs=141.34.103.53-9618+[2001-638-700-f067--1-35]-9618&alias=wgs43.zeuthen.desy.de&noUDP&sock=startd_8324_266d>
	SlotName: slot1_9@wgs43.zeuthen.desy.de
	CondorScratchDir = "/batch/dir_2882919"
	Cpus = 8
	Disk = 1025025
	GPUs = 0
	Memory = 16384
...
006 (15756408.271.000) 2026-02-10 11:44:00 Image size of job updated: 88
	0  -  MemoryUsage of job (MB)
	0  -  ResidentSetSize of job (KB)
...
005 (15756408.271.000) 2026-02-10 11:44:00 Job terminated.
	(1) Normal termination (return value 1)
		Usr 0 00:00:02, Sys 0 00:00:00  -  Run Remote Usage
		Usr 0 00:00:00, Sys 0 00:00:00  -  Run Local Usage
		Usr 0 00:00:02, Sys 0 00:00:00  -  Total Remote Usage
		Usr 0 00:00:00, Sys 0 00:00:00  -  Total Local Usage
	0  -  Run Bytes Sent By Job
	0  -  Run Bytes Received By Job
	0  -  Total Bytes Sent By Job
	0  -  Total Bytes Received By Job
	Partitionable Resources :    Usage  Request Allocated 
	   Cpus                 :        0        8         8 
	   Disk (KB)            :        1  1024000   1025025 
	   GPUs                 :                           0 
	   Memory (MB)          :        0    16384     16384 
	   TimeExecute (s)      :        7                    
	   TimeSlotBusy (s)     :        7                    

	Job terminated of its own accord at 2026-02-10T10:44:00Z with exit-code 1.
...
000 (15951004.181.000) 2026-02-10 16:30:02 Job submitted from host: <141.34.103.35:9618?addrs=141.34.103.35-9618+[2001-638-700-f067--1-23]-9618&alias=wgs39.zeuthen.desy.de&noUDP&sock=schedd_7302_24a3>
...
001 (15951004.181.000) 2026-02-10 18:11:59 Job executing on host: <141.34.15.86:9618?addrs=141.34.15.86-9618+[2001-638-700-f00f--1-56]-9618&alias=genoa10.zeuthen.desy.de&noUDP&sock=startd_10124_cce6>
	SlotName: slot1_27@genoa10.zeuthen.desy.de
	CondorScratchDir = "/batch/dir_532853"
	Cpus = 1
	Disk = 1025681
	GPUs = 0
	Memory = 5120
...
006 (15951004.181.000) 2026-02-10 18:12:06 Image size of job updated: 316
	0  -  MemoryUsage of job (MB)
	0  -  ResidentSetSize of job (KB)
...
005 (15951004.181.000) 2026-02-10 18:12:06 Job terminated.
	(1) Normal termination (return value 1)
		Usr 0 00:00:00, Sys 0 00:00:00  -  Run Remote Usage
		Usr 0 00:00:00, Sys 0 00:00:00  -  Run Local Usage
		Usr 0 00:00:00, Sys 0 00:00:00  -  Total Remote Usage
		Usr 0 00:00:00, Sys 0 00:00:00  -  Total Local Usage
	0  -  Run Bytes Sent By Job
	0  -  Run Bytes Received By Job
	0  -  Total Bytes Sent By Job
	0  -  Total Bytes Received By Job
	Partitionable Resources :    Usage  Request Allocated 
	   Cpus                 :                 1         1 
	   Disk (KB)            :        1  1024000   1025681 
	   GPUs                 :                           0 
	   Memory (MB)          :        0     5120      5120 
	   TimeExecute (s)      :        7                    
	   TimeSlotBusy (s)     :        7                    

	Job terminated of its own accord at 2026-02-10T17:12:06Z with exit-code 1.
...
000 (15988842.181.000) 2026-02-11 11:12:46 Job submitted from host: <141.34.103.35:9618?addrs=141.34.103.35-9618+[2001-638-700-f067--1-23]-9618&alias=wgs39.zeuthen.desy.de&noUDP&sock=schedd_7302_24a3>
...
001 (15988842.181.000) 2026-02-11 11:33:06 Job executing on host: <141.34.15.85:9618?addrs=141.34.15.85-9618+[2001-638-700-f00f--1-55]-9618&alias=genoa09.zeuthen.desy.de&noUDP&sock=startd_9390_5663>
	SlotName: slot1_10@genoa09.zeuthen.desy.de
	CondorScratchDir = "/batch/dir_1340322"
	Cpus = 1
	Disk = 1025681
	GPUs = 0
	Memory = 5120
...
006 (15988842.181.000) 2026-02-11 11:33:13 Image size of job updated: 124
	0  -  MemoryUsage of job (MB)
	0  -  ResidentSetSize of job (KB)
...
005 (15988842.181.000) 2026-02-11 11:33:13 Job terminated.
	(1) Normal termination (return value 1)
		Usr 0 00:00:00, Sys 0 00:00:00  -  Run Remote Usage
		Usr 0 00:00:00, Sys 0 00:00:00  -  Run Local Usage
		Usr 0 00:00:00, Sys 0 00:00:00  -  Total Remote Usage
		Usr 0 00:00:00, Sys 0 00:00:00  -  Total Local Usage
	0  -  Run Bytes Sent By Job
	0  -  Run Bytes Received By Job
	0  -  Total Bytes Sent By Job
	0  -  Total Bytes Received By Job
	Partitionable Resources :    Usage  Request Allocated 
	   Cpus                 :        0        1         1 
	   Disk (KB)            :        1  1024000   1025681 
	   GPUs                 :                           0 
	   Memory (MB)          :        0     5120      5120 
	   TimeExecute (s)      :        7                    
	   TimeSlotBusy (s)     :        7                    

	Job terminated of its own accord at 2026-02-11T10:33:13Z with exit-code 1.
...
000 (16214011.181.000) 2026-02-16 17:42:10 Job submitted from host: <141.34.103.35:9618?addrs=141.34.103.35-9618+[2001-638-700-f067--1-23]-9618&alias=wgs39.zeuthen.desy.de&noUDP&sock=schedd_7302_24a3>
...
001 (16214011.181.000) 2026-02-16 17:42:28 Job executing on host: <141.34.15.84:9618?addrs=141.34.15.84-9618+[2001-638-700-f00f--1-54]-9618&alias=genoa08.zeuthen.desy.de&noUDP&sock=startd_10216_e79d>
	SlotName: slot1_30@genoa08.zeuthen.desy.de
	CondorScratchDir = "/batch/dir_1180863"
	Cpus = 1
	Disk = 1025681
	GPUs = 0
	Memory = 5120
...
006 (16214011.181.000) 2026-02-16 17:42:41 Image size of job updated: 87988
	86  -  MemoryUsage of job (MB)
	87988  -  ResidentSetSize of job (KB)
...
006 (16214011.181.000) 2026-02-16 17:47:41 Image size of job updated: 258016
	252  -  MemoryUsage of job (MB)
	258016  -  ResidentSetSize of job (KB)
...
006 (16214011.181.000) 2026-02-16 17:52:42 Image size of job updated: 281728
	271  -  MemoryUsage of job (MB)
	276764  -  ResidentSetSize of job (KB)
...
006 (16214011.181.000) 2026-02-16 17:57:42 Image size of job updated: 285316
	272  -  MemoryUsage of job (MB)
	278392  -  ResidentSetSize of job (KB)
...
006 (16214011.181.000) 2026-02-16 18:07:43 Image size of job updated: 289140
	273  -  MemoryUsage of job (MB)
	278876  -  ResidentSetSize of job (KB)
...
006 (16214011.181.000) 2026-02-16 18:12:43 Image size of job updated: 289140
	274  -  MemoryUsage of job (MB)
	279656  -  ResidentSetSize of job (KB)
...
006 (16214011.181.000) 2026-02-16 18:22:44 Image size of job updated: 294436
	274  -  MemoryUsage of job (MB)
	280508  -  ResidentSetSize of job (KB)
...
006 (16214011.181.000) 2026-02-16 18:27:44 Image size of job updated: 294436
	275  -  MemoryUsage of job (MB)
	280824  -  ResidentSetSize of job (KB)
...
006 (16214011.181.000) 2026-02-16 18:37:45 Image size of job updated: 294436
	275  -  MemoryUsage of job (MB)
	281516  -  ResidentSetSize of job (KB)
...
006 (16214011.181.000) 2026-02-16 18:42:45 Image size of job updated: 294436
	276  -  MemoryUsage of job (MB)
	281972  -  ResidentSetSize of job (KB)
...
006 (16214011.181.000) 2026-02-16 18:52:46 Image size of job updated: 294436
	276  -  MemoryUsage of job (MB)
	282392  -  ResidentSetSize of job (KB)
...
006 (16214011.181.000) 2026-02-16 18:57:46 Image size of job updated: 294436
	277  -  MemoryUsage of job (MB)
	283020  -  ResidentSetSize of job (KB)
...
006 (16214011.181.000) 2026-02-16 19:02:46 Image size of job updated: 294436
	282  -  MemoryUsage of job (MB)
	287888  -  ResidentSetSize of job (KB)
...
006 (16214011.181.000) 2026-02-16 19:07:47 Image size of job updated: 294436
	282  -  MemoryUsage of job (MB)
	287892  -  ResidentSetSize of job (KB)
...
