~~~~~~~~~~~~~~~~~~~~~~~~~~~~~~

n_qubits: 30, 
r: 51, 
alpha: 0.01, 
shots: 10000, 
ansatz: linear_cnot, 
layer: 1, 
tau: 0.3

time for simulated annealing:  34.505837202072144
Rank 1: Bitstring=100000000110010110111110001010, Decimal=538537866, Energy=-28.174
Rank 2: Bitstring=100000000110010110101111001011, Decimal=538536907, Energy=-27.8078
Rank 3: Bitstring=000001000110011110101111001011, Decimal=18475979, Energy=-27.7534
Rank 4: Bitstring=000011010110011110101111001011, Decimal=56224715, Energy=-26.9472
Rank 5: Bitstring=100000001110010110110110001010, Decimal=540634506, Energy=-26.9202
Rank 6: Bitstring=100000001110010110100111001011, Decimal=540633547, Energy=-26.554
Rank 7: Bitstring=000001001110011110100111001011, Decimal=20572619, Energy=-26.4996
Rank 8: Bitstring=000001000110011110111110001010, Decimal=18476938, Energy=-26.146
Rank 9: Bitstring=000001100000011110101101000011, Decimal=25291587, Energy=-25.3682
Rank 10: Bitstring=100000100000110010111100000010, Decimal=545468162, Energy=-25.3632

E_min from simulated annealing:  -28.174
Minimum energy: -28.174
States with energy within 1e-08 of minimum: [538537866]
4


################## Start optimization with initial parameters: [0. 0. 0. 0. 0. 0. 0. 0. 0. 0. 0. 0. 0. 0. 0. 0. 0. 0. 0. 0. 0. 0. 0. 0.
 0. 0. 0. 0. 0. 0. 0. 0. 0. 0. 0. 0. 0. 0. 0. 0. 0. 0. 0. 0. 0. 0. 0. 0.
 0. 0. 0. 0. 0. 0. 0. 0. 0. 0. 0. 0. 0. 0. 0. 0. 0. 0. 0. 0. 0. 0. 0. 0.
 0. 0. 0. 0. 0. 0. 0. 0. 0. 0. 0. 0. 0. 0. 0. 0. 0. 0. 0. 0. 0. 0. 0. 0.
 0. 0. 0. 0. 0. 0. 0. 0. 0. 0. 0. 0. 0. 0. 0. 0. 0. 0. 0. 0. 0. 0. 0. 0.]
Write sucessfully to ./data/data_shots_10000_layer_1/alpha_0.01/N_30/r_51/ansatz_type_linear_cnot/initialization_zeros

vqe.cvar_eval[0]: -13.894788000000009 , min_cvar: -27.7534 , opt_cvar: -27.7534

vqe.poss_eval[-1]: 0 vqe.poss_eval[0] 0  , max_poss: 0 , opt_poss: 0

vqe.r_eval[-1]: 0.9838490807127138 vqe.r_eval[0]: 0.4931776815503659 max_r: 0.9850713423724001 , min_r: 0.489700078086179
