000 (15756407.115.000) 2026-02-06 11:26:10 Job submitted from host: <141.34.103.35:9618?addrs=141.34.103.35-9618+[2001-638-700-f067--1-23]-9618&alias=wgs39.zeuthen.desy.de&noUDP&sock=schedd_7414_f73f>
...
001 (15756407.115.000) 2026-02-08 16:00:05 Job executing on host: <141.34.15.43:9618?addrs=141.34.15.43-9618+[2001-638-700-f00f--1-2b]-9618&alias=pizza14.zeuthen.desy.de&noUDP&sock=startd_8340_1ff1>
	SlotName: slot1_5@pizza14.zeuthen.desy.de
	CondorScratchDir = "/batch/dir_22705"
	Cpus = 8
	Disk = 1025696
	GPUs = 0
	Memory = 16384
...
006 (15756407.115.000) 2026-02-08 16:00:11 Image size of job updated: 80
	0  -  MemoryUsage of job (MB)
	0  -  ResidentSetSize of job (KB)
...
005 (15756407.115.000) 2026-02-08 16:00:11 Job terminated.
	(1) Normal termination (return value 1)
		Usr 0 00:00:02, Sys 0 00:00:00  -  Run Remote Usage
		Usr 0 00:00:00, Sys 0 00:00:00  -  Run Local Usage
		Usr 0 00:00:02, Sys 0 00:00:00  -  Total Remote Usage
		Usr 0 00:00:00, Sys 0 00:00:00  -  Total Local Usage
	0  -  Run Bytes Sent By Job
	0  -  Run Bytes Received By Job
	0  -  Total Bytes Sent By Job
	0  -  Total Bytes Received By Job
	Partitionable Resources :    Usage  Request Allocated 
	   Cpus                 :                 8         8 
	   Disk (KB)            :        1  1024000   1025696 
	   GPUs                 :                           0 
	   Memory (MB)          :        0    16384     16384 
	   TimeExecute (s)      :        6                    
	   TimeSlotBusy (s)     :        7                    

	Job terminated of its own accord at 2026-02-08T15:00:11Z with exit-code 1.
...
000 (15949294.077.000) 2026-02-10 11:45:18 Job submitted from host: <141.34.103.35:9618?addrs=141.34.103.35-9618+[2001-638-700-f067--1-23]-9618&alias=wgs39.zeuthen.desy.de&noUDP&sock=schedd_7302_24a3>
...
009 (15949294.077.000) 2026-02-10 11:45:46 Job was aborted.
	via condor_rm (by user tuccia)
...
000 (15949295.077.000) 2026-02-10 11:46:04 Job submitted from host: <141.34.103.35:9618?addrs=141.34.103.35-9618+[2001-638-700-f067--1-23]-9618&alias=wgs39.zeuthen.desy.de&noUDP&sock=schedd_7302_24a3>
...
001 (15949295.077.000) 2026-02-10 11:47:35 Job executing on host: <141.34.103.54:9618?addrs=141.34.103.54-9618+[2001-638-700-f067--1-36]-9618&alias=wgs44.zeuthen.desy.de&noUDP&sock=startd_7775_94ef>
	SlotName: slot1_11@wgs44.zeuthen.desy.de
	CondorScratchDir = "/batch/dir_64094"
	Cpus = 8
	Disk = 1025025
	GPUs = 0
	Memory = 16384
...
006 (15949295.077.000) 2026-02-10 11:47:41 Image size of job updated: 148
	0  -  MemoryUsage of job (MB)
	0  -  ResidentSetSize of job (KB)
...
005 (15949295.077.000) 2026-02-10 11:47:42 Job terminated.
	(1) Normal termination (return value 1)
		Usr 0 00:00:02, Sys 0 00:00:00  -  Run Remote Usage
		Usr 0 00:00:00, Sys 0 00:00:00  -  Run Local Usage
		Usr 0 00:00:02, Sys 0 00:00:00  -  Total Remote Usage
		Usr 0 00:00:00, Sys 0 00:00:00  -  Total Local Usage
	0  -  Run Bytes Sent By Job
	0  -  Run Bytes Received By Job
	0  -  Total Bytes Sent By Job
	0  -  Total Bytes Received By Job
	Partitionable Resources :    Usage  Request Allocated 
	   Cpus                 :        0        8         8 
	   Disk (KB)            :        1  1024000   1025025 
	   GPUs                 :                           0 
	   Memory (MB)          :        0    16384     16384 
	   TimeExecute (s)      :        7                    
	   TimeSlotBusy (s)     :        8                    

	Job terminated of its own accord at 2026-02-10T10:47:41Z with exit-code 1.
...
000 (16213981.155.000) 2026-02-16 17:41:21 Job submitted from host: <141.34.103.35:9618?addrs=141.34.103.35-9618+[2001-638-700-f067--1-23]-9618&alias=wgs39.zeuthen.desy.de&noUDP&sock=schedd_7302_24a3>
...
001 (16213981.155.000) 2026-02-16 17:41:49 Job executing on host: <141.34.15.83:9618?addrs=141.34.15.83-9618+[2001-638-700-f00f--1-53]-9618&alias=genoa07.zeuthen.desy.de&noUDP&sock=startd_10269_4222>
	SlotName: slot1_37@genoa07.zeuthen.desy.de
	CondorScratchDir = "/batch/dir_1831787"
	Cpus = 1
	Disk = 1025681
	GPUs = 0
	Memory = 5120
...
006 (16213981.155.000) 2026-02-16 17:42:03 Image size of job updated: 87948
	86  -  MemoryUsage of job (MB)
	87948  -  ResidentSetSize of job (KB)
...
006 (16213981.155.000) 2026-02-16 17:47:04 Image size of job updated: 255872
	245  -  MemoryUsage of job (MB)
	250052  -  ResidentSetSize of job (KB)
...
006 (16213981.155.000) 2026-02-16 17:52:04 Image size of job updated: 255872
	247  -  MemoryUsage of job (MB)
	252264  -  ResidentSetSize of job (KB)
...
006 (16213981.155.000) 2026-02-16 17:57:05 Image size of job updated: 255872
	247  -  MemoryUsage of job (MB)
	252424  -  ResidentSetSize of job (KB)
...
006 (16213981.155.000) 2026-02-16 18:02:06 Image size of job updated: 255872
	247  -  MemoryUsage of job (MB)
	252540  -  ResidentSetSize of job (KB)
...
006 (16213981.155.000) 2026-02-16 18:12:07 Image size of job updated: 261940
	256  -  MemoryUsage of job (MB)
	261940  -  ResidentSetSize of job (KB)
...
006 (16213981.155.000) 2026-02-16 18:17:08 Image size of job updated: 262820
	257  -  MemoryUsage of job (MB)
	262820  -  ResidentSetSize of job (KB)
...
006 (16213981.155.000) 2026-02-16 18:57:13 Image size of job updated: 262864
	257  -  MemoryUsage of job (MB)
	262864  -  ResidentSetSize of job (KB)
...
006 (16213981.155.000) 2026-02-16 19:12:15 Image size of job updated: 262884
	257  -  MemoryUsage of job (MB)
	262884  -  ResidentSetSize of job (KB)
...
006 (16213981.155.000) 2026-02-16 19:27:17 Image size of job updated: 262912
	257  -  MemoryUsage of job (MB)
	262912  -  ResidentSetSize of job (KB)
...
006 (16213981.155.000) 2026-02-16 19:37:18 Image size of job updated: 265172
	259  -  MemoryUsage of job (MB)
	265172  -  ResidentSetSize of job (KB)
...
006 (16213981.155.000) 2026-02-16 20:22:24 Image size of job updated: 265196
	259  -  MemoryUsage of job (MB)
	265196  -  ResidentSetSize of job (KB)
...
006 (16213981.155.000) 2026-02-16 20:52:27 Image size of job updated: 265300
	260  -  MemoryUsage of job (MB)
	265300  -  ResidentSetSize of job (KB)
...
005 (16213981.155.000) 2026-02-18 04:22:49 Job terminated.
	(1) Normal termination (return value 0)
		Usr 1 10:21:41, Sys 0 00:00:06  -  Run Remote Usage
		Usr 0 00:00:00, Sys 0 00:00:00  -  Run Local Usage
		Usr 1 10:21:41, Sys 0 00:00:06  -  Total Remote Usage
		Usr 0 00:00:00, Sys 0 00:00:00  -  Total Local Usage
	0  -  Run Bytes Sent By Job
	0  -  Run Bytes Received By Job
	0  -  Total Bytes Sent By Job
	0  -  Total Bytes Received By Job
	Partitionable Resources :     Usage  Request Allocated 
	   Cpus                 :      1.00        1         1 
	   Disk (KB)            :      1     1024000   1025681 
	   GPUs                 :                            0 
	   Memory (MB)          :    260        5120      5120 
	   TimeExecute (s)      : 124860                       
	   TimeSlotBusy (s)     : 124861                       

	Job terminated of its own accord at 2026-02-18T03:22:49Z with exit-code 0.
...
