000 (15756407.022.000) 2026-02-06 11:26:09 Job submitted from host: <141.34.103.35:9618?addrs=141.34.103.35-9618+[2001-638-700-f067--1-23]-9618&alias=wgs39.zeuthen.desy.de&noUDP&sock=schedd_7414_f73f>
...
001 (15756407.022.000) 2026-02-08 15:45:38 Job executing on host: <141.34.15.41:9618?addrs=141.34.15.41-9618+[2001-638-700-f00f--1-29]-9618&alias=pizza12.zeuthen.desy.de&noUDP&sock=startd_8275_8a49>
	SlotName: slot1_8@pizza12.zeuthen.desy.de
	CondorScratchDir = "/batch/dir_3200542"
	Cpus = 8
	Disk = 1025696
	GPUs = 0
	Memory = 16384
...
006 (15756407.022.000) 2026-02-08 15:45:45 Image size of job updated: 144
	0  -  MemoryUsage of job (MB)
	0  -  ResidentSetSize of job (KB)
...
005 (15756407.022.000) 2026-02-08 15:45:45 Job terminated.
	(1) Normal termination (return value 1)
		Usr 0 00:00:02, Sys 0 00:00:00  -  Run Remote Usage
		Usr 0 00:00:00, Sys 0 00:00:00  -  Run Local Usage
		Usr 0 00:00:02, Sys 0 00:00:00  -  Total Remote Usage
		Usr 0 00:00:00, Sys 0 00:00:00  -  Total Local Usage
	0  -  Run Bytes Sent By Job
	0  -  Run Bytes Received By Job
	0  -  Total Bytes Sent By Job
	0  -  Total Bytes Received By Job
	Partitionable Resources :    Usage  Request Allocated 
	   Cpus                 :        0        8         8 
	   Disk (KB)            :        1  1024000   1025696 
	   GPUs                 :                           0 
	   Memory (MB)          :        0    16384     16384 
	   TimeExecute (s)      :        7                    
	   TimeSlotBusy (s)     :        7                    

	Job terminated of its own accord at 2026-02-08T14:45:45Z with exit-code 1.
...
000 (15949294.015.000) 2026-02-10 11:45:17 Job submitted from host: <141.34.103.35:9618?addrs=141.34.103.35-9618+[2001-638-700-f067--1-23]-9618&alias=wgs39.zeuthen.desy.de&noUDP&sock=schedd_7302_24a3>
...
009 (15949294.015.000) 2026-02-10 11:45:46 Job was aborted.
	via condor_rm (by user tuccia)
...
000 (15949295.015.000) 2026-02-10 11:46:04 Job submitted from host: <141.34.103.35:9618?addrs=141.34.103.35-9618+[2001-638-700-f067--1-23]-9618&alias=wgs39.zeuthen.desy.de&noUDP&sock=schedd_7302_24a3>
...
001 (15949295.015.000) 2026-02-10 11:47:33 Job executing on host: <141.34.103.53:9618?addrs=141.34.103.53-9618+[2001-638-700-f067--1-35]-9618&alias=wgs43.zeuthen.desy.de&noUDP&sock=startd_8324_266d>
	SlotName: slot1_6@wgs43.zeuthen.desy.de
	CondorScratchDir = "/batch/dir_2889196"
	Cpus = 8
	Disk = 1025025
	GPUs = 0
	Memory = 16384
...
006 (15949295.015.000) 2026-02-10 11:47:40 Image size of job updated: 100
	0  -  MemoryUsage of job (MB)
	0  -  ResidentSetSize of job (KB)
...
005 (15949295.015.000) 2026-02-10 11:47:40 Job terminated.
	(1) Normal termination (return value 1)
		Usr 0 00:00:02, Sys 0 00:00:00  -  Run Remote Usage
		Usr 0 00:00:00, Sys 0 00:00:00  -  Run Local Usage
		Usr 0 00:00:02, Sys 0 00:00:00  -  Total Remote Usage
		Usr 0 00:00:00, Sys 0 00:00:00  -  Total Local Usage
	0  -  Run Bytes Sent By Job
	0  -  Run Bytes Received By Job
	0  -  Total Bytes Sent By Job
	0  -  Total Bytes Received By Job
	Partitionable Resources :    Usage  Request Allocated 
	   Cpus                 :        0        8         8 
	   Disk (KB)            :        1  1024000   1025025 
	   GPUs                 :                           0 
	   Memory (MB)          :        0    16384     16384 
	   TimeExecute (s)      :        7                    
	   TimeSlotBusy (s)     :        7                    

	Job terminated of its own accord at 2026-02-10T10:47:40Z with exit-code 1.
...
000 (16213981.031.000) 2026-02-16 17:41:19 Job submitted from host: <141.34.103.35:9618?addrs=141.34.103.35-9618+[2001-638-700-f067--1-23]-9618&alias=wgs39.zeuthen.desy.de&noUDP&sock=schedd_7302_24a3>
...
001 (16213981.031.000) 2026-02-16 17:41:46 Job executing on host: <141.34.15.85:9618?addrs=141.34.15.85-9618+[2001-638-700-f00f--1-55]-9618&alias=genoa09.zeuthen.desy.de&noUDP&sock=startd_9390_5663>
	SlotName: slot1_22@genoa09.zeuthen.desy.de
	CondorScratchDir = "/batch/dir_1257432"
	Cpus = 1
	Disk = 1025681
	GPUs = 0
	Memory = 5120
...
006 (16213981.031.000) 2026-02-16 17:41:59 Image size of job updated: 87960
	86  -  MemoryUsage of job (MB)
	87960  -  ResidentSetSize of job (KB)
...
006 (16213981.031.000) 2026-02-16 17:46:59 Image size of job updated: 255820
	245  -  MemoryUsage of job (MB)
	250560  -  ResidentSetSize of job (KB)
...
006 (16213981.031.000) 2026-02-16 17:51:59 Image size of job updated: 255820
	247  -  MemoryUsage of job (MB)
	251920  -  ResidentSetSize of job (KB)
...
006 (16213981.031.000) 2026-02-16 17:57:00 Image size of job updated: 255820
	249  -  MemoryUsage of job (MB)
	254480  -  ResidentSetSize of job (KB)
...
006 (16213981.031.000) 2026-02-16 18:02:00 Image size of job updated: 255820
	249  -  MemoryUsage of job (MB)
	254488  -  ResidentSetSize of job (KB)
...
006 (16213981.031.000) 2026-02-16 18:07:01 Image size of job updated: 255820
	250  -  MemoryUsage of job (MB)
	255412  -  ResidentSetSize of job (KB)
...
006 (16213981.031.000) 2026-02-16 18:12:02 Image size of job updated: 256168
	251  -  MemoryUsage of job (MB)
	256168  -  ResidentSetSize of job (KB)
...
006 (16213981.031.000) 2026-02-16 18:17:02 Image size of job updated: 256244
	251  -  MemoryUsage of job (MB)
	256244  -  ResidentSetSize of job (KB)
...
006 (16213981.031.000) 2026-02-16 18:27:03 Image size of job updated: 257792
	252  -  MemoryUsage of job (MB)
	257792  -  ResidentSetSize of job (KB)
...
006 (16213981.031.000) 2026-02-16 18:32:03 Image size of job updated: 258736
	253  -  MemoryUsage of job (MB)
	258736  -  ResidentSetSize of job (KB)
...
006 (16213981.031.000) 2026-02-16 19:17:08 Image size of job updated: 258900
	253  -  MemoryUsage of job (MB)
	258900  -  ResidentSetSize of job (KB)
...
006 (16213981.031.000) 2026-02-16 19:22:08 Image size of job updated: 258992
	253  -  MemoryUsage of job (MB)
	258992  -  ResidentSetSize of job (KB)
...
006 (16213981.031.000) 2026-02-16 19:32:10 Image size of job updated: 260144
	255  -  MemoryUsage of job (MB)
	260144  -  ResidentSetSize of job (KB)
...
006 (16213981.031.000) 2026-02-16 20:02:12 Image size of job updated: 260496
	255  -  MemoryUsage of job (MB)
	260496  -  ResidentSetSize of job (KB)
...
006 (16213981.031.000) 2026-02-16 21:57:24 Image size of job updated: 260512
	255  -  MemoryUsage of job (MB)
	260512  -  ResidentSetSize of job (KB)
...
006 (16213981.031.000) 2026-02-16 23:02:30 Image size of job updated: 261948
	256  -  MemoryUsage of job (MB)
	261948  -  ResidentSetSize of job (KB)
...
006 (16213981.031.000) 2026-02-16 23:07:31 Image size of job updated: 262696
	257  -  MemoryUsage of job (MB)
	262696  -  ResidentSetSize of job (KB)
...
004 (16213981.031.000) 2026-02-18 10:33:50 Job was evicted.
	(0) CPU times
		Usr 1 16:27:08, Sys 0 00:00:10  -  Run Remote Usage
		Usr 0 00:00:00, Sys 0 00:00:00  -  Run Local Usage
	0  -  Run Bytes Sent By Job
	0  -  Run Bytes Received By Job
	Partitionable Resources :     Usage  Request Allocated 
	   Cpus                 :      0.99        1         1 
	   Disk (KB)            :      1     1024000   1025681 
	   GPUs                 :                            0 
	   Memory (MB)          :    257        5120      5120 
	   TimeExecute (s)      : 147122                       
	   TimeSlotBusy (s)     : 147124                       
...
009 (16213981.031.000) 2026-02-18 10:33:50 Job was aborted.
	via condor_rm (by user tuccia)
...
