000 (15756407.112.000) 2026-02-06 11:26:10 Job submitted from host: <141.34.103.35:9618?addrs=141.34.103.35-9618+[2001-638-700-f067--1-23]-9618&alias=wgs39.zeuthen.desy.de&noUDP&sock=schedd_7414_f73f>
...
001 (15756407.112.000) 2026-02-08 15:59:58 Job executing on host: <141.34.15.41:9618?addrs=141.34.15.41-9618+[2001-638-700-f00f--1-29]-9618&alias=pizza12.zeuthen.desy.de&noUDP&sock=startd_8275_8a49>
	SlotName: slot1_8@pizza12.zeuthen.desy.de
	CondorScratchDir = "/batch/dir_3207295"
	Cpus = 8
	Disk = 1025696
	GPUs = 0
	Memory = 16384
...
006 (15756407.112.000) 2026-02-08 16:00:04 Image size of job updated: 44
	0  -  MemoryUsage of job (MB)
	0  -  ResidentSetSize of job (KB)
...
005 (15756407.112.000) 2026-02-08 16:00:04 Job terminated.
	(1) Normal termination (return value 1)
		Usr 0 00:00:02, Sys 0 00:00:00  -  Run Remote Usage
		Usr 0 00:00:00, Sys 0 00:00:00  -  Run Local Usage
		Usr 0 00:00:02, Sys 0 00:00:00  -  Total Remote Usage
		Usr 0 00:00:00, Sys 0 00:00:00  -  Total Local Usage
	0  -  Run Bytes Sent By Job
	0  -  Run Bytes Received By Job
	0  -  Total Bytes Sent By Job
	0  -  Total Bytes Received By Job
	Partitionable Resources :    Usage  Request Allocated 
	   Cpus                 :        0        8         8 
	   Disk (KB)            :        1  1024000   1025696 
	   GPUs                 :                           0 
	   Memory (MB)          :        0    16384     16384 
	   TimeExecute (s)      :        6                    
	   TimeSlotBusy (s)     :        6                    

	Job terminated of its own accord at 2026-02-08T15:00:04Z with exit-code 1.
...
000 (15949294.075.000) 2026-02-10 11:45:18 Job submitted from host: <141.34.103.35:9618?addrs=141.34.103.35-9618+[2001-638-700-f067--1-23]-9618&alias=wgs39.zeuthen.desy.de&noUDP&sock=schedd_7302_24a3>
...
009 (15949294.075.000) 2026-02-10 11:45:46 Job was aborted.
	via condor_rm (by user tuccia)
...
000 (15949295.075.000) 2026-02-10 11:46:04 Job submitted from host: <141.34.103.35:9618?addrs=141.34.103.35-9618+[2001-638-700-f067--1-23]-9618&alias=wgs39.zeuthen.desy.de&noUDP&sock=schedd_7302_24a3>
...
001 (15949295.075.000) 2026-02-10 11:47:35 Job executing on host: <141.34.15.201:9618?addrs=141.34.15.201-9618+[2001-638-700-f00f--1-c9]-9618&alias=pizza03.zeuthen.desy.de&noUDP&sock=startd_9148_5877>
	SlotName: slot1_3@pizza03.zeuthen.desy.de
	CondorScratchDir = "/batch/dir_2656093"
	Cpus = 8
	Disk = 1025696
	GPUs = 0
	Memory = 16384
...
006 (15949295.075.000) 2026-02-10 11:47:41 Image size of job updated: 140
	0  -  MemoryUsage of job (MB)
	0  -  ResidentSetSize of job (KB)
...
005 (15949295.075.000) 2026-02-10 11:47:42 Job terminated.
	(1) Normal termination (return value 1)
		Usr 0 00:00:02, Sys 0 00:00:00  -  Run Remote Usage
		Usr 0 00:00:00, Sys 0 00:00:00  -  Run Local Usage
		Usr 0 00:00:02, Sys 0 00:00:00  -  Total Remote Usage
		Usr 0 00:00:00, Sys 0 00:00:00  -  Total Local Usage
	0  -  Run Bytes Sent By Job
	0  -  Run Bytes Received By Job
	0  -  Total Bytes Sent By Job
	0  -  Total Bytes Received By Job
	Partitionable Resources :    Usage  Request Allocated 
	   Cpus                 :        0        8         8 
	   Disk (KB)            :        1  1024000   1025696 
	   GPUs                 :                           0 
	   Memory (MB)          :        0    16384     16384 
	   TimeExecute (s)      :        6                    
	   TimeSlotBusy (s)     :        7                    

	Job terminated of its own accord at 2026-02-10T10:47:41Z with exit-code 1.
...
000 (16213981.151.000) 2026-02-16 17:41:21 Job submitted from host: <141.34.103.35:9618?addrs=141.34.103.35-9618+[2001-638-700-f067--1-23]-9618&alias=wgs39.zeuthen.desy.de&noUDP&sock=schedd_7302_24a3>
...
001 (16213981.151.000) 2026-02-16 17:41:49 Job executing on host: <141.34.15.83:9618?addrs=141.34.15.83-9618+[2001-638-700-f00f--1-53]-9618&alias=genoa07.zeuthen.desy.de&noUDP&sock=startd_10269_4222>
	SlotName: slot1_33@genoa07.zeuthen.desy.de
	CondorScratchDir = "/batch/dir_1831782"
	Cpus = 1
	Disk = 1025681
	GPUs = 0
	Memory = 5120
...
006 (16213981.151.000) 2026-02-16 17:42:03 Image size of job updated: 87960
	86  -  MemoryUsage of job (MB)
	87960  -  ResidentSetSize of job (KB)
...
006 (16213981.151.000) 2026-02-16 17:47:04 Image size of job updated: 257556
	243  -  MemoryUsage of job (MB)
	248328  -  ResidentSetSize of job (KB)
...
006 (16213981.151.000) 2026-02-16 17:52:04 Image size of job updated: 257556
	244  -  MemoryUsage of job (MB)
	248836  -  ResidentSetSize of job (KB)
...
006 (16213981.151.000) 2026-02-16 17:57:05 Image size of job updated: 257556
	244  -  MemoryUsage of job (MB)
	248908  -  ResidentSetSize of job (KB)
...
006 (16213981.151.000) 2026-02-16 18:12:07 Image size of job updated: 257556
	244  -  MemoryUsage of job (MB)
	249196  -  ResidentSetSize of job (KB)
...
006 (16213981.151.000) 2026-02-16 18:22:08 Image size of job updated: 257780
	252  -  MemoryUsage of job (MB)
	257780  -  ResidentSetSize of job (KB)
...
006 (16213981.151.000) 2026-02-16 18:27:08 Image size of job updated: 259564
	254  -  MemoryUsage of job (MB)
	259564  -  ResidentSetSize of job (KB)
...
006 (16213981.151.000) 2026-02-16 19:27:15 Image size of job updated: 259960
	254  -  MemoryUsage of job (MB)
	259960  -  ResidentSetSize of job (KB)
...
006 (16213981.151.000) 2026-02-16 19:32:16 Image size of job updated: 260228
	255  -  MemoryUsage of job (MB)
	260228  -  ResidentSetSize of job (KB)
...
006 (16213981.151.000) 2026-02-16 20:07:19 Image size of job updated: 260244
	255  -  MemoryUsage of job (MB)
	260244  -  ResidentSetSize of job (KB)
...
006 (16213981.151.000) 2026-02-16 20:22:20 Image size of job updated: 260328
	255  -  MemoryUsage of job (MB)
	260328  -  ResidentSetSize of job (KB)
...
