~~~~~~~~~~~~~~~~~~~~~~~~~~~~~~

n_qubits: 30, 
r: 94, 
alpha: 0.01, 
shots: 10000, 
ansatz: structure_like_qubo_YZ_2, 
layer: 1, 
tau: 0.3

time for simulated annealing:  44.09727478027344
Rank 1: Bitstring=110100101011000011011001111010, Decimal=883701370, Energy=-25.7946
Rank 2: Bitstring=110100110000010011011001111010, Decimal=885077626, Energy=-25.5024
Rank 3: Bitstring=111100101011000011011101110010, Decimal=1017919346, Energy=-25.0324
Rank 4: Bitstring=110100101011000111011001111000, Decimal=883717752, Energy=-24.626
Rank 5: Bitstring=110001101111000011001011111010, Decimal=834417402, Energy=-24.4922
Rank 6: Bitstring=110100110000010111011001111000, Decimal=885094008, Energy=-24.3338
Rank 7: Bitstring=110110110000110011110001111011, Decimal=918764667, Energy=-24.1096
Rank 8: Bitstring=111100110000010011011101110010, Decimal=1019295602, Energy=-24.1086
Rank 9: Bitstring=110110101011110011110001111011, Decimal=917453947, Energy=-24.0678
Rank 10: Bitstring=111100101011000111011101110000, Decimal=1017935728, Energy=-23.8638

E_min from simulated annealing:  -25.7946
Minimum energy: -25.7946
States with energy within 1e-08 of minimum: [883701370]


################## Start optimization with initial parameters: [0. 0. 0. 0. 0. 0. 0. 0. 0. 0. 0. 0. 0. 0. 0. 0. 0. 0. 0. 0. 0. 0. 0. 0.
 0. 0. 0. 0. 0. 0. 0. 0. 0. 0. 0. 0. 0. 0. 0. 0. 0. 0. 0. 0. 0. 0. 0. 0.
 0. 0. 0. 0. 0. 0. 0. 0. 0. 0. 0. 0. 0. 0. 0. 0. 0. 0. 0. 0. 0. 0. 0. 0.
 0. 0. 0. 0. 0. 0. 0. 0. 0. 0. 0. 0. 0. 0. 0. 0. 0. 0. 0. 0. 0. 0. 0. 0.
 0. 0. 0. 0. 0. 0. 0. 0. 0. 0. 0. 0. 0. 0. 0. 0. 0. 0. 0. 0. 0. 0. 0. 0.]
Write sucessfully to ./data/data_shots_10000_layer_1/alpha_0.01/N_30/r_94/ansatz_type_structure_like_qubo_YZ_2/initialization_zeros

vqe.cvar_eval[0]: -13.043728000000005 , min_cvar: -25.7946 , opt_cvar: -25.7946

vqe.poss_eval[-1]: 0.0094 vqe.poss_eval[0] 0  , max_poss: 0.0464 , opt_poss: 0.0464

vqe.r_eval[-1]: 0.9993117164057594 vqe.r_eval[0]: 0.5056766920208108 max_r: 1.0 , min_r: 0.4321119148969167
