000 (15756407.199.000) 2026-02-06 11:26:10 Job submitted from host: <141.34.103.35:9618?addrs=141.34.103.35-9618+[2001-638-700-f067--1-23]-9618&alias=wgs39.zeuthen.desy.de&noUDP&sock=schedd_7414_f73f>
...
001 (15756407.199.000) 2026-02-08 16:09:58 Job executing on host: <141.34.15.43:9618?addrs=141.34.15.43-9618+[2001-638-700-f00f--1-2b]-9618&alias=pizza14.zeuthen.desy.de&noUDP&sock=startd_8340_1ff1>
	SlotName: slot1_5@pizza14.zeuthen.desy.de
	CondorScratchDir = "/batch/dir_27261"
	Cpus = 8
	Disk = 1025696
	GPUs = 0
	Memory = 16384
...
006 (15756407.199.000) 2026-02-08 16:10:05 Image size of job updated: 100
	0  -  MemoryUsage of job (MB)
	0  -  ResidentSetSize of job (KB)
...
005 (15756407.199.000) 2026-02-08 16:10:05 Job terminated.
	(1) Normal termination (return value 1)
		Usr 0 00:00:02, Sys 0 00:00:00  -  Run Remote Usage
		Usr 0 00:00:00, Sys 0 00:00:00  -  Run Local Usage
		Usr 0 00:00:02, Sys 0 00:00:00  -  Total Remote Usage
		Usr 0 00:00:00, Sys 0 00:00:00  -  Total Local Usage
	0  -  Run Bytes Sent By Job
	0  -  Run Bytes Received By Job
	0  -  Total Bytes Sent By Job
	0  -  Total Bytes Received By Job
	Partitionable Resources :    Usage  Request Allocated 
	   Cpus                 :        0        8         8 
	   Disk (KB)            :        1  1024000   1025696 
	   GPUs                 :                           0 
	   Memory (MB)          :        0    16384     16384 
	   TimeExecute (s)      :        7                    
	   TimeSlotBusy (s)     :        7                    

	Job terminated of its own accord at 2026-02-08T15:10:05Z with exit-code 1.
...
000 (15949294.133.000) 2026-02-10 11:45:19 Job submitted from host: <141.34.103.35:9618?addrs=141.34.103.35-9618+[2001-638-700-f067--1-23]-9618&alias=wgs39.zeuthen.desy.de&noUDP&sock=schedd_7302_24a3>
...
009 (15949294.133.000) 2026-02-10 11:45:46 Job was aborted.
	via condor_rm (by user tuccia)
...
000 (15949295.133.000) 2026-02-10 11:46:04 Job submitted from host: <141.34.103.35:9618?addrs=141.34.103.35-9618+[2001-638-700-f067--1-23]-9618&alias=wgs39.zeuthen.desy.de&noUDP&sock=schedd_7302_24a3>
...
001 (15949295.133.000) 2026-02-10 11:48:06 Job executing on host: <141.34.15.39:9618?addrs=141.34.15.39-9618+[2001-638-700-f00f--1-27]-9618&alias=pizza10.zeuthen.desy.de&noUDP&sock=startd_8177_5201>
	SlotName: slot1_14@pizza10.zeuthen.desy.de
	CondorScratchDir = "/batch/dir_3196175"
	Cpus = 8
	Disk = 1025696
	GPUs = 0
	Memory = 16384
...
006 (15949295.133.000) 2026-02-10 11:48:13 Image size of job updated: 120
	0  -  MemoryUsage of job (MB)
	0  -  ResidentSetSize of job (KB)
...
005 (15949295.133.000) 2026-02-10 11:48:13 Job terminated.
	(1) Normal termination (return value 1)
		Usr 0 00:00:02, Sys 0 00:00:00  -  Run Remote Usage
		Usr 0 00:00:00, Sys 0 00:00:00  -  Run Local Usage
		Usr 0 00:00:02, Sys 0 00:00:00  -  Total Remote Usage
		Usr 0 00:00:00, Sys 0 00:00:00  -  Total Local Usage
	0  -  Run Bytes Sent By Job
	0  -  Run Bytes Received By Job
	0  -  Total Bytes Sent By Job
	0  -  Total Bytes Received By Job
	Partitionable Resources :    Usage  Request Allocated 
	   Cpus                 :        0        8         8 
	   Disk (KB)            :        1  1024000   1025696 
	   GPUs                 :                           0 
	   Memory (MB)          :        0    16384     16384 
	   TimeExecute (s)      :        7                    
	   TimeSlotBusy (s)     :        7                    

	Job terminated of its own accord at 2026-02-10T10:48:13Z with exit-code 1.
...
000 (16213981.267.000) 2026-02-16 17:41:22 Job submitted from host: <141.34.103.35:9618?addrs=141.34.103.35-9618+[2001-638-700-f067--1-23]-9618&alias=wgs39.zeuthen.desy.de&noUDP&sock=schedd_7302_24a3>
...
001 (16213981.267.000) 2026-02-16 17:41:46 Job executing on host: <141.34.15.179:9618?addrs=141.34.15.179-9618+[2001-638-700-f00f--1-b3]-9618&alias=genoa04.zeuthen.desy.de&noUDP&sock=startd_11819_6dee>
	SlotName: slot1_17@genoa04.zeuthen.desy.de
	CondorScratchDir = "/batch/dir_2485996"
	Cpus = 1
	Disk = 1025697
	GPUs = 0
	Memory = 5120
...
006 (16213981.267.000) 2026-02-16 17:42:00 Image size of job updated: 87956
	86  -  MemoryUsage of job (MB)
	87956  -  ResidentSetSize of job (KB)
...
006 (16213981.267.000) 2026-02-16 17:47:01 Image size of job updated: 255980
	244  -  MemoryUsage of job (MB)
	249188  -  ResidentSetSize of job (KB)
...
006 (16213981.267.000) 2026-02-16 17:52:02 Image size of job updated: 255980
	246  -  MemoryUsage of job (MB)
	251896  -  ResidentSetSize of job (KB)
...
006 (16213981.267.000) 2026-02-16 17:57:02 Image size of job updated: 255980
	247  -  MemoryUsage of job (MB)
	252372  -  ResidentSetSize of job (KB)
...
006 (16213981.267.000) 2026-02-16 18:02:03 Image size of job updated: 255980
	249  -  MemoryUsage of job (MB)
	254156  -  ResidentSetSize of job (KB)
...
006 (16213981.267.000) 2026-02-16 18:12:04 Image size of job updated: 255980
	249  -  MemoryUsage of job (MB)
	254508  -  ResidentSetSize of job (KB)
...
006 (16213981.267.000) 2026-02-16 18:17:05 Image size of job updated: 255980
	249  -  MemoryUsage of job (MB)
	254512  -  ResidentSetSize of job (KB)
...
006 (16213981.267.000) 2026-02-16 18:37:07 Image size of job updated: 259128
	254  -  MemoryUsage of job (MB)
	259128  -  ResidentSetSize of job (KB)
...
006 (16213981.267.000) 2026-02-16 18:42:07 Image size of job updated: 261700
	256  -  MemoryUsage of job (MB)
	261700  -  ResidentSetSize of job (KB)
...
006 (16213981.267.000) 2026-02-16 18:47:08 Image size of job updated: 262200
	257  -  MemoryUsage of job (MB)
	262200  -  ResidentSetSize of job (KB)
...
006 (16213981.267.000) 2026-02-16 20:02:13 Image size of job updated: 264312
	259  -  MemoryUsage of job (MB)
	264312  -  ResidentSetSize of job (KB)
...
006 (16213981.267.000) 2026-02-16 20:52:16 Image size of job updated: 264388
	259  -  MemoryUsage of job (MB)
	264388  -  ResidentSetSize of job (KB)
...
006 (16213981.267.000) 2026-02-16 21:22:16 Image size of job updated: 264416
	259  -  MemoryUsage of job (MB)
	264416  -  ResidentSetSize of job (KB)
...
006 (16213981.267.000) 2026-02-17 01:02:41 Image size of job updated: 264552
	259  -  MemoryUsage of job (MB)
	264552  -  ResidentSetSize of job (KB)
...
006 (16213981.267.000) 2026-02-17 04:12:58 Image size of job updated: 264812
	259  -  MemoryUsage of job (MB)
	264812  -  ResidentSetSize of job (KB)
...
004 (16213981.267.000) 2026-02-18 10:33:50 Job was evicted.
	(0) CPU times
		Usr 1 16:20:56, Sys 0 00:00:22  -  Run Remote Usage
		Usr 0 00:00:00, Sys 0 00:00:00  -  Run Local Usage
	0  -  Run Bytes Sent By Job
	0  -  Run Bytes Received By Job
	Partitionable Resources :     Usage  Request Allocated 
	   Cpus                 :      0.99        1         1 
	   Disk (KB)            :      1     1024000   1025697 
	   GPUs                 :                            0 
	   Memory (MB)          :    259        5120      5120 
	   TimeExecute (s)      : 147122                       
	   TimeSlotBusy (s)     : 147124                       
...
009 (16213981.267.000) 2026-02-18 10:33:50 Job was aborted.
	via condor_rm (by user tuccia)
...
