000 (15756408.178.000) 2026-02-06 11:26:57 Job submitted from host: <141.34.103.35:9618?addrs=141.34.103.35-9618+[2001-638-700-f067--1-23]-9618&alias=wgs39.zeuthen.desy.de&noUDP&sock=schedd_7414_f73f>
...
001 (15756408.178.000) 2026-02-10 11:43:53 Job executing on host: <141.34.15.43:9618?addrs=141.34.15.43-9618+[2001-638-700-f00f--1-2b]-9618&alias=pizza14.zeuthen.desy.de&noUDP&sock=startd_8340_1ff1>
	SlotName: slot1_5@pizza14.zeuthen.desy.de
	CondorScratchDir = "/batch/dir_1728889"
	Cpus = 8
	Disk = 1025696
	GPUs = 0
	Memory = 16384
...
006 (15756408.178.000) 2026-02-10 11:44:00 Image size of job updated: 100
	0  -  MemoryUsage of job (MB)
	0  -  ResidentSetSize of job (KB)
...
005 (15756408.178.000) 2026-02-10 11:44:00 Job terminated.
	(1) Normal termination (return value 1)
		Usr 0 00:00:02, Sys 0 00:00:00  -  Run Remote Usage
		Usr 0 00:00:00, Sys 0 00:00:00  -  Run Local Usage
		Usr 0 00:00:02, Sys 0 00:00:00  -  Total Remote Usage
		Usr 0 00:00:00, Sys 0 00:00:00  -  Total Local Usage
	0  -  Run Bytes Sent By Job
	0  -  Run Bytes Received By Job
	0  -  Total Bytes Sent By Job
	0  -  Total Bytes Received By Job
	Partitionable Resources :    Usage  Request Allocated 
	   Cpus                 :        0        8         8 
	   Disk (KB)            :        1  1024000   1025696 
	   GPUs                 :                           0 
	   Memory (MB)          :        0    16384     16384 
	   TimeExecute (s)      :        7                    
	   TimeSlotBusy (s)     :        7                    

	Job terminated of its own accord at 2026-02-10T10:44:00Z with exit-code 1.
...
000 (15951004.119.000) 2026-02-10 16:30:01 Job submitted from host: <141.34.103.35:9618?addrs=141.34.103.35-9618+[2001-638-700-f067--1-23]-9618&alias=wgs39.zeuthen.desy.de&noUDP&sock=schedd_7302_24a3>
...
001 (15951004.119.000) 2026-02-10 18:11:37 Job executing on host: <141.34.15.86:9618?addrs=141.34.15.86-9618+[2001-638-700-f00f--1-56]-9618&alias=genoa10.zeuthen.desy.de&noUDP&sock=startd_10124_cce6>
	SlotName: slot1_31@genoa10.zeuthen.desy.de
	CondorScratchDir = "/batch/dir_531341"
	Cpus = 1
	Disk = 1025681
	GPUs = 0
	Memory = 5120
...
006 (15951004.119.000) 2026-02-10 18:11:44 Image size of job updated: 60
	0  -  MemoryUsage of job (MB)
	0  -  ResidentSetSize of job (KB)
...
005 (15951004.119.000) 2026-02-10 18:11:44 Job terminated.
	(1) Normal termination (return value 1)
		Usr 0 00:00:00, Sys 0 00:00:00  -  Run Remote Usage
		Usr 0 00:00:00, Sys 0 00:00:00  -  Run Local Usage
		Usr 0 00:00:00, Sys 0 00:00:00  -  Total Remote Usage
		Usr 0 00:00:00, Sys 0 00:00:00  -  Total Local Usage
	0  -  Run Bytes Sent By Job
	0  -  Run Bytes Received By Job
	0  -  Total Bytes Sent By Job
	0  -  Total Bytes Received By Job
	Partitionable Resources :    Usage  Request Allocated 
	   Cpus                 :        0        1         1 
	   Disk (KB)            :        1  1024000   1025681 
	   GPUs                 :                           0 
	   Memory (MB)          :        0     5120      5120 
	   TimeExecute (s)      :        7                    
	   TimeSlotBusy (s)     :        7                    

	Job terminated of its own accord at 2026-02-10T17:11:44Z with exit-code 1.
...
000 (15988842.119.000) 2026-02-11 11:12:46 Job submitted from host: <141.34.103.35:9618?addrs=141.34.103.35-9618+[2001-638-700-f067--1-23]-9618&alias=wgs39.zeuthen.desy.de&noUDP&sock=schedd_7302_24a3>
...
001 (15988842.119.000) 2026-02-11 11:32:33 Job executing on host: <141.34.15.84:9618?addrs=141.34.15.84-9618+[2001-638-700-f00f--1-54]-9618&alias=genoa08.zeuthen.desy.de&noUDP&sock=startd_10216_e79d>
	SlotName: slot1_44@genoa08.zeuthen.desy.de
	CondorScratchDir = "/batch/dir_18393"
	Cpus = 1
	Disk = 1025681
	GPUs = 0
	Memory = 5120
...
006 (15988842.119.000) 2026-02-11 11:32:40 Image size of job updated: 220
	0  -  MemoryUsage of job (MB)
	0  -  ResidentSetSize of job (KB)
...
005 (15988842.119.000) 2026-02-11 11:32:40 Job terminated.
	(1) Normal termination (return value 1)
		Usr 0 00:00:01, Sys 0 00:00:00  -  Run Remote Usage
		Usr 0 00:00:00, Sys 0 00:00:00  -  Run Local Usage
		Usr 0 00:00:01, Sys 0 00:00:00  -  Total Remote Usage
		Usr 0 00:00:00, Sys 0 00:00:00  -  Total Local Usage
	0  -  Run Bytes Sent By Job
	0  -  Run Bytes Received By Job
	0  -  Total Bytes Sent By Job
	0  -  Total Bytes Received By Job
	Partitionable Resources :    Usage  Request Allocated 
	   Cpus                 :                 1         1 
	   Disk (KB)            :        1  1024000   1025681 
	   GPUs                 :                           0 
	   Memory (MB)          :        0     5120      5120 
	   TimeExecute (s)      :        7                    
	   TimeSlotBusy (s)     :        8                    

	Job terminated of its own accord at 2026-02-11T10:32:40Z with exit-code 1.
...
000 (16214011.119.000) 2026-02-16 17:42:09 Job submitted from host: <141.34.103.35:9618?addrs=141.34.103.35-9618+[2001-638-700-f067--1-23]-9618&alias=wgs39.zeuthen.desy.de&noUDP&sock=schedd_7302_24a3>
...
001 (16214011.119.000) 2026-02-16 17:42:27 Job executing on host: <141.34.103.54:9618?addrs=141.34.103.54-9618+[2001-638-700-f067--1-36]-9618&alias=wgs44.zeuthen.desy.de&noUDP&sock=startd_7775_94ef>
	SlotName: slot1_26@wgs44.zeuthen.desy.de
	CondorScratchDir = "/batch/dir_287014"
	Cpus = 1
	Disk = 1025025
	GPUs = 0
	Memory = 5120
...
006 (16214011.119.000) 2026-02-16 17:42:41 Image size of job updated: 89936
	88  -  MemoryUsage of job (MB)
	89936  -  ResidentSetSize of job (KB)
...
006 (16214011.119.000) 2026-02-16 17:47:42 Image size of job updated: 257520
	252  -  MemoryUsage of job (MB)
	257520  -  ResidentSetSize of job (KB)
...
006 (16214011.119.000) 2026-02-16 17:52:42 Image size of job updated: 284600
	270  -  MemoryUsage of job (MB)
	276436  -  ResidentSetSize of job (KB)
...
006 (16214011.119.000) 2026-02-16 18:02:43 Image size of job updated: 290684
	271  -  MemoryUsage of job (MB)
	277256  -  ResidentSetSize of job (KB)
...
006 (16214011.119.000) 2026-02-16 18:07:43 Image size of job updated: 290720
	272  -  MemoryUsage of job (MB)
	277508  -  ResidentSetSize of job (KB)
...
006 (16214011.119.000) 2026-02-16 18:12:43 Image size of job updated: 290720
	272  -  MemoryUsage of job (MB)
	277820  -  ResidentSetSize of job (KB)
...
006 (16214011.119.000) 2026-02-16 18:22:44 Image size of job updated: 290720
	272  -  MemoryUsage of job (MB)
	278036  -  ResidentSetSize of job (KB)
...
006 (16214011.119.000) 2026-02-16 18:27:44 Image size of job updated: 293904
	273  -  MemoryUsage of job (MB)
	278548  -  ResidentSetSize of job (KB)
...
006 (16214011.119.000) 2026-02-16 18:37:45 Image size of job updated: 294428
	273  -  MemoryUsage of job (MB)
	279296  -  ResidentSetSize of job (KB)
...
006 (16214011.119.000) 2026-02-16 18:42:45 Image size of job updated: 294428
	274  -  MemoryUsage of job (MB)
	279720  -  ResidentSetSize of job (KB)
...
006 (16214011.119.000) 2026-02-16 18:47:46 Image size of job updated: 294428
	274  -  MemoryUsage of job (MB)
	279936  -  ResidentSetSize of job (KB)
...
006 (16214011.119.000) 2026-02-16 18:57:46 Image size of job updated: 294428
	275  -  MemoryUsage of job (MB)
	280688  -  ResidentSetSize of job (KB)
...
006 (16214011.119.000) 2026-02-16 19:02:47 Image size of job updated: 294428
	275  -  MemoryUsage of job (MB)
	280984  -  ResidentSetSize of job (KB)
...
006 (16214011.119.000) 2026-02-16 19:07:47 Image size of job updated: 294428
	275  -  MemoryUsage of job (MB)
	281400  -  ResidentSetSize of job (KB)
...
006 (16214011.119.000) 2026-02-16 19:17:48 Image size of job updated: 294428
	276  -  MemoryUsage of job (MB)
	282384  -  ResidentSetSize of job (KB)
...
006 (16214011.119.000) 2026-02-16 19:22:48 Image size of job updated: 294428
	277  -  MemoryUsage of job (MB)
	282672  -  ResidentSetSize of job (KB)
...
006 (16214011.119.000) 2026-02-16 19:27:48 Image size of job updated: 294664
	277  -  MemoryUsage of job (MB)
	283152  -  ResidentSetSize of job (KB)
...
006 (16214011.119.000) 2026-02-16 19:32:49 Image size of job updated: 294664
	281  -  MemoryUsage of job (MB)
	287648  -  ResidentSetSize of job (KB)
...
006 (16214011.119.000) 2026-02-16 19:42:50 Image size of job updated: 294664
	282  -  MemoryUsage of job (MB)
	288120  -  ResidentSetSize of job (KB)
...
006 (16214011.119.000) 2026-02-16 19:47:51 Image size of job updated: 294664
	282  -  MemoryUsage of job (MB)
	288668  -  ResidentSetSize of job (KB)
...
006 (16214011.119.000) 2026-02-16 19:52:52 Image size of job updated: 298628
	283  -  MemoryUsage of job (MB)
	289180  -  ResidentSetSize of job (KB)
...
006 (16214011.119.000) 2026-02-16 19:57:52 Image size of job updated: 298628
	283  -  MemoryUsage of job (MB)
	289352  -  ResidentSetSize of job (KB)
...
006 (16214011.119.000) 2026-02-16 20:02:53 Image size of job updated: 298628
	284  -  MemoryUsage of job (MB)
	289956  -  ResidentSetSize of job (KB)
...
006 (16214011.119.000) 2026-02-16 20:12:54 Image size of job updated: 298628
	284  -  MemoryUsage of job (MB)
	290328  -  ResidentSetSize of job (KB)
...
006 (16214011.119.000) 2026-02-16 20:17:55 Image size of job updated: 298628
	285  -  MemoryUsage of job (MB)
	290944  -  ResidentSetSize of job (KB)
...
006 (16214011.119.000) 2026-02-16 20:22:56 Image size of job updated: 298628
	285  -  MemoryUsage of job (MB)
	291116  -  ResidentSetSize of job (KB)
...
006 (16214011.119.000) 2026-02-16 20:27:56 Image size of job updated: 298628
	286  -  MemoryUsage of job (MB)
	291848  -  ResidentSetSize of job (KB)
...
006 (16214011.119.000) 2026-02-16 20:37:57 Image size of job updated: 298628
	286  -  MemoryUsage of job (MB)
	292232  -  ResidentSetSize of job (KB)
...
006 (16214011.119.000) 2026-02-16 20:42:57 Image size of job updated: 298628
	286  -  MemoryUsage of job (MB)
	292464  -  ResidentSetSize of job (KB)
...
006 (16214011.119.000) 2026-02-16 20:47:57 Image size of job updated: 298628
	287  -  MemoryUsage of job (MB)
	293116  -  ResidentSetSize of job (KB)
...
006 (16214011.119.000) 2026-02-16 20:52:58 Image size of job updated: 298628
	287  -  MemoryUsage of job (MB)
	293416  -  ResidentSetSize of job (KB)
...
006 (16214011.119.000) 2026-02-16 21:07:59 Image size of job updated: 298628
	287  -  MemoryUsage of job (MB)
	293788  -  ResidentSetSize of job (KB)
...
006 (16214011.119.000) 2026-02-16 21:33:01 Image size of job updated: 298628
	288  -  MemoryUsage of job (MB)
	294076  -  ResidentSetSize of job (KB)
...
006 (16214011.119.000) 2026-02-16 21:53:03 Image size of job updated: 298628
	288  -  MemoryUsage of job (MB)
	294152  -  ResidentSetSize of job (KB)
...
006 (16214011.119.000) 2026-02-16 22:03:04 Image size of job updated: 298628
	288  -  MemoryUsage of job (MB)
	294440  -  ResidentSetSize of job (KB)
...
006 (16214011.119.000) 2026-02-16 22:13:05 Image size of job updated: 298628
	288  -  MemoryUsage of job (MB)
	294800  -  ResidentSetSize of job (KB)
...
006 (16214011.119.000) 2026-02-16 22:18:05 Image size of job updated: 298628
	289  -  MemoryUsage of job (MB)
	295044  -  ResidentSetSize of job (KB)
...
006 (16214011.119.000) 2026-02-16 22:23:05 Image size of job updated: 298628
	289  -  MemoryUsage of job (MB)
	295484  -  ResidentSetSize of job (KB)
...
006 (16214011.119.000) 2026-02-16 22:38:06 Image size of job updated: 298628
	289  -  MemoryUsage of job (MB)
	295744  -  ResidentSetSize of job (KB)
...
006 (16214011.119.000) 2026-02-16 22:43:07 Image size of job updated: 298628
	290  -  MemoryUsage of job (MB)
	296016  -  ResidentSetSize of job (KB)
...
006 (16214011.119.000) 2026-02-16 22:48:08 Image size of job updated: 298628
	290  -  MemoryUsage of job (MB)
	296200  -  ResidentSetSize of job (KB)
...
006 (16214011.119.000) 2026-02-17 09:19:12 Image size of job updated: 298628
	290  -  MemoryUsage of job (MB)
	296240  -  ResidentSetSize of job (KB)
...
004 (16214011.119.000) 2026-02-18 10:33:55 Job was evicted.
	(0) CPU times
		Usr 1 16:32:03, Sys 0 00:00:05  -  Run Remote Usage
		Usr 0 00:00:00, Sys 0 00:00:00  -  Run Local Usage
	0  -  Run Bytes Sent By Job
	0  -  Run Bytes Received By Job
	Partitionable Resources :     Usage  Request Allocated 
	   Cpus                 :      0.99        1         1 
	   Disk (KB)            :      1     1024000   1025025 
	   GPUs                 :                            0 
	   Memory (MB)          :    290        5120      5120 
	   TimeExecute (s)      : 147087                       
	   TimeSlotBusy (s)     : 147088                       
...
009 (16214011.119.000) 2026-02-18 10:33:55 Job was aborted.
	via condor_rm (by user tuccia)
...
