000 (15756407.270.000) 2026-02-06 11:26:10 Job submitted from host: <141.34.103.35:9618?addrs=141.34.103.35-9618+[2001-638-700-f067--1-23]-9618&alias=wgs39.zeuthen.desy.de&noUDP&sock=schedd_7414_f73f>
...
001 (15756407.270.000) 2026-02-08 16:15:50 Job executing on host: <141.34.103.52:9618?addrs=141.34.103.52-9618+[2001-638-700-f067--1-34]-9618&alias=wgs42.zeuthen.desy.de&noUDP&sock=startd_9894_0a1e>
	SlotName: slot1_3@wgs42.zeuthen.desy.de
	CondorScratchDir = "/batch/dir_3843770"
	Cpus = 8
	Disk = 1025025
	GPUs = 0
	Memory = 16384
...
006 (15756407.270.000) 2026-02-08 16:15:56 Image size of job updated: 100
	0  -  MemoryUsage of job (MB)
	0  -  ResidentSetSize of job (KB)
...
005 (15756407.270.000) 2026-02-08 16:15:56 Job terminated.
	(1) Normal termination (return value 1)
		Usr 0 00:00:02, Sys 0 00:00:00  -  Run Remote Usage
		Usr 0 00:00:00, Sys 0 00:00:00  -  Run Local Usage
		Usr 0 00:00:02, Sys 0 00:00:00  -  Total Remote Usage
		Usr 0 00:00:00, Sys 0 00:00:00  -  Total Local Usage
	0  -  Run Bytes Sent By Job
	0  -  Run Bytes Received By Job
	0  -  Total Bytes Sent By Job
	0  -  Total Bytes Received By Job
	Partitionable Resources :    Usage  Request Allocated 
	   Cpus                 :        0        8         8 
	   Disk (KB)            :        1  1024000   1025025 
	   GPUs                 :                           0 
	   Memory (MB)          :        0    16384     16384 
	   TimeExecute (s)      :        6                    
	   TimeSlotBusy (s)     :        6                    

	Job terminated of its own accord at 2026-02-08T15:15:56Z with exit-code 1.
...
000 (15949294.180.000) 2026-02-10 11:45:19 Job submitted from host: <141.34.103.35:9618?addrs=141.34.103.35-9618+[2001-638-700-f067--1-23]-9618&alias=wgs39.zeuthen.desy.de&noUDP&sock=schedd_7302_24a3>
...
009 (15949294.180.000) 2026-02-10 11:45:46 Job was aborted.
	via condor_rm (by user tuccia)
...
000 (15949295.180.000) 2026-02-10 11:46:04 Job submitted from host: <141.34.103.35:9618?addrs=141.34.103.35-9618+[2001-638-700-f067--1-23]-9618&alias=wgs39.zeuthen.desy.de&noUDP&sock=schedd_7302_24a3>
...
001 (15949295.180.000) 2026-02-10 11:48:06 Job executing on host: <141.34.15.48:9618?addrs=141.34.15.48-9618+[2001-638-700-f00f--1-30]-9618&alias=pizza19.zeuthen.desy.de&noUDP&sock=startd_8419_4fed>
	SlotName: slot1_5@pizza19.zeuthen.desy.de
	CondorScratchDir = "/batch/dir_2473823"
	Cpus = 8
	Disk = 1025696
	GPUs = 0
	Memory = 16384
...
006 (15949295.180.000) 2026-02-10 11:48:13 Image size of job updated: 180
	0  -  MemoryUsage of job (MB)
	0  -  ResidentSetSize of job (KB)
...
005 (15949295.180.000) 2026-02-10 11:48:13 Job terminated.
	(1) Normal termination (return value 1)
		Usr 0 00:00:02, Sys 0 00:00:00  -  Run Remote Usage
		Usr 0 00:00:00, Sys 0 00:00:00  -  Run Local Usage
		Usr 0 00:00:02, Sys 0 00:00:00  -  Total Remote Usage
		Usr 0 00:00:00, Sys 0 00:00:00  -  Total Local Usage
	0  -  Run Bytes Sent By Job
	0  -  Run Bytes Received By Job
	0  -  Total Bytes Sent By Job
	0  -  Total Bytes Received By Job
	Partitionable Resources :    Usage  Request Allocated 
	   Cpus                 :        0        8         8 
	   Disk (KB)            :        1  1024000   1025696 
	   GPUs                 :                           0 
	   Memory (MB)          :        0    16384     16384 
	   TimeExecute (s)      :        7                    
	   TimeSlotBusy (s)     :        7                    

	Job terminated of its own accord at 2026-02-10T10:48:13Z with exit-code 1.
...
000 (16213981.361.000) 2026-02-16 17:41:23 Job submitted from host: <141.34.103.35:9618?addrs=141.34.103.35-9618+[2001-638-700-f067--1-23]-9618&alias=wgs39.zeuthen.desy.de&noUDP&sock=schedd_7302_24a3>
...
001 (16213981.361.000) 2026-02-16 17:41:50 Job executing on host: <141.34.15.83:9618?addrs=141.34.15.83-9618+[2001-638-700-f00f--1-53]-9618&alias=genoa07.zeuthen.desy.de&noUDP&sock=startd_10269_4222>
	SlotName: slot1_68@genoa07.zeuthen.desy.de
	CondorScratchDir = "/batch/dir_1831824"
	Cpus = 1
	Disk = 1025681
	GPUs = 0
	Memory = 5120
...
006 (16213981.361.000) 2026-02-16 17:42:04 Image size of job updated: 87956
	86  -  MemoryUsage of job (MB)
	87956  -  ResidentSetSize of job (KB)
...
006 (16213981.361.000) 2026-02-16 17:47:05 Image size of job updated: 216000
	211  -  MemoryUsage of job (MB)
	216000  -  ResidentSetSize of job (KB)
...
006 (16213981.361.000) 2026-02-16 17:52:06 Image size of job updated: 216180
	212  -  MemoryUsage of job (MB)
	216180  -  ResidentSetSize of job (KB)
...
006 (16213981.361.000) 2026-02-16 17:57:06 Image size of job updated: 216648
	212  -  MemoryUsage of job (MB)
	216648  -  ResidentSetSize of job (KB)
...
006 (16213981.361.000) 2026-02-16 18:07:08 Image size of job updated: 216804
	212  -  MemoryUsage of job (MB)
	216804  -  ResidentSetSize of job (KB)
...
006 (16213981.361.000) 2026-02-16 18:12:08 Image size of job updated: 216948
	212  -  MemoryUsage of job (MB)
	216948  -  ResidentSetSize of job (KB)
...
006 (16213981.361.000) 2026-02-16 18:22:09 Image size of job updated: 217104
	213  -  MemoryUsage of job (MB)
	217104  -  ResidentSetSize of job (KB)
...
006 (16213981.361.000) 2026-02-16 18:32:10 Image size of job updated: 217720
	213  -  MemoryUsage of job (MB)
	217720  -  ResidentSetSize of job (KB)
...
006 (16213981.361.000) 2026-02-16 18:47:11 Image size of job updated: 218052
	213  -  MemoryUsage of job (MB)
	218052  -  ResidentSetSize of job (KB)
...
006 (16213981.361.000) 2026-02-16 19:07:13 Image size of job updated: 218064
	213  -  MemoryUsage of job (MB)
	218064  -  ResidentSetSize of job (KB)
...
006 (16213981.361.000) 2026-02-16 20:22:22 Image size of job updated: 218280
	214  -  MemoryUsage of job (MB)
	218280  -  ResidentSetSize of job (KB)
...
006 (16213981.361.000) 2026-02-16 22:37:34 Image size of job updated: 218316
	214  -  MemoryUsage of job (MB)
	218316  -  ResidentSetSize of job (KB)
...
006 (16213981.361.000) 2026-02-16 22:42:09 Image size of job updated: 218536
	214  -  MemoryUsage of job (MB)
	218316  -  ResidentSetSize of job (KB)
...
005 (16213981.361.000) 2026-02-16 22:42:09 Job terminated.
	(1) Normal termination (return value 0)
		Usr 0 04:56:49, Sys 0 00:00:02  -  Run Remote Usage
		Usr 0 00:00:00, Sys 0 00:00:00  -  Run Local Usage
		Usr 0 04:56:49, Sys 0 00:00:02  -  Total Remote Usage
		Usr 0 00:00:00, Sys 0 00:00:00  -  Total Local Usage
	0  -  Run Bytes Sent By Job
	0  -  Run Bytes Received By Job
	0  -  Total Bytes Sent By Job
	0  -  Total Bytes Received By Job
	Partitionable Resources :    Usage  Request Allocated 
	   Cpus                 :     0.99        1         1 
	   Disk (KB)            :     1     1024000   1025681 
	   GPUs                 :                           0 
	   Memory (MB)          :   214        5120      5120 
	   TimeExecute (s)      : 18019                       
	   TimeSlotBusy (s)     : 18019                       

	Job terminated of its own accord at 2026-02-16T21:42:09Z with exit-code 0.
...
