000 (15756404.264.000) 2026-02-06 11:24:34 Job submitted from host: <141.34.103.35:9618?addrs=141.34.103.35-9618+[2001-638-700-f067--1-23]-9618&alias=wgs39.zeuthen.desy.de&noUDP&sock=schedd_7414_f73f>
...
001 (15756404.264.000) 2026-02-06 11:32:30 Job executing on host: <141.34.103.54:9618?addrs=141.34.103.54-9618+[2001-638-700-f067--1-36]-9618&alias=wgs44.zeuthen.desy.de&noUDP&sock=startd_7775_94ef>
	SlotName: slot1_19@wgs44.zeuthen.desy.de
	CondorScratchDir = "/batch/dir_1251417"
	Cpus = 8
	Disk = 1025025
	GPUs = 0
	Memory = 16384
...
006 (15756404.264.000) 2026-02-06 11:32:37 Image size of job updated: 104
	0  -  MemoryUsage of job (MB)
	0  -  ResidentSetSize of job (KB)
...
005 (15756404.264.000) 2026-02-06 11:32:37 Job terminated.
	(1) Normal termination (return value 1)
		Usr 0 00:00:02, Sys 0 00:00:00  -  Run Remote Usage
		Usr 0 00:00:00, Sys 0 00:00:00  -  Run Local Usage
		Usr 0 00:00:02, Sys 0 00:00:00  -  Total Remote Usage
		Usr 0 00:00:00, Sys 0 00:00:00  -  Total Local Usage
	0  -  Run Bytes Sent By Job
	0  -  Run Bytes Received By Job
	0  -  Total Bytes Sent By Job
	0  -  Total Bytes Received By Job
	Partitionable Resources :    Usage  Request Allocated 
	   Cpus                 :        0        8         8 
	   Disk (KB)            :        1  1024000   1025025 
	   GPUs                 :                           0 
	   Memory (MB)          :        0    16384     16384 
	   TimeExecute (s)      :        7                    
	   TimeSlotBusy (s)     :        7                    

	Job terminated of its own accord at 2026-02-06T10:32:37Z with exit-code 1.
...
000 (16213981.352.000) 2026-02-16 17:41:23 Job submitted from host: <141.34.103.35:9618?addrs=141.34.103.35-9618+[2001-638-700-f067--1-23]-9618&alias=wgs39.zeuthen.desy.de&noUDP&sock=schedd_7302_24a3>
...
001 (16213981.352.000) 2026-02-16 17:41:46 Job executing on host: <141.34.15.203:9618?addrs=141.34.15.203-9618+[2001-638-700-f00f--1-cb]-9618&alias=pizza05.zeuthen.desy.de&noUDP&sock=startd_8154_8b54>
	SlotName: slot1_2@pizza05.zeuthen.desy.de
	CondorScratchDir = "/batch/dir_3751120"
	Cpus = 1
	Disk = 1025696
	GPUs = 0
	Memory = 5120
...
006 (16213981.352.000) 2026-02-16 17:42:00 Image size of job updated: 90072
	88  -  MemoryUsage of job (MB)
	90072  -  ResidentSetSize of job (KB)
...
006 (16213981.352.000) 2026-02-16 17:47:01 Image size of job updated: 206340
	202  -  MemoryUsage of job (MB)
	206340  -  ResidentSetSize of job (KB)
...
006 (16213981.352.000) 2026-02-16 17:52:02 Image size of job updated: 206348
	202  -  MemoryUsage of job (MB)
	206348  -  ResidentSetSize of job (KB)
...
006 (16213981.352.000) 2026-02-16 17:57:02 Image size of job updated: 206704
	202  -  MemoryUsage of job (MB)
	206704  -  ResidentSetSize of job (KB)
...
006 (16213981.352.000) 2026-02-16 18:02:03 Image size of job updated: 206708
	202  -  MemoryUsage of job (MB)
	206708  -  ResidentSetSize of job (KB)
...
006 (16213981.352.000) 2026-02-16 18:12:04 Image size of job updated: 206720
	202  -  MemoryUsage of job (MB)
	206720  -  ResidentSetSize of job (KB)
...
005 (16213981.352.000) 2026-02-16 18:18:38 Job terminated.
	(1) Normal termination (return value 0)
		Usr 0 00:36:24, Sys 0 00:00:02  -  Run Remote Usage
		Usr 0 00:00:00, Sys 0 00:00:00  -  Run Local Usage
		Usr 0 00:36:24, Sys 0 00:00:02  -  Total Remote Usage
		Usr 0 00:00:00, Sys 0 00:00:00  -  Total Local Usage
	0  -  Run Bytes Sent By Job
	0  -  Run Bytes Received By Job
	0  -  Total Bytes Sent By Job
	0  -  Total Bytes Received By Job
	Partitionable Resources :    Usage  Request Allocated 
	   Cpus                 :     0.99        1         1 
	   Disk (KB)            :     1     1024000   1025696 
	   GPUs                 :                           0 
	   Memory (MB)          :   202        5120      5120 
	   TimeExecute (s)      :  2212                       
	   TimeSlotBusy (s)     :  2212                       

	Job terminated of its own accord at 2026-02-16T17:18:38Z with exit-code 0.
...
