~~~~~~~~~~~~~~~~~~~~~~~~~~~~~~

n_qubits: 30, 
r: 85, 
alpha: 0.01, 
shots: 10000, 
ansatz: structure_like_qubo_YZ_2, 
layer: 1, 
tau: 0.3

time for simulated annealing:  45.39076113700867
Rank 1: Bitstring=101010010010101000001100011110, Decimal=709526302, Energy=-23.5907
Rank 2: Bitstring=001010110010101000001100010110, Decimal=181043990, Energy=-22.8633
Rank 3: Bitstring=101110010010001010001100011110, Decimal=776512286, Energy=-22.6995
Rank 4: Bitstring=100010011110001000001100111110, Decimal=578323262, Energy=-22.5707
Rank 5: Bitstring=101010011110101000001100011110, Decimal=712672030, Energy=-22.2763
Rank 6: Bitstring=100110011110001010001100111110, Decimal=645440318, Energy=-22.2751
Rank 7: Bitstring=001010111110101000001100001110, Decimal=184189710, Energy=-21.9963
Rank 8: Bitstring=101111010010101001001100011110, Decimal=793416478, Energy=-21.8201
Rank 9: Bitstring=101111010010001011001100011110, Decimal=793293598, Energy=-21.7899
Rank 10: Bitstring=100111011110001011001100111110, Decimal=662221630, Energy=-21.3655

E_min from simulated annealing:  -23.5907
Minimum energy: -23.5907
States with energy within 1e-08 of minimum: [709526302]

warm start fidelity ((np.float64(-21.4861), 181011206), 0.0001)


################## Start optimization with initial parameters: [np.float64(0.21176299905105533), np.float64(0.29066510299409315), np.float64(0.12834734428330646), np.float64(0.34920603238806397), np.float64(0.4475315972176596), np.float64(0.012779747762136372), np.float64(-0.13578226856154715), np.float64(0.19660423873150756), np.float64(0.03605221420531815), np.float64(0.2085942531605906), np.float64(0.05553159216088168), np.float64(0.04678300693747147), np.float64(0.20595204080678095), np.float64(-0.1894201167521178), np.float64(-0.3145482057806323), np.float64(0.2744157809361551), np.float64(-0.4268233855848234), np.float64(-0.17194869179815098), np.float64(-0.5573504515159585), np.float64(0.35843654920155255), np.float64(-0.2562346366664601), np.float64(0.11619861645524629), np.float64(0.44390457077353845), np.float64(0.50856628674798), np.float64(-0.436523028613351), np.float64(0.07235703163998897), np.float64(0.379923603922599), np.float64(0.25548006291112135), np.float64(0.26035339432267873), np.float64(0.19059847254149212), np.float64(-0.23556801589889825), np.float64(-0.23556801589889825), np.float64(-0.19844379084277775), np.float64(-0.19844379084277775), np.float64(0.006869801338604117), np.float64(0.006869801338604117), np.float64(-0.03195837043452617), np.float64(-0.03195837043452617), np.float64(0.09081984901912146), np.float64(0.09081984901912146), np.float64(0.23845082854025454), np.float64(0.23845082854025454), np.float64(-0.17297735565491246), np.float64(-0.17297735565491246), np.float64(0.03707623820483491), np.float64(0.03707623820483491), np.float64(0.0602745920956943), np.float64(0.0602745920956943), np.float64(0.18531241410534993), np.float64(0.18531241410534993), np.float64(0.0709523751296895), np.float64(0.0709523751296895), np.float64(0.1767826810767603), np.float64(0.1767826810767603), np.float64(-0.2724341174343204), np.float64(-0.2724341174343204), np.float64(0.03495167867182274), np.float64(0.03495167867182274), np.float64(0.18270898646269507), np.float64(0.18270898646269507), np.float64(-0.25535585198527566), np.float64(-0.25535585198527566), np.float64(-0.22059438943451334), np.float64(-0.22059438943451334), np.float64(0.102626288601842), np.float64(0.102626288601842), np.float64(0.16510830209728047), np.float64(0.16510830209728047), np.float64(0.21093951526942653), np.float64(0.21093951526942653), np.float64(0.062150615554893526), np.float64(0.062150615554893526), np.float64(0.06143598294479998), np.float64(0.06143598294479998), np.float64(0.21948156470872116), np.float64(0.21948156470872116), np.float64(-0.03644787613672988), np.float64(-0.03644787613672988), np.float64(0.07074444234535054), np.float64(0.07074444234535054), np.float64(-0.21580114083418195), np.float64(-0.21580114083418195), np.float64(0.11054382029488664), np.float64(0.11054382029488664), np.float64(-0.04069549662936165), np.float64(-0.04069549662936165), np.float64(-0.21555585755069867), np.float64(-0.21555585755069867), np.float64(0.06610804702339872), np.float64(0.06610804702339872), np.float64(-0.18108254504403437), np.float64(-0.18108254504403437), np.float64(0.07534533111817238), np.float64(0.07534533111817238), np.float64(-0.02602839409329396), np.float64(-0.02602839409329396), np.float64(0.07320888314985953), np.float64(0.07320888314985953), np.float64(-0.17841435978699985), np.float64(-0.17841435978699985), np.float64(-0.05270294611435151), np.float64(-0.05270294611435151), np.float64(0.18687769933009107), np.float64(0.18687769933009107), np.float64(-0.17196082641317662), np.float64(-0.17196082641317662), np.float64(0.2062489163229921), np.float64(0.2062489163229921), np.float64(-0.12820928253820363), np.float64(-0.12820928253820363), np.float64(0.15225248939364686), np.float64(0.15225248939364686), np.float64(0.15733932488679206), np.float64(0.15733932488679206), np.float64(-0.0643529460838842), np.float64(-0.0643529460838842), np.float64(0.22232919901363754), np.float64(0.22232919901363754), np.float64(0.06905110652182207), np.float64(0.06905110652182207)]
Write sucessfully to ./data/data_shots_10000_layer_1/alpha_0.01/N_30/r_85/ansatz_type_structure_like_qubo_YZ_2/initialization_warm_start_analy

vqe.cvar_eval[0]: -19.194824000000008 , min_cvar: -23.5907 , opt_cvar: -23.5907

vqe.poss_eval[-1]: 0.0088 vqe.poss_eval[0] 0  , max_poss: 0.0302 , opt_poss: 0.0302

vqe.r_eval[-1]: 0.9964817491638654 vqe.r_eval[0]: 0.8136606374545905 max_r: 1.0 , min_r: 0.7654495203618382
