~~~~~~~~~~~~~~~~~~~~~~~~~~~~~~

n_qubits: 30, 
r: 95, 
alpha: 0.01, 
shots: 10000, 
ansatz: structure_like_qubo_YZ_2, 
layer: 1, 
tau: 0.3

time for simulated annealing:  43.4680757522583
Rank 1: Bitstring=000011100001011000101110000010, Decimal=59083650, Energy=-25.123
Rank 2: Bitstring=000011000001011000101110100010, Decimal=50695074, Energy=-25.0734
Rank 3: Bitstring=100011100001011000101100000010, Decimal=595954434, Energy=-24.9284
Rank 4: Bitstring=100011000001011000101101100010, Decimal=587565922, Energy=-24.9064
Rank 5: Bitstring=100011000001011000101100100010, Decimal=587565858, Energy=-24.8788
Rank 6: Bitstring=001011100001111000100110000010, Decimal=193431938, Energy=-24.6702
Rank 7: Bitstring=100011100001001000101100000000, Decimal=595888896, Energy=-24.6684
Rank 8: Bitstring=100001000001010100101101100010, Decimal=553995106, Energy=-24.6548
Rank 9: Bitstring=100011000001001000101101100000, Decimal=587500384, Energy=-24.6464
Rank 10: Bitstring=001011000001111000100110100010, Decimal=185043362, Energy=-24.6206

E_min from simulated annealing:  -25.123
Minimum energy: -25.123
States with energy within 1e-08 of minimum: [59083650]


################## Start optimization with initial parameters: [0. 0. 0. 0. 0. 0. 0. 0. 0. 0. 0. 0. 0. 0. 0. 0. 0. 0. 0. 0. 0. 0. 0. 0.
 0. 0. 0. 0. 0. 0. 0. 0. 0. 0. 0. 0. 0. 0. 0. 0. 0. 0. 0. 0. 0. 0. 0. 0.
 0. 0. 0. 0. 0. 0. 0. 0. 0. 0. 0. 0. 0. 0. 0. 0. 0. 0. 0. 0. 0. 0. 0. 0.
 0. 0. 0. 0. 0. 0. 0. 0. 0. 0. 0. 0. 0. 0. 0. 0. 0. 0. 0. 0. 0. 0. 0. 0.
 0. 0. 0. 0. 0. 0. 0. 0. 0. 0. 0. 0. 0. 0. 0. 0. 0. 0. 0. 0. 0. 0. 0. 0.]
Write sucessfully to ./data/data_shots_10000_layer_1/alpha_0.01/N_30/r_95/ansatz_type_structure_like_qubo_YZ_2/initialization_zeros

vqe.cvar_eval[0]: -13.65420400000001 , min_cvar: -25.123 , opt_cvar: -25.123

vqe.poss_eval[-1]: 0.0116 vqe.poss_eval[0] 0  , max_poss: 0.0282 , opt_poss: 0.0282

vqe.r_eval[-1]: 1.0 vqe.r_eval[0]: 0.5434941686900454 max_r: 1.0 , min_r: 0.49494598575010973
