000 (15756407.102.000) 2026-02-06 11:26:10 Job submitted from host: <141.34.103.35:9618?addrs=141.34.103.35-9618+[2001-638-700-f067--1-23]-9618&alias=wgs39.zeuthen.desy.de&noUDP&sock=schedd_7414_f73f>
...
001 (15756407.102.000) 2026-02-08 15:58:58 Job executing on host: <141.34.15.219:9618?addrs=141.34.15.219-9618+[2001-638-700-f00f--1-db]-9618&alias=pizza27.zeuthen.desy.de&noUDP&sock=startd_9020_8c58>
	SlotName: slot1_8@pizza27.zeuthen.desy.de
	CondorScratchDir = "/batch/dir_1050671"
	Cpus = 8
	Disk = 1025696
	GPUs = 0
	Memory = 16384
...
006 (15756407.102.000) 2026-02-08 15:59:05 Image size of job updated: 104
	0  -  MemoryUsage of job (MB)
	0  -  ResidentSetSize of job (KB)
...
005 (15756407.102.000) 2026-02-08 15:59:05 Job terminated.
	(1) Normal termination (return value 1)
		Usr 0 00:00:02, Sys 0 00:00:00  -  Run Remote Usage
		Usr 0 00:00:00, Sys 0 00:00:00  -  Run Local Usage
		Usr 0 00:00:02, Sys 0 00:00:00  -  Total Remote Usage
		Usr 0 00:00:00, Sys 0 00:00:00  -  Total Local Usage
	0  -  Run Bytes Sent By Job
	0  -  Run Bytes Received By Job
	0  -  Total Bytes Sent By Job
	0  -  Total Bytes Received By Job
	Partitionable Resources :    Usage  Request Allocated 
	   Cpus                 :     0.02        8         8 
	   Disk (KB)            :     1     1024000   1025696 
	   GPUs                 :                           0 
	   Memory (MB)          :     0       16384     16384 
	   TimeExecute (s)      :     7                       
	   TimeSlotBusy (s)     :     7                       

	Job terminated of its own accord at 2026-02-08T14:59:05Z with exit-code 1.
...
000 (15949294.068.000) 2026-02-10 11:45:18 Job submitted from host: <141.34.103.35:9618?addrs=141.34.103.35-9618+[2001-638-700-f067--1-23]-9618&alias=wgs39.zeuthen.desy.de&noUDP&sock=schedd_7302_24a3>
...
009 (15949294.068.000) 2026-02-10 11:45:46 Job was aborted.
	via condor_rm (by user tuccia)
...
000 (15949295.068.000) 2026-02-10 11:46:04 Job submitted from host: <141.34.103.35:9618?addrs=141.34.103.35-9618+[2001-638-700-f067--1-23]-9618&alias=wgs39.zeuthen.desy.de&noUDP&sock=schedd_7302_24a3>
...
001 (15949295.068.000) 2026-02-10 11:47:34 Job executing on host: <141.34.103.51:9618?addrs=141.34.103.51-9618+[2001-638-700-f067--1-33]-9618&alias=wgs41.zeuthen.desy.de&noUDP&sock=startd_7782_6219>
	SlotName: slot1_3@wgs41.zeuthen.desy.de
	CondorScratchDir = "/batch/dir_4140448"
	Cpus = 8
	Disk = 1025025
	GPUs = 0
	Memory = 16384
...
006 (15949295.068.000) 2026-02-10 11:47:41 Image size of job updated: 84
	0  -  MemoryUsage of job (MB)
	0  -  ResidentSetSize of job (KB)
...
005 (15949295.068.000) 2026-02-10 11:47:41 Job terminated.
	(1) Normal termination (return value 1)
		Usr 0 00:00:02, Sys 0 00:00:00  -  Run Remote Usage
		Usr 0 00:00:00, Sys 0 00:00:00  -  Run Local Usage
		Usr 0 00:00:02, Sys 0 00:00:00  -  Total Remote Usage
		Usr 0 00:00:00, Sys 0 00:00:00  -  Total Local Usage
	0  -  Run Bytes Sent By Job
	0  -  Run Bytes Received By Job
	0  -  Total Bytes Sent By Job
	0  -  Total Bytes Received By Job
	Partitionable Resources :    Usage  Request Allocated 
	   Cpus                 :        0        8         8 
	   Disk (KB)            :        1  1024000   1025025 
	   GPUs                 :                           0 
	   Memory (MB)          :        0    16384     16384 
	   TimeExecute (s)      :        7                    
	   TimeSlotBusy (s)     :        7                    

	Job terminated of its own accord at 2026-02-10T10:47:41Z with exit-code 1.
...
000 (16213981.137.000) 2026-02-16 17:41:21 Job submitted from host: <141.34.103.35:9618?addrs=141.34.103.35-9618+[2001-638-700-f067--1-23]-9618&alias=wgs39.zeuthen.desy.de&noUDP&sock=schedd_7302_24a3>
...
001 (16213981.137.000) 2026-02-16 17:41:47 Job executing on host: <141.34.14.37:9618?addrs=141.34.14.37-9618+[2001-638-700-f00e--1-25]-9618&alias=amphion.zeuthen.desy.de&noUDP&sock=startd_8755_c7bf>
	SlotName: slot1_34@amphion.zeuthen.desy.de
	AvailableGPUs = {  }
	CondorScratchDir = "/batch/dir_3501223"
	Cpus = 1
	Disk = 1025682
	GPUs = 0
	Memory = 5120
...
006 (16213981.137.000) 2026-02-16 17:42:01 Image size of job updated: 89936
	88  -  MemoryUsage of job (MB)
	89936  -  ResidentSetSize of job (KB)
...
006 (16213981.137.000) 2026-02-16 17:47:02 Image size of job updated: 216964
	212  -  MemoryUsage of job (MB)
	216964  -  ResidentSetSize of job (KB)
...
006 (16213981.137.000) 2026-02-16 17:52:02 Image size of job updated: 216976
	212  -  MemoryUsage of job (MB)
	216976  -  ResidentSetSize of job (KB)
...
006 (16213981.137.000) 2026-02-16 17:57:02 Image size of job updated: 217092
	213  -  MemoryUsage of job (MB)
	217092  -  ResidentSetSize of job (KB)
...
006 (16213981.137.000) 2026-02-16 18:02:03 Image size of job updated: 217192
	213  -  MemoryUsage of job (MB)
	217192  -  ResidentSetSize of job (KB)
...
006 (16213981.137.000) 2026-02-16 18:07:03 Image size of job updated: 217348
	213  -  MemoryUsage of job (MB)
	217348  -  ResidentSetSize of job (KB)
...
006 (16213981.137.000) 2026-02-16 18:12:03 Image size of job updated: 217504
	213  -  MemoryUsage of job (MB)
	217504  -  ResidentSetSize of job (KB)
...
006 (16213981.137.000) 2026-02-16 18:27:04 Image size of job updated: 217560
	213  -  MemoryUsage of job (MB)
	217560  -  ResidentSetSize of job (KB)
...
006 (16213981.137.000) 2026-02-16 18:32:05 Image size of job updated: 217660
	213  -  MemoryUsage of job (MB)
	217660  -  ResidentSetSize of job (KB)
...
006 (16213981.137.000) 2026-02-16 19:47:10 Image size of job updated: 217872
	213  -  MemoryUsage of job (MB)
	217872  -  ResidentSetSize of job (KB)
...
006 (16213981.137.000) 2026-02-16 22:42:27 Image size of job updated: 217908
	213  -  MemoryUsage of job (MB)
	217908  -  ResidentSetSize of job (KB)
...
006 (16213981.137.000) 2026-02-16 22:57:28 Image size of job updated: 218076
	213  -  MemoryUsage of job (MB)
	218076  -  ResidentSetSize of job (KB)
...
005 (16213981.137.000) 2026-02-17 00:49:41 Job terminated.
	(1) Normal termination (return value 0)
		Usr 0 07:02:46, Sys 0 00:00:07  -  Run Remote Usage
		Usr 0 00:00:00, Sys 0 00:00:00  -  Run Local Usage
		Usr 0 07:02:46, Sys 0 00:00:07  -  Total Remote Usage
		Usr 0 00:00:00, Sys 0 00:00:00  -  Total Local Usage
	0  -  Run Bytes Sent By Job
	0  -  Run Bytes Received By Job
	0  -  Total Bytes Sent By Job
	0  -  Total Bytes Received By Job
	Partitionable Resources :    Usage  Request Allocated 
	   Cpus                 :     0.99        1         1 
	   Disk (KB)            :     1     1024000   1025682 
	   GPUs                 :                           0 
	   Memory (MB)          :   213        5120      5120 
	   TimeExecute (s)      : 25674                       
	   TimeSlotBusy (s)     : 25674                       

	Job terminated of its own accord at 2026-02-16T23:49:41Z with exit-code 0.
...
