000 (15756408.283.000) 2026-02-06 11:26:57 Job submitted from host: <141.34.103.35:9618?addrs=141.34.103.35-9618+[2001-638-700-f067--1-23]-9618&alias=wgs39.zeuthen.desy.de&noUDP&sock=schedd_7414_f73f>
...
001 (15756408.283.000) 2026-02-10 11:43:53 Job executing on host: <141.34.15.201:9618?addrs=141.34.15.201-9618+[2001-638-700-f00f--1-c9]-9618&alias=pizza03.zeuthen.desy.de&noUDP&sock=startd_9148_5877>
	SlotName: slot1_6@pizza03.zeuthen.desy.de
	CondorScratchDir = "/batch/dir_2650725"
	Cpus = 8
	Disk = 1025696
	GPUs = 0
	Memory = 16384
...
006 (15756408.283.000) 2026-02-10 11:44:00 Image size of job updated: 148
	0  -  MemoryUsage of job (MB)
	0  -  ResidentSetSize of job (KB)
...
005 (15756408.283.000) 2026-02-10 11:44:00 Job terminated.
	(1) Normal termination (return value 1)
		Usr 0 00:00:02, Sys 0 00:00:00  -  Run Remote Usage
		Usr 0 00:00:00, Sys 0 00:00:00  -  Run Local Usage
		Usr 0 00:00:02, Sys 0 00:00:00  -  Total Remote Usage
		Usr 0 00:00:00, Sys 0 00:00:00  -  Total Local Usage
	0  -  Run Bytes Sent By Job
	0  -  Run Bytes Received By Job
	0  -  Total Bytes Sent By Job
	0  -  Total Bytes Received By Job
	Partitionable Resources :    Usage  Request Allocated 
	   Cpus                 :        0        8         8 
	   Disk (KB)            :        1  1024000   1025696 
	   GPUs                 :                           0 
	   Memory (MB)          :        0    16384     16384 
	   TimeExecute (s)      :        7                    
	   TimeSlotBusy (s)     :        7                    

	Job terminated of its own accord at 2026-02-10T10:44:00Z with exit-code 1.
...
000 (15951004.189.000) 2026-02-10 16:30:02 Job submitted from host: <141.34.103.35:9618?addrs=141.34.103.35-9618+[2001-638-700-f067--1-23]-9618&alias=wgs39.zeuthen.desy.de&noUDP&sock=schedd_7302_24a3>
...
001 (15951004.189.000) 2026-02-10 18:12:10 Job executing on host: <141.34.15.52:9618?addrs=141.34.15.52-9618+[2001-638-700-f00f--1-34]-9618&alias=pizza23.zeuthen.desy.de&noUDP&sock=startd_8270_1c50>
	SlotName: slot1_16@pizza23.zeuthen.desy.de
	CondorScratchDir = "/batch/dir_1320201"
	Cpus = 1
	Disk = 1025696
	GPUs = 0
	Memory = 5120
...
006 (15951004.189.000) 2026-02-10 18:12:17 Image size of job updated: 84
	0  -  MemoryUsage of job (MB)
	0  -  ResidentSetSize of job (KB)
...
005 (15951004.189.000) 2026-02-10 18:12:17 Job terminated.
	(1) Normal termination (return value 1)
		Usr 0 00:00:01, Sys 0 00:00:00  -  Run Remote Usage
		Usr 0 00:00:00, Sys 0 00:00:00  -  Run Local Usage
		Usr 0 00:00:01, Sys 0 00:00:00  -  Total Remote Usage
		Usr 0 00:00:00, Sys 0 00:00:00  -  Total Local Usage
	0  -  Run Bytes Sent By Job
	0  -  Run Bytes Received By Job
	0  -  Total Bytes Sent By Job
	0  -  Total Bytes Received By Job
	Partitionable Resources :    Usage  Request Allocated 
	   Cpus                 :        0        1         1 
	   Disk (KB)            :        1  1024000   1025696 
	   GPUs                 :                           0 
	   Memory (MB)          :        0     5120      5120 
	   TimeExecute (s)      :        7                    
	   TimeSlotBusy (s)     :        7                    

	Job terminated of its own accord at 2026-02-10T17:12:17Z with exit-code 1.
...
000 (15988842.189.000) 2026-02-11 11:12:46 Job submitted from host: <141.34.103.35:9618?addrs=141.34.103.35-9618+[2001-638-700-f067--1-23]-9618&alias=wgs39.zeuthen.desy.de&noUDP&sock=schedd_7302_24a3>
...
001 (15988842.189.000) 2026-02-11 11:33:06 Job executing on host: <141.34.15.85:9618?addrs=141.34.15.85-9618+[2001-638-700-f00f--1-55]-9618&alias=genoa09.zeuthen.desy.de&noUDP&sock=startd_9390_5663>
	SlotName: slot1_20@genoa09.zeuthen.desy.de
	CondorScratchDir = "/batch/dir_1340323"
	Cpus = 1
	Disk = 1025681
	GPUs = 0
	Memory = 5120
...
006 (15988842.189.000) 2026-02-11 11:33:13 Image size of job updated: 88
	0  -  MemoryUsage of job (MB)
	0  -  ResidentSetSize of job (KB)
...
005 (15988842.189.000) 2026-02-11 11:33:13 Job terminated.
	(1) Normal termination (return value 1)
		Usr 0 00:00:01, Sys 0 00:00:00  -  Run Remote Usage
		Usr 0 00:00:00, Sys 0 00:00:00  -  Run Local Usage
		Usr 0 00:00:01, Sys 0 00:00:00  -  Total Remote Usage
		Usr 0 00:00:00, Sys 0 00:00:00  -  Total Local Usage
	0  -  Run Bytes Sent By Job
	0  -  Run Bytes Received By Job
	0  -  Total Bytes Sent By Job
	0  -  Total Bytes Received By Job
	Partitionable Resources :    Usage  Request Allocated 
	   Cpus                 :        0        1         1 
	   Disk (KB)            :        1  1024000   1025681 
	   GPUs                 :                           0 
	   Memory (MB)          :        0     5120      5120 
	   TimeExecute (s)      :        7                    
	   TimeSlotBusy (s)     :        7                    

	Job terminated of its own accord at 2026-02-11T10:33:13Z with exit-code 1.
...
000 (16214011.189.000) 2026-02-16 17:42:10 Job submitted from host: <141.34.103.35:9618?addrs=141.34.103.35-9618+[2001-638-700-f067--1-23]-9618&alias=wgs39.zeuthen.desy.de&noUDP&sock=schedd_7302_24a3>
...
001 (16214011.189.000) 2026-02-16 17:42:28 Job executing on host: <141.34.15.86:9618?addrs=141.34.15.86-9618+[2001-638-700-f00f--1-56]-9618&alias=genoa10.zeuthen.desy.de&noUDP&sock=startd_10124_cce6>
	SlotName: slot1_40@genoa10.zeuthen.desy.de
	CondorScratchDir = "/batch/dir_2245762"
	Cpus = 1
	Disk = 1025681
	GPUs = 0
	Memory = 5120
...
006 (16214011.189.000) 2026-02-16 17:42:41 Image size of job updated: 87980
	86  -  MemoryUsage of job (MB)
	87980  -  ResidentSetSize of job (KB)
...
006 (16214011.189.000) 2026-02-16 17:47:41 Image size of job updated: 256688
	251  -  MemoryUsage of job (MB)
	256688  -  ResidentSetSize of job (KB)
...
006 (16214011.189.000) 2026-02-16 17:52:42 Image size of job updated: 274872
	269  -  MemoryUsage of job (MB)
	274872  -  ResidentSetSize of job (KB)
...
006 (16214011.189.000) 2026-02-16 17:57:42 Image size of job updated: 276400
	270  -  MemoryUsage of job (MB)
	276400  -  ResidentSetSize of job (KB)
...
006 (16214011.189.000) 2026-02-16 18:02:42 Image size of job updated: 276844
	271  -  MemoryUsage of job (MB)
	276844  -  ResidentSetSize of job (KB)
...
006 (16214011.189.000) 2026-02-16 18:07:43 Image size of job updated: 290932
	271  -  MemoryUsage of job (MB)
	277420  -  ResidentSetSize of job (KB)
...
006 (16214011.189.000) 2026-02-16 18:12:43 Image size of job updated: 290932
	272  -  MemoryUsage of job (MB)
	277592  -  ResidentSetSize of job (KB)
...
006 (16214011.189.000) 2026-02-16 18:22:44 Image size of job updated: 292440
	272  -  MemoryUsage of job (MB)
	278028  -  ResidentSetSize of job (KB)
...
006 (16214011.189.000) 2026-02-16 18:27:44 Image size of job updated: 292440
	273  -  MemoryUsage of job (MB)
	278840  -  ResidentSetSize of job (KB)
...
006 (16214011.189.000) 2026-02-16 18:32:45 Image size of job updated: 292440
	273  -  MemoryUsage of job (MB)
	279260  -  ResidentSetSize of job (KB)
...
006 (16214011.189.000) 2026-02-16 18:37:46 Image size of job updated: 292440
	274  -  MemoryUsage of job (MB)
	279788  -  ResidentSetSize of job (KB)
...
006 (16214011.189.000) 2026-02-16 18:42:46 Image size of job updated: 292440
	274  -  MemoryUsage of job (MB)
	279960  -  ResidentSetSize of job (KB)
...
006 (16214011.189.000) 2026-02-16 18:47:47 Image size of job updated: 292440
	274  -  MemoryUsage of job (MB)
	280064  -  ResidentSetSize of job (KB)
...
006 (16214011.189.000) 2026-02-16 18:57:48 Image size of job updated: 292440
	275  -  MemoryUsage of job (MB)
	280620  -  ResidentSetSize of job (KB)
...
006 (16214011.189.000) 2026-02-16 19:02:49 Image size of job updated: 292440
	275  -  MemoryUsage of job (MB)
	281096  -  ResidentSetSize of job (KB)
...
006 (16214011.189.000) 2026-02-16 19:07:50 Image size of job updated: 292440
	275  -  MemoryUsage of job (MB)
	281476  -  ResidentSetSize of job (KB)
...
006 (16214011.189.000) 2026-02-16 19:12:50 Image size of job updated: 292440
	276  -  MemoryUsage of job (MB)
	281992  -  ResidentSetSize of job (KB)
...
006 (16214011.189.000) 2026-02-16 19:17:51 Image size of job updated: 292440
	276  -  MemoryUsage of job (MB)
	282588  -  ResidentSetSize of job (KB)
...
006 (16214011.189.000) 2026-02-16 19:22:52 Image size of job updated: 292440
	277  -  MemoryUsage of job (MB)
	283052  -  ResidentSetSize of job (KB)
...
006 (16214011.189.000) 2026-02-16 19:27:52 Image size of job updated: 292440
	277  -  MemoryUsage of job (MB)
	283264  -  ResidentSetSize of job (KB)
...
006 (16214011.189.000) 2026-02-16 19:32:53 Image size of job updated: 292440
	278  -  MemoryUsage of job (MB)
	283860  -  ResidentSetSize of job (KB)
...
006 (16214011.189.000) 2026-02-16 19:42:54 Image size of job updated: 292440
	278  -  MemoryUsage of job (MB)
	284272  -  ResidentSetSize of job (KB)
...
006 (16214011.189.000) 2026-02-16 19:47:55 Image size of job updated: 292440
	278  -  MemoryUsage of job (MB)
	284632  -  ResidentSetSize of job (KB)
...
006 (16214011.189.000) 2026-02-16 19:52:56 Image size of job updated: 292440
	279  -  MemoryUsage of job (MB)
	284892  -  ResidentSetSize of job (KB)
...
006 (16214011.189.000) 2026-02-16 19:57:56 Image size of job updated: 292440
	279  -  MemoryUsage of job (MB)
	284916  -  ResidentSetSize of job (KB)
...
006 (16214011.189.000) 2026-02-16 20:58:00 Image size of job updated: 292440
	279  -  MemoryUsage of job (MB)
	285104  -  ResidentSetSize of job (KB)
...
