000 (15756407.292.000) 2026-02-06 11:26:10 Job submitted from host: <141.34.103.35:9618?addrs=141.34.103.35-9618+[2001-638-700-f067--1-23]-9618&alias=wgs39.zeuthen.desy.de&noUDP&sock=schedd_7414_f73f>
...
001 (15756407.292.000) 2026-02-08 16:17:28 Job executing on host: <141.34.15.43:9618?addrs=141.34.15.43-9618+[2001-638-700-f00f--1-2b]-9618&alias=pizza14.zeuthen.desy.de&noUDP&sock=startd_8340_1ff1>
	SlotName: slot1_5@pizza14.zeuthen.desy.de
	CondorScratchDir = "/batch/dir_30784"
	Cpus = 8
	Disk = 1025696
	GPUs = 0
	Memory = 16384
...
006 (15756407.292.000) 2026-02-08 16:17:35 Image size of job updated: 96
	0  -  MemoryUsage of job (MB)
	0  -  ResidentSetSize of job (KB)
...
005 (15756407.292.000) 2026-02-08 16:17:35 Job terminated.
	(1) Normal termination (return value 1)
		Usr 0 00:00:02, Sys 0 00:00:00  -  Run Remote Usage
		Usr 0 00:00:00, Sys 0 00:00:00  -  Run Local Usage
		Usr 0 00:00:02, Sys 0 00:00:00  -  Total Remote Usage
		Usr 0 00:00:00, Sys 0 00:00:00  -  Total Local Usage
	0  -  Run Bytes Sent By Job
	0  -  Run Bytes Received By Job
	0  -  Total Bytes Sent By Job
	0  -  Total Bytes Received By Job
	Partitionable Resources :    Usage  Request Allocated 
	   Cpus                 :        0        8         8 
	   Disk (KB)            :        1  1024000   1025696 
	   GPUs                 :                           0 
	   Memory (MB)          :        0    16384     16384 
	   TimeExecute (s)      :        7                    
	   TimeSlotBusy (s)     :        7                    

	Job terminated of its own accord at 2026-02-08T15:17:35Z with exit-code 1.
...
000 (15949294.195.000) 2026-02-10 11:45:19 Job submitted from host: <141.34.103.35:9618?addrs=141.34.103.35-9618+[2001-638-700-f067--1-23]-9618&alias=wgs39.zeuthen.desy.de&noUDP&sock=schedd_7302_24a3>
...
009 (15949294.195.000) 2026-02-10 11:45:46 Job was aborted.
	via condor_rm (by user tuccia)
...
000 (15949295.195.000) 2026-02-10 11:46:04 Job submitted from host: <141.34.103.35:9618?addrs=141.34.103.35-9618+[2001-638-700-f067--1-23]-9618&alias=wgs39.zeuthen.desy.de&noUDP&sock=schedd_7302_24a3>
...
001 (15949295.195.000) 2026-02-10 11:48:06 Job executing on host: <141.34.15.223:9618?addrs=141.34.15.223-9618+[2001-638-700-f00f--1-df]-9618&alias=pizza31.zeuthen.desy.de&noUDP&sock=startd_8333_52c8>
	SlotName: slot1_5@pizza31.zeuthen.desy.de
	CondorScratchDir = "/batch/dir_4119300"
	Cpus = 8
	Disk = 1025696
	GPUs = 0
	Memory = 16384
...
006 (15949295.195.000) 2026-02-10 11:48:13 Image size of job updated: 196
	0  -  MemoryUsage of job (MB)
	0  -  ResidentSetSize of job (KB)
...
005 (15949295.195.000) 2026-02-10 11:48:13 Job terminated.
	(1) Normal termination (return value 1)
		Usr 0 00:00:02, Sys 0 00:00:00  -  Run Remote Usage
		Usr 0 00:00:00, Sys 0 00:00:00  -  Run Local Usage
		Usr 0 00:00:02, Sys 0 00:00:00  -  Total Remote Usage
		Usr 0 00:00:00, Sys 0 00:00:00  -  Total Local Usage
	0  -  Run Bytes Sent By Job
	0  -  Run Bytes Received By Job
	0  -  Total Bytes Sent By Job
	0  -  Total Bytes Received By Job
	Partitionable Resources :    Usage  Request Allocated 
	   Cpus                 :        0        8         8 
	   Disk (KB)            :        1  1024000   1025696 
	   GPUs                 :                           0 
	   Memory (MB)          :        0    16384     16384 
	   TimeExecute (s)      :        7                    
	   TimeSlotBusy (s)     :        7                    

	Job terminated of its own accord at 2026-02-10T10:48:13Z with exit-code 1.
...
000 (16213981.391.000) 2026-02-16 17:41:24 Job submitted from host: <141.34.103.35:9618?addrs=141.34.103.35-9618+[2001-638-700-f067--1-23]-9618&alias=wgs39.zeuthen.desy.de&noUDP&sock=schedd_7302_24a3>
...
001 (16213981.391.000) 2026-02-16 17:42:06 Job executing on host: <141.34.15.75:9618?addrs=141.34.15.75-9618+[2001-638-700-f00f--1-4b]-9618&alias=bladek2.zeuthen.desy.de&noUDP&sock=startd_10248_daa5>
	SlotName: slot1_10@bladek2.zeuthen.desy.de
	CondorScratchDir = "/batch/dir_726194"
	Cpus = 1
	Disk = 1025024
	GPUs = 0
	Memory = 5120
...
006 (16213981.391.000) 2026-02-16 17:42:19 Image size of job updated: 87872
	86  -  MemoryUsage of job (MB)
	87872  -  ResidentSetSize of job (KB)
...
006 (16213981.391.000) 2026-02-16 17:47:19 Image size of job updated: 255784
	243  -  MemoryUsage of job (MB)
	248732  -  ResidentSetSize of job (KB)
...
006 (16213981.391.000) 2026-02-16 17:52:19 Image size of job updated: 255784
	245  -  MemoryUsage of job (MB)
	250148  -  ResidentSetSize of job (KB)
...
006 (16213981.391.000) 2026-02-16 17:57:20 Image size of job updated: 255784
	246  -  MemoryUsage of job (MB)
	251876  -  ResidentSetSize of job (KB)
...
006 (16213981.391.000) 2026-02-16 18:02:20 Image size of job updated: 255784
	246  -  MemoryUsage of job (MB)
	251884  -  ResidentSetSize of job (KB)
...
006 (16213981.391.000) 2026-02-16 18:07:20 Image size of job updated: 255784
	246  -  MemoryUsage of job (MB)
	251888  -  ResidentSetSize of job (KB)
...
006 (16213981.391.000) 2026-02-16 18:12:21 Image size of job updated: 255784
	248  -  MemoryUsage of job (MB)
	253744  -  ResidentSetSize of job (KB)
...
006 (16213981.391.000) 2026-02-16 18:17:21 Image size of job updated: 255784
	248  -  MemoryUsage of job (MB)
	253800  -  ResidentSetSize of job (KB)
...
006 (16213981.391.000) 2026-02-16 18:22:21 Image size of job updated: 255784
	248  -  MemoryUsage of job (MB)
	253820  -  ResidentSetSize of job (KB)
...
006 (16213981.391.000) 2026-02-16 18:32:22 Image size of job updated: 255784
	250  -  MemoryUsage of job (MB)
	255012  -  ResidentSetSize of job (KB)
...
006 (16213981.391.000) 2026-02-16 18:37:22 Image size of job updated: 255784
	250  -  MemoryUsage of job (MB)
	255016  -  ResidentSetSize of job (KB)
...
006 (16213981.391.000) 2026-02-16 18:42:23 Image size of job updated: 256440
	251  -  MemoryUsage of job (MB)
	256440  -  ResidentSetSize of job (KB)
...
006 (16213981.391.000) 2026-02-16 18:47:23 Image size of job updated: 258024
	252  -  MemoryUsage of job (MB)
	258024  -  ResidentSetSize of job (KB)
...
006 (16213981.391.000) 2026-02-16 18:57:24 Image size of job updated: 258112
	253  -  MemoryUsage of job (MB)
	258112  -  ResidentSetSize of job (KB)
...
006 (16213981.391.000) 2026-02-16 19:32:28 Image size of job updated: 259144
	254  -  MemoryUsage of job (MB)
	259144  -  ResidentSetSize of job (KB)
...
006 (16213981.391.000) 2026-02-16 19:42:29 Image size of job updated: 259220
	254  -  MemoryUsage of job (MB)
	259220  -  ResidentSetSize of job (KB)
...
006 (16213981.391.000) 2026-02-17 02:18:09 Image size of job updated: 259540
	254  -  MemoryUsage of job (MB)
	259540  -  ResidentSetSize of job (KB)
...
006 (16213981.391.000) 2026-02-17 02:23:10 Image size of job updated: 259804
	254  -  MemoryUsage of job (MB)
	259804  -  ResidentSetSize of job (KB)
...
006 (16213981.391.000) 2026-02-17 06:53:37 Image size of job updated: 260108
	255  -  MemoryUsage of job (MB)
	260108  -  ResidentSetSize of job (KB)
...
006 (16213981.391.000) 2026-02-17 09:43:54 Image size of job updated: 260644
	255  -  MemoryUsage of job (MB)
	260644  -  ResidentSetSize of job (KB)
...
