~~~~~~~~~~~~~~~~~~~~~~~~~~~~~~

n_qubits: 30, 
r: 42, 
alpha: 0.01, 
shots: 10000, 
ansatz: structure_like_qubo_YZ_2, 
layer: 1, 
tau: 0.3

time for simulated annealing:  36.40911602973938
Rank 1: Bitstring=101100001100010100001010100100, Decimal=741425828, Energy=-26.4071
Rank 2: Bitstring=101100101100010100101010100100, Decimal=749816484, Energy=-26.3047
Rank 3: Bitstring=101100001110000100001010100100, Decimal=741884580, Energy=-25.5245
Rank 4: Bitstring=101100001100010100011010001100, Decimal=741426828, Energy=-25.4375
Rank 5: Bitstring=101100101110000100101010100100, Decimal=750275236, Energy=-25.4221
Rank 6: Bitstring=101110001100010100001010100000, Decimal=774980256, Energy=-24.4729
Rank 7: Bitstring=101110101100010100101010100000, Decimal=783370912, Energy=-24.3705
Rank 8: Bitstring=101110001110000101001010100000, Decimal=775443104, Energy=-24.3453
Rank 9: Bitstring=101110101110000101101010100000, Decimal=783833760, Energy=-24.2429
Rank 10: Bitstring=100100001100110100001110100110, Decimal=607339430, Energy=-21.1035

E_min from simulated annealing:  -26.4071
Minimum energy: -26.4071
States with energy within 1e-08 of minimum: [741425828]

warm start fidelity ((np.float64(-26.4071), 741425828), 0.0001)


################## Start optimization with initial parameters: [np.float64(-0.22617108672226618), np.float64(-0.3676911442287622), np.float64(-0.3587737818953706), np.float64(-0.11011768914071772), np.float64(-0.12489521108316008), np.float64(-0.07582748893244899), np.float64(-0.03551258158509748), np.float64(0.24373531135734983), np.float64(0.4130725245288607), np.float64(0.4401627164461069), np.float64(-0.1984283295948278), np.float64(-0.34000106916847217), np.float64(-0.4448796114268596), np.float64(-0.18670861322916774), np.float64(0.5043152109682137), np.float64(0.26388856989468074), np.float64(0.10194371680121982), np.float64(-0.3707687791535145), np.float64(-0.10450981847253067), np.float64(0.32968739124256685), np.float64(0.40724024612477594), np.float64(0.2764943652127234), np.float64(-0.5530669389836745), np.float64(-0.1811044590449662), np.float64(-0.546158904383282), np.float64(-0.025197246818528626), np.float64(0.3392655953964287), np.float64(-0.21920723697150035), np.float64(-0.516359633585739), np.float64(0.5552611267122856), np.float64(0.23004593873400575), np.float64(0.23004593873400575), np.float64(0.08085768530170671), np.float64(0.08085768530170671), np.float64(-0.15104978279287304), np.float64(-0.15104978279287304), np.float64(-0.029023848388484312), np.float64(-0.029023848388484312), np.float64(0.22181445283040696), np.float64(0.22181445283040696), np.float64(-0.0012000126528864407), np.float64(-0.0012000126528864407), np.float64(0.045029536359251034), np.float64(0.045029536359251034), np.float64(-0.2770392359077623), np.float64(-0.2770392359077623), np.float64(0.0022499901268096326), np.float64(0.0022499901268096326), np.float64(0.21099427805162752), np.float64(0.21099427805162752), np.float64(0.12297817992787524), np.float64(0.12297817992787524), np.float64(-0.24052744562009173), np.float64(-0.24052744562009173), np.float64(-0.14694824080921728), np.float64(-0.14694824080921728), np.float64(-0.12655421553497484), np.float64(-0.12655421553497484), np.float64(-0.2817957756894985), np.float64(-0.2817957756894985), np.float64(0.03162909304573933), np.float64(0.03162909304573933), np.float64(0.15019028713420615), np.float64(0.15019028713420615), np.float64(0.056460559416287776), np.float64(0.056460559416287776), np.float64(0.24662468864247464), np.float64(0.24662468864247464), np.float64(0.09756885645933173), np.float64(0.09756885645933173), np.float64(-0.04168206877052395), np.float64(-0.04168206877052395), np.float64(-0.15422637287868377), np.float64(-0.15422637287868377), np.float64(-0.0616146222207803), np.float64(-0.0616146222207803), np.float64(-0.10053988018687687), np.float64(-0.10053988018687687), np.float64(-0.011579010517294226), np.float64(-0.011579010517294226), np.float64(-0.24957955054185707), np.float64(-0.24957955054185707), np.float64(0.1133814394735864), np.float64(0.1133814394735864), np.float64(0.22300596630275468), np.float64(0.22300596630275468), np.float64(0.24694177660864622), np.float64(0.24694177660864622), np.float64(-0.1374446306317214), np.float64(-0.1374446306317214), np.float64(0.18427725341619802), np.float64(0.18427725341619802), np.float64(0.06824872600295154), np.float64(0.06824872600295154), np.float64(-0.12707707587466932), np.float64(-0.12707707587466932), np.float64(-0.12251237114320321), np.float64(-0.12251237114320321), np.float64(0.24902621711550627), np.float64(0.24902621711550627), np.float64(0.20167691975667126), np.float64(0.20167691975667126), np.float64(-0.26811276453601457), np.float64(-0.26811276453601457), np.float64(0.2052039056286955), np.float64(0.2052039056286955), np.float64(-0.18290507992887478), np.float64(-0.18290507992887478), np.float64(-0.08624217714612245), np.float64(-0.08624217714612245), np.float64(-0.040844930515432476), np.float64(-0.040844930515432476), np.float64(-0.2833159810869398), np.float64(-0.2833159810869398), np.float64(0.15388323205596904), np.float64(0.15388323205596904), np.float64(0.1832692257038633), np.float64(0.1832692257038633), np.float64(0.14027243713476276), np.float64(0.14027243713476276)]
Write sucessfully to ./data/data_shots_10000_layer_1/alpha_0.01/N_30/r_42/ansatz_type_structure_like_qubo_YZ_2/initialization_warm_start_analy

vqe.cvar_eval[0]: -22.550306000000013 , min_cvar: -26.4071 , opt_cvar: -26.4071

vqe.poss_eval[-1]: 0.0119 vqe.poss_eval[0] 0  , max_poss: 0.0496 , opt_poss: 0.0496

vqe.r_eval[-1]: 1.0 vqe.r_eval[0]: 0.8539485971575831 max_r: 1.0 , min_r: 0.8173829008107675
