~~~~~~~~~~~~~~~~~~~~~~~~~~~~~~

n_qubits: 30, 
r: 4, 
alpha: 0.01, 
shots: 10000, 
ansatz: structure_like_qubo_YZ_2, 
layer: 1, 
tau: 0.3

time for simulated annealing:  38.04628300666809
Rank 1: Bitstring=000000110111101010001100110100, Decimal=14590772, Energy=-25.7857
Rank 2: Bitstring=000000110101101010001100110100, Decimal=14066484, Energy=-25.7377
Rank 3: Bitstring=000000010110101000001111111100, Decimal=5932028, Energy=-25.6619
Rank 4: Bitstring=000000010100101000001111111100, Decimal=5407740, Energy=-25.6139
Rank 5: Bitstring=100100000110101101010111101010, Decimal=605738474, Energy=-25.5627
Rank 6: Bitstring=100000000110101101010111101000, Decimal=538629608, Energy=-25.3511
Rank 7: Bitstring=000000010110101010001111110100, Decimal=5940212, Energy=-25.0461
Rank 8: Bitstring=000000010100101010001111110100, Decimal=5415924, Energy=-24.9981
Rank 9: Bitstring=000100010110101000011111101110, Decimal=73041902, Energy=-24.8741
Rank 10: Bitstring=000000110111101010011100100100, Decimal=14591780, Energy=-24.7863

E_min from simulated annealing:  -25.7857
Minimum energy: -25.7857
States with energy within 1e-08 of minimum: [14590772]

warm start fidelity ((np.float64(-25.6139), 5407740), 0.0001)


################## Start optimization with initial parameters: [np.float64(0.2004278287400458), np.float64(-0.5199050071953947), np.float64(0.18635486816592167), np.float64(-0.34231926319252826), np.float64(-0.038690474023057156), np.float64(0.47477066245457156), np.float64(0.5245344554469581), np.float64(0.15021369995600753), np.float64(0.48100371348619514), np.float64(0.38426608215478847), np.float64(-0.1420810736862344), np.float64(-0.31089443663739613), np.float64(0.011159764920392603), np.float64(-0.29365300193671384), np.float64(-0.5313761781638962), np.float64(-0.08162953502775808), np.float64(0.1367927818483882), np.float64(0.21950010075352963), np.float64(-0.15282340086073373), np.float64(0.1231088568859815), np.float64(0.491452697548567), np.float64(0.5508697077596935), np.float64(0.43494563624683125), np.float64(-0.1744903023578143), np.float64(-0.5001122104982462), np.float64(-0.5366448889895433), np.float64(0.08993891000398722), np.float64(-0.48174817775185347), np.float64(-0.5498467889059379), np.float64(-0.1553729733464707), np.float64(-0.21604631678405656), np.float64(-0.21604631678405656), np.float64(-0.014547980350062904), np.float64(-0.014547980350062904), np.float64(0.18961205817225887), np.float64(0.18961205817225887), np.float64(0.02806535253288691), np.float64(0.02806535253288691), np.float64(0.1937304304575798), np.float64(0.1937304304575798), np.float64(0.2813898844444985), np.float64(0.2813898844444985), np.float64(0.25843872475781005), np.float64(0.25843872475781005), np.float64(0.14456305420981524), np.float64(0.14456305420981524), np.float64(-0.02494972360509092), np.float64(-0.02494972360509092), np.float64(-0.0935923421100008), np.float64(-0.0935923421100008), np.float64(-0.04416300508591914), np.float64(-0.04416300508591914), np.float64(0.19359151385820705), np.float64(0.19359151385820705), np.float64(-0.24696826430446192), np.float64(-0.24696826430446192), np.float64(-0.07662046441302127), np.float64(-0.07662046441302127), np.float64(0.18212024945506064), np.float64(0.18212024945506064), np.float64(0.23315932088659644), np.float64(0.23315932088659644), np.float64(0.25029038535709347), np.float64(0.25029038535709347), np.float64(-0.024230668744357524), np.float64(-0.024230668744357524), np.float64(0.2557483083468105), np.float64(0.2557483083468105), np.float64(-0.10444679612003988), np.float64(-0.10444679612003988), np.float64(0.07593843401168476), np.float64(0.07593843401168476), np.float64(0.10312557626216433), np.float64(0.10312557626216433), np.float64(-0.15531236356722566), np.float64(-0.15531236356722566), np.float64(0.03629830757137688), np.float64(0.03629830757137688), np.float64(-0.1276578194248088), np.float64(-0.1276578194248088), np.float64(-0.03994780958928982), np.float64(-0.03994780958928982), np.float64(-0.2812884143800968), np.float64(-0.2812884143800968), np.float64(-0.12762871135638718), np.float64(-0.12762871135638718), np.float64(-0.23181857570102424), np.float64(-0.23181857570102424), np.float64(-0.26485703277436223), np.float64(-0.26485703277436223), np.float64(0.20633141392125162), np.float64(0.20633141392125162), np.float64(0.2446407910071794), np.float64(0.2446407910071794), np.float64(0.2559051640973113), np.float64(0.2559051640973113), np.float64(0.24323637436650752), np.float64(0.24323637436650752), np.float64(0.21214318079188088), np.float64(0.21214318079188088), np.float64(0.1346992833778743), np.float64(0.1346992833778743), np.float64(0.1715370029604294), np.float64(0.1715370029604294), np.float64(0.21687148613611346), np.float64(0.21687148613611346), np.float64(0.21359146814618143), np.float64(0.21359146814618143), np.float64(-0.24546134016706844), np.float64(-0.24546134016706844), np.float64(0.17847051072503128), np.float64(0.17847051072503128), np.float64(-0.052344872062185716), np.float64(-0.052344872062185716), np.float64(0.06911052549882998), np.float64(0.06911052549882998), np.float64(0.1135276540912043), np.float64(0.1135276540912043), np.float64(0.15130770782334482), np.float64(0.15130770782334482)]
Write sucessfully to ./data/data_shots_10000_layer_1/alpha_0.01/N_30/r_4/ansatz_type_structure_like_qubo_YZ_2/initialization_warm_start_analy

vqe.cvar_eval[0]: -23.072492000000004 , min_cvar: -25.666852000000002 , opt_cvar: -25.666852000000002

vqe.poss_eval[-1]: 0.0002 vqe.poss_eval[0] 0  , max_poss: 0.0004 , opt_poss: 0.0004

vqe.r_eval[-1]: 0.9952949115207267 vqe.r_eval[0]: 0.8947785788246976 max_r: 0.9953909337345894 , min_r: 0.8524059459312726
