000 (15756408.081.000) 2026-02-06 11:26:56 Job submitted from host: <141.34.103.35:9618?addrs=141.34.103.35-9618+[2001-638-700-f067--1-23]-9618&alias=wgs39.zeuthen.desy.de&noUDP&sock=schedd_7414_f73f>
...
001 (15756408.081.000) 2026-02-10 11:42:53 Job executing on host: <141.34.14.36:9618?addrs=141.34.14.36-9618+[2001-638-700-f00e--1-24]-9618&alias=ampere05.zeuthen.desy.de&noUDP&sock=startd_7453_b770>
	SlotName: slot1_12@ampere05.zeuthen.desy.de
	AvailableGPUs = {  }
	CondorScratchDir = "/batch/dir_3951386"
	Cpus = 8
	Disk = 1025682
	GPUs = 0
	Memory = 16384
...
006 (15756408.081.000) 2026-02-10 11:43:07 Image size of job updated: 68676
	68  -  MemoryUsage of job (MB)
	68676  -  ResidentSetSize of job (KB)
...
006 (15756408.081.000) 2026-02-10 11:43:11 Image size of job updated: 70784
	68  -  MemoryUsage of job (MB)
	68676  -  ResidentSetSize of job (KB)
...
005 (15756408.081.000) 2026-02-10 11:43:12 Job terminated.
	(1) Normal termination (return value 1)
		Usr 0 00:00:02, Sys 0 00:00:01  -  Run Remote Usage
		Usr 0 00:00:00, Sys 0 00:00:00  -  Run Local Usage
		Usr 0 00:00:02, Sys 0 00:00:01  -  Total Remote Usage
		Usr 0 00:00:00, Sys 0 00:00:00  -  Total Local Usage
	0  -  Run Bytes Sent By Job
	0  -  Run Bytes Received By Job
	0  -  Total Bytes Sent By Job
	0  -  Total Bytes Received By Job
	Partitionable Resources :    Usage  Request Allocated 
	   Cpus                 :        0        8         8 
	   Disk (KB)            :        1  1024000   1025682 
	   GPUs                 :                           0 
	   Memory (MB)          :       68    16384     16384 
	   TimeExecute (s)      :       18                    
	   TimeSlotBusy (s)     :       18                    

	Job terminated of its own accord at 2026-02-10T10:43:11Z with exit-code 1.
...
000 (15951004.054.000) 2026-02-10 16:30:01 Job submitted from host: <141.34.103.35:9618?addrs=141.34.103.35-9618+[2001-638-700-f067--1-23]-9618&alias=wgs39.zeuthen.desy.de&noUDP&sock=schedd_7302_24a3>
...
001 (15951004.054.000) 2026-02-10 18:10:50 Job executing on host: <141.34.15.81:9618?addrs=141.34.15.81-9618+[2001-638-700-f00f--1-51]-9618&alias=genoa06.zeuthen.desy.de&noUDP&sock=startd_10377_565c>
	SlotName: slot1_33@genoa06.zeuthen.desy.de
	CondorScratchDir = "/batch/dir_1531266"
	Cpus = 1
	Disk = 1025681
	GPUs = 0
	Memory = 5120
...
006 (15951004.054.000) 2026-02-10 18:10:57 Image size of job updated: 76
	0  -  MemoryUsage of job (MB)
	0  -  ResidentSetSize of job (KB)
...
005 (15951004.054.000) 2026-02-10 18:10:57 Job terminated.
	(1) Normal termination (return value 1)
		Usr 0 00:00:00, Sys 0 00:00:00  -  Run Remote Usage
		Usr 0 00:00:00, Sys 0 00:00:00  -  Run Local Usage
		Usr 0 00:00:00, Sys 0 00:00:00  -  Total Remote Usage
		Usr 0 00:00:00, Sys 0 00:00:00  -  Total Local Usage
	0  -  Run Bytes Sent By Job
	0  -  Run Bytes Received By Job
	0  -  Total Bytes Sent By Job
	0  -  Total Bytes Received By Job
	Partitionable Resources :    Usage  Request Allocated 
	   Cpus                 :        0        1         1 
	   Disk (KB)            :        1  1024000   1025681 
	   GPUs                 :                           0 
	   Memory (MB)          :        0     5120      5120 
	   TimeExecute (s)      :        7                    
	   TimeSlotBusy (s)     :        7                    

	Job terminated of its own accord at 2026-02-10T17:10:57Z with exit-code 1.
...
000 (15988842.054.000) 2026-02-11 11:12:46 Job submitted from host: <141.34.103.35:9618?addrs=141.34.103.35-9618+[2001-638-700-f067--1-23]-9618&alias=wgs39.zeuthen.desy.de&noUDP&sock=schedd_7302_24a3>
...
001 (15988842.054.000) 2026-02-11 11:31:01 Job executing on host: <141.34.15.61:9618?addrs=141.34.15.61-9618+[2001-638-700-f00f--1-3d]-9618&alias=bladej6.zeuthen.desy.de&noUDP&sock=startd_11029_8e1c>
	SlotName: slot1_18@bladej6.zeuthen.desy.de
	CondorScratchDir = "/batch/dir_76365"
	Cpus = 1
	Disk = 1025024
	GPUs = 0
	Memory = 5120
...
006 (15988842.054.000) 2026-02-11 11:31:08 Image size of job updated: 208
	0  -  MemoryUsage of job (MB)
	0  -  ResidentSetSize of job (KB)
...
005 (15988842.054.000) 2026-02-11 11:31:08 Job terminated.
	(1) Normal termination (return value 1)
		Usr 0 00:00:01, Sys 0 00:00:00  -  Run Remote Usage
		Usr 0 00:00:00, Sys 0 00:00:00  -  Run Local Usage
		Usr 0 00:00:01, Sys 0 00:00:00  -  Total Remote Usage
		Usr 0 00:00:00, Sys 0 00:00:00  -  Total Local Usage
	0  -  Run Bytes Sent By Job
	0  -  Run Bytes Received By Job
	0  -  Total Bytes Sent By Job
	0  -  Total Bytes Received By Job
	Partitionable Resources :    Usage  Request Allocated 
	   Cpus                 :        0        1         1 
	   Disk (KB)            :        1  1024000   1025024 
	   GPUs                 :                           0 
	   Memory (MB)          :        0     5120      5120 
	   TimeExecute (s)      :        7                    
	   TimeSlotBusy (s)     :        7                    

	Job terminated of its own accord at 2026-02-11T10:31:08Z with exit-code 1.
...
000 (16214011.054.000) 2026-02-16 17:42:08 Job submitted from host: <141.34.103.35:9618?addrs=141.34.103.35-9618+[2001-638-700-f067--1-23]-9618&alias=wgs39.zeuthen.desy.de&noUDP&sock=schedd_7302_24a3>
...
001 (16214011.054.000) 2026-02-16 17:42:27 Job executing on host: <141.34.15.41:9618?addrs=141.34.15.41-9618+[2001-638-700-f00f--1-29]-9618&alias=pizza12.zeuthen.desy.de&noUDP&sock=startd_8275_8a49>
	SlotName: slot1_16@pizza12.zeuthen.desy.de
	CondorScratchDir = "/batch/dir_217610"
	Cpus = 1
	Disk = 1025696
	GPUs = 0
	Memory = 5120
...
006 (16214011.054.000) 2026-02-16 17:42:41 Image size of job updated: 89912
	88  -  MemoryUsage of job (MB)
	89912  -  ResidentSetSize of job (KB)
...
006 (16214011.054.000) 2026-02-16 17:47:42 Image size of job updated: 224724
	220  -  MemoryUsage of job (MB)
	224724  -  ResidentSetSize of job (KB)
...
006 (16214011.054.000) 2026-02-16 17:52:43 Image size of job updated: 224852
	220  -  MemoryUsage of job (MB)
	224852  -  ResidentSetSize of job (KB)
...
006 (16214011.054.000) 2026-02-16 18:02:44 Image size of job updated: 225112
	220  -  MemoryUsage of job (MB)
	225112  -  ResidentSetSize of job (KB)
...
006 (16214011.054.000) 2026-02-16 18:12:45 Image size of job updated: 225276
	220  -  MemoryUsage of job (MB)
	225276  -  ResidentSetSize of job (KB)
...
006 (16214011.054.000) 2026-02-16 18:17:46 Image size of job updated: 225280
	220  -  MemoryUsage of job (MB)
	225280  -  ResidentSetSize of job (KB)
...
006 (16214011.054.000) 2026-02-16 18:22:47 Image size of job updated: 225296
	221  -  MemoryUsage of job (MB)
	225296  -  ResidentSetSize of job (KB)
...
006 (16214011.054.000) 2026-02-16 18:27:47 Image size of job updated: 225368
	221  -  MemoryUsage of job (MB)
	225368  -  ResidentSetSize of job (KB)
...
006 (16214011.054.000) 2026-02-16 18:47:49 Image size of job updated: 225460
	221  -  MemoryUsage of job (MB)
	225460  -  ResidentSetSize of job (KB)
...
006 (16214011.054.000) 2026-02-16 19:02:50 Image size of job updated: 225676
	221  -  MemoryUsage of job (MB)
	225676  -  ResidentSetSize of job (KB)
...
006 (16214011.054.000) 2026-02-16 19:07:51 Image size of job updated: 225928
	221  -  MemoryUsage of job (MB)
	225928  -  ResidentSetSize of job (KB)
...
006 (16214011.054.000) 2026-02-16 19:17:51 Image size of job updated: 226088
	221  -  MemoryUsage of job (MB)
	226088  -  ResidentSetSize of job (KB)
...
006 (16214011.054.000) 2026-02-16 19:32:52 Image size of job updated: 226244
	221  -  MemoryUsage of job (MB)
	226244  -  ResidentSetSize of job (KB)
...
006 (16214011.054.000) 2026-02-16 19:42:53 Image size of job updated: 226396
	222  -  MemoryUsage of job (MB)
	226396  -  ResidentSetSize of job (KB)
...
006 (16214011.054.000) 2026-02-16 19:47:53 Image size of job updated: 226708
	222  -  MemoryUsage of job (MB)
	226708  -  ResidentSetSize of job (KB)
...
006 (16214011.054.000) 2026-02-16 19:52:54 Image size of job updated: 227024
	222  -  MemoryUsage of job (MB)
	227024  -  ResidentSetSize of job (KB)
...
006 (16214011.054.000) 2026-02-16 22:28:09 Image size of job updated: 227032
	222  -  MemoryUsage of job (MB)
	227032  -  ResidentSetSize of job (KB)
...
006 (16214011.054.000) 2026-02-16 22:33:10 Image size of job updated: 227128
	222  -  MemoryUsage of job (MB)
	227128  -  ResidentSetSize of job (KB)
...
006 (16214011.054.000) 2026-02-16 23:03:12 Image size of job updated: 227200
	222  -  MemoryUsage of job (MB)
	227200  -  ResidentSetSize of job (KB)
...
006 (16214011.054.000) 2026-02-16 23:08:12 Image size of job updated: 227452
	223  -  MemoryUsage of job (MB)
	227452  -  ResidentSetSize of job (KB)
...
006 (16214011.054.000) 2026-02-17 07:09:00 Image size of job updated: 227504
	223  -  MemoryUsage of job (MB)
	227504  -  ResidentSetSize of job (KB)
...
006 (16214011.054.000) 2026-02-17 07:14:01 Image size of job updated: 227708
	223  -  MemoryUsage of job (MB)
	227708  -  ResidentSetSize of job (KB)
...
006 (16214011.054.000) 2026-02-17 07:49:03 Image size of job updated: 227752
	223  -  MemoryUsage of job (MB)
	227752  -  ResidentSetSize of job (KB)
...
006 (16214011.054.000) 2026-02-17 07:54:03 Image size of job updated: 227964
	223  -  MemoryUsage of job (MB)
	227964  -  ResidentSetSize of job (KB)
...
006 (16214011.054.000) 2026-02-17 08:29:08 Image size of job updated: 228020
	223  -  MemoryUsage of job (MB)
	228020  -  ResidentSetSize of job (KB)
...
006 (16214011.054.000) 2026-02-17 08:34:09 Image size of job updated: 228220
	223  -  MemoryUsage of job (MB)
	228220  -  ResidentSetSize of job (KB)
...
005 (16214011.054.000) 2026-02-17 09:04:29 Job terminated.
	(1) Normal termination (return value 0)
		Usr 0 15:13:29, Sys 0 00:00:04  -  Run Remote Usage
		Usr 0 00:00:00, Sys 0 00:00:00  -  Run Local Usage
		Usr 0 15:13:29, Sys 0 00:00:04  -  Total Remote Usage
		Usr 0 00:00:00, Sys 0 00:00:00  -  Total Local Usage
	0  -  Run Bytes Sent By Job
	0  -  Run Bytes Received By Job
	0  -  Total Bytes Sent By Job
	0  -  Total Bytes Received By Job
	Partitionable Resources :    Usage  Request Allocated 
	   Cpus                 :     0.99        1         1 
	   Disk (KB)            :     1     1024000   1025696 
	   GPUs                 :                           0 
	   Memory (MB)          :   223        5120      5120 
	   TimeExecute (s)      : 55322                       
	   TimeSlotBusy (s)     : 55322                       

	Job terminated of its own accord at 2026-02-17T08:04:29Z with exit-code 0.
...
