000 (15756407.288.000) 2026-02-06 11:26:10 Job submitted from host: <141.34.103.35:9618?addrs=141.34.103.35-9618+[2001-638-700-f067--1-23]-9618&alias=wgs39.zeuthen.desy.de&noUDP&sock=schedd_7414_f73f>
...
001 (15756407.288.000) 2026-02-08 16:17:21 Job executing on host: <141.34.15.46:9618?addrs=141.34.15.46-9618+[2001-638-700-f00f--1-2e]-9618&alias=pizza17.zeuthen.desy.de&noUDP&sock=startd_8231_5c1f>
	SlotName: slot1_2@pizza17.zeuthen.desy.de
	CondorScratchDir = "/batch/dir_1565135"
	Cpus = 8
	Disk = 1025696
	GPUs = 0
	Memory = 16384
...
006 (15756407.288.000) 2026-02-08 16:17:28 Image size of job updated: 200
	0  -  MemoryUsage of job (MB)
	0  -  ResidentSetSize of job (KB)
...
005 (15756407.288.000) 2026-02-08 16:17:28 Job terminated.
	(1) Normal termination (return value 1)
		Usr 0 00:00:02, Sys 0 00:00:00  -  Run Remote Usage
		Usr 0 00:00:00, Sys 0 00:00:00  -  Run Local Usage
		Usr 0 00:00:02, Sys 0 00:00:00  -  Total Remote Usage
		Usr 0 00:00:00, Sys 0 00:00:00  -  Total Local Usage
	0  -  Run Bytes Sent By Job
	0  -  Run Bytes Received By Job
	0  -  Total Bytes Sent By Job
	0  -  Total Bytes Received By Job
	Partitionable Resources :    Usage  Request Allocated 
	   Cpus                 :        0        8         8 
	   Disk (KB)            :        1  1024000   1025696 
	   GPUs                 :                           0 
	   Memory (MB)          :        0    16384     16384 
	   TimeExecute (s)      :        7                    
	   TimeSlotBusy (s)     :        7                    

	Job terminated of its own accord at 2026-02-08T15:17:28Z with exit-code 1.
...
000 (15949294.192.000) 2026-02-10 11:45:19 Job submitted from host: <141.34.103.35:9618?addrs=141.34.103.35-9618+[2001-638-700-f067--1-23]-9618&alias=wgs39.zeuthen.desy.de&noUDP&sock=schedd_7302_24a3>
...
009 (15949294.192.000) 2026-02-10 11:45:46 Job was aborted.
	via condor_rm (by user tuccia)
...
000 (15949295.192.000) 2026-02-10 11:46:04 Job submitted from host: <141.34.103.35:9618?addrs=141.34.103.35-9618+[2001-638-700-f067--1-23]-9618&alias=wgs39.zeuthen.desy.de&noUDP&sock=schedd_7302_24a3>
...
001 (15949295.192.000) 2026-02-10 11:48:06 Job executing on host: <141.34.103.53:9618?addrs=141.34.103.53-9618+[2001-638-700-f067--1-35]-9618&alias=wgs43.zeuthen.desy.de&noUDP&sock=startd_8324_266d>
	SlotName: slot1_9@wgs43.zeuthen.desy.de
	CondorScratchDir = "/batch/dir_2890012"
	Cpus = 8
	Disk = 1025025
	GPUs = 0
	Memory = 16384
...
006 (15949295.192.000) 2026-02-10 11:48:13 Image size of job updated: 212
	0  -  MemoryUsage of job (MB)
	0  -  ResidentSetSize of job (KB)
...
005 (15949295.192.000) 2026-02-10 11:48:13 Job terminated.
	(1) Normal termination (return value 1)
		Usr 0 00:00:02, Sys 0 00:00:00  -  Run Remote Usage
		Usr 0 00:00:00, Sys 0 00:00:00  -  Run Local Usage
		Usr 0 00:00:02, Sys 0 00:00:00  -  Total Remote Usage
		Usr 0 00:00:00, Sys 0 00:00:00  -  Total Local Usage
	0  -  Run Bytes Sent By Job
	0  -  Run Bytes Received By Job
	0  -  Total Bytes Sent By Job
	0  -  Total Bytes Received By Job
	Partitionable Resources :    Usage  Request Allocated 
	   Cpus                 :        0        8         8 
	   Disk (KB)            :        1  1024000   1025025 
	   GPUs                 :                           0 
	   Memory (MB)          :        0    16384     16384 
	   TimeExecute (s)      :        7                    
	   TimeSlotBusy (s)     :        7                    

	Job terminated of its own accord at 2026-02-10T10:48:13Z with exit-code 1.
...
000 (16213981.385.000) 2026-02-16 17:41:24 Job submitted from host: <141.34.103.35:9618?addrs=141.34.103.35-9618+[2001-638-700-f067--1-23]-9618&alias=wgs39.zeuthen.desy.de&noUDP&sock=schedd_7302_24a3>
...
001 (16213981.385.000) 2026-02-16 17:42:06 Job executing on host: <141.34.15.180:9618?addrs=141.34.15.180-9618+[2001-638-700-f00f--1-b4]-9618&alias=genoa05.zeuthen.desy.de&noUDP&sock=startd_10367_7a6a>
	SlotName: slot1_36@genoa05.zeuthen.desy.de
	CondorScratchDir = "/batch/dir_4030887"
	Cpus = 1
	Disk = 1025697
	GPUs = 0
	Memory = 5120
...
006 (16213981.385.000) 2026-02-16 17:42:19 Image size of job updated: 87952
	86  -  MemoryUsage of job (MB)
	87952  -  ResidentSetSize of job (KB)
...
006 (16213981.385.000) 2026-02-16 17:47:19 Image size of job updated: 262240
	206  -  MemoryUsage of job (MB)
	210104  -  ResidentSetSize of job (KB)
...
006 (16213981.385.000) 2026-02-16 17:52:20 Image size of job updated: 262240
	211  -  MemoryUsage of job (MB)
	216048  -  ResidentSetSize of job (KB)
...
006 (16213981.385.000) 2026-02-16 17:57:21 Image size of job updated: 262240
	212  -  MemoryUsage of job (MB)
	216608  -  ResidentSetSize of job (KB)
...
006 (16213981.385.000) 2026-02-16 18:02:21 Image size of job updated: 262240
	212  -  MemoryUsage of job (MB)
	216636  -  ResidentSetSize of job (KB)
...
006 (16213981.385.000) 2026-02-16 18:12:22 Image size of job updated: 262240
	212  -  MemoryUsage of job (MB)
	216912  -  ResidentSetSize of job (KB)
...
006 (16213981.385.000) 2026-02-16 18:37:25 Image size of job updated: 262240
	212  -  MemoryUsage of job (MB)
	217048  -  ResidentSetSize of job (KB)
...
006 (16213981.385.000) 2026-02-16 18:47:26 Image size of job updated: 262240
	213  -  MemoryUsage of job (MB)
	217124  -  ResidentSetSize of job (KB)
...
006 (16213981.385.000) 2026-02-16 19:52:32 Image size of job updated: 262240
	213  -  MemoryUsage of job (MB)
	217324  -  ResidentSetSize of job (KB)
...
006 (16213981.385.000) 2026-02-16 20:02:33 Image size of job updated: 262240
	213  -  MemoryUsage of job (MB)
	217480  -  ResidentSetSize of job (KB)
...
006 (16213981.385.000) 2026-02-16 22:52:53 Image size of job updated: 262240
	213  -  MemoryUsage of job (MB)
	217668  -  ResidentSetSize of job (KB)
...
006 (16213981.385.000) 2026-02-17 05:58:36 Image size of job updated: 262240
	213  -  MemoryUsage of job (MB)
	217672  -  ResidentSetSize of job (KB)
...
006 (16213981.385.000) 2026-02-17 06:03:36 Image size of job updated: 262240
	213  -  MemoryUsage of job (MB)
	217892  -  ResidentSetSize of job (KB)
...
005 (16213981.385.000) 2026-02-17 06:15:31 Job terminated.
	(1) Normal termination (return value 0)
		Usr 0 12:22:18, Sys 0 00:00:07  -  Run Remote Usage
		Usr 0 00:00:00, Sys 0 00:00:00  -  Run Local Usage
		Usr 0 12:22:18, Sys 0 00:00:07  -  Total Remote Usage
		Usr 0 00:00:00, Sys 0 00:00:00  -  Total Local Usage
	0  -  Run Bytes Sent By Job
	0  -  Run Bytes Received By Job
	0  -  Total Bytes Sent By Job
	0  -  Total Bytes Received By Job
	Partitionable Resources :    Usage  Request Allocated 
	   Cpus                 :     0.99        1         1 
	   Disk (KB)            :     1     1024000   1025697 
	   GPUs                 :                           0 
	   Memory (MB)          :   213        5120      5120 
	   TimeExecute (s)      : 45205                       
	   TimeSlotBusy (s)     : 45205                       

	Job terminated of its own accord at 2026-02-17T05:15:31Z with exit-code 0.
...
