000 (15756407.151.000) 2026-02-06 11:26:10 Job submitted from host: <141.34.103.35:9618?addrs=141.34.103.35-9618+[2001-638-700-f067--1-23]-9618&alias=wgs39.zeuthen.desy.de&noUDP&sock=schedd_7414_f73f>
...
001 (15756407.151.000) 2026-02-08 16:04:05 Job executing on host: <141.34.15.219:9618?addrs=141.34.15.219-9618+[2001-638-700-f00f--1-db]-9618&alias=pizza27.zeuthen.desy.de&noUDP&sock=startd_9020_8c58>
	SlotName: slot1_8@pizza27.zeuthen.desy.de
	CondorScratchDir = "/batch/dir_1053074"
	Cpus = 8
	Disk = 1025696
	GPUs = 0
	Memory = 16384
...
006 (15756407.151.000) 2026-02-08 16:04:11 Image size of job updated: 176
	0  -  MemoryUsage of job (MB)
	0  -  ResidentSetSize of job (KB)
...
005 (15756407.151.000) 2026-02-08 16:04:11 Job terminated.
	(1) Normal termination (return value 1)
		Usr 0 00:00:02, Sys 0 00:00:00  -  Run Remote Usage
		Usr 0 00:00:00, Sys 0 00:00:00  -  Run Local Usage
		Usr 0 00:00:02, Sys 0 00:00:00  -  Total Remote Usage
		Usr 0 00:00:00, Sys 0 00:00:00  -  Total Local Usage
	0  -  Run Bytes Sent By Job
	0  -  Run Bytes Received By Job
	0  -  Total Bytes Sent By Job
	0  -  Total Bytes Received By Job
	Partitionable Resources :    Usage  Request Allocated 
	   Cpus                 :        0        8         8 
	   Disk (KB)            :        1  1024000   1025696 
	   GPUs                 :                           0 
	   Memory (MB)          :        0    16384     16384 
	   TimeExecute (s)      :        6                    
	   TimeSlotBusy (s)     :        7                    

	Job terminated of its own accord at 2026-02-08T15:04:11Z with exit-code 1.
...
000 (15949294.101.000) 2026-02-10 11:45:18 Job submitted from host: <141.34.103.35:9618?addrs=141.34.103.35-9618+[2001-638-700-f067--1-23]-9618&alias=wgs39.zeuthen.desy.de&noUDP&sock=schedd_7302_24a3>
...
009 (15949294.101.000) 2026-02-10 11:45:46 Job was aborted.
	via condor_rm (by user tuccia)
...
000 (15949295.101.000) 2026-02-10 11:46:04 Job submitted from host: <141.34.103.35:9618?addrs=141.34.103.35-9618+[2001-638-700-f067--1-23]-9618&alias=wgs39.zeuthen.desy.de&noUDP&sock=schedd_7302_24a3>
...
001 (15949295.101.000) 2026-02-10 11:47:35 Job executing on host: <141.34.15.221:9618?addrs=141.34.15.221-9618+[2001-638-700-f00f--1-dd]-9618&alias=pizza29.zeuthen.desy.de&noUDP&sock=startd_9093_9ec2>
	SlotName: slot1_3@pizza29.zeuthen.desy.de
	CondorScratchDir = "/batch/dir_3036140"
	Cpus = 8
	Disk = 1025696
	GPUs = 0
	Memory = 16384
...
006 (15949295.101.000) 2026-02-10 11:47:42 Image size of job updated: 48
	0  -  MemoryUsage of job (MB)
	0  -  ResidentSetSize of job (KB)
...
005 (15949295.101.000) 2026-02-10 11:47:42 Job terminated.
	(1) Normal termination (return value 1)
		Usr 0 00:00:02, Sys 0 00:00:00  -  Run Remote Usage
		Usr 0 00:00:00, Sys 0 00:00:00  -  Run Local Usage
		Usr 0 00:00:02, Sys 0 00:00:00  -  Total Remote Usage
		Usr 0 00:00:00, Sys 0 00:00:00  -  Total Local Usage
	0  -  Run Bytes Sent By Job
	0  -  Run Bytes Received By Job
	0  -  Total Bytes Sent By Job
	0  -  Total Bytes Received By Job
	Partitionable Resources :    Usage  Request Allocated 
	   Cpus                 :        0        8         8 
	   Disk (KB)            :        1  1024000   1025696 
	   GPUs                 :                           0 
	   Memory (MB)          :        0    16384     16384 
	   TimeExecute (s)      :        7                    
	   TimeSlotBusy (s)     :        7                    

	Job terminated of its own accord at 2026-02-10T10:47:42Z with exit-code 1.
...
000 (16213981.203.000) 2026-02-16 17:41:22 Job submitted from host: <141.34.103.35:9618?addrs=141.34.103.35-9618+[2001-638-700-f067--1-23]-9618&alias=wgs39.zeuthen.desy.de&noUDP&sock=schedd_7302_24a3>
...
001 (16213981.203.000) 2026-02-16 17:41:47 Job executing on host: <141.34.15.175:9618?addrs=141.34.15.175-9618+[2001-638-700-f00f--1-af]-9618&alias=genoa00.zeuthen.desy.de&noUDP&sock=startd_9658_29c4>
	SlotName: slot1_27@genoa00.zeuthen.desy.de
	CondorScratchDir = "/batch/dir_1736875"
	Cpus = 1
	Disk = 1025697
	GPUs = 0
	Memory = 5120
...
006 (16213981.203.000) 2026-02-16 17:42:00 Image size of job updated: 88036
	86  -  MemoryUsage of job (MB)
	88036  -  ResidentSetSize of job (KB)
...
006 (16213981.203.000) 2026-02-16 17:47:00 Image size of job updated: 256084
	245  -  MemoryUsage of job (MB)
	250080  -  ResidentSetSize of job (KB)
...
006 (16213981.203.000) 2026-02-16 17:52:01 Image size of job updated: 256344
	250  -  MemoryUsage of job (MB)
	255576  -  ResidentSetSize of job (KB)
...
006 (16213981.203.000) 2026-02-16 17:57:01 Image size of job updated: 256888
	251  -  MemoryUsage of job (MB)
	256888  -  ResidentSetSize of job (KB)
...
006 (16213981.203.000) 2026-02-16 18:02:01 Image size of job updated: 257192
	252  -  MemoryUsage of job (MB)
	257192  -  ResidentSetSize of job (KB)
...
006 (16213981.203.000) 2026-02-16 18:07:02 Image size of job updated: 258664
	253  -  MemoryUsage of job (MB)
	258664  -  ResidentSetSize of job (KB)
...
006 (16213981.203.000) 2026-02-16 18:12:03 Image size of job updated: 258800
	253  -  MemoryUsage of job (MB)
	258800  -  ResidentSetSize of job (KB)
...
006 (16213981.203.000) 2026-02-16 18:27:05 Image size of job updated: 259720
	254  -  MemoryUsage of job (MB)
	259720  -  ResidentSetSize of job (KB)
...
006 (16213981.203.000) 2026-02-16 19:02:09 Image size of job updated: 262672
	257  -  MemoryUsage of job (MB)
	262672  -  ResidentSetSize of job (KB)
...
006 (16213981.203.000) 2026-02-16 19:07:10 Image size of job updated: 265340
	260  -  MemoryUsage of job (MB)
	265340  -  ResidentSetSize of job (KB)
...
006 (16213981.203.000) 2026-02-16 19:22:11 Image size of job updated: 265356
	260  -  MemoryUsage of job (MB)
	265356  -  ResidentSetSize of job (KB)
...
006 (16213981.203.000) 2026-02-16 19:32:12 Image size of job updated: 265360
	260  -  MemoryUsage of job (MB)
	265360  -  ResidentSetSize of job (KB)
...
006 (16213981.203.000) 2026-02-16 19:57:15 Image size of job updated: 265368
	260  -  MemoryUsage of job (MB)
	265368  -  ResidentSetSize of job (KB)
...
006 (16213981.203.000) 2026-02-16 20:07:16 Image size of job updated: 265372
	260  -  MemoryUsage of job (MB)
	265372  -  ResidentSetSize of job (KB)
...
006 (16213981.203.000) 2026-02-16 20:17:17 Image size of job updated: 265420
	260  -  MemoryUsage of job (MB)
	265420  -  ResidentSetSize of job (KB)
...
006 (16213981.203.000) 2026-02-16 20:22:17 Image size of job updated: 265424
	260  -  MemoryUsage of job (MB)
	265424  -  ResidentSetSize of job (KB)
...
006 (16213981.203.000) 2026-02-16 20:27:17 Image size of job updated: 265432
	260  -  MemoryUsage of job (MB)
	265432  -  ResidentSetSize of job (KB)
...
006 (16213981.203.000) 2026-02-17 00:32:46 Image size of job updated: 265476
	260  -  MemoryUsage of job (MB)
	265476  -  ResidentSetSize of job (KB)
...
006 (16213981.203.000) 2026-02-17 18:49:42 Image size of job updated: 265564
	260  -  MemoryUsage of job (MB)
	265564  -  ResidentSetSize of job (KB)
...
004 (16213981.203.000) 2026-02-18 10:33:50 Job was evicted.
	(0) CPU times
		Usr 1 16:18:18, Sys 0 00:00:19  -  Run Remote Usage
		Usr 0 00:00:00, Sys 0 00:00:00  -  Run Local Usage
	0  -  Run Bytes Sent By Job
	0  -  Run Bytes Received By Job
	Partitionable Resources :    Usage  Request Allocated 
	   Cpus                 :        0        1         1 
	   Disk (KB)            :        1  1024000   1025697 
	   GPUs                 :                           0 
	   Memory (MB)          :      260     5120      5120 
	   TimeExecute (s)      :   147121                    
	   TimeSlotBusy (s)     :   147124                    
...
009 (16213981.203.000) 2026-02-18 10:33:50 Job was aborted.
	via condor_rm (by user tuccia)
...
