000 (15756404.148.000) 2026-02-06 11:24:34 Job submitted from host: <141.34.103.35:9618?addrs=141.34.103.35-9618+[2001-638-700-f067--1-23]-9618&alias=wgs39.zeuthen.desy.de&noUDP&sock=schedd_7414_f73f>
...
001 (15756404.148.000) 2026-02-06 11:31:06 Job executing on host: <141.34.15.205:9618?addrs=141.34.15.205-9618+[2001-638-700-f00f--1-cd]-9618&alias=pizza07.zeuthen.desy.de&noUDP&sock=startd_9068_78e4>
	SlotName: slot1_24@pizza07.zeuthen.desy.de
	CondorScratchDir = "/batch/dir_3260125"
	Cpus = 8
	Disk = 1025696
	GPUs = 0
	Memory = 16384
...
006 (15756404.148.000) 2026-02-06 11:31:14 Image size of job updated: 148
	0  -  MemoryUsage of job (MB)
	0  -  ResidentSetSize of job (KB)
...
005 (15756404.148.000) 2026-02-06 11:31:14 Job terminated.
	(1) Normal termination (return value 1)
		Usr 0 00:00:02, Sys 0 00:00:00  -  Run Remote Usage
		Usr 0 00:00:00, Sys 0 00:00:00  -  Run Local Usage
		Usr 0 00:00:02, Sys 0 00:00:00  -  Total Remote Usage
		Usr 0 00:00:00, Sys 0 00:00:00  -  Total Local Usage
	0  -  Run Bytes Sent By Job
	0  -  Run Bytes Received By Job
	0  -  Total Bytes Sent By Job
	0  -  Total Bytes Received By Job
	Partitionable Resources :    Usage  Request Allocated 
	   Cpus                 :        0        8         8 
	   Disk (KB)            :        1  1024000   1025696 
	   GPUs                 :                           0 
	   Memory (MB)          :        0    16384     16384 
	   TimeExecute (s)      :        8                    
	   TimeSlotBusy (s)     :        8                    

	Job terminated of its own accord at 2026-02-06T10:31:14Z with exit-code 1.
...
000 (16213981.198.000) 2026-02-16 17:41:22 Job submitted from host: <141.34.103.35:9618?addrs=141.34.103.35-9618+[2001-638-700-f067--1-23]-9618&alias=wgs39.zeuthen.desy.de&noUDP&sock=schedd_7302_24a3>
...
001 (16213981.198.000) 2026-02-16 17:41:47 Job executing on host: <141.34.15.45:9618?addrs=141.34.15.45-9618+[2001-638-700-f00f--1-2d]-9618&alias=pizza16.zeuthen.desy.de&noUDP&sock=startd_8270_1c50>
	SlotName: slot1_25@pizza16.zeuthen.desy.de
	CondorScratchDir = "/batch/dir_803931"
	Cpus = 1
	Disk = 1025696
	GPUs = 0
	Memory = 5120
...
006 (16213981.198.000) 2026-02-16 17:42:01 Image size of job updated: 90116
	89  -  MemoryUsage of job (MB)
	90116  -  ResidentSetSize of job (KB)
...
006 (16213981.198.000) 2026-02-16 17:47:02 Image size of job updated: 283056
	242  -  MemoryUsage of job (MB)
	247208  -  ResidentSetSize of job (KB)
...
006 (16213981.198.000) 2026-02-16 17:52:03 Image size of job updated: 283056
	249  -  MemoryUsage of job (MB)
	254060  -  ResidentSetSize of job (KB)
...
006 (16213981.198.000) 2026-02-16 17:57:03 Image size of job updated: 283056
	251  -  MemoryUsage of job (MB)
	256912  -  ResidentSetSize of job (KB)
...
006 (16213981.198.000) 2026-02-16 18:02:04 Image size of job updated: 283056
	251  -  MemoryUsage of job (MB)
	256916  -  ResidentSetSize of job (KB)
...
006 (16213981.198.000) 2026-02-16 18:07:05 Image size of job updated: 283056
	251  -  MemoryUsage of job (MB)
	256920  -  ResidentSetSize of job (KB)
...
006 (16213981.198.000) 2026-02-16 18:27:06 Image size of job updated: 283056
	252  -  MemoryUsage of job (MB)
	257064  -  ResidentSetSize of job (KB)
...
006 (16213981.198.000) 2026-02-16 22:42:32 Image size of job updated: 283056
	252  -  MemoryUsage of job (MB)
	257176  -  ResidentSetSize of job (KB)
...
006 (16213981.198.000) 2026-02-16 22:57:34 Image size of job updated: 283056
	252  -  MemoryUsage of job (MB)
	257296  -  ResidentSetSize of job (KB)
...
005 (16213981.198.000) 2026-02-16 23:51:22 Job terminated.
	(1) Normal termination (return value 0)
		Usr 0 06:05:24, Sys 0 00:00:04  -  Run Remote Usage
		Usr 0 00:00:00, Sys 0 00:00:00  -  Run Local Usage
		Usr 0 06:05:24, Sys 0 00:00:04  -  Total Remote Usage
		Usr 0 00:00:00, Sys 0 00:00:00  -  Total Local Usage
	0  -  Run Bytes Sent By Job
	0  -  Run Bytes Received By Job
	0  -  Total Bytes Sent By Job
	0  -  Total Bytes Received By Job
	Partitionable Resources :    Usage  Request Allocated 
	   Cpus                 :     0.99        1         1 
	   Disk (KB)            :     1     1024000   1025696 
	   GPUs                 :                           0 
	   Memory (MB)          :   252        5120      5120 
	   TimeExecute (s)      : 22175                       
	   TimeSlotBusy (s)     : 22175                       

	Job terminated of its own accord at 2026-02-16T22:51:22Z with exit-code 0.
...
