000 (15756407.049.000) 2026-02-06 11:26:09 Job submitted from host: <141.34.103.35:9618?addrs=141.34.103.35-9618+[2001-638-700-f067--1-23]-9618&alias=wgs39.zeuthen.desy.de&noUDP&sock=schedd_7414_f73f>
...
001 (15756407.049.000) 2026-02-08 15:50:37 Job executing on host: <141.34.15.219:9618?addrs=141.34.15.219-9618+[2001-638-700-f00f--1-db]-9618&alias=pizza27.zeuthen.desy.de&noUDP&sock=startd_9020_8c58>
	SlotName: slot1_8@pizza27.zeuthen.desy.de
	CondorScratchDir = "/batch/dir_1046696"
	Cpus = 8
	Disk = 1025696
	GPUs = 0
	Memory = 16384
...
006 (15756407.049.000) 2026-02-08 15:50:44 Image size of job updated: 60
	0  -  MemoryUsage of job (MB)
	0  -  ResidentSetSize of job (KB)
...
005 (15756407.049.000) 2026-02-08 15:50:44 Job terminated.
	(1) Normal termination (return value 1)
		Usr 0 00:00:02, Sys 0 00:00:00  -  Run Remote Usage
		Usr 0 00:00:00, Sys 0 00:00:00  -  Run Local Usage
		Usr 0 00:00:02, Sys 0 00:00:00  -  Total Remote Usage
		Usr 0 00:00:00, Sys 0 00:00:00  -  Total Local Usage
	0  -  Run Bytes Sent By Job
	0  -  Run Bytes Received By Job
	0  -  Total Bytes Sent By Job
	0  -  Total Bytes Received By Job
	Partitionable Resources :    Usage  Request Allocated 
	   Cpus                 :        0        8         8 
	   Disk (KB)            :        1  1024000   1025696 
	   GPUs                 :                           0 
	   Memory (MB)          :        0    16384     16384 
	   TimeExecute (s)      :        7                    
	   TimeSlotBusy (s)     :        7                    

	Job terminated of its own accord at 2026-02-08T14:50:44Z with exit-code 1.
...
000 (15949294.033.000) 2026-02-10 11:45:17 Job submitted from host: <141.34.103.35:9618?addrs=141.34.103.35-9618+[2001-638-700-f067--1-23]-9618&alias=wgs39.zeuthen.desy.de&noUDP&sock=schedd_7302_24a3>
...
009 (15949294.033.000) 2026-02-10 11:45:46 Job was aborted.
	via condor_rm (by user tuccia)
...
000 (15949295.033.000) 2026-02-10 11:46:04 Job submitted from host: <141.34.103.35:9618?addrs=141.34.103.35-9618+[2001-638-700-f067--1-23]-9618&alias=wgs39.zeuthen.desy.de&noUDP&sock=schedd_7302_24a3>
...
001 (15949295.033.000) 2026-02-10 11:47:35 Job executing on host: <141.34.15.198:9618?addrs=141.34.15.198-9618+[2001-638-700-f00f--1-c6]-9618&alias=pizza00.zeuthen.desy.de&noUDP&sock=startd_8231_5c1f>
	SlotName: slot1_7@pizza00.zeuthen.desy.de
	CondorScratchDir = "/batch/dir_2313601"
	Cpus = 8
	Disk = 1025696
	GPUs = 0
	Memory = 16384
...
006 (15949295.033.000) 2026-02-10 11:47:42 Image size of job updated: 52
	0  -  MemoryUsage of job (MB)
	0  -  ResidentSetSize of job (KB)
...
005 (15949295.033.000) 2026-02-10 11:47:42 Job terminated.
	(1) Normal termination (return value 1)
		Usr 0 00:00:02, Sys 0 00:00:00  -  Run Remote Usage
		Usr 0 00:00:00, Sys 0 00:00:00  -  Run Local Usage
		Usr 0 00:00:02, Sys 0 00:00:00  -  Total Remote Usage
		Usr 0 00:00:00, Sys 0 00:00:00  -  Total Local Usage
	0  -  Run Bytes Sent By Job
	0  -  Run Bytes Received By Job
	0  -  Total Bytes Sent By Job
	0  -  Total Bytes Received By Job
	Partitionable Resources :    Usage  Request Allocated 
	   Cpus                 :                 8         8 
	   Disk (KB)            :        1  1024000   1025696 
	   GPUs                 :                           0 
	   Memory (MB)          :        0    16384     16384 
	   TimeExecute (s)      :        7                    
	   TimeSlotBusy (s)     :        7                    

	Job terminated of its own accord at 2026-02-10T10:47:42Z with exit-code 1.
...
000 (16213981.067.000) 2026-02-16 17:41:20 Job submitted from host: <141.34.103.35:9618?addrs=141.34.103.35-9618+[2001-638-700-f067--1-23]-9618&alias=wgs39.zeuthen.desy.de&noUDP&sock=schedd_7302_24a3>
...
001 (16213981.067.000) 2026-02-16 17:41:46 Job executing on host: <141.34.14.71:9618?addrs=141.34.14.71-9618+[2001-638-700-f00e--1-47]-9618&alias=pascal01.zeuthen.desy.de&noUDP&sock=startd_165512_0b35>
	SlotName: slot1_7@pascal01.zeuthen.desy.de
	AvailableGPUs = {  }
	CondorScratchDir = "/batch/dir_3347155"
	Cpus = 1
	Disk = 1025109
	GPUs = 0
	Memory = 5120
...
006 (16213981.067.000) 2026-02-16 17:41:59 Image size of job updated: 87872
	86  -  MemoryUsage of job (MB)
	87872  -  ResidentSetSize of job (KB)
...
006 (16213981.067.000) 2026-02-16 17:46:59 Image size of job updated: 255764
	242  -  MemoryUsage of job (MB)
	246984  -  ResidentSetSize of job (KB)
...
006 (16213981.067.000) 2026-02-16 17:52:00 Image size of job updated: 255764
	245  -  MemoryUsage of job (MB)
	249888  -  ResidentSetSize of job (KB)
...
006 (16213981.067.000) 2026-02-16 17:57:01 Image size of job updated: 255764
	245  -  MemoryUsage of job (MB)
	250500  -  ResidentSetSize of job (KB)
...
006 (16213981.067.000) 2026-02-16 18:02:01 Image size of job updated: 255764
	245  -  MemoryUsage of job (MB)
	250708  -  ResidentSetSize of job (KB)
...
006 (16213981.067.000) 2026-02-16 18:12:03 Image size of job updated: 255764
	245  -  MemoryUsage of job (MB)
	250824  -  ResidentSetSize of job (KB)
...
006 (16213981.067.000) 2026-02-16 18:17:03 Image size of job updated: 255764
	247  -  MemoryUsage of job (MB)
	252052  -  ResidentSetSize of job (KB)
...
006 (16213981.067.000) 2026-02-16 18:47:05 Image size of job updated: 255764
	247  -  MemoryUsage of job (MB)
	252528  -  ResidentSetSize of job (KB)
...
006 (16213981.067.000) 2026-02-16 18:52:05 Image size of job updated: 255764
	247  -  MemoryUsage of job (MB)
	252540  -  ResidentSetSize of job (KB)
...
006 (16213981.067.000) 2026-02-16 19:42:11 Image size of job updated: 255892
	250  -  MemoryUsage of job (MB)
	255892  -  ResidentSetSize of job (KB)
...
006 (16213981.067.000) 2026-02-16 19:47:12 Image size of job updated: 257468
	252  -  MemoryUsage of job (MB)
	257468  -  ResidentSetSize of job (KB)
...
006 (16213981.067.000) 2026-02-16 19:52:12 Image size of job updated: 258744
	253  -  MemoryUsage of job (MB)
	258744  -  ResidentSetSize of job (KB)
...
006 (16213981.067.000) 2026-02-16 22:02:25 Image size of job updated: 258892
	253  -  MemoryUsage of job (MB)
	258892  -  ResidentSetSize of job (KB)
...
006 (16213981.067.000) 2026-02-16 22:07:25 Image size of job updated: 258980
	253  -  MemoryUsage of job (MB)
	258980  -  ResidentSetSize of job (KB)
...
006 (16213981.067.000) 2026-02-16 22:27:26 Image size of job updated: 259344
	254  -  MemoryUsage of job (MB)
	259344  -  ResidentSetSize of job (KB)
...
006 (16213981.067.000) 2026-02-17 00:32:40 Image size of job updated: 259396
	254  -  MemoryUsage of job (MB)
	259396  -  ResidentSetSize of job (KB)
...
