~~~~~~~~~~~~~~~~~~~~~~~~~~~~~~

n_qubits: 30, 
r: 6, 
alpha: 0.01, 
shots: 10000, 
ansatz: structure_like_qubo_YZ_2, 
layer: 1, 
tau: 0.3

time for simulated annealing:  42.80529260635376
Rank 1: Bitstring=100010001010010101100000100100, Decimal=573134884, Energy=-28.0556
Rank 2: Bitstring=100010001110010101100000100100, Decimal=574183460, Energy=-28.0458
Rank 3: Bitstring=100010001011011101101000100100, Decimal=573430308, Energy=-27.7578
Rank 4: Bitstring=000010001110010101100000101111, Decimal=37312559, Energy=-27.6834
Rank 5: Bitstring=100100011010010101100000100100, Decimal=610883620, Energy=-27.2972
Rank 6: Bitstring=110010001010010101100000000100, Decimal=841570308, Energy=-26.9872
Rank 7: Bitstring=110010001110010101100000000100, Decimal=842618884, Energy=-26.9774
Rank 8: Bitstring=101010101010000101100000100100, Decimal=715675684, Energy=-26.652
Rank 9: Bitstring=101010101110000101100000100100, Decimal=716724260, Energy=-26.6422
Rank 10: Bitstring=101010101011001101101000100100, Decimal=715971108, Energy=-26.3542

E_min from simulated annealing:  -28.0556
Minimum energy: -28.0556
States with energy within 1e-08 of minimum: [573134884]

warm start fidelity ((np.float64(-27.2874), 611932196), 0.0001)


################## Start optimization with initial parameters: [np.float64(0.43505446284128185), np.float64(-0.5190192553709362), np.float64(0.40260792703996434), np.float64(0.1256689290807267), np.float64(-0.37719183017810687), np.float64(0.11297972862095534), np.float64(-0.5108187830244836), np.float64(-0.5377791368524477), np.float64(0.1715942039267784), np.float64(-0.5645654956340539), np.float64(-0.3800907684726424), np.float64(0.4589664954939652), np.float64(0.10391316053665661), np.float64(-0.032274353167743415), np.float64(0.24746024582774978), np.float64(-0.023098007376413682), np.float64(0.1305489186266835), np.float64(-0.23359088715280657), np.float64(-0.4210265326499042), np.float64(0.4627279187435519), np.float64(-0.04953987291260037), np.float64(-0.3817616801450553), np.float64(0.04222742986706098), np.float64(-0.14784019006590884), np.float64(-0.5534242517518199), np.float64(0.43216900830945826), np.float64(0.384933493696301), np.float64(-0.29709726980609585), np.float64(-0.24262883558145512), np.float64(0.44742346420818885), np.float64(-0.269787319310256), np.float64(-0.269787319310256), np.float64(-0.06830807944260393), np.float64(-0.06830807944260393), np.float64(-0.04153257227592366), np.float64(-0.04153257227592366), np.float64(0.19097710518434396), np.float64(0.19097710518434396), np.float64(-0.017786350708941585), np.float64(-0.017786350708941585), np.float64(0.24535549859528416), np.float64(0.24535549859528416), np.float64(0.12388000369746915), np.float64(0.12388000369746915), np.float64(0.12222131567085334), np.float64(0.12222131567085334), np.float64(0.12059041516828606), np.float64(0.12059041516828606), np.float64(-0.133165709531419), np.float64(-0.133165709531419), np.float64(0.23256953826005933), np.float64(0.23256953826005933), np.float64(0.08650816220506699), np.float64(0.08650816220506699), np.float64(0.26648641530819633), np.float64(0.266486373335776), np.float64(-0.19653296206780194), np.float64(-0.19653296206780194), np.float64(0.12841248403411681), np.float64(0.12841248403411681), np.float64(-0.2274352142230852), np.float64(-0.2274352142230852), np.float64(-0.04628418414168448), np.float64(-0.04628418414168448), np.float64(0.05246424043064068), np.float64(0.05246424043064068), np.float64(-0.04425254323900778), np.float64(-0.04425254323900778), np.float64(0.1133814394735864), np.float64(0.1133814394735864), np.float64(0.23682359681629817), np.float64(0.23682359681629817), np.float64(-0.20523146632301148), np.float64(-0.20523146632301148), np.float64(-0.2700962239413743), np.float64(-0.2700962239413743), np.float64(0.2562190456779157), np.float64(0.2562190456779157), np.float64(0.23302529773594807), np.float64(0.23302529773594807), np.float64(0.015717475152768244), np.float64(0.015717475152768244), np.float64(-0.07490029416119356), np.float64(-0.07490029416119356), np.float64(-0.13591352665449902), np.float64(-0.13591352665449902), np.float64(0.09877537281269896), np.float64(0.09877537281269896), np.float64(-0.2743816539676178), np.float64(-0.2743817362484591), np.float64(0.17987548602037748), np.float64(0.17987548602037748), np.float64(-0.20289062328323298), np.float64(-0.20289062328323298), np.float64(0.15362586433228118), np.float64(0.15362586433228118), np.float64(0.2725367462547025), np.float64(0.2725367462547025), np.float64(-0.015867359900413238), np.float64(-0.015867359900413238), np.float64(-0.27025048368688087), np.float64(-0.27025048368688087), np.float64(0.02926345535284148), np.float64(0.02926345535284148), np.float64(-0.2663572666244801), np.float64(-0.2663572666244801), np.float64(-0.0872173245023789), np.float64(-0.0872173245023789), np.float64(-0.009659460216796874), np.float64(-0.009659460216796874), np.float64(-0.24965850484921087), np.float64(-0.24965850484921087), np.float64(0.21834048817678242), np.float64(0.21834048817678242), np.float64(-0.20866520827907983), np.float64(-0.20866520827907983), np.float64(-0.13180475199802288), np.float64(-0.13180475199802288), np.float64(0.059172432267603436), np.float64(0.059172432267603436)]
Write sucessfully to ./data/data_shots_10000_layer_1/alpha_0.01/N_30/r_6/ansatz_type_structure_like_qubo_YZ_2/initialization_warm_start_analy

vqe.cvar_eval[0]: -25.454544000000023 , min_cvar: -28.0556 , opt_cvar: -28.0556

vqe.poss_eval[-1]: 0.0114 vqe.poss_eval[0] 0  , max_poss: 0.0352 , opt_poss: 0.0352

vqe.r_eval[-1]: 1.0 vqe.r_eval[0]: 0.9072892399378386 max_r: 1.0 , min_r: 0.8779402329659683
