000 (15756408.084.000) 2026-02-06 11:26:56 Job submitted from host: <141.34.103.35:9618?addrs=141.34.103.35-9618+[2001-638-700-f067--1-23]-9618&alias=wgs39.zeuthen.desy.de&noUDP&sock=schedd_7414_f73f>
...
001 (15756408.084.000) 2026-02-10 11:42:53 Job executing on host: <141.34.15.53:9618?addrs=141.34.15.53-9618+[2001-638-700-f00f--1-35]-9618&alias=pizza24.zeuthen.desy.de&noUDP&sock=startd_8313_9ae3>
	SlotName: slot1_3@pizza24.zeuthen.desy.de
	CondorScratchDir = "/batch/dir_2783107"
	Cpus = 8
	Disk = 1025696
	GPUs = 0
	Memory = 16384
...
006 (15756408.084.000) 2026-02-10 11:43:07 Image size of job updated: 69224
	68  -  MemoryUsage of job (MB)
	69224  -  ResidentSetSize of job (KB)
...
006 (15756408.084.000) 2026-02-10 11:43:11 Image size of job updated: 72136
	68  -  MemoryUsage of job (MB)
	69224  -  ResidentSetSize of job (KB)
...
005 (15756408.084.000) 2026-02-10 11:43:12 Job terminated.
	(1) Normal termination (return value 1)
		Usr 0 00:00:02, Sys 0 00:00:01  -  Run Remote Usage
		Usr 0 00:00:00, Sys 0 00:00:00  -  Run Local Usage
		Usr 0 00:00:02, Sys 0 00:00:01  -  Total Remote Usage
		Usr 0 00:00:00, Sys 0 00:00:00  -  Total Local Usage
	0  -  Run Bytes Sent By Job
	0  -  Run Bytes Received By Job
	0  -  Total Bytes Sent By Job
	0  -  Total Bytes Received By Job
	Partitionable Resources :    Usage  Request Allocated 
	   Cpus                 :     0.01        8         8 
	   Disk (KB)            :     1     1024000   1025696 
	   GPUs                 :                           0 
	   Memory (MB)          :    68       16384     16384 
	   TimeExecute (s)      :    18                       
	   TimeSlotBusy (s)     :    18                       

	Job terminated of its own accord at 2026-02-10T10:43:11Z with exit-code 1.
...
000 (15951004.056.000) 2026-02-10 16:30:01 Job submitted from host: <141.34.103.35:9618?addrs=141.34.103.35-9618+[2001-638-700-f067--1-23]-9618&alias=wgs39.zeuthen.desy.de&noUDP&sock=schedd_7302_24a3>
...
001 (15951004.056.000) 2026-02-10 18:10:38 Job executing on host: <141.34.15.81:9618?addrs=141.34.15.81-9618+[2001-638-700-f00f--1-51]-9618&alias=genoa06.zeuthen.desy.de&noUDP&sock=startd_10377_565c>
	SlotName: slot1_43@genoa06.zeuthen.desy.de
	CondorScratchDir = "/batch/dir_1530620"
	Cpus = 1
	Disk = 1025681
	GPUs = 0
	Memory = 5120
...
006 (15951004.056.000) 2026-02-10 18:10:45 Image size of job updated: 92
	0  -  MemoryUsage of job (MB)
	0  -  ResidentSetSize of job (KB)
...
005 (15951004.056.000) 2026-02-10 18:10:45 Job terminated.
	(1) Normal termination (return value 1)
		Usr 0 00:00:01, Sys 0 00:00:00  -  Run Remote Usage
		Usr 0 00:00:00, Sys 0 00:00:00  -  Run Local Usage
		Usr 0 00:00:01, Sys 0 00:00:00  -  Total Remote Usage
		Usr 0 00:00:00, Sys 0 00:00:00  -  Total Local Usage
	0  -  Run Bytes Sent By Job
	0  -  Run Bytes Received By Job
	0  -  Total Bytes Sent By Job
	0  -  Total Bytes Received By Job
	Partitionable Resources :    Usage  Request Allocated 
	   Cpus                 :        0        1         1 
	   Disk (KB)            :        1  1024000   1025681 
	   GPUs                 :                           0 
	   Memory (MB)          :        0     5120      5120 
	   TimeExecute (s)      :        7                    
	   TimeSlotBusy (s)     :        7                    

	Job terminated of its own accord at 2026-02-10T17:10:45Z with exit-code 1.
...
000 (15988842.056.000) 2026-02-11 11:12:46 Job submitted from host: <141.34.103.35:9618?addrs=141.34.103.35-9618+[2001-638-700-f067--1-23]-9618&alias=wgs39.zeuthen.desy.de&noUDP&sock=schedd_7302_24a3>
...
001 (15988842.056.000) 2026-02-11 11:31:09 Job executing on host: <141.34.15.61:9618?addrs=141.34.15.61-9618+[2001-638-700-f00f--1-3d]-9618&alias=bladej6.zeuthen.desy.de&noUDP&sock=startd_11029_8e1c>
	SlotName: slot1_18@bladej6.zeuthen.desy.de
	CondorScratchDir = "/batch/dir_76542"
	Cpus = 1
	Disk = 1025024
	GPUs = 0
	Memory = 5120
...
006 (15988842.056.000) 2026-02-11 11:31:17 Image size of job updated: 136
	0  -  MemoryUsage of job (MB)
	0  -  ResidentSetSize of job (KB)
...
005 (15988842.056.000) 2026-02-11 11:31:17 Job terminated.
	(1) Normal termination (return value 1)
		Usr 0 00:00:02, Sys 0 00:00:00  -  Run Remote Usage
		Usr 0 00:00:00, Sys 0 00:00:00  -  Run Local Usage
		Usr 0 00:00:02, Sys 0 00:00:00  -  Total Remote Usage
		Usr 0 00:00:00, Sys 0 00:00:00  -  Total Local Usage
	0  -  Run Bytes Sent By Job
	0  -  Run Bytes Received By Job
	0  -  Total Bytes Sent By Job
	0  -  Total Bytes Received By Job
	Partitionable Resources :    Usage  Request Allocated 
	   Cpus                 :        0        1         1 
	   Disk (KB)            :        1  1024000   1025024 
	   GPUs                 :                           0 
	   Memory (MB)          :        0     5120      5120 
	   TimeExecute (s)      :        8                    
	   TimeSlotBusy (s)     :        9                    

	Job terminated of its own accord at 2026-02-11T10:31:17Z with exit-code 1.
...
000 (16214011.056.000) 2026-02-16 17:42:08 Job submitted from host: <141.34.103.35:9618?addrs=141.34.103.35-9618+[2001-638-700-f067--1-23]-9618&alias=wgs39.zeuthen.desy.de&noUDP&sock=schedd_7302_24a3>
...
001 (16214011.056.000) 2026-02-16 17:42:27 Job executing on host: <141.34.15.179:9618?addrs=141.34.15.179-9618+[2001-638-700-f00f--1-b3]-9618&alias=genoa04.zeuthen.desy.de&noUDP&sock=startd_11819_6dee>
	SlotName: slot1_25@genoa04.zeuthen.desy.de
	CondorScratchDir = "/batch/dir_2486543"
	Cpus = 1
	Disk = 1025697
	GPUs = 0
	Memory = 5120
...
006 (16214011.056.000) 2026-02-16 17:42:41 Image size of job updated: 87956
	86  -  MemoryUsage of job (MB)
	87956  -  ResidentSetSize of job (KB)
...
006 (16214011.056.000) 2026-02-16 17:47:42 Image size of job updated: 223684
	219  -  MemoryUsage of job (MB)
	223684  -  ResidentSetSize of job (KB)
...
006 (16214011.056.000) 2026-02-16 17:52:43 Image size of job updated: 223908
	219  -  MemoryUsage of job (MB)
	223908  -  ResidentSetSize of job (KB)
...
006 (16214011.056.000) 2026-02-16 17:57:43 Image size of job updated: 224248
	219  -  MemoryUsage of job (MB)
	224248  -  ResidentSetSize of job (KB)
...
006 (16214011.056.000) 2026-02-16 18:02:44 Image size of job updated: 224352
	220  -  MemoryUsage of job (MB)
	224352  -  ResidentSetSize of job (KB)
...
006 (16214011.056.000) 2026-02-16 18:07:45 Image size of job updated: 224564
	220  -  MemoryUsage of job (MB)
	224564  -  ResidentSetSize of job (KB)
...
006 (16214011.056.000) 2026-02-16 18:12:45 Image size of job updated: 224720
	220  -  MemoryUsage of job (MB)
	224720  -  ResidentSetSize of job (KB)
...
006 (16214011.056.000) 2026-02-16 19:22:50 Image size of job updated: 225188
	220  -  MemoryUsage of job (MB)
	225188  -  ResidentSetSize of job (KB)
...
006 (16214011.056.000) 2026-02-16 19:32:51 Image size of job updated: 225468
	221  -  MemoryUsage of job (MB)
	225468  -  ResidentSetSize of job (KB)
...
006 (16214011.056.000) 2026-02-16 19:57:52 Image size of job updated: 225660
	221  -  MemoryUsage of job (MB)
	225660  -  ResidentSetSize of job (KB)
...
006 (16214011.056.000) 2026-02-16 20:02:53 Image size of job updated: 225696
	221  -  MemoryUsage of job (MB)
	225696  -  ResidentSetSize of job (KB)
...
006 (16214011.056.000) 2026-02-16 20:12:53 Image size of job updated: 225904
	221  -  MemoryUsage of job (MB)
	225904  -  ResidentSetSize of job (KB)
...
006 (16214011.056.000) 2026-02-16 20:27:54 Image size of job updated: 225908
	221  -  MemoryUsage of job (MB)
	225908  -  ResidentSetSize of job (KB)
...
006 (16214011.056.000) 2026-02-16 20:32:55 Image size of job updated: 226092
	221  -  MemoryUsage of job (MB)
	226092  -  ResidentSetSize of job (KB)
...
006 (16214011.056.000) 2026-02-16 20:52:56 Image size of job updated: 226124
	221  -  MemoryUsage of job (MB)
	226124  -  ResidentSetSize of job (KB)
...
006 (16214011.056.000) 2026-02-16 20:57:56 Image size of job updated: 226180
	221  -  MemoryUsage of job (MB)
	226180  -  ResidentSetSize of job (KB)
...
006 (16214011.056.000) 2026-02-17 03:43:31 Image size of job updated: 226204
	221  -  MemoryUsage of job (MB)
	226204  -  ResidentSetSize of job (KB)
...
006 (16214011.056.000) 2026-02-17 03:48:31 Image size of job updated: 226240
	221  -  MemoryUsage of job (MB)
	226240  -  ResidentSetSize of job (KB)
...
006 (16214011.056.000) 2026-02-17 04:03:33 Image size of job updated: 226256
	221  -  MemoryUsage of job (MB)
	226256  -  ResidentSetSize of job (KB)
...
006 (16214011.056.000) 2026-02-17 04:08:34 Image size of job updated: 226368
	222  -  MemoryUsage of job (MB)
	226368  -  ResidentSetSize of job (KB)
...
006 (16214011.056.000) 2026-02-17 04:13:35 Image size of job updated: 226424
	222  -  MemoryUsage of job (MB)
	226424  -  ResidentSetSize of job (KB)
...
006 (16214011.056.000) 2026-02-17 04:28:37 Image size of job updated: 226472
	222  -  MemoryUsage of job (MB)
	226472  -  ResidentSetSize of job (KB)
...
006 (16214011.056.000) 2026-02-17 04:33:37 Image size of job updated: 226676
	222  -  MemoryUsage of job (MB)
	226676  -  ResidentSetSize of job (KB)
...
006 (16214011.056.000) 2026-02-17 04:58:40 Image size of job updated: 226932
	222  -  MemoryUsage of job (MB)
	226932  -  ResidentSetSize of job (KB)
...
005 (16214011.056.000) 2026-02-17 05:14:13 Job terminated.
	(1) Normal termination (return value 0)
		Usr 0 11:22:18, Sys 0 00:00:18  -  Run Remote Usage
		Usr 0 00:00:00, Sys 0 00:00:00  -  Run Local Usage
		Usr 0 11:22:18, Sys 0 00:00:18  -  Total Remote Usage
		Usr 0 00:00:00, Sys 0 00:00:00  -  Total Local Usage
	0  -  Run Bytes Sent By Job
	0  -  Run Bytes Received By Job
	0  -  Total Bytes Sent By Job
	0  -  Total Bytes Received By Job
	Partitionable Resources :    Usage  Request Allocated 
	   Cpus                 :     0.99        1         1 
	   Disk (KB)            :     1     1024000   1025697 
	   GPUs                 :                           0 
	   Memory (MB)          :   222        5120      5120 
	   TimeExecute (s)      : 41506                       
	   TimeSlotBusy (s)     : 41506                       

	Job terminated of its own accord at 2026-02-17T04:14:13Z with exit-code 0.
...
