~~~~~~~~~~~~~~~~~~~~~~~~~~~~~~

n_qubits: 30, 
r: 29, 
alpha: 0.01, 
shots: 10000, 
ansatz: structure_like_qubo_YZ_2, 
layer: 1, 
tau: 0.3

time for simulated annealing:  36.96337556838989
Rank 1: Bitstring=111101100101000101111000011101, Decimal=1033133597, Energy=-28.6201
Rank 2: Bitstring=111101100101000111111000011101, Decimal=1033141789, Energy=-28.4701
Rank 3: Bitstring=001101100101000001111100001101, Decimal=227811085, Energy=-28.3713
Rank 4: Bitstring=111101100101000101011001011101, Decimal=1033131613, Energy=-28.2433
Rank 5: Bitstring=001101100101000001011101001101, Decimal=227809101, Energy=-27.9945
Rank 6: Bitstring=111101100101010101011001011011, Decimal=1033197147, Energy=-27.6003
Rank 7: Bitstring=111101101100010101010001010011, Decimal=1035031635, Energy=-27.5223
Rank 8: Bitstring=111101100100010101010001010011, Decimal=1032934483, Energy=-27.5177
Rank 9: Bitstring=001101100101010001011101001011, Decimal=227874635, Energy=-27.3515
Rank 10: Bitstring=001101100101000101111000011101, Decimal=227827229, Energy=-27.3377

E_min from simulated annealing:  -28.6201
Minimum energy: -28.6201
States with energy within 1e-08 of minimum: [1033133597]


################## Start optimization with initial parameters: [0. 0. 0. 0. 0. 0. 0. 0. 0. 0. 0. 0. 0. 0. 0. 0. 0. 0. 0. 0. 0. 0. 0. 0.
 0. 0. 0. 0. 0. 0. 0. 0. 0. 0. 0. 0. 0. 0. 0. 0. 0. 0. 0. 0. 0. 0. 0. 0.
 0. 0. 0. 0. 0. 0. 0. 0. 0. 0. 0. 0. 0. 0. 0. 0. 0. 0. 0. 0. 0. 0. 0. 0.
 0. 0. 0. 0. 0. 0. 0. 0. 0. 0. 0. 0. 0. 0. 0. 0. 0. 0. 0. 0. 0. 0. 0. 0.
 0. 0. 0. 0. 0. 0. 0. 0. 0. 0. 0. 0. 0. 0. 0. 0. 0. 0. 0. 0. 0. 0. 0. 0.]
Write sucessfully to ./data/data_shots_10000_layer_1/alpha_0.01/N_30/r_29/ansatz_type_structure_like_qubo_YZ_2/initialization_zeros

vqe.cvar_eval[0]: -14.714692000000014 , min_cvar: -28.620100000000004 , opt_cvar: -28.620100000000004

vqe.poss_eval[-1]: 0.0098 vqe.poss_eval[0] 0  , max_poss: 0.027 , opt_poss: 0.027

vqe.r_eval[-1]: 0.9998951785633173 vqe.r_eval[0]: 0.5141383852607089 max_r: 1.0000000000000002 , min_r: 0.4846129119045707
