000 (15756407.093.000) 2026-02-06 11:26:09 Job submitted from host: <141.34.103.35:9618?addrs=141.34.103.35-9618+[2001-638-700-f067--1-23]-9618&alias=wgs39.zeuthen.desy.de&noUDP&sock=schedd_7414_f73f>
...
001 (15756407.093.000) 2026-02-08 15:57:33 Job executing on host: <141.34.15.219:9618?addrs=141.34.15.219-9618+[2001-638-700-f00f--1-db]-9618&alias=pizza27.zeuthen.desy.de&noUDP&sock=startd_9020_8c58>
	SlotName: slot1_8@pizza27.zeuthen.desy.de
	CondorScratchDir = "/batch/dir_1050039"
	Cpus = 8
	Disk = 1025696
	GPUs = 0
	Memory = 16384
...
006 (15756407.093.000) 2026-02-08 15:57:40 Image size of job updated: 84
	0  -  MemoryUsage of job (MB)
	0  -  ResidentSetSize of job (KB)
...
005 (15756407.093.000) 2026-02-08 15:57:40 Job terminated.
	(1) Normal termination (return value 1)
		Usr 0 00:00:02, Sys 0 00:00:00  -  Run Remote Usage
		Usr 0 00:00:00, Sys 0 00:00:00  -  Run Local Usage
		Usr 0 00:00:02, Sys 0 00:00:00  -  Total Remote Usage
		Usr 0 00:00:00, Sys 0 00:00:00  -  Total Local Usage
	0  -  Run Bytes Sent By Job
	0  -  Run Bytes Received By Job
	0  -  Total Bytes Sent By Job
	0  -  Total Bytes Received By Job
	Partitionable Resources :    Usage  Request Allocated 
	   Cpus                 :        0        8         8 
	   Disk (KB)            :        1  1024000   1025696 
	   GPUs                 :                           0 
	   Memory (MB)          :        0    16384     16384 
	   TimeExecute (s)      :        7                    
	   TimeSlotBusy (s)     :        7                    

	Job terminated of its own accord at 2026-02-08T14:57:40Z with exit-code 1.
...
000 (15949294.062.000) 2026-02-10 11:45:18 Job submitted from host: <141.34.103.35:9618?addrs=141.34.103.35-9618+[2001-638-700-f067--1-23]-9618&alias=wgs39.zeuthen.desy.de&noUDP&sock=schedd_7302_24a3>
...
009 (15949294.062.000) 2026-02-10 11:45:46 Job was aborted.
	via condor_rm (by user tuccia)
...
000 (15949295.062.000) 2026-02-10 11:46:04 Job submitted from host: <141.34.103.35:9618?addrs=141.34.103.35-9618+[2001-638-700-f067--1-23]-9618&alias=wgs39.zeuthen.desy.de&noUDP&sock=schedd_7302_24a3>
...
001 (15949295.062.000) 2026-02-10 11:47:35 Job executing on host: <141.34.15.48:9618?addrs=141.34.15.48-9618+[2001-638-700-f00f--1-30]-9618&alias=pizza19.zeuthen.desy.de&noUDP&sock=startd_8419_4fed>
	SlotName: slot1_5@pizza19.zeuthen.desy.de
	CondorScratchDir = "/batch/dir_2473021"
	Cpus = 8
	Disk = 1025696
	GPUs = 0
	Memory = 16384
...
006 (15949295.062.000) 2026-02-10 11:47:42 Image size of job updated: 144
	0  -  MemoryUsage of job (MB)
	0  -  ResidentSetSize of job (KB)
...
005 (15949295.062.000) 2026-02-10 11:47:42 Job terminated.
	(1) Normal termination (return value 1)
		Usr 0 00:00:02, Sys 0 00:00:00  -  Run Remote Usage
		Usr 0 00:00:00, Sys 0 00:00:00  -  Run Local Usage
		Usr 0 00:00:02, Sys 0 00:00:00  -  Total Remote Usage
		Usr 0 00:00:00, Sys 0 00:00:00  -  Total Local Usage
	0  -  Run Bytes Sent By Job
	0  -  Run Bytes Received By Job
	0  -  Total Bytes Sent By Job
	0  -  Total Bytes Received By Job
	Partitionable Resources :    Usage  Request Allocated 
	   Cpus                 :                 8         8 
	   Disk (KB)            :        1  1024000   1025696 
	   GPUs                 :                           0 
	   Memory (MB)          :        0    16384     16384 
	   TimeExecute (s)      :        7                    
	   TimeSlotBusy (s)     :        7                    

	Job terminated of its own accord at 2026-02-10T10:47:42Z with exit-code 1.
...
000 (16213981.125.000) 2026-02-16 17:41:21 Job submitted from host: <141.34.103.35:9618?addrs=141.34.103.35-9618+[2001-638-700-f067--1-23]-9618&alias=wgs39.zeuthen.desy.de&noUDP&sock=schedd_7302_24a3>
...
001 (16213981.125.000) 2026-02-16 17:41:46 Job executing on host: <141.34.14.37:9618?addrs=141.34.14.37-9618+[2001-638-700-f00e--1-25]-9618&alias=amphion.zeuthen.desy.de&noUDP&sock=startd_8755_c7bf>
	SlotName: slot1_18@amphion.zeuthen.desy.de
	AvailableGPUs = {  }
	CondorScratchDir = "/batch/dir_3501208"
	Cpus = 1
	Disk = 1025682
	GPUs = 0
	Memory = 5120
...
006 (16213981.125.000) 2026-02-16 17:42:00 Image size of job updated: 89952
	88  -  MemoryUsage of job (MB)
	89952  -  ResidentSetSize of job (KB)
...
006 (16213981.125.000) 2026-02-16 17:47:01 Image size of job updated: 209308
	205  -  MemoryUsage of job (MB)
	209308  -  ResidentSetSize of job (KB)
...
006 (16213981.125.000) 2026-02-16 17:52:01 Image size of job updated: 217716
	213  -  MemoryUsage of job (MB)
	217716  -  ResidentSetSize of job (KB)
...
006 (16213981.125.000) 2026-02-16 17:57:01 Image size of job updated: 218052
	213  -  MemoryUsage of job (MB)
	218052  -  ResidentSetSize of job (KB)
...
006 (16213981.125.000) 2026-02-16 18:47:07 Image size of job updated: 218092
	213  -  MemoryUsage of job (MB)
	218092  -  ResidentSetSize of job (KB)
...
006 (16213981.125.000) 2026-02-16 18:52:07 Image size of job updated: 218136
	214  -  MemoryUsage of job (MB)
	218136  -  ResidentSetSize of job (KB)
...
006 (16213981.125.000) 2026-02-16 18:57:08 Image size of job updated: 218144
	214  -  MemoryUsage of job (MB)
	218144  -  ResidentSetSize of job (KB)
...
006 (16213981.125.000) 2026-02-16 19:17:09 Image size of job updated: 218352
	214  -  MemoryUsage of job (MB)
	218352  -  ResidentSetSize of job (KB)
...
006 (16213981.125.000) 2026-02-16 19:27:10 Image size of job updated: 218488
	214  -  MemoryUsage of job (MB)
	218488  -  ResidentSetSize of job (KB)
...
006 (16213981.125.000) 2026-02-16 19:37:11 Image size of job updated: 218492
	214  -  MemoryUsage of job (MB)
	218492  -  ResidentSetSize of job (KB)
...
006 (16213981.125.000) 2026-02-16 22:42:36 Image size of job updated: 218496
	214  -  MemoryUsage of job (MB)
	218496  -  ResidentSetSize of job (KB)
...
005 (16213981.125.000) 2026-02-17 01:33:28 Job terminated.
	(1) Normal termination (return value 0)
		Usr 0 07:46:08, Sys 0 00:00:06  -  Run Remote Usage
		Usr 0 00:00:00, Sys 0 00:00:00  -  Run Local Usage
		Usr 0 07:46:08, Sys 0 00:00:06  -  Total Remote Usage
		Usr 0 00:00:00, Sys 0 00:00:00  -  Total Local Usage
	0  -  Run Bytes Sent By Job
	0  -  Run Bytes Received By Job
	0  -  Total Bytes Sent By Job
	0  -  Total Bytes Received By Job
	Partitionable Resources :    Usage  Request Allocated 
	   Cpus                 :     0.99        1         1 
	   Disk (KB)            :     1     1024000   1025682 
	   GPUs                 :                           0 
	   Memory (MB)          :   214        5120      5120 
	   TimeExecute (s)      : 28302                       
	   TimeSlotBusy (s)     : 28302                       

	Job terminated of its own accord at 2026-02-17T00:33:28Z with exit-code 0.
...
