~~~~~~~~~~~~~~~~~~~~~~~~~~~~~~

n_qubits: 30, 
r: 35, 
alpha: 0.001, 
shots: 100000, 
ansatz: structure_like_qubo_YZ_2, 
layer: 1, 
tau: 0.3

time for simulated annealing:  36.17486643791199
Rank 1: Bitstring=110000110111010001010111011110, Decimal=819795422, Energy=-27.3383
Rank 2: Bitstring=110000110110010001010111011100, Decimal=819533276, Energy=-26.0609
Rank 3: Bitstring=110000110110010000010111111100, Decimal=819529212, Energy=-25.9939
Rank 4: Bitstring=110001110110010001010111111100, Decimal=836310524, Energy=-25.0499

E_min from simulated annealing:  -27.3383
Minimum energy: -27.3383
States with energy within 1e-08 of minimum: [819795422]


################## Start optimization with initial parameters: [0. 0. 0. 0. 0. 0. 0. 0. 0. 0. 0. 0. 0. 0. 0. 0. 0. 0. 0. 0. 0. 0. 0. 0.
 0. 0. 0. 0. 0. 0. 0. 0. 0. 0. 0. 0. 0. 0. 0. 0. 0. 0. 0. 0. 0. 0. 0. 0.
 0. 0. 0. 0. 0. 0. 0. 0. 0. 0. 0. 0. 0. 0. 0. 0. 0. 0. 0. 0. 0. 0. 0. 0.
 0. 0. 0. 0. 0. 0. 0. 0. 0. 0. 0. 0. 0. 0. 0. 0. 0. 0. 0. 0. 0. 0. 0. 0.
 0. 0. 0. 0. 0. 0. 0. 0. 0. 0. 0. 0. 0. 0. 0. 0. 0. 0. 0. 0. 0. 0. 0. 0.]
Write sucessfully to ./data/data_shots_100000_layer_1/alpha_0.001/N_30/r_35/ansatz_type_structure_like_qubo_YZ_2/initialization_zeros

vqe.cvar_eval[0]: -16.39265199999997 , min_cvar: -27.3383 , opt_cvar: -27.3383

vqe.poss_eval[-1]: 0.00099 vqe.poss_eval[0] 0  , max_poss: 0.00614 , opt_poss: 0.00614

vqe.r_eval[-1]: 0.9999234041619267 vqe.r_eval[0]: 0.5996222149877634 max_r: 1.0 , min_r: 0.5873714898146546
