000 (15756404.127.000) 2026-02-06 11:24:34 Job submitted from host: <141.34.103.35:9618?addrs=141.34.103.35-9618+[2001-638-700-f067--1-23]-9618&alias=wgs39.zeuthen.desy.de&noUDP&sock=schedd_7414_f73f>
...
001 (15756404.127.000) 2026-02-06 11:30:46 Job executing on host: <141.34.103.54:9618?addrs=141.34.103.54-9618+[2001-638-700-f067--1-36]-9618&alias=wgs44.zeuthen.desy.de&noUDP&sock=startd_7775_94ef>
	SlotName: slot1_16@wgs44.zeuthen.desy.de
	CondorScratchDir = "/batch/dir_1248453"
	Cpus = 8
	Disk = 1025025
	GPUs = 0
	Memory = 16384
...
006 (15756404.127.000) 2026-02-06 11:30:53 Image size of job updated: 156
	0  -  MemoryUsage of job (MB)
	0  -  ResidentSetSize of job (KB)
...
005 (15756404.127.000) 2026-02-06 11:30:53 Job terminated.
	(1) Normal termination (return value 1)
		Usr 0 00:00:02, Sys 0 00:00:00  -  Run Remote Usage
		Usr 0 00:00:00, Sys 0 00:00:00  -  Run Local Usage
		Usr 0 00:00:02, Sys 0 00:00:00  -  Total Remote Usage
		Usr 0 00:00:00, Sys 0 00:00:00  -  Total Local Usage
	0  -  Run Bytes Sent By Job
	0  -  Run Bytes Received By Job
	0  -  Total Bytes Sent By Job
	0  -  Total Bytes Received By Job
	Partitionable Resources :    Usage  Request Allocated 
	   Cpus                 :        0        8         8 
	   Disk (KB)            :        1  1024000   1025025 
	   GPUs                 :                           0 
	   Memory (MB)          :        0    16384     16384 
	   TimeExecute (s)      :        7                    
	   TimeSlotBusy (s)     :        7                    

	Job terminated of its own accord at 2026-02-06T10:30:53Z with exit-code 1.
...
000 (16213981.170.000) 2026-02-16 17:41:21 Job submitted from host: <141.34.103.35:9618?addrs=141.34.103.35-9618+[2001-638-700-f067--1-23]-9618&alias=wgs39.zeuthen.desy.de&noUDP&sock=schedd_7302_24a3>
...
001 (16213981.170.000) 2026-02-16 17:41:49 Job executing on host: <141.34.15.83:9618?addrs=141.34.15.83-9618+[2001-638-700-f00f--1-53]-9618&alias=genoa07.zeuthen.desy.de&noUDP&sock=startd_10269_4222>
	SlotName: slot1_45@genoa07.zeuthen.desy.de
	CondorScratchDir = "/batch/dir_1831798"
	Cpus = 1
	Disk = 1025681
	GPUs = 0
	Memory = 5120
...
006 (16213981.170.000) 2026-02-16 17:42:03 Image size of job updated: 87948
	86  -  MemoryUsage of job (MB)
	87948  -  ResidentSetSize of job (KB)
...
006 (16213981.170.000) 2026-02-16 17:47:04 Image size of job updated: 255340
	243  -  MemoryUsage of job (MB)
	248368  -  ResidentSetSize of job (KB)
...
006 (16213981.170.000) 2026-02-16 17:52:04 Image size of job updated: 256420
	251  -  MemoryUsage of job (MB)
	256216  -  ResidentSetSize of job (KB)
...
006 (16213981.170.000) 2026-02-16 18:02:06 Image size of job updated: 256420
	251  -  MemoryUsage of job (MB)
	256248  -  ResidentSetSize of job (KB)
...
006 (16213981.170.000) 2026-02-16 18:07:06 Image size of job updated: 256420
	251  -  MemoryUsage of job (MB)
	256264  -  ResidentSetSize of job (KB)
...
006 (16213981.170.000) 2026-02-16 18:12:07 Image size of job updated: 256420
	251  -  MemoryUsage of job (MB)
	256300  -  ResidentSetSize of job (KB)
...
006 (16213981.170.000) 2026-02-16 18:22:08 Image size of job updated: 256420
	251  -  MemoryUsage of job (MB)
	256308  -  ResidentSetSize of job (KB)
...
006 (16213981.170.000) 2026-02-16 18:52:10 Image size of job updated: 257060
	252  -  MemoryUsage of job (MB)
	257060  -  ResidentSetSize of job (KB)
...
006 (16213981.170.000) 2026-02-16 20:02:19 Image size of job updated: 257276
	252  -  MemoryUsage of job (MB)
	257276  -  ResidentSetSize of job (KB)
...
005 (16213981.170.000) 2026-02-16 21:54:55 Job terminated.
	(1) Normal termination (return value 0)
		Usr 0 04:08:21, Sys 0 00:00:04  -  Run Remote Usage
		Usr 0 00:00:00, Sys 0 00:00:00  -  Run Local Usage
		Usr 0 04:08:21, Sys 0 00:00:04  -  Total Remote Usage
		Usr 0 00:00:00, Sys 0 00:00:00  -  Total Local Usage
	0  -  Run Bytes Sent By Job
	0  -  Run Bytes Received By Job
	0  -  Total Bytes Sent By Job
	0  -  Total Bytes Received By Job
	Partitionable Resources :    Usage  Request Allocated 
	   Cpus                 :     0.96        1         1 
	   Disk (KB)            :     1     1024000   1025681 
	   GPUs                 :                           0 
	   Memory (MB)          :   252        5120      5120 
	   TimeExecute (s)      : 15186                       
	   TimeSlotBusy (s)     : 15187                       

	Job terminated of its own accord at 2026-02-16T20:54:55Z with exit-code 0.
...
