~~~~~~~~~~~~~~~~~~~~~~~~~~~~~~

n_qubits: 30, 
r: 66, 
alpha: 0.01, 
shots: 10000, 
ansatz: structure_like_qubo_YZ_2, 
layer: 1, 
tau: 0.3

time for simulated annealing:  46.04709196090698
Rank 1: Bitstring=100100011011111110111100011010, Decimal=611315482, Energy=-19.8201
Rank 2: Bitstring=100100011011111110111100011011, Decimal=611315483, Energy=-19.7561
Rank 3: Bitstring=100100001011111110111100001011, Decimal=607121163, Energy=-19.6653
Rank 4: Bitstring=100101011011111100111100011010, Decimal=628084506, Energy=-19.6365
Rank 5: Bitstring=110001011011111100111100011000, Decimal=829411096, Energy=-19.5513
Rank 6: Bitstring=110001011011111100111110011000, Decimal=829411224, Energy=-19.3967
Rank 7: Bitstring=000100011011111111111100011010, Decimal=74448666, Energy=-19.3737
Rank 8: Bitstring=000100011011111111111100011011, Decimal=74448667, Energy=-19.3097
Rank 9: Bitstring=000100111011111111111100011010, Decimal=82837274, Energy=-19.3035
Rank 10: Bitstring=000100111011111111111100011011, Decimal=82837275, Energy=-19.2395

E_min from simulated annealing:  -19.8201
Minimum energy: -19.8201
States with energy within 1e-08 of minimum: [611315482]

warm start fidelity ((np.float64(-18.8201), 611249946), 0.0001)


################## Start optimization with initial parameters: [np.float64(0.17224423055957724), np.float64(-0.4006751042427723), np.float64(-0.08718971476440436), np.float64(0.4926159442353241), np.float64(0.01931881804451695), np.float64(-0.42173830158070286), np.float64(-0.3888229300488346), np.float64(-0.2681147249541452), np.float64(0.3358688655604777), np.float64(0.4670718474887662), np.float64(0.5562295297239103), np.float64(-0.2888252359535034), np.float64(-0.22979499167270528), np.float64(0.06469498675436187), np.float64(-0.33994453731233476), np.float64(-0.05259583465376821), np.float64(-0.22441651633263332), np.float64(0.5361290659965638), np.float64(0.23744173926846146), np.float64(0.467661029023892), np.float64(-0.3470628255762312), np.float64(-0.3405100814663555), np.float64(0.028256268176867043), np.float64(-0.3854338965153344), np.float64(0.47348956607369797), np.float64(-0.26637859575983946), np.float64(-0.13322554244167711), np.float64(0.23983199111323972), np.float64(-0.3394353596455457), np.float64(-0.30053774424400936), np.float64(-0.07579019985684095), np.float64(-0.07579019985684095), np.float64(-0.12428718772637513), np.float64(-0.12428718772637513), np.float64(0.11487197414044141), np.float64(0.11487197414044141), np.float64(0.11054382029488664), np.float64(0.11054382029488664), np.float64(-0.17624779769329785), np.float64(-0.17624779769329785), np.float64(-0.07317927718199815), np.float64(-0.07317927718199815), np.float64(0.13455466431582477), np.float64(0.13455466431582477), np.float64(0.05455234289406807), np.float64(0.05455234289406807), np.float64(0.10951894999906694), np.float64(0.10951894999906694), np.float64(0.15299657542079884), np.float64(0.15299657542079884), np.float64(-0.016077236560955742), np.float64(-0.016077236560955742), np.float64(-0.10065748683504347), np.float64(-0.10065748683504347), np.float64(-0.25192075945796955), np.float64(-0.25192075945796955), np.float64(-0.11630302396987446), np.float64(-0.11630302396987446), np.float64(0.13041381253475337), np.float64(0.13041381253475337), np.float64(0.15676856142243714), np.float64(0.15676856142243714), np.float64(0.022912010030946155), np.float64(0.022912010030946155), np.float64(-0.16896338016084014), np.float64(-0.16896338016084014), np.float64(0.01556750936465485), np.float64(0.01556750936465485), np.float64(0.2742024040659311), np.float64(0.2742024040659311), np.float64(-0.22468266371212156), np.float64(-0.22468266371212156), np.float64(0.0977749025950508), np.float64(0.0977749025950508), np.float64(0.05198691610765286), np.float64(0.05198691610765286), np.float64(-0.09485950516204461), np.float64(-0.09485950516204461), np.float64(0.05216583224962165), np.float64(0.05216583224962165), np.float64(0.050017078197553966), np.float64(0.050017078197553966), np.float64(0.04816593429484831), np.float64(0.04816593429484831), np.float64(-0.15485511668828847), np.float64(-0.15485511668828847), np.float64(-0.11770391895628457), np.float64(-0.11770391895628457), np.float64(0.27675857385287006), np.float64(0.27675857385287006), np.float64(-0.1444767106659903), np.float64(-0.1444767106659903), np.float64(-0.13157306393561222), np.float64(-0.13157306393561222), np.float64(0.1526817333793825), np.float64(0.1526817333793825), np.float64(0.2794084092697146), np.float64(0.2794084092697146), np.float64(-0.07466297922715832), np.float64(-0.07466297922715832), np.float64(0.07442555523454013), np.float64(0.07442555523454013), np.float64(-0.08464555131358752), np.float64(-0.08464555131358752), np.float64(0.1163323164306297), np.float64(0.1163323164306297), np.float64(0.2212994496833596), np.float64(0.2212994496833596), np.float64(-0.17359817763249147), np.float64(-0.17359817763249147), np.float64(-0.19320246904693855), np.float64(-0.19320246904693855), np.float64(-0.057623092785754226), np.float64(-0.057623092785754226), np.float64(0.0653941612192633), np.float64(0.0653941612192633), np.float64(-0.07196208384954578), np.float64(-0.07196208384954578), np.float64(-0.03129974442146626), np.float64(-0.03129974442146626)]
Write sucessfully to ./data/data_shots_10000_layer_1/alpha_0.01/N_30/r_66/ansatz_type_structure_like_qubo_YZ_2/initialization_warm_start_analy

vqe.cvar_eval[0]: -17.098964000000013 , min_cvar: -19.8201 , opt_cvar: -19.8201

vqe.poss_eval[-1]: 0.0147 vqe.poss_eval[0] 0  , max_poss: 0.0319 , opt_poss: 0.0319

vqe.r_eval[-1]: 1.0 vqe.r_eval[0]: 0.8627082608059502 max_r: 1.0 , min_r: 0.8368646979581338
