000 (15756407.064.000) 2026-02-06 11:26:09 Job submitted from host: <141.34.103.35:9618?addrs=141.34.103.35-9618+[2001-638-700-f067--1-23]-9618&alias=wgs39.zeuthen.desy.de&noUDP&sock=schedd_7414_f73f>
...
001 (15756407.064.000) 2026-02-08 15:51:58 Job executing on host: <141.34.15.43:9618?addrs=141.34.15.43-9618+[2001-638-700-f00f--1-2b]-9618&alias=pizza14.zeuthen.desy.de&noUDP&sock=startd_8340_1ff1>
	SlotName: slot1_5@pizza14.zeuthen.desy.de
	CondorScratchDir = "/batch/dir_18704"
	Cpus = 8
	Disk = 1025696
	GPUs = 0
	Memory = 16384
...
006 (15756407.064.000) 2026-02-08 15:52:05 Image size of job updated: 76
	0  -  MemoryUsage of job (MB)
	0  -  ResidentSetSize of job (KB)
...
005 (15756407.064.000) 2026-02-08 15:52:05 Job terminated.
	(1) Normal termination (return value 1)
		Usr 0 00:00:02, Sys 0 00:00:00  -  Run Remote Usage
		Usr 0 00:00:00, Sys 0 00:00:00  -  Run Local Usage
		Usr 0 00:00:02, Sys 0 00:00:00  -  Total Remote Usage
		Usr 0 00:00:00, Sys 0 00:00:00  -  Total Local Usage
	0  -  Run Bytes Sent By Job
	0  -  Run Bytes Received By Job
	0  -  Total Bytes Sent By Job
	0  -  Total Bytes Received By Job
	Partitionable Resources :    Usage  Request Allocated 
	   Cpus                 :        0        8         8 
	   Disk (KB)            :        1  1024000   1025696 
	   GPUs                 :                           0 
	   Memory (MB)          :        0    16384     16384 
	   TimeExecute (s)      :        7                    
	   TimeSlotBusy (s)     :        7                    

	Job terminated of its own accord at 2026-02-08T14:52:05Z with exit-code 1.
...
000 (15949294.043.000) 2026-02-10 11:45:18 Job submitted from host: <141.34.103.35:9618?addrs=141.34.103.35-9618+[2001-638-700-f067--1-23]-9618&alias=wgs39.zeuthen.desy.de&noUDP&sock=schedd_7302_24a3>
...
009 (15949294.043.000) 2026-02-10 11:45:46 Job was aborted.
	via condor_rm (by user tuccia)
...
000 (15949295.043.000) 2026-02-10 11:46:04 Job submitted from host: <141.34.103.35:9618?addrs=141.34.103.35-9618+[2001-638-700-f067--1-23]-9618&alias=wgs39.zeuthen.desy.de&noUDP&sock=schedd_7302_24a3>
...
001 (15949295.043.000) 2026-02-10 11:47:34 Job executing on host: <141.34.15.46:9618?addrs=141.34.15.46-9618+[2001-638-700-f00f--1-2e]-9618&alias=pizza17.zeuthen.desy.de&noUDP&sock=startd_8231_5c1f>
	SlotName: slot1_6@pizza17.zeuthen.desy.de
	CondorScratchDir = "/batch/dir_2930453"
	Cpus = 8
	Disk = 1025696
	GPUs = 0
	Memory = 16384
...
006 (15949295.043.000) 2026-02-10 11:47:41 Image size of job updated: 216
	0  -  MemoryUsage of job (MB)
	0  -  ResidentSetSize of job (KB)
...
005 (15949295.043.000) 2026-02-10 11:47:41 Job terminated.
	(1) Normal termination (return value 1)
		Usr 0 00:00:03, Sys 0 00:00:00  -  Run Remote Usage
		Usr 0 00:00:00, Sys 0 00:00:00  -  Run Local Usage
		Usr 0 00:00:03, Sys 0 00:00:00  -  Total Remote Usage
		Usr 0 00:00:00, Sys 0 00:00:00  -  Total Local Usage
	0  -  Run Bytes Sent By Job
	0  -  Run Bytes Received By Job
	0  -  Total Bytes Sent By Job
	0  -  Total Bytes Received By Job
	Partitionable Resources :    Usage  Request Allocated 
	   Cpus                 :        0        8         8 
	   Disk (KB)            :        1  1024000   1025696 
	   GPUs                 :                           0 
	   Memory (MB)          :        0    16384     16384 
	   TimeExecute (s)      :        7                    
	   TimeSlotBusy (s)     :        7                    

	Job terminated of its own accord at 2026-02-10T10:47:41Z with exit-code 1.
...
000 (16213981.087.000) 2026-02-16 17:41:20 Job submitted from host: <141.34.103.35:9618?addrs=141.34.103.35-9618+[2001-638-700-f067--1-23]-9618&alias=wgs39.zeuthen.desy.de&noUDP&sock=schedd_7302_24a3>
...
001 (16213981.087.000) 2026-02-16 17:41:47 Job executing on host: <141.34.14.34:9618?addrs=141.34.14.34-9618+[2001-638-700-f00e--1-22]-9618&alias=ampere03.zeuthen.desy.de&noUDP&sock=startd_7876_dc00>
	SlotName: slot1_23@ampere03.zeuthen.desy.de
	AvailableGPUs = {  }
	CondorScratchDir = "/batch/dir_1061628"
	Cpus = 1
	Disk = 1025682
	GPUs = 0
	Memory = 5120
...
006 (16213981.087.000) 2026-02-16 17:42:01 Image size of job updated: 89932
	88  -  MemoryUsage of job (MB)
	89932  -  ResidentSetSize of job (KB)
...
006 (16213981.087.000) 2026-02-16 17:47:02 Image size of job updated: 257936
	243  -  MemoryUsage of job (MB)
	248676  -  ResidentSetSize of job (KB)
...
006 (16213981.087.000) 2026-02-16 17:52:02 Image size of job updated: 258532
	250  -  MemoryUsage of job (MB)
	255212  -  ResidentSetSize of job (KB)
...
006 (16213981.087.000) 2026-02-16 17:57:02 Image size of job updated: 258532
	253  -  MemoryUsage of job (MB)
	258524  -  ResidentSetSize of job (KB)
...
006 (16213981.087.000) 2026-02-16 18:02:03 Image size of job updated: 259576
	254  -  MemoryUsage of job (MB)
	259576  -  ResidentSetSize of job (KB)
...
006 (16213981.087.000) 2026-02-16 18:07:03 Image size of job updated: 259604
	254  -  MemoryUsage of job (MB)
	259604  -  ResidentSetSize of job (KB)
...
006 (16213981.087.000) 2026-02-16 18:12:03 Image size of job updated: 261688
	256  -  MemoryUsage of job (MB)
	261688  -  ResidentSetSize of job (KB)
...
006 (16213981.087.000) 2026-02-16 18:17:04 Image size of job updated: 263360
	258  -  MemoryUsage of job (MB)
	263360  -  ResidentSetSize of job (KB)
...
006 (16213981.087.000) 2026-02-16 18:22:04 Image size of job updated: 264260
	259  -  MemoryUsage of job (MB)
	264260  -  ResidentSetSize of job (KB)
...
006 (16213981.087.000) 2026-02-16 18:32:05 Image size of job updated: 264264
	259  -  MemoryUsage of job (MB)
	264264  -  ResidentSetSize of job (KB)
...
006 (16213981.087.000) 2026-02-16 18:37:05 Image size of job updated: 266572
	261  -  MemoryUsage of job (MB)
	266572  -  ResidentSetSize of job (KB)
...
006 (16213981.087.000) 2026-02-16 18:47:06 Image size of job updated: 267200
	261  -  MemoryUsage of job (MB)
	267200  -  ResidentSetSize of job (KB)
...
006 (16213981.087.000) 2026-02-16 19:22:09 Image size of job updated: 267204
	261  -  MemoryUsage of job (MB)
	267204  -  ResidentSetSize of job (KB)
...
006 (16213981.087.000) 2026-02-16 19:52:13 Image size of job updated: 268840
	263  -  MemoryUsage of job (MB)
	268840  -  ResidentSetSize of job (KB)
...
006 (16213981.087.000) 2026-02-16 19:57:14 Image size of job updated: 268988
	263  -  MemoryUsage of job (MB)
	268988  -  ResidentSetSize of job (KB)
...
006 (16213981.087.000) 2026-02-16 20:02:15 Image size of job updated: 269260
	263  -  MemoryUsage of job (MB)
	269260  -  ResidentSetSize of job (KB)
...
006 (16213981.087.000) 2026-02-16 20:17:17 Image size of job updated: 269288
	263  -  MemoryUsage of job (MB)
	269288  -  ResidentSetSize of job (KB)
...
006 (16213981.087.000) 2026-02-16 22:32:33 Image size of job updated: 269304
	263  -  MemoryUsage of job (MB)
	269304  -  ResidentSetSize of job (KB)
...
006 (16213981.087.000) 2026-02-16 22:47:34 Image size of job updated: 269352
	264  -  MemoryUsage of job (MB)
	269352  -  ResidentSetSize of job (KB)
...
006 (16213981.087.000) 2026-02-16 22:52:34 Image size of job updated: 269384
	264  -  MemoryUsage of job (MB)
	269384  -  ResidentSetSize of job (KB)
...
006 (16213981.087.000) 2026-02-17 01:02:50 Image size of job updated: 269392
	264  -  MemoryUsage of job (MB)
	269392  -  ResidentSetSize of job (KB)
...
006 (16213981.087.000) 2026-02-17 01:17:51 Image size of job updated: 269476
	264  -  MemoryUsage of job (MB)
	269476  -  ResidentSetSize of job (KB)
...
006 (16213981.087.000) 2026-02-17 10:18:45 Image size of job updated: 269484
	264  -  MemoryUsage of job (MB)
	269484  -  ResidentSetSize of job (KB)
...
006 (16213981.087.000) 2026-02-18 01:45:17 Image size of job updated: 269508
	264  -  MemoryUsage of job (MB)
	269508  -  ResidentSetSize of job (KB)
...
004 (16213981.087.000) 2026-02-18 10:33:50 Job was evicted.
	(0) CPU times
		Usr 1 16:09:00, Sys 0 00:04:31  -  Run Remote Usage
		Usr 0 00:00:00, Sys 0 00:00:00  -  Run Local Usage
	0  -  Run Bytes Sent By Job
	0  -  Run Bytes Received By Job
	Partitionable Resources :     Usage  Request Allocated 
	   Cpus                 :      0.99        1         1 
	   Disk (KB)            :      1     1024000   1025682 
	   GPUs                 :                            0 
	   Memory (MB)          :    264        5120      5120 
	   TimeExecute (s)      : 147121                       
	   TimeSlotBusy (s)     : 147124                       
...
009 (16213981.087.000) 2026-02-18 10:33:50 Job was aborted.
	via condor_rm (by user tuccia)
...
