000 (15756408.064.000) 2026-02-06 11:26:56 Job submitted from host: <141.34.103.35:9618?addrs=141.34.103.35-9618+[2001-638-700-f067--1-23]-9618&alias=wgs39.zeuthen.desy.de&noUDP&sock=schedd_7414_f73f>
...
001 (15756408.064.000) 2026-02-10 11:42:53 Job executing on host: <141.34.15.200:9618?addrs=141.34.15.200-9618+[2001-638-700-f00f--1-c8]-9618&alias=pizza02.zeuthen.desy.de&noUDP&sock=startd_8244_46da>
	SlotName: slot1_3@pizza02.zeuthen.desy.de
	CondorScratchDir = "/batch/dir_1402521"
	Cpus = 8
	Disk = 1025696
	GPUs = 0
	Memory = 16384
...
006 (15756408.064.000) 2026-02-10 11:43:07 Image size of job updated: 66900
	66  -  MemoryUsage of job (MB)
	66900  -  ResidentSetSize of job (KB)
...
006 (15756408.064.000) 2026-02-10 11:43:11 Image size of job updated: 69244
	66  -  MemoryUsage of job (MB)
	66900  -  ResidentSetSize of job (KB)
...
005 (15756408.064.000) 2026-02-10 11:43:12 Job terminated.
	(1) Normal termination (return value 1)
		Usr 0 00:00:03, Sys 0 00:00:01  -  Run Remote Usage
		Usr 0 00:00:00, Sys 0 00:00:00  -  Run Local Usage
		Usr 0 00:00:03, Sys 0 00:00:01  -  Total Remote Usage
		Usr 0 00:00:00, Sys 0 00:00:00  -  Total Local Usage
	0  -  Run Bytes Sent By Job
	0  -  Run Bytes Received By Job
	0  -  Total Bytes Sent By Job
	0  -  Total Bytes Received By Job
	Partitionable Resources :    Usage  Request Allocated 
	   Cpus                 :        0        8         8 
	   Disk (KB)            :        1  1024000   1025696 
	   GPUs                 :                           0 
	   Memory (MB)          :       66    16384     16384 
	   TimeExecute (s)      :       18                    
	   TimeSlotBusy (s)     :       18                    

	Job terminated of its own accord at 2026-02-10T10:43:11Z with exit-code 1.
...
000 (15951004.043.000) 2026-02-10 16:30:01 Job submitted from host: <141.34.103.35:9618?addrs=141.34.103.35-9618+[2001-638-700-f067--1-23]-9618&alias=wgs39.zeuthen.desy.de&noUDP&sock=schedd_7302_24a3>
...
001 (15951004.043.000) 2026-02-10 18:10:30 Job executing on host: <141.34.15.81:9618?addrs=141.34.15.81-9618+[2001-638-700-f00f--1-51]-9618&alias=genoa06.zeuthen.desy.de&noUDP&sock=startd_10377_565c>
	SlotName: slot1_63@genoa06.zeuthen.desy.de
	CondorScratchDir = "/batch/dir_1529353"
	Cpus = 1
	Disk = 1025681
	GPUs = 0
	Memory = 5120
...
006 (15951004.043.000) 2026-02-10 18:10:37 Image size of job updated: 88
	0  -  MemoryUsage of job (MB)
	0  -  ResidentSetSize of job (KB)
...
005 (15951004.043.000) 2026-02-10 18:10:37 Job terminated.
	(1) Normal termination (return value 1)
		Usr 0 00:00:01, Sys 0 00:00:00  -  Run Remote Usage
		Usr 0 00:00:00, Sys 0 00:00:00  -  Run Local Usage
		Usr 0 00:00:01, Sys 0 00:00:00  -  Total Remote Usage
		Usr 0 00:00:00, Sys 0 00:00:00  -  Total Local Usage
	0  -  Run Bytes Sent By Job
	0  -  Run Bytes Received By Job
	0  -  Total Bytes Sent By Job
	0  -  Total Bytes Received By Job
	Partitionable Resources :    Usage  Request Allocated 
	   Cpus                 :        0        1         1 
	   Disk (KB)            :        1  1024000   1025681 
	   GPUs                 :                           0 
	   Memory (MB)          :        0     5120      5120 
	   TimeExecute (s)      :        7                    
	   TimeSlotBusy (s)     :        7                    

	Job terminated of its own accord at 2026-02-10T17:10:37Z with exit-code 1.
...
000 (15988842.043.000) 2026-02-11 11:12:46 Job submitted from host: <141.34.103.35:9618?addrs=141.34.103.35-9618+[2001-638-700-f067--1-23]-9618&alias=wgs39.zeuthen.desy.de&noUDP&sock=schedd_7302_24a3>
...
001 (15988842.043.000) 2026-02-11 11:30:41 Job executing on host: <141.34.14.36:9618?addrs=141.34.14.36-9618+[2001-638-700-f00e--1-24]-9618&alias=ampere05.zeuthen.desy.de&noUDP&sock=startd_7453_b770>
	SlotName: slot1_22@ampere05.zeuthen.desy.de
	AvailableGPUs = {  }
	CondorScratchDir = "/batch/dir_1798894"
	Cpus = 1
	Disk = 1025682
	GPUs = 0
	Memory = 5120
...
006 (15988842.043.000) 2026-02-11 11:30:53 Image size of job updated: 62636
	0  -  MemoryUsage of job (MB)
	0  -  ResidentSetSize of job (KB)
...
005 (15988842.043.000) 2026-02-11 11:30:53 Job terminated.
	(1) Normal termination (return value 1)
		Usr 0 00:00:01, Sys 0 00:00:01  -  Run Remote Usage
		Usr 0 00:00:00, Sys 0 00:00:00  -  Run Local Usage
		Usr 0 00:00:01, Sys 0 00:00:01  -  Total Remote Usage
		Usr 0 00:00:00, Sys 0 00:00:00  -  Total Local Usage
	0  -  Run Bytes Sent By Job
	0  -  Run Bytes Received By Job
	0  -  Total Bytes Sent By Job
	0  -  Total Bytes Received By Job
	Partitionable Resources :    Usage  Request Allocated 
	   Cpus                 :        0        1         1 
	   Disk (KB)            :        1  1024000   1025682 
	   GPUs                 :                           0 
	   Memory (MB)          :        0     5120      5120 
	   TimeExecute (s)      :       12                    
	   TimeSlotBusy (s)     :       12                    

	Job terminated of its own accord at 2026-02-11T10:30:53Z with exit-code 1.
...
000 (16214011.043.000) 2026-02-16 17:42:08 Job submitted from host: <141.34.103.35:9618?addrs=141.34.103.35-9618+[2001-638-700-f067--1-23]-9618&alias=wgs39.zeuthen.desy.de&noUDP&sock=schedd_7302_24a3>
...
001 (16214011.043.000) 2026-02-16 17:42:27 Job executing on host: <141.34.15.222:9618?addrs=141.34.15.222-9618+[2001-638-700-f00f--1-de]-9618&alias=pizza30.zeuthen.desy.de&noUDP&sock=startd_8310_8c1a>
	SlotName: slot1_31@pizza30.zeuthen.desy.de
	CondorScratchDir = "/batch/dir_470878"
	Cpus = 1
	Disk = 1025696
	GPUs = 0
	Memory = 5120
...
006 (16214011.043.000) 2026-02-16 17:42:41 Image size of job updated: 90012
	88  -  MemoryUsage of job (MB)
	90012  -  ResidentSetSize of job (KB)
...
006 (16214011.043.000) 2026-02-16 17:47:42 Image size of job updated: 255792
	250  -  MemoryUsage of job (MB)
	255792  -  ResidentSetSize of job (KB)
...
006 (16214011.043.000) 2026-02-16 17:52:43 Image size of job updated: 277624
	269  -  MemoryUsage of job (MB)
	275264  -  ResidentSetSize of job (KB)
...
006 (16214011.043.000) 2026-02-16 18:02:44 Image size of job updated: 291424
	270  -  MemoryUsage of job (MB)
	276304  -  ResidentSetSize of job (KB)
...
006 (16214011.043.000) 2026-02-16 18:12:45 Image size of job updated: 291424
	271  -  MemoryUsage of job (MB)
	277036  -  ResidentSetSize of job (KB)
...
006 (16214011.043.000) 2026-02-16 18:22:47 Image size of job updated: 291424
	272  -  MemoryUsage of job (MB)
	277672  -  ResidentSetSize of job (KB)
...
006 (16214011.043.000) 2026-02-16 18:37:48 Image size of job updated: 292460
	272  -  MemoryUsage of job (MB)
	278224  -  ResidentSetSize of job (KB)
...
006 (16214011.043.000) 2026-02-16 18:42:48 Image size of job updated: 292460
	272  -  MemoryUsage of job (MB)
	278404  -  ResidentSetSize of job (KB)
...
006 (16214011.043.000) 2026-02-16 18:47:48 Image size of job updated: 292460
	273  -  MemoryUsage of job (MB)
	279332  -  ResidentSetSize of job (KB)
...
006 (16214011.043.000) 2026-02-16 18:57:49 Image size of job updated: 292460
	274  -  MemoryUsage of job (MB)
	279672  -  ResidentSetSize of job (KB)
...
006 (16214011.043.000) 2026-02-16 19:02:49 Image size of job updated: 292460
	284  -  MemoryUsage of job (MB)
	290620  -  ResidentSetSize of job (KB)
...
006 (16214011.043.000) 2026-02-16 19:07:50 Image size of job updated: 292460
	284  -  MemoryUsage of job (MB)
	290624  -  ResidentSetSize of job (KB)
...
006 (16214011.043.000) 2026-02-16 19:12:50 Image size of job updated: 292684
	284  -  MemoryUsage of job (MB)
	290624  -  ResidentSetSize of job (KB)
...
