000 (15756404.012.000) 2026-02-06 11:24:33 Job submitted from host: <141.34.103.35:9618?addrs=141.34.103.35-9618+[2001-638-700-f067--1-23]-9618&alias=wgs39.zeuthen.desy.de&noUDP&sock=schedd_7414_f73f>
...
001 (15756404.012.000) 2026-02-06 11:24:50 Job executing on host: <141.34.103.52:9618?addrs=141.34.103.52-9618+[2001-638-700-f067--1-34]-9618&alias=wgs42.zeuthen.desy.de&noUDP&sock=startd_9894_0a1e>
	SlotName: slot1_1@wgs42.zeuthen.desy.de
	CondorScratchDir = "/batch/dir_2360960"
	Cpus = 8
	Disk = 1025025
	GPUs = 0
	Memory = 16384
...
006 (15756404.012.000) 2026-02-06 11:25:00 Image size of job updated: 78248
	0  -  MemoryUsage of job (MB)
	0  -  ResidentSetSize of job (KB)
...
005 (15756404.012.000) 2026-02-06 11:25:00 Job terminated.
	(1) Normal termination (return value 1)
		Usr 0 00:00:02, Sys 0 00:00:01  -  Run Remote Usage
		Usr 0 00:00:00, Sys 0 00:00:00  -  Run Local Usage
		Usr 0 00:00:02, Sys 0 00:00:01  -  Total Remote Usage
		Usr 0 00:00:00, Sys 0 00:00:00  -  Total Local Usage
	0  -  Run Bytes Sent By Job
	0  -  Run Bytes Received By Job
	0  -  Total Bytes Sent By Job
	0  -  Total Bytes Received By Job
	Partitionable Resources :    Usage  Request Allocated 
	   Cpus                 :        0        8         8 
	   Disk (KB)            :        1  1024000   1025025 
	   GPUs                 :                           0 
	   Memory (MB)          :        0    16384     16384 
	   TimeExecute (s)      :       10                    
	   TimeSlotBusy (s)     :       10                    

	Job terminated of its own accord at 2026-02-06T10:25:00Z with exit-code 1.
...
000 (16213981.016.000) 2026-02-16 17:41:19 Job submitted from host: <141.34.103.35:9618?addrs=141.34.103.35-9618+[2001-638-700-f067--1-23]-9618&alias=wgs39.zeuthen.desy.de&noUDP&sock=schedd_7302_24a3>
...
001 (16213981.016.000) 2026-02-16 17:41:45 Job executing on host: <141.34.15.218:9618?addrs=141.34.15.218-9618+[2001-638-700-f00f--1-da]-9618&alias=pizza26.zeuthen.desy.de&noUDP&sock=startd_8315_fa13>
	SlotName: slot1_31@pizza26.zeuthen.desy.de
	CondorScratchDir = "/batch/dir_2098044"
	Cpus = 1
	Disk = 1025696
	GPUs = 0
	Memory = 5120
...
006 (16213981.016.000) 2026-02-16 17:41:59 Image size of job updated: 91872
	90  -  MemoryUsage of job (MB)
	91872  -  ResidentSetSize of job (KB)
...
006 (16213981.016.000) 2026-02-16 17:46:59 Image size of job updated: 206208
	202  -  MemoryUsage of job (MB)
	206208  -  ResidentSetSize of job (KB)
...
006 (16213981.016.000) 2026-02-16 17:51:59 Image size of job updated: 206220
	202  -  MemoryUsage of job (MB)
	206220  -  ResidentSetSize of job (KB)
...
006 (16213981.016.000) 2026-02-16 17:57:00 Image size of job updated: 206224
	202  -  MemoryUsage of job (MB)
	206224  -  ResidentSetSize of job (KB)
...
006 (16213981.016.000) 2026-02-16 18:07:00 Image size of job updated: 206228
	202  -  MemoryUsage of job (MB)
	206228  -  ResidentSetSize of job (KB)
...
006 (16213981.016.000) 2026-02-16 18:17:01 Image size of job updated: 206692
	202  -  MemoryUsage of job (MB)
	206692  -  ResidentSetSize of job (KB)
...
006 (16213981.016.000) 2026-02-16 18:22:01 Image size of job updated: 206716
	202  -  MemoryUsage of job (MB)
	206692  -  ResidentSetSize of job (KB)
...
005 (16213981.016.000) 2026-02-16 18:26:34 Job terminated.
	(1) Normal termination (return value 0)
		Usr 0 00:44:14, Sys 0 00:00:02  -  Run Remote Usage
		Usr 0 00:00:00, Sys 0 00:00:00  -  Run Local Usage
		Usr 0 00:44:14, Sys 0 00:00:02  -  Total Remote Usage
		Usr 0 00:00:00, Sys 0 00:00:00  -  Total Local Usage
	0  -  Run Bytes Sent By Job
	0  -  Run Bytes Received By Job
	0  -  Total Bytes Sent By Job
	0  -  Total Bytes Received By Job
	Partitionable Resources :    Usage  Request Allocated 
	   Cpus                 :     0.99        1         1 
	   Disk (KB)            :     1     1024000   1025696 
	   GPUs                 :                           0 
	   Memory (MB)          :   202        5120      5120 
	   TimeExecute (s)      :  2689                       
	   TimeSlotBusy (s)     :  2689                       

	Job terminated of its own accord at 2026-02-16T17:26:34Z with exit-code 0.
...
