000 (15756404.088.000) 2026-02-06 11:24:33 Job submitted from host: <141.34.103.35:9618?addrs=141.34.103.35-9618+[2001-638-700-f067--1-23]-9618&alias=wgs39.zeuthen.desy.de&noUDP&sock=schedd_7414_f73f>
...
001 (15756404.088.000) 2026-02-06 11:30:11 Job executing on host: <141.34.15.42:9618?addrs=141.34.15.42-9618+[2001-638-700-f00f--1-2a]-9618&alias=pizza13.zeuthen.desy.de&noUDP&sock=startd_8168_25a7>
	SlotName: slot1_32@pizza13.zeuthen.desy.de
	CondorScratchDir = "/batch/dir_4130837"
	Cpus = 8
	Disk = 1025696
	GPUs = 0
	Memory = 16384
...
006 (15756404.088.000) 2026-02-06 11:30:19 Image size of job updated: 100
	0  -  MemoryUsage of job (MB)
	0  -  ResidentSetSize of job (KB)
...
005 (15756404.088.000) 2026-02-06 11:30:19 Job terminated.
	(1) Normal termination (return value 1)
		Usr 0 00:00:02, Sys 0 00:00:00  -  Run Remote Usage
		Usr 0 00:00:00, Sys 0 00:00:00  -  Run Local Usage
		Usr 0 00:00:02, Sys 0 00:00:00  -  Total Remote Usage
		Usr 0 00:00:00, Sys 0 00:00:00  -  Total Local Usage
	0  -  Run Bytes Sent By Job
	0  -  Run Bytes Received By Job
	0  -  Total Bytes Sent By Job
	0  -  Total Bytes Received By Job
	Partitionable Resources :    Usage  Request Allocated 
	   Cpus                 :        0        8         8 
	   Disk (KB)            :        1  1024000   1025696 
	   GPUs                 :                           0 
	   Memory (MB)          :        0    16384     16384 
	   TimeExecute (s)      :        8                    
	   TimeSlotBusy (s)     :        8                    

	Job terminated of its own accord at 2026-02-06T10:30:19Z with exit-code 1.
...
000 (16213981.118.000) 2026-02-16 17:41:21 Job submitted from host: <141.34.103.35:9618?addrs=141.34.103.35-9618+[2001-638-700-f067--1-23]-9618&alias=wgs39.zeuthen.desy.de&noUDP&sock=schedd_7302_24a3>
...
001 (16213981.118.000) 2026-02-16 17:41:46 Job executing on host: <141.34.14.36:9618?addrs=141.34.14.36-9618+[2001-638-700-f00e--1-24]-9618&alias=ampere05.zeuthen.desy.de&noUDP&sock=startd_7996_2b5d>
	SlotName: slot1_26@ampere05.zeuthen.desy.de
	AvailableGPUs = {  }
	CondorScratchDir = "/batch/dir_3260708"
	Cpus = 1
	Disk = 1025682
	GPUs = 0
	Memory = 5120
...
006 (16213981.118.000) 2026-02-16 17:42:00 Image size of job updated: 90092
	88  -  MemoryUsage of job (MB)
	90092  -  ResidentSetSize of job (KB)
...
006 (16213981.118.000) 2026-02-16 17:47:01 Image size of job updated: 258140
	248  -  MemoryUsage of job (MB)
	253296  -  ResidentSetSize of job (KB)
...
006 (16213981.118.000) 2026-02-16 17:52:01 Image size of job updated: 258324
	253  -  MemoryUsage of job (MB)
	258324  -  ResidentSetSize of job (KB)
...
006 (16213981.118.000) 2026-02-16 17:57:02 Image size of job updated: 258620
	253  -  MemoryUsage of job (MB)
	258620  -  ResidentSetSize of job (KB)
...
006 (16213981.118.000) 2026-02-16 18:02:03 Image size of job updated: 258624
	253  -  MemoryUsage of job (MB)
	258624  -  ResidentSetSize of job (KB)
...
006 (16213981.118.000) 2026-02-16 18:07:03 Image size of job updated: 258692
	253  -  MemoryUsage of job (MB)
	258692  -  ResidentSetSize of job (KB)
...
006 (16213981.118.000) 2026-02-16 18:12:04 Image size of job updated: 258708
	253  -  MemoryUsage of job (MB)
	258708  -  ResidentSetSize of job (KB)
...
006 (16213981.118.000) 2026-02-16 19:02:11 Image size of job updated: 258712
	253  -  MemoryUsage of job (MB)
	258712  -  ResidentSetSize of job (KB)
...
005 (16213981.118.000) 2026-02-16 20:37:38 Job terminated.
	(1) Normal termination (return value 0)
		Usr 0 02:54:10, Sys 0 00:00:09  -  Run Remote Usage
		Usr 0 00:00:00, Sys 0 00:00:00  -  Run Local Usage
		Usr 0 02:54:10, Sys 0 00:00:09  -  Total Remote Usage
		Usr 0 00:00:00, Sys 0 00:00:00  -  Total Local Usage
	0  -  Run Bytes Sent By Job
	0  -  Run Bytes Received By Job
	0  -  Total Bytes Sent By Job
	0  -  Total Bytes Received By Job
	Partitionable Resources :    Usage  Request Allocated 
	   Cpus                 :     0.99        1         1 
	   Disk (KB)            :     1     1024000   1025682 
	   GPUs                 :                           0 
	   Memory (MB)          :   253        5120      5120 
	   TimeExecute (s)      : 10552                       
	   TimeSlotBusy (s)     : 10552                       

	Job terminated of its own accord at 2026-02-16T19:37:38Z with exit-code 0.
...
