~~~~~~~~~~~~~~~~~~~~~~~~~~~~~~

n_qubits: 30, 
r: 64, 
alpha: 0.01, 
shots: 10000, 
ansatz: structure_like_qubo_YZ_2, 
layer: 1, 
tau: 0.3

time for simulated annealing:  45.7967963218689
Rank 1: Bitstring=100000010011101001111000000100, Decimal=542023172, Energy=-24.1542
Rank 2: Bitstring=100000010000101001101100001100, Decimal=541235980, Energy=-24.149
Rank 3: Bitstring=100000010001101001111000000100, Decimal=541498884, Energy=-24.135
Rank 4: Bitstring=011010000000011010111000011111, Decimal=436317727, Energy=-24.0138
Rank 5: Bitstring=011010000000011010101100011111, Decimal=436316959, Energy=-23.9484
Rank 6: Bitstring=111000000001011010111000010110, Decimal=939896342, Energy=-23.8648
Rank 7: Bitstring=100000010011111011111000000100, Decimal=542096900, Energy=-23.8072
Rank 8: Bitstring=100000010001111011111000000100, Decimal=541572612, Energy=-23.788
Rank 9: Bitstring=011010000000001010101100001111, Decimal=436251407, Energy=-23.739
Rank 10: Bitstring=000010010000101011101100001111, Decimal=37927695, Energy=-23.736

E_min from simulated annealing:  -24.1542
Minimum energy: -24.1542
States with energy within 1e-08 of minimum: [542023172]

warm start fidelity ((np.float64(-24.135), 541498884), 0.0001)


################## Start optimization with initial parameters: [np.float64(-0.21434352668564446), np.float64(0.07068128589217447), np.float64(0.5491814208169163), np.float64(-0.49504595972958354), np.float64(-0.2756284225496362), np.float64(-0.5542409086893351), np.float64(-0.4003435430424366), np.float64(-0.2924466452687784), np.float64(-0.24984464884170735), np.float64(0.4718871098388244), np.float64(0.3315035080225645), np.float64(-0.251995143097354), np.float64(0.1883591116134156), np.float64(0.17212614264478154), np.float64(-0.38998857950446325), np.float64(-0.19895771007156735), np.float64(0.13691157438763024), np.float64(-0.2593676743685544), np.float64(-0.30231388990374747), np.float64(-0.2873869085068259), np.float64(-0.12781174123326908), np.float64(-0.42622244206494325), np.float64(0.23113853153949124), np.float64(-0.20671552472797378), np.float64(-0.28007140248169116), np.float64(0.2125255997377994), np.float64(-0.3795891981450012), np.float64(0.231956120466947), np.float64(-0.14006131640336977), np.float64(0.23773326036264175), np.float64(-0.267003089476366), np.float64(-0.267003089476366), np.float64(-0.17034966850378544), np.float64(-0.17034966850378544), np.float64(0.09565500733166787), np.float64(0.09565500733166787), np.float64(-0.21692591532291625), np.float64(-0.21692591532291625), np.float64(0.22740829610874544), np.float64(0.22740829610874544), np.float64(-0.08946203836221492), np.float64(-0.08946203836221492), np.float64(0.038631825494359465), np.float64(0.038631825494359465), np.float64(0.13966686331892378), np.float64(0.13966686331892378), np.float64(-0.21967163417302635), np.float64(-0.21967163417302635), np.float64(-0.05189736045947847), np.float64(-0.05189736045947847), np.float64(-0.27394643124095747), np.float64(-0.27394643124095747), np.float64(0.04646351958170129), np.float64(0.04646351958170129), np.float64(-0.19996482049627617), np.float64(-0.19996482049627617), np.float64(0.24931601449683327), np.float64(0.24931601449683327), np.float64(-0.011878878626715167), np.float64(-0.011878878626715167), np.float64(0.24765469152126765), np.float64(0.24765469152126765), np.float64(0.14355616865115609), np.float64(0.14355616865115609), np.float64(0.032467391493206606), np.float64(0.032467391493206606), np.float64(-0.11959960975120679), np.float64(-0.11959960975120679), np.float64(-0.15047685492408608), np.float64(-0.15047685492408608), np.float64(-0.15454082189459725), np.float64(-0.15454082189459725), np.float64(0.25804745662007655), np.float64(0.25804745662007655), np.float64(0.08381738329668373), np.float64(0.08381738329668373), np.float64(0.25065877259567865), np.float64(0.25065877259567865), np.float64(-0.17748619883538708), np.float64(-0.17748619883538708), np.float64(-0.026357878535173226), np.float64(-0.026357878535173226), np.float64(0.23623611706072256), np.float64(0.23623611706072256), np.float64(-0.21479237804902646), np.float64(-0.21479237804902646), np.float64(-0.257734225251567), np.float64(-0.257734225251567), np.float64(0.27512357707876023), np.float64(0.27512357707876023), np.float64(0.08919638433479786), np.float64(0.08919638433479786), np.float64(-0.013048481042880297), np.float64(-0.013048481042880297), np.float64(0.2644685908666785), np.float64(0.2644685908666785), np.float64(0.21132269922672958), np.float64(0.21132269922672958), np.float64(-0.22746213069250512), np.float64(-0.22746221530562769), np.float64(-0.028035493734403477), np.float64(-0.028035493734403477), np.float64(0.2503167001757125), np.float64(0.2503167001757125), np.float64(0.027675956084668787), np.float64(0.027675956084668787), np.float64(-0.0119088194936116), np.float64(-0.0119088194936116), np.float64(-0.254177300591479), np.float64(-0.254177300591479), np.float64(-0.24466732370024916), np.float64(-0.24466732370024916), np.float64(0.20275276742380713), np.float64(0.20275276742380713), np.float64(0.21165094724703729), np.float64(0.21165094724703729), np.float64(-0.2002965128254167), np.float64(-0.2002965128254167), np.float64(-0.15528372447894637), np.float64(-0.15528372447894637)]
Write sucessfully to ./data/data_shots_10000_layer_1/alpha_0.01/N_30/r_64/ansatz_type_structure_like_qubo_YZ_2/initialization_warm_start_analy

vqe.cvar_eval[0]: -21.405284000000005 , min_cvar: -24.1542 , opt_cvar: -24.1542

vqe.poss_eval[-1]: 0.0093 vqe.poss_eval[0] 0  , max_poss: 0.0481 , opt_poss: 0.0481

vqe.r_eval[-1]: 0.9990515107103527 vqe.r_eval[0]: 0.8861930430318539 max_r: 1.0 , min_r: 0.856379511637728
