~~~~~~~~~~~~~~~~~~~~~~~~~~~~~~

n_qubits: 30, 
r: 82, 
alpha: 0.001, 
shots: 100000, 
ansatz: linear_cnot, 
layer: 1, 
tau: 0.3

time for simulated annealing:  51.18173408508301
Rank 1: Bitstring=011111000110010111100010100110, Decimal=521762982, Energy=-24.7751
Rank 2: Bitstring=111011010110010111100010100110, Decimal=995719334, Energy=-24.1617
Rank 3: Bitstring=111011010110010111100010110110, Decimal=995719350, Energy=-24.1351
Rank 4: Bitstring=011110000010010110100010100110, Decimal=503933094, Energy=-24.0673
Rank 5: Bitstring=011110000010010100100110100110, Decimal=503925158, Energy=-23.7947
Rank 6: Bitstring=111011011110010111110010011110, Decimal=997817502, Energy=-23.4981
Rank 7: Bitstring=011110100000010110100011100100, Decimal=511797476, Energy=-23.0231
Rank 8: Bitstring=011111001110010011110010000110, Decimal=523844742, Energy=-22.8975
Rank 9: Bitstring=011110100000010100100111100100, Decimal=511789540, Energy=-22.7505
Rank 10: Bitstring=011110011010010110110010011110, Decimal=510225566, Energy=-22.3279

E_min from simulated annealing:  -24.7751
Minimum energy: -24.7751
States with energy within 1e-08 of minimum: [521762982]
4


################## Start optimization with initial parameters: [0. 0. 0. 0. 0. 0. 0. 0. 0. 0. 0. 0. 0. 0. 0. 0. 0. 0. 0. 0. 0. 0. 0. 0.
 0. 0. 0. 0. 0. 0. 0. 0. 0. 0. 0. 0. 0. 0. 0. 0. 0. 0. 0. 0. 0. 0. 0. 0.
 0. 0. 0. 0. 0. 0. 0. 0. 0. 0. 0. 0. 0. 0. 0. 0. 0. 0. 0. 0. 0. 0. 0. 0.
 0. 0. 0. 0. 0. 0. 0. 0. 0. 0. 0. 0. 0. 0. 0. 0. 0. 0. 0. 0. 0. 0. 0. 0.
 0. 0. 0. 0. 0. 0. 0. 0. 0. 0. 0. 0. 0. 0. 0. 0. 0. 0. 0. 0. 0. 0. 0. 0.]
Write sucessfully to ./data/data_shots_100000_layer_1/alpha_0.001/N_30/r_82/ansatz_type_linear_cnot/initialization_zeros

vqe.cvar_eval[0]: -15.393723999999967 , min_cvar: -24.072982 , opt_cvar: -24.072982

vqe.poss_eval[-1]: 0 vqe.poss_eval[0] 0  , max_poss: 0 , opt_poss: 0

vqe.r_eval[-1]: 0.9714309932149618 vqe.r_eval[0]: 0.621338521337955 max_r: 0.9716603363861297 , min_r: 0.5864036068471963
