~~~~~~~~~~~~~~~~~~~~~~~~~~~~~~

n_qubits: 30, 
r: 67, 
alpha: 0.001, 
shots: 100000, 
ansatz: linear_cnot, 
layer: 1, 
tau: 0.3

time for simulated annealing:  35.765257835388184
Rank 1: Bitstring=011011110011001101001100100010, Decimal=466408226, Energy=-24.3218
Rank 2: Bitstring=010001011001001100101100100010, Decimal=291818274, Energy=-23.7638
Rank 3: Bitstring=010011111011001101101100100010, Decimal=334289698, Energy=-23.635
Rank 4: Bitstring=011010110011101101011000001010, Decimal=449762826, Energy=-21.591
Rank 5: Bitstring=011000011001101100111000001010, Decimal=409390602, Energy=-21.1856

E_min from simulated annealing:  -24.3218
Minimum energy: -24.3218
States with energy within 1e-08 of minimum: [466408226]
4


################## Start optimization with initial parameters: [0. 0. 0. 0. 0. 0. 0. 0. 0. 0. 0. 0. 0. 0. 0. 0. 0. 0. 0. 0. 0. 0. 0. 0.
 0. 0. 0. 0. 0. 0. 0. 0. 0. 0. 0. 0. 0. 0. 0. 0. 0. 0. 0. 0. 0. 0. 0. 0.
 0. 0. 0. 0. 0. 0. 0. 0. 0. 0. 0. 0. 0. 0. 0. 0. 0. 0. 0. 0. 0. 0. 0. 0.
 0. 0. 0. 0. 0. 0. 0. 0. 0. 0. 0. 0. 0. 0. 0. 0. 0. 0. 0. 0. 0. 0. 0. 0.
 0. 0. 0. 0. 0. 0. 0. 0. 0. 0. 0. 0. 0. 0. 0. 0. 0. 0. 0. 0. 0. 0. 0. 0.]
Write sucessfully to ./data/data_shots_100000_layer_1/alpha_0.001/N_30/r_67/ansatz_type_linear_cnot/initialization_zeros

vqe.cvar_eval[0]: -15.353697999999984 , min_cvar: -24.3218 , opt_cvar: -24.3218

vqe.poss_eval[-1]: 0.00141 vqe.poss_eval[0] 0  , max_poss: 0.00224 , opt_poss: 0.00224

vqe.r_eval[-1]: 1.0 vqe.r_eval[0]: 0.631273096563576 max_r: 1.0 , min_r: 0.6200277939955092
