~~~~~~~~~~~~~~~~~~~~~~~~~~~~~~

n_qubits: 30, 
r: 10, 
alpha: 0.01, 
shots: 10000, 
ansatz: structure_like_qubo_YZ_2, 
layer: 1, 
tau: 0.3

time for simulated annealing:  30.411360025405884
Rank 1: Bitstring=010110111111001011110010011110, Decimal=385662110, Energy=-22.3674
Rank 2: Bitstring=010110111111001011110000111110, Decimal=385662014, Energy=-21.8066
Rank 3: Bitstring=010110111111001011110110011010, Decimal=385662362, Energy=-21.6562
Rank 4: Bitstring=010110111111001010110011011110, Decimal=385658078, Energy=-21.3828
Rank 5: Bitstring=010110101111001111110110011000, Decimal=381484440, Energy=-21.1362
Rank 6: Bitstring=010110101111001111110010011100, Decimal=381484188, Energy=-21.1118
Rank 7: Bitstring=010010111111001011111010011111, Decimal=318553759, Energy=-21.1038
Rank 8: Bitstring=010110111111001011110100111010, Decimal=385662266, Energy=-21.0954
Rank 9: Bitstring=011010100011001100001111011001, Decimal=445432793, Energy=-20.9576
Rank 10: Bitstring=010110100011001100010111011000, Decimal=378324440, Energy=-20.8522

E_min from simulated annealing:  -22.3674
Minimum energy: -22.3674
States with energy within 1e-08 of minimum: [385662110]


################## Start optimization with initial parameters: [0. 0. 0. 0. 0. 0. 0. 0. 0. 0. 0. 0. 0. 0. 0. 0. 0. 0. 0. 0. 0. 0. 0. 0.
 0. 0. 0. 0. 0. 0. 0. 0. 0. 0. 0. 0. 0. 0. 0. 0. 0. 0. 0. 0. 0. 0. 0. 0.
 0. 0. 0. 0. 0. 0. 0. 0. 0. 0. 0. 0. 0. 0. 0. 0. 0. 0. 0. 0. 0. 0. 0. 0.
 0. 0. 0. 0. 0. 0. 0. 0. 0. 0. 0. 0. 0. 0. 0. 0. 0. 0. 0. 0. 0. 0. 0. 0.
 0. 0. 0. 0. 0. 0. 0. 0. 0. 0. 0. 0. 0. 0. 0. 0. 0. 0. 0. 0. 0. 0. 0. 0.]
Write sucessfully to ./data/data_shots_10000_layer_1/alpha_0.01/N_30/r_10/ansatz_type_structure_like_qubo_YZ_2/initialization_zeros

vqe.cvar_eval[0]: -11.809808000000004 , min_cvar: -22.3674 , opt_cvar: -22.3674

vqe.poss_eval[-1]: 0.0112 vqe.poss_eval[0] 0  , max_poss: 0.0286 , opt_poss: 0.0286

vqe.r_eval[-1]: 1.0 vqe.r_eval[0]: 0.5279919883401738 max_r: 1.0 , min_r: 0.5135989878126207
