~~~~~~~~~~~~~~~~~~~~~~~~~~~~~~

n_qubits: 30, 
r: 54, 
alpha: 0.001, 
shots: 100000, 
ansatz: structure_like_qubo_YZ_2, 
layer: 1, 
tau: 0.3

time for simulated annealing:  43.38420271873474
Rank 1: Bitstring=111101011010100111000100001111, Decimal=1030385935, Energy=-26.1083
Rank 2: Bitstring=111101011011101111000100001111, Decimal=1030680847, Energy=-25.8951
Rank 3: Bitstring=111101001010100111000100000111, Decimal=1026191623, Energy=-25.1947
Rank 4: Bitstring=011101010000100111001100001110, Decimal=490894094, Energy=-24.2411
Rank 5: Bitstring=011101010001101111001100001110, Decimal=491189006, Energy=-24.0279
Rank 6: Bitstring=111001001010100110000100010111, Decimal=959078679, Energy=-23.9655
Rank 7: Bitstring=010101010100100111001100001110, Decimal=357724942, Energy=-23.7029
Rank 8: Bitstring=010101011100100111001100001111, Decimal=359822095, Energy=-23.2571
Rank 9: Bitstring=111010011010100110100100011111, Decimal=980052255, Energy=-23.2287
Rank 10: Bitstring=011010010000100111101100001110, Decimal=440564494, Energy=-22.7907

E_min from simulated annealing:  -26.1083
Minimum energy: -26.1083
States with energy within 1e-08 of minimum: [1030385935]


################## Start optimization with initial parameters: [0. 0. 0. 0. 0. 0. 0. 0. 0. 0. 0. 0. 0. 0. 0. 0. 0. 0. 0. 0. 0. 0. 0. 0.
 0. 0. 0. 0. 0. 0. 0. 0. 0. 0. 0. 0. 0. 0. 0. 0. 0. 0. 0. 0. 0. 0. 0. 0.
 0. 0. 0. 0. 0. 0. 0. 0. 0. 0. 0. 0. 0. 0. 0. 0. 0. 0. 0. 0. 0. 0. 0. 0.
 0. 0. 0. 0. 0. 0. 0. 0. 0. 0. 0. 0. 0. 0. 0. 0. 0. 0. 0. 0. 0. 0. 0. 0.
 0. 0. 0. 0. 0. 0. 0. 0. 0. 0. 0. 0. 0. 0. 0. 0. 0. 0. 0. 0. 0. 0. 0. 0.]
Write sucessfully to ./data/data_shots_100000_layer_1/alpha_0.001/N_30/r_54/ansatz_type_structure_like_qubo_YZ_2/initialization_zeros

vqe.cvar_eval[0]: -16.31112599999997 , min_cvar: -26.1083 , opt_cvar: -26.1083

vqe.poss_eval[-1]: 0.00097 vqe.poss_eval[0] 0  , max_poss: 0.01405 , opt_poss: 0.01405

vqe.r_eval[-1]: 0.9997550204341149 vqe.r_eval[0]: 0.6247486814537894 max_r: 1.0 , min_r: 0.6247486814537894
