~~~~~~~~~~~~~~~~~~~~~~~~~~~~~~

n_qubits: 30, 
r: 17, 
alpha: 0.01, 
shots: 10000, 
ansatz: structure_like_qubo_YZ_2, 
layer: 1, 
tau: 0.3

time for simulated annealing:  37.152992486953735
Rank 1: Bitstring=000100001101110111010010111111, Decimal=70743231, Energy=-26.7321
Rank 2: Bitstring=000000000101110111010010011111, Decimal=1537183, Energy=-25.7181
Rank 3: Bitstring=000101011101110111001010111111, Decimal=91714239, Energy=-25.6847
Rank 4: Bitstring=000100001101110010010111111111, Decimal=70723071, Energy=-25.4395
Rank 5: Bitstring=001101011101110111001010101111, Decimal=225931951, Energy=-25.3683
Rank 6: Bitstring=000100001101110011010110111111, Decimal=70727103, Energy=-25.2819
Rank 7: Bitstring=000100001101110111001010111111, Decimal=70742719, Energy=-25.2751
Rank 8: Bitstring=001100001101110111010010101111, Decimal=204960943, Energy=-25.0689
Rank 9: Bitstring=001001010101110111001010001111, Decimal=156725903, Energy=-25.0603
Rank 10: Bitstring=001100001101110111001010101111, Decimal=204960431, Energy=-24.9587

E_min from simulated annealing:  -26.7321
Minimum energy: -26.7321
States with energy within 1e-08 of minimum: [70743231]

warm start fidelity ((np.float64(-25.7073), 68646047), 0.0001)


################## Start optimization with initial parameters: [np.float64(0.5114467977993049), np.float64(0.29835913659748925), np.float64(0.5581649701511806), np.float64(0.3644418018346372), np.float64(-0.01865890407059026), np.float64(0.26996570548777693), np.float64(-0.1406553805702085), np.float64(0.421683459110454), np.float64(0.18647270137144786), np.float64(0.3958083637437964), np.float64(0.37702439852586994), np.float64(-0.4296068453180214), np.float64(0.39840892305404085), np.float64(-0.23195610460506996), np.float64(0.26087523288253767), np.float64(0.1772078103754494), np.float64(0.46154654174498294), np.float64(0.5656803283907823), np.float64(0.5169335602802938), np.float64(0.16467279265259488), np.float64(-0.3362085534088617), np.float64(-0.537830688114611), np.float64(0.4682500182793188), np.float64(-0.3048332691926739), np.float64(-0.07253647501560376), np.float64(0.29503106242202026), np.float64(0.44157344595723963), np.float64(0.021178337904731212), np.float64(-0.028136309116478023), np.float64(0.15240832688157302), np.float64(-0.06182310661335611), np.float64(-0.06182310661335611), np.float64(-0.03258707681874375), np.float64(-0.03258707681874375), np.float64(0.06673260094201053), np.float64(0.06673260094201053), np.float64(0.10033412914755996), np.float64(0.10033412914755996), np.float64(0.07181363189483107), np.float64(0.07181363189483107), np.float64(-0.1086401681798836), np.float64(-0.1086401681798836), np.float64(0.2778552118781273), np.float64(0.2778552118781273), np.float64(-0.24981661647657055), np.float64(-0.24981661647657055), np.float64(0.15159403880349948), np.float64(0.15159403880349948), np.float64(0.262783442073976), np.float64(0.262783442073976), np.float64(0.23009970214985848), np.float64(0.23009970214985848), np.float64(-0.20134583933714223), np.float64(-0.20134583933714223), np.float64(0.11627385776064907), np.float64(0.11627385776064907), np.float64(0.0035699683867698034), np.float64(0.0035699683867698034), np.float64(0.11679929281638671), np.float64(0.11679929281638671), np.float64(0.04236960130838715), np.float64(0.04236960130838715), np.float64(-0.08275218752302292), np.float64(-0.08275218752302292), np.float64(0.11983268799953645), np.float64(0.11983268799953645), np.float64(0.13839745209120832), np.float64(0.13839745209120832), np.float64(0.2704563242603753), np.float64(0.2704563242603753), np.float64(0.25029038535709347), np.float64(0.25029038535709347), np.float64(-0.22016037527301924), np.float64(-0.22016037527301924), np.float64(-0.14869912140360647), np.float64(-0.14869912140360647), np.float64(0.25804745662007655), np.float64(0.25804745662007655), np.float64(-0.23090575613015327), np.float64(-0.23090575613015327), np.float64(0.22370945810274986), np.float64(0.22370945810274986), np.float64(0.28286021894416463), np.float64(0.28286021894416463), np.float64(-0.19044802670456903), np.float64(-0.19044802670456903), np.float64(0.14395900475996407), np.float64(0.14395900475996407), np.float64(0.002430034451510165), np.float64(0.002430034451510165), np.float64(-0.20374484690251354), np.float64(-0.20374484690251354), np.float64(-0.27202355470200923), np.float64(-0.27202355470200923), np.float64(-0.19827774381125282), np.float64(-0.19827774381125282), np.float64(0.014008182902261503), np.float64(0.014008182902261503), np.float64(0.09397542217709809), np.float64(0.09397542217709809), np.float64(0.034592604602490425), np.float64(0.034592604602490425), np.float64(0.1649380537316387), np.float64(0.1649380537316387), np.float64(0.21006321978168993), np.float64(0.21006321978168993), np.float64(-0.00926941952955203), np.float64(-0.00926941952955203), np.float64(0.18139113796646533), np.float64(0.18139113796646533), np.float64(-0.2668222841038041), np.float64(-0.2668222841038041), np.float64(-0.2823028658356119), np.float64(-0.2823028658356119), np.float64(-0.17238451116903852), np.float64(-0.17238451116903852), np.float64(0.16952948041106408), np.float64(0.16952948041106408), np.float64(0.2537053923455567), np.float64(0.2537053923455567)]
Write sucessfully to ./data/data_shots_10000_layer_1/alpha_0.01/N_30/r_17/ansatz_type_structure_like_qubo_YZ_2/initialization_warm_start_analy

vqe.cvar_eval[0]: -22.317500000000003 , min_cvar: -26.732099999999996 , opt_cvar: -26.732099999999996

vqe.poss_eval[-1]: 0.0144 vqe.poss_eval[0] 0  , max_poss: 0.0627 , opt_poss: 0.0627

vqe.r_eval[-1]: 0.9999999999999999 vqe.r_eval[0]: 0.8348577178747649 max_r: 0.9999999999999999 , min_r: 0.8348577178747649
