000 (15756404.560.000) 2026-02-06 11:24:35 Job submitted from host: <141.34.103.35:9618?addrs=141.34.103.35-9618+[2001-638-700-f067--1-23]-9618&alias=wgs39.zeuthen.desy.de&noUDP&sock=schedd_7414_f73f>
...
001 (15756404.560.000) 2026-02-06 20:31:37 Job executing on host: <141.34.103.54:9618?addrs=141.34.103.54-9618+[2001-638-700-f067--1-36]-9618&alias=wgs44.zeuthen.desy.de&noUDP&sock=startd_7775_94ef>
	SlotName: slot1_3@wgs44.zeuthen.desy.de
	CondorScratchDir = "/batch/dir_1608410"
	Cpus = 8
	Disk = 1025025
	GPUs = 0
	Memory = 16384
...
006 (15756404.560.000) 2026-02-06 20:31:51 Image size of job updated: 91472
	90  -  MemoryUsage of job (MB)
	91472  -  ResidentSetSize of job (KB)
...
006 (15756404.560.000) 2026-02-06 20:36:52 Image size of job updated: 1192988
	1163  -  MemoryUsage of job (MB)
	1190064  -  ResidentSetSize of job (KB)
...
006 (15756404.560.000) 2026-02-06 20:41:52 Image size of job updated: 1211796
	1163  -  MemoryUsage of job (MB)
	1190064  -  ResidentSetSize of job (KB)
...
006 (15756404.560.000) 2026-02-06 20:46:53 Image size of job updated: 1211900
	1163  -  MemoryUsage of job (MB)
	1190064  -  ResidentSetSize of job (KB)
...
006 (15756404.560.000) 2026-02-06 21:06:55 Image size of job updated: 1211900
	1167  -  MemoryUsage of job (MB)
	1194876  -  ResidentSetSize of job (KB)
...
006 (15756404.560.000) 2026-02-06 21:11:55 Image size of job updated: 1211900
	1167  -  MemoryUsage of job (MB)
	1194880  -  ResidentSetSize of job (KB)
...
006 (15756404.560.000) 2026-02-06 21:16:55 Image size of job updated: 1212156
	1167  -  MemoryUsage of job (MB)
	1194880  -  ResidentSetSize of job (KB)
...
006 (15756404.560.000) 2026-02-06 21:31:56 Image size of job updated: 1212768
	1167  -  MemoryUsage of job (MB)
	1194880  -  ResidentSetSize of job (KB)
...
006 (15756404.560.000) 2026-02-06 21:36:57 Image size of job updated: 1212768
	1178  -  MemoryUsage of job (MB)
	1205736  -  ResidentSetSize of job (KB)
...
006 (15756404.560.000) 2026-02-06 21:51:58 Image size of job updated: 1214908
	1178  -  MemoryUsage of job (MB)
	1205736  -  ResidentSetSize of job (KB)
...
006 (15756404.560.000) 2026-02-06 22:06:59 Image size of job updated: 1214908
	1181  -  MemoryUsage of job (MB)
	1208380  -  ResidentSetSize of job (KB)
...
006 (15756404.560.000) 2026-02-06 22:11:59 Image size of job updated: 1215084
	1181  -  MemoryUsage of job (MB)
	1208384  -  ResidentSetSize of job (KB)
...
006 (15756404.560.000) 2026-02-06 22:32:00 Image size of job updated: 1215272
	1181  -  MemoryUsage of job (MB)
	1208384  -  ResidentSetSize of job (KB)
...
006 (15756404.560.000) 2026-02-06 22:37:01 Image size of job updated: 1215664
	1181  -  MemoryUsage of job (MB)
	1208384  -  ResidentSetSize of job (KB)
...
006 (15756404.560.000) 2026-02-06 22:52:02 Image size of job updated: 1215664
	1184  -  MemoryUsage of job (MB)
	1212180  -  ResidentSetSize of job (KB)
...
006 (15756404.560.000) 2026-02-06 22:57:02 Image size of job updated: 1215664
	1184  -  MemoryUsage of job (MB)
	1212184  -  ResidentSetSize of job (KB)
...
006 (15756404.560.000) 2026-02-06 23:42:07 Image size of job updated: 1216108
	1184  -  MemoryUsage of job (MB)
	1212184  -  ResidentSetSize of job (KB)
...
006 (15756404.560.000) 2026-02-06 23:57:09 Image size of job updated: 1216480
	1184  -  MemoryUsage of job (MB)
	1212184  -  ResidentSetSize of job (KB)
...
006 (15756404.560.000) 2026-02-07 00:07:10 Image size of job updated: 1217040
	1184  -  MemoryUsage of job (MB)
	1212184  -  ResidentSetSize of job (KB)
...
006 (15756404.560.000) 2026-02-07 00:17:11 Image size of job updated: 1217096
	1184  -  MemoryUsage of job (MB)
	1212184  -  ResidentSetSize of job (KB)
...
006 (15756404.560.000) 2026-02-07 00:37:13 Image size of job updated: 1217188
	1184  -  MemoryUsage of job (MB)
	1212184  -  ResidentSetSize of job (KB)
...
006 (15756404.560.000) 2026-02-07 00:47:14 Image size of job updated: 1217188
	1189  -  MemoryUsage of job (MB)
	1216536  -  ResidentSetSize of job (KB)
...
006 (15756404.560.000) 2026-02-07 00:52:14 Image size of job updated: 1217188
	1189  -  MemoryUsage of job (MB)
	1216540  -  ResidentSetSize of job (KB)
...
006 (15756404.560.000) 2026-02-07 02:02:19 Image size of job updated: 1217952
	1189  -  MemoryUsage of job (MB)
	1216540  -  ResidentSetSize of job (KB)
...
006 (15756404.560.000) 2026-02-07 03:12:27 Image size of job updated: 1218020
	1189  -  MemoryUsage of job (MB)
	1216540  -  ResidentSetSize of job (KB)
...
006 (15756404.560.000) 2026-02-07 03:22:28 Image size of job updated: 1218260
	1189  -  MemoryUsage of job (MB)
	1216540  -  ResidentSetSize of job (KB)
...
006 (15756404.560.000) 2026-02-07 03:42:29 Image size of job updated: 1218440
	1189  -  MemoryUsage of job (MB)
	1216540  -  ResidentSetSize of job (KB)
...
006 (15756404.560.000) 2026-02-07 03:57:30 Image size of job updated: 1218732
	1189  -  MemoryUsage of job (MB)
	1216540  -  ResidentSetSize of job (KB)
...
006 (15756404.560.000) 2026-02-07 04:52:36 Image size of job updated: 1218776
	1189  -  MemoryUsage of job (MB)
	1216540  -  ResidentSetSize of job (KB)
...
006 (15756404.560.000) 2026-02-07 05:02:37 Image size of job updated: 1218976
	1189  -  MemoryUsage of job (MB)
	1216540  -  ResidentSetSize of job (KB)
...
006 (15756404.560.000) 2026-02-07 05:17:38 Image size of job updated: 1219392
	1189  -  MemoryUsage of job (MB)
	1216540  -  ResidentSetSize of job (KB)
...
006 (15756404.560.000) 2026-02-07 06:17:43 Image size of job updated: 1219620
	1189  -  MemoryUsage of job (MB)
	1216540  -  ResidentSetSize of job (KB)
...
006 (15756404.560.000) 2026-02-07 22:49:22 Image size of job updated: 1219620
	1190  -  MemoryUsage of job (MB)
	1217680  -  ResidentSetSize of job (KB)
...
006 (15756404.560.000) 2026-02-07 22:54:23 Image size of job updated: 1219620
	1190  -  MemoryUsage of job (MB)
	1217684  -  ResidentSetSize of job (KB)
...
006 (15756404.560.000) 2026-02-08 02:44:46 Image size of job updated: 1219936
	1190  -  MemoryUsage of job (MB)
	1217684  -  ResidentSetSize of job (KB)
...
006 (15756404.560.000) 2026-02-08 16:31:12 Image size of job updated: 1219936
	1190  -  MemoryUsage of job (MB)
	1218364  -  ResidentSetSize of job (KB)
...
006 (15756404.560.000) 2026-02-08 16:36:13 Image size of job updated: 1219936
	1190  -  MemoryUsage of job (MB)
	1218368  -  ResidentSetSize of job (KB)
...
021 (15756404.560.000) 2026-02-08 20:31:38 Error from starter on slot1_3@wgs44.zeuthen.desy.de:
	runtime exceeded maximum (target.Runtime seconds)
	Code 21 Subcode 103
...
004 (15756404.560.000) 2026-02-08 20:31:38 Job was evicted.
	(0) CPU times
		Usr 6 22:12:27, Sys 3 23:07:15  -  Run Remote Usage
		Usr 0 00:00:00, Sys 0 00:00:00  -  Run Local Usage
	0  -  Run Bytes Sent By Job
	0  -  Run Bytes Received By Job
	Error from slot1_3@wgs44.zeuthen.desy.de: runtime exceeded maximum (target.Runtime seconds)
	Partitionable Resources :     Usage  Request Allocated 
	   Cpus                 :      0.99        8         8 
	   Disk (KB)            :      1     1024000   1025025 
	   GPUs                 :                            0 
	   Memory (MB)          :   1190       16384     16384 
	   TimeSlotBusy (s)     : 172801                       
...
012 (15756404.560.000) 2026-02-08 20:31:38 Job was held.
	Error from slot1_3@wgs44.zeuthen.desy.de: runtime exceeded maximum (target.Runtime seconds)
	Code 21 Subcode 103
...
009 (15756404.560.000) 2026-02-10 11:42:26 Job was aborted.
	via condor_rm (by user tuccia)
...
