000 (15756408.477.000) 2026-02-06 11:26:58 Job submitted from host: <141.34.103.35:9618?addrs=141.34.103.35-9618+[2001-638-700-f067--1-23]-9618&alias=wgs39.zeuthen.desy.de&noUDP&sock=schedd_7414_f73f>
...
009 (15756408.477.000) 2026-02-10 11:47:33 Job was aborted.
	via condor_rm (by user tuccia)
...
000 (15951004.318.000) 2026-02-10 16:30:03 Job submitted from host: <141.34.103.35:9618?addrs=141.34.103.35-9618+[2001-638-700-f067--1-23]-9618&alias=wgs39.zeuthen.desy.de&noUDP&sock=schedd_7302_24a3>
...
001 (15951004.318.000) 2026-02-10 18:29:52 Job executing on host: <141.34.15.36:9618?addrs=141.34.15.36-9618+[2001-638-700-f00f--1-24]-9618&alias=bladej5.zeuthen.desy.de&noUDP&sock=startd_11782_0ced>
	SlotName: slot1_2@bladej5.zeuthen.desy.de
	CondorScratchDir = "/batch/dir_1544560"
	Cpus = 1
	Disk = 1025024
	GPUs = 0
	Memory = 5120
...
006 (15951004.318.000) 2026-02-10 18:30:06 Image size of job updated: 89308
	88  -  MemoryUsage of job (MB)
	89308  -  ResidentSetSize of job (KB)
...
006 (15951004.318.000) 2026-02-10 18:35:07 Image size of job updated: 466964
	226  -  MemoryUsage of job (MB)
	230760  -  ResidentSetSize of job (KB)
...
006 (15951004.318.000) 2026-02-10 18:40:07 Image size of job updated: 466964
	226  -  MemoryUsage of job (MB)
	231192  -  ResidentSetSize of job (KB)
...
006 (15951004.318.000) 2026-02-10 18:45:07 Image size of job updated: 466964
	226  -  MemoryUsage of job (MB)
	231196  -  ResidentSetSize of job (KB)
...
006 (15951004.318.000) 2026-02-10 19:10:11 Image size of job updated: 466964
	226  -  MemoryUsage of job (MB)
	231204  -  ResidentSetSize of job (KB)
...
006 (15951004.318.000) 2026-02-10 19:50:16 Image size of job updated: 466964
	226  -  MemoryUsage of job (MB)
	231224  -  ResidentSetSize of job (KB)
...
006 (15951004.318.000) 2026-02-10 20:00:17 Image size of job updated: 466964
	226  -  MemoryUsage of job (MB)
	231368  -  ResidentSetSize of job (KB)
...
006 (15951004.318.000) 2026-02-10 22:05:28 Image size of job updated: 466964
	226  -  MemoryUsage of job (MB)
	231420  -  ResidentSetSize of job (KB)
...
006 (15951004.318.000) 2026-02-10 22:10:29 Image size of job updated: 466964
	227  -  MemoryUsage of job (MB)
	231500  -  ResidentSetSize of job (KB)
...
006 (15951004.318.000) 2026-02-10 22:35:32 Image size of job updated: 466964
	227  -  MemoryUsage of job (MB)
	231580  -  ResidentSetSize of job (KB)
...
006 (15951004.318.000) 2026-02-10 23:30:36 Image size of job updated: 466964
	227  -  MemoryUsage of job (MB)
	231700  -  ResidentSetSize of job (KB)
...
006 (15951004.318.000) 2026-02-10 23:35:36 Image size of job updated: 466964
	227  -  MemoryUsage of job (MB)
	231796  -  ResidentSetSize of job (KB)
...
006 (15951004.318.000) 2026-02-11 00:10:40 Image size of job updated: 466964
	227  -  MemoryUsage of job (MB)
	231892  -  ResidentSetSize of job (KB)
...
006 (15951004.318.000) 2026-02-11 02:30:55 Image size of job updated: 466964
	227  -  MemoryUsage of job (MB)
	232012  -  ResidentSetSize of job (KB)
...
006 (15951004.318.000) 2026-02-11 03:31:02 Image size of job updated: 466964
	227  -  MemoryUsage of job (MB)
	232024  -  ResidentSetSize of job (KB)
...
006 (15951004.318.000) 2026-02-11 03:41:03 Image size of job updated: 466964
	227  -  MemoryUsage of job (MB)
	232180  -  ResidentSetSize of job (KB)
...
006 (15951004.318.000) 2026-02-11 04:16:07 Image size of job updated: 466964
	227  -  MemoryUsage of job (MB)
	232204  -  ResidentSetSize of job (KB)
...
006 (15951004.318.000) 2026-02-11 05:26:16 Image size of job updated: 466964
	227  -  MemoryUsage of job (MB)
	232344  -  ResidentSetSize of job (KB)
...
006 (15951004.318.000) 2026-02-11 06:16:21 Image size of job updated: 466964
	227  -  MemoryUsage of job (MB)
	232348  -  ResidentSetSize of job (KB)
...
006 (15951004.318.000) 2026-02-11 06:51:24 Image size of job updated: 466964
	227  -  MemoryUsage of job (MB)
	232384  -  ResidentSetSize of job (KB)
...
006 (15951004.318.000) 2026-02-11 07:11:26 Image size of job updated: 466964
	227  -  MemoryUsage of job (MB)
	232396  -  ResidentSetSize of job (KB)
...
006 (15951004.318.000) 2026-02-11 07:16:27 Image size of job updated: 466964
	228  -  MemoryUsage of job (MB)
	232552  -  ResidentSetSize of job (KB)
...
006 (15951004.318.000) 2026-02-11 08:56:37 Image size of job updated: 466964
	228  -  MemoryUsage of job (MB)
	232672  -  ResidentSetSize of job (KB)
...
006 (15951004.318.000) 2026-02-11 09:16:39 Image size of job updated: 466964
	228  -  MemoryUsage of job (MB)
	233140  -  ResidentSetSize of job (KB)
...
006 (15951004.318.000) 2026-02-11 09:36:42 Image size of job updated: 466964
	228  -  MemoryUsage of job (MB)
	233144  -  ResidentSetSize of job (KB)
...
006 (15951004.318.000) 2026-02-11 10:16:46 Image size of job updated: 466964
	228  -  MemoryUsage of job (MB)
	233456  -  ResidentSetSize of job (KB)
...
006 (15951004.318.000) 2026-02-11 10:26:47 Image size of job updated: 466964
	228  -  MemoryUsage of job (MB)
	233460  -  ResidentSetSize of job (KB)
...
006 (15951004.318.000) 2026-02-11 11:06:51 Image size of job updated: 466964
	229  -  MemoryUsage of job (MB)
	233616  -  ResidentSetSize of job (KB)
...
004 (15951004.318.000) 2026-02-11 11:11:57 Job was evicted.
	(0) CPU times
		Usr 0 16:37:28, Sys 0 00:00:04  -  Run Remote Usage
		Usr 0 00:00:00, Sys 0 00:00:00  -  Run Local Usage
	0  -  Run Bytes Sent By Job
	0  -  Run Bytes Received By Job
	Partitionable Resources :    Usage  Request Allocated 
	   Cpus                 :     0.99        1         1 
	   Disk (KB)            :     1     1024000   1025024 
	   GPUs                 :                           0 
	   Memory (MB)          :   229        5120      5120 
	   TimeExecute (s)      : 60124                       
	   TimeSlotBusy (s)     : 60125                       
...
009 (15951004.318.000) 2026-02-11 11:11:58 Job was aborted.
	via condor_rm (by user tuccia)
...
000 (15988842.318.000) 2026-02-11 11:12:47 Job submitted from host: <141.34.103.35:9618?addrs=141.34.103.35-9618+[2001-638-700-f067--1-23]-9618&alias=wgs39.zeuthen.desy.de&noUDP&sock=schedd_7302_24a3>
...
001 (15988842.318.000) 2026-02-11 11:36:13 Job executing on host: <141.34.15.199:9618?addrs=141.34.15.199-9618+[2001-638-700-f00f--1-c7]-9618&alias=pizza01.zeuthen.desy.de&noUDP&sock=startd_9160_939a>
	SlotName: slot1_31@pizza01.zeuthen.desy.de
	CondorScratchDir = "/batch/dir_4104500"
	Cpus = 1
	Disk = 1025696
	GPUs = 0
	Memory = 5120
...
006 (15988842.318.000) 2026-02-11 11:36:26 Image size of job updated: 91352
	90  -  MemoryUsage of job (MB)
	91352  -  ResidentSetSize of job (KB)
...
006 (15988842.318.000) 2026-02-11 11:41:26 Image size of job updated: 368676
	229  -  MemoryUsage of job (MB)
	234044  -  ResidentSetSize of job (KB)
...
006 (15988842.318.000) 2026-02-11 11:46:27 Image size of job updated: 368676
	229  -  MemoryUsage of job (MB)
	234292  -  ResidentSetSize of job (KB)
...
006 (15988842.318.000) 2026-02-11 11:51:28 Image size of job updated: 368676
	229  -  MemoryUsage of job (MB)
	234316  -  ResidentSetSize of job (KB)
...
006 (15988842.318.000) 2026-02-11 11:56:28 Image size of job updated: 368676
	229  -  MemoryUsage of job (MB)
	234324  -  ResidentSetSize of job (KB)
...
006 (15988842.318.000) 2026-02-11 12:06:30 Image size of job updated: 368676
	229  -  MemoryUsage of job (MB)
	234356  -  ResidentSetSize of job (KB)
...
006 (15988842.318.000) 2026-02-11 12:11:30 Image size of job updated: 368676
	229  -  MemoryUsage of job (MB)
	234424  -  ResidentSetSize of job (KB)
...
006 (15988842.318.000) 2026-02-11 12:16:30 Image size of job updated: 368676
	232  -  MemoryUsage of job (MB)
	236684  -  ResidentSetSize of job (KB)
...
006 (15988842.318.000) 2026-02-11 14:16:43 Image size of job updated: 368676
	232  -  MemoryUsage of job (MB)
	236736  -  ResidentSetSize of job (KB)
...
006 (15988842.318.000) 2026-02-11 14:46:45 Image size of job updated: 368676
	232  -  MemoryUsage of job (MB)
	236896  -  ResidentSetSize of job (KB)
...
006 (15988842.318.000) 2026-02-11 15:01:47 Image size of job updated: 368676
	232  -  MemoryUsage of job (MB)
	237052  -  ResidentSetSize of job (KB)
...
006 (15988842.318.000) 2026-02-11 16:16:54 Image size of job updated: 368676
	232  -  MemoryUsage of job (MB)
	237136  -  ResidentSetSize of job (KB)
...
006 (15988842.318.000) 2026-02-11 16:21:54 Image size of job updated: 368676
	232  -  MemoryUsage of job (MB)
	237204  -  ResidentSetSize of job (KB)
...
006 (15988842.318.000) 2026-02-11 16:41:55 Image size of job updated: 368676
	232  -  MemoryUsage of job (MB)
	237480  -  ResidentSetSize of job (KB)
...
006 (15988842.318.000) 2026-02-11 16:51:56 Image size of job updated: 368676
	233  -  MemoryUsage of job (MB)
	237828  -  ResidentSetSize of job (KB)
...
006 (15988842.318.000) 2026-02-11 23:47:36 Image size of job updated: 368676
	233  -  MemoryUsage of job (MB)
	237980  -  ResidentSetSize of job (KB)
...
006 (15988842.318.000) 2026-02-12 01:57:48 Image size of job updated: 368676
	233  -  MemoryUsage of job (MB)
	238064  -  ResidentSetSize of job (KB)
...
006 (15988842.318.000) 2026-02-12 02:02:48 Image size of job updated: 368676
	233  -  MemoryUsage of job (MB)
	238088  -  ResidentSetSize of job (KB)
...
006 (15988842.318.000) 2026-02-12 04:53:05 Image size of job updated: 368676
	233  -  MemoryUsage of job (MB)
	238100  -  ResidentSetSize of job (KB)
...
006 (15988842.318.000) 2026-02-12 04:58:06 Image size of job updated: 368676
	233  -  MemoryUsage of job (MB)
	238136  -  ResidentSetSize of job (KB)
...
006 (15988842.318.000) 2026-02-12 05:03:06 Image size of job updated: 368676
	233  -  MemoryUsage of job (MB)
	238344  -  ResidentSetSize of job (KB)
...
006 (15988842.318.000) 2026-02-12 06:08:14 Image size of job updated: 368676
	233  -  MemoryUsage of job (MB)
	238348  -  ResidentSetSize of job (KB)
...
006 (15988842.318.000) 2026-02-12 06:38:17 Image size of job updated: 368676
	233  -  MemoryUsage of job (MB)
	238372  -  ResidentSetSize of job (KB)
...
006 (15988842.318.000) 2026-02-12 06:43:17 Image size of job updated: 368676
	234  -  MemoryUsage of job (MB)
	238604  -  ResidentSetSize of job (KB)
...
006 (15988842.318.000) 2026-02-12 07:58:26 Image size of job updated: 368676
	234  -  MemoryUsage of job (MB)
	238608  -  ResidentSetSize of job (KB)
...
006 (15988842.318.000) 2026-02-12 08:03:26 Image size of job updated: 368676
	234  -  MemoryUsage of job (MB)
	238640  -  ResidentSetSize of job (KB)
...
006 (15988842.318.000) 2026-02-12 08:08:27 Image size of job updated: 368676
	234  -  MemoryUsage of job (MB)
	238660  -  ResidentSetSize of job (KB)
...
006 (15988842.318.000) 2026-02-12 08:13:28 Image size of job updated: 368676
	234  -  MemoryUsage of job (MB)
	238860  -  ResidentSetSize of job (KB)
...
006 (15988842.318.000) 2026-02-12 08:18:28 Image size of job updated: 368676
	234  -  MemoryUsage of job (MB)
	239004  -  ResidentSetSize of job (KB)
...
006 (15988842.318.000) 2026-02-12 08:33:29 Image size of job updated: 368676
	234  -  MemoryUsage of job (MB)
	239016  -  ResidentSetSize of job (KB)
...
006 (15988842.318.000) 2026-02-12 08:38:30 Image size of job updated: 368676
	234  -  MemoryUsage of job (MB)
	239044  -  ResidentSetSize of job (KB)
...
006 (15988842.318.000) 2026-02-12 08:43:30 Image size of job updated: 368676
	234  -  MemoryUsage of job (MB)
	239260  -  ResidentSetSize of job (KB)
...
006 (15988842.318.000) 2026-02-12 10:13:39 Image size of job updated: 368676
	234  -  MemoryUsage of job (MB)
	239312  -  ResidentSetSize of job (KB)
...
006 (15988842.318.000) 2026-02-12 10:18:40 Image size of job updated: 368676
	234  -  MemoryUsage of job (MB)
	239516  -  ResidentSetSize of job (KB)
...
006 (15988842.318.000) 2026-02-12 10:38:41 Image size of job updated: 368676
	235  -  MemoryUsage of job (MB)
	240000  -  ResidentSetSize of job (KB)
...
006 (15988842.318.000) 2026-02-12 11:33:48 Image size of job updated: 368676
	235  -  MemoryUsage of job (MB)
	240008  -  ResidentSetSize of job (KB)
...
006 (15988842.318.000) 2026-02-12 11:43:49 Image size of job updated: 368676
	235  -  MemoryUsage of job (MB)
	240084  -  ResidentSetSize of job (KB)
...
006 (15988842.318.000) 2026-02-12 11:53:50 Image size of job updated: 368676
	235  -  MemoryUsage of job (MB)
	240256  -  ResidentSetSize of job (KB)
...
006 (15988842.318.000) 2026-02-12 12:03:50 Image size of job updated: 368676
	235  -  MemoryUsage of job (MB)
	240260  -  ResidentSetSize of job (KB)
...
006 (15988842.318.000) 2026-02-12 12:58:56 Image size of job updated: 368676
	235  -  MemoryUsage of job (MB)
	240296  -  ResidentSetSize of job (KB)
...
006 (15988842.318.000) 2026-02-12 13:08:58 Image size of job updated: 368676
	235  -  MemoryUsage of job (MB)
	240512  -  ResidentSetSize of job (KB)
...
006 (15988842.318.000) 2026-02-12 13:34:01 Image size of job updated: 368676
	235  -  MemoryUsage of job (MB)
	240548  -  ResidentSetSize of job (KB)
...
006 (15988842.318.000) 2026-02-12 13:44:02 Image size of job updated: 368676
	236  -  MemoryUsage of job (MB)
	240768  -  ResidentSetSize of job (KB)
...
006 (15988842.318.000) 2026-02-12 22:14:53 Image size of job updated: 368676
	236  -  MemoryUsage of job (MB)
	241080  -  ResidentSetSize of job (KB)
...
006 (15988842.318.000) 2026-02-13 00:30:08 Image size of job updated: 368676
	236  -  MemoryUsage of job (MB)
	241084  -  ResidentSetSize of job (KB)
...
006 (15988842.318.000) 2026-02-13 07:10:49 Image size of job updated: 368676
	237  -  MemoryUsage of job (MB)
	241708  -  ResidentSetSize of job (KB)
...
021 (15988842.318.000) 2026-02-13 11:36:13 Error from starter on slot1_31@pizza01.zeuthen.desy.de:
	runtime exceeded maximum (target.Runtime seconds)
	Code 21 Subcode 103
...
004 (15988842.318.000) 2026-02-13 11:36:13 Job was evicted.
	(0) CPU times
		Usr 1 23:25:41, Sys 0 00:00:06  -  Run Remote Usage
		Usr 0 00:00:00, Sys 0 00:00:00  -  Run Local Usage
	0  -  Run Bytes Sent By Job
	0  -  Run Bytes Received By Job
	Error from slot1_31@pizza01.zeuthen.desy.de: runtime exceeded maximum (target.Runtime seconds)
	Partitionable Resources :     Usage  Request Allocated 
	   Cpus                 :      0.99        1         1 
	   Disk (KB)            :      1     1024000   1025696 
	   GPUs                 :                            0 
	   Memory (MB)          :    237        5120      5120 
	   TimeSlotBusy (s)     : 172801                       
...
012 (15988842.318.000) 2026-02-13 11:36:13 Job was held.
	Error from slot1_31@pizza01.zeuthen.desy.de: runtime exceeded maximum (target.Runtime seconds)
	Code 21 Subcode 103
...
009 (15988842.318.000) 2026-02-16 17:16:33 Job was aborted.
	via condor_rm (by user tuccia)
...
000 (16309174.059.000) 2026-02-18 10:42:57 Job submitted from host: <141.34.103.35:9618?addrs=141.34.103.35-9618+[2001-638-700-f067--1-23]-9618&alias=wgs39.zeuthen.desy.de&noUDP&sock=schedd_7302_24a3>
...
001 (16309174.059.000) 2026-02-18 10:43:15 Job executing on host: <141.34.14.33:9618?addrs=141.34.14.33-9618+[2001-638-700-f00e--1-21]-9618&alias=ampere02.zeuthen.desy.de&noUDP&sock=startd_9421_99d2>
	SlotName: slot1_18@ampere02.zeuthen.desy.de
	AvailableGPUs = {  }
	CondorScratchDir = "/batch/dir_583876"
	Cpus = 1
	Disk = 1025682
	GPUs = 0
	Memory = 5120
...
006 (16309174.059.000) 2026-02-18 10:43:29 Image size of job updated: 91392
	90  -  MemoryUsage of job (MB)
	91392  -  ResidentSetSize of job (KB)
...
006 (16309174.059.000) 2026-02-18 10:48:30 Image size of job updated: 365136
	230  -  MemoryUsage of job (MB)
	234916  -  ResidentSetSize of job (KB)
...
006 (16309174.059.000) 2026-02-18 10:53:31 Image size of job updated: 365136
	230  -  MemoryUsage of job (MB)
	234940  -  ResidentSetSize of job (KB)
...
006 (16309174.059.000) 2026-02-18 10:58:31 Image size of job updated: 365136
	230  -  MemoryUsage of job (MB)
	235000  -  ResidentSetSize of job (KB)
...
006 (16309174.059.000) 2026-02-18 11:08:32 Image size of job updated: 365136
	230  -  MemoryUsage of job (MB)
	235044  -  ResidentSetSize of job (KB)
...
006 (16309174.059.000) 2026-02-18 11:23:33 Image size of job updated: 365136
	230  -  MemoryUsage of job (MB)
	235048  -  ResidentSetSize of job (KB)
...
006 (16309174.059.000) 2026-02-18 11:58:35 Image size of job updated: 365136
	230  -  MemoryUsage of job (MB)
	235092  -  ResidentSetSize of job (KB)
...
006 (16309174.059.000) 2026-02-18 12:13:36 Image size of job updated: 365136
	230  -  MemoryUsage of job (MB)
	235108  -  ResidentSetSize of job (KB)
...
006 (16309174.059.000) 2026-02-18 12:43:38 Image size of job updated: 365136
	230  -  MemoryUsage of job (MB)
	235140  -  ResidentSetSize of job (KB)
...
006 (16309174.059.000) 2026-02-18 12:53:39 Image size of job updated: 365136
	230  -  MemoryUsage of job (MB)
	235264  -  ResidentSetSize of job (KB)
...
006 (16309174.059.000) 2026-02-18 13:08:40 Image size of job updated: 365136
	231  -  MemoryUsage of job (MB)
	235536  -  ResidentSetSize of job (KB)
...
006 (16309174.059.000) 2026-02-18 15:58:55 Image size of job updated: 365136
	231  -  MemoryUsage of job (MB)
	235668  -  ResidentSetSize of job (KB)
...
006 (16309174.059.000) 2026-02-18 21:44:30 Image size of job updated: 365136
	231  -  MemoryUsage of job (MB)
	235808  -  ResidentSetSize of job (KB)
...
006 (16309174.059.000) 2026-02-18 23:09:38 Image size of job updated: 365136
	231  -  MemoryUsage of job (MB)
	235964  -  ResidentSetSize of job (KB)
...
006 (16309174.059.000) 2026-02-19 00:39:47 Image size of job updated: 365136
	231  -  MemoryUsage of job (MB)
	236276  -  ResidentSetSize of job (KB)
...
006 (16309174.059.000) 2026-02-19 01:09:50 Image size of job updated: 365136
	231  -  MemoryUsage of job (MB)
	236292  -  ResidentSetSize of job (KB)
...
006 (16309174.059.000) 2026-02-19 01:54:54 Image size of job updated: 365136
	231  -  MemoryUsage of job (MB)
	236316  -  ResidentSetSize of job (KB)
...
006 (16309174.059.000) 2026-02-19 01:59:55 Image size of job updated: 365136
	231  -  MemoryUsage of job (MB)
	236532  -  ResidentSetSize of job (KB)
...
006 (16309174.059.000) 2026-02-19 02:24:56 Image size of job updated: 365136
	232  -  MemoryUsage of job (MB)
	236560  -  ResidentSetSize of job (KB)
...
006 (16309174.059.000) 2026-02-19 02:29:57 Image size of job updated: 365136
	232  -  MemoryUsage of job (MB)
	236596  -  ResidentSetSize of job (KB)
...
006 (16309174.059.000) 2026-02-19 02:34:57 Image size of job updated: 365136
	232  -  MemoryUsage of job (MB)
	236788  -  ResidentSetSize of job (KB)
...
006 (16309174.059.000) 2026-02-19 03:35:05 Image size of job updated: 365136
	232  -  MemoryUsage of job (MB)
	236808  -  ResidentSetSize of job (KB)
...
006 (16309174.059.000) 2026-02-19 03:40:06 Image size of job updated: 365136
	232  -  MemoryUsage of job (MB)
	236832  -  ResidentSetSize of job (KB)
...
006 (16309174.059.000) 2026-02-19 03:45:06 Image size of job updated: 365136
	232  -  MemoryUsage of job (MB)
	237044  -  ResidentSetSize of job (KB)
...
006 (16309174.059.000) 2026-02-19 04:50:10 Image size of job updated: 365136
	232  -  MemoryUsage of job (MB)
	237080  -  ResidentSetSize of job (KB)
...
006 (16309174.059.000) 2026-02-19 04:55:11 Image size of job updated: 365136
	232  -  MemoryUsage of job (MB)
	237300  -  ResidentSetSize of job (KB)
...
006 (16309174.059.000) 2026-02-19 05:15:13 Image size of job updated: 365136
	232  -  MemoryUsage of job (MB)
	237324  -  ResidentSetSize of job (KB)
...
006 (16309174.059.000) 2026-02-19 05:20:14 Image size of job updated: 365136
	232  -  MemoryUsage of job (MB)
	237556  -  ResidentSetSize of job (KB)
...
006 (16309174.059.000) 2026-02-19 06:05:17 Image size of job updated: 365136
	233  -  MemoryUsage of job (MB)
	237868  -  ResidentSetSize of job (KB)
...
006 (16309174.059.000) 2026-02-19 06:25:19 Image size of job updated: 365136
	233  -  MemoryUsage of job (MB)
	237876  -  ResidentSetSize of job (KB)
...
006 (16309174.059.000) 2026-02-19 06:30:20 Image size of job updated: 365136
	233  -  MemoryUsage of job (MB)
	238124  -  ResidentSetSize of job (KB)
...
006 (16309174.059.000) 2026-02-19 07:40:27 Image size of job updated: 365136
	233  -  MemoryUsage of job (MB)
	238152  -  ResidentSetSize of job (KB)
...
006 (16309174.059.000) 2026-02-19 07:45:27 Image size of job updated: 365136
	233  -  MemoryUsage of job (MB)
	238380  -  ResidentSetSize of job (KB)
...
006 (16309174.059.000) 2026-02-19 08:15:31 Image size of job updated: 365136
	233  -  MemoryUsage of job (MB)
	238536  -  ResidentSetSize of job (KB)
...
006 (16309174.059.000) 2026-02-19 08:55:35 Image size of job updated: 365136
	234  -  MemoryUsage of job (MB)
	239160  -  ResidentSetSize of job (KB)
...
006 (16309174.059.000) 2026-02-19 09:00:36 Image size of job updated: 365136
	234  -  MemoryUsage of job (MB)
	239320  -  ResidentSetSize of job (KB)
...
006 (16309174.059.000) 2026-02-19 09:35:39 Image size of job updated: 365136
	234  -  MemoryUsage of job (MB)
	239476  -  ResidentSetSize of job (KB)
...
006 (16309174.059.000) 2026-02-19 10:20:43 Image size of job updated: 365136
	235  -  MemoryUsage of job (MB)
	239632  -  ResidentSetSize of job (KB)
...
006 (16309174.059.000) 2026-02-19 11:15:50 Image size of job updated: 365136
	235  -  MemoryUsage of job (MB)
	239944  -  ResidentSetSize of job (KB)
...
006 (16309174.059.000) 2026-02-19 12:40:57 Image size of job updated: 365136
	235  -  MemoryUsage of job (MB)
	240100  -  ResidentSetSize of job (KB)
...
006 (16309174.059.000) 2026-02-19 22:37:02 Image size of job updated: 365136
	235  -  MemoryUsage of job (MB)
	240104  -  ResidentSetSize of job (KB)
...
006 (16309174.059.000) 2026-02-20 02:47:27 Image size of job updated: 365136
	235  -  MemoryUsage of job (MB)
	240108  -  ResidentSetSize of job (KB)
...
022 (16309174.059.000) 2026-02-20 03:44:36 Job disconnected, attempting to reconnect
    Local schedd and job shadow died, schedd now running again
    Trying to reconnect to slot1_18@ampere02.zeuthen.desy.de <141.34.14.33:9618?addrs=141.34.14.33-9618+[2001-638-700-f00e--1-21]-9618&alias=ampere02.zeuthen.desy.de&noUDP&sock=startd_9421_99d2>
...
023 (16309174.059.000) 2026-02-20 03:44:44 Job reconnected to slot1_18@ampere02.zeuthen.desy.de
    startd address: <141.34.14.33:9618?addrs=141.34.14.33-9618+[2001-638-700-f00e--1-21]-9618&alias=ampere02.zeuthen.desy.de&noUDP&sock=startd_9421_99d2>
    starter address: <141.34.14.33:9618?addrs=141.34.14.33-9618+[2001-638-700-f00e--1-21]-9618&alias=ampere02.zeuthen.desy.de&noUDP&sock=slot1_18_9893_436b_24899>
...
021 (16309174.059.000) 2026-02-20 10:43:19 Error from starter on slot1_18@ampere02.zeuthen.desy.de:
	runtime exceeded maximum (target.Runtime seconds)
	Code 21 Subcode 103
...
004 (16309174.059.000) 2026-02-20 10:43:19 Job was evicted.
	(0) CPU times
		Usr 1 23:15:21, Sys 0 00:01:24  -  Run Remote Usage
		Usr 0 00:00:00, Sys 0 00:00:00  -  Run Local Usage
	0  -  Run Bytes Sent By Job
	0  -  Run Bytes Received By Job
	Error from slot1_18@ampere02.zeuthen.desy.de: runtime exceeded maximum (target.Runtime seconds)
	Partitionable Resources :         Usage  Request Allocated 
	   Cpus                 :          0.99        1         1 
	   Disk (KB)            :          1     1024000   1025682 
	   Memory (MB)          :        245        5120      5120 
	   TimeSlotBusy (s)     : 1771580599                       
...
012 (16309174.059.000) 2026-02-20 10:43:19 Job was held.
	Error from slot1_18@ampere02.zeuthen.desy.de: runtime exceeded maximum (target.Runtime seconds)
	Code 21 Subcode 103
...
009 (16309174.059.000) 2026-02-23 19:29:10 Job was aborted.
	via condor_rm (by user tuccia)
...
000 (16619852.059.000) 2026-02-23 19:30:03 Job submitted from host: <141.34.103.35:9618?addrs=141.34.103.35-9618+[2001-638-700-f067--1-23]-9618&alias=wgs39.zeuthen.desy.de&noUDP&sock=schedd_7302_24a3>
...
001 (16619852.059.000) 2026-02-23 19:30:21 Job executing on host: <141.34.14.34:9618?addrs=141.34.14.34-9618+[2001-638-700-f00e--1-22]-9618&alias=ampere03.zeuthen.desy.de&noUDP&sock=startd_55621_f547>
	SlotName: slot1_30@ampere03.zeuthen.desy.de
	AvailableGPUs = {  }
	CondorScratchDir = "/batch/dir_883271"
	Cpus = 1
	Disk = 1025682
	GPUs = 0
	Memory = 5120
...
006 (16619852.059.000) 2026-02-23 19:30:34 Image size of job updated: 91424
	90  -  MemoryUsage of job (MB)
	91424  -  ResidentSetSize of job (KB)
...
006 (16619852.059.000) 2026-02-23 19:35:34 Image size of job updated: 249236
	230  -  MemoryUsage of job (MB)
	234892  -  ResidentSetSize of job (KB)
...
006 (16619852.059.000) 2026-02-23 19:40:35 Image size of job updated: 249236
	230  -  MemoryUsage of job (MB)
	234908  -  ResidentSetSize of job (KB)
...
006 (16619852.059.000) 2026-02-23 19:45:36 Image size of job updated: 249236
	230  -  MemoryUsage of job (MB)
	234916  -  ResidentSetSize of job (KB)
...
006 (16619852.059.000) 2026-02-23 19:50:36 Image size of job updated: 249236
	230  -  MemoryUsage of job (MB)
	234924  -  ResidentSetSize of job (KB)
...
006 (16619852.059.000) 2026-02-23 19:55:37 Image size of job updated: 249236
	230  -  MemoryUsage of job (MB)
	234964  -  ResidentSetSize of job (KB)
...
006 (16619852.059.000) 2026-02-23 20:15:40 Image size of job updated: 249236
	230  -  MemoryUsage of job (MB)
	235064  -  ResidentSetSize of job (KB)
...
006 (16619852.059.000) 2026-02-23 20:40:43 Image size of job updated: 249236
	230  -  MemoryUsage of job (MB)
	235164  -  ResidentSetSize of job (KB)
...
006 (16619852.059.000) 2026-02-23 21:05:44 Image size of job updated: 249236
	230  -  MemoryUsage of job (MB)
	235252  -  ResidentSetSize of job (KB)
...
006 (16619852.059.000) 2026-02-23 21:25:47 Image size of job updated: 249236
	230  -  MemoryUsage of job (MB)
	235320  -  ResidentSetSize of job (KB)
...
006 (16619852.059.000) 2026-02-23 21:30:47 Image size of job updated: 249236
	230  -  MemoryUsage of job (MB)
	235420  -  ResidentSetSize of job (KB)
...
006 (16619852.059.000) 2026-02-23 22:20:53 Image size of job updated: 249236
	231  -  MemoryUsage of job (MB)
	235540  -  ResidentSetSize of job (KB)
...
006 (16619852.059.000) 2026-02-24 00:46:08 Image size of job updated: 249236
	231  -  MemoryUsage of job (MB)
	235640  -  ResidentSetSize of job (KB)
...
006 (16619852.059.000) 2026-02-24 02:56:23 Image size of job updated: 249236
	231  -  MemoryUsage of job (MB)
	235796  -  ResidentSetSize of job (KB)
...
006 (16619852.059.000) 2026-02-24 04:56:33 Image size of job updated: 249236
	231  -  MemoryUsage of job (MB)
	235852  -  ResidentSetSize of job (KB)
...
006 (16619852.059.000) 2026-02-24 05:01:34 Image size of job updated: 249236
	231  -  MemoryUsage of job (MB)
	236164  -  ResidentSetSize of job (KB)
...
006 (16619852.059.000) 2026-02-24 05:11:35 Image size of job updated: 249236
	231  -  MemoryUsage of job (MB)
	236320  -  ResidentSetSize of job (KB)
...
006 (16619852.059.000) 2026-02-24 05:31:37 Image size of job updated: 249236
	231  -  MemoryUsage of job (MB)
	236468  -  ResidentSetSize of job (KB)
...
022 (16619852.059.000) 2026-02-24 08:04:09 Job disconnected, attempting to reconnect
    Local schedd and job shadow died, schedd now running again
    Trying to reconnect to slot1_30@ampere03.zeuthen.desy.de <141.34.14.34:9618?addrs=141.34.14.34-9618+[2001-638-700-f00e--1-22]-9618&alias=ampere03.zeuthen.desy.de&noUDP&sock=startd_55621_f547>
...
023 (16619852.059.000) 2026-02-24 08:04:19 Job reconnected to slot1_30@ampere03.zeuthen.desy.de
    startd address: <141.34.14.34:9618?addrs=141.34.14.34-9618+[2001-638-700-f00e--1-22]-9618&alias=ampere03.zeuthen.desy.de&noUDP&sock=startd_55621_f547>
    starter address: <141.34.14.34:9618?addrs=141.34.14.34-9618+[2001-638-700-f00e--1-22]-9618&alias=ampere03.zeuthen.desy.de&noUDP&sock=slot1_30_56097_2942_7127>
...
005 (16619852.059.000) 2026-02-26 07:01:03 Job terminated.
	(1) Normal termination (return value 0)
		Usr 2 10:27:09, Sys 0 00:01:26  -  Run Remote Usage
		Usr 0 00:00:00, Sys 0 00:00:00  -  Run Local Usage
		Usr 2 22:29:00, Sys 0 00:01:34  -  Total Remote Usage
		Usr 0 00:00:00, Sys 0 00:00:00  -  Total Local Usage
	0  -  Run Bytes Sent By Job
	0  -  Run Bytes Received By Job
	0  -  Total Bytes Sent By Job
	0  -  Total Bytes Received By Job
	Partitionable Resources :         Usage  Request Allocated 
	   Cpus                 :          0.99        1         1 
	   Disk (KB)            :          1     1024000   1025682 
	   Memory (MB)          :        245        5120      5120 
	   TimeExecute (s)      : 1772085663                       
	   TimeSlotBusy (s)     : 1772085663                       

	Job terminated of its own accord at 2026-02-26T06:01:03Z with exit-code 0.
...
