000 (15756404.381.000) 2026-02-06 11:24:34 Job submitted from host: <141.34.103.35:9618?addrs=141.34.103.35-9618+[2001-638-700-f067--1-23]-9618&alias=wgs39.zeuthen.desy.de&noUDP&sock=schedd_7414_f73f>
...
001 (15756404.381.000) 2026-02-06 17:29:16 Job executing on host: <141.34.15.198:9618?addrs=141.34.15.198-9618+[2001-638-700-f00f--1-c6]-9618&alias=pizza00.zeuthen.desy.de&noUDP&sock=startd_8231_5c1f>
	SlotName: slot1_42@pizza00.zeuthen.desy.de
	CondorScratchDir = "/batch/dir_3827346"
	Cpus = 8
	Disk = 1025696
	GPUs = 0
	Memory = 16384
...
006 (15756404.381.000) 2026-02-06 17:29:29 Image size of job updated: 91440
	90  -  MemoryUsage of job (MB)
	91440  -  ResidentSetSize of job (KB)
...
006 (15756404.381.000) 2026-02-06 17:34:29 Image size of job updated: 368788
	210  -  MemoryUsage of job (MB)
	214128  -  ResidentSetSize of job (KB)
...
006 (15756404.381.000) 2026-02-06 17:39:30 Image size of job updated: 368788
	210  -  MemoryUsage of job (MB)
	214428  -  ResidentSetSize of job (KB)
...
005 (15756404.381.000) 2026-02-06 18:22:40 Job terminated.
	(1) Normal termination (return value 0)
		Usr 0 02:53:26, Sys 0 01:50:13  -  Run Remote Usage
		Usr 0 00:00:00, Sys 0 00:00:00  -  Run Local Usage
		Usr 0 02:53:26, Sys 0 01:50:13  -  Total Remote Usage
		Usr 0 00:00:00, Sys 0 00:00:00  -  Total Local Usage
	0  -  Run Bytes Sent By Job
	0  -  Run Bytes Received By Job
	0  -  Total Bytes Sent By Job
	0  -  Total Bytes Received By Job
	Partitionable Resources :    Usage  Request Allocated 
	   Cpus                 :     6.33        8         8 
	   Disk (KB)            :     1     1024000   1025696 
	   GPUs                 :                           0 
	   Memory (MB)          :   210       16384     16384 
	   TimeExecute (s)      :  3204                       
	   TimeSlotBusy (s)     :  3204                       

	Job terminated of its own accord at 2026-02-06T17:22:40Z with exit-code 0.
...
