000 (15756404.406.000) 2026-02-06 11:24:35 Job submitted from host: <141.34.103.35:9618?addrs=141.34.103.35-9618+[2001-638-700-f067--1-23]-9618&alias=wgs39.zeuthen.desy.de&noUDP&sock=schedd_7414_f73f>
...
001 (15756404.406.000) 2026-02-06 17:29:16 Job executing on host: <141.34.15.198:9618?addrs=141.34.15.198-9618+[2001-638-700-f00f--1-c6]-9618&alias=pizza00.zeuthen.desy.de&noUDP&sock=startd_8231_5c1f>
	SlotName: slot1_45@pizza00.zeuthen.desy.de
	CondorScratchDir = "/batch/dir_3827381"
	Cpus = 8
	Disk = 1025696
	GPUs = 0
	Memory = 16384
...
006 (15756404.406.000) 2026-02-06 17:29:29 Image size of job updated: 91520
	90  -  MemoryUsage of job (MB)
	91520  -  ResidentSetSize of job (KB)
...
006 (15756404.406.000) 2026-02-06 17:34:29 Image size of job updated: 298028
	289  -  MemoryUsage of job (MB)
	295644  -  ResidentSetSize of job (KB)
...
006 (15756404.406.000) 2026-02-06 17:39:30 Image size of job updated: 298520
	289  -  MemoryUsage of job (MB)
	295644  -  ResidentSetSize of job (KB)
...
006 (15756404.406.000) 2026-02-06 17:44:30 Image size of job updated: 299136
	289  -  MemoryUsage of job (MB)
	295644  -  ResidentSetSize of job (KB)
...
006 (15756404.406.000) 2026-02-06 17:49:30 Image size of job updated: 299760
	293  -  MemoryUsage of job (MB)
	299760  -  ResidentSetSize of job (KB)
...
006 (15756404.406.000) 2026-02-06 17:54:31 Image size of job updated: 300272
	294  -  MemoryUsage of job (MB)
	300272  -  ResidentSetSize of job (KB)
...
006 (15756404.406.000) 2026-02-06 17:59:31 Image size of job updated: 300536
	294  -  MemoryUsage of job (MB)
	300536  -  ResidentSetSize of job (KB)
...
006 (15756404.406.000) 2026-02-06 18:04:31 Image size of job updated: 301048
	294  -  MemoryUsage of job (MB)
	301048  -  ResidentSetSize of job (KB)
...
006 (15756404.406.000) 2026-02-06 18:09:32 Image size of job updated: 301308
	295  -  MemoryUsage of job (MB)
	301308  -  ResidentSetSize of job (KB)
...
006 (15756404.406.000) 2026-02-06 18:14:32 Image size of job updated: 301824
	295  -  MemoryUsage of job (MB)
	301824  -  ResidentSetSize of job (KB)
...
006 (15756404.406.000) 2026-02-06 18:19:32 Image size of job updated: 302080
	295  -  MemoryUsage of job (MB)
	302080  -  ResidentSetSize of job (KB)
...
006 (15756404.406.000) 2026-02-06 18:24:33 Image size of job updated: 302672
	296  -  MemoryUsage of job (MB)
	302672  -  ResidentSetSize of job (KB)
...
006 (15756404.406.000) 2026-02-06 18:29:33 Image size of job updated: 303172
	297  -  MemoryUsage of job (MB)
	303172  -  ResidentSetSize of job (KB)
...
006 (15756404.406.000) 2026-02-06 18:34:33 Image size of job updated: 303180
	297  -  MemoryUsage of job (MB)
	303180  -  ResidentSetSize of job (KB)
...
006 (15756404.406.000) 2026-02-06 18:39:34 Image size of job updated: 303524
	297  -  MemoryUsage of job (MB)
	303180  -  ResidentSetSize of job (KB)
...
006 (15756404.406.000) 2026-02-06 20:44:49 Image size of job updated: 303524
	297  -  MemoryUsage of job (MB)
	303236  -  ResidentSetSize of job (KB)
...
006 (15756404.406.000) 2026-02-06 20:49:50 Image size of job updated: 303524
	297  -  MemoryUsage of job (MB)
	303500  -  ResidentSetSize of job (KB)
...
006 (15756404.406.000) 2026-02-06 20:59:51 Image size of job updated: 303524
	297  -  MemoryUsage of job (MB)
	303520  -  ResidentSetSize of job (KB)
...
006 (15756404.406.000) 2026-02-06 21:04:52 Image size of job updated: 303756
	297  -  MemoryUsage of job (MB)
	303520  -  ResidentSetSize of job (KB)
...
006 (15756404.406.000) 2026-02-06 23:30:04 Image size of job updated: 303756
	297  -  MemoryUsage of job (MB)
	303756  -  ResidentSetSize of job (KB)
...
005 (15756404.406.000) 2026-02-07 01:41:01 Job terminated.
	(1) Normal termination (return value 0)
		Usr 1 03:00:27, Sys 0 16:24:37  -  Run Remote Usage
		Usr 0 00:00:00, Sys 0 00:00:00  -  Run Local Usage
		Usr 1 03:00:27, Sys 0 16:24:37  -  Total Remote Usage
		Usr 0 00:00:00, Sys 0 00:00:00  -  Total Local Usage
	0  -  Run Bytes Sent By Job
	0  -  Run Bytes Received By Job
	0  -  Total Bytes Sent By Job
	0  -  Total Bytes Received By Job
	Partitionable Resources :    Usage  Request Allocated 
	   Cpus                 :     3.01        8         8 
	   Disk (KB)            :     1     1024000   1025696 
	   GPUs                 :                           0 
	   Memory (MB)          :   297       16384     16384 
	   TimeExecute (s)      : 29505                       
	   TimeSlotBusy (s)     : 29505                       

	Job terminated of its own accord at 2026-02-07T00:41:01Z with exit-code 0.
...
