~~~~~~~~~~~~~~~~~~~~~~~~~~~~~~

n_qubits: 60, 
r: 77, 
alpha: 0.001, 
shots: 100000, 
ansatz: linear_cnot, 
layer: 1, 
tau: 0.3

time for simulated annealing:  66.69068312644958
Rank 1: Bitstring=101000000011000110101101101101101110111000110010111110100110, Decimal=721449895069953958, Energy=-51.428
Rank 2: Bitstring=100000010110010110101101011101101110100000110010101110100111, Decimal=582753083109616551, Energy=-51.2246
Rank 3: Bitstring=100000010110010110101101011101101110100000110011101110100101, Decimal=582753083109620645, Energy=-51.156
Rank 4: Bitstring=100000000010000110101101101101101110110000110010111110100110, Decimal=577053232015290278, Energy=-51.04
Rank 5: Bitstring=100000000010000110101101101101101110110000110011111110100100, Decimal=577053232015294372, Energy=-50.9714
Rank 6: Bitstring=100000010110010110101101011111101111100000110011101110110101, Decimal=582753085273881525, Energy=-50.9462
Rank 7: Bitstring=100000010110010110100101011101101100100000110010101110100111, Decimal=582752533320248231, Energy=-50.835
Rank 8: Bitstring=100000010110010110100101011101101100100000110011101110100101, Decimal=582752533320252325, Energy=-50.7664
Rank 9: Bitstring=100000000010000110101101001101101110110000110010101110100110, Decimal=577053197655550886, Energy=-50.6378
Rank 10: Bitstring=100000000010000110101101101111101111110000110011111100110100, Decimal=577053234179555124, Energy=-50.5856

E_min from simulated annealing:  -51.428
Minimum energy: -51.428
States with energy within 1e-08 of minimum: [721449895069953958]
4


################## Start optimization with initial parameters: [0. 0. 0. 0. 0. 0. 0. 0. 0. 0. 0. 0. 0. 0. 0. 0. 0. 0. 0. 0. 0. 0. 0. 0.
 0. 0. 0. 0. 0. 0. 0. 0. 0. 0. 0. 0. 0. 0. 0. 0. 0. 0. 0. 0. 0. 0. 0. 0.
 0. 0. 0. 0. 0. 0. 0. 0. 0. 0. 0. 0. 0. 0. 0. 0. 0. 0. 0. 0. 0. 0. 0. 0.
 0. 0. 0. 0. 0. 0. 0. 0. 0. 0. 0. 0. 0. 0. 0. 0. 0. 0. 0. 0. 0. 0. 0. 0.
 0. 0. 0. 0. 0. 0. 0. 0. 0. 0. 0. 0. 0. 0. 0. 0. 0. 0. 0. 0. 0. 0. 0. 0.
 0. 0. 0. 0. 0. 0. 0. 0. 0. 0. 0. 0. 0. 0. 0. 0. 0. 0. 0. 0. 0. 0. 0. 0.
 0. 0. 0. 0. 0. 0. 0. 0. 0. 0. 0. 0. 0. 0. 0. 0. 0. 0. 0. 0. 0. 0. 0. 0.
 0. 0. 0. 0. 0. 0. 0. 0. 0. 0. 0. 0. 0. 0. 0. 0. 0. 0. 0. 0. 0. 0. 0. 0.
 0. 0. 0. 0. 0. 0. 0. 0. 0. 0. 0. 0. 0. 0. 0. 0. 0. 0. 0. 0. 0. 0. 0. 0.
 0. 0. 0. 0. 0. 0. 0. 0. 0. 0. 0. 0. 0. 0. 0. 0. 0. 0. 0. 0. 0. 0. 0. 0.]
Write sucessfully to ./data/data_shots_100000_layer_1/alpha_0.001/N_60/r_77/ansatz_type_linear_cnot/initialization_zeros

vqe.cvar_eval[0]: -23.558699999999963 , min_cvar: -39.45428799999993 , opt_cvar: -39.45428799999993

vqe.poss_eval[-1]: 0 vqe.poss_eval[0] 0  , max_poss: 0 , opt_poss: 0

vqe.r_eval[-1]: 0.7280331337014844 vqe.r_eval[0]: 0.4580909232324797 max_r: 0.7671752352803907 , min_r: 0.44767056856187215
