000 (15756404.435.000) 2026-02-06 11:24:35 Job submitted from host: <141.34.103.35:9618?addrs=141.34.103.35-9618+[2001-638-700-f067--1-23]-9618&alias=wgs39.zeuthen.desy.de&noUDP&sock=schedd_7414_f73f>
...
001 (15756404.435.000) 2026-02-06 18:20:39 Job executing on host: <141.34.15.39:9618?addrs=141.34.15.39-9618+[2001-638-700-f00f--1-27]-9618&alias=pizza10.zeuthen.desy.de&noUDP&sock=startd_8177_5201>
	SlotName: slot1_32@pizza10.zeuthen.desy.de
	CondorScratchDir = "/batch/dir_249695"
	Cpus = 8
	Disk = 1025696
	GPUs = 0
	Memory = 16384
...
006 (15756404.435.000) 2026-02-06 18:20:53 Image size of job updated: 91472
	90  -  MemoryUsage of job (MB)
	91472  -  ResidentSetSize of job (KB)
...
006 (15756404.435.000) 2026-02-06 18:25:54 Image size of job updated: 492512
	209  -  MemoryUsage of job (MB)
	213888  -  ResidentSetSize of job (KB)
...
006 (15756404.435.000) 2026-02-06 18:30:54 Image size of job updated: 492512
	209  -  MemoryUsage of job (MB)
	213908  -  ResidentSetSize of job (KB)
...
006 (15756404.435.000) 2026-02-06 18:35:55 Image size of job updated: 492512
	209  -  MemoryUsage of job (MB)
	214000  -  ResidentSetSize of job (KB)
...
006 (15756404.435.000) 2026-02-06 18:45:56 Image size of job updated: 492512
	209  -  MemoryUsage of job (MB)
	214008  -  ResidentSetSize of job (KB)
...
006 (15756404.435.000) 2026-02-06 18:50:57 Image size of job updated: 492512
	210  -  MemoryUsage of job (MB)
	214028  -  ResidentSetSize of job (KB)
...
006 (15756404.435.000) 2026-02-06 19:00:58 Image size of job updated: 492512
	210  -  MemoryUsage of job (MB)
	214032  -  ResidentSetSize of job (KB)
...
006 (15756404.435.000) 2026-02-06 19:11:00 Image size of job updated: 492512
	210  -  MemoryUsage of job (MB)
	214040  -  ResidentSetSize of job (KB)
...
005 (15756404.435.000) 2026-02-06 19:11:31 Job terminated.
	(1) Normal termination (return value 0)
		Usr 0 02:45:14, Sys 0 01:41:27  -  Run Remote Usage
		Usr 0 00:00:00, Sys 0 00:00:00  -  Run Local Usage
		Usr 0 02:45:14, Sys 0 01:41:27  -  Total Remote Usage
		Usr 0 00:00:00, Sys 0 00:00:00  -  Total Local Usage
	0  -  Run Bytes Sent By Job
	0  -  Run Bytes Received By Job
	0  -  Total Bytes Sent By Job
	0  -  Total Bytes Received By Job
	Partitionable Resources :    Usage  Request Allocated 
	   Cpus                 :     5.88        8         8 
	   Disk (KB)            :     1     1024000   1025696 
	   GPUs                 :                           0 
	   Memory (MB)          :   210       16384     16384 
	   TimeExecute (s)      :  3052                       
	   TimeSlotBusy (s)     :  3052                       

	Job terminated of its own accord at 2026-02-06T18:11:31Z with exit-code 0.
...
