000 (15756407.496.000) 2026-02-06 11:26:11 Job submitted from host: <141.34.103.35:9618?addrs=141.34.103.35-9618+[2001-638-700-f067--1-23]-9618&alias=wgs39.zeuthen.desy.de&noUDP&sock=schedd_7414_f73f>
...
001 (15756407.496.000) 2026-02-09 07:46:23 Job executing on host: <141.34.103.55:9618?addrs=141.34.103.55-9618+[2001-638-700-f067--1-37]-9618&alias=wgs45.zeuthen.desy.de&noUDP&sock=startd_7794_9d3c>
	SlotName: slot1_7@wgs45.zeuthen.desy.de
	CondorScratchDir = "/batch/dir_3037839"
	Cpus = 8
	Disk = 1025025
	GPUs = 0
	Memory = 16384
...
006 (15756407.496.000) 2026-02-09 07:46:37 Image size of job updated: 91436
	90  -  MemoryUsage of job (MB)
	91436  -  ResidentSetSize of job (KB)
...
006 (15756407.496.000) 2026-02-09 07:51:38 Image size of job updated: 467128
	302  -  MemoryUsage of job (MB)
	308884  -  ResidentSetSize of job (KB)
...
006 (15756407.496.000) 2026-02-09 08:01:39 Image size of job updated: 467128
	320  -  MemoryUsage of job (MB)
	326672  -  ResidentSetSize of job (KB)
...
006 (15756407.496.000) 2026-02-09 08:06:40 Image size of job updated: 467128
	322  -  MemoryUsage of job (MB)
	329192  -  ResidentSetSize of job (KB)
...
006 (15756407.496.000) 2026-02-09 08:11:41 Image size of job updated: 467128
	323  -  MemoryUsage of job (MB)
	330008  -  ResidentSetSize of job (KB)
...
006 (15756407.496.000) 2026-02-09 08:16:41 Image size of job updated: 467128
	326  -  MemoryUsage of job (MB)
	333352  -  ResidentSetSize of job (KB)
...
006 (15756407.496.000) 2026-02-09 08:21:42 Image size of job updated: 467128
	351  -  MemoryUsage of job (MB)
	359384  -  ResidentSetSize of job (KB)
...
006 (15756407.496.000) 2026-02-09 08:26:43 Image size of job updated: 467128
	352  -  MemoryUsage of job (MB)
	359752  -  ResidentSetSize of job (KB)
...
006 (15756407.496.000) 2026-02-09 08:31:43 Image size of job updated: 467128
	366  -  MemoryUsage of job (MB)
	373848  -  ResidentSetSize of job (KB)
...
006 (15756407.496.000) 2026-02-09 08:36:44 Image size of job updated: 467128
	377  -  MemoryUsage of job (MB)
	385832  -  ResidentSetSize of job (KB)
...
006 (15756407.496.000) 2026-02-09 08:41:45 Image size of job updated: 467128
	377  -  MemoryUsage of job (MB)
	385840  -  ResidentSetSize of job (KB)
...
006 (15756407.496.000) 2026-02-09 08:46:45 Image size of job updated: 467128
	384  -  MemoryUsage of job (MB)
	392888  -  ResidentSetSize of job (KB)
...
006 (15756407.496.000) 2026-02-09 08:51:46 Image size of job updated: 467128
	384  -  MemoryUsage of job (MB)
	393136  -  ResidentSetSize of job (KB)
...
006 (15756407.496.000) 2026-02-09 09:01:47 Image size of job updated: 467128
	387  -  MemoryUsage of job (MB)
	395936  -  ResidentSetSize of job (KB)
...
006 (15756407.496.000) 2026-02-09 09:06:48 Image size of job updated: 467128
	388  -  MemoryUsage of job (MB)
	396372  -  ResidentSetSize of job (KB)
...
006 (15756407.496.000) 2026-02-09 09:11:49 Image size of job updated: 467128
	390  -  MemoryUsage of job (MB)
	398404  -  ResidentSetSize of job (KB)
...
006 (15756407.496.000) 2026-02-09 09:26:51 Image size of job updated: 467128
	399  -  MemoryUsage of job (MB)
	407768  -  ResidentSetSize of job (KB)
...
006 (15756407.496.000) 2026-02-09 09:31:51 Image size of job updated: 467128
	401  -  MemoryUsage of job (MB)
	409664  -  ResidentSetSize of job (KB)
...
006 (15756407.496.000) 2026-02-09 09:36:52 Image size of job updated: 467128
	403  -  MemoryUsage of job (MB)
	412456  -  ResidentSetSize of job (KB)
...
006 (15756407.496.000) 2026-02-09 09:41:53 Image size of job updated: 467128
	403  -  MemoryUsage of job (MB)
	412504  -  ResidentSetSize of job (KB)
...
006 (15756407.496.000) 2026-02-09 10:06:56 Image size of job updated: 467128
	405  -  MemoryUsage of job (MB)
	413896  -  ResidentSetSize of job (KB)
...
006 (15756407.496.000) 2026-02-09 10:11:57 Image size of job updated: 467128
	408  -  MemoryUsage of job (MB)
	417764  -  ResidentSetSize of job (KB)
...
006 (15756407.496.000) 2026-02-09 10:16:57 Image size of job updated: 467128
	414  -  MemoryUsage of job (MB)
	423204  -  ResidentSetSize of job (KB)
...
006 (15756407.496.000) 2026-02-09 10:31:59 Image size of job updated: 467128
	414  -  MemoryUsage of job (MB)
	423420  -  ResidentSetSize of job (KB)
...
006 (15756407.496.000) 2026-02-09 11:02:03 Image size of job updated: 467128
	414  -  MemoryUsage of job (MB)
	423456  -  ResidentSetSize of job (KB)
...
006 (15756407.496.000) 2026-02-09 11:07:04 Image size of job updated: 467128
	414  -  MemoryUsage of job (MB)
	423676  -  ResidentSetSize of job (KB)
...
006 (15756407.496.000) 2026-02-09 11:17:05 Image size of job updated: 467128
	414  -  MemoryUsage of job (MB)
	423728  -  ResidentSetSize of job (KB)
...
006 (15756407.496.000) 2026-02-09 11:22:06 Image size of job updated: 467128
	414  -  MemoryUsage of job (MB)
	423932  -  ResidentSetSize of job (KB)
...
006 (15756407.496.000) 2026-02-09 12:07:12 Image size of job updated: 467128
	415  -  MemoryUsage of job (MB)
	424004  -  ResidentSetSize of job (KB)
...
006 (15756407.496.000) 2026-02-09 12:12:13 Image size of job updated: 467128
	415  -  MemoryUsage of job (MB)
	424188  -  ResidentSetSize of job (KB)
...
006 (15756407.496.000) 2026-02-09 12:22:14 Image size of job updated: 467128
	443  -  MemoryUsage of job (MB)
	453364  -  ResidentSetSize of job (KB)
...
006 (15756407.496.000) 2026-02-09 12:27:15 Image size of job updated: 467128
	444  -  MemoryUsage of job (MB)
	454600  -  ResidentSetSize of job (KB)
...
006 (15756407.496.000) 2026-02-09 12:32:15 Image size of job updated: 467128
	445  -  MemoryUsage of job (MB)
	454680  -  ResidentSetSize of job (KB)
...
006 (15756407.496.000) 2026-02-09 12:42:17 Image size of job updated: 467128
	445  -  MemoryUsage of job (MB)
	454688  -  ResidentSetSize of job (KB)
...
006 (15756407.496.000) 2026-02-09 12:47:17 Image size of job updated: 467128
	445  -  MemoryUsage of job (MB)
	454700  -  ResidentSetSize of job (KB)
...
006 (15756407.496.000) 2026-02-09 12:52:18 Image size of job updated: 467128
	445  -  MemoryUsage of job (MB)
	454720  -  ResidentSetSize of job (KB)
...
006 (15756407.496.000) 2026-02-09 13:12:21 Image size of job updated: 467128
	445  -  MemoryUsage of job (MB)
	454872  -  ResidentSetSize of job (KB)
...
006 (15756407.496.000) 2026-02-09 13:22:23 Image size of job updated: 467128
	445  -  MemoryUsage of job (MB)
	454912  -  ResidentSetSize of job (KB)
...
006 (15756407.496.000) 2026-02-09 13:32:23 Image size of job updated: 467128
	445  -  MemoryUsage of job (MB)
	455128  -  ResidentSetSize of job (KB)
...
006 (15756407.496.000) 2026-02-09 13:52:26 Image size of job updated: 467128
	445  -  MemoryUsage of job (MB)
	455132  -  ResidentSetSize of job (KB)
...
006 (15756407.496.000) 2026-02-09 14:17:27 Image size of job updated: 467128
	445  -  MemoryUsage of job (MB)
	455136  -  ResidentSetSize of job (KB)
...
006 (15756407.496.000) 2026-02-09 14:42:31 Image size of job updated: 467128
	445  -  MemoryUsage of job (MB)
	455252  -  ResidentSetSize of job (KB)
...
006 (15756407.496.000) 2026-02-09 14:47:31 Image size of job updated: 467128
	445  -  MemoryUsage of job (MB)
	455392  -  ResidentSetSize of job (KB)
...
006 (15756407.496.000) 2026-02-09 15:22:36 Image size of job updated: 467128
	445  -  MemoryUsage of job (MB)
	455396  -  ResidentSetSize of job (KB)
...
006 (15756407.496.000) 2026-02-09 16:17:43 Image size of job updated: 467128
	445  -  MemoryUsage of job (MB)
	455608  -  ResidentSetSize of job (KB)
...
006 (15756407.496.000) 2026-02-09 16:27:45 Image size of job updated: 467128
	445  -  MemoryUsage of job (MB)
	455652  -  ResidentSetSize of job (KB)
...
006 (15756407.496.000) 2026-02-09 17:42:50 Image size of job updated: 467128
	445  -  MemoryUsage of job (MB)
	455676  -  ResidentSetSize of job (KB)
...
006 (15756407.496.000) 2026-02-09 19:37:57 Image size of job updated: 467128
	447  -  MemoryUsage of job (MB)
	456988  -  ResidentSetSize of job (KB)
...
006 (15756407.496.000) 2026-02-09 19:42:58 Image size of job updated: 467128
	447  -  MemoryUsage of job (MB)
	457212  -  ResidentSetSize of job (KB)
...
006 (15756407.496.000) 2026-02-09 21:33:09 Image size of job updated: 467128
	447  -  MemoryUsage of job (MB)
	457500  -  ResidentSetSize of job (KB)
...
006 (15756407.496.000) 2026-02-09 21:38:09 Image size of job updated: 467128
	447  -  MemoryUsage of job (MB)
	457612  -  ResidentSetSize of job (KB)
...
006 (15756407.496.000) 2026-02-09 21:53:11 Image size of job updated: 467128
	448  -  MemoryUsage of job (MB)
	458512  -  ResidentSetSize of job (KB)
...
006 (15756407.496.000) 2026-02-09 21:58:12 Image size of job updated: 467128
	448  -  MemoryUsage of job (MB)
	458544  -  ResidentSetSize of job (KB)
...
006 (15756407.496.000) 2026-02-09 22:03:13 Image size of job updated: 467128
	448  -  MemoryUsage of job (MB)
	458600  -  ResidentSetSize of job (KB)
...
006 (15756407.496.000) 2026-02-09 22:08:13 Image size of job updated: 467128
	448  -  MemoryUsage of job (MB)
	458664  -  ResidentSetSize of job (KB)
...
006 (15756407.496.000) 2026-02-09 22:13:14 Image size of job updated: 467128
	449  -  MemoryUsage of job (MB)
	459132  -  ResidentSetSize of job (KB)
...
006 (15756407.496.000) 2026-02-09 22:38:17 Image size of job updated: 467128
	449  -  MemoryUsage of job (MB)
	459440  -  ResidentSetSize of job (KB)
...
006 (15756407.496.000) 2026-02-09 23:03:21 Image size of job updated: 467128
	449  -  MemoryUsage of job (MB)
	459472  -  ResidentSetSize of job (KB)
...
006 (15756407.496.000) 2026-02-10 00:18:29 Image size of job updated: 467128
	450  -  MemoryUsage of job (MB)
	460072  -  ResidentSetSize of job (KB)
...
006 (15756407.496.000) 2026-02-10 00:23:29 Image size of job updated: 467128
	450  -  MemoryUsage of job (MB)
	460084  -  ResidentSetSize of job (KB)
...
006 (15756407.496.000) 2026-02-10 00:38:30 Image size of job updated: 467128
	450  -  MemoryUsage of job (MB)
	460112  -  ResidentSetSize of job (KB)
...
006 (15756407.496.000) 2026-02-10 01:03:32 Image size of job updated: 467128
	450  -  MemoryUsage of job (MB)
	460124  -  ResidentSetSize of job (KB)
...
006 (15756407.496.000) 2026-02-10 01:23:33 Image size of job updated: 467128
	450  -  MemoryUsage of job (MB)
	460128  -  ResidentSetSize of job (KB)
...
006 (15756407.496.000) 2026-02-10 01:28:33 Image size of job updated: 467128
	450  -  MemoryUsage of job (MB)
	460140  -  ResidentSetSize of job (KB)
...
006 (15756407.496.000) 2026-02-10 01:48:35 Image size of job updated: 467128
	450  -  MemoryUsage of job (MB)
	460144  -  ResidentSetSize of job (KB)
...
006 (15756407.496.000) 2026-02-10 04:58:48 Image size of job updated: 467128
	450  -  MemoryUsage of job (MB)
	460520  -  ResidentSetSize of job (KB)
...
006 (15756407.496.000) 2026-02-10 05:03:49 Image size of job updated: 467128
	451  -  MemoryUsage of job (MB)
	460896  -  ResidentSetSize of job (KB)
...
022 (15756407.496.000) 2026-02-10 08:04:04 Job disconnected, attempting to reconnect
    Local schedd and job shadow died, schedd now running again
    Trying to reconnect to slot1_7@wgs45.zeuthen.desy.de <141.34.103.55:9618?addrs=141.34.103.55-9618+[2001-638-700-f067--1-37]-9618&alias=wgs45.zeuthen.desy.de&noUDP&sock=startd_7794_9d3c>
...
023 (15756407.496.000) 2026-02-10 08:04:12 Job reconnected to slot1_7@wgs45.zeuthen.desy.de
    startd address: <141.34.103.55:9618?addrs=141.34.103.55-9618+[2001-638-700-f067--1-37]-9618&alias=wgs45.zeuthen.desy.de&noUDP&sock=startd_7794_9d3c>
    starter address: <141.34.103.55:9618?addrs=141.34.103.55-9618+[2001-638-700-f067--1-37]-9618&alias=wgs45.zeuthen.desy.de&noUDP&sock=slot1_7_7840_bd38_12420>
...
004 (15756407.496.000) 2026-02-10 11:42:41 Job was evicted.
	(0) CPU times
		Usr 6 23:59:43, Sys 0 04:09:50  -  Run Remote Usage
		Usr 0 00:00:00, Sys 0 00:00:00  -  Run Local Usage
	0  -  Run Bytes Sent By Job
	0  -  Run Bytes Received By Job
	Partitionable Resources :         Usage  Request Allocated 
	   Cpus                 :          0.99        8         8 
	   Disk (KB)            :          1     1024000   1025025 
	   Memory (MB)          :        464       16384     16384 
	   TimeExecute (s)      : 1770720159                       
	   TimeSlotBusy (s)     : 1770720161                       
...
009 (15756407.496.000) 2026-02-10 11:42:41 Job was aborted.
	via condor_rm (by user tuccia)
...
000 (15949294.331.000) 2026-02-10 11:45:21 Job submitted from host: <141.34.103.35:9618?addrs=141.34.103.35-9618+[2001-638-700-f067--1-23]-9618&alias=wgs39.zeuthen.desy.de&noUDP&sock=schedd_7302_24a3>
...
009 (15949294.331.000) 2026-02-10 11:45:46 Job was aborted.
	via condor_rm (by user tuccia)
...
000 (15949295.331.000) 2026-02-10 11:46:04 Job submitted from host: <141.34.103.35:9618?addrs=141.34.103.35-9618+[2001-638-700-f067--1-23]-9618&alias=wgs39.zeuthen.desy.de&noUDP&sock=schedd_7302_24a3>
...
001 (15949295.331.000) 2026-02-11 15:57:34 Job executing on host: <141.34.103.54:9618?addrs=141.34.103.54-9618+[2001-638-700-f067--1-36]-9618&alias=wgs44.zeuthen.desy.de&noUDP&sock=startd_7775_94ef>
	SlotName: slot1_32@wgs44.zeuthen.desy.de
	CondorScratchDir = "/batch/dir_817530"
	Cpus = 8
	Disk = 1025025
	GPUs = 0
	Memory = 16384
...
006 (15949295.331.000) 2026-02-11 15:57:47 Image size of job updated: 91512
	90  -  MemoryUsage of job (MB)
	91512  -  ResidentSetSize of job (KB)
...
006 (15949295.331.000) 2026-02-11 16:02:47 Image size of job updated: 284252
	277  -  MemoryUsage of job (MB)
	282896  -  ResidentSetSize of job (KB)
...
006 (15949295.331.000) 2026-02-11 16:07:48 Image size of job updated: 284552
	277  -  MemoryUsage of job (MB)
	282896  -  ResidentSetSize of job (KB)
...
006 (15949295.331.000) 2026-02-11 16:12:49 Image size of job updated: 299184
	290  -  MemoryUsage of job (MB)
	296344  -  ResidentSetSize of job (KB)
...
006 (15949295.331.000) 2026-02-11 16:17:49 Image size of job updated: 299704
	292  -  MemoryUsage of job (MB)
	298572  -  ResidentSetSize of job (KB)
...
006 (15949295.331.000) 2026-02-11 16:22:49 Image size of job updated: 300900
	294  -  MemoryUsage of job (MB)
	300900  -  ResidentSetSize of job (KB)
...
006 (15949295.331.000) 2026-02-11 16:27:50 Image size of job updated: 302776
	296  -  MemoryUsage of job (MB)
	302776  -  ResidentSetSize of job (KB)
...
006 (15949295.331.000) 2026-02-11 16:32:50 Image size of job updated: 320620
	314  -  MemoryUsage of job (MB)
	320620  -  ResidentSetSize of job (KB)
...
006 (15949295.331.000) 2026-02-11 16:37:50 Image size of job updated: 325704
	319  -  MemoryUsage of job (MB)
	325704  -  ResidentSetSize of job (KB)
...
006 (15949295.331.000) 2026-02-11 16:42:51 Image size of job updated: 336852
	329  -  MemoryUsage of job (MB)
	336852  -  ResidentSetSize of job (KB)
...
006 (15949295.331.000) 2026-02-11 16:47:51 Image size of job updated: 341708
	334  -  MemoryUsage of job (MB)
	341708  -  ResidentSetSize of job (KB)
...
006 (15949295.331.000) 2026-02-11 16:52:51 Image size of job updated: 354972
	347  -  MemoryUsage of job (MB)
	354972  -  ResidentSetSize of job (KB)
...
006 (15949295.331.000) 2026-02-11 16:57:53 Image size of job updated: 355840
	348  -  MemoryUsage of job (MB)
	355840  -  ResidentSetSize of job (KB)
...
006 (15949295.331.000) 2026-02-11 17:02:53 Image size of job updated: 356140
	348  -  MemoryUsage of job (MB)
	356140  -  ResidentSetSize of job (KB)
...
006 (15949295.331.000) 2026-02-11 17:07:53 Image size of job updated: 356176
	348  -  MemoryUsage of job (MB)
	356176  -  ResidentSetSize of job (KB)
...
006 (15949295.331.000) 2026-02-11 17:12:54 Image size of job updated: 357164
	349  -  MemoryUsage of job (MB)
	357164  -  ResidentSetSize of job (KB)
...
006 (15949295.331.000) 2026-02-11 17:17:54 Image size of job updated: 361504
	354  -  MemoryUsage of job (MB)
	361504  -  ResidentSetSize of job (KB)
...
006 (15949295.331.000) 2026-02-11 17:22:54 Image size of job updated: 367156
	359  -  MemoryUsage of job (MB)
	367156  -  ResidentSetSize of job (KB)
...
006 (15949295.331.000) 2026-02-11 17:27:55 Image size of job updated: 368188
	360  -  MemoryUsage of job (MB)
	368188  -  ResidentSetSize of job (KB)
...
006 (15949295.331.000) 2026-02-11 17:42:58 Image size of job updated: 371740
	364  -  MemoryUsage of job (MB)
	371740  -  ResidentSetSize of job (KB)
...
006 (15949295.331.000) 2026-02-11 17:47:58 Image size of job updated: 386240
	378  -  MemoryUsage of job (MB)
	386240  -  ResidentSetSize of job (KB)
...
006 (15949295.331.000) 2026-02-11 17:52:58 Image size of job updated: 386744
	378  -  MemoryUsage of job (MB)
	386744  -  ResidentSetSize of job (KB)
...
006 (15949295.331.000) 2026-02-11 17:57:59 Image size of job updated: 391236
	383  -  MemoryUsage of job (MB)
	391236  -  ResidentSetSize of job (KB)
...
006 (15949295.331.000) 2026-02-11 18:02:59 Image size of job updated: 391500
	383  -  MemoryUsage of job (MB)
	391500  -  ResidentSetSize of job (KB)
...
006 (15949295.331.000) 2026-02-11 18:28:02 Image size of job updated: 391756
	383  -  MemoryUsage of job (MB)
	391756  -  ResidentSetSize of job (KB)
...
006 (15949295.331.000) 2026-02-11 18:38:03 Image size of job updated: 396416
	388  -  MemoryUsage of job (MB)
	396416  -  ResidentSetSize of job (KB)
...
006 (15949295.331.000) 2026-02-11 18:43:04 Image size of job updated: 396792
	388  -  MemoryUsage of job (MB)
	396792  -  ResidentSetSize of job (KB)
...
006 (15949295.331.000) 2026-02-11 19:28:10 Image size of job updated: 401132
	392  -  MemoryUsage of job (MB)
	401132  -  ResidentSetSize of job (KB)
...
006 (15949295.331.000) 2026-02-11 19:33:10 Image size of job updated: 401280
	392  -  MemoryUsage of job (MB)
	401280  -  ResidentSetSize of job (KB)
...
006 (15949295.331.000) 2026-02-11 19:38:10 Image size of job updated: 401524
	393  -  MemoryUsage of job (MB)
	401524  -  ResidentSetSize of job (KB)
...
006 (15949295.331.000) 2026-02-11 20:38:14 Image size of job updated: 401780
	393  -  MemoryUsage of job (MB)
	401780  -  ResidentSetSize of job (KB)
...
006 (15949295.331.000) 2026-02-11 21:03:17 Image size of job updated: 401828
	393  -  MemoryUsage of job (MB)
	401828  -  ResidentSetSize of job (KB)
...
006 (15949295.331.000) 2026-02-11 21:08:17 Image size of job updated: 402036
	393  -  MemoryUsage of job (MB)
	402036  -  ResidentSetSize of job (KB)
...
006 (15949295.331.000) 2026-02-11 22:08:25 Image size of job updated: 402056
	393  -  MemoryUsage of job (MB)
	402056  -  ResidentSetSize of job (KB)
...
006 (15949295.331.000) 2026-02-11 22:13:26 Image size of job updated: 402292
	393  -  MemoryUsage of job (MB)
	402292  -  ResidentSetSize of job (KB)
...
006 (15949295.331.000) 2026-02-11 22:33:29 Image size of job updated: 423904
	414  -  MemoryUsage of job (MB)
	423904  -  ResidentSetSize of job (KB)
...
006 (15949295.331.000) 2026-02-11 22:38:29 Image size of job updated: 424708
	415  -  MemoryUsage of job (MB)
	424708  -  ResidentSetSize of job (KB)
...
006 (15949295.331.000) 2026-02-11 22:43:30 Image size of job updated: 424848
	415  -  MemoryUsage of job (MB)
	424848  -  ResidentSetSize of job (KB)
...
006 (15949295.331.000) 2026-02-11 22:48:31 Image size of job updated: 425212
	416  -  MemoryUsage of job (MB)
	425212  -  ResidentSetSize of job (KB)
...
006 (15949295.331.000) 2026-02-11 22:53:31 Image size of job updated: 425312
	416  -  MemoryUsage of job (MB)
	425312  -  ResidentSetSize of job (KB)
...
006 (15949295.331.000) 2026-02-11 22:58:32 Image size of job updated: 425412
	416  -  MemoryUsage of job (MB)
	425412  -  ResidentSetSize of job (KB)
...
006 (15949295.331.000) 2026-02-11 23:03:33 Image size of job updated: 426260
	417  -  MemoryUsage of job (MB)
	426260  -  ResidentSetSize of job (KB)
...
006 (15949295.331.000) 2026-02-11 23:08:33 Image size of job updated: 426536
	417  -  MemoryUsage of job (MB)
	426536  -  ResidentSetSize of job (KB)
...
006 (15949295.331.000) 2026-02-11 23:13:33 Image size of job updated: 426804
	417  -  MemoryUsage of job (MB)
	426804  -  ResidentSetSize of job (KB)
...
006 (15949295.331.000) 2026-02-11 23:18:34 Image size of job updated: 426860
	417  -  MemoryUsage of job (MB)
	426860  -  ResidentSetSize of job (KB)
...
006 (15949295.331.000) 2026-02-11 23:23:34 Image size of job updated: 427308
	418  -  MemoryUsage of job (MB)
	427308  -  ResidentSetSize of job (KB)
...
006 (15949295.331.000) 2026-02-11 23:28:35 Image size of job updated: 427424
	418  -  MemoryUsage of job (MB)
	427424  -  ResidentSetSize of job (KB)
...
006 (15949295.331.000) 2026-02-11 23:33:36 Image size of job updated: 427488
	418  -  MemoryUsage of job (MB)
	427488  -  ResidentSetSize of job (KB)
...
006 (15949295.331.000) 2026-02-11 23:38:36 Image size of job updated: 427500
	418  -  MemoryUsage of job (MB)
	427500  -  ResidentSetSize of job (KB)
...
006 (15949295.331.000) 2026-02-11 23:43:37 Image size of job updated: 427504
	418  -  MemoryUsage of job (MB)
	427504  -  ResidentSetSize of job (KB)
...
006 (15949295.331.000) 2026-02-11 23:48:38 Image size of job updated: 427588
	418  -  MemoryUsage of job (MB)
	427588  -  ResidentSetSize of job (KB)
...
006 (15949295.331.000) 2026-02-11 23:53:38 Image size of job updated: 427676
	418  -  MemoryUsage of job (MB)
	427676  -  ResidentSetSize of job (KB)
...
006 (15949295.331.000) 2026-02-11 23:58:39 Image size of job updated: 427732
	418  -  MemoryUsage of job (MB)
	427732  -  ResidentSetSize of job (KB)
...
006 (15949295.331.000) 2026-02-12 00:03:40 Image size of job updated: 427744
	418  -  MemoryUsage of job (MB)
	427744  -  ResidentSetSize of job (KB)
...
006 (15949295.331.000) 2026-02-12 00:08:40 Image size of job updated: 427984
	418  -  MemoryUsage of job (MB)
	427984  -  ResidentSetSize of job (KB)
...
006 (15949295.331.000) 2026-02-12 00:13:41 Image size of job updated: 428064
	419  -  MemoryUsage of job (MB)
	428064  -  ResidentSetSize of job (KB)
...
006 (15949295.331.000) 2026-02-12 00:33:44 Image size of job updated: 428072
	419  -  MemoryUsage of job (MB)
	428072  -  ResidentSetSize of job (KB)
...
006 (15949295.331.000) 2026-02-12 00:38:44 Image size of job updated: 428404
	419  -  MemoryUsage of job (MB)
	428404  -  ResidentSetSize of job (KB)
...
006 (15949295.331.000) 2026-02-12 01:08:48 Image size of job updated: 428408
	419  -  MemoryUsage of job (MB)
	428408  -  ResidentSetSize of job (KB)
...
006 (15949295.331.000) 2026-02-12 01:33:51 Image size of job updated: 428440
	419  -  MemoryUsage of job (MB)
	428440  -  ResidentSetSize of job (KB)
...
006 (15949295.331.000) 2026-02-12 01:38:51 Image size of job updated: 428636
	419  -  MemoryUsage of job (MB)
	428636  -  ResidentSetSize of job (KB)
...
006 (15949295.331.000) 2026-02-12 01:43:52 Image size of job updated: 428820
	419  -  MemoryUsage of job (MB)
	428820  -  ResidentSetSize of job (KB)
...
006 (15949295.331.000) 2026-02-12 01:48:53 Image size of job updated: 428904
	419  -  MemoryUsage of job (MB)
	428904  -  ResidentSetSize of job (KB)
...
006 (15949295.331.000) 2026-02-12 01:53:53 Image size of job updated: 429076
	420  -  MemoryUsage of job (MB)
	429076  -  ResidentSetSize of job (KB)
...
006 (15949295.331.000) 2026-02-12 01:58:53 Image size of job updated: 429212
	420  -  MemoryUsage of job (MB)
	429212  -  ResidentSetSize of job (KB)
...
006 (15949295.331.000) 2026-02-12 02:03:54 Image size of job updated: 429236
	420  -  MemoryUsage of job (MB)
	429236  -  ResidentSetSize of job (KB)
...
006 (15949295.331.000) 2026-02-12 02:08:54 Image size of job updated: 429272
	420  -  MemoryUsage of job (MB)
	429272  -  ResidentSetSize of job (KB)
...
006 (15949295.331.000) 2026-02-12 02:13:54 Image size of job updated: 429304
	420  -  MemoryUsage of job (MB)
	429304  -  ResidentSetSize of job (KB)
...
006 (15949295.331.000) 2026-02-12 02:18:55 Image size of job updated: 429364
	420  -  MemoryUsage of job (MB)
	429364  -  ResidentSetSize of job (KB)
...
006 (15949295.331.000) 2026-02-12 02:23:55 Image size of job updated: 429576
	420  -  MemoryUsage of job (MB)
	429576  -  ResidentSetSize of job (KB)
...
006 (15949295.331.000) 2026-02-12 02:28:55 Image size of job updated: 429716
	420  -  MemoryUsage of job (MB)
	429716  -  ResidentSetSize of job (KB)
...
006 (15949295.331.000) 2026-02-12 02:33:56 Image size of job updated: 429784
	420  -  MemoryUsage of job (MB)
	429784  -  ResidentSetSize of job (KB)
...
006 (15949295.331.000) 2026-02-12 02:48:57 Image size of job updated: 430032
	420  -  MemoryUsage of job (MB)
	430032  -  ResidentSetSize of job (KB)
...
006 (15949295.331.000) 2026-02-12 02:53:57 Image size of job updated: 430256
	421  -  MemoryUsage of job (MB)
	430256  -  ResidentSetSize of job (KB)
...
006 (15949295.331.000) 2026-02-12 02:58:57 Image size of job updated: 430352
	421  -  MemoryUsage of job (MB)
	430352  -  ResidentSetSize of job (KB)
...
006 (15949295.331.000) 2026-02-12 03:24:00 Image size of job updated: 430404
	421  -  MemoryUsage of job (MB)
	430404  -  ResidentSetSize of job (KB)
...
006 (15949295.331.000) 2026-02-12 03:29:00 Image size of job updated: 430512
	421  -  MemoryUsage of job (MB)
	430512  -  ResidentSetSize of job (KB)
...
006 (15949295.331.000) 2026-02-12 03:34:01 Image size of job updated: 431188
	422  -  MemoryUsage of job (MB)
	431188  -  ResidentSetSize of job (KB)
...
006 (15949295.331.000) 2026-02-12 03:39:02 Image size of job updated: 431320
	422  -  MemoryUsage of job (MB)
	431320  -  ResidentSetSize of job (KB)
...
006 (15949295.331.000) 2026-02-12 03:44:02 Image size of job updated: 431380
	422  -  MemoryUsage of job (MB)
	431380  -  ResidentSetSize of job (KB)
...
006 (15949295.331.000) 2026-02-12 03:54:04 Image size of job updated: 431472
	422  -  MemoryUsage of job (MB)
	431472  -  ResidentSetSize of job (KB)
...
006 (15949295.331.000) 2026-02-12 04:04:05 Image size of job updated: 431480
	422  -  MemoryUsage of job (MB)
	431480  -  ResidentSetSize of job (KB)
...
006 (15949295.331.000) 2026-02-12 04:19:07 Image size of job updated: 431488
	422  -  MemoryUsage of job (MB)
	431488  -  ResidentSetSize of job (KB)
...
006 (15949295.331.000) 2026-02-12 04:54:12 Image size of job updated: 431652
	422  -  MemoryUsage of job (MB)
	431652  -  ResidentSetSize of job (KB)
...
006 (15949295.331.000) 2026-02-12 06:24:18 Image size of job updated: 431772
	422  -  MemoryUsage of job (MB)
	431772  -  ResidentSetSize of job (KB)
...
006 (15949295.331.000) 2026-02-12 06:29:18 Image size of job updated: 431828
	422  -  MemoryUsage of job (MB)
	431828  -  ResidentSetSize of job (KB)
...
006 (15949295.331.000) 2026-02-12 06:39:19 Image size of job updated: 431832
	422  -  MemoryUsage of job (MB)
	431832  -  ResidentSetSize of job (KB)
...
006 (15949295.331.000) 2026-02-12 06:54:20 Image size of job updated: 431856
	422  -  MemoryUsage of job (MB)
	431856  -  ResidentSetSize of job (KB)
...
006 (15949295.331.000) 2026-02-12 06:59:20 Image size of job updated: 431864
	422  -  MemoryUsage of job (MB)
	431864  -  ResidentSetSize of job (KB)
...
006 (15949295.331.000) 2026-02-12 07:24:22 Image size of job updated: 431884
	422  -  MemoryUsage of job (MB)
	431884  -  ResidentSetSize of job (KB)
...
006 (15949295.331.000) 2026-02-12 07:49:26 Image size of job updated: 432224
	423  -  MemoryUsage of job (MB)
	432224  -  ResidentSetSize of job (KB)
...
006 (15949295.331.000) 2026-02-12 07:54:26 Image size of job updated: 432268
	423  -  MemoryUsage of job (MB)
	432268  -  ResidentSetSize of job (KB)
...
006 (15949295.331.000) 2026-02-12 09:24:36 Image size of job updated: 432308
	423  -  MemoryUsage of job (MB)
	432308  -  ResidentSetSize of job (KB)
...
006 (15949295.331.000) 2026-02-12 09:29:36 Image size of job updated: 432328
	423  -  MemoryUsage of job (MB)
	432328  -  ResidentSetSize of job (KB)
...
