000 (15756408.486.000) 2026-02-06 11:26:58 Job submitted from host: <141.34.103.35:9618?addrs=141.34.103.35-9618+[2001-638-700-f067--1-23]-9618&alias=wgs39.zeuthen.desy.de&noUDP&sock=schedd_7414_f73f>
...
009 (15756408.486.000) 2026-02-10 11:47:33 Job was aborted.
	via condor_rm (by user tuccia)
...
000 (15951004.324.000) 2026-02-10 16:30:03 Job submitted from host: <141.34.103.35:9618?addrs=141.34.103.35-9618+[2001-638-700-f067--1-23]-9618&alias=wgs39.zeuthen.desy.de&noUDP&sock=schedd_7302_24a3>
...
001 (15951004.324.000) 2026-02-10 18:29:52 Job executing on host: <141.34.15.73:9618?addrs=141.34.15.73-9618+[2001-638-700-f00f--1-49]-9618&alias=bladek0.zeuthen.desy.de&noUDP&sock=startd_10940_822e>
	SlotName: slot1_2@bladek0.zeuthen.desy.de
	CondorScratchDir = "/batch/dir_3114482"
	Cpus = 1
	Disk = 1025024
	GPUs = 0
	Memory = 5120
...
006 (15951004.324.000) 2026-02-10 18:30:06 Image size of job updated: 89292
	88  -  MemoryUsage of job (MB)
	89292  -  ResidentSetSize of job (KB)
...
006 (15951004.324.000) 2026-02-10 18:35:07 Image size of job updated: 480860
	236  -  MemoryUsage of job (MB)
	240856  -  ResidentSetSize of job (KB)
...
006 (15951004.324.000) 2026-02-10 18:40:07 Image size of job updated: 480860
	236  -  MemoryUsage of job (MB)
	241036  -  ResidentSetSize of job (KB)
...
006 (15951004.324.000) 2026-02-10 18:45:07 Image size of job updated: 480860
	236  -  MemoryUsage of job (MB)
	241156  -  ResidentSetSize of job (KB)
...
006 (15951004.324.000) 2026-02-10 19:10:10 Image size of job updated: 480860
	236  -  MemoryUsage of job (MB)
	241184  -  ResidentSetSize of job (KB)
...
006 (15951004.324.000) 2026-02-10 19:20:11 Image size of job updated: 480860
	236  -  MemoryUsage of job (MB)
	241272  -  ResidentSetSize of job (KB)
...
006 (15951004.324.000) 2026-02-10 20:20:17 Image size of job updated: 480860
	236  -  MemoryUsage of job (MB)
	241332  -  ResidentSetSize of job (KB)
...
006 (15951004.324.000) 2026-02-10 20:25:18 Image size of job updated: 480860
	236  -  MemoryUsage of job (MB)
	241336  -  ResidentSetSize of job (KB)
...
006 (15951004.324.000) 2026-02-10 20:35:18 Image size of job updated: 480860
	236  -  MemoryUsage of job (MB)
	241396  -  ResidentSetSize of job (KB)
...
006 (15951004.324.000) 2026-02-10 20:50:19 Image size of job updated: 480860
	236  -  MemoryUsage of job (MB)
	241432  -  ResidentSetSize of job (KB)
...
006 (15951004.324.000) 2026-02-10 21:15:22 Image size of job updated: 480860
	236  -  MemoryUsage of job (MB)
	241436  -  ResidentSetSize of job (KB)
...
006 (15951004.324.000) 2026-02-10 21:20:22 Image size of job updated: 480860
	236  -  MemoryUsage of job (MB)
	241492  -  ResidentSetSize of job (KB)
...
006 (15951004.324.000) 2026-02-10 21:25:23 Image size of job updated: 480860
	236  -  MemoryUsage of job (MB)
	241588  -  ResidentSetSize of job (KB)
...
006 (15951004.324.000) 2026-02-10 22:20:30 Image size of job updated: 480860
	237  -  MemoryUsage of job (MB)
	241744  -  ResidentSetSize of job (KB)
...
006 (15951004.324.000) 2026-02-10 22:25:30 Image size of job updated: 480860
	237  -  MemoryUsage of job (MB)
	241804  -  ResidentSetSize of job (KB)
...
006 (15951004.324.000) 2026-02-11 00:05:41 Image size of job updated: 480860
	237  -  MemoryUsage of job (MB)
	241872  -  ResidentSetSize of job (KB)
...
006 (15951004.324.000) 2026-02-11 01:05:45 Image size of job updated: 480860
	237  -  MemoryUsage of job (MB)
	241908  -  ResidentSetSize of job (KB)
...
006 (15951004.324.000) 2026-02-11 01:10:45 Image size of job updated: 480860
	237  -  MemoryUsage of job (MB)
	241988  -  ResidentSetSize of job (KB)
...
006 (15951004.324.000) 2026-02-11 06:41:18 Image size of job updated: 480860
	237  -  MemoryUsage of job (MB)
	242088  -  ResidentSetSize of job (KB)
...
006 (15951004.324.000) 2026-02-11 06:46:18 Image size of job updated: 480860
	237  -  MemoryUsage of job (MB)
	242244  -  ResidentSetSize of job (KB)
...
006 (15951004.324.000) 2026-02-11 08:36:29 Image size of job updated: 480860
	237  -  MemoryUsage of job (MB)
	242656  -  ResidentSetSize of job (KB)
...
006 (15951004.324.000) 2026-02-11 09:46:38 Image size of job updated: 480860
	238  -  MemoryUsage of job (MB)
	242712  -  ResidentSetSize of job (KB)
...
