000 (15756404.496.000) 2026-02-06 11:24:35 Job submitted from host: <141.34.103.35:9618?addrs=141.34.103.35-9618+[2001-638-700-f067--1-23]-9618&alias=wgs39.zeuthen.desy.de&noUDP&sock=schedd_7414_f73f>
...
001 (15756404.496.000) 2026-02-06 19:00:34 Job executing on host: <141.34.103.51:9618?addrs=141.34.103.51-9618+[2001-638-700-f067--1-33]-9618&alias=wgs41.zeuthen.desy.de&noUDP&sock=startd_7782_6219>
	SlotName: slot1_4@wgs41.zeuthen.desy.de
	CondorScratchDir = "/batch/dir_1519077"
	Cpus = 8
	Disk = 1025025
	GPUs = 0
	Memory = 16384
...
006 (15756404.496.000) 2026-02-06 19:00:47 Image size of job updated: 91484
	90  -  MemoryUsage of job (MB)
	91484  -  ResidentSetSize of job (KB)
...
006 (15756404.496.000) 2026-02-06 19:05:47 Image size of job updated: 357836
	286  -  MemoryUsage of job (MB)
	292240  -  ResidentSetSize of job (KB)
...
006 (15756404.496.000) 2026-02-06 19:10:47 Image size of job updated: 357836
	290  -  MemoryUsage of job (MB)
	296856  -  ResidentSetSize of job (KB)
...
006 (15756404.496.000) 2026-02-06 19:15:48 Image size of job updated: 357836
	291  -  MemoryUsage of job (MB)
	297884  -  ResidentSetSize of job (KB)
...
006 (15756404.496.000) 2026-02-06 19:20:48 Image size of job updated: 357836
	294  -  MemoryUsage of job (MB)
	300300  -  ResidentSetSize of job (KB)
...
006 (15756404.496.000) 2026-02-06 19:25:48 Image size of job updated: 357836
	294  -  MemoryUsage of job (MB)
	300568  -  ResidentSetSize of job (KB)
...
006 (15756404.496.000) 2026-02-06 19:30:49 Image size of job updated: 357836
	294  -  MemoryUsage of job (MB)
	300840  -  ResidentSetSize of job (KB)
...
006 (15756404.496.000) 2026-02-06 19:35:49 Image size of job updated: 357836
	295  -  MemoryUsage of job (MB)
	301352  -  ResidentSetSize of job (KB)
...
006 (15756404.496.000) 2026-02-06 19:40:49 Image size of job updated: 357836
	295  -  MemoryUsage of job (MB)
	301608  -  ResidentSetSize of job (KB)
...
006 (15756404.496.000) 2026-02-06 19:45:50 Image size of job updated: 357836
	295  -  MemoryUsage of job (MB)
	301864  -  ResidentSetSize of job (KB)
...
006 (15756404.496.000) 2026-02-06 19:50:50 Image size of job updated: 357836
	296  -  MemoryUsage of job (MB)
	302120  -  ResidentSetSize of job (KB)
...
006 (15756404.496.000) 2026-02-06 19:55:50 Image size of job updated: 357836
	296  -  MemoryUsage of job (MB)
	302376  -  ResidentSetSize of job (KB)
...
006 (15756404.496.000) 2026-02-06 20:00:51 Image size of job updated: 357836
	296  -  MemoryUsage of job (MB)
	302820  -  ResidentSetSize of job (KB)
...
006 (15756404.496.000) 2026-02-06 20:05:52 Image size of job updated: 357836
	296  -  MemoryUsage of job (MB)
	302908  -  ResidentSetSize of job (KB)
...
006 (15756404.496.000) 2026-02-06 20:10:52 Image size of job updated: 357836
	297  -  MemoryUsage of job (MB)
	303120  -  ResidentSetSize of job (KB)
...
006 (15756404.496.000) 2026-02-06 20:15:53 Image size of job updated: 357836
	297  -  MemoryUsage of job (MB)
	303380  -  ResidentSetSize of job (KB)
...
006 (15756404.496.000) 2026-02-07 00:06:23 Image size of job updated: 357836
	297  -  MemoryUsage of job (MB)
	303384  -  ResidentSetSize of job (KB)
...
005 (15756404.496.000) 2026-02-07 01:54:28 Job terminated.
	(1) Normal termination (return value 0)
		Usr 1 02:03:39, Sys 0 11:59:36  -  Run Remote Usage
		Usr 0 00:00:00, Sys 0 00:00:00  -  Run Local Usage
		Usr 1 02:03:39, Sys 0 11:59:36  -  Total Remote Usage
		Usr 0 00:00:00, Sys 0 00:00:00  -  Total Local Usage
	0  -  Run Bytes Sent By Job
	0  -  Run Bytes Received By Job
	0  -  Total Bytes Sent By Job
	0  -  Total Bytes Received By Job
	Partitionable Resources :    Usage  Request Allocated 
	   Cpus                 :     7.74        8         8 
	   Disk (KB)            :     1     1024000   1025025 
	   GPUs                 :                           0 
	   Memory (MB)          :   297       16384     16384 
	   TimeExecute (s)      : 24834                       
	   TimeSlotBusy (s)     : 24835                       

	Job terminated of its own accord at 2026-02-07T00:54:28Z with exit-code 0.
...
