000 (15756407.417.000) 2026-02-06 11:26:11 Job submitted from host: <141.34.103.35:9618?addrs=141.34.103.35-9618+[2001-638-700-f067--1-23]-9618&alias=wgs39.zeuthen.desy.de&noUDP&sock=schedd_7414_f73f>
...
001 (15756407.417.000) 2026-02-09 02:41:10 Job executing on host: <141.34.15.220:9618?addrs=141.34.15.220-9618+[2001-638-700-f00f--1-dc]-9618&alias=pizza28.zeuthen.desy.de&noUDP&sock=startd_8204_d710>
	SlotName: slot1_11@pizza28.zeuthen.desy.de
	CondorScratchDir = "/batch/dir_3086331"
	Cpus = 8
	Disk = 1025696
	GPUs = 0
	Memory = 16384
...
006 (15756407.417.000) 2026-02-09 02:41:23 Image size of job updated: 91436
	90  -  MemoryUsage of job (MB)
	91436  -  ResidentSetSize of job (KB)
...
006 (15756407.417.000) 2026-02-09 02:46:23 Image size of job updated: 262012
	214  -  MemoryUsage of job (MB)
	218652  -  ResidentSetSize of job (KB)
...
006 (15756407.417.000) 2026-02-09 02:51:23 Image size of job updated: 280288
	274  -  MemoryUsage of job (MB)
	280288  -  ResidentSetSize of job (KB)
...
006 (15756407.417.000) 2026-02-09 02:56:24 Image size of job updated: 280504
	274  -  MemoryUsage of job (MB)
	280504  -  ResidentSetSize of job (KB)
...
006 (15756407.417.000) 2026-02-09 03:11:25 Image size of job updated: 347180
	340  -  MemoryUsage of job (MB)
	347180  -  ResidentSetSize of job (KB)
...
006 (15756407.417.000) 2026-02-09 03:16:25 Image size of job updated: 349452
	342  -  MemoryUsage of job (MB)
	349304  -  ResidentSetSize of job (KB)
...
006 (15756407.417.000) 2026-02-09 03:21:25 Image size of job updated: 349804
	342  -  MemoryUsage of job (MB)
	349716  -  ResidentSetSize of job (KB)
...
006 (15756407.417.000) 2026-02-09 03:26:26 Image size of job updated: 350160
	342  -  MemoryUsage of job (MB)
	350160  -  ResidentSetSize of job (KB)
...
006 (15756407.417.000) 2026-02-09 03:31:26 Image size of job updated: 350312
	342  -  MemoryUsage of job (MB)
	350160  -  ResidentSetSize of job (KB)
...
006 (15756407.417.000) 2026-02-09 03:46:28 Image size of job updated: 351892
	344  -  MemoryUsage of job (MB)
	351892  -  ResidentSetSize of job (KB)
...
006 (15756407.417.000) 2026-02-09 03:51:28 Image size of job updated: 352564
	345  -  MemoryUsage of job (MB)
	352564  -  ResidentSetSize of job (KB)
...
006 (15756407.417.000) 2026-02-09 03:56:29 Image size of job updated: 353060
	345  -  MemoryUsage of job (MB)
	352660  -  ResidentSetSize of job (KB)
...
006 (15756407.417.000) 2026-02-09 04:06:30 Image size of job updated: 353060
	345  -  MemoryUsage of job (MB)
	352848  -  ResidentSetSize of job (KB)
...
006 (15756407.417.000) 2026-02-09 04:11:31 Image size of job updated: 353060
	345  -  MemoryUsage of job (MB)
	352892  -  ResidentSetSize of job (KB)
...
006 (15756407.417.000) 2026-02-09 04:16:32 Image size of job updated: 353060
	345  -  MemoryUsage of job (MB)
	353060  -  ResidentSetSize of job (KB)
...
006 (15756407.417.000) 2026-02-09 04:21:32 Image size of job updated: 353064
	345  -  MemoryUsage of job (MB)
	353060  -  ResidentSetSize of job (KB)
...
006 (15756407.417.000) 2026-02-09 06:26:44 Image size of job updated: 355308
	347  -  MemoryUsage of job (MB)
	354472  -  ResidentSetSize of job (KB)
...
006 (15756407.417.000) 2026-02-09 06:36:45 Image size of job updated: 355308
	347  -  MemoryUsage of job (MB)
	354772  -  ResidentSetSize of job (KB)
...
006 (15756407.417.000) 2026-02-09 06:46:46 Image size of job updated: 355396
	347  -  MemoryUsage of job (MB)
	354772  -  ResidentSetSize of job (KB)
...
006 (15756407.417.000) 2026-02-09 06:51:46 Image size of job updated: 355396
	347  -  MemoryUsage of job (MB)
	355264  -  ResidentSetSize of job (KB)
...
006 (15756407.417.000) 2026-02-09 07:16:48 Image size of job updated: 355396
	347  -  MemoryUsage of job (MB)
	355308  -  ResidentSetSize of job (KB)
...
006 (15756407.417.000) 2026-02-09 07:51:50 Image size of job updated: 356204
	347  -  MemoryUsage of job (MB)
	355308  -  ResidentSetSize of job (KB)
...
006 (15756407.417.000) 2026-02-09 07:56:50 Image size of job updated: 356204
	348  -  MemoryUsage of job (MB)
	355652  -  ResidentSetSize of job (KB)
...
006 (15756407.417.000) 2026-02-09 08:06:51 Image size of job updated: 356300
	348  -  MemoryUsage of job (MB)
	355668  -  ResidentSetSize of job (KB)
...
006 (15756407.417.000) 2026-02-09 08:26:52 Image size of job updated: 357188
	348  -  MemoryUsage of job (MB)
	355668  -  ResidentSetSize of job (KB)
...
006 (15756407.417.000) 2026-02-09 08:31:53 Image size of job updated: 357240
	349  -  MemoryUsage of job (MB)
	356496  -  ResidentSetSize of job (KB)
...
006 (15756407.417.000) 2026-02-09 08:41:53 Image size of job updated: 357384
	349  -  MemoryUsage of job (MB)
	356496  -  ResidentSetSize of job (KB)
...
006 (15756407.417.000) 2026-02-09 08:46:54 Image size of job updated: 357396
	349  -  MemoryUsage of job (MB)
	356496  -  ResidentSetSize of job (KB)
...
006 (15756407.417.000) 2026-02-09 08:51:54 Image size of job updated: 357396
	349  -  MemoryUsage of job (MB)
	357228  -  ResidentSetSize of job (KB)
...
006 (15756407.417.000) 2026-02-09 08:56:54 Image size of job updated: 357540
	349  -  MemoryUsage of job (MB)
	357228  -  ResidentSetSize of job (KB)
...
006 (15756407.417.000) 2026-02-09 09:51:59 Image size of job updated: 357620
	350  -  MemoryUsage of job (MB)
	357384  -  ResidentSetSize of job (KB)
...
006 (15756407.417.000) 2026-02-09 10:17:02 Image size of job updated: 357620
	350  -  MemoryUsage of job (MB)
	357572  -  ResidentSetSize of job (KB)
...
006 (15756407.417.000) 2026-02-09 11:52:15 Image size of job updated: 357784
	350  -  MemoryUsage of job (MB)
	357572  -  ResidentSetSize of job (KB)
...
005 (15756407.417.000) 2026-02-09 18:42:28 Job terminated.
	(1) Normal termination (return value 0)
		Usr 2 02:09:34, Sys 0 00:08:57  -  Run Remote Usage
		Usr 0 00:00:00, Sys 0 00:00:00  -  Run Local Usage
		Usr 2 02:09:34, Sys 0 00:08:57  -  Total Remote Usage
		Usr 0 00:00:00, Sys 0 00:00:00  -  Total Local Usage
	0  -  Run Bytes Sent By Job
	0  -  Run Bytes Received By Job
	0  -  Total Bytes Sent By Job
	0  -  Total Bytes Received By Job
	Partitionable Resources :    Usage  Request Allocated 
	   Cpus                 :     0.99        8         8 
	   Disk (KB)            :     1     1024000   1025696 
	   GPUs                 :                           0 
	   Memory (MB)          :   350       16384     16384 
	   TimeExecute (s)      : 57678                       
	   TimeSlotBusy (s)     : 57679                       

	Job terminated of its own accord at 2026-02-09T17:42:28Z with exit-code 0.
...
