000 (15756404.319.000) 2026-02-06 11:24:34 Job submitted from host: <141.34.103.35:9618?addrs=141.34.103.35-9618+[2001-638-700-f067--1-23]-9618&alias=wgs39.zeuthen.desy.de&noUDP&sock=schedd_7414_f73f>
...
001 (15756404.319.000) 2026-02-06 11:32:58 Job executing on host: <141.34.103.54:9618?addrs=141.34.103.54-9618+[2001-638-700-f067--1-36]-9618&alias=wgs44.zeuthen.desy.de&noUDP&sock=startd_7775_94ef>
	SlotName: slot1_19@wgs44.zeuthen.desy.de
	CondorScratchDir = "/batch/dir_1252165"
	Cpus = 8
	Disk = 1025025
	GPUs = 0
	Memory = 16384
...
006 (15756404.319.000) 2026-02-06 11:33:12 Image size of job updated: 91508
	90  -  MemoryUsage of job (MB)
	91508  -  ResidentSetSize of job (KB)
...
006 (15756404.319.000) 2026-02-06 11:38:13 Image size of job updated: 357720
	300  -  MemoryUsage of job (MB)
	306480  -  ResidentSetSize of job (KB)
...
006 (15756404.319.000) 2026-02-06 11:43:14 Image size of job updated: 357720
	300  -  MemoryUsage of job (MB)
	306484  -  ResidentSetSize of job (KB)
...
006 (15756404.319.000) 2026-02-06 11:53:14 Image size of job updated: 357720
	302  -  MemoryUsage of job (MB)
	309224  -  ResidentSetSize of job (KB)
...
006 (15756404.319.000) 2026-02-06 11:58:15 Image size of job updated: 357720
	303  -  MemoryUsage of job (MB)
	309736  -  ResidentSetSize of job (KB)
...
006 (15756404.319.000) 2026-02-06 12:03:15 Image size of job updated: 357720
	303  -  MemoryUsage of job (MB)
	309992  -  ResidentSetSize of job (KB)
...
006 (15756404.319.000) 2026-02-06 12:08:15 Image size of job updated: 357720
	304  -  MemoryUsage of job (MB)
	310504  -  ResidentSetSize of job (KB)
...
006 (15756404.319.000) 2026-02-06 12:13:16 Image size of job updated: 357720
	304  -  MemoryUsage of job (MB)
	310760  -  ResidentSetSize of job (KB)
...
006 (15756404.319.000) 2026-02-06 12:18:16 Image size of job updated: 357720
	304  -  MemoryUsage of job (MB)
	311224  -  ResidentSetSize of job (KB)
...
006 (15756404.319.000) 2026-02-06 12:23:16 Image size of job updated: 357720
	305  -  MemoryUsage of job (MB)
	311736  -  ResidentSetSize of job (KB)
...
006 (15756404.319.000) 2026-02-06 12:28:17 Image size of job updated: 357720
	305  -  MemoryUsage of job (MB)
	312184  -  ResidentSetSize of job (KB)
...
006 (15756404.319.000) 2026-02-06 12:33:18 Image size of job updated: 357720
	306  -  MemoryUsage of job (MB)
	312444  -  ResidentSetSize of job (KB)
...
006 (15756404.319.000) 2026-02-06 12:43:19 Image size of job updated: 357720
	306  -  MemoryUsage of job (MB)
	312720  -  ResidentSetSize of job (KB)
...
006 (15756404.319.000) 2026-02-06 14:38:30 Image size of job updated: 357720
	306  -  MemoryUsage of job (MB)
	312884  -  ResidentSetSize of job (KB)
...
006 (15756404.319.000) 2026-02-06 14:43:30 Image size of job updated: 357720
	306  -  MemoryUsage of job (MB)
	312888  -  ResidentSetSize of job (KB)
...
006 (15756404.319.000) 2026-02-06 14:53:31 Image size of job updated: 357720
	306  -  MemoryUsage of job (MB)
	312892  -  ResidentSetSize of job (KB)
...
006 (15756404.319.000) 2026-02-06 14:58:31 Image size of job updated: 357720
	306  -  MemoryUsage of job (MB)
	312908  -  ResidentSetSize of job (KB)
...
006 (15756404.319.000) 2026-02-06 15:03:31 Image size of job updated: 357720
	306  -  MemoryUsage of job (MB)
	312912  -  ResidentSetSize of job (KB)
...
006 (15756404.319.000) 2026-02-06 15:18:33 Image size of job updated: 357720
	306  -  MemoryUsage of job (MB)
	312916  -  ResidentSetSize of job (KB)
...
006 (15756404.319.000) 2026-02-06 16:18:39 Image size of job updated: 357720
	306  -  MemoryUsage of job (MB)
	312920  -  ResidentSetSize of job (KB)
...
006 (15756404.319.000) 2026-02-06 16:33:41 Image size of job updated: 357720
	306  -  MemoryUsage of job (MB)
	312924  -  ResidentSetSize of job (KB)
...
005 (15756404.319.000) 2026-02-06 18:11:23 Job terminated.
	(1) Normal termination (return value 0)
		Usr 0 23:05:03, Sys 0 13:47:44  -  Run Remote Usage
		Usr 0 00:00:00, Sys 0 00:00:00  -  Run Local Usage
		Usr 0 23:05:03, Sys 0 13:47:44  -  Total Remote Usage
		Usr 0 00:00:00, Sys 0 00:00:00  -  Total Local Usage
	0  -  Run Bytes Sent By Job
	0  -  Run Bytes Received By Job
	0  -  Total Bytes Sent By Job
	0  -  Total Bytes Received By Job
	Partitionable Resources :    Usage  Request Allocated 
	   Cpus                 :     7.94        8         8 
	   Disk (KB)            :     1     1024000   1025025 
	   GPUs                 :                           0 
	   Memory (MB)          :   306       16384     16384 
	   TimeExecute (s)      : 23905                       
	   TimeSlotBusy (s)     : 23905                       

	Job terminated of its own accord at 2026-02-06T17:11:23Z with exit-code 0.
...
