000 (15756404.424.000) 2026-02-06 11:24:35 Job submitted from host: <141.34.103.35:9618?addrs=141.34.103.35-9618+[2001-638-700-f067--1-23]-9618&alias=wgs39.zeuthen.desy.de&noUDP&sock=schedd_7414_f73f>
...
001 (15756404.424.000) 2026-02-06 17:30:16 Job executing on host: <141.34.15.48:9618?addrs=141.34.15.48-9618+[2001-638-700-f00f--1-30]-9618&alias=pizza19.zeuthen.desy.de&noUDP&sock=startd_8419_4fed>
	SlotName: slot1_9@pizza19.zeuthen.desy.de
	CondorScratchDir = "/batch/dir_3820002"
	Cpus = 8
	Disk = 1025696
	GPUs = 0
	Memory = 16384
...
006 (15756404.424.000) 2026-02-06 17:30:29 Image size of job updated: 91496
	90  -  MemoryUsage of job (MB)
	91496  -  ResidentSetSize of job (KB)
...
006 (15756404.424.000) 2026-02-06 17:35:29 Image size of job updated: 393112
	282  -  MemoryUsage of job (MB)
	287824  -  ResidentSetSize of job (KB)
...
006 (15756404.424.000) 2026-02-06 17:40:30 Image size of job updated: 393112
	285  -  MemoryUsage of job (MB)
	291404  -  ResidentSetSize of job (KB)
...
006 (15756404.424.000) 2026-02-06 17:45:30 Image size of job updated: 393112
	293  -  MemoryUsage of job (MB)
	299068  -  ResidentSetSize of job (KB)
...
006 (15756404.424.000) 2026-02-06 17:50:30 Image size of job updated: 393112
	293  -  MemoryUsage of job (MB)
	299228  -  ResidentSetSize of job (KB)
...
006 (15756404.424.000) 2026-02-06 17:55:31 Image size of job updated: 393112
	296  -  MemoryUsage of job (MB)
	302100  -  ResidentSetSize of job (KB)
...
006 (15756404.424.000) 2026-02-06 18:00:31 Image size of job updated: 393112
	296  -  MemoryUsage of job (MB)
	302612  -  ResidentSetSize of job (KB)
...
006 (15756404.424.000) 2026-02-06 18:05:31 Image size of job updated: 393112
	296  -  MemoryUsage of job (MB)
	302868  -  ResidentSetSize of job (KB)
...
006 (15756404.424.000) 2026-02-06 18:10:32 Image size of job updated: 393112
	297  -  MemoryUsage of job (MB)
	303380  -  ResidentSetSize of job (KB)
...
006 (15756404.424.000) 2026-02-06 18:15:32 Image size of job updated: 393112
	297  -  MemoryUsage of job (MB)
	303636  -  ResidentSetSize of job (KB)
...
006 (15756404.424.000) 2026-02-06 18:20:32 Image size of job updated: 393112
	298  -  MemoryUsage of job (MB)
	304140  -  ResidentSetSize of job (KB)
...
006 (15756404.424.000) 2026-02-06 18:25:33 Image size of job updated: 393112
	298  -  MemoryUsage of job (MB)
	304612  -  ResidentSetSize of job (KB)
...
006 (15756404.424.000) 2026-02-06 18:30:34 Image size of job updated: 393112
	298  -  MemoryUsage of job (MB)
	305064  -  ResidentSetSize of job (KB)
...
006 (15756404.424.000) 2026-02-06 18:35:34 Image size of job updated: 393112
	298  -  MemoryUsage of job (MB)
	305068  -  ResidentSetSize of job (KB)
...
006 (15756404.424.000) 2026-02-06 20:30:45 Image size of job updated: 393112
	299  -  MemoryUsage of job (MB)
	305432  -  ResidentSetSize of job (KB)
...
006 (15756404.424.000) 2026-02-06 21:00:48 Image size of job updated: 393112
	299  -  MemoryUsage of job (MB)
	305436  -  ResidentSetSize of job (KB)
...
006 (15756404.424.000) 2026-02-06 22:40:58 Image size of job updated: 393112
	299  -  MemoryUsage of job (MB)
	305692  -  ResidentSetSize of job (KB)
...
005 (15756404.424.000) 2026-02-07 00:25:31 Job terminated.
	(1) Normal termination (return value 0)
		Usr 1 00:41:00, Sys 0 14:04:18  -  Run Remote Usage
		Usr 0 00:00:00, Sys 0 00:00:00  -  Run Local Usage
		Usr 1 00:41:00, Sys 0 14:04:18  -  Total Remote Usage
		Usr 0 00:00:00, Sys 0 00:00:00  -  Total Local Usage
	0  -  Run Bytes Sent By Job
	0  -  Run Bytes Received By Job
	0  -  Total Bytes Sent By Job
	0  -  Total Bytes Received By Job
	Partitionable Resources :    Usage  Request Allocated 
	   Cpus                 :     7.95        8         8 
	   Disk (KB)            :     1     1024000   1025696 
	   GPUs                 :                           0 
	   Memory (MB)          :   299       16384     16384 
	   TimeExecute (s)      : 24915                       
	   TimeSlotBusy (s)     : 24915                       

	Job terminated of its own accord at 2026-02-06T23:25:31Z with exit-code 0.
...
