~~~~~~~~~~~~~~~~~~~~~~~~~~~~~~

n_qubits: 60, 
r: 80, 
alpha: 0.01, 
shots: 10000, 
ansatz: structure_like_qubo_YZ_2, 
layer: 1, 
tau: 0.3

time for simulated annealing:  68.2850079536438
Rank 1: Bitstring=011110010010000011011111001110110100001001000010111010010000, Decimal=545513845215735440, Energy=-48.1849
Rank 2: Bitstring=011110010010010011001111001110110100001001010010111010011011, Decimal=545583114448350875, Energy=-48.1839
Rank 3: Bitstring=011110010010000011011111001110010100001101000010111010000000, Decimal=545513844679913088, Energy=-48.0259
Rank 4: Bitstring=011110010010010011001111001110010100001101010010111010001011, Decimal=545583113912528523, Energy=-48.0249
Rank 5: Bitstring=011110010010000011001111001110110100001001010010111010010000, Decimal=545512745704173200, Energy=-48.0089
Rank 6: Bitstring=001110010010010011001111000110111100001001010010110010011011, Decimal=257352729840921755, Energy=-47.9217
Rank 7: Bitstring=011110010010000011001111001110010100001101010010111010000000, Decimal=545512745168350848, Energy=-47.8499
Rank 8: Bitstring=011110010010000011011001001010110100000001000010111010010000, Decimal=545513428601810576, Energy=-47.8303
Rank 9: Bitstring=011110010010010011001001001010110100000001010010111010011011, Decimal=545582697834426011, Energy=-47.8293
Rank 10: Bitstring=011110010010010011001001001010100100000001010010011110011011, Decimal=545582697565988763, Energy=-47.7765

E_min from simulated annealing:  -48.1849
Minimum energy: -48.1849
States with energy within 1e-08 of minimum: [545513845215735440]


################## Start optimization with initial parameters: [0. 0. 0. 0. 0. 0. 0. 0. 0. 0. 0. 0. 0. 0. 0. 0. 0. 0. 0. 0. 0. 0. 0. 0.
 0. 0. 0. 0. 0. 0. 0. 0. 0. 0. 0. 0. 0. 0. 0. 0. 0. 0. 0. 0. 0. 0. 0. 0.
 0. 0. 0. 0. 0. 0. 0. 0. 0. 0. 0. 0. 0. 0. 0. 0. 0. 0. 0. 0. 0. 0. 0. 0.
 0. 0. 0. 0. 0. 0. 0. 0. 0. 0. 0. 0. 0. 0. 0. 0. 0. 0. 0. 0. 0. 0. 0. 0.
 0. 0. 0. 0. 0. 0. 0. 0. 0. 0. 0. 0. 0. 0. 0. 0. 0. 0. 0. 0. 0. 0. 0. 0.
 0. 0. 0. 0. 0. 0. 0. 0. 0. 0. 0. 0. 0. 0. 0. 0. 0. 0. 0. 0. 0. 0. 0. 0.
 0. 0. 0. 0. 0. 0. 0. 0. 0. 0. 0. 0. 0. 0. 0. 0. 0. 0. 0. 0. 0. 0. 0. 0.
 0. 0. 0. 0. 0. 0. 0. 0. 0. 0. 0. 0. 0. 0. 0. 0. 0. 0. 0. 0. 0. 0. 0. 0.
 0. 0. 0. 0. 0. 0. 0. 0. 0. 0. 0. 0. 0. 0. 0. 0. 0. 0. 0. 0. 0. 0. 0. 0.
 0. 0. 0. 0. 0. 0. 0. 0. 0. 0. 0. 0. 0. 0. 0. 0. 0. 0. 0. 0. 0. 0. 0. 0.]
Write sucessfully to ./data/data_shots_10000_layer_1/alpha_0.01/N_60/r_80/ansatz_type_structure_like_qubo_YZ_2/initialization_zeros

vqe.cvar_eval[0]: -18.018988000000007 , min_cvar: -47.264918 , opt_cvar: -47.264918

vqe.poss_eval[-1]: 0 vqe.poss_eval[0] 0  , max_poss: 0 , opt_poss: 0

vqe.r_eval[-1]: 0.9800600188025711 vqe.r_eval[0]: 0.373955077212986 max_r: 0.9809072551774519 , min_r: 0.36571880402366747
