000 (15756408.426.000) 2026-02-06 11:26:58 Job submitted from host: <141.34.103.35:9618?addrs=141.34.103.35-9618+[2001-638-700-f067--1-23]-9618&alias=wgs39.zeuthen.desy.de&noUDP&sock=schedd_7414_f73f>
...
009 (15756408.426.000) 2026-02-10 11:47:32 Job was aborted.
	via condor_rm (by user tuccia)
...
000 (15951004.284.000) 2026-02-10 16:30:03 Job submitted from host: <141.34.103.35:9618?addrs=141.34.103.35-9618+[2001-638-700-f067--1-23]-9618&alias=wgs39.zeuthen.desy.de&noUDP&sock=schedd_7302_24a3>
...
001 (15951004.284.000) 2026-02-10 18:28:51 Job executing on host: <141.34.15.51:9618?addrs=141.34.15.51-9618+[2001-638-700-f00f--1-33]-9618&alias=pizza22.zeuthen.desy.de&noUDP&sock=startd_8302_0f58>
	SlotName: slot1_9@pizza22.zeuthen.desy.de
	CondorScratchDir = "/batch/dir_2961520"
	Cpus = 1
	Disk = 1025696
	GPUs = 0
	Memory = 5120
...
006 (15951004.284.000) 2026-02-10 18:29:04 Image size of job updated: 91400
	90  -  MemoryUsage of job (MB)
	91400  -  ResidentSetSize of job (KB)
...
006 (15951004.284.000) 2026-02-10 18:34:04 Image size of job updated: 241600
	236  -  MemoryUsage of job (MB)
	241600  -  ResidentSetSize of job (KB)
...
006 (15951004.284.000) 2026-02-10 18:39:04 Image size of job updated: 243864
	239  -  MemoryUsage of job (MB)
	243864  -  ResidentSetSize of job (KB)
...
006 (15951004.284.000) 2026-02-10 18:44:05 Image size of job updated: 243888
	239  -  MemoryUsage of job (MB)
	243888  -  ResidentSetSize of job (KB)
...
006 (15951004.284.000) 2026-02-10 18:59:06 Image size of job updated: 243912
	239  -  MemoryUsage of job (MB)
	243912  -  ResidentSetSize of job (KB)
...
006 (15951004.284.000) 2026-02-10 19:09:06 Image size of job updated: 243996
	239  -  MemoryUsage of job (MB)
	243996  -  ResidentSetSize of job (KB)
...
006 (15951004.284.000) 2026-02-10 19:39:10 Image size of job updated: 244140
	239  -  MemoryUsage of job (MB)
	244140  -  ResidentSetSize of job (KB)
...
006 (15951004.284.000) 2026-02-10 20:04:14 Image size of job updated: 244196
	239  -  MemoryUsage of job (MB)
	244196  -  ResidentSetSize of job (KB)
...
006 (15951004.284.000) 2026-02-10 20:19:15 Image size of job updated: 244288
	239  -  MemoryUsage of job (MB)
	244288  -  ResidentSetSize of job (KB)
...
006 (15951004.284.000) 2026-02-10 20:24:15 Image size of job updated: 244352
	239  -  MemoryUsage of job (MB)
	244352  -  ResidentSetSize of job (KB)
...
006 (15951004.284.000) 2026-02-10 20:29:15 Image size of job updated: 244664
	239  -  MemoryUsage of job (MB)
	244664  -  ResidentSetSize of job (KB)
...
006 (15951004.284.000) 2026-02-10 21:34:22 Image size of job updated: 244820
	240  -  MemoryUsage of job (MB)
	244820  -  ResidentSetSize of job (KB)
...
006 (15951004.284.000) 2026-02-11 01:59:47 Image size of job updated: 244976
	240  -  MemoryUsage of job (MB)
	244976  -  ResidentSetSize of job (KB)
...
006 (15951004.284.000) 2026-02-11 05:05:05 Image size of job updated: 245004
	240  -  MemoryUsage of job (MB)
	245004  -  ResidentSetSize of job (KB)
...
006 (15951004.284.000) 2026-02-11 05:10:05 Image size of job updated: 245180
	240  -  MemoryUsage of job (MB)
	245180  -  ResidentSetSize of job (KB)
...
006 (15951004.284.000) 2026-02-11 05:15:05 Image size of job updated: 245184
	240  -  MemoryUsage of job (MB)
	245184  -  ResidentSetSize of job (KB)
...
006 (15951004.284.000) 2026-02-11 05:20:06 Image size of job updated: 245204
	240  -  MemoryUsage of job (MB)
	245204  -  ResidentSetSize of job (KB)
...
006 (15951004.284.000) 2026-02-11 07:40:21 Image size of job updated: 245360
	240  -  MemoryUsage of job (MB)
	245360  -  ResidentSetSize of job (KB)
...
006 (15951004.284.000) 2026-02-11 09:50:34 Image size of job updated: 245516
	240  -  MemoryUsage of job (MB)
	245516  -  ResidentSetSize of job (KB)
...
004 (15951004.284.000) 2026-02-11 11:11:57 Job was evicted.
	(0) CPU times
		Usr 0 16:34:09, Sys 0 00:00:03  -  Run Remote Usage
		Usr 0 00:00:00, Sys 0 00:00:00  -  Run Local Usage
	0  -  Run Bytes Sent By Job
	0  -  Run Bytes Received By Job
	Partitionable Resources :    Usage  Request Allocated 
	   Cpus                 :     0.99        1         1 
	   Disk (KB)            :     1     1024000   1025696 
	   GPUs                 :                           0 
	   Memory (MB)          :   240        5120      5120 
	   TimeExecute (s)      : 60185                       
	   TimeSlotBusy (s)     : 60187                       
...
009 (15951004.284.000) 2026-02-11 11:11:58 Job was aborted.
	via condor_rm (by user tuccia)
...
000 (15988842.284.000) 2026-02-11 11:12:47 Job submitted from host: <141.34.103.35:9618?addrs=141.34.103.35-9618+[2001-638-700-f067--1-23]-9618&alias=wgs39.zeuthen.desy.de&noUDP&sock=schedd_7302_24a3>
...
001 (15988842.284.000) 2026-02-11 11:35:31 Job executing on host: <141.34.15.178:9618?addrs=141.34.15.178-9618+[2001-638-700-f00f--1-b2]-9618&alias=genoa03.zeuthen.desy.de&noUDP&sock=startd_10467_11e2>
	SlotName: slot1_41@genoa03.zeuthen.desy.de
	CondorScratchDir = "/batch/dir_2348460"
	Cpus = 1
	Disk = 1025697
	GPUs = 0
	Memory = 5120
...
006 (15988842.284.000) 2026-02-11 11:35:44 Image size of job updated: 89400
	88  -  MemoryUsage of job (MB)
	89400  -  ResidentSetSize of job (KB)
...
006 (15988842.284.000) 2026-02-11 11:40:45 Image size of job updated: 299796
	237  -  MemoryUsage of job (MB)
	242364  -  ResidentSetSize of job (KB)
...
006 (15988842.284.000) 2026-02-11 11:45:46 Image size of job updated: 299796
	237  -  MemoryUsage of job (MB)
	242484  -  ResidentSetSize of job (KB)
...
006 (15988842.284.000) 2026-02-11 12:20:50 Image size of job updated: 299796
	237  -  MemoryUsage of job (MB)
	242520  -  ResidentSetSize of job (KB)
...
006 (15988842.284.000) 2026-02-11 13:00:53 Image size of job updated: 299796
	237  -  MemoryUsage of job (MB)
	242576  -  ResidentSetSize of job (KB)
...
006 (15988842.284.000) 2026-02-11 13:20:55 Image size of job updated: 299796
	238  -  MemoryUsage of job (MB)
	242788  -  ResidentSetSize of job (KB)
...
006 (15988842.284.000) 2026-02-11 13:30:56 Image size of job updated: 299796
	238  -  MemoryUsage of job (MB)
	242944  -  ResidentSetSize of job (KB)
...
006 (15988842.284.000) 2026-02-11 14:05:59 Image size of job updated: 299796
	238  -  MemoryUsage of job (MB)
	243100  -  ResidentSetSize of job (KB)
...
006 (15988842.284.000) 2026-02-11 14:31:02 Image size of job updated: 299796
	238  -  MemoryUsage of job (MB)
	243256  -  ResidentSetSize of job (KB)
...
006 (15988842.284.000) 2026-02-11 14:41:03 Image size of job updated: 299796
	238  -  MemoryUsage of job (MB)
	243568  -  ResidentSetSize of job (KB)
...
006 (15988842.284.000) 2026-02-11 15:16:06 Image size of job updated: 299796
	238  -  MemoryUsage of job (MB)
	243584  -  ResidentSetSize of job (KB)
...
006 (15988842.284.000) 2026-02-11 15:21:06 Image size of job updated: 299796
	238  -  MemoryUsage of job (MB)
	243652  -  ResidentSetSize of job (KB)
...
006 (15988842.284.000) 2026-02-11 15:26:07 Image size of job updated: 299796
	238  -  MemoryUsage of job (MB)
	243688  -  ResidentSetSize of job (KB)
...
006 (15988842.284.000) 2026-02-11 15:31:07 Image size of job updated: 299796
	239  -  MemoryUsage of job (MB)
	243940  -  ResidentSetSize of job (KB)
...
006 (15988842.284.000) 2026-02-12 01:17:08 Image size of job updated: 299796
	239  -  MemoryUsage of job (MB)
	243996  -  ResidentSetSize of job (KB)
...
006 (15988842.284.000) 2026-02-12 04:17:27 Image size of job updated: 299796
	239  -  MemoryUsage of job (MB)
	244152  -  ResidentSetSize of job (KB)
...
006 (15988842.284.000) 2026-02-12 04:52:30 Image size of job updated: 299796
	239  -  MemoryUsage of job (MB)
	244216  -  ResidentSetSize of job (KB)
...
006 (15988842.284.000) 2026-02-12 04:57:31 Image size of job updated: 299796
	239  -  MemoryUsage of job (MB)
	244408  -  ResidentSetSize of job (KB)
...
006 (15988842.284.000) 2026-02-12 05:52:36 Image size of job updated: 299796
	239  -  MemoryUsage of job (MB)
	244416  -  ResidentSetSize of job (KB)
...
006 (15988842.284.000) 2026-02-12 05:57:37 Image size of job updated: 299796
	239  -  MemoryUsage of job (MB)
	244664  -  ResidentSetSize of job (KB)
...
006 (15988842.284.000) 2026-02-12 06:27:39 Image size of job updated: 299796
	239  -  MemoryUsage of job (MB)
	244692  -  ResidentSetSize of job (KB)
...
006 (15988842.284.000) 2026-02-12 06:32:40 Image size of job updated: 299796
	240  -  MemoryUsage of job (MB)
	244920  -  ResidentSetSize of job (KB)
...
006 (15988842.284.000) 2026-02-12 07:32:46 Image size of job updated: 299796
	240  -  MemoryUsage of job (MB)
	244972  -  ResidentSetSize of job (KB)
...
006 (15988842.284.000) 2026-02-12 07:37:47 Image size of job updated: 299796
	240  -  MemoryUsage of job (MB)
	245176  -  ResidentSetSize of job (KB)
...
006 (15988842.284.000) 2026-02-12 08:32:54 Image size of job updated: 299796
	240  -  MemoryUsage of job (MB)
	245180  -  ResidentSetSize of job (KB)
...
006 (15988842.284.000) 2026-02-12 08:37:54 Image size of job updated: 299796
	240  -  MemoryUsage of job (MB)
	245432  -  ResidentSetSize of job (KB)
...
006 (15988842.284.000) 2026-02-12 10:08:02 Image size of job updated: 299796
	240  -  MemoryUsage of job (MB)
	245588  -  ResidentSetSize of job (KB)
...
006 (15988842.284.000) 2026-02-12 10:13:03 Image size of job updated: 299796
	240  -  MemoryUsage of job (MB)
	245744  -  ResidentSetSize of job (KB)
...
006 (15988842.284.000) 2026-02-12 10:18:03 Image size of job updated: 299796
	241  -  MemoryUsage of job (MB)
	245900  -  ResidentSetSize of job (KB)
...
006 (15988842.284.000) 2026-02-12 15:18:31 Image size of job updated: 299796
	241  -  MemoryUsage of job (MB)
	245904  -  ResidentSetSize of job (KB)
...
006 (15988842.284.000) 2026-02-12 15:33:33 Image size of job updated: 299796
	241  -  MemoryUsage of job (MB)
	245908  -  ResidentSetSize of job (KB)
...
006 (15988842.284.000) 2026-02-12 18:03:49 Image size of job updated: 299796
	241  -  MemoryUsage of job (MB)
	246068  -  ResidentSetSize of job (KB)
...
006 (15988842.284.000) 2026-02-12 23:59:24 Image size of job updated: 299796
	241  -  MemoryUsage of job (MB)
	246088  -  ResidentSetSize of job (KB)
...
006 (15988842.284.000) 2026-02-13 00:04:24 Image size of job updated: 299796
	241  -  MemoryUsage of job (MB)
	246216  -  ResidentSetSize of job (KB)
...
021 (15988842.284.000) 2026-02-13 11:35:32 Error from starter on slot1_41@genoa03.zeuthen.desy.de:
	runtime exceeded maximum (target.Runtime seconds)
	Code 21 Subcode 103
...
004 (15988842.284.000) 2026-02-13 11:35:32 Job was evicted.
	(0) CPU times
		Usr 1 23:25:32, Sys 0 00:00:13  -  Run Remote Usage
		Usr 0 00:00:00, Sys 0 00:00:00  -  Run Local Usage
	0  -  Run Bytes Sent By Job
	0  -  Run Bytes Received By Job
	Error from slot1_41@genoa03.zeuthen.desy.de: runtime exceeded maximum (target.Runtime seconds)
	Partitionable Resources :     Usage  Request Allocated 
	   Cpus                 :      0.99        1         1 
	   Disk (KB)            :      1     1024000   1025697 
	   GPUs                 :                            0 
	   Memory (MB)          :    241        5120      5120 
	   TimeSlotBusy (s)     : 172801                       
...
012 (15988842.284.000) 2026-02-13 11:35:32 Job was held.
	Error from slot1_41@genoa03.zeuthen.desy.de: runtime exceeded maximum (target.Runtime seconds)
	Code 21 Subcode 103
...
009 (15988842.284.000) 2026-02-16 17:16:33 Job was aborted.
	via condor_rm (by user tuccia)
...
000 (16309174.042.000) 2026-02-18 10:42:57 Job submitted from host: <141.34.103.35:9618?addrs=141.34.103.35-9618+[2001-638-700-f067--1-23]-9618&alias=wgs39.zeuthen.desy.de&noUDP&sock=schedd_7302_24a3>
...
001 (16309174.042.000) 2026-02-18 10:43:15 Job executing on host: <141.34.15.222:9618?addrs=141.34.15.222-9618+[2001-638-700-f00f--1-de]-9618&alias=pizza30.zeuthen.desy.de&noUDP&sock=startd_8310_8c1a>
	SlotName: slot1_7@pizza30.zeuthen.desy.de
	CondorScratchDir = "/batch/dir_3042523"
	Cpus = 1
	Disk = 1025696
	GPUs = 0
	Memory = 5120
...
006 (16309174.042.000) 2026-02-18 10:43:28 Image size of job updated: 91404
	90  -  MemoryUsage of job (MB)
	91404  -  ResidentSetSize of job (KB)
...
006 (16309174.042.000) 2026-02-18 10:48:28 Image size of job updated: 286620
	237  -  MemoryUsage of job (MB)
	241892  -  ResidentSetSize of job (KB)
...
006 (16309174.042.000) 2026-02-18 10:53:29 Image size of job updated: 286620
	237  -  MemoryUsage of job (MB)
	241916  -  ResidentSetSize of job (KB)
...
006 (16309174.042.000) 2026-02-18 10:58:30 Image size of job updated: 286620
	239  -  MemoryUsage of job (MB)
	244168  -  ResidentSetSize of job (KB)
...
006 (16309174.042.000) 2026-02-18 11:08:31 Image size of job updated: 286620
	239  -  MemoryUsage of job (MB)
	244176  -  ResidentSetSize of job (KB)
...
006 (16309174.042.000) 2026-02-18 11:13:32 Image size of job updated: 286620
	239  -  MemoryUsage of job (MB)
	244240  -  ResidentSetSize of job (KB)
...
006 (16309174.042.000) 2026-02-18 11:18:32 Image size of job updated: 286620
	239  -  MemoryUsage of job (MB)
	244260  -  ResidentSetSize of job (KB)
...
006 (16309174.042.000) 2026-02-18 11:33:34 Image size of job updated: 286620
	239  -  MemoryUsage of job (MB)
	244264  -  ResidentSetSize of job (KB)
...
006 (16309174.042.000) 2026-02-18 11:38:35 Image size of job updated: 286620
	239  -  MemoryUsage of job (MB)
	244292  -  ResidentSetSize of job (KB)
...
006 (16309174.042.000) 2026-02-18 11:53:36 Image size of job updated: 286620
	239  -  MemoryUsage of job (MB)
	244416  -  ResidentSetSize of job (KB)
...
006 (16309174.042.000) 2026-02-18 12:03:37 Image size of job updated: 286620
	239  -  MemoryUsage of job (MB)
	244556  -  ResidentSetSize of job (KB)
...
006 (16309174.042.000) 2026-02-18 12:08:37 Image size of job updated: 286620
	239  -  MemoryUsage of job (MB)
	244712  -  ResidentSetSize of job (KB)
...
006 (16309174.042.000) 2026-02-18 12:33:39 Image size of job updated: 286620
	240  -  MemoryUsage of job (MB)
	244868  -  ResidentSetSize of job (KB)
...
006 (16309174.042.000) 2026-02-18 12:43:40 Image size of job updated: 286620
	240  -  MemoryUsage of job (MB)
	245024  -  ResidentSetSize of job (KB)
...
006 (16309174.042.000) 2026-02-18 14:38:52 Image size of job updated: 286620
	240  -  MemoryUsage of job (MB)
	245180  -  ResidentSetSize of job (KB)
...
006 (16309174.042.000) 2026-02-18 15:49:02 Image size of job updated: 286620
	240  -  MemoryUsage of job (MB)
	245492  -  ResidentSetSize of job (KB)
...
006 (16309174.042.000) 2026-02-19 00:54:56 Image size of job updated: 286620
	241  -  MemoryUsage of job (MB)
	246120  -  ResidentSetSize of job (KB)
...
006 (16309174.042.000) 2026-02-19 01:30:00 Image size of job updated: 286620
	241  -  MemoryUsage of job (MB)
	246144  -  ResidentSetSize of job (KB)
...
006 (16309174.042.000) 2026-02-19 01:35:01 Image size of job updated: 286620
	241  -  MemoryUsage of job (MB)
	246376  -  ResidentSetSize of job (KB)
...
006 (16309174.042.000) 2026-02-19 01:50:02 Image size of job updated: 286620
	241  -  MemoryUsage of job (MB)
	246384  -  ResidentSetSize of job (KB)
...
006 (16309174.042.000) 2026-02-19 01:55:03 Image size of job updated: 286620
	241  -  MemoryUsage of job (MB)
	246632  -  ResidentSetSize of job (KB)
...
006 (16309174.042.000) 2026-02-19 02:55:07 Image size of job updated: 286620
	242  -  MemoryUsage of job (MB)
	246888  -  ResidentSetSize of job (KB)
...
006 (16309174.042.000) 2026-02-19 03:55:13 Image size of job updated: 286620
	242  -  MemoryUsage of job (MB)
	246940  -  ResidentSetSize of job (KB)
...
006 (16309174.042.000) 2026-02-19 04:00:14 Image size of job updated: 286620
	242  -  MemoryUsage of job (MB)
	247144  -  ResidentSetSize of job (KB)
...
006 (16309174.042.000) 2026-02-19 07:00:32 Image size of job updated: 286620
	242  -  MemoryUsage of job (MB)
	247300  -  ResidentSetSize of job (KB)
...
006 (16309174.042.000) 2026-02-19 15:26:23 Image size of job updated: 286620
	242  -  MemoryUsage of job (MB)
	247456  -  ResidentSetSize of job (KB)
...
006 (16309174.042.000) 2026-02-19 23:27:04 Image size of job updated: 286620
	242  -  MemoryUsage of job (MB)
	247460  -  ResidentSetSize of job (KB)
...
006 (16309174.042.000) 2026-02-20 00:22:08 Image size of job updated: 286620
	242  -  MemoryUsage of job (MB)
	247464  -  ResidentSetSize of job (KB)
...
022 (16309174.042.000) 2026-02-20 03:44:36 Job disconnected, attempting to reconnect
    Local schedd and job shadow died, schedd now running again
    Trying to reconnect to slot1_7@pizza30.zeuthen.desy.de <141.34.15.222:9618?addrs=141.34.15.222-9618+[2001-638-700-f00f--1-de]-9618&alias=pizza30.zeuthen.desy.de&noUDP&sock=startd_8310_8c1a>
...
023 (16309174.042.000) 2026-02-20 03:44:44 Job reconnected to slot1_7@pizza30.zeuthen.desy.de
    startd address: <141.34.15.222:9618?addrs=141.34.15.222-9618+[2001-638-700-f00f--1-de]-9618&alias=pizza30.zeuthen.desy.de&noUDP&sock=startd_8310_8c1a>
    starter address: <141.34.15.222:9618?addrs=141.34.15.222-9618+[2001-638-700-f00f--1-de]-9618&alias=pizza30.zeuthen.desy.de&noUDP&sock=slot1_7_8787_fc7e_39567>
...
021 (16309174.042.000) 2026-02-20 10:43:16 Error from starter on slot1_7@pizza30.zeuthen.desy.de:
	runtime exceeded maximum (target.Runtime seconds)
	Code 21 Subcode 103
...
004 (16309174.042.000) 2026-02-20 10:43:16 Job was evicted.
	(0) CPU times
		Usr 1 23:33:28, Sys 0 00:00:25  -  Run Remote Usage
		Usr 0 00:00:00, Sys 0 00:00:00  -  Run Local Usage
	0  -  Run Bytes Sent By Job
	0  -  Run Bytes Received By Job
	Error from slot1_7@pizza30.zeuthen.desy.de: runtime exceeded maximum (target.Runtime seconds)
	Partitionable Resources :         Usage  Request Allocated 
	   Cpus                 :          0.99        1         1 
	   Disk (KB)            :          1     1024000   1025696 
	   Memory (MB)          :        245        5120      5120 
	   TimeSlotBusy (s)     : 1771580596                       
...
012 (16309174.042.000) 2026-02-20 10:43:16 Job was held.
	Error from slot1_7@pizza30.zeuthen.desy.de: runtime exceeded maximum (target.Runtime seconds)
	Code 21 Subcode 103
...
009 (16309174.042.000) 2026-02-23 19:29:10 Job was aborted.
	via condor_rm (by user tuccia)
...
000 (16619852.042.000) 2026-02-23 19:30:03 Job submitted from host: <141.34.103.35:9618?addrs=141.34.103.35-9618+[2001-638-700-f067--1-23]-9618&alias=wgs39.zeuthen.desy.de&noUDP&sock=schedd_7302_24a3>
...
001 (16619852.042.000) 2026-02-23 19:30:21 Job executing on host: <141.34.15.41:9618?addrs=141.34.15.41-9618+[2001-638-700-f00f--1-29]-9618&alias=pizza12.zeuthen.desy.de&noUDP&sock=startd_8275_8a49>
	SlotName: slot1_5@pizza12.zeuthen.desy.de
	CondorScratchDir = "/batch/dir_1947423"
	Cpus = 1
	Disk = 1025696
	GPUs = 0
	Memory = 5120
...
006 (16619852.042.000) 2026-02-23 19:30:34 Image size of job updated: 91432
	90  -  MemoryUsage of job (MB)
	91432  -  ResidentSetSize of job (KB)
...
006 (16619852.042.000) 2026-02-23 19:35:34 Image size of job updated: 241872
	237  -  MemoryUsage of job (MB)
	241872  -  ResidentSetSize of job (KB)
...
006 (16619852.042.000) 2026-02-23 19:40:34 Image size of job updated: 244080
	239  -  MemoryUsage of job (MB)
	244080  -  ResidentSetSize of job (KB)
...
006 (16619852.042.000) 2026-02-23 19:45:35 Image size of job updated: 244148
	239  -  MemoryUsage of job (MB)
	244148  -  ResidentSetSize of job (KB)
...
006 (16619852.042.000) 2026-02-23 19:55:35 Image size of job updated: 244224
	239  -  MemoryUsage of job (MB)
	244224  -  ResidentSetSize of job (KB)
...
006 (16619852.042.000) 2026-02-23 20:20:38 Image size of job updated: 244348
	239  -  MemoryUsage of job (MB)
	244348  -  ResidentSetSize of job (KB)
...
006 (16619852.042.000) 2026-02-23 20:35:39 Image size of job updated: 244504
	239  -  MemoryUsage of job (MB)
	244504  -  ResidentSetSize of job (KB)
...
006 (16619852.042.000) 2026-02-23 20:40:39 Image size of job updated: 244660
	239  -  MemoryUsage of job (MB)
	244660  -  ResidentSetSize of job (KB)
...
006 (16619852.042.000) 2026-02-23 21:50:47 Image size of job updated: 244816
	240  -  MemoryUsage of job (MB)
	244816  -  ResidentSetSize of job (KB)
...
006 (16619852.042.000) 2026-02-23 22:30:49 Image size of job updated: 244916
	240  -  MemoryUsage of job (MB)
	244916  -  ResidentSetSize of job (KB)
...
006 (16619852.042.000) 2026-02-23 22:40:50 Image size of job updated: 244972
	240  -  MemoryUsage of job (MB)
	244972  -  ResidentSetSize of job (KB)
...
006 (16619852.042.000) 2026-02-23 22:50:51 Image size of job updated: 245012
	240  -  MemoryUsage of job (MB)
	245012  -  ResidentSetSize of job (KB)
...
006 (16619852.042.000) 2026-02-23 23:20:55 Image size of job updated: 245284
	240  -  MemoryUsage of job (MB)
	245284  -  ResidentSetSize of job (KB)
...
006 (16619852.042.000) 2026-02-23 23:40:58 Image size of job updated: 245312
	240  -  MemoryUsage of job (MB)
	245312  -  ResidentSetSize of job (KB)
...
006 (16619852.042.000) 2026-02-24 01:31:12 Image size of job updated: 245440
	240  -  MemoryUsage of job (MB)
	245440  -  ResidentSetSize of job (KB)
...
006 (16619852.042.000) 2026-02-24 07:41:47 Image size of job updated: 245600
	240  -  MemoryUsage of job (MB)
	245600  -  ResidentSetSize of job (KB)
...
022 (16619852.042.000) 2026-02-24 08:04:09 Job disconnected, attempting to reconnect
    Local schedd and job shadow died, schedd now running again
    Trying to reconnect to slot1_5@pizza12.zeuthen.desy.de <141.34.15.41:9618?addrs=141.34.15.41-9618+[2001-638-700-f00f--1-29]-9618&alias=pizza12.zeuthen.desy.de&noUDP&sock=startd_8275_8a49>
...
023 (16619852.042.000) 2026-02-24 08:04:19 Job reconnected to slot1_5@pizza12.zeuthen.desy.de
    startd address: <141.34.15.41:9618?addrs=141.34.15.41-9618+[2001-638-700-f00f--1-29]-9618&alias=pizza12.zeuthen.desy.de&noUDP&sock=startd_8275_8a49>
    starter address: <141.34.15.41:9618?addrs=141.34.15.41-9618+[2001-638-700-f00f--1-29]-9618&alias=pizza12.zeuthen.desy.de&noUDP&sock=slot1_5_8785_93be_47802>
...
004 (16619852.042.000) 2026-02-25 19:20:21 Job was evicted.
	(0) CPU times
		Usr 1 23:17:45, Sys 0 00:00:16  -  Run Remote Usage
		Usr 0 00:00:00, Sys 0 00:00:00  -  Run Local Usage
	0  -  Run Bytes Sent By Job
	0  -  Run Bytes Received By Job
	Partitionable Resources :         Usage  Request Allocated 
	   Cpus                 :          0.99        1         1 
	   Disk (KB)            :          1     1024000   1025696 
	   Memory (MB)          :        245        5120      5120 
	   TimeExecute (s)      : 1772043620                       
	   TimeSlotBusy (s)     : 1772043621                       
...
001 (16619852.042.000) 2026-02-25 19:20:23 Job executing on host: <141.34.15.34:9618?addrs=141.34.15.34-9618+[2001-638-700-f00f--1-22]-9618&alias=bladej3.zeuthen.desy.de&noUDP&sock=startd_10200_ee19>
	SlotName: slot1_20@bladej3.zeuthen.desy.de
	CondorScratchDir = "/batch/dir_2655897"
	Cpus = 1
	Disk = 1025024
	GPUs = 0
	Memory = 5120
...
006 (16619852.042.000) 2026-02-25 19:25:38 Image size of job updated: 448548
	245  -  MemoryUsage of job (MB)
	250000  -  ResidentSetSize of job (KB)
...
005 (16619852.042.000) 2026-03-01 01:26:39 Job terminated.
	(1) Normal termination (return value 0)
		Usr 3 05:48:38, Sys 0 00:00:16  -  Run Remote Usage
		Usr 0 00:00:00, Sys 0 00:00:00  -  Run Local Usage
		Usr 5 17:11:25, Sys 0 00:00:36  -  Total Remote Usage
		Usr 0 00:00:00, Sys 0 00:00:00  -  Total Local Usage
	0  -  Run Bytes Sent By Job
	0  -  Run Bytes Received By Job
	0  -  Total Bytes Sent By Job
	0  -  Total Bytes Received By Job
	Partitionable Resources :     Usage  Request Allocated 
	   Cpus                 :      1.00        1         1 
	   Disk (KB)            :      1     1024000   1025024 
	   GPUs                 :                            0 
	   Memory (MB)          :    245        5120      5120 
	   TimeExecute (s)      : 281176                       
	   TimeSlotBusy (s)     : 281176                       

	Job terminated of its own accord at 2026-03-01T00:26:39Z with exit-code 0.
...
