000 (15756407.516.000) 2026-02-06 11:26:11 Job submitted from host: <141.34.103.35:9618?addrs=141.34.103.35-9618+[2001-638-700-f067--1-23]-9618&alias=wgs39.zeuthen.desy.de&noUDP&sock=schedd_7414_f73f>
...
009 (15756407.516.000) 2026-02-10 11:42:37 Job was aborted.
	via condor_rm (by user tuccia)
...
000 (15949294.344.000) 2026-02-10 11:45:21 Job submitted from host: <141.34.103.35:9618?addrs=141.34.103.35-9618+[2001-638-700-f067--1-23]-9618&alias=wgs39.zeuthen.desy.de&noUDP&sock=schedd_7302_24a3>
...
009 (15949294.344.000) 2026-02-10 11:45:46 Job was aborted.
	via condor_rm (by user tuccia)
...
000 (15949295.344.000) 2026-02-10 11:46:04 Job submitted from host: <141.34.103.35:9618?addrs=141.34.103.35-9618+[2001-638-700-f067--1-23]-9618&alias=wgs39.zeuthen.desy.de&noUDP&sock=schedd_7302_24a3>
...
001 (15949295.344.000) 2026-02-11 15:58:05 Job executing on host: <141.34.15.198:9618?addrs=141.34.15.198-9618+[2001-638-700-f00f--1-c6]-9618&alias=pizza00.zeuthen.desy.de&noUDP&sock=startd_8231_5c1f>
	SlotName: slot1_2@pizza00.zeuthen.desy.de
	CondorScratchDir = "/batch/dir_3046511"
	Cpus = 8
	Disk = 1025696
	GPUs = 0
	Memory = 16384
...
006 (15949295.344.000) 2026-02-11 15:58:18 Image size of job updated: 91476
	90  -  MemoryUsage of job (MB)
	91476  -  ResidentSetSize of job (KB)
...
006 (15949295.344.000) 2026-02-11 16:03:18 Image size of job updated: 336352
	215  -  MemoryUsage of job (MB)
	219420  -  ResidentSetSize of job (KB)
...
006 (15949295.344.000) 2026-02-11 16:08:19 Image size of job updated: 336352
	246  -  MemoryUsage of job (MB)
	251276  -  ResidentSetSize of job (KB)
...
006 (15949295.344.000) 2026-02-11 16:13:20 Image size of job updated: 336352
	255  -  MemoryUsage of job (MB)
	260916  -  ResidentSetSize of job (KB)
...
006 (15949295.344.000) 2026-02-11 16:18:20 Image size of job updated: 336352
	256  -  MemoryUsage of job (MB)
	261688  -  ResidentSetSize of job (KB)
...
006 (15949295.344.000) 2026-02-11 16:23:21 Image size of job updated: 336352
	257  -  MemoryUsage of job (MB)
	263156  -  ResidentSetSize of job (KB)
...
006 (15949295.344.000) 2026-02-11 16:28:21 Image size of job updated: 336352
	260  -  MemoryUsage of job (MB)
	266068  -  ResidentSetSize of job (KB)
...
006 (15949295.344.000) 2026-02-11 16:33:21 Image size of job updated: 345896
	338  -  MemoryUsage of job (MB)
	345896  -  ResidentSetSize of job (KB)
...
006 (15949295.344.000) 2026-02-11 16:38:22 Image size of job updated: 347984
	340  -  MemoryUsage of job (MB)
	347488  -  ResidentSetSize of job (KB)
...
006 (15949295.344.000) 2026-02-11 16:43:22 Image size of job updated: 348108
	340  -  MemoryUsage of job (MB)
	347488  -  ResidentSetSize of job (KB)
...
006 (15949295.344.000) 2026-02-11 16:48:22 Image size of job updated: 348492
	340  -  MemoryUsage of job (MB)
	347488  -  ResidentSetSize of job (KB)
...
006 (15949295.344.000) 2026-02-11 16:53:23 Image size of job updated: 348636
	341  -  MemoryUsage of job (MB)
	348636  -  ResidentSetSize of job (KB)
...
006 (15949295.344.000) 2026-02-11 17:03:24 Image size of job updated: 348644
	341  -  MemoryUsage of job (MB)
	348636  -  ResidentSetSize of job (KB)
...
006 (15949295.344.000) 2026-02-11 17:43:28 Image size of job updated: 349068
	341  -  MemoryUsage of job (MB)
	348760  -  ResidentSetSize of job (KB)
...
006 (15949295.344.000) 2026-02-11 17:53:29 Image size of job updated: 349068
	341  -  MemoryUsage of job (MB)
	348784  -  ResidentSetSize of job (KB)
...
006 (15949295.344.000) 2026-02-11 18:08:31 Image size of job updated: 349116
	341  -  MemoryUsage of job (MB)
	348892  -  ResidentSetSize of job (KB)
...
006 (15949295.344.000) 2026-02-11 18:13:32 Image size of job updated: 349592
	342  -  MemoryUsage of job (MB)
	349592  -  ResidentSetSize of job (KB)
...
006 (15949295.344.000) 2026-02-11 18:18:32 Image size of job updated: 349884
	342  -  MemoryUsage of job (MB)
	349592  -  ResidentSetSize of job (KB)
...
006 (15949295.344.000) 2026-02-11 18:28:33 Image size of job updated: 350900
	343  -  MemoryUsage of job (MB)
	350520  -  ResidentSetSize of job (KB)
...
006 (15949295.344.000) 2026-02-11 18:38:34 Image size of job updated: 350900
	343  -  MemoryUsage of job (MB)
	350676  -  ResidentSetSize of job (KB)
...
006 (15949295.344.000) 2026-02-11 18:43:34 Image size of job updated: 350988
	343  -  MemoryUsage of job (MB)
	350988  -  ResidentSetSize of job (KB)
...
006 (15949295.344.000) 2026-02-11 21:43:52 Image size of job updated: 351236
	344  -  MemoryUsage of job (MB)
	351236  -  ResidentSetSize of job (KB)
...
006 (15949295.344.000) 2026-02-11 21:48:53 Image size of job updated: 351556
	344  -  MemoryUsage of job (MB)
	351360  -  ResidentSetSize of job (KB)
...
006 (15949295.344.000) 2026-02-11 21:53:54 Image size of job updated: 351944
	344  -  MemoryUsage of job (MB)
	351360  -  ResidentSetSize of job (KB)
...
006 (15949295.344.000) 2026-02-11 22:03:55 Image size of job updated: 351944
	344  -  MemoryUsage of job (MB)
	351688  -  ResidentSetSize of job (KB)
...
006 (15949295.344.000) 2026-02-11 22:23:57 Image size of job updated: 351944
	344  -  MemoryUsage of job (MB)
	351816  -  ResidentSetSize of job (KB)
...
006 (15949295.344.000) 2026-02-11 22:33:58 Image size of job updated: 352060
	344  -  MemoryUsage of job (MB)
	351816  -  ResidentSetSize of job (KB)
...
006 (15949295.344.000) 2026-02-11 22:54:00 Image size of job updated: 352060
	344  -  MemoryUsage of job (MB)
	351924  -  ResidentSetSize of job (KB)
...
006 (15949295.344.000) 2026-02-11 23:24:03 Image size of job updated: 352396
	344  -  MemoryUsage of job (MB)
	351924  -  ResidentSetSize of job (KB)
...
006 (15949295.344.000) 2026-02-12 00:34:11 Image size of job updated: 352396
	344  -  MemoryUsage of job (MB)
	352020  -  ResidentSetSize of job (KB)
...
006 (15949295.344.000) 2026-02-12 00:54:12 Image size of job updated: 352492
	344  -  MemoryUsage of job (MB)
	352020  -  ResidentSetSize of job (KB)
...
006 (15949295.344.000) 2026-02-12 01:04:13 Image size of job updated: 352492
	345  -  MemoryUsage of job (MB)
	352332  -  ResidentSetSize of job (KB)
...
006 (15949295.344.000) 2026-02-12 01:09:14 Image size of job updated: 352648
	345  -  MemoryUsage of job (MB)
	352648  -  ResidentSetSize of job (KB)
...
006 (15949295.344.000) 2026-02-12 01:14:15 Image size of job updated: 352760
	345  -  MemoryUsage of job (MB)
	352648  -  ResidentSetSize of job (KB)
...
006 (15949295.344.000) 2026-02-12 01:19:15 Image size of job updated: 352800
	345  -  MemoryUsage of job (MB)
	352648  -  ResidentSetSize of job (KB)
...
006 (15949295.344.000) 2026-02-12 02:54:24 Image size of job updated: 352800
	345  -  MemoryUsage of job (MB)
	352728  -  ResidentSetSize of job (KB)
...
006 (15949295.344.000) 2026-02-12 03:44:29 Image size of job updated: 352832
	345  -  MemoryUsage of job (MB)
	352728  -  ResidentSetSize of job (KB)
...
006 (15949295.344.000) 2026-02-12 04:04:31 Image size of job updated: 352836
	345  -  MemoryUsage of job (MB)
	352728  -  ResidentSetSize of job (KB)
...
006 (15949295.344.000) 2026-02-12 04:14:32 Image size of job updated: 352904
	345  -  MemoryUsage of job (MB)
	352904  -  ResidentSetSize of job (KB)
...
006 (15949295.344.000) 2026-02-12 05:09:37 Image size of job updated: 352988
	345  -  MemoryUsage of job (MB)
	352988  -  ResidentSetSize of job (KB)
...
006 (15949295.344.000) 2026-02-12 05:44:40 Image size of job updated: 353012
	345  -  MemoryUsage of job (MB)
	353012  -  ResidentSetSize of job (KB)
...
006 (15949295.344.000) 2026-02-12 05:49:41 Image size of job updated: 353048
	345  -  MemoryUsage of job (MB)
	353048  -  ResidentSetSize of job (KB)
...
005 (15949295.344.000) 2026-02-12 09:02:44 Job terminated.
	(1) Normal termination (return value 0)
		Usr 2 20:53:30, Sys 0 00:12:20  -  Run Remote Usage
		Usr 0 00:00:00, Sys 0 00:00:00  -  Run Local Usage
		Usr 2 20:53:30, Sys 0 00:12:20  -  Total Remote Usage
		Usr 0 00:00:00, Sys 0 00:00:00  -  Total Local Usage
	0  -  Run Bytes Sent By Job
	0  -  Run Bytes Received By Job
	0  -  Total Bytes Sent By Job
	0  -  Total Bytes Received By Job
	Partitionable Resources :    Usage  Request Allocated 
	   Cpus                 :     7.79        8         8 
	   Disk (KB)            :     1     1024000   1025696 
	   GPUs                 :                           0 
	   Memory (MB)          :   345       16384     16384 
	   TimeExecute (s)      : 61479                       
	   TimeSlotBusy (s)     : 61480                       

	Job terminated of its own accord at 2026-02-12T08:02:44Z with exit-code 0.
...
