000 (15756404.579.000) 2026-02-06 11:24:35 Job submitted from host: <141.34.103.35:9618?addrs=141.34.103.35-9618+[2001-638-700-f067--1-23]-9618&alias=wgs39.zeuthen.desy.de&noUDP&sock=schedd_7414_f73f>
...
001 (15756404.579.000) 2026-02-07 01:19:42 Job executing on host: <141.34.15.199:9618?addrs=141.34.15.199-9618+[2001-638-700-f00f--1-c7]-9618&alias=pizza01.zeuthen.desy.de&noUDP&sock=startd_9160_939a>
	SlotName: slot1_7@pizza01.zeuthen.desy.de
	CondorScratchDir = "/batch/dir_168820"
	Cpus = 8
	Disk = 1025696
	GPUs = 0
	Memory = 16384
...
006 (15756404.579.000) 2026-02-07 01:19:56 Image size of job updated: 91504
	90  -  MemoryUsage of job (MB)
	91504  -  ResidentSetSize of job (KB)
...
006 (15756404.579.000) 2026-02-07 01:24:57 Image size of job updated: 496356
	210  -  MemoryUsage of job (MB)
	214060  -  ResidentSetSize of job (KB)
...
006 (15756404.579.000) 2026-02-07 01:29:57 Image size of job updated: 496356
	210  -  MemoryUsage of job (MB)
	214132  -  ResidentSetSize of job (KB)
...
006 (15756404.579.000) 2026-02-07 01:34:58 Image size of job updated: 496356
	210  -  MemoryUsage of job (MB)
	214260  -  ResidentSetSize of job (KB)
...
006 (15756404.579.000) 2026-02-07 01:39:59 Image size of job updated: 496356
	210  -  MemoryUsage of job (MB)
	214516  -  ResidentSetSize of job (KB)
...
005 (15756404.579.000) 2026-02-07 02:08:54 Job terminated.
	(1) Normal termination (return value 0)
		Usr 0 02:38:13, Sys 0 01:32:57  -  Run Remote Usage
		Usr 0 00:00:00, Sys 0 00:00:00  -  Run Local Usage
		Usr 0 02:38:13, Sys 0 01:32:57  -  Total Remote Usage
		Usr 0 00:00:00, Sys 0 00:00:00  -  Total Local Usage
	0  -  Run Bytes Sent By Job
	0  -  Run Bytes Received By Job
	0  -  Total Bytes Sent By Job
	0  -  Total Bytes Received By Job
	Partitionable Resources :    Usage  Request Allocated 
	   Cpus                 :     5.51        8         8 
	   Disk (KB)            :     1     1024000   1025696 
	   GPUs                 :                           0 
	   Memory (MB)          :   210       16384     16384 
	   TimeExecute (s)      :  2952                       
	   TimeSlotBusy (s)     :  2952                       

	Job terminated of its own accord at 2026-02-07T01:08:54Z with exit-code 0.
...
