~~~~~~~~~~~~~~~~~~~~~~~~~~~~~~

n_qubits: 60, 
r: 54, 
alpha: 0.001, 
shots: 100000, 
ansatz: linear_cnot, 
layer: 1, 
tau: 0.3

time for simulated annealing:  77.15345644950867
Rank 1: Bitstring=010110110000110000100001011010110011100100000011001110010000, Decimal=410040968848356240, Energy=-50.953
Rank 2: Bitstring=010111110000110000100001011010110011100100000011001110010001, Decimal=428055367357838225, Energy=-50.6068
Rank 3: Bitstring=010110110000010000100001010010110011100100000011001110010000, Decimal=409900222770066320, Energy=-50.4718
Rank 4: Bitstring=010110110000100000101001011110110011100100000011001110010100, Decimal=409971154154959764, Energy=-50.2624
Rank 5: Bitstring=010111110000010000100001010010110011100100000011001110010001, Decimal=427914621279548305, Energy=-49.9568
Rank 6: Bitstring=010111110000100000101001011110110011100100000011001110010101, Decimal=427985552664441749, Energy=-49.9162
Rank 7: Bitstring=010110110000110110100011011010110011100100000011011110110010, Decimal=410067494566377394, Energy=-49.847
Rank 8: Bitstring=010110111000110000100000011010110011100100000111001110010000, Decimal=412292699942581136, Energy=-49.8298
Rank 9: Bitstring=010110110000000000101001010110110011100100000011001110010100, Decimal=409830408076669844, Energy=-49.7812
Rank 10: Bitstring=010110110000100000101001011110110010110101000011001110010100, Decimal=409971154142638996, Energy=-49.5448

E_min from simulated annealing:  -50.953
Minimum energy: -50.953
States with energy within 1e-08 of minimum: [410040968848356240]
4


################## Start optimization with initial parameters: [0. 0. 0. 0. 0. 0. 0. 0. 0. 0. 0. 0. 0. 0. 0. 0. 0. 0. 0. 0. 0. 0. 0. 0.
 0. 0. 0. 0. 0. 0. 0. 0. 0. 0. 0. 0. 0. 0. 0. 0. 0. 0. 0. 0. 0. 0. 0. 0.
 0. 0. 0. 0. 0. 0. 0. 0. 0. 0. 0. 0. 0. 0. 0. 0. 0. 0. 0. 0. 0. 0. 0. 0.
 0. 0. 0. 0. 0. 0. 0. 0. 0. 0. 0. 0. 0. 0. 0. 0. 0. 0. 0. 0. 0. 0. 0. 0.
 0. 0. 0. 0. 0. 0. 0. 0. 0. 0. 0. 0. 0. 0. 0. 0. 0. 0. 0. 0. 0. 0. 0. 0.
 0. 0. 0. 0. 0. 0. 0. 0. 0. 0. 0. 0. 0. 0. 0. 0. 0. 0. 0. 0. 0. 0. 0. 0.
 0. 0. 0. 0. 0. 0. 0. 0. 0. 0. 0. 0. 0. 0. 0. 0. 0. 0. 0. 0. 0. 0. 0. 0.
 0. 0. 0. 0. 0. 0. 0. 0. 0. 0. 0. 0. 0. 0. 0. 0. 0. 0. 0. 0. 0. 0. 0. 0.
 0. 0. 0. 0. 0. 0. 0. 0. 0. 0. 0. 0. 0. 0. 0. 0. 0. 0. 0. 0. 0. 0. 0. 0.
 0. 0. 0. 0. 0. 0. 0. 0. 0. 0. 0. 0. 0. 0. 0. 0. 0. 0. 0. 0. 0. 0. 0. 0.]
Write sucessfully to ./data/data_shots_100000_layer_1/alpha_0.001/N_60/r_54/ansatz_type_linear_cnot/initialization_zeros

vqe.cvar_eval[0]: -22.61738599999996 , min_cvar: -41.97128399999992 , opt_cvar: -41.97128399999992

vqe.poss_eval[-1]: 0 vqe.poss_eval[0] 0  , max_poss: 0 , opt_poss: 0

vqe.r_eval[-1]: 0.803841657998546 vqe.r_eval[0]: 0.44388722940749237 max_r: 0.8237254724942578 , min_r: 0.43563150354247954
