000 (15756408.421.000) 2026-02-06 11:26:58 Job submitted from host: <141.34.103.35:9618?addrs=141.34.103.35-9618+[2001-638-700-f067--1-23]-9618&alias=wgs39.zeuthen.desy.de&noUDP&sock=schedd_7414_f73f>
...
009 (15756408.421.000) 2026-02-10 11:47:32 Job was aborted.
	via condor_rm (by user tuccia)
...
000 (15951004.281.000) 2026-02-10 16:30:03 Job submitted from host: <141.34.103.35:9618?addrs=141.34.103.35-9618+[2001-638-700-f067--1-23]-9618&alias=wgs39.zeuthen.desy.de&noUDP&sock=schedd_7302_24a3>
...
001 (15951004.281.000) 2026-02-10 18:28:51 Job executing on host: <141.34.15.222:9618?addrs=141.34.15.222-9618+[2001-638-700-f00f--1-de]-9618&alias=pizza30.zeuthen.desy.de&noUDP&sock=startd_8310_8c1a>
	SlotName: slot1_6@pizza30.zeuthen.desy.de
	CondorScratchDir = "/batch/dir_481202"
	Cpus = 1
	Disk = 1025696
	GPUs = 0
	Memory = 5120
...
006 (15951004.281.000) 2026-02-10 18:29:04 Image size of job updated: 91364
	90  -  MemoryUsage of job (MB)
	91364  -  ResidentSetSize of job (KB)
...
006 (15951004.281.000) 2026-02-10 18:34:04 Image size of job updated: 286860
	281  -  MemoryUsage of job (MB)
	286860  -  ResidentSetSize of job (KB)
...
006 (15951004.281.000) 2026-02-10 18:39:04 Image size of job updated: 287376
	281  -  MemoryUsage of job (MB)
	287376  -  ResidentSetSize of job (KB)
...
006 (15951004.281.000) 2026-02-10 18:44:05 Image size of job updated: 287848
	282  -  MemoryUsage of job (MB)
	287848  -  ResidentSetSize of job (KB)
...
006 (15951004.281.000) 2026-02-10 18:49:05 Image size of job updated: 288344
	282  -  MemoryUsage of job (MB)
	288344  -  ResidentSetSize of job (KB)
...
006 (15951004.281.000) 2026-02-10 18:54:05 Image size of job updated: 288820
	283  -  MemoryUsage of job (MB)
	288820  -  ResidentSetSize of job (KB)
...
006 (15951004.281.000) 2026-02-10 18:59:06 Image size of job updated: 289268
	283  -  MemoryUsage of job (MB)
	289268  -  ResidentSetSize of job (KB)
...
006 (15951004.281.000) 2026-02-10 19:04:06 Image size of job updated: 289716
	283  -  MemoryUsage of job (MB)
	289716  -  ResidentSetSize of job (KB)
...
006 (15951004.281.000) 2026-02-10 19:09:06 Image size of job updated: 331508
	301  -  MemoryUsage of job (MB)
	308092  -  ResidentSetSize of job (KB)
...
006 (15951004.281.000) 2026-02-10 19:44:11 Image size of job updated: 331508
	319  -  MemoryUsage of job (MB)
	326064  -  ResidentSetSize of job (KB)
...
006 (15951004.281.000) 2026-02-10 19:49:12 Image size of job updated: 331508
	319  -  MemoryUsage of job (MB)
	326068  -  ResidentSetSize of job (KB)
...
