000 (15756404.338.000) 2026-02-06 11:24:34 Job submitted from host: <141.34.103.35:9618?addrs=141.34.103.35-9618+[2001-638-700-f067--1-23]-9618&alias=wgs39.zeuthen.desy.de&noUDP&sock=schedd_7414_f73f>
...
001 (15756404.338.000) 2026-02-06 12:26:48 Job executing on host: <141.34.103.52:9618?addrs=141.34.103.52-9618+[2001-638-700-f067--1-34]-9618&alias=wgs42.zeuthen.desy.de&noUDP&sock=startd_9894_0a1e>
	SlotName: slot1_6@wgs42.zeuthen.desy.de
	CondorScratchDir = "/batch/dir_2593878"
	Cpus = 8
	Disk = 1025025
	GPUs = 0
	Memory = 16384
...
006 (15756404.338.000) 2026-02-06 12:27:02 Image size of job updated: 91488
	90  -  MemoryUsage of job (MB)
	91488  -  ResidentSetSize of job (KB)
...
006 (15756404.338.000) 2026-02-06 12:32:03 Image size of job updated: 1214444
	913  -  MemoryUsage of job (MB)
	934288  -  ResidentSetSize of job (KB)
...
006 (15756404.338.000) 2026-02-06 12:37:03 Image size of job updated: 1221984
	1170  -  MemoryUsage of job (MB)
	1197824  -  ResidentSetSize of job (KB)
...
006 (15756404.338.000) 2026-02-06 12:42:03 Image size of job updated: 1224020
	1170  -  MemoryUsage of job (MB)
	1197824  -  ResidentSetSize of job (KB)
...
006 (15756404.338.000) 2026-02-06 12:57:04 Image size of job updated: 1224596
	1170  -  MemoryUsage of job (MB)
	1197824  -  ResidentSetSize of job (KB)
...
006 (15756404.338.000) 2026-02-06 13:07:06 Image size of job updated: 1224596
	1190  -  MemoryUsage of job (MB)
	1217680  -  ResidentSetSize of job (KB)
...
006 (15756404.338.000) 2026-02-06 13:27:08 Image size of job updated: 1225352
	1190  -  MemoryUsage of job (MB)
	1217680  -  ResidentSetSize of job (KB)
...
006 (15756404.338.000) 2026-02-06 13:42:10 Image size of job updated: 1225416
	1190  -  MemoryUsage of job (MB)
	1217680  -  ResidentSetSize of job (KB)
...
006 (15756404.338.000) 2026-02-06 14:07:14 Image size of job updated: 1225876
	1190  -  MemoryUsage of job (MB)
	1217680  -  ResidentSetSize of job (KB)
...
006 (15756404.338.000) 2026-02-06 14:27:15 Image size of job updated: 1226232
	1190  -  MemoryUsage of job (MB)
	1217680  -  ResidentSetSize of job (KB)
...
006 (15756404.338.000) 2026-02-06 14:37:16 Image size of job updated: 1226316
	1190  -  MemoryUsage of job (MB)
	1217680  -  ResidentSetSize of job (KB)
...
006 (15756404.338.000) 2026-02-06 14:42:16 Image size of job updated: 1226548
	1190  -  MemoryUsage of job (MB)
	1217680  -  ResidentSetSize of job (KB)
...
006 (15756404.338.000) 2026-02-06 14:47:16 Image size of job updated: 1226548
	1191  -  MemoryUsage of job (MB)
	1219256  -  ResidentSetSize of job (KB)
...
006 (15756404.338.000) 2026-02-06 14:52:17 Image size of job updated: 1226548
	1191  -  MemoryUsage of job (MB)
	1219260  -  ResidentSetSize of job (KB)
...
006 (15756404.338.000) 2026-02-06 15:12:19 Image size of job updated: 1226780
	1191  -  MemoryUsage of job (MB)
	1219260  -  ResidentSetSize of job (KB)
...
006 (15756404.338.000) 2026-02-06 15:22:20 Image size of job updated: 1226828
	1191  -  MemoryUsage of job (MB)
	1219260  -  ResidentSetSize of job (KB)
...
006 (15756404.338.000) 2026-02-06 15:47:22 Image size of job updated: 1226996
	1191  -  MemoryUsage of job (MB)
	1219260  -  ResidentSetSize of job (KB)
...
006 (15756404.338.000) 2026-02-06 15:57:23 Image size of job updated: 1227216
	1191  -  MemoryUsage of job (MB)
	1219260  -  ResidentSetSize of job (KB)
...
006 (15756404.338.000) 2026-02-06 16:17:25 Image size of job updated: 1227684
	1191  -  MemoryUsage of job (MB)
	1219260  -  ResidentSetSize of job (KB)
...
006 (15756404.338.000) 2026-02-06 16:32:27 Image size of job updated: 1227684
	1198  -  MemoryUsage of job (MB)
	1226440  -  ResidentSetSize of job (KB)
...
006 (15756404.338.000) 2026-02-06 16:37:27 Image size of job updated: 1227684
	1198  -  MemoryUsage of job (MB)
	1226444  -  ResidentSetSize of job (KB)
...
006 (15756404.338.000) 2026-02-06 16:52:29 Image size of job updated: 1227756
	1198  -  MemoryUsage of job (MB)
	1226444  -  ResidentSetSize of job (KB)
...
006 (15756404.338.000) 2026-02-06 17:02:30 Image size of job updated: 1229716
	1198  -  MemoryUsage of job (MB)
	1226444  -  ResidentSetSize of job (KB)
...
006 (15756404.338.000) 2026-02-06 17:17:31 Image size of job updated: 1230188
	1198  -  MemoryUsage of job (MB)
	1226444  -  ResidentSetSize of job (KB)
...
006 (15756404.338.000) 2026-02-06 17:27:31 Image size of job updated: 1230264
	1198  -  MemoryUsage of job (MB)
	1226444  -  ResidentSetSize of job (KB)
...
006 (15756404.338.000) 2026-02-06 17:47:34 Image size of job updated: 1230348
	1198  -  MemoryUsage of job (MB)
	1226444  -  ResidentSetSize of job (KB)
...
006 (15756404.338.000) 2026-02-06 17:52:35 Image size of job updated: 1230608
	1198  -  MemoryUsage of job (MB)
	1226444  -  ResidentSetSize of job (KB)
...
006 (15756404.338.000) 2026-02-06 18:47:41 Image size of job updated: 1230736
	1198  -  MemoryUsage of job (MB)
	1226444  -  ResidentSetSize of job (KB)
...
006 (15756404.338.000) 2026-02-06 19:22:45 Image size of job updated: 1230960
	1198  -  MemoryUsage of job (MB)
	1226444  -  ResidentSetSize of job (KB)
...
006 (15756404.338.000) 2026-02-06 19:42:48 Image size of job updated: 1231052
	1198  -  MemoryUsage of job (MB)
	1226444  -  ResidentSetSize of job (KB)
...
006 (15756404.338.000) 2026-02-06 20:57:54 Image size of job updated: 1231052
	1200  -  MemoryUsage of job (MB)
	1227864  -  ResidentSetSize of job (KB)
...
006 (15756404.338.000) 2026-02-06 21:02:55 Image size of job updated: 1231052
	1200  -  MemoryUsage of job (MB)
	1227868  -  ResidentSetSize of job (KB)
...
006 (15756404.338.000) 2026-02-06 21:22:57 Image size of job updated: 1231128
	1200  -  MemoryUsage of job (MB)
	1227868  -  ResidentSetSize of job (KB)
...
006 (15756404.338.000) 2026-02-06 21:37:58 Image size of job updated: 1231132
	1200  -  MemoryUsage of job (MB)
	1227868  -  ResidentSetSize of job (KB)
...
006 (15756404.338.000) 2026-02-06 21:42:58 Image size of job updated: 1231604
	1200  -  MemoryUsage of job (MB)
	1227868  -  ResidentSetSize of job (KB)
...
006 (15756404.338.000) 2026-02-06 22:28:02 Image size of job updated: 1231824
	1200  -  MemoryUsage of job (MB)
	1227868  -  ResidentSetSize of job (KB)
...
006 (15756404.338.000) 2026-02-06 23:23:08 Image size of job updated: 1232048
	1200  -  MemoryUsage of job (MB)
	1227868  -  ResidentSetSize of job (KB)
...
006 (15756404.338.000) 2026-02-07 13:29:32 Image size of job updated: 1232048
	1201  -  MemoryUsage of job (MB)
	1228936  -  ResidentSetSize of job (KB)
...
006 (15756404.338.000) 2026-02-07 13:34:32 Image size of job updated: 1232048
	1201  -  MemoryUsage of job (MB)
	1228940  -  ResidentSetSize of job (KB)
...
006 (15756404.338.000) 2026-02-07 18:30:00 Image size of job updated: 1232304
	1204  -  MemoryUsage of job (MB)
	1232304  -  ResidentSetSize of job (KB)
...
006 (15756404.338.000) 2026-02-07 18:50:03 Image size of job updated: 1232388
	1204  -  MemoryUsage of job (MB)
	1232304  -  ResidentSetSize of job (KB)
...
021 (15756404.338.000) 2026-02-08 12:26:52 Error from starter on slot1_6@wgs42.zeuthen.desy.de:
	runtime exceeded maximum (target.Runtime seconds)
	Code 21 Subcode 103
...
004 (15756404.338.000) 2026-02-08 12:26:52 Job was evicted.
	(0) CPU times
		Usr 6 21:52:54, Sys 4 01:01:17  -  Run Remote Usage
		Usr 0 00:00:00, Sys 0 00:00:00  -  Run Local Usage
	0  -  Run Bytes Sent By Job
	0  -  Run Bytes Received By Job
	Error from slot1_6@wgs42.zeuthen.desy.de: runtime exceeded maximum (target.Runtime seconds)
	Partitionable Resources :     Usage  Request Allocated 
	   Cpus                 :      1.00        8         8 
	   Disk (KB)            :      1     1024000   1025025 
	   GPUs                 :                            0 
	   Memory (MB)          :   1204       16384     16384 
	   TimeSlotBusy (s)     : 172804                       
...
012 (15756404.338.000) 2026-02-08 12:26:52 Job was held.
	Error from slot1_6@wgs42.zeuthen.desy.de: runtime exceeded maximum (target.Runtime seconds)
	Code 21 Subcode 103
...
009 (15756404.338.000) 2026-02-10 11:42:25 Job was aborted.
	via condor_rm (by user tuccia)
...
