000 (15756404.557.000) 2026-02-06 11:24:35 Job submitted from host: <141.34.103.35:9618?addrs=141.34.103.35-9618+[2001-638-700-f067--1-23]-9618&alias=wgs39.zeuthen.desy.de&noUDP&sock=schedd_7414_f73f>
...
001 (15756404.557.000) 2026-02-06 20:18:04 Job executing on host: <141.34.15.192:9618?addrs=141.34.15.192-9618+[2001-638-700-f00f--1-c0]-9618&alias=bladekb.zeuthen.desy.de&noUDP&sock=startd_9379_cad8>
	SlotName: slot1_1@bladekb.zeuthen.desy.de
	CondorScratchDir = "/batch/dir_1174283"
	Cpus = 8
	Disk = 1025024
	GPUs = 0
	Memory = 16384
...
006 (15756404.557.000) 2026-02-06 20:18:17 Image size of job updated: 89364
	88  -  MemoryUsage of job (MB)
	89364  -  ResidentSetSize of job (KB)
...
006 (15756404.557.000) 2026-02-06 20:23:17 Image size of job updated: 1192008
	886  -  MemoryUsage of job (MB)
	906848  -  ResidentSetSize of job (KB)
...
006 (15756404.557.000) 2026-02-06 20:28:18 Image size of job updated: 1203120
	1163  -  MemoryUsage of job (MB)
	1190012  -  ResidentSetSize of job (KB)
...
006 (15756404.557.000) 2026-02-06 20:33:18 Image size of job updated: 1207992
	1163  -  MemoryUsage of job (MB)
	1190012  -  ResidentSetSize of job (KB)
...
006 (15756404.557.000) 2026-02-06 20:38:18 Image size of job updated: 1210136
	1165  -  MemoryUsage of job (MB)
	1192248  -  ResidentSetSize of job (KB)
...
006 (15756404.557.000) 2026-02-06 20:43:19 Image size of job updated: 1210136
	1165  -  MemoryUsage of job (MB)
	1192252  -  ResidentSetSize of job (KB)
...
006 (15756404.557.000) 2026-02-06 20:53:20 Image size of job updated: 1210504
	1165  -  MemoryUsage of job (MB)
	1192252  -  ResidentSetSize of job (KB)
...
006 (15756404.557.000) 2026-02-06 21:18:24 Image size of job updated: 1210648
	1165  -  MemoryUsage of job (MB)
	1192252  -  ResidentSetSize of job (KB)
...
006 (15756404.557.000) 2026-02-06 21:23:24 Image size of job updated: 1210648
	1179  -  MemoryUsage of job (MB)
	1207220  -  ResidentSetSize of job (KB)
...
006 (15756404.557.000) 2026-02-06 21:38:26 Image size of job updated: 1210648
	1180  -  MemoryUsage of job (MB)
	1208156  -  ResidentSetSize of job (KB)
...
006 (15756404.557.000) 2026-02-06 22:08:30 Image size of job updated: 1211024
	1180  -  MemoryUsage of job (MB)
	1208156  -  ResidentSetSize of job (KB)
...
006 (15756404.557.000) 2026-02-06 22:28:32 Image size of job updated: 1211460
	1180  -  MemoryUsage of job (MB)
	1208156  -  ResidentSetSize of job (KB)
...
006 (15756404.557.000) 2026-02-06 22:38:33 Image size of job updated: 1212992
	1180  -  MemoryUsage of job (MB)
	1208156  -  ResidentSetSize of job (KB)
...
006 (15756404.557.000) 2026-02-06 22:48:34 Image size of job updated: 1213344
	1180  -  MemoryUsage of job (MB)
	1208156  -  ResidentSetSize of job (KB)
...
006 (15756404.557.000) 2026-02-06 23:33:37 Image size of job updated: 1213628
	1180  -  MemoryUsage of job (MB)
	1208156  -  ResidentSetSize of job (KB)
...
006 (15756404.557.000) 2026-02-06 23:53:38 Image size of job updated: 1213636
	1180  -  MemoryUsage of job (MB)
	1208156  -  ResidentSetSize of job (KB)
...
006 (15756404.557.000) 2026-02-07 00:18:40 Image size of job updated: 1214224
	1186  -  MemoryUsage of job (MB)
	1214224  -  ResidentSetSize of job (KB)
...
006 (15756404.557.000) 2026-02-07 00:48:44 Image size of job updated: 1214536
	1186  -  MemoryUsage of job (MB)
	1214224  -  ResidentSetSize of job (KB)
...
006 (15756404.557.000) 2026-02-07 01:43:51 Image size of job updated: 1214568
	1186  -  MemoryUsage of job (MB)
	1214224  -  ResidentSetSize of job (KB)
...
006 (15756404.557.000) 2026-02-07 02:23:57 Image size of job updated: 1214716
	1186  -  MemoryUsage of job (MB)
	1214224  -  ResidentSetSize of job (KB)
...
006 (15756404.557.000) 2026-02-07 02:33:58 Image size of job updated: 1215248
	1186  -  MemoryUsage of job (MB)
	1214224  -  ResidentSetSize of job (KB)
...
006 (15756404.557.000) 2026-02-07 03:19:03 Image size of job updated: 1215428
	1186  -  MemoryUsage of job (MB)
	1214224  -  ResidentSetSize of job (KB)
...
006 (15756404.557.000) 2026-02-07 03:49:05 Image size of job updated: 1215668
	1186  -  MemoryUsage of job (MB)
	1214224  -  ResidentSetSize of job (KB)
...
006 (15756404.557.000) 2026-02-07 04:34:08 Image size of job updated: 1215824
	1186  -  MemoryUsage of job (MB)
	1214224  -  ResidentSetSize of job (KB)
...
006 (15756404.557.000) 2026-02-07 05:09:12 Image size of job updated: 1215864
	1186  -  MemoryUsage of job (MB)
	1214224  -  ResidentSetSize of job (KB)
...
006 (15756404.557.000) 2026-02-07 05:14:13 Image size of job updated: 1215928
	1186  -  MemoryUsage of job (MB)
	1214224  -  ResidentSetSize of job (KB)
...
006 (15756404.557.000) 2026-02-07 05:29:15 Image size of job updated: 1216112
	1186  -  MemoryUsage of job (MB)
	1214224  -  ResidentSetSize of job (KB)
...
006 (15756404.557.000) 2026-02-07 05:49:17 Image size of job updated: 1216340
	1186  -  MemoryUsage of job (MB)
	1214224  -  ResidentSetSize of job (KB)
...
006 (15756404.557.000) 2026-02-07 06:44:25 Image size of job updated: 1216492
	1186  -  MemoryUsage of job (MB)
	1214224  -  ResidentSetSize of job (KB)
...
006 (15756404.557.000) 2026-02-07 06:54:26 Image size of job updated: 1216620
	1186  -  MemoryUsage of job (MB)
	1214224  -  ResidentSetSize of job (KB)
...
006 (15756404.557.000) 2026-02-07 08:29:35 Image size of job updated: 1216928
	1186  -  MemoryUsage of job (MB)
	1214224  -  ResidentSetSize of job (KB)
...
006 (15756404.557.000) 2026-02-07 22:50:59 Image size of job updated: 1216928
	1187  -  MemoryUsage of job (MB)
	1215104  -  ResidentSetSize of job (KB)
...
006 (15756404.557.000) 2026-02-07 22:56:00 Image size of job updated: 1216928
	1187  -  MemoryUsage of job (MB)
	1215108  -  ResidentSetSize of job (KB)
...
006 (15756404.557.000) 2026-02-08 04:21:33 Image size of job updated: 1216928
	1188  -  MemoryUsage of job (MB)
	1215840  -  ResidentSetSize of job (KB)
...
006 (15756404.557.000) 2026-02-08 04:26:33 Image size of job updated: 1216928
	1188  -  MemoryUsage of job (MB)
	1215844  -  ResidentSetSize of job (KB)
...
006 (15756404.557.000) 2026-02-08 04:51:37 Image size of job updated: 1217012
	1188  -  MemoryUsage of job (MB)
	1215844  -  ResidentSetSize of job (KB)
...
021 (15756404.557.000) 2026-02-08 20:18:08 Error from starter on slot1_1@bladekb.zeuthen.desy.de:
	runtime exceeded maximum (target.Runtime seconds)
	Code 21 Subcode 103
...
004 (15756404.557.000) 2026-02-08 20:18:08 Job was evicted.
	(0) CPU times
		Usr 7 15:19:50, Sys 2 11:42:17  -  Run Remote Usage
		Usr 0 00:00:00, Sys 0 00:00:00  -  Run Local Usage
	0  -  Run Bytes Sent By Job
	0  -  Run Bytes Received By Job
	Error from slot1_1@bladekb.zeuthen.desy.de: runtime exceeded maximum (target.Runtime seconds)
	Partitionable Resources :     Usage  Request Allocated 
	   Cpus                 :      1.00        8         8 
	   Disk (KB)            :      1     1024000   1025024 
	   GPUs                 :                            0 
	   Memory (MB)          :   1188       16384     16384 
	   TimeSlotBusy (s)     : 172804                       
...
012 (15756404.557.000) 2026-02-08 20:18:08 Job was held.
	Error from slot1_1@bladekb.zeuthen.desy.de: runtime exceeded maximum (target.Runtime seconds)
	Code 21 Subcode 103
...
009 (15756404.557.000) 2026-02-10 11:42:26 Job was aborted.
	via condor_rm (by user tuccia)
...
