000 (15756404.471.000) 2026-02-06 11:24:35 Job submitted from host: <141.34.103.35:9618?addrs=141.34.103.35-9618+[2001-638-700-f067--1-23]-9618&alias=wgs39.zeuthen.desy.de&noUDP&sock=schedd_7414_f73f>
...
001 (15756404.471.000) 2026-02-06 18:52:09 Job executing on host: <141.34.15.45:9618?addrs=141.34.15.45-9618+[2001-638-700-f00f--1-2d]-9618&alias=pizza16.zeuthen.desy.de&noUDP&sock=startd_8270_1c50>
	SlotName: slot1_2@pizza16.zeuthen.desy.de
	CondorScratchDir = "/batch/dir_2645040"
	Cpus = 8
	Disk = 1025696
	GPUs = 0
	Memory = 16384
...
006 (15756404.471.000) 2026-02-06 18:52:22 Image size of job updated: 91520
	90  -  MemoryUsage of job (MB)
	91520  -  ResidentSetSize of job (KB)
...
006 (15756404.471.000) 2026-02-06 18:57:22 Image size of job updated: 215908
	211  -  MemoryUsage of job (MB)
	215908  -  ResidentSetSize of job (KB)
...
006 (15756404.471.000) 2026-02-06 19:02:23 Image size of job updated: 216200
	211  -  MemoryUsage of job (MB)
	215908  -  ResidentSetSize of job (KB)
...
005 (15756404.471.000) 2026-02-06 19:44:40 Job terminated.
	(1) Normal termination (return value 0)
		Usr 0 03:00:34, Sys 0 01:44:54  -  Run Remote Usage
		Usr 0 00:00:00, Sys 0 00:00:00  -  Run Local Usage
		Usr 0 03:00:34, Sys 0 01:44:54  -  Total Remote Usage
		Usr 0 00:00:00, Sys 0 00:00:00  -  Total Local Usage
	0  -  Run Bytes Sent By Job
	0  -  Run Bytes Received By Job
	0  -  Total Bytes Sent By Job
	0  -  Total Bytes Received By Job
	Partitionable Resources :    Usage  Request Allocated 
	   Cpus                 :     6.03        8         8 
	   Disk (KB)            :     1     1024000   1025696 
	   GPUs                 :                           0 
	   Memory (MB)          :   211       16384     16384 
	   TimeExecute (s)      :  3151                       
	   TimeSlotBusy (s)     :  3151                       

	Job terminated of its own accord at 2026-02-06T18:44:40Z with exit-code 0.
...
