000 (15756407.562.000) 2026-02-06 11:26:11 Job submitted from host: <141.34.103.35:9618?addrs=141.34.103.35-9618+[2001-638-700-f067--1-23]-9618&alias=wgs39.zeuthen.desy.de&noUDP&sock=schedd_7414_f73f>
...
009 (15756407.562.000) 2026-02-10 11:42:38 Job was aborted.
	via condor_rm (by user tuccia)
...
000 (15949294.375.000) 2026-02-10 11:45:21 Job submitted from host: <141.34.103.35:9618?addrs=141.34.103.35-9618+[2001-638-700-f067--1-23]-9618&alias=wgs39.zeuthen.desy.de&noUDP&sock=schedd_7302_24a3>
...
009 (15949294.375.000) 2026-02-10 11:45:46 Job was aborted.
	via condor_rm (by user tuccia)
...
000 (15949295.375.000) 2026-02-10 11:46:04 Job submitted from host: <141.34.103.35:9618?addrs=141.34.103.35-9618+[2001-638-700-f067--1-23]-9618&alias=wgs39.zeuthen.desy.de&noUDP&sock=schedd_7302_24a3>
...
001 (15949295.375.000) 2026-02-11 15:58:05 Job executing on host: <141.34.15.220:9618?addrs=141.34.15.220-9618+[2001-638-700-f00f--1-dc]-9618&alias=pizza28.zeuthen.desy.de&noUDP&sock=startd_8204_d710>
	SlotName: slot1_5@pizza28.zeuthen.desy.de
	CondorScratchDir = "/batch/dir_971984"
	Cpus = 8
	Disk = 1025696
	GPUs = 0
	Memory = 16384
...
006 (15949295.375.000) 2026-02-11 15:58:18 Image size of job updated: 91428
	90  -  MemoryUsage of job (MB)
	91428  -  ResidentSetSize of job (KB)
...
006 (15949295.375.000) 2026-02-11 16:03:18 Image size of job updated: 284164
	274  -  MemoryUsage of job (MB)
	280244  -  ResidentSetSize of job (KB)
...
006 (15949295.375.000) 2026-02-11 16:08:18 Image size of job updated: 284536
	278  -  MemoryUsage of job (MB)
	284468  -  ResidentSetSize of job (KB)
...
006 (15949295.375.000) 2026-02-11 16:13:19 Image size of job updated: 297988
	287  -  MemoryUsage of job (MB)
	293392  -  ResidentSetSize of job (KB)
...
006 (15949295.375.000) 2026-02-11 16:18:19 Image size of job updated: 300060
	288  -  MemoryUsage of job (MB)
	294196  -  ResidentSetSize of job (KB)
...
006 (15949295.375.000) 2026-02-11 16:23:19 Image size of job updated: 300312
	291  -  MemoryUsage of job (MB)
	297320  -  ResidentSetSize of job (KB)
...
006 (15949295.375.000) 2026-02-11 16:28:20 Image size of job updated: 300312
	293  -  MemoryUsage of job (MB)
	299636  -  ResidentSetSize of job (KB)
...
006 (15949295.375.000) 2026-02-11 16:33:20 Image size of job updated: 301224
	294  -  MemoryUsage of job (MB)
	300528  -  ResidentSetSize of job (KB)
...
006 (15949295.375.000) 2026-02-11 16:38:20 Image size of job updated: 303864
	297  -  MemoryUsage of job (MB)
	303864  -  ResidentSetSize of job (KB)
...
006 (15949295.375.000) 2026-02-11 16:43:21 Image size of job updated: 348952
	341  -  MemoryUsage of job (MB)
	348952  -  ResidentSetSize of job (KB)
...
006 (15949295.375.000) 2026-02-11 16:48:21 Image size of job updated: 350296
	342  -  MemoryUsage of job (MB)
	349528  -  ResidentSetSize of job (KB)
...
006 (15949295.375.000) 2026-02-11 16:53:21 Image size of job updated: 350296
	343  -  MemoryUsage of job (MB)
	350296  -  ResidentSetSize of job (KB)
...
006 (15949295.375.000) 2026-02-11 16:58:22 Image size of job updated: 363556
	356  -  MemoryUsage of job (MB)
	363556  -  ResidentSetSize of job (KB)
...
006 (15949295.375.000) 2026-02-11 17:03:22 Image size of job updated: 376404
	368  -  MemoryUsage of job (MB)
	376404  -  ResidentSetSize of job (KB)
...
006 (15949295.375.000) 2026-02-11 17:08:22 Image size of job updated: 377048
	369  -  MemoryUsage of job (MB)
	377048  -  ResidentSetSize of job (KB)
...
006 (15949295.375.000) 2026-02-11 17:13:23 Image size of job updated: 377188
	369  -  MemoryUsage of job (MB)
	377188  -  ResidentSetSize of job (KB)
...
006 (15949295.375.000) 2026-02-11 17:18:23 Image size of job updated: 377716
	369  -  MemoryUsage of job (MB)
	377716  -  ResidentSetSize of job (KB)
...
006 (15949295.375.000) 2026-02-11 17:23:23 Image size of job updated: 379184
	371  -  MemoryUsage of job (MB)
	379184  -  ResidentSetSize of job (KB)
...
006 (15949295.375.000) 2026-02-11 17:28:24 Image size of job updated: 383400
	375  -  MemoryUsage of job (MB)
	383400  -  ResidentSetSize of job (KB)
...
006 (15949295.375.000) 2026-02-11 17:33:24 Image size of job updated: 383736
	375  -  MemoryUsage of job (MB)
	383736  -  ResidentSetSize of job (KB)
...
006 (15949295.375.000) 2026-02-11 17:43:25 Image size of job updated: 387860
	379  -  MemoryUsage of job (MB)
	387860  -  ResidentSetSize of job (KB)
...
006 (15949295.375.000) 2026-02-11 17:48:25 Image size of job updated: 388464
	380  -  MemoryUsage of job (MB)
	388464  -  ResidentSetSize of job (KB)
...
006 (15949295.375.000) 2026-02-11 17:53:25 Image size of job updated: 388576
	380  -  MemoryUsage of job (MB)
	388576  -  ResidentSetSize of job (KB)
...
006 (15949295.375.000) 2026-02-11 18:18:27 Image size of job updated: 388788
	380  -  MemoryUsage of job (MB)
	388788  -  ResidentSetSize of job (KB)
...
006 (15949295.375.000) 2026-02-11 18:28:28 Image size of job updated: 388792
	380  -  MemoryUsage of job (MB)
	388792  -  ResidentSetSize of job (KB)
...
006 (15949295.375.000) 2026-02-11 18:33:28 Image size of job updated: 389044
	380  -  MemoryUsage of job (MB)
	389044  -  ResidentSetSize of job (KB)
...
006 (15949295.375.000) 2026-02-11 18:58:30 Image size of job updated: 389080
	380  -  MemoryUsage of job (MB)
	389080  -  ResidentSetSize of job (KB)
...
006 (15949295.375.000) 2026-02-11 19:03:30 Image size of job updated: 389300
	380  -  MemoryUsage of job (MB)
	389080  -  ResidentSetSize of job (KB)
...
006 (15949295.375.000) 2026-02-11 19:28:33 Image size of job updated: 389300
	381  -  MemoryUsage of job (MB)
	389300  -  ResidentSetSize of job (KB)
...
006 (15949295.375.000) 2026-02-11 20:13:39 Image size of job updated: 389556
	381  -  MemoryUsage of job (MB)
	389556  -  ResidentSetSize of job (KB)
...
006 (15949295.375.000) 2026-02-11 20:33:41 Image size of job updated: 391696
	383  -  MemoryUsage of job (MB)
	391696  -  ResidentSetSize of job (KB)
...
006 (15949295.375.000) 2026-02-11 20:38:42 Image size of job updated: 391964
	383  -  MemoryUsage of job (MB)
	391964  -  ResidentSetSize of job (KB)
...
006 (15949295.375.000) 2026-02-11 21:33:49 Image size of job updated: 392004
	383  -  MemoryUsage of job (MB)
	392004  -  ResidentSetSize of job (KB)
...
006 (15949295.375.000) 2026-02-11 21:38:50 Image size of job updated: 392220
	384  -  MemoryUsage of job (MB)
	392220  -  ResidentSetSize of job (KB)
...
006 (15949295.375.000) 2026-02-11 22:43:54 Image size of job updated: 392236
	384  -  MemoryUsage of job (MB)
	392236  -  ResidentSetSize of job (KB)
...
006 (15949295.375.000) 2026-02-11 22:48:54 Image size of job updated: 392476
	384  -  MemoryUsage of job (MB)
	392476  -  ResidentSetSize of job (KB)
...
006 (15949295.375.000) 2026-02-11 23:23:57 Image size of job updated: 392512
	384  -  MemoryUsage of job (MB)
	392512  -  ResidentSetSize of job (KB)
...
006 (15949295.375.000) 2026-02-11 23:28:57 Image size of job updated: 392732
	384  -  MemoryUsage of job (MB)
	392732  -  ResidentSetSize of job (KB)
...
006 (15949295.375.000) 2026-02-11 23:59:01 Image size of job updated: 426428
	417  -  MemoryUsage of job (MB)
	426428  -  ResidentSetSize of job (KB)
...
006 (15949295.375.000) 2026-02-12 00:04:02 Image size of job updated: 426772
	417  -  MemoryUsage of job (MB)
	426772  -  ResidentSetSize of job (KB)
...
006 (15949295.375.000) 2026-02-12 00:09:03 Image size of job updated: 428012
	418  -  MemoryUsage of job (MB)
	428012  -  ResidentSetSize of job (KB)
...
006 (15949295.375.000) 2026-02-12 00:14:03 Image size of job updated: 428404
	419  -  MemoryUsage of job (MB)
	428404  -  ResidentSetSize of job (KB)
...
006 (15949295.375.000) 2026-02-12 00:34:05 Image size of job updated: 428908
	419  -  MemoryUsage of job (MB)
	428908  -  ResidentSetSize of job (KB)
...
006 (15949295.375.000) 2026-02-12 01:19:09 Image size of job updated: 429256
	420  -  MemoryUsage of job (MB)
	429256  -  ResidentSetSize of job (KB)
...
006 (15949295.375.000) 2026-02-12 01:24:09 Image size of job updated: 429296
	420  -  MemoryUsage of job (MB)
	429296  -  ResidentSetSize of job (KB)
...
006 (15949295.375.000) 2026-02-12 01:59:14 Image size of job updated: 430304
	421  -  MemoryUsage of job (MB)
	430304  -  ResidentSetSize of job (KB)
...
006 (15949295.375.000) 2026-02-12 02:04:15 Image size of job updated: 430428
	421  -  MemoryUsage of job (MB)
	430428  -  ResidentSetSize of job (KB)
...
006 (15949295.375.000) 2026-02-12 05:29:34 Image size of job updated: 430436
	421  -  MemoryUsage of job (MB)
	430436  -  ResidentSetSize of job (KB)
...
006 (15949295.375.000) 2026-02-12 05:39:35 Image size of job updated: 430708
	421  -  MemoryUsage of job (MB)
	430708  -  ResidentSetSize of job (KB)
...
006 (15949295.375.000) 2026-02-12 05:44:35 Image size of job updated: 430736
	421  -  MemoryUsage of job (MB)
	430736  -  ResidentSetSize of job (KB)
...
006 (15949295.375.000) 2026-02-12 05:54:36 Image size of job updated: 431392
	422  -  MemoryUsage of job (MB)
	431392  -  ResidentSetSize of job (KB)
...
006 (15949295.375.000) 2026-02-12 05:59:36 Image size of job updated: 431416
	422  -  MemoryUsage of job (MB)
	431416  -  ResidentSetSize of job (KB)
...
006 (15949295.375.000) 2026-02-12 06:04:37 Image size of job updated: 431764
	422  -  MemoryUsage of job (MB)
	431764  -  ResidentSetSize of job (KB)
...
006 (15949295.375.000) 2026-02-12 06:09:38 Image size of job updated: 431956
	422  -  MemoryUsage of job (MB)
	431956  -  ResidentSetSize of job (KB)
...
006 (15949295.375.000) 2026-02-12 06:14:38 Image size of job updated: 432192
	423  -  MemoryUsage of job (MB)
	432192  -  ResidentSetSize of job (KB)
...
006 (15949295.375.000) 2026-02-12 06:19:39 Image size of job updated: 432276
	423  -  MemoryUsage of job (MB)
	432276  -  ResidentSetSize of job (KB)
...
006 (15949295.375.000) 2026-02-12 06:29:40 Image size of job updated: 432500
	423  -  MemoryUsage of job (MB)
	432500  -  ResidentSetSize of job (KB)
...
006 (15949295.375.000) 2026-02-12 06:34:41 Image size of job updated: 432656
	423  -  MemoryUsage of job (MB)
	432656  -  ResidentSetSize of job (KB)
...
006 (15949295.375.000) 2026-02-12 07:19:45 Image size of job updated: 432688
	423  -  MemoryUsage of job (MB)
	432688  -  ResidentSetSize of job (KB)
...
006 (15949295.375.000) 2026-02-12 07:29:45 Image size of job updated: 432912
	423  -  MemoryUsage of job (MB)
	432912  -  ResidentSetSize of job (KB)
...
006 (15949295.375.000) 2026-02-12 07:39:46 Image size of job updated: 432972
	423  -  MemoryUsage of job (MB)
	432972  -  ResidentSetSize of job (KB)
...
006 (15949295.375.000) 2026-02-12 07:44:47 Image size of job updated: 433084
	423  -  MemoryUsage of job (MB)
	433084  -  ResidentSetSize of job (KB)
...
006 (15949295.375.000) 2026-02-12 08:39:54 Image size of job updated: 433308
	424  -  MemoryUsage of job (MB)
	433308  -  ResidentSetSize of job (KB)
...
