000 (15756404.559.000) 2026-02-06 11:24:35 Job submitted from host: <141.34.103.35:9618?addrs=141.34.103.35-9618+[2001-638-700-f067--1-23]-9618&alias=wgs39.zeuthen.desy.de&noUDP&sock=schedd_7414_f73f>
...
001 (15756404.559.000) 2026-02-06 20:26:09 Job executing on host: <141.34.14.34:9618?addrs=141.34.14.34-9618+[2001-638-700-f00e--1-22]-9618&alias=ampere03.zeuthen.desy.de&noUDP&sock=startd_7876_dc00>
	SlotName: slot1_4@ampere03.zeuthen.desy.de
	AvailableGPUs = {  }
	CondorScratchDir = "/batch/dir_1750972"
	Cpus = 8
	Disk = 1025682
	GPUs = 0
	Memory = 16384
...
006 (15756404.559.000) 2026-02-06 20:26:23 Image size of job updated: 91432
	90  -  MemoryUsage of job (MB)
	91432  -  ResidentSetSize of job (KB)
...
006 (15756404.559.000) 2026-02-06 20:31:24 Image size of job updated: 368836
	292  -  MemoryUsage of job (MB)
	298032  -  ResidentSetSize of job (KB)
...
006 (15756404.559.000) 2026-02-06 20:36:25 Image size of job updated: 368836
	292  -  MemoryUsage of job (MB)
	298036  -  ResidentSetSize of job (KB)
...
006 (15756404.559.000) 2026-02-06 20:46:26 Image size of job updated: 368836
	293  -  MemoryUsage of job (MB)
	299264  -  ResidentSetSize of job (KB)
...
006 (15756404.559.000) 2026-02-06 20:51:27 Image size of job updated: 368836
	293  -  MemoryUsage of job (MB)
	299488  -  ResidentSetSize of job (KB)
...
006 (15756404.559.000) 2026-02-06 20:56:27 Image size of job updated: 368836
	294  -  MemoryUsage of job (MB)
	300256  -  ResidentSetSize of job (KB)
...
006 (15756404.559.000) 2026-02-06 21:01:28 Image size of job updated: 368836
	294  -  MemoryUsage of job (MB)
	300768  -  ResidentSetSize of job (KB)
...
006 (15756404.559.000) 2026-02-06 21:06:28 Image size of job updated: 368836
	294  -  MemoryUsage of job (MB)
	301024  -  ResidentSetSize of job (KB)
...
006 (15756404.559.000) 2026-02-06 21:11:28 Image size of job updated: 368836
	295  -  MemoryUsage of job (MB)
	301280  -  ResidentSetSize of job (KB)
...
006 (15756404.559.000) 2026-02-06 21:16:29 Image size of job updated: 368836
	295  -  MemoryUsage of job (MB)
	301792  -  ResidentSetSize of job (KB)
...
006 (15756404.559.000) 2026-02-06 21:21:29 Image size of job updated: 368836
	295  -  MemoryUsage of job (MB)
	302048  -  ResidentSetSize of job (KB)
...
006 (15756404.559.000) 2026-02-06 21:26:29 Image size of job updated: 368836
	296  -  MemoryUsage of job (MB)
	302576  -  ResidentSetSize of job (KB)
...
006 (15756404.559.000) 2026-02-06 21:31:30 Image size of job updated: 368836
	296  -  MemoryUsage of job (MB)
	302836  -  ResidentSetSize of job (KB)
...
006 (15756404.559.000) 2026-02-06 21:36:30 Image size of job updated: 368836
	296  -  MemoryUsage of job (MB)
	302840  -  ResidentSetSize of job (KB)
...
006 (15756404.559.000) 2026-02-06 23:51:42 Image size of job updated: 368836
	296  -  MemoryUsage of job (MB)
	302844  -  ResidentSetSize of job (KB)
...
006 (15756404.559.000) 2026-02-07 00:01:43 Image size of job updated: 368836
	296  -  MemoryUsage of job (MB)
	303104  -  ResidentSetSize of job (KB)
...
006 (15756404.559.000) 2026-02-07 03:32:01 Image size of job updated: 368836
	297  -  MemoryUsage of job (MB)
	303108  -  ResidentSetSize of job (KB)
...
006 (15756404.559.000) 2026-02-07 04:22:07 Image size of job updated: 368836
	297  -  MemoryUsage of job (MB)
	303112  -  ResidentSetSize of job (KB)
...
005 (15756404.559.000) 2026-02-07 04:23:14 Job terminated.
	(1) Normal termination (return value 0)
		Usr 1 02:30:44, Sys 0 16:20:01  -  Run Remote Usage
		Usr 0 00:00:00, Sys 0 00:00:00  -  Run Local Usage
		Usr 1 02:30:44, Sys 0 16:20:01  -  Total Remote Usage
		Usr 0 00:00:00, Sys 0 00:00:00  -  Total Local Usage
	0  -  Run Bytes Sent By Job
	0  -  Run Bytes Received By Job
	0  -  Total Bytes Sent By Job
	0  -  Total Bytes Received By Job
	Partitionable Resources :    Usage  Request Allocated 
	   Cpus                 :     6.27        8         8 
	   Disk (KB)            :     1     1024000   1025682 
	   GPUs                 :                           0 
	   Memory (MB)          :   297       16384     16384 
	   TimeExecute (s)      : 28625                       
	   TimeSlotBusy (s)     : 28625                       

	Job terminated of its own accord at 2026-02-07T03:23:14Z with exit-code 0.
...
