000 (15756408.336.000) 2026-02-06 11:26:57 Job submitted from host: <141.34.103.35:9618?addrs=141.34.103.35-9618+[2001-638-700-f067--1-23]-9618&alias=wgs39.zeuthen.desy.de&noUDP&sock=schedd_7414_f73f>
...
001 (15756408.336.000) 2026-02-10 11:43:15 Job executing on host: <141.34.15.40:9618?addrs=141.34.15.40-9618+[2001-638-700-f00f--1-28]-9618&alias=pizza11.zeuthen.desy.de&noUDP&sock=startd_9198_a434>
	SlotName: slot1_6@pizza11.zeuthen.desy.de
	CondorScratchDir = "/batch/dir_3032791"
	Cpus = 8
	Disk = 1025696
	GPUs = 0
	Memory = 16384
...
006 (15756408.336.000) 2026-02-10 11:43:29 Image size of job updated: 91580
	90  -  MemoryUsage of job (MB)
	91580  -  ResidentSetSize of job (KB)
...
006 (15756408.336.000) 2026-02-10 11:47:34 Image size of job updated: 365984
	90  -  MemoryUsage of job (MB)
	91580  -  ResidentSetSize of job (KB)
...
004 (15756408.336.000) 2026-02-10 11:47:34 Job was evicted.
	(0) CPU times
		Usr 0 00:09:16, Sys 0 00:00:02  -  Run Remote Usage
		Usr 0 00:00:00, Sys 0 00:00:00  -  Run Local Usage
	0  -  Run Bytes Sent By Job
	0  -  Run Bytes Received By Job
	Partitionable Resources :    Usage  Request Allocated 
	   Cpus                 :     2.98        8         8 
	   Disk (KB)            :     1     1024000   1025696 
	   GPUs                 :                           0 
	   Memory (MB)          :    90       16384     16384 
	   TimeExecute (s)      :   257                       
	   TimeSlotBusy (s)     :   259                       
...
009 (15756408.336.000) 2026-02-10 11:47:34 Job was aborted.
	via condor_rm (by user tuccia)
...
000 (15951004.224.000) 2026-02-10 16:30:02 Job submitted from host: <141.34.103.35:9618?addrs=141.34.103.35-9618+[2001-638-700-f067--1-23]-9618&alias=wgs39.zeuthen.desy.de&noUDP&sock=schedd_7302_24a3>
...
001 (15951004.224.000) 2026-02-10 18:12:18 Job executing on host: <141.34.15.81:9618?addrs=141.34.15.81-9618+[2001-638-700-f00f--1-51]-9618&alias=genoa06.zeuthen.desy.de&noUDP&sock=startd_10377_565c>
	SlotName: slot1_33@genoa06.zeuthen.desy.de
	CondorScratchDir = "/batch/dir_1536388"
	Cpus = 1
	Disk = 1025681
	GPUs = 0
	Memory = 5120
...
006 (15951004.224.000) 2026-02-10 18:12:32 Image size of job updated: 89456
	88  -  MemoryUsage of job (MB)
	89456  -  ResidentSetSize of job (KB)
...
006 (15951004.224.000) 2026-02-10 18:17:33 Image size of job updated: 359784
	230  -  MemoryUsage of job (MB)
	235208  -  ResidentSetSize of job (KB)
...
006 (15951004.224.000) 2026-02-10 18:22:33 Image size of job updated: 359784
	230  -  MemoryUsage of job (MB)
	235244  -  ResidentSetSize of job (KB)
...
006 (15951004.224.000) 2026-02-10 18:27:33 Image size of job updated: 359784
	230  -  MemoryUsage of job (MB)
	235260  -  ResidentSetSize of job (KB)
...
006 (15951004.224.000) 2026-02-10 18:37:35 Image size of job updated: 359784
	230  -  MemoryUsage of job (MB)
	235312  -  ResidentSetSize of job (KB)
...
006 (15951004.224.000) 2026-02-10 18:42:35 Image size of job updated: 359784
	230  -  MemoryUsage of job (MB)
	235316  -  ResidentSetSize of job (KB)
...
006 (15951004.224.000) 2026-02-10 18:47:36 Image size of job updated: 359784
	230  -  MemoryUsage of job (MB)
	235332  -  ResidentSetSize of job (KB)
...
006 (15951004.224.000) 2026-02-10 18:57:37 Image size of job updated: 359784
	230  -  MemoryUsage of job (MB)
	235348  -  ResidentSetSize of job (KB)
...
006 (15951004.224.000) 2026-02-10 19:32:42 Image size of job updated: 359784
	230  -  MemoryUsage of job (MB)
	235380  -  ResidentSetSize of job (KB)
...
006 (15951004.224.000) 2026-02-10 19:57:44 Image size of job updated: 359784
	230  -  MemoryUsage of job (MB)
	235444  -  ResidentSetSize of job (KB)
...
006 (15951004.224.000) 2026-02-10 20:47:47 Image size of job updated: 359784
	231  -  MemoryUsage of job (MB)
	235524  -  ResidentSetSize of job (KB)
...
006 (15951004.224.000) 2026-02-10 21:02:48 Image size of job updated: 359784
	231  -  MemoryUsage of job (MB)
	235528  -  ResidentSetSize of job (KB)
...
006 (15951004.224.000) 2026-02-10 21:47:53 Image size of job updated: 359784
	231  -  MemoryUsage of job (MB)
	235600  -  ResidentSetSize of job (KB)
...
006 (15951004.224.000) 2026-02-10 22:07:56 Image size of job updated: 359784
	233  -  MemoryUsage of job (MB)
	237856  -  ResidentSetSize of job (KB)
...
006 (15951004.224.000) 2026-02-10 22:17:57 Image size of job updated: 359784
	233  -  MemoryUsage of job (MB)
	237896  -  ResidentSetSize of job (KB)
...
006 (15951004.224.000) 2026-02-10 22:27:59 Image size of job updated: 359784
	233  -  MemoryUsage of job (MB)
	237900  -  ResidentSetSize of job (KB)
...
006 (15951004.224.000) 2026-02-10 22:32:59 Image size of job updated: 359784
	233  -  MemoryUsage of job (MB)
	238168  -  ResidentSetSize of job (KB)
...
006 (15951004.224.000) 2026-02-11 00:13:07 Image size of job updated: 359784
	233  -  MemoryUsage of job (MB)
	238324  -  ResidentSetSize of job (KB)
...
006 (15951004.224.000) 2026-02-11 01:28:16 Image size of job updated: 359784
	233  -  MemoryUsage of job (MB)
	238480  -  ResidentSetSize of job (KB)
...
006 (15951004.224.000) 2026-02-11 06:48:52 Image size of job updated: 359784
	234  -  MemoryUsage of job (MB)
	239264  -  ResidentSetSize of job (KB)
...
006 (15951004.224.000) 2026-02-11 06:53:52 Image size of job updated: 359784
	235  -  MemoryUsage of job (MB)
	239732  -  ResidentSetSize of job (KB)
...
006 (15951004.224.000) 2026-02-11 07:03:54 Image size of job updated: 359784
	235  -  MemoryUsage of job (MB)
	240044  -  ResidentSetSize of job (KB)
...
