000 (15756407.537.000) 2026-02-06 11:26:11 Job submitted from host: <141.34.103.35:9618?addrs=141.34.103.35-9618+[2001-638-700-f067--1-23]-9618&alias=wgs39.zeuthen.desy.de&noUDP&sock=schedd_7414_f73f>
...
009 (15756407.537.000) 2026-02-10 11:42:37 Job was aborted.
	via condor_rm (by user tuccia)
...
000 (15949294.358.000) 2026-02-10 11:45:21 Job submitted from host: <141.34.103.35:9618?addrs=141.34.103.35-9618+[2001-638-700-f067--1-23]-9618&alias=wgs39.zeuthen.desy.de&noUDP&sock=schedd_7302_24a3>
...
009 (15949294.358.000) 2026-02-10 11:45:46 Job was aborted.
	via condor_rm (by user tuccia)
...
000 (15949295.358.000) 2026-02-10 11:46:04 Job submitted from host: <141.34.103.35:9618?addrs=141.34.103.35-9618+[2001-638-700-f067--1-23]-9618&alias=wgs39.zeuthen.desy.de&noUDP&sock=schedd_7302_24a3>
...
001 (15949295.358.000) 2026-02-11 15:58:05 Job executing on host: <141.34.103.51:9618?addrs=141.34.103.51-9618+[2001-638-700-f067--1-33]-9618&alias=wgs41.zeuthen.desy.de&noUDP&sock=startd_7782_6219>
	SlotName: slot1_1@wgs41.zeuthen.desy.de
	CondorScratchDir = "/batch/dir_595925"
	Cpus = 8
	Disk = 1025025
	GPUs = 0
	Memory = 16384
...
006 (15949295.358.000) 2026-02-11 15:58:18 Image size of job updated: 91420
	90  -  MemoryUsage of job (MB)
	91420  -  ResidentSetSize of job (KB)
...
006 (15949295.358.000) 2026-02-11 16:03:18 Image size of job updated: 364716
	210  -  MemoryUsage of job (MB)
	215000  -  ResidentSetSize of job (KB)
...
006 (15949295.358.000) 2026-02-11 16:08:19 Image size of job updated: 364716
	263  -  MemoryUsage of job (MB)
	268800  -  ResidentSetSize of job (KB)
...
006 (15949295.358.000) 2026-02-11 16:13:20 Image size of job updated: 364716
	292  -  MemoryUsage of job (MB)
	298528  -  ResidentSetSize of job (KB)
...
006 (15949295.358.000) 2026-02-11 16:18:20 Image size of job updated: 364716
	301  -  MemoryUsage of job (MB)
	308216  -  ResidentSetSize of job (KB)
...
006 (15949295.358.000) 2026-02-11 16:23:21 Image size of job updated: 364716
	303  -  MemoryUsage of job (MB)
	310196  -  ResidentSetSize of job (KB)
...
006 (15949295.358.000) 2026-02-11 16:28:22 Image size of job updated: 364716
	305  -  MemoryUsage of job (MB)
	311436  -  ResidentSetSize of job (KB)
...
006 (15949295.358.000) 2026-02-11 16:33:22 Image size of job updated: 364716
	305  -  MemoryUsage of job (MB)
	311752  -  ResidentSetSize of job (KB)
...
006 (15949295.358.000) 2026-02-11 16:38:23 Image size of job updated: 364716
	315  -  MemoryUsage of job (MB)
	321900  -  ResidentSetSize of job (KB)
...
006 (15949295.358.000) 2026-02-11 17:23:27 Image size of job updated: 364716
	318  -  MemoryUsage of job (MB)
	325108  -  ResidentSetSize of job (KB)
...
006 (15949295.358.000) 2026-02-11 17:28:27 Image size of job updated: 364716
	338  -  MemoryUsage of job (MB)
	345480  -  ResidentSetSize of job (KB)
...
006 (15949295.358.000) 2026-02-11 17:38:28 Image size of job updated: 364716
	341  -  MemoryUsage of job (MB)
	348432  -  ResidentSetSize of job (KB)
...
006 (15949295.358.000) 2026-02-11 17:48:29 Image size of job updated: 364716
	350  -  MemoryUsage of job (MB)
	357492  -  ResidentSetSize of job (KB)
...
006 (15949295.358.000) 2026-02-11 21:13:52 Image size of job updated: 364716
	350  -  MemoryUsage of job (MB)
	357672  -  ResidentSetSize of job (KB)
...
006 (15949295.358.000) 2026-02-11 23:29:04 Image size of job updated: 364716
	351  -  MemoryUsage of job (MB)
	359368  -  ResidentSetSize of job (KB)
...
005 (15949295.358.000) 2026-02-12 12:27:35 Job terminated.
	(1) Normal termination (return value 0)
		Usr 2 12:23:02, Sys 0 16:13:29  -  Run Remote Usage
		Usr 0 00:00:00, Sys 0 00:00:00  -  Run Local Usage
		Usr 2 12:23:02, Sys 0 16:13:29  -  Total Remote Usage
		Usr 0 00:00:00, Sys 0 00:00:00  -  Total Local Usage
	0  -  Run Bytes Sent By Job
	0  -  Run Bytes Received By Job
	0  -  Total Bytes Sent By Job
	0  -  Total Bytes Received By Job
	Partitionable Resources :    Usage  Request Allocated 
	   Cpus                 :     7.92        8         8 
	   Disk (KB)            :     1     1024000   1025025 
	   GPUs                 :                           0 
	   Memory (MB)          :   351       16384     16384 
	   TimeExecute (s)      : 73770                       
	   TimeSlotBusy (s)     : 73771                       

	Job terminated of its own accord at 2026-02-12T11:27:35Z with exit-code 0.
...
