~~~~~~~~~~~~~~~~~~~~~~~~~~~~~~

n_qubits: 60, 
r: 41, 
alpha: 0.01, 
shots: 10000, 
ansatz: linear_cnot, 
layer: 1, 
tau: 0.3

time for simulated annealing:  66.36257815361023
Rank 1: Bitstring=110110011110100100110010111110000101001111000110011010000000, Decimal=981383601121420928, Energy=-44.2723
Rank 2: Bitstring=110111001110101100110010111110000101001111000100011010100010, Decimal=994929584375613090, Energy=-44.2707
Rank 3: Bitstring=110110011010100100110010111110100101001111000110011010000000, Decimal=980257701751449216, Energy=-44.1961
Rank 4: Bitstring=110111001010101100110010111110100101001111000100011010100010, Decimal=993803685005641378, Energy=-44.1945
Rank 5: Bitstring=110110001110101100110010111110000101001111000110011010000000, Decimal=976915185866139264, Energy=-44.0879
Rank 6: Bitstring=000111001110101100110010111110000101001111000100011010100010, Decimal=130238455920477858, Energy=-44.0649
Rank 7: Bitstring=000111001010101100110010111110100101001111000100111010100010, Decimal=129112556550508194, Energy=-44.0555
Rank 8: Bitstring=000111001110101100110010111111000101001111010100011010100010, Decimal=130238456994285218, Energy=-44.0547
Rank 9: Bitstring=000111001010101100110010111111100101001111010100111010100010, Decimal=129112557624315554, Energy=-44.0453
Rank 10: Bitstring=110111001110101100110010011110010001001011000100001010100110, Decimal=994929550216151718, Energy=-44.0309

E_min from simulated annealing:  -44.2723
Minimum energy: -44.2723
States with energy within 1e-08 of minimum: [981383601121420928]
4


################## Start optimization with initial parameters: [0. 0. 0. 0. 0. 0. 0. 0. 0. 0. 0. 0. 0. 0. 0. 0. 0. 0. 0. 0. 0. 0. 0. 0.
 0. 0. 0. 0. 0. 0. 0. 0. 0. 0. 0. 0. 0. 0. 0. 0. 0. 0. 0. 0. 0. 0. 0. 0.
 0. 0. 0. 0. 0. 0. 0. 0. 0. 0. 0. 0. 0. 0. 0. 0. 0. 0. 0. 0. 0. 0. 0. 0.
 0. 0. 0. 0. 0. 0. 0. 0. 0. 0. 0. 0. 0. 0. 0. 0. 0. 0. 0. 0. 0. 0. 0. 0.
 0. 0. 0. 0. 0. 0. 0. 0. 0. 0. 0. 0. 0. 0. 0. 0. 0. 0. 0. 0. 0. 0. 0. 0.
 0. 0. 0. 0. 0. 0. 0. 0. 0. 0. 0. 0. 0. 0. 0. 0. 0. 0. 0. 0. 0. 0. 0. 0.
 0. 0. 0. 0. 0. 0. 0. 0. 0. 0. 0. 0. 0. 0. 0. 0. 0. 0. 0. 0. 0. 0. 0. 0.
 0. 0. 0. 0. 0. 0. 0. 0. 0. 0. 0. 0. 0. 0. 0. 0. 0. 0. 0. 0. 0. 0. 0. 0.
 0. 0. 0. 0. 0. 0. 0. 0. 0. 0. 0. 0. 0. 0. 0. 0. 0. 0. 0. 0. 0. 0. 0. 0.
 0. 0. 0. 0. 0. 0. 0. 0. 0. 0. 0. 0. 0. 0. 0. 0. 0. 0. 0. 0. 0. 0. 0. 0.]
Write sucessfully to ./data/data_shots_10000_layer_1/alpha_0.01/N_60/r_41/ansatz_type_linear_cnot/initialization_zeros

vqe.cvar_eval[0]: -17.31288400000002 , min_cvar: -28.442612000000008 , opt_cvar: -28.442612000000008

vqe.poss_eval[-1]: 0 vqe.poss_eval[0] 0  , max_poss: 0 , opt_poss: 0

vqe.r_eval[-1]: 0.6202780519647731 vqe.r_eval[0]: 0.39105454200482065 max_r: 0.6424471283398424 , min_r: 0.3639838454293091
