000 (15756404.447.000) 2026-02-06 11:24:35 Job submitted from host: <141.34.103.35:9618?addrs=141.34.103.35-9618+[2001-638-700-f067--1-23]-9618&alias=wgs39.zeuthen.desy.de&noUDP&sock=schedd_7414_f73f>
...
001 (15756404.447.000) 2026-02-06 18:25:33 Job executing on host: <141.34.15.204:9618?addrs=141.34.15.204-9618+[2001-638-700-f00f--1-cc]-9618&alias=pizza06.zeuthen.desy.de&noUDP&sock=startd_8233_bb4f>
	SlotName: slot1_22@pizza06.zeuthen.desy.de
	CondorScratchDir = "/batch/dir_1981547"
	Cpus = 8
	Disk = 1025696
	GPUs = 0
	Memory = 16384
...
006 (15756404.447.000) 2026-02-06 18:25:47 Image size of job updated: 91480
	90  -  MemoryUsage of job (MB)
	91480  -  ResidentSetSize of job (KB)
...
006 (15756404.447.000) 2026-02-06 18:30:48 Image size of job updated: 370396
	209  -  MemoryUsage of job (MB)
	213848  -  ResidentSetSize of job (KB)
...
006 (15756404.447.000) 2026-02-06 18:35:48 Image size of job updated: 370396
	210  -  MemoryUsage of job (MB)
	214076  -  ResidentSetSize of job (KB)
...
006 (15756404.447.000) 2026-02-06 18:40:49 Image size of job updated: 370396
	210  -  MemoryUsage of job (MB)
	214116  -  ResidentSetSize of job (KB)
...
006 (15756404.447.000) 2026-02-06 18:45:50 Image size of job updated: 370396
	210  -  MemoryUsage of job (MB)
	214120  -  ResidentSetSize of job (KB)
...
006 (15756404.447.000) 2026-02-06 19:00:52 Image size of job updated: 370396
	210  -  MemoryUsage of job (MB)
	214124  -  ResidentSetSize of job (KB)
...
006 (15756404.447.000) 2026-02-06 19:15:54 Image size of job updated: 370396
	210  -  MemoryUsage of job (MB)
	214128  -  ResidentSetSize of job (KB)
...
005 (15756404.447.000) 2026-02-06 19:17:03 Job terminated.
	(1) Normal termination (return value 0)
		Usr 0 02:45:48, Sys 0 01:42:40  -  Run Remote Usage
		Usr 0 00:00:00, Sys 0 00:00:00  -  Run Local Usage
		Usr 0 02:45:48, Sys 0 01:42:40  -  Total Remote Usage
		Usr 0 00:00:00, Sys 0 00:00:00  -  Total Local Usage
	0  -  Run Bytes Sent By Job
	0  -  Run Bytes Received By Job
	0  -  Total Bytes Sent By Job
	0  -  Total Bytes Received By Job
	Partitionable Resources :    Usage  Request Allocated 
	   Cpus                 :     5.51        8         8 
	   Disk (KB)            :     1     1024000   1025696 
	   GPUs                 :                           0 
	   Memory (MB)          :   210       16384     16384 
	   TimeExecute (s)      :  3090                       
	   TimeSlotBusy (s)     :  3090                       

	Job terminated of its own accord at 2026-02-06T18:17:03Z with exit-code 0.
...
