~~~~~~~~~~~~~~~~~~~~~~~~~~~~~~

n_qubits: 60, 
r: 43, 
alpha: 0.01, 
shots: 10000, 
ansatz: structure_like_qubo_YZ_2, 
layer: 1, 
tau: 0.3

time for simulated annealing:  68.02656888961792
Rank 1: Bitstring=100001001011001000001011000100001000000000001111000111011001, Decimal=597607320272302553, Energy=-47.7082
Rank 2: Bitstring=100001001011001100000011000100001000000000001111001111011101, Decimal=597624362702533597, Energy=-47.6236
Rank 3: Bitstring=100001001011001010001011001100001000000000001111100111011001, Decimal=597616124955261401, Energy=-47.6178
Rank 4: Bitstring=100101001011001000001011000100001000000000001110000111011001, Decimal=669664914310226393, Energy=-47.5726
Rank 5: Bitstring=100001001010001010001001001100001000000000001111100111011000, Decimal=597334512539597272, Energy=-47.5714
Rank 6: Bitstring=100001001011001110000011001100001000000000001111101111011101, Decimal=597633167385492445, Energy=-47.5332
Rank 7: Bitstring=100101001011001100000011000100001000000000001110001111011101, Decimal=669681956740457437, Energy=-47.488
Rank 8: Bitstring=100101001011001010001011001100001000000000001110100111011001, Decimal=669673718993185241, Energy=-47.4822
Rank 9: Bitstring=100001001011001000001011000100001010000001011111000111011001, Decimal=597607320306184665, Energy=-47.4638
Rank 10: Bitstring=100101001010001010001001001100001000000000001110100111011000, Decimal=669392106577521112, Energy=-47.4358

E_min from simulated annealing:  -47.7082
Minimum energy: -47.7082
States with energy within 1e-08 of minimum: [597607320272302553]


################## Start optimization with initial parameters: [0. 0. 0. 0. 0. 0. 0. 0. 0. 0. 0. 0. 0. 0. 0. 0. 0. 0. 0. 0. 0. 0. 0. 0.
 0. 0. 0. 0. 0. 0. 0. 0. 0. 0. 0. 0. 0. 0. 0. 0. 0. 0. 0. 0. 0. 0. 0. 0.
 0. 0. 0. 0. 0. 0. 0. 0. 0. 0. 0. 0. 0. 0. 0. 0. 0. 0. 0. 0. 0. 0. 0. 0.
 0. 0. 0. 0. 0. 0. 0. 0. 0. 0. 0. 0. 0. 0. 0. 0. 0. 0. 0. 0. 0. 0. 0. 0.
 0. 0. 0. 0. 0. 0. 0. 0. 0. 0. 0. 0. 0. 0. 0. 0. 0. 0. 0. 0. 0. 0. 0. 0.
 0. 0. 0. 0. 0. 0. 0. 0. 0. 0. 0. 0. 0. 0. 0. 0. 0. 0. 0. 0. 0. 0. 0. 0.
 0. 0. 0. 0. 0. 0. 0. 0. 0. 0. 0. 0. 0. 0. 0. 0. 0. 0. 0. 0. 0. 0. 0. 0.
 0. 0. 0. 0. 0. 0. 0. 0. 0. 0. 0. 0. 0. 0. 0. 0. 0. 0. 0. 0. 0. 0. 0. 0.
 0. 0. 0. 0. 0. 0. 0. 0. 0. 0. 0. 0. 0. 0. 0. 0. 0. 0. 0. 0. 0. 0. 0. 0.
 0. 0. 0. 0. 0. 0. 0. 0. 0. 0. 0. 0. 0. 0. 0. 0. 0. 0. 0. 0. 0. 0. 0. 0.]
Write sucessfully to ./data/data_shots_10000_layer_1/alpha_0.01/N_60/r_43/ansatz_type_structure_like_qubo_YZ_2/initialization_zeros

vqe.cvar_eval[0]: -17.91246000000001 , min_cvar: -45.349266000000036 , opt_cvar: -45.349266000000036

vqe.poss_eval[-1]: 0 vqe.poss_eval[0] 0  , max_poss: 0 , opt_poss: 0

vqe.r_eval[-1]: 0.948843091963227 vqe.r_eval[0]: 0.3754587261728594 max_r: 0.9505549570094877 , min_r: 0.3525395634293477
