000 (15756407.346.000) 2026-02-06 11:26:10 Job submitted from host: <141.34.103.35:9618?addrs=141.34.103.35-9618+[2001-638-700-f067--1-23]-9618&alias=wgs39.zeuthen.desy.de&noUDP&sock=schedd_7414_f73f>
...
001 (15756407.346.000) 2026-02-08 19:19:38 Job executing on host: <141.34.15.202:9618?addrs=141.34.15.202-9618+[2001-638-700-f00f--1-ca]-9618&alias=pizza04.zeuthen.desy.de&noUDP&sock=startd_9156_d539>
	SlotName: slot1_2@pizza04.zeuthen.desy.de
	CondorScratchDir = "/batch/dir_1228732"
	Cpus = 8
	Disk = 1025696
	GPUs = 0
	Memory = 16384
...
006 (15756407.346.000) 2026-02-08 19:19:52 Image size of job updated: 91584
	90  -  MemoryUsage of job (MB)
	91584  -  ResidentSetSize of job (KB)
...
006 (15756407.346.000) 2026-02-08 19:24:53 Image size of job updated: 390460
	277  -  MemoryUsage of job (MB)
	282980  -  ResidentSetSize of job (KB)
...
006 (15756407.346.000) 2026-02-08 19:34:53 Image size of job updated: 390460
	292  -  MemoryUsage of job (MB)
	298120  -  ResidentSetSize of job (KB)
...
006 (15756407.346.000) 2026-02-08 19:39:54 Image size of job updated: 390460
	294  -  MemoryUsage of job (MB)
	300544  -  ResidentSetSize of job (KB)
...
006 (15756407.346.000) 2026-02-08 19:44:54 Image size of job updated: 390460
	295  -  MemoryUsage of job (MB)
	302024  -  ResidentSetSize of job (KB)
...
006 (15756407.346.000) 2026-02-08 19:49:54 Image size of job updated: 390460
	298  -  MemoryUsage of job (MB)
	304228  -  ResidentSetSize of job (KB)
...
006 (15756407.346.000) 2026-02-08 19:54:55 Image size of job updated: 390460
	305  -  MemoryUsage of job (MB)
	311684  -  ResidentSetSize of job (KB)
...
006 (15756407.346.000) 2026-02-08 19:59:55 Image size of job updated: 390460
	305  -  MemoryUsage of job (MB)
	312068  -  ResidentSetSize of job (KB)
...
006 (15756407.346.000) 2026-02-08 20:04:55 Image size of job updated: 390460
	317  -  MemoryUsage of job (MB)
	324324  -  ResidentSetSize of job (KB)
...
006 (15756407.346.000) 2026-02-08 20:09:56 Image size of job updated: 390460
	317  -  MemoryUsage of job (MB)
	324424  -  ResidentSetSize of job (KB)
...
006 (15756407.346.000) 2026-02-08 20:14:57 Image size of job updated: 390460
	340  -  MemoryUsage of job (MB)
	347872  -  ResidentSetSize of job (KB)
...
006 (15756407.346.000) 2026-02-08 20:19:57 Image size of job updated: 390460
	342  -  MemoryUsage of job (MB)
	349860  -  ResidentSetSize of job (KB)
...
006 (15756407.346.000) 2026-02-08 20:29:59 Image size of job updated: 390460
	342  -  MemoryUsage of job (MB)
	350004  -  ResidentSetSize of job (KB)
...
006 (15756407.346.000) 2026-02-08 20:34:59 Image size of job updated: 390460
	343  -  MemoryUsage of job (MB)
	350260  -  ResidentSetSize of job (KB)
...
006 (15756407.346.000) 2026-02-08 20:45:01 Image size of job updated: 390460
	355  -  MemoryUsage of job (MB)
	363152  -  ResidentSetSize of job (KB)
...
006 (15756407.346.000) 2026-02-08 20:50:01 Image size of job updated: 390460
	358  -  MemoryUsage of job (MB)
	366180  -  ResidentSetSize of job (KB)
...
006 (15756407.346.000) 2026-02-08 20:55:01 Image size of job updated: 390460
	360  -  MemoryUsage of job (MB)
	367932  -  ResidentSetSize of job (KB)
...
006 (15756407.346.000) 2026-02-08 21:00:02 Image size of job updated: 390460
	362  -  MemoryUsage of job (MB)
	370448  -  ResidentSetSize of job (KB)
...
006 (15756407.346.000) 2026-02-08 21:05:02 Image size of job updated: 390460
	377  -  MemoryUsage of job (MB)
	385740  -  ResidentSetSize of job (KB)
...
006 (15756407.346.000) 2026-02-08 21:15:03 Image size of job updated: 390460
	378  -  MemoryUsage of job (MB)
	386412  -  ResidentSetSize of job (KB)
...
006 (15756407.346.000) 2026-02-08 21:20:03 Image size of job updated: 390460
	378  -  MemoryUsage of job (MB)
	386964  -  ResidentSetSize of job (KB)
...
006 (15756407.346.000) 2026-02-08 21:25:03 Image size of job updated: 391416
	383  -  MemoryUsage of job (MB)
	391416  -  ResidentSetSize of job (KB)
...
006 (15756407.346.000) 2026-02-08 21:30:04 Image size of job updated: 394324
	386  -  MemoryUsage of job (MB)
	394324  -  ResidentSetSize of job (KB)
...
006 (15756407.346.000) 2026-02-08 21:35:04 Image size of job updated: 394596
	386  -  MemoryUsage of job (MB)
	394596  -  ResidentSetSize of job (KB)
...
006 (15756407.346.000) 2026-02-08 21:40:04 Image size of job updated: 397012
	388  -  MemoryUsage of job (MB)
	397012  -  ResidentSetSize of job (KB)
...
006 (15756407.346.000) 2026-02-08 21:45:05 Image size of job updated: 402420
	393  -  MemoryUsage of job (MB)
	402420  -  ResidentSetSize of job (KB)
...
006 (15756407.346.000) 2026-02-08 22:20:10 Image size of job updated: 402424
	393  -  MemoryUsage of job (MB)
	402424  -  ResidentSetSize of job (KB)
...
006 (15756407.346.000) 2026-02-08 22:25:10 Image size of job updated: 402676
	394  -  MemoryUsage of job (MB)
	402676  -  ResidentSetSize of job (KB)
...
006 (15756407.346.000) 2026-02-08 23:25:15 Image size of job updated: 402684
	394  -  MemoryUsage of job (MB)
	402684  -  ResidentSetSize of job (KB)
...
006 (15756407.346.000) 2026-02-08 23:30:15 Image size of job updated: 402732
	394  -  MemoryUsage of job (MB)
	402732  -  ResidentSetSize of job (KB)
...
006 (15756407.346.000) 2026-02-08 23:35:16 Image size of job updated: 402932
	394  -  MemoryUsage of job (MB)
	402932  -  ResidentSetSize of job (KB)
...
006 (15756407.346.000) 2026-02-08 23:50:18 Image size of job updated: 403980
	395  -  MemoryUsage of job (MB)
	403980  -  ResidentSetSize of job (KB)
...
006 (15756407.346.000) 2026-02-08 23:55:19 Image size of job updated: 403984
	395  -  MemoryUsage of job (MB)
	403984  -  ResidentSetSize of job (KB)
...
006 (15756407.346.000) 2026-02-09 00:30:23 Image size of job updated: 404000
	395  -  MemoryUsage of job (MB)
	404000  -  ResidentSetSize of job (KB)
...
006 (15756407.346.000) 2026-02-09 00:35:24 Image size of job updated: 404288
	395  -  MemoryUsage of job (MB)
	404288  -  ResidentSetSize of job (KB)
...
006 (15756407.346.000) 2026-02-09 00:40:25 Image size of job updated: 434076
	424  -  MemoryUsage of job (MB)
	434076  -  ResidentSetSize of job (KB)
...
006 (15756407.346.000) 2026-02-09 00:45:25 Image size of job updated: 434288
	425  -  MemoryUsage of job (MB)
	434288  -  ResidentSetSize of job (KB)
...
006 (15756407.346.000) 2026-02-09 00:50:26 Image size of job updated: 434400
	425  -  MemoryUsage of job (MB)
	434400  -  ResidentSetSize of job (KB)
...
006 (15756407.346.000) 2026-02-09 00:55:27 Image size of job updated: 434424
	425  -  MemoryUsage of job (MB)
	434424  -  ResidentSetSize of job (KB)
...
006 (15756407.346.000) 2026-02-09 01:00:27 Image size of job updated: 434492
	425  -  MemoryUsage of job (MB)
	434492  -  ResidentSetSize of job (KB)
...
006 (15756407.346.000) 2026-02-09 01:10:29 Image size of job updated: 434592
	425  -  MemoryUsage of job (MB)
	434592  -  ResidentSetSize of job (KB)
...
006 (15756407.346.000) 2026-02-09 01:15:29 Image size of job updated: 434612
	425  -  MemoryUsage of job (MB)
	434612  -  ResidentSetSize of job (KB)
...
006 (15756407.346.000) 2026-02-09 02:10:37 Image size of job updated: 434644
	425  -  MemoryUsage of job (MB)
	434644  -  ResidentSetSize of job (KB)
...
006 (15756407.346.000) 2026-02-09 02:15:37 Image size of job updated: 434868
	425  -  MemoryUsage of job (MB)
	434868  -  ResidentSetSize of job (KB)
...
006 (15756407.346.000) 2026-02-09 02:40:39 Image size of job updated: 434872
	425  -  MemoryUsage of job (MB)
	434872  -  ResidentSetSize of job (KB)
...
006 (15756407.346.000) 2026-02-09 02:45:39 Image size of job updated: 434972
	425  -  MemoryUsage of job (MB)
	434972  -  ResidentSetSize of job (KB)
...
006 (15756407.346.000) 2026-02-09 03:10:41 Image size of job updated: 435132
	425  -  MemoryUsage of job (MB)
	435132  -  ResidentSetSize of job (KB)
...
006 (15756407.346.000) 2026-02-09 03:25:43 Image size of job updated: 435136
	425  -  MemoryUsage of job (MB)
	435136  -  ResidentSetSize of job (KB)
...
006 (15756407.346.000) 2026-02-09 03:55:45 Image size of job updated: 435172
	425  -  MemoryUsage of job (MB)
	435172  -  ResidentSetSize of job (KB)
...
006 (15756407.346.000) 2026-02-09 04:05:46 Image size of job updated: 435388
	426  -  MemoryUsage of job (MB)
	435388  -  ResidentSetSize of job (KB)
...
006 (15756407.346.000) 2026-02-09 04:15:48 Image size of job updated: 435540
	426  -  MemoryUsage of job (MB)
	435540  -  ResidentSetSize of job (KB)
...
006 (15756407.346.000) 2026-02-09 04:25:49 Image size of job updated: 435596
	426  -  MemoryUsage of job (MB)
	435596  -  ResidentSetSize of job (KB)
...
006 (15756407.346.000) 2026-02-09 04:35:50 Image size of job updated: 435660
	426  -  MemoryUsage of job (MB)
	435660  -  ResidentSetSize of job (KB)
...
006 (15756407.346.000) 2026-02-09 05:20:56 Image size of job updated: 435764
	426  -  MemoryUsage of job (MB)
	435764  -  ResidentSetSize of job (KB)
...
006 (15756407.346.000) 2026-02-09 05:25:57 Image size of job updated: 435952
	426  -  MemoryUsage of job (MB)
	435952  -  ResidentSetSize of job (KB)
...
006 (15756407.346.000) 2026-02-09 06:06:02 Image size of job updated: 435992
	426  -  MemoryUsage of job (MB)
	435992  -  ResidentSetSize of job (KB)
...
006 (15756407.346.000) 2026-02-09 20:42:25 Image size of job updated: 436004
	426  -  MemoryUsage of job (MB)
	436004  -  ResidentSetSize of job (KB)
...
006 (15756407.346.000) 2026-02-10 00:47:47 Image size of job updated: 436060
	426  -  MemoryUsage of job (MB)
	436060  -  ResidentSetSize of job (KB)
...
006 (15756407.346.000) 2026-02-10 01:02:49 Image size of job updated: 436160
	426  -  MemoryUsage of job (MB)
	436160  -  ResidentSetSize of job (KB)
...
006 (15756407.346.000) 2026-02-10 01:17:51 Image size of job updated: 436260
	427  -  MemoryUsage of job (MB)
	436260  -  ResidentSetSize of job (KB)
...
022 (15756407.346.000) 2026-02-10 08:04:03 Job disconnected, attempting to reconnect
    Local schedd and job shadow died, schedd now running again
    Trying to reconnect to slot1_2@pizza04.zeuthen.desy.de <141.34.15.202:9618?addrs=141.34.15.202-9618+[2001-638-700-f00f--1-ca]-9618&alias=pizza04.zeuthen.desy.de&noUDP&sock=startd_9156_d539>
...
023 (15756407.346.000) 2026-02-10 08:04:11 Job reconnected to slot1_2@pizza04.zeuthen.desy.de
    startd address: <141.34.15.202:9618?addrs=141.34.15.202-9618+[2001-638-700-f00f--1-ca]-9618&alias=pizza04.zeuthen.desy.de&noUDP&sock=startd_9156_d539>
    starter address: <141.34.15.202:9618?addrs=141.34.15.202-9618+[2001-638-700-f00f--1-ca]-9618&alias=pizza04.zeuthen.desy.de&noUDP&sock=slot1_2_9624_ba80_4507>
...
