000 (15756407.583.000) 2026-02-06 11:26:11 Job submitted from host: <141.34.103.35:9618?addrs=141.34.103.35-9618+[2001-638-700-f067--1-23]-9618&alias=wgs39.zeuthen.desy.de&noUDP&sock=schedd_7414_f73f>
...
009 (15756407.583.000) 2026-02-10 11:42:38 Job was aborted.
	via condor_rm (by user tuccia)
...
000 (15949294.389.000) 2026-02-10 11:45:21 Job submitted from host: <141.34.103.35:9618?addrs=141.34.103.35-9618+[2001-638-700-f067--1-23]-9618&alias=wgs39.zeuthen.desy.de&noUDP&sock=schedd_7302_24a3>
...
009 (15949294.389.000) 2026-02-10 11:45:46 Job was aborted.
	via condor_rm (by user tuccia)
...
000 (15949295.389.000) 2026-02-10 11:46:04 Job submitted from host: <141.34.103.35:9618?addrs=141.34.103.35-9618+[2001-638-700-f067--1-23]-9618&alias=wgs39.zeuthen.desy.de&noUDP&sock=schedd_7302_24a3>
...
001 (15949295.389.000) 2026-02-11 15:58:05 Job executing on host: <141.34.15.40:9618?addrs=141.34.15.40-9618+[2001-638-700-f00f--1-28]-9618&alias=pizza11.zeuthen.desy.de&noUDP&sock=startd_9198_a434>
	SlotName: slot1_2@pizza11.zeuthen.desy.de
	CondorScratchDir = "/batch/dir_3880168"
	Cpus = 8
	Disk = 1025696
	GPUs = 0
	Memory = 16384
...
006 (15949295.389.000) 2026-02-11 15:58:18 Image size of job updated: 91436
	90  -  MemoryUsage of job (MB)
	91436  -  ResidentSetSize of job (KB)
...
006 (15949295.389.000) 2026-02-11 16:03:18 Image size of job updated: 283972
	272  -  MemoryUsage of job (MB)
	278516  -  ResidentSetSize of job (KB)
...
006 (15949295.389.000) 2026-02-11 16:08:19 Image size of job updated: 284172
	273  -  MemoryUsage of job (MB)
	278940  -  ResidentSetSize of job (KB)
...
006 (15949295.389.000) 2026-02-11 16:13:20 Image size of job updated: 298952
	288  -  MemoryUsage of job (MB)
	294048  -  ResidentSetSize of job (KB)
...
006 (15949295.389.000) 2026-02-11 16:18:20 Image size of job updated: 299464
	290  -  MemoryUsage of job (MB)
	296128  -  ResidentSetSize of job (KB)
...
006 (15949295.389.000) 2026-02-11 16:23:21 Image size of job updated: 301000
	292  -  MemoryUsage of job (MB)
	298992  -  ResidentSetSize of job (KB)
...
006 (15949295.389.000) 2026-02-11 16:28:22 Image size of job updated: 302660
	294  -  MemoryUsage of job (MB)
	300688  -  ResidentSetSize of job (KB)
...
006 (15949295.389.000) 2026-02-11 16:33:22 Image size of job updated: 303156
	297  -  MemoryUsage of job (MB)
	303156  -  ResidentSetSize of job (KB)
...
006 (15949295.389.000) 2026-02-11 16:38:22 Image size of job updated: 303412
	297  -  MemoryUsage of job (MB)
	303412  -  ResidentSetSize of job (KB)
...
006 (15949295.389.000) 2026-02-11 16:43:23 Image size of job updated: 303668
	297  -  MemoryUsage of job (MB)
	303668  -  ResidentSetSize of job (KB)
...
006 (15949295.389.000) 2026-02-11 16:48:23 Image size of job updated: 309012
	302  -  MemoryUsage of job (MB)
	309012  -  ResidentSetSize of job (KB)
...
006 (15949295.389.000) 2026-02-11 16:58:24 Image size of job updated: 330840
	324  -  MemoryUsage of job (MB)
	330840  -  ResidentSetSize of job (KB)
...
006 (15949295.389.000) 2026-02-11 17:03:24 Image size of job updated: 335100
	328  -  MemoryUsage of job (MB)
	335100  -  ResidentSetSize of job (KB)
...
006 (15949295.389.000) 2026-02-11 17:08:24 Image size of job updated: 335576
	328  -  MemoryUsage of job (MB)
	335576  -  ResidentSetSize of job (KB)
...
006 (15949295.389.000) 2026-02-11 17:13:25 Image size of job updated: 336204
	329  -  MemoryUsage of job (MB)
	336204  -  ResidentSetSize of job (KB)
...
006 (15949295.389.000) 2026-02-11 17:18:25 Image size of job updated: 346820
	339  -  MemoryUsage of job (MB)
	346820  -  ResidentSetSize of job (KB)
...
006 (15949295.389.000) 2026-02-11 17:28:26 Image size of job updated: 346824
	339  -  MemoryUsage of job (MB)
	346824  -  ResidentSetSize of job (KB)
...
006 (15949295.389.000) 2026-02-11 17:33:26 Image size of job updated: 347076
	339  -  MemoryUsage of job (MB)
	347076  -  ResidentSetSize of job (KB)
...
006 (15949295.389.000) 2026-02-11 17:48:27 Image size of job updated: 351416
	344  -  MemoryUsage of job (MB)
	351416  -  ResidentSetSize of job (KB)
...
006 (15949295.389.000) 2026-02-11 17:53:27 Image size of job updated: 361968
	354  -  MemoryUsage of job (MB)
	361968  -  ResidentSetSize of job (KB)
...
006 (15949295.389.000) 2026-02-11 17:58:28 Image size of job updated: 366300
	358  -  MemoryUsage of job (MB)
	366300  -  ResidentSetSize of job (KB)
...
006 (15949295.389.000) 2026-02-11 18:03:28 Image size of job updated: 366492
	358  -  MemoryUsage of job (MB)
	366492  -  ResidentSetSize of job (KB)
...
006 (15949295.389.000) 2026-02-11 18:13:29 Image size of job updated: 367300
	359  -  MemoryUsage of job (MB)
	367300  -  ResidentSetSize of job (KB)
...
006 (15949295.389.000) 2026-02-11 18:18:29 Image size of job updated: 368116
	360  -  MemoryUsage of job (MB)
	368116  -  ResidentSetSize of job (KB)
...
006 (15949295.389.000) 2026-02-11 18:28:30 Image size of job updated: 370812
	363  -  MemoryUsage of job (MB)
	370812  -  ResidentSetSize of job (KB)
...
006 (15949295.389.000) 2026-02-11 18:33:30 Image size of job updated: 371120
	363  -  MemoryUsage of job (MB)
	371120  -  ResidentSetSize of job (KB)
...
006 (15949295.389.000) 2026-02-11 18:38:30 Image size of job updated: 375876
	368  -  MemoryUsage of job (MB)
	375876  -  ResidentSetSize of job (KB)
...
006 (15949295.389.000) 2026-02-11 18:43:31 Image size of job updated: 378100
	370  -  MemoryUsage of job (MB)
	378100  -  ResidentSetSize of job (KB)
...
006 (15949295.389.000) 2026-02-11 18:48:31 Image size of job updated: 378236
	370  -  MemoryUsage of job (MB)
	378236  -  ResidentSetSize of job (KB)
...
006 (15949295.389.000) 2026-02-11 18:53:31 Image size of job updated: 380340
	372  -  MemoryUsage of job (MB)
	380340  -  ResidentSetSize of job (KB)
...
006 (15949295.389.000) 2026-02-11 18:58:32 Image size of job updated: 380788
	372  -  MemoryUsage of job (MB)
	380788  -  ResidentSetSize of job (KB)
...
006 (15949295.389.000) 2026-02-11 19:03:32 Image size of job updated: 380836
	372  -  MemoryUsage of job (MB)
	380836  -  ResidentSetSize of job (KB)
...
006 (15949295.389.000) 2026-02-11 19:08:32 Image size of job updated: 380856
	372  -  MemoryUsage of job (MB)
	380856  -  ResidentSetSize of job (KB)
...
006 (15949295.389.000) 2026-02-11 19:33:35 Image size of job updated: 381304
	373  -  MemoryUsage of job (MB)
	381304  -  ResidentSetSize of job (KB)
...
006 (15949295.389.000) 2026-02-11 19:43:36 Image size of job updated: 383876
	375  -  MemoryUsage of job (MB)
	383876  -  ResidentSetSize of job (KB)
...
006 (15949295.389.000) 2026-02-11 19:48:36 Image size of job updated: 384404
	376  -  MemoryUsage of job (MB)
	384404  -  ResidentSetSize of job (KB)
...
006 (15949295.389.000) 2026-02-11 19:53:36 Image size of job updated: 384544
	376  -  MemoryUsage of job (MB)
	384544  -  ResidentSetSize of job (KB)
...
006 (15949295.389.000) 2026-02-11 19:58:37 Image size of job updated: 384620
	376  -  MemoryUsage of job (MB)
	384620  -  ResidentSetSize of job (KB)
...
006 (15949295.389.000) 2026-02-11 20:18:39 Image size of job updated: 387924
	379  -  MemoryUsage of job (MB)
	387924  -  ResidentSetSize of job (KB)
...
006 (15949295.389.000) 2026-02-11 20:23:39 Image size of job updated: 388184
	380  -  MemoryUsage of job (MB)
	388184  -  ResidentSetSize of job (KB)
...
006 (15949295.389.000) 2026-02-11 20:38:41 Image size of job updated: 388492
	380  -  MemoryUsage of job (MB)
	388492  -  ResidentSetSize of job (KB)
...
006 (15949295.389.000) 2026-02-11 20:43:42 Image size of job updated: 388828
	380  -  MemoryUsage of job (MB)
	388828  -  ResidentSetSize of job (KB)
...
006 (15949295.389.000) 2026-02-11 20:48:43 Image size of job updated: 388920
	380  -  MemoryUsage of job (MB)
	388920  -  ResidentSetSize of job (KB)
...
006 (15949295.389.000) 2026-02-11 20:53:43 Image size of job updated: 389928
	381  -  MemoryUsage of job (MB)
	389928  -  ResidentSetSize of job (KB)
...
006 (15949295.389.000) 2026-02-11 20:58:44 Image size of job updated: 389984
	381  -  MemoryUsage of job (MB)
	389984  -  ResidentSetSize of job (KB)
...
006 (15949295.389.000) 2026-02-11 21:18:47 Image size of job updated: 390044
	381  -  MemoryUsage of job (MB)
	390044  -  ResidentSetSize of job (KB)
...
006 (15949295.389.000) 2026-02-11 21:23:47 Image size of job updated: 390052
	381  -  MemoryUsage of job (MB)
	390052  -  ResidentSetSize of job (KB)
...
006 (15949295.389.000) 2026-02-11 21:43:50 Image size of job updated: 390060
	381  -  MemoryUsage of job (MB)
	390060  -  ResidentSetSize of job (KB)
...
006 (15949295.389.000) 2026-02-11 21:48:51 Image size of job updated: 390080
	381  -  MemoryUsage of job (MB)
	390080  -  ResidentSetSize of job (KB)
...
006 (15949295.389.000) 2026-02-11 21:53:51 Image size of job updated: 390308
	382  -  MemoryUsage of job (MB)
	390308  -  ResidentSetSize of job (KB)
...
006 (15949295.389.000) 2026-02-11 22:18:54 Image size of job updated: 390328
	382  -  MemoryUsage of job (MB)
	390328  -  ResidentSetSize of job (KB)
...
006 (15949295.389.000) 2026-02-11 22:23:54 Image size of job updated: 390564
	382  -  MemoryUsage of job (MB)
	390564  -  ResidentSetSize of job (KB)
...
006 (15949295.389.000) 2026-02-11 22:58:56 Image size of job updated: 390776
	382  -  MemoryUsage of job (MB)
	390776  -  ResidentSetSize of job (KB)
...
006 (15949295.389.000) 2026-02-11 23:03:57 Image size of job updated: 432052
	422  -  MemoryUsage of job (MB)
	432052  -  ResidentSetSize of job (KB)
...
006 (15949295.389.000) 2026-02-11 23:08:57 Image size of job updated: 432304
	423  -  MemoryUsage of job (MB)
	432304  -  ResidentSetSize of job (KB)
...
006 (15949295.389.000) 2026-02-11 23:13:57 Image size of job updated: 432344
	423  -  MemoryUsage of job (MB)
	432304  -  ResidentSetSize of job (KB)
...
006 (15949295.389.000) 2026-02-11 23:18:58 Image size of job updated: 432356
	423  -  MemoryUsage of job (MB)
	432356  -  ResidentSetSize of job (KB)
...
006 (15949295.389.000) 2026-02-12 00:24:06 Image size of job updated: 432364
	423  -  MemoryUsage of job (MB)
	432364  -  ResidentSetSize of job (KB)
...
006 (15949295.389.000) 2026-02-12 00:29:06 Image size of job updated: 432608
	423  -  MemoryUsage of job (MB)
	432364  -  ResidentSetSize of job (KB)
...
006 (15949295.389.000) 2026-02-12 00:39:08 Image size of job updated: 432608
	423  -  MemoryUsage of job (MB)
	432608  -  ResidentSetSize of job (KB)
...
006 (15949295.389.000) 2026-02-12 00:54:10 Image size of job updated: 432712
	423  -  MemoryUsage of job (MB)
	432712  -  ResidentSetSize of job (KB)
...
006 (15949295.389.000) 2026-02-12 00:59:10 Image size of job updated: 432716
	423  -  MemoryUsage of job (MB)
	432712  -  ResidentSetSize of job (KB)
...
006 (15949295.389.000) 2026-02-12 01:09:11 Image size of job updated: 432716
	423  -  MemoryUsage of job (MB)
	432716  -  ResidentSetSize of job (KB)
...
006 (15949295.389.000) 2026-02-12 01:44:15 Image size of job updated: 432772
	423  -  MemoryUsage of job (MB)
	432772  -  ResidentSetSize of job (KB)
...
006 (15949295.389.000) 2026-02-12 02:54:21 Image size of job updated: 432776
	423  -  MemoryUsage of job (MB)
	432776  -  ResidentSetSize of job (KB)
...
006 (15949295.389.000) 2026-02-12 03:14:24 Image size of job updated: 432812
	423  -  MemoryUsage of job (MB)
	432776  -  ResidentSetSize of job (KB)
...
006 (15949295.389.000) 2026-02-12 03:19:24 Image size of job updated: 433028
	423  -  MemoryUsage of job (MB)
	432776  -  ResidentSetSize of job (KB)
...
006 (15949295.389.000) 2026-02-12 03:24:25 Image size of job updated: 433028
	423  -  MemoryUsage of job (MB)
	433028  -  ResidentSetSize of job (KB)
...
006 (15949295.389.000) 2026-02-12 03:34:26 Image size of job updated: 433032
	423  -  MemoryUsage of job (MB)
	433032  -  ResidentSetSize of job (KB)
...
006 (15949295.389.000) 2026-02-12 05:19:36 Image size of job updated: 433036
	423  -  MemoryUsage of job (MB)
	433036  -  ResidentSetSize of job (KB)
...
006 (15949295.389.000) 2026-02-12 05:59:40 Image size of job updated: 433044
	423  -  MemoryUsage of job (MB)
	433044  -  ResidentSetSize of job (KB)
...
006 (15949295.389.000) 2026-02-12 06:04:40 Image size of job updated: 433088
	423  -  MemoryUsage of job (MB)
	433088  -  ResidentSetSize of job (KB)
...
006 (15949295.389.000) 2026-02-12 06:14:41 Image size of job updated: 433112
	423  -  MemoryUsage of job (MB)
	433088  -  ResidentSetSize of job (KB)
...
006 (15949295.389.000) 2026-02-12 06:19:42 Image size of job updated: 433292
	423  -  MemoryUsage of job (MB)
	433112  -  ResidentSetSize of job (KB)
...
006 (15949295.389.000) 2026-02-12 06:54:46 Image size of job updated: 433292
	424  -  MemoryUsage of job (MB)
	433292  -  ResidentSetSize of job (KB)
...
006 (15949295.389.000) 2026-02-12 07:19:48 Image size of job updated: 433300
	424  -  MemoryUsage of job (MB)
	433292  -  ResidentSetSize of job (KB)
...
006 (15949295.389.000) 2026-02-12 07:24:48 Image size of job updated: 433300
	424  -  MemoryUsage of job (MB)
	433300  -  ResidentSetSize of job (KB)
...
006 (15949295.389.000) 2026-02-12 07:39:50 Image size of job updated: 433392
	424  -  MemoryUsage of job (MB)
	433300  -  ResidentSetSize of job (KB)
...
006 (15949295.389.000) 2026-02-12 08:14:53 Image size of job updated: 433392
	424  -  MemoryUsage of job (MB)
	433332  -  ResidentSetSize of job (KB)
...
006 (15949295.389.000) 2026-02-12 08:29:55 Image size of job updated: 433392
	424  -  MemoryUsage of job (MB)
	433376  -  ResidentSetSize of job (KB)
...
006 (15949295.389.000) 2026-02-12 08:59:59 Image size of job updated: 433392
	424  -  MemoryUsage of job (MB)
	433380  -  ResidentSetSize of job (KB)
...
