000 (15756408.544.000) 2026-02-06 11:26:58 Job submitted from host: <141.34.103.35:9618?addrs=141.34.103.35-9618+[2001-638-700-f067--1-23]-9618&alias=wgs39.zeuthen.desy.de&noUDP&sock=schedd_7414_f73f>
...
009 (15756408.544.000) 2026-02-10 11:47:34 Job was aborted.
	via condor_rm (by user tuccia)
...
000 (15951004.363.000) 2026-02-10 16:30:03 Job submitted from host: <141.34.103.35:9618?addrs=141.34.103.35-9618+[2001-638-700-f067--1-23]-9618&alias=wgs39.zeuthen.desy.de&noUDP&sock=schedd_7302_24a3>
...
001 (15951004.363.000) 2026-02-10 18:29:52 Job executing on host: <141.34.15.39:9618?addrs=141.34.15.39-9618+[2001-638-700-f00f--1-27]-9618&alias=pizza10.zeuthen.desy.de&noUDP&sock=startd_8177_5201>
	SlotName: slot1_7@pizza10.zeuthen.desy.de
	CondorScratchDir = "/batch/dir_3421167"
	Cpus = 1
	Disk = 1025696
	GPUs = 0
	Memory = 5120
...
006 (15951004.363.000) 2026-02-10 18:30:06 Image size of job updated: 91360
	90  -  MemoryUsage of job (MB)
	91360  -  ResidentSetSize of job (KB)
...
006 (15951004.363.000) 2026-02-10 18:35:07 Image size of job updated: 408456
	281  -  MemoryUsage of job (MB)
	287280  -  ResidentSetSize of job (KB)
...
006 (15951004.363.000) 2026-02-10 18:40:07 Image size of job updated: 408456
	281  -  MemoryUsage of job (MB)
	287744  -  ResidentSetSize of job (KB)
...
006 (15951004.363.000) 2026-02-10 18:45:08 Image size of job updated: 408456
	282  -  MemoryUsage of job (MB)
	288240  -  ResidentSetSize of job (KB)
...
006 (15951004.363.000) 2026-02-10 18:50:09 Image size of job updated: 408456
	282  -  MemoryUsage of job (MB)
	288756  -  ResidentSetSize of job (KB)
...
006 (15951004.363.000) 2026-02-10 18:55:09 Image size of job updated: 408456
	283  -  MemoryUsage of job (MB)
	289208  -  ResidentSetSize of job (KB)
...
006 (15951004.363.000) 2026-02-10 19:00:10 Image size of job updated: 408456
	284  -  MemoryUsage of job (MB)
	289976  -  ResidentSetSize of job (KB)
...
006 (15951004.363.000) 2026-02-10 19:05:11 Image size of job updated: 408456
	284  -  MemoryUsage of job (MB)
	290472  -  ResidentSetSize of job (KB)
...
006 (15951004.363.000) 2026-02-10 19:10:11 Image size of job updated: 408456
	302  -  MemoryUsage of job (MB)
	308580  -  ResidentSetSize of job (KB)
...
006 (15951004.363.000) 2026-02-10 19:45:13 Image size of job updated: 408456
	302  -  MemoryUsage of job (MB)
	309104  -  ResidentSetSize of job (KB)
...
006 (15951004.363.000) 2026-02-10 20:20:18 Image size of job updated: 408456
	303  -  MemoryUsage of job (MB)
	309628  -  ResidentSetSize of job (KB)
...
006 (15951004.363.000) 2026-02-10 20:55:22 Image size of job updated: 408456
	303  -  MemoryUsage of job (MB)
	310164  -  ResidentSetSize of job (KB)
...
006 (15951004.363.000) 2026-02-10 21:25:24 Image size of job updated: 408456
	303  -  MemoryUsage of job (MB)
	310168  -  ResidentSetSize of job (KB)
...
006 (15951004.363.000) 2026-02-10 21:30:25 Image size of job updated: 408456
	304  -  MemoryUsage of job (MB)
	310740  -  ResidentSetSize of job (KB)
...
006 (15951004.363.000) 2026-02-10 21:55:28 Image size of job updated: 408456
	306  -  MemoryUsage of job (MB)
	312784  -  ResidentSetSize of job (KB)
...
006 (15951004.363.000) 2026-02-10 22:00:29 Image size of job updated: 408456
	306  -  MemoryUsage of job (MB)
	313344  -  ResidentSetSize of job (KB)
...
006 (15951004.363.000) 2026-02-10 22:35:31 Image size of job updated: 408456
	307  -  MemoryUsage of job (MB)
	313624  -  ResidentSetSize of job (KB)
...
006 (15951004.363.000) 2026-02-10 23:10:35 Image size of job updated: 408456
	307  -  MemoryUsage of job (MB)
	313912  -  ResidentSetSize of job (KB)
...
006 (15951004.363.000) 2026-02-10 23:45:38 Image size of job updated: 408456
	307  -  MemoryUsage of job (MB)
	314244  -  ResidentSetSize of job (KB)
...
006 (15951004.363.000) 2026-02-11 00:15:42 Image size of job updated: 408456
	307  -  MemoryUsage of job (MB)
	314288  -  ResidentSetSize of job (KB)
...
006 (15951004.363.000) 2026-02-11 00:50:45 Image size of job updated: 408456
	308  -  MemoryUsage of job (MB)
	314436  -  ResidentSetSize of job (KB)
...
006 (15951004.363.000) 2026-02-11 01:25:49 Image size of job updated: 408456
	308  -  MemoryUsage of job (MB)
	314720  -  ResidentSetSize of job (KB)
...
006 (15951004.363.000) 2026-02-11 01:55:52 Image size of job updated: 408456
	308  -  MemoryUsage of job (MB)
	314984  -  ResidentSetSize of job (KB)
...
006 (15951004.363.000) 2026-02-11 02:30:55 Image size of job updated: 408456
	308  -  MemoryUsage of job (MB)
	315276  -  ResidentSetSize of job (KB)
...
006 (15951004.363.000) 2026-02-11 03:05:59 Image size of job updated: 408456
	309  -  MemoryUsage of job (MB)
	315572  -  ResidentSetSize of job (KB)
...
006 (15951004.363.000) 2026-02-11 03:41:01 Image size of job updated: 408456
	309  -  MemoryUsage of job (MB)
	315660  -  ResidentSetSize of job (KB)
...
006 (15951004.363.000) 2026-02-11 04:16:05 Image size of job updated: 408456
	309  -  MemoryUsage of job (MB)
	315944  -  ResidentSetSize of job (KB)
...
006 (15951004.363.000) 2026-02-11 04:51:07 Image size of job updated: 408456
	309  -  MemoryUsage of job (MB)
	316240  -  ResidentSetSize of job (KB)
...
006 (15951004.363.000) 2026-02-11 05:26:10 Image size of job updated: 408456
	309  -  MemoryUsage of job (MB)
	316272  -  ResidentSetSize of job (KB)
...
006 (15951004.363.000) 2026-02-11 06:01:14 Image size of job updated: 408456
	310  -  MemoryUsage of job (MB)
	316572  -  ResidentSetSize of job (KB)
...
006 (15951004.363.000) 2026-02-11 06:36:17 Image size of job updated: 408456
	310  -  MemoryUsage of job (MB)
	316852  -  ResidentSetSize of job (KB)
...
006 (15951004.363.000) 2026-02-11 07:16:21 Image size of job updated: 408456
	310  -  MemoryUsage of job (MB)
	317140  -  ResidentSetSize of job (KB)
...
006 (15951004.363.000) 2026-02-11 07:51:24 Image size of job updated: 408456
	310  -  MemoryUsage of job (MB)
	317404  -  ResidentSetSize of job (KB)
...
006 (15951004.363.000) 2026-02-11 08:26:28 Image size of job updated: 408456
	311  -  MemoryUsage of job (MB)
	317448  -  ResidentSetSize of job (KB)
...
006 (15951004.363.000) 2026-02-11 09:06:32 Image size of job updated: 408456
	311  -  MemoryUsage of job (MB)
	317472  -  ResidentSetSize of job (KB)
...
006 (15951004.363.000) 2026-02-11 09:46:37 Image size of job updated: 408456
	311  -  MemoryUsage of job (MB)
	317780  -  ResidentSetSize of job (KB)
...
