000 (15756408.481.000) 2026-02-06 11:26:58 Job submitted from host: <141.34.103.35:9618?addrs=141.34.103.35-9618+[2001-638-700-f067--1-23]-9618&alias=wgs39.zeuthen.desy.de&noUDP&sock=schedd_7414_f73f>
...
009 (15756408.481.000) 2026-02-10 11:47:33 Job was aborted.
	via condor_rm (by user tuccia)
...
000 (15951004.321.000) 2026-02-10 16:30:03 Job submitted from host: <141.34.103.35:9618?addrs=141.34.103.35-9618+[2001-638-700-f067--1-23]-9618&alias=wgs39.zeuthen.desy.de&noUDP&sock=schedd_7302_24a3>
...
001 (15951004.321.000) 2026-02-10 18:29:52 Job executing on host: <141.34.15.61:9618?addrs=141.34.15.61-9618+[2001-638-700-f00f--1-3d]-9618&alias=bladej6.zeuthen.desy.de&noUDP&sock=startd_11029_8e1c>
	SlotName: slot1_7@bladej6.zeuthen.desy.de
	CondorScratchDir = "/batch/dir_3932695"
	Cpus = 1
	Disk = 1025024
	GPUs = 0
	Memory = 5120
...
006 (15951004.321.000) 2026-02-10 18:30:06 Image size of job updated: 89284
	88  -  MemoryUsage of job (MB)
	89284  -  ResidentSetSize of job (KB)
...
006 (15951004.321.000) 2026-02-10 18:35:07 Image size of job updated: 507808
	277  -  MemoryUsage of job (MB)
	283376  -  ResidentSetSize of job (KB)
...
006 (15951004.321.000) 2026-02-10 18:40:07 Image size of job updated: 507808
	278  -  MemoryUsage of job (MB)
	284000  -  ResidentSetSize of job (KB)
...
006 (15951004.321.000) 2026-02-10 18:45:07 Image size of job updated: 507808
	278  -  MemoryUsage of job (MB)
	284340  -  ResidentSetSize of job (KB)
...
006 (15951004.321.000) 2026-02-10 18:50:09 Image size of job updated: 507808
	279  -  MemoryUsage of job (MB)
	284692  -  ResidentSetSize of job (KB)
...
006 (15951004.321.000) 2026-02-10 18:55:09 Image size of job updated: 507808
	279  -  MemoryUsage of job (MB)
	285092  -  ResidentSetSize of job (KB)
...
006 (15951004.321.000) 2026-02-10 19:00:09 Image size of job updated: 507808
	279  -  MemoryUsage of job (MB)
	285496  -  ResidentSetSize of job (KB)
...
006 (15951004.321.000) 2026-02-10 19:05:10 Image size of job updated: 507808
	280  -  MemoryUsage of job (MB)
	285876  -  ResidentSetSize of job (KB)
...
006 (15951004.321.000) 2026-02-10 19:10:11 Image size of job updated: 507808
	280  -  MemoryUsage of job (MB)
	286272  -  ResidentSetSize of job (KB)
...
006 (15951004.321.000) 2026-02-10 19:15:11 Image size of job updated: 507808
	280  -  MemoryUsage of job (MB)
	286656  -  ResidentSetSize of job (KB)
...
006 (15951004.321.000) 2026-02-10 19:20:12 Image size of job updated: 507808
	298  -  MemoryUsage of job (MB)
	304764  -  ResidentSetSize of job (KB)
...
006 (15951004.321.000) 2026-02-10 20:05:16 Image size of job updated: 507808
	298  -  MemoryUsage of job (MB)
	305144  -  ResidentSetSize of job (KB)
...
006 (15951004.321.000) 2026-02-10 20:50:21 Image size of job updated: 507808
	299  -  MemoryUsage of job (MB)
	305680  -  ResidentSetSize of job (KB)
...
006 (15951004.321.000) 2026-02-10 21:35:25 Image size of job updated: 507808
	300  -  MemoryUsage of job (MB)
	306232  -  ResidentSetSize of job (KB)
...
006 (15951004.321.000) 2026-02-10 22:20:30 Image size of job updated: 507808
	300  -  MemoryUsage of job (MB)
	306512  -  ResidentSetSize of job (KB)
...
006 (15951004.321.000) 2026-02-10 23:05:35 Image size of job updated: 507808
	300  -  MemoryUsage of job (MB)
	307064  -  ResidentSetSize of job (KB)
...
006 (15951004.321.000) 2026-02-10 23:50:38 Image size of job updated: 507808
	301  -  MemoryUsage of job (MB)
	307596  -  ResidentSetSize of job (KB)
...
006 (15951004.321.000) 2026-02-11 00:35:43 Image size of job updated: 507808
	301  -  MemoryUsage of job (MB)
	307640  -  ResidentSetSize of job (KB)
...
006 (15951004.321.000) 2026-02-11 01:20:46 Image size of job updated: 507808
	301  -  MemoryUsage of job (MB)
	307656  -  ResidentSetSize of job (KB)
...
006 (15951004.321.000) 2026-02-11 02:05:50 Image size of job updated: 507808
	301  -  MemoryUsage of job (MB)
	307956  -  ResidentSetSize of job (KB)
...
006 (15951004.321.000) 2026-02-11 02:45:56 Image size of job updated: 507808
	303  -  MemoryUsage of job (MB)
	310096  -  ResidentSetSize of job (KB)
...
006 (15951004.321.000) 2026-02-11 03:25:59 Image size of job updated: 507808
	304  -  MemoryUsage of job (MB)
	310396  -  ResidentSetSize of job (KB)
...
006 (15951004.321.000) 2026-02-11 04:06:03 Image size of job updated: 507808
	314  -  MemoryUsage of job (MB)
	320864  -  ResidentSetSize of job (KB)
...
006 (15951004.321.000) 2026-02-11 06:26:19 Image size of job updated: 507808
	317  -  MemoryUsage of job (MB)
	323996  -  ResidentSetSize of job (KB)
...
