000 (15756407.559.000) 2026-02-06 11:26:11 Job submitted from host: <141.34.103.35:9618?addrs=141.34.103.35-9618+[2001-638-700-f067--1-23]-9618&alias=wgs39.zeuthen.desy.de&noUDP&sock=schedd_7414_f73f>
...
009 (15756407.559.000) 2026-02-10 11:42:38 Job was aborted.
	via condor_rm (by user tuccia)
...
000 (15949294.373.000) 2026-02-10 11:45:21 Job submitted from host: <141.34.103.35:9618?addrs=141.34.103.35-9618+[2001-638-700-f067--1-23]-9618&alias=wgs39.zeuthen.desy.de&noUDP&sock=schedd_7302_24a3>
...
009 (15949294.373.000) 2026-02-10 11:45:46 Job was aborted.
	via condor_rm (by user tuccia)
...
000 (15949295.373.000) 2026-02-10 11:46:04 Job submitted from host: <141.34.103.35:9618?addrs=141.34.103.35-9618+[2001-638-700-f067--1-23]-9618&alias=wgs39.zeuthen.desy.de&noUDP&sock=schedd_7302_24a3>
...
001 (15949295.373.000) 2026-02-11 15:58:05 Job executing on host: <141.34.15.218:9618?addrs=141.34.15.218-9618+[2001-638-700-f00f--1-da]-9618&alias=pizza26.zeuthen.desy.de&noUDP&sock=startd_8315_fa13>
	SlotName: slot1_1@pizza26.zeuthen.desy.de
	CondorScratchDir = "/batch/dir_2744863"
	Cpus = 8
	Disk = 1025696
	GPUs = 0
	Memory = 16384
...
006 (15949295.373.000) 2026-02-11 15:58:18 Image size of job updated: 91440
	90  -  MemoryUsage of job (MB)
	91440  -  ResidentSetSize of job (KB)
...
006 (15949295.373.000) 2026-02-11 16:03:18 Image size of job updated: 284020
	274  -  MemoryUsage of job (MB)
	279784  -  ResidentSetSize of job (KB)
...
006 (15949295.373.000) 2026-02-11 16:08:19 Image size of job updated: 284600
	276  -  MemoryUsage of job (MB)
	282616  -  ResidentSetSize of job (KB)
...
006 (15949295.373.000) 2026-02-11 16:13:20 Image size of job updated: 298192
	288  -  MemoryUsage of job (MB)
	294416  -  ResidentSetSize of job (KB)
...
006 (15949295.373.000) 2026-02-11 16:18:20 Image size of job updated: 299608
	292  -  MemoryUsage of job (MB)
	298008  -  ResidentSetSize of job (KB)
...
006 (15949295.373.000) 2026-02-11 16:23:20 Image size of job updated: 300364
	294  -  MemoryUsage of job (MB)
	300364  -  ResidentSetSize of job (KB)
...
006 (15949295.373.000) 2026-02-11 16:28:21 Image size of job updated: 301024
	294  -  MemoryUsage of job (MB)
	300364  -  ResidentSetSize of job (KB)
...
006 (15949295.373.000) 2026-02-11 16:33:21 Image size of job updated: 301024
	294  -  MemoryUsage of job (MB)
	301024  -  ResidentSetSize of job (KB)
...
006 (15949295.373.000) 2026-02-11 16:38:21 Image size of job updated: 302188
	296  -  MemoryUsage of job (MB)
	302188  -  ResidentSetSize of job (KB)
...
006 (15949295.373.000) 2026-02-11 16:43:22 Image size of job updated: 306160
	299  -  MemoryUsage of job (MB)
	306160  -  ResidentSetSize of job (KB)
...
006 (15949295.373.000) 2026-02-11 16:48:22 Image size of job updated: 320168
	313  -  MemoryUsage of job (MB)
	320168  -  ResidentSetSize of job (KB)
...
006 (15949295.373.000) 2026-02-11 16:53:22 Image size of job updated: 336564
	329  -  MemoryUsage of job (MB)
	336564  -  ResidentSetSize of job (KB)
...
006 (15949295.373.000) 2026-02-11 16:58:23 Image size of job updated: 336644
	329  -  MemoryUsage of job (MB)
	336644  -  ResidentSetSize of job (KB)
...
006 (15949295.373.000) 2026-02-11 17:03:23 Image size of job updated: 350052
	342  -  MemoryUsage of job (MB)
	350052  -  ResidentSetSize of job (KB)
...
006 (15949295.373.000) 2026-02-11 17:08:23 Image size of job updated: 355436
	348  -  MemoryUsage of job (MB)
	355436  -  ResidentSetSize of job (KB)
...
006 (15949295.373.000) 2026-02-11 17:13:24 Image size of job updated: 359732
	352  -  MemoryUsage of job (MB)
	359732  -  ResidentSetSize of job (KB)
...
006 (15949295.373.000) 2026-02-11 17:18:24 Image size of job updated: 364904
	357  -  MemoryUsage of job (MB)
	364904  -  ResidentSetSize of job (KB)
...
006 (15949295.373.000) 2026-02-11 17:23:24 Image size of job updated: 367264
	359  -  MemoryUsage of job (MB)
	367264  -  ResidentSetSize of job (KB)
...
006 (15949295.373.000) 2026-02-11 17:28:25 Image size of job updated: 367544
	359  -  MemoryUsage of job (MB)
	367544  -  ResidentSetSize of job (KB)
...
006 (15949295.373.000) 2026-02-11 17:43:26 Image size of job updated: 373768
	366  -  MemoryUsage of job (MB)
	373768  -  ResidentSetSize of job (KB)
...
006 (15949295.373.000) 2026-02-11 17:48:26 Image size of job updated: 374332
	366  -  MemoryUsage of job (MB)
	374332  -  ResidentSetSize of job (KB)
...
006 (15949295.373.000) 2026-02-11 17:53:26 Image size of job updated: 374448
	366  -  MemoryUsage of job (MB)
	374448  -  ResidentSetSize of job (KB)
...
006 (15949295.373.000) 2026-02-11 17:58:27 Image size of job updated: 374604
	366  -  MemoryUsage of job (MB)
	374604  -  ResidentSetSize of job (KB)
...
006 (15949295.373.000) 2026-02-11 18:03:27 Image size of job updated: 375132
	367  -  MemoryUsage of job (MB)
	375132  -  ResidentSetSize of job (KB)
...
006 (15949295.373.000) 2026-02-11 18:08:27 Image size of job updated: 375372
	367  -  MemoryUsage of job (MB)
	375372  -  ResidentSetSize of job (KB)
...
006 (15949295.373.000) 2026-02-11 18:13:28 Image size of job updated: 375384
	367  -  MemoryUsage of job (MB)
	375384  -  ResidentSetSize of job (KB)
...
006 (15949295.373.000) 2026-02-11 18:18:28 Image size of job updated: 375404
	367  -  MemoryUsage of job (MB)
	375404  -  ResidentSetSize of job (KB)
...
006 (15949295.373.000) 2026-02-11 18:23:28 Image size of job updated: 375640
	367  -  MemoryUsage of job (MB)
	375640  -  ResidentSetSize of job (KB)
...
006 (15949295.373.000) 2026-02-11 18:33:29 Image size of job updated: 376028
	368  -  MemoryUsage of job (MB)
	376028  -  ResidentSetSize of job (KB)
...
006 (15949295.373.000) 2026-02-11 18:38:29 Image size of job updated: 380736
	372  -  MemoryUsage of job (MB)
	380736  -  ResidentSetSize of job (KB)
...
006 (15949295.373.000) 2026-02-11 18:43:30 Image size of job updated: 381080
	373  -  MemoryUsage of job (MB)
	381080  -  ResidentSetSize of job (KB)
...
006 (15949295.373.000) 2026-02-11 18:48:30 Image size of job updated: 385368
	377  -  MemoryUsage of job (MB)
	385368  -  ResidentSetSize of job (KB)
...
006 (15949295.373.000) 2026-02-11 18:53:30 Image size of job updated: 387372
	379  -  MemoryUsage of job (MB)
	387372  -  ResidentSetSize of job (KB)
...
006 (15949295.373.000) 2026-02-11 19:43:37 Image size of job updated: 387628
	379  -  MemoryUsage of job (MB)
	387628  -  ResidentSetSize of job (KB)
...
006 (15949295.373.000) 2026-02-11 20:08:40 Image size of job updated: 387640
	379  -  MemoryUsage of job (MB)
	387640  -  ResidentSetSize of job (KB)
...
006 (15949295.373.000) 2026-02-11 20:13:41 Image size of job updated: 387884
	379  -  MemoryUsage of job (MB)
	387884  -  ResidentSetSize of job (KB)
...
006 (15949295.373.000) 2026-02-11 21:38:52 Image size of job updated: 387936
	379  -  MemoryUsage of job (MB)
	387936  -  ResidentSetSize of job (KB)
...
006 (15949295.373.000) 2026-02-11 21:43:53 Image size of job updated: 387944
	379  -  MemoryUsage of job (MB)
	387944  -  ResidentSetSize of job (KB)
...
006 (15949295.373.000) 2026-02-11 21:48:54 Image size of job updated: 387964
	379  -  MemoryUsage of job (MB)
	387964  -  ResidentSetSize of job (KB)
...
006 (15949295.373.000) 2026-02-11 21:53:54 Image size of job updated: 388192
	380  -  MemoryUsage of job (MB)
	388192  -  ResidentSetSize of job (KB)
...
006 (15949295.373.000) 2026-02-11 22:08:56 Image size of job updated: 388240
	380  -  MemoryUsage of job (MB)
	388240  -  ResidentSetSize of job (KB)
...
006 (15949295.373.000) 2026-02-11 22:28:59 Image size of job updated: 388996
	380  -  MemoryUsage of job (MB)
	388996  -  ResidentSetSize of job (KB)
...
006 (15949295.373.000) 2026-02-11 22:34:00 Image size of job updated: 397900
	389  -  MemoryUsage of job (MB)
	397900  -  ResidentSetSize of job (KB)
...
006 (15949295.373.000) 2026-02-11 22:44:01 Image size of job updated: 397996
	389  -  MemoryUsage of job (MB)
	397996  -  ResidentSetSize of job (KB)
...
006 (15949295.373.000) 2026-02-11 22:49:02 Image size of job updated: 398000
	389  -  MemoryUsage of job (MB)
	398000  -  ResidentSetSize of job (KB)
...
006 (15949295.373.000) 2026-02-11 22:54:02 Image size of job updated: 398012
	389  -  MemoryUsage of job (MB)
	398012  -  ResidentSetSize of job (KB)
...
006 (15949295.373.000) 2026-02-11 23:04:04 Image size of job updated: 403512
	395  -  MemoryUsage of job (MB)
	403512  -  ResidentSetSize of job (KB)
...
006 (15949295.373.000) 2026-02-11 23:09:04 Image size of job updated: 403676
	395  -  MemoryUsage of job (MB)
	403676  -  ResidentSetSize of job (KB)
...
006 (15949295.373.000) 2026-02-11 23:24:06 Image size of job updated: 403704
	395  -  MemoryUsage of job (MB)
	403704  -  ResidentSetSize of job (KB)
...
006 (15949295.373.000) 2026-02-11 23:29:07 Image size of job updated: 403932
	395  -  MemoryUsage of job (MB)
	403932  -  ResidentSetSize of job (KB)
...
006 (15949295.373.000) 2026-02-12 00:34:16 Image size of job updated: 404992
	396  -  MemoryUsage of job (MB)
	404992  -  ResidentSetSize of job (KB)
...
006 (15949295.373.000) 2026-02-12 00:39:16 Image size of job updated: 405220
	396  -  MemoryUsage of job (MB)
	405220  -  ResidentSetSize of job (KB)
...
006 (15949295.373.000) 2026-02-12 00:54:18 Image size of job updated: 430452
	421  -  MemoryUsage of job (MB)
	430452  -  ResidentSetSize of job (KB)
...
006 (15949295.373.000) 2026-02-12 00:59:19 Image size of job updated: 430864
	421  -  MemoryUsage of job (MB)
	430864  -  ResidentSetSize of job (KB)
...
006 (15949295.373.000) 2026-02-12 01:09:20 Image size of job updated: 430996
	421  -  MemoryUsage of job (MB)
	430996  -  ResidentSetSize of job (KB)
...
006 (15949295.373.000) 2026-02-12 01:19:22 Image size of job updated: 431108
	422  -  MemoryUsage of job (MB)
	431108  -  ResidentSetSize of job (KB)
...
006 (15949295.373.000) 2026-02-12 01:44:25 Image size of job updated: 431164
	422  -  MemoryUsage of job (MB)
	431164  -  ResidentSetSize of job (KB)
...
006 (15949295.373.000) 2026-02-12 01:59:27 Image size of job updated: 431504
	422  -  MemoryUsage of job (MB)
	431504  -  ResidentSetSize of job (KB)
...
006 (15949295.373.000) 2026-02-12 02:04:28 Image size of job updated: 431524
	422  -  MemoryUsage of job (MB)
	431524  -  ResidentSetSize of job (KB)
...
006 (15949295.373.000) 2026-02-12 02:09:28 Image size of job updated: 431580
	422  -  MemoryUsage of job (MB)
	431580  -  ResidentSetSize of job (KB)
...
006 (15949295.373.000) 2026-02-12 02:14:29 Image size of job updated: 431624
	422  -  MemoryUsage of job (MB)
	431624  -  ResidentSetSize of job (KB)
...
006 (15949295.373.000) 2026-02-12 02:19:30 Image size of job updated: 431680
	422  -  MemoryUsage of job (MB)
	431680  -  ResidentSetSize of job (KB)
...
006 (15949295.373.000) 2026-02-12 02:24:30 Image size of job updated: 431684
	422  -  MemoryUsage of job (MB)
	431684  -  ResidentSetSize of job (KB)
...
006 (15949295.373.000) 2026-02-12 02:34:32 Image size of job updated: 431688
	422  -  MemoryUsage of job (MB)
	431688  -  ResidentSetSize of job (KB)
...
006 (15949295.373.000) 2026-02-12 02:44:33 Image size of job updated: 431828
	422  -  MemoryUsage of job (MB)
	431828  -  ResidentSetSize of job (KB)
...
006 (15949295.373.000) 2026-02-12 02:49:34 Image size of job updated: 431924
	422  -  MemoryUsage of job (MB)
	431924  -  ResidentSetSize of job (KB)
...
006 (15949295.373.000) 2026-02-12 03:39:40 Image size of job updated: 432032
	422  -  MemoryUsage of job (MB)
	432032  -  ResidentSetSize of job (KB)
...
006 (15949295.373.000) 2026-02-12 03:54:42 Image size of job updated: 432088
	422  -  MemoryUsage of job (MB)
	432088  -  ResidentSetSize of job (KB)
...
006 (15949295.373.000) 2026-02-12 05:19:54 Image size of job updated: 432244
	423  -  MemoryUsage of job (MB)
	432244  -  ResidentSetSize of job (KB)
...
006 (15949295.373.000) 2026-02-12 05:24:54 Image size of job updated: 432332
	423  -  MemoryUsage of job (MB)
	432332  -  ResidentSetSize of job (KB)
...
006 (15949295.373.000) 2026-02-12 06:30:01 Image size of job updated: 432380
	423  -  MemoryUsage of job (MB)
	432380  -  ResidentSetSize of job (KB)
...
006 (15949295.373.000) 2026-02-12 09:55:20 Image size of job updated: 432636
	423  -  MemoryUsage of job (MB)
	432636  -  ResidentSetSize of job (KB)
...
