000 (15756407.502.000) 2026-02-06 11:26:11 Job submitted from host: <141.34.103.35:9618?addrs=141.34.103.35-9618+[2001-638-700-f067--1-23]-9618&alias=wgs39.zeuthen.desy.de&noUDP&sock=schedd_7414_f73f>
...
001 (15756407.502.000) 2026-02-09 08:38:37 Job executing on host: <141.34.14.35:9618?addrs=141.34.14.35-9618+[2001-638-700-f00e--1-23]-9618&alias=ampere04.zeuthen.desy.de&noUDP&sock=startd_7431_a05b>
	SlotName: slot1_7@ampere04.zeuthen.desy.de
	AvailableGPUs = {  }
	CondorScratchDir = "/batch/dir_2053486"
	Cpus = 8
	Disk = 1025682
	GPUs = 0
	Memory = 16384
...
006 (15756407.502.000) 2026-02-09 08:38:50 Image size of job updated: 91404
	90  -  MemoryUsage of job (MB)
	91404  -  ResidentSetSize of job (KB)
...
006 (15756407.502.000) 2026-02-09 08:43:50 Image size of job updated: 411580
	282  -  MemoryUsage of job (MB)
	288004  -  ResidentSetSize of job (KB)
...
006 (15756407.502.000) 2026-02-09 08:48:51 Image size of job updated: 411580
	291  -  MemoryUsage of job (MB)
	297008  -  ResidentSetSize of job (KB)
...
006 (15756407.502.000) 2026-02-09 08:53:52 Image size of job updated: 411580
	294  -  MemoryUsage of job (MB)
	300224  -  ResidentSetSize of job (KB)
...
006 (15756407.502.000) 2026-02-09 08:58:52 Image size of job updated: 411580
	296  -  MemoryUsage of job (MB)
	302928  -  ResidentSetSize of job (KB)
...
006 (15756407.502.000) 2026-02-09 09:03:53 Image size of job updated: 411580
	298  -  MemoryUsage of job (MB)
	304484  -  ResidentSetSize of job (KB)
...
006 (15756407.502.000) 2026-02-09 09:08:54 Image size of job updated: 411580
	300  -  MemoryUsage of job (MB)
	306428  -  ResidentSetSize of job (KB)
...
006 (15756407.502.000) 2026-02-09 09:13:54 Image size of job updated: 411580
	305  -  MemoryUsage of job (MB)
	312180  -  ResidentSetSize of job (KB)
...
006 (15756407.502.000) 2026-02-09 09:18:55 Image size of job updated: 411580
	325  -  MemoryUsage of job (MB)
	332344  -  ResidentSetSize of job (KB)
...
006 (15756407.502.000) 2026-02-09 09:23:55 Image size of job updated: 411580
	339  -  MemoryUsage of job (MB)
	346392  -  ResidentSetSize of job (KB)
...
006 (15756407.502.000) 2026-02-09 09:28:55 Image size of job updated: 411580
	351  -  MemoryUsage of job (MB)
	358952  -  ResidentSetSize of job (KB)
...
006 (15756407.502.000) 2026-02-09 09:33:56 Image size of job updated: 411580
	351  -  MemoryUsage of job (MB)
	359020  -  ResidentSetSize of job (KB)
...
006 (15756407.502.000) 2026-02-09 09:38:57 Image size of job updated: 411580
	357  -  MemoryUsage of job (MB)
	365336  -  ResidentSetSize of job (KB)
...
006 (15756407.502.000) 2026-02-09 09:43:57 Image size of job updated: 411580
	366  -  MemoryUsage of job (MB)
	374672  -  ResidentSetSize of job (KB)
...
006 (15756407.502.000) 2026-02-09 09:48:58 Image size of job updated: 411580
	367  -  MemoryUsage of job (MB)
	375572  -  ResidentSetSize of job (KB)
...
006 (15756407.502.000) 2026-02-09 10:03:59 Image size of job updated: 411580
	369  -  MemoryUsage of job (MB)
	377432  -  ResidentSetSize of job (KB)
...
006 (15756407.502.000) 2026-02-09 10:13:59 Image size of job updated: 411580
	369  -  MemoryUsage of job (MB)
	377688  -  ResidentSetSize of job (KB)
...
006 (15756407.502.000) 2026-02-09 10:24:01 Image size of job updated: 411580
	370  -  MemoryUsage of job (MB)
	377944  -  ResidentSetSize of job (KB)
...
006 (15756407.502.000) 2026-02-09 10:54:03 Image size of job updated: 411580
	370  -  MemoryUsage of job (MB)
	377972  -  ResidentSetSize of job (KB)
...
006 (15756407.502.000) 2026-02-09 10:59:03 Image size of job updated: 411580
	370  -  MemoryUsage of job (MB)
	378200  -  ResidentSetSize of job (KB)
...
006 (15756407.502.000) 2026-02-09 11:09:04 Image size of job updated: 411580
	370  -  MemoryUsage of job (MB)
	378228  -  ResidentSetSize of job (KB)
...
006 (15756407.502.000) 2026-02-09 11:14:04 Image size of job updated: 411580
	374  -  MemoryUsage of job (MB)
	382140  -  ResidentSetSize of job (KB)
...
006 (15756407.502.000) 2026-02-09 11:29:05 Image size of job updated: 411580
	374  -  MemoryUsage of job (MB)
	382396  -  ResidentSetSize of job (KB)
...
006 (15756407.502.000) 2026-02-09 11:59:09 Image size of job updated: 411580
	374  -  MemoryUsage of job (MB)
	382400  -  ResidentSetSize of job (KB)
...
006 (15756407.502.000) 2026-02-09 12:04:10 Image size of job updated: 432316
	423  -  MemoryUsage of job (MB)
	432316  -  ResidentSetSize of job (KB)
...
006 (15756407.502.000) 2026-02-09 12:09:10 Image size of job updated: 432388
	423  -  MemoryUsage of job (MB)
	432388  -  ResidentSetSize of job (KB)
...
006 (15756407.502.000) 2026-02-09 12:24:12 Image size of job updated: 432500
	423  -  MemoryUsage of job (MB)
	432500  -  ResidentSetSize of job (KB)
...
006 (15756407.502.000) 2026-02-09 12:29:13 Image size of job updated: 432844
	423  -  MemoryUsage of job (MB)
	432844  -  ResidentSetSize of job (KB)
...
006 (15756407.502.000) 2026-02-09 12:34:14 Image size of job updated: 432860
	423  -  MemoryUsage of job (MB)
	432860  -  ResidentSetSize of job (KB)
...
006 (15756407.502.000) 2026-02-09 12:39:14 Image size of job updated: 432864
	423  -  MemoryUsage of job (MB)
	432864  -  ResidentSetSize of job (KB)
...
006 (15756407.502.000) 2026-02-09 12:44:14 Image size of job updated: 432868
	423  -  MemoryUsage of job (MB)
	432868  -  ResidentSetSize of job (KB)
...
006 (15756407.502.000) 2026-02-09 12:49:15 Image size of job updated: 433048
	423  -  MemoryUsage of job (MB)
	432868  -  ResidentSetSize of job (KB)
...
006 (15756407.502.000) 2026-02-09 12:54:15 Image size of job updated: 435388
	423  -  MemoryUsage of job (MB)
	432868  -  ResidentSetSize of job (KB)
...
006 (15756407.502.000) 2026-02-09 12:59:15 Image size of job updated: 435388
	426  -  MemoryUsage of job (MB)
	435316  -  ResidentSetSize of job (KB)
...
006 (15756407.502.000) 2026-02-09 13:04:16 Image size of job updated: 435388
	426  -  MemoryUsage of job (MB)
	435324  -  ResidentSetSize of job (KB)
...
006 (15756407.502.000) 2026-02-09 13:14:16 Image size of job updated: 435388
	426  -  MemoryUsage of job (MB)
	435360  -  ResidentSetSize of job (KB)
...
006 (15756407.502.000) 2026-02-09 13:19:17 Image size of job updated: 435388
	426  -  MemoryUsage of job (MB)
	435384  -  ResidentSetSize of job (KB)
...
006 (15756407.502.000) 2026-02-09 13:34:18 Image size of job updated: 435404
	426  -  MemoryUsage of job (MB)
	435384  -  ResidentSetSize of job (KB)
...
006 (15756407.502.000) 2026-02-09 13:39:18 Image size of job updated: 435504
	426  -  MemoryUsage of job (MB)
	435384  -  ResidentSetSize of job (KB)
...
006 (15756407.502.000) 2026-02-09 13:54:19 Image size of job updated: 435732
	426  -  MemoryUsage of job (MB)
	435384  -  ResidentSetSize of job (KB)
...
006 (15756407.502.000) 2026-02-09 13:59:19 Image size of job updated: 435732
	426  -  MemoryUsage of job (MB)
	435732  -  ResidentSetSize of job (KB)
...
006 (15756407.502.000) 2026-02-09 14:14:21 Image size of job updated: 435852
	426  -  MemoryUsage of job (MB)
	435732  -  ResidentSetSize of job (KB)
...
006 (15756407.502.000) 2026-02-09 14:29:23 Image size of job updated: 437164
	426  -  MemoryUsage of job (MB)
	435732  -  ResidentSetSize of job (KB)
...
006 (15756407.502.000) 2026-02-09 14:34:24 Image size of job updated: 437460
	426  -  MemoryUsage of job (MB)
	436224  -  ResidentSetSize of job (KB)
...
006 (15756407.502.000) 2026-02-09 14:39:25 Image size of job updated: 437460
	427  -  MemoryUsage of job (MB)
	436304  -  ResidentSetSize of job (KB)
...
006 (15756407.502.000) 2026-02-09 15:19:29 Image size of job updated: 437460
	427  -  MemoryUsage of job (MB)
	436360  -  ResidentSetSize of job (KB)
...
006 (15756407.502.000) 2026-02-09 15:24:29 Image size of job updated: 437460
	427  -  MemoryUsage of job (MB)
	436364  -  ResidentSetSize of job (KB)
...
006 (15756407.502.000) 2026-02-09 15:29:29 Image size of job updated: 437460
	427  -  MemoryUsage of job (MB)
	436552  -  ResidentSetSize of job (KB)
...
006 (15756407.502.000) 2026-02-09 15:34:30 Image size of job updated: 437460
	427  -  MemoryUsage of job (MB)
	436572  -  ResidentSetSize of job (KB)
...
006 (15756407.502.000) 2026-02-09 15:44:31 Image size of job updated: 437460
	427  -  MemoryUsage of job (MB)
	436576  -  ResidentSetSize of job (KB)
...
006 (15756407.502.000) 2026-02-09 15:54:31 Image size of job updated: 437460
	427  -  MemoryUsage of job (MB)
	436580  -  ResidentSetSize of job (KB)
...
006 (15756407.502.000) 2026-02-09 16:39:36 Image size of job updated: 437460
	427  -  MemoryUsage of job (MB)
	436668  -  ResidentSetSize of job (KB)
...
006 (15756407.502.000) 2026-02-09 16:49:37 Image size of job updated: 437460
	427  -  MemoryUsage of job (MB)
	436908  -  ResidentSetSize of job (KB)
...
006 (15756407.502.000) 2026-02-09 16:54:37 Image size of job updated: 437460
	427  -  MemoryUsage of job (MB)
	436956  -  ResidentSetSize of job (KB)
...
006 (15756407.502.000) 2026-02-09 19:59:59 Image size of job updated: 437544
	428  -  MemoryUsage of job (MB)
	437544  -  ResidentSetSize of job (KB)
...
006 (15756407.502.000) 2026-02-09 20:05:00 Image size of job updated: 437604
	428  -  MemoryUsage of job (MB)
	437544  -  ResidentSetSize of job (KB)
...
006 (15756407.502.000) 2026-02-09 22:15:14 Image size of job updated: 438304
	429  -  MemoryUsage of job (MB)
	438304  -  ResidentSetSize of job (KB)
...
006 (15756407.502.000) 2026-02-09 22:20:14 Image size of job updated: 438628
	429  -  MemoryUsage of job (MB)
	438304  -  ResidentSetSize of job (KB)
...
006 (15756407.502.000) 2026-02-09 22:25:15 Image size of job updated: 438692
	429  -  MemoryUsage of job (MB)
	438304  -  ResidentSetSize of job (KB)
...
006 (15756407.502.000) 2026-02-10 00:20:28 Image size of job updated: 441360
	429  -  MemoryUsage of job (MB)
	438304  -  ResidentSetSize of job (KB)
...
006 (15756407.502.000) 2026-02-10 00:40:31 Image size of job updated: 441360
	431  -  MemoryUsage of job (MB)
	441280  -  ResidentSetSize of job (KB)
...
006 (15756407.502.000) 2026-02-10 01:25:34 Image size of job updated: 441860
	431  -  MemoryUsage of job (MB)
	441280  -  ResidentSetSize of job (KB)
...
006 (15756407.502.000) 2026-02-10 01:45:37 Image size of job updated: 441860
	432  -  MemoryUsage of job (MB)
	441420  -  ResidentSetSize of job (KB)
...
006 (15756407.502.000) 2026-02-10 02:20:41 Image size of job updated: 441860
	432  -  MemoryUsage of job (MB)
	441504  -  ResidentSetSize of job (KB)
...
006 (15756407.502.000) 2026-02-10 02:30:42 Image size of job updated: 441860
	432  -  MemoryUsage of job (MB)
	441756  -  ResidentSetSize of job (KB)
...
006 (15756407.502.000) 2026-02-10 04:55:56 Image size of job updated: 442072
	432  -  MemoryUsage of job (MB)
	441756  -  ResidentSetSize of job (KB)
...
006 (15756407.502.000) 2026-02-10 05:15:59 Image size of job updated: 442104
	432  -  MemoryUsage of job (MB)
	441756  -  ResidentSetSize of job (KB)
...
006 (15756407.502.000) 2026-02-10 05:46:01 Image size of job updated: 442116
	432  -  MemoryUsage of job (MB)
	441756  -  ResidentSetSize of job (KB)
...
006 (15756407.502.000) 2026-02-10 05:56:02 Image size of job updated: 442184
	432  -  MemoryUsage of job (MB)
	441756  -  ResidentSetSize of job (KB)
...
006 (15756407.502.000) 2026-02-10 06:56:09 Image size of job updated: 442364
	432  -  MemoryUsage of job (MB)
	441756  -  ResidentSetSize of job (KB)
...
006 (15756407.502.000) 2026-02-10 07:46:13 Image size of job updated: 442448
	432  -  MemoryUsage of job (MB)
	441756  -  ResidentSetSize of job (KB)
...
022 (15756407.502.000) 2026-02-10 08:04:04 Job disconnected, attempting to reconnect
    Local schedd and job shadow died, schedd now running again
    Trying to reconnect to slot1_7@ampere04.zeuthen.desy.de <141.34.14.35:9618?addrs=141.34.14.35-9618+[2001-638-700-f00e--1-23]-9618&alias=ampere04.zeuthen.desy.de&noUDP&sock=startd_7431_a05b>
...
023 (15756407.502.000) 2026-02-10 08:04:12 Job reconnected to slot1_7@ampere04.zeuthen.desy.de
    startd address: <141.34.14.35:9618?addrs=141.34.14.35-9618+[2001-638-700-f00e--1-23]-9618&alias=ampere04.zeuthen.desy.de&noUDP&sock=startd_7431_a05b>
    starter address: <141.34.14.35:9618?addrs=141.34.14.35-9618+[2001-638-700-f00e--1-23]-9618&alias=ampere04.zeuthen.desy.de&noUDP&sock=slot1_7_8059_0b61_36311>
...
004 (15756407.502.000) 2026-02-10 11:42:41 Job was evicted.
	(0) CPU times
		Usr 5 14:48:40, Sys 1 00:42:01  -  Run Remote Usage
		Usr 0 00:00:00, Sys 0 00:00:00  -  Run Local Usage
	0  -  Run Bytes Sent By Job
	0  -  Run Bytes Received By Job
	Partitionable Resources :         Usage  Request Allocated 
	   Cpus                 :          4.95        8         8 
	   Disk (KB)            :          1     1024000   1025682 
	   Memory (MB)          :        440       16384     16384 
	   TimeExecute (s)      : 1770720160                       
	   TimeSlotBusy (s)     : 1770720161                       
...
009 (15756407.502.000) 2026-02-10 11:42:41 Job was aborted.
	via condor_rm (by user tuccia)
...
000 (15949294.335.000) 2026-02-10 11:45:21 Job submitted from host: <141.34.103.35:9618?addrs=141.34.103.35-9618+[2001-638-700-f067--1-23]-9618&alias=wgs39.zeuthen.desy.de&noUDP&sock=schedd_7302_24a3>
...
009 (15949294.335.000) 2026-02-10 11:45:46 Job was aborted.
	via condor_rm (by user tuccia)
...
000 (15949295.335.000) 2026-02-10 11:46:04 Job submitted from host: <141.34.103.35:9618?addrs=141.34.103.35-9618+[2001-638-700-f067--1-23]-9618&alias=wgs39.zeuthen.desy.de&noUDP&sock=schedd_7302_24a3>
...
001 (15949295.335.000) 2026-02-10 11:48:13 Job executing on host: <141.34.15.198:9618?addrs=141.34.15.198-9618+[2001-638-700-f00f--1-c6]-9618&alias=pizza00.zeuthen.desy.de&noUDP&sock=startd_8231_5c1f>
	SlotName: slot1_7@pizza00.zeuthen.desy.de
	CondorScratchDir = "/batch/dir_2314453"
	Cpus = 8
	Disk = 1025696
	GPUs = 0
	Memory = 16384
...
006 (15949295.335.000) 2026-02-10 11:48:27 Image size of job updated: 91460
	90  -  MemoryUsage of job (MB)
	91460  -  ResidentSetSize of job (KB)
...
006 (15949295.335.000) 2026-02-10 11:53:27 Image size of job updated: 496772
	282  -  MemoryUsage of job (MB)
	288200  -  ResidentSetSize of job (KB)
...
006 (15949295.335.000) 2026-02-10 12:03:28 Image size of job updated: 496772
	293  -  MemoryUsage of job (MB)
	299716  -  ResidentSetSize of job (KB)
...
006 (15949295.335.000) 2026-02-10 12:08:28 Image size of job updated: 496772
	294  -  MemoryUsage of job (MB)
	300716  -  ResidentSetSize of job (KB)
...
006 (15949295.335.000) 2026-02-10 12:13:28 Image size of job updated: 496772
	297  -  MemoryUsage of job (MB)
	303248  -  ResidentSetSize of job (KB)
...
006 (15949295.335.000) 2026-02-10 12:18:29 Image size of job updated: 496772
	299  -  MemoryUsage of job (MB)
	306124  -  ResidentSetSize of job (KB)
...
006 (15949295.335.000) 2026-02-10 12:23:30 Image size of job updated: 496772
	307  -  MemoryUsage of job (MB)
	313372  -  ResidentSetSize of job (KB)
...
006 (15949295.335.000) 2026-02-10 12:28:30 Image size of job updated: 496772
	307  -  MemoryUsage of job (MB)
	314272  -  ResidentSetSize of job (KB)
...
006 (15949295.335.000) 2026-02-10 12:33:31 Image size of job updated: 496772
	312  -  MemoryUsage of job (MB)
	318560  -  ResidentSetSize of job (KB)
...
006 (15949295.335.000) 2026-02-10 12:38:32 Image size of job updated: 496772
	331  -  MemoryUsage of job (MB)
	338696  -  ResidentSetSize of job (KB)
...
006 (15949295.335.000) 2026-02-10 12:48:33 Image size of job updated: 496772
	335  -  MemoryUsage of job (MB)
	342936  -  ResidentSetSize of job (KB)
...
006 (15949295.335.000) 2026-02-10 12:53:34 Image size of job updated: 496772
	336  -  MemoryUsage of job (MB)
	343768  -  ResidentSetSize of job (KB)
...
006 (15949295.335.000) 2026-02-10 12:58:34 Image size of job updated: 496772
	339  -  MemoryUsage of job (MB)
	346624  -  ResidentSetSize of job (KB)
...
006 (15949295.335.000) 2026-02-10 13:03:35 Image size of job updated: 496772
	372  -  MemoryUsage of job (MB)
	380012  -  ResidentSetSize of job (KB)
...
006 (15949295.335.000) 2026-02-10 13:08:36 Image size of job updated: 496772
	377  -  MemoryUsage of job (MB)
	385588  -  ResidentSetSize of job (KB)
...
006 (15949295.335.000) 2026-02-10 13:13:36 Image size of job updated: 496772
	378  -  MemoryUsage of job (MB)
	386096  -  ResidentSetSize of job (KB)
...
006 (15949295.335.000) 2026-02-10 13:23:38 Image size of job updated: 496772
	378  -  MemoryUsage of job (MB)
	386476  -  ResidentSetSize of job (KB)
...
006 (15949295.335.000) 2026-02-10 13:28:38 Image size of job updated: 496772
	378  -  MemoryUsage of job (MB)
	386616  -  ResidentSetSize of job (KB)
...
006 (15949295.335.000) 2026-02-10 13:43:40 Image size of job updated: 496772
	380  -  MemoryUsage of job (MB)
	388460  -  ResidentSetSize of job (KB)
...
006 (15949295.335.000) 2026-02-10 13:48:41 Image size of job updated: 496772
	380  -  MemoryUsage of job (MB)
	388932  -  ResidentSetSize of job (KB)
...
006 (15949295.335.000) 2026-02-10 13:53:42 Image size of job updated: 496772
	384  -  MemoryUsage of job (MB)
	392444  -  ResidentSetSize of job (KB)
...
006 (15949295.335.000) 2026-02-10 13:58:42 Image size of job updated: 496772
	392  -  MemoryUsage of job (MB)
	401016  -  ResidentSetSize of job (KB)
...
006 (15949295.335.000) 2026-02-10 14:03:43 Image size of job updated: 496772
	393  -  MemoryUsage of job (MB)
	401516  -  ResidentSetSize of job (KB)
...
006 (15949295.335.000) 2026-02-10 14:23:46 Image size of job updated: 496772
	393  -  MemoryUsage of job (MB)
	401684  -  ResidentSetSize of job (KB)
...
006 (15949295.335.000) 2026-02-10 15:13:51 Image size of job updated: 496772
	395  -  MemoryUsage of job (MB)
	404392  -  ResidentSetSize of job (KB)
...
006 (15949295.335.000) 2026-02-10 15:18:52 Image size of job updated: 496772
	396  -  MemoryUsage of job (MB)
	405020  -  ResidentSetSize of job (KB)
...
006 (15949295.335.000) 2026-02-10 15:23:52 Image size of job updated: 496772
	401  -  MemoryUsage of job (MB)
	409744  -  ResidentSetSize of job (KB)
...
006 (15949295.335.000) 2026-02-10 15:28:52 Image size of job updated: 496772
	401  -  MemoryUsage of job (MB)
	410188  -  ResidentSetSize of job (KB)
...
006 (15949295.335.000) 2026-02-10 15:33:53 Image size of job updated: 496772
	403  -  MemoryUsage of job (MB)
	412308  -  ResidentSetSize of job (KB)
...
006 (15949295.335.000) 2026-02-10 15:38:53 Image size of job updated: 496772
	403  -  MemoryUsage of job (MB)
	412324  -  ResidentSetSize of job (KB)
...
006 (15949295.335.000) 2026-02-10 15:53:54 Image size of job updated: 496772
	403  -  MemoryUsage of job (MB)
	412580  -  ResidentSetSize of job (KB)
...
006 (15949295.335.000) 2026-02-10 15:58:54 Image size of job updated: 496772
	408  -  MemoryUsage of job (MB)
	416872  -  ResidentSetSize of job (KB)
...
006 (15949295.335.000) 2026-02-10 16:03:55 Image size of job updated: 496772
	408  -  MemoryUsage of job (MB)
	417244  -  ResidentSetSize of job (KB)
...
006 (15949295.335.000) 2026-02-10 17:29:01 Image size of job updated: 496772
	408  -  MemoryUsage of job (MB)
	417252  -  ResidentSetSize of job (KB)
...
006 (15949295.335.000) 2026-02-10 17:54:04 Image size of job updated: 496772
	411  -  MemoryUsage of job (MB)
	420552  -  ResidentSetSize of job (KB)
...
006 (15949295.335.000) 2026-02-10 17:59:05 Image size of job updated: 496772
	411  -  MemoryUsage of job (MB)
	420616  -  ResidentSetSize of job (KB)
...
006 (15949295.335.000) 2026-02-10 18:04:06 Image size of job updated: 496772
	411  -  MemoryUsage of job (MB)
	420628  -  ResidentSetSize of job (KB)
...
006 (15949295.335.000) 2026-02-10 18:09:06 Image size of job updated: 496772
	412  -  MemoryUsage of job (MB)
	420880  -  ResidentSetSize of job (KB)
...
006 (15949295.335.000) 2026-02-10 18:54:12 Image size of job updated: 496772
	412  -  MemoryUsage of job (MB)
	420896  -  ResidentSetSize of job (KB)
...
006 (15949295.335.000) 2026-02-10 18:59:13 Image size of job updated: 496772
	412  -  MemoryUsage of job (MB)
	421136  -  ResidentSetSize of job (KB)
...
006 (15949295.335.000) 2026-02-10 19:09:13 Image size of job updated: 496772
	412  -  MemoryUsage of job (MB)
	421140  -  ResidentSetSize of job (KB)
...
006 (15949295.335.000) 2026-02-10 20:14:18 Image size of job updated: 496772
	425  -  MemoryUsage of job (MB)
	435072  -  ResidentSetSize of job (KB)
...
006 (15949295.335.000) 2026-02-10 20:24:18 Image size of job updated: 496772
	426  -  MemoryUsage of job (MB)
	435952  -  ResidentSetSize of job (KB)
...
006 (15949295.335.000) 2026-02-10 20:29:19 Image size of job updated: 496772
	426  -  MemoryUsage of job (MB)
	435988  -  ResidentSetSize of job (KB)
...
006 (15949295.335.000) 2026-02-10 20:44:21 Image size of job updated: 496772
	426  -  MemoryUsage of job (MB)
	436208  -  ResidentSetSize of job (KB)
...
006 (15949295.335.000) 2026-02-10 20:49:21 Image size of job updated: 496772
	427  -  MemoryUsage of job (MB)
	436316  -  ResidentSetSize of job (KB)
...
006 (15949295.335.000) 2026-02-10 21:04:23 Image size of job updated: 496772
	427  -  MemoryUsage of job (MB)
	437224  -  ResidentSetSize of job (KB)
...
006 (15949295.335.000) 2026-02-10 21:19:24 Image size of job updated: 496772
	428  -  MemoryUsage of job (MB)
	437808  -  ResidentSetSize of job (KB)
...
006 (15949295.335.000) 2026-02-10 21:24:25 Image size of job updated: 496772
	428  -  MemoryUsage of job (MB)
	437840  -  ResidentSetSize of job (KB)
...
006 (15949295.335.000) 2026-02-10 21:29:25 Image size of job updated: 496772
	428  -  MemoryUsage of job (MB)
	437844  -  ResidentSetSize of job (KB)
...
006 (15949295.335.000) 2026-02-10 21:34:25 Image size of job updated: 496772
	428  -  MemoryUsage of job (MB)
	437960  -  ResidentSetSize of job (KB)
...
006 (15949295.335.000) 2026-02-10 22:14:30 Image size of job updated: 496772
	428  -  MemoryUsage of job (MB)
	437992  -  ResidentSetSize of job (KB)
...
006 (15949295.335.000) 2026-02-10 22:19:31 Image size of job updated: 496772
	428  -  MemoryUsage of job (MB)
	438008  -  ResidentSetSize of job (KB)
...
006 (15949295.335.000) 2026-02-11 00:14:42 Image size of job updated: 496772
	428  -  MemoryUsage of job (MB)
	438208  -  ResidentSetSize of job (KB)
...
006 (15949295.335.000) 2026-02-11 00:54:45 Image size of job updated: 496772
	428  -  MemoryUsage of job (MB)
	438224  -  ResidentSetSize of job (KB)
...
006 (15949295.335.000) 2026-02-11 00:59:46 Image size of job updated: 496772
	429  -  MemoryUsage of job (MB)
	438288  -  ResidentSetSize of job (KB)
...
006 (15949295.335.000) 2026-02-11 01:14:48 Image size of job updated: 496772
	429  -  MemoryUsage of job (MB)
	438304  -  ResidentSetSize of job (KB)
...
006 (15949295.335.000) 2026-02-11 02:44:57 Image size of job updated: 496772
	429  -  MemoryUsage of job (MB)
	438348  -  ResidentSetSize of job (KB)
...
006 (15949295.335.000) 2026-02-11 03:25:01 Image size of job updated: 496772
	429  -  MemoryUsage of job (MB)
	438356  -  ResidentSetSize of job (KB)
...
006 (15949295.335.000) 2026-02-11 12:20:56 Image size of job updated: 496772
	429  -  MemoryUsage of job (MB)
	438376  -  ResidentSetSize of job (KB)
...
006 (15949295.335.000) 2026-02-11 12:25:56 Image size of job updated: 496772
	429  -  MemoryUsage of job (MB)
	438460  -  ResidentSetSize of job (KB)
...
006 (15949295.335.000) 2026-02-11 12:35:57 Image size of job updated: 496772
	429  -  MemoryUsage of job (MB)
	438532  -  ResidentSetSize of job (KB)
...
006 (15949295.335.000) 2026-02-11 12:45:58 Image size of job updated: 496772
	429  -  MemoryUsage of job (MB)
	438588  -  ResidentSetSize of job (KB)
...
006 (15949295.335.000) 2026-02-11 12:55:58 Image size of job updated: 496772
	430  -  MemoryUsage of job (MB)
	439564  -  ResidentSetSize of job (KB)
...
006 (15949295.335.000) 2026-02-11 13:26:01 Image size of job updated: 496772
	430  -  MemoryUsage of job (MB)
	439580  -  ResidentSetSize of job (KB)
...
006 (15949295.335.000) 2026-02-11 13:41:04 Image size of job updated: 496772
	430  -  MemoryUsage of job (MB)
	439644  -  ResidentSetSize of job (KB)
...
006 (15949295.335.000) 2026-02-11 13:51:04 Image size of job updated: 496772
	430  -  MemoryUsage of job (MB)
	439652  -  ResidentSetSize of job (KB)
...
006 (15949295.335.000) 2026-02-11 13:56:05 Image size of job updated: 496772
	430  -  MemoryUsage of job (MB)
	439680  -  ResidentSetSize of job (KB)
...
006 (15949295.335.000) 2026-02-11 14:31:08 Image size of job updated: 496772
	430  -  MemoryUsage of job (MB)
	439688  -  ResidentSetSize of job (KB)
...
006 (15949295.335.000) 2026-02-11 15:16:13 Image size of job updated: 496772
	430  -  MemoryUsage of job (MB)
	439756  -  ResidentSetSize of job (KB)
...
006 (15949295.335.000) 2026-02-11 15:36:15 Image size of job updated: 496772
	430  -  MemoryUsage of job (MB)
	439772  -  ResidentSetSize of job (KB)
...
006 (15949295.335.000) 2026-02-11 16:21:19 Image size of job updated: 496772
	430  -  MemoryUsage of job (MB)
	439788  -  ResidentSetSize of job (KB)
...
006 (15949295.335.000) 2026-02-11 16:36:21 Image size of job updated: 496772
	430  -  MemoryUsage of job (MB)
	439836  -  ResidentSetSize of job (KB)
...
006 (15949295.335.000) 2026-02-11 16:41:21 Image size of job updated: 496772
	430  -  MemoryUsage of job (MB)
	439840  -  ResidentSetSize of job (KB)
...
006 (15949295.335.000) 2026-02-11 16:51:22 Image size of job updated: 496772
	430  -  MemoryUsage of job (MB)
	439848  -  ResidentSetSize of job (KB)
...
006 (15949295.335.000) 2026-02-11 22:37:01 Image size of job updated: 496772
	430  -  MemoryUsage of job (MB)
	439868  -  ResidentSetSize of job (KB)
...
