000 (15756404.567.000) 2026-02-06 11:24:35 Job submitted from host: <141.34.103.35:9618?addrs=141.34.103.35-9618+[2001-638-700-f067--1-23]-9618&alias=wgs39.zeuthen.desy.de&noUDP&sock=schedd_7414_f73f>
...
001 (15756404.567.000) 2026-02-07 01:18:39 Job executing on host: <141.34.103.51:9618?addrs=141.34.103.51-9618+[2001-638-700-f067--1-33]-9618&alias=wgs41.zeuthen.desy.de&noUDP&sock=startd_7782_6219>
	SlotName: slot1_13@wgs41.zeuthen.desy.de
	CondorScratchDir = "/batch/dir_1674115"
	Cpus = 8
	Disk = 1025025
	GPUs = 0
	Memory = 16384
...
006 (15756404.567.000) 2026-02-07 01:18:53 Image size of job updated: 91436
	90  -  MemoryUsage of job (MB)
	91436  -  ResidentSetSize of job (KB)
...
006 (15756404.567.000) 2026-02-07 01:23:54 Image size of job updated: 214216
	210  -  MemoryUsage of job (MB)
	214216  -  ResidentSetSize of job (KB)
...
006 (15756404.567.000) 2026-02-07 01:28:54 Image size of job updated: 214648
	210  -  MemoryUsage of job (MB)
	214216  -  ResidentSetSize of job (KB)
...
005 (15756404.567.000) 2026-02-07 01:58:20 Job terminated.
	(1) Normal termination (return value 0)
		Usr 0 02:20:24, Sys 0 01:01:55  -  Run Remote Usage
		Usr 0 00:00:00, Sys 0 00:00:00  -  Run Local Usage
		Usr 0 02:20:24, Sys 0 01:01:55  -  Total Remote Usage
		Usr 0 00:00:00, Sys 0 00:00:00  -  Total Local Usage
	0  -  Run Bytes Sent By Job
	0  -  Run Bytes Received By Job
	0  -  Total Bytes Sent By Job
	0  -  Total Bytes Received By Job
	Partitionable Resources :    Usage  Request Allocated 
	   Cpus                 :     5.59        8         8 
	   Disk (KB)            :     1     1024000   1025025 
	   GPUs                 :                           0 
	   Memory (MB)          :   210       16384     16384 
	   TimeExecute (s)      :  2381                       
	   TimeSlotBusy (s)     :  2381                       

	Job terminated of its own accord at 2026-02-07T00:58:20Z with exit-code 0.
...
