000 (15756404.327.000) 2026-02-06 11:24:34 Job submitted from host: <141.34.103.35:9618?addrs=141.34.103.35-9618+[2001-638-700-f067--1-23]-9618&alias=wgs39.zeuthen.desy.de&noUDP&sock=schedd_7414_f73f>
...
001 (15756404.327.000) 2026-02-06 11:37:03 Job executing on host: <141.34.15.51:9618?addrs=141.34.15.51-9618+[2001-638-700-f00f--1-33]-9618&alias=pizza22.zeuthen.desy.de&noUDP&sock=startd_8302_0f58>
	SlotName: slot1_32@pizza22.zeuthen.desy.de
	CondorScratchDir = "/batch/dir_3263734"
	Cpus = 8
	Disk = 1025696
	GPUs = 0
	Memory = 16384
...
006 (15756404.327.000) 2026-02-06 11:37:17 Image size of job updated: 91548
	90  -  MemoryUsage of job (MB)
	91548  -  ResidentSetSize of job (KB)
...
006 (15756404.327.000) 2026-02-06 11:42:18 Image size of job updated: 515288
	210  -  MemoryUsage of job (MB)
	214388  -  ResidentSetSize of job (KB)
...
005 (15756404.327.000) 2026-02-06 12:18:12 Job terminated.
	(1) Normal termination (return value 0)
		Usr 0 02:18:17, Sys 0 01:22:33  -  Run Remote Usage
		Usr 0 00:00:00, Sys 0 00:00:00  -  Run Local Usage
		Usr 0 02:18:17, Sys 0 01:22:33  -  Total Remote Usage
		Usr 0 00:00:00, Sys 0 00:00:00  -  Total Local Usage
	0  -  Run Bytes Sent By Job
	0  -  Run Bytes Received By Job
	0  -  Total Bytes Sent By Job
	0  -  Total Bytes Received By Job
	Partitionable Resources :    Usage  Request Allocated 
	   Cpus                 :     5.75        8         8 
	   Disk (KB)            :     1     1024000   1025696 
	   GPUs                 :                           0 
	   Memory (MB)          :   210       16384     16384 
	   TimeExecute (s)      :  2469                       
	   TimeSlotBusy (s)     :  2469                       

	Job terminated of its own accord at 2026-02-06T11:18:12Z with exit-code 0.
...
