000 (15756408.392.000) 2026-02-06 11:26:57 Job submitted from host: <141.34.103.35:9618?addrs=141.34.103.35-9618+[2001-638-700-f067--1-23]-9618&alias=wgs39.zeuthen.desy.de&noUDP&sock=schedd_7414_f73f>
...
001 (15756408.392.000) 2026-02-10 11:44:02 Job executing on host: <141.34.14.33:9618?addrs=141.34.14.33-9618+[2001-638-700-f00e--1-21]-9618&alias=ampere02.zeuthen.desy.de&noUDP&sock=startd_9421_99d2>
	SlotName: slot1_8@ampere02.zeuthen.desy.de
	AvailableGPUs = {  }
	CondorScratchDir = "/batch/dir_3900838"
	Cpus = 8
	Disk = 1025682
	GPUs = 0
	Memory = 16384
...
006 (15756408.392.000) 2026-02-10 11:44:16 Image size of job updated: 91500
	90  -  MemoryUsage of job (MB)
	91500  -  ResidentSetSize of job (KB)
...
006 (15756408.392.000) 2026-02-10 11:47:34 Image size of job updated: 929940
	90  -  MemoryUsage of job (MB)
	91500  -  ResidentSetSize of job (KB)
...
004 (15756408.392.000) 2026-02-10 11:47:34 Job was evicted.
	(0) CPU times
		Usr 0 00:11:33, Sys 0 00:00:03  -  Run Remote Usage
		Usr 0 00:00:00, Sys 0 00:00:00  -  Run Local Usage
	0  -  Run Bytes Sent By Job
	0  -  Run Bytes Received By Job
	Partitionable Resources :    Usage  Request Allocated 
	   Cpus                 :     5.75        8         8 
	   Disk (KB)            :     1     1024000   1025682 
	   GPUs                 :                           0 
	   Memory (MB)          :    90       16384     16384 
	   TimeExecute (s)      :   211                       
	   TimeSlotBusy (s)     :   212                       
...
009 (15756408.392.000) 2026-02-10 11:47:34 Job was aborted.
	via condor_rm (by user tuccia)
...
