~~~~~~~~~~~~~~~~~~~~~~~~~~~~~~

n_qubits: 60, 
r: 33, 
alpha: 0.01, 
shots: 10000, 
ansatz: linear_cnot, 
layer: 1, 
tau: 0.3

time for simulated annealing:  55.75056552886963
Rank 1: Bitstring=010000010011110000110010111110010101001010100110011000010100, Decimal=293793009842677268, Energy=-55.3903
Rank 2: Bitstring=010000010011110000110010111110010101001001100110011000011100, Decimal=293793009842415132, Energy=-55.1273
Rank 3: Bitstring=010000010011110000110010011110010101001010100110001000010100, Decimal=293792975482937876, Energy=-55.0389
Rank 4: Bitstring=010000010011010000111010010100010101001010100110001000010100, Decimal=293652777012978196, Energy=-54.9537
Rank 5: Bitstring=010000010011110000111010110110010101001010100110011000010100, Decimal=293793551008556564, Energy=-54.8621
Rank 6: Bitstring=010000010111110100110010111010010100001010100110011001010000, Decimal=294936497623819856, Energy=-54.8483
Rank 7: Bitstring=010000010011110000110010011110010101001001100110001000011100, Decimal=293792975482675740, Energy=-54.7759
Rank 8: Bitstring=010000010011010000111010010100010101001001100110001000011100, Decimal=293652777012716060, Energy=-54.6907
Rank 9: Bitstring=010000010011110000111010110110010101001001100110011000011100, Decimal=293793551008294428, Energy=-54.5991
Rank 10: Bitstring=010000010011110000111010010110010101001010100110001000010100, Decimal=293793516648817172, Energy=-54.5107

E_min from simulated annealing:  -55.3903
Minimum energy: -55.3903
States with energy within 1e-08 of minimum: [293793009842677268]
4


################## Start optimization with initial parameters: [0. 0. 0. 0. 0. 0. 0. 0. 0. 0. 0. 0. 0. 0. 0. 0. 0. 0. 0. 0. 0. 0. 0. 0.
 0. 0. 0. 0. 0. 0. 0. 0. 0. 0. 0. 0. 0. 0. 0. 0. 0. 0. 0. 0. 0. 0. 0. 0.
 0. 0. 0. 0. 0. 0. 0. 0. 0. 0. 0. 0. 0. 0. 0. 0. 0. 0. 0. 0. 0. 0. 0. 0.
 0. 0. 0. 0. 0. 0. 0. 0. 0. 0. 0. 0. 0. 0. 0. 0. 0. 0. 0. 0. 0. 0. 0. 0.
 0. 0. 0. 0. 0. 0. 0. 0. 0. 0. 0. 0. 0. 0. 0. 0. 0. 0. 0. 0. 0. 0. 0. 0.
 0. 0. 0. 0. 0. 0. 0. 0. 0. 0. 0. 0. 0. 0. 0. 0. 0. 0. 0. 0. 0. 0. 0. 0.
 0. 0. 0. 0. 0. 0. 0. 0. 0. 0. 0. 0. 0. 0. 0. 0. 0. 0. 0. 0. 0. 0. 0. 0.
 0. 0. 0. 0. 0. 0. 0. 0. 0. 0. 0. 0. 0. 0. 0. 0. 0. 0. 0. 0. 0. 0. 0. 0.
 0. 0. 0. 0. 0. 0. 0. 0. 0. 0. 0. 0. 0. 0. 0. 0. 0. 0. 0. 0. 0. 0. 0. 0.
 0. 0. 0. 0. 0. 0. 0. 0. 0. 0. 0. 0. 0. 0. 0. 0. 0. 0. 0. 0. 0. 0. 0. 0.]
Write sucessfully to ./data/data_shots_10000_layer_1/alpha_0.01/N_60/r_33/ansatz_type_linear_cnot/initialization_zeros

vqe.cvar_eval[0]: -19.107218000000017 , min_cvar: -33.29049000000002 , opt_cvar: -33.29049000000002

vqe.poss_eval[-1]: 0 vqe.poss_eval[0] 0  , max_poss: 0 , opt_poss: 0

vqe.r_eval[-1]: 0.5897363617817564 vqe.r_eval[0]: 0.3449560302074554 max_r: 0.6010166039902296 , min_r: 0.32807773202167184
