~~~~~~~~~~~~~~~~~~~~~~~~~~~~~~

n_qubits: 60, 
r: 89, 
alpha: 0.01, 
shots: 10000, 
ansatz: linear_cnot, 
layer: 1, 
tau: 0.3

time for simulated annealing:  68.93696165084839
Rank 1: Bitstring=111111010111100111100101010010110010111011000101010101101010, Decimal=1141555117177984362, Energy=-52.0911
Rank 2: Bitstring=111111010111100111100101010010110010111011000111010001101010, Decimal=1141555117177992298, Energy=-52.0909
Rank 3: Bitstring=111111010111100111100101110010110110111011000111010001101010, Decimal=1141555151604839530, Energy=-51.6547
Rank 4: Bitstring=111111100111100111100101100010110110011011000111010001101010, Decimal=1146058734043952234, Energy=-51.5099
Rank 5: Bitstring=111111010111100111100101010011111010111011000101010101001010, Decimal=1141555118385943882, Energy=-51.4669
Rank 6: Bitstring=111111010111100111100101010011111010111011000111010001001010, Decimal=1141555118385951818, Energy=-51.4667
Rank 7: Bitstring=111111100111100111100101000010110010011011000101010101101010, Decimal=1146058699617097066, Energy=-51.3559
Rank 8: Bitstring=111111100111100111100101000010110010011011000111010001101010, Decimal=1146058699617105002, Energy=-51.3557
Rank 9: Bitstring=111111100111100111100100100010110110011011000011010001101100, Decimal=1146058665324459116, Energy=-51.3097
Rank 10: Bitstring=111111100111100111100100000010110010011011000001010101101100, Decimal=1146058630897603948, Energy=-51.1557

E_min from simulated annealing:  -52.0911
Minimum energy: -52.0911
States with energy within 1e-08 of minimum: [1141555117177984362]
4


################## Start optimization with initial parameters: [0. 0. 0. 0. 0. 0. 0. 0. 0. 0. 0. 0. 0. 0. 0. 0. 0. 0. 0. 0. 0. 0. 0. 0.
 0. 0. 0. 0. 0. 0. 0. 0. 0. 0. 0. 0. 0. 0. 0. 0. 0. 0. 0. 0. 0. 0. 0. 0.
 0. 0. 0. 0. 0. 0. 0. 0. 0. 0. 0. 0. 0. 0. 0. 0. 0. 0. 0. 0. 0. 0. 0. 0.
 0. 0. 0. 0. 0. 0. 0. 0. 0. 0. 0. 0. 0. 0. 0. 0. 0. 0. 0. 0. 0. 0. 0. 0.
 0. 0. 0. 0. 0. 0. 0. 0. 0. 0. 0. 0. 0. 0. 0. 0. 0. 0. 0. 0. 0. 0. 0. 0.
 0. 0. 0. 0. 0. 0. 0. 0. 0. 0. 0. 0. 0. 0. 0. 0. 0. 0. 0. 0. 0. 0. 0. 0.
 0. 0. 0. 0. 0. 0. 0. 0. 0. 0. 0. 0. 0. 0. 0. 0. 0. 0. 0. 0. 0. 0. 0. 0.
 0. 0. 0. 0. 0. 0. 0. 0. 0. 0. 0. 0. 0. 0. 0. 0. 0. 0. 0. 0. 0. 0. 0. 0.
 0. 0. 0. 0. 0. 0. 0. 0. 0. 0. 0. 0. 0. 0. 0. 0. 0. 0. 0. 0. 0. 0. 0. 0.
 0. 0. 0. 0. 0. 0. 0. 0. 0. 0. 0. 0. 0. 0. 0. 0. 0. 0. 0. 0. 0. 0. 0. 0.]
Write sucessfully to ./data/data_shots_10000_layer_1/alpha_0.01/N_60/r_89/ansatz_type_linear_cnot/initialization_zeros

vqe.cvar_eval[0]: -18.625806000000008 , min_cvar: -31.878704000000003 , opt_cvar: -31.878704000000003

vqe.poss_eval[-1]: 0 vqe.poss_eval[0] 0  , max_poss: 0 , opt_poss: 0

vqe.r_eval[-1]: 0.590332206461373 vqe.r_eval[0]: 0.35756215553136733 max_r: 0.6119798583635209 , min_r: 0.33265747891674413
