000 (15756407.510.000) 2026-02-06 11:26:11 Job submitted from host: <141.34.103.35:9618?addrs=141.34.103.35-9618+[2001-638-700-f067--1-23]-9618&alias=wgs39.zeuthen.desy.de&noUDP&sock=schedd_7414_f73f>
...
012 (15756407.510.000) 2026-02-09 21:27:31 Job was held.
	More than 10 job start attempts, job likely broken
	Code 26 Subcode 0
...
009 (15756407.510.000) 2026-02-10 11:42:37 Job was aborted.
	via condor_rm (by user tuccia)
...
000 (15949294.340.000) 2026-02-10 11:45:21 Job submitted from host: <141.34.103.35:9618?addrs=141.34.103.35-9618+[2001-638-700-f067--1-23]-9618&alias=wgs39.zeuthen.desy.de&noUDP&sock=schedd_7302_24a3>
...
009 (15949294.340.000) 2026-02-10 11:45:46 Job was aborted.
	via condor_rm (by user tuccia)
...
000 (15949295.340.000) 2026-02-10 11:46:04 Job submitted from host: <141.34.103.35:9618?addrs=141.34.103.35-9618+[2001-638-700-f067--1-23]-9618&alias=wgs39.zeuthen.desy.de&noUDP&sock=schedd_7302_24a3>
...
001 (15949295.340.000) 2026-02-10 11:48:14 Job executing on host: <141.34.15.46:9618?addrs=141.34.15.46-9618+[2001-638-700-f00f--1-2e]-9618&alias=pizza17.zeuthen.desy.de&noUDP&sock=startd_8231_5c1f>
	SlotName: slot1_10@pizza17.zeuthen.desy.de
	CondorScratchDir = "/batch/dir_2931071"
	Cpus = 8
	Disk = 1025696
	GPUs = 0
	Memory = 16384
...
006 (15949295.340.000) 2026-02-10 11:48:27 Image size of job updated: 91500
	90  -  MemoryUsage of job (MB)
	91500  -  ResidentSetSize of job (KB)
...
006 (15949295.340.000) 2026-02-10 11:53:27 Image size of job updated: 515220
	257  -  MemoryUsage of job (MB)
	262924  -  ResidentSetSize of job (KB)
...
006 (15949295.340.000) 2026-02-10 11:58:27 Image size of job updated: 515220
	328  -  MemoryUsage of job (MB)
	335040  -  ResidentSetSize of job (KB)
...
006 (15949295.340.000) 2026-02-10 12:08:28 Image size of job updated: 515220
	344  -  MemoryUsage of job (MB)
	351840  -  ResidentSetSize of job (KB)
...
006 (15949295.340.000) 2026-02-10 12:33:30 Image size of job updated: 515220
	349  -  MemoryUsage of job (MB)
	356584  -  ResidentSetSize of job (KB)
...
006 (15949295.340.000) 2026-02-10 12:38:31 Image size of job updated: 515220
	350  -  MemoryUsage of job (MB)
	357896  -  ResidentSetSize of job (KB)
...
006 (15949295.340.000) 2026-02-10 12:43:31 Image size of job updated: 515220
	350  -  MemoryUsage of job (MB)
	357928  -  ResidentSetSize of job (KB)
...
006 (15949295.340.000) 2026-02-10 12:48:32 Image size of job updated: 515220
	353  -  MemoryUsage of job (MB)
	361436  -  ResidentSetSize of job (KB)
...
006 (15949295.340.000) 2026-02-10 12:53:33 Image size of job updated: 515220
	354  -  MemoryUsage of job (MB)
	361632  -  ResidentSetSize of job (KB)
...
006 (15949295.340.000) 2026-02-10 12:58:33 Image size of job updated: 515220
	359  -  MemoryUsage of job (MB)
	367464  -  ResidentSetSize of job (KB)
...
006 (15949295.340.000) 2026-02-10 13:18:36 Image size of job updated: 515220
	365  -  MemoryUsage of job (MB)
	373192  -  ResidentSetSize of job (KB)
...
006 (15949295.340.000) 2026-02-10 13:28:37 Image size of job updated: 515220
	368  -  MemoryUsage of job (MB)
	376132  -  ResidentSetSize of job (KB)
...
006 (15949295.340.000) 2026-02-10 13:33:38 Image size of job updated: 515220
	390  -  MemoryUsage of job (MB)
	398544  -  ResidentSetSize of job (KB)
...
006 (15949295.340.000) 2026-02-10 13:38:39 Image size of job updated: 515220
	390  -  MemoryUsage of job (MB)
	398656  -  ResidentSetSize of job (KB)
...
006 (15949295.340.000) 2026-02-10 14:03:40 Image size of job updated: 515220
	390  -  MemoryUsage of job (MB)
	398968  -  ResidentSetSize of job (KB)
...
006 (15949295.340.000) 2026-02-10 14:33:42 Image size of job updated: 515220
	391  -  MemoryUsage of job (MB)
	399392  -  ResidentSetSize of job (KB)
...
006 (15949295.340.000) 2026-02-10 14:43:43 Image size of job updated: 515220
	391  -  MemoryUsage of job (MB)
	399448  -  ResidentSetSize of job (KB)
...
006 (15949295.340.000) 2026-02-10 16:33:54 Image size of job updated: 515220
	391  -  MemoryUsage of job (MB)
	399492  -  ResidentSetSize of job (KB)
...
006 (15949295.340.000) 2026-02-10 16:38:54 Image size of job updated: 515220
	391  -  MemoryUsage of job (MB)
	399580  -  ResidentSetSize of job (KB)
...
006 (15949295.340.000) 2026-02-10 16:48:56 Image size of job updated: 515220
	391  -  MemoryUsage of job (MB)
	399712  -  ResidentSetSize of job (KB)
...
006 (15949295.340.000) 2026-02-10 16:53:56 Image size of job updated: 515220
	391  -  MemoryUsage of job (MB)
	399812  -  ResidentSetSize of job (KB)
...
006 (15949295.340.000) 2026-02-10 17:03:58 Image size of job updated: 515220
	391  -  MemoryUsage of job (MB)
	400184  -  ResidentSetSize of job (KB)
...
006 (15949295.340.000) 2026-02-10 17:13:59 Image size of job updated: 515220
	391  -  MemoryUsage of job (MB)
	400348  -  ResidentSetSize of job (KB)
...
006 (15949295.340.000) 2026-02-10 20:29:20 Image size of job updated: 515220
	392  -  MemoryUsage of job (MB)
	401364  -  ResidentSetSize of job (KB)
...
006 (15949295.340.000) 2026-02-10 20:34:21 Image size of job updated: 515220
	392  -  MemoryUsage of job (MB)
	401372  -  ResidentSetSize of job (KB)
...
006 (15949295.340.000) 2026-02-10 20:44:22 Image size of job updated: 515220
	392  -  MemoryUsage of job (MB)
	401396  -  ResidentSetSize of job (KB)
...
006 (15949295.340.000) 2026-02-10 20:49:22 Image size of job updated: 515220
	393  -  MemoryUsage of job (MB)
	401432  -  ResidentSetSize of job (KB)
...
006 (15949295.340.000) 2026-02-11 01:14:48 Image size of job updated: 515220
	393  -  MemoryUsage of job (MB)
	401632  -  ResidentSetSize of job (KB)
...
006 (15949295.340.000) 2026-02-11 01:24:49 Image size of job updated: 515220
	393  -  MemoryUsage of job (MB)
	401944  -  ResidentSetSize of job (KB)
...
006 (15949295.340.000) 2026-02-11 01:44:50 Image size of job updated: 515220
	393  -  MemoryUsage of job (MB)
	402044  -  ResidentSetSize of job (KB)
...
006 (15949295.340.000) 2026-02-11 02:04:52 Image size of job updated: 515220
	393  -  MemoryUsage of job (MB)
	402280  -  ResidentSetSize of job (KB)
...
006 (15949295.340.000) 2026-02-11 05:30:15 Image size of job updated: 515220
	394  -  MemoryUsage of job (MB)
	402436  -  ResidentSetSize of job (KB)
...
006 (15949295.340.000) 2026-02-11 05:50:17 Image size of job updated: 515220
	394  -  MemoryUsage of job (MB)
	402548  -  ResidentSetSize of job (KB)
...
005 (15949295.340.000) 2026-02-11 08:57:03 Job terminated.
	(1) Normal termination (return value 0)
		Usr 2 15:57:35, Sys 0 00:07:16  -  Run Remote Usage
		Usr 0 00:00:00, Sys 0 00:00:00  -  Run Local Usage
		Usr 2 15:57:35, Sys 0 00:07:16  -  Total Remote Usage
		Usr 0 00:00:00, Sys 0 00:00:00  -  Total Local Usage
	0  -  Run Bytes Sent By Job
	0  -  Run Bytes Received By Job
	0  -  Total Bytes Sent By Job
	0  -  Total Bytes Received By Job
	Partitionable Resources :    Usage  Request Allocated 
	   Cpus                 :     7.91        8         8 
	   Disk (KB)            :     1     1024000   1025696 
	   GPUs                 :                           0 
	   Memory (MB)          :   394       16384     16384 
	   TimeExecute (s)      : 76129                       
	   TimeSlotBusy (s)     : 76130                       

	Job terminated of its own accord at 2026-02-11T07:57:03Z with exit-code 0.
...
