000 (15756404.502.000) 2026-02-06 11:24:35 Job submitted from host: <141.34.103.35:9618?addrs=141.34.103.35-9618+[2001-638-700-f067--1-23]-9618&alias=wgs39.zeuthen.desy.de&noUDP&sock=schedd_7414_f73f>
...
001 (15756404.502.000) 2026-02-06 19:13:17 Job executing on host: <141.34.15.41:9618?addrs=141.34.15.41-9618+[2001-638-700-f00f--1-29]-9618&alias=pizza12.zeuthen.desy.de&noUDP&sock=startd_8275_8a49>
	SlotName: slot1_10@pizza12.zeuthen.desy.de
	CondorScratchDir = "/batch/dir_1677535"
	Cpus = 8
	Disk = 1025696
	GPUs = 0
	Memory = 16384
...
006 (15756404.502.000) 2026-02-06 19:13:31 Image size of job updated: 91472
	90  -  MemoryUsage of job (MB)
	91472  -  ResidentSetSize of job (KB)
...
006 (15756404.502.000) 2026-02-06 19:18:32 Image size of job updated: 303932
	297  -  MemoryUsage of job (MB)
	303140  -  ResidentSetSize of job (KB)
...
006 (15756404.502.000) 2026-02-06 19:23:33 Image size of job updated: 304636
	297  -  MemoryUsage of job (MB)
	303140  -  ResidentSetSize of job (KB)
...
006 (15756404.502.000) 2026-02-06 19:28:33 Image size of job updated: 304936
	298  -  MemoryUsage of job (MB)
	304440  -  ResidentSetSize of job (KB)
...
006 (15756404.502.000) 2026-02-06 19:33:34 Image size of job updated: 305364
	298  -  MemoryUsage of job (MB)
	304444  -  ResidentSetSize of job (KB)
...
006 (15756404.502.000) 2026-02-06 19:38:35 Image size of job updated: 306084
	299  -  MemoryUsage of job (MB)
	306084  -  ResidentSetSize of job (KB)
...
006 (15756404.502.000) 2026-02-06 19:43:35 Image size of job updated: 306340
	300  -  MemoryUsage of job (MB)
	306340  -  ResidentSetSize of job (KB)
...
006 (15756404.502.000) 2026-02-06 19:48:36 Image size of job updated: 306652
	300  -  MemoryUsage of job (MB)
	306652  -  ResidentSetSize of job (KB)
...
006 (15756404.502.000) 2026-02-06 19:53:37 Image size of job updated: 307108
	300  -  MemoryUsage of job (MB)
	307108  -  ResidentSetSize of job (KB)
...
006 (15756404.502.000) 2026-02-06 19:58:37 Image size of job updated: 307364
	301  -  MemoryUsage of job (MB)
	307364  -  ResidentSetSize of job (KB)
...
006 (15756404.502.000) 2026-02-06 20:03:38 Image size of job updated: 307620
	301  -  MemoryUsage of job (MB)
	307620  -  ResidentSetSize of job (KB)
...
006 (15756404.502.000) 2026-02-06 20:08:39 Image size of job updated: 308132
	301  -  MemoryUsage of job (MB)
	308132  -  ResidentSetSize of job (KB)
...
006 (15756404.502.000) 2026-02-06 20:13:39 Image size of job updated: 308780
	302  -  MemoryUsage of job (MB)
	308780  -  ResidentSetSize of job (KB)
...
006 (15756404.502.000) 2026-02-06 20:18:40 Image size of job updated: 308852
	302  -  MemoryUsage of job (MB)
	308852  -  ResidentSetSize of job (KB)
...
006 (15756404.502.000) 2026-02-06 20:23:41 Image size of job updated: 309080
	302  -  MemoryUsage of job (MB)
	309080  -  ResidentSetSize of job (KB)
...
006 (15756404.502.000) 2026-02-06 20:28:41 Image size of job updated: 309340
	303  -  MemoryUsage of job (MB)
	309340  -  ResidentSetSize of job (KB)
...
006 (15756404.502.000) 2026-02-06 22:48:59 Image size of job updated: 309448
	303  -  MemoryUsage of job (MB)
	309448  -  ResidentSetSize of job (KB)
...
006 (15756404.502.000) 2026-02-06 22:59:00 Image size of job updated: 309452
	303  -  MemoryUsage of job (MB)
	309452  -  ResidentSetSize of job (KB)
...
006 (15756404.502.000) 2026-02-06 23:19:02 Image size of job updated: 309456
	303  -  MemoryUsage of job (MB)
	309456  -  ResidentSetSize of job (KB)
...
006 (15756404.502.000) 2026-02-07 03:14:24 Image size of job updated: 309460
	303  -  MemoryUsage of job (MB)
	309460  -  ResidentSetSize of job (KB)
...
005 (15756404.502.000) 2026-02-07 03:17:58 Job terminated.
	(1) Normal termination (return value 0)
		Usr 1 03:14:34, Sys 0 16:29:13  -  Run Remote Usage
		Usr 0 00:00:00, Sys 0 00:00:00  -  Run Local Usage
		Usr 1 03:14:34, Sys 0 16:29:13  -  Total Remote Usage
		Usr 0 00:00:00, Sys 0 00:00:00  -  Total Local Usage
	0  -  Run Bytes Sent By Job
	0  -  Run Bytes Received By Job
	0  -  Total Bytes Sent By Job
	0  -  Total Bytes Received By Job
	Partitionable Resources :    Usage  Request Allocated 
	   Cpus                 :     6.48        8         8 
	   Disk (KB)            :     1     1024000   1025696 
	   GPUs                 :                           0 
	   Memory (MB)          :   303       16384     16384 
	   TimeExecute (s)      : 29081                       
	   TimeSlotBusy (s)     : 29081                       

	Job terminated of its own accord at 2026-02-07T02:17:58Z with exit-code 0.
...
