000 (15756407.350.000) 2026-02-06 11:26:10 Job submitted from host: <141.34.103.35:9618?addrs=141.34.103.35-9618+[2001-638-700-f067--1-23]-9618&alias=wgs39.zeuthen.desy.de&noUDP&sock=schedd_7414_f73f>
...
001 (15756407.350.000) 2026-02-08 19:29:00 Job executing on host: <141.34.15.43:9618?addrs=141.34.15.43-9618+[2001-638-700-f00f--1-2b]-9618&alias=pizza14.zeuthen.desy.de&noUDP&sock=startd_8340_1ff1>
	SlotName: slot1_2@pizza14.zeuthen.desy.de
	CondorScratchDir = "/batch/dir_84829"
	Cpus = 8
	Disk = 1025696
	GPUs = 0
	Memory = 16384
...
006 (15756407.350.000) 2026-02-08 19:29:14 Image size of job updated: 91444
	90  -  MemoryUsage of job (MB)
	91444  -  ResidentSetSize of job (KB)
...
006 (15756407.350.000) 2026-02-08 19:34:15 Image size of job updated: 1192940
	1115  -  MemoryUsage of job (MB)
	1141700  -  ResidentSetSize of job (KB)
...
006 (15756407.350.000) 2026-02-08 19:39:16 Image size of job updated: 1195632
	1115  -  MemoryUsage of job (MB)
	1141704  -  ResidentSetSize of job (KB)
...
006 (15756407.350.000) 2026-02-08 19:44:16 Image size of job updated: 1196004
	1163  -  MemoryUsage of job (MB)
	1190860  -  ResidentSetSize of job (KB)
...
006 (15756407.350.000) 2026-02-08 20:24:22 Image size of job updated: 1196276
	1163  -  MemoryUsage of job (MB)
	1190860  -  ResidentSetSize of job (KB)
...
006 (15756407.350.000) 2026-02-08 20:54:24 Image size of job updated: 1196880
	1163  -  MemoryUsage of job (MB)
	1190860  -  ResidentSetSize of job (KB)
...
006 (15756407.350.000) 2026-02-08 21:19:26 Image size of job updated: 1196880
	1164  -  MemoryUsage of job (MB)
	1191868  -  ResidentSetSize of job (KB)
...
006 (15756407.350.000) 2026-02-08 21:24:27 Image size of job updated: 1209060
	1176  -  MemoryUsage of job (MB)
	1203328  -  ResidentSetSize of job (KB)
...
006 (15756407.350.000) 2026-02-08 21:29:28 Image size of job updated: 1212836
	1176  -  MemoryUsage of job (MB)
	1203332  -  ResidentSetSize of job (KB)
...
006 (15756407.350.000) 2026-02-08 22:04:32 Image size of job updated: 1212836
	1183  -  MemoryUsage of job (MB)
	1210600  -  ResidentSetSize of job (KB)
...
006 (15756407.350.000) 2026-02-08 22:09:33 Image size of job updated: 1212836
	1184  -  MemoryUsage of job (MB)
	1212352  -  ResidentSetSize of job (KB)
...
006 (15756407.350.000) 2026-02-08 22:14:34 Image size of job updated: 1213012
	1184  -  MemoryUsage of job (MB)
	1212352  -  ResidentSetSize of job (KB)
...
006 (15756407.350.000) 2026-02-08 22:19:34 Image size of job updated: 1214304
	1184  -  MemoryUsage of job (MB)
	1212352  -  ResidentSetSize of job (KB)
...
006 (15756407.350.000) 2026-02-08 23:14:39 Image size of job updated: 1214840
	1184  -  MemoryUsage of job (MB)
	1212352  -  ResidentSetSize of job (KB)
...
006 (15756407.350.000) 2026-02-09 00:14:45 Image size of job updated: 1215316
	1184  -  MemoryUsage of job (MB)
	1212352  -  ResidentSetSize of job (KB)
...
006 (15756407.350.000) 2026-02-09 00:44:48 Image size of job updated: 1216592
	1184  -  MemoryUsage of job (MB)
	1212352  -  ResidentSetSize of job (KB)
...
006 (15756407.350.000) 2026-02-09 00:54:49 Image size of job updated: 1216828
	1184  -  MemoryUsage of job (MB)
	1212352  -  ResidentSetSize of job (KB)
...
006 (15756407.350.000) 2026-02-09 00:59:49 Image size of job updated: 1216960
	1184  -  MemoryUsage of job (MB)
	1212352  -  ResidentSetSize of job (KB)
...
006 (15756407.350.000) 2026-02-09 01:34:52 Image size of job updated: 1217284
	1184  -  MemoryUsage of job (MB)
	1212352  -  ResidentSetSize of job (KB)
...
006 (15756407.350.000) 2026-02-09 01:44:53 Image size of job updated: 1219200
	1184  -  MemoryUsage of job (MB)
	1212352  -  ResidentSetSize of job (KB)
...
006 (15756407.350.000) 2026-02-09 01:49:54 Image size of job updated: 1219404
	1184  -  MemoryUsage of job (MB)
	1212352  -  ResidentSetSize of job (KB)
...
006 (15756407.350.000) 2026-02-09 02:19:58 Image size of job updated: 1221552
	1184  -  MemoryUsage of job (MB)
	1212352  -  ResidentSetSize of job (KB)
...
006 (15756407.350.000) 2026-02-09 02:35:00 Image size of job updated: 1222720
	1184  -  MemoryUsage of job (MB)
	1212352  -  ResidentSetSize of job (KB)
...
006 (15756407.350.000) 2026-02-09 02:50:01 Image size of job updated: 1223608
	1184  -  MemoryUsage of job (MB)
	1212352  -  ResidentSetSize of job (KB)
...
006 (15756407.350.000) 2026-02-09 03:00:02 Image size of job updated: 1224672
	1184  -  MemoryUsage of job (MB)
	1212352  -  ResidentSetSize of job (KB)
...
006 (15756407.350.000) 2026-02-09 03:45:06 Image size of job updated: 1225912
	1184  -  MemoryUsage of job (MB)
	1212352  -  ResidentSetSize of job (KB)
...
006 (15756407.350.000) 2026-02-09 04:25:11 Image size of job updated: 1226064
	1184  -  MemoryUsage of job (MB)
	1212352  -  ResidentSetSize of job (KB)
...
006 (15756407.350.000) 2026-02-09 05:10:16 Image size of job updated: 1226176
	1184  -  MemoryUsage of job (MB)
	1212352  -  ResidentSetSize of job (KB)
...
006 (15756407.350.000) 2026-02-09 05:45:20 Image size of job updated: 1227640
	1184  -  MemoryUsage of job (MB)
	1212352  -  ResidentSetSize of job (KB)
...
006 (15756407.350.000) 2026-02-09 06:20:24 Image size of job updated: 1227640
	1193  -  MemoryUsage of job (MB)
	1221244  -  ResidentSetSize of job (KB)
...
006 (15756407.350.000) 2026-02-09 06:25:24 Image size of job updated: 1227640
	1193  -  MemoryUsage of job (MB)
	1221248  -  ResidentSetSize of job (KB)
...
006 (15756407.350.000) 2026-02-09 06:30:25 Image size of job updated: 1227900
	1193  -  MemoryUsage of job (MB)
	1221248  -  ResidentSetSize of job (KB)
...
006 (15756407.350.000) 2026-02-09 07:10:30 Image size of job updated: 1228624
	1193  -  MemoryUsage of job (MB)
	1221248  -  ResidentSetSize of job (KB)
...
006 (15756407.350.000) 2026-02-09 08:20:40 Image size of job updated: 1267052
	1193  -  MemoryUsage of job (MB)
	1221248  -  ResidentSetSize of job (KB)
...
006 (15756407.350.000) 2026-02-09 08:35:42 Image size of job updated: 1267316
	1193  -  MemoryUsage of job (MB)
	1221248  -  ResidentSetSize of job (KB)
...
006 (15756407.350.000) 2026-02-09 08:45:43 Image size of job updated: 1267316
	1209  -  MemoryUsage of job (MB)
	1237580  -  ResidentSetSize of job (KB)
...
006 (15756407.350.000) 2026-02-09 08:50:44 Image size of job updated: 1267316
	1209  -  MemoryUsage of job (MB)
	1237584  -  ResidentSetSize of job (KB)
...
006 (15756407.350.000) 2026-02-09 09:30:49 Image size of job updated: 1267720
	1209  -  MemoryUsage of job (MB)
	1237584  -  ResidentSetSize of job (KB)
...
006 (15756407.350.000) 2026-02-09 09:45:51 Image size of job updated: 1269676
	1209  -  MemoryUsage of job (MB)
	1237584  -  ResidentSetSize of job (KB)
...
006 (15756407.350.000) 2026-02-09 10:05:53 Image size of job updated: 1271368
	1209  -  MemoryUsage of job (MB)
	1237584  -  ResidentSetSize of job (KB)
...
006 (15756407.350.000) 2026-02-09 10:20:54 Image size of job updated: 1271480
	1209  -  MemoryUsage of job (MB)
	1237584  -  ResidentSetSize of job (KB)
...
006 (15756407.350.000) 2026-02-09 11:00:56 Image size of job updated: 1271480
	1222  -  MemoryUsage of job (MB)
	1250540  -  ResidentSetSize of job (KB)
...
006 (15756407.350.000) 2026-02-09 11:05:57 Image size of job updated: 1272596
	1222  -  MemoryUsage of job (MB)
	1250544  -  ResidentSetSize of job (KB)
...
006 (15756407.350.000) 2026-02-09 11:45:59 Image size of job updated: 1273208
	1222  -  MemoryUsage of job (MB)
	1250544  -  ResidentSetSize of job (KB)
...
006 (15756407.350.000) 2026-02-09 12:51:08 Image size of job updated: 1273800
	1222  -  MemoryUsage of job (MB)
	1250544  -  ResidentSetSize of job (KB)
...
006 (15756407.350.000) 2026-02-09 13:11:11 Image size of job updated: 1273800
	1224  -  MemoryUsage of job (MB)
	1253008  -  ResidentSetSize of job (KB)
...
006 (15756407.350.000) 2026-02-09 13:16:11 Image size of job updated: 1273800
	1224  -  MemoryUsage of job (MB)
	1253020  -  ResidentSetSize of job (KB)
...
006 (15756407.350.000) 2026-02-09 14:51:20 Image size of job updated: 1275180
	1224  -  MemoryUsage of job (MB)
	1253020  -  ResidentSetSize of job (KB)
...
006 (15756407.350.000) 2026-02-09 15:36:23 Image size of job updated: 1275180
	1228  -  MemoryUsage of job (MB)
	1256904  -  ResidentSetSize of job (KB)
...
006 (15756407.350.000) 2026-02-09 16:01:25 Image size of job updated: 1275180
	1234  -  MemoryUsage of job (MB)
	1263132  -  ResidentSetSize of job (KB)
...
006 (15756407.350.000) 2026-02-09 17:16:30 Image size of job updated: 1275180
	1246  -  MemoryUsage of job (MB)
	1275052  -  ResidentSetSize of job (KB)
...
006 (15756407.350.000) 2026-02-09 17:21:30 Image size of job updated: 1275180
	1246  -  MemoryUsage of job (MB)
	1275064  -  ResidentSetSize of job (KB)
...
006 (15756407.350.000) 2026-02-09 17:41:32 Image size of job updated: 1275436
	1246  -  MemoryUsage of job (MB)
	1275436  -  ResidentSetSize of job (KB)
...
006 (15756407.350.000) 2026-02-09 17:46:32 Image size of job updated: 1275440
	1246  -  MemoryUsage of job (MB)
	1275440  -  ResidentSetSize of job (KB)
...
006 (15756407.350.000) 2026-02-09 22:12:00 Image size of job updated: 1275904
	1246  -  MemoryUsage of job (MB)
	1275440  -  ResidentSetSize of job (KB)
...
006 (15756407.350.000) 2026-02-09 22:42:03 Image size of job updated: 1276036
	1246  -  MemoryUsage of job (MB)
	1275440  -  ResidentSetSize of job (KB)
...
006 (15756407.350.000) 2026-02-10 05:42:46 Image size of job updated: 1276256
	1246  -  MemoryUsage of job (MB)
	1275440  -  ResidentSetSize of job (KB)
...
006 (15756407.350.000) 2026-02-10 06:17:49 Image size of job updated: 1276344
	1246  -  MemoryUsage of job (MB)
	1275440  -  ResidentSetSize of job (KB)
...
006 (15756407.350.000) 2026-02-10 07:27:57 Image size of job updated: 1277984
	1246  -  MemoryUsage of job (MB)
	1275440  -  ResidentSetSize of job (KB)
...
022 (15756407.350.000) 2026-02-10 08:04:03 Job disconnected, attempting to reconnect
    Local schedd and job shadow died, schedd now running again
    Trying to reconnect to slot1_2@pizza14.zeuthen.desy.de <141.34.15.43:9618?addrs=141.34.15.43-9618+[2001-638-700-f00f--1-2b]-9618&alias=pizza14.zeuthen.desy.de&noUDP&sock=startd_8340_1ff1>
...
023 (15756407.350.000) 2026-02-10 08:04:11 Job reconnected to slot1_2@pizza14.zeuthen.desy.de
    startd address: <141.34.15.43:9618?addrs=141.34.15.43-9618+[2001-638-700-f00f--1-2b]-9618&alias=pizza14.zeuthen.desy.de&noUDP&sock=startd_8340_1ff1>
    starter address: <141.34.15.43:9618?addrs=141.34.15.43-9618+[2001-638-700-f00f--1-2b]-9618&alias=pizza14.zeuthen.desy.de&noUDP&sock=slot1_2_8831_fd00_18245>
...
