000 (15756408.334.000) 2026-02-06 11:26:57 Job submitted from host: <141.34.103.35:9618?addrs=141.34.103.35-9618+[2001-638-700-f067--1-23]-9618&alias=wgs39.zeuthen.desy.de&noUDP&sock=schedd_7414_f73f>
...
001 (15756408.334.000) 2026-02-10 11:43:15 Job executing on host: <141.34.15.38:9618?addrs=141.34.15.38-9618+[2001-638-700-f00f--1-26]-9618&alias=pizza09.zeuthen.desy.de&noUDP&sock=startd_8238_2948>
	SlotName: slot1_8@pizza09.zeuthen.desy.de
	CondorScratchDir = "/batch/dir_3524184"
	Cpus = 8
	Disk = 1025696
	GPUs = 0
	Memory = 16384
...
006 (15756408.334.000) 2026-02-10 11:43:29 Image size of job updated: 91456
	90  -  MemoryUsage of job (MB)
	91456  -  ResidentSetSize of job (KB)
...
006 (15756408.334.000) 2026-02-10 11:47:33 Image size of job updated: 408040
	90  -  MemoryUsage of job (MB)
	91456  -  ResidentSetSize of job (KB)
...
004 (15756408.334.000) 2026-02-10 11:47:34 Job was evicted.
	(0) CPU times
		Usr 0 00:14:59, Sys 0 00:00:02  -  Run Remote Usage
		Usr 0 00:00:00, Sys 0 00:00:00  -  Run Local Usage
	0  -  Run Bytes Sent By Job
	0  -  Run Bytes Received By Job
	Partitionable Resources :    Usage  Request Allocated 
	   Cpus                 :     0.99        8         8 
	   Disk (KB)            :     1     1024000   1025696 
	   GPUs                 :                           0 
	   Memory (MB)          :    90       16384     16384 
	   TimeExecute (s)      :   257                       
	   TimeSlotBusy (s)     :   258                       
...
009 (15756408.334.000) 2026-02-10 11:47:34 Job was aborted.
	via condor_rm (by user tuccia)
...
000 (15951004.223.000) 2026-02-10 16:30:02 Job submitted from host: <141.34.103.35:9618?addrs=141.34.103.35-9618+[2001-638-700-f067--1-23]-9618&alias=wgs39.zeuthen.desy.de&noUDP&sock=schedd_7302_24a3>
...
001 (15951004.223.000) 2026-02-10 18:12:18 Job executing on host: <141.34.15.61:9618?addrs=141.34.15.61-9618+[2001-638-700-f00f--1-3d]-9618&alias=bladej6.zeuthen.desy.de&noUDP&sock=startd_11029_8e1c>
	SlotName: slot1_11@bladej6.zeuthen.desy.de
	CondorScratchDir = "/batch/dir_3918965"
	Cpus = 1
	Disk = 1025024
	GPUs = 0
	Memory = 5120
...
006 (15951004.223.000) 2026-02-10 18:12:32 Image size of job updated: 89304
	88  -  MemoryUsage of job (MB)
	89304  -  ResidentSetSize of job (KB)
...
006 (15951004.223.000) 2026-02-10 18:17:33 Image size of job updated: 283708
	278  -  MemoryUsage of job (MB)
	283708  -  ResidentSetSize of job (KB)
...
006 (15951004.223.000) 2026-02-10 18:22:33 Image size of job updated: 284088
	278  -  MemoryUsage of job (MB)
	284088  -  ResidentSetSize of job (KB)
...
006 (15951004.223.000) 2026-02-10 18:27:33 Image size of job updated: 284460
	278  -  MemoryUsage of job (MB)
	284460  -  ResidentSetSize of job (KB)
...
006 (15951004.223.000) 2026-02-10 18:32:34 Image size of job updated: 284868
	279  -  MemoryUsage of job (MB)
	284868  -  ResidentSetSize of job (KB)
...
006 (15951004.223.000) 2026-02-10 18:37:35 Image size of job updated: 285260
	279  -  MemoryUsage of job (MB)
	285260  -  ResidentSetSize of job (KB)
...
006 (15951004.223.000) 2026-02-10 18:42:35 Image size of job updated: 285676
	279  -  MemoryUsage of job (MB)
	285676  -  ResidentSetSize of job (KB)
...
006 (15951004.223.000) 2026-02-10 18:47:36 Image size of job updated: 286076
	280  -  MemoryUsage of job (MB)
	286076  -  ResidentSetSize of job (KB)
...
006 (15951004.223.000) 2026-02-10 18:52:37 Image size of job updated: 286456
	280  -  MemoryUsage of job (MB)
	286456  -  ResidentSetSize of job (KB)
...
006 (15951004.223.000) 2026-02-10 18:57:37 Image size of job updated: 286844
	281  -  MemoryUsage of job (MB)
	286844  -  ResidentSetSize of job (KB)
...
006 (15951004.223.000) 2026-02-10 19:02:38 Image size of job updated: 328632
	298  -  MemoryUsage of job (MB)
	304656  -  ResidentSetSize of job (KB)
...
006 (15951004.223.000) 2026-02-10 19:47:41 Image size of job updated: 328632
	299  -  MemoryUsage of job (MB)
	305596  -  ResidentSetSize of job (KB)
...
006 (15951004.223.000) 2026-02-10 20:32:47 Image size of job updated: 328632
	299  -  MemoryUsage of job (MB)
	306168  -  ResidentSetSize of job (KB)
...
006 (15951004.223.000) 2026-02-10 21:17:50 Image size of job updated: 328632
	300  -  MemoryUsage of job (MB)
	306720  -  ResidentSetSize of job (KB)
...
006 (15951004.223.000) 2026-02-10 22:07:56 Image size of job updated: 328632
	301  -  MemoryUsage of job (MB)
	307252  -  ResidentSetSize of job (KB)
...
006 (15951004.223.000) 2026-02-10 22:48:00 Image size of job updated: 328632
	301  -  MemoryUsage of job (MB)
	307548  -  ResidentSetSize of job (KB)
...
006 (15951004.223.000) 2026-02-10 23:33:04 Image size of job updated: 328632
	301  -  MemoryUsage of job (MB)
	308080  -  ResidentSetSize of job (KB)
...
006 (15951004.223.000) 2026-02-11 00:23:11 Image size of job updated: 328632
	302  -  MemoryUsage of job (MB)
	308404  -  ResidentSetSize of job (KB)
...
006 (15951004.223.000) 2026-02-11 01:08:14 Image size of job updated: 328632
	302  -  MemoryUsage of job (MB)
	308680  -  ResidentSetSize of job (KB)
...
006 (15951004.223.000) 2026-02-11 01:53:19 Image size of job updated: 328632
	302  -  MemoryUsage of job (MB)
	309000  -  ResidentSetSize of job (KB)
...
006 (15951004.223.000) 2026-02-11 02:38:23 Image size of job updated: 328632
	303  -  MemoryUsage of job (MB)
	309280  -  ResidentSetSize of job (KB)
...
006 (15951004.223.000) 2026-02-11 03:28:29 Image size of job updated: 328632
	303  -  MemoryUsage of job (MB)
	309572  -  ResidentSetSize of job (KB)
...
006 (15951004.223.000) 2026-02-11 04:13:32 Image size of job updated: 328632
	303  -  MemoryUsage of job (MB)
	309884  -  ResidentSetSize of job (KB)
...
006 (15951004.223.000) 2026-02-11 05:58:44 Image size of job updated: 328632
	303  -  MemoryUsage of job (MB)
	309944  -  ResidentSetSize of job (KB)
...
006 (15951004.223.000) 2026-02-11 06:33:47 Image size of job updated: 328632
	303  -  MemoryUsage of job (MB)
	310200  -  ResidentSetSize of job (KB)
...
006 (15951004.223.000) 2026-02-11 07:23:54 Image size of job updated: 328632
	304  -  MemoryUsage of job (MB)
	310456  -  ResidentSetSize of job (KB)
...
006 (15951004.223.000) 2026-02-11 08:08:58 Image size of job updated: 328632
	304  -  MemoryUsage of job (MB)
	310720  -  ResidentSetSize of job (KB)
...
006 (15951004.223.000) 2026-02-11 08:54:01 Image size of job updated: 328632
	304  -  MemoryUsage of job (MB)
	310988  -  ResidentSetSize of job (KB)
...
006 (15951004.223.000) 2026-02-11 09:44:08 Image size of job updated: 328632
	304  -  MemoryUsage of job (MB)
	311064  -  ResidentSetSize of job (KB)
...
006 (15951004.223.000) 2026-02-11 10:29:14 Image size of job updated: 328632
	305  -  MemoryUsage of job (MB)
	311384  -  ResidentSetSize of job (KB)
...
004 (15951004.223.000) 2026-02-11 11:11:57 Job was evicted.
	(0) CPU times
		Usr 0 16:54:56, Sys 0 00:00:03  -  Run Remote Usage
		Usr 0 00:00:00, Sys 0 00:00:00  -  Run Local Usage
	0  -  Run Bytes Sent By Job
	0  -  Run Bytes Received By Job
	Partitionable Resources :    Usage  Request Allocated 
	   Cpus                 :     1.00        1         1 
	   Disk (KB)            :     1     1024000   1025024 
	   GPUs                 :                           0 
	   Memory (MB)          :   305        5120      5120 
	   TimeExecute (s)      : 61178                       
	   TimeSlotBusy (s)     : 61179                       
...
009 (15951004.223.000) 2026-02-11 11:11:57 Job was aborted.
	via condor_rm (by user tuccia)
...
000 (15988842.223.000) 2026-02-11 11:12:46 Job submitted from host: <141.34.103.35:9618?addrs=141.34.103.35-9618+[2001-638-700-f067--1-23]-9618&alias=wgs39.zeuthen.desy.de&noUDP&sock=schedd_7302_24a3>
...
001 (15988842.223.000) 2026-02-11 11:33:15 Job executing on host: <141.34.15.84:9618?addrs=141.34.15.84-9618+[2001-638-700-f00f--1-54]-9618&alias=genoa08.zeuthen.desy.de&noUDP&sock=startd_10216_e79d>
	SlotName: slot1_31@genoa08.zeuthen.desy.de
	CondorScratchDir = "/batch/dir_21574"
	Cpus = 1
	Disk = 1025681
	GPUs = 0
	Memory = 5120
...
006 (15988842.223.000) 2026-02-11 11:33:29 Image size of job updated: 89500
	88  -  MemoryUsage of job (MB)
	89500  -  ResidentSetSize of job (KB)
...
006 (15988842.223.000) 2026-02-11 11:38:30 Image size of job updated: 391596
	282  -  MemoryUsage of job (MB)
	287784  -  ResidentSetSize of job (KB)
...
006 (15988842.223.000) 2026-02-11 11:43:31 Image size of job updated: 391596
	282  -  MemoryUsage of job (MB)
	288460  -  ResidentSetSize of job (KB)
...
006 (15988842.223.000) 2026-02-11 11:48:31 Image size of job updated: 391596
	283  -  MemoryUsage of job (MB)
	289164  -  ResidentSetSize of job (KB)
...
006 (15988842.223.000) 2026-02-11 11:53:32 Image size of job updated: 391596
	284  -  MemoryUsage of job (MB)
	289848  -  ResidentSetSize of job (KB)
...
006 (15988842.223.000) 2026-02-11 11:58:32 Image size of job updated: 391596
	284  -  MemoryUsage of job (MB)
	290560  -  ResidentSetSize of job (KB)
...
006 (15988842.223.000) 2026-02-11 12:03:32 Image size of job updated: 391596
	302  -  MemoryUsage of job (MB)
	308864  -  ResidentSetSize of job (KB)
...
006 (15988842.223.000) 2026-02-11 12:23:34 Image size of job updated: 391596
	303  -  MemoryUsage of job (MB)
	309328  -  ResidentSetSize of job (KB)
...
006 (15988842.223.000) 2026-02-11 12:33:35 Image size of job updated: 391596
	305  -  MemoryUsage of job (MB)
	311508  -  ResidentSetSize of job (KB)
...
006 (15988842.223.000) 2026-02-11 12:48:37 Image size of job updated: 391596
	305  -  MemoryUsage of job (MB)
	312052  -  ResidentSetSize of job (KB)
...
006 (15988842.223.000) 2026-02-11 13:13:40 Image size of job updated: 391596
	306  -  MemoryUsage of job (MB)
	312392  -  ResidentSetSize of job (KB)
...
006 (15988842.223.000) 2026-02-11 13:38:42 Image size of job updated: 391596
	306  -  MemoryUsage of job (MB)
	312680  -  ResidentSetSize of job (KB)
...
006 (15988842.223.000) 2026-02-11 14:03:45 Image size of job updated: 391596
	306  -  MemoryUsage of job (MB)
	313232  -  ResidentSetSize of job (KB)
...
006 (15988842.223.000) 2026-02-11 14:28:47 Image size of job updated: 391596
	307  -  MemoryUsage of job (MB)
	313768  -  ResidentSetSize of job (KB)
...
006 (15988842.223.000) 2026-02-11 14:53:50 Image size of job updated: 391596
	307  -  MemoryUsage of job (MB)
	314056  -  ResidentSetSize of job (KB)
...
006 (15988842.223.000) 2026-02-11 15:18:53 Image size of job updated: 391596
	307  -  MemoryUsage of job (MB)
	314344  -  ResidentSetSize of job (KB)
...
006 (15988842.223.000) 2026-02-11 15:43:55 Image size of job updated: 391596
	308  -  MemoryUsage of job (MB)
	314656  -  ResidentSetSize of job (KB)
...
006 (15988842.223.000) 2026-02-11 16:08:57 Image size of job updated: 391596
	308  -  MemoryUsage of job (MB)
	314936  -  ResidentSetSize of job (KB)
...
006 (15988842.223.000) 2026-02-11 16:33:59 Image size of job updated: 391596
	308  -  MemoryUsage of job (MB)
	315232  -  ResidentSetSize of job (KB)
...
006 (15988842.223.000) 2026-02-11 16:59:01 Image size of job updated: 391596
	308  -  MemoryUsage of job (MB)
	315260  -  ResidentSetSize of job (KB)
...
006 (15988842.223.000) 2026-02-11 17:24:04 Image size of job updated: 391596
	309  -  MemoryUsage of job (MB)
	315564  -  ResidentSetSize of job (KB)
...
006 (15988842.223.000) 2026-02-11 17:49:06 Image size of job updated: 391596
	309  -  MemoryUsage of job (MB)
	315852  -  ResidentSetSize of job (KB)
...
006 (15988842.223.000) 2026-02-11 18:14:09 Image size of job updated: 391596
	309  -  MemoryUsage of job (MB)
	315892  -  ResidentSetSize of job (KB)
...
006 (15988842.223.000) 2026-02-11 18:39:11 Image size of job updated: 391596
	309  -  MemoryUsage of job (MB)
	316072  -  ResidentSetSize of job (KB)
...
006 (15988842.223.000) 2026-02-11 19:04:13 Image size of job updated: 391596
	309  -  MemoryUsage of job (MB)
	316328  -  ResidentSetSize of job (KB)
...
006 (15988842.223.000) 2026-02-11 19:29:15 Image size of job updated: 391596
	310  -  MemoryUsage of job (MB)
	316588  -  ResidentSetSize of job (KB)
...
006 (15988842.223.000) 2026-02-11 19:54:18 Image size of job updated: 391596
	310  -  MemoryUsage of job (MB)
	316924  -  ResidentSetSize of job (KB)
...
006 (15988842.223.000) 2026-02-11 20:19:21 Image size of job updated: 391596
	310  -  MemoryUsage of job (MB)
	317188  -  ResidentSetSize of job (KB)
...
006 (15988842.223.000) 2026-02-11 20:44:24 Image size of job updated: 391596
	311  -  MemoryUsage of job (MB)
	317460  -  ResidentSetSize of job (KB)
...
006 (15988842.223.000) 2026-02-11 21:14:26 Image size of job updated: 391596
	311  -  MemoryUsage of job (MB)
	317728  -  ResidentSetSize of job (KB)
...
006 (15988842.223.000) 2026-02-11 21:39:29 Image size of job updated: 391596
	311  -  MemoryUsage of job (MB)
	318004  -  ResidentSetSize of job (KB)
...
006 (15988842.223.000) 2026-02-11 22:04:31 Image size of job updated: 391596
	311  -  MemoryUsage of job (MB)
	318280  -  ResidentSetSize of job (KB)
...
006 (15988842.223.000) 2026-02-11 22:29:34 Image size of job updated: 391596
	311  -  MemoryUsage of job (MB)
	318304  -  ResidentSetSize of job (KB)
...
006 (15988842.223.000) 2026-02-11 22:54:36 Image size of job updated: 391596
	312  -  MemoryUsage of job (MB)
	318596  -  ResidentSetSize of job (KB)
...
006 (15988842.223.000) 2026-02-11 23:19:39 Image size of job updated: 391596
	312  -  MemoryUsage of job (MB)
	318892  -  ResidentSetSize of job (KB)
...
006 (15988842.223.000) 2026-02-11 23:44:42 Image size of job updated: 391596
	312  -  MemoryUsage of job (MB)
	318924  -  ResidentSetSize of job (KB)
...
006 (15988842.223.000) 2026-02-12 00:09:45 Image size of job updated: 391596
	312  -  MemoryUsage of job (MB)
	319216  -  ResidentSetSize of job (KB)
...
006 (15988842.223.000) 2026-02-12 00:34:47 Image size of job updated: 391596
	313  -  MemoryUsage of job (MB)
	319508  -  ResidentSetSize of job (KB)
...
006 (15988842.223.000) 2026-02-12 01:04:50 Image size of job updated: 391596
	313  -  MemoryUsage of job (MB)
	319800  -  ResidentSetSize of job (KB)
...
006 (15988842.223.000) 2026-02-12 01:29:52 Image size of job updated: 391596
	313  -  MemoryUsage of job (MB)
	320100  -  ResidentSetSize of job (KB)
...
006 (15988842.223.000) 2026-02-12 01:54:55 Image size of job updated: 391596
	313  -  MemoryUsage of job (MB)
	320388  -  ResidentSetSize of job (KB)
...
006 (15988842.223.000) 2026-02-12 02:19:58 Image size of job updated: 391596
	314  -  MemoryUsage of job (MB)
	320688  -  ResidentSetSize of job (KB)
...
006 (15988842.223.000) 2026-02-12 02:45:01 Image size of job updated: 391596
	314  -  MemoryUsage of job (MB)
	320720  -  ResidentSetSize of job (KB)
...
006 (15988842.223.000) 2026-02-12 03:10:04 Image size of job updated: 391596
	314  -  MemoryUsage of job (MB)
	321020  -  ResidentSetSize of job (KB)
...
006 (15988842.223.000) 2026-02-12 03:35:07 Image size of job updated: 391596
	314  -  MemoryUsage of job (MB)
	321300  -  ResidentSetSize of job (KB)
...
006 (15988842.223.000) 2026-02-12 08:30:38 Image size of job updated: 391596
	314  -  MemoryUsage of job (MB)
	321524  -  ResidentSetSize of job (KB)
...
006 (15988842.223.000) 2026-02-12 08:55:40 Image size of job updated: 391596
	315  -  MemoryUsage of job (MB)
	321780  -  ResidentSetSize of job (KB)
...
006 (15988842.223.000) 2026-02-12 09:20:43 Image size of job updated: 391596
	315  -  MemoryUsage of job (MB)
	322044  -  ResidentSetSize of job (KB)
...
006 (15988842.223.000) 2026-02-12 09:50:45 Image size of job updated: 391596
	315  -  MemoryUsage of job (MB)
	322300  -  ResidentSetSize of job (KB)
...
006 (15988842.223.000) 2026-02-12 10:15:48 Image size of job updated: 391596
	315  -  MemoryUsage of job (MB)
	322556  -  ResidentSetSize of job (KB)
...
006 (15988842.223.000) 2026-02-12 10:35:50 Image size of job updated: 391596
	322  -  MemoryUsage of job (MB)
	328752  -  ResidentSetSize of job (KB)
...
006 (15988842.223.000) 2026-02-12 10:40:51 Image size of job updated: 391596
	322  -  MemoryUsage of job (MB)
	328756  -  ResidentSetSize of job (KB)
...
006 (15988842.223.000) 2026-02-12 14:41:15 Image size of job updated: 391596
	323  -  MemoryUsage of job (MB)
	329908  -  ResidentSetSize of job (KB)
...
006 (15988842.223.000) 2026-02-12 14:46:15 Image size of job updated: 391596
	323  -  MemoryUsage of job (MB)
	329912  -  ResidentSetSize of job (KB)
...
006 (15988842.223.000) 2026-02-12 16:21:24 Image size of job updated: 391596
	323  -  MemoryUsage of job (MB)
	330008  -  ResidentSetSize of job (KB)
...
006 (15988842.223.000) 2026-02-12 16:46:26 Image size of job updated: 391596
	323  -  MemoryUsage of job (MB)
	330264  -  ResidentSetSize of job (KB)
...
006 (15988842.223.000) 2026-02-12 17:11:29 Image size of job updated: 391596
	323  -  MemoryUsage of job (MB)
	330520  -  ResidentSetSize of job (KB)
...
006 (15988842.223.000) 2026-02-12 17:36:31 Image size of job updated: 391596
	324  -  MemoryUsage of job (MB)
	330776  -  ResidentSetSize of job (KB)
...
006 (15988842.223.000) 2026-02-12 18:01:34 Image size of job updated: 391596
	324  -  MemoryUsage of job (MB)
	331032  -  ResidentSetSize of job (KB)
...
006 (15988842.223.000) 2026-02-12 18:26:37 Image size of job updated: 391596
	324  -  MemoryUsage of job (MB)
	331292  -  ResidentSetSize of job (KB)
...
006 (15988842.223.000) 2026-02-12 18:51:39 Image size of job updated: 391596
	324  -  MemoryUsage of job (MB)
	331548  -  ResidentSetSize of job (KB)
...
006 (15988842.223.000) 2026-02-12 19:16:42 Image size of job updated: 391596
	325  -  MemoryUsage of job (MB)
	331804  -  ResidentSetSize of job (KB)
...
006 (15988842.223.000) 2026-02-12 19:41:43 Image size of job updated: 391596
	325  -  MemoryUsage of job (MB)
	332060  -  ResidentSetSize of job (KB)
...
006 (15988842.223.000) 2026-02-12 20:01:46 Image size of job updated: 391596
	325  -  MemoryUsage of job (MB)
	332320  -  ResidentSetSize of job (KB)
...
006 (15988842.223.000) 2026-02-12 20:26:49 Image size of job updated: 391596
	325  -  MemoryUsage of job (MB)
	332596  -  ResidentSetSize of job (KB)
...
006 (15988842.223.000) 2026-02-12 20:51:52 Image size of job updated: 391596
	326  -  MemoryUsage of job (MB)
	332860  -  ResidentSetSize of job (KB)
...
006 (15988842.223.000) 2026-02-12 21:16:55 Image size of job updated: 391596
	326  -  MemoryUsage of job (MB)
	332872  -  ResidentSetSize of job (KB)
...
006 (15988842.223.000) 2026-02-12 21:41:58 Image size of job updated: 391596
	326  -  MemoryUsage of job (MB)
	333140  -  ResidentSetSize of job (KB)
...
006 (15988842.223.000) 2026-02-13 00:32:15 Image size of job updated: 391596
	326  -  MemoryUsage of job (MB)
	333388  -  ResidentSetSize of job (KB)
...
006 (15988842.223.000) 2026-02-13 00:57:17 Image size of job updated: 391596
	326  -  MemoryUsage of job (MB)
	333644  -  ResidentSetSize of job (KB)
...
006 (15988842.223.000) 2026-02-13 01:22:20 Image size of job updated: 391596
	327  -  MemoryUsage of job (MB)
	333904  -  ResidentSetSize of job (KB)
...
006 (15988842.223.000) 2026-02-13 01:47:22 Image size of job updated: 391596
	327  -  MemoryUsage of job (MB)
	334160  -  ResidentSetSize of job (KB)
...
006 (15988842.223.000) 2026-02-13 02:07:24 Image size of job updated: 391596
	327  -  MemoryUsage of job (MB)
	334392  -  ResidentSetSize of job (KB)
...
006 (15988842.223.000) 2026-02-13 02:12:25 Image size of job updated: 391596
	327  -  MemoryUsage of job (MB)
	334416  -  ResidentSetSize of job (KB)
...
006 (15988842.223.000) 2026-02-13 02:32:26 Image size of job updated: 391596
	327  -  MemoryUsage of job (MB)
	334684  -  ResidentSetSize of job (KB)
...
006 (15988842.223.000) 2026-02-13 02:57:28 Image size of job updated: 391596
	328  -  MemoryUsage of job (MB)
	334952  -  ResidentSetSize of job (KB)
...
006 (15988842.223.000) 2026-02-13 03:22:32 Image size of job updated: 391596
	328  -  MemoryUsage of job (MB)
	335224  -  ResidentSetSize of job (KB)
...
006 (15988842.223.000) 2026-02-13 03:47:34 Image size of job updated: 391596
	328  -  MemoryUsage of job (MB)
	335416  -  ResidentSetSize of job (KB)
...
021 (15988842.223.000) 2026-02-13 11:33:16 Error from starter on slot1_31@genoa08.zeuthen.desy.de:
	runtime exceeded maximum (target.Runtime seconds)
	Code 21 Subcode 103
...
004 (15988842.223.000) 2026-02-13 11:33:16 Job was evicted.
	(0) CPU times
		Usr 1 23:25:10, Sys 0 00:00:05  -  Run Remote Usage
		Usr 0 00:00:00, Sys 0 00:00:00  -  Run Local Usage
	0  -  Run Bytes Sent By Job
	0  -  Run Bytes Received By Job
	Error from slot1_31@genoa08.zeuthen.desy.de: runtime exceeded maximum (target.Runtime seconds)
	Partitionable Resources :     Usage  Request Allocated 
	   Cpus                 :      0.99        1         1 
	   Disk (KB)            :      1     1024000   1025681 
	   GPUs                 :                            0 
	   Memory (MB)          :    328        5120      5120 
	   TimeSlotBusy (s)     : 172801                       
...
012 (15988842.223.000) 2026-02-13 11:33:16 Job was held.
	Error from slot1_31@genoa08.zeuthen.desy.de: runtime exceeded maximum (target.Runtime seconds)
	Code 21 Subcode 103
...
009 (15988842.223.000) 2026-02-16 17:16:32 Job was aborted.
	via condor_rm (by user tuccia)
...
