~~~~~~~~~~~~~~~~~~~~~~~~~~~~~~

n_qubits: 60, 
r: 9, 
alpha: 0.01, 
shots: 10000, 
ansatz: structure_like_qubo_YZ_2, 
layer: 1, 
tau: 0.3

time for simulated annealing:  61.58895754814148
Rank 1: Bitstring=011001001010000111110010000001011001000101011000001000001111, Decimal=453208936298152463, Energy=-46.2113
Rank 2: Bitstring=011001001010000111110010000001011001000101111000001000001110, Decimal=453208936298283534, Energy=-46.2049
Rank 3: Bitstring=011001001010000111110010000001001101110101011000101100001111, Decimal=453208936109411087, Energy=-46.1681
Rank 4: Bitstring=011001001010000111110010000001001101110101111000101100001110, Decimal=453208936109542158, Energy=-46.1617
Rank 5: Bitstring=011001001010000111110010000001011101110101011000001100001111, Decimal=453208936377844495, Energy=-46.0049
Rank 6: Bitstring=011001001010000111110010000001011101110101111000001100001110, Decimal=453208936377975566, Energy=-45.9985
Rank 7: Bitstring=011101001010100111110010000000001101110101011000101100001111, Decimal=525407266561952527, Energy=-45.6821
Rank 8: Bitstring=011101001010100111110010000000001101110101111000101100001110, Decimal=525407266562083598, Energy=-45.6757
Rank 9: Bitstring=011001001010000111110010000001001001100101011000101000001111, Decimal=453208936038107663, Energy=-45.5723
Rank 10: Bitstring=011001001010000111110010000001001001100101111000101000001110, Decimal=453208936038238734, Energy=-45.5659

E_min from simulated annealing:  -46.2113
Minimum energy: -46.2113
States with energy within 1e-08 of minimum: [453208936298152463]


################## Start optimization with initial parameters: [0. 0. 0. 0. 0. 0. 0. 0. 0. 0. 0. 0. 0. 0. 0. 0. 0. 0. 0. 0. 0. 0. 0. 0.
 0. 0. 0. 0. 0. 0. 0. 0. 0. 0. 0. 0. 0. 0. 0. 0. 0. 0. 0. 0. 0. 0. 0. 0.
 0. 0. 0. 0. 0. 0. 0. 0. 0. 0. 0. 0. 0. 0. 0. 0. 0. 0. 0. 0. 0. 0. 0. 0.
 0. 0. 0. 0. 0. 0. 0. 0. 0. 0. 0. 0. 0. 0. 0. 0. 0. 0. 0. 0. 0. 0. 0. 0.
 0. 0. 0. 0. 0. 0. 0. 0. 0. 0. 0. 0. 0. 0. 0. 0. 0. 0. 0. 0. 0. 0. 0. 0.
 0. 0. 0. 0. 0. 0. 0. 0. 0. 0. 0. 0. 0. 0. 0. 0. 0. 0. 0. 0. 0. 0. 0. 0.
 0. 0. 0. 0. 0. 0. 0. 0. 0. 0. 0. 0. 0. 0. 0. 0. 0. 0. 0. 0. 0. 0. 0. 0.
 0. 0. 0. 0. 0. 0. 0. 0. 0. 0. 0. 0. 0. 0. 0. 0. 0. 0. 0. 0. 0. 0. 0. 0.
 0. 0. 0. 0. 0. 0. 0. 0. 0. 0. 0. 0. 0. 0. 0. 0. 0. 0. 0. 0. 0. 0. 0. 0.
 0. 0. 0. 0. 0. 0. 0. 0. 0. 0. 0. 0. 0. 0. 0. 0. 0. 0. 0. 0. 0. 0. 0. 0.]
Write sucessfully to ./data/data_shots_10000_layer_1/alpha_0.01/N_60/r_9/ansatz_type_structure_like_qubo_YZ_2/initialization_zeros

vqe.cvar_eval[0]: -17.894550000000024 , min_cvar: -43.73549600000002 , opt_cvar: -43.73549600000002

vqe.poss_eval[-1]: 0 vqe.poss_eval[0] 0  , max_poss: 0 , opt_poss: 0

vqe.r_eval[-1]: 0.9402838266830847 vqe.r_eval[0]: 0.3872332091934229 max_r: 0.946424272851013 , min_r: 0.35760963227608855
