000 (15756408.513.000) 2026-02-06 11:26:58 Job submitted from host: <141.34.103.35:9618?addrs=141.34.103.35-9618+[2001-638-700-f067--1-23]-9618&alias=wgs39.zeuthen.desy.de&noUDP&sock=schedd_7414_f73f>
...
009 (15756408.513.000) 2026-02-10 11:47:34 Job was aborted.
	via condor_rm (by user tuccia)
...
000 (15951004.342.000) 2026-02-10 16:30:03 Job submitted from host: <141.34.103.35:9618?addrs=141.34.103.35-9618+[2001-638-700-f067--1-23]-9618&alias=wgs39.zeuthen.desy.de&noUDP&sock=schedd_7302_24a3>
...
001 (15951004.342.000) 2026-02-10 18:29:52 Job executing on host: <141.34.15.40:9618?addrs=141.34.15.40-9618+[2001-638-700-f00f--1-28]-9618&alias=pizza11.zeuthen.desy.de&noUDP&sock=startd_9198_a434>
	SlotName: slot1_4@pizza11.zeuthen.desy.de
	CondorScratchDir = "/batch/dir_3272534"
	Cpus = 1
	Disk = 1025696
	GPUs = 0
	Memory = 5120
...
006 (15951004.342.000) 2026-02-10 18:30:06 Image size of job updated: 91384
	90  -  MemoryUsage of job (MB)
	91384  -  ResidentSetSize of job (KB)
...
006 (15951004.342.000) 2026-02-10 18:35:07 Image size of job updated: 515152
	231  -  MemoryUsage of job (MB)
	235984  -  ResidentSetSize of job (KB)
...
006 (15951004.342.000) 2026-02-10 18:40:07 Image size of job updated: 515152
	231  -  MemoryUsage of job (MB)
	236232  -  ResidentSetSize of job (KB)
...
006 (15951004.342.000) 2026-02-10 18:45:07 Image size of job updated: 515152
	231  -  MemoryUsage of job (MB)
	236272  -  ResidentSetSize of job (KB)
...
006 (15951004.342.000) 2026-02-10 19:10:09 Image size of job updated: 515152
	231  -  MemoryUsage of job (MB)
	236312  -  ResidentSetSize of job (KB)
...
006 (15951004.342.000) 2026-02-10 19:15:09 Image size of job updated: 515152
	231  -  MemoryUsage of job (MB)
	236356  -  ResidentSetSize of job (KB)
...
006 (15951004.342.000) 2026-02-10 19:25:10 Image size of job updated: 515152
	231  -  MemoryUsage of job (MB)
	236380  -  ResidentSetSize of job (KB)
...
006 (15951004.342.000) 2026-02-10 19:30:10 Image size of job updated: 515152
	231  -  MemoryUsage of job (MB)
	236420  -  ResidentSetSize of job (KB)
...
006 (15951004.342.000) 2026-02-10 19:40:11 Image size of job updated: 515152
	232  -  MemoryUsage of job (MB)
	236616  -  ResidentSetSize of job (KB)
...
006 (15951004.342.000) 2026-02-10 20:20:14 Image size of job updated: 515152
	232  -  MemoryUsage of job (MB)
	236776  -  ResidentSetSize of job (KB)
...
006 (15951004.342.000) 2026-02-10 21:10:17 Image size of job updated: 515152
	234  -  MemoryUsage of job (MB)
	238820  -  ResidentSetSize of job (KB)
...
006 (15951004.342.000) 2026-02-11 00:00:37 Image size of job updated: 515152
	234  -  MemoryUsage of job (MB)
	239124  -  ResidentSetSize of job (KB)
...
006 (15951004.342.000) 2026-02-11 00:30:41 Image size of job updated: 515152
	235  -  MemoryUsage of job (MB)
	239904  -  ResidentSetSize of job (KB)
...
006 (15951004.342.000) 2026-02-11 00:35:42 Image size of job updated: 515152
	235  -  MemoryUsage of job (MB)
	240060  -  ResidentSetSize of job (KB)
...
006 (15951004.342.000) 2026-02-11 04:26:12 Image size of job updated: 515152
	235  -  MemoryUsage of job (MB)
	240216  -  ResidentSetSize of job (KB)
...
006 (15951004.342.000) 2026-02-11 04:31:13 Image size of job updated: 515152
	235  -  MemoryUsage of job (MB)
	240372  -  ResidentSetSize of job (KB)
...
004 (15951004.342.000) 2026-02-11 11:11:57 Job was evicted.
	(0) CPU times
		Usr 0 16:31:12, Sys 0 00:00:03  -  Run Remote Usage
		Usr 0 00:00:00, Sys 0 00:00:00  -  Run Local Usage
	0  -  Run Bytes Sent By Job
	0  -  Run Bytes Received By Job
	Partitionable Resources :    Usage  Request Allocated 
	   Cpus                 :     0.99        1         1 
	   Disk (KB)            :     1     1024000   1025696 
	   GPUs                 :                           0 
	   Memory (MB)          :   235        5120      5120 
	   TimeExecute (s)      : 60124                       
	   TimeSlotBusy (s)     : 60125                       
...
009 (15951004.342.000) 2026-02-11 11:11:58 Job was aborted.
	via condor_rm (by user tuccia)
...
000 (15988842.342.000) 2026-02-11 11:12:47 Job submitted from host: <141.34.103.35:9618?addrs=141.34.103.35-9618+[2001-638-700-f067--1-23]-9618&alias=wgs39.zeuthen.desy.de&noUDP&sock=schedd_7302_24a3>
...
001 (15988842.342.000) 2026-02-11 11:36:33 Job executing on host: <141.34.15.179:9618?addrs=141.34.15.179-9618+[2001-638-700-f00f--1-b3]-9618&alias=genoa04.zeuthen.desy.de&noUDP&sock=startd_11819_6dee>
	SlotName: slot1_54@genoa04.zeuthen.desy.de
	CondorScratchDir = "/batch/dir_1671833"
	Cpus = 1
	Disk = 1025697
	GPUs = 0
	Memory = 5120
...
006 (15988842.342.000) 2026-02-11 11:36:47 Image size of job updated: 89400
	88  -  MemoryUsage of job (MB)
	89400  -  ResidentSetSize of job (KB)
...
006 (15988842.342.000) 2026-02-11 11:41:48 Image size of job updated: 378524
	232  -  MemoryUsage of job (MB)
	236816  -  ResidentSetSize of job (KB)
...
006 (15988842.342.000) 2026-02-11 11:46:48 Image size of job updated: 378524
	232  -  MemoryUsage of job (MB)
	236832  -  ResidentSetSize of job (KB)
...
006 (15988842.342.000) 2026-02-11 12:11:51 Image size of job updated: 378524
	232  -  MemoryUsage of job (MB)
	237060  -  ResidentSetSize of job (KB)
...
006 (15988842.342.000) 2026-02-11 12:16:52 Image size of job updated: 378524
	232  -  MemoryUsage of job (MB)
	237132  -  ResidentSetSize of job (KB)
...
006 (15988842.342.000) 2026-02-11 12:26:52 Image size of job updated: 378524
	232  -  MemoryUsage of job (MB)
	237220  -  ResidentSetSize of job (KB)
...
006 (15988842.342.000) 2026-02-11 12:31:53 Image size of job updated: 378524
	232  -  MemoryUsage of job (MB)
	237224  -  ResidentSetSize of job (KB)
...
006 (15988842.342.000) 2026-02-11 12:36:53 Image size of job updated: 378524
	232  -  MemoryUsage of job (MB)
	237448  -  ResidentSetSize of job (KB)
...
006 (15988842.342.000) 2026-02-11 13:06:55 Image size of job updated: 378524
	233  -  MemoryUsage of job (MB)
	237624  -  ResidentSetSize of job (KB)
...
006 (15988842.342.000) 2026-02-11 15:12:07 Image size of job updated: 378524
	233  -  MemoryUsage of job (MB)
	237656  -  ResidentSetSize of job (KB)
...
006 (15988842.342.000) 2026-02-11 15:17:08 Image size of job updated: 378524
	233  -  MemoryUsage of job (MB)
	237716  -  ResidentSetSize of job (KB)
...
006 (15988842.342.000) 2026-02-11 15:32:09 Image size of job updated: 378524
	233  -  MemoryUsage of job (MB)
	237816  -  ResidentSetSize of job (KB)
...
006 (15988842.342.000) 2026-02-11 16:17:14 Image size of job updated: 378524
	233  -  MemoryUsage of job (MB)
	237872  -  ResidentSetSize of job (KB)
...
006 (15988842.342.000) 2026-02-11 16:27:15 Image size of job updated: 378524
	233  -  MemoryUsage of job (MB)
	237916  -  ResidentSetSize of job (KB)
...
006 (15988842.342.000) 2026-02-11 16:47:17 Image size of job updated: 378524
	234  -  MemoryUsage of job (MB)
	238752  -  ResidentSetSize of job (KB)
...
006 (15988842.342.000) 2026-02-11 16:52:18 Image size of job updated: 378524
	234  -  MemoryUsage of job (MB)
	238808  -  ResidentSetSize of job (KB)
...
006 (15988842.342.000) 2026-02-12 05:13:34 Image size of job updated: 378524
	234  -  MemoryUsage of job (MB)
	238848  -  ResidentSetSize of job (KB)
...
006 (15988842.342.000) 2026-02-12 05:18:35 Image size of job updated: 378524
	234  -  MemoryUsage of job (MB)
	239064  -  ResidentSetSize of job (KB)
...
006 (15988842.342.000) 2026-02-12 06:13:41 Image size of job updated: 378524
	234  -  MemoryUsage of job (MB)
	239092  -  ResidentSetSize of job (KB)
...
006 (15988842.342.000) 2026-02-12 06:18:41 Image size of job updated: 378524
	234  -  MemoryUsage of job (MB)
	239320  -  ResidentSetSize of job (KB)
...
006 (15988842.342.000) 2026-02-12 06:43:44 Image size of job updated: 378524
	234  -  MemoryUsage of job (MB)
	239576  -  ResidentSetSize of job (KB)
...
006 (15988842.342.000) 2026-02-12 07:28:48 Image size of job updated: 378524
	235  -  MemoryUsage of job (MB)
	239888  -  ResidentSetSize of job (KB)
...
006 (15988842.342.000) 2026-02-12 07:43:50 Image size of job updated: 378524
	235  -  MemoryUsage of job (MB)
	239916  -  ResidentSetSize of job (KB)
...
006 (15988842.342.000) 2026-02-12 07:48:51 Image size of job updated: 378524
	235  -  MemoryUsage of job (MB)
	240144  -  ResidentSetSize of job (KB)
...
006 (15988842.342.000) 2026-02-12 08:13:53 Image size of job updated: 378524
	235  -  MemoryUsage of job (MB)
	240300  -  ResidentSetSize of job (KB)
...
006 (15988842.342.000) 2026-02-12 08:38:56 Image size of job updated: 378524
	235  -  MemoryUsage of job (MB)
	240456  -  ResidentSetSize of job (KB)
...
006 (15988842.342.000) 2026-02-12 08:43:57 Image size of job updated: 378524
	236  -  MemoryUsage of job (MB)
	240768  -  ResidentSetSize of job (KB)
...
006 (15988842.342.000) 2026-02-12 08:48:57 Image size of job updated: 378524
	236  -  MemoryUsage of job (MB)
	240816  -  ResidentSetSize of job (KB)
...
006 (15988842.342.000) 2026-02-12 08:53:58 Image size of job updated: 378524
	236  -  MemoryUsage of job (MB)
	241024  -  ResidentSetSize of job (KB)
...
006 (15988842.342.000) 2026-02-12 12:49:20 Image size of job updated: 378524
	236  -  MemoryUsage of job (MB)
	241028  -  ResidentSetSize of job (KB)
...
006 (15988842.342.000) 2026-02-12 13:54:27 Image size of job updated: 378524
	236  -  MemoryUsage of job (MB)
	241032  -  ResidentSetSize of job (KB)
...
006 (15988842.342.000) 2026-02-12 15:39:38 Image size of job updated: 378524
	236  -  MemoryUsage of job (MB)
	241188  -  ResidentSetSize of job (KB)
...
006 (15988842.342.000) 2026-02-12 16:09:40 Image size of job updated: 378524
	236  -  MemoryUsage of job (MB)
	241504  -  ResidentSetSize of job (KB)
...
006 (15988842.342.000) 2026-02-12 22:10:15 Image size of job updated: 378524
	237  -  MemoryUsage of job (MB)
	242128  -  ResidentSetSize of job (KB)
...
006 (15988842.342.000) 2026-02-13 01:00:31 Image size of job updated: 378524
	237  -  MemoryUsage of job (MB)
	242384  -  ResidentSetSize of job (KB)
...
021 (15988842.342.000) 2026-02-13 11:36:35 Error from starter on slot1_54@genoa04.zeuthen.desy.de:
	runtime exceeded maximum (target.Runtime seconds)
	Code 21 Subcode 103
...
004 (15988842.342.000) 2026-02-13 11:36:35 Job was evicted.
	(0) CPU times
		Usr 1 23:28:21, Sys 0 00:00:08  -  Run Remote Usage
		Usr 0 00:00:00, Sys 0 00:00:00  -  Run Local Usage
	0  -  Run Bytes Sent By Job
	0  -  Run Bytes Received By Job
	Error from slot1_54@genoa04.zeuthen.desy.de: runtime exceeded maximum (target.Runtime seconds)
	Partitionable Resources :     Usage  Request Allocated 
	   Cpus                 :      0.99        1         1 
	   Disk (KB)            :      1     1024000   1025697 
	   GPUs                 :                            0 
	   Memory (MB)          :    237        5120      5120 
	   TimeSlotBusy (s)     : 172802                       
...
012 (15988842.342.000) 2026-02-13 11:36:35 Job was held.
	Error from slot1_54@genoa04.zeuthen.desy.de: runtime exceeded maximum (target.Runtime seconds)
	Code 21 Subcode 103
...
009 (15988842.342.000) 2026-02-16 17:16:34 Job was aborted.
	via condor_rm (by user tuccia)
...
000 (16309174.071.000) 2026-02-18 10:42:57 Job submitted from host: <141.34.103.35:9618?addrs=141.34.103.35-9618+[2001-638-700-f067--1-23]-9618&alias=wgs39.zeuthen.desy.de&noUDP&sock=schedd_7302_24a3>
...
001 (16309174.071.000) 2026-02-18 10:43:15 Job executing on host: <141.34.14.229:9618?addrs=141.34.14.229-9618+[2001-638-700-f00e--1-e5]-9618&alias=pascal02.zeuthen.desy.de&noUDP&sock=startd_11552_4a24>
	SlotName: slot1_22@pascal02.zeuthen.desy.de
	AvailableGPUs = {  }
	CondorScratchDir = "/batch/dir_1360484"
	Cpus = 1
	Disk = 1025109
	GPUs = 0
	Memory = 5120
...
006 (16309174.071.000) 2026-02-18 10:43:29 Image size of job updated: 89312
	88  -  MemoryUsage of job (MB)
	89312  -  ResidentSetSize of job (KB)
...
006 (16309174.071.000) 2026-02-18 10:48:30 Image size of job updated: 513076
	227  -  MemoryUsage of job (MB)
	231556  -  ResidentSetSize of job (KB)
...
006 (16309174.071.000) 2026-02-18 10:53:30 Image size of job updated: 513076
	227  -  MemoryUsage of job (MB)
	231756  -  ResidentSetSize of job (KB)
...
006 (16309174.071.000) 2026-02-18 10:58:30 Image size of job updated: 513076
	227  -  MemoryUsage of job (MB)
	231764  -  ResidentSetSize of job (KB)
...
006 (16309174.071.000) 2026-02-18 11:33:34 Image size of job updated: 513076
	227  -  MemoryUsage of job (MB)
	231876  -  ResidentSetSize of job (KB)
...
006 (16309174.071.000) 2026-02-18 12:03:38 Image size of job updated: 513076
	227  -  MemoryUsage of job (MB)
	232068  -  ResidentSetSize of job (KB)
...
006 (16309174.071.000) 2026-02-18 12:08:39 Image size of job updated: 513076
	227  -  MemoryUsage of job (MB)
	232100  -  ResidentSetSize of job (KB)
...
006 (16309174.071.000) 2026-02-18 12:13:39 Image size of job updated: 513076
	227  -  MemoryUsage of job (MB)
	232160  -  ResidentSetSize of job (KB)
...
006 (16309174.071.000) 2026-02-18 12:18:39 Image size of job updated: 513076
	227  -  MemoryUsage of job (MB)
	232248  -  ResidentSetSize of job (KB)
...
006 (16309174.071.000) 2026-02-18 12:23:40 Image size of job updated: 513076
	227  -  MemoryUsage of job (MB)
	232316  -  ResidentSetSize of job (KB)
...
006 (16309174.071.000) 2026-02-18 12:28:40 Image size of job updated: 513076
	228  -  MemoryUsage of job (MB)
	232516  -  ResidentSetSize of job (KB)
...
006 (16309174.071.000) 2026-02-18 12:33:40 Image size of job updated: 513076
	228  -  MemoryUsage of job (MB)
	232772  -  ResidentSetSize of job (KB)
...
006 (16309174.071.000) 2026-02-18 17:19:08 Image size of job updated: 513076
	228  -  MemoryUsage of job (MB)
	232884  -  ResidentSetSize of job (KB)
...
006 (16309174.071.000) 2026-02-18 18:09:13 Image size of job updated: 513076
	229  -  MemoryUsage of job (MB)
	233508  -  ResidentSetSize of job (KB)
...
006 (16309174.071.000) 2026-02-18 18:14:14 Image size of job updated: 513076
	229  -  MemoryUsage of job (MB)
	233664  -  ResidentSetSize of job (KB)
...
006 (16309174.071.000) 2026-02-18 22:59:42 Image size of job updated: 513076
	229  -  MemoryUsage of job (MB)
	234292  -  ResidentSetSize of job (KB)
...
006 (16309174.071.000) 2026-02-19 03:05:08 Image size of job updated: 513076
	229  -  MemoryUsage of job (MB)
	234424  -  ResidentSetSize of job (KB)
...
006 (16309174.071.000) 2026-02-19 06:20:27 Image size of job updated: 513076
	229  -  MemoryUsage of job (MB)
	234436  -  ResidentSetSize of job (KB)
...
006 (16309174.071.000) 2026-02-19 06:25:27 Image size of job updated: 513076
	230  -  MemoryUsage of job (MB)
	234680  -  ResidentSetSize of job (KB)
...
006 (16309174.071.000) 2026-02-19 07:45:37 Image size of job updated: 513076
	230  -  MemoryUsage of job (MB)
	234836  -  ResidentSetSize of job (KB)
...
006 (16309174.071.000) 2026-02-19 08:05:39 Image size of job updated: 513076
	230  -  MemoryUsage of job (MB)
	234848  -  ResidentSetSize of job (KB)
...
006 (16309174.071.000) 2026-02-19 08:10:40 Image size of job updated: 513076
	230  -  MemoryUsage of job (MB)
	234864  -  ResidentSetSize of job (KB)
...
006 (16309174.071.000) 2026-02-19 08:15:40 Image size of job updated: 513076
	230  -  MemoryUsage of job (MB)
	235092  -  ResidentSetSize of job (KB)
...
006 (16309174.071.000) 2026-02-19 08:30:41 Image size of job updated: 513076
	230  -  MemoryUsage of job (MB)
	235404  -  ResidentSetSize of job (KB)
...
006 (16309174.071.000) 2026-02-19 08:45:43 Image size of job updated: 513076
	230  -  MemoryUsage of job (MB)
	235424  -  ResidentSetSize of job (KB)
...
006 (16309174.071.000) 2026-02-19 08:50:43 Image size of job updated: 513076
	231  -  MemoryUsage of job (MB)
	235660  -  ResidentSetSize of job (KB)
...
006 (16309174.071.000) 2026-02-19 10:30:55 Image size of job updated: 513076
	231  -  MemoryUsage of job (MB)
	235668  -  ResidentSetSize of job (KB)
...
006 (16309174.071.000) 2026-02-19 10:35:55 Image size of job updated: 513076
	231  -  MemoryUsage of job (MB)
	235708  -  ResidentSetSize of job (KB)
...
006 (16309174.071.000) 2026-02-19 10:40:55 Image size of job updated: 513076
	231  -  MemoryUsage of job (MB)
	235916  -  ResidentSetSize of job (KB)
...
006 (16309174.071.000) 2026-02-19 12:21:06 Image size of job updated: 513076
	231  -  MemoryUsage of job (MB)
	235940  -  ResidentSetSize of job (KB)
...
006 (16309174.071.000) 2026-02-19 12:26:06 Image size of job updated: 513076
	231  -  MemoryUsage of job (MB)
	236172  -  ResidentSetSize of job (KB)
...
006 (16309174.071.000) 2026-02-19 14:01:16 Image size of job updated: 513076
	231  -  MemoryUsage of job (MB)
	236196  -  ResidentSetSize of job (KB)
...
006 (16309174.071.000) 2026-02-19 14:06:16 Image size of job updated: 513076
	231  -  MemoryUsage of job (MB)
	236212  -  ResidentSetSize of job (KB)
...
006 (16309174.071.000) 2026-02-19 14:11:17 Image size of job updated: 513076
	231  -  MemoryUsage of job (MB)
	236428  -  ResidentSetSize of job (KB)
...
006 (16309174.071.000) 2026-02-19 14:46:19 Image size of job updated: 513076
	231  -  MemoryUsage of job (MB)
	236460  -  ResidentSetSize of job (KB)
...
006 (16309174.071.000) 2026-02-19 14:51:19 Image size of job updated: 513076
	232  -  MemoryUsage of job (MB)
	236656  -  ResidentSetSize of job (KB)
...
006 (16309174.071.000) 2026-02-19 14:56:20 Image size of job updated: 513076
	232  -  MemoryUsage of job (MB)
	236840  -  ResidentSetSize of job (KB)
...
006 (16309174.071.000) 2026-02-19 16:31:30 Image size of job updated: 513076
	232  -  MemoryUsage of job (MB)
	236856  -  ResidentSetSize of job (KB)
...
006 (16309174.071.000) 2026-02-19 16:36:30 Image size of job updated: 513076
	232  -  MemoryUsage of job (MB)
	237408  -  ResidentSetSize of job (KB)
...
006 (16309174.071.000) 2026-02-19 16:51:31 Image size of job updated: 513076
	232  -  MemoryUsage of job (MB)
	237564  -  ResidentSetSize of job (KB)
...
006 (16309174.071.000) 2026-02-19 21:46:57 Image size of job updated: 513076
	232  -  MemoryUsage of job (MB)
	237568  -  ResidentSetSize of job (KB)
...
006 (16309174.071.000) 2026-02-20 00:22:13 Image size of job updated: 513076
	233  -  MemoryUsage of job (MB)
	237572  -  ResidentSetSize of job (KB)
...
022 (16309174.071.000) 2026-02-20 03:44:36 Job disconnected, attempting to reconnect
    Local schedd and job shadow died, schedd now running again
    Trying to reconnect to slot1_22@pascal02.zeuthen.desy.de <141.34.14.229:9618?addrs=141.34.14.229-9618+[2001-638-700-f00e--1-e5]-9618&alias=pascal02.zeuthen.desy.de&noUDP&sock=startd_11552_4a24>
...
023 (16309174.071.000) 2026-02-20 03:44:45 Job reconnected to slot1_22@pascal02.zeuthen.desy.de
    startd address: <141.34.14.229:9618?addrs=141.34.14.229-9618+[2001-638-700-f00e--1-e5]-9618&alias=pascal02.zeuthen.desy.de&noUDP&sock=startd_11552_4a24>
    starter address: <141.34.14.229:9618?addrs=141.34.14.229-9618+[2001-638-700-f00e--1-e5]-9618&alias=pascal02.zeuthen.desy.de&noUDP&sock=slot1_22_12279_6a8c_35257>
...
021 (16309174.071.000) 2026-02-20 10:43:18 Error from starter on slot1_22@pascal02.zeuthen.desy.de:
	runtime exceeded maximum (target.Runtime seconds)
	Code 21 Subcode 103
...
004 (16309174.071.000) 2026-02-20 10:43:18 Job was evicted.
	(0) CPU times
		Usr 1 23:41:49, Sys 0 00:00:06  -  Run Remote Usage
		Usr 0 00:00:00, Sys 0 00:00:00  -  Run Local Usage
	0  -  Run Bytes Sent By Job
	0  -  Run Bytes Received By Job
	Error from slot1_22@pascal02.zeuthen.desy.de: runtime exceeded maximum (target.Runtime seconds)
	Partitionable Resources :         Usage  Request Allocated 
	   Cpus                 :          1.00        1         1 
	   Disk (KB)            :          1     1024000   1025109 
	   Memory (MB)          :        245        5120      5120 
	   TimeSlotBusy (s)     : 1771580598                       
...
012 (16309174.071.000) 2026-02-20 10:43:18 Job was held.
	Error from slot1_22@pascal02.zeuthen.desy.de: runtime exceeded maximum (target.Runtime seconds)
	Code 21 Subcode 103
...
009 (16309174.071.000) 2026-02-23 19:29:11 Job was aborted.
	via condor_rm (by user tuccia)
...
000 (16619852.071.000) 2026-02-23 19:30:03 Job submitted from host: <141.34.103.35:9618?addrs=141.34.103.35-9618+[2001-638-700-f067--1-23]-9618&alias=wgs39.zeuthen.desy.de&noUDP&sock=schedd_7302_24a3>
...
001 (16619852.071.000) 2026-02-23 19:30:21 Job executing on host: <141.34.14.35:9618?addrs=141.34.14.35-9618+[2001-638-700-f00e--1-23]-9618&alias=ampere04.zeuthen.desy.de&noUDP&sock=startd_7950_9e02>
	SlotName: slot1_17@ampere04.zeuthen.desy.de
	AvailableGPUs = {  }
	CondorScratchDir = "/batch/dir_3673753"
	Cpus = 1
	Disk = 1025682
	GPUs = 0
	Memory = 5120
...
006 (16619852.071.000) 2026-02-23 19:30:35 Image size of job updated: 91336
	90  -  MemoryUsage of job (MB)
	91336  -  ResidentSetSize of job (KB)
...
006 (16619852.071.000) 2026-02-23 19:35:36 Image size of job updated: 367080
	285  -  MemoryUsage of job (MB)
	291412  -  ResidentSetSize of job (KB)
...
006 (16619852.071.000) 2026-02-23 19:40:36 Image size of job updated: 367080
	285  -  MemoryUsage of job (MB)
	291424  -  ResidentSetSize of job (KB)
...
006 (16619852.071.000) 2026-02-23 19:55:38 Image size of job updated: 367080
	285  -  MemoryUsage of job (MB)
	291452  -  ResidentSetSize of job (KB)
...
006 (16619852.071.000) 2026-02-23 20:00:39 Image size of job updated: 367080
	285  -  MemoryUsage of job (MB)
	291524  -  ResidentSetSize of job (KB)
...
006 (16619852.071.000) 2026-02-23 20:15:40 Image size of job updated: 367080
	285  -  MemoryUsage of job (MB)
	291764  -  ResidentSetSize of job (KB)
...
006 (16619852.071.000) 2026-02-23 20:20:40 Image size of job updated: 367080
	285  -  MemoryUsage of job (MB)
	291796  -  ResidentSetSize of job (KB)
...
006 (16619852.071.000) 2026-02-23 20:25:41 Image size of job updated: 367080
	286  -  MemoryUsage of job (MB)
	291948  -  ResidentSetSize of job (KB)
...
006 (16619852.071.000) 2026-02-23 20:30:42 Image size of job updated: 367080
	286  -  MemoryUsage of job (MB)
	291956  -  ResidentSetSize of job (KB)
...
006 (16619852.071.000) 2026-02-23 20:35:42 Image size of job updated: 367080
	286  -  MemoryUsage of job (MB)
	292048  -  ResidentSetSize of job (KB)
...
006 (16619852.071.000) 2026-02-23 21:40:48 Image size of job updated: 367080
	286  -  MemoryUsage of job (MB)
	292132  -  ResidentSetSize of job (KB)
...
006 (16619852.071.000) 2026-02-23 22:35:52 Image size of job updated: 367080
	286  -  MemoryUsage of job (MB)
	292176  -  ResidentSetSize of job (KB)
...
006 (16619852.071.000) 2026-02-23 23:00:55 Image size of job updated: 367080
	286  -  MemoryUsage of job (MB)
	292388  -  ResidentSetSize of job (KB)
...
006 (16619852.071.000) 2026-02-23 23:20:58 Image size of job updated: 367080
	286  -  MemoryUsage of job (MB)
	292444  -  ResidentSetSize of job (KB)
...
006 (16619852.071.000) 2026-02-23 23:25:58 Image size of job updated: 367080
	287  -  MemoryUsage of job (MB)
	293380  -  ResidentSetSize of job (KB)
...
006 (16619852.071.000) 2026-02-23 23:30:58 Image size of job updated: 367080
	287  -  MemoryUsage of job (MB)
	293540  -  ResidentSetSize of job (KB)
...
006 (16619852.071.000) 2026-02-24 02:11:15 Image size of job updated: 367080
	287  -  MemoryUsage of job (MB)
	293852  -  ResidentSetSize of job (KB)
...
022 (16619852.071.000) 2026-02-24 08:04:09 Job disconnected, attempting to reconnect
    Local schedd and job shadow died, schedd now running again
    Trying to reconnect to slot1_17@ampere04.zeuthen.desy.de <141.34.14.35:9618?addrs=141.34.14.35-9618+[2001-638-700-f00e--1-23]-9618&alias=ampere04.zeuthen.desy.de&noUDP&sock=startd_7950_9e02>
...
023 (16619852.071.000) 2026-02-24 08:04:19 Job reconnected to slot1_17@ampere04.zeuthen.desy.de
    startd address: <141.34.14.35:9618?addrs=141.34.14.35-9618+[2001-638-700-f00e--1-23]-9618&alias=ampere04.zeuthen.desy.de&noUDP&sock=startd_7950_9e02>
    starter address: <141.34.14.35:9618?addrs=141.34.14.35-9618+[2001-638-700-f00e--1-23]-9618&alias=ampere04.zeuthen.desy.de&noUDP&sock=slot1_17_8523_f974_22843>
...
005 (16619852.071.000) 2026-02-25 18:26:08 Job terminated.
	(1) Normal termination (return value 0)
		Usr 1 21:49:17, Sys 0 00:04:44  -  Run Remote Usage
		Usr 0 00:00:00, Sys 0 00:00:00  -  Run Local Usage
		Usr 2 09:48:22, Sys 0 00:05:38  -  Total Remote Usage
		Usr 0 00:00:00, Sys 0 00:00:00  -  Total Local Usage
	0  -  Run Bytes Sent By Job
	0  -  Run Bytes Received By Job
	0  -  Total Bytes Sent By Job
	0  -  Total Bytes Received By Job
	Partitionable Resources :         Usage  Request Allocated 
	   Cpus                 :          0.99        1         1 
	   Disk (KB)            :          1     1024000   1025682 
	   Memory (MB)          :        293        5120      5120 
	   TimeExecute (s)      : 1772040368                       
	   TimeSlotBusy (s)     : 1772040368                       

	Job terminated of its own accord at 2026-02-25T17:26:08Z with exit-code 0.
...
