000 (15756407.460.000) 2026-02-06 11:26:11 Job submitted from host: <141.34.103.35:9618?addrs=141.34.103.35-9618+[2001-638-700-f067--1-23]-9618&alias=wgs39.zeuthen.desy.de&noUDP&sock=schedd_7414_f73f>
...
001 (15756407.460.000) 2026-02-09 03:52:29 Job executing on host: <141.34.15.200:9618?addrs=141.34.15.200-9618+[2001-638-700-f00f--1-c8]-9618&alias=pizza02.zeuthen.desy.de&noUDP&sock=startd_8244_46da>
	SlotName: slot1_2@pizza02.zeuthen.desy.de
	CondorScratchDir = "/batch/dir_333871"
	Cpus = 8
	Disk = 1025696
	GPUs = 0
	Memory = 16384
...
006 (15756407.460.000) 2026-02-09 03:52:43 Image size of job updated: 91472
	90  -  MemoryUsage of job (MB)
	91472  -  ResidentSetSize of job (KB)
...
006 (15756407.460.000) 2026-02-09 03:57:44 Image size of job updated: 291160
	284  -  MemoryUsage of job (MB)
	289972  -  ResidentSetSize of job (KB)
...
006 (15756407.460.000) 2026-02-09 04:02:45 Image size of job updated: 291616
	285  -  MemoryUsage of job (MB)
	291372  -  ResidentSetSize of job (KB)
...
006 (15756407.460.000) 2026-02-09 04:07:45 Image size of job updated: 306012
	296  -  MemoryUsage of job (MB)
	302600  -  ResidentSetSize of job (KB)
...
006 (15756407.460.000) 2026-02-09 04:12:46 Image size of job updated: 306304
	299  -  MemoryUsage of job (MB)
	305832  -  ResidentSetSize of job (KB)
...
006 (15756407.460.000) 2026-02-09 04:17:47 Image size of job updated: 307336
	301  -  MemoryUsage of job (MB)
	307336  -  ResidentSetSize of job (KB)
...
006 (15756407.460.000) 2026-02-09 04:22:47 Image size of job updated: 307680
	301  -  MemoryUsage of job (MB)
	307680  -  ResidentSetSize of job (KB)
...
006 (15756407.460.000) 2026-02-09 04:27:48 Image size of job updated: 320332
	313  -  MemoryUsage of job (MB)
	320332  -  ResidentSetSize of job (KB)
...
006 (15756407.460.000) 2026-02-09 04:32:49 Image size of job updated: 328708
	322  -  MemoryUsage of job (MB)
	328708  -  ResidentSetSize of job (KB)
...
006 (15756407.460.000) 2026-02-09 04:37:49 Image size of job updated: 378472
	370  -  MemoryUsage of job (MB)
	378472  -  ResidentSetSize of job (KB)
...
006 (15756407.460.000) 2026-02-09 04:42:50 Image size of job updated: 378740
	370  -  MemoryUsage of job (MB)
	378740  -  ResidentSetSize of job (KB)
...
006 (15756407.460.000) 2026-02-09 05:02:53 Image size of job updated: 381664
	373  -  MemoryUsage of job (MB)
	381664  -  ResidentSetSize of job (KB)
...
006 (15756407.460.000) 2026-02-09 05:07:53 Image size of job updated: 382112
	374  -  MemoryUsage of job (MB)
	382112  -  ResidentSetSize of job (KB)
...
006 (15756407.460.000) 2026-02-09 05:12:53 Image size of job updated: 386304
	378  -  MemoryUsage of job (MB)
	386304  -  ResidentSetSize of job (KB)
...
006 (15756407.460.000) 2026-02-09 05:17:54 Image size of job updated: 386548
	378  -  MemoryUsage of job (MB)
	386460  -  ResidentSetSize of job (KB)
...
006 (15756407.460.000) 2026-02-09 05:22:54 Image size of job updated: 388288
	380  -  MemoryUsage of job (MB)
	388288  -  ResidentSetSize of job (KB)
...
006 (15756407.460.000) 2026-02-09 05:27:54 Image size of job updated: 393604
	385  -  MemoryUsage of job (MB)
	393604  -  ResidentSetSize of job (KB)
...
006 (15756407.460.000) 2026-02-09 05:32:55 Image size of job updated: 393744
	385  -  MemoryUsage of job (MB)
	393744  -  ResidentSetSize of job (KB)
...
006 (15756407.460.000) 2026-02-09 05:52:56 Image size of job updated: 396716
	388  -  MemoryUsage of job (MB)
	396716  -  ResidentSetSize of job (KB)
...
006 (15756407.460.000) 2026-02-09 05:57:56 Image size of job updated: 397260
	388  -  MemoryUsage of job (MB)
	397260  -  ResidentSetSize of job (KB)
...
006 (15756407.460.000) 2026-02-09 06:02:57 Image size of job updated: 399192
	390  -  MemoryUsage of job (MB)
	399192  -  ResidentSetSize of job (KB)
...
006 (15756407.460.000) 2026-02-09 06:07:57 Image size of job updated: 399768
	391  -  MemoryUsage of job (MB)
	399768  -  ResidentSetSize of job (KB)
...
006 (15756407.460.000) 2026-02-09 06:12:57 Image size of job updated: 399784
	391  -  MemoryUsage of job (MB)
	399784  -  ResidentSetSize of job (KB)
...
006 (15756407.460.000) 2026-02-09 06:17:58 Image size of job updated: 400024
	391  -  MemoryUsage of job (MB)
	400024  -  ResidentSetSize of job (KB)
...
006 (15756407.460.000) 2026-02-09 06:53:00 Image size of job updated: 403468
	395  -  MemoryUsage of job (MB)
	403468  -  ResidentSetSize of job (KB)
...
006 (15756407.460.000) 2026-02-09 07:13:01 Image size of job updated: 403500
	395  -  MemoryUsage of job (MB)
	403500  -  ResidentSetSize of job (KB)
...
006 (15756407.460.000) 2026-02-09 07:18:02 Image size of job updated: 403724
	395  -  MemoryUsage of job (MB)
	403724  -  ResidentSetSize of job (KB)
...
006 (15756407.460.000) 2026-02-09 08:13:09 Image size of job updated: 403768
	395  -  MemoryUsage of job (MB)
	403768  -  ResidentSetSize of job (KB)
...
006 (15756407.460.000) 2026-02-09 08:18:10 Image size of job updated: 403980
	395  -  MemoryUsage of job (MB)
	403980  -  ResidentSetSize of job (KB)
...
006 (15756407.460.000) 2026-02-09 08:23:11 Image size of job updated: 408804
	400  -  MemoryUsage of job (MB)
	408804  -  ResidentSetSize of job (KB)
...
006 (15756407.460.000) 2026-02-09 08:28:11 Image size of job updated: 409004
	400  -  MemoryUsage of job (MB)
	409004  -  ResidentSetSize of job (KB)
...
006 (15756407.460.000) 2026-02-09 09:18:16 Image size of job updated: 409084
	400  -  MemoryUsage of job (MB)
	409084  -  ResidentSetSize of job (KB)
...
006 (15756407.460.000) 2026-02-09 09:23:17 Image size of job updated: 409260
	400  -  MemoryUsage of job (MB)
	409260  -  ResidentSetSize of job (KB)
...
006 (15756407.460.000) 2026-02-09 09:53:19 Image size of job updated: 436324
	427  -  MemoryUsage of job (MB)
	436324  -  ResidentSetSize of job (KB)
...
006 (15756407.460.000) 2026-02-09 09:58:19 Image size of job updated: 436708
	427  -  MemoryUsage of job (MB)
	436708  -  ResidentSetSize of job (KB)
...
006 (15756407.460.000) 2026-02-09 10:03:19 Image size of job updated: 436808
	427  -  MemoryUsage of job (MB)
	436808  -  ResidentSetSize of job (KB)
...
006 (15756407.460.000) 2026-02-09 10:08:20 Image size of job updated: 436980
	427  -  MemoryUsage of job (MB)
	436980  -  ResidentSetSize of job (KB)
...
006 (15756407.460.000) 2026-02-09 10:43:23 Image size of job updated: 436996
	427  -  MemoryUsage of job (MB)
	436996  -  ResidentSetSize of job (KB)
...
006 (15756407.460.000) 2026-02-09 10:53:24 Image size of job updated: 437144
	427  -  MemoryUsage of job (MB)
	437144  -  ResidentSetSize of job (KB)
...
006 (15756407.460.000) 2026-02-09 10:58:25 Image size of job updated: 437356
	428  -  MemoryUsage of job (MB)
	437356  -  ResidentSetSize of job (KB)
...
006 (15756407.460.000) 2026-02-09 11:03:25 Image size of job updated: 437416
	428  -  MemoryUsage of job (MB)
	437416  -  ResidentSetSize of job (KB)
...
006 (15756407.460.000) 2026-02-09 11:13:27 Image size of job updated: 437440
	428  -  MemoryUsage of job (MB)
	437440  -  ResidentSetSize of job (KB)
...
006 (15756407.460.000) 2026-02-09 14:38:46 Image size of job updated: 437864
	428  -  MemoryUsage of job (MB)
	437864  -  ResidentSetSize of job (KB)
...
006 (15756407.460.000) 2026-02-09 14:43:47 Image size of job updated: 437888
	428  -  MemoryUsage of job (MB)
	437888  -  ResidentSetSize of job (KB)
...
006 (15756407.460.000) 2026-02-09 14:53:48 Image size of job updated: 437908
	428  -  MemoryUsage of job (MB)
	437908  -  ResidentSetSize of job (KB)
...
006 (15756407.460.000) 2026-02-09 15:03:50 Image size of job updated: 437916
	428  -  MemoryUsage of job (MB)
	437916  -  ResidentSetSize of job (KB)
...
006 (15756407.460.000) 2026-02-09 15:18:52 Image size of job updated: 438116
	428  -  MemoryUsage of job (MB)
	438116  -  ResidentSetSize of job (KB)
...
006 (15756407.460.000) 2026-02-09 15:23:52 Image size of job updated: 438216
	428  -  MemoryUsage of job (MB)
	438216  -  ResidentSetSize of job (KB)
...
006 (15756407.460.000) 2026-02-09 15:28:53 Image size of job updated: 438308
	429  -  MemoryUsage of job (MB)
	438308  -  ResidentSetSize of job (KB)
...
006 (15756407.460.000) 2026-02-09 15:43:54 Image size of job updated: 438364
	429  -  MemoryUsage of job (MB)
	438364  -  ResidentSetSize of job (KB)
...
006 (15756407.460.000) 2026-02-09 18:14:10 Image size of job updated: 438380
	429  -  MemoryUsage of job (MB)
	438380  -  ResidentSetSize of job (KB)
...
006 (15756407.460.000) 2026-02-09 18:49:14 Image size of job updated: 438536
	429  -  MemoryUsage of job (MB)
	438536  -  ResidentSetSize of job (KB)
...
006 (15756407.460.000) 2026-02-09 18:54:15 Image size of job updated: 438668
	429  -  MemoryUsage of job (MB)
	438668  -  ResidentSetSize of job (KB)
...
006 (15756407.460.000) 2026-02-09 20:24:21 Image size of job updated: 438724
	429  -  MemoryUsage of job (MB)
	438724  -  ResidentSetSize of job (KB)
...
006 (15756407.460.000) 2026-02-09 20:29:21 Image size of job updated: 438788
	429  -  MemoryUsage of job (MB)
	438788  -  ResidentSetSize of job (KB)
...
006 (15756407.460.000) 2026-02-09 21:09:25 Image size of job updated: 438816
	429  -  MemoryUsage of job (MB)
	438816  -  ResidentSetSize of job (KB)
...
006 (15756407.460.000) 2026-02-09 23:29:44 Image size of job updated: 438928
	429  -  MemoryUsage of job (MB)
	438928  -  ResidentSetSize of job (KB)
...
006 (15756407.460.000) 2026-02-10 00:34:52 Image size of job updated: 438984
	429  -  MemoryUsage of job (MB)
	438984  -  ResidentSetSize of job (KB)
...
006 (15756407.460.000) 2026-02-10 06:50:29 Image size of job updated: 439040
	429  -  MemoryUsage of job (MB)
	439040  -  ResidentSetSize of job (KB)
...
022 (15756407.460.000) 2026-02-10 08:04:04 Job disconnected, attempting to reconnect
    Local schedd and job shadow died, schedd now running again
    Trying to reconnect to slot1_2@pizza02.zeuthen.desy.de <141.34.15.200:9618?addrs=141.34.15.200-9618+[2001-638-700-f00f--1-c8]-9618&alias=pizza02.zeuthen.desy.de&noUDP&sock=startd_8244_46da>
...
023 (15756407.460.000) 2026-02-10 08:04:11 Job reconnected to slot1_2@pizza02.zeuthen.desy.de
    startd address: <141.34.15.200:9618?addrs=141.34.15.200-9618+[2001-638-700-f00f--1-c8]-9618&alias=pizza02.zeuthen.desy.de&noUDP&sock=startd_8244_46da>
    starter address: <141.34.15.200:9618?addrs=141.34.15.200-9618+[2001-638-700-f00f--1-c8]-9618&alias=pizza02.zeuthen.desy.de&noUDP&sock=slot1_2_8710_bb9b_22532>
...
