000 (15756408.438.000) 2026-02-06 11:26:58 Job submitted from host: <141.34.103.35:9618?addrs=141.34.103.35-9618+[2001-638-700-f067--1-23]-9618&alias=wgs39.zeuthen.desy.de&noUDP&sock=schedd_7414_f73f>
...
009 (15756408.438.000) 2026-02-10 11:47:32 Job was aborted.
	via condor_rm (by user tuccia)
...
000 (15951004.292.000) 2026-02-10 16:30:03 Job submitted from host: <141.34.103.35:9618?addrs=141.34.103.35-9618+[2001-638-700-f067--1-23]-9618&alias=wgs39.zeuthen.desy.de&noUDP&sock=schedd_7302_24a3>
...
001 (15951004.292.000) 2026-02-10 18:28:51 Job executing on host: <141.34.15.202:9618?addrs=141.34.15.202-9618+[2001-638-700-f00f--1-ca]-9618&alias=pizza04.zeuthen.desy.de&noUDP&sock=startd_9156_d539>
	SlotName: slot1_1@pizza04.zeuthen.desy.de
	CondorScratchDir = "/batch/dir_3042102"
	Cpus = 1
	Disk = 1025696
	GPUs = 0
	Memory = 5120
...
006 (15951004.292.000) 2026-02-10 18:29:04 Image size of job updated: 91356
	90  -  MemoryUsage of job (MB)
	91356  -  ResidentSetSize of job (KB)
...
006 (15951004.292.000) 2026-02-10 18:34:04 Image size of job updated: 390036
	230  -  MemoryUsage of job (MB)
	234520  -  ResidentSetSize of job (KB)
...
006 (15951004.292.000) 2026-02-10 18:39:04 Image size of job updated: 390036
	230  -  MemoryUsage of job (MB)
	234692  -  ResidentSetSize of job (KB)
...
006 (15951004.292.000) 2026-02-10 18:44:05 Image size of job updated: 390036
	230  -  MemoryUsage of job (MB)
	234700  -  ResidentSetSize of job (KB)
...
006 (15951004.292.000) 2026-02-10 18:54:05 Image size of job updated: 390036
	230  -  MemoryUsage of job (MB)
	234708  -  ResidentSetSize of job (KB)
...
006 (15951004.292.000) 2026-02-10 19:04:06 Image size of job updated: 390036
	230  -  MemoryUsage of job (MB)
	234712  -  ResidentSetSize of job (KB)
...
006 (15951004.292.000) 2026-02-10 19:14:07 Image size of job updated: 390036
	230  -  MemoryUsage of job (MB)
	234728  -  ResidentSetSize of job (KB)
...
006 (15951004.292.000) 2026-02-10 19:34:09 Image size of job updated: 390036
	230  -  MemoryUsage of job (MB)
	234744  -  ResidentSetSize of job (KB)
...
006 (15951004.292.000) 2026-02-10 19:44:10 Image size of job updated: 390036
	232  -  MemoryUsage of job (MB)
	237000  -  ResidentSetSize of job (KB)
...
006 (15951004.292.000) 2026-02-10 19:54:10 Image size of job updated: 390036
	232  -  MemoryUsage of job (MB)
	237084  -  ResidentSetSize of job (KB)
...
006 (15951004.292.000) 2026-02-10 20:04:11 Image size of job updated: 390036
	232  -  MemoryUsage of job (MB)
	237204  -  ResidentSetSize of job (KB)
...
006 (15951004.292.000) 2026-02-10 21:04:19 Image size of job updated: 390036
	232  -  MemoryUsage of job (MB)
	237316  -  ResidentSetSize of job (KB)
...
006 (15951004.292.000) 2026-02-11 02:04:58 Image size of job updated: 390036
	232  -  MemoryUsage of job (MB)
	237360  -  ResidentSetSize of job (KB)
...
006 (15951004.292.000) 2026-02-11 02:35:02 Image size of job updated: 390036
	232  -  MemoryUsage of job (MB)
	237472  -  ResidentSetSize of job (KB)
...
006 (15951004.292.000) 2026-02-11 02:45:04 Image size of job updated: 390036
	233  -  MemoryUsage of job (MB)
	237628  -  ResidentSetSize of job (KB)
...
006 (15951004.292.000) 2026-02-11 05:20:24 Image size of job updated: 390036
	233  -  MemoryUsage of job (MB)
	238096  -  ResidentSetSize of job (KB)
...
004 (15951004.292.000) 2026-02-11 11:11:57 Job was evicted.
	(0) CPU times
		Usr 0 16:31:28, Sys 0 00:00:04  -  Run Remote Usage
		Usr 0 00:00:00, Sys 0 00:00:00  -  Run Local Usage
	0  -  Run Bytes Sent By Job
	0  -  Run Bytes Received By Job
	Partitionable Resources :    Usage  Request Allocated 
	   Cpus                 :     0.99        1         1 
	   Disk (KB)            :     1     1024000   1025696 
	   GPUs                 :                           0 
	   Memory (MB)          :   233        5120      5120 
	   TimeExecute (s)      : 60185                       
	   TimeSlotBusy (s)     : 60187                       
...
009 (15951004.292.000) 2026-02-11 11:11:58 Job was aborted.
	via condor_rm (by user tuccia)
...
000 (15988842.292.000) 2026-02-11 11:12:47 Job submitted from host: <141.34.103.35:9618?addrs=141.34.103.35-9618+[2001-638-700-f067--1-23]-9618&alias=wgs39.zeuthen.desy.de&noUDP&sock=schedd_7302_24a3>
...
001 (15988842.292.000) 2026-02-11 11:35:52 Job executing on host: <141.34.15.49:9618?addrs=141.34.15.49-9618+[2001-638-700-f00f--1-31]-9618&alias=pizza20.zeuthen.desy.de&noUDP&sock=startd_9146_f947>
	SlotName: slot1_32@pizza20.zeuthen.desy.de
	CondorScratchDir = "/batch/dir_2880937"
	Cpus = 1
	Disk = 1025696
	GPUs = 0
	Memory = 5120
...
006 (15988842.292.000) 2026-02-11 11:36:05 Image size of job updated: 91364
	90  -  MemoryUsage of job (MB)
	91364  -  ResidentSetSize of job (KB)
...
006 (15988842.292.000) 2026-02-11 11:41:05 Image size of job updated: 234760
	230  -  MemoryUsage of job (MB)
	234760  -  ResidentSetSize of job (KB)
...
006 (15988842.292.000) 2026-02-11 11:46:06 Image size of job updated: 234904
	230  -  MemoryUsage of job (MB)
	234904  -  ResidentSetSize of job (KB)
...
006 (15988842.292.000) 2026-02-11 11:51:07 Image size of job updated: 234908
	230  -  MemoryUsage of job (MB)
	234908  -  ResidentSetSize of job (KB)
...
006 (15988842.292.000) 2026-02-11 12:01:08 Image size of job updated: 234936
	230  -  MemoryUsage of job (MB)
	234936  -  ResidentSetSize of job (KB)
...
006 (15988842.292.000) 2026-02-11 12:36:12 Image size of job updated: 234944
	230  -  MemoryUsage of job (MB)
	234944  -  ResidentSetSize of job (KB)
...
006 (15988842.292.000) 2026-02-11 12:51:13 Image size of job updated: 235056
	230  -  MemoryUsage of job (MB)
	235056  -  ResidentSetSize of job (KB)
...
006 (15988842.292.000) 2026-02-11 13:06:14 Image size of job updated: 237320
	232  -  MemoryUsage of job (MB)
	237320  -  ResidentSetSize of job (KB)
...
006 (15988842.292.000) 2026-02-11 14:41:20 Image size of job updated: 237480
	232  -  MemoryUsage of job (MB)
	237480  -  ResidentSetSize of job (KB)
...
006 (15988842.292.000) 2026-02-11 15:41:27 Image size of job updated: 237636
	233  -  MemoryUsage of job (MB)
	237636  -  ResidentSetSize of job (KB)
...
006 (15988842.292.000) 2026-02-11 16:11:31 Image size of job updated: 237656
	233  -  MemoryUsage of job (MB)
	237656  -  ResidentSetSize of job (KB)
...
006 (15988842.292.000) 2026-02-11 16:16:31 Image size of job updated: 237684
	233  -  MemoryUsage of job (MB)
	237684  -  ResidentSetSize of job (KB)
...
006 (15988842.292.000) 2026-02-11 16:21:31 Image size of job updated: 237728
	233  -  MemoryUsage of job (MB)
	237728  -  ResidentSetSize of job (KB)
...
006 (15988842.292.000) 2026-02-11 16:26:32 Image size of job updated: 237760
	233  -  MemoryUsage of job (MB)
	237760  -  ResidentSetSize of job (KB)
...
006 (15988842.292.000) 2026-02-11 16:31:32 Image size of job updated: 237788
	233  -  MemoryUsage of job (MB)
	237788  -  ResidentSetSize of job (KB)
...
006 (15988842.292.000) 2026-02-11 21:06:59 Image size of job updated: 237844
	233  -  MemoryUsage of job (MB)
	237844  -  ResidentSetSize of job (KB)
...
006 (15988842.292.000) 2026-02-12 04:22:41 Image size of job updated: 238000
	233  -  MemoryUsage of job (MB)
	238000  -  ResidentSetSize of job (KB)
...
006 (15988842.292.000) 2026-02-12 06:37:55 Image size of job updated: 238156
	233  -  MemoryUsage of job (MB)
	238156  -  ResidentSetSize of job (KB)
...
006 (15988842.292.000) 2026-02-12 08:18:05 Image size of job updated: 238468
	233  -  MemoryUsage of job (MB)
	238468  -  ResidentSetSize of job (KB)
...
006 (15988842.292.000) 2026-02-12 09:08:10 Image size of job updated: 238484
	233  -  MemoryUsage of job (MB)
	238484  -  ResidentSetSize of job (KB)
...
006 (15988842.292.000) 2026-02-12 09:13:11 Image size of job updated: 238496
	233  -  MemoryUsage of job (MB)
	238496  -  ResidentSetSize of job (KB)
...
006 (15988842.292.000) 2026-02-12 09:18:12 Image size of job updated: 238724
	234  -  MemoryUsage of job (MB)
	238724  -  ResidentSetSize of job (KB)
...
006 (15988842.292.000) 2026-02-12 09:43:14 Image size of job updated: 238736
	234  -  MemoryUsage of job (MB)
	238736  -  ResidentSetSize of job (KB)
...
006 (15988842.292.000) 2026-02-12 09:48:14 Image size of job updated: 238980
	234  -  MemoryUsage of job (MB)
	238980  -  ResidentSetSize of job (KB)
...
