000 (15756408.441.000) 2026-02-06 11:26:58 Job submitted from host: <141.34.103.35:9618?addrs=141.34.103.35-9618+[2001-638-700-f067--1-23]-9618&alias=wgs39.zeuthen.desy.de&noUDP&sock=schedd_7414_f73f>
...
009 (15756408.441.000) 2026-02-10 11:47:32 Job was aborted.
	via condor_rm (by user tuccia)
...
000 (15951004.294.000) 2026-02-10 16:30:03 Job submitted from host: <141.34.103.35:9618?addrs=141.34.103.35-9618+[2001-638-700-f067--1-23]-9618&alias=wgs39.zeuthen.desy.de&noUDP&sock=schedd_7302_24a3>
...
001 (15951004.294.000) 2026-02-10 18:28:51 Job executing on host: <141.34.15.47:9618?addrs=141.34.15.47-9618+[2001-638-700-f00f--1-2f]-9618&alias=pizza18.zeuthen.desy.de&noUDP&sock=startd_8216_1233>
	SlotName: slot1_8@pizza18.zeuthen.desy.de
	CondorScratchDir = "/batch/dir_971412"
	Cpus = 1
	Disk = 1025696
	GPUs = 0
	Memory = 5120
...
006 (15951004.294.000) 2026-02-10 18:29:04 Image size of job updated: 91392
	90  -  MemoryUsage of job (MB)
	91392  -  ResidentSetSize of job (KB)
...
006 (15951004.294.000) 2026-02-10 18:34:04 Image size of job updated: 317808
	234  -  MemoryUsage of job (MB)
	239204  -  ResidentSetSize of job (KB)
...
006 (15951004.294.000) 2026-02-10 18:39:04 Image size of job updated: 317808
	234  -  MemoryUsage of job (MB)
	239336  -  ResidentSetSize of job (KB)
...
006 (15951004.294.000) 2026-02-10 19:14:07 Image size of job updated: 317808
	234  -  MemoryUsage of job (MB)
	239420  -  ResidentSetSize of job (KB)
...
006 (15951004.294.000) 2026-02-10 19:44:09 Image size of job updated: 317808
	234  -  MemoryUsage of job (MB)
	239464  -  ResidentSetSize of job (KB)
...
006 (15951004.294.000) 2026-02-10 20:09:10 Image size of job updated: 317808
	234  -  MemoryUsage of job (MB)
	239520  -  ResidentSetSize of job (KB)
...
006 (15951004.294.000) 2026-02-10 20:29:13 Image size of job updated: 317808
	236  -  MemoryUsage of job (MB)
	241564  -  ResidentSetSize of job (KB)
...
006 (15951004.294.000) 2026-02-10 21:04:17 Image size of job updated: 317808
	236  -  MemoryUsage of job (MB)
	241644  -  ResidentSetSize of job (KB)
...
006 (15951004.294.000) 2026-02-10 21:34:21 Image size of job updated: 317808
	237  -  MemoryUsage of job (MB)
	241800  -  ResidentSetSize of job (KB)
...
006 (15951004.294.000) 2026-02-10 21:39:22 Image size of job updated: 317808
	237  -  MemoryUsage of job (MB)
	241896  -  ResidentSetSize of job (KB)
...
006 (15951004.294.000) 2026-02-10 21:44:23 Image size of job updated: 317808
	237  -  MemoryUsage of job (MB)
	242208  -  ResidentSetSize of job (KB)
...
006 (15951004.294.000) 2026-02-10 22:19:27 Image size of job updated: 317808
	237  -  MemoryUsage of job (MB)
	242332  -  ResidentSetSize of job (KB)
...
006 (15951004.294.000) 2026-02-10 23:49:39 Image size of job updated: 317808
	237  -  MemoryUsage of job (MB)
	242472  -  ResidentSetSize of job (KB)
...
006 (15951004.294.000) 2026-02-11 00:09:42 Image size of job updated: 317808
	238  -  MemoryUsage of job (MB)
	242784  -  ResidentSetSize of job (KB)
...
006 (15951004.294.000) 2026-02-11 01:59:56 Image size of job updated: 317808
	238  -  MemoryUsage of job (MB)
	243096  -  ResidentSetSize of job (KB)
...
006 (15951004.294.000) 2026-02-11 09:55:34 Image size of job updated: 317808
	238  -  MemoryUsage of job (MB)
	243212  -  ResidentSetSize of job (KB)
...
004 (15951004.294.000) 2026-02-11 11:11:58 Job was evicted.
	(0) CPU times
		Usr 0 16:31:28, Sys 0 00:00:07  -  Run Remote Usage
		Usr 0 00:00:00, Sys 0 00:00:00  -  Run Local Usage
	0  -  Run Bytes Sent By Job
	0  -  Run Bytes Received By Job
	Partitionable Resources :    Usage  Request Allocated 
	   Cpus                 :     0.99        1         1 
	   Disk (KB)            :     1     1024000   1025696 
	   GPUs                 :                           0 
	   Memory (MB)          :   238        5120      5120 
	   TimeExecute (s)      : 60185                       
	   TimeSlotBusy (s)     : 60187                       
...
009 (15951004.294.000) 2026-02-11 11:11:58 Job was aborted.
	via condor_rm (by user tuccia)
...
000 (15988842.294.000) 2026-02-11 11:12:47 Job submitted from host: <141.34.103.35:9618?addrs=141.34.103.35-9618+[2001-638-700-f067--1-23]-9618&alias=wgs39.zeuthen.desy.de&noUDP&sock=schedd_7302_24a3>
...
001 (15988842.294.000) 2026-02-11 11:35:52 Job executing on host: <141.34.15.50:9618?addrs=141.34.15.50-9618+[2001-638-700-f00f--1-32]-9618&alias=pizza21.zeuthen.desy.de&noUDP&sock=startd_9205_715d>
	SlotName: slot1_29@pizza21.zeuthen.desy.de
	CondorScratchDir = "/batch/dir_3510551"
	Cpus = 1
	Disk = 1025696
	GPUs = 0
	Memory = 5120
...
006 (15988842.294.000) 2026-02-11 11:36:05 Image size of job updated: 91348
	90  -  MemoryUsage of job (MB)
	91348  -  ResidentSetSize of job (KB)
...
006 (15988842.294.000) 2026-02-11 11:41:05 Image size of job updated: 440584
	234  -  MemoryUsage of job (MB)
	238988  -  ResidentSetSize of job (KB)
...
006 (15988842.294.000) 2026-02-11 11:46:06 Image size of job updated: 440584
	234  -  MemoryUsage of job (MB)
	239436  -  ResidentSetSize of job (KB)
...
006 (15988842.294.000) 2026-02-11 12:06:09 Image size of job updated: 440584
	234  -  MemoryUsage of job (MB)
	239452  -  ResidentSetSize of job (KB)
...
006 (15988842.294.000) 2026-02-11 12:11:09 Image size of job updated: 440584
	234  -  MemoryUsage of job (MB)
	239460  -  ResidentSetSize of job (KB)
...
006 (15988842.294.000) 2026-02-11 12:21:11 Image size of job updated: 440584
	234  -  MemoryUsage of job (MB)
	239528  -  ResidentSetSize of job (KB)
...
006 (15988842.294.000) 2026-02-11 13:06:16 Image size of job updated: 440584
	234  -  MemoryUsage of job (MB)
	239576  -  ResidentSetSize of job (KB)
...
006 (15988842.294.000) 2026-02-11 13:26:17 Image size of job updated: 440584
	235  -  MemoryUsage of job (MB)
	239664  -  ResidentSetSize of job (KB)
...
006 (15988842.294.000) 2026-02-11 14:36:22 Image size of job updated: 440584
	235  -  MemoryUsage of job (MB)
	239976  -  ResidentSetSize of job (KB)
...
006 (15988842.294.000) 2026-02-11 15:51:31 Image size of job updated: 440584
	235  -  MemoryUsage of job (MB)
	240404  -  ResidentSetSize of job (KB)
...
006 (15988842.294.000) 2026-02-11 16:21:35 Image size of job updated: 440584
	237  -  MemoryUsage of job (MB)
	242448  -  ResidentSetSize of job (KB)
...
006 (15988842.294.000) 2026-02-11 18:36:49 Image size of job updated: 440584
	237  -  MemoryUsage of job (MB)
	242488  -  ResidentSetSize of job (KB)
...
006 (15988842.294.000) 2026-02-11 23:02:11 Image size of job updated: 440584
	237  -  MemoryUsage of job (MB)
	242644  -  ResidentSetSize of job (KB)
...
006 (15988842.294.000) 2026-02-12 03:37:36 Image size of job updated: 440584
	237  -  MemoryUsage of job (MB)
	242648  -  ResidentSetSize of job (KB)
...
006 (15988842.294.000) 2026-02-12 04:02:39 Image size of job updated: 440584
	237  -  MemoryUsage of job (MB)
	242652  -  ResidentSetSize of job (KB)
...
006 (15988842.294.000) 2026-02-12 07:47:59 Image size of job updated: 440584
	238  -  MemoryUsage of job (MB)
	242696  -  ResidentSetSize of job (KB)
...
006 (15988842.294.000) 2026-02-12 07:52:59 Image size of job updated: 440584
	238  -  MemoryUsage of job (MB)
	242908  -  ResidentSetSize of job (KB)
...
006 (15988842.294.000) 2026-02-12 08:23:03 Image size of job updated: 440584
	238  -  MemoryUsage of job (MB)
	243036  -  ResidentSetSize of job (KB)
...
006 (15988842.294.000) 2026-02-12 08:43:06 Image size of job updated: 440584
	238  -  MemoryUsage of job (MB)
	243044  -  ResidentSetSize of job (KB)
...
006 (15988842.294.000) 2026-02-12 09:03:09 Image size of job updated: 440584
	238  -  MemoryUsage of job (MB)
	243080  -  ResidentSetSize of job (KB)
...
006 (15988842.294.000) 2026-02-12 09:08:09 Image size of job updated: 440584
	238  -  MemoryUsage of job (MB)
	243144  -  ResidentSetSize of job (KB)
...
006 (15988842.294.000) 2026-02-12 09:13:10 Image size of job updated: 440584
	238  -  MemoryUsage of job (MB)
	243292  -  ResidentSetSize of job (KB)
...
006 (15988842.294.000) 2026-02-12 09:28:12 Image size of job updated: 440584
	238  -  MemoryUsage of job (MB)
	243304  -  ResidentSetSize of job (KB)
...
006 (15988842.294.000) 2026-02-12 09:33:13 Image size of job updated: 440584
	238  -  MemoryUsage of job (MB)
	243548  -  ResidentSetSize of job (KB)
...
006 (15988842.294.000) 2026-02-12 10:18:16 Image size of job updated: 440584
	238  -  MemoryUsage of job (MB)
	243576  -  ResidentSetSize of job (KB)
...
006 (15988842.294.000) 2026-02-12 10:58:19 Image size of job updated: 440584
	238  -  MemoryUsage of job (MB)
	243648  -  ResidentSetSize of job (KB)
...
006 (15988842.294.000) 2026-02-12 11:08:19 Image size of job updated: 440584
	239  -  MemoryUsage of job (MB)
	243832  -  ResidentSetSize of job (KB)
...
006 (15988842.294.000) 2026-02-12 12:08:23 Image size of job updated: 440584
	239  -  MemoryUsage of job (MB)
	243992  -  ResidentSetSize of job (KB)
...
006 (15988842.294.000) 2026-02-12 12:13:24 Image size of job updated: 440584
	239  -  MemoryUsage of job (MB)
	244148  -  ResidentSetSize of job (KB)
...
006 (15988842.294.000) 2026-02-12 12:28:26 Image size of job updated: 440584
	239  -  MemoryUsage of job (MB)
	244188  -  ResidentSetSize of job (KB)
...
006 (15988842.294.000) 2026-02-12 12:33:26 Image size of job updated: 440584
	239  -  MemoryUsage of job (MB)
	244252  -  ResidentSetSize of job (KB)
...
006 (15988842.294.000) 2026-02-12 12:38:26 Image size of job updated: 440584
	239  -  MemoryUsage of job (MB)
	244404  -  ResidentSetSize of job (KB)
...
006 (15988842.294.000) 2026-02-12 13:38:34 Image size of job updated: 440584
	239  -  MemoryUsage of job (MB)
	244660  -  ResidentSetSize of job (KB)
...
006 (15988842.294.000) 2026-02-12 13:58:36 Image size of job updated: 440584
	240  -  MemoryUsage of job (MB)
	244804  -  ResidentSetSize of job (KB)
...
006 (15988842.294.000) 2026-02-12 14:48:41 Image size of job updated: 440584
	240  -  MemoryUsage of job (MB)
	244960  -  ResidentSetSize of job (KB)
...
006 (15988842.294.000) 2026-02-12 16:38:52 Image size of job updated: 440584
	240  -  MemoryUsage of job (MB)
	244964  -  ResidentSetSize of job (KB)
...
006 (15988842.294.000) 2026-02-12 18:39:03 Image size of job updated: 440584
	240  -  MemoryUsage of job (MB)
	245116  -  ResidentSetSize of job (KB)
...
006 (15988842.294.000) 2026-02-12 19:09:07 Image size of job updated: 440584
	240  -  MemoryUsage of job (MB)
	245128  -  ResidentSetSize of job (KB)
...
006 (15988842.294.000) 2026-02-12 19:44:09 Image size of job updated: 440584
	240  -  MemoryUsage of job (MB)
	245276  -  ResidentSetSize of job (KB)
...
021 (15988842.294.000) 2026-02-13 11:35:54 Error from starter on slot1_29@pizza21.zeuthen.desy.de:
	runtime exceeded maximum (target.Runtime seconds)
	Code 21 Subcode 103
...
004 (15988842.294.000) 2026-02-13 11:35:54 Job was evicted.
	(0) CPU times
		Usr 1 23:33:59, Sys 0 00:00:08  -  Run Remote Usage
		Usr 0 00:00:00, Sys 0 00:00:00  -  Run Local Usage
	0  -  Run Bytes Sent By Job
	0  -  Run Bytes Received By Job
	Error from slot1_29@pizza21.zeuthen.desy.de: runtime exceeded maximum (target.Runtime seconds)
	Partitionable Resources :     Usage  Request Allocated 
	   Cpus                 :      0.99        1         1 
	   Disk (KB)            :      1     1024000   1025696 
	   GPUs                 :                            0 
	   Memory (MB)          :    240        5120      5120 
	   TimeSlotBusy (s)     : 172802                       
...
012 (15988842.294.000) 2026-02-13 11:35:54 Job was held.
	Error from slot1_29@pizza21.zeuthen.desy.de: runtime exceeded maximum (target.Runtime seconds)
	Code 21 Subcode 103
...
009 (15988842.294.000) 2026-02-16 17:16:33 Job was aborted.
	via condor_rm (by user tuccia)
...
000 (16309174.047.000) 2026-02-18 10:42:57 Job submitted from host: <141.34.103.35:9618?addrs=141.34.103.35-9618+[2001-638-700-f067--1-23]-9618&alias=wgs39.zeuthen.desy.de&noUDP&sock=schedd_7302_24a3>
...
001 (16309174.047.000) 2026-02-18 10:43:15 Job executing on host: <141.34.15.81:9618?addrs=141.34.15.81-9618+[2001-638-700-f00f--1-51]-9618&alias=genoa06.zeuthen.desy.de&noUDP&sock=startd_10377_565c>
	SlotName: slot1_9@genoa06.zeuthen.desy.de
	CondorScratchDir = "/batch/dir_2302156"
	Cpus = 1
	Disk = 1025681
	GPUs = 0
	Memory = 5120
...
006 (16309174.047.000) 2026-02-18 10:43:28 Image size of job updated: 89412
	88  -  MemoryUsage of job (MB)
	89412  -  ResidentSetSize of job (KB)
...
006 (16309174.047.000) 2026-02-18 10:48:28 Image size of job updated: 254736
	235  -  MemoryUsage of job (MB)
	240148  -  ResidentSetSize of job (KB)
...
006 (16309174.047.000) 2026-02-18 10:53:29 Image size of job updated: 254736
	235  -  MemoryUsage of job (MB)
	240164  -  ResidentSetSize of job (KB)
...
006 (16309174.047.000) 2026-02-18 10:58:29 Image size of job updated: 254736
	239  -  MemoryUsage of job (MB)
	244212  -  ResidentSetSize of job (KB)
...
006 (16309174.047.000) 2026-02-18 11:13:31 Image size of job updated: 254736
	239  -  MemoryUsage of job (MB)
	244224  -  ResidentSetSize of job (KB)
...
006 (16309174.047.000) 2026-02-18 11:53:36 Image size of job updated: 254736
	239  -  MemoryUsage of job (MB)
	244252  -  ResidentSetSize of job (KB)
...
006 (16309174.047.000) 2026-02-18 12:03:37 Image size of job updated: 254736
	239  -  MemoryUsage of job (MB)
	244272  -  ResidentSetSize of job (KB)
...
006 (16309174.047.000) 2026-02-18 12:23:40 Image size of job updated: 254736
	239  -  MemoryUsage of job (MB)
	244336  -  ResidentSetSize of job (KB)
...
006 (16309174.047.000) 2026-02-18 12:28:41 Image size of job updated: 254736
	239  -  MemoryUsage of job (MB)
	244588  -  ResidentSetSize of job (KB)
...
006 (16309174.047.000) 2026-02-18 13:33:49 Image size of job updated: 254736
	240  -  MemoryUsage of job (MB)
	244740  -  ResidentSetSize of job (KB)
...
006 (16309174.047.000) 2026-02-18 13:53:51 Image size of job updated: 254736
	240  -  MemoryUsage of job (MB)
	244828  -  ResidentSetSize of job (KB)
...
006 (16309174.047.000) 2026-02-18 13:58:52 Image size of job updated: 254736
	240  -  MemoryUsage of job (MB)
	245052  -  ResidentSetSize of job (KB)
...
006 (16309174.047.000) 2026-02-18 16:49:13 Image size of job updated: 254736
	240  -  MemoryUsage of job (MB)
	245364  -  ResidentSetSize of job (KB)
...
006 (16309174.047.000) 2026-02-18 22:29:48 Image size of job updated: 254736
	240  -  MemoryUsage of job (MB)
	245380  -  ResidentSetSize of job (KB)
...
006 (16309174.047.000) 2026-02-18 22:34:48 Image size of job updated: 254736
	240  -  MemoryUsage of job (MB)
	245620  -  ResidentSetSize of job (KB)
...
006 (16309174.047.000) 2026-02-18 23:14:51 Image size of job updated: 254736
	240  -  MemoryUsage of job (MB)
	245656  -  ResidentSetSize of job (KB)
...
006 (16309174.047.000) 2026-02-18 23:19:51 Image size of job updated: 254736
	241  -  MemoryUsage of job (MB)
	245876  -  ResidentSetSize of job (KB)
...
006 (16309174.047.000) 2026-02-18 23:34:53 Image size of job updated: 254736
	241  -  MemoryUsage of job (MB)
	246132  -  ResidentSetSize of job (KB)
...
006 (16309174.047.000) 2026-02-19 00:19:58 Image size of job updated: 254736
	241  -  MemoryUsage of job (MB)
	246172  -  ResidentSetSize of job (KB)
...
006 (16309174.047.000) 2026-02-19 00:24:58 Image size of job updated: 254736
	241  -  MemoryUsage of job (MB)
	246388  -  ResidentSetSize of job (KB)
...
006 (16309174.047.000) 2026-02-19 01:05:01 Image size of job updated: 254736
	241  -  MemoryUsage of job (MB)
	246416  -  ResidentSetSize of job (KB)
...
006 (16309174.047.000) 2026-02-19 01:10:01 Image size of job updated: 254736
	241  -  MemoryUsage of job (MB)
	246644  -  ResidentSetSize of job (KB)
...
006 (16309174.047.000) 2026-02-19 01:45:04 Image size of job updated: 254736
	241  -  MemoryUsage of job (MB)
	246672  -  ResidentSetSize of job (KB)
...
006 (16309174.047.000) 2026-02-19 03:35:14 Image size of job updated: 254736
	241  -  MemoryUsage of job (MB)
	246676  -  ResidentSetSize of job (KB)
...
006 (16309174.047.000) 2026-02-19 04:00:16 Image size of job updated: 254736
	242  -  MemoryUsage of job (MB)
	246856  -  ResidentSetSize of job (KB)
...
006 (16309174.047.000) 2026-02-19 04:05:16 Image size of job updated: 254736
	242  -  MemoryUsage of job (MB)
	247012  -  ResidentSetSize of job (KB)
...
006 (16309174.047.000) 2026-02-19 04:15:17 Image size of job updated: 254736
	242  -  MemoryUsage of job (MB)
	247016  -  ResidentSetSize of job (KB)
...
006 (16309174.047.000) 2026-02-19 04:40:18 Image size of job updated: 254736
	242  -  MemoryUsage of job (MB)
	247484  -  ResidentSetSize of job (KB)
...
006 (16309174.047.000) 2026-02-19 08:35:39 Image size of job updated: 254736
	243  -  MemoryUsage of job (MB)
	247956  -  ResidentSetSize of job (KB)
...
006 (16309174.047.000) 2026-02-19 08:50:41 Image size of job updated: 254736
	243  -  MemoryUsage of job (MB)
	248112  -  ResidentSetSize of job (KB)
...
006 (16309174.047.000) 2026-02-19 10:05:51 Image size of job updated: 254736
	243  -  MemoryUsage of job (MB)
	248268  -  ResidentSetSize of job (KB)
...
006 (16309174.047.000) 2026-02-19 11:05:59 Image size of job updated: 254736
	243  -  MemoryUsage of job (MB)
	248424  -  ResidentSetSize of job (KB)
...
006 (16309174.047.000) 2026-02-19 20:46:53 Image size of job updated: 254736
	243  -  MemoryUsage of job (MB)
	248580  -  ResidentSetSize of job (KB)
...
005 (16309174.047.000) 2026-02-20 02:10:52 Job terminated.
	(1) Normal termination (return value 0)
		Usr 1 15:08:48, Sys 0 00:00:09  -  Run Remote Usage
		Usr 0 00:00:00, Sys 0 00:00:00  -  Run Local Usage
		Usr 1 15:08:48, Sys 0 00:00:09  -  Total Remote Usage
		Usr 0 00:00:00, Sys 0 00:00:00  -  Total Local Usage
	0  -  Run Bytes Sent By Job
	0  -  Run Bytes Received By Job
	0  -  Total Bytes Sent By Job
	0  -  Total Bytes Received By Job
	Partitionable Resources :     Usage  Request Allocated 
	   Cpus                 :      0.99        1         1 
	   Disk (KB)            :      1     1024000   1025681 
	   GPUs                 :                            0 
	   Memory (MB)          :    243        5120      5120 
	   TimeExecute (s)      : 142057                       
	   TimeSlotBusy (s)     : 142057                       

	Job terminated of its own accord at 2026-02-20T01:10:52Z with exit-code 0.
...
000 (16619852.047.000) 2026-02-23 19:30:03 Job submitted from host: <141.34.103.35:9618?addrs=141.34.103.35-9618+[2001-638-700-f067--1-23]-9618&alias=wgs39.zeuthen.desy.de&noUDP&sock=schedd_7302_24a3>
...
001 (16619852.047.000) 2026-02-23 19:30:21 Job executing on host: <141.34.15.42:9618?addrs=141.34.15.42-9618+[2001-638-700-f00f--1-2a]-9618&alias=pizza13.zeuthen.desy.de&noUDP&sock=startd_9050_202f>
	SlotName: slot1_4@pizza13.zeuthen.desy.de
	CondorScratchDir = "/batch/dir_3226446"
	Cpus = 1
	Disk = 1025696
	GPUs = 0
	Memory = 5120
...
006 (16619852.047.000) 2026-02-23 19:30:34 Image size of job updated: 91360
	90  -  MemoryUsage of job (MB)
	91360  -  ResidentSetSize of job (KB)
...
006 (16619852.047.000) 2026-02-23 19:35:34 Image size of job updated: 336368
	234  -  MemoryUsage of job (MB)
	238848  -  ResidentSetSize of job (KB)
...
006 (16619852.047.000) 2026-02-23 19:40:34 Image size of job updated: 336368
	234  -  MemoryUsage of job (MB)
	238868  -  ResidentSetSize of job (KB)
...
006 (16619852.047.000) 2026-02-23 19:45:35 Image size of job updated: 336368
	236  -  MemoryUsage of job (MB)
	241156  -  ResidentSetSize of job (KB)
...
006 (16619852.047.000) 2026-02-23 19:55:35 Image size of job updated: 336368
	236  -  MemoryUsage of job (MB)
	241168  -  ResidentSetSize of job (KB)
...
006 (16619852.047.000) 2026-02-23 20:05:36 Image size of job updated: 336368
	236  -  MemoryUsage of job (MB)
	241228  -  ResidentSetSize of job (KB)
...
006 (16619852.047.000) 2026-02-23 20:20:37 Image size of job updated: 336368
	236  -  MemoryUsage of job (MB)
	241276  -  ResidentSetSize of job (KB)
...
006 (16619852.047.000) 2026-02-23 21:40:43 Image size of job updated: 336368
	236  -  MemoryUsage of job (MB)
	241336  -  ResidentSetSize of job (KB)
...
006 (16619852.047.000) 2026-02-23 21:55:45 Image size of job updated: 336368
	236  -  MemoryUsage of job (MB)
	241392  -  ResidentSetSize of job (KB)
...
006 (16619852.047.000) 2026-02-23 22:00:46 Image size of job updated: 336368
	236  -  MemoryUsage of job (MB)
	241476  -  ResidentSetSize of job (KB)
...
006 (16619852.047.000) 2026-02-23 22:10:47 Image size of job updated: 336368
	236  -  MemoryUsage of job (MB)
	241532  -  ResidentSetSize of job (KB)
...
006 (16619852.047.000) 2026-02-23 22:15:48 Image size of job updated: 336368
	236  -  MemoryUsage of job (MB)
	241592  -  ResidentSetSize of job (KB)
...
006 (16619852.047.000) 2026-02-23 22:20:49 Image size of job updated: 336368
	237  -  MemoryUsage of job (MB)
	241752  -  ResidentSetSize of job (KB)
...
006 (16619852.047.000) 2026-02-23 22:55:53 Image size of job updated: 336368
	237  -  MemoryUsage of job (MB)
	242064  -  ResidentSetSize of job (KB)
...
006 (16619852.047.000) 2026-02-23 23:35:59 Image size of job updated: 336368
	237  -  MemoryUsage of job (MB)
	242196  -  ResidentSetSize of job (KB)
...
006 (16619852.047.000) 2026-02-24 00:06:03 Image size of job updated: 336368
	237  -  MemoryUsage of job (MB)
	242216  -  ResidentSetSize of job (KB)
...
006 (16619852.047.000) 2026-02-24 02:56:25 Image size of job updated: 336368
	237  -  MemoryUsage of job (MB)
	242372  -  ResidentSetSize of job (KB)
...
022 (16619852.047.000) 2026-02-24 08:04:09 Job disconnected, attempting to reconnect
    Local schedd and job shadow died, schedd now running again
    Trying to reconnect to slot1_4@pizza13.zeuthen.desy.de <141.34.15.42:9618?addrs=141.34.15.42-9618+[2001-638-700-f00f--1-2a]-9618&alias=pizza13.zeuthen.desy.de&noUDP&sock=startd_9050_202f>
...
023 (16619852.047.000) 2026-02-24 08:04:19 Job reconnected to slot1_4@pizza13.zeuthen.desy.de
    startd address: <141.34.15.42:9618?addrs=141.34.15.42-9618+[2001-638-700-f00f--1-2a]-9618&alias=pizza13.zeuthen.desy.de&noUDP&sock=startd_9050_202f>
    starter address: <141.34.15.42:9618?addrs=141.34.15.42-9618+[2001-638-700-f00f--1-2a]-9618&alias=pizza13.zeuthen.desy.de&noUDP&sock=slot1_4_9527_621c_12283>
...
005 (16619852.047.000) 2026-02-26 04:28:22 Job terminated.
	(1) Normal termination (return value 0)
		Usr 2 08:17:32, Sys 0 00:00:15  -  Run Remote Usage
		Usr 0 00:00:00, Sys 0 00:00:00  -  Run Local Usage
		Usr 2 20:22:29, Sys 0 00:00:19  -  Total Remote Usage
		Usr 0 00:00:00, Sys 0 00:00:00  -  Total Local Usage
	0  -  Run Bytes Sent By Job
	0  -  Run Bytes Received By Job
	0  -  Total Bytes Sent By Job
	0  -  Total Bytes Received By Job
	Partitionable Resources :         Usage  Request Allocated 
	   Cpus                 :          0.99        1         1 
	   Disk (KB)            :          1     1024000   1025696 
	   Memory (MB)          :        245        5120      5120 
	   TimeExecute (s)      : 1772076502                       
	   TimeSlotBusy (s)     : 1772076502                       

	Job terminated of its own accord at 2026-02-26T03:28:22Z with exit-code 0.
...
