000 (15756408.322.000) 2026-02-06 11:26:57 Job submitted from host: <141.34.103.35:9618?addrs=141.34.103.35-9618+[2001-638-700-f067--1-23]-9618&alias=wgs39.zeuthen.desy.de&noUDP&sock=schedd_7414_f73f>
...
001 (15756408.322.000) 2026-02-10 11:44:00 Job executing on host: <141.34.15.48:9618?addrs=141.34.15.48-9618+[2001-638-700-f00f--1-30]-9618&alias=pizza19.zeuthen.desy.de&noUDP&sock=startd_8419_4fed>
	SlotName: slot1_4@pizza19.zeuthen.desy.de
	CondorScratchDir = "/batch/dir_2466447"
	Cpus = 8
	Disk = 1025696
	GPUs = 0
	Memory = 16384
...
006 (15756408.322.000) 2026-02-10 11:44:14 Image size of job updated: 91524
	90  -  MemoryUsage of job (MB)
	91524  -  ResidentSetSize of job (KB)
...
006 (15756408.322.000) 2026-02-10 11:47:33 Image size of job updated: 412548
	90  -  MemoryUsage of job (MB)
	91524  -  ResidentSetSize of job (KB)
...
004 (15756408.322.000) 2026-02-10 11:47:33 Job was evicted.
	(0) CPU times
		Usr 0 00:15:19, Sys 0 00:00:02  -  Run Remote Usage
		Usr 0 00:00:00, Sys 0 00:00:00  -  Run Local Usage
	0  -  Run Bytes Sent By Job
	0  -  Run Bytes Received By Job
	Partitionable Resources :    Usage  Request Allocated 
	   Cpus                 :     2.71        8         8 
	   Disk (KB)            :     1     1024000   1025696 
	   GPUs                 :                           0 
	   Memory (MB)          :    90       16384     16384 
	   TimeExecute (s)      :   212                       
	   TimeSlotBusy (s)     :   213                       
...
009 (15756408.322.000) 2026-02-10 11:47:33 Job was aborted.
	via condor_rm (by user tuccia)
...
000 (15951004.215.000) 2026-02-10 16:30:02 Job submitted from host: <141.34.103.35:9618?addrs=141.34.103.35-9618+[2001-638-700-f067--1-23]-9618&alias=wgs39.zeuthen.desy.de&noUDP&sock=schedd_7302_24a3>
...
001 (15951004.215.000) 2026-02-10 18:12:18 Job executing on host: <141.34.15.86:9618?addrs=141.34.15.86-9618+[2001-638-700-f00f--1-56]-9618&alias=genoa10.zeuthen.desy.de&noUDP&sock=startd_10124_cce6>
	SlotName: slot1_31@genoa10.zeuthen.desy.de
	CondorScratchDir = "/batch/dir_534011"
	Cpus = 1
	Disk = 1025681
	GPUs = 0
	Memory = 5120
...
006 (15951004.215.000) 2026-02-10 18:12:31 Image size of job updated: 89436
	88  -  MemoryUsage of job (MB)
	89436  -  ResidentSetSize of job (KB)
...
006 (15951004.215.000) 2026-02-10 18:17:31 Image size of job updated: 454736
	292  -  MemoryUsage of job (MB)
	298540  -  ResidentSetSize of job (KB)
...
006 (15951004.215.000) 2026-02-10 18:22:32 Image size of job updated: 454736
	293  -  MemoryUsage of job (MB)
	299356  -  ResidentSetSize of job (KB)
...
006 (15951004.215.000) 2026-02-10 18:27:33 Image size of job updated: 454736
	294  -  MemoryUsage of job (MB)
	300188  -  ResidentSetSize of job (KB)
...
006 (15951004.215.000) 2026-02-10 18:32:33 Image size of job updated: 454736
	294  -  MemoryUsage of job (MB)
	301008  -  ResidentSetSize of job (KB)
...
006 (15951004.215.000) 2026-02-10 18:37:34 Image size of job updated: 454736
	312  -  MemoryUsage of job (MB)
	318884  -  ResidentSetSize of job (KB)
...
006 (15951004.215.000) 2026-02-10 18:57:37 Image size of job updated: 454736
	312  -  MemoryUsage of job (MB)
	319404  -  ResidentSetSize of job (KB)
...
006 (15951004.215.000) 2026-02-10 19:22:40 Image size of job updated: 454736
	315  -  MemoryUsage of job (MB)
	322180  -  ResidentSetSize of job (KB)
...
006 (15951004.215.000) 2026-02-10 19:42:42 Image size of job updated: 454736
	316  -  MemoryUsage of job (MB)
	322720  -  ResidentSetSize of job (KB)
...
006 (15951004.215.000) 2026-02-10 20:02:43 Image size of job updated: 454736
	316  -  MemoryUsage of job (MB)
	323264  -  ResidentSetSize of job (KB)
...
006 (15951004.215.000) 2026-02-10 20:27:46 Image size of job updated: 454736
	317  -  MemoryUsage of job (MB)
	323884  -  ResidentSetSize of job (KB)
...
006 (15951004.215.000) 2026-02-10 20:47:49 Image size of job updated: 454736
	317  -  MemoryUsage of job (MB)
	324408  -  ResidentSetSize of job (KB)
...
006 (15951004.215.000) 2026-02-10 21:07:50 Image size of job updated: 454736
	318  -  MemoryUsage of job (MB)
	324696  -  ResidentSetSize of job (KB)
...
006 (15951004.215.000) 2026-02-10 21:32:52 Image size of job updated: 454736
	318  -  MemoryUsage of job (MB)
	324964  -  ResidentSetSize of job (KB)
...
006 (15951004.215.000) 2026-02-10 21:52:53 Image size of job updated: 454736
	318  -  MemoryUsage of job (MB)
	325256  -  ResidentSetSize of job (KB)
...
006 (15951004.215.000) 2026-02-10 22:12:55 Image size of job updated: 454736
	334  -  MemoryUsage of job (MB)
	341388  -  ResidentSetSize of job (KB)
...
006 (15951004.215.000) 2026-02-11 04:48:33 Image size of job updated: 454736
	334  -  MemoryUsage of job (MB)
	341472  -  ResidentSetSize of job (KB)
...
006 (15951004.215.000) 2026-02-11 04:53:34 Image size of job updated: 454736
	334  -  MemoryUsage of job (MB)
	341476  -  ResidentSetSize of job (KB)
...
004 (15951004.215.000) 2026-02-11 11:11:57 Job was evicted.
	(0) CPU times
		Usr 0 16:49:33, Sys 0 00:00:04  -  Run Remote Usage
		Usr 0 00:00:00, Sys 0 00:00:00  -  Run Local Usage
	0  -  Run Bytes Sent By Job
	0  -  Run Bytes Received By Job
	Partitionable Resources :    Usage  Request Allocated 
	   Cpus                 :     0.99        1         1 
	   Disk (KB)            :     1     1024000   1025681 
	   GPUs                 :                           0 
	   Memory (MB)          :   334        5120      5120 
	   TimeExecute (s)      : 61178                       
	   TimeSlotBusy (s)     : 61179                       
...
009 (15951004.215.000) 2026-02-11 11:11:57 Job was aborted.
	via condor_rm (by user tuccia)
...
000 (15988842.215.000) 2026-02-11 11:12:46 Job submitted from host: <141.34.103.35:9618?addrs=141.34.103.35-9618+[2001-638-700-f067--1-23]-9618&alias=wgs39.zeuthen.desy.de&noUDP&sock=schedd_7302_24a3>
...
001 (15988842.215.000) 2026-02-11 11:33:14 Job executing on host: <141.34.15.200:9618?addrs=141.34.15.200-9618+[2001-638-700-f00f--1-c8]-9618&alias=pizza02.zeuthen.desy.de&noUDP&sock=startd_8244_46da>
	SlotName: slot1_30@pizza02.zeuthen.desy.de
	CondorScratchDir = "/batch/dir_2044724"
	Cpus = 1
	Disk = 1025696
	GPUs = 0
	Memory = 5120
...
006 (15988842.215.000) 2026-02-11 11:33:27 Image size of job updated: 91432
	90  -  MemoryUsage of job (MB)
	91432  -  ResidentSetSize of job (KB)
...
006 (15988842.215.000) 2026-02-11 11:38:27 Image size of job updated: 409056
	291  -  MemoryUsage of job (MB)
	297224  -  ResidentSetSize of job (KB)
...
006 (15988842.215.000) 2026-02-11 11:43:28 Image size of job updated: 409056
	291  -  MemoryUsage of job (MB)
	297716  -  ResidentSetSize of job (KB)
...
006 (15988842.215.000) 2026-02-11 11:48:28 Image size of job updated: 409056
	292  -  MemoryUsage of job (MB)
	298184  -  ResidentSetSize of job (KB)
...
006 (15988842.215.000) 2026-02-11 11:53:29 Image size of job updated: 409056
	292  -  MemoryUsage of job (MB)
	298664  -  ResidentSetSize of job (KB)
...
006 (15988842.215.000) 2026-02-11 11:58:30 Image size of job updated: 409056
	293  -  MemoryUsage of job (MB)
	299124  -  ResidentSetSize of job (KB)
...
006 (15988842.215.000) 2026-02-11 12:03:30 Image size of job updated: 409056
	293  -  MemoryUsage of job (MB)
	299564  -  ResidentSetSize of job (KB)
...
006 (15988842.215.000) 2026-02-11 12:08:31 Image size of job updated: 409056
	293  -  MemoryUsage of job (MB)
	300024  -  ResidentSetSize of job (KB)
...
006 (15988842.215.000) 2026-02-11 12:13:32 Image size of job updated: 409056
	311  -  MemoryUsage of job (MB)
	317832  -  ResidentSetSize of job (KB)
...
006 (15988842.215.000) 2026-02-11 12:43:34 Image size of job updated: 409056
	313  -  MemoryUsage of job (MB)
	320032  -  ResidentSetSize of job (KB)
...
006 (15988842.215.000) 2026-02-11 12:53:35 Image size of job updated: 409056
	314  -  MemoryUsage of job (MB)
	320552  -  ResidentSetSize of job (KB)
...
006 (15988842.215.000) 2026-02-11 13:28:39 Image size of job updated: 409056
	314  -  MemoryUsage of job (MB)
	321100  -  ResidentSetSize of job (KB)
...
006 (15988842.215.000) 2026-02-11 14:08:44 Image size of job updated: 409056
	315  -  MemoryUsage of job (MB)
	321648  -  ResidentSetSize of job (KB)
...
006 (15988842.215.000) 2026-02-11 14:43:47 Image size of job updated: 409056
	315  -  MemoryUsage of job (MB)
	322180  -  ResidentSetSize of job (KB)
...
006 (15988842.215.000) 2026-02-11 15:23:52 Image size of job updated: 409056
	316  -  MemoryUsage of job (MB)
	322772  -  ResidentSetSize of job (KB)
...
006 (15988842.215.000) 2026-02-11 15:58:55 Image size of job updated: 409056
	316  -  MemoryUsage of job (MB)
	323304  -  ResidentSetSize of job (KB)
...
006 (15988842.215.000) 2026-02-11 16:38:59 Image size of job updated: 409056
	317  -  MemoryUsage of job (MB)
	323860  -  ResidentSetSize of job (KB)
...
006 (15988842.215.000) 2026-02-11 17:14:02 Image size of job updated: 409056
	317  -  MemoryUsage of job (MB)
	324132  -  ResidentSetSize of job (KB)
...
006 (15988842.215.000) 2026-02-11 17:54:06 Image size of job updated: 409056
	317  -  MemoryUsage of job (MB)
	324180  -  ResidentSetSize of job (KB)
...
006 (15988842.215.000) 2026-02-11 18:29:10 Image size of job updated: 409056
	317  -  MemoryUsage of job (MB)
	324456  -  ResidentSetSize of job (KB)
...
006 (15988842.215.000) 2026-02-11 19:09:15 Image size of job updated: 409056
	318  -  MemoryUsage of job (MB)
	324752  -  ResidentSetSize of job (KB)
...
006 (15988842.215.000) 2026-02-11 19:44:17 Image size of job updated: 409056
	318  -  MemoryUsage of job (MB)
	325040  -  ResidentSetSize of job (KB)
...
006 (15988842.215.000) 2026-02-11 20:19:21 Image size of job updated: 409056
	318  -  MemoryUsage of job (MB)
	325340  -  ResidentSetSize of job (KB)
...
006 (15988842.215.000) 2026-02-11 20:54:24 Image size of job updated: 409056
	318  -  MemoryUsage of job (MB)
	325624  -  ResidentSetSize of job (KB)
...
006 (15988842.215.000) 2026-02-11 21:34:27 Image size of job updated: 409056
	319  -  MemoryUsage of job (MB)
	325924  -  ResidentSetSize of job (KB)
...
006 (15988842.215.000) 2026-02-11 22:09:31 Image size of job updated: 409056
	319  -  MemoryUsage of job (MB)
	326228  -  ResidentSetSize of job (KB)
...
006 (15988842.215.000) 2026-02-11 22:44:34 Image size of job updated: 409056
	319  -  MemoryUsage of job (MB)
	326536  -  ResidentSetSize of job (KB)
...
006 (15988842.215.000) 2026-02-11 23:24:37 Image size of job updated: 409056
	320  -  MemoryUsage of job (MB)
	326836  -  ResidentSetSize of job (KB)
...
006 (15988842.215.000) 2026-02-11 23:59:42 Image size of job updated: 409056
	320  -  MemoryUsage of job (MB)
	327124  -  ResidentSetSize of job (KB)
...
006 (15988842.215.000) 2026-02-12 00:34:44 Image size of job updated: 409056
	320  -  MemoryUsage of job (MB)
	327416  -  ResidentSetSize of job (KB)
...
006 (15988842.215.000) 2026-02-12 01:14:48 Image size of job updated: 409056
	321  -  MemoryUsage of job (MB)
	327716  -  ResidentSetSize of job (KB)
...
006 (15988842.215.000) 2026-02-12 03:00:00 Image size of job updated: 409056
	321  -  MemoryUsage of job (MB)
	327896  -  ResidentSetSize of job (KB)
...
006 (15988842.215.000) 2026-02-12 03:40:03 Image size of job updated: 409056
	321  -  MemoryUsage of job (MB)
	328152  -  ResidentSetSize of job (KB)
...
006 (15988842.215.000) 2026-02-12 04:15:06 Image size of job updated: 409056
	321  -  MemoryUsage of job (MB)
	328412  -  ResidentSetSize of job (KB)
...
006 (15988842.215.000) 2026-02-12 04:50:10 Image size of job updated: 409056
	321  -  MemoryUsage of job (MB)
	328672  -  ResidentSetSize of job (KB)
...
006 (15988842.215.000) 2026-02-12 05:25:13 Image size of job updated: 409056
	322  -  MemoryUsage of job (MB)
	328944  -  ResidentSetSize of job (KB)
...
006 (15988842.215.000) 2026-02-12 06:00:16 Image size of job updated: 409056
	322  -  MemoryUsage of job (MB)
	329212  -  ResidentSetSize of job (KB)
...
006 (15988842.215.000) 2026-02-12 06:40:20 Image size of job updated: 409056
	322  -  MemoryUsage of job (MB)
	329488  -  ResidentSetSize of job (KB)
...
006 (15988842.215.000) 2026-02-12 07:15:24 Image size of job updated: 409056
	323  -  MemoryUsage of job (MB)
	329756  -  ResidentSetSize of job (KB)
...
006 (15988842.215.000) 2026-02-12 07:55:29 Image size of job updated: 409056
	323  -  MemoryUsage of job (MB)
	330176  -  ResidentSetSize of job (KB)
...
006 (15988842.215.000) 2026-02-12 08:30:33 Image size of job updated: 409056
	323  -  MemoryUsage of job (MB)
	330444  -  ResidentSetSize of job (KB)
...
006 (15988842.215.000) 2026-02-12 09:10:37 Image size of job updated: 409056
	323  -  MemoryUsage of job (MB)
	330724  -  ResidentSetSize of job (KB)
...
006 (15988842.215.000) 2026-02-12 09:45:40 Image size of job updated: 409056
	323  -  MemoryUsage of job (MB)
	330740  -  ResidentSetSize of job (KB)
...
006 (15988842.215.000) 2026-02-12 10:20:43 Image size of job updated: 409056
	326  -  MemoryUsage of job (MB)
	333352  -  ResidentSetSize of job (KB)
...
006 (15988842.215.000) 2026-02-12 10:25:44 Image size of job updated: 409056
	326  -  MemoryUsage of job (MB)
	333636  -  ResidentSetSize of job (KB)
...
