000 (15756408.559.000) 2026-02-06 11:26:58 Job submitted from host: <141.34.103.35:9618?addrs=141.34.103.35-9618+[2001-638-700-f067--1-23]-9618&alias=wgs39.zeuthen.desy.de&noUDP&sock=schedd_7414_f73f>
...
009 (15756408.559.000) 2026-02-10 11:47:34 Job was aborted.
	via condor_rm (by user tuccia)
...
000 (15951004.373.000) 2026-02-10 16:30:03 Job submitted from host: <141.34.103.35:9618?addrs=141.34.103.35-9618+[2001-638-700-f067--1-23]-9618&alias=wgs39.zeuthen.desy.de&noUDP&sock=schedd_7302_24a3>
...
001 (15951004.373.000) 2026-02-10 18:29:52 Job executing on host: <141.34.15.84:9618?addrs=141.34.15.84-9618+[2001-638-700-f00f--1-54]-9618&alias=genoa08.zeuthen.desy.de&noUDP&sock=startd_10216_e79d>
	SlotName: slot1_14@genoa08.zeuthen.desy.de
	CondorScratchDir = "/batch/dir_3410793"
	Cpus = 1
	Disk = 1025681
	GPUs = 0
	Memory = 5120
...
006 (15951004.373.000) 2026-02-10 18:30:06 Image size of job updated: 89404
	88  -  MemoryUsage of job (MB)
	89404  -  ResidentSetSize of job (KB)
...
006 (15951004.373.000) 2026-02-10 18:35:07 Image size of job updated: 513156
	281  -  MemoryUsage of job (MB)
	286880  -  ResidentSetSize of job (KB)
...
006 (15951004.373.000) 2026-02-10 18:40:07 Image size of job updated: 513156
	281  -  MemoryUsage of job (MB)
	287716  -  ResidentSetSize of job (KB)
...
006 (15951004.373.000) 2026-02-10 18:45:08 Image size of job updated: 513156
	282  -  MemoryUsage of job (MB)
	288588  -  ResidentSetSize of job (KB)
...
006 (15951004.373.000) 2026-02-10 18:50:09 Image size of job updated: 513156
	283  -  MemoryUsage of job (MB)
	289436  -  ResidentSetSize of job (KB)
...
006 (15951004.373.000) 2026-02-10 18:55:09 Image size of job updated: 513156
	301  -  MemoryUsage of job (MB)
	307924  -  ResidentSetSize of job (KB)
...
006 (15951004.373.000) 2026-02-10 19:15:12 Image size of job updated: 513156
	318  -  MemoryUsage of job (MB)
	324736  -  ResidentSetSize of job (KB)
...
006 (15951004.373.000) 2026-02-10 19:20:12 Image size of job updated: 513156
	318  -  MemoryUsage of job (MB)
	324740  -  ResidentSetSize of job (KB)
...
006 (15951004.373.000) 2026-02-11 01:05:46 Image size of job updated: 513156
	321  -  MemoryUsage of job (MB)
	327876  -  ResidentSetSize of job (KB)
...
006 (15951004.373.000) 2026-02-11 01:10:46 Image size of job updated: 513156
	321  -  MemoryUsage of job (MB)
	327880  -  ResidentSetSize of job (KB)
...
