000 (15756408.564.000) 2026-02-06 11:26:58 Job submitted from host: <141.34.103.35:9618?addrs=141.34.103.35-9618+[2001-638-700-f067--1-23]-9618&alias=wgs39.zeuthen.desy.de&noUDP&sock=schedd_7414_f73f>
...
009 (15756408.564.000) 2026-02-10 11:47:34 Job was aborted.
	via condor_rm (by user tuccia)
...
000 (15951004.376.000) 2026-02-10 16:30:03 Job submitted from host: <141.34.103.35:9618?addrs=141.34.103.35-9618+[2001-638-700-f067--1-23]-9618&alias=wgs39.zeuthen.desy.de&noUDP&sock=schedd_7302_24a3>
...
001 (15951004.376.000) 2026-02-10 18:29:52 Job executing on host: <141.34.14.35:9618?addrs=141.34.14.35-9618+[2001-638-700-f00e--1-23]-9618&alias=ampere04.zeuthen.desy.de&noUDP&sock=startd_7431_a05b>
	SlotName: slot1_13@ampere04.zeuthen.desy.de
	AvailableGPUs = {  }
	CondorScratchDir = "/batch/dir_10393"
	Cpus = 1
	Disk = 1025682
	GPUs = 0
	Memory = 5120
...
006 (15951004.376.000) 2026-02-10 18:30:06 Image size of job updated: 91372
	90  -  MemoryUsage of job (MB)
	91372  -  ResidentSetSize of job (KB)
...
006 (15951004.376.000) 2026-02-10 18:35:07 Image size of job updated: 241788
	237  -  MemoryUsage of job (MB)
	241788  -  ResidentSetSize of job (KB)
...
006 (15951004.376.000) 2026-02-10 18:40:07 Image size of job updated: 241812
	237  -  MemoryUsage of job (MB)
	241812  -  ResidentSetSize of job (KB)
...
006 (15951004.376.000) 2026-02-10 18:45:07 Image size of job updated: 241820
	237  -  MemoryUsage of job (MB)
	241820  -  ResidentSetSize of job (KB)
...
006 (15951004.376.000) 2026-02-10 18:55:08 Image size of job updated: 241860
	237  -  MemoryUsage of job (MB)
	241860  -  ResidentSetSize of job (KB)
...
006 (15951004.376.000) 2026-02-10 19:00:08 Image size of job updated: 241884
	237  -  MemoryUsage of job (MB)
	241884  -  ResidentSetSize of job (KB)
...
006 (15951004.376.000) 2026-02-10 19:15:10 Image size of job updated: 241952
	237  -  MemoryUsage of job (MB)
	241952  -  ResidentSetSize of job (KB)
...
006 (15951004.376.000) 2026-02-10 19:20:11 Image size of job updated: 242064
	237  -  MemoryUsage of job (MB)
	242064  -  ResidentSetSize of job (KB)
...
006 (15951004.376.000) 2026-02-10 19:50:13 Image size of job updated: 242148
	237  -  MemoryUsage of job (MB)
	242148  -  ResidentSetSize of job (KB)
...
006 (15951004.376.000) 2026-02-10 21:15:22 Image size of job updated: 242304
	237  -  MemoryUsage of job (MB)
	242304  -  ResidentSetSize of job (KB)
...
006 (15951004.376.000) 2026-02-10 21:25:24 Image size of job updated: 242460
	237  -  MemoryUsage of job (MB)
	242460  -  ResidentSetSize of job (KB)
...
006 (15951004.376.000) 2026-02-10 23:15:35 Image size of job updated: 242620
	237  -  MemoryUsage of job (MB)
	242620  -  ResidentSetSize of job (KB)
...
006 (15951004.376.000) 2026-02-11 00:45:42 Image size of job updated: 242776
	238  -  MemoryUsage of job (MB)
	242776  -  ResidentSetSize of job (KB)
...
006 (15951004.376.000) 2026-02-11 00:50:43 Image size of job updated: 242932
	238  -  MemoryUsage of job (MB)
	242932  -  ResidentSetSize of job (KB)
...
006 (15951004.376.000) 2026-02-11 00:55:43 Image size of job updated: 243244
	238  -  MemoryUsage of job (MB)
	243244  -  ResidentSetSize of job (KB)
...
006 (15951004.376.000) 2026-02-11 06:51:16 Image size of job updated: 243248
	238  -  MemoryUsage of job (MB)
	243248  -  ResidentSetSize of job (KB)
...
006 (15951004.376.000) 2026-02-11 08:01:24 Image size of job updated: 243252
	238  -  MemoryUsage of job (MB)
	243252  -  ResidentSetSize of job (KB)
...
006 (15951004.376.000) 2026-02-11 08:41:30 Image size of job updated: 243320
	238  -  MemoryUsage of job (MB)
	243320  -  ResidentSetSize of job (KB)
...
006 (15951004.376.000) 2026-02-11 09:11:34 Image size of job updated: 243476
	238  -  MemoryUsage of job (MB)
	243476  -  ResidentSetSize of job (KB)
...
006 (15951004.376.000) 2026-02-11 10:21:40 Image size of job updated: 243732
	239  -  MemoryUsage of job (MB)
	243732  -  ResidentSetSize of job (KB)
...
006 (15951004.376.000) 2026-02-11 10:41:41 Image size of job updated: 243888
	239  -  MemoryUsage of job (MB)
	243888  -  ResidentSetSize of job (KB)
...
004 (15951004.376.000) 2026-02-11 11:11:58 Job was evicted.
	(0) CPU times
		Usr 0 16:32:17, Sys 0 00:00:21  -  Run Remote Usage
		Usr 0 00:00:00, Sys 0 00:00:00  -  Run Local Usage
	0  -  Run Bytes Sent By Job
	0  -  Run Bytes Received By Job
	Partitionable Resources :    Usage  Request Allocated 
	   Cpus                 :     0.99        1         1 
	   Disk (KB)            :     1     1024000   1025682 
	   GPUs                 :                           0 
	   Memory (MB)          :   239        5120      5120 
	   TimeExecute (s)      : 60124                       
	   TimeSlotBusy (s)     : 60126                       
...
009 (15951004.376.000) 2026-02-11 11:11:58 Job was aborted.
	via condor_rm (by user tuccia)
...
000 (15988842.376.000) 2026-02-11 11:12:47 Job submitted from host: <141.34.103.35:9618?addrs=141.34.103.35-9618+[2001-638-700-f067--1-23]-9618&alias=wgs39.zeuthen.desy.de&noUDP&sock=schedd_7302_24a3>
...
001 (15988842.376.000) 2026-02-11 11:37:35 Job executing on host: <141.34.15.218:9618?addrs=141.34.15.218-9618+[2001-638-700-f00f--1-da]-9618&alias=pizza26.zeuthen.desy.de&noUDP&sock=startd_8315_fa13>
	SlotName: slot1_5@pizza26.zeuthen.desy.de
	CondorScratchDir = "/batch/dir_2594654"
	Cpus = 1
	Disk = 1025696
	GPUs = 0
	Memory = 5120
...
006 (15988842.376.000) 2026-02-11 11:37:49 Image size of job updated: 91376
	90  -  MemoryUsage of job (MB)
	91376  -  ResidentSetSize of job (KB)
...
006 (15988842.376.000) 2026-02-11 11:42:50 Image size of job updated: 294572
	237  -  MemoryUsage of job (MB)
	242096  -  ResidentSetSize of job (KB)
...
006 (15988842.376.000) 2026-02-11 11:47:50 Image size of job updated: 294572
	237  -  MemoryUsage of job (MB)
	242332  -  ResidentSetSize of job (KB)
...
006 (15988842.376.000) 2026-02-11 11:52:50 Image size of job updated: 294572
	237  -  MemoryUsage of job (MB)
	242348  -  ResidentSetSize of job (KB)
...
006 (15988842.376.000) 2026-02-11 11:57:51 Image size of job updated: 294572
	237  -  MemoryUsage of job (MB)
	242372  -  ResidentSetSize of job (KB)
...
006 (15988842.376.000) 2026-02-11 12:17:54 Image size of job updated: 294572
	237  -  MemoryUsage of job (MB)
	242392  -  ResidentSetSize of job (KB)
...
006 (15988842.376.000) 2026-02-11 12:37:56 Image size of job updated: 294572
	237  -  MemoryUsage of job (MB)
	242416  -  ResidentSetSize of job (KB)
...
006 (15988842.376.000) 2026-02-11 12:57:57 Image size of job updated: 294572
	237  -  MemoryUsage of job (MB)
	242604  -  ResidentSetSize of job (KB)
...
006 (15988842.376.000) 2026-02-11 13:02:58 Image size of job updated: 294572
	238  -  MemoryUsage of job (MB)
	242784  -  ResidentSetSize of job (KB)
...
006 (15988842.376.000) 2026-02-11 13:58:01 Image size of job updated: 294572
	240  -  MemoryUsage of job (MB)
	245052  -  ResidentSetSize of job (KB)
...
006 (15988842.376.000) 2026-02-11 14:33:06 Image size of job updated: 294572
	240  -  MemoryUsage of job (MB)
	245108  -  ResidentSetSize of job (KB)
...
006 (15988842.376.000) 2026-02-11 14:38:07 Image size of job updated: 294572
	240  -  MemoryUsage of job (MB)
	245208  -  ResidentSetSize of job (KB)
...
006 (15988842.376.000) 2026-02-11 15:28:12 Image size of job updated: 294572
	240  -  MemoryUsage of job (MB)
	245264  -  ResidentSetSize of job (KB)
...
006 (15988842.376.000) 2026-02-11 16:53:21 Image size of job updated: 294572
	240  -  MemoryUsage of job (MB)
	245420  -  ResidentSetSize of job (KB)
...
006 (15988842.376.000) 2026-02-11 17:33:26 Image size of job updated: 294572
	240  -  MemoryUsage of job (MB)
	245736  -  ResidentSetSize of job (KB)
...
006 (15988842.376.000) 2026-02-11 21:33:51 Image size of job updated: 294572
	241  -  MemoryUsage of job (MB)
	245892  -  ResidentSetSize of job (KB)
...
006 (15988842.376.000) 2026-02-12 01:29:15 Image size of job updated: 294572
	241  -  MemoryUsage of job (MB)
	246048  -  ResidentSetSize of job (KB)
...
006 (15988842.376.000) 2026-02-12 12:50:32 Image size of job updated: 294572
	241  -  MemoryUsage of job (MB)
	246052  -  ResidentSetSize of job (KB)
...
006 (15988842.376.000) 2026-02-12 14:55:49 Image size of job updated: 294572
	241  -  MemoryUsage of job (MB)
	246208  -  ResidentSetSize of job (KB)
...
006 (15988842.376.000) 2026-02-12 17:05:57 Image size of job updated: 294572
	241  -  MemoryUsage of job (MB)
	246676  -  ResidentSetSize of job (KB)
...
006 (15988842.376.000) 2026-02-12 17:20:59 Image size of job updated: 294572
	241  -  MemoryUsage of job (MB)
	246680  -  ResidentSetSize of job (KB)
...
006 (15988842.376.000) 2026-02-12 17:26:00 Image size of job updated: 294572
	241  -  MemoryUsage of job (MB)
	246724  -  ResidentSetSize of job (KB)
...
006 (15988842.376.000) 2026-02-12 17:31:00 Image size of job updated: 294572
	242  -  MemoryUsage of job (MB)
	246932  -  ResidentSetSize of job (KB)
...
006 (15988842.376.000) 2026-02-12 19:06:09 Image size of job updated: 294572
	242  -  MemoryUsage of job (MB)
	246940  -  ResidentSetSize of job (KB)
...
006 (15988842.376.000) 2026-02-12 19:11:10 Image size of job updated: 294572
	242  -  MemoryUsage of job (MB)
	247188  -  ResidentSetSize of job (KB)
...
006 (15988842.376.000) 2026-02-12 19:31:12 Image size of job updated: 294572
	242  -  MemoryUsage of job (MB)
	247192  -  ResidentSetSize of job (KB)
...
006 (15988842.376.000) 2026-02-12 19:46:14 Image size of job updated: 294572
	242  -  MemoryUsage of job (MB)
	247204  -  ResidentSetSize of job (KB)
...
006 (15988842.376.000) 2026-02-12 19:51:15 Image size of job updated: 294572
	242  -  MemoryUsage of job (MB)
	247448  -  ResidentSetSize of job (KB)
...
006 (15988842.376.000) 2026-02-12 21:36:29 Image size of job updated: 294572
	242  -  MemoryUsage of job (MB)
	247456  -  ResidentSetSize of job (KB)
...
006 (15988842.376.000) 2026-02-12 21:41:30 Image size of job updated: 294572
	242  -  MemoryUsage of job (MB)
	247704  -  ResidentSetSize of job (KB)
...
006 (15988842.376.000) 2026-02-13 10:47:53 Image size of job updated: 294572
	243  -  MemoryUsage of job (MB)
	248016  -  ResidentSetSize of job (KB)
...
021 (15988842.376.000) 2026-02-13 11:37:36 Error from starter on slot1_5@pizza26.zeuthen.desy.de:
	runtime exceeded maximum (target.Runtime seconds)
	Code 21 Subcode 103
...
004 (15988842.376.000) 2026-02-13 11:37:36 Job was evicted.
	(0) CPU times
		Usr 1 23:20:00, Sys 0 00:00:08  -  Run Remote Usage
		Usr 0 00:00:00, Sys 0 00:00:00  -  Run Local Usage
	0  -  Run Bytes Sent By Job
	0  -  Run Bytes Received By Job
	Error from slot1_5@pizza26.zeuthen.desy.de: runtime exceeded maximum (target.Runtime seconds)
	Partitionable Resources :     Usage  Request Allocated 
	   Cpus                 :      0.99        1         1 
	   Disk (KB)            :      1     1024000   1025696 
	   GPUs                 :                            0 
	   Memory (MB)          :    243        5120      5120 
	   TimeSlotBusy (s)     : 172801                       
...
012 (15988842.376.000) 2026-02-13 11:37:36 Job was held.
	Error from slot1_5@pizza26.zeuthen.desy.de: runtime exceeded maximum (target.Runtime seconds)
	Code 21 Subcode 103
...
009 (15988842.376.000) 2026-02-16 17:16:34 Job was aborted.
	via condor_rm (by user tuccia)
...
000 (16309174.088.000) 2026-02-18 10:42:57 Job submitted from host: <141.34.103.35:9618?addrs=141.34.103.35-9618+[2001-638-700-f067--1-23]-9618&alias=wgs39.zeuthen.desy.de&noUDP&sock=schedd_7302_24a3>
...
001 (16309174.088.000) 2026-02-18 10:43:15 Job executing on host: <141.34.14.30:9618?addrs=141.34.14.30-9618+[2001-638-700-f00e--1-1e]-9618&alias=turing04.zeuthen.desy.de&noUDP&sock=startd_6609_cd81>
	SlotName: slot1_10@turing04.zeuthen.desy.de
	AvailableGPUs = {  }
	CondorScratchDir = "/batch/dir_1679767"
	Cpus = 1
	Disk = 1025402
	GPUs = 0
	Memory = 5120
...
006 (16309174.088.000) 2026-02-18 10:43:29 Image size of job updated: 89304
	88  -  MemoryUsage of job (MB)
	89304  -  ResidentSetSize of job (KB)
...
006 (16309174.088.000) 2026-02-18 10:48:30 Image size of job updated: 264348
	232  -  MemoryUsage of job (MB)
	237176  -  ResidentSetSize of job (KB)
...
006 (16309174.088.000) 2026-02-18 10:53:31 Image size of job updated: 264348
	232  -  MemoryUsage of job (MB)
	237392  -  ResidentSetSize of job (KB)
...
006 (16309174.088.000) 2026-02-18 10:58:31 Image size of job updated: 264348
	232  -  MemoryUsage of job (MB)
	237404  -  ResidentSetSize of job (KB)
...
006 (16309174.088.000) 2026-02-18 11:03:32 Image size of job updated: 264348
	232  -  MemoryUsage of job (MB)
	237408  -  ResidentSetSize of job (KB)
...
006 (16309174.088.000) 2026-02-18 11:08:33 Image size of job updated: 264348
	232  -  MemoryUsage of job (MB)
	237412  -  ResidentSetSize of job (KB)
...
006 (16309174.088.000) 2026-02-18 11:13:33 Image size of job updated: 264348
	232  -  MemoryUsage of job (MB)
	237416  -  ResidentSetSize of job (KB)
...
006 (16309174.088.000) 2026-02-18 11:18:34 Image size of job updated: 264348
	232  -  MemoryUsage of job (MB)
	237480  -  ResidentSetSize of job (KB)
...
006 (16309174.088.000) 2026-02-18 11:33:36 Image size of job updated: 264348
	233  -  MemoryUsage of job (MB)
	237636  -  ResidentSetSize of job (KB)
...
006 (16309174.088.000) 2026-02-18 11:43:37 Image size of job updated: 264348
	233  -  MemoryUsage of job (MB)
	237648  -  ResidentSetSize of job (KB)
...
006 (16309174.088.000) 2026-02-18 12:03:38 Image size of job updated: 264348
	233  -  MemoryUsage of job (MB)
	237704  -  ResidentSetSize of job (KB)
...
006 (16309174.088.000) 2026-02-18 12:58:42 Image size of job updated: 264348
	233  -  MemoryUsage of job (MB)
	237728  -  ResidentSetSize of job (KB)
...
006 (16309174.088.000) 2026-02-18 13:33:44 Image size of job updated: 264348
	233  -  MemoryUsage of job (MB)
	237832  -  ResidentSetSize of job (KB)
...
006 (16309174.088.000) 2026-02-18 13:38:45 Image size of job updated: 264348
	233  -  MemoryUsage of job (MB)
	237904  -  ResidentSetSize of job (KB)
...
006 (16309174.088.000) 2026-02-18 15:33:58 Image size of job updated: 264348
	233  -  MemoryUsage of job (MB)
	238060  -  ResidentSetSize of job (KB)
...
006 (16309174.088.000) 2026-02-18 17:09:07 Image size of job updated: 264348
	233  -  MemoryUsage of job (MB)
	238216  -  ResidentSetSize of job (KB)
...
006 (16309174.088.000) 2026-02-18 19:14:19 Image size of job updated: 264348
	233  -  MemoryUsage of job (MB)
	238372  -  ResidentSetSize of job (KB)
...
006 (16309174.088.000) 2026-02-18 23:19:42 Image size of job updated: 264348
	233  -  MemoryUsage of job (MB)
	238528  -  ResidentSetSize of job (KB)
...
006 (16309174.088.000) 2026-02-19 10:50:54 Image size of job updated: 264348
	234  -  MemoryUsage of job (MB)
	238684  -  ResidentSetSize of job (KB)
...
006 (16309174.088.000) 2026-02-19 11:36:00 Image size of job updated: 264348
	234  -  MemoryUsage of job (MB)
	238688  -  ResidentSetSize of job (KB)
...
006 (16309174.088.000) 2026-02-19 13:46:11 Image size of job updated: 264348
	234  -  MemoryUsage of job (MB)
	239156  -  ResidentSetSize of job (KB)
...
006 (16309174.088.000) 2026-02-19 14:56:19 Image size of job updated: 264348
	234  -  MemoryUsage of job (MB)
	239172  -  ResidentSetSize of job (KB)
...
006 (16309174.088.000) 2026-02-19 15:01:19 Image size of job updated: 264348
	234  -  MemoryUsage of job (MB)
	239196  -  ResidentSetSize of job (KB)
...
006 (16309174.088.000) 2026-02-19 15:06:20 Image size of job updated: 264348
	234  -  MemoryUsage of job (MB)
	239412  -  ResidentSetSize of job (KB)
...
006 (16309174.088.000) 2026-02-19 15:31:22 Image size of job updated: 264348
	234  -  MemoryUsage of job (MB)
	239416  -  ResidentSetSize of job (KB)
...
006 (16309174.088.000) 2026-02-19 16:36:26 Image size of job updated: 264348
	234  -  MemoryUsage of job (MB)
	239432  -  ResidentSetSize of job (KB)
...
006 (16309174.088.000) 2026-02-19 16:41:27 Image size of job updated: 264348
	234  -  MemoryUsage of job (MB)
	239452  -  ResidentSetSize of job (KB)
...
006 (16309174.088.000) 2026-02-19 16:46:28 Image size of job updated: 264348
	235  -  MemoryUsage of job (MB)
	239668  -  ResidentSetSize of job (KB)
...
006 (16309174.088.000) 2026-02-19 17:26:33 Image size of job updated: 264348
	235  -  MemoryUsage of job (MB)
	239680  -  ResidentSetSize of job (KB)
...
006 (16309174.088.000) 2026-02-19 17:31:34 Image size of job updated: 264348
	235  -  MemoryUsage of job (MB)
	239724  -  ResidentSetSize of job (KB)
...
006 (16309174.088.000) 2026-02-19 17:36:34 Image size of job updated: 264348
	235  -  MemoryUsage of job (MB)
	239924  -  ResidentSetSize of job (KB)
...
006 (16309174.088.000) 2026-02-19 18:11:36 Image size of job updated: 264348
	237  -  MemoryUsage of job (MB)
	241716  -  ResidentSetSize of job (KB)
...
006 (16309174.088.000) 2026-02-20 02:22:26 Image size of job updated: 264348
	237  -  MemoryUsage of job (MB)
	241720  -  ResidentSetSize of job (KB)
...
022 (16309174.088.000) 2026-02-20 03:44:37 Job disconnected, attempting to reconnect
    Local schedd and job shadow died, schedd now running again
    Trying to reconnect to slot1_10@turing04.zeuthen.desy.de <141.34.14.30:9618?addrs=141.34.14.30-9618+[2001-638-700-f00e--1-1e]-9618&alias=turing04.zeuthen.desy.de&noUDP&sock=startd_6609_cd81>
...
023 (16309174.088.000) 2026-02-20 03:44:45 Job reconnected to slot1_10@turing04.zeuthen.desy.de
    startd address: <141.34.14.30:9618?addrs=141.34.14.30-9618+[2001-638-700-f00e--1-1e]-9618&alias=turing04.zeuthen.desy.de&noUDP&sock=startd_6609_cd81>
    starter address: <141.34.14.30:9618?addrs=141.34.14.30-9618+[2001-638-700-f00e--1-1e]-9618&alias=turing04.zeuthen.desy.de&noUDP&sock=slot1_10_6689_c169_11162>
...
021 (16309174.088.000) 2026-02-20 10:43:16 Error from starter on slot1_10@turing04.zeuthen.desy.de:
	runtime exceeded maximum (target.Runtime seconds)
	Code 21 Subcode 103
...
004 (16309174.088.000) 2026-02-20 10:43:16 Job was evicted.
	(0) CPU times
		Usr 1 23:35:50, Sys 0 00:00:08  -  Run Remote Usage
		Usr 0 00:00:00, Sys 0 00:00:00  -  Run Local Usage
	0  -  Run Bytes Sent By Job
	0  -  Run Bytes Received By Job
	Error from slot1_10@turing04.zeuthen.desy.de: runtime exceeded maximum (target.Runtime seconds)
	Partitionable Resources :         Usage  Request Allocated 
	   Cpus                 :          0.99        1         1 
	   Disk (KB)            :          1     1024000   1025402 
	   Memory (MB)          :        245        5120      5120 
	   TimeSlotBusy (s)     : 1771580596                       
...
012 (16309174.088.000) 2026-02-20 10:43:16 Job was held.
	Error from slot1_10@turing04.zeuthen.desy.de: runtime exceeded maximum (target.Runtime seconds)
	Code 21 Subcode 103
...
009 (16309174.088.000) 2026-02-23 19:29:11 Job was aborted.
	via condor_rm (by user tuccia)
...
000 (16619852.088.000) 2026-02-23 19:30:03 Job submitted from host: <141.34.103.35:9618?addrs=141.34.103.35-9618+[2001-638-700-f067--1-23]-9618&alias=wgs39.zeuthen.desy.de&noUDP&sock=schedd_7302_24a3>
...
001 (16619852.088.000) 2026-02-23 19:30:22 Job executing on host: <141.34.14.35:9618?addrs=141.34.14.35-9618+[2001-638-700-f00e--1-23]-9618&alias=ampere04.zeuthen.desy.de&noUDP&sock=startd_7950_9e02>
	SlotName: slot1_34@ampere04.zeuthen.desy.de
	AvailableGPUs = {  }
	CondorScratchDir = "/batch/dir_3673784"
	Cpus = 1
	Disk = 1025682
	GPUs = 0
	Memory = 5120
...
006 (16619852.088.000) 2026-02-23 19:30:36 Image size of job updated: 91352
	90  -  MemoryUsage of job (MB)
	91352  -  ResidentSetSize of job (KB)
...
006 (16619852.088.000) 2026-02-23 19:35:37 Image size of job updated: 515140
	236  -  MemoryUsage of job (MB)
	241088  -  ResidentSetSize of job (KB)
...
006 (16619852.088.000) 2026-02-23 19:40:37 Image size of job updated: 515140
	236  -  MemoryUsage of job (MB)
	241096  -  ResidentSetSize of job (KB)
...
006 (16619852.088.000) 2026-02-23 19:45:38 Image size of job updated: 515140
	236  -  MemoryUsage of job (MB)
	241104  -  ResidentSetSize of job (KB)
...
006 (16619852.088.000) 2026-02-23 19:50:39 Image size of job updated: 515140
	236  -  MemoryUsage of job (MB)
	241200  -  ResidentSetSize of job (KB)
...
006 (16619852.088.000) 2026-02-23 19:55:39 Image size of job updated: 515140
	236  -  MemoryUsage of job (MB)
	241232  -  ResidentSetSize of job (KB)
...
006 (16619852.088.000) 2026-02-23 20:35:43 Image size of job updated: 515140
	236  -  MemoryUsage of job (MB)
	241264  -  ResidentSetSize of job (KB)
...
006 (16619852.088.000) 2026-02-23 20:40:43 Image size of job updated: 515140
	236  -  MemoryUsage of job (MB)
	241320  -  ResidentSetSize of job (KB)
...
006 (16619852.088.000) 2026-02-23 20:45:43 Image size of job updated: 515140
	236  -  MemoryUsage of job (MB)
	241372  -  ResidentSetSize of job (KB)
...
006 (16619852.088.000) 2026-02-23 20:50:44 Image size of job updated: 515140
	236  -  MemoryUsage of job (MB)
	241556  -  ResidentSetSize of job (KB)
...
006 (16619852.088.000) 2026-02-23 21:00:44 Image size of job updated: 515140
	237  -  MemoryUsage of job (MB)
	241712  -  ResidentSetSize of job (KB)
...
006 (16619852.088.000) 2026-02-23 22:15:51 Image size of job updated: 515140
	237  -  MemoryUsage of job (MB)
	241868  -  ResidentSetSize of job (KB)
...
006 (16619852.088.000) 2026-02-23 23:35:57 Image size of job updated: 515140
	237  -  MemoryUsage of job (MB)
	242180  -  ResidentSetSize of job (KB)
...
006 (16619852.088.000) 2026-02-23 23:45:57 Image size of job updated: 515140
	237  -  MemoryUsage of job (MB)
	242336  -  ResidentSetSize of job (KB)
...
006 (16619852.088.000) 2026-02-24 04:11:29 Image size of job updated: 515140
	237  -  MemoryUsage of job (MB)
	242340  -  ResidentSetSize of job (KB)
...
006 (16619852.088.000) 2026-02-24 06:31:44 Image size of job updated: 515140
	237  -  MemoryUsage of job (MB)
	242344  -  ResidentSetSize of job (KB)
...
006 (16619852.088.000) 2026-02-24 07:41:53 Image size of job updated: 515140
	238  -  MemoryUsage of job (MB)
	242812  -  ResidentSetSize of job (KB)
...
022 (16619852.088.000) 2026-02-24 08:04:09 Job disconnected, attempting to reconnect
    Local schedd and job shadow died, schedd now running again
    Trying to reconnect to slot1_34@ampere04.zeuthen.desy.de <141.34.14.35:9618?addrs=141.34.14.35-9618+[2001-638-700-f00e--1-23]-9618&alias=ampere04.zeuthen.desy.de&noUDP&sock=startd_7950_9e02>
...
023 (16619852.088.000) 2026-02-24 08:04:19 Job reconnected to slot1_34@ampere04.zeuthen.desy.de
    startd address: <141.34.14.35:9618?addrs=141.34.14.35-9618+[2001-638-700-f00e--1-23]-9618&alias=ampere04.zeuthen.desy.de&noUDP&sock=startd_7950_9e02>
    starter address: <141.34.14.35:9618?addrs=141.34.14.35-9618+[2001-638-700-f00e--1-23]-9618&alias=ampere04.zeuthen.desy.de&noUDP&sock=slot1_34_8523_f974_22860>
...
005 (16619852.088.000) 2026-02-25 19:55:20 Job terminated.
	(1) Normal termination (return value 0)
		Usr 1 22:36:54, Sys 0 00:23:02  -  Run Remote Usage
		Usr 0 00:00:00, Sys 0 00:00:00  -  Run Local Usage
		Usr 2 10:37:19, Sys 0 00:23:44  -  Total Remote Usage
		Usr 0 00:00:00, Sys 0 00:00:00  -  Total Local Usage
	0  -  Run Bytes Sent By Job
	0  -  Run Bytes Received By Job
	0  -  Total Bytes Sent By Job
	0  -  Total Bytes Received By Job
	Partitionable Resources :         Usage  Request Allocated 
	   Cpus                 :          0.99        1         1 
	   Disk (KB)            :          1     1024000   1025682 
	   Memory (MB)          :        245        5120      5120 
	   TimeExecute (s)      : 1772045720                       
	   TimeSlotBusy (s)     : 1772045720                       

	Job terminated of its own accord at 2026-02-25T18:55:20Z with exit-code 0.
...
