000 (15756404.425.000) 2026-02-06 11:24:35 Job submitted from host: <141.34.103.35:9618?addrs=141.34.103.35-9618+[2001-638-700-f067--1-23]-9618&alias=wgs39.zeuthen.desy.de&noUDP&sock=schedd_7414_f73f>
...
001 (15756404.425.000) 2026-02-06 17:30:17 Job executing on host: <141.34.14.34:9618?addrs=141.34.14.34-9618+[2001-638-700-f00e--1-22]-9618&alias=ampere03.zeuthen.desy.de&noUDP&sock=startd_7876_dc00>
	SlotName: slot1_16@ampere03.zeuthen.desy.de
	AvailableGPUs = {  }
	CondorScratchDir = "/batch/dir_1162679"
	Cpus = 8
	Disk = 1025682
	GPUs = 0
	Memory = 16384
...
006 (15756404.425.000) 2026-02-06 17:30:30 Image size of job updated: 91412
	90  -  MemoryUsage of job (MB)
	91412  -  ResidentSetSize of job (KB)
...
006 (15756404.425.000) 2026-02-06 17:35:30 Image size of job updated: 1197672
	1118  -  MemoryUsage of job (MB)
	1144324  -  ResidentSetSize of job (KB)
...
006 (15756404.425.000) 2026-02-06 17:40:31 Image size of job updated: 1212176
	1175  -  MemoryUsage of job (MB)
	1202952  -  ResidentSetSize of job (KB)
...
006 (15756404.425.000) 2026-02-06 17:45:31 Image size of job updated: 1212340
	1175  -  MemoryUsage of job (MB)
	1202952  -  ResidentSetSize of job (KB)
...
006 (15756404.425.000) 2026-02-06 17:50:31 Image size of job updated: 1212608
	1175  -  MemoryUsage of job (MB)
	1202952  -  ResidentSetSize of job (KB)
...
006 (15756404.425.000) 2026-02-06 18:10:34 Image size of job updated: 1212664
	1175  -  MemoryUsage of job (MB)
	1202952  -  ResidentSetSize of job (KB)
...
006 (15756404.425.000) 2026-02-06 18:20:35 Image size of job updated: 1212664
	1183  -  MemoryUsage of job (MB)
	1210840  -  ResidentSetSize of job (KB)
...
006 (15756404.425.000) 2026-02-06 18:35:36 Image size of job updated: 1213204
	1183  -  MemoryUsage of job (MB)
	1210840  -  ResidentSetSize of job (KB)
...
006 (15756404.425.000) 2026-02-06 18:50:37 Image size of job updated: 1213204
	1184  -  MemoryUsage of job (MB)
	1212372  -  ResidentSetSize of job (KB)
...
006 (15756404.425.000) 2026-02-06 19:05:39 Image size of job updated: 1213204
	1184  -  MemoryUsage of job (MB)
	1212380  -  ResidentSetSize of job (KB)
...
006 (15756404.425.000) 2026-02-06 19:10:39 Image size of job updated: 1213204
	1184  -  MemoryUsage of job (MB)
	1212384  -  ResidentSetSize of job (KB)
...
006 (15756404.425.000) 2026-02-06 19:20:41 Image size of job updated: 1213204
	1185  -  MemoryUsage of job (MB)
	1212728  -  ResidentSetSize of job (KB)
...
006 (15756404.425.000) 2026-02-06 19:25:41 Image size of job updated: 1213232
	1185  -  MemoryUsage of job (MB)
	1212732  -  ResidentSetSize of job (KB)
...
006 (15756404.425.000) 2026-02-06 19:30:42 Image size of job updated: 1213348
	1185  -  MemoryUsage of job (MB)
	1212732  -  ResidentSetSize of job (KB)
...
006 (15756404.425.000) 2026-02-06 19:45:43 Image size of job updated: 1215308
	1185  -  MemoryUsage of job (MB)
	1212732  -  ResidentSetSize of job (KB)
...
006 (15756404.425.000) 2026-02-06 20:10:44 Image size of job updated: 1215732
	1185  -  MemoryUsage of job (MB)
	1212732  -  ResidentSetSize of job (KB)
...
006 (15756404.425.000) 2026-02-06 21:05:50 Image size of job updated: 1215796
	1185  -  MemoryUsage of job (MB)
	1212732  -  ResidentSetSize of job (KB)
...
006 (15756404.425.000) 2026-02-06 21:10:51 Image size of job updated: 1216104
	1185  -  MemoryUsage of job (MB)
	1212732  -  ResidentSetSize of job (KB)
...
006 (15756404.425.000) 2026-02-06 21:55:55 Image size of job updated: 1216116
	1188  -  MemoryUsage of job (MB)
	1216116  -  ResidentSetSize of job (KB)
...
006 (15756404.425.000) 2026-02-06 22:00:55 Image size of job updated: 1216120
	1188  -  MemoryUsage of job (MB)
	1216120  -  ResidentSetSize of job (KB)
...
006 (15756404.425.000) 2026-02-06 22:10:56 Image size of job updated: 1216480
	1188  -  MemoryUsage of job (MB)
	1216120  -  ResidentSetSize of job (KB)
...
006 (15756404.425.000) 2026-02-06 22:15:56 Image size of job updated: 1216632
	1188  -  MemoryUsage of job (MB)
	1216120  -  ResidentSetSize of job (KB)
...
006 (15756404.425.000) 2026-02-06 23:01:01 Image size of job updated: 1216788
	1188  -  MemoryUsage of job (MB)
	1216120  -  ResidentSetSize of job (KB)
...
006 (15756404.425.000) 2026-02-07 00:31:08 Image size of job updated: 1216896
	1188  -  MemoryUsage of job (MB)
	1216120  -  ResidentSetSize of job (KB)
...
006 (15756404.425.000) 2026-02-07 01:51:17 Image size of job updated: 1217144
	1188  -  MemoryUsage of job (MB)
	1216120  -  ResidentSetSize of job (KB)
...
006 (15756404.425.000) 2026-02-07 02:11:19 Image size of job updated: 1217200
	1188  -  MemoryUsage of job (MB)
	1216120  -  ResidentSetSize of job (KB)
...
006 (15756404.425.000) 2026-02-07 03:06:25 Image size of job updated: 1217308
	1188  -  MemoryUsage of job (MB)
	1216120  -  ResidentSetSize of job (KB)
...
006 (15756404.425.000) 2026-02-07 03:36:28 Image size of job updated: 1217580
	1188  -  MemoryUsage of job (MB)
	1216120  -  ResidentSetSize of job (KB)
...
006 (15756404.425.000) 2026-02-07 04:21:34 Image size of job updated: 1218028
	1188  -  MemoryUsage of job (MB)
	1216120  -  ResidentSetSize of job (KB)
...
006 (15756404.425.000) 2026-02-07 05:21:41 Image size of job updated: 1218264
	1188  -  MemoryUsage of job (MB)
	1216120  -  ResidentSetSize of job (KB)
...
006 (15756404.425.000) 2026-02-07 06:11:46 Image size of job updated: 1218760
	1188  -  MemoryUsage of job (MB)
	1216120  -  ResidentSetSize of job (KB)
...
006 (15756404.425.000) 2026-02-07 07:31:55 Image size of job updated: 1219184
	1188  -  MemoryUsage of job (MB)
	1216120  -  ResidentSetSize of job (KB)
...
006 (15756404.425.000) 2026-02-07 07:56:57 Image size of job updated: 1219304
	1188  -  MemoryUsage of job (MB)
	1216120  -  ResidentSetSize of job (KB)
...
006 (15756404.425.000) 2026-02-07 08:21:59 Image size of job updated: 1219420
	1188  -  MemoryUsage of job (MB)
	1216120  -  ResidentSetSize of job (KB)
...
006 (15756404.425.000) 2026-02-08 07:19:16 Image size of job updated: 1219420
	1191  -  MemoryUsage of job (MB)
	1218948  -  ResidentSetSize of job (KB)
...
006 (15756404.425.000) 2026-02-08 07:24:17 Image size of job updated: 1219420
	1191  -  MemoryUsage of job (MB)
	1218960  -  ResidentSetSize of job (KB)
...
006 (15756404.425.000) 2026-02-08 09:49:32 Image size of job updated: 1219652
	1191  -  MemoryUsage of job (MB)
	1218960  -  ResidentSetSize of job (KB)
...
006 (15756404.425.000) 2026-02-08 09:54:32 Image size of job updated: 1219924
	1191  -  MemoryUsage of job (MB)
	1218960  -  ResidentSetSize of job (KB)
...
006 (15756404.425.000) 2026-02-08 12:24:51 Image size of job updated: 1222252
	1194  -  MemoryUsage of job (MB)
	1222252  -  ResidentSetSize of job (KB)
...
006 (15756404.425.000) 2026-02-08 12:29:51 Image size of job updated: 1254876
	1194  -  MemoryUsage of job (MB)
	1222256  -  ResidentSetSize of job (KB)
...
006 (15756404.425.000) 2026-02-08 12:39:52 Image size of job updated: 1255720
	1194  -  MemoryUsage of job (MB)
	1222256  -  ResidentSetSize of job (KB)
...
006 (15756404.425.000) 2026-02-08 12:49:53 Image size of job updated: 1256412
	1194  -  MemoryUsage of job (MB)
	1222256  -  ResidentSetSize of job (KB)
...
006 (15756404.425.000) 2026-02-08 13:24:57 Image size of job updated: 1256412
	1221  -  MemoryUsage of job (MB)
	1249812  -  ResidentSetSize of job (KB)
...
006 (15756404.425.000) 2026-02-08 13:29:58 Image size of job updated: 1257308
	1221  -  MemoryUsage of job (MB)
	1249816  -  ResidentSetSize of job (KB)
...
006 (15756404.425.000) 2026-02-08 15:15:08 Image size of job updated: 1257376
	1221  -  MemoryUsage of job (MB)
	1249816  -  ResidentSetSize of job (KB)
...
006 (15756404.425.000) 2026-02-08 17:15:18 Image size of job updated: 1257580
	1221  -  MemoryUsage of job (MB)
	1249816  -  ResidentSetSize of job (KB)
...
021 (15756404.425.000) 2026-02-08 17:30:19 Error from starter on slot1_16@ampere03.zeuthen.desy.de:
	runtime exceeded maximum (target.Runtime seconds)
	Code 21 Subcode 103
...
004 (15756404.425.000) 2026-02-08 17:30:19 Job was evicted.
	(0) CPU times
		Usr 6 18:45:13, Sys 4 01:59:12  -  Run Remote Usage
		Usr 0 00:00:00, Sys 0 00:00:00  -  Run Local Usage
	0  -  Run Bytes Sent By Job
	0  -  Run Bytes Received By Job
	Error from slot1_16@ampere03.zeuthen.desy.de: runtime exceeded maximum (target.Runtime seconds)
	Partitionable Resources :     Usage  Request Allocated 
	   Cpus                 :      7.93        8         8 
	   Disk (KB)            :      1     1024000   1025682 
	   GPUs                 :                            0 
	   Memory (MB)          :   1221       16384     16384 
	   TimeSlotBusy (s)     : 172803                       
...
012 (15756404.425.000) 2026-02-08 17:30:19 Job was held.
	Error from slot1_16@ampere03.zeuthen.desy.de: runtime exceeded maximum (target.Runtime seconds)
	Code 21 Subcode 103
...
009 (15756404.425.000) 2026-02-10 11:42:25 Job was aborted.
	via condor_rm (by user tuccia)
...
