000 (15756407.303.000) 2026-02-06 11:26:10 Job submitted from host: <141.34.103.35:9618?addrs=141.34.103.35-9618+[2001-638-700-f067--1-23]-9618&alias=wgs39.zeuthen.desy.de&noUDP&sock=schedd_7414_f73f>
...
001 (15756407.303.000) 2026-02-08 16:17:49 Job executing on host: <141.34.15.219:9618?addrs=141.34.15.219-9618+[2001-638-700-f00f--1-db]-9618&alias=pizza27.zeuthen.desy.de&noUDP&sock=startd_9020_8c58>
	SlotName: slot1_8@pizza27.zeuthen.desy.de
	CondorScratchDir = "/batch/dir_1059551"
	Cpus = 8
	Disk = 1025696
	GPUs = 0
	Memory = 16384
...
006 (15756407.303.000) 2026-02-08 16:18:02 Image size of job updated: 91484
	90  -  MemoryUsage of job (MB)
	91484  -  ResidentSetSize of job (KB)
...
006 (15756407.303.000) 2026-02-08 16:23:02 Image size of job updated: 242872
	238  -  MemoryUsage of job (MB)
	242872  -  ResidentSetSize of job (KB)
...
006 (15756407.303.000) 2026-02-08 16:28:03 Image size of job updated: 277608
	272  -  MemoryUsage of job (MB)
	277608  -  ResidentSetSize of job (KB)
...
006 (15756407.303.000) 2026-02-08 16:33:04 Image size of job updated: 305552
	299  -  MemoryUsage of job (MB)
	305552  -  ResidentSetSize of job (KB)
...
006 (15756407.303.000) 2026-02-08 16:38:04 Image size of job updated: 312752
	306  -  MemoryUsage of job (MB)
	312752  -  ResidentSetSize of job (KB)
...
006 (15756407.303.000) 2026-02-08 16:43:05 Image size of job updated: 315572
	309  -  MemoryUsage of job (MB)
	315572  -  ResidentSetSize of job (KB)
...
006 (15756407.303.000) 2026-02-08 16:48:06 Image size of job updated: 369580
	347  -  MemoryUsage of job (MB)
	354684  -  ResidentSetSize of job (KB)
...
006 (15756407.303.000) 2026-02-08 16:58:07 Image size of job updated: 369580
	361  -  MemoryUsage of job (MB)
	369312  -  ResidentSetSize of job (KB)
...
006 (15756407.303.000) 2026-02-08 17:03:08 Image size of job updated: 369784
	361  -  MemoryUsage of job (MB)
	369388  -  ResidentSetSize of job (KB)
...
006 (15756407.303.000) 2026-02-08 17:13:09 Image size of job updated: 370148
	361  -  MemoryUsage of job (MB)
	369388  -  ResidentSetSize of job (KB)
...
006 (15756407.303.000) 2026-02-08 17:33:12 Image size of job updated: 370148
	361  -  MemoryUsage of job (MB)
	369560  -  ResidentSetSize of job (KB)
...
006 (15756407.303.000) 2026-02-08 17:38:12 Image size of job updated: 370180
	361  -  MemoryUsage of job (MB)
	369560  -  ResidentSetSize of job (KB)
...
006 (15756407.303.000) 2026-02-08 17:43:13 Image size of job updated: 370180
	361  -  MemoryUsage of job (MB)
	369572  -  ResidentSetSize of job (KB)
...
006 (15756407.303.000) 2026-02-08 18:03:16 Image size of job updated: 370204
	361  -  MemoryUsage of job (MB)
	369572  -  ResidentSetSize of job (KB)
...
006 (15756407.303.000) 2026-02-08 19:08:22 Image size of job updated: 370204
	361  -  MemoryUsage of job (MB)
	369580  -  ResidentSetSize of job (KB)
...
006 (15756407.303.000) 2026-02-08 19:38:26 Image size of job updated: 370412
	361  -  MemoryUsage of job (MB)
	369580  -  ResidentSetSize of job (KB)
...
006 (15756407.303.000) 2026-02-08 20:18:31 Image size of job updated: 371028
	361  -  MemoryUsage of job (MB)
	369580  -  ResidentSetSize of job (KB)
...
006 (15756407.303.000) 2026-02-08 20:23:32 Image size of job updated: 371028
	362  -  MemoryUsage of job (MB)
	369796  -  ResidentSetSize of job (KB)
...
006 (15756407.303.000) 2026-02-08 20:48:33 Image size of job updated: 371028
	363  -  MemoryUsage of job (MB)
	370752  -  ResidentSetSize of job (KB)
...
006 (15756407.303.000) 2026-02-08 21:48:38 Image size of job updated: 371184
	363  -  MemoryUsage of job (MB)
	370752  -  ResidentSetSize of job (KB)
...
006 (15756407.303.000) 2026-02-09 01:39:04 Image size of job updated: 371184
	363  -  MemoryUsage of job (MB)
	370792  -  ResidentSetSize of job (KB)
...
006 (15756407.303.000) 2026-02-09 02:14:06 Image size of job updated: 371568
	363  -  MemoryUsage of job (MB)
	370792  -  ResidentSetSize of job (KB)
...
006 (15756407.303.000) 2026-02-09 02:24:07 Image size of job updated: 371568
	363  -  MemoryUsage of job (MB)
	371232  -  ResidentSetSize of job (KB)
...
006 (15756407.303.000) 2026-02-09 02:59:11 Image size of job updated: 371628
	363  -  MemoryUsage of job (MB)
	371232  -  ResidentSetSize of job (KB)
...
005 (15756407.303.000) 2026-02-09 04:06:52 Job terminated.
	(1) Normal termination (return value 0)
		Usr 1 18:42:21, Sys 0 00:06:57  -  Run Remote Usage
		Usr 0 00:00:00, Sys 0 00:00:00  -  Run Local Usage
		Usr 1 18:42:21, Sys 0 00:06:57  -  Total Remote Usage
		Usr 0 00:00:00, Sys 0 00:00:00  -  Total Local Usage
	0  -  Run Bytes Sent By Job
	0  -  Run Bytes Received By Job
	0  -  Total Bytes Sent By Job
	0  -  Total Bytes Received By Job
	Partitionable Resources :    Usage  Request Allocated 
	   Cpus                 :     0.99        8         8 
	   Disk (KB)            :     1     1024000   1025696 
	   GPUs                 :                           0 
	   Memory (MB)          :   363       16384     16384 
	   TimeExecute (s)      : 42543                       
	   TimeSlotBusy (s)     : 42543                       

	Job terminated of its own accord at 2026-02-09T03:06:52Z with exit-code 0.
...
