~~~~~~~~~~~~~~~~~~~~~~~~~~~~~~

n_qubits: 60, 
r: 35, 
alpha: 0.01, 
shots: 10000, 
ansatz: structure_like_qubo_YZ_2, 
layer: 1, 
tau: 0.3

time for simulated annealing:  68.89832210540771
Rank 1: Bitstring=010000111010001110000101101111010001100111010111110110011000, Decimal=304617891810868632, Energy=-47.9788
Rank 2: Bitstring=010100111010001110001101101111010001100111010111110111011000, Decimal=376676035604610520, Energy=-47.5868
Rank 3: Bitstring=010000111010001110000100101111010001100101010111110110011000, Decimal=304617823090867608, Energy=-47.3358
Rank 4: Bitstring=010000111010001110000101101111010001100110010100010110011000, Decimal=304617891810592152, Energy=-47.2266
Rank 5: Bitstring=010110111010001110101101101111010001100111010111110111011000, Decimal=412707031646830040, Energy=-47.208
Rank 6: Bitstring=010000111010001110000101101111010001100110010110110110011000, Decimal=304617891810602392, Energy=-47.1382
Rank 7: Bitstring=010100111010001110001101101111010001100110010100010111011000, Decimal=376676035604334040, Energy=-46.8346
Rank 8: Bitstring=010000100010001010000101101111000001100111010111110010011000, Decimal=297844899915332760, Energy=-46.7976
Rank 9: Bitstring=010000111010001111000101101111010001110111010111110110011000, Decimal=304622289861574040, Energy=-46.5352
Rank 10: Bitstring=111000111000101110010101101111010001100010110100010110111000, Decimal=1024772719235515832, Energy=-46.4688

E_min from simulated annealing:  -47.9788
Minimum energy: -47.9788
States with energy within 1e-08 of minimum: [304617891810868632]


################## Start optimization with initial parameters: [0. 0. 0. 0. 0. 0. 0. 0. 0. 0. 0. 0. 0. 0. 0. 0. 0. 0. 0. 0. 0. 0. 0. 0.
 0. 0. 0. 0. 0. 0. 0. 0. 0. 0. 0. 0. 0. 0. 0. 0. 0. 0. 0. 0. 0. 0. 0. 0.
 0. 0. 0. 0. 0. 0. 0. 0. 0. 0. 0. 0. 0. 0. 0. 0. 0. 0. 0. 0. 0. 0. 0. 0.
 0. 0. 0. 0. 0. 0. 0. 0. 0. 0. 0. 0. 0. 0. 0. 0. 0. 0. 0. 0. 0. 0. 0. 0.
 0. 0. 0. 0. 0. 0. 0. 0. 0. 0. 0. 0. 0. 0. 0. 0. 0. 0. 0. 0. 0. 0. 0. 0.
 0. 0. 0. 0. 0. 0. 0. 0. 0. 0. 0. 0. 0. 0. 0. 0. 0. 0. 0. 0. 0. 0. 0. 0.
 0. 0. 0. 0. 0. 0. 0. 0. 0. 0. 0. 0. 0. 0. 0. 0. 0. 0. 0. 0. 0. 0. 0. 0.
 0. 0. 0. 0. 0. 0. 0. 0. 0. 0. 0. 0. 0. 0. 0. 0. 0. 0. 0. 0. 0. 0. 0. 0.
 0. 0. 0. 0. 0. 0. 0. 0. 0. 0. 0. 0. 0. 0. 0. 0. 0. 0. 0. 0. 0. 0. 0. 0.
 0. 0. 0. 0. 0. 0. 0. 0. 0. 0. 0. 0. 0. 0. 0. 0. 0. 0. 0. 0. 0. 0. 0. 0.]
Write sucessfully to ./data/data_shots_10000_layer_1/alpha_0.01/N_60/r_35/ansatz_type_structure_like_qubo_YZ_2/initialization_zeros

vqe.cvar_eval[0]: -17.818694000000004 , min_cvar: -46.371967999999995 , opt_cvar: -46.371967999999995

vqe.poss_eval[-1]: 0 vqe.poss_eval[0] 0  , max_poss: 0 , opt_poss: 0

vqe.r_eval[-1]: 0.966418918355607 vqe.r_eval[0]: 0.3713868208458737 max_r: 0.9665095417142571 , min_r: 0.35626180729822354
