000 (15756407.436.000) 2026-02-06 11:26:11 Job submitted from host: <141.34.103.35:9618?addrs=141.34.103.35-9618+[2001-638-700-f067--1-23]-9618&alias=wgs39.zeuthen.desy.de&noUDP&sock=schedd_7414_f73f>
...
001 (15756407.436.000) 2026-02-09 03:21:02 Job executing on host: <141.34.15.48:9618?addrs=141.34.15.48-9618+[2001-638-700-f00f--1-30]-9618&alias=pizza19.zeuthen.desy.de&noUDP&sock=startd_8419_4fed>
	SlotName: slot1_4@pizza19.zeuthen.desy.de
	CondorScratchDir = "/batch/dir_1606475"
	Cpus = 8
	Disk = 1025696
	GPUs = 0
	Memory = 16384
...
006 (15756407.436.000) 2026-02-09 03:21:16 Image size of job updated: 91468
	90  -  MemoryUsage of job (MB)
	91468  -  ResidentSetSize of job (KB)
...
006 (15756407.436.000) 2026-02-09 03:26:17 Image size of job updated: 346288
	276  -  MemoryUsage of job (MB)
	282356  -  ResidentSetSize of job (KB)
...
006 (15756407.436.000) 2026-02-09 03:31:18 Image size of job updated: 346288
	287  -  MemoryUsage of job (MB)
	293616  -  ResidentSetSize of job (KB)
...
006 (15756407.436.000) 2026-02-09 03:36:18 Image size of job updated: 346288
	291  -  MemoryUsage of job (MB)
	297648  -  ResidentSetSize of job (KB)
...
006 (15756407.436.000) 2026-02-09 03:41:19 Image size of job updated: 346288
	294  -  MemoryUsage of job (MB)
	300940  -  ResidentSetSize of job (KB)
...
006 (15756407.436.000) 2026-02-09 03:46:20 Image size of job updated: 346288
	294  -  MemoryUsage of job (MB)
	300984  -  ResidentSetSize of job (KB)
...
006 (15756407.436.000) 2026-02-09 03:51:20 Image size of job updated: 346288
	295  -  MemoryUsage of job (MB)
	301240  -  ResidentSetSize of job (KB)
...
006 (15756407.436.000) 2026-02-09 03:56:21 Image size of job updated: 346288
	295  -  MemoryUsage of job (MB)
	302028  -  ResidentSetSize of job (KB)
...
006 (15756407.436.000) 2026-02-09 04:01:22 Image size of job updated: 346288
	312  -  MemoryUsage of job (MB)
	319440  -  ResidentSetSize of job (KB)
...
006 (15756407.436.000) 2026-02-09 04:06:22 Image size of job updated: 350160
	342  -  MemoryUsage of job (MB)
	350160  -  ResidentSetSize of job (KB)
...
006 (15756407.436.000) 2026-02-09 04:11:23 Image size of job updated: 369292
	361  -  MemoryUsage of job (MB)
	369292  -  ResidentSetSize of job (KB)
...
006 (15756407.436.000) 2026-02-09 04:16:24 Image size of job updated: 387296
	379  -  MemoryUsage of job (MB)
	387296  -  ResidentSetSize of job (KB)
...
006 (15756407.436.000) 2026-02-09 04:21:24 Image size of job updated: 391184
	383  -  MemoryUsage of job (MB)
	391184  -  ResidentSetSize of job (KB)
...
006 (15756407.436.000) 2026-02-09 04:26:25 Image size of job updated: 391428
	383  -  MemoryUsage of job (MB)
	391184  -  ResidentSetSize of job (KB)
...
006 (15756407.436.000) 2026-02-09 04:46:28 Image size of job updated: 391428
	383  -  MemoryUsage of job (MB)
	391428  -  ResidentSetSize of job (KB)
...
006 (15756407.436.000) 2026-02-09 05:06:30 Image size of job updated: 398412
	390  -  MemoryUsage of job (MB)
	398412  -  ResidentSetSize of job (KB)
...
006 (15756407.436.000) 2026-02-09 05:11:31 Image size of job updated: 398652
	390  -  MemoryUsage of job (MB)
	398652  -  ResidentSetSize of job (KB)
...
006 (15756407.436.000) 2026-02-09 05:21:32 Image size of job updated: 400912
	392  -  MemoryUsage of job (MB)
	400912  -  ResidentSetSize of job (KB)
...
006 (15756407.436.000) 2026-02-09 06:16:36 Image size of job updated: 403568
	395  -  MemoryUsage of job (MB)
	403568  -  ResidentSetSize of job (KB)
...
006 (15756407.436.000) 2026-02-09 06:21:36 Image size of job updated: 404044
	395  -  MemoryUsage of job (MB)
	404044  -  ResidentSetSize of job (KB)
...
006 (15756407.436.000) 2026-02-09 06:26:36 Image size of job updated: 404784
	396  -  MemoryUsage of job (MB)
	404784  -  ResidentSetSize of job (KB)
...
006 (15756407.436.000) 2026-02-09 06:31:37 Image size of job updated: 404968
	396  -  MemoryUsage of job (MB)
	404968  -  ResidentSetSize of job (KB)
...
006 (15756407.436.000) 2026-02-09 06:46:38 Image size of job updated: 404992
	396  -  MemoryUsage of job (MB)
	404992  -  ResidentSetSize of job (KB)
...
006 (15756407.436.000) 2026-02-09 06:51:38 Image size of job updated: 405084
	396  -  MemoryUsage of job (MB)
	405084  -  ResidentSetSize of job (KB)
...
006 (15756407.436.000) 2026-02-09 06:56:38 Image size of job updated: 405652
	397  -  MemoryUsage of job (MB)
	405652  -  ResidentSetSize of job (KB)
...
006 (15756407.436.000) 2026-02-09 07:01:39 Image size of job updated: 405860
	397  -  MemoryUsage of job (MB)
	405860  -  ResidentSetSize of job (KB)
...
006 (15756407.436.000) 2026-02-09 07:21:40 Image size of job updated: 410488
	401  -  MemoryUsage of job (MB)
	410488  -  ResidentSetSize of job (KB)
...
006 (15756407.436.000) 2026-02-09 07:26:40 Image size of job updated: 410800
	402  -  MemoryUsage of job (MB)
	410800  -  ResidentSetSize of job (KB)
...
006 (15756407.436.000) 2026-02-09 07:51:42 Image size of job updated: 410824
	402  -  MemoryUsage of job (MB)
	410824  -  ResidentSetSize of job (KB)
...
006 (15756407.436.000) 2026-02-09 07:56:42 Image size of job updated: 411056
	402  -  MemoryUsage of job (MB)
	411056  -  ResidentSetSize of job (KB)
...
006 (15756407.436.000) 2026-02-09 09:01:49 Image size of job updated: 411084
	402  -  MemoryUsage of job (MB)
	411084  -  ResidentSetSize of job (KB)
...
006 (15756407.436.000) 2026-02-09 09:06:49 Image size of job updated: 411316
	402  -  MemoryUsage of job (MB)
	411316  -  ResidentSetSize of job (KB)
...
006 (15756407.436.000) 2026-02-09 09:26:52 Image size of job updated: 431204
	422  -  MemoryUsage of job (MB)
	431204  -  ResidentSetSize of job (KB)
...
006 (15756407.436.000) 2026-02-09 09:31:53 Image size of job updated: 431740
	422  -  MemoryUsage of job (MB)
	431740  -  ResidentSetSize of job (KB)
...
006 (15756407.436.000) 2026-02-09 09:51:55 Image size of job updated: 431796
	422  -  MemoryUsage of job (MB)
	431796  -  ResidentSetSize of job (KB)
...
006 (15756407.436.000) 2026-02-09 09:56:56 Image size of job updated: 431932
	422  -  MemoryUsage of job (MB)
	431932  -  ResidentSetSize of job (KB)
...
006 (15756407.436.000) 2026-02-09 10:06:56 Image size of job updated: 432088
	422  -  MemoryUsage of job (MB)
	432088  -  ResidentSetSize of job (KB)
...
006 (15756407.436.000) 2026-02-09 10:26:58 Image size of job updated: 432116
	422  -  MemoryUsage of job (MB)
	432116  -  ResidentSetSize of job (KB)
...
006 (15756407.436.000) 2026-02-09 10:41:59 Image size of job updated: 432180
	423  -  MemoryUsage of job (MB)
	432180  -  ResidentSetSize of job (KB)
...
006 (15756407.436.000) 2026-02-09 10:46:59 Image size of job updated: 432372
	423  -  MemoryUsage of job (MB)
	432372  -  ResidentSetSize of job (KB)
...
006 (15756407.436.000) 2026-02-09 11:37:05 Image size of job updated: 432376
	423  -  MemoryUsage of job (MB)
	432376  -  ResidentSetSize of job (KB)
...
006 (15756407.436.000) 2026-02-09 11:47:05 Image size of job updated: 432380
	423  -  MemoryUsage of job (MB)
	432380  -  ResidentSetSize of job (KB)
...
006 (15756407.436.000) 2026-02-09 12:07:07 Image size of job updated: 432676
	423  -  MemoryUsage of job (MB)
	432676  -  ResidentSetSize of job (KB)
...
006 (15756407.436.000) 2026-02-09 12:42:09 Image size of job updated: 432772
	423  -  MemoryUsage of job (MB)
	432772  -  ResidentSetSize of job (KB)
...
006 (15756407.436.000) 2026-02-09 12:47:10 Image size of job updated: 432776
	423  -  MemoryUsage of job (MB)
	432776  -  ResidentSetSize of job (KB)
...
006 (15756407.436.000) 2026-02-09 12:52:11 Image size of job updated: 432784
	423  -  MemoryUsage of job (MB)
	432784  -  ResidentSetSize of job (KB)
...
006 (15756407.436.000) 2026-02-09 13:27:15 Image size of job updated: 432836
	423  -  MemoryUsage of job (MB)
	432836  -  ResidentSetSize of job (KB)
...
006 (15756407.436.000) 2026-02-09 13:32:16 Image size of job updated: 432848
	423  -  MemoryUsage of job (MB)
	432848  -  ResidentSetSize of job (KB)
...
006 (15756407.436.000) 2026-02-09 14:07:19 Image size of job updated: 432920
	423  -  MemoryUsage of job (MB)
	432920  -  ResidentSetSize of job (KB)
...
006 (15756407.436.000) 2026-02-09 15:17:27 Image size of job updated: 432940
	423  -  MemoryUsage of job (MB)
	432940  -  ResidentSetSize of job (KB)
...
006 (15756407.436.000) 2026-02-09 15:57:30 Image size of job updated: 433016
	423  -  MemoryUsage of job (MB)
	433016  -  ResidentSetSize of job (KB)
...
006 (15756407.436.000) 2026-02-09 16:17:31 Image size of job updated: 433028
	423  -  MemoryUsage of job (MB)
	433028  -  ResidentSetSize of job (KB)
...
006 (15756407.436.000) 2026-02-09 16:22:32 Image size of job updated: 433176
	424  -  MemoryUsage of job (MB)
	433176  -  ResidentSetSize of job (KB)
...
022 (15756407.436.000) 2026-02-10 08:04:04 Job disconnected, attempting to reconnect
    Local schedd and job shadow died, schedd now running again
    Trying to reconnect to slot1_4@pizza19.zeuthen.desy.de <141.34.15.48:9618?addrs=141.34.15.48-9618+[2001-638-700-f00f--1-30]-9618&alias=pizza19.zeuthen.desy.de&noUDP&sock=startd_8419_4fed>
...
023 (15756407.436.000) 2026-02-10 08:04:11 Job reconnected to slot1_4@pizza19.zeuthen.desy.de
    startd address: <141.34.15.48:9618?addrs=141.34.15.48-9618+[2001-638-700-f00f--1-30]-9618&alias=pizza19.zeuthen.desy.de&noUDP&sock=startd_8419_4fed>
    starter address: <141.34.15.48:9618?addrs=141.34.15.48-9618+[2001-638-700-f00f--1-30]-9618&alias=pizza19.zeuthen.desy.de&noUDP&sock=slot1_4_9006_4aa7_24225>
...
