000 (15756404.376.000) 2026-02-06 11:24:34 Job submitted from host: <141.34.103.35:9618?addrs=141.34.103.35-9618+[2001-638-700-f067--1-23]-9618&alias=wgs39.zeuthen.desy.de&noUDP&sock=schedd_7414_f73f>
...
001 (15756404.376.000) 2026-02-06 17:29:15 Job executing on host: <141.34.15.42:9618?addrs=141.34.15.42-9618+[2001-638-700-f00f--1-2a]-9618&alias=pizza13.zeuthen.desy.de&noUDP&sock=startd_8168_25a7>
	SlotName: slot1_28@pizza13.zeuthen.desy.de
	CondorScratchDir = "/batch/dir_193340"
	Cpus = 8
	Disk = 1025696
	GPUs = 0
	Memory = 16384
...
006 (15756404.376.000) 2026-02-06 17:29:28 Image size of job updated: 91444
	90  -  MemoryUsage of job (MB)
	91444  -  ResidentSetSize of job (KB)
...
006 (15756404.376.000) 2026-02-06 17:34:28 Image size of job updated: 309488
	302  -  MemoryUsage of job (MB)
	308824  -  ResidentSetSize of job (KB)
...
006 (15756404.376.000) 2026-02-06 17:39:29 Image size of job updated: 310096
	303  -  MemoryUsage of job (MB)
	310020  -  ResidentSetSize of job (KB)
...
006 (15756404.376.000) 2026-02-06 17:49:29 Image size of job updated: 310480
	303  -  MemoryUsage of job (MB)
	310020  -  ResidentSetSize of job (KB)
...
006 (15756404.376.000) 2026-02-06 17:54:30 Image size of job updated: 311304
	304  -  MemoryUsage of job (MB)
	311048  -  ResidentSetSize of job (KB)
...
006 (15756404.376.000) 2026-02-06 17:59:30 Image size of job updated: 311820
	305  -  MemoryUsage of job (MB)
	311820  -  ResidentSetSize of job (KB)
...
006 (15756404.376.000) 2026-02-06 18:04:30 Image size of job updated: 312076
	305  -  MemoryUsage of job (MB)
	312076  -  ResidentSetSize of job (KB)
...
006 (15756404.376.000) 2026-02-06 18:09:31 Image size of job updated: 312332
	306  -  MemoryUsage of job (MB)
	312332  -  ResidentSetSize of job (KB)
...
006 (15756404.376.000) 2026-02-06 18:14:32 Image size of job updated: 312588
	306  -  MemoryUsage of job (MB)
	312588  -  ResidentSetSize of job (KB)
...
006 (15756404.376.000) 2026-02-06 18:19:32 Image size of job updated: 313100
	306  -  MemoryUsage of job (MB)
	313100  -  ResidentSetSize of job (KB)
...
006 (15756404.376.000) 2026-02-06 18:24:33 Image size of job updated: 313356
	307  -  MemoryUsage of job (MB)
	313356  -  ResidentSetSize of job (KB)
...
006 (15756404.376.000) 2026-02-06 18:29:34 Image size of job updated: 314036
	307  -  MemoryUsage of job (MB)
	314036  -  ResidentSetSize of job (KB)
...
006 (15756404.376.000) 2026-02-06 18:34:34 Image size of job updated: 314516
	308  -  MemoryUsage of job (MB)
	314516  -  ResidentSetSize of job (KB)
...
006 (15756404.376.000) 2026-02-06 20:49:50 Image size of job updated: 314536
	308  -  MemoryUsage of job (MB)
	314536  -  ResidentSetSize of job (KB)
...
006 (15756404.376.000) 2026-02-06 20:59:51 Image size of job updated: 314792
	308  -  MemoryUsage of job (MB)
	314792  -  ResidentSetSize of job (KB)
...
006 (15756404.376.000) 2026-02-06 23:25:05 Image size of job updated: 314796
	308  -  MemoryUsage of job (MB)
	314796  -  ResidentSetSize of job (KB)
...
006 (15756404.376.000) 2026-02-07 00:05:08 Image size of job updated: 314828
	308  -  MemoryUsage of job (MB)
	314828  -  ResidentSetSize of job (KB)
...
006 (15756404.376.000) 2026-02-07 00:10:08 Image size of job updated: 314836
	308  -  MemoryUsage of job (MB)
	314836  -  ResidentSetSize of job (KB)
...
006 (15756404.376.000) 2026-02-07 00:15:08 Image size of job updated: 314844
	308  -  MemoryUsage of job (MB)
	314844  -  ResidentSetSize of job (KB)
...
006 (15756404.376.000) 2026-02-07 00:30:09 Image size of job updated: 314848
	308  -  MemoryUsage of job (MB)
	314848  -  ResidentSetSize of job (KB)
...
006 (15756404.376.000) 2026-02-07 00:55:11 Image size of job updated: 314852
	308  -  MemoryUsage of job (MB)
	314852  -  ResidentSetSize of job (KB)
...
006 (15756404.376.000) 2026-02-07 01:00:11 Image size of job updated: 314856
	308  -  MemoryUsage of job (MB)
	314856  -  ResidentSetSize of job (KB)
...
006 (15756404.376.000) 2026-02-07 01:15:12 Image size of job updated: 314920
	308  -  MemoryUsage of job (MB)
	314920  -  ResidentSetSize of job (KB)
...
006 (15756404.376.000) 2026-02-07 01:20:13 Image size of job updated: 314928
	308  -  MemoryUsage of job (MB)
	314928  -  ResidentSetSize of job (KB)
...
006 (15756404.376.000) 2026-02-07 01:25:13 Image size of job updated: 314932
	308  -  MemoryUsage of job (MB)
	314932  -  ResidentSetSize of job (KB)
...
005 (15756404.376.000) 2026-02-07 01:40:50 Job terminated.
	(1) Normal termination (return value 0)
		Usr 1 03:22:31, Sys 0 16:49:04  -  Run Remote Usage
		Usr 0 00:00:00, Sys 0 00:00:00  -  Run Local Usage
		Usr 1 03:22:31, Sys 0 16:49:04  -  Total Remote Usage
		Usr 0 00:00:00, Sys 0 00:00:00  -  Total Local Usage
	0  -  Run Bytes Sent By Job
	0  -  Run Bytes Received By Job
	0  -  Total Bytes Sent By Job
	0  -  Total Bytes Received By Job
	Partitionable Resources :    Usage  Request Allocated 
	   Cpus                 :     3.83        8         8 
	   Disk (KB)            :     1     1024000   1025696 
	   GPUs                 :                           0 
	   Memory (MB)          :   308       16384     16384 
	   TimeExecute (s)      : 29495                       
	   TimeSlotBusy (s)     : 29495                       

	Job terminated of its own accord at 2026-02-07T00:40:50Z with exit-code 0.
...
