~~~~~~~~~~~~~~~~~~~~~~~~~~~~~~

n_qubits: 60, 
r: 30, 
alpha: 0.01, 
shots: 10000, 
ansatz: structure_like_qubo_YZ_2, 
layer: 1, 
tau: 0.3

time for simulated annealing:  67.92408680915833
Rank 1: Bitstring=011010101110011101111101010011001111011000001010011111110100, Decimal=481453966071212020, Energy=-47.1856
Rank 2: Bitstring=111010101110011101111101110011001111011000001010011111110100, Decimal=1057914752734373876, Energy=-47.0238
Rank 3: Bitstring=011010101110010101110101010011001111011000001010011101110100, Decimal=481418231943309172, Energy=-47.0022
Rank 4: Bitstring=111010101110010101110101110011001111011000001010011101110100, Decimal=1057879018606471028, Energy=-46.8404
Rank 5: Bitstring=110010100100101001111101110011001111011000000010001111111100, Decimal=911037591449510908, Energy=-46.6544
Rank 6: Bitstring=011010100100101001111101010011001111011000000010001111111100, Decimal=478691992862204924, Energy=-46.6182
Rank 7: Bitstring=110010100100101000111101110011001101011000000010001111111100, Decimal=911033193369445372, Energy=-46.6048
Rank 8: Bitstring=110110100100101001101111110110001011011000010010001111111000, Decimal=983094226568946680, Energy=-46.6016
Rank 9: Bitstring=110110100100101000101111110110001001011000010010001111111000, Decimal=983089828488881144, Energy=-46.586
Rank 10: Bitstring=011010100100101000111101010011001101011000000010001111111100, Decimal=478687594782139388, Energy=-46.5686

E_min from simulated annealing:  -47.1856
Minimum energy: -47.1856
States with energy within 1e-08 of minimum: [481453966071212020]


################## Start optimization with initial parameters: [0. 0. 0. 0. 0. 0. 0. 0. 0. 0. 0. 0. 0. 0. 0. 0. 0. 0. 0. 0. 0. 0. 0. 0.
 0. 0. 0. 0. 0. 0. 0. 0. 0. 0. 0. 0. 0. 0. 0. 0. 0. 0. 0. 0. 0. 0. 0. 0.
 0. 0. 0. 0. 0. 0. 0. 0. 0. 0. 0. 0. 0. 0. 0. 0. 0. 0. 0. 0. 0. 0. 0. 0.
 0. 0. 0. 0. 0. 0. 0. 0. 0. 0. 0. 0. 0. 0. 0. 0. 0. 0. 0. 0. 0. 0. 0. 0.
 0. 0. 0. 0. 0. 0. 0. 0. 0. 0. 0. 0. 0. 0. 0. 0. 0. 0. 0. 0. 0. 0. 0. 0.
 0. 0. 0. 0. 0. 0. 0. 0. 0. 0. 0. 0. 0. 0. 0. 0. 0. 0. 0. 0. 0. 0. 0. 0.
 0. 0. 0. 0. 0. 0. 0. 0. 0. 0. 0. 0. 0. 0. 0. 0. 0. 0. 0. 0. 0. 0. 0. 0.
 0. 0. 0. 0. 0. 0. 0. 0. 0. 0. 0. 0. 0. 0. 0. 0. 0. 0. 0. 0. 0. 0. 0. 0.
 0. 0. 0. 0. 0. 0. 0. 0. 0. 0. 0. 0. 0. 0. 0. 0. 0. 0. 0. 0. 0. 0. 0. 0.
 0. 0. 0. 0. 0. 0. 0. 0. 0. 0. 0. 0. 0. 0. 0. 0. 0. 0. 0. 0. 0. 0. 0. 0.]
Write sucessfully to ./data/data_shots_10000_layer_1/alpha_0.01/N_60/r_30/ansatz_type_structure_like_qubo_YZ_2/initialization_zeros

vqe.cvar_eval[0]: -17.652980000000014 , min_cvar: -43.78222800000002 , opt_cvar: -43.78222800000002

vqe.poss_eval[-1]: 0 vqe.poss_eval[0] 0  , max_poss: 0 , opt_poss: 0

vqe.r_eval[-1]: 0.9231862686921433 vqe.r_eval[0]: 0.3741179512393614 max_r: 0.9278726560645624 , min_r: 0.3570161235631212
