000 (15756404.561.000) 2026-02-06 11:24:35 Job submitted from host: <141.34.103.35:9618?addrs=141.34.103.35-9618+[2001-638-700-f067--1-23]-9618&alias=wgs39.zeuthen.desy.de&noUDP&sock=schedd_7414_f73f>
...
001 (15756404.561.000) 2026-02-06 20:31:37 Job executing on host: <141.34.15.217:9618?addrs=141.34.15.217-9618+[2001-638-700-f00f--1-d9]-9618&alias=pizza25.zeuthen.desy.de&noUDP&sock=startd_9096_ad8b>
	SlotName: slot1_1@pizza25.zeuthen.desy.de
	CondorScratchDir = "/batch/dir_2956483"
	Cpus = 8
	Disk = 1025696
	GPUs = 0
	Memory = 16384
...
006 (15756404.561.000) 2026-02-06 20:31:51 Image size of job updated: 91460
	90  -  MemoryUsage of job (MB)
	91460  -  ResidentSetSize of job (KB)
...
006 (15756404.561.000) 2026-02-06 20:36:52 Image size of job updated: 214216
	210  -  MemoryUsage of job (MB)
	214216  -  ResidentSetSize of job (KB)
...
006 (15756404.561.000) 2026-02-06 20:41:52 Image size of job updated: 214740
	210  -  MemoryUsage of job (MB)
	214216  -  ResidentSetSize of job (KB)
...
006 (15756404.561.000) 2026-02-06 21:06:56 Image size of job updated: 214740
	210  -  MemoryUsage of job (MB)
	214236  -  ResidentSetSize of job (KB)
...
006 (15756404.561.000) 2026-02-06 21:11:56 Image size of job updated: 214740
	210  -  MemoryUsage of job (MB)
	214240  -  ResidentSetSize of job (KB)
...
005 (15756404.561.000) 2026-02-06 21:21:21 Job terminated.
	(1) Normal termination (return value 0)
		Usr 0 02:39:32, Sys 0 01:38:23  -  Run Remote Usage
		Usr 0 00:00:00, Sys 0 00:00:00  -  Run Local Usage
		Usr 0 02:39:32, Sys 0 01:38:23  -  Total Remote Usage
		Usr 0 00:00:00, Sys 0 00:00:00  -  Total Local Usage
	0  -  Run Bytes Sent By Job
	0  -  Run Bytes Received By Job
	0  -  Total Bytes Sent By Job
	0  -  Total Bytes Received By Job
	Partitionable Resources :    Usage  Request Allocated 
	   Cpus                 :     5.82        8         8 
	   Disk (KB)            :     1     1024000   1025696 
	   GPUs                 :                           0 
	   Memory (MB)          :   210       16384     16384 
	   TimeExecute (s)      :  2984                       
	   TimeSlotBusy (s)     :  2984                       

	Job terminated of its own accord at 2026-02-06T20:21:21Z with exit-code 0.
...
