000 (15756408.543.000) 2026-02-06 11:26:58 Job submitted from host: <141.34.103.35:9618?addrs=141.34.103.35-9618+[2001-638-700-f067--1-23]-9618&alias=wgs39.zeuthen.desy.de&noUDP&sock=schedd_7414_f73f>
...
009 (15756408.543.000) 2026-02-10 11:47:34 Job was aborted.
	via condor_rm (by user tuccia)
...
000 (15951004.362.000) 2026-02-10 16:30:03 Job submitted from host: <141.34.103.35:9618?addrs=141.34.103.35-9618+[2001-638-700-f067--1-23]-9618&alias=wgs39.zeuthen.desy.de&noUDP&sock=schedd_7302_24a3>
...
001 (15951004.362.000) 2026-02-10 18:29:52 Job executing on host: <141.34.15.50:9618?addrs=141.34.15.50-9618+[2001-638-700-f00f--1-32]-9618&alias=pizza21.zeuthen.desy.de&noUDP&sock=startd_9205_715d>
	SlotName: slot1_1@pizza21.zeuthen.desy.de
	CondorScratchDir = "/batch/dir_2996034"
	Cpus = 1
	Disk = 1025696
	GPUs = 0
	Memory = 5120
...
006 (15951004.362.000) 2026-02-10 18:30:06 Image size of job updated: 91360
	90  -  MemoryUsage of job (MB)
	91360  -  ResidentSetSize of job (KB)
...
006 (15951004.362.000) 2026-02-10 18:35:07 Image size of job updated: 278932
	273  -  MemoryUsage of job (MB)
	278932  -  ResidentSetSize of job (KB)
...
006 (15951004.362.000) 2026-02-10 18:40:07 Image size of job updated: 281188
	275  -  MemoryUsage of job (MB)
	281188  -  ResidentSetSize of job (KB)
...
006 (15951004.362.000) 2026-02-10 18:45:08 Image size of job updated: 281240
	275  -  MemoryUsage of job (MB)
	281240  -  ResidentSetSize of job (KB)
...
006 (15951004.362.000) 2026-02-10 18:55:09 Image size of job updated: 281260
	275  -  MemoryUsage of job (MB)
	281260  -  ResidentSetSize of job (KB)
...
006 (15951004.362.000) 2026-02-10 19:05:11 Image size of job updated: 281296
	275  -  MemoryUsage of job (MB)
	281296  -  ResidentSetSize of job (KB)
...
006 (15951004.362.000) 2026-02-10 19:20:12 Image size of job updated: 281352
	275  -  MemoryUsage of job (MB)
	281352  -  ResidentSetSize of job (KB)
...
006 (15951004.362.000) 2026-02-10 19:55:15 Image size of job updated: 281600
	275  -  MemoryUsage of job (MB)
	281600  -  ResidentSetSize of job (KB)
...
006 (15951004.362.000) 2026-02-10 20:15:17 Image size of job updated: 281668
	276  -  MemoryUsage of job (MB)
	281668  -  ResidentSetSize of job (KB)
...
006 (15951004.362.000) 2026-02-10 20:45:20 Image size of job updated: 281824
	276  -  MemoryUsage of job (MB)
	281824  -  ResidentSetSize of job (KB)
...
006 (15951004.362.000) 2026-02-10 22:20:31 Image size of job updated: 281980
	276  -  MemoryUsage of job (MB)
	281980  -  ResidentSetSize of job (KB)
...
006 (15951004.362.000) 2026-02-10 22:55:34 Image size of job updated: 282024
	276  -  MemoryUsage of job (MB)
	282024  -  ResidentSetSize of job (KB)
...
006 (15951004.362.000) 2026-02-10 23:20:36 Image size of job updated: 282136
	276  -  MemoryUsage of job (MB)
	282136  -  ResidentSetSize of job (KB)
...
006 (15951004.362.000) 2026-02-10 23:30:37 Image size of job updated: 282448
	276  -  MemoryUsage of job (MB)
	282448  -  ResidentSetSize of job (KB)
...
006 (15951004.362.000) 2026-02-11 02:15:55 Image size of job updated: 282452
	276  -  MemoryUsage of job (MB)
	282452  -  ResidentSetSize of job (KB)
...
006 (15951004.362.000) 2026-02-11 06:26:21 Image size of job updated: 282456
	276  -  MemoryUsage of job (MB)
	282456  -  ResidentSetSize of job (KB)
...
006 (15951004.362.000) 2026-02-11 06:51:24 Image size of job updated: 282460
	276  -  MemoryUsage of job (MB)
	282460  -  ResidentSetSize of job (KB)
...
006 (15951004.362.000) 2026-02-11 06:56:24 Image size of job updated: 282712
	277  -  MemoryUsage of job (MB)
	282712  -  ResidentSetSize of job (KB)
...
006 (15951004.362.000) 2026-02-11 08:16:35 Image size of job updated: 282868
	277  -  MemoryUsage of job (MB)
	282868  -  ResidentSetSize of job (KB)
...
006 (15951004.362.000) 2026-02-11 09:46:43 Image size of job updated: 283016
	277  -  MemoryUsage of job (MB)
	283016  -  ResidentSetSize of job (KB)
...
006 (15951004.362.000) 2026-02-11 09:51:44 Image size of job updated: 283020
	277  -  MemoryUsage of job (MB)
	283020  -  ResidentSetSize of job (KB)
...
006 (15951004.362.000) 2026-02-11 10:01:45 Image size of job updated: 283048
	277  -  MemoryUsage of job (MB)
	283048  -  ResidentSetSize of job (KB)
...
006 (15951004.362.000) 2026-02-11 10:06:46 Image size of job updated: 283056
	277  -  MemoryUsage of job (MB)
	283056  -  ResidentSetSize of job (KB)
...
006 (15951004.362.000) 2026-02-11 10:11:47 Image size of job updated: 283084
	277  -  MemoryUsage of job (MB)
	283084  -  ResidentSetSize of job (KB)
...
