000 (15756408.541.000) 2026-02-06 11:26:58 Job submitted from host: <141.34.103.35:9618?addrs=141.34.103.35-9618+[2001-638-700-f067--1-23]-9618&alias=wgs39.zeuthen.desy.de&noUDP&sock=schedd_7414_f73f>
...
009 (15756408.541.000) 2026-02-10 11:47:34 Job was aborted.
	via condor_rm (by user tuccia)
...
000 (15951004.361.000) 2026-02-10 16:30:03 Job submitted from host: <141.34.103.35:9618?addrs=141.34.103.35-9618+[2001-638-700-f067--1-23]-9618&alias=wgs39.zeuthen.desy.de&noUDP&sock=schedd_7302_24a3>
...
001 (15951004.361.000) 2026-02-10 18:29:52 Job executing on host: <141.34.15.204:9618?addrs=141.34.15.204-9618+[2001-638-700-f00f--1-cc]-9618&alias=pizza06.zeuthen.desy.de&noUDP&sock=startd_8233_bb4f>
	SlotName: slot1_3@pizza06.zeuthen.desy.de
	CondorScratchDir = "/batch/dir_1599002"
	Cpus = 1
	Disk = 1025696
	GPUs = 0
	Memory = 5120
...
006 (15951004.361.000) 2026-02-10 18:30:06 Image size of job updated: 91356
	90  -  MemoryUsage of job (MB)
	91356  -  ResidentSetSize of job (KB)
...
006 (15951004.361.000) 2026-02-10 18:35:07 Image size of job updated: 429780
	288  -  MemoryUsage of job (MB)
	294820  -  ResidentSetSize of job (KB)
...
006 (15951004.361.000) 2026-02-10 18:40:07 Image size of job updated: 429780
	289  -  MemoryUsage of job (MB)
	295304  -  ResidentSetSize of job (KB)
...
006 (15951004.361.000) 2026-02-10 18:45:07 Image size of job updated: 429780
	289  -  MemoryUsage of job (MB)
	295816  -  ResidentSetSize of job (KB)
...
006 (15951004.361.000) 2026-02-10 18:50:08 Image size of job updated: 429780
	290  -  MemoryUsage of job (MB)
	296324  -  ResidentSetSize of job (KB)
...
006 (15951004.361.000) 2026-02-10 18:55:08 Image size of job updated: 429780
	290  -  MemoryUsage of job (MB)
	296756  -  ResidentSetSize of job (KB)
...
006 (15951004.361.000) 2026-02-10 19:00:08 Image size of job updated: 429780
	291  -  MemoryUsage of job (MB)
	297224  -  ResidentSetSize of job (KB)
...
006 (15951004.361.000) 2026-02-10 19:05:09 Image size of job updated: 429780
	291  -  MemoryUsage of job (MB)
	297716  -  ResidentSetSize of job (KB)
...
006 (15951004.361.000) 2026-02-10 19:10:09 Image size of job updated: 429780
	309  -  MemoryUsage of job (MB)
	315572  -  ResidentSetSize of job (KB)
...
006 (15951004.361.000) 2026-02-10 19:45:11 Image size of job updated: 429780
	309  -  MemoryUsage of job (MB)
	316092  -  ResidentSetSize of job (KB)
...
006 (15951004.361.000) 2026-02-10 20:20:15 Image size of job updated: 429780
	310  -  MemoryUsage of job (MB)
	316636  -  ResidentSetSize of job (KB)
...
006 (15951004.361.000) 2026-02-10 20:55:20 Image size of job updated: 429780
	310  -  MemoryUsage of job (MB)
	317184  -  ResidentSetSize of job (KB)
...
006 (15951004.361.000) 2026-02-10 21:25:23 Image size of job updated: 429780
	313  -  MemoryUsage of job (MB)
	319504  -  ResidentSetSize of job (KB)
...
006 (15951004.361.000) 2026-02-10 22:00:25 Image size of job updated: 429780
	313  -  MemoryUsage of job (MB)
	320056  -  ResidentSetSize of job (KB)
...
006 (15951004.361.000) 2026-02-10 22:35:28 Image size of job updated: 429780
	313  -  MemoryUsage of job (MB)
	320352  -  ResidentSetSize of job (KB)
...
006 (15951004.361.000) 2026-02-10 23:05:32 Image size of job updated: 429780
	314  -  MemoryUsage of job (MB)
	320644  -  ResidentSetSize of job (KB)
...
006 (15951004.361.000) 2026-02-10 23:40:35 Image size of job updated: 429780
	314  -  MemoryUsage of job (MB)
	320924  -  ResidentSetSize of job (KB)
...
006 (15951004.361.000) 2026-02-11 00:15:38 Image size of job updated: 429780
	314  -  MemoryUsage of job (MB)
	321220  -  ResidentSetSize of job (KB)
...
006 (15951004.361.000) 2026-02-11 00:45:41 Image size of job updated: 429780
	314  -  MemoryUsage of job (MB)
	321496  -  ResidentSetSize of job (KB)
...
006 (15951004.361.000) 2026-02-11 01:20:44 Image size of job updated: 429780
	315  -  MemoryUsage of job (MB)
	321796  -  ResidentSetSize of job (KB)
...
006 (15951004.361.000) 2026-02-11 01:55:48 Image size of job updated: 429780
	315  -  MemoryUsage of job (MB)
	321820  -  ResidentSetSize of job (KB)
...
006 (15951004.361.000) 2026-02-11 02:25:51 Image size of job updated: 429780
	327  -  MemoryUsage of job (MB)
	334604  -  ResidentSetSize of job (KB)
...
006 (15951004.361.000) 2026-02-11 04:06:02 Image size of job updated: 429780
	328  -  MemoryUsage of job (MB)
	334984  -  ResidentSetSize of job (KB)
...
004 (15951004.361.000) 2026-02-11 11:11:58 Job was evicted.
	(0) CPU times
		Usr 0 16:30:23, Sys 0 00:00:05  -  Run Remote Usage
		Usr 0 00:00:00, Sys 0 00:00:00  -  Run Local Usage
	0  -  Run Bytes Sent By Job
	0  -  Run Bytes Received By Job
	Partitionable Resources :    Usage  Request Allocated 
	   Cpus                 :     0.99        1         1 
	   Disk (KB)            :     1     1024000   1025696 
	   GPUs                 :                           0 
	   Memory (MB)          :   328        5120      5120 
	   TimeExecute (s)      : 60124                       
	   TimeSlotBusy (s)     : 60125                       
...
009 (15951004.361.000) 2026-02-11 11:11:58 Job was aborted.
	via condor_rm (by user tuccia)
...
000 (15988842.361.000) 2026-02-11 11:12:47 Job submitted from host: <141.34.103.35:9618?addrs=141.34.103.35-9618+[2001-638-700-f067--1-23]-9618&alias=wgs39.zeuthen.desy.de&noUDP&sock=schedd_7302_24a3>
...
001 (15988842.361.000) 2026-02-11 11:37:14 Job executing on host: <141.34.15.86:9618?addrs=141.34.15.86-9618+[2001-638-700-f00f--1-56]-9618&alias=genoa10.zeuthen.desy.de&noUDP&sock=startd_10124_cce6>
	SlotName: slot1_22@genoa10.zeuthen.desy.de
	CondorScratchDir = "/batch/dir_1037661"
	Cpus = 1
	Disk = 1025681
	GPUs = 0
	Memory = 5120
...
006 (15988842.361.000) 2026-02-11 11:37:27 Image size of job updated: 89436
	88  -  MemoryUsage of job (MB)
	89436  -  ResidentSetSize of job (KB)
...
006 (15988842.361.000) 2026-02-11 11:42:27 Image size of job updated: 293424
	287  -  MemoryUsage of job (MB)
	293424  -  ResidentSetSize of job (KB)
...
006 (15988842.361.000) 2026-02-11 11:47:28 Image size of job updated: 294136
	288  -  MemoryUsage of job (MB)
	294136  -  ResidentSetSize of job (KB)
...
006 (15988842.361.000) 2026-02-11 11:52:28 Image size of job updated: 294804
	288  -  MemoryUsage of job (MB)
	294804  -  ResidentSetSize of job (KB)
...
006 (15988842.361.000) 2026-02-11 11:57:28 Image size of job updated: 295480
	289  -  MemoryUsage of job (MB)
	295480  -  ResidentSetSize of job (KB)
...
006 (15988842.361.000) 2026-02-11 12:02:29 Image size of job updated: 296156
	290  -  MemoryUsage of job (MB)
	296156  -  ResidentSetSize of job (KB)
...
006 (15988842.361.000) 2026-02-11 12:07:29 Image size of job updated: 316316
	307  -  MemoryUsage of job (MB)
	313516  -  ResidentSetSize of job (KB)
...
006 (15988842.361.000) 2026-02-11 12:27:31 Image size of job updated: 330900
	307  -  MemoryUsage of job (MB)
	314040  -  ResidentSetSize of job (KB)
...
006 (15988842.361.000) 2026-02-11 12:32:32 Image size of job updated: 330900
	309  -  MemoryUsage of job (MB)
	316288  -  ResidentSetSize of job (KB)
...
006 (15988842.361.000) 2026-02-11 12:52:34 Image size of job updated: 335172
	310  -  MemoryUsage of job (MB)
	316820  -  ResidentSetSize of job (KB)
...
006 (15988842.361.000) 2026-02-11 13:12:37 Image size of job updated: 335172
	310  -  MemoryUsage of job (MB)
	317112  -  ResidentSetSize of job (KB)
...
006 (15988842.361.000) 2026-02-11 13:37:39 Image size of job updated: 335172
	311  -  MemoryUsage of job (MB)
	317632  -  ResidentSetSize of job (KB)
...
006 (15988842.361.000) 2026-02-11 14:02:42 Image size of job updated: 335172
	311  -  MemoryUsage of job (MB)
	318172  -  ResidentSetSize of job (KB)
...
006 (15988842.361.000) 2026-02-11 14:27:45 Image size of job updated: 335172
	312  -  MemoryUsage of job (MB)
	318700  -  ResidentSetSize of job (KB)
...
006 (15988842.361.000) 2026-02-11 14:52:48 Image size of job updated: 335172
	312  -  MemoryUsage of job (MB)
	318996  -  ResidentSetSize of job (KB)
...
006 (15988842.361.000) 2026-02-11 15:17:51 Image size of job updated: 335172
	312  -  MemoryUsage of job (MB)
	319272  -  ResidentSetSize of job (KB)
...
006 (15988842.361.000) 2026-02-11 15:42:54 Image size of job updated: 335172
	313  -  MemoryUsage of job (MB)
	319568  -  ResidentSetSize of job (KB)
...
006 (15988842.361.000) 2026-02-11 16:07:57 Image size of job updated: 335172
	313  -  MemoryUsage of job (MB)
	319596  -  ResidentSetSize of job (KB)
...
006 (15988842.361.000) 2026-02-11 16:58:03 Image size of job updated: 335172
	313  -  MemoryUsage of job (MB)
	319600  -  ResidentSetSize of job (KB)
...
006 (15988842.361.000) 2026-02-11 17:23:06 Image size of job updated: 335724
	313  -  MemoryUsage of job (MB)
	319860  -  ResidentSetSize of job (KB)
...
006 (15988842.361.000) 2026-02-11 17:48:08 Image size of job updated: 335724
	313  -  MemoryUsage of job (MB)
	320128  -  ResidentSetSize of job (KB)
...
006 (15988842.361.000) 2026-02-11 18:13:10 Image size of job updated: 335724
	313  -  MemoryUsage of job (MB)
	320384  -  ResidentSetSize of job (KB)
...
006 (15988842.361.000) 2026-02-11 18:38:13 Image size of job updated: 335724
	314  -  MemoryUsage of job (MB)
	320776  -  ResidentSetSize of job (KB)
...
006 (15988842.361.000) 2026-02-11 19:03:16 Image size of job updated: 335724
	314  -  MemoryUsage of job (MB)
	321044  -  ResidentSetSize of job (KB)
...
006 (15988842.361.000) 2026-02-11 19:28:19 Image size of job updated: 335724
	314  -  MemoryUsage of job (MB)
	321316  -  ResidentSetSize of job (KB)
...
006 (15988842.361.000) 2026-02-11 19:53:21 Image size of job updated: 335724
	315  -  MemoryUsage of job (MB)
	321608  -  ResidentSetSize of job (KB)
...
006 (15988842.361.000) 2026-02-11 20:18:24 Image size of job updated: 335724
	315  -  MemoryUsage of job (MB)
	321896  -  ResidentSetSize of job (KB)
...
006 (15988842.361.000) 2026-02-11 20:48:26 Image size of job updated: 335724
	315  -  MemoryUsage of job (MB)
	322192  -  ResidentSetSize of job (KB)
...
006 (15988842.361.000) 2026-02-11 21:13:29 Image size of job updated: 335724
	315  -  MemoryUsage of job (MB)
	322476  -  ResidentSetSize of job (KB)
...
006 (15988842.361.000) 2026-02-11 21:38:31 Image size of job updated: 335724
	316  -  MemoryUsage of job (MB)
	322772  -  ResidentSetSize of job (KB)
...
006 (15988842.361.000) 2026-02-11 22:03:34 Image size of job updated: 335724
	316  -  MemoryUsage of job (MB)
	322800  -  ResidentSetSize of job (KB)
...
006 (15988842.361.000) 2026-02-11 22:28:37 Image size of job updated: 335724
	316  -  MemoryUsage of job (MB)
	323092  -  ResidentSetSize of job (KB)
...
006 (15988842.361.000) 2026-02-11 22:53:39 Image size of job updated: 335724
	316  -  MemoryUsage of job (MB)
	323388  -  ResidentSetSize of job (KB)
...
006 (15988842.361.000) 2026-02-11 23:18:42 Image size of job updated: 335960
	317  -  MemoryUsage of job (MB)
	323680  -  ResidentSetSize of job (KB)
...
006 (15988842.361.000) 2026-02-11 23:43:44 Image size of job updated: 335960
	317  -  MemoryUsage of job (MB)
	323976  -  ResidentSetSize of job (KB)
...
006 (15988842.361.000) 2026-02-12 00:08:46 Image size of job updated: 336476
	317  -  MemoryUsage of job (MB)
	324264  -  ResidentSetSize of job (KB)
...
006 (15988842.361.000) 2026-02-12 00:33:48 Image size of job updated: 336476
	317  -  MemoryUsage of job (MB)
	324564  -  ResidentSetSize of job (KB)
...
006 (15988842.361.000) 2026-02-12 00:58:51 Image size of job updated: 336476
	317  -  MemoryUsage of job (MB)
	324596  -  ResidentSetSize of job (KB)
...
006 (15988842.361.000) 2026-02-12 01:23:54 Image size of job updated: 336476
	318  -  MemoryUsage of job (MB)
	324884  -  ResidentSetSize of job (KB)
...
006 (15988842.361.000) 2026-02-12 01:48:56 Image size of job updated: 336476
	318  -  MemoryUsage of job (MB)
	324904  -  ResidentSetSize of job (KB)
...
006 (15988842.361.000) 2026-02-12 01:53:57 Image size of job updated: 336476
	318  -  MemoryUsage of job (MB)
	324944  -  ResidentSetSize of job (KB)
...
006 (15988842.361.000) 2026-02-12 03:59:09 Image size of job updated: 336476
	318  -  MemoryUsage of job (MB)
	324956  -  ResidentSetSize of job (KB)
...
006 (15988842.361.000) 2026-02-12 04:24:11 Image size of job updated: 336476
	318  -  MemoryUsage of job (MB)
	325212  -  ResidentSetSize of job (KB)
...
006 (15988842.361.000) 2026-02-12 04:49:13 Image size of job updated: 336476
	318  -  MemoryUsage of job (MB)
	325472  -  ResidentSetSize of job (KB)
...
006 (15988842.361.000) 2026-02-12 05:14:15 Image size of job updated: 336476
	319  -  MemoryUsage of job (MB)
	325812  -  ResidentSetSize of job (KB)
...
006 (15988842.361.000) 2026-02-12 05:39:17 Image size of job updated: 336480
	319  -  MemoryUsage of job (MB)
	326080  -  ResidentSetSize of job (KB)
...
006 (15988842.361.000) 2026-02-12 06:04:20 Image size of job updated: 336480
	319  -  MemoryUsage of job (MB)
	326348  -  ResidentSetSize of job (KB)
...
006 (15988842.361.000) 2026-02-12 06:29:22 Image size of job updated: 336480
	319  -  MemoryUsage of job (MB)
	326616  -  ResidentSetSize of job (KB)
...
006 (15988842.361.000) 2026-02-12 06:54:24 Image size of job updated: 336480
	320  -  MemoryUsage of job (MB)
	326892  -  ResidentSetSize of job (KB)
...
006 (15988842.361.000) 2026-02-12 07:19:26 Image size of job updated: 336480
	320  -  MemoryUsage of job (MB)
	327164  -  ResidentSetSize of job (KB)
...
006 (15988842.361.000) 2026-02-12 07:44:29 Image size of job updated: 336696
	320  -  MemoryUsage of job (MB)
	327436  -  ResidentSetSize of job (KB)
...
006 (15988842.361.000) 2026-02-12 08:09:31 Image size of job updated: 336696
	321  -  MemoryUsage of job (MB)
	327716  -  ResidentSetSize of job (KB)
...
006 (15988842.361.000) 2026-02-12 08:34:33 Image size of job updated: 336696
	321  -  MemoryUsage of job (MB)
	328012  -  ResidentSetSize of job (KB)
...
006 (15988842.361.000) 2026-02-12 08:59:35 Image size of job updated: 336696
	321  -  MemoryUsage of job (MB)
	328300  -  ResidentSetSize of job (KB)
...
006 (15988842.361.000) 2026-02-12 09:24:38 Image size of job updated: 336696
	321  -  MemoryUsage of job (MB)
	328592  -  ResidentSetSize of job (KB)
...
006 (15988842.361.000) 2026-02-12 09:49:41 Image size of job updated: 336696
	321  -  MemoryUsage of job (MB)
	328628  -  ResidentSetSize of job (KB)
...
006 (15988842.361.000) 2026-02-12 10:14:44 Image size of job updated: 336696
	322  -  MemoryUsage of job (MB)
	328920  -  ResidentSetSize of job (KB)
...
006 (15988842.361.000) 2026-02-12 10:44:47 Image size of job updated: 336696
	322  -  MemoryUsage of job (MB)
	329208  -  ResidentSetSize of job (KB)
...
006 (15988842.361.000) 2026-02-12 11:09:49 Image size of job updated: 336696
	322  -  MemoryUsage of job (MB)
	329500  -  ResidentSetSize of job (KB)
...
006 (15988842.361.000) 2026-02-12 11:34:52 Image size of job updated: 336696
	323  -  MemoryUsage of job (MB)
	329800  -  ResidentSetSize of job (KB)
...
006 (15988842.361.000) 2026-02-12 11:59:54 Image size of job updated: 337044
	323  -  MemoryUsage of job (MB)
	330088  -  ResidentSetSize of job (KB)
...
006 (15988842.361.000) 2026-02-12 12:19:56 Image size of job updated: 337044
	328  -  MemoryUsage of job (MB)
	335744  -  ResidentSetSize of job (KB)
...
006 (15988842.361.000) 2026-02-12 12:24:56 Image size of job updated: 337044
	328  -  MemoryUsage of job (MB)
	335748  -  ResidentSetSize of job (KB)
...
006 (15988842.361.000) 2026-02-12 14:55:12 Image size of job updated: 337064
	328  -  MemoryUsage of job (MB)
	335748  -  ResidentSetSize of job (KB)
...
006 (15988842.361.000) 2026-02-12 19:10:38 Image size of job updated: 337324
	328  -  MemoryUsage of job (MB)
	335748  -  ResidentSetSize of job (KB)
...
006 (15988842.361.000) 2026-02-13 11:37:10 Image size of job updated: 337324
	328  -  MemoryUsage of job (MB)
	335844  -  ResidentSetSize of job (KB)
...
021 (15988842.361.000) 2026-02-13 11:37:15 Error from starter on slot1_22@genoa10.zeuthen.desy.de:
	runtime exceeded maximum (target.Runtime seconds)
	Code 21 Subcode 103
...
004 (15988842.361.000) 2026-02-13 11:37:15 Job was evicted.
	(0) CPU times
		Usr 1 23:28:41, Sys 0 00:00:09  -  Run Remote Usage
		Usr 0 00:00:00, Sys 0 00:00:00  -  Run Local Usage
	0  -  Run Bytes Sent By Job
	0  -  Run Bytes Received By Job
	Error from slot1_22@genoa10.zeuthen.desy.de: runtime exceeded maximum (target.Runtime seconds)
	Partitionable Resources :     Usage  Request Allocated 
	   Cpus                 :      0.99        1         1 
	   Disk (KB)            :      1     1024000   1025681 
	   GPUs                 :                            0 
	   Memory (MB)          :    328        5120      5120 
	   TimeSlotBusy (s)     : 172801                       
...
012 (15988842.361.000) 2026-02-13 11:37:15 Job was held.
	Error from slot1_22@genoa10.zeuthen.desy.de: runtime exceeded maximum (target.Runtime seconds)
	Code 21 Subcode 103
...
009 (15988842.361.000) 2026-02-16 17:16:34 Job was aborted.
	via condor_rm (by user tuccia)
...
