~~~~~~~~~~~~~~~~~~~~~~~~~~~~~~

n_qubits: 60, 
r: 93, 
alpha: 0.001, 
shots: 100000, 
ansatz: linear_cnot, 
layer: 1, 
tau: 0.3

time for simulated annealing:  59.83176946640015
Rank 1: Bitstring=011010100010101011110001011000001111001000110001111110111010, Decimal=478137019732795322, Energy=-49.1655
Rank 2: Bitstring=011100100101101011110111011010000111001000110001011010011010, Decimal=515010656012015258, Energy=-49.1339
Rank 3: Bitstring=011110100111101011110001011000000111001000110001111010011010, Decimal=551601988520058522, Energy=-48.9941
Rank 4: Bitstring=111101100101001011110111010011000101001001111001010010011111, Decimal=1109345061787112607, Energy=-48.9605
Rank 5: Bitstring=011010100111101011110001011000000111001000110001111010111010, Decimal=479544394482130618, Energy=-48.8767
Rank 6: Bitstring=011101100101101011110111010010000101001001111001010010011111, Decimal=533025045898302623, Energy=-48.8733
Rank 7: Bitstring=011100100101101011110111011110110111001000110001011010011010, Decimal=515010661112288922, Energy=-48.7891
Rank 8: Bitstring=011100100101101011110111011010000111001000110001011010011111, Decimal=515010656012015263, Energy=-48.6765
Rank 9: Bitstring=111101100101001011110111010111110101001001111001010010011111, Decimal=1109345066887386271, Energy=-48.6157
Rank 10: Bitstring=011110100101101011110101011000000111001000110001111010011010, Decimal=551039313444544154, Energy=-48.5795

E_min from simulated annealing:  -49.1655
Minimum energy: -49.1655
States with energy within 1e-08 of minimum: [478137019732795322]
4


################## Start optimization with initial parameters: [0. 0. 0. 0. 0. 0. 0. 0. 0. 0. 0. 0. 0. 0. 0. 0. 0. 0. 0. 0. 0. 0. 0. 0.
 0. 0. 0. 0. 0. 0. 0. 0. 0. 0. 0. 0. 0. 0. 0. 0. 0. 0. 0. 0. 0. 0. 0. 0.
 0. 0. 0. 0. 0. 0. 0. 0. 0. 0. 0. 0. 0. 0. 0. 0. 0. 0. 0. 0. 0. 0. 0. 0.
 0. 0. 0. 0. 0. 0. 0. 0. 0. 0. 0. 0. 0. 0. 0. 0. 0. 0. 0. 0. 0. 0. 0. 0.
 0. 0. 0. 0. 0. 0. 0. 0. 0. 0. 0. 0. 0. 0. 0. 0. 0. 0. 0. 0. 0. 0. 0. 0.
 0. 0. 0. 0. 0. 0. 0. 0. 0. 0. 0. 0. 0. 0. 0. 0. 0. 0. 0. 0. 0. 0. 0. 0.
 0. 0. 0. 0. 0. 0. 0. 0. 0. 0. 0. 0. 0. 0. 0. 0. 0. 0. 0. 0. 0. 0. 0. 0.
 0. 0. 0. 0. 0. 0. 0. 0. 0. 0. 0. 0. 0. 0. 0. 0. 0. 0. 0. 0. 0. 0. 0. 0.
 0. 0. 0. 0. 0. 0. 0. 0. 0. 0. 0. 0. 0. 0. 0. 0. 0. 0. 0. 0. 0. 0. 0. 0.
 0. 0. 0. 0. 0. 0. 0. 0. 0. 0. 0. 0. 0. 0. 0. 0. 0. 0. 0. 0. 0. 0. 0. 0.]
Write sucessfully to ./data/data_shots_100000_layer_1/alpha_0.001/N_60/r_93/ansatz_type_linear_cnot/initialization_zeros

vqe.cvar_eval[0]: -23.09064399999996 , min_cvar: -40.44236399999994 , opt_cvar: -40.44236399999994

vqe.poss_eval[-1]: 0 vqe.poss_eval[0] 0  , max_poss: 0 , opt_poss: 0

vqe.r_eval[-1]: 0.8110548250297454 vqe.r_eval[0]: 0.4696513612187399 max_r: 0.8225760746865167 , min_r: 0.4501573257670515
