~~~~~~~~~~~~~~~~~~~~~~~~~~~~~~

n_qubits: 60, 
r: 58, 
alpha: 0.01, 
shots: 10000, 
ansatz: structure_like_qubo_YZ_2, 
layer: 1, 
tau: 0.3

time for simulated annealing:  76.33554148674011
Rank 1: Bitstring=010010111100110100010111000110111001011111110101100111111001, Decimal=341377958146955769, Energy=-48.3981
Rank 2: Bitstring=010010111100010110010111000110111001011111110101100111111001, Decimal=341246016751622649, Energy=-48.3771
Rank 3: Bitstring=010010111100110100010110100110111001011111110101100111011001, Decimal=341377923787217369, Energy=-48.3303
Rank 4: Bitstring=010010111100010110010110100110111001011111110101100111011001, Decimal=341245982391884249, Energy=-48.3093
Rank 5: Bitstring=010010111100110000010111010110101001011111110100100111110001, Decimal=341360382872340977, Energy=-48.2729
Rank 6: Bitstring=010010111100010010010111010110101001011111110100100111110001, Decimal=341228441477007857, Energy=-48.2519
Rank 7: Bitstring=010010111100010110010111000100111101011111110101100101111001, Decimal=341246014671247737, Energy=-48.0817
Rank 8: Bitstring=010010101000110100010111000110111001111111110101100111111001, Decimal=335748458621131257, Energy=-48.0651
Rank 9: Bitstring=010010111100110000010111000110111001011111110100100111111001, Decimal=341360365960907257, Energy=-48.0489
Rank 10: Bitstring=010010101000010110010111000110111001111111110101100111111001, Decimal=335616517225798137, Energy=-48.0441

E_min from simulated annealing:  -48.3981
Minimum energy: -48.3981
States with energy within 1e-08 of minimum: [341377958146955769]


################## Start optimization with initial parameters: [0. 0. 0. 0. 0. 0. 0. 0. 0. 0. 0. 0. 0. 0. 0. 0. 0. 0. 0. 0. 0. 0. 0. 0.
 0. 0. 0. 0. 0. 0. 0. 0. 0. 0. 0. 0. 0. 0. 0. 0. 0. 0. 0. 0. 0. 0. 0. 0.
 0. 0. 0. 0. 0. 0. 0. 0. 0. 0. 0. 0. 0. 0. 0. 0. 0. 0. 0. 0. 0. 0. 0. 0.
 0. 0. 0. 0. 0. 0. 0. 0. 0. 0. 0. 0. 0. 0. 0. 0. 0. 0. 0. 0. 0. 0. 0. 0.
 0. 0. 0. 0. 0. 0. 0. 0. 0. 0. 0. 0. 0. 0. 0. 0. 0. 0. 0. 0. 0. 0. 0. 0.
 0. 0. 0. 0. 0. 0. 0. 0. 0. 0. 0. 0. 0. 0. 0. 0. 0. 0. 0. 0. 0. 0. 0. 0.
 0. 0. 0. 0. 0. 0. 0. 0. 0. 0. 0. 0. 0. 0. 0. 0. 0. 0. 0. 0. 0. 0. 0. 0.
 0. 0. 0. 0. 0. 0. 0. 0. 0. 0. 0. 0. 0. 0. 0. 0. 0. 0. 0. 0. 0. 0. 0. 0.
 0. 0. 0. 0. 0. 0. 0. 0. 0. 0. 0. 0. 0. 0. 0. 0. 0. 0. 0. 0. 0. 0. 0. 0.
 0. 0. 0. 0. 0. 0. 0. 0. 0. 0. 0. 0. 0. 0. 0. 0. 0. 0. 0. 0. 0. 0. 0. 0.]
Write sucessfully to ./data/data_shots_10000_layer_1/alpha_0.01/N_60/r_58/ansatz_type_structure_like_qubo_YZ_2/initialization_zeros

vqe.cvar_eval[0]: -17.57634800000001 , min_cvar: -47.515386 , opt_cvar: -47.515386

vqe.poss_eval[-1]: 0 vqe.poss_eval[0] 0  , max_poss: 0 , opt_poss: 0

vqe.r_eval[-1]: 0.9814008401156245 vqe.r_eval[0]: 0.3631619423076528 max_r: 0.9817613914595821 , min_r: 0.3631619423076528
