000 (15756407.485.000) 2026-02-06 11:26:11 Job submitted from host: <141.34.103.35:9618?addrs=141.34.103.35-9618+[2001-638-700-f067--1-23]-9618&alias=wgs39.zeuthen.desy.de&noUDP&sock=schedd_7414_f73f>
...
001 (15756407.485.000) 2026-02-09 05:59:57 Job executing on host: <141.34.15.43:9618?addrs=141.34.15.43-9618+[2001-638-700-f00f--1-2b]-9618&alias=pizza14.zeuthen.desy.de&noUDP&sock=startd_8340_1ff1>
	SlotName: slot1_8@pizza14.zeuthen.desy.de
	CondorScratchDir = "/batch/dir_302357"
	Cpus = 8
	Disk = 1025696
	GPUs = 0
	Memory = 16384
...
006 (15756407.485.000) 2026-02-09 06:00:06 Image size of job updated: 91452
	90  -  MemoryUsage of job (MB)
	91452  -  ResidentSetSize of job (KB)
...
006 (15756407.485.000) 2026-02-09 06:05:07 Image size of job updated: 1192892
	1112  -  MemoryUsage of job (MB)
	1137912  -  ResidentSetSize of job (KB)
...
006 (15756407.485.000) 2026-02-09 06:10:08 Image size of job updated: 1195976
	1112  -  MemoryUsage of job (MB)
	1137912  -  ResidentSetSize of job (KB)
...
006 (15756407.485.000) 2026-02-09 06:15:08 Image size of job updated: 1195976
	1162  -  MemoryUsage of job (MB)
	1188880  -  ResidentSetSize of job (KB)
...
006 (15756407.485.000) 2026-02-09 06:30:10 Image size of job updated: 1196308
	1162  -  MemoryUsage of job (MB)
	1188880  -  ResidentSetSize of job (KB)
...
006 (15756407.485.000) 2026-02-09 06:50:13 Image size of job updated: 1196380
	1162  -  MemoryUsage of job (MB)
	1188880  -  ResidentSetSize of job (KB)
...
006 (15756407.485.000) 2026-02-09 07:15:16 Image size of job updated: 1196824
	1162  -  MemoryUsage of job (MB)
	1188880  -  ResidentSetSize of job (KB)
...
006 (15756407.485.000) 2026-02-09 07:40:20 Image size of job updated: 1196844
	1162  -  MemoryUsage of job (MB)
	1188880  -  ResidentSetSize of job (KB)
...
006 (15756407.485.000) 2026-02-09 07:55:22 Image size of job updated: 1209932
	1166  -  MemoryUsage of job (MB)
	1193136  -  ResidentSetSize of job (KB)
...
006 (15756407.485.000) 2026-02-09 08:00:22 Image size of job updated: 1211844
	1166  -  MemoryUsage of job (MB)
	1193140  -  ResidentSetSize of job (KB)
...
006 (15756407.485.000) 2026-02-09 08:05:23 Image size of job updated: 1212180
	1166  -  MemoryUsage of job (MB)
	1193140  -  ResidentSetSize of job (KB)
...
006 (15756407.485.000) 2026-02-09 08:15:24 Image size of job updated: 1213672
	1166  -  MemoryUsage of job (MB)
	1193140  -  ResidentSetSize of job (KB)
...
006 (15756407.485.000) 2026-02-09 08:25:26 Image size of job updated: 1213672
	1182  -  MemoryUsage of job (MB)
	1209936  -  ResidentSetSize of job (KB)
...
006 (15756407.485.000) 2026-02-09 09:30:32 Image size of job updated: 1214064
	1182  -  MemoryUsage of job (MB)
	1209936  -  ResidentSetSize of job (KB)
...
006 (15756407.485.000) 2026-02-09 09:50:33 Image size of job updated: 1216152
	1182  -  MemoryUsage of job (MB)
	1209936  -  ResidentSetSize of job (KB)
...
006 (15756407.485.000) 2026-02-09 09:55:34 Image size of job updated: 1216340
	1182  -  MemoryUsage of job (MB)
	1209936  -  ResidentSetSize of job (KB)
...
006 (15756407.485.000) 2026-02-09 10:05:34 Image size of job updated: 1216340
	1186  -  MemoryUsage of job (MB)
	1214192  -  ResidentSetSize of job (KB)
...
006 (15756407.485.000) 2026-02-09 10:10:35 Image size of job updated: 1216644
	1186  -  MemoryUsage of job (MB)
	1214196  -  ResidentSetSize of job (KB)
...
006 (15756407.485.000) 2026-02-09 10:30:36 Image size of job updated: 1216940
	1186  -  MemoryUsage of job (MB)
	1214196  -  ResidentSetSize of job (KB)
...
006 (15756407.485.000) 2026-02-09 11:05:38 Image size of job updated: 1217328
	1186  -  MemoryUsage of job (MB)
	1214196  -  ResidentSetSize of job (KB)
...
006 (15756407.485.000) 2026-02-09 11:10:39 Image size of job updated: 1217820
	1186  -  MemoryUsage of job (MB)
	1214196  -  ResidentSetSize of job (KB)
...
006 (15756407.485.000) 2026-02-09 12:35:47 Image size of job updated: 1217896
	1186  -  MemoryUsage of job (MB)
	1214196  -  ResidentSetSize of job (KB)
...
006 (15756407.485.000) 2026-02-09 13:00:51 Image size of job updated: 1218720
	1186  -  MemoryUsage of job (MB)
	1214196  -  ResidentSetSize of job (KB)
...
006 (15756407.485.000) 2026-02-09 13:10:52 Image size of job updated: 1220000
	1186  -  MemoryUsage of job (MB)
	1214196  -  ResidentSetSize of job (KB)
...
006 (15756407.485.000) 2026-02-09 13:20:53 Image size of job updated: 1221560
	1186  -  MemoryUsage of job (MB)
	1214196  -  ResidentSetSize of job (KB)
...
006 (15756407.485.000) 2026-02-09 13:40:56 Image size of job updated: 1221708
	1186  -  MemoryUsage of job (MB)
	1214196  -  ResidentSetSize of job (KB)
...
006 (15756407.485.000) 2026-02-09 14:21:01 Image size of job updated: 1221724
	1186  -  MemoryUsage of job (MB)
	1214196  -  ResidentSetSize of job (KB)
...
006 (15756407.485.000) 2026-02-09 14:41:03 Image size of job updated: 1222276
	1186  -  MemoryUsage of job (MB)
	1214196  -  ResidentSetSize of job (KB)
...
006 (15756407.485.000) 2026-02-09 14:51:04 Image size of job updated: 1224056
	1186  -  MemoryUsage of job (MB)
	1214196  -  ResidentSetSize of job (KB)
...
006 (15756407.485.000) 2026-02-09 15:06:05 Image size of job updated: 1225364
	1186  -  MemoryUsage of job (MB)
	1214196  -  ResidentSetSize of job (KB)
...
006 (15756407.485.000) 2026-02-09 15:16:07 Image size of job updated: 1225364
	1195  -  MemoryUsage of job (MB)
	1223612  -  ResidentSetSize of job (KB)
...
006 (15756407.485.000) 2026-02-09 15:21:07 Image size of job updated: 1225364
	1195  -  MemoryUsage of job (MB)
	1223616  -  ResidentSetSize of job (KB)
...
006 (15756407.485.000) 2026-02-09 15:31:09 Image size of job updated: 1226276
	1195  -  MemoryUsage of job (MB)
	1223616  -  ResidentSetSize of job (KB)
...
006 (15756407.485.000) 2026-02-09 18:31:25 Image size of job updated: 1266720
	1195  -  MemoryUsage of job (MB)
	1223616  -  ResidentSetSize of job (KB)
...
006 (15756407.485.000) 2026-02-09 18:41:25 Image size of job updated: 1267024
	1195  -  MemoryUsage of job (MB)
	1223616  -  ResidentSetSize of job (KB)
...
006 (15756407.485.000) 2026-02-09 19:16:28 Image size of job updated: 1267024
	1219  -  MemoryUsage of job (MB)
	1247564  -  ResidentSetSize of job (KB)
...
006 (15756407.485.000) 2026-02-09 19:21:28 Image size of job updated: 1267024
	1219  -  MemoryUsage of job (MB)
	1247568  -  ResidentSetSize of job (KB)
...
006 (15756407.485.000) 2026-02-09 19:51:30 Image size of job updated: 1267024
	1234  -  MemoryUsage of job (MB)
	1263344  -  ResidentSetSize of job (KB)
...
006 (15756407.485.000) 2026-02-09 19:56:30 Image size of job updated: 1267024
	1234  -  MemoryUsage of job (MB)
	1263352  -  ResidentSetSize of job (KB)
...
006 (15756407.485.000) 2026-02-10 00:27:00 Image size of job updated: 1267040
	1234  -  MemoryUsage of job (MB)
	1263352  -  ResidentSetSize of job (KB)
...
006 (15756407.485.000) 2026-02-10 02:47:12 Image size of job updated: 1267068
	1234  -  MemoryUsage of job (MB)
	1263352  -  ResidentSetSize of job (KB)
...
006 (15756407.485.000) 2026-02-10 03:12:13 Image size of job updated: 1267068
	1238  -  MemoryUsage of job (MB)
	1266768  -  ResidentSetSize of job (KB)
...
006 (15756407.485.000) 2026-02-10 03:17:14 Image size of job updated: 1267068
	1238  -  MemoryUsage of job (MB)
	1266772  -  ResidentSetSize of job (KB)
...
006 (15756407.485.000) 2026-02-10 04:02:19 Image size of job updated: 1267536
	1238  -  MemoryUsage of job (MB)
	1266772  -  ResidentSetSize of job (KB)
...
006 (15756407.485.000) 2026-02-10 04:32:21 Image size of job updated: 1268160
	1238  -  MemoryUsage of job (MB)
	1266772  -  ResidentSetSize of job (KB)
...
006 (15756407.485.000) 2026-02-10 06:52:35 Image size of job updated: 1268524
	1238  -  MemoryUsage of job (MB)
	1266772  -  ResidentSetSize of job (KB)
...
022 (15756407.485.000) 2026-02-10 08:04:04 Job disconnected, attempting to reconnect
    Local schedd and job shadow died, schedd now running again
    Trying to reconnect to slot1_8@pizza14.zeuthen.desy.de <141.34.15.43:9618?addrs=141.34.15.43-9618+[2001-638-700-f00f--1-2b]-9618&alias=pizza14.zeuthen.desy.de&noUDP&sock=startd_8340_1ff1>
...
023 (15756407.485.000) 2026-02-10 08:04:11 Job reconnected to slot1_8@pizza14.zeuthen.desy.de
    startd address: <141.34.15.43:9618?addrs=141.34.15.43-9618+[2001-638-700-f00f--1-2b]-9618&alias=pizza14.zeuthen.desy.de&noUDP&sock=startd_8340_1ff1>
    starter address: <141.34.15.43:9618?addrs=141.34.15.43-9618+[2001-638-700-f00f--1-2b]-9618&alias=pizza14.zeuthen.desy.de&noUDP&sock=slot1_8_8831_fd00_19241>
...
004 (15756407.485.000) 2026-02-10 11:42:40 Job was evicted.
	(0) CPU times
		Usr 7 09:20:36, Sys 0 10:17:12  -  Run Remote Usage
		Usr 0 00:00:00, Sys 0 00:00:00  -  Run Local Usage
	0  -  Run Bytes Sent By Job
	0  -  Run Bytes Received By Job
	Partitionable Resources :         Usage  Request Allocated 
	   Cpus                 :          7.90        8         8 
	   Disk (KB)            :          1     1024000   1025696 
	   Memory (MB)          :       1465       16384     16384 
	   TimeExecute (s)      : 1770720159                       
	   TimeSlotBusy (s)     : 1770720160                       
...
009 (15756407.485.000) 2026-02-10 11:42:40 Job was aborted.
	via condor_rm (by user tuccia)
...
