~~~~~~~~~~~~~~~~~~~~~~~~~~~~~~

n_qubits: 60, 
r: 12, 
alpha: 0.001, 
shots: 100000, 
ansatz: linear_cnot, 
layer: 1, 
tau: 0.3

time for simulated annealing:  52.52917766571045
Rank 1: Bitstring=001101100000110010100001011001001011000110011110100000110101, Decimal=243416576976087093, Energy=-46.3723
Rank 2: Bitstring=001100100000010010110010011001001011000010010111110000110101, Decimal=225262609208278069, Energy=-46.3247
Rank 3: Bitstring=001101100000110010110001011001001011000110011110110000110101, Decimal=243417676487715893, Energy=-46.0319
Rank 4: Bitstring=001101110000110010100001010001001001001110011110100000110100, Decimal=247920167982065716, Energy=-46.0195
Rank 5: Bitstring=001001110100110010000001010101001000001100011100100000100100, Decimal=176986279105382436, Energy=-46.0127
Rank 6: Bitstring=001101100000110010100001011001000011000110011110100001110101, Decimal=243416576841869429, Energy=-45.8237
Rank 7: Bitstring=001100100000010010110010011001000011000010010111110001110101, Decimal=225262609074060405, Energy=-45.7761
Rank 8: Bitstring=101101100000110010100001011001001011000110011110000000010101, Decimal=819877329279508501, Energy=-45.7127
Rank 9: Bitstring=001001100100110010000001011101001010000100011100100000100101, Decimal=172482688099403813, Energy=-45.6151
Rank 10: Bitstring=001000100100010010010010011101001010000000010101110000100101, Decimal=154328720331594789, Energy=-45.5675

E_min from simulated annealing:  -46.3723
Minimum energy: -46.3723
States with energy within 1e-08 of minimum: [243416576976087093]
4


################## Start optimization with initial parameters: [0. 0. 0. 0. 0. 0. 0. 0. 0. 0. 0. 0. 0. 0. 0. 0. 0. 0. 0. 0. 0. 0. 0. 0.
 0. 0. 0. 0. 0. 0. 0. 0. 0. 0. 0. 0. 0. 0. 0. 0. 0. 0. 0. 0. 0. 0. 0. 0.
 0. 0. 0. 0. 0. 0. 0. 0. 0. 0. 0. 0. 0. 0. 0. 0. 0. 0. 0. 0. 0. 0. 0. 0.
 0. 0. 0. 0. 0. 0. 0. 0. 0. 0. 0. 0. 0. 0. 0. 0. 0. 0. 0. 0. 0. 0. 0. 0.
 0. 0. 0. 0. 0. 0. 0. 0. 0. 0. 0. 0. 0. 0. 0. 0. 0. 0. 0. 0. 0. 0. 0. 0.
 0. 0. 0. 0. 0. 0. 0. 0. 0. 0. 0. 0. 0. 0. 0. 0. 0. 0. 0. 0. 0. 0. 0. 0.
 0. 0. 0. 0. 0. 0. 0. 0. 0. 0. 0. 0. 0. 0. 0. 0. 0. 0. 0. 0. 0. 0. 0. 0.
 0. 0. 0. 0. 0. 0. 0. 0. 0. 0. 0. 0. 0. 0. 0. 0. 0. 0. 0. 0. 0. 0. 0. 0.
 0. 0. 0. 0. 0. 0. 0. 0. 0. 0. 0. 0. 0. 0. 0. 0. 0. 0. 0. 0. 0. 0. 0. 0.
 0. 0. 0. 0. 0. 0. 0. 0. 0. 0. 0. 0. 0. 0. 0. 0. 0. 0. 0. 0. 0. 0. 0. 0.]
Write sucessfully to ./data/data_shots_100000_layer_1/alpha_0.001/N_60/r_12/ansatz_type_linear_cnot/initialization_zeros

vqe.cvar_eval[0]: -21.616031999999954 , min_cvar: -34.12033599999993 , opt_cvar: -34.12033599999993

vqe.poss_eval[-1]: 0 vqe.poss_eval[0] 0  , max_poss: 0 , opt_poss: 0

vqe.r_eval[-1]: 0.7124776213385997 vqe.r_eval[0]: 0.4661410367827335 max_r: 0.7357913236997071 , min_r: 0.4661410367827335
