000 (15756404.325.000) 2026-02-06 11:24:34 Job submitted from host: <141.34.103.35:9618?addrs=141.34.103.35-9618+[2001-638-700-f067--1-23]-9618&alias=wgs39.zeuthen.desy.de&noUDP&sock=schedd_7414_f73f>
...
001 (15756404.325.000) 2026-02-06 11:33:12 Job executing on host: <141.34.15.53:9618?addrs=141.34.15.53-9618+[2001-638-700-f00f--1-35]-9618&alias=pizza24.zeuthen.desy.de&noUDP&sock=startd_8313_9ae3>
	SlotName: slot1_9@pizza24.zeuthen.desy.de
	CondorScratchDir = "/batch/dir_4166816"
	Cpus = 8
	Disk = 1025696
	GPUs = 0
	Memory = 16384
...
006 (15756404.325.000) 2026-02-06 11:33:26 Image size of job updated: 91492
	90  -  MemoryUsage of job (MB)
	91492  -  ResidentSetSize of job (KB)
...
006 (15756404.325.000) 2026-02-06 11:38:27 Image size of job updated: 338600
	279  -  MemoryUsage of job (MB)
	285236  -  ResidentSetSize of job (KB)
...
006 (15756404.325.000) 2026-02-06 11:43:27 Image size of job updated: 338600
	283  -  MemoryUsage of job (MB)
	289740  -  ResidentSetSize of job (KB)
...
006 (15756404.325.000) 2026-02-06 11:48:28 Image size of job updated: 338600
	292  -  MemoryUsage of job (MB)
	298908  -  ResidentSetSize of job (KB)
...
006 (15756404.325.000) 2026-02-06 11:53:29 Image size of job updated: 338600
	293  -  MemoryUsage of job (MB)
	299324  -  ResidentSetSize of job (KB)
...
006 (15756404.325.000) 2026-02-06 11:58:29 Image size of job updated: 338600
	296  -  MemoryUsage of job (MB)
	302176  -  ResidentSetSize of job (KB)
...
006 (15756404.325.000) 2026-02-06 12:03:29 Image size of job updated: 338600
	296  -  MemoryUsage of job (MB)
	302436  -  ResidentSetSize of job (KB)
...
006 (15756404.325.000) 2026-02-06 12:08:30 Image size of job updated: 338600
	296  -  MemoryUsage of job (MB)
	302692  -  ResidentSetSize of job (KB)
...
006 (15756404.325.000) 2026-02-06 12:13:30 Image size of job updated: 338600
	297  -  MemoryUsage of job (MB)
	303204  -  ResidentSetSize of job (KB)
...
006 (15756404.325.000) 2026-02-06 12:18:30 Image size of job updated: 338600
	297  -  MemoryUsage of job (MB)
	303460  -  ResidentSetSize of job (KB)
...
006 (15756404.325.000) 2026-02-06 12:23:31 Image size of job updated: 338600
	297  -  MemoryUsage of job (MB)
	303972  -  ResidentSetSize of job (KB)
...
006 (15756404.325.000) 2026-02-06 12:28:31 Image size of job updated: 338600
	298  -  MemoryUsage of job (MB)
	304536  -  ResidentSetSize of job (KB)
...
006 (15756404.325.000) 2026-02-06 12:33:31 Image size of job updated: 338600
	298  -  MemoryUsage of job (MB)
	304808  -  ResidentSetSize of job (KB)
...
006 (15756404.325.000) 2026-02-06 12:38:32 Image size of job updated: 338600
	298  -  MemoryUsage of job (MB)
	304964  -  ResidentSetSize of job (KB)
...
006 (15756404.325.000) 2026-02-06 12:43:33 Image size of job updated: 338600
	299  -  MemoryUsage of job (MB)
	305180  -  ResidentSetSize of job (KB)
...
006 (15756404.325.000) 2026-02-06 14:53:47 Image size of job updated: 338600
	299  -  MemoryUsage of job (MB)
	305212  -  ResidentSetSize of job (KB)
...
006 (15756404.325.000) 2026-02-06 16:03:54 Image size of job updated: 338600
	299  -  MemoryUsage of job (MB)
	305216  -  ResidentSetSize of job (KB)
...
006 (15756404.325.000) 2026-02-06 16:33:58 Image size of job updated: 338600
	299  -  MemoryUsage of job (MB)
	305220  -  ResidentSetSize of job (KB)
...
005 (15756404.325.000) 2026-02-06 18:26:59 Job terminated.
	(1) Normal termination (return value 0)
		Usr 0 23:43:18, Sys 0 14:16:19  -  Run Remote Usage
		Usr 0 00:00:00, Sys 0 00:00:00  -  Run Local Usage
		Usr 0 23:43:18, Sys 0 14:16:19  -  Total Remote Usage
		Usr 0 00:00:00, Sys 0 00:00:00  -  Total Local Usage
	0  -  Run Bytes Sent By Job
	0  -  Run Bytes Received By Job
	0  -  Total Bytes Sent By Job
	0  -  Total Bytes Received By Job
	Partitionable Resources :    Usage  Request Allocated 
	   Cpus                 :     5.61        8         8 
	   Disk (KB)            :     1     1024000   1025696 
	   GPUs                 :                           0 
	   Memory (MB)          :   299       16384     16384 
	   TimeExecute (s)      : 24827                       
	   TimeSlotBusy (s)     : 24827                       

	Job terminated of its own accord at 2026-02-06T17:26:59Z with exit-code 0.
...
