000 (15756408.576.000) 2026-02-06 11:26:58 Job submitted from host: <141.34.103.35:9618?addrs=141.34.103.35-9618+[2001-638-700-f067--1-23]-9618&alias=wgs39.zeuthen.desy.de&noUDP&sock=schedd_7414_f73f>
...
009 (15756408.576.000) 2026-02-10 11:47:34 Job was aborted.
	via condor_rm (by user tuccia)
...
000 (15951004.384.000) 2026-02-10 16:30:03 Job submitted from host: <141.34.103.35:9618?addrs=141.34.103.35-9618+[2001-638-700-f067--1-23]-9618&alias=wgs39.zeuthen.desy.de&noUDP&sock=schedd_7302_24a3>
...
001 (15951004.384.000) 2026-02-10 18:29:52 Job executing on host: <141.34.15.179:9618?addrs=141.34.15.179-9618+[2001-638-700-f00f--1-b3]-9618&alias=genoa04.zeuthen.desy.de&noUDP&sock=startd_11819_6dee>
	SlotName: slot1_14@genoa04.zeuthen.desy.de
	CondorScratchDir = "/batch/dir_599355"
	Cpus = 1
	Disk = 1025697
	GPUs = 0
	Memory = 5120
...
006 (15951004.384.000) 2026-02-10 18:30:06 Image size of job updated: 89492
	88  -  MemoryUsage of job (MB)
	89492  -  ResidentSetSize of job (KB)
...
006 (15951004.384.000) 2026-02-10 18:35:07 Image size of job updated: 248008
	243  -  MemoryUsage of job (MB)
	248008  -  ResidentSetSize of job (KB)
...
006 (15951004.384.000) 2026-02-10 18:40:07 Image size of job updated: 248012
	243  -  MemoryUsage of job (MB)
	248012  -  ResidentSetSize of job (KB)
...
006 (15951004.384.000) 2026-02-10 18:45:08 Image size of job updated: 248036
	243  -  MemoryUsage of job (MB)
	248036  -  ResidentSetSize of job (KB)
...
006 (15951004.384.000) 2026-02-10 19:00:09 Image size of job updated: 248044
	243  -  MemoryUsage of job (MB)
	248044  -  ResidentSetSize of job (KB)
...
006 (15951004.384.000) 2026-02-10 19:05:09 Image size of job updated: 248048
	243  -  MemoryUsage of job (MB)
	248048  -  ResidentSetSize of job (KB)
...
006 (15951004.384.000) 2026-02-10 19:15:11 Image size of job updated: 248136
	243  -  MemoryUsage of job (MB)
	248136  -  ResidentSetSize of job (KB)
...
006 (15951004.384.000) 2026-02-10 19:30:12 Image size of job updated: 248152
	243  -  MemoryUsage of job (MB)
	248152  -  ResidentSetSize of job (KB)
...
006 (15951004.384.000) 2026-02-10 19:35:13 Image size of job updated: 248196
	243  -  MemoryUsage of job (MB)
	248196  -  ResidentSetSize of job (KB)
...
006 (15951004.384.000) 2026-02-10 21:05:22 Image size of job updated: 250240
	245  -  MemoryUsage of job (MB)
	250240  -  ResidentSetSize of job (KB)
...
006 (15951004.384.000) 2026-02-10 21:15:23 Image size of job updated: 250396
	245  -  MemoryUsage of job (MB)
	250396  -  ResidentSetSize of job (KB)
...
006 (15951004.384.000) 2026-02-10 21:25:24 Image size of job updated: 250552
	245  -  MemoryUsage of job (MB)
	250552  -  ResidentSetSize of job (KB)
...
006 (15951004.384.000) 2026-02-10 21:30:24 Image size of job updated: 250708
	245  -  MemoryUsage of job (MB)
	250708  -  ResidentSetSize of job (KB)
...
006 (15951004.384.000) 2026-02-10 22:05:29 Image size of job updated: 251176
	246  -  MemoryUsage of job (MB)
	251176  -  ResidentSetSize of job (KB)
...
006 (15951004.384.000) 2026-02-10 23:30:37 Image size of job updated: 251180
	246  -  MemoryUsage of job (MB)
	251180  -  ResidentSetSize of job (KB)
...
006 (15951004.384.000) 2026-02-11 01:55:51 Image size of job updated: 251184
	246  -  MemoryUsage of job (MB)
	251184  -  ResidentSetSize of job (KB)
...
006 (15951004.384.000) 2026-02-11 07:46:26 Image size of job updated: 251320
	246  -  MemoryUsage of job (MB)
	251320  -  ResidentSetSize of job (KB)
...
