000 (15756404.432.000) 2026-02-06 11:24:35 Job submitted from host: <141.34.103.35:9618?addrs=141.34.103.35-9618+[2001-638-700-f067--1-23]-9618&alias=wgs39.zeuthen.desy.de&noUDP&sock=schedd_7414_f73f>
...
001 (15756404.432.000) 2026-02-06 17:47:25 Job executing on host: <141.34.15.203:9618?addrs=141.34.15.203-9618+[2001-638-700-f00f--1-cb]-9618&alias=pizza05.zeuthen.desy.de&noUDP&sock=startd_8154_8b54>
	SlotName: slot1_23@pizza05.zeuthen.desy.de
	CondorScratchDir = "/batch/dir_1425144"
	Cpus = 8
	Disk = 1025696
	GPUs = 0
	Memory = 16384
...
006 (15756404.432.000) 2026-02-06 17:47:39 Image size of job updated: 91452
	90  -  MemoryUsage of job (MB)
	91452  -  ResidentSetSize of job (KB)
...
006 (15756404.432.000) 2026-02-06 17:52:40 Image size of job updated: 214116
	210  -  MemoryUsage of job (MB)
	214116  -  ResidentSetSize of job (KB)
...
006 (15756404.432.000) 2026-02-06 17:57:41 Image size of job updated: 214404
	210  -  MemoryUsage of job (MB)
	214404  -  ResidentSetSize of job (KB)
...
005 (15756404.432.000) 2026-02-06 18:39:32 Job terminated.
	(1) Normal termination (return value 0)
		Usr 0 02:48:39, Sys 0 01:46:39  -  Run Remote Usage
		Usr 0 00:00:00, Sys 0 00:00:00  -  Run Local Usage
		Usr 0 02:48:39, Sys 0 01:46:39  -  Total Remote Usage
		Usr 0 00:00:00, Sys 0 00:00:00  -  Total Local Usage
	0  -  Run Bytes Sent By Job
	0  -  Run Bytes Received By Job
	0  -  Total Bytes Sent By Job
	0  -  Total Bytes Received By Job
	Partitionable Resources :    Usage  Request Allocated 
	   Cpus                 :     7.93        8         8 
	   Disk (KB)            :     1     1024000   1025696 
	   GPUs                 :                           0 
	   Memory (MB)          :   210       16384     16384 
	   TimeExecute (s)      :  3127                       
	   TimeSlotBusy (s)     :  3127                       

	Job terminated of its own accord at 2026-02-06T17:39:32Z with exit-code 0.
...
