000 (15756407.467.000) 2026-02-06 11:26:11 Job submitted from host: <141.34.103.35:9618?addrs=141.34.103.35-9618+[2001-638-700-f067--1-23]-9618&alias=wgs39.zeuthen.desy.de&noUDP&sock=schedd_7414_f73f>
...
001 (15756407.467.000) 2026-02-09 04:16:00 Job executing on host: <141.34.103.53:9618?addrs=141.34.103.53-9618+[2001-638-700-f067--1-35]-9618&alias=wgs43.zeuthen.desy.de&noUDP&sock=startd_8324_266d>
	SlotName: slot1_7@wgs43.zeuthen.desy.de
	CondorScratchDir = "/batch/dir_1934454"
	Cpus = 8
	Disk = 1025025
	GPUs = 0
	Memory = 16384
...
006 (15756407.467.000) 2026-02-09 04:16:13 Image size of job updated: 91456
	90  -  MemoryUsage of job (MB)
	91456  -  ResidentSetSize of job (KB)
...
006 (15756407.467.000) 2026-02-09 04:21:13 Image size of job updated: 1194352
	1136  -  MemoryUsage of job (MB)
	1163120  -  ResidentSetSize of job (KB)
...
006 (15756407.467.000) 2026-02-09 04:26:14 Image size of job updated: 1195120
	1151  -  MemoryUsage of job (MB)
	1177784  -  ResidentSetSize of job (KB)
...
006 (15756407.467.000) 2026-02-09 04:31:15 Image size of job updated: 1195956
	1168  -  MemoryUsage of job (MB)
	1195956  -  ResidentSetSize of job (KB)
...
006 (15756407.467.000) 2026-02-09 04:36:15 Image size of job updated: 1195960
	1168  -  MemoryUsage of job (MB)
	1195960  -  ResidentSetSize of job (KB)
...
006 (15756407.467.000) 2026-02-09 04:51:17 Image size of job updated: 1196436
	1168  -  MemoryUsage of job (MB)
	1195960  -  ResidentSetSize of job (KB)
...
006 (15756407.467.000) 2026-02-09 04:56:17 Image size of job updated: 1196628
	1168  -  MemoryUsage of job (MB)
	1195960  -  ResidentSetSize of job (KB)
...
006 (15756407.467.000) 2026-02-09 05:46:23 Image size of job updated: 1197136
	1168  -  MemoryUsage of job (MB)
	1195960  -  ResidentSetSize of job (KB)
...
006 (15756407.467.000) 2026-02-09 05:56:24 Image size of job updated: 1210444
	1168  -  MemoryUsage of job (MB)
	1195960  -  ResidentSetSize of job (KB)
...
006 (15756407.467.000) 2026-02-09 06:01:25 Image size of job updated: 1210544
	1168  -  MemoryUsage of job (MB)
	1195960  -  ResidentSetSize of job (KB)
...
006 (15756407.467.000) 2026-02-09 06:06:26 Image size of job updated: 1213212
	1168  -  MemoryUsage of job (MB)
	1195960  -  ResidentSetSize of job (KB)
...
006 (15756407.467.000) 2026-02-09 06:16:27 Image size of job updated: 1215776
	1168  -  MemoryUsage of job (MB)
	1195960  -  ResidentSetSize of job (KB)
...
006 (15756407.467.000) 2026-02-09 06:26:28 Image size of job updated: 1215776
	1188  -  MemoryUsage of job (MB)
	1215596  -  ResidentSetSize of job (KB)
...
006 (15756407.467.000) 2026-02-09 06:31:29 Image size of job updated: 1217916
	1188  -  MemoryUsage of job (MB)
	1215600  -  ResidentSetSize of job (KB)
...
006 (15756407.467.000) 2026-02-09 08:16:37 Image size of job updated: 1217916
	1188  -  MemoryUsage of job (MB)
	1216436  -  ResidentSetSize of job (KB)
...
006 (15756407.467.000) 2026-02-09 08:21:37 Image size of job updated: 1217916
	1188  -  MemoryUsage of job (MB)
	1216440  -  ResidentSetSize of job (KB)
...
006 (15756407.467.000) 2026-02-09 08:31:38 Image size of job updated: 1218580
	1188  -  MemoryUsage of job (MB)
	1216440  -  ResidentSetSize of job (KB)
...
006 (15756407.467.000) 2026-02-09 08:41:38 Image size of job updated: 1223228
	1188  -  MemoryUsage of job (MB)
	1216440  -  ResidentSetSize of job (KB)
...
006 (15756407.467.000) 2026-02-09 09:06:41 Image size of job updated: 1227364
	1188  -  MemoryUsage of job (MB)
	1216440  -  ResidentSetSize of job (KB)
...
006 (15756407.467.000) 2026-02-09 09:46:45 Image size of job updated: 1229036
	1188  -  MemoryUsage of job (MB)
	1216440  -  ResidentSetSize of job (KB)
...
006 (15756407.467.000) 2026-02-09 10:26:48 Image size of job updated: 1230060
	1188  -  MemoryUsage of job (MB)
	1216440  -  ResidentSetSize of job (KB)
...
006 (15756407.467.000) 2026-02-09 11:06:50 Image size of job updated: 1230120
	1188  -  MemoryUsage of job (MB)
	1216440  -  ResidentSetSize of job (KB)
...
006 (15756407.467.000) 2026-02-09 11:31:52 Image size of job updated: 1233444
	1188  -  MemoryUsage of job (MB)
	1216440  -  ResidentSetSize of job (KB)
...
006 (15756407.467.000) 2026-02-09 11:56:55 Image size of job updated: 1233868
	1188  -  MemoryUsage of job (MB)
	1216440  -  ResidentSetSize of job (KB)
...
006 (15756407.467.000) 2026-02-09 12:26:57 Image size of job updated: 1237728
	1188  -  MemoryUsage of job (MB)
	1216440  -  ResidentSetSize of job (KB)
...
006 (15756407.467.000) 2026-02-09 13:37:04 Image size of job updated: 1237728
	1197  -  MemoryUsage of job (MB)
	1225184  -  ResidentSetSize of job (KB)
...
006 (15756407.467.000) 2026-02-09 13:42:05 Image size of job updated: 1237728
	1197  -  MemoryUsage of job (MB)
	1225196  -  ResidentSetSize of job (KB)
...
006 (15756407.467.000) 2026-02-09 14:37:11 Image size of job updated: 1237728
	1208  -  MemoryUsage of job (MB)
	1236792  -  ResidentSetSize of job (KB)
...
006 (15756407.467.000) 2026-02-09 14:42:11 Image size of job updated: 1237728
	1208  -  MemoryUsage of job (MB)
	1236804  -  ResidentSetSize of job (KB)
...
006 (15756407.467.000) 2026-02-09 16:32:21 Image size of job updated: 1265784
	1237  -  MemoryUsage of job (MB)
	1265784  -  ResidentSetSize of job (KB)
...
006 (15756407.467.000) 2026-02-09 16:37:21 Image size of job updated: 1275324
	1237  -  MemoryUsage of job (MB)
	1265796  -  ResidentSetSize of job (KB)
...
006 (15756407.467.000) 2026-02-09 16:57:24 Image size of job updated: 1275956
	1237  -  MemoryUsage of job (MB)
	1265796  -  ResidentSetSize of job (KB)
...
006 (15756407.467.000) 2026-02-09 17:42:30 Image size of job updated: 1277580
	1237  -  MemoryUsage of job (MB)
	1265796  -  ResidentSetSize of job (KB)
...
006 (15756407.467.000) 2026-02-09 18:07:31 Image size of job updated: 1277952
	1237  -  MemoryUsage of job (MB)
	1265796  -  ResidentSetSize of job (KB)
...
006 (15756407.467.000) 2026-02-09 18:37:35 Image size of job updated: 1279984
	1237  -  MemoryUsage of job (MB)
	1265796  -  ResidentSetSize of job (KB)
...
006 (15756407.467.000) 2026-02-09 20:37:45 Image size of job updated: 1281536
	1237  -  MemoryUsage of job (MB)
	1265796  -  ResidentSetSize of job (KB)
...
006 (15756407.467.000) 2026-02-09 22:47:58 Image size of job updated: 1281552
	1237  -  MemoryUsage of job (MB)
	1265796  -  ResidentSetSize of job (KB)
...
006 (15756407.467.000) 2026-02-10 01:03:12 Image size of job updated: 1282100
	1237  -  MemoryUsage of job (MB)
	1265796  -  ResidentSetSize of job (KB)
...
006 (15756407.467.000) 2026-02-10 01:38:16 Image size of job updated: 1282432
	1237  -  MemoryUsage of job (MB)
	1265796  -  ResidentSetSize of job (KB)
...
006 (15756407.467.000) 2026-02-10 04:48:36 Image size of job updated: 1282460
	1237  -  MemoryUsage of job (MB)
	1265796  -  ResidentSetSize of job (KB)
...
006 (15756407.467.000) 2026-02-10 07:28:53 Image size of job updated: 1282460
	1252  -  MemoryUsage of job (MB)
	1281968  -  ResidentSetSize of job (KB)
...
006 (15756407.467.000) 2026-02-10 07:33:53 Image size of job updated: 1282460
	1252  -  MemoryUsage of job (MB)
	1281972  -  ResidentSetSize of job (KB)
...
022 (15756407.467.000) 2026-02-10 08:04:04 Job disconnected, attempting to reconnect
    Local schedd and job shadow died, schedd now running again
    Trying to reconnect to slot1_7@wgs43.zeuthen.desy.de <141.34.103.53:9618?addrs=141.34.103.53-9618+[2001-638-700-f067--1-35]-9618&alias=wgs43.zeuthen.desy.de&noUDP&sock=startd_8324_266d>
...
023 (15756407.467.000) 2026-02-10 08:04:11 Job reconnected to slot1_7@wgs43.zeuthen.desy.de
    startd address: <141.34.103.53:9618?addrs=141.34.103.53-9618+[2001-638-700-f067--1-35]-9618&alias=wgs43.zeuthen.desy.de&noUDP&sock=startd_8324_266d>
    starter address: <141.34.103.53:9618?addrs=141.34.103.53-9618+[2001-638-700-f067--1-35]-9618&alias=wgs43.zeuthen.desy.de&noUDP&sock=slot1_7_8915_2c84_23131>
...
004 (15756407.467.000) 2026-02-10 11:42:39 Job was evicted.
	(0) CPU times
		Usr 8 15:25:44, Sys 0 05:20:33  -  Run Remote Usage
		Usr 0 00:00:00, Sys 0 00:00:00  -  Run Local Usage
	0  -  Run Bytes Sent By Job
	0  -  Run Bytes Received By Job
	Partitionable Resources :         Usage  Request Allocated 
	   Cpus                 :          7.93        8         8 
	   Disk (KB)            :          1     1024000   1025025 
	   Memory (MB)          :       1465       16384     16384 
	   TimeExecute (s)      : 1770720159                       
	   TimeSlotBusy (s)     : 1770720159                       
...
009 (15756407.467.000) 2026-02-10 11:42:39 Job was aborted.
	via condor_rm (by user tuccia)
...
