~~~~~~~~~~~~~~~~~~~~~~~~~~~~~~

n_qubits: 60, 
r: 34, 
alpha: 0.001, 
shots: 100000, 
ansatz: linear_cnot, 
layer: 1, 
tau: 0.3

time for simulated annealing:  74.17119550704956
Rank 1: Bitstring=100010101101010000111001011101001111000010110001101100111110, Decimal=625230240419617598, Energy=-54.6998
Rank 2: Bitstring=100010101101010000111001001101001111000010010001101100111110, Decimal=625230223239617342, Energy=-54.652
Rank 3: Bitstring=000010101101011000111001011101001111000010110001101100111110, Decimal=48804672488282942, Energy=-54.6488
Rank 4: Bitstring=000010101101011000111001001101001111000010010001101100111110, Decimal=48804655308282686, Energy=-54.601
Rank 5: Bitstring=100010101101010000111001011101001110001110110000101100111110, Decimal=625230240405982014, Energy=-54.5346
Rank 6: Bitstring=000010101101011000011101011101001111100010110001111100111010, Decimal=48802748351323962, Energy=-54.5198
Rank 7: Bitstring=100010101101010000111001001101001110001110010000101100111110, Decimal=625230223225981758, Energy=-54.4868
Rank 8: Bitstring=000010101101011000111001011101001110001110110000101100111110, Decimal=48804672474647358, Energy=-54.4836
Rank 9: Bitstring=000010101101011000011101001101001111100010010001111100111010, Decimal=48802731171323706, Energy=-54.472
Rank 10: Bitstring=000010101101011000111001001101001110001110010000101100111110, Decimal=48804655294647102, Energy=-54.4358

E_min from simulated annealing:  -54.6998
Minimum energy: -54.6998
States with energy within 1e-08 of minimum: [625230240419617598]
4


################## Start optimization with initial parameters: [0. 0. 0. 0. 0. 0. 0. 0. 0. 0. 0. 0. 0. 0. 0. 0. 0. 0. 0. 0. 0. 0. 0. 0.
 0. 0. 0. 0. 0. 0. 0. 0. 0. 0. 0. 0. 0. 0. 0. 0. 0. 0. 0. 0. 0. 0. 0. 0.
 0. 0. 0. 0. 0. 0. 0. 0. 0. 0. 0. 0. 0. 0. 0. 0. 0. 0. 0. 0. 0. 0. 0. 0.
 0. 0. 0. 0. 0. 0. 0. 0. 0. 0. 0. 0. 0. 0. 0. 0. 0. 0. 0. 0. 0. 0. 0. 0.
 0. 0. 0. 0. 0. 0. 0. 0. 0. 0. 0. 0. 0. 0. 0. 0. 0. 0. 0. 0. 0. 0. 0. 0.
 0. 0. 0. 0. 0. 0. 0. 0. 0. 0. 0. 0. 0. 0. 0. 0. 0. 0. 0. 0. 0. 0. 0. 0.
 0. 0. 0. 0. 0. 0. 0. 0. 0. 0. 0. 0. 0. 0. 0. 0. 0. 0. 0. 0. 0. 0. 0. 0.
 0. 0. 0. 0. 0. 0. 0. 0. 0. 0. 0. 0. 0. 0. 0. 0. 0. 0. 0. 0. 0. 0. 0. 0.
 0. 0. 0. 0. 0. 0. 0. 0. 0. 0. 0. 0. 0. 0. 0. 0. 0. 0. 0. 0. 0. 0. 0. 0.
 0. 0. 0. 0. 0. 0. 0. 0. 0. 0. 0. 0. 0. 0. 0. 0. 0. 0. 0. 0. 0. 0. 0. 0.]
Write sucessfully to ./data/data_shots_100000_layer_1/alpha_0.001/N_60/r_34/ansatz_type_linear_cnot/initialization_zeros

vqe.cvar_eval[0]: -24.284423999999955 , min_cvar: -42.94619799999992 , opt_cvar: -42.94619799999992

vqe.poss_eval[-1]: 0 vqe.poss_eval[0] 0  , max_poss: 0 , opt_poss: 0

vqe.r_eval[-1]: 0.7693819721461496 vqe.r_eval[0]: 0.4439581863187791 max_r: 0.7851253203850821 , min_r: 0.4385037605256316
