000 (15756407.490.000) 2026-02-06 11:26:11 Job submitted from host: <141.34.103.35:9618?addrs=141.34.103.35-9618+[2001-638-700-f067--1-23]-9618&alias=wgs39.zeuthen.desy.de&noUDP&sock=schedd_7414_f73f>
...
001 (15756407.490.000) 2026-02-09 07:04:04 Job executing on host: <141.34.15.47:9618?addrs=141.34.15.47-9618+[2001-638-700-f00f--1-2f]-9618&alias=pizza18.zeuthen.desy.de&noUDP&sock=startd_8216_1233>
	SlotName: slot1_6@pizza18.zeuthen.desy.de
	CondorScratchDir = "/batch/dir_3977677"
	Cpus = 8
	Disk = 1025696
	GPUs = 0
	Memory = 16384
...
006 (15756407.490.000) 2026-02-09 07:04:17 Image size of job updated: 91436
	90  -  MemoryUsage of job (MB)
	91436  -  ResidentSetSize of job (KB)
...
006 (15756407.490.000) 2026-02-09 07:09:17 Image size of job updated: 293036
	285  -  MemoryUsage of job (MB)
	291588  -  ResidentSetSize of job (KB)
...
006 (15756407.490.000) 2026-02-09 07:14:18 Image size of job updated: 293320
	286  -  MemoryUsage of job (MB)
	292564  -  ResidentSetSize of job (KB)
...
006 (15756407.490.000) 2026-02-09 07:19:19 Image size of job updated: 308576
	298  -  MemoryUsage of job (MB)
	304732  -  ResidentSetSize of job (KB)
...
006 (15756407.490.000) 2026-02-09 07:24:19 Image size of job updated: 308880
	302  -  MemoryUsage of job (MB)
	308880  -  ResidentSetSize of job (KB)
...
006 (15756407.490.000) 2026-02-09 07:29:20 Image size of job updated: 308940
	302  -  MemoryUsage of job (MB)
	308884  -  ResidentSetSize of job (KB)
...
006 (15756407.490.000) 2026-02-09 07:34:21 Image size of job updated: 309472
	303  -  MemoryUsage of job (MB)
	309472  -  ResidentSetSize of job (KB)
...
006 (15756407.490.000) 2026-02-09 07:39:21 Image size of job updated: 309840
	303  -  MemoryUsage of job (MB)
	309840  -  ResidentSetSize of job (KB)
...
006 (15756407.490.000) 2026-02-09 07:44:22 Image size of job updated: 313196
	306  -  MemoryUsage of job (MB)
	313196  -  ResidentSetSize of job (KB)
...
006 (15756407.490.000) 2026-02-09 07:49:23 Image size of job updated: 313200
	306  -  MemoryUsage of job (MB)
	313200  -  ResidentSetSize of job (KB)
...
006 (15756407.490.000) 2026-02-09 07:54:23 Image size of job updated: 329432
	322  -  MemoryUsage of job (MB)
	329432  -  ResidentSetSize of job (KB)
...
006 (15756407.490.000) 2026-02-09 07:59:24 Image size of job updated: 337068
	330  -  MemoryUsage of job (MB)
	337068  -  ResidentSetSize of job (KB)
...
006 (15756407.490.000) 2026-02-09 08:04:25 Image size of job updated: 371364
	363  -  MemoryUsage of job (MB)
	371364  -  ResidentSetSize of job (KB)
...
006 (15756407.490.000) 2026-02-09 08:09:25 Image size of job updated: 385508
	377  -  MemoryUsage of job (MB)
	385508  -  ResidentSetSize of job (KB)
...
006 (15756407.490.000) 2026-02-09 08:14:26 Image size of job updated: 385772
	377  -  MemoryUsage of job (MB)
	385772  -  ResidentSetSize of job (KB)
...
006 (15756407.490.000) 2026-02-09 08:34:29 Image size of job updated: 385784
	377  -  MemoryUsage of job (MB)
	385784  -  ResidentSetSize of job (KB)
...
006 (15756407.490.000) 2026-02-09 08:39:29 Image size of job updated: 386552
	378  -  MemoryUsage of job (MB)
	386552  -  ResidentSetSize of job (KB)
...
006 (15756407.490.000) 2026-02-09 08:44:29 Image size of job updated: 389776
	381  -  MemoryUsage of job (MB)
	389776  -  ResidentSetSize of job (KB)
...
006 (15756407.490.000) 2026-02-09 08:54:30 Image size of job updated: 389796
	381  -  MemoryUsage of job (MB)
	389796  -  ResidentSetSize of job (KB)
...
006 (15756407.490.000) 2026-02-09 08:59:30 Image size of job updated: 390032
	381  -  MemoryUsage of job (MB)
	390032  -  ResidentSetSize of job (KB)
...
006 (15756407.490.000) 2026-02-09 09:44:33 Image size of job updated: 394548
	386  -  MemoryUsage of job (MB)
	394548  -  ResidentSetSize of job (KB)
...
006 (15756407.490.000) 2026-02-09 09:49:34 Image size of job updated: 395180
	386  -  MemoryUsage of job (MB)
	395180  -  ResidentSetSize of job (KB)
...
006 (15756407.490.000) 2026-02-09 09:54:34 Image size of job updated: 395204
	386  -  MemoryUsage of job (MB)
	395204  -  ResidentSetSize of job (KB)
...
006 (15756407.490.000) 2026-02-09 09:59:34 Image size of job updated: 395436
	387  -  MemoryUsage of job (MB)
	395436  -  ResidentSetSize of job (KB)
...
006 (15756407.490.000) 2026-02-09 10:09:35 Image size of job updated: 398360
	390  -  MemoryUsage of job (MB)
	398360  -  ResidentSetSize of job (KB)
...
006 (15756407.490.000) 2026-02-09 10:59:40 Image size of job updated: 398476
	390  -  MemoryUsage of job (MB)
	398476  -  ResidentSetSize of job (KB)
...
006 (15756407.490.000) 2026-02-09 11:09:41 Image size of job updated: 398816
	390  -  MemoryUsage of job (MB)
	398816  -  ResidentSetSize of job (KB)
...
006 (15756407.490.000) 2026-02-09 11:14:42 Image size of job updated: 399020
	390  -  MemoryUsage of job (MB)
	399020  -  ResidentSetSize of job (KB)
...
006 (15756407.490.000) 2026-02-09 11:29:44 Image size of job updated: 399152
	390  -  MemoryUsage of job (MB)
	399152  -  ResidentSetSize of job (KB)
...
006 (15756407.490.000) 2026-02-09 11:34:45 Image size of job updated: 399940
	391  -  MemoryUsage of job (MB)
	399940  -  ResidentSetSize of job (KB)
...
006 (15756407.490.000) 2026-02-09 12:29:50 Image size of job updated: 399944
	391  -  MemoryUsage of job (MB)
	399944  -  ResidentSetSize of job (KB)
...
006 (15756407.490.000) 2026-02-09 12:39:51 Image size of job updated: 400952
	392  -  MemoryUsage of job (MB)
	400952  -  ResidentSetSize of job (KB)
...
006 (15756407.490.000) 2026-02-09 12:44:52 Image size of job updated: 400964
	392  -  MemoryUsage of job (MB)
	400964  -  ResidentSetSize of job (KB)
...
006 (15756407.490.000) 2026-02-09 12:54:53 Image size of job updated: 401336
	392  -  MemoryUsage of job (MB)
	401336  -  ResidentSetSize of job (KB)
...
006 (15756407.490.000) 2026-02-09 12:59:53 Image size of job updated: 438272
	428  -  MemoryUsage of job (MB)
	438272  -  ResidentSetSize of job (KB)
...
006 (15756407.490.000) 2026-02-09 13:04:53 Image size of job updated: 438700
	429  -  MemoryUsage of job (MB)
	438700  -  ResidentSetSize of job (KB)
...
006 (15756407.490.000) 2026-02-09 13:09:54 Image size of job updated: 441500
	432  -  MemoryUsage of job (MB)
	441500  -  ResidentSetSize of job (KB)
...
006 (15756407.490.000) 2026-02-09 13:14:54 Image size of job updated: 441888
	432  -  MemoryUsage of job (MB)
	441888  -  ResidentSetSize of job (KB)
...
006 (15756407.490.000) 2026-02-09 13:34:55 Image size of job updated: 442000
	432  -  MemoryUsage of job (MB)
	442000  -  ResidentSetSize of job (KB)
...
006 (15756407.490.000) 2026-02-09 13:44:56 Image size of job updated: 442100
	432  -  MemoryUsage of job (MB)
	442100  -  ResidentSetSize of job (KB)
...
006 (15756407.490.000) 2026-02-09 13:49:56 Image size of job updated: 442192
	432  -  MemoryUsage of job (MB)
	442192  -  ResidentSetSize of job (KB)
...
006 (15756407.490.000) 2026-02-09 14:19:58 Image size of job updated: 442456
	433  -  MemoryUsage of job (MB)
	442456  -  ResidentSetSize of job (KB)
...
006 (15756407.490.000) 2026-02-09 14:24:59 Image size of job updated: 442484
	433  -  MemoryUsage of job (MB)
	442484  -  ResidentSetSize of job (KB)
...
006 (15756407.490.000) 2026-02-09 14:45:00 Image size of job updated: 442520
	433  -  MemoryUsage of job (MB)
	442520  -  ResidentSetSize of job (KB)
...
006 (15756407.490.000) 2026-02-09 15:30:03 Image size of job updated: 442524
	433  -  MemoryUsage of job (MB)
	442524  -  ResidentSetSize of job (KB)
...
006 (15756407.490.000) 2026-02-09 15:35:03 Image size of job updated: 442584
	433  -  MemoryUsage of job (MB)
	442584  -  ResidentSetSize of job (KB)
...
006 (15756407.490.000) 2026-02-09 15:50:04 Image size of job updated: 442608
	433  -  MemoryUsage of job (MB)
	442608  -  ResidentSetSize of job (KB)
...
006 (15756407.490.000) 2026-02-09 16:00:05 Image size of job updated: 442660
	433  -  MemoryUsage of job (MB)
	442660  -  ResidentSetSize of job (KB)
...
006 (15756407.490.000) 2026-02-09 18:35:23 Image size of job updated: 442712
	433  -  MemoryUsage of job (MB)
	442712  -  ResidentSetSize of job (KB)
...
006 (15756407.490.000) 2026-02-09 18:40:24 Image size of job updated: 442772
	433  -  MemoryUsage of job (MB)
	442772  -  ResidentSetSize of job (KB)
...
006 (15756407.490.000) 2026-02-09 22:10:45 Image size of job updated: 442856
	433  -  MemoryUsage of job (MB)
	442856  -  ResidentSetSize of job (KB)
...
006 (15756407.490.000) 2026-02-09 22:20:46 Image size of job updated: 442900
	433  -  MemoryUsage of job (MB)
	442900  -  ResidentSetSize of job (KB)
...
006 (15756407.490.000) 2026-02-09 22:25:47 Image size of job updated: 442932
	433  -  MemoryUsage of job (MB)
	442932  -  ResidentSetSize of job (KB)
...
006 (15756407.490.000) 2026-02-09 22:35:48 Image size of job updated: 443136
	433  -  MemoryUsage of job (MB)
	443136  -  ResidentSetSize of job (KB)
...
006 (15756407.490.000) 2026-02-09 22:40:48 Image size of job updated: 443204
	433  -  MemoryUsage of job (MB)
	443204  -  ResidentSetSize of job (KB)
...
022 (15756407.490.000) 2026-02-10 08:04:04 Job disconnected, attempting to reconnect
    Local schedd and job shadow died, schedd now running again
    Trying to reconnect to slot1_6@pizza18.zeuthen.desy.de <141.34.15.47:9618?addrs=141.34.15.47-9618+[2001-638-700-f00f--1-2f]-9618&alias=pizza18.zeuthen.desy.de&noUDP&sock=startd_8216_1233>
...
023 (15756407.490.000) 2026-02-10 08:04:11 Job reconnected to slot1_6@pizza18.zeuthen.desy.de
    startd address: <141.34.15.47:9618?addrs=141.34.15.47-9618+[2001-638-700-f00f--1-2f]-9618&alias=pizza18.zeuthen.desy.de&noUDP&sock=startd_8216_1233>
    starter address: <141.34.15.47:9618?addrs=141.34.15.47-9618+[2001-638-700-f00f--1-2f]-9618&alias=pizza18.zeuthen.desy.de&noUDP&sock=slot1_6_8680_985a_19821>
...
