~~~~~~~~~~~~~~~~~~~~~~~~~~~~~~

n_qubits: 60, 
r: 61, 
alpha: 0.01, 
shots: 10000, 
ansatz: structure_like_qubo_YZ_2, 
layer: 1, 
tau: 0.3

time for simulated annealing:  69.87553262710571
Rank 1: Bitstring=110001100110110101100110010111011111110001001011101010011111, Decimal=893637309113875103, Energy=-48.9951
Rank 2: Bitstring=110001100111110101100110110111011101100001001011101010011111, Decimal=893918818412575391, Energy=-48.4285
Rank 3: Bitstring=110000100110110101100011010011011111110001001011001010011111, Decimal=875622700150993567, Energy=-48.2857
Rank 4: Bitstring=110001100110110101000110010111011111110001001111101010111111, Decimal=893635110090635967, Energy=-48.2493
Rank 5: Bitstring=110001100100110111100110010111011111110001001011101010011111, Decimal=893083155253475999, Energy=-48.2001
Rank 6: Bitstring=110011100110110101100110010111011111110001001011101110011111, Decimal=929666106132839327, Energy=-48.1825
Rank 7: Bitstring=110111100110110101100110010111011111110001001011101111011111, Decimal=1001723700170767327, Energy=-48.0599
Rank 8: Bitstring=110001100110110101001110010111011111110001001110101010111111, Decimal=893635659846445759, Energy=-47.8763
Rank 9: Bitstring=110001100110110101100110010111011111110011011011101010011111, Decimal=893637309114464927, Energy=-47.8117
Rank 10: Bitstring=110001100111110101000110110111011101100001001111101010111111, Decimal=893916619389336255, Energy=-47.6827

E_min from simulated annealing:  -48.9951
Minimum energy: -48.9951
States with energy within 1e-08 of minimum: [893637309113875103]


################## Start optimization with initial parameters: [0. 0. 0. 0. 0. 0. 0. 0. 0. 0. 0. 0. 0. 0. 0. 0. 0. 0. 0. 0. 0. 0. 0. 0.
 0. 0. 0. 0. 0. 0. 0. 0. 0. 0. 0. 0. 0. 0. 0. 0. 0. 0. 0. 0. 0. 0. 0. 0.
 0. 0. 0. 0. 0. 0. 0. 0. 0. 0. 0. 0. 0. 0. 0. 0. 0. 0. 0. 0. 0. 0. 0. 0.
 0. 0. 0. 0. 0. 0. 0. 0. 0. 0. 0. 0. 0. 0. 0. 0. 0. 0. 0. 0. 0. 0. 0. 0.
 0. 0. 0. 0. 0. 0. 0. 0. 0. 0. 0. 0. 0. 0. 0. 0. 0. 0. 0. 0. 0. 0. 0. 0.
 0. 0. 0. 0. 0. 0. 0. 0. 0. 0. 0. 0. 0. 0. 0. 0. 0. 0. 0. 0. 0. 0. 0. 0.
 0. 0. 0. 0. 0. 0. 0. 0. 0. 0. 0. 0. 0. 0. 0. 0. 0. 0. 0. 0. 0. 0. 0. 0.
 0. 0. 0. 0. 0. 0. 0. 0. 0. 0. 0. 0. 0. 0. 0. 0. 0. 0. 0. 0. 0. 0. 0. 0.
 0. 0. 0. 0. 0. 0. 0. 0. 0. 0. 0. 0. 0. 0. 0. 0. 0. 0. 0. 0. 0. 0. 0. 0.
 0. 0. 0. 0. 0. 0. 0. 0. 0. 0. 0. 0. 0. 0. 0. 0. 0. 0. 0. 0. 0. 0. 0. 0.]
Write sucessfully to ./data/data_shots_10000_layer_1/alpha_0.01/N_60/r_61/ansatz_type_structure_like_qubo_YZ_2/initialization_zeros

vqe.cvar_eval[0]: -17.263132000000013 , min_cvar: -47.114134 , opt_cvar: -47.114134

vqe.poss_eval[-1]: 0 vqe.poss_eval[0] 0  , max_poss: 0 , opt_poss: 0

vqe.r_eval[-1]: 0.9613675653279613 vqe.r_eval[0]: 0.352344050731604 max_r: 0.9616090996854787 , min_r: 0.352344050731604
