000 (15756408.511.000) 2026-02-06 11:26:58 Job submitted from host: <141.34.103.35:9618?addrs=141.34.103.35-9618+[2001-638-700-f067--1-23]-9618&alias=wgs39.zeuthen.desy.de&noUDP&sock=schedd_7414_f73f>
...
009 (15756408.511.000) 2026-02-10 11:47:34 Job was aborted.
	via condor_rm (by user tuccia)
...
000 (15951004.341.000) 2026-02-10 16:30:03 Job submitted from host: <141.34.103.35:9618?addrs=141.34.103.35-9618+[2001-638-700-f067--1-23]-9618&alias=wgs39.zeuthen.desy.de&noUDP&sock=schedd_7302_24a3>
...
001 (15951004.341.000) 2026-02-10 18:29:52 Job executing on host: <141.34.103.54:9618?addrs=141.34.103.54-9618+[2001-638-700-f067--1-36]-9618&alias=wgs44.zeuthen.desy.de&noUDP&sock=startd_7775_94ef>
	SlotName: slot1_1@wgs44.zeuthen.desy.de
	CondorScratchDir = "/batch/dir_286760"
	Cpus = 1
	Disk = 1025025
	GPUs = 0
	Memory = 5120
...
006 (15951004.341.000) 2026-02-10 18:30:06 Image size of job updated: 91368
	90  -  MemoryUsage of job (MB)
	91368  -  ResidentSetSize of job (KB)
...
006 (15951004.341.000) 2026-02-10 18:35:07 Image size of job updated: 333272
	326  -  MemoryUsage of job (MB)
	333272  -  ResidentSetSize of job (KB)
...
006 (15951004.341.000) 2026-02-10 18:40:07 Image size of job updated: 333920
	327  -  MemoryUsage of job (MB)
	333920  -  ResidentSetSize of job (KB)
...
006 (15951004.341.000) 2026-02-10 18:45:07 Image size of job updated: 334592
	327  -  MemoryUsage of job (MB)
	334592  -  ResidentSetSize of job (KB)
...
006 (15951004.341.000) 2026-02-10 18:50:08 Image size of job updated: 335280
	328  -  MemoryUsage of job (MB)
	335280  -  ResidentSetSize of job (KB)
...
006 (15951004.341.000) 2026-02-10 18:55:08 Image size of job updated: 335960
	329  -  MemoryUsage of job (MB)
	335960  -  ResidentSetSize of job (KB)
...
006 (15951004.341.000) 2026-02-10 19:00:08 Image size of job updated: 362024
	346  -  MemoryUsage of job (MB)
	353832  -  ResidentSetSize of job (KB)
...
006 (15951004.341.000) 2026-02-10 19:25:11 Image size of job updated: 372788
	347  -  MemoryUsage of job (MB)
	354464  -  ResidentSetSize of job (KB)
...
006 (15951004.341.000) 2026-02-10 19:50:14 Image size of job updated: 372788
	347  -  MemoryUsage of job (MB)
	354468  -  ResidentSetSize of job (KB)
...
006 (15951004.341.000) 2026-02-10 19:55:15 Image size of job updated: 373188
	347  -  MemoryUsage of job (MB)
	354988  -  ResidentSetSize of job (KB)
...
006 (15951004.341.000) 2026-02-10 20:00:15 Image size of job updated: 373188
	349  -  MemoryUsage of job (MB)
	357100  -  ResidentSetSize of job (KB)
...
006 (15951004.341.000) 2026-02-10 20:05:16 Image size of job updated: 373188
	349  -  MemoryUsage of job (MB)
	357248  -  ResidentSetSize of job (KB)
...
006 (15951004.341.000) 2026-02-10 20:20:17 Image size of job updated: 376004
	350  -  MemoryUsage of job (MB)
	357784  -  ResidentSetSize of job (KB)
...
006 (15951004.341.000) 2026-02-10 20:40:19 Image size of job updated: 376004
	350  -  MemoryUsage of job (MB)
	358316  -  ResidentSetSize of job (KB)
...
006 (15951004.341.000) 2026-02-10 21:05:20 Image size of job updated: 376004
	351  -  MemoryUsage of job (MB)
	358876  -  ResidentSetSize of job (KB)
...
006 (15951004.341.000) 2026-02-10 21:35:24 Image size of job updated: 376004
	351  -  MemoryUsage of job (MB)
	359408  -  ResidentSetSize of job (KB)
...
006 (15951004.341.000) 2026-02-10 22:00:28 Image size of job updated: 376004
	352  -  MemoryUsage of job (MB)
	359448  -  ResidentSetSize of job (KB)
...
006 (15951004.341.000) 2026-02-10 22:20:30 Image size of job updated: 376004
	352  -  MemoryUsage of job (MB)
	359572  -  ResidentSetSize of job (KB)
...
006 (15951004.341.000) 2026-02-10 22:25:30 Image size of job updated: 376004
	352  -  MemoryUsage of job (MB)
	359852  -  ResidentSetSize of job (KB)
...
006 (15951004.341.000) 2026-02-10 22:50:32 Image size of job updated: 376004
	352  -  MemoryUsage of job (MB)
	360140  -  ResidentSetSize of job (KB)
...
006 (15951004.341.000) 2026-02-10 23:15:35 Image size of job updated: 376004
	352  -  MemoryUsage of job (MB)
	360420  -  ResidentSetSize of job (KB)
...
006 (15951004.341.000) 2026-02-10 23:40:38 Image size of job updated: 376004
	353  -  MemoryUsage of job (MB)
	360716  -  ResidentSetSize of job (KB)
...
006 (15951004.341.000) 2026-02-11 00:05:42 Image size of job updated: 376004
	353  -  MemoryUsage of job (MB)
	361000  -  ResidentSetSize of job (KB)
...
006 (15951004.341.000) 2026-02-11 00:30:43 Image size of job updated: 376004
	353  -  MemoryUsage of job (MB)
	361056  -  ResidentSetSize of job (KB)
...
006 (15951004.341.000) 2026-02-11 00:55:45 Image size of job updated: 376004
	353  -  MemoryUsage of job (MB)
	361184  -  ResidentSetSize of job (KB)
...
006 (15951004.341.000) 2026-02-11 01:20:47 Image size of job updated: 376988
	353  -  MemoryUsage of job (MB)
	361444  -  ResidentSetSize of job (KB)
...
006 (15951004.341.000) 2026-02-11 01:40:50 Image size of job updated: 376988
	364  -  MemoryUsage of job (MB)
	372508  -  ResidentSetSize of job (KB)
...
006 (15951004.341.000) 2026-02-11 01:45:50 Image size of job updated: 376988
	364  -  MemoryUsage of job (MB)
	372512  -  ResidentSetSize of job (KB)
...
006 (15951004.341.000) 2026-02-11 03:25:59 Image size of job updated: 377096
	364  -  MemoryUsage of job (MB)
	372512  -  ResidentSetSize of job (KB)
...
006 (15951004.341.000) 2026-02-11 03:56:03 Image size of job updated: 379280
	364  -  MemoryUsage of job (MB)
	372512  -  ResidentSetSize of job (KB)
...
006 (15951004.341.000) 2026-02-11 04:21:05 Image size of job updated: 381024
	364  -  MemoryUsage of job (MB)
	372512  -  ResidentSetSize of job (KB)
...
