~~~~~~~~~~~~~~~~~~~~~~~~~~~~~~

n_qubits: 60, 
r: 95, 
alpha: 0.01, 
shots: 10000, 
ansatz: linear_cnot, 
layer: 1, 
tau: 0.3

time for simulated annealing:  95.41622948646545
Rank 1: Bitstring=100010100110000110011101011110000111110101100111111011110100, Decimal=623214011925036788, Energy=-50.8471
Rank 2: Bitstring=100010100110010110011101111110001101110001100111111011110100, Decimal=623284415128567540, Energy=-50.4383
Rank 3: Bitstring=100010100110001111011101010110000110110111100111111011110100, Decimal=623253585737449204, Energy=-49.5539
Rank 4: Bitstring=100010100110001111011101010110000111110111100111111011110100, Decimal=623253585754226420, Energy=-49.5207
Rank 5: Bitstring=100010100110000110110101011110000111110101110011111011110100, Decimal=623215661192527604, Energy=-49.4811
Rank 6: Bitstring=110011100010010110011101111110001001110001100111111011110000, Decimal=928403289815809776, Energy=-49.4619
Rank 7: Bitstring=100010101110010110011101111110001101110001100111111101110100, Decimal=625536214942252916, Energy=-49.4261
Rank 8: Bitstring=100010100110010110011101111110001101110001100111111101110100, Decimal=623284415128567668, Energy=-49.4007
Rank 9: Bitstring=100010100110000110110100011100000111110101110011111011111100, Decimal=623215590325567228, Energy=-49.1983
Rank 10: Bitstring=100010100110011111011101110110001100110011100111111011110100, Decimal=623323988940979956, Energy=-49.1451

E_min from simulated annealing:  -50.8471
Minimum energy: -50.8471
States with energy within 1e-08 of minimum: [623214011925036788]
4


################## Start optimization with initial parameters: [0. 0. 0. 0. 0. 0. 0. 0. 0. 0. 0. 0. 0. 0. 0. 0. 0. 0. 0. 0. 0. 0. 0. 0.
 0. 0. 0. 0. 0. 0. 0. 0. 0. 0. 0. 0. 0. 0. 0. 0. 0. 0. 0. 0. 0. 0. 0. 0.
 0. 0. 0. 0. 0. 0. 0. 0. 0. 0. 0. 0. 0. 0. 0. 0. 0. 0. 0. 0. 0. 0. 0. 0.
 0. 0. 0. 0. 0. 0. 0. 0. 0. 0. 0. 0. 0. 0. 0. 0. 0. 0. 0. 0. 0. 0. 0. 0.
 0. 0. 0. 0. 0. 0. 0. 0. 0. 0. 0. 0. 0. 0. 0. 0. 0. 0. 0. 0. 0. 0. 0. 0.
 0. 0. 0. 0. 0. 0. 0. 0. 0. 0. 0. 0. 0. 0. 0. 0. 0. 0. 0. 0. 0. 0. 0. 0.
 0. 0. 0. 0. 0. 0. 0. 0. 0. 0. 0. 0. 0. 0. 0. 0. 0. 0. 0. 0. 0. 0. 0. 0.
 0. 0. 0. 0. 0. 0. 0. 0. 0. 0. 0. 0. 0. 0. 0. 0. 0. 0. 0. 0. 0. 0. 0. 0.
 0. 0. 0. 0. 0. 0. 0. 0. 0. 0. 0. 0. 0. 0. 0. 0. 0. 0. 0. 0. 0. 0. 0. 0.
 0. 0. 0. 0. 0. 0. 0. 0. 0. 0. 0. 0. 0. 0. 0. 0. 0. 0. 0. 0. 0. 0. 0. 0.]
Write sucessfully to ./data/data_shots_10000_layer_1/alpha_0.01/N_60/r_95/ansatz_type_linear_cnot/initialization_zeros

vqe.cvar_eval[0]: -18.21253800000001 , min_cvar: -30.291152000000015 , opt_cvar: -30.291152000000015

vqe.poss_eval[-1]: 0 vqe.poss_eval[0] 0  , max_poss: 0 , opt_poss: 0

vqe.r_eval[-1]: 0.5788507112500029 vqe.r_eval[0]: 0.35818243321644716 max_r: 0.5957301793022614 , min_r: 0.3510064094117463
