000 (15756404.572.000) 2026-02-06 11:24:35 Job submitted from host: <141.34.103.35:9618?addrs=141.34.103.35-9618+[2001-638-700-f067--1-23]-9618&alias=wgs39.zeuthen.desy.de&noUDP&sock=schedd_7414_f73f>
...
001 (15756404.572.000) 2026-02-07 01:19:00 Job executing on host: <141.34.15.86:9618?addrs=141.34.15.86-9618+[2001-638-700-f00f--1-56]-9618&alias=genoa10.zeuthen.desy.de&noUDP&sock=startd_10124_cce6>
	SlotName: slot1_1@genoa10.zeuthen.desy.de
	CondorScratchDir = "/batch/dir_1277629"
	Cpus = 8
	Disk = 1025681
	GPUs = 0
	Memory = 16384
...
006 (15756404.572.000) 2026-02-07 01:19:13 Image size of job updated: 89468
	88  -  MemoryUsage of job (MB)
	89468  -  ResidentSetSize of job (KB)
...
006 (15756404.572.000) 2026-02-07 01:24:13 Image size of job updated: 1200680
	1130  -  MemoryUsage of job (MB)
	1156728  -  ResidentSetSize of job (KB)
...
006 (15756404.572.000) 2026-02-07 01:29:14 Image size of job updated: 1206576
	1136  -  MemoryUsage of job (MB)
	1162536  -  ResidentSetSize of job (KB)
...
006 (15756404.572.000) 2026-02-07 01:34:14 Image size of job updated: 1207416
	1141  -  MemoryUsage of job (MB)
	1168344  -  ResidentSetSize of job (KB)
...
006 (15756404.572.000) 2026-02-07 01:39:14 Image size of job updated: 1207884
	1147  -  MemoryUsage of job (MB)
	1173532  -  ResidentSetSize of job (KB)
...
006 (15756404.572.000) 2026-02-07 01:44:15 Image size of job updated: 1208784
	1147  -  MemoryUsage of job (MB)
	1173536  -  ResidentSetSize of job (KB)
...
006 (15756404.572.000) 2026-02-07 01:49:15 Image size of job updated: 1209972
	1154  -  MemoryUsage of job (MB)
	1181116  -  ResidentSetSize of job (KB)
...
006 (15756404.572.000) 2026-02-07 01:54:15 Image size of job updated: 1210720
	1154  -  MemoryUsage of job (MB)
	1181116  -  ResidentSetSize of job (KB)
...
006 (15756404.572.000) 2026-02-07 02:04:16 Image size of job updated: 1211056
	1154  -  MemoryUsage of job (MB)
	1181116  -  ResidentSetSize of job (KB)
...
006 (15756404.572.000) 2026-02-07 02:14:17 Image size of job updated: 1211056
	1171  -  MemoryUsage of job (MB)
	1198880  -  ResidentSetSize of job (KB)
...
006 (15756404.572.000) 2026-02-07 02:19:18 Image size of job updated: 1211056
	1171  -  MemoryUsage of job (MB)
	1198884  -  ResidentSetSize of job (KB)
...
006 (15756404.572.000) 2026-02-07 02:34:20 Image size of job updated: 1211312
	1171  -  MemoryUsage of job (MB)
	1198884  -  ResidentSetSize of job (KB)
...
006 (15756404.572.000) 2026-02-07 03:19:26 Image size of job updated: 1211404
	1184  -  MemoryUsage of job (MB)
	1211404  -  ResidentSetSize of job (KB)
...
006 (15756404.572.000) 2026-02-07 03:24:26 Image size of job updated: 1211408
	1184  -  MemoryUsage of job (MB)
	1211408  -  ResidentSetSize of job (KB)
...
006 (15756404.572.000) 2026-02-07 03:34:27 Image size of job updated: 1211804
	1184  -  MemoryUsage of job (MB)
	1211408  -  ResidentSetSize of job (KB)
...
006 (15756404.572.000) 2026-02-07 03:59:28 Image size of job updated: 1211832
	1184  -  MemoryUsage of job (MB)
	1211408  -  ResidentSetSize of job (KB)
...
006 (15756404.572.000) 2026-02-07 04:04:29 Image size of job updated: 1212188
	1184  -  MemoryUsage of job (MB)
	1211408  -  ResidentSetSize of job (KB)
...
006 (15756404.572.000) 2026-02-07 04:49:34 Image size of job updated: 1212260
	1184  -  MemoryUsage of job (MB)
	1211408  -  ResidentSetSize of job (KB)
...
006 (15756404.572.000) 2026-02-07 05:09:37 Image size of job updated: 1212888
	1184  -  MemoryUsage of job (MB)
	1211408  -  ResidentSetSize of job (KB)
...
006 (15756404.572.000) 2026-02-07 06:04:43 Image size of job updated: 1213104
	1184  -  MemoryUsage of job (MB)
	1211408  -  ResidentSetSize of job (KB)
...
006 (15756404.572.000) 2026-02-07 06:14:44 Image size of job updated: 1213528
	1184  -  MemoryUsage of job (MB)
	1211408  -  ResidentSetSize of job (KB)
...
006 (15756404.572.000) 2026-02-07 06:34:45 Image size of job updated: 1213888
	1184  -  MemoryUsage of job (MB)
	1211408  -  ResidentSetSize of job (KB)
...
006 (15756404.572.000) 2026-02-07 06:44:46 Image size of job updated: 1213888
	1186  -  MemoryUsage of job (MB)
	1213700  -  ResidentSetSize of job (KB)
...
006 (15756404.572.000) 2026-02-07 07:04:48 Image size of job updated: 1214500
	1186  -  MemoryUsage of job (MB)
	1213700  -  ResidentSetSize of job (KB)
...
006 (15756404.572.000) 2026-02-07 09:09:59 Image size of job updated: 1215184
	1186  -  MemoryUsage of job (MB)
	1213700  -  ResidentSetSize of job (KB)
...
006 (15756404.572.000) 2026-02-08 15:53:08 Image size of job updated: 1215596
	1186  -  MemoryUsage of job (MB)
	1213700  -  ResidentSetSize of job (KB)
...
021 (15756404.572.000) 2026-02-09 01:19:05 Error from starter on slot1_1@genoa10.zeuthen.desy.de:
	runtime exceeded maximum (target.Runtime seconds)
	Code 21 Subcode 103
...
004 (15756404.572.000) 2026-02-09 01:19:05 Job was evicted.
	(0) CPU times
		Usr 8 19:42:57, Sys 3 14:52:07  -  Run Remote Usage
		Usr 0 00:00:00, Sys 0 00:00:00  -  Run Local Usage
	0  -  Run Bytes Sent By Job
	0  -  Run Bytes Received By Job
	Error from slot1_1@genoa10.zeuthen.desy.de: runtime exceeded maximum (target.Runtime seconds)
	Partitionable Resources :     Usage  Request Allocated 
	   Cpus                 :      0.99        8         8 
	   Disk (KB)            :      1     1024000   1025681 
	   GPUs                 :                            0 
	   Memory (MB)          :   1186       16384     16384 
	   TimeSlotBusy (s)     : 172805                       
...
012 (15756404.572.000) 2026-02-09 01:19:05 Job was held.
	Error from slot1_1@genoa10.zeuthen.desy.de: runtime exceeded maximum (target.Runtime seconds)
	Code 21 Subcode 103
...
