000 (15756408.589.000) 2026-02-06 11:26:58 Job submitted from host: <141.34.103.35:9618?addrs=141.34.103.35-9618+[2001-638-700-f067--1-23]-9618&alias=wgs39.zeuthen.desy.de&noUDP&sock=schedd_7414_f73f>
...
009 (15756408.589.000) 2026-02-10 11:47:35 Job was aborted.
	via condor_rm (by user tuccia)
...
000 (15951004.393.000) 2026-02-10 16:30:03 Job submitted from host: <141.34.103.35:9618?addrs=141.34.103.35-9618+[2001-638-700-f067--1-23]-9618&alias=wgs39.zeuthen.desy.de&noUDP&sock=schedd_7302_24a3>
...
001 (15951004.393.000) 2026-02-10 18:29:53 Job executing on host: <141.34.15.85:9618?addrs=141.34.15.85-9618+[2001-638-700-f00f--1-55]-9618&alias=genoa09.zeuthen.desy.de&noUDP&sock=startd_9390_5663>
	SlotName: slot1_25@genoa09.zeuthen.desy.de
	CondorScratchDir = "/batch/dir_882445"
	Cpus = 1
	Disk = 1025681
	GPUs = 0
	Memory = 5120
...
006 (15951004.393.000) 2026-02-10 18:30:06 Image size of job updated: 89384
	88  -  MemoryUsage of job (MB)
	89384  -  ResidentSetSize of job (KB)
...
006 (15951004.393.000) 2026-02-10 18:35:06 Image size of job updated: 391348
	310  -  MemoryUsage of job (MB)
	316520  -  ResidentSetSize of job (KB)
...
006 (15951004.393.000) 2026-02-10 18:40:07 Image size of job updated: 391348
	310  -  MemoryUsage of job (MB)
	317264  -  ResidentSetSize of job (KB)
...
006 (15951004.393.000) 2026-02-10 18:45:08 Image size of job updated: 391348
	311  -  MemoryUsage of job (MB)
	318016  -  ResidentSetSize of job (KB)
...
006 (15951004.393.000) 2026-02-10 18:50:08 Image size of job updated: 391348
	312  -  MemoryUsage of job (MB)
	318780  -  ResidentSetSize of job (KB)
...
006 (15951004.393.000) 2026-02-10 18:55:09 Image size of job updated: 391348
	330  -  MemoryUsage of job (MB)
	336952  -  ResidentSetSize of job (KB)
...
006 (15951004.393.000) 2026-02-10 19:20:11 Image size of job updated: 391348
	330  -  MemoryUsage of job (MB)
	337480  -  ResidentSetSize of job (KB)
...
006 (15951004.393.000) 2026-02-10 19:40:12 Image size of job updated: 391348
	331  -  MemoryUsage of job (MB)
	338012  -  ResidentSetSize of job (KB)
...
006 (15951004.393.000) 2026-02-10 19:55:14 Image size of job updated: 391348
	333  -  MemoryUsage of job (MB)
	340268  -  ResidentSetSize of job (KB)
...
006 (15951004.393.000) 2026-02-10 20:05:15 Image size of job updated: 391348
	333  -  MemoryUsage of job (MB)
	340800  -  ResidentSetSize of job (KB)
...
006 (15951004.393.000) 2026-02-10 20:25:17 Image size of job updated: 391348
	334  -  MemoryUsage of job (MB)
	341324  -  ResidentSetSize of job (KB)
...
006 (15951004.393.000) 2026-02-10 20:50:20 Image size of job updated: 391348
	334  -  MemoryUsage of job (MB)
	341932  -  ResidentSetSize of job (KB)
...
006 (15951004.393.000) 2026-02-10 21:10:22 Image size of job updated: 391348
	335  -  MemoryUsage of job (MB)
	342464  -  ResidentSetSize of job (KB)
...
006 (15951004.393.000) 2026-02-10 21:35:24 Image size of job updated: 391348
	335  -  MemoryUsage of job (MB)
	342512  -  ResidentSetSize of job (KB)
...
006 (15951004.393.000) 2026-02-10 21:55:27 Image size of job updated: 391348
	335  -  MemoryUsage of job (MB)
	342532  -  ResidentSetSize of job (KB)
...
006 (15951004.393.000) 2026-02-10 22:20:29 Image size of job updated: 391348
	335  -  MemoryUsage of job (MB)
	342832  -  ResidentSetSize of job (KB)
...
006 (15951004.393.000) 2026-02-10 22:40:30 Image size of job updated: 391348
	336  -  MemoryUsage of job (MB)
	343108  -  ResidentSetSize of job (KB)
...
006 (15951004.393.000) 2026-02-10 23:05:34 Image size of job updated: 391348
	336  -  MemoryUsage of job (MB)
	343408  -  ResidentSetSize of job (KB)
...
006 (15951004.393.000) 2026-02-10 23:25:35 Image size of job updated: 391348
	336  -  MemoryUsage of job (MB)
	343688  -  ResidentSetSize of job (KB)
...
006 (15951004.393.000) 2026-02-10 23:45:38 Image size of job updated: 391348
	336  -  MemoryUsage of job (MB)
	343988  -  ResidentSetSize of job (KB)
...
006 (15951004.393.000) 2026-02-11 00:10:40 Image size of job updated: 391348
	337  -  MemoryUsage of job (MB)
	344272  -  ResidentSetSize of job (KB)
...
006 (15951004.393.000) 2026-02-11 00:30:42 Image size of job updated: 391348
	337  -  MemoryUsage of job (MB)
	344320  -  ResidentSetSize of job (KB)
...
006 (15951004.393.000) 2026-02-11 00:55:44 Image size of job updated: 391348
	337  -  MemoryUsage of job (MB)
	344600  -  ResidentSetSize of job (KB)
...
006 (15951004.393.000) 2026-02-11 01:15:47 Image size of job updated: 391348
	337  -  MemoryUsage of job (MB)
	344944  -  ResidentSetSize of job (KB)
...
006 (15951004.393.000) 2026-02-11 01:40:49 Image size of job updated: 391348
	338  -  MemoryUsage of job (MB)
	345248  -  ResidentSetSize of job (KB)
...
006 (15951004.393.000) 2026-02-11 02:00:52 Image size of job updated: 391348
	338  -  MemoryUsage of job (MB)
	345536  -  ResidentSetSize of job (KB)
...
006 (15951004.393.000) 2026-02-11 02:25:54 Image size of job updated: 391348
	338  -  MemoryUsage of job (MB)
	345832  -  ResidentSetSize of job (KB)
...
006 (15951004.393.000) 2026-02-11 02:45:55 Image size of job updated: 391348
	339  -  MemoryUsage of job (MB)
	346120  -  ResidentSetSize of job (KB)
...
006 (15951004.393.000) 2026-02-11 04:16:04 Image size of job updated: 391348
	339  -  MemoryUsage of job (MB)
	346344  -  ResidentSetSize of job (KB)
...
006 (15951004.393.000) 2026-02-11 04:41:07 Image size of job updated: 391348
	339  -  MemoryUsage of job (MB)
	346600  -  ResidentSetSize of job (KB)
...
006 (15951004.393.000) 2026-02-11 05:01:10 Image size of job updated: 391348
	339  -  MemoryUsage of job (MB)
	346856  -  ResidentSetSize of job (KB)
...
006 (15951004.393.000) 2026-02-11 05:26:12 Image size of job updated: 391348
	339  -  MemoryUsage of job (MB)
	347112  -  ResidentSetSize of job (KB)
...
006 (15951004.393.000) 2026-02-11 05:51:14 Image size of job updated: 391348
	340  -  MemoryUsage of job (MB)
	347380  -  ResidentSetSize of job (KB)
...
006 (15951004.393.000) 2026-02-11 06:11:17 Image size of job updated: 391348
	340  -  MemoryUsage of job (MB)
	347648  -  ResidentSetSize of job (KB)
...
006 (15951004.393.000) 2026-02-11 06:36:18 Image size of job updated: 391348
	340  -  MemoryUsage of job (MB)
	347916  -  ResidentSetSize of job (KB)
...
006 (15951004.393.000) 2026-02-11 06:56:20 Image size of job updated: 391348
	341  -  MemoryUsage of job (MB)
	348184  -  ResidentSetSize of job (KB)
...
006 (15951004.393.000) 2026-02-11 07:21:22 Image size of job updated: 391348
	341  -  MemoryUsage of job (MB)
	348196  -  ResidentSetSize of job (KB)
...
006 (15951004.393.000) 2026-02-11 07:41:25 Image size of job updated: 391348
	341  -  MemoryUsage of job (MB)
	348472  -  ResidentSetSize of job (KB)
...
006 (15951004.393.000) 2026-02-11 08:06:28 Image size of job updated: 391348
	341  -  MemoryUsage of job (MB)
	348748  -  ResidentSetSize of job (KB)
...
006 (15951004.393.000) 2026-02-11 08:31:30 Image size of job updated: 391348
	341  -  MemoryUsage of job (MB)
	349020  -  ResidentSetSize of job (KB)
...
006 (15951004.393.000) 2026-02-11 08:51:32 Image size of job updated: 391348
	342  -  MemoryUsage of job (MB)
	349296  -  ResidentSetSize of job (KB)
...
006 (15951004.393.000) 2026-02-11 09:16:33 Image size of job updated: 391348
	342  -  MemoryUsage of job (MB)
	349588  -  ResidentSetSize of job (KB)
...
006 (15951004.393.000) 2026-02-11 09:36:35 Image size of job updated: 391348
	342  -  MemoryUsage of job (MB)
	349888  -  ResidentSetSize of job (KB)
...
006 (15951004.393.000) 2026-02-11 10:01:37 Image size of job updated: 391348
	342  -  MemoryUsage of job (MB)
	350184  -  ResidentSetSize of job (KB)
...
