000 (15756407.404.000) 2026-02-06 11:26:11 Job submitted from host: <141.34.103.35:9618?addrs=141.34.103.35-9618+[2001-638-700-f067--1-23]-9618&alias=wgs39.zeuthen.desy.de&noUDP&sock=schedd_7414_f73f>
...
001 (15756407.404.000) 2026-02-09 02:31:47 Job executing on host: <141.34.15.40:9618?addrs=141.34.15.40-9618+[2001-638-700-f00f--1-28]-9618&alias=pizza11.zeuthen.desy.de&noUDP&sock=startd_9198_a434>
	SlotName: slot1_3@pizza11.zeuthen.desy.de
	CondorScratchDir = "/batch/dir_1532019"
	Cpus = 8
	Disk = 1025696
	GPUs = 0
	Memory = 16384
...
006 (15756407.404.000) 2026-02-09 02:32:01 Image size of job updated: 91376
	90  -  MemoryUsage of job (MB)
	91376  -  ResidentSetSize of job (KB)
...
006 (15756407.404.000) 2026-02-09 02:37:02 Image size of job updated: 1202196
	1113  -  MemoryUsage of job (MB)
	1139264  -  ResidentSetSize of job (KB)
...
006 (15756407.404.000) 2026-02-09 02:42:02 Image size of job updated: 1203460
	1171  -  MemoryUsage of job (MB)
	1198520  -  ResidentSetSize of job (KB)
...
006 (15756407.404.000) 2026-02-09 02:47:03 Image size of job updated: 1203472
	1171  -  MemoryUsage of job (MB)
	1198524  -  ResidentSetSize of job (KB)
...
006 (15756407.404.000) 2026-02-09 02:52:04 Image size of job updated: 1204308
	1171  -  MemoryUsage of job (MB)
	1198524  -  ResidentSetSize of job (KB)
...
006 (15756407.404.000) 2026-02-09 03:17:06 Image size of job updated: 1204476
	1171  -  MemoryUsage of job (MB)
	1198524  -  ResidentSetSize of job (KB)
...
006 (15756407.404.000) 2026-02-09 03:27:07 Image size of job updated: 1204564
	1171  -  MemoryUsage of job (MB)
	1198524  -  ResidentSetSize of job (KB)
...
006 (15756407.404.000) 2026-02-09 03:32:07 Image size of job updated: 1204800
	1171  -  MemoryUsage of job (MB)
	1198524  -  ResidentSetSize of job (KB)
...
006 (15756407.404.000) 2026-02-09 03:52:09 Image size of job updated: 1204800
	1171  -  MemoryUsage of job (MB)
	1198552  -  ResidentSetSize of job (KB)
...
006 (15756407.404.000) 2026-02-09 04:07:10 Image size of job updated: 1204964
	1171  -  MemoryUsage of job (MB)
	1198552  -  ResidentSetSize of job (KB)
...
006 (15756407.404.000) 2026-02-09 04:12:11 Image size of job updated: 1204964
	1176  -  MemoryUsage of job (MB)
	1203504  -  ResidentSetSize of job (KB)
...
006 (15756407.404.000) 2026-02-09 04:27:13 Image size of job updated: 1220404
	1176  -  MemoryUsage of job (MB)
	1203504  -  ResidentSetSize of job (KB)
...
006 (15756407.404.000) 2026-02-09 04:42:15 Image size of job updated: 1220564
	1176  -  MemoryUsage of job (MB)
	1203504  -  ResidentSetSize of job (KB)
...
006 (15756407.404.000) 2026-02-09 04:52:16 Image size of job updated: 1220740
	1176  -  MemoryUsage of job (MB)
	1203504  -  ResidentSetSize of job (KB)
...
006 (15756407.404.000) 2026-02-09 04:57:17 Image size of job updated: 1221008
	1176  -  MemoryUsage of job (MB)
	1203504  -  ResidentSetSize of job (KB)
...
006 (15756407.404.000) 2026-02-09 05:02:17 Image size of job updated: 1221512
	1176  -  MemoryUsage of job (MB)
	1203504  -  ResidentSetSize of job (KB)
...
006 (15756407.404.000) 2026-02-09 05:07:17 Image size of job updated: 1221512
	1185  -  MemoryUsage of job (MB)
	1212692  -  ResidentSetSize of job (KB)
...
006 (15756407.404.000) 2026-02-09 05:12:18 Image size of job updated: 1222132
	1185  -  MemoryUsage of job (MB)
	1212696  -  ResidentSetSize of job (KB)
...
006 (15756407.404.000) 2026-02-09 06:12:22 Image size of job updated: 1222624
	1185  -  MemoryUsage of job (MB)
	1212696  -  ResidentSetSize of job (KB)
...
006 (15756407.404.000) 2026-02-09 07:02:27 Image size of job updated: 1223064
	1185  -  MemoryUsage of job (MB)
	1212696  -  ResidentSetSize of job (KB)
...
006 (15756407.404.000) 2026-02-09 07:17:28 Image size of job updated: 1224176
	1185  -  MemoryUsage of job (MB)
	1212696  -  ResidentSetSize of job (KB)
...
006 (15756407.404.000) 2026-02-09 07:22:28 Image size of job updated: 1224428
	1185  -  MemoryUsage of job (MB)
	1212696  -  ResidentSetSize of job (KB)
...
006 (15756407.404.000) 2026-02-09 07:32:30 Image size of job updated: 1224796
	1185  -  MemoryUsage of job (MB)
	1212696  -  ResidentSetSize of job (KB)
...
006 (15756407.404.000) 2026-02-09 07:37:30 Image size of job updated: 1225584
	1185  -  MemoryUsage of job (MB)
	1212696  -  ResidentSetSize of job (KB)
...
006 (15756407.404.000) 2026-02-09 07:42:31 Image size of job updated: 1226284
	1185  -  MemoryUsage of job (MB)
	1212696  -  ResidentSetSize of job (KB)
...
006 (15756407.404.000) 2026-02-09 08:02:34 Image size of job updated: 1226924
	1185  -  MemoryUsage of job (MB)
	1212696  -  ResidentSetSize of job (KB)
...
006 (15756407.404.000) 2026-02-09 08:12:35 Image size of job updated: 1227436
	1185  -  MemoryUsage of job (MB)
	1212696  -  ResidentSetSize of job (KB)
...
006 (15756407.404.000) 2026-02-09 08:22:36 Image size of job updated: 1227604
	1185  -  MemoryUsage of job (MB)
	1212696  -  ResidentSetSize of job (KB)
...
006 (15756407.404.000) 2026-02-09 08:32:38 Image size of job updated: 1227604
	1199  -  MemoryUsage of job (MB)
	1227260  -  ResidentSetSize of job (KB)
...
006 (15756407.404.000) 2026-02-09 08:37:38 Image size of job updated: 1227604
	1199  -  MemoryUsage of job (MB)
	1227264  -  ResidentSetSize of job (KB)
...
006 (15756407.404.000) 2026-02-09 08:47:40 Image size of job updated: 1228572
	1199  -  MemoryUsage of job (MB)
	1227264  -  ResidentSetSize of job (KB)
...
006 (15756407.404.000) 2026-02-09 08:57:41 Image size of job updated: 1228708
	1199  -  MemoryUsage of job (MB)
	1227264  -  ResidentSetSize of job (KB)
...
006 (15756407.404.000) 2026-02-09 09:52:45 Image size of job updated: 1228872
	1199  -  MemoryUsage of job (MB)
	1227264  -  ResidentSetSize of job (KB)
...
006 (15756407.404.000) 2026-02-09 10:12:47 Image size of job updated: 1229168
	1199  -  MemoryUsage of job (MB)
	1227264  -  ResidentSetSize of job (KB)
...
006 (15756407.404.000) 2026-02-09 10:27:49 Image size of job updated: 1230892
	1199  -  MemoryUsage of job (MB)
	1227264  -  ResidentSetSize of job (KB)
...
006 (15756407.404.000) 2026-02-09 11:17:56 Image size of job updated: 1232004
	1199  -  MemoryUsage of job (MB)
	1227264  -  ResidentSetSize of job (KB)
...
006 (15756407.404.000) 2026-02-09 11:48:00 Image size of job updated: 1233412
	1199  -  MemoryUsage of job (MB)
	1227264  -  ResidentSetSize of job (KB)
...
006 (15756407.404.000) 2026-02-09 11:58:01 Image size of job updated: 1233992
	1199  -  MemoryUsage of job (MB)
	1227264  -  ResidentSetSize of job (KB)
...
006 (15756407.404.000) 2026-02-09 12:18:04 Image size of job updated: 1236344
	1199  -  MemoryUsage of job (MB)
	1227264  -  ResidentSetSize of job (KB)
...
006 (15756407.404.000) 2026-02-09 12:33:06 Image size of job updated: 1238004
	1199  -  MemoryUsage of job (MB)
	1227264  -  ResidentSetSize of job (KB)
...
006 (15756407.404.000) 2026-02-09 13:03:10 Image size of job updated: 1238004
	1201  -  MemoryUsage of job (MB)
	1229016  -  ResidentSetSize of job (KB)
...
006 (15756407.404.000) 2026-02-09 13:08:11 Image size of job updated: 1238004
	1201  -  MemoryUsage of job (MB)
	1229024  -  ResidentSetSize of job (KB)
...
006 (15756407.404.000) 2026-02-09 14:13:17 Image size of job updated: 1238280
	1201  -  MemoryUsage of job (MB)
	1229024  -  ResidentSetSize of job (KB)
...
006 (15756407.404.000) 2026-02-09 15:08:21 Image size of job updated: 1252676
	1224  -  MemoryUsage of job (MB)
	1252676  -  ResidentSetSize of job (KB)
...
006 (15756407.404.000) 2026-02-09 15:13:21 Image size of job updated: 1279288
	1224  -  MemoryUsage of job (MB)
	1252680  -  ResidentSetSize of job (KB)
...
006 (15756407.404.000) 2026-02-09 16:58:33 Image size of job updated: 1279428
	1224  -  MemoryUsage of job (MB)
	1252680  -  ResidentSetSize of job (KB)
...
006 (15756407.404.000) 2026-02-09 17:08:34 Image size of job updated: 1279428
	1226  -  MemoryUsage of job (MB)
	1254640  -  ResidentSetSize of job (KB)
...
006 (15756407.404.000) 2026-02-09 17:53:37 Image size of job updated: 1279428
	1241  -  MemoryUsage of job (MB)
	1270304  -  ResidentSetSize of job (KB)
...
006 (15756407.404.000) 2026-02-09 17:58:38 Image size of job updated: 1279428
	1241  -  MemoryUsage of job (MB)
	1270308  -  ResidentSetSize of job (KB)
...
006 (15756407.404.000) 2026-02-09 18:43:41 Image size of job updated: 1279924
	1241  -  MemoryUsage of job (MB)
	1270308  -  ResidentSetSize of job (KB)
...
006 (15756407.404.000) 2026-02-09 21:13:51 Image size of job updated: 1280076
	1241  -  MemoryUsage of job (MB)
	1270308  -  ResidentSetSize of job (KB)
...
006 (15756407.404.000) 2026-02-09 22:18:57 Image size of job updated: 1281644
	1241  -  MemoryUsage of job (MB)
	1270308  -  ResidentSetSize of job (KB)
...
006 (15756407.404.000) 2026-02-09 23:14:04 Image size of job updated: 1284360
	1241  -  MemoryUsage of job (MB)
	1270308  -  ResidentSetSize of job (KB)
...
006 (15756407.404.000) 2026-02-09 23:39:07 Image size of job updated: 1284484
	1241  -  MemoryUsage of job (MB)
	1270308  -  ResidentSetSize of job (KB)
...
006 (15756407.404.000) 2026-02-10 00:34:15 Image size of job updated: 1285068
	1241  -  MemoryUsage of job (MB)
	1270308  -  ResidentSetSize of job (KB)
...
006 (15756407.404.000) 2026-02-10 00:59:16 Image size of job updated: 1285068
	1250  -  MemoryUsage of job (MB)
	1279280  -  ResidentSetSize of job (KB)
...
006 (15756407.404.000) 2026-02-10 01:04:17 Image size of job updated: 1285068
	1250  -  MemoryUsage of job (MB)
	1279284  -  ResidentSetSize of job (KB)
...
006 (15756407.404.000) 2026-02-10 02:19:22 Image size of job updated: 1285068
	1253  -  MemoryUsage of job (MB)
	1282192  -  ResidentSetSize of job (KB)
...
006 (15756407.404.000) 2026-02-10 04:34:36 Image size of job updated: 1285564
	1253  -  MemoryUsage of job (MB)
	1282192  -  ResidentSetSize of job (KB)
...
006 (15756407.404.000) 2026-02-10 06:24:48 Image size of job updated: 1285756
	1253  -  MemoryUsage of job (MB)
	1282192  -  ResidentSetSize of job (KB)
...
006 (15756407.404.000) 2026-02-10 06:54:52 Image size of job updated: 1285760
	1253  -  MemoryUsage of job (MB)
	1282192  -  ResidentSetSize of job (KB)
...
022 (15756407.404.000) 2026-02-10 08:04:03 Job disconnected, attempting to reconnect
    Local schedd and job shadow died, schedd now running again
    Trying to reconnect to slot1_3@pizza11.zeuthen.desy.de <141.34.15.40:9618?addrs=141.34.15.40-9618+[2001-638-700-f00f--1-28]-9618&alias=pizza11.zeuthen.desy.de&noUDP&sock=startd_9198_a434>
...
023 (15756407.404.000) 2026-02-10 08:04:11 Job reconnected to slot1_3@pizza11.zeuthen.desy.de
    startd address: <141.34.15.40:9618?addrs=141.34.15.40-9618+[2001-638-700-f00f--1-28]-9618&alias=pizza11.zeuthen.desy.de&noUDP&sock=startd_9198_a434>
    starter address: <141.34.15.40:9618?addrs=141.34.15.40-9618+[2001-638-700-f00f--1-28]-9618&alias=pizza11.zeuthen.desy.de&noUDP&sock=slot1_3_9625_6ee0_5580>
...
004 (15756407.404.000) 2026-02-10 11:42:39 Job was evicted.
	(0) CPU times
		Usr 8 11:53:04, Sys 0 09:08:30  -  Run Remote Usage
		Usr 0 00:00:00, Sys 0 00:00:00  -  Run Local Usage
	0  -  Run Bytes Sent By Job
	0  -  Run Bytes Received By Job
	Partitionable Resources :         Usage  Request Allocated 
	   Cpus                 :          0.99        8         8 
	   Disk (KB)            :          1     1024000   1025696 
	   Memory (MB)          :       1465       16384     16384 
	   TimeExecute (s)      : 1770720158                       
	   TimeSlotBusy (s)     : 1770720159                       
...
009 (15756407.404.000) 2026-02-10 11:42:39 Job was aborted.
	via condor_rm (by user tuccia)
...
