~~~~~~~~~~~~~~~~~~~~~~~~~~~~~~

n_qubits: 60, 
r: 87, 
alpha: 0.01, 
shots: 10000, 
ansatz: linear_cnot, 
layer: 1, 
tau: 0.3

time for simulated annealing:  64.02197408676147
Rank 1: Bitstring=110111000101000110100100111001010001100001111111111010001101, Decimal=992228216582700685, Energy=-54.2511
Rank 2: Bitstring=110111000101000011100100110001010001000001111111010010010101, Decimal=992215013844841621, Energy=-53.3143
Rank 3: Bitstring=110111000101001011100100110001010011000001111111010010010101, Decimal=992250198250484885, Energy=-53.2005
Rank 4: Bitstring=110110000101000110100100011001010001110001111111111011001101, Decimal=974213783717674701, Energy=-53.1783
Rank 5: Bitstring=110111000101000011100100110001010001000001111111110010000101, Decimal=992215013844843653, Energy=-53.1303
Rank 6: Bitstring=110111000101000110100101111001010001100011111111111010001101, Decimal=992228285302701709, Energy=-53.1123
Rank 7: Bitstring=110111000101001110100100111001010011100001111111111010001101, Decimal=992263400988343949, Energy=-52.8929
Rank 8: Bitstring=110111000101000011100100100001010001000001011111010010010001, Decimal=992214996664841361, Energy=-52.8579
Rank 9: Bitstring=110111000101001011100100100001010011000001011111010010010001, Decimal=992250181070484625, Energy=-52.7441
Rank 10: Bitstring=110111000101100011100010100101110000000001011111010010010001, Decimal=992355601529304209, Energy=-52.7345

E_min from simulated annealing:  -54.2511
Minimum energy: -54.2511
States with energy within 1e-08 of minimum: [992228216582700685]
4


################## Start optimization with initial parameters: [0. 0. 0. 0. 0. 0. 0. 0. 0. 0. 0. 0. 0. 0. 0. 0. 0. 0. 0. 0. 0. 0. 0. 0.
 0. 0. 0. 0. 0. 0. 0. 0. 0. 0. 0. 0. 0. 0. 0. 0. 0. 0. 0. 0. 0. 0. 0. 0.
 0. 0. 0. 0. 0. 0. 0. 0. 0. 0. 0. 0. 0. 0. 0. 0. 0. 0. 0. 0. 0. 0. 0. 0.
 0. 0. 0. 0. 0. 0. 0. 0. 0. 0. 0. 0. 0. 0. 0. 0. 0. 0. 0. 0. 0. 0. 0. 0.
 0. 0. 0. 0. 0. 0. 0. 0. 0. 0. 0. 0. 0. 0. 0. 0. 0. 0. 0. 0. 0. 0. 0. 0.
 0. 0. 0. 0. 0. 0. 0. 0. 0. 0. 0. 0. 0. 0. 0. 0. 0. 0. 0. 0. 0. 0. 0. 0.
 0. 0. 0. 0. 0. 0. 0. 0. 0. 0. 0. 0. 0. 0. 0. 0. 0. 0. 0. 0. 0. 0. 0. 0.
 0. 0. 0. 0. 0. 0. 0. 0. 0. 0. 0. 0. 0. 0. 0. 0. 0. 0. 0. 0. 0. 0. 0. 0.
 0. 0. 0. 0. 0. 0. 0. 0. 0. 0. 0. 0. 0. 0. 0. 0. 0. 0. 0. 0. 0. 0. 0. 0.
 0. 0. 0. 0. 0. 0. 0. 0. 0. 0. 0. 0. 0. 0. 0. 0. 0. 0. 0. 0. 0. 0. 0. 0.]
Write sucessfully to ./data/data_shots_10000_layer_1/alpha_0.01/N_60/r_87/ansatz_type_linear_cnot/initialization_zeros

vqe.cvar_eval[0]: -19.584088000000015 , min_cvar: -39.601092000000016 , opt_cvar: -39.601092000000016

vqe.poss_eval[-1]: 0 vqe.poss_eval[0] 0  , max_poss: 0 , opt_poss: 0

vqe.r_eval[-1]: 0.7157363445165171 vqe.r_eval[0]: 0.36098969421818206 max_r: 0.729959245065999 , min_r: 0.36098969421818206
