000 (15756407.307.000) 2026-02-06 11:26:10 Job submitted from host: <141.34.103.35:9618?addrs=141.34.103.35-9618+[2001-638-700-f067--1-23]-9618&alias=wgs39.zeuthen.desy.de&noUDP&sock=schedd_7414_f73f>
...
001 (15756407.307.000) 2026-02-08 17:15:17 Job executing on host: <141.34.15.217:9618?addrs=141.34.15.217-9618+[2001-638-700-f00f--1-d9]-9618&alias=pizza25.zeuthen.desy.de&noUDP&sock=startd_9096_ad8b>
	SlotName: slot1_4@pizza25.zeuthen.desy.de
	CondorScratchDir = "/batch/dir_157167"
	Cpus = 8
	Disk = 1025696
	GPUs = 0
	Memory = 16384
...
006 (15756407.307.000) 2026-02-08 17:15:31 Image size of job updated: 91528
	90  -  MemoryUsage of job (MB)
	91528  -  ResidentSetSize of job (KB)
...
006 (15756407.307.000) 2026-02-08 17:20:32 Image size of job updated: 284252
	273  -  MemoryUsage of job (MB)
	279232  -  ResidentSetSize of job (KB)
...
006 (15756407.307.000) 2026-02-08 17:25:32 Image size of job updated: 284716
	276  -  MemoryUsage of job (MB)
	282180  -  ResidentSetSize of job (KB)
...
006 (15756407.307.000) 2026-02-08 17:30:32 Image size of job updated: 298900
	289  -  MemoryUsage of job (MB)
	295108  -  ResidentSetSize of job (KB)
...
006 (15756407.307.000) 2026-02-08 17:35:33 Image size of job updated: 300212
	291  -  MemoryUsage of job (MB)
	297452  -  ResidentSetSize of job (KB)
...
006 (15756407.307.000) 2026-02-08 17:40:33 Image size of job updated: 301092
	294  -  MemoryUsage of job (MB)
	301000  -  ResidentSetSize of job (KB)
...
006 (15756407.307.000) 2026-02-08 17:45:33 Image size of job updated: 302580
	296  -  MemoryUsage of job (MB)
	302536  -  ResidentSetSize of job (KB)
...
006 (15756407.307.000) 2026-02-08 17:50:34 Image size of job updated: 322020
	315  -  MemoryUsage of job (MB)
	322020  -  ResidentSetSize of job (KB)
...
006 (15756407.307.000) 2026-02-08 17:55:34 Image size of job updated: 351192
	343  -  MemoryUsage of job (MB)
	351192  -  ResidentSetSize of job (KB)
...
006 (15756407.307.000) 2026-02-08 18:00:34 Image size of job updated: 351504
	344  -  MemoryUsage of job (MB)
	351504  -  ResidentSetSize of job (KB)
...
006 (15756407.307.000) 2026-02-08 18:05:35 Image size of job updated: 351760
	344  -  MemoryUsage of job (MB)
	351760  -  ResidentSetSize of job (KB)
...
006 (15756407.307.000) 2026-02-08 18:10:35 Image size of job updated: 355436
	348  -  MemoryUsage of job (MB)
	355436  -  ResidentSetSize of job (KB)
...
006 (15756407.307.000) 2026-02-08 18:15:35 Image size of job updated: 364368
	356  -  MemoryUsage of job (MB)
	364368  -  ResidentSetSize of job (KB)
...
006 (15756407.307.000) 2026-02-08 18:20:36 Image size of job updated: 364548
	357  -  MemoryUsage of job (MB)
	364548  -  ResidentSetSize of job (KB)
...
006 (15756407.307.000) 2026-02-08 18:35:37 Image size of job updated: 367620
	360  -  MemoryUsage of job (MB)
	367620  -  ResidentSetSize of job (KB)
...
006 (15756407.307.000) 2026-02-08 18:40:37 Image size of job updated: 367768
	360  -  MemoryUsage of job (MB)
	367768  -  ResidentSetSize of job (KB)
...
006 (15756407.307.000) 2026-02-08 18:45:37 Image size of job updated: 368024
	360  -  MemoryUsage of job (MB)
	368024  -  ResidentSetSize of job (KB)
...
006 (15756407.307.000) 2026-02-08 18:50:38 Image size of job updated: 372544
	364  -  MemoryUsage of job (MB)
	372544  -  ResidentSetSize of job (KB)
...
006 (15756407.307.000) 2026-02-08 18:55:38 Image size of job updated: 373544
	365  -  MemoryUsage of job (MB)
	373544  -  ResidentSetSize of job (KB)
...
006 (15756407.307.000) 2026-02-08 19:00:38 Image size of job updated: 380000
	372  -  MemoryUsage of job (MB)
	380000  -  ResidentSetSize of job (KB)
...
006 (15756407.307.000) 2026-02-08 19:05:39 Image size of job updated: 381096
	373  -  MemoryUsage of job (MB)
	381096  -  ResidentSetSize of job (KB)
...
006 (15756407.307.000) 2026-02-08 19:10:39 Image size of job updated: 381228
	373  -  MemoryUsage of job (MB)
	381228  -  ResidentSetSize of job (KB)
...
006 (15756407.307.000) 2026-02-08 19:25:40 Image size of job updated: 385216
	377  -  MemoryUsage of job (MB)
	385216  -  ResidentSetSize of job (KB)
...
006 (15756407.307.000) 2026-02-08 19:30:40 Image size of job updated: 386684
	378  -  MemoryUsage of job (MB)
	386684  -  ResidentSetSize of job (KB)
...
006 (15756407.307.000) 2026-02-08 19:35:41 Image size of job updated: 388380
	380  -  MemoryUsage of job (MB)
	388380  -  ResidentSetSize of job (KB)
...
006 (15756407.307.000) 2026-02-08 19:40:41 Image size of job updated: 389872
	381  -  MemoryUsage of job (MB)
	389872  -  ResidentSetSize of job (KB)
...
006 (15756407.307.000) 2026-02-08 19:45:41 Image size of job updated: 391444
	383  -  MemoryUsage of job (MB)
	391444  -  ResidentSetSize of job (KB)
...
006 (15756407.307.000) 2026-02-08 19:50:42 Image size of job updated: 398476
	390  -  MemoryUsage of job (MB)
	398476  -  ResidentSetSize of job (KB)
...
006 (15756407.307.000) 2026-02-08 19:55:42 Image size of job updated: 403040
	394  -  MemoryUsage of job (MB)
	403040  -  ResidentSetSize of job (KB)
...
006 (15756407.307.000) 2026-02-08 20:00:42 Image size of job updated: 405744
	397  -  MemoryUsage of job (MB)
	405744  -  ResidentSetSize of job (KB)
...
006 (15756407.307.000) 2026-02-08 20:05:44 Image size of job updated: 405948
	397  -  MemoryUsage of job (MB)
	405948  -  ResidentSetSize of job (KB)
...
006 (15756407.307.000) 2026-02-08 20:30:45 Image size of job updated: 406524
	397  -  MemoryUsage of job (MB)
	406524  -  ResidentSetSize of job (KB)
...
006 (15756407.307.000) 2026-02-08 20:35:47 Image size of job updated: 407140
	398  -  MemoryUsage of job (MB)
	407140  -  ResidentSetSize of job (KB)
...
006 (15756407.307.000) 2026-02-08 20:40:47 Image size of job updated: 407228
	398  -  MemoryUsage of job (MB)
	407228  -  ResidentSetSize of job (KB)
...
006 (15756407.307.000) 2026-02-08 20:45:47 Image size of job updated: 408032
	399  -  MemoryUsage of job (MB)
	408032  -  ResidentSetSize of job (KB)
...
006 (15756407.307.000) 2026-02-08 20:50:48 Image size of job updated: 409180
	400  -  MemoryUsage of job (MB)
	409180  -  ResidentSetSize of job (KB)
...
006 (15756407.307.000) 2026-02-08 20:55:48 Image size of job updated: 409328
	400  -  MemoryUsage of job (MB)
	409328  -  ResidentSetSize of job (KB)
...
006 (15756407.307.000) 2026-02-08 21:05:49 Image size of job updated: 409584
	400  -  MemoryUsage of job (MB)
	409584  -  ResidentSetSize of job (KB)
...
006 (15756407.307.000) 2026-02-08 21:10:50 Image size of job updated: 409952
	401  -  MemoryUsage of job (MB)
	409952  -  ResidentSetSize of job (KB)
...
006 (15756407.307.000) 2026-02-08 21:15:50 Image size of job updated: 410224
	401  -  MemoryUsage of job (MB)
	410224  -  ResidentSetSize of job (KB)
...
006 (15756407.307.000) 2026-02-08 21:20:51 Image size of job updated: 410608
	401  -  MemoryUsage of job (MB)
	410608  -  ResidentSetSize of job (KB)
...
006 (15756407.307.000) 2026-02-08 21:55:56 Image size of job updated: 413592
	404  -  MemoryUsage of job (MB)
	413592  -  ResidentSetSize of job (KB)
...
006 (15756407.307.000) 2026-02-08 22:00:56 Image size of job updated: 413668
	404  -  MemoryUsage of job (MB)
	413668  -  ResidentSetSize of job (KB)
...
006 (15756407.307.000) 2026-02-08 22:20:59 Image size of job updated: 413700
	405  -  MemoryUsage of job (MB)
	413700  -  ResidentSetSize of job (KB)
...
006 (15756407.307.000) 2026-02-08 22:26:00 Image size of job updated: 413924
	405  -  MemoryUsage of job (MB)
	413924  -  ResidentSetSize of job (KB)
...
006 (15756407.307.000) 2026-02-08 23:11:04 Image size of job updated: 413936
	405  -  MemoryUsage of job (MB)
	413936  -  ResidentSetSize of job (KB)
...
006 (15756407.307.000) 2026-02-08 23:21:04 Image size of job updated: 414908
	406  -  MemoryUsage of job (MB)
	414908  -  ResidentSetSize of job (KB)
...
006 (15756407.307.000) 2026-02-08 23:26:05 Image size of job updated: 415388
	406  -  MemoryUsage of job (MB)
	415388  -  ResidentSetSize of job (KB)
...
006 (15756407.307.000) 2026-02-08 23:41:06 Image size of job updated: 415424
	406  -  MemoryUsage of job (MB)
	415424  -  ResidentSetSize of job (KB)
...
006 (15756407.307.000) 2026-02-08 23:46:06 Image size of job updated: 415644
	406  -  MemoryUsage of job (MB)
	415644  -  ResidentSetSize of job (KB)
...
006 (15756407.307.000) 2026-02-09 00:36:09 Image size of job updated: 432952
	423  -  MemoryUsage of job (MB)
	432952  -  ResidentSetSize of job (KB)
...
006 (15756407.307.000) 2026-02-09 00:41:10 Image size of job updated: 433116
	423  -  MemoryUsage of job (MB)
	433116  -  ResidentSetSize of job (KB)
...
006 (15756407.307.000) 2026-02-09 00:51:10 Image size of job updated: 433216
	424  -  MemoryUsage of job (MB)
	433216  -  ResidentSetSize of job (KB)
...
006 (15756407.307.000) 2026-02-09 01:31:14 Image size of job updated: 433372
	424  -  MemoryUsage of job (MB)
	433372  -  ResidentSetSize of job (KB)
...
006 (15756407.307.000) 2026-02-09 04:16:35 Image size of job updated: 433440
	424  -  MemoryUsage of job (MB)
	433440  -  ResidentSetSize of job (KB)
...
006 (15756407.307.000) 2026-02-09 04:26:36 Image size of job updated: 433496
	424  -  MemoryUsage of job (MB)
	433496  -  ResidentSetSize of job (KB)
...
006 (15756407.307.000) 2026-02-09 05:31:43 Image size of job updated: 433536
	424  -  MemoryUsage of job (MB)
	433536  -  ResidentSetSize of job (KB)
...
006 (15756407.307.000) 2026-02-09 06:26:46 Image size of job updated: 433540
	424  -  MemoryUsage of job (MB)
	433540  -  ResidentSetSize of job (KB)
...
022 (15756407.307.000) 2026-02-10 08:04:03 Job disconnected, attempting to reconnect
    Local schedd and job shadow died, schedd now running again
    Trying to reconnect to slot1_4@pizza25.zeuthen.desy.de <141.34.15.217:9618?addrs=141.34.15.217-9618+[2001-638-700-f00f--1-d9]-9618&alias=pizza25.zeuthen.desy.de&noUDP&sock=startd_9096_ad8b>
...
023 (15756407.307.000) 2026-02-10 08:04:11 Job reconnected to slot1_4@pizza25.zeuthen.desy.de
    startd address: <141.34.15.217:9618?addrs=141.34.15.217-9618+[2001-638-700-f00f--1-d9]-9618&alias=pizza25.zeuthen.desy.de&noUDP&sock=startd_9096_ad8b>
    starter address: <141.34.15.217:9618?addrs=141.34.15.217-9618+[2001-638-700-f00f--1-d9]-9618&alias=pizza25.zeuthen.desy.de&noUDP&sock=slot1_4_9626_2341_17086>
...
