000 (15756404.460.000) 2026-02-06 11:24:35 Job submitted from host: <141.34.103.35:9618?addrs=141.34.103.35-9618+[2001-638-700-f067--1-23]-9618&alias=wgs39.zeuthen.desy.de&noUDP&sock=schedd_7414_f73f>
...
001 (15756404.460.000) 2026-02-06 18:48:39 Job executing on host: <141.34.15.222:9618?addrs=141.34.15.222-9618+[2001-638-700-f00f--1-de]-9618&alias=pizza30.zeuthen.desy.de&noUDP&sock=startd_8310_8c1a>
	SlotName: slot1_12@pizza30.zeuthen.desy.de
	CondorScratchDir = "/batch/dir_1170403"
	Cpus = 8
	Disk = 1025696
	GPUs = 0
	Memory = 16384
...
006 (15756404.460.000) 2026-02-06 18:48:53 Image size of job updated: 91464
	90  -  MemoryUsage of job (MB)
	91464  -  ResidentSetSize of job (KB)
...
006 (15756404.460.000) 2026-02-06 18:53:54 Image size of job updated: 515252
	297  -  MemoryUsage of job (MB)
	303444  -  ResidentSetSize of job (KB)
...
006 (15756404.460.000) 2026-02-06 19:03:55 Image size of job updated: 515252
	297  -  MemoryUsage of job (MB)
	303900  -  ResidentSetSize of job (KB)
...
006 (15756404.460.000) 2026-02-06 19:08:56 Image size of job updated: 515252
	298  -  MemoryUsage of job (MB)
	304732  -  ResidentSetSize of job (KB)
...
006 (15756404.460.000) 2026-02-06 19:13:57 Image size of job updated: 515252
	300  -  MemoryUsage of job (MB)
	307064  -  ResidentSetSize of job (KB)
...
006 (15756404.460.000) 2026-02-06 19:18:57 Image size of job updated: 515252
	301  -  MemoryUsage of job (MB)
	307320  -  ResidentSetSize of job (KB)
...
006 (15756404.460.000) 2026-02-06 19:23:58 Image size of job updated: 515252
	301  -  MemoryUsage of job (MB)
	307576  -  ResidentSetSize of job (KB)
...
006 (15756404.460.000) 2026-02-06 19:28:59 Image size of job updated: 515252
	301  -  MemoryUsage of job (MB)
	308088  -  ResidentSetSize of job (KB)
...
006 (15756404.460.000) 2026-02-06 19:33:59 Image size of job updated: 515252
	302  -  MemoryUsage of job (MB)
	308352  -  ResidentSetSize of job (KB)
...
006 (15756404.460.000) 2026-02-06 19:39:00 Image size of job updated: 515252
	302  -  MemoryUsage of job (MB)
	308856  -  ResidentSetSize of job (KB)
...
006 (15756404.460.000) 2026-02-06 19:44:01 Image size of job updated: 515252
	303  -  MemoryUsage of job (MB)
	309368  -  ResidentSetSize of job (KB)
...
006 (15756404.460.000) 2026-02-06 19:49:01 Image size of job updated: 515252
	303  -  MemoryUsage of job (MB)
	309672  -  ResidentSetSize of job (KB)
...
006 (15756404.460.000) 2026-02-06 19:54:02 Image size of job updated: 515252
	303  -  MemoryUsage of job (MB)
	309936  -  ResidentSetSize of job (KB)
...
006 (15756404.460.000) 2026-02-06 19:59:03 Image size of job updated: 515252
	303  -  MemoryUsage of job (MB)
	309940  -  ResidentSetSize of job (KB)
...
006 (15756404.460.000) 2026-02-06 20:04:03 Image size of job updated: 515252
	303  -  MemoryUsage of job (MB)
	310272  -  ResidentSetSize of job (KB)
...
006 (15756404.460.000) 2026-02-06 20:19:05 Image size of job updated: 515252
	304  -  MemoryUsage of job (MB)
	310340  -  ResidentSetSize of job (KB)
...
006 (15756404.460.000) 2026-02-06 20:39:08 Image size of job updated: 515252
	304  -  MemoryUsage of job (MB)
	310344  -  ResidentSetSize of job (KB)
...
006 (15756404.460.000) 2026-02-06 20:59:11 Image size of job updated: 515252
	304  -  MemoryUsage of job (MB)
	310348  -  ResidentSetSize of job (KB)
...
006 (15756404.460.000) 2026-02-06 21:54:18 Image size of job updated: 515252
	304  -  MemoryUsage of job (MB)
	310352  -  ResidentSetSize of job (KB)
...
006 (15756404.460.000) 2026-02-06 22:04:19 Image size of job updated: 515252
	304  -  MemoryUsage of job (MB)
	310356  -  ResidentSetSize of job (KB)
...
006 (15756404.460.000) 2026-02-06 22:24:22 Image size of job updated: 515252
	304  -  MemoryUsage of job (MB)
	310360  -  ResidentSetSize of job (KB)
...
006 (15756404.460.000) 2026-02-06 22:29:23 Image size of job updated: 515252
	304  -  MemoryUsage of job (MB)
	310420  -  ResidentSetSize of job (KB)
...
006 (15756404.460.000) 2026-02-06 22:34:23 Image size of job updated: 515252
	304  -  MemoryUsage of job (MB)
	310624  -  ResidentSetSize of job (KB)
...
006 (15756404.460.000) 2026-02-07 01:04:43 Image size of job updated: 515252
	304  -  MemoryUsage of job (MB)
	310628  -  ResidentSetSize of job (KB)
...
005 (15756404.460.000) 2026-02-07 03:07:51 Job terminated.
	(1) Normal termination (return value 0)
		Usr 1 03:31:36, Sys 0 17:01:26  -  Run Remote Usage
		Usr 0 00:00:00, Sys 0 00:00:00  -  Run Local Usage
		Usr 1 03:31:36, Sys 0 17:01:26  -  Total Remote Usage
		Usr 0 00:00:00, Sys 0 00:00:00  -  Total Local Usage
	0  -  Run Bytes Sent By Job
	0  -  Run Bytes Received By Job
	0  -  Total Bytes Sent By Job
	0  -  Total Bytes Received By Job
	Partitionable Resources :    Usage  Request Allocated 
	   Cpus                 :     4.01        8         8 
	   Disk (KB)            :     1     1024000   1025696 
	   GPUs                 :                           0 
	   Memory (MB)          :   304       16384     16384 
	   TimeExecute (s)      : 29951                       
	   TimeSlotBusy (s)     : 29952                       

	Job terminated of its own accord at 2026-02-07T02:07:50Z with exit-code 0.
...
