000 (15756407.428.000) 2026-02-06 11:26:11 Job submitted from host: <141.34.103.35:9618?addrs=141.34.103.35-9618+[2001-638-700-f067--1-23]-9618&alias=wgs39.zeuthen.desy.de&noUDP&sock=schedd_7414_f73f>
...
001 (15756407.428.000) 2026-02-09 03:15:50 Job executing on host: <141.34.15.201:9618?addrs=141.34.15.201-9618+[2001-638-700-f00f--1-c9]-9618&alias=pizza03.zeuthen.desy.de&noUDP&sock=startd_9148_5877>
	SlotName: slot1_8@pizza03.zeuthen.desy.de
	CondorScratchDir = "/batch/dir_1582846"
	Cpus = 8
	Disk = 1025696
	GPUs = 0
	Memory = 16384
...
006 (15756407.428.000) 2026-02-09 03:16:04 Image size of job updated: 91436
	90  -  MemoryUsage of job (MB)
	91436  -  ResidentSetSize of job (KB)
...
006 (15756407.428.000) 2026-02-09 03:21:05 Image size of job updated: 1199564
	895  -  MemoryUsage of job (MB)
	916112  -  ResidentSetSize of job (KB)
...
006 (15756407.428.000) 2026-02-09 03:26:06 Image size of job updated: 1202372
	1168  -  MemoryUsage of job (MB)
	1195236  -  ResidentSetSize of job (KB)
...
006 (15756407.428.000) 2026-02-09 03:36:07 Image size of job updated: 1202980
	1168  -  MemoryUsage of job (MB)
	1195236  -  ResidentSetSize of job (KB)
...
006 (15756407.428.000) 2026-02-09 03:41:08 Image size of job updated: 1203056
	1168  -  MemoryUsage of job (MB)
	1195236  -  ResidentSetSize of job (KB)
...
006 (15756407.428.000) 2026-02-09 03:56:09 Image size of job updated: 1203056
	1172  -  MemoryUsage of job (MB)
	1199576  -  ResidentSetSize of job (KB)
...
006 (15756407.428.000) 2026-02-09 04:01:09 Image size of job updated: 1203056
	1172  -  MemoryUsage of job (MB)
	1199580  -  ResidentSetSize of job (KB)
...
006 (15756407.428.000) 2026-02-09 04:06:09 Image size of job updated: 1203348
	1172  -  MemoryUsage of job (MB)
	1199580  -  ResidentSetSize of job (KB)
...
006 (15756407.428.000) 2026-02-09 04:21:10 Image size of job updated: 1203548
	1172  -  MemoryUsage of job (MB)
	1199580  -  ResidentSetSize of job (KB)
...
006 (15756407.428.000) 2026-02-09 04:56:14 Image size of job updated: 1203576
	1172  -  MemoryUsage of job (MB)
	1199580  -  ResidentSetSize of job (KB)
...
006 (15756407.428.000) 2026-02-09 05:06:15 Image size of job updated: 1203740
	1172  -  MemoryUsage of job (MB)
	1199580  -  ResidentSetSize of job (KB)
...
006 (15756407.428.000) 2026-02-09 05:11:16 Image size of job updated: 1216760
	1184  -  MemoryUsage of job (MB)
	1211564  -  ResidentSetSize of job (KB)
...
006 (15756407.428.000) 2026-02-09 05:16:17 Image size of job updated: 1218972
	1184  -  MemoryUsage of job (MB)
	1211564  -  ResidentSetSize of job (KB)
...
006 (15756407.428.000) 2026-02-09 05:26:17 Image size of job updated: 1219132
	1184  -  MemoryUsage of job (MB)
	1211564  -  ResidentSetSize of job (KB)
...
006 (15756407.428.000) 2026-02-09 05:31:18 Image size of job updated: 1220052
	1184  -  MemoryUsage of job (MB)
	1211564  -  ResidentSetSize of job (KB)
...
006 (15756407.428.000) 2026-02-09 05:36:18 Image size of job updated: 1220084
	1184  -  MemoryUsage of job (MB)
	1211564  -  ResidentSetSize of job (KB)
...
006 (15756407.428.000) 2026-02-09 05:56:19 Image size of job updated: 1221180
	1193  -  MemoryUsage of job (MB)
	1221180  -  ResidentSetSize of job (KB)
...
006 (15756407.428.000) 2026-02-09 06:01:21 Image size of job updated: 1221184
	1193  -  MemoryUsage of job (MB)
	1221184  -  ResidentSetSize of job (KB)
...
006 (15756407.428.000) 2026-02-09 06:16:22 Image size of job updated: 1221488
	1193  -  MemoryUsage of job (MB)
	1221184  -  ResidentSetSize of job (KB)
...
006 (15756407.428.000) 2026-02-09 06:51:27 Image size of job updated: 1221896
	1193  -  MemoryUsage of job (MB)
	1221184  -  ResidentSetSize of job (KB)
...
006 (15756407.428.000) 2026-02-09 07:11:28 Image size of job updated: 1222996
	1193  -  MemoryUsage of job (MB)
	1221184  -  ResidentSetSize of job (KB)
...
006 (15756407.428.000) 2026-02-09 07:31:29 Image size of job updated: 1223032
	1195  -  MemoryUsage of job (MB)
	1223032  -  ResidentSetSize of job (KB)
...
006 (15756407.428.000) 2026-02-09 07:41:30 Image size of job updated: 1225392
	1195  -  MemoryUsage of job (MB)
	1223032  -  ResidentSetSize of job (KB)
...
006 (15756407.428.000) 2026-02-09 08:11:32 Image size of job updated: 1227064
	1195  -  MemoryUsage of job (MB)
	1223032  -  ResidentSetSize of job (KB)
...
006 (15756407.428.000) 2026-02-09 08:16:32 Image size of job updated: 1228228
	1195  -  MemoryUsage of job (MB)
	1223032  -  ResidentSetSize of job (KB)
...
006 (15756407.428.000) 2026-02-09 08:51:37 Image size of job updated: 1228416
	1195  -  MemoryUsage of job (MB)
	1223032  -  ResidentSetSize of job (KB)
...
006 (15756407.428.000) 2026-02-09 09:26:42 Image size of job updated: 1228464
	1195  -  MemoryUsage of job (MB)
	1223032  -  ResidentSetSize of job (KB)
...
006 (15756407.428.000) 2026-02-09 09:41:44 Image size of job updated: 1228860
	1195  -  MemoryUsage of job (MB)
	1223032  -  ResidentSetSize of job (KB)
...
006 (15756407.428.000) 2026-02-09 09:46:44 Image size of job updated: 1228884
	1195  -  MemoryUsage of job (MB)
	1223032  -  ResidentSetSize of job (KB)
...
006 (15756407.428.000) 2026-02-09 10:11:48 Image size of job updated: 1229000
	1195  -  MemoryUsage of job (MB)
	1223032  -  ResidentSetSize of job (KB)
...
006 (15756407.428.000) 2026-02-09 10:21:48 Image size of job updated: 1230056
	1195  -  MemoryUsage of job (MB)
	1223032  -  ResidentSetSize of job (KB)
...
006 (15756407.428.000) 2026-02-09 10:31:49 Image size of job updated: 1230760
	1195  -  MemoryUsage of job (MB)
	1223032  -  ResidentSetSize of job (KB)
...
006 (15756407.428.000) 2026-02-09 10:56:52 Image size of job updated: 1231192
	1195  -  MemoryUsage of job (MB)
	1223032  -  ResidentSetSize of job (KB)
...
006 (15756407.428.000) 2026-02-09 11:16:54 Image size of job updated: 1232112
	1195  -  MemoryUsage of job (MB)
	1223032  -  ResidentSetSize of job (KB)
...
006 (15756407.428.000) 2026-02-09 12:12:00 Image size of job updated: 1233020
	1195  -  MemoryUsage of job (MB)
	1223032  -  ResidentSetSize of job (KB)
...
006 (15756407.428.000) 2026-02-09 12:27:01 Image size of job updated: 1233928
	1195  -  MemoryUsage of job (MB)
	1223032  -  ResidentSetSize of job (KB)
...
006 (15756407.428.000) 2026-02-09 13:07:04 Image size of job updated: 1265468
	1236  -  MemoryUsage of job (MB)
	1265468  -  ResidentSetSize of job (KB)
...
006 (15756407.428.000) 2026-02-09 13:12:04 Image size of job updated: 1275056
	1236  -  MemoryUsage of job (MB)
	1265476  -  ResidentSetSize of job (KB)
...
006 (15756407.428.000) 2026-02-09 13:27:05 Image size of job updated: 1277580
	1236  -  MemoryUsage of job (MB)
	1265476  -  ResidentSetSize of job (KB)
...
006 (15756407.428.000) 2026-02-09 15:27:18 Image size of job updated: 1277720
	1236  -  MemoryUsage of job (MB)
	1265476  -  ResidentSetSize of job (KB)
...
006 (15756407.428.000) 2026-02-09 15:47:19 Image size of job updated: 1278776
	1236  -  MemoryUsage of job (MB)
	1265476  -  ResidentSetSize of job (KB)
...
006 (15756407.428.000) 2026-02-09 16:02:20 Image size of job updated: 1278856
	1236  -  MemoryUsage of job (MB)
	1265476  -  ResidentSetSize of job (KB)
...
006 (15756407.428.000) 2026-02-09 18:37:37 Image size of job updated: 1278856
	1238  -  MemoryUsage of job (MB)
	1267064  -  ResidentSetSize of job (KB)
...
006 (15756407.428.000) 2026-02-09 18:42:38 Image size of job updated: 1278856
	1238  -  MemoryUsage of job (MB)
	1267072  -  ResidentSetSize of job (KB)
...
006 (15756407.428.000) 2026-02-10 02:18:25 Image size of job updated: 1289340
	1238  -  MemoryUsage of job (MB)
	1267072  -  ResidentSetSize of job (KB)
...
006 (15756407.428.000) 2026-02-10 02:43:28 Image size of job updated: 1289584
	1238  -  MemoryUsage of job (MB)
	1267072  -  ResidentSetSize of job (KB)
...
006 (15756407.428.000) 2026-02-10 03:08:30 Image size of job updated: 1291700
	1238  -  MemoryUsage of job (MB)
	1267072  -  ResidentSetSize of job (KB)
...
006 (15756407.428.000) 2026-02-10 03:58:33 Image size of job updated: 1292764
	1238  -  MemoryUsage of job (MB)
	1267072  -  ResidentSetSize of job (KB)
...
006 (15756407.428.000) 2026-02-10 04:18:35 Image size of job updated: 1292764
	1251  -  MemoryUsage of job (MB)
	1280644  -  ResidentSetSize of job (KB)
...
006 (15756407.428.000) 2026-02-10 04:23:35 Image size of job updated: 1292764
	1251  -  MemoryUsage of job (MB)
	1280648  -  ResidentSetSize of job (KB)
...
022 (15756407.428.000) 2026-02-10 08:04:04 Job disconnected, attempting to reconnect
    Local schedd and job shadow died, schedd now running again
    Trying to reconnect to slot1_8@pizza03.zeuthen.desy.de <141.34.15.201:9618?addrs=141.34.15.201-9618+[2001-638-700-f00f--1-c9]-9618&alias=pizza03.zeuthen.desy.de&noUDP&sock=startd_9148_5877>
...
023 (15756407.428.000) 2026-02-10 08:04:11 Job reconnected to slot1_8@pizza03.zeuthen.desy.de
    startd address: <141.34.15.201:9618?addrs=141.34.15.201-9618+[2001-638-700-f00f--1-c9]-9618&alias=pizza03.zeuthen.desy.de&noUDP&sock=startd_9148_5877>
    starter address: <141.34.15.201:9618?addrs=141.34.15.201-9618+[2001-638-700-f00f--1-c9]-9618&alias=pizza03.zeuthen.desy.de&noUDP&sock=slot1_8_9640_0081_5712>
...
