000 (15756407.478.000) 2026-02-06 11:26:11 Job submitted from host: <141.34.103.35:9618?addrs=141.34.103.35-9618+[2001-638-700-f067--1-23]-9618&alias=wgs39.zeuthen.desy.de&noUDP&sock=schedd_7414_f73f>
...
001 (15756407.478.000) 2026-02-09 05:14:22 Job executing on host: <141.34.14.32:9618?addrs=141.34.14.32-9618+[2001-638-700-f00e--1-20]-9618&alias=ampere01.zeuthen.desy.de&noUDP&sock=startd_7923_18f3>
	SlotName: slot1_7@ampere01.zeuthen.desy.de
	AvailableGPUs = {  }
	CondorScratchDir = "/batch/dir_3271089"
	Cpus = 8
	Disk = 1025682
	GPUs = 0
	Memory = 16384
...
006 (15756407.478.000) 2026-02-09 05:14:36 Image size of job updated: 91440
	90  -  MemoryUsage of job (MB)
	91440  -  ResidentSetSize of job (KB)
...
006 (15756407.478.000) 2026-02-09 05:19:37 Image size of job updated: 284132
	276  -  MemoryUsage of job (MB)
	282204  -  ResidentSetSize of job (KB)
...
006 (15756407.478.000) 2026-02-09 05:24:37 Image size of job updated: 284680
	276  -  MemoryUsage of job (MB)
	282208  -  ResidentSetSize of job (KB)
...
006 (15756407.478.000) 2026-02-09 05:29:37 Image size of job updated: 299620
	288  -  MemoryUsage of job (MB)
	294232  -  ResidentSetSize of job (KB)
...
006 (15756407.478.000) 2026-02-09 05:34:38 Image size of job updated: 299620
	291  -  MemoryUsage of job (MB)
	297784  -  ResidentSetSize of job (KB)
...
006 (15756407.478.000) 2026-02-09 05:39:38 Image size of job updated: 300044
	293  -  MemoryUsage of job (MB)
	299264  -  ResidentSetSize of job (KB)
...
006 (15756407.478.000) 2026-02-09 05:44:38 Image size of job updated: 301548
	295  -  MemoryUsage of job (MB)
	301548  -  ResidentSetSize of job (KB)
...
006 (15756407.478.000) 2026-02-09 05:49:39 Image size of job updated: 303092
	296  -  MemoryUsage of job (MB)
	303092  -  ResidentSetSize of job (KB)
...
006 (15756407.478.000) 2026-02-09 05:54:39 Image size of job updated: 303380
	297  -  MemoryUsage of job (MB)
	303380  -  ResidentSetSize of job (KB)
...
006 (15756407.478.000) 2026-02-09 05:59:39 Image size of job updated: 303480
	297  -  MemoryUsage of job (MB)
	303480  -  ResidentSetSize of job (KB)
...
006 (15756407.478.000) 2026-02-09 06:04:40 Image size of job updated: 303740
	297  -  MemoryUsage of job (MB)
	303740  -  ResidentSetSize of job (KB)
...
006 (15756407.478.000) 2026-02-09 06:09:40 Image size of job updated: 304668
	298  -  MemoryUsage of job (MB)
	304668  -  ResidentSetSize of job (KB)
...
006 (15756407.478.000) 2026-02-09 06:14:40 Image size of job updated: 318812
	312  -  MemoryUsage of job (MB)
	318812  -  ResidentSetSize of job (KB)
...
006 (15756407.478.000) 2026-02-09 06:19:41 Image size of job updated: 320764
	313  -  MemoryUsage of job (MB)
	320136  -  ResidentSetSize of job (KB)
...
006 (15756407.478.000) 2026-02-09 06:29:41 Image size of job updated: 371836
	364  -  MemoryUsage of job (MB)
	371836  -  ResidentSetSize of job (KB)
...
006 (15756407.478.000) 2026-02-09 06:34:42 Image size of job updated: 373536
	365  -  MemoryUsage of job (MB)
	373536  -  ResidentSetSize of job (KB)
...
006 (15756407.478.000) 2026-02-09 06:39:42 Image size of job updated: 373604
	365  -  MemoryUsage of job (MB)
	373604  -  ResidentSetSize of job (KB)
...
006 (15756407.478.000) 2026-02-09 06:44:42 Image size of job updated: 383596
	375  -  MemoryUsage of job (MB)
	383596  -  ResidentSetSize of job (KB)
...
006 (15756407.478.000) 2026-02-09 06:49:43 Image size of job updated: 383988
	375  -  MemoryUsage of job (MB)
	383988  -  ResidentSetSize of job (KB)
...
006 (15756407.478.000) 2026-02-09 06:54:43 Image size of job updated: 384004
	376  -  MemoryUsage of job (MB)
	384004  -  ResidentSetSize of job (KB)
...
006 (15756407.478.000) 2026-02-09 06:59:44 Image size of job updated: 388280
	380  -  MemoryUsage of job (MB)
	388280  -  ResidentSetSize of job (KB)
...
006 (15756407.478.000) 2026-02-09 07:19:47 Image size of job updated: 389160
	381  -  MemoryUsage of job (MB)
	389160  -  ResidentSetSize of job (KB)
...
006 (15756407.478.000) 2026-02-09 07:39:49 Image size of job updated: 389228
	381  -  MemoryUsage of job (MB)
	389228  -  ResidentSetSize of job (KB)
...
006 (15756407.478.000) 2026-02-09 07:44:50 Image size of job updated: 389488
	381  -  MemoryUsage of job (MB)
	389488  -  ResidentSetSize of job (KB)
...
006 (15756407.478.000) 2026-02-09 07:49:51 Image size of job updated: 390260
	382  -  MemoryUsage of job (MB)
	390260  -  ResidentSetSize of job (KB)
...
006 (15756407.478.000) 2026-02-09 07:54:51 Image size of job updated: 390596
	382  -  MemoryUsage of job (MB)
	390596  -  ResidentSetSize of job (KB)
...
006 (15756407.478.000) 2026-02-09 08:14:54 Image size of job updated: 391208
	383  -  MemoryUsage of job (MB)
	391208  -  ResidentSetSize of job (KB)
...
006 (15756407.478.000) 2026-02-09 08:29:56 Image size of job updated: 391248
	383  -  MemoryUsage of job (MB)
	391248  -  ResidentSetSize of job (KB)
...
006 (15756407.478.000) 2026-02-09 08:34:56 Image size of job updated: 391464
	383  -  MemoryUsage of job (MB)
	391464  -  ResidentSetSize of job (KB)
...
006 (15756407.478.000) 2026-02-09 08:44:57 Image size of job updated: 392084
	383  -  MemoryUsage of job (MB)
	392084  -  ResidentSetSize of job (KB)
...
006 (15756407.478.000) 2026-02-09 08:49:57 Image size of job updated: 393064
	384  -  MemoryUsage of job (MB)
	393064  -  ResidentSetSize of job (KB)
...
006 (15756407.478.000) 2026-02-09 08:54:58 Image size of job updated: 394612
	386  -  MemoryUsage of job (MB)
	394612  -  ResidentSetSize of job (KB)
...
006 (15756407.478.000) 2026-02-09 08:59:59 Image size of job updated: 397560
	389  -  MemoryUsage of job (MB)
	397560  -  ResidentSetSize of job (KB)
...
006 (15756407.478.000) 2026-02-09 09:10:00 Image size of job updated: 434796
	425  -  MemoryUsage of job (MB)
	434796  -  ResidentSetSize of job (KB)
...
006 (15756407.478.000) 2026-02-09 09:15:00 Image size of job updated: 435520
	426  -  MemoryUsage of job (MB)
	435520  -  ResidentSetSize of job (KB)
...
006 (15756407.478.000) 2026-02-09 09:20:00 Image size of job updated: 435596
	426  -  MemoryUsage of job (MB)
	435596  -  ResidentSetSize of job (KB)
...
006 (15756407.478.000) 2026-02-09 09:30:01 Image size of job updated: 435756
	426  -  MemoryUsage of job (MB)
	435756  -  ResidentSetSize of job (KB)
...
006 (15756407.478.000) 2026-02-09 09:40:02 Image size of job updated: 435760
	426  -  MemoryUsage of job (MB)
	435760  -  ResidentSetSize of job (KB)
...
006 (15756407.478.000) 2026-02-09 10:35:07 Image size of job updated: 435816
	426  -  MemoryUsage of job (MB)
	435816  -  ResidentSetSize of job (KB)
...
006 (15756407.478.000) 2026-02-09 10:40:07 Image size of job updated: 435836
	426  -  MemoryUsage of job (MB)
	435836  -  ResidentSetSize of job (KB)
...
006 (15756407.478.000) 2026-02-09 11:50:13 Image size of job updated: 435880
	426  -  MemoryUsage of job (MB)
	435880  -  ResidentSetSize of job (KB)
...
006 (15756407.478.000) 2026-02-09 12:55:20 Image size of job updated: 435936
	426  -  MemoryUsage of job (MB)
	435936  -  ResidentSetSize of job (KB)
...
005 (15756407.478.000) 2026-02-09 16:53:12 Job terminated.
	(1) Normal termination (return value 135)
		Usr 3 00:39:17, Sys 0 01:40:36  -  Run Remote Usage
		Usr 0 00:00:00, Sys 0 00:00:00  -  Run Local Usage
		Usr 3 00:39:17, Sys 0 01:40:36  -  Total Remote Usage
		Usr 0 00:00:00, Sys 0 00:00:00  -  Total Local Usage
	0  -  Run Bytes Sent By Job
	0  -  Run Bytes Received By Job
	0  -  Total Bytes Sent By Job
	0  -  Total Bytes Received By Job
	Partitionable Resources :    Usage  Request Allocated 
	   Cpus                 :     0.00        8         8 
	   Disk (KB)            :     1     1024000   1025682 
	   GPUs                 :                           0 
	   Memory (MB)          :   426       16384     16384 
	   TimeExecute (s)      : 41930                       
	   TimeSlotBusy (s)     : 41930                       

	Job terminated of its own accord at 2026-02-09T15:53:12Z with exit-code 135.
...
