000 (15756408.303.000) 2026-02-06 11:26:57 Job submitted from host: <141.34.103.35:9618?addrs=141.34.103.35-9618+[2001-638-700-f067--1-23]-9618&alias=wgs39.zeuthen.desy.de&noUDP&sock=schedd_7414_f73f>
...
001 (15756408.303.000) 2026-02-10 11:43:15 Job executing on host: <141.34.15.223:9618?addrs=141.34.15.223-9618+[2001-638-700-f00f--1-df]-9618&alias=pizza31.zeuthen.desy.de&noUDP&sock=startd_8333_52c8>
	SlotName: slot1_3@pizza31.zeuthen.desy.de
	CondorScratchDir = "/batch/dir_4110938"
	Cpus = 8
	Disk = 1025696
	GPUs = 0
	Memory = 16384
...
006 (15756408.303.000) 2026-02-10 11:43:29 Image size of job updated: 91488
	90  -  MemoryUsage of job (MB)
	91488  -  ResidentSetSize of job (KB)
...
006 (15756408.303.000) 2026-02-10 11:47:33 Image size of job updated: 369108
	90  -  MemoryUsage of job (MB)
	91488  -  ResidentSetSize of job (KB)
...
004 (15756408.303.000) 2026-02-10 11:47:33 Job was evicted.
	(0) CPU times
		Usr 0 00:11:47, Sys 0 00:00:33  -  Run Remote Usage
		Usr 0 00:00:00, Sys 0 00:00:00  -  Run Local Usage
	0  -  Run Bytes Sent By Job
	0  -  Run Bytes Received By Job
	Partitionable Resources :    Usage  Request Allocated 
	   Cpus                 :     0.99        8         8 
	   Disk (KB)            :     1     1024000   1025696 
	   GPUs                 :                           0 
	   Memory (MB)          :    90       16384     16384 
	   TimeExecute (s)      :   257                       
	   TimeSlotBusy (s)     :   258                       
...
009 (15756408.303.000) 2026-02-10 11:47:33 Job was aborted.
	via condor_rm (by user tuccia)
...
000 (15951004.202.000) 2026-02-10 16:30:02 Job submitted from host: <141.34.103.35:9618?addrs=141.34.103.35-9618+[2001-638-700-f067--1-23]-9618&alias=wgs39.zeuthen.desy.de&noUDP&sock=schedd_7302_24a3>
...
001 (15951004.202.000) 2026-02-10 18:12:10 Job executing on host: <141.34.15.81:9618?addrs=141.34.15.81-9618+[2001-638-700-f00f--1-51]-9618&alias=genoa06.zeuthen.desy.de&noUDP&sock=startd_10377_565c>
	SlotName: slot1_43@genoa06.zeuthen.desy.de
	CondorScratchDir = "/batch/dir_1535867"
	Cpus = 1
	Disk = 1025681
	GPUs = 0
	Memory = 5120
...
006 (15951004.202.000) 2026-02-10 18:12:24 Image size of job updated: 89424
	88  -  MemoryUsage of job (MB)
	89424  -  ResidentSetSize of job (KB)
...
006 (15951004.202.000) 2026-02-10 18:17:25 Image size of job updated: 249264
	244  -  MemoryUsage of job (MB)
	249264  -  ResidentSetSize of job (KB)
...
006 (15951004.202.000) 2026-02-10 18:22:25 Image size of job updated: 249284
	244  -  MemoryUsage of job (MB)
	249284  -  ResidentSetSize of job (KB)
...
006 (15951004.202.000) 2026-02-10 18:27:26 Image size of job updated: 249316
	244  -  MemoryUsage of job (MB)
	249316  -  ResidentSetSize of job (KB)
...
006 (15951004.202.000) 2026-02-10 18:47:29 Image size of job updated: 249356
	244  -  MemoryUsage of job (MB)
	249356  -  ResidentSetSize of job (KB)
...
006 (15951004.202.000) 2026-02-10 19:07:31 Image size of job updated: 249372
	244  -  MemoryUsage of job (MB)
	249372  -  ResidentSetSize of job (KB)
...
006 (15951004.202.000) 2026-02-10 20:32:39 Image size of job updated: 249640
	244  -  MemoryUsage of job (MB)
	249640  -  ResidentSetSize of job (KB)
...
006 (15951004.202.000) 2026-02-10 20:52:40 Image size of job updated: 249740
	244  -  MemoryUsage of job (MB)
	249740  -  ResidentSetSize of job (KB)
...
006 (15951004.202.000) 2026-02-10 21:37:46 Image size of job updated: 249796
	244  -  MemoryUsage of job (MB)
	249796  -  ResidentSetSize of job (KB)
...
006 (15951004.202.000) 2026-02-10 21:57:48 Image size of job updated: 252044
	247  -  MemoryUsage of job (MB)
	252044  -  ResidentSetSize of job (KB)
...
006 (15951004.202.000) 2026-02-10 23:07:56 Image size of job updated: 252200
	247  -  MemoryUsage of job (MB)
	252200  -  ResidentSetSize of job (KB)
...
006 (15951004.202.000) 2026-02-11 01:23:09 Image size of job updated: 252356
	247  -  MemoryUsage of job (MB)
	252356  -  ResidentSetSize of job (KB)
...
006 (15951004.202.000) 2026-02-11 02:03:14 Image size of job updated: 252672
	247  -  MemoryUsage of job (MB)
	252672  -  ResidentSetSize of job (KB)
...
006 (15951004.202.000) 2026-02-11 03:08:22 Image size of job updated: 253296
	248  -  MemoryUsage of job (MB)
	253296  -  ResidentSetSize of job (KB)
...
006 (15951004.202.000) 2026-02-11 06:33:42 Image size of job updated: 253300
	248  -  MemoryUsage of job (MB)
	253300  -  ResidentSetSize of job (KB)
...
006 (15951004.202.000) 2026-02-11 07:28:46 Image size of job updated: 253304
	248  -  MemoryUsage of job (MB)
	253304  -  ResidentSetSize of job (KB)
...
006 (15951004.202.000) 2026-02-11 10:13:58 Image size of job updated: 253316
	248  -  MemoryUsage of job (MB)
	253316  -  ResidentSetSize of job (KB)
...
006 (15951004.202.000) 2026-02-11 10:28:59 Image size of job updated: 253372
	248  -  MemoryUsage of job (MB)
	253372  -  ResidentSetSize of job (KB)
...
006 (15951004.202.000) 2026-02-11 10:39:00 Image size of job updated: 253444
	248  -  MemoryUsage of job (MB)
	253444  -  ResidentSetSize of job (KB)
...
006 (15951004.202.000) 2026-02-11 10:44:01 Image size of job updated: 253496
	248  -  MemoryUsage of job (MB)
	253496  -  ResidentSetSize of job (KB)
...
006 (15951004.202.000) 2026-02-11 10:49:01 Image size of job updated: 253560
	248  -  MemoryUsage of job (MB)
	253560  -  ResidentSetSize of job (KB)
...
004 (15951004.202.000) 2026-02-11 11:11:57 Job was evicted.
	(0) CPU times
		Usr 0 16:48:34, Sys 0 00:00:03  -  Run Remote Usage
		Usr 0 00:00:00, Sys 0 00:00:00  -  Run Local Usage
	0  -  Run Bytes Sent By Job
	0  -  Run Bytes Received By Job
	Partitionable Resources :    Usage  Request Allocated 
	   Cpus                 :     0.99        1         1 
	   Disk (KB)            :     1     1024000   1025681 
	   GPUs                 :                           0 
	   Memory (MB)          :   248        5120      5120 
	   TimeExecute (s)      : 61186                       
	   TimeSlotBusy (s)     : 61187                       
...
009 (15951004.202.000) 2026-02-11 11:11:57 Job was aborted.
	via condor_rm (by user tuccia)
...
000 (15988842.202.000) 2026-02-11 11:12:46 Job submitted from host: <141.34.103.35:9618?addrs=141.34.103.35-9618+[2001-638-700-f067--1-23]-9618&alias=wgs39.zeuthen.desy.de&noUDP&sock=schedd_7302_24a3>
...
001 (15988842.202.000) 2026-02-11 11:33:06 Job executing on host: <141.34.15.197:9618?addrs=141.34.15.197-9618+[2001-638-700-f00f--1-c5]-9618&alias=bladekd.zeuthen.desy.de&noUDP&sock=startd_9313_8598>
	SlotName: slot1_18@bladekd.zeuthen.desy.de
	CondorScratchDir = "/batch/dir_2525833"
	Cpus = 1
	Disk = 1025024
	GPUs = 0
	Memory = 5120
...
006 (15988842.202.000) 2026-02-11 11:33:20 Image size of job updated: 89328
	88  -  MemoryUsage of job (MB)
	89328  -  ResidentSetSize of job (KB)
...
006 (15988842.202.000) 2026-02-11 11:38:21 Image size of job updated: 247504
	242  -  MemoryUsage of job (MB)
	247504  -  ResidentSetSize of job (KB)
...
006 (15988842.202.000) 2026-02-11 11:43:22 Image size of job updated: 247716
	242  -  MemoryUsage of job (MB)
	247716  -  ResidentSetSize of job (KB)
...
006 (15988842.202.000) 2026-02-11 11:48:22 Image size of job updated: 247732
	242  -  MemoryUsage of job (MB)
	247732  -  ResidentSetSize of job (KB)
...
006 (15988842.202.000) 2026-02-11 11:53:23 Image size of job updated: 247736
	242  -  MemoryUsage of job (MB)
	247736  -  ResidentSetSize of job (KB)
...
006 (15988842.202.000) 2026-02-11 12:03:24 Image size of job updated: 247740
	242  -  MemoryUsage of job (MB)
	247740  -  ResidentSetSize of job (KB)
...
006 (15988842.202.000) 2026-02-11 12:08:25 Image size of job updated: 247744
	242  -  MemoryUsage of job (MB)
	247744  -  ResidentSetSize of job (KB)
...
006 (15988842.202.000) 2026-02-11 12:18:26 Image size of job updated: 247752
	242  -  MemoryUsage of job (MB)
	247752  -  ResidentSetSize of job (KB)
...
006 (15988842.202.000) 2026-02-11 12:43:30 Image size of job updated: 247780
	242  -  MemoryUsage of job (MB)
	247780  -  ResidentSetSize of job (KB)
...
006 (15988842.202.000) 2026-02-11 15:03:43 Image size of job updated: 247784
	242  -  MemoryUsage of job (MB)
	247784  -  ResidentSetSize of job (KB)
...
006 (15988842.202.000) 2026-02-11 15:13:43 Image size of job updated: 247840
	243  -  MemoryUsage of job (MB)
	247840  -  ResidentSetSize of job (KB)
...
006 (15988842.202.000) 2026-02-11 15:18:44 Image size of job updated: 247852
	243  -  MemoryUsage of job (MB)
	247852  -  ResidentSetSize of job (KB)
...
006 (15988842.202.000) 2026-02-11 15:48:48 Image size of job updated: 247896
	243  -  MemoryUsage of job (MB)
	247896  -  ResidentSetSize of job (KB)
...
006 (15988842.202.000) 2026-02-11 16:18:51 Image size of job updated: 247912
	243  -  MemoryUsage of job (MB)
	247912  -  ResidentSetSize of job (KB)
...
006 (15988842.202.000) 2026-02-11 16:23:52 Image size of job updated: 247944
	243  -  MemoryUsage of job (MB)
	247944  -  ResidentSetSize of job (KB)
...
006 (15988842.202.000) 2026-02-11 16:28:52 Image size of job updated: 247980
	243  -  MemoryUsage of job (MB)
	247980  -  ResidentSetSize of job (KB)
...
006 (15988842.202.000) 2026-02-11 16:33:52 Image size of job updated: 248016
	243  -  MemoryUsage of job (MB)
	248016  -  ResidentSetSize of job (KB)
...
006 (15988842.202.000) 2026-02-11 16:38:53 Image size of job updated: 248048
	243  -  MemoryUsage of job (MB)
	248048  -  ResidentSetSize of job (KB)
...
006 (15988842.202.000) 2026-02-11 16:43:53 Image size of job updated: 248088
	243  -  MemoryUsage of job (MB)
	248088  -  ResidentSetSize of job (KB)
...
006 (15988842.202.000) 2026-02-11 16:48:53 Image size of job updated: 248128
	243  -  MemoryUsage of job (MB)
	248128  -  ResidentSetSize of job (KB)
...
006 (15988842.202.000) 2026-02-11 17:59:00 Image size of job updated: 248144
	243  -  MemoryUsage of job (MB)
	248144  -  ResidentSetSize of job (KB)
...
006 (15988842.202.000) 2026-02-11 19:09:07 Image size of job updated: 248188
	243  -  MemoryUsage of job (MB)
	248188  -  ResidentSetSize of job (KB)
...
006 (15988842.202.000) 2026-02-11 19:39:10 Image size of job updated: 248300
	243  -  MemoryUsage of job (MB)
	248300  -  ResidentSetSize of job (KB)
...
006 (15988842.202.000) 2026-02-11 20:34:16 Image size of job updated: 248460
	243  -  MemoryUsage of job (MB)
	248460  -  ResidentSetSize of job (KB)
...
006 (15988842.202.000) 2026-02-12 11:10:47 Image size of job updated: 248604
	243  -  MemoryUsage of job (MB)
	248604  -  ResidentSetSize of job (KB)
...
