000 (15756408.457.000) 2026-02-06 11:26:58 Job submitted from host: <141.34.103.35:9618?addrs=141.34.103.35-9618+[2001-638-700-f067--1-23]-9618&alias=wgs39.zeuthen.desy.de&noUDP&sock=schedd_7414_f73f>
...
009 (15756408.457.000) 2026-02-10 11:47:33 Job was aborted.
	via condor_rm (by user tuccia)
...
000 (15951004.305.000) 2026-02-10 16:30:03 Job submitted from host: <141.34.103.35:9618?addrs=141.34.103.35-9618+[2001-638-700-f067--1-23]-9618&alias=wgs39.zeuthen.desy.de&noUDP&sock=schedd_7302_24a3>
...
001 (15951004.305.000) 2026-02-10 18:29:52 Job executing on host: <141.34.15.15:9618?addrs=141.34.15.15-9618+[2001-638-700-f00f--1-f]-9618&alias=bladej2.zeuthen.desy.de&noUDP&sock=startd_9360_c28b>
	SlotName: slot1_4@bladej2.zeuthen.desy.de
	CondorScratchDir = "/batch/dir_2713414"
	Cpus = 1
	Disk = 1025024
	GPUs = 0
	Memory = 5120
...
006 (15951004.305.000) 2026-02-10 18:30:05 Image size of job updated: 89348
	88  -  MemoryUsage of job (MB)
	89348  -  ResidentSetSize of job (KB)
...
006 (15951004.305.000) 2026-02-10 18:35:05 Image size of job updated: 398496
	279  -  MemoryUsage of job (MB)
	285264  -  ResidentSetSize of job (KB)
...
006 (15951004.305.000) 2026-02-10 18:40:06 Image size of job updated: 398496
	279  -  MemoryUsage of job (MB)
	285660  -  ResidentSetSize of job (KB)
...
006 (15951004.305.000) 2026-02-10 18:45:06 Image size of job updated: 398496
	280  -  MemoryUsage of job (MB)
	286064  -  ResidentSetSize of job (KB)
...
006 (15951004.305.000) 2026-02-10 18:50:06 Image size of job updated: 398496
	280  -  MemoryUsage of job (MB)
	286468  -  ResidentSetSize of job (KB)
...
006 (15951004.305.000) 2026-02-10 18:55:07 Image size of job updated: 398496
	281  -  MemoryUsage of job (MB)
	286876  -  ResidentSetSize of job (KB)
...
006 (15951004.305.000) 2026-02-10 19:00:07 Image size of job updated: 398496
	281  -  MemoryUsage of job (MB)
	287284  -  ResidentSetSize of job (KB)
...
006 (15951004.305.000) 2026-02-10 19:05:07 Image size of job updated: 398496
	281  -  MemoryUsage of job (MB)
	287688  -  ResidentSetSize of job (KB)
...
006 (15951004.305.000) 2026-02-10 19:10:08 Image size of job updated: 398496
	282  -  MemoryUsage of job (MB)
	288092  -  ResidentSetSize of job (KB)
...
006 (15951004.305.000) 2026-02-10 19:15:08 Image size of job updated: 398496
	322  -  MemoryUsage of job (MB)
	329008  -  ResidentSetSize of job (KB)
...
