000 (15756404.378.000) 2026-02-06 11:24:34 Job submitted from host: <141.34.103.35:9618?addrs=141.34.103.35-9618+[2001-638-700-f067--1-23]-9618&alias=wgs39.zeuthen.desy.de&noUDP&sock=schedd_7414_f73f>
...
001 (15756404.378.000) 2026-02-06 17:29:15 Job executing on host: <141.34.15.41:9618?addrs=141.34.15.41-9618+[2001-638-700-f00f--1-29]-9618&alias=pizza12.zeuthen.desy.de&noUDP&sock=startd_8275_8a49>
	SlotName: slot1_20@pizza12.zeuthen.desy.de
	CondorScratchDir = "/batch/dir_1630585"
	Cpus = 8
	Disk = 1025696
	GPUs = 0
	Memory = 16384
...
006 (15756404.378.000) 2026-02-06 17:29:28 Image size of job updated: 91440
	90  -  MemoryUsage of job (MB)
	91440  -  ResidentSetSize of job (KB)
...
006 (15756404.378.000) 2026-02-06 17:34:28 Image size of job updated: 405284
	213  -  MemoryUsage of job (MB)
	217184  -  ResidentSetSize of job (KB)
...
005 (15756404.378.000) 2026-02-06 18:19:19 Job terminated.
	(1) Normal termination (return value 0)
		Usr 0 02:45:33, Sys 0 01:39:28  -  Run Remote Usage
		Usr 0 00:00:00, Sys 0 00:00:00  -  Run Local Usage
		Usr 0 02:45:33, Sys 0 01:39:28  -  Total Remote Usage
		Usr 0 00:00:00, Sys 0 00:00:00  -  Total Local Usage
	0  -  Run Bytes Sent By Job
	0  -  Run Bytes Received By Job
	0  -  Total Bytes Sent By Job
	0  -  Total Bytes Received By Job
	Partitionable Resources :    Usage  Request Allocated 
	   Cpus                 :     5.24        8         8 
	   Disk (KB)            :     1     1024000   1025696 
	   GPUs                 :                           0 
	   Memory (MB)          :   213       16384     16384 
	   TimeExecute (s)      :  3004                       
	   TimeSlotBusy (s)     :  3004                       

	Job terminated of its own accord at 2026-02-06T17:19:19Z with exit-code 0.
...
