000 (15756404.437.000) 2026-02-06 11:24:35 Job submitted from host: <141.34.103.35:9618?addrs=141.34.103.35-9618+[2001-638-700-f067--1-23]-9618&alias=wgs39.zeuthen.desy.de&noUDP&sock=schedd_7414_f73f>
...
001 (15756404.437.000) 2026-02-06 18:20:39 Job executing on host: <141.34.15.222:9618?addrs=141.34.15.222-9618+[2001-638-700-f00f--1-de]-9618&alias=pizza30.zeuthen.desy.de&noUDP&sock=startd_8310_8c1a>
	SlotName: slot1_32@pizza30.zeuthen.desy.de
	CondorScratchDir = "/batch/dir_1151684"
	Cpus = 8
	Disk = 1025696
	GPUs = 0
	Memory = 16384
...
006 (15756404.437.000) 2026-02-06 18:20:53 Image size of job updated: 91472
	90  -  MemoryUsage of job (MB)
	91472  -  ResidentSetSize of job (KB)
...
006 (15756404.437.000) 2026-02-06 18:25:54 Image size of job updated: 1194724
	1130  -  MemoryUsage of job (MB)
	1156892  -  ResidentSetSize of job (KB)
...
006 (15756404.437.000) 2026-02-06 18:30:54 Image size of job updated: 1207700
	1130  -  MemoryUsage of job (MB)
	1156892  -  ResidentSetSize of job (KB)
...
006 (15756404.437.000) 2026-02-06 18:35:55 Image size of job updated: 1212216
	1152  -  MemoryUsage of job (MB)
	1178696  -  ResidentSetSize of job (KB)
...
006 (15756404.437.000) 2026-02-06 18:40:56 Image size of job updated: 1212456
	1175  -  MemoryUsage of job (MB)
	1202916  -  ResidentSetSize of job (KB)
...
006 (15756404.437.000) 2026-02-06 18:45:56 Image size of job updated: 1212456
	1175  -  MemoryUsage of job (MB)
	1202920  -  ResidentSetSize of job (KB)
...
006 (15756404.437.000) 2026-02-06 18:55:58 Image size of job updated: 1212620
	1175  -  MemoryUsage of job (MB)
	1202920  -  ResidentSetSize of job (KB)
...
006 (15756404.437.000) 2026-02-06 19:00:58 Image size of job updated: 1212620
	1177  -  MemoryUsage of job (MB)
	1204748  -  ResidentSetSize of job (KB)
...
006 (15756404.437.000) 2026-02-06 19:05:59 Image size of job updated: 1212812
	1177  -  MemoryUsage of job (MB)
	1204752  -  ResidentSetSize of job (KB)
...
006 (15756404.437.000) 2026-02-06 19:26:02 Image size of job updated: 1212848
	1177  -  MemoryUsage of job (MB)
	1204752  -  ResidentSetSize of job (KB)
...
006 (15756404.437.000) 2026-02-06 19:36:03 Image size of job updated: 1212848
	1184  -  MemoryUsage of job (MB)
	1212192  -  ResidentSetSize of job (KB)
...
006 (15756404.437.000) 2026-02-06 19:41:04 Image size of job updated: 1212856
	1184  -  MemoryUsage of job (MB)
	1212192  -  ResidentSetSize of job (KB)
...
006 (15756404.437.000) 2026-02-06 19:56:06 Image size of job updated: 1213176
	1184  -  MemoryUsage of job (MB)
	1212192  -  ResidentSetSize of job (KB)
...
006 (15756404.437.000) 2026-02-06 20:11:08 Image size of job updated: 1213176
	1184  -  MemoryUsage of job (MB)
	1212332  -  ResidentSetSize of job (KB)
...
006 (15756404.437.000) 2026-02-06 20:16:08 Image size of job updated: 1213228
	1184  -  MemoryUsage of job (MB)
	1212336  -  ResidentSetSize of job (KB)
...
006 (15756404.437.000) 2026-02-06 20:41:12 Image size of job updated: 1213584
	1184  -  MemoryUsage of job (MB)
	1212400  -  ResidentSetSize of job (KB)
...
006 (15756404.437.000) 2026-02-06 20:46:12 Image size of job updated: 1215608
	1184  -  MemoryUsage of job (MB)
	1212404  -  ResidentSetSize of job (KB)
...
006 (15756404.437.000) 2026-02-06 21:06:15 Image size of job updated: 1215756
	1184  -  MemoryUsage of job (MB)
	1212404  -  ResidentSetSize of job (KB)
...
006 (15756404.437.000) 2026-02-06 21:11:16 Image size of job updated: 1216012
	1184  -  MemoryUsage of job (MB)
	1212404  -  ResidentSetSize of job (KB)
...
006 (15756404.437.000) 2026-02-06 21:16:16 Image size of job updated: 1216012
	1185  -  MemoryUsage of job (MB)
	1213120  -  ResidentSetSize of job (KB)
...
006 (15756404.437.000) 2026-02-06 22:06:23 Image size of job updated: 1216344
	1185  -  MemoryUsage of job (MB)
	1213120  -  ResidentSetSize of job (KB)
...
006 (15756404.437.000) 2026-02-06 22:11:24 Image size of job updated: 1216980
	1185  -  MemoryUsage of job (MB)
	1213120  -  ResidentSetSize of job (KB)
...
006 (15756404.437.000) 2026-02-06 22:36:27 Image size of job updated: 1217104
	1185  -  MemoryUsage of job (MB)
	1213120  -  ResidentSetSize of job (KB)
...
006 (15756404.437.000) 2026-02-06 23:11:32 Image size of job updated: 1217116
	1185  -  MemoryUsage of job (MB)
	1213120  -  ResidentSetSize of job (KB)
...
006 (15756404.437.000) 2026-02-06 23:31:34 Image size of job updated: 1217456
	1185  -  MemoryUsage of job (MB)
	1213120  -  ResidentSetSize of job (KB)
...
006 (15756404.437.000) 2026-02-06 23:36:35 Image size of job updated: 1217976
	1185  -  MemoryUsage of job (MB)
	1213120  -  ResidentSetSize of job (KB)
...
006 (15756404.437.000) 2026-02-07 00:41:39 Image size of job updated: 1217976
	1186  -  MemoryUsage of job (MB)
	1213760  -  ResidentSetSize of job (KB)
...
006 (15756404.437.000) 2026-02-07 00:46:39 Image size of job updated: 1217976
	1186  -  MemoryUsage of job (MB)
	1213764  -  ResidentSetSize of job (KB)
...
006 (15756404.437.000) 2026-02-07 02:06:45 Image size of job updated: 1217976
	1187  -  MemoryUsage of job (MB)
	1215284  -  ResidentSetSize of job (KB)
...
006 (15756404.437.000) 2026-02-07 02:11:45 Image size of job updated: 1218324
	1187  -  MemoryUsage of job (MB)
	1215288  -  ResidentSetSize of job (KB)
...
006 (15756404.437.000) 2026-02-07 03:01:51 Image size of job updated: 1218524
	1187  -  MemoryUsage of job (MB)
	1215288  -  ResidentSetSize of job (KB)
...
006 (15756404.437.000) 2026-02-07 03:06:52 Image size of job updated: 1218524
	1190  -  MemoryUsage of job (MB)
	1218008  -  ResidentSetSize of job (KB)
...
006 (15756404.437.000) 2026-02-07 03:11:52 Image size of job updated: 1218524
	1190  -  MemoryUsage of job (MB)
	1218012  -  ResidentSetSize of job (KB)
...
006 (15756404.437.000) 2026-02-07 03:36:56 Image size of job updated: 1218760
	1190  -  MemoryUsage of job (MB)
	1218012  -  ResidentSetSize of job (KB)
...
006 (15756404.437.000) 2026-02-07 04:01:59 Image size of job updated: 1218992
	1190  -  MemoryUsage of job (MB)
	1218012  -  ResidentSetSize of job (KB)
...
006 (15756404.437.000) 2026-02-07 04:42:04 Image size of job updated: 1219076
	1190  -  MemoryUsage of job (MB)
	1218012  -  ResidentSetSize of job (KB)
...
006 (15756404.437.000) 2026-02-07 05:07:08 Image size of job updated: 1219252
	1190  -  MemoryUsage of job (MB)
	1218012  -  ResidentSetSize of job (KB)
...
006 (15756404.437.000) 2026-02-07 07:27:25 Image size of job updated: 1219356
	1190  -  MemoryUsage of job (MB)
	1218012  -  ResidentSetSize of job (KB)
...
006 (15756404.437.000) 2026-02-07 07:57:28 Image size of job updated: 1219460
	1190  -  MemoryUsage of job (MB)
	1218012  -  ResidentSetSize of job (KB)
...
006 (15756404.437.000) 2026-02-07 08:17:31 Image size of job updated: 1219940
	1190  -  MemoryUsage of job (MB)
	1218012  -  ResidentSetSize of job (KB)
...
006 (15756404.437.000) 2026-02-07 09:32:41 Image size of job updated: 1219940
	1192  -  MemoryUsage of job (MB)
	1219752  -  ResidentSetSize of job (KB)
...
006 (15756404.437.000) 2026-02-07 11:07:50 Image size of job updated: 1220192
	1192  -  MemoryUsage of job (MB)
	1219752  -  ResidentSetSize of job (KB)
...
006 (15756404.437.000) 2026-02-07 11:37:53 Image size of job updated: 1220248
	1192  -  MemoryUsage of job (MB)
	1219752  -  ResidentSetSize of job (KB)
...
006 (15756404.437.000) 2026-02-08 15:30:39 Image size of job updated: 1257172
	1192  -  MemoryUsage of job (MB)
	1219752  -  ResidentSetSize of job (KB)
...
006 (15756404.437.000) 2026-02-08 15:40:41 Image size of job updated: 1257172
	1205  -  MemoryUsage of job (MB)
	1233036  -  ResidentSetSize of job (KB)
...
006 (15756404.437.000) 2026-02-08 16:00:43 Image size of job updated: 1257324
	1205  -  MemoryUsage of job (MB)
	1233036  -  ResidentSetSize of job (KB)
...
006 (15756404.437.000) 2026-02-08 16:15:45 Image size of job updated: 1257324
	1212  -  MemoryUsage of job (MB)
	1240872  -  ResidentSetSize of job (KB)
...
006 (15756404.437.000) 2026-02-08 16:20:45 Image size of job updated: 1257324
	1212  -  MemoryUsage of job (MB)
	1240876  -  ResidentSetSize of job (KB)
...
006 (15756404.437.000) 2026-02-08 16:50:47 Image size of job updated: 1257324
	1223  -  MemoryUsage of job (MB)
	1251944  -  ResidentSetSize of job (KB)
...
006 (15756404.437.000) 2026-02-08 17:00:48 Image size of job updated: 1257600
	1223  -  MemoryUsage of job (MB)
	1251944  -  ResidentSetSize of job (KB)
...
006 (15756404.437.000) 2026-02-08 17:35:51 Image size of job updated: 1257668
	1223  -  MemoryUsage of job (MB)
	1251944  -  ResidentSetSize of job (KB)
...
021 (15756404.437.000) 2026-02-08 18:20:42 Error from starter on slot1_32@pizza30.zeuthen.desy.de:
	runtime exceeded maximum (target.Runtime seconds)
	Code 21 Subcode 103
...
004 (15756404.437.000) 2026-02-08 18:20:42 Job was evicted.
	(0) CPU times
		Usr 6 19:15:45, Sys 4 01:44:41  -  Run Remote Usage
		Usr 0 00:00:00, Sys 0 00:00:00  -  Run Local Usage
	0  -  Run Bytes Sent By Job
	0  -  Run Bytes Received By Job
	Error from slot1_32@pizza30.zeuthen.desy.de: runtime exceeded maximum (target.Runtime seconds)
	Partitionable Resources :     Usage  Request Allocated 
	   Cpus                 :      7.94        8         8 
	   Disk (KB)            :      1     1024000   1025696 
	   GPUs                 :                            0 
	   Memory (MB)          :   1223       16384     16384 
	   TimeSlotBusy (s)     : 172803                       
...
012 (15756404.437.000) 2026-02-08 18:20:42 Job was held.
	Error from slot1_32@pizza30.zeuthen.desy.de: runtime exceeded maximum (target.Runtime seconds)
	Code 21 Subcode 103
...
009 (15756404.437.000) 2026-02-10 11:42:25 Job was aborted.
	via condor_rm (by user tuccia)
...
