000 (15756407.541.000) 2026-02-06 11:26:11 Job submitted from host: <141.34.103.35:9618?addrs=141.34.103.35-9618+[2001-638-700-f067--1-23]-9618&alias=wgs39.zeuthen.desy.de&noUDP&sock=schedd_7414_f73f>
...
009 (15756407.541.000) 2026-02-10 11:42:37 Job was aborted.
	via condor_rm (by user tuccia)
...
000 (15949294.361.000) 2026-02-10 11:45:21 Job submitted from host: <141.34.103.35:9618?addrs=141.34.103.35-9618+[2001-638-700-f067--1-23]-9618&alias=wgs39.zeuthen.desy.de&noUDP&sock=schedd_7302_24a3>
...
009 (15949294.361.000) 2026-02-10 11:45:46 Job was aborted.
	via condor_rm (by user tuccia)
...
000 (15949295.361.000) 2026-02-10 11:46:04 Job submitted from host: <141.34.103.35:9618?addrs=141.34.103.35-9618+[2001-638-700-f067--1-23]-9618&alias=wgs39.zeuthen.desy.de&noUDP&sock=schedd_7302_24a3>
...
001 (15949295.361.000) 2026-02-11 15:58:05 Job executing on host: <141.34.15.48:9618?addrs=141.34.15.48-9618+[2001-638-700-f00f--1-30]-9618&alias=pizza19.zeuthen.desy.de&noUDP&sock=startd_8419_4fed>
	SlotName: slot1_3@pizza19.zeuthen.desy.de
	CondorScratchDir = "/batch/dir_3275270"
	Cpus = 8
	Disk = 1025696
	GPUs = 0
	Memory = 16384
...
006 (15949295.361.000) 2026-02-11 15:58:18 Image size of job updated: 91432
	90  -  MemoryUsage of job (MB)
	91432  -  ResidentSetSize of job (KB)
...
006 (15949295.361.000) 2026-02-11 16:03:18 Image size of job updated: 515292
	282  -  MemoryUsage of job (MB)
	288052  -  ResidentSetSize of job (KB)
...
006 (15949295.361.000) 2026-02-11 16:13:19 Image size of job updated: 515292
	295  -  MemoryUsage of job (MB)
	301748  -  ResidentSetSize of job (KB)
...
006 (15949295.361.000) 2026-02-11 16:18:19 Image size of job updated: 515292
	297  -  MemoryUsage of job (MB)
	303724  -  ResidentSetSize of job (KB)
...
006 (15949295.361.000) 2026-02-11 16:23:19 Image size of job updated: 515292
	299  -  MemoryUsage of job (MB)
	306012  -  ResidentSetSize of job (KB)
...
006 (15949295.361.000) 2026-02-11 16:28:20 Image size of job updated: 515292
	300  -  MemoryUsage of job (MB)
	306356  -  ResidentSetSize of job (KB)
...
006 (15949295.361.000) 2026-02-11 16:33:20 Image size of job updated: 515292
	301  -  MemoryUsage of job (MB)
	307676  -  ResidentSetSize of job (KB)
...
006 (15949295.361.000) 2026-02-11 16:38:20 Image size of job updated: 515292
	311  -  MemoryUsage of job (MB)
	317944  -  ResidentSetSize of job (KB)
...
006 (15949295.361.000) 2026-02-11 16:43:21 Image size of job updated: 515292
	319  -  MemoryUsage of job (MB)
	326072  -  ResidentSetSize of job (KB)
...
006 (15949295.361.000) 2026-02-11 16:48:21 Image size of job updated: 515292
	331  -  MemoryUsage of job (MB)
	338680  -  ResidentSetSize of job (KB)
...
006 (15949295.361.000) 2026-02-11 16:53:21 Image size of job updated: 515292
	332  -  MemoryUsage of job (MB)
	339112  -  ResidentSetSize of job (KB)
...
006 (15949295.361.000) 2026-02-11 16:58:22 Image size of job updated: 515292
	345  -  MemoryUsage of job (MB)
	352672  -  ResidentSetSize of job (KB)
...
006 (15949295.361.000) 2026-02-11 17:03:22 Image size of job updated: 515292
	346  -  MemoryUsage of job (MB)
	354036  -  ResidentSetSize of job (KB)
...
006 (15949295.361.000) 2026-02-11 17:08:22 Image size of job updated: 515292
	349  -  MemoryUsage of job (MB)
	356964  -  ResidentSetSize of job (KB)
...
006 (15949295.361.000) 2026-02-11 17:13:23 Image size of job updated: 515292
	362  -  MemoryUsage of job (MB)
	369680  -  ResidentSetSize of job (KB)
...
006 (15949295.361.000) 2026-02-11 17:48:26 Image size of job updated: 515292
	371  -  MemoryUsage of job (MB)
	379020  -  ResidentSetSize of job (KB)
...
006 (15949295.361.000) 2026-02-11 17:53:26 Image size of job updated: 515292
	371  -  MemoryUsage of job (MB)
	379084  -  ResidentSetSize of job (KB)
...
006 (15949295.361.000) 2026-02-11 17:58:27 Image size of job updated: 515292
	377  -  MemoryUsage of job (MB)
	385068  -  ResidentSetSize of job (KB)
...
006 (15949295.361.000) 2026-02-11 18:03:28 Image size of job updated: 515292
	377  -  MemoryUsage of job (MB)
	385092  -  ResidentSetSize of job (KB)
...
006 (15949295.361.000) 2026-02-11 18:08:28 Image size of job updated: 515292
	377  -  MemoryUsage of job (MB)
	385324  -  ResidentSetSize of job (KB)
...
006 (15949295.361.000) 2026-02-11 18:13:29 Image size of job updated: 515292
	381  -  MemoryUsage of job (MB)
	389184  -  ResidentSetSize of job (KB)
...
006 (15949295.361.000) 2026-02-11 18:18:30 Image size of job updated: 515292
	381  -  MemoryUsage of job (MB)
	389320  -  ResidentSetSize of job (KB)
...
006 (15949295.361.000) 2026-02-11 18:23:30 Image size of job updated: 515292
	397  -  MemoryUsage of job (MB)
	406336  -  ResidentSetSize of job (KB)
...
006 (15949295.361.000) 2026-02-11 18:28:31 Image size of job updated: 515292
	401  -  MemoryUsage of job (MB)
	410424  -  ResidentSetSize of job (KB)
...
006 (15949295.361.000) 2026-02-11 19:18:35 Image size of job updated: 515292
	402  -  MemoryUsage of job (MB)
	410680  -  ResidentSetSize of job (KB)
...
006 (15949295.361.000) 2026-02-11 19:53:40 Image size of job updated: 515292
	402  -  MemoryUsage of job (MB)
	410688  -  ResidentSetSize of job (KB)
...
006 (15949295.361.000) 2026-02-11 19:58:40 Image size of job updated: 515292
	402  -  MemoryUsage of job (MB)
	410720  -  ResidentSetSize of job (KB)
...
006 (15949295.361.000) 2026-02-11 20:03:41 Image size of job updated: 515292
	402  -  MemoryUsage of job (MB)
	410936  -  ResidentSetSize of job (KB)
...
006 (15949295.361.000) 2026-02-11 20:18:43 Image size of job updated: 515292
	404  -  MemoryUsage of job (MB)
	413420  -  ResidentSetSize of job (KB)
...
006 (15949295.361.000) 2026-02-11 20:23:44 Image size of job updated: 515292
	405  -  MemoryUsage of job (MB)
	414204  -  ResidentSetSize of job (KB)
...
006 (15949295.361.000) 2026-02-11 21:28:49 Image size of job updated: 515292
	405  -  MemoryUsage of job (MB)
	414232  -  ResidentSetSize of job (KB)
...
006 (15949295.361.000) 2026-02-11 21:33:49 Image size of job updated: 515292
	405  -  MemoryUsage of job (MB)
	414460  -  ResidentSetSize of job (KB)
...
006 (15949295.361.000) 2026-02-11 22:59:00 Image size of job updated: 515292
	405  -  MemoryUsage of job (MB)
	414488  -  ResidentSetSize of job (KB)
...
006 (15949295.361.000) 2026-02-11 23:04:00 Image size of job updated: 515292
	405  -  MemoryUsage of job (MB)
	414716  -  ResidentSetSize of job (KB)
...
006 (15949295.361.000) 2026-02-11 23:19:01 Image size of job updated: 515292
	418  -  MemoryUsage of job (MB)
	427532  -  ResidentSetSize of job (KB)
...
006 (15949295.361.000) 2026-02-11 23:24:02 Image size of job updated: 515292
	427  -  MemoryUsage of job (MB)
	436292  -  ResidentSetSize of job (KB)
...
006 (15949295.361.000) 2026-02-11 23:39:04 Image size of job updated: 515292
	427  -  MemoryUsage of job (MB)
	436396  -  ResidentSetSize of job (KB)
...
006 (15949295.361.000) 2026-02-12 00:14:07 Image size of job updated: 515292
	427  -  MemoryUsage of job (MB)
	436428  -  ResidentSetSize of job (KB)
...
006 (15949295.361.000) 2026-02-12 00:49:11 Image size of job updated: 515292
	427  -  MemoryUsage of job (MB)
	436604  -  ResidentSetSize of job (KB)
...
006 (15949295.361.000) 2026-02-12 01:54:17 Image size of job updated: 515292
	427  -  MemoryUsage of job (MB)
	436884  -  ResidentSetSize of job (KB)
...
006 (15949295.361.000) 2026-02-12 02:44:22 Image size of job updated: 515292
	427  -  MemoryUsage of job (MB)
	436916  -  ResidentSetSize of job (KB)
...
006 (15949295.361.000) 2026-02-12 03:39:27 Image size of job updated: 515292
	427  -  MemoryUsage of job (MB)
	436928  -  ResidentSetSize of job (KB)
...
006 (15949295.361.000) 2026-02-12 03:44:27 Image size of job updated: 515292
	427  -  MemoryUsage of job (MB)
	436980  -  ResidentSetSize of job (KB)
...
006 (15949295.361.000) 2026-02-12 04:14:30 Image size of job updated: 515292
	427  -  MemoryUsage of job (MB)
	437004  -  ResidentSetSize of job (KB)
...
006 (15949295.361.000) 2026-02-12 04:29:32 Image size of job updated: 515292
	427  -  MemoryUsage of job (MB)
	437236  -  ResidentSetSize of job (KB)
...
006 (15949295.361.000) 2026-02-12 04:59:35 Image size of job updated: 515292
	427  -  MemoryUsage of job (MB)
	437248  -  ResidentSetSize of job (KB)
...
006 (15949295.361.000) 2026-02-12 05:54:40 Image size of job updated: 515292
	428  -  MemoryUsage of job (MB)
	437284  -  ResidentSetSize of job (KB)
...
006 (15949295.361.000) 2026-02-12 06:14:42 Image size of job updated: 515292
	428  -  MemoryUsage of job (MB)
	437344  -  ResidentSetSize of job (KB)
...
006 (15949295.361.000) 2026-02-12 06:54:45 Image size of job updated: 515292
	428  -  MemoryUsage of job (MB)
	437556  -  ResidentSetSize of job (KB)
...
006 (15949295.361.000) 2026-02-12 07:54:51 Image size of job updated: 515292
	428  -  MemoryUsage of job (MB)
	437812  -  ResidentSetSize of job (KB)
...
