000 (15756408.526.000) 2026-02-06 11:26:58 Job submitted from host: <141.34.103.35:9618?addrs=141.34.103.35-9618+[2001-638-700-f067--1-23]-9618&alias=wgs39.zeuthen.desy.de&noUDP&sock=schedd_7414_f73f>
...
009 (15756408.526.000) 2026-02-10 11:47:34 Job was aborted.
	via condor_rm (by user tuccia)
...
000 (15951004.351.000) 2026-02-10 16:30:03 Job submitted from host: <141.34.103.35:9618?addrs=141.34.103.35-9618+[2001-638-700-f067--1-23]-9618&alias=wgs39.zeuthen.desy.de&noUDP&sock=schedd_7302_24a3>
...
001 (15951004.351.000) 2026-02-10 18:29:52 Job executing on host: <141.34.15.222:9618?addrs=141.34.15.222-9618+[2001-638-700-f00f--1-de]-9618&alias=pizza30.zeuthen.desy.de&noUDP&sock=startd_8310_8c1a>
	SlotName: slot1_9@pizza30.zeuthen.desy.de
	CondorScratchDir = "/batch/dir_481512"
	Cpus = 1
	Disk = 1025696
	GPUs = 0
	Memory = 5120
...
006 (15951004.351.000) 2026-02-10 18:30:06 Image size of job updated: 91472
	90  -  MemoryUsage of job (MB)
	91472  -  ResidentSetSize of job (KB)
...
006 (15951004.351.000) 2026-02-10 18:35:07 Image size of job updated: 515228
	279  -  MemoryUsage of job (MB)
	284952  -  ResidentSetSize of job (KB)
...
006 (15951004.351.000) 2026-02-10 18:40:07 Image size of job updated: 515228
	279  -  MemoryUsage of job (MB)
	285428  -  ResidentSetSize of job (KB)
...
006 (15951004.351.000) 2026-02-10 18:45:07 Image size of job updated: 515228
	280  -  MemoryUsage of job (MB)
	285936  -  ResidentSetSize of job (KB)
...
006 (15951004.351.000) 2026-02-10 18:50:08 Image size of job updated: 515228
	280  -  MemoryUsage of job (MB)
	286444  -  ResidentSetSize of job (KB)
...
006 (15951004.351.000) 2026-02-10 18:55:08 Image size of job updated: 515228
	281  -  MemoryUsage of job (MB)
	286956  -  ResidentSetSize of job (KB)
...
006 (15951004.351.000) 2026-02-10 19:00:08 Image size of job updated: 515228
	281  -  MemoryUsage of job (MB)
	287420  -  ResidentSetSize of job (KB)
...
006 (15951004.351.000) 2026-02-10 19:05:09 Image size of job updated: 515228
	282  -  MemoryUsage of job (MB)
	287844  -  ResidentSetSize of job (KB)
...
006 (15951004.351.000) 2026-02-10 19:10:09 Image size of job updated: 515228
	299  -  MemoryUsage of job (MB)
	305964  -  ResidentSetSize of job (KB)
...
006 (15951004.351.000) 2026-02-10 19:45:11 Image size of job updated: 515228
	302  -  MemoryUsage of job (MB)
	308616  -  ResidentSetSize of job (KB)
...
006 (15951004.351.000) 2026-02-10 20:20:14 Image size of job updated: 515228
	302  -  MemoryUsage of job (MB)
	309216  -  ResidentSetSize of job (KB)
...
006 (15951004.351.000) 2026-02-10 20:55:16 Image size of job updated: 515228
	303  -  MemoryUsage of job (MB)
	309764  -  ResidentSetSize of job (KB)
...
006 (15951004.351.000) 2026-02-10 21:25:18 Image size of job updated: 515228
	304  -  MemoryUsage of job (MB)
	310320  -  ResidentSetSize of job (KB)
...
006 (15951004.351.000) 2026-02-10 22:00:20 Image size of job updated: 515228
	304  -  MemoryUsage of job (MB)
	310600  -  ResidentSetSize of job (KB)
...
006 (15951004.351.000) 2026-02-10 22:35:24 Image size of job updated: 515228
	304  -  MemoryUsage of job (MB)
	311128  -  ResidentSetSize of job (KB)
...
006 (15951004.351.000) 2026-02-10 23:05:28 Image size of job updated: 515228
	305  -  MemoryUsage of job (MB)
	311428  -  ResidentSetSize of job (KB)
...
006 (15951004.351.000) 2026-02-10 23:35:32 Image size of job updated: 515228
	305  -  MemoryUsage of job (MB)
	311480  -  ResidentSetSize of job (KB)
...
006 (15951004.351.000) 2026-02-10 23:40:33 Image size of job updated: 515228
	305  -  MemoryUsage of job (MB)
	311856  -  ResidentSetSize of job (KB)
...
006 (15951004.351.000) 2026-02-11 00:10:35 Image size of job updated: 515228
	305  -  MemoryUsage of job (MB)
	312176  -  ResidentSetSize of job (KB)
...
006 (15951004.351.000) 2026-02-11 00:45:39 Image size of job updated: 515228
	306  -  MemoryUsage of job (MB)
	312636  -  ResidentSetSize of job (KB)
...
006 (15951004.351.000) 2026-02-11 01:20:43 Image size of job updated: 515228
	306  -  MemoryUsage of job (MB)
	312936  -  ResidentSetSize of job (KB)
...
006 (15951004.351.000) 2026-02-11 01:50:46 Image size of job updated: 515228
	306  -  MemoryUsage of job (MB)
	313220  -  ResidentSetSize of job (KB)
...
006 (15951004.351.000) 2026-02-11 02:25:49 Image size of job updated: 515228
	306  -  MemoryUsage of job (MB)
	313256  -  ResidentSetSize of job (KB)
...
006 (15951004.351.000) 2026-02-11 03:00:52 Image size of job updated: 515228
	307  -  MemoryUsage of job (MB)
	313548  -  ResidentSetSize of job (KB)
...
006 (15951004.351.000) 2026-02-11 03:30:54 Image size of job updated: 515228
	307  -  MemoryUsage of job (MB)
	313852  -  ResidentSetSize of job (KB)
...
006 (15951004.351.000) 2026-02-11 04:05:56 Image size of job updated: 515228
	307  -  MemoryUsage of job (MB)
	314132  -  ResidentSetSize of job (KB)
...
006 (15951004.351.000) 2026-02-11 04:40:59 Image size of job updated: 515228
	308  -  MemoryUsage of job (MB)
	314436  -  ResidentSetSize of job (KB)
...
006 (15951004.351.000) 2026-02-11 05:21:04 Image size of job updated: 515228
	308  -  MemoryUsage of job (MB)
	314736  -  ResidentSetSize of job (KB)
...
006 (15951004.351.000) 2026-02-11 05:56:09 Image size of job updated: 515228
	308  -  MemoryUsage of job (MB)
	315024  -  ResidentSetSize of job (KB)
...
006 (15951004.351.000) 2026-02-11 08:31:29 Image size of job updated: 515228
	308  -  MemoryUsage of job (MB)
	315236  -  ResidentSetSize of job (KB)
...
006 (15951004.351.000) 2026-02-11 09:11:33 Image size of job updated: 515228
	309  -  MemoryUsage of job (MB)
	315496  -  ResidentSetSize of job (KB)
...
006 (15951004.351.000) 2026-02-11 09:46:35 Image size of job updated: 515228
	309  -  MemoryUsage of job (MB)
	315752  -  ResidentSetSize of job (KB)
...
006 (15951004.351.000) 2026-02-11 10:26:39 Image size of job updated: 515228
	309  -  MemoryUsage of job (MB)
	316072  -  ResidentSetSize of job (KB)
...
006 (15951004.351.000) 2026-02-11 11:06:43 Image size of job updated: 515228
	309  -  MemoryUsage of job (MB)
	316336  -  ResidentSetSize of job (KB)
...
004 (15951004.351.000) 2026-02-11 11:11:58 Job was evicted.
	(0) CPU times
		Usr 0 16:29:50, Sys 0 00:00:06  -  Run Remote Usage
		Usr 0 00:00:00, Sys 0 00:00:00  -  Run Local Usage
	0  -  Run Bytes Sent By Job
	0  -  Run Bytes Received By Job
	Partitionable Resources :    Usage  Request Allocated 
	   Cpus                 :     0.99        1         1 
	   Disk (KB)            :     1     1024000   1025696 
	   GPUs                 :                           0 
	   Memory (MB)          :   309        5120      5120 
	   TimeExecute (s)      : 60124                       
	   TimeSlotBusy (s)     : 60125                       
...
009 (15951004.351.000) 2026-02-11 11:11:58 Job was aborted.
	via condor_rm (by user tuccia)
...
000 (15988842.351.000) 2026-02-11 11:12:47 Job submitted from host: <141.34.103.35:9618?addrs=141.34.103.35-9618+[2001-638-700-f067--1-23]-9618&alias=wgs39.zeuthen.desy.de&noUDP&sock=schedd_7302_24a3>
...
001 (15988842.351.000) 2026-02-11 11:36:54 Job executing on host: <141.34.15.177:9618?addrs=141.34.15.177-9618+[2001-638-700-f00f--1-b1]-9618&alias=genoa02.zeuthen.desy.de&noUDP&sock=startd_9554_d3eb>
	SlotName: slot1_22@genoa02.zeuthen.desy.de
	CondorScratchDir = "/batch/dir_3484174"
	Cpus = 1
	Disk = 1025697
	GPUs = 0
	Memory = 5120
...
006 (15988842.351.000) 2026-02-11 11:37:08 Image size of job updated: 89436
	88  -  MemoryUsage of job (MB)
	89436  -  ResidentSetSize of job (KB)
...
006 (15988842.351.000) 2026-02-11 11:42:09 Image size of job updated: 414928
	294  -  MemoryUsage of job (MB)
	300908  -  ResidentSetSize of job (KB)
...
006 (15988842.351.000) 2026-02-11 11:47:10 Image size of job updated: 414928
	295  -  MemoryUsage of job (MB)
	301428  -  ResidentSetSize of job (KB)
...
006 (15988842.351.000) 2026-02-11 11:52:10 Image size of job updated: 414928
	295  -  MemoryUsage of job (MB)
	301976  -  ResidentSetSize of job (KB)
...
006 (15988842.351.000) 2026-02-11 11:57:11 Image size of job updated: 414928
	296  -  MemoryUsage of job (MB)
	302524  -  ResidentSetSize of job (KB)
...
006 (15988842.351.000) 2026-02-11 12:02:11 Image size of job updated: 414928
	296  -  MemoryUsage of job (MB)
	303032  -  ResidentSetSize of job (KB)
...
006 (15988842.351.000) 2026-02-11 12:07:11 Image size of job updated: 414928
	297  -  MemoryUsage of job (MB)
	303528  -  ResidentSetSize of job (KB)
...
006 (15988842.351.000) 2026-02-11 12:12:12 Image size of job updated: 414928
	314  -  MemoryUsage of job (MB)
	320748  -  ResidentSetSize of job (KB)
...
006 (15988842.351.000) 2026-02-11 12:22:13 Image size of job updated: 414928
	314  -  MemoryUsage of job (MB)
	320884  -  ResidentSetSize of job (KB)
...
006 (15988842.351.000) 2026-02-11 12:47:15 Image size of job updated: 414928
	317  -  MemoryUsage of job (MB)
	323916  -  ResidentSetSize of job (KB)
...
006 (15988842.351.000) 2026-02-11 13:17:18 Image size of job updated: 414928
	317  -  MemoryUsage of job (MB)
	324512  -  ResidentSetSize of job (KB)
...
006 (15988842.351.000) 2026-02-11 13:47:20 Image size of job updated: 414928
	318  -  MemoryUsage of job (MB)
	325068  -  ResidentSetSize of job (KB)
...
006 (15988842.351.000) 2026-02-11 14:22:24 Image size of job updated: 414928
	318  -  MemoryUsage of job (MB)
	325368  -  ResidentSetSize of job (KB)
...
006 (15988842.351.000) 2026-02-11 14:57:27 Image size of job updated: 414928
	319  -  MemoryUsage of job (MB)
	325904  -  ResidentSetSize of job (KB)
...
006 (15988842.351.000) 2026-02-11 15:32:31 Image size of job updated: 414928
	319  -  MemoryUsage of job (MB)
	326424  -  ResidentSetSize of job (KB)
...
006 (15988842.351.000) 2026-02-11 16:02:34 Image size of job updated: 414928
	320  -  MemoryUsage of job (MB)
	326968  -  ResidentSetSize of job (KB)
...
006 (15988842.351.000) 2026-02-11 16:32:37 Image size of job updated: 414928
	320  -  MemoryUsage of job (MB)
	327248  -  ResidentSetSize of job (KB)
...
006 (15988842.351.000) 2026-02-11 17:02:39 Image size of job updated: 414928
	321  -  MemoryUsage of job (MB)
	327712  -  ResidentSetSize of job (KB)
...
006 (15988842.351.000) 2026-02-11 17:32:42 Image size of job updated: 414928
	321  -  MemoryUsage of job (MB)
	328184  -  ResidentSetSize of job (KB)
...
006 (15988842.351.000) 2026-02-11 18:02:45 Image size of job updated: 414928
	321  -  MemoryUsage of job (MB)
	328228  -  ResidentSetSize of job (KB)
...
006 (15988842.351.000) 2026-02-11 18:32:49 Image size of job updated: 414928
	321  -  MemoryUsage of job (MB)
	328512  -  ResidentSetSize of job (KB)
...
006 (15988842.351.000) 2026-02-11 19:07:52 Image size of job updated: 414928
	322  -  MemoryUsage of job (MB)
	328808  -  ResidentSetSize of job (KB)
...
006 (15988842.351.000) 2026-02-11 19:37:55 Image size of job updated: 414928
	322  -  MemoryUsage of job (MB)
	329088  -  ResidentSetSize of job (KB)
...
006 (15988842.351.000) 2026-02-11 20:07:58 Image size of job updated: 414928
	322  -  MemoryUsage of job (MB)
	329396  -  ResidentSetSize of job (KB)
...
006 (15988842.351.000) 2026-02-11 20:38:01 Image size of job updated: 414928
	322  -  MemoryUsage of job (MB)
	329676  -  ResidentSetSize of job (KB)
...
006 (15988842.351.000) 2026-02-11 21:13:05 Image size of job updated: 414928
	323  -  MemoryUsage of job (MB)
	329976  -  ResidentSetSize of job (KB)
...
006 (15988842.351.000) 2026-02-11 21:43:08 Image size of job updated: 414928
	323  -  MemoryUsage of job (MB)
	330024  -  ResidentSetSize of job (KB)
...
006 (15988842.351.000) 2026-02-11 22:18:12 Image size of job updated: 414928
	323  -  MemoryUsage of job (MB)
	330312  -  ResidentSetSize of job (KB)
...
006 (15988842.351.000) 2026-02-11 22:48:15 Image size of job updated: 414928
	323  -  MemoryUsage of job (MB)
	330604  -  ResidentSetSize of job (KB)
...
006 (15988842.351.000) 2026-02-11 23:18:18 Image size of job updated: 414928
	324  -  MemoryUsage of job (MB)
	330776  -  ResidentSetSize of job (KB)
...
006 (15988842.351.000) 2026-02-11 23:48:21 Image size of job updated: 414928
	324  -  MemoryUsage of job (MB)
	331032  -  ResidentSetSize of job (KB)
...
006 (15988842.351.000) 2026-02-12 00:23:24 Image size of job updated: 414928
	324  -  MemoryUsage of job (MB)
	331288  -  ResidentSetSize of job (KB)
...
006 (15988842.351.000) 2026-02-12 00:53:27 Image size of job updated: 414928
	324  -  MemoryUsage of job (MB)
	331548  -  ResidentSetSize of job (KB)
...
006 (15988842.351.000) 2026-02-12 01:28:30 Image size of job updated: 414928
	325  -  MemoryUsage of job (MB)
	332060  -  ResidentSetSize of job (KB)
...
006 (15988842.351.000) 2026-02-12 01:58:33 Image size of job updated: 414928
	325  -  MemoryUsage of job (MB)
	332324  -  ResidentSetSize of job (KB)
...
006 (15988842.351.000) 2026-02-12 02:28:35 Image size of job updated: 414928
	325  -  MemoryUsage of job (MB)
	332624  -  ResidentSetSize of job (KB)
...
006 (15988842.351.000) 2026-02-12 03:03:39 Image size of job updated: 414928
	326  -  MemoryUsage of job (MB)
	332896  -  ResidentSetSize of job (KB)
...
006 (15988842.351.000) 2026-02-12 03:33:42 Image size of job updated: 414928
	326  -  MemoryUsage of job (MB)
	333160  -  ResidentSetSize of job (KB)
...
006 (15988842.351.000) 2026-02-12 04:03:45 Image size of job updated: 414928
	326  -  MemoryUsage of job (MB)
	333436  -  ResidentSetSize of job (KB)
...
006 (15988842.351.000) 2026-02-12 04:33:48 Image size of job updated: 414928
	326  -  MemoryUsage of job (MB)
	333712  -  ResidentSetSize of job (KB)
...
006 (15988842.351.000) 2026-02-12 05:03:50 Image size of job updated: 414928
	327  -  MemoryUsage of job (MB)
	333988  -  ResidentSetSize of job (KB)
...
006 (15988842.351.000) 2026-02-12 05:33:53 Image size of job updated: 414928
	327  -  MemoryUsage of job (MB)
	334268  -  ResidentSetSize of job (KB)
...
006 (15988842.351.000) 2026-02-12 06:03:56 Image size of job updated: 414928
	327  -  MemoryUsage of job (MB)
	334568  -  ResidentSetSize of job (KB)
...
006 (15988842.351.000) 2026-02-12 06:33:59 Image size of job updated: 414928
	328  -  MemoryUsage of job (MB)
	334852  -  ResidentSetSize of job (KB)
...
006 (15988842.351.000) 2026-02-12 07:04:01 Image size of job updated: 414928
	328  -  MemoryUsage of job (MB)
	335184  -  ResidentSetSize of job (KB)
...
006 (15988842.351.000) 2026-02-12 07:34:04 Image size of job updated: 414928
	328  -  MemoryUsage of job (MB)
	335216  -  ResidentSetSize of job (KB)
...
006 (15988842.351.000) 2026-02-12 08:04:08 Image size of job updated: 414928
	328  -  MemoryUsage of job (MB)
	335520  -  ResidentSetSize of job (KB)
...
006 (15988842.351.000) 2026-02-12 08:34:11 Image size of job updated: 414928
	328  -  MemoryUsage of job (MB)
	335804  -  ResidentSetSize of job (KB)
...
006 (15988842.351.000) 2026-02-12 09:04:14 Image size of job updated: 414928
	329  -  MemoryUsage of job (MB)
	336100  -  ResidentSetSize of job (KB)
...
006 (15988842.351.000) 2026-02-12 09:34:17 Image size of job updated: 414928
	329  -  MemoryUsage of job (MB)
	336384  -  ResidentSetSize of job (KB)
...
006 (15988842.351.000) 2026-02-12 10:04:20 Image size of job updated: 414928
	329  -  MemoryUsage of job (MB)
	336772  -  ResidentSetSize of job (KB)
...
006 (15988842.351.000) 2026-02-12 10:34:22 Image size of job updated: 414928
	330  -  MemoryUsage of job (MB)
	337060  -  ResidentSetSize of job (KB)
...
