000 (15756408.384.000) 2026-02-06 11:26:57 Job submitted from host: <141.34.103.35:9618?addrs=141.34.103.35-9618+[2001-638-700-f067--1-23]-9618&alias=wgs39.zeuthen.desy.de&noUDP&sock=schedd_7414_f73f>
...
001 (15756408.384.000) 2026-02-10 11:44:00 Job executing on host: <141.34.15.200:9618?addrs=141.34.15.200-9618+[2001-638-700-f00f--1-c8]-9618&alias=pizza02.zeuthen.desy.de&noUDP&sock=startd_8244_46da>
	SlotName: slot1_7@pizza02.zeuthen.desy.de
	CondorScratchDir = "/batch/dir_1403979"
	Cpus = 8
	Disk = 1025696
	GPUs = 0
	Memory = 16384
...
006 (15756408.384.000) 2026-02-10 11:44:14 Image size of job updated: 91488
	90  -  MemoryUsage of job (MB)
	91488  -  ResidentSetSize of job (KB)
...
006 (15756408.384.000) 2026-02-10 11:47:34 Image size of job updated: 473800
	90  -  MemoryUsage of job (MB)
	91488  -  ResidentSetSize of job (KB)
...
004 (15756408.384.000) 2026-02-10 11:47:34 Job was evicted.
	(0) CPU times
		Usr 0 00:06:40, Sys 0 00:00:19  -  Run Remote Usage
		Usr 0 00:00:00, Sys 0 00:00:00  -  Run Local Usage
	0  -  Run Bytes Sent By Job
	0  -  Run Bytes Received By Job
	Partitionable Resources :    Usage  Request Allocated 
	   Cpus                 :        0        8         8 
	   Disk (KB)            :        1  1024000   1025696 
	   GPUs                 :                           0 
	   Memory (MB)          :       90    16384     16384 
	   TimeExecute (s)      :      213                    
	   TimeSlotBusy (s)     :      214                    
...
009 (15756408.384.000) 2026-02-10 11:47:34 Job was aborted.
	via condor_rm (by user tuccia)
...
000 (15951004.256.000) 2026-02-10 16:30:03 Job submitted from host: <141.34.103.35:9618?addrs=141.34.103.35-9618+[2001-638-700-f067--1-23]-9618&alias=wgs39.zeuthen.desy.de&noUDP&sock=schedd_7302_24a3>
...
001 (15951004.256.000) 2026-02-10 18:27:50 Job executing on host: <141.34.15.62:9618?addrs=141.34.15.62-9618+[2001-638-700-f00f--1-3e]-9618&alias=bladej7.zeuthen.desy.de&noUDP&sock=startd_9466_7795>
	SlotName: slot1_8@bladej7.zeuthen.desy.de
	CondorScratchDir = "/batch/dir_544060"
	Cpus = 1
	Disk = 1025024
	GPUs = 0
	Memory = 5120
...
006 (15951004.256.000) 2026-02-10 18:28:03 Image size of job updated: 89288
	88  -  MemoryUsage of job (MB)
	89288  -  ResidentSetSize of job (KB)
...
006 (15951004.256.000) 2026-02-10 18:33:03 Image size of job updated: 230916
	226  -  MemoryUsage of job (MB)
	230916  -  ResidentSetSize of job (KB)
...
006 (15951004.256.000) 2026-02-10 18:38:04 Image size of job updated: 231156
	226  -  MemoryUsage of job (MB)
	231156  -  ResidentSetSize of job (KB)
...
006 (15951004.256.000) 2026-02-10 18:43:04 Image size of job updated: 231216
	226  -  MemoryUsage of job (MB)
	231216  -  ResidentSetSize of job (KB)
...
006 (15951004.256.000) 2026-02-10 19:23:09 Image size of job updated: 231244
	226  -  MemoryUsage of job (MB)
	231244  -  ResidentSetSize of job (KB)
...
006 (15951004.256.000) 2026-02-10 19:38:10 Image size of job updated: 231468
	227  -  MemoryUsage of job (MB)
	231468  -  ResidentSetSize of job (KB)
...
006 (15951004.256.000) 2026-02-10 21:38:22 Image size of job updated: 231500
	227  -  MemoryUsage of job (MB)
	231500  -  ResidentSetSize of job (KB)
...
006 (15951004.256.000) 2026-02-10 22:18:26 Image size of job updated: 231520
	227  -  MemoryUsage of job (MB)
	231520  -  ResidentSetSize of job (KB)
...
006 (15951004.256.000) 2026-02-10 22:23:26 Image size of job updated: 231620
	227  -  MemoryUsage of job (MB)
	231620  -  ResidentSetSize of job (KB)
...
006 (15951004.256.000) 2026-02-10 22:38:27 Image size of job updated: 231628
	227  -  MemoryUsage of job (MB)
	231628  -  ResidentSetSize of job (KB)
...
006 (15951004.256.000) 2026-02-11 00:53:40 Image size of job updated: 231632
	227  -  MemoryUsage of job (MB)
	231632  -  ResidentSetSize of job (KB)
...
006 (15951004.256.000) 2026-02-11 00:58:40 Image size of job updated: 231664
	227  -  MemoryUsage of job (MB)
	231664  -  ResidentSetSize of job (KB)
...
006 (15951004.256.000) 2026-02-11 02:08:48 Image size of job updated: 231692
	227  -  MemoryUsage of job (MB)
	231692  -  ResidentSetSize of job (KB)
...
006 (15951004.256.000) 2026-02-11 02:13:49 Image size of job updated: 231748
	227  -  MemoryUsage of job (MB)
	231748  -  ResidentSetSize of job (KB)
...
006 (15951004.256.000) 2026-02-11 02:23:49 Image size of job updated: 231836
	227  -  MemoryUsage of job (MB)
	231836  -  ResidentSetSize of job (KB)
...
006 (15951004.256.000) 2026-02-11 03:28:54 Image size of job updated: 231992
	227  -  MemoryUsage of job (MB)
	231992  -  ResidentSetSize of job (KB)
...
006 (15951004.256.000) 2026-02-11 06:29:12 Image size of job updated: 232148
	227  -  MemoryUsage of job (MB)
	232148  -  ResidentSetSize of job (KB)
...
006 (15951004.256.000) 2026-02-11 06:39:14 Image size of job updated: 232460
	228  -  MemoryUsage of job (MB)
	232460  -  ResidentSetSize of job (KB)
...
004 (15951004.256.000) 2026-02-11 11:11:57 Job was evicted.
	(0) CPU times
		Usr 0 16:39:34, Sys 0 00:00:03  -  Run Remote Usage
		Usr 0 00:00:00, Sys 0 00:00:00  -  Run Local Usage
	0  -  Run Bytes Sent By Job
	0  -  Run Bytes Received By Job
	Partitionable Resources :    Usage  Request Allocated 
	   Cpus                 :        0        1         1 
	   Disk (KB)            :        1  1024000   1025024 
	   GPUs                 :                           0 
	   Memory (MB)          :      228     5120      5120 
	   TimeExecute (s)      :    60246                    
	   TimeSlotBusy (s)     :    60247                    
...
009 (15951004.256.000) 2026-02-11 11:11:58 Job was aborted.
	via condor_rm (by user tuccia)
...
000 (15988842.256.000) 2026-02-11 11:12:47 Job submitted from host: <141.34.103.35:9618?addrs=141.34.103.35-9618+[2001-638-700-f067--1-23]-9618&alias=wgs39.zeuthen.desy.de&noUDP&sock=schedd_7302_24a3>
...
001 (15988842.256.000) 2026-02-11 11:33:27 Job executing on host: <141.34.15.177:9618?addrs=141.34.15.177-9618+[2001-638-700-f00f--1-b1]-9618&alias=genoa02.zeuthen.desy.de&noUDP&sock=startd_9554_d3eb>
	SlotName: slot1_48@genoa02.zeuthen.desy.de
	CondorScratchDir = "/batch/dir_3476564"
	Cpus = 1
	Disk = 1025697
	GPUs = 0
	Memory = 5120
...
006 (15988842.256.000) 2026-02-11 11:33:41 Image size of job updated: 89444
	88  -  MemoryUsage of job (MB)
	89444  -  ResidentSetSize of job (KB)
...
006 (15988842.256.000) 2026-02-11 11:38:42 Image size of job updated: 412272
	230  -  MemoryUsage of job (MB)
	235432  -  ResidentSetSize of job (KB)
...
006 (15988842.256.000) 2026-02-11 11:43:42 Image size of job updated: 412272
	230  -  MemoryUsage of job (MB)
	235460  -  ResidentSetSize of job (KB)
...
006 (15988842.256.000) 2026-02-11 11:48:42 Image size of job updated: 412272
	230  -  MemoryUsage of job (MB)
	235488  -  ResidentSetSize of job (KB)
...
006 (15988842.256.000) 2026-02-11 11:58:43 Image size of job updated: 412272
	233  -  MemoryUsage of job (MB)
	237588  -  ResidentSetSize of job (KB)
...
006 (15988842.256.000) 2026-02-11 12:38:47 Image size of job updated: 412272
	233  -  MemoryUsage of job (MB)
	237668  -  ResidentSetSize of job (KB)
...
006 (15988842.256.000) 2026-02-11 14:03:56 Image size of job updated: 412272
	233  -  MemoryUsage of job (MB)
	237700  -  ResidentSetSize of job (KB)
...
006 (15988842.256.000) 2026-02-11 14:54:00 Image size of job updated: 412272
	233  -  MemoryUsage of job (MB)
	237732  -  ResidentSetSize of job (KB)
...
006 (15988842.256.000) 2026-02-11 14:59:00 Image size of job updated: 412272
	233  -  MemoryUsage of job (MB)
	237788  -  ResidentSetSize of job (KB)
...
006 (15988842.256.000) 2026-02-11 15:29:03 Image size of job updated: 412272
	233  -  MemoryUsage of job (MB)
	237816  -  ResidentSetSize of job (KB)
...
006 (15988842.256.000) 2026-02-11 16:49:11 Image size of job updated: 412272
	233  -  MemoryUsage of job (MB)
	237848  -  ResidentSetSize of job (KB)
...
006 (15988842.256.000) 2026-02-11 16:54:12 Image size of job updated: 412272
	233  -  MemoryUsage of job (MB)
	238004  -  ResidentSetSize of job (KB)
...
006 (15988842.256.000) 2026-02-11 18:19:20 Image size of job updated: 412272
	233  -  MemoryUsage of job (MB)
	238564  -  ResidentSetSize of job (KB)
...
006 (15988842.256.000) 2026-02-12 06:30:37 Image size of job updated: 412272
	234  -  MemoryUsage of job (MB)
	238720  -  ResidentSetSize of job (KB)
...
006 (15988842.256.000) 2026-02-12 06:40:38 Image size of job updated: 412272
	234  -  MemoryUsage of job (MB)
	238876  -  ResidentSetSize of job (KB)
...
006 (15988842.256.000) 2026-02-12 09:00:54 Image size of job updated: 412272
	234  -  MemoryUsage of job (MB)
	238908  -  ResidentSetSize of job (KB)
...
006 (15988842.256.000) 2026-02-12 09:05:54 Image size of job updated: 412272
	234  -  MemoryUsage of job (MB)
	238928  -  ResidentSetSize of job (KB)
...
006 (15988842.256.000) 2026-02-12 09:10:55 Image size of job updated: 412272
	234  -  MemoryUsage of job (MB)
	238956  -  ResidentSetSize of job (KB)
...
006 (15988842.256.000) 2026-02-12 09:15:55 Image size of job updated: 412272
	234  -  MemoryUsage of job (MB)
	239132  -  ResidentSetSize of job (KB)
...
006 (15988842.256.000) 2026-02-12 09:35:57 Image size of job updated: 412272
	234  -  MemoryUsage of job (MB)
	239344  -  ResidentSetSize of job (KB)
...
006 (15988842.256.000) 2026-02-12 09:40:57 Image size of job updated: 412272
	234  -  MemoryUsage of job (MB)
	239348  -  ResidentSetSize of job (KB)
...
006 (15988842.256.000) 2026-02-12 09:45:57 Image size of job updated: 412272
	234  -  MemoryUsage of job (MB)
	239356  -  ResidentSetSize of job (KB)
...
006 (15988842.256.000) 2026-02-12 09:50:58 Image size of job updated: 412272
	234  -  MemoryUsage of job (MB)
	239388  -  ResidentSetSize of job (KB)
...
006 (15988842.256.000) 2026-02-12 10:46:03 Image size of job updated: 412272
	234  -  MemoryUsage of job (MB)
	239412  -  ResidentSetSize of job (KB)
...
006 (15988842.256.000) 2026-02-12 10:51:04 Image size of job updated: 412272
	234  -  MemoryUsage of job (MB)
	239440  -  ResidentSetSize of job (KB)
...
006 (15988842.256.000) 2026-02-12 10:56:04 Image size of job updated: 412272
	235  -  MemoryUsage of job (MB)
	239644  -  ResidentSetSize of job (KB)
...
006 (15988842.256.000) 2026-02-12 11:56:10 Image size of job updated: 412272
	235  -  MemoryUsage of job (MB)
	239648  -  ResidentSetSize of job (KB)
...
006 (15988842.256.000) 2026-02-12 12:01:10 Image size of job updated: 412272
	235  -  MemoryUsage of job (MB)
	239688  -  ResidentSetSize of job (KB)
...
006 (15988842.256.000) 2026-02-12 12:06:11 Image size of job updated: 412272
	235  -  MemoryUsage of job (MB)
	239900  -  ResidentSetSize of job (KB)
...
006 (15988842.256.000) 2026-02-12 13:06:16 Image size of job updated: 412272
	235  -  MemoryUsage of job (MB)
	239904  -  ResidentSetSize of job (KB)
...
006 (15988842.256.000) 2026-02-12 13:11:16 Image size of job updated: 412272
	235  -  MemoryUsage of job (MB)
	240156  -  ResidentSetSize of job (KB)
...
006 (15988842.256.000) 2026-02-12 13:36:19 Image size of job updated: 412272
	235  -  MemoryUsage of job (MB)
	240168  -  ResidentSetSize of job (KB)
...
006 (15988842.256.000) 2026-02-12 13:41:19 Image size of job updated: 412272
	235  -  MemoryUsage of job (MB)
	240412  -  ResidentSetSize of job (KB)
...
006 (15988842.256.000) 2026-02-12 14:51:26 Image size of job updated: 412272
	235  -  MemoryUsage of job (MB)
	240452  -  ResidentSetSize of job (KB)
...
006 (15988842.256.000) 2026-02-12 14:56:26 Image size of job updated: 412272
	236  -  MemoryUsage of job (MB)
	240668  -  ResidentSetSize of job (KB)
...
006 (15988842.256.000) 2026-02-12 16:06:33 Image size of job updated: 412272
	236  -  MemoryUsage of job (MB)
	240684  -  ResidentSetSize of job (KB)
...
006 (15988842.256.000) 2026-02-12 16:11:33 Image size of job updated: 412272
	236  -  MemoryUsage of job (MB)
	240924  -  ResidentSetSize of job (KB)
...
006 (15988842.256.000) 2026-02-12 17:41:42 Image size of job updated: 412272
	236  -  MemoryUsage of job (MB)
	241080  -  ResidentSetSize of job (KB)
...
006 (15988842.256.000) 2026-02-12 20:01:56 Image size of job updated: 412272
	236  -  MemoryUsage of job (MB)
	241240  -  ResidentSetSize of job (KB)
...
006 (15988842.256.000) 2026-02-13 05:57:55 Image size of job updated: 412272
	236  -  MemoryUsage of job (MB)
	241244  -  ResidentSetSize of job (KB)
...
006 (15988842.256.000) 2026-02-13 07:13:02 Image size of job updated: 412272
	236  -  MemoryUsage of job (MB)
	241556  -  ResidentSetSize of job (KB)
...
006 (15988842.256.000) 2026-02-13 08:28:09 Image size of job updated: 412272
	236  -  MemoryUsage of job (MB)
	241584  -  ResidentSetSize of job (KB)
...
006 (15988842.256.000) 2026-02-13 08:33:09 Image size of job updated: 412272
	237  -  MemoryUsage of job (MB)
	241812  -  ResidentSetSize of job (KB)
...
021 (15988842.256.000) 2026-02-13 11:33:31 Error from starter on slot1_48@genoa02.zeuthen.desy.de:
	runtime exceeded maximum (target.Runtime seconds)
	Code 21 Subcode 103
...
004 (15988842.256.000) 2026-02-13 11:33:31 Job was evicted.
	(0) CPU times
		Usr 1 23:25:33, Sys 0 00:00:07  -  Run Remote Usage
		Usr 0 00:00:00, Sys 0 00:00:00  -  Run Local Usage
	0  -  Run Bytes Sent By Job
	0  -  Run Bytes Received By Job
	Error from slot1_48@genoa02.zeuthen.desy.de: runtime exceeded maximum (target.Runtime seconds)
	Partitionable Resources :     Usage  Request Allocated 
	   Cpus                 :      0.99        1         1 
	   Disk (KB)            :      1     1024000   1025697 
	   GPUs                 :                            0 
	   Memory (MB)          :    237        5120      5120 
	   TimeSlotBusy (s)     : 172804                       
...
012 (15988842.256.000) 2026-02-13 11:33:31 Job was held.
	Error from slot1_48@genoa02.zeuthen.desy.de: runtime exceeded maximum (target.Runtime seconds)
	Code 21 Subcode 103
...
009 (15988842.256.000) 2026-02-16 17:16:32 Job was aborted.
	via condor_rm (by user tuccia)
...
000 (16309174.028.000) 2026-02-18 10:42:57 Job submitted from host: <141.34.103.35:9618?addrs=141.34.103.35-9618+[2001-638-700-f067--1-23]-9618&alias=wgs39.zeuthen.desy.de&noUDP&sock=schedd_7302_24a3>
...
001 (16309174.028.000) 2026-02-18 10:43:15 Job executing on host: <141.34.15.41:9618?addrs=141.34.15.41-9618+[2001-638-700-f00f--1-29]-9618&alias=pizza12.zeuthen.desy.de&noUDP&sock=startd_8275_8a49>
	SlotName: slot1_11@pizza12.zeuthen.desy.de
	CondorScratchDir = "/batch/dir_2849177"
	Cpus = 1
	Disk = 1025696
	GPUs = 0
	Memory = 5120
...
006 (16309174.028.000) 2026-02-18 10:43:28 Image size of job updated: 91416
	90  -  MemoryUsage of job (MB)
	91416  -  ResidentSetSize of job (KB)
...
006 (16309174.028.000) 2026-02-18 10:48:28 Image size of job updated: 467596
	230  -  MemoryUsage of job (MB)
	234980  -  ResidentSetSize of job (KB)
...
006 (16309174.028.000) 2026-02-18 10:53:28 Image size of job updated: 467596
	230  -  MemoryUsage of job (MB)
	234996  -  ResidentSetSize of job (KB)
...
006 (16309174.028.000) 2026-02-18 10:58:29 Image size of job updated: 467596
	230  -  MemoryUsage of job (MB)
	235036  -  ResidentSetSize of job (KB)
...
006 (16309174.028.000) 2026-02-18 11:03:29 Image size of job updated: 467596
	232  -  MemoryUsage of job (MB)
	237288  -  ResidentSetSize of job (KB)
...
006 (16309174.028.000) 2026-02-18 11:13:30 Image size of job updated: 467596
	232  -  MemoryUsage of job (MB)
	237308  -  ResidentSetSize of job (KB)
...
006 (16309174.028.000) 2026-02-18 11:28:31 Image size of job updated: 467596
	232  -  MemoryUsage of job (MB)
	237324  -  ResidentSetSize of job (KB)
...
006 (16309174.028.000) 2026-02-18 12:13:36 Image size of job updated: 467596
	232  -  MemoryUsage of job (MB)
	237364  -  ResidentSetSize of job (KB)
...
006 (16309174.028.000) 2026-02-18 12:18:37 Image size of job updated: 467596
	232  -  MemoryUsage of job (MB)
	237420  -  ResidentSetSize of job (KB)
...
006 (16309174.028.000) 2026-02-18 12:43:40 Image size of job updated: 467596
	232  -  MemoryUsage of job (MB)
	237428  -  ResidentSetSize of job (KB)
...
006 (16309174.028.000) 2026-02-18 12:58:42 Image size of job updated: 467596
	232  -  MemoryUsage of job (MB)
	237496  -  ResidentSetSize of job (KB)
...
006 (16309174.028.000) 2026-02-18 15:13:53 Image size of job updated: 467596
	232  -  MemoryUsage of job (MB)
	237500  -  ResidentSetSize of job (KB)
...
006 (16309174.028.000) 2026-02-18 15:18:54 Image size of job updated: 467596
	233  -  MemoryUsage of job (MB)
	237812  -  ResidentSetSize of job (KB)
...
006 (16309174.028.000) 2026-02-18 17:24:06 Image size of job updated: 467596
	233  -  MemoryUsage of job (MB)
	238280  -  ResidentSetSize of job (KB)
...
006 (16309174.028.000) 2026-02-19 00:04:49 Image size of job updated: 467596
	233  -  MemoryUsage of job (MB)
	238292  -  ResidentSetSize of job (KB)
...
006 (16309174.028.000) 2026-02-19 00:09:50 Image size of job updated: 467596
	233  -  MemoryUsage of job (MB)
	238540  -  ResidentSetSize of job (KB)
...
006 (16309174.028.000) 2026-02-19 00:39:53 Image size of job updated: 467596
	234  -  MemoryUsage of job (MB)
	239012  -  ResidentSetSize of job (KB)
...
006 (16309174.028.000) 2026-02-19 01:09:55 Image size of job updated: 467596
	234  -  MemoryUsage of job (MB)
	239088  -  ResidentSetSize of job (KB)
...
006 (16309174.028.000) 2026-02-19 01:14:56 Image size of job updated: 467596
	234  -  MemoryUsage of job (MB)
	239112  -  ResidentSetSize of job (KB)
...
006 (16309174.028.000) 2026-02-19 01:19:56 Image size of job updated: 467596
	234  -  MemoryUsage of job (MB)
	239268  -  ResidentSetSize of job (KB)
...
006 (16309174.028.000) 2026-02-19 01:29:57 Image size of job updated: 467596
	234  -  MemoryUsage of job (MB)
	239288  -  ResidentSetSize of job (KB)
...
006 (16309174.028.000) 2026-02-19 01:34:57 Image size of job updated: 467596
	234  -  MemoryUsage of job (MB)
	239524  -  ResidentSetSize of job (KB)
...
006 (16309174.028.000) 2026-02-19 02:35:01 Image size of job updated: 467596
	234  -  MemoryUsage of job (MB)
	239548  -  ResidentSetSize of job (KB)
...
006 (16309174.028.000) 2026-02-19 02:40:01 Image size of job updated: 467596
	234  -  MemoryUsage of job (MB)
	239592  -  ResidentSetSize of job (KB)
...
006 (16309174.028.000) 2026-02-19 02:50:02 Image size of job updated: 467596
	234  -  MemoryUsage of job (MB)
	239596  -  ResidentSetSize of job (KB)
...
006 (16309174.028.000) 2026-02-19 03:10:03 Image size of job updated: 467596
	234  -  MemoryUsage of job (MB)
	239604  -  ResidentSetSize of job (KB)
...
006 (16309174.028.000) 2026-02-19 03:15:04 Image size of job updated: 467596
	235  -  MemoryUsage of job (MB)
	239636  -  ResidentSetSize of job (KB)
...
006 (16309174.028.000) 2026-02-19 03:20:05 Image size of job updated: 467596
	235  -  MemoryUsage of job (MB)
	239664  -  ResidentSetSize of job (KB)
...
006 (16309174.028.000) 2026-02-19 03:25:05 Image size of job updated: 467596
	235  -  MemoryUsage of job (MB)
	239668  -  ResidentSetSize of job (KB)
...
006 (16309174.028.000) 2026-02-19 03:30:06 Image size of job updated: 467596
	235  -  MemoryUsage of job (MB)
	239732  -  ResidentSetSize of job (KB)
...
006 (16309174.028.000) 2026-02-19 03:35:07 Image size of job updated: 467596
	235  -  MemoryUsage of job (MB)
	239780  -  ResidentSetSize of job (KB)
...
006 (16309174.028.000) 2026-02-19 03:40:07 Image size of job updated: 467596
	235  -  MemoryUsage of job (MB)
	239820  -  ResidentSetSize of job (KB)
...
006 (16309174.028.000) 2026-02-19 03:45:08 Image size of job updated: 467596
	235  -  MemoryUsage of job (MB)
	240044  -  ResidentSetSize of job (KB)
...
006 (16309174.028.000) 2026-02-19 03:50:09 Image size of job updated: 467596
	235  -  MemoryUsage of job (MB)
	240076  -  ResidentSetSize of job (KB)
...
006 (16309174.028.000) 2026-02-19 03:55:09 Image size of job updated: 467596
	235  -  MemoryUsage of job (MB)
	240120  -  ResidentSetSize of job (KB)
...
006 (16309174.028.000) 2026-02-19 04:30:11 Image size of job updated: 467596
	235  -  MemoryUsage of job (MB)
	240144  -  ResidentSetSize of job (KB)
...
006 (16309174.028.000) 2026-02-19 04:35:12 Image size of job updated: 467596
	235  -  MemoryUsage of job (MB)
	240180  -  ResidentSetSize of job (KB)
...
006 (16309174.028.000) 2026-02-19 04:45:12 Image size of job updated: 467596
	235  -  MemoryUsage of job (MB)
	240228  -  ResidentSetSize of job (KB)
...
006 (16309174.028.000) 2026-02-19 04:50:13 Image size of job updated: 467596
	235  -  MemoryUsage of job (MB)
	240296  -  ResidentSetSize of job (KB)
...
006 (16309174.028.000) 2026-02-19 04:55:14 Image size of job updated: 467596
	235  -  MemoryUsage of job (MB)
	240360  -  ResidentSetSize of job (KB)
...
006 (16309174.028.000) 2026-02-19 05:00:14 Image size of job updated: 467596
	235  -  MemoryUsage of job (MB)
	240412  -  ResidentSetSize of job (KB)
...
006 (16309174.028.000) 2026-02-19 05:05:15 Image size of job updated: 467596
	235  -  MemoryUsage of job (MB)
	240492  -  ResidentSetSize of job (KB)
...
006 (16309174.028.000) 2026-02-19 05:10:16 Image size of job updated: 467596
	236  -  MemoryUsage of job (MB)
	240688  -  ResidentSetSize of job (KB)
...
006 (16309174.028.000) 2026-02-19 05:20:17 Image size of job updated: 467596
	236  -  MemoryUsage of job (MB)
	240708  -  ResidentSetSize of job (KB)
...
006 (16309174.028.000) 2026-02-19 05:30:18 Image size of job updated: 467596
	236  -  MemoryUsage of job (MB)
	241488  -  ResidentSetSize of job (KB)
...
006 (16309174.028.000) 2026-02-19 06:10:21 Image size of job updated: 467596
	236  -  MemoryUsage of job (MB)
	241528  -  ResidentSetSize of job (KB)
...
006 (16309174.028.000) 2026-02-19 06:15:21 Image size of job updated: 467596
	237  -  MemoryUsage of job (MB)
	241744  -  ResidentSetSize of job (KB)
...
022 (16309174.028.000) 2026-02-20 03:44:36 Job disconnected, attempting to reconnect
    Local schedd and job shadow died, schedd now running again
    Trying to reconnect to slot1_11@pizza12.zeuthen.desy.de <141.34.15.41:9618?addrs=141.34.15.41-9618+[2001-638-700-f00f--1-29]-9618&alias=pizza12.zeuthen.desy.de&noUDP&sock=startd_8275_8a49>
...
023 (16309174.028.000) 2026-02-20 03:44:44 Job reconnected to slot1_11@pizza12.zeuthen.desy.de
    startd address: <141.34.15.41:9618?addrs=141.34.15.41-9618+[2001-638-700-f00f--1-29]-9618&alias=pizza12.zeuthen.desy.de&noUDP&sock=startd_8275_8a49>
    starter address: <141.34.15.41:9618?addrs=141.34.15.41-9618+[2001-638-700-f00f--1-29]-9618&alias=pizza12.zeuthen.desy.de&noUDP&sock=slot1_11_8785_93be_35748>
...
021 (16309174.028.000) 2026-02-20 10:43:19 Error from starter on slot1_11@pizza12.zeuthen.desy.de:
	runtime exceeded maximum (target.Runtime seconds)
	Code 21 Subcode 103
...
004 (16309174.028.000) 2026-02-20 10:43:19 Job was evicted.
	(0) CPU times
		Usr 1 23:35:15, Sys 0 00:00:09  -  Run Remote Usage
		Usr 0 00:00:00, Sys 0 00:00:00  -  Run Local Usage
	0  -  Run Bytes Sent By Job
	0  -  Run Bytes Received By Job
	Error from slot1_11@pizza12.zeuthen.desy.de: runtime exceeded maximum (target.Runtime seconds)
	Partitionable Resources :         Usage  Request Allocated 
	   Cpus                 :          0.99        1         1 
	   Disk (KB)            :          1     1024000   1025696 
	   Memory (MB)          :        245        5120      5120 
	   TimeSlotBusy (s)     : 1771580599                       
...
012 (16309174.028.000) 2026-02-20 10:43:19 Job was held.
	Error from slot1_11@pizza12.zeuthen.desy.de: runtime exceeded maximum (target.Runtime seconds)
	Code 21 Subcode 103
...
009 (16309174.028.000) 2026-02-23 19:29:10 Job was aborted.
	via condor_rm (by user tuccia)
...
000 (16619852.028.000) 2026-02-23 19:30:03 Job submitted from host: <141.34.103.35:9618?addrs=141.34.103.35-9618+[2001-638-700-f067--1-23]-9618&alias=wgs39.zeuthen.desy.de&noUDP&sock=schedd_7302_24a3>
...
001 (16619852.028.000) 2026-02-23 19:30:20 Job executing on host: <141.34.103.53:9618?addrs=141.34.103.53-9618+[2001-638-700-f067--1-35]-9618&alias=wgs43.zeuthen.desy.de&noUDP&sock=startd_9361_7223>
	SlotName: slot1_7@wgs43.zeuthen.desy.de
	CondorScratchDir = "/batch/dir_649060"
	Cpus = 1
	Disk = 1025025
	GPUs = 0
	Memory = 5120
...
006 (16619852.028.000) 2026-02-23 19:30:34 Image size of job updated: 91392
	90  -  MemoryUsage of job (MB)
	91392  -  ResidentSetSize of job (KB)
...
006 (16619852.028.000) 2026-02-23 19:35:35 Image size of job updated: 235232
	230  -  MemoryUsage of job (MB)
	235232  -  ResidentSetSize of job (KB)
...
006 (16619852.028.000) 2026-02-23 19:40:35 Image size of job updated: 235320
	230  -  MemoryUsage of job (MB)
	235320  -  ResidentSetSize of job (KB)
...
006 (16619852.028.000) 2026-02-23 19:45:36 Image size of job updated: 239368
	234  -  MemoryUsage of job (MB)
	239368  -  ResidentSetSize of job (KB)
...
006 (16619852.028.000) 2026-02-23 20:05:39 Image size of job updated: 239400
	234  -  MemoryUsage of job (MB)
	239400  -  ResidentSetSize of job (KB)
...
006 (16619852.028.000) 2026-02-23 20:10:39 Image size of job updated: 239424
	234  -  MemoryUsage of job (MB)
	239424  -  ResidentSetSize of job (KB)
...
006 (16619852.028.000) 2026-02-23 20:15:39 Image size of job updated: 239480
	234  -  MemoryUsage of job (MB)
	239480  -  ResidentSetSize of job (KB)
...
006 (16619852.028.000) 2026-02-23 20:40:41 Image size of job updated: 239496
	234  -  MemoryUsage of job (MB)
	239496  -  ResidentSetSize of job (KB)
...
006 (16619852.028.000) 2026-02-23 20:50:42 Image size of job updated: 239656
	235  -  MemoryUsage of job (MB)
	239656  -  ResidentSetSize of job (KB)
...
006 (16619852.028.000) 2026-02-23 21:30:47 Image size of job updated: 239752
	235  -  MemoryUsage of job (MB)
	239752  -  ResidentSetSize of job (KB)
...
006 (16619852.028.000) 2026-02-23 22:25:52 Image size of job updated: 239768
	235  -  MemoryUsage of job (MB)
	239768  -  ResidentSetSize of job (KB)
...
006 (16619852.028.000) 2026-02-23 22:30:53 Image size of job updated: 240008
	235  -  MemoryUsage of job (MB)
	240008  -  ResidentSetSize of job (KB)
...
006 (16619852.028.000) 2026-02-23 22:45:55 Image size of job updated: 240380
	235  -  MemoryUsage of job (MB)
	240380  -  ResidentSetSize of job (KB)
...
006 (16619852.028.000) 2026-02-24 00:46:08 Image size of job updated: 240432
	235  -  MemoryUsage of job (MB)
	240432  -  ResidentSetSize of job (KB)
...
006 (16619852.028.000) 2026-02-24 03:46:27 Image size of job updated: 240588
	235  -  MemoryUsage of job (MB)
	240588  -  ResidentSetSize of job (KB)
...
006 (16619852.028.000) 2026-02-24 05:06:36 Image size of job updated: 240592
	235  -  MemoryUsage of job (MB)
	240592  -  ResidentSetSize of job (KB)
...
006 (16619852.028.000) 2026-02-24 07:46:53 Image size of job updated: 240612
	235  -  MemoryUsage of job (MB)
	240612  -  ResidentSetSize of job (KB)
...
006 (16619852.028.000) 2026-02-24 07:51:54 Image size of job updated: 240652
	236  -  MemoryUsage of job (MB)
	240652  -  ResidentSetSize of job (KB)
...
006 (16619852.028.000) 2026-02-24 07:56:54 Image size of job updated: 240756
	236  -  MemoryUsage of job (MB)
	240756  -  ResidentSetSize of job (KB)
...
022 (16619852.028.000) 2026-02-24 08:04:09 Job disconnected, attempting to reconnect
    Local schedd and job shadow died, schedd now running again
    Trying to reconnect to slot1_7@wgs43.zeuthen.desy.de <141.34.103.53:9618?addrs=141.34.103.53-9618+[2001-638-700-f067--1-35]-9618&alias=wgs43.zeuthen.desy.de&noUDP&sock=startd_9361_7223>
...
023 (16619852.028.000) 2026-02-24 08:04:18 Job reconnected to slot1_7@wgs43.zeuthen.desy.de
    startd address: <141.34.103.53:9618?addrs=141.34.103.53-9618+[2001-638-700-f067--1-35]-9618&alias=wgs43.zeuthen.desy.de&noUDP&sock=startd_9361_7223>
    starter address: <141.34.103.53:9618?addrs=141.34.103.53-9618+[2001-638-700-f067--1-35]-9618&alias=wgs43.zeuthen.desy.de&noUDP&sock=slot1_7_9987_7eaf_3114>
...
005 (16619852.028.000) 2026-02-25 12:34:15 Job terminated.
	(1) Normal termination (return value 0)
		Usr 1 16:42:24, Sys 0 00:00:12  -  Run Remote Usage
		Usr 0 00:00:00, Sys 0 00:00:00  -  Run Local Usage
		Usr 2 04:48:54, Sys 0 00:00:15  -  Total Remote Usage
		Usr 0 00:00:00, Sys 0 00:00:00  -  Total Local Usage
	0  -  Run Bytes Sent By Job
	0  -  Run Bytes Received By Job
	0  -  Total Bytes Sent By Job
	0  -  Total Bytes Received By Job
	Partitionable Resources :         Usage  Request Allocated 
	   Cpus                 :          0.99        1         1 
	   Disk (KB)            :          1     1024000   1025025 
	   Memory (MB)          :        245        5120      5120 
	   TimeExecute (s)      : 1772019255                       
	   TimeSlotBusy (s)     : 1772019255                       

	Job terminated of its own accord at 2026-02-25T11:34:15Z with exit-code 0.
...
