~~~~~~~~~~~~~~~~~~~~~~~~~~~~~~

n_qubits: 60, 
r: 85, 
alpha: 0.001, 
shots: 100000, 
ansatz: linear_cnot, 
layer: 1, 
tau: 0.3

time for simulated annealing:  79.04082012176514
Rank 1: Bitstring=100000110100101100101110011111100011010110101001010100001110, Decimal=591294160113931534, Energy=-52.6143
Rank 2: Bitstring=100010110111100111001110111101110011010110101001010101001110, Decimal=628143225287906638, Energy=-52.6011
Rank 3: Bitstring=100000111100101100111110011111100011010110101001010100011110, Decimal=593547059439244574, Energy=-52.5681
Rank 4: Bitstring=100010111111100111011110111101110011010110101001010101011110, Decimal=630396124613219678, Energy=-52.5549
Rank 5: Bitstring=110010000111110111001011111100110011100010110101000101001111, Decimal=902932964072706383, Energy=-52.5163
Rank 6: Bitstring=100010000111100111001011111101110011000010110101000101001111, Decimal=614632220242170191, Energy=-52.4315
Rank 7: Bitstring=110010000111110111001011111100110011100010111001000101001111, Decimal=902932964072722767, Energy=-52.2701
Rank 8: Bitstring=100010100111100111001111111101110011010110101001010101001110, Decimal=623639694380012878, Energy=-52.2609
Rank 9: Bitstring=100010101111100111011111111101110011010110101001010101011110, Decimal=625892593705325918, Energy=-52.2147
Rank 10: Bitstring=100010000111100111001011111101110011000010111001000101001111, Decimal=614632220242186575, Energy=-52.1853

E_min from simulated annealing:  -52.6143
Minimum energy: -52.6143
States with energy within 1e-08 of minimum: [591294160113931534]
4


################## Start optimization with initial parameters: [0. 0. 0. 0. 0. 0. 0. 0. 0. 0. 0. 0. 0. 0. 0. 0. 0. 0. 0. 0. 0. 0. 0. 0.
 0. 0. 0. 0. 0. 0. 0. 0. 0. 0. 0. 0. 0. 0. 0. 0. 0. 0. 0. 0. 0. 0. 0. 0.
 0. 0. 0. 0. 0. 0. 0. 0. 0. 0. 0. 0. 0. 0. 0. 0. 0. 0. 0. 0. 0. 0. 0. 0.
 0. 0. 0. 0. 0. 0. 0. 0. 0. 0. 0. 0. 0. 0. 0. 0. 0. 0. 0. 0. 0. 0. 0. 0.
 0. 0. 0. 0. 0. 0. 0. 0. 0. 0. 0. 0. 0. 0. 0. 0. 0. 0. 0. 0. 0. 0. 0. 0.
 0. 0. 0. 0. 0. 0. 0. 0. 0. 0. 0. 0. 0. 0. 0. 0. 0. 0. 0. 0. 0. 0. 0. 0.
 0. 0. 0. 0. 0. 0. 0. 0. 0. 0. 0. 0. 0. 0. 0. 0. 0. 0. 0. 0. 0. 0. 0. 0.
 0. 0. 0. 0. 0. 0. 0. 0. 0. 0. 0. 0. 0. 0. 0. 0. 0. 0. 0. 0. 0. 0. 0. 0.
 0. 0. 0. 0. 0. 0. 0. 0. 0. 0. 0. 0. 0. 0. 0. 0. 0. 0. 0. 0. 0. 0. 0. 0.
 0. 0. 0. 0. 0. 0. 0. 0. 0. 0. 0. 0. 0. 0. 0. 0. 0. 0. 0. 0. 0. 0. 0. 0.]
Write sucessfully to ./data/data_shots_100000_layer_1/alpha_0.001/N_60/r_85/ansatz_type_linear_cnot/initialization_zeros

vqe.cvar_eval[0]: -24.039671999999964 , min_cvar: -41.22483599999994 , opt_cvar: -41.22483599999994

vqe.poss_eval[-1]: 0 vqe.poss_eval[0] 0  , max_poss: 0 , opt_poss: 0

vqe.r_eval[-1]: 0.7638271344482381 vqe.r_eval[0]: 0.45690376950752865 max_r: 0.7835291166089816 , min_r: 0.45690376950752865
