000 (15756407.529.000) 2026-02-06 11:26:11 Job submitted from host: <141.34.103.35:9618?addrs=141.34.103.35-9618+[2001-638-700-f067--1-23]-9618&alias=wgs39.zeuthen.desy.de&noUDP&sock=schedd_7414_f73f>
...
009 (15756407.529.000) 2026-02-10 11:42:37 Job was aborted.
	via condor_rm (by user tuccia)
...
000 (15949294.353.000) 2026-02-10 11:45:21 Job submitted from host: <141.34.103.35:9618?addrs=141.34.103.35-9618+[2001-638-700-f067--1-23]-9618&alias=wgs39.zeuthen.desy.de&noUDP&sock=schedd_7302_24a3>
...
009 (15949294.353.000) 2026-02-10 11:45:46 Job was aborted.
	via condor_rm (by user tuccia)
...
000 (15949295.353.000) 2026-02-10 11:46:04 Job submitted from host: <141.34.103.35:9618?addrs=141.34.103.35-9618+[2001-638-700-f067--1-23]-9618&alias=wgs39.zeuthen.desy.de&noUDP&sock=schedd_7302_24a3>
...
001 (15949295.353.000) 2026-02-11 15:58:05 Job executing on host: <141.34.103.55:9618?addrs=141.34.103.55-9618+[2001-638-700-f067--1-37]-9618&alias=wgs45.zeuthen.desy.de&noUDP&sock=startd_7794_9d3c>
	SlotName: slot1_1@wgs45.zeuthen.desy.de
	CondorScratchDir = "/batch/dir_964861"
	Cpus = 8
	Disk = 1025025
	GPUs = 0
	Memory = 16384
...
006 (15949295.353.000) 2026-02-11 15:58:18 Image size of job updated: 91420
	90  -  MemoryUsage of job (MB)
	91420  -  ResidentSetSize of job (KB)
...
006 (15949295.353.000) 2026-02-11 16:03:18 Image size of job updated: 412320
	272  -  MemoryUsage of job (MB)
	278372  -  ResidentSetSize of job (KB)
...
006 (15949295.353.000) 2026-02-11 16:08:18 Image size of job updated: 412320
	275  -  MemoryUsage of job (MB)
	280656  -  ResidentSetSize of job (KB)
...
006 (15949295.353.000) 2026-02-11 16:13:19 Image size of job updated: 412320
	289  -  MemoryUsage of job (MB)
	295020  -  ResidentSetSize of job (KB)
...
006 (15949295.353.000) 2026-02-11 16:18:19 Image size of job updated: 412320
	290  -  MemoryUsage of job (MB)
	296740  -  ResidentSetSize of job (KB)
...
006 (15949295.353.000) 2026-02-11 16:23:20 Image size of job updated: 412320
	294  -  MemoryUsage of job (MB)
	300348  -  ResidentSetSize of job (KB)
...
006 (15949295.353.000) 2026-02-11 16:28:21 Image size of job updated: 412320
	295  -  MemoryUsage of job (MB)
	301340  -  ResidentSetSize of job (KB)
...
006 (15949295.353.000) 2026-02-11 16:33:21 Image size of job updated: 412320
	305  -  MemoryUsage of job (MB)
	312144  -  ResidentSetSize of job (KB)
...
006 (15949295.353.000) 2026-02-11 16:38:22 Image size of job updated: 412320
	306  -  MemoryUsage of job (MB)
	312384  -  ResidentSetSize of job (KB)
...
006 (15949295.353.000) 2026-02-11 16:43:23 Image size of job updated: 412320
	323  -  MemoryUsage of job (MB)
	330036  -  ResidentSetSize of job (KB)
...
006 (15949295.353.000) 2026-02-11 16:48:23 Image size of job updated: 412320
	324  -  MemoryUsage of job (MB)
	330976  -  ResidentSetSize of job (KB)
...
006 (15949295.353.000) 2026-02-11 16:53:25 Image size of job updated: 412320
	324  -  MemoryUsage of job (MB)
	331196  -  ResidentSetSize of job (KB)
...
006 (15949295.353.000) 2026-02-11 16:58:25 Image size of job updated: 412320
	324  -  MemoryUsage of job (MB)
	331452  -  ResidentSetSize of job (KB)
...
006 (15949295.353.000) 2026-02-11 17:03:25 Image size of job updated: 412320
	335  -  MemoryUsage of job (MB)
	342900  -  ResidentSetSize of job (KB)
...
006 (15949295.353.000) 2026-02-11 17:08:26 Image size of job updated: 412320
	336  -  MemoryUsage of job (MB)
	343312  -  ResidentSetSize of job (KB)
...
006 (15949295.353.000) 2026-02-11 17:13:26 Image size of job updated: 412320
	336  -  MemoryUsage of job (MB)
	343332  -  ResidentSetSize of job (KB)
...
006 (15949295.353.000) 2026-02-11 17:18:26 Image size of job updated: 412320
	336  -  MemoryUsage of job (MB)
	343568  -  ResidentSetSize of job (KB)
...
006 (15949295.353.000) 2026-02-11 17:23:27 Image size of job updated: 412320
	340  -  MemoryUsage of job (MB)
	347236  -  ResidentSetSize of job (KB)
...
006 (15949295.353.000) 2026-02-11 17:28:27 Image size of job updated: 412320
	340  -  MemoryUsage of job (MB)
	347516  -  ResidentSetSize of job (KB)
...
006 (15949295.353.000) 2026-02-11 17:43:29 Image size of job updated: 412320
	345  -  MemoryUsage of job (MB)
	352944  -  ResidentSetSize of job (KB)
...
006 (15949295.353.000) 2026-02-11 17:58:30 Image size of job updated: 412320
	345  -  MemoryUsage of job (MB)
	353200  -  ResidentSetSize of job (KB)
...
006 (15949295.353.000) 2026-02-11 18:33:34 Image size of job updated: 412320
	346  -  MemoryUsage of job (MB)
	353456  -  ResidentSetSize of job (KB)
...
006 (15949295.353.000) 2026-02-11 19:03:37 Image size of job updated: 412320
	346  -  MemoryUsage of job (MB)
	353492  -  ResidentSetSize of job (KB)
...
006 (15949295.353.000) 2026-02-11 19:08:38 Image size of job updated: 432716
	423  -  MemoryUsage of job (MB)
	432716  -  ResidentSetSize of job (KB)
...
006 (15949295.353.000) 2026-02-11 19:13:38 Image size of job updated: 432900
	423  -  MemoryUsage of job (MB)
	432900  -  ResidentSetSize of job (KB)
...
006 (15949295.353.000) 2026-02-11 19:18:38 Image size of job updated: 432912
	423  -  MemoryUsage of job (MB)
	432912  -  ResidentSetSize of job (KB)
...
006 (15949295.353.000) 2026-02-11 19:38:41 Image size of job updated: 432928
	423  -  MemoryUsage of job (MB)
	432928  -  ResidentSetSize of job (KB)
...
006 (15949295.353.000) 2026-02-11 19:48:42 Image size of job updated: 432944
	423  -  MemoryUsage of job (MB)
	432944  -  ResidentSetSize of job (KB)
...
006 (15949295.353.000) 2026-02-11 19:53:42 Image size of job updated: 432972
	423  -  MemoryUsage of job (MB)
	432972  -  ResidentSetSize of job (KB)
...
006 (15949295.353.000) 2026-02-11 20:03:43 Image size of job updated: 433184
	424  -  MemoryUsage of job (MB)
	433184  -  ResidentSetSize of job (KB)
...
006 (15949295.353.000) 2026-02-11 20:33:46 Image size of job updated: 433272
	424  -  MemoryUsage of job (MB)
	433272  -  ResidentSetSize of job (KB)
...
006 (15949295.353.000) 2026-02-11 20:58:49 Image size of job updated: 433276
	424  -  MemoryUsage of job (MB)
	433276  -  ResidentSetSize of job (KB)
...
006 (15949295.353.000) 2026-02-11 21:58:55 Image size of job updated: 433324
	424  -  MemoryUsage of job (MB)
	433324  -  ResidentSetSize of job (KB)
...
006 (15949295.353.000) 2026-02-11 22:08:56 Image size of job updated: 433532
	424  -  MemoryUsage of job (MB)
	433532  -  ResidentSetSize of job (KB)
...
006 (15949295.353.000) 2026-02-12 00:19:09 Image size of job updated: 433540
	424  -  MemoryUsage of job (MB)
	433540  -  ResidentSetSize of job (KB)
...
006 (15949295.353.000) 2026-02-12 00:24:09 Image size of job updated: 433620
	424  -  MemoryUsage of job (MB)
	433620  -  ResidentSetSize of job (KB)
...
006 (15949295.353.000) 2026-02-12 00:39:10 Image size of job updated: 433788
	424  -  MemoryUsage of job (MB)
	433788  -  ResidentSetSize of job (KB)
...
006 (15949295.353.000) 2026-02-12 01:49:18 Image size of job updated: 433844
	424  -  MemoryUsage of job (MB)
	433844  -  ResidentSetSize of job (KB)
...
006 (15949295.353.000) 2026-02-12 02:49:24 Image size of job updated: 433944
	424  -  MemoryUsage of job (MB)
	433944  -  ResidentSetSize of job (KB)
...
006 (15949295.353.000) 2026-02-12 03:04:26 Image size of job updated: 434028
	424  -  MemoryUsage of job (MB)
	434028  -  ResidentSetSize of job (KB)
...
006 (15949295.353.000) 2026-02-12 03:09:26 Image size of job updated: 434200
	425  -  MemoryUsage of job (MB)
	434200  -  ResidentSetSize of job (KB)
...
