000 (15756404.371.000) 2026-02-06 11:24:34 Job submitted from host: <141.34.103.35:9618?addrs=141.34.103.35-9618+[2001-638-700-f067--1-23]-9618&alias=wgs39.zeuthen.desy.de&noUDP&sock=schedd_7414_f73f>
...
001 (15756404.371.000) 2026-02-06 15:43:39 Job executing on host: <141.34.15.41:9618?addrs=141.34.15.41-9618+[2001-638-700-f00f--1-29]-9618&alias=pizza12.zeuthen.desy.de&noUDP&sock=startd_8275_8a49>
	SlotName: slot1_27@pizza12.zeuthen.desy.de
	CondorScratchDir = "/batch/dir_1481113"
	Cpus = 8
	Disk = 1025696
	GPUs = 0
	Memory = 16384
...
006 (15756404.371.000) 2026-02-06 15:43:52 Image size of job updated: 91456
	90  -  MemoryUsage of job (MB)
	91456  -  ResidentSetSize of job (KB)
...
006 (15756404.371.000) 2026-02-06 15:48:52 Image size of job updated: 1192324
	1126  -  MemoryUsage of job (MB)
	1152836  -  ResidentSetSize of job (KB)
...
006 (15756404.371.000) 2026-02-06 15:53:53 Image size of job updated: 1208852
	1126  -  MemoryUsage of job (MB)
	1152836  -  ResidentSetSize of job (KB)
...
006 (15756404.371.000) 2026-02-06 15:58:53 Image size of job updated: 1208852
	1166  -  MemoryUsage of job (MB)
	1193904  -  ResidentSetSize of job (KB)
...
006 (15756404.371.000) 2026-02-06 16:03:53 Image size of job updated: 1210696
	1166  -  MemoryUsage of job (MB)
	1193904  -  ResidentSetSize of job (KB)
...
006 (15756404.371.000) 2026-02-06 16:18:54 Image size of job updated: 1211168
	1166  -  MemoryUsage of job (MB)
	1193904  -  ResidentSetSize of job (KB)
...
006 (15756404.371.000) 2026-02-06 16:23:55 Image size of job updated: 1211212
	1166  -  MemoryUsage of job (MB)
	1193904  -  ResidentSetSize of job (KB)
...
006 (15756404.371.000) 2026-02-06 16:28:56 Image size of job updated: 1211848
	1166  -  MemoryUsage of job (MB)
	1193904  -  ResidentSetSize of job (KB)
...
006 (15756404.371.000) 2026-02-06 16:43:58 Image size of job updated: 1211848
	1183  -  MemoryUsage of job (MB)
	1211256  -  ResidentSetSize of job (KB)
...
006 (15756404.371.000) 2026-02-06 17:14:02 Image size of job updated: 1211952
	1183  -  MemoryUsage of job (MB)
	1211256  -  ResidentSetSize of job (KB)
...
006 (15756404.371.000) 2026-02-06 17:29:03 Image size of job updated: 1212204
	1183  -  MemoryUsage of job (MB)
	1211256  -  ResidentSetSize of job (KB)
...
006 (15756404.371.000) 2026-02-06 17:34:03 Image size of job updated: 1212596
	1183  -  MemoryUsage of job (MB)
	1211256  -  ResidentSetSize of job (KB)
...
006 (15756404.371.000) 2026-02-06 18:24:06 Image size of job updated: 1212676
	1183  -  MemoryUsage of job (MB)
	1211256  -  ResidentSetSize of job (KB)
...
006 (15756404.371.000) 2026-02-06 18:39:07 Image size of job updated: 1212724
	1183  -  MemoryUsage of job (MB)
	1211256  -  ResidentSetSize of job (KB)
...
006 (15756404.371.000) 2026-02-06 18:44:09 Image size of job updated: 1213040
	1183  -  MemoryUsage of job (MB)
	1211256  -  ResidentSetSize of job (KB)
...
006 (15756404.371.000) 2026-02-06 19:29:14 Image size of job updated: 1213108
	1183  -  MemoryUsage of job (MB)
	1211256  -  ResidentSetSize of job (KB)
...
006 (15756404.371.000) 2026-02-06 19:34:15 Image size of job updated: 1213364
	1183  -  MemoryUsage of job (MB)
	1211256  -  ResidentSetSize of job (KB)
...
006 (15756404.371.000) 2026-02-06 19:54:17 Image size of job updated: 1214000
	1183  -  MemoryUsage of job (MB)
	1211256  -  ResidentSetSize of job (KB)
...
006 (15756404.371.000) 2026-02-06 20:19:21 Image size of job updated: 1214108
	1186  -  MemoryUsage of job (MB)
	1214108  -  ResidentSetSize of job (KB)
...
006 (15756404.371.000) 2026-02-06 20:24:21 Image size of job updated: 1214112
	1186  -  MemoryUsage of job (MB)
	1214112  -  ResidentSetSize of job (KB)
...
006 (15756404.371.000) 2026-02-06 20:44:24 Image size of job updated: 1214260
	1186  -  MemoryUsage of job (MB)
	1214112  -  ResidentSetSize of job (KB)
...
006 (15756404.371.000) 2026-02-06 21:39:28 Image size of job updated: 1214388
	1186  -  MemoryUsage of job (MB)
	1214112  -  ResidentSetSize of job (KB)
...
006 (15756404.371.000) 2026-02-06 21:44:28 Image size of job updated: 1214756
	1186  -  MemoryUsage of job (MB)
	1214112  -  ResidentSetSize of job (KB)
...
006 (15756404.371.000) 2026-02-06 22:09:30 Image size of job updated: 1214844
	1186  -  MemoryUsage of job (MB)
	1214112  -  ResidentSetSize of job (KB)
...
006 (15756404.371.000) 2026-02-07 00:39:45 Image size of job updated: 1215516
	1186  -  MemoryUsage of job (MB)
	1214112  -  ResidentSetSize of job (KB)
...
006 (15756404.371.000) 2026-02-07 01:54:52 Image size of job updated: 1215540
	1186  -  MemoryUsage of job (MB)
	1214112  -  ResidentSetSize of job (KB)
...
006 (15756404.371.000) 2026-02-07 02:04:53 Image size of job updated: 1215608
	1186  -  MemoryUsage of job (MB)
	1214112  -  ResidentSetSize of job (KB)
...
006 (15756404.371.000) 2026-02-07 02:34:57 Image size of job updated: 1216028
	1186  -  MemoryUsage of job (MB)
	1214112  -  ResidentSetSize of job (KB)
...
006 (15756404.371.000) 2026-02-07 02:49:59 Image size of job updated: 1216408
	1186  -  MemoryUsage of job (MB)
	1214112  -  ResidentSetSize of job (KB)
...
006 (15756404.371.000) 2026-02-07 04:00:05 Image size of job updated: 1216600
	1186  -  MemoryUsage of job (MB)
	1214112  -  ResidentSetSize of job (KB)
...
006 (15756404.371.000) 2026-02-07 04:20:06 Image size of job updated: 1216600
	1188  -  MemoryUsage of job (MB)
	1215496  -  ResidentSetSize of job (KB)
...
006 (15756404.371.000) 2026-02-07 04:25:06 Image size of job updated: 1216600
	1188  -  MemoryUsage of job (MB)
	1215500  -  ResidentSetSize of job (KB)
...
006 (15756404.371.000) 2026-02-07 13:31:03 Image size of job updated: 1252772
	1188  -  MemoryUsage of job (MB)
	1215500  -  ResidentSetSize of job (KB)
...
006 (15756404.371.000) 2026-02-07 13:41:05 Image size of job updated: 1253284
	1188  -  MemoryUsage of job (MB)
	1215500  -  ResidentSetSize of job (KB)
...
006 (15756404.371.000) 2026-02-07 13:46:05 Image size of job updated: 1255232
	1188  -  MemoryUsage of job (MB)
	1215500  -  ResidentSetSize of job (KB)
...
006 (15756404.371.000) 2026-02-07 14:31:10 Image size of job updated: 1255636
	1188  -  MemoryUsage of job (MB)
	1215500  -  ResidentSetSize of job (KB)
...
006 (15756404.371.000) 2026-02-07 14:36:10 Image size of job updated: 1255636
	1226  -  MemoryUsage of job (MB)
	1255200  -  ResidentSetSize of job (KB)
...
006 (15756404.371.000) 2026-02-07 14:41:11 Image size of job updated: 1255636
	1226  -  MemoryUsage of job (MB)
	1255204  -  ResidentSetSize of job (KB)
...
006 (15756404.371.000) 2026-02-07 14:46:11 Image size of job updated: 1255900
	1226  -  MemoryUsage of job (MB)
	1255204  -  ResidentSetSize of job (KB)
...
006 (15756404.371.000) 2026-02-07 16:11:19 Image size of job updated: 1255968
	1226  -  MemoryUsage of job (MB)
	1255204  -  ResidentSetSize of job (KB)
...
006 (15756404.371.000) 2026-02-07 17:11:24 Image size of job updated: 1256516
	1226  -  MemoryUsage of job (MB)
	1255204  -  ResidentSetSize of job (KB)
...
006 (15756404.371.000) 2026-02-07 20:51:46 Image size of job updated: 1256936
	1226  -  MemoryUsage of job (MB)
	1255204  -  ResidentSetSize of job (KB)
...
006 (15756404.371.000) 2026-02-07 23:07:01 Image size of job updated: 1257348
	1226  -  MemoryUsage of job (MB)
	1255204  -  ResidentSetSize of job (KB)
...
006 (15756404.371.000) 2026-02-07 23:12:01 Image size of job updated: 1257436
	1226  -  MemoryUsage of job (MB)
	1255204  -  ResidentSetSize of job (KB)
...
006 (15756404.371.000) 2026-02-07 23:27:02 Image size of job updated: 1257664
	1226  -  MemoryUsage of job (MB)
	1255204  -  ResidentSetSize of job (KB)
...
006 (15756404.371.000) 2026-02-08 00:47:11 Image size of job updated: 1257668
	1226  -  MemoryUsage of job (MB)
	1255204  -  ResidentSetSize of job (KB)
...
006 (15756404.371.000) 2026-02-08 01:02:12 Image size of job updated: 1257668
	1228  -  MemoryUsage of job (MB)
	1256840  -  ResidentSetSize of job (KB)
...
006 (15756404.371.000) 2026-02-08 01:07:12 Image size of job updated: 1257668
	1228  -  MemoryUsage of job (MB)
	1256844  -  ResidentSetSize of job (KB)
...
006 (15756404.371.000) 2026-02-08 01:32:14 Image size of job updated: 1257956
	1228  -  MemoryUsage of job (MB)
	1256844  -  ResidentSetSize of job (KB)
...
006 (15756404.371.000) 2026-02-08 02:57:24 Image size of job updated: 1258296
	1228  -  MemoryUsage of job (MB)
	1256844  -  ResidentSetSize of job (KB)
...
021 (15756404.371.000) 2026-02-08 15:43:41 Error from starter on slot1_27@pizza12.zeuthen.desy.de:
	runtime exceeded maximum (target.Runtime seconds)
	Code 21 Subcode 103
...
004 (15756404.371.000) 2026-02-08 15:43:41 Job was evicted.
	(0) CPU times
		Usr 6 17:14:45, Sys 3 22:47:49  -  Run Remote Usage
		Usr 0 00:00:00, Sys 0 00:00:00  -  Run Local Usage
	0  -  Run Bytes Sent By Job
	0  -  Run Bytes Received By Job
	Error from slot1_27@pizza12.zeuthen.desy.de: runtime exceeded maximum (target.Runtime seconds)
	Partitionable Resources :     Usage  Request Allocated 
	   Cpus                 :      1.81        8         8 
	   Disk (KB)            :      1     1024000   1025696 
	   GPUs                 :                            0 
	   Memory (MB)          :   1228       16384     16384 
	   TimeSlotBusy (s)     : 172802                       
...
012 (15756404.371.000) 2026-02-08 15:43:41 Job was held.
	Error from slot1_27@pizza12.zeuthen.desy.de: runtime exceeded maximum (target.Runtime seconds)
	Code 21 Subcode 103
...
