000 (15756407.442.000) 2026-02-06 11:26:11 Job submitted from host: <141.34.103.35:9618?addrs=141.34.103.35-9618+[2001-638-700-f067--1-23]-9618&alias=wgs39.zeuthen.desy.de&noUDP&sock=schedd_7414_f73f>
...
001 (15756407.442.000) 2026-02-09 03:24:02 Job executing on host: <141.34.103.52:9618?addrs=141.34.103.52-9618+[2001-638-700-f067--1-34]-9618&alias=wgs42.zeuthen.desy.de&noUDP&sock=startd_9894_0a1e>
	SlotName: slot1_12@wgs42.zeuthen.desy.de
	CondorScratchDir = "/batch/dir_4123104"
	Cpus = 8
	Disk = 1025025
	GPUs = 0
	Memory = 16384
...
006 (15756407.442.000) 2026-02-09 03:24:16 Image size of job updated: 91540
	90  -  MemoryUsage of job (MB)
	91540  -  ResidentSetSize of job (KB)
...
006 (15756407.442.000) 2026-02-09 03:29:17 Image size of job updated: 288900
	278  -  MemoryUsage of job (MB)
	284172  -  ResidentSetSize of job (KB)
...
006 (15756407.442.000) 2026-02-09 03:34:17 Image size of job updated: 299356
	293  -  MemoryUsage of job (MB)
	299356  -  ResidentSetSize of job (KB)
...
006 (15756407.442.000) 2026-02-09 03:39:17 Image size of job updated: 304312
	295  -  MemoryUsage of job (MB)
	301640  -  ResidentSetSize of job (KB)
...
006 (15756407.442.000) 2026-02-09 03:44:18 Image size of job updated: 305196
	299  -  MemoryUsage of job (MB)
	305196  -  ResidentSetSize of job (KB)
...
006 (15756407.442.000) 2026-02-09 03:49:18 Image size of job updated: 318604
	312  -  MemoryUsage of job (MB)
	318604  -  ResidentSetSize of job (KB)
...
006 (15756407.442.000) 2026-02-09 03:54:18 Image size of job updated: 332436
	325  -  MemoryUsage of job (MB)
	332436  -  ResidentSetSize of job (KB)
...
006 (15756407.442.000) 2026-02-09 03:59:19 Image size of job updated: 332692
	325  -  MemoryUsage of job (MB)
	332436  -  ResidentSetSize of job (KB)
...
006 (15756407.442.000) 2026-02-09 04:04:20 Image size of job updated: 334560
	327  -  MemoryUsage of job (MB)
	334560  -  ResidentSetSize of job (KB)
...
006 (15756407.442.000) 2026-02-09 04:09:20 Image size of job updated: 353352
	346  -  MemoryUsage of job (MB)
	353352  -  ResidentSetSize of job (KB)
...
006 (15756407.442.000) 2026-02-09 04:14:21 Image size of job updated: 358084
	350  -  MemoryUsage of job (MB)
	358084  -  ResidentSetSize of job (KB)
...
006 (15756407.442.000) 2026-02-09 04:19:22 Image size of job updated: 366292
	358  -  MemoryUsage of job (MB)
	366292  -  ResidentSetSize of job (KB)
...
006 (15756407.442.000) 2026-02-09 04:29:23 Image size of job updated: 366548
	358  -  MemoryUsage of job (MB)
	366548  -  ResidentSetSize of job (KB)
...
006 (15756407.442.000) 2026-02-09 04:49:25 Image size of job updated: 366848
	359  -  MemoryUsage of job (MB)
	366848  -  ResidentSetSize of job (KB)
...
006 (15756407.442.000) 2026-02-09 04:59:25 Image size of job updated: 371056
	363  -  MemoryUsage of job (MB)
	371056  -  ResidentSetSize of job (KB)
...
006 (15756407.442.000) 2026-02-09 05:09:26 Image size of job updated: 371212
	363  -  MemoryUsage of job (MB)
	371212  -  ResidentSetSize of job (KB)
...
006 (15756407.442.000) 2026-02-09 05:14:26 Image size of job updated: 386772
	378  -  MemoryUsage of job (MB)
	386772  -  ResidentSetSize of job (KB)
...
006 (15756407.442.000) 2026-02-09 05:19:27 Image size of job updated: 390468
	382  -  MemoryUsage of job (MB)
	390468  -  ResidentSetSize of job (KB)
...
006 (15756407.442.000) 2026-02-09 05:39:30 Image size of job updated: 396580
	388  -  MemoryUsage of job (MB)
	396580  -  ResidentSetSize of job (KB)
...
006 (15756407.442.000) 2026-02-09 05:44:30 Image size of job updated: 398708
	390  -  MemoryUsage of job (MB)
	398708  -  ResidentSetSize of job (KB)
...
006 (15756407.442.000) 2026-02-09 06:19:35 Image size of job updated: 398732
	390  -  MemoryUsage of job (MB)
	398732  -  ResidentSetSize of job (KB)
...
006 (15756407.442.000) 2026-02-09 06:24:36 Image size of job updated: 398964
	390  -  MemoryUsage of job (MB)
	398964  -  ResidentSetSize of job (KB)
...
006 (15756407.442.000) 2026-02-09 07:04:38 Image size of job updated: 399008
	390  -  MemoryUsage of job (MB)
	399008  -  ResidentSetSize of job (KB)
...
006 (15756407.442.000) 2026-02-09 07:09:39 Image size of job updated: 399220
	390  -  MemoryUsage of job (MB)
	399220  -  ResidentSetSize of job (KB)
...
006 (15756407.442.000) 2026-02-09 07:19:39 Image size of job updated: 399228
	390  -  MemoryUsage of job (MB)
	399228  -  ResidentSetSize of job (KB)
...
006 (15756407.442.000) 2026-02-09 07:24:40 Image size of job updated: 399476
	391  -  MemoryUsage of job (MB)
	399476  -  ResidentSetSize of job (KB)
...
006 (15756407.442.000) 2026-02-09 07:44:41 Image size of job updated: 429820
	420  -  MemoryUsage of job (MB)
	429820  -  ResidentSetSize of job (KB)
...
006 (15756407.442.000) 2026-02-09 07:49:41 Image size of job updated: 430036
	420  -  MemoryUsage of job (MB)
	430036  -  ResidentSetSize of job (KB)
...
006 (15756407.442.000) 2026-02-09 08:09:43 Image size of job updated: 430048
	420  -  MemoryUsage of job (MB)
	430048  -  ResidentSetSize of job (KB)
...
006 (15756407.442.000) 2026-02-09 08:19:43 Image size of job updated: 430052
	420  -  MemoryUsage of job (MB)
	430052  -  ResidentSetSize of job (KB)
...
006 (15756407.442.000) 2026-02-09 08:24:44 Image size of job updated: 430096
	421  -  MemoryUsage of job (MB)
	430096  -  ResidentSetSize of job (KB)
...
006 (15756407.442.000) 2026-02-09 08:29:44 Image size of job updated: 430308
	421  -  MemoryUsage of job (MB)
	430308  -  ResidentSetSize of job (KB)
...
006 (15756407.442.000) 2026-02-09 08:39:45 Image size of job updated: 430336
	421  -  MemoryUsage of job (MB)
	430336  -  ResidentSetSize of job (KB)
...
006 (15756407.442.000) 2026-02-09 08:59:46 Image size of job updated: 430412
	421  -  MemoryUsage of job (MB)
	430412  -  ResidentSetSize of job (KB)
...
006 (15756407.442.000) 2026-02-09 09:04:46 Image size of job updated: 430472
	421  -  MemoryUsage of job (MB)
	430472  -  ResidentSetSize of job (KB)
...
006 (15756407.442.000) 2026-02-09 09:14:47 Image size of job updated: 430640
	421  -  MemoryUsage of job (MB)
	430640  -  ResidentSetSize of job (KB)
...
006 (15756407.442.000) 2026-02-09 09:19:47 Image size of job updated: 430792
	421  -  MemoryUsage of job (MB)
	430792  -  ResidentSetSize of job (KB)
...
006 (15756407.442.000) 2026-02-09 09:29:49 Image size of job updated: 430832
	421  -  MemoryUsage of job (MB)
	430832  -  ResidentSetSize of job (KB)
...
006 (15756407.442.000) 2026-02-09 09:44:51 Image size of job updated: 430836
	421  -  MemoryUsage of job (MB)
	430836  -  ResidentSetSize of job (KB)
...
006 (15756407.442.000) 2026-02-09 09:49:51 Image size of job updated: 430840
	421  -  MemoryUsage of job (MB)
	430840  -  ResidentSetSize of job (KB)
...
006 (15756407.442.000) 2026-02-09 09:54:52 Image size of job updated: 431212
	422  -  MemoryUsage of job (MB)
	431212  -  ResidentSetSize of job (KB)
...
006 (15756407.442.000) 2026-02-09 10:04:53 Image size of job updated: 432116
	422  -  MemoryUsage of job (MB)
	432116  -  ResidentSetSize of job (KB)
...
006 (15756407.442.000) 2026-02-09 10:34:57 Image size of job updated: 432464
	423  -  MemoryUsage of job (MB)
	432464  -  ResidentSetSize of job (KB)
...
006 (15756407.442.000) 2026-02-09 10:39:58 Image size of job updated: 432560
	423  -  MemoryUsage of job (MB)
	432560  -  ResidentSetSize of job (KB)
...
006 (15756407.442.000) 2026-02-09 10:49:59 Image size of job updated: 432584
	423  -  MemoryUsage of job (MB)
	432584  -  ResidentSetSize of job (KB)
...
006 (15756407.442.000) 2026-02-09 11:05:01 Image size of job updated: 432656
	423  -  MemoryUsage of job (MB)
	432656  -  ResidentSetSize of job (KB)
...
006 (15756407.442.000) 2026-02-09 11:10:02 Image size of job updated: 432940
	423  -  MemoryUsage of job (MB)
	432940  -  ResidentSetSize of job (KB)
...
006 (15756407.442.000) 2026-02-09 11:15:03 Image size of job updated: 433052
	423  -  MemoryUsage of job (MB)
	433052  -  ResidentSetSize of job (KB)
...
006 (15756407.442.000) 2026-02-09 11:20:03 Image size of job updated: 433812
	424  -  MemoryUsage of job (MB)
	433812  -  ResidentSetSize of job (KB)
...
006 (15756407.442.000) 2026-02-09 11:30:04 Image size of job updated: 433856
	424  -  MemoryUsage of job (MB)
	433856  -  ResidentSetSize of job (KB)
...
006 (15756407.442.000) 2026-02-09 11:35:04 Image size of job updated: 434016
	424  -  MemoryUsage of job (MB)
	434016  -  ResidentSetSize of job (KB)
...
006 (15756407.442.000) 2026-02-09 11:50:05 Image size of job updated: 434140
	424  -  MemoryUsage of job (MB)
	434140  -  ResidentSetSize of job (KB)
...
006 (15756407.442.000) 2026-02-09 11:55:05 Image size of job updated: 434144
	424  -  MemoryUsage of job (MB)
	434144  -  ResidentSetSize of job (KB)
...
006 (15756407.442.000) 2026-02-09 12:05:06 Image size of job updated: 434292
	425  -  MemoryUsage of job (MB)
	434292  -  ResidentSetSize of job (KB)
...
006 (15756407.442.000) 2026-02-09 12:10:06 Image size of job updated: 434316
	425  -  MemoryUsage of job (MB)
	434316  -  ResidentSetSize of job (KB)
...
006 (15756407.442.000) 2026-02-09 12:25:07 Image size of job updated: 434344
	425  -  MemoryUsage of job (MB)
	434344  -  ResidentSetSize of job (KB)
...
006 (15756407.442.000) 2026-02-09 12:40:08 Image size of job updated: 434848
	425  -  MemoryUsage of job (MB)
	434848  -  ResidentSetSize of job (KB)
...
006 (15756407.442.000) 2026-02-09 12:45:09 Image size of job updated: 434976
	425  -  MemoryUsage of job (MB)
	434976  -  ResidentSetSize of job (KB)
...
006 (15756407.442.000) 2026-02-09 12:55:09 Image size of job updated: 435060
	425  -  MemoryUsage of job (MB)
	435060  -  ResidentSetSize of job (KB)
...
006 (15756407.442.000) 2026-02-09 14:25:15 Image size of job updated: 435184
	425  -  MemoryUsage of job (MB)
	435184  -  ResidentSetSize of job (KB)
...
006 (15756407.442.000) 2026-02-09 14:30:16 Image size of job updated: 435300
	426  -  MemoryUsage of job (MB)
	435300  -  ResidentSetSize of job (KB)
...
006 (15756407.442.000) 2026-02-09 15:00:18 Image size of job updated: 435884
	426  -  MemoryUsage of job (MB)
	435884  -  ResidentSetSize of job (KB)
...
006 (15756407.442.000) 2026-02-09 15:25:21 Image size of job updated: 435968
	426  -  MemoryUsage of job (MB)
	435968  -  ResidentSetSize of job (KB)
...
006 (15756407.442.000) 2026-02-09 15:55:25 Image size of job updated: 436012
	426  -  MemoryUsage of job (MB)
	436012  -  ResidentSetSize of job (KB)
...
006 (15756407.442.000) 2026-02-09 17:00:33 Image size of job updated: 436032
	426  -  MemoryUsage of job (MB)
	436032  -  ResidentSetSize of job (KB)
...
006 (15756407.442.000) 2026-02-09 23:51:21 Image size of job updated: 436040
	426  -  MemoryUsage of job (MB)
	436040  -  ResidentSetSize of job (KB)
...
006 (15756407.442.000) 2026-02-10 01:11:28 Image size of job updated: 436084
	426  -  MemoryUsage of job (MB)
	436084  -  ResidentSetSize of job (KB)
...
006 (15756407.442.000) 2026-02-10 04:41:47 Image size of job updated: 436168
	426  -  MemoryUsage of job (MB)
	436168  -  ResidentSetSize of job (KB)
...
006 (15756407.442.000) 2026-02-10 04:46:48 Image size of job updated: 436208
	426  -  MemoryUsage of job (MB)
	436208  -  ResidentSetSize of job (KB)
...
006 (15756407.442.000) 2026-02-10 06:52:01 Image size of job updated: 436212
	426  -  MemoryUsage of job (MB)
	436212  -  ResidentSetSize of job (KB)
...
022 (15756407.442.000) 2026-02-10 08:04:04 Job disconnected, attempting to reconnect
    Local schedd and job shadow died, schedd now running again
    Trying to reconnect to slot1_12@wgs42.zeuthen.desy.de <141.34.103.52:9618?addrs=141.34.103.52-9618+[2001-638-700-f067--1-34]-9618&alias=wgs42.zeuthen.desy.de&noUDP&sock=startd_9894_0a1e>
...
023 (15756407.442.000) 2026-02-10 08:04:11 Job reconnected to slot1_12@wgs42.zeuthen.desy.de
    startd address: <141.34.103.52:9618?addrs=141.34.103.52-9618+[2001-638-700-f067--1-34]-9618&alias=wgs42.zeuthen.desy.de&noUDP&sock=startd_9894_0a1e>
    starter address: <141.34.103.52:9618?addrs=141.34.103.52-9618+[2001-638-700-f067--1-34]-9618&alias=wgs42.zeuthen.desy.de&noUDP&sock=slot1_12_11187_00e0_14579>
...
004 (15756407.442.000) 2026-02-10 11:42:40 Job was evicted.
	(0) CPU times
		Usr 8 16:01:27, Sys 0 00:42:37  -  Run Remote Usage
		Usr 0 00:00:00, Sys 0 00:00:00  -  Run Local Usage
	0  -  Run Bytes Sent By Job
	0  -  Run Bytes Received By Job
	Partitionable Resources :         Usage  Request Allocated 
	   Cpus                 :          7.92        8         8 
	   Disk (KB)            :          1     1024000   1025025 
	   Memory (MB)          :        440       16384     16384 
	   TimeExecute (s)      : 1770720159                       
	   TimeSlotBusy (s)     : 1770720160                       
...
009 (15756407.442.000) 2026-02-10 11:42:40 Job was aborted.
	via condor_rm (by user tuccia)
...
000 (15949294.295.000) 2026-02-10 11:45:20 Job submitted from host: <141.34.103.35:9618?addrs=141.34.103.35-9618+[2001-638-700-f067--1-23]-9618&alias=wgs39.zeuthen.desy.de&noUDP&sock=schedd_7302_24a3>
...
009 (15949294.295.000) 2026-02-10 11:45:46 Job was aborted.
	via condor_rm (by user tuccia)
...
000 (15949295.295.000) 2026-02-10 11:46:04 Job submitted from host: <141.34.103.35:9618?addrs=141.34.103.35-9618+[2001-638-700-f067--1-23]-9618&alias=wgs39.zeuthen.desy.de&noUDP&sock=schedd_7302_24a3>
...
001 (15949295.295.000) 2026-02-10 16:04:17 Job executing on host: <141.34.15.44:9618?addrs=141.34.15.44-9618+[2001-638-700-f00f--1-2c]-9618&alias=pizza15.zeuthen.desy.de&noUDP&sock=startd_9131_af5b>
	SlotName: slot1_10@pizza15.zeuthen.desy.de
	CondorScratchDir = "/batch/dir_677910"
	Cpus = 8
	Disk = 1025696
	GPUs = 0
	Memory = 16384
...
006 (15949295.295.000) 2026-02-10 16:04:30 Image size of job updated: 91424
	90  -  MemoryUsage of job (MB)
	91424  -  ResidentSetSize of job (KB)
...
006 (15949295.295.000) 2026-02-10 16:09:30 Image size of job updated: 338280
	330  -  MemoryUsage of job (MB)
	337540  -  ResidentSetSize of job (KB)
...
006 (15949295.295.000) 2026-02-10 16:14:30 Image size of job updated: 338780
	330  -  MemoryUsage of job (MB)
	337540  -  ResidentSetSize of job (KB)
...
006 (15949295.295.000) 2026-02-10 16:19:31 Image size of job updated: 352668
	345  -  MemoryUsage of job (MB)
	352504  -  ResidentSetSize of job (KB)
...
006 (15949295.295.000) 2026-02-10 16:24:31 Image size of job updated: 355192
	345  -  MemoryUsage of job (MB)
	352752  -  ResidentSetSize of job (KB)
...
006 (15949295.295.000) 2026-02-10 16:29:31 Image size of job updated: 356392
	347  -  MemoryUsage of job (MB)
	354992  -  ResidentSetSize of job (KB)
...
006 (15949295.295.000) 2026-02-10 16:34:32 Image size of job updated: 357016
	349  -  MemoryUsage of job (MB)
	357016  -  ResidentSetSize of job (KB)
...
006 (15949295.295.000) 2026-02-10 16:39:32 Image size of job updated: 357152
	349  -  MemoryUsage of job (MB)
	357152  -  ResidentSetSize of job (KB)
...
006 (15949295.295.000) 2026-02-10 16:44:32 Image size of job updated: 357408
	350  -  MemoryUsage of job (MB)
	357408  -  ResidentSetSize of job (KB)
...
006 (15949295.295.000) 2026-02-10 16:49:33 Image size of job updated: 357784
	350  -  MemoryUsage of job (MB)
	357784  -  ResidentSetSize of job (KB)
...
006 (15949295.295.000) 2026-02-10 16:54:33 Image size of job updated: 380772
	372  -  MemoryUsage of job (MB)
	380772  -  ResidentSetSize of job (KB)
...
006 (15949295.295.000) 2026-02-10 16:59:33 Image size of job updated: 380964
	373  -  MemoryUsage of job (MB)
	380964  -  ResidentSetSize of job (KB)
...
006 (15949295.295.000) 2026-02-10 17:04:34 Image size of job updated: 392800
	384  -  MemoryUsage of job (MB)
	392800  -  ResidentSetSize of job (KB)
...
006 (15949295.295.000) 2026-02-10 17:09:34 Image size of job updated: 393384
	385  -  MemoryUsage of job (MB)
	393384  -  ResidentSetSize of job (KB)
...
006 (15949295.295.000) 2026-02-10 17:24:35 Image size of job updated: 393640
	385  -  MemoryUsage of job (MB)
	393640  -  ResidentSetSize of job (KB)
...
006 (15949295.295.000) 2026-02-10 17:29:35 Image size of job updated: 393644
	385  -  MemoryUsage of job (MB)
	393644  -  ResidentSetSize of job (KB)
...
006 (15949295.295.000) 2026-02-10 17:39:36 Image size of job updated: 406024
	397  -  MemoryUsage of job (MB)
	406024  -  ResidentSetSize of job (KB)
...
006 (15949295.295.000) 2026-02-10 17:44:36 Image size of job updated: 406268
	397  -  MemoryUsage of job (MB)
	406268  -  ResidentSetSize of job (KB)
...
006 (15949295.295.000) 2026-02-10 17:49:37 Image size of job updated: 406500
	397  -  MemoryUsage of job (MB)
	406500  -  ResidentSetSize of job (KB)
...
006 (15949295.295.000) 2026-02-10 17:59:37 Image size of job updated: 415060
	406  -  MemoryUsage of job (MB)
	415060  -  ResidentSetSize of job (KB)
...
006 (15949295.295.000) 2026-02-10 18:04:38 Image size of job updated: 415704
	406  -  MemoryUsage of job (MB)
	415704  -  ResidentSetSize of job (KB)
...
006 (15949295.295.000) 2026-02-10 18:34:40 Image size of job updated: 415960
	407  -  MemoryUsage of job (MB)
	415960  -  ResidentSetSize of job (KB)
...
006 (15949295.295.000) 2026-02-10 19:04:42 Image size of job updated: 416004
	407  -  MemoryUsage of job (MB)
	416004  -  ResidentSetSize of job (KB)
...
006 (15949295.295.000) 2026-02-10 19:09:42 Image size of job updated: 416216
	407  -  MemoryUsage of job (MB)
	416216  -  ResidentSetSize of job (KB)
...
006 (15949295.295.000) 2026-02-10 19:19:43 Image size of job updated: 416472
	407  -  MemoryUsage of job (MB)
	416472  -  ResidentSetSize of job (KB)
...
006 (15949295.295.000) 2026-02-10 19:34:44 Image size of job updated: 483300
	472  -  MemoryUsage of job (MB)
	483300  -  ResidentSetSize of job (KB)
...
006 (15949295.295.000) 2026-02-10 19:39:44 Image size of job updated: 484160
	473  -  MemoryUsage of job (MB)
	484160  -  ResidentSetSize of job (KB)
...
006 (15949295.295.000) 2026-02-10 19:44:44 Image size of job updated: 484340
	473  -  MemoryUsage of job (MB)
	484340  -  ResidentSetSize of job (KB)
...
006 (15949295.295.000) 2026-02-10 20:29:49 Image size of job updated: 484344
	473  -  MemoryUsage of job (MB)
	484344  -  ResidentSetSize of job (KB)
...
006 (15949295.295.000) 2026-02-10 20:54:51 Image size of job updated: 484360
	474  -  MemoryUsage of job (MB)
	484360  -  ResidentSetSize of job (KB)
...
006 (15949295.295.000) 2026-02-10 21:04:52 Image size of job updated: 484600
	474  -  MemoryUsage of job (MB)
	484600  -  ResidentSetSize of job (KB)
...
006 (15949295.295.000) 2026-02-10 22:04:58 Image size of job updated: 484632
	474  -  MemoryUsage of job (MB)
	484632  -  ResidentSetSize of job (KB)
...
006 (15949295.295.000) 2026-02-10 22:35:00 Image size of job updated: 484636
	474  -  MemoryUsage of job (MB)
	484636  -  ResidentSetSize of job (KB)
...
006 (15949295.295.000) 2026-02-10 23:10:03 Image size of job updated: 484664
	474  -  MemoryUsage of job (MB)
	484664  -  ResidentSetSize of job (KB)
...
006 (15949295.295.000) 2026-02-10 23:20:04 Image size of job updated: 484808
	474  -  MemoryUsage of job (MB)
	484808  -  ResidentSetSize of job (KB)
...
006 (15949295.295.000) 2026-02-10 23:25:05 Image size of job updated: 485060
	474  -  MemoryUsage of job (MB)
	485060  -  ResidentSetSize of job (KB)
...
006 (15949295.295.000) 2026-02-11 00:10:10 Image size of job updated: 485076
	474  -  MemoryUsage of job (MB)
	485076  -  ResidentSetSize of job (KB)
...
006 (15949295.295.000) 2026-02-11 00:15:10 Image size of job updated: 485080
	474  -  MemoryUsage of job (MB)
	485080  -  ResidentSetSize of job (KB)
...
006 (15949295.295.000) 2026-02-11 00:20:11 Image size of job updated: 485256
	474  -  MemoryUsage of job (MB)
	485256  -  ResidentSetSize of job (KB)
...
006 (15949295.295.000) 2026-02-11 00:25:12 Image size of job updated: 485628
	475  -  MemoryUsage of job (MB)
	485628  -  ResidentSetSize of job (KB)
...
006 (15949295.295.000) 2026-02-11 00:30:12 Image size of job updated: 485700
	475  -  MemoryUsage of job (MB)
	485700  -  ResidentSetSize of job (KB)
...
006 (15949295.295.000) 2026-02-11 00:40:13 Image size of job updated: 485708
	475  -  MemoryUsage of job (MB)
	485708  -  ResidentSetSize of job (KB)
...
006 (15949295.295.000) 2026-02-11 00:50:14 Image size of job updated: 485912
	475  -  MemoryUsage of job (MB)
	485912  -  ResidentSetSize of job (KB)
...
006 (15949295.295.000) 2026-02-11 00:55:14 Image size of job updated: 485952
	475  -  MemoryUsage of job (MB)
	485952  -  ResidentSetSize of job (KB)
...
006 (15949295.295.000) 2026-02-11 01:00:14 Image size of job updated: 486076
	475  -  MemoryUsage of job (MB)
	486076  -  ResidentSetSize of job (KB)
...
006 (15949295.295.000) 2026-02-11 01:05:15 Image size of job updated: 486136
	475  -  MemoryUsage of job (MB)
	486136  -  ResidentSetSize of job (KB)
...
006 (15949295.295.000) 2026-02-11 01:20:17 Image size of job updated: 486212
	475  -  MemoryUsage of job (MB)
	486212  -  ResidentSetSize of job (KB)
...
006 (15949295.295.000) 2026-02-11 01:25:17 Image size of job updated: 486236
	475  -  MemoryUsage of job (MB)
	486236  -  ResidentSetSize of job (KB)
...
006 (15949295.295.000) 2026-02-11 01:30:18 Image size of job updated: 486320
	475  -  MemoryUsage of job (MB)
	486320  -  ResidentSetSize of job (KB)
...
006 (15949295.295.000) 2026-02-11 01:40:18 Image size of job updated: 486616
	476  -  MemoryUsage of job (MB)
	486616  -  ResidentSetSize of job (KB)
...
006 (15949295.295.000) 2026-02-11 02:10:21 Image size of job updated: 486672
	476  -  MemoryUsage of job (MB)
	486672  -  ResidentSetSize of job (KB)
...
006 (15949295.295.000) 2026-02-11 02:20:22 Image size of job updated: 486800
	476  -  MemoryUsage of job (MB)
	486800  -  ResidentSetSize of job (KB)
...
006 (15949295.295.000) 2026-02-11 02:30:24 Image size of job updated: 486816
	476  -  MemoryUsage of job (MB)
	486816  -  ResidentSetSize of job (KB)
...
006 (15949295.295.000) 2026-02-11 02:35:24 Image size of job updated: 486880
	476  -  MemoryUsage of job (MB)
	486880  -  ResidentSetSize of job (KB)
...
006 (15949295.295.000) 2026-02-11 03:05:27 Image size of job updated: 486916
	476  -  MemoryUsage of job (MB)
	486916  -  ResidentSetSize of job (KB)
...
006 (15949295.295.000) 2026-02-11 03:10:28 Image size of job updated: 486976
	476  -  MemoryUsage of job (MB)
	486976  -  ResidentSetSize of job (KB)
...
006 (15949295.295.000) 2026-02-11 04:00:32 Image size of job updated: 487120
	476  -  MemoryUsage of job (MB)
	487120  -  ResidentSetSize of job (KB)
...
006 (15949295.295.000) 2026-02-11 09:51:07 Image size of job updated: 487768
	477  -  MemoryUsage of job (MB)
	487768  -  ResidentSetSize of job (KB)
...
006 (15949295.295.000) 2026-02-11 10:16:10 Image size of job updated: 487816
	477  -  MemoryUsage of job (MB)
	487816  -  ResidentSetSize of job (KB)
...
006 (15949295.295.000) 2026-02-11 10:21:11 Image size of job updated: 487888
	477  -  MemoryUsage of job (MB)
	487888  -  ResidentSetSize of job (KB)
...
006 (15949295.295.000) 2026-02-11 10:41:12 Image size of job updated: 488040
	477  -  MemoryUsage of job (MB)
	488040  -  ResidentSetSize of job (KB)
...
006 (15949295.295.000) 2026-02-11 11:26:17 Image size of job updated: 488296
	477  -  MemoryUsage of job (MB)
	488296  -  ResidentSetSize of job (KB)
...
006 (15949295.295.000) 2026-02-11 21:32:22 Image size of job updated: 488324
	477  -  MemoryUsage of job (MB)
	488324  -  ResidentSetSize of job (KB)
...
006 (15949295.295.000) 2026-02-11 21:57:24 Image size of job updated: 488408
	477  -  MemoryUsage of job (MB)
	488408  -  ResidentSetSize of job (KB)
...
006 (15949295.295.000) 2026-02-12 03:32:58 Image size of job updated: 488416
	477  -  MemoryUsage of job (MB)
	488416  -  ResidentSetSize of job (KB)
...
006 (15949295.295.000) 2026-02-12 03:53:00 Image size of job updated: 488500
	478  -  MemoryUsage of job (MB)
	488500  -  ResidentSetSize of job (KB)
...
006 (15949295.295.000) 2026-02-12 04:03:01 Image size of job updated: 488516
	478  -  MemoryUsage of job (MB)
	488516  -  ResidentSetSize of job (KB)
...
006 (15949295.295.000) 2026-02-12 05:18:09 Image size of job updated: 488536
	478  -  MemoryUsage of job (MB)
	488536  -  ResidentSetSize of job (KB)
...
006 (15949295.295.000) 2026-02-12 07:13:21 Image size of job updated: 488552
	478  -  MemoryUsage of job (MB)
	488552  -  ResidentSetSize of job (KB)
...
006 (15949295.295.000) 2026-02-12 09:48:36 Image size of job updated: 488632
	478  -  MemoryUsage of job (MB)
	488632  -  ResidentSetSize of job (KB)
...
021 (15949295.295.000) 2026-02-12 16:04:17 Error from starter on slot1_10@pizza15.zeuthen.desy.de:
	runtime exceeded maximum (target.Runtime seconds)
	Code 21 Subcode 103
...
004 (15949295.295.000) 2026-02-12 16:04:17 Job was evicted.
	(0) CPU times
		Usr 13 03:14:13, Sys 0 01:54:47  -  Run Remote Usage
		Usr 0 00:00:00, Sys 0 00:00:00  -  Run Local Usage
	0  -  Run Bytes Sent By Job
	0  -  Run Bytes Received By Job
	Error from slot1_10@pizza15.zeuthen.desy.de: runtime exceeded maximum (target.Runtime seconds)
	Partitionable Resources :     Usage  Request Allocated 
	   Cpus                 :      7.92        8         8 
	   Disk (KB)            :      1     1024000   1025696 
	   GPUs                 :                            0 
	   Memory (MB)          :    478       16384     16384 
	   TimeSlotBusy (s)     : 172800                       
...
012 (15949295.295.000) 2026-02-12 16:04:17 Job was held.
	Error from slot1_10@pizza15.zeuthen.desy.de: runtime exceeded maximum (target.Runtime seconds)
	Code 21 Subcode 103
...
009 (15949295.295.000) 2026-02-16 17:16:22 Job was aborted.
	via condor_rm (by user tuccia)
...
