000 (15756404.527.000) 2026-02-06 11:24:35 Job submitted from host: <141.34.103.35:9618?addrs=141.34.103.35-9618+[2001-638-700-f067--1-23]-9618&alias=wgs39.zeuthen.desy.de&noUDP&sock=schedd_7414_f73f>
...
001 (15756404.527.000) 2026-02-06 19:29:53 Job executing on host: <141.34.103.53:9618?addrs=141.34.103.53-9618+[2001-638-700-f067--1-35]-9618&alias=wgs43.zeuthen.desy.de&noUDP&sock=startd_8324_266d>
	SlotName: slot1_6@wgs43.zeuthen.desy.de
	CondorScratchDir = "/batch/dir_508565"
	Cpus = 8
	Disk = 1025025
	GPUs = 0
	Memory = 16384
...
006 (15756404.527.000) 2026-02-06 19:30:06 Image size of job updated: 91496
	90  -  MemoryUsage of job (MB)
	91496  -  ResidentSetSize of job (KB)
...
006 (15756404.527.000) 2026-02-06 19:35:06 Image size of job updated: 1230856
	930  -  MemoryUsage of job (MB)
	951820  -  ResidentSetSize of job (KB)
...
006 (15756404.527.000) 2026-02-06 19:40:07 Image size of job updated: 1238432
	1185  -  MemoryUsage of job (MB)
	1213276  -  ResidentSetSize of job (KB)
...
006 (15756404.527.000) 2026-02-06 19:45:07 Image size of job updated: 1238432
	1204  -  MemoryUsage of job (MB)
	1232376  -  ResidentSetSize of job (KB)
...
006 (15756404.527.000) 2026-02-06 19:50:07 Image size of job updated: 1239292
	1206  -  MemoryUsage of job (MB)
	1233988  -  ResidentSetSize of job (KB)
...
006 (15756404.527.000) 2026-02-06 19:55:08 Image size of job updated: 1240320
	1206  -  MemoryUsage of job (MB)
	1233988  -  ResidentSetSize of job (KB)
...
006 (15756404.527.000) 2026-02-06 20:00:09 Image size of job updated: 1240320
	1206  -  MemoryUsage of job (MB)
	1234440  -  ResidentSetSize of job (KB)
...
006 (15756404.527.000) 2026-02-06 20:05:09 Image size of job updated: 1240320
	1207  -  MemoryUsage of job (MB)
	1235060  -  ResidentSetSize of job (KB)
...
006 (15756404.527.000) 2026-02-06 20:10:10 Image size of job updated: 1240808
	1208  -  MemoryUsage of job (MB)
	1236164  -  ResidentSetSize of job (KB)
...
006 (15756404.527.000) 2026-02-06 20:15:11 Image size of job updated: 1240808
	1212  -  MemoryUsage of job (MB)
	1240280  -  ResidentSetSize of job (KB)
...
006 (15756404.527.000) 2026-02-06 20:20:11 Image size of job updated: 1240808
	1212  -  MemoryUsage of job (MB)
	1240772  -  ResidentSetSize of job (KB)
...
006 (15756404.527.000) 2026-02-06 20:35:13 Image size of job updated: 1241260
	1212  -  MemoryUsage of job (MB)
	1240772  -  ResidentSetSize of job (KB)
...
006 (15756404.527.000) 2026-02-06 21:10:16 Image size of job updated: 1241388
	1212  -  MemoryUsage of job (MB)
	1240772  -  ResidentSetSize of job (KB)
...
006 (15756404.527.000) 2026-02-06 21:25:17 Image size of job updated: 1241576
	1212  -  MemoryUsage of job (MB)
	1240772  -  ResidentSetSize of job (KB)
...
006 (15756404.527.000) 2026-02-06 21:40:18 Image size of job updated: 1241824
	1212  -  MemoryUsage of job (MB)
	1240772  -  ResidentSetSize of job (KB)
...
006 (15756404.527.000) 2026-02-06 21:45:19 Image size of job updated: 1241912
	1212  -  MemoryUsage of job (MB)
	1240772  -  ResidentSetSize of job (KB)
...
006 (15756404.527.000) 2026-02-06 21:50:20 Image size of job updated: 1242524
	1212  -  MemoryUsage of job (MB)
	1240772  -  ResidentSetSize of job (KB)
...
006 (15756404.527.000) 2026-02-06 22:15:23 Image size of job updated: 1242872
	1212  -  MemoryUsage of job (MB)
	1240772  -  ResidentSetSize of job (KB)
...
006 (15756404.527.000) 2026-02-06 22:25:24 Image size of job updated: 1243536
	1212  -  MemoryUsage of job (MB)
	1240772  -  ResidentSetSize of job (KB)
...
006 (15756404.527.000) 2026-02-06 22:30:25 Image size of job updated: 1243808
	1212  -  MemoryUsage of job (MB)
	1240772  -  ResidentSetSize of job (KB)
...
006 (15756404.527.000) 2026-02-06 23:10:28 Image size of job updated: 1245960
	1212  -  MemoryUsage of job (MB)
	1240772  -  ResidentSetSize of job (KB)
...
006 (15756404.527.000) 2026-02-07 00:50:38 Image size of job updated: 1246380
	1212  -  MemoryUsage of job (MB)
	1240772  -  ResidentSetSize of job (KB)
...
006 (15756404.527.000) 2026-02-07 01:05:39 Image size of job updated: 1246420
	1212  -  MemoryUsage of job (MB)
	1240772  -  ResidentSetSize of job (KB)
...
006 (15756404.527.000) 2026-02-07 01:45:44 Image size of job updated: 1246644
	1212  -  MemoryUsage of job (MB)
	1240772  -  ResidentSetSize of job (KB)
...
006 (15756404.527.000) 2026-02-07 02:15:48 Image size of job updated: 1246644
	1218  -  MemoryUsage of job (MB)
	1246376  -  ResidentSetSize of job (KB)
...
006 (15756404.527.000) 2026-02-07 02:20:48 Image size of job updated: 1246644
	1218  -  MemoryUsage of job (MB)
	1246380  -  ResidentSetSize of job (KB)
...
006 (15756404.527.000) 2026-02-07 03:15:53 Image size of job updated: 1246996
	1218  -  MemoryUsage of job (MB)
	1246380  -  ResidentSetSize of job (KB)
...
006 (15756404.527.000) 2026-02-07 03:55:57 Image size of job updated: 1247316
	1218  -  MemoryUsage of job (MB)
	1246380  -  ResidentSetSize of job (KB)
...
006 (15756404.527.000) 2026-02-07 04:51:02 Image size of job updated: 1247496
	1218  -  MemoryUsage of job (MB)
	1246380  -  ResidentSetSize of job (KB)
...
006 (15756404.527.000) 2026-02-07 04:56:02 Image size of job updated: 1247536
	1218  -  MemoryUsage of job (MB)
	1246380  -  ResidentSetSize of job (KB)
...
006 (15756404.527.000) 2026-02-07 05:16:04 Image size of job updated: 1247692
	1218  -  MemoryUsage of job (MB)
	1246380  -  ResidentSetSize of job (KB)
...
006 (15756404.527.000) 2026-02-07 05:21:05 Image size of job updated: 1247976
	1218  -  MemoryUsage of job (MB)
	1246380  -  ResidentSetSize of job (KB)
...
006 (15756404.527.000) 2026-02-07 06:26:10 Image size of job updated: 1248200
	1218  -  MemoryUsage of job (MB)
	1246380  -  ResidentSetSize of job (KB)
...
006 (15756404.527.000) 2026-02-07 06:56:14 Image size of job updated: 1248300
	1218  -  MemoryUsage of job (MB)
	1246380  -  ResidentSetSize of job (KB)
...
006 (15756404.527.000) 2026-02-07 07:11:15 Image size of job updated: 1248300
	1219  -  MemoryUsage of job (MB)
	1247764  -  ResidentSetSize of job (KB)
...
006 (15756404.527.000) 2026-02-07 08:31:23 Image size of job updated: 1248504
	1219  -  MemoryUsage of job (MB)
	1247764  -  ResidentSetSize of job (KB)
...
006 (15756404.527.000) 2026-02-08 04:13:23 Image size of job updated: 1248504
	1219  -  MemoryUsage of job (MB)
	1248204  -  ResidentSetSize of job (KB)
...
006 (15756404.527.000) 2026-02-08 04:18:23 Image size of job updated: 1248504
	1219  -  MemoryUsage of job (MB)
	1248208  -  ResidentSetSize of job (KB)
...
021 (15756404.527.000) 2026-02-08 19:29:56 Error from starter on slot1_6@wgs43.zeuthen.desy.de:
	runtime exceeded maximum (target.Runtime seconds)
	Code 21 Subcode 103
...
004 (15756404.527.000) 2026-02-08 19:29:56 Job was evicted.
	(0) CPU times
		Usr 6 23:20:27, Sys 4 01:23:28  -  Run Remote Usage
		Usr 0 00:00:00, Sys 0 00:00:00  -  Run Local Usage
	0  -  Run Bytes Sent By Job
	0  -  Run Bytes Received By Job
	Error from slot1_6@wgs43.zeuthen.desy.de: runtime exceeded maximum (target.Runtime seconds)
	Partitionable Resources :     Usage  Request Allocated 
	   Cpus                 :      3.20        8         8 
	   Disk (KB)            :      1     1024000   1025025 
	   GPUs                 :                            0 
	   Memory (MB)          :   1219       16384     16384 
	   TimeSlotBusy (s)     : 172803                       
...
012 (15756404.527.000) 2026-02-08 19:29:56 Job was held.
	Error from slot1_6@wgs43.zeuthen.desy.de: runtime exceeded maximum (target.Runtime seconds)
	Code 21 Subcode 103
...
