000 (15756407.413.000) 2026-02-06 11:26:11 Job submitted from host: <141.34.103.35:9618?addrs=141.34.103.35-9618+[2001-638-700-f067--1-23]-9618&alias=wgs39.zeuthen.desy.de&noUDP&sock=schedd_7414_f73f>
...
001 (15756407.413.000) 2026-02-09 02:39:43 Job executing on host: <141.34.15.46:9618?addrs=141.34.15.46-9618+[2001-638-700-f00f--1-2e]-9618&alias=pizza17.zeuthen.desy.de&noUDP&sock=startd_8231_5c1f>
	SlotName: slot1_3@pizza17.zeuthen.desy.de
	CondorScratchDir = "/batch/dir_1763503"
	Cpus = 8
	Disk = 1025696
	GPUs = 0
	Memory = 16384
...
006 (15756407.413.000) 2026-02-09 02:39:56 Image size of job updated: 91436
	90  -  MemoryUsage of job (MB)
	91436  -  ResidentSetSize of job (KB)
...
006 (15756407.413.000) 2026-02-09 02:44:56 Image size of job updated: 1194600
	1108  -  MemoryUsage of job (MB)
	1134248  -  ResidentSetSize of job (KB)
...
006 (15756407.413.000) 2026-02-09 02:49:56 Image size of job updated: 1195668
	1152  -  MemoryUsage of job (MB)
	1179008  -  ResidentSetSize of job (KB)
...
006 (15756407.413.000) 2026-02-09 02:54:57 Image size of job updated: 1195972
	1152  -  MemoryUsage of job (MB)
	1179008  -  ResidentSetSize of job (KB)
...
006 (15756407.413.000) 2026-02-09 03:04:57 Image size of job updated: 1195972
	1161  -  MemoryUsage of job (MB)
	1188076  -  ResidentSetSize of job (KB)
...
006 (15756407.413.000) 2026-02-09 03:09:58 Image size of job updated: 1195972
	1161  -  MemoryUsage of job (MB)
	1188080  -  ResidentSetSize of job (KB)
...
006 (15756407.413.000) 2026-02-09 03:14:58 Image size of job updated: 1196080
	1161  -  MemoryUsage of job (MB)
	1188080  -  ResidentSetSize of job (KB)
...
006 (15756407.413.000) 2026-02-09 03:29:59 Image size of job updated: 1196080
	1168  -  MemoryUsage of job (MB)
	1195800  -  ResidentSetSize of job (KB)
...
006 (15756407.413.000) 2026-02-09 03:34:59 Image size of job updated: 1196596
	1168  -  MemoryUsage of job (MB)
	1195800  -  ResidentSetSize of job (KB)
...
006 (15756407.413.000) 2026-02-09 03:40:00 Image size of job updated: 1196800
	1168  -  MemoryUsage of job (MB)
	1195800  -  ResidentSetSize of job (KB)
...
006 (15756407.413.000) 2026-02-09 04:15:04 Image size of job updated: 1197092
	1168  -  MemoryUsage of job (MB)
	1195800  -  ResidentSetSize of job (KB)
...
006 (15756407.413.000) 2026-02-09 04:25:04 Image size of job updated: 1197324
	1168  -  MemoryUsage of job (MB)
	1195800  -  ResidentSetSize of job (KB)
...
006 (15756407.413.000) 2026-02-09 04:35:05 Image size of job updated: 1210760
	1168  -  MemoryUsage of job (MB)
	1195800  -  ResidentSetSize of job (KB)
...
006 (15756407.413.000) 2026-02-09 04:40:05 Image size of job updated: 1213212
	1168  -  MemoryUsage of job (MB)
	1195800  -  ResidentSetSize of job (KB)
...
006 (15756407.413.000) 2026-02-09 04:50:06 Image size of job updated: 1213532
	1168  -  MemoryUsage of job (MB)
	1195800  -  ResidentSetSize of job (KB)
...
006 (15756407.413.000) 2026-02-09 04:55:06 Image size of job updated: 1215416
	1168  -  MemoryUsage of job (MB)
	1195800  -  ResidentSetSize of job (KB)
...
006 (15756407.413.000) 2026-02-09 05:10:07 Image size of job updated: 1215596
	1168  -  MemoryUsage of job (MB)
	1195800  -  ResidentSetSize of job (KB)
...
006 (15756407.413.000) 2026-02-09 05:25:08 Image size of job updated: 1215740
	1168  -  MemoryUsage of job (MB)
	1195800  -  ResidentSetSize of job (KB)
...
006 (15756407.413.000) 2026-02-09 05:55:12 Image size of job updated: 1216212
	1168  -  MemoryUsage of job (MB)
	1195800  -  ResidentSetSize of job (KB)
...
006 (15756407.413.000) 2026-02-09 06:10:14 Image size of job updated: 1217276
	1168  -  MemoryUsage of job (MB)
	1195800  -  ResidentSetSize of job (KB)
...
006 (15756407.413.000) 2026-02-09 06:25:16 Image size of job updated: 1217656
	1168  -  MemoryUsage of job (MB)
	1195800  -  ResidentSetSize of job (KB)
...
006 (15756407.413.000) 2026-02-09 06:30:17 Image size of job updated: 1217656
	1186  -  MemoryUsage of job (MB)
	1214132  -  ResidentSetSize of job (KB)
...
006 (15756407.413.000) 2026-02-09 06:50:20 Image size of job updated: 1217744
	1186  -  MemoryUsage of job (MB)
	1214132  -  ResidentSetSize of job (KB)
...
006 (15756407.413.000) 2026-02-09 07:00:21 Image size of job updated: 1217952
	1186  -  MemoryUsage of job (MB)
	1214132  -  ResidentSetSize of job (KB)
...
006 (15756407.413.000) 2026-02-09 07:15:23 Image size of job updated: 1218504
	1186  -  MemoryUsage of job (MB)
	1214132  -  ResidentSetSize of job (KB)
...
006 (15756407.413.000) 2026-02-09 07:45:25 Image size of job updated: 1221600
	1186  -  MemoryUsage of job (MB)
	1214132  -  ResidentSetSize of job (KB)
...
006 (15756407.413.000) 2026-02-09 08:30:28 Image size of job updated: 1224952
	1186  -  MemoryUsage of job (MB)
	1214132  -  ResidentSetSize of job (KB)
...
006 (15756407.413.000) 2026-02-09 08:50:30 Image size of job updated: 1225064
	1186  -  MemoryUsage of job (MB)
	1214132  -  ResidentSetSize of job (KB)
...
006 (15756407.413.000) 2026-02-09 09:15:31 Image size of job updated: 1231104
	1186  -  MemoryUsage of job (MB)
	1214132  -  ResidentSetSize of job (KB)
...
006 (15756407.413.000) 2026-02-09 09:35:34 Image size of job updated: 1231304
	1186  -  MemoryUsage of job (MB)
	1214132  -  ResidentSetSize of job (KB)
...
006 (15756407.413.000) 2026-02-09 10:25:40 Image size of job updated: 1231756
	1186  -  MemoryUsage of job (MB)
	1214132  -  ResidentSetSize of job (KB)
...
006 (15756407.413.000) 2026-02-09 12:00:52 Image size of job updated: 1231756
	1192  -  MemoryUsage of job (MB)
	1219852  -  ResidentSetSize of job (KB)
...
006 (15756407.413.000) 2026-02-09 12:05:53 Image size of job updated: 1231756
	1192  -  MemoryUsage of job (MB)
	1219876  -  ResidentSetSize of job (KB)
...
006 (15756407.413.000) 2026-02-09 12:25:55 Image size of job updated: 1231756
	1199  -  MemoryUsage of job (MB)
	1226788  -  ResidentSetSize of job (KB)
...
006 (15756407.413.000) 2026-02-09 12:30:55 Image size of job updated: 1231756
	1199  -  MemoryUsage of job (MB)
	1226792  -  ResidentSetSize of job (KB)
...
006 (15756407.413.000) 2026-02-09 14:06:01 Image size of job updated: 1232056
	1199  -  MemoryUsage of job (MB)
	1226792  -  ResidentSetSize of job (KB)
...
006 (15756407.413.000) 2026-02-09 15:01:05 Image size of job updated: 1232056
	1200  -  MemoryUsage of job (MB)
	1228608  -  ResidentSetSize of job (KB)
...
006 (15756407.413.000) 2026-02-09 15:06:05 Image size of job updated: 1232648
	1200  -  MemoryUsage of job (MB)
	1228608  -  ResidentSetSize of job (KB)
...
006 (15756407.413.000) 2026-02-09 16:01:09 Image size of job updated: 1235748
	1200  -  MemoryUsage of job (MB)
	1228608  -  ResidentSetSize of job (KB)
...
006 (15756407.413.000) 2026-02-09 16:31:11 Image size of job updated: 1235748
	1202  -  MemoryUsage of job (MB)
	1230480  -  ResidentSetSize of job (KB)
...
006 (15756407.413.000) 2026-02-09 16:36:11 Image size of job updated: 1235748
	1202  -  MemoryUsage of job (MB)
	1230484  -  ResidentSetSize of job (KB)
...
006 (15756407.413.000) 2026-02-09 18:56:21 Image size of job updated: 1236032
	1202  -  MemoryUsage of job (MB)
	1230484  -  ResidentSetSize of job (KB)
...
006 (15756407.413.000) 2026-02-09 21:21:36 Image size of job updated: 1236032
	1207  -  MemoryUsage of job (MB)
	1235248  -  ResidentSetSize of job (KB)
...
006 (15756407.413.000) 2026-02-09 21:26:37 Image size of job updated: 1236472
	1207  -  MemoryUsage of job (MB)
	1235248  -  ResidentSetSize of job (KB)
...
006 (15756407.413.000) 2026-02-10 00:06:58 Image size of job updated: 1236648
	1207  -  MemoryUsage of job (MB)
	1235248  -  ResidentSetSize of job (KB)
...
006 (15756407.413.000) 2026-02-10 01:02:05 Image size of job updated: 1236648
	1208  -  MemoryUsage of job (MB)
	1236644  -  ResidentSetSize of job (KB)
...
006 (15756407.413.000) 2026-02-10 01:07:05 Image size of job updated: 1236648
	1208  -  MemoryUsage of job (MB)
	1236648  -  ResidentSetSize of job (KB)
...
006 (15756407.413.000) 2026-02-10 01:32:07 Image size of job updated: 1276768
	1208  -  MemoryUsage of job (MB)
	1236648  -  ResidentSetSize of job (KB)
...
006 (15756407.413.000) 2026-02-10 04:12:25 Image size of job updated: 1276864
	1208  -  MemoryUsage of job (MB)
	1236648  -  ResidentSetSize of job (KB)
...
006 (15756407.413.000) 2026-02-10 05:12:32 Image size of job updated: 1276864
	1212  -  MemoryUsage of job (MB)
	1240556  -  ResidentSetSize of job (KB)
...
006 (15756407.413.000) 2026-02-10 05:17:33 Image size of job updated: 1276864
	1212  -  MemoryUsage of job (MB)
	1240560  -  ResidentSetSize of job (KB)
...
006 (15756407.413.000) 2026-02-10 06:22:41 Image size of job updated: 1276864
	1244  -  MemoryUsage of job (MB)
	1273788  -  ResidentSetSize of job (KB)
...
006 (15756407.413.000) 2026-02-10 06:27:42 Image size of job updated: 1276864
	1244  -  MemoryUsage of job (MB)
	1273792  -  ResidentSetSize of job (KB)
...
022 (15756407.413.000) 2026-02-10 08:04:04 Job disconnected, attempting to reconnect
    Local schedd and job shadow died, schedd now running again
    Trying to reconnect to slot1_3@pizza17.zeuthen.desy.de <141.34.15.46:9618?addrs=141.34.15.46-9618+[2001-638-700-f00f--1-2e]-9618&alias=pizza17.zeuthen.desy.de&noUDP&sock=startd_8231_5c1f>
...
023 (15756407.413.000) 2026-02-10 08:04:11 Job reconnected to slot1_3@pizza17.zeuthen.desy.de
    startd address: <141.34.15.46:9618?addrs=141.34.15.46-9618+[2001-638-700-f00f--1-2e]-9618&alias=pizza17.zeuthen.desy.de&noUDP&sock=startd_8231_5c1f>
    starter address: <141.34.15.46:9618?addrs=141.34.15.46-9618+[2001-638-700-f00f--1-2e]-9618&alias=pizza17.zeuthen.desy.de&noUDP&sock=slot1_3_8673_a9ba_7003>
...
004 (15756407.413.000) 2026-02-10 11:42:39 Job was evicted.
	(0) CPU times
		Usr 8 23:32:11, Sys 0 05:29:48  -  Run Remote Usage
		Usr 0 00:00:00, Sys 0 00:00:00  -  Run Local Usage
	0  -  Run Bytes Sent By Job
	0  -  Run Bytes Received By Job
	Partitionable Resources :         Usage  Request Allocated 
	   Cpus                 :          7.90        8         8 
	   Disk (KB)            :          1     1024000   1025696 
	   Memory (MB)          :       1465       16384     16384 
	   TimeExecute (s)      : 1770720158                       
	   TimeSlotBusy (s)     : 1770720159                       
...
009 (15756407.413.000) 2026-02-10 11:42:39 Job was aborted.
	via condor_rm (by user tuccia)
...
