000 (15756404.551.000) 2026-02-06 11:24:35 Job submitted from host: <141.34.103.35:9618?addrs=141.34.103.35-9618+[2001-638-700-f067--1-23]-9618&alias=wgs39.zeuthen.desy.de&noUDP&sock=schedd_7414_f73f>
...
001 (15756404.551.000) 2026-02-06 20:12:42 Job executing on host: <141.34.15.202:9618?addrs=141.34.15.202-9618+[2001-638-700-f00f--1-ca]-9618&alias=pizza04.zeuthen.desy.de&noUDP&sock=startd_9156_d539>
	SlotName: slot1_1@pizza04.zeuthen.desy.de
	CondorScratchDir = "/batch/dir_28202"
	Cpus = 8
	Disk = 1025696
	GPUs = 0
	Memory = 16384
...
006 (15756404.551.000) 2026-02-06 20:12:55 Image size of job updated: 91436
	90  -  MemoryUsage of job (MB)
	91436  -  ResidentSetSize of job (KB)
...
006 (15756404.551.000) 2026-02-06 20:17:55 Image size of job updated: 1194352
	1121  -  MemoryUsage of job (MB)
	1147352  -  ResidentSetSize of job (KB)
...
006 (15756404.551.000) 2026-02-06 20:22:56 Image size of job updated: 1208380
	1181  -  MemoryUsage of job (MB)
	1208380  -  ResidentSetSize of job (KB)
...
006 (15756404.551.000) 2026-02-06 20:27:57 Image size of job updated: 1210084
	1181  -  MemoryUsage of job (MB)
	1208380  -  ResidentSetSize of job (KB)
...
006 (15756404.551.000) 2026-02-06 20:32:57 Image size of job updated: 1210552
	1183  -  MemoryUsage of job (MB)
	1210552  -  ResidentSetSize of job (KB)
...
006 (15756404.551.000) 2026-02-06 20:37:58 Image size of job updated: 1211864
	1183  -  MemoryUsage of job (MB)
	1210556  -  ResidentSetSize of job (KB)
...
006 (15756404.551.000) 2026-02-06 20:58:00 Image size of job updated: 1211884
	1183  -  MemoryUsage of job (MB)
	1210556  -  ResidentSetSize of job (KB)
...
006 (15756404.551.000) 2026-02-06 21:03:00 Image size of job updated: 1212220
	1183  -  MemoryUsage of job (MB)
	1210556  -  ResidentSetSize of job (KB)
...
006 (15756404.551.000) 2026-02-06 21:08:00 Image size of job updated: 1212264
	1183  -  MemoryUsage of job (MB)
	1210556  -  ResidentSetSize of job (KB)
...
006 (15756404.551.000) 2026-02-06 21:13:01 Image size of job updated: 1212708
	1183  -  MemoryUsage of job (MB)
	1210556  -  ResidentSetSize of job (KB)
...
006 (15756404.551.000) 2026-02-06 21:23:01 Image size of job updated: 1212720
	1183  -  MemoryUsage of job (MB)
	1210556  -  ResidentSetSize of job (KB)
...
006 (15756404.551.000) 2026-02-06 21:43:04 Image size of job updated: 1212860
	1183  -  MemoryUsage of job (MB)
	1210556  -  ResidentSetSize of job (KB)
...
006 (15756404.551.000) 2026-02-06 22:03:07 Image size of job updated: 1213180
	1183  -  MemoryUsage of job (MB)
	1210556  -  ResidentSetSize of job (KB)
...
006 (15756404.551.000) 2026-02-06 22:13:07 Image size of job updated: 1213404
	1183  -  MemoryUsage of job (MB)
	1210556  -  ResidentSetSize of job (KB)
...
006 (15756404.551.000) 2026-02-06 22:18:08 Image size of job updated: 1213724
	1183  -  MemoryUsage of job (MB)
	1210556  -  ResidentSetSize of job (KB)
...
006 (15756404.551.000) 2026-02-06 22:53:11 Image size of job updated: 1213724
	1183  -  MemoryUsage of job (MB)
	1210888  -  ResidentSetSize of job (KB)
...
006 (15756404.551.000) 2026-02-06 23:18:13 Image size of job updated: 1213744
	1183  -  MemoryUsage of job (MB)
	1210888  -  ResidentSetSize of job (KB)
...
006 (15756404.551.000) 2026-02-06 23:28:14 Image size of job updated: 1214244
	1183  -  MemoryUsage of job (MB)
	1210888  -  ResidentSetSize of job (KB)
...
006 (15756404.551.000) 2026-02-06 23:48:15 Image size of job updated: 1214488
	1183  -  MemoryUsage of job (MB)
	1210888  -  ResidentSetSize of job (KB)
...
006 (15756404.551.000) 2026-02-06 23:53:16 Image size of job updated: 1214548
	1183  -  MemoryUsage of job (MB)
	1210888  -  ResidentSetSize of job (KB)
...
006 (15756404.551.000) 2026-02-07 00:03:17 Image size of job updated: 1214560
	1183  -  MemoryUsage of job (MB)
	1210888  -  ResidentSetSize of job (KB)
...
006 (15756404.551.000) 2026-02-07 00:08:18 Image size of job updated: 1214780
	1183  -  MemoryUsage of job (MB)
	1210888  -  ResidentSetSize of job (KB)
...
006 (15756404.551.000) 2026-02-07 00:13:19 Image size of job updated: 1214780
	1184  -  MemoryUsage of job (MB)
	1212076  -  ResidentSetSize of job (KB)
...
006 (15756404.551.000) 2026-02-07 00:18:19 Image size of job updated: 1214780
	1184  -  MemoryUsage of job (MB)
	1212080  -  ResidentSetSize of job (KB)
...
006 (15756404.551.000) 2026-02-07 01:03:23 Image size of job updated: 1215028
	1184  -  MemoryUsage of job (MB)
	1212080  -  ResidentSetSize of job (KB)
...
006 (15756404.551.000) 2026-02-07 01:08:23 Image size of job updated: 1215080
	1184  -  MemoryUsage of job (MB)
	1212080  -  ResidentSetSize of job (KB)
...
006 (15756404.551.000) 2026-02-07 01:13:24 Image size of job updated: 1215732
	1184  -  MemoryUsage of job (MB)
	1212080  -  ResidentSetSize of job (KB)
...
006 (15756404.551.000) 2026-02-07 01:28:26 Image size of job updated: 1215836
	1184  -  MemoryUsage of job (MB)
	1212080  -  ResidentSetSize of job (KB)
...
006 (15756404.551.000) 2026-02-07 01:33:27 Image size of job updated: 1216136
	1184  -  MemoryUsage of job (MB)
	1212080  -  ResidentSetSize of job (KB)
...
006 (15756404.551.000) 2026-02-07 01:48:29 Image size of job updated: 1216396
	1184  -  MemoryUsage of job (MB)
	1212080  -  ResidentSetSize of job (KB)
...
006 (15756404.551.000) 2026-02-07 02:03:30 Image size of job updated: 1216400
	1184  -  MemoryUsage of job (MB)
	1212080  -  ResidentSetSize of job (KB)
...
006 (15756404.551.000) 2026-02-07 02:28:32 Image size of job updated: 1216708
	1184  -  MemoryUsage of job (MB)
	1212080  -  ResidentSetSize of job (KB)
...
006 (15756404.551.000) 2026-02-07 02:33:33 Image size of job updated: 1216992
	1184  -  MemoryUsage of job (MB)
	1212080  -  ResidentSetSize of job (KB)
...
006 (15756404.551.000) 2026-02-07 03:03:36 Image size of job updated: 1217244
	1187  -  MemoryUsage of job (MB)
	1215436  -  ResidentSetSize of job (KB)
...
006 (15756404.551.000) 2026-02-07 03:08:37 Image size of job updated: 1217244
	1187  -  MemoryUsage of job (MB)
	1215440  -  ResidentSetSize of job (KB)
...
006 (15756404.551.000) 2026-02-07 03:28:39 Image size of job updated: 1217644
	1187  -  MemoryUsage of job (MB)
	1215440  -  ResidentSetSize of job (KB)
...
006 (15756404.551.000) 2026-02-07 03:43:41 Image size of job updated: 1217800
	1187  -  MemoryUsage of job (MB)
	1215440  -  ResidentSetSize of job (KB)
...
006 (15756404.551.000) 2026-02-07 03:53:42 Image size of job updated: 1218084
	1187  -  MemoryUsage of job (MB)
	1215440  -  ResidentSetSize of job (KB)
...
006 (15756404.551.000) 2026-02-07 03:58:43 Image size of job updated: 1218308
	1187  -  MemoryUsage of job (MB)
	1215440  -  ResidentSetSize of job (KB)
...
006 (15756404.551.000) 2026-02-07 04:28:45 Image size of job updated: 1218500
	1187  -  MemoryUsage of job (MB)
	1215440  -  ResidentSetSize of job (KB)
...
006 (15756404.551.000) 2026-02-07 05:03:49 Image size of job updated: 1218708
	1187  -  MemoryUsage of job (MB)
	1215440  -  ResidentSetSize of job (KB)
...
006 (15756404.551.000) 2026-02-07 05:33:52 Image size of job updated: 1218828
	1187  -  MemoryUsage of job (MB)
	1215440  -  ResidentSetSize of job (KB)
...
006 (15756404.551.000) 2026-02-07 05:43:52 Image size of job updated: 1218972
	1187  -  MemoryUsage of job (MB)
	1215440  -  ResidentSetSize of job (KB)
...
006 (15756404.551.000) 2026-02-07 05:53:53 Image size of job updated: 1219464
	1187  -  MemoryUsage of job (MB)
	1215440  -  ResidentSetSize of job (KB)
...
006 (15756404.551.000) 2026-02-07 06:33:57 Image size of job updated: 1219464
	1191  -  MemoryUsage of job (MB)
	1218904  -  ResidentSetSize of job (KB)
...
006 (15756404.551.000) 2026-02-07 06:38:58 Image size of job updated: 1219464
	1191  -  MemoryUsage of job (MB)
	1218908  -  ResidentSetSize of job (KB)
...
006 (15756404.551.000) 2026-02-07 06:48:58 Image size of job updated: 1219620
	1191  -  MemoryUsage of job (MB)
	1218908  -  ResidentSetSize of job (KB)
...
006 (15756404.551.000) 2026-02-07 07:29:03 Image size of job updated: 1219724
	1191  -  MemoryUsage of job (MB)
	1218908  -  ResidentSetSize of job (KB)
...
006 (15756404.551.000) 2026-02-07 07:59:05 Image size of job updated: 1219860
	1191  -  MemoryUsage of job (MB)
	1218908  -  ResidentSetSize of job (KB)
...
006 (15756404.551.000) 2026-02-07 08:14:06 Image size of job updated: 1220124
	1191  -  MemoryUsage of job (MB)
	1218908  -  ResidentSetSize of job (KB)
...
006 (15756404.551.000) 2026-02-07 08:54:11 Image size of job updated: 1220304
	1191  -  MemoryUsage of job (MB)
	1218908  -  ResidentSetSize of job (KB)
...
006 (15756404.551.000) 2026-02-07 09:44:16 Image size of job updated: 1220312
	1191  -  MemoryUsage of job (MB)
	1218908  -  ResidentSetSize of job (KB)
...
006 (15756404.551.000) 2026-02-07 10:04:19 Image size of job updated: 1220564
	1191  -  MemoryUsage of job (MB)
	1218908  -  ResidentSetSize of job (KB)
...
006 (15756404.551.000) 2026-02-07 10:39:22 Image size of job updated: 1220680
	1191  -  MemoryUsage of job (MB)
	1218908  -  ResidentSetSize of job (KB)
...
006 (15756404.551.000) 2026-02-07 10:49:22 Image size of job updated: 1220788
	1191  -  MemoryUsage of job (MB)
	1218908  -  ResidentSetSize of job (KB)
...
021 (15756404.551.000) 2026-02-08 20:12:47 Error from starter on slot1_1@pizza04.zeuthen.desy.de:
	runtime exceeded maximum (target.Runtime seconds)
	Code 21 Subcode 103
...
004 (15756404.551.000) 2026-02-08 20:12:47 Job was evicted.
	(0) CPU times
		Usr 6 18:46:00, Sys 4 00:29:56  -  Run Remote Usage
		Usr 0 00:00:00, Sys 0 00:00:00  -  Run Local Usage
	0  -  Run Bytes Sent By Job
	0  -  Run Bytes Received By Job
	Error from slot1_1@pizza04.zeuthen.desy.de: runtime exceeded maximum (target.Runtime seconds)
	Partitionable Resources :     Usage  Request Allocated 
	   Cpus                 :      7.94        8         8 
	   Disk (KB)            :      1     1024000   1025696 
	   GPUs                 :                            0 
	   Memory (MB)          :   1191       16384     16384 
	   TimeSlotBusy (s)     : 172805                       
...
012 (15756404.551.000) 2026-02-08 20:12:47 Job was held.
	Error from slot1_1@pizza04.zeuthen.desy.de: runtime exceeded maximum (target.Runtime seconds)
	Code 21 Subcode 103
...
