~~~~~~~~~~~~~~~~~~~~~~~~~~~~~~

n_qubits: 60, 
r: 79, 
alpha: 0.001, 
shots: 100000, 
ansatz: linear_cnot, 
layer: 1, 
tau: 0.3

time for simulated annealing:  70.35763812065125
Rank 1: Bitstring=011001100010100001010010101011101101000000011110111111001000, Decimal=460076531356659656, Energy=-58.8301
Rank 2: Bitstring=011001100000100001000000101011101101000100011110101111001000, Decimal=459512344453704648, Energy=-57.5213
Rank 3: Bitstring=011001100010100001010000101011101101000100011110101111001000, Decimal=460076393918753736, Energy=-57.2653
Rank 4: Bitstring=011001110010100001011010001011001101000000001110111110001100, Decimal=464580645843169164, Energy=-57.1861
Rank 5: Bitstring=011001110010100001010010101011101101000000011110111110001100, Decimal=464580130984030092, Energy=-57.1527
Rank 6: Bitstring=011001110000100001001000001011001101000100001110101110001100, Decimal=464016458940214156, Energy=-56.9193
Rank 7: Bitstring=011101100010100001010000101011101101000100111110101101001000, Decimal=532133987956812616, Energy=-56.7043
Rank 8: Bitstring=011001010010100101011010001011001101000000001110111110001100, Decimal=455591038774472588, Energy=-56.6919
Rank 9: Bitstring=011001010010100101010010101011101101000000011110111110001100, Decimal=455590523915333516, Energy=-56.6585
Rank 10: Bitstring=011001010010100101010010101011101101000000011110111111001000, Decimal=455590523915333576, Energy=-56.4821

E_min from simulated annealing:  -58.8301
Minimum energy: -58.8301
States with energy within 1e-08 of minimum: [460076531356659656]
4


################## Start optimization with initial parameters: [0. 0. 0. 0. 0. 0. 0. 0. 0. 0. 0. 0. 0. 0. 0. 0. 0. 0. 0. 0. 0. 0. 0. 0.
 0. 0. 0. 0. 0. 0. 0. 0. 0. 0. 0. 0. 0. 0. 0. 0. 0. 0. 0. 0. 0. 0. 0. 0.
 0. 0. 0. 0. 0. 0. 0. 0. 0. 0. 0. 0. 0. 0. 0. 0. 0. 0. 0. 0. 0. 0. 0. 0.
 0. 0. 0. 0. 0. 0. 0. 0. 0. 0. 0. 0. 0. 0. 0. 0. 0. 0. 0. 0. 0. 0. 0. 0.
 0. 0. 0. 0. 0. 0. 0. 0. 0. 0. 0. 0. 0. 0. 0. 0. 0. 0. 0. 0. 0. 0. 0. 0.
 0. 0. 0. 0. 0. 0. 0. 0. 0. 0. 0. 0. 0. 0. 0. 0. 0. 0. 0. 0. 0. 0. 0. 0.
 0. 0. 0. 0. 0. 0. 0. 0. 0. 0. 0. 0. 0. 0. 0. 0. 0. 0. 0. 0. 0. 0. 0. 0.
 0. 0. 0. 0. 0. 0. 0. 0. 0. 0. 0. 0. 0. 0. 0. 0. 0. 0. 0. 0. 0. 0. 0. 0.
 0. 0. 0. 0. 0. 0. 0. 0. 0. 0. 0. 0. 0. 0. 0. 0. 0. 0. 0. 0. 0. 0. 0. 0.
 0. 0. 0. 0. 0. 0. 0. 0. 0. 0. 0. 0. 0. 0. 0. 0. 0. 0. 0. 0. 0. 0. 0. 0.]
Write sucessfully to ./data/data_shots_100000_layer_1/alpha_0.001/N_60/r_79/ansatz_type_linear_cnot/initialization_zeros

vqe.cvar_eval[0]: -25.588319999999964 , min_cvar: -49.20682599999992 , opt_cvar: -49.20682599999992

vqe.poss_eval[-1]: 0 vqe.poss_eval[0] 0  , max_poss: 0 , opt_poss: 0

vqe.r_eval[-1]: 0.8260975249064664 vqe.r_eval[0]: 0.43495285576601034 max_r: 0.8364226135940602 , min_r: 0.41250665900618827
