~~~~~~~~~~~~~~~~~~~~~~~~~~~~~~

n_qubits: 60, 
r: 69, 
alpha: 0.001, 
shots: 100000, 
ansatz: linear_cnot, 
layer: 1, 
tau: 0.3

time for simulated annealing:  69.1963541507721
Rank 1: Bitstring=101001110010000111110011010100100010001100100101111100101100, Decimal=752698400791748396, Energy=-50.3086
Rank 2: Bitstring=101001110010000111110011010100100010001100100101110000101100, Decimal=752698400791747628, Energy=-50.088
Rank 3: Bitstring=101101110010000111110011010100100010001110100101111100101100, Decimal=824755994830200620, Energy=-49.9952
Rank 4: Bitstring=101101110010000111110011010100100010001110100101110000101100, Decimal=824755994830199852, Energy=-49.7746
Rank 5: Bitstring=101001110010000111110011010100110010101100100101111100101110, Decimal=752698401068572462, Energy=-49.6028
Rank 6: Bitstring=101001100010000111110011010100100010001100100101111100101000, Decimal=748194801164377896, Energy=-49.5622
Rank 7: Bitstring=101101110010000111110011010101100000001111100101111100001100, Decimal=824755995870650124, Energy=-49.558
Rank 8: Bitstring=101001010010000111101011010100100010001100100101111100101100, Decimal=743690651781193516, Energy=-49.5226
Rank 9: Bitstring=101001110010000111110011010100110010101100100101110000101110, Decimal=752698401068571694, Energy=-49.3822
Rank 10: Bitstring=101001100010000111110011010100100010001100100101110000101000, Decimal=748194801164377128, Energy=-49.3416

E_min from simulated annealing:  -50.3086
Minimum energy: -50.3086
States with energy within 1e-08 of minimum: [752698400791748396]
4


################## Start optimization with initial parameters: [0. 0. 0. 0. 0. 0. 0. 0. 0. 0. 0. 0. 0. 0. 0. 0. 0. 0. 0. 0. 0. 0. 0. 0.
 0. 0. 0. 0. 0. 0. 0. 0. 0. 0. 0. 0. 0. 0. 0. 0. 0. 0. 0. 0. 0. 0. 0. 0.
 0. 0. 0. 0. 0. 0. 0. 0. 0. 0. 0. 0. 0. 0. 0. 0. 0. 0. 0. 0. 0. 0. 0. 0.
 0. 0. 0. 0. 0. 0. 0. 0. 0. 0. 0. 0. 0. 0. 0. 0. 0. 0. 0. 0. 0. 0. 0. 0.
 0. 0. 0. 0. 0. 0. 0. 0. 0. 0. 0. 0. 0. 0. 0. 0. 0. 0. 0. 0. 0. 0. 0. 0.
 0. 0. 0. 0. 0. 0. 0. 0. 0. 0. 0. 0. 0. 0. 0. 0. 0. 0. 0. 0. 0. 0. 0. 0.
 0. 0. 0. 0. 0. 0. 0. 0. 0. 0. 0. 0. 0. 0. 0. 0. 0. 0. 0. 0. 0. 0. 0. 0.
 0. 0. 0. 0. 0. 0. 0. 0. 0. 0. 0. 0. 0. 0. 0. 0. 0. 0. 0. 0. 0. 0. 0. 0.
 0. 0. 0. 0. 0. 0. 0. 0. 0. 0. 0. 0. 0. 0. 0. 0. 0. 0. 0. 0. 0. 0. 0. 0.
 0. 0. 0. 0. 0. 0. 0. 0. 0. 0. 0. 0. 0. 0. 0. 0. 0. 0. 0. 0. 0. 0. 0. 0.]
Write sucessfully to ./data/data_shots_100000_layer_1/alpha_0.001/N_60/r_69/ansatz_type_linear_cnot/initialization_zeros

vqe.cvar_eval[0]: -23.332127999999965 , min_cvar: -45.81181999999991 , opt_cvar: -45.81181999999991

vqe.poss_eval[-1]: 0 vqe.poss_eval[0] 0  , max_poss: 0 , opt_poss: 0

vqe.r_eval[-1]: 0.8965549031378316 vqe.r_eval[0]: 0.46378010916622536 max_r: 0.9106160775692409 , min_r: 0.4537085110696772
