000 (15756407.333.000) 2026-02-06 11:26:10 Job submitted from host: <141.34.103.35:9618?addrs=141.34.103.35-9618+[2001-638-700-f067--1-23]-9618&alias=wgs39.zeuthen.desy.de&noUDP&sock=schedd_7414_f73f>
...
001 (15756407.333.000) 2026-02-08 18:29:43 Job executing on host: <141.34.14.36:9618?addrs=141.34.14.36-9618+[2001-638-700-f00e--1-24]-9618&alias=ampere05.zeuthen.desy.de&noUDP&sock=startd_7453_b770>
	SlotName: slot1_12@ampere05.zeuthen.desy.de
	AvailableGPUs = {  }
	CondorScratchDir = "/batch/dir_1023091"
	Cpus = 8
	Disk = 1025682
	GPUs = 0
	Memory = 16384
...
006 (15756407.333.000) 2026-02-08 18:29:52 Image size of job updated: 91388
	90  -  MemoryUsage of job (MB)
	91388  -  ResidentSetSize of job (KB)
...
006 (15756407.333.000) 2026-02-08 18:34:53 Image size of job updated: 515156
	211  -  MemoryUsage of job (MB)
	215952  -  ResidentSetSize of job (KB)
...
006 (15756407.333.000) 2026-02-08 18:39:53 Image size of job updated: 515156
	314  -  MemoryUsage of job (MB)
	320912  -  ResidentSetSize of job (KB)
...
006 (15756407.333.000) 2026-02-08 18:44:54 Image size of job updated: 515156
	331  -  MemoryUsage of job (MB)
	338900  -  ResidentSetSize of job (KB)
...
006 (15756407.333.000) 2026-02-08 18:49:55 Image size of job updated: 515156
	342  -  MemoryUsage of job (MB)
	349648  -  ResidentSetSize of job (KB)
...
006 (15756407.333.000) 2026-02-08 19:55:01 Image size of job updated: 515156
	343  -  MemoryUsage of job (MB)
	351196  -  ResidentSetSize of job (KB)
...
006 (15756407.333.000) 2026-02-08 21:45:11 Image size of job updated: 515156
	344  -  MemoryUsage of job (MB)
	351812  -  ResidentSetSize of job (KB)
...
006 (15756407.333.000) 2026-02-08 23:10:18 Image size of job updated: 515156
	344  -  MemoryUsage of job (MB)
	352192  -  ResidentSetSize of job (KB)
...
005 (15756407.333.000) 2026-02-09 05:48:47 Job terminated.
	(1) Normal termination (return value 0)
		Usr 1 09:01:13, Sys 0 10:01:56  -  Run Remote Usage
		Usr 0 00:00:00, Sys 0 00:00:00  -  Run Local Usage
		Usr 1 09:01:13, Sys 0 10:01:56  -  Total Remote Usage
		Usr 0 00:00:00, Sys 0 00:00:00  -  Total Local Usage
	0  -  Run Bytes Sent By Job
	0  -  Run Bytes Received By Job
	0  -  Total Bytes Sent By Job
	0  -  Total Bytes Received By Job
	Partitionable Resources :    Usage  Request Allocated 
	   Cpus                 :     3.62        8         8 
	   Disk (KB)            :     1     1024000   1025682 
	   GPUs                 :                           0 
	   Memory (MB)          :   344       16384     16384 
	   TimeExecute (s)      : 40744                       
	   TimeSlotBusy (s)     : 40744                       

	Job terminated of its own accord at 2026-02-09T04:48:47Z with exit-code 0.
...
000 (15949294.222.000) 2026-02-10 11:45:20 Job submitted from host: <141.34.103.35:9618?addrs=141.34.103.35-9618+[2001-638-700-f067--1-23]-9618&alias=wgs39.zeuthen.desy.de&noUDP&sock=schedd_7302_24a3>
...
009 (15949294.222.000) 2026-02-10 11:45:46 Job was aborted.
	via condor_rm (by user tuccia)
...
000 (15949295.222.000) 2026-02-10 11:46:04 Job submitted from host: <141.34.103.35:9618?addrs=141.34.103.35-9618+[2001-638-700-f067--1-23]-9618&alias=wgs39.zeuthen.desy.de&noUDP&sock=schedd_7302_24a3>
...
001 (15949295.222.000) 2026-02-10 11:48:13 Job executing on host: <141.34.15.48:9618?addrs=141.34.15.48-9618+[2001-638-700-f00f--1-30]-9618&alias=pizza19.zeuthen.desy.de&noUDP&sock=startd_8419_4fed>
	SlotName: slot1_4@pizza19.zeuthen.desy.de
	CondorScratchDir = "/batch/dir_2474329"
	Cpus = 8
	Disk = 1025696
	GPUs = 0
	Memory = 16384
...
006 (15949295.222.000) 2026-02-10 11:48:26 Image size of job updated: 91416
	90  -  MemoryUsage of job (MB)
	91416  -  ResidentSetSize of job (KB)
...
006 (15949295.222.000) 2026-02-10 11:53:26 Image size of job updated: 239636
	235  -  MemoryUsage of job (MB)
	239636  -  ResidentSetSize of job (KB)
...
006 (15949295.222.000) 2026-02-10 11:58:27 Image size of job updated: 275768
	270  -  MemoryUsage of job (MB)
	275768  -  ResidentSetSize of job (KB)
...
006 (15949295.222.000) 2026-02-10 12:13:29 Image size of job updated: 287716
	281  -  MemoryUsage of job (MB)
	287716  -  ResidentSetSize of job (KB)
...
006 (15949295.222.000) 2026-02-10 12:18:30 Image size of job updated: 351416
	329  -  MemoryUsage of job (MB)
	336300  -  ResidentSetSize of job (KB)
...
006 (15949295.222.000) 2026-02-10 12:23:30 Image size of job updated: 351728
	344  -  MemoryUsage of job (MB)
	351728  -  ResidentSetSize of job (KB)
...
006 (15949295.222.000) 2026-02-10 12:33:32 Image size of job updated: 351824
	344  -  MemoryUsage of job (MB)
	351728  -  ResidentSetSize of job (KB)
...
006 (15949295.222.000) 2026-02-10 12:43:32 Image size of job updated: 352244
	344  -  MemoryUsage of job (MB)
	351728  -  ResidentSetSize of job (KB)
...
006 (15949295.222.000) 2026-02-10 12:53:33 Image size of job updated: 352792
	344  -  MemoryUsage of job (MB)
	351728  -  ResidentSetSize of job (KB)
...
006 (15949295.222.000) 2026-02-10 13:03:34 Image size of job updated: 352856
	345  -  MemoryUsage of job (MB)
	352856  -  ResidentSetSize of job (KB)
...
006 (15949295.222.000) 2026-02-10 13:13:34 Image size of job updated: 353908
	345  -  MemoryUsage of job (MB)
	353128  -  ResidentSetSize of job (KB)
...
006 (15949295.222.000) 2026-02-10 13:18:35 Image size of job updated: 354016
	345  -  MemoryUsage of job (MB)
	353272  -  ResidentSetSize of job (KB)
...
006 (15949295.222.000) 2026-02-10 13:23:36 Image size of job updated: 354016
	346  -  MemoryUsage of job (MB)
	353596  -  ResidentSetSize of job (KB)
...
006 (15949295.222.000) 2026-02-10 17:49:02 Image size of job updated: 354284
	346  -  MemoryUsage of job (MB)
	353816  -  ResidentSetSize of job (KB)
...
006 (15949295.222.000) 2026-02-10 17:54:03 Image size of job updated: 354284
	346  -  MemoryUsage of job (MB)
	353896  -  ResidentSetSize of job (KB)
...
006 (15949295.222.000) 2026-02-10 17:59:03 Image size of job updated: 354284
	346  -  MemoryUsage of job (MB)
	353972  -  ResidentSetSize of job (KB)
...
006 (15949295.222.000) 2026-02-10 18:09:05 Image size of job updated: 354376
	346  -  MemoryUsage of job (MB)
	353972  -  ResidentSetSize of job (KB)
...
006 (15949295.222.000) 2026-02-10 18:19:06 Image size of job updated: 354376
	346  -  MemoryUsage of job (MB)
	354064  -  ResidentSetSize of job (KB)
...
006 (15949295.222.000) 2026-02-10 18:24:07 Image size of job updated: 354376
	346  -  MemoryUsage of job (MB)
	354220  -  ResidentSetSize of job (KB)
...
006 (15949295.222.000) 2026-02-10 18:44:09 Image size of job updated: 354532
	346  -  MemoryUsage of job (MB)
	354220  -  ResidentSetSize of job (KB)
...
006 (15949295.222.000) 2026-02-10 18:49:10 Image size of job updated: 354688
	347  -  MemoryUsage of job (MB)
	354688  -  ResidentSetSize of job (KB)
...
005 (15949295.222.000) 2026-02-11 00:22:28 Job terminated.
	(1) Normal termination (return value 0)
		Usr 1 16:23:45, Sys 0 00:05:13  -  Run Remote Usage
		Usr 0 00:00:00, Sys 0 00:00:00  -  Run Local Usage
		Usr 1 16:23:45, Sys 0 00:05:13  -  Total Remote Usage
		Usr 0 00:00:00, Sys 0 00:00:00  -  Total Local Usage
	0  -  Run Bytes Sent By Job
	0  -  Run Bytes Received By Job
	0  -  Total Bytes Sent By Job
	0  -  Total Bytes Received By Job
	Partitionable Resources :    Usage  Request Allocated 
	   Cpus                 :     0.99        8         8 
	   Disk (KB)            :     1     1024000   1025696 
	   GPUs                 :                           0 
	   Memory (MB)          :   347       16384     16384 
	   TimeExecute (s)      : 45255                       
	   TimeSlotBusy (s)     : 45255                       

	Job terminated of its own accord at 2026-02-10T23:22:28Z with exit-code 0.
...
