~~~~~~~~~~~~~~~~~~~~~~~~~~~~~~

n_qubits: 60, 
r: 29, 
alpha: 0.01, 
shots: 10000, 
ansatz: structure_like_qubo_YZ_2, 
layer: 1, 
tau: 0.3

time for simulated annealing:  69.8003602027893
Rank 1: Bitstring=000000110101011111101010000111010011000010011111101111011100, Decimal=15057407261146076, Energy=-51.6817
Rank 2: Bitstring=000000110101011111101010000111010011000000011111101111011100, Decimal=15057407260621788, Energy=-51.6655
Rank 3: Bitstring=000000110101011111101010000111010001000010011111001111011101, Decimal=15057407227589597, Energy=-51.1267
Rank 4: Bitstring=000000110101011111101010000111010001000000011111001111011101, Decimal=15057407227065309, Energy=-51.1105
Rank 5: Bitstring=000000110101011111101010000110010011001000011111101111011100, Decimal=15057406188977116, Energy=-50.9467
Rank 6: Bitstring=000010100111011111101010000101010011000010101111101101111100, Decimal=47145552458742652, Energy=-50.9115
Rank 7: Bitstring=000010100111011111101010000101010011000000101111101101111100, Decimal=47145552458218364, Energy=-50.8953
Rank 8: Bitstring=000000110101011110101010000111010011000010011110101111011100, Decimal=15053009214630876, Energy=-50.7121
Rank 9: Bitstring=000010100101011111101010000101010011000010001111101111111100, Decimal=46582602505190396, Energy=-50.5855
Rank 10: Bitstring=000010100101011111101010000101010011000000001111101111111100, Decimal=46582602504666108, Energy=-50.5693

E_min from simulated annealing:  -51.6817
Minimum energy: -51.6817
States with energy within 1e-08 of minimum: [15057407261146076]


################## Start optimization with initial parameters: [0. 0. 0. 0. 0. 0. 0. 0. 0. 0. 0. 0. 0. 0. 0. 0. 0. 0. 0. 0. 0. 0. 0. 0.
 0. 0. 0. 0. 0. 0. 0. 0. 0. 0. 0. 0. 0. 0. 0. 0. 0. 0. 0. 0. 0. 0. 0. 0.
 0. 0. 0. 0. 0. 0. 0. 0. 0. 0. 0. 0. 0. 0. 0. 0. 0. 0. 0. 0. 0. 0. 0. 0.
 0. 0. 0. 0. 0. 0. 0. 0. 0. 0. 0. 0. 0. 0. 0. 0. 0. 0. 0. 0. 0. 0. 0. 0.
 0. 0. 0. 0. 0. 0. 0. 0. 0. 0. 0. 0. 0. 0. 0. 0. 0. 0. 0. 0. 0. 0. 0. 0.
 0. 0. 0. 0. 0. 0. 0. 0. 0. 0. 0. 0. 0. 0. 0. 0. 0. 0. 0. 0. 0. 0. 0. 0.
 0. 0. 0. 0. 0. 0. 0. 0. 0. 0. 0. 0. 0. 0. 0. 0. 0. 0. 0. 0. 0. 0. 0. 0.
 0. 0. 0. 0. 0. 0. 0. 0. 0. 0. 0. 0. 0. 0. 0. 0. 0. 0. 0. 0. 0. 0. 0. 0.
 0. 0. 0. 0. 0. 0. 0. 0. 0. 0. 0. 0. 0. 0. 0. 0. 0. 0. 0. 0. 0. 0. 0. 0.
 0. 0. 0. 0. 0. 0. 0. 0. 0. 0. 0. 0. 0. 0. 0. 0. 0. 0. 0. 0. 0. 0. 0. 0.]
Write sucessfully to ./data/data_shots_10000_layer_1/alpha_0.01/N_60/r_29/ansatz_type_structure_like_qubo_YZ_2/initialization_zeros

vqe.cvar_eval[0]: -18.630704000000012 , min_cvar: -51.6817 , opt_cvar: -51.6817

vqe.poss_eval[-1]: 0.0126 vqe.poss_eval[0] 0  , max_poss: 0.0242 , opt_poss: 0.0242

vqe.r_eval[-1]: 1.0 vqe.r_eval[0]: 0.3604893801867975 max_r: 1.0 , min_r: 0.33326639797065527
