000 (15756407.357.000) 2026-02-06 11:26:10 Job submitted from host: <141.34.103.35:9618?addrs=141.34.103.35-9618+[2001-638-700-f067--1-23]-9618&alias=wgs39.zeuthen.desy.de&noUDP&sock=schedd_7414_f73f>
...
001 (15756407.357.000) 2026-02-08 20:13:05 Job executing on host: <141.34.15.202:9618?addrs=141.34.15.202-9618+[2001-638-700-f00f--1-ca]-9618&alias=pizza04.zeuthen.desy.de&noUDP&sock=startd_9156_d539>
	SlotName: slot1_1@pizza04.zeuthen.desy.de
	CondorScratchDir = "/batch/dir_1244808"
	Cpus = 8
	Disk = 1025696
	GPUs = 0
	Memory = 16384
...
006 (15756407.357.000) 2026-02-08 20:13:18 Image size of job updated: 91440
	90  -  MemoryUsage of job (MB)
	91440  -  ResidentSetSize of job (KB)
...
006 (15756407.357.000) 2026-02-08 20:18:18 Image size of job updated: 375408
	218  -  MemoryUsage of job (MB)
	222428  -  ResidentSetSize of job (KB)
...
006 (15756407.357.000) 2026-02-08 20:23:19 Image size of job updated: 375408
	263  -  MemoryUsage of job (MB)
	268628  -  ResidentSetSize of job (KB)
...
006 (15756407.357.000) 2026-02-08 20:28:19 Image size of job updated: 375408
	299  -  MemoryUsage of job (MB)
	305808  -  ResidentSetSize of job (KB)
...
006 (15756407.357.000) 2026-02-08 20:33:19 Image size of job updated: 375408
	312  -  MemoryUsage of job (MB)
	319392  -  ResidentSetSize of job (KB)
...
006 (15756407.357.000) 2026-02-08 20:53:21 Image size of job updated: 375408
	341  -  MemoryUsage of job (MB)
	348832  -  ResidentSetSize of job (KB)
...
006 (15756407.357.000) 2026-02-08 21:08:23 Image size of job updated: 375408
	346  -  MemoryUsage of job (MB)
	353952  -  ResidentSetSize of job (KB)
...
006 (15756407.357.000) 2026-02-08 21:13:24 Image size of job updated: 375408
	347  -  MemoryUsage of job (MB)
	354672  -  ResidentSetSize of job (KB)
...
006 (15756407.357.000) 2026-02-08 21:23:25 Image size of job updated: 375408
	347  -  MemoryUsage of job (MB)
	354712  -  ResidentSetSize of job (KB)
...
006 (15756407.357.000) 2026-02-08 21:43:28 Image size of job updated: 375408
	347  -  MemoryUsage of job (MB)
	354764  -  ResidentSetSize of job (KB)
...
006 (15756407.357.000) 2026-02-09 00:03:40 Image size of job updated: 375408
	350  -  MemoryUsage of job (MB)
	358152  -  ResidentSetSize of job (KB)
...
006 (15756407.357.000) 2026-02-09 00:33:44 Image size of job updated: 375408
	350  -  MemoryUsage of job (MB)
	358164  -  ResidentSetSize of job (KB)
...
006 (15756407.357.000) 2026-02-09 00:43:45 Image size of job updated: 375408
	350  -  MemoryUsage of job (MB)
	358360  -  ResidentSetSize of job (KB)
...
006 (15756407.357.000) 2026-02-09 04:34:09 Image size of job updated: 375408
	351  -  MemoryUsage of job (MB)
	358508  -  ResidentSetSize of job (KB)
...
006 (15756407.357.000) 2026-02-09 04:59:12 Image size of job updated: 375408
	351  -  MemoryUsage of job (MB)
	359260  -  ResidentSetSize of job (KB)
...
006 (15756407.357.000) 2026-02-09 05:29:15 Image size of job updated: 375408
	352  -  MemoryUsage of job (MB)
	359484  -  ResidentSetSize of job (KB)
...
006 (15756407.357.000) 2026-02-09 05:39:16 Image size of job updated: 375408
	352  -  MemoryUsage of job (MB)
	359676  -  ResidentSetSize of job (KB)
...
006 (15756407.357.000) 2026-02-09 06:54:21 Image size of job updated: 375408
	352  -  MemoryUsage of job (MB)
	359764  -  ResidentSetSize of job (KB)
...
006 (15756407.357.000) 2026-02-09 10:44:41 Image size of job updated: 375408
	352  -  MemoryUsage of job (MB)
	360364  -  ResidentSetSize of job (KB)
...
005 (15756407.357.000) 2026-02-09 12:18:02 Job terminated.
	(1) Normal termination (return value 0)
		Usr 2 02:08:39, Sys 0 08:48:46  -  Run Remote Usage
		Usr 0 00:00:00, Sys 0 00:00:00  -  Run Local Usage
		Usr 2 02:08:39, Sys 0 08:48:46  -  Total Remote Usage
		Usr 0 00:00:00, Sys 0 00:00:00  -  Total Local Usage
	0  -  Run Bytes Sent By Job
	0  -  Run Bytes Received By Job
	0  -  Total Bytes Sent By Job
	0  -  Total Bytes Received By Job
	Partitionable Resources :    Usage  Request Allocated 
	   Cpus                 :     1.68        8         8 
	   Disk (KB)            :     1     1024000   1025696 
	   GPUs                 :                           0 
	   Memory (MB)          :   352       16384     16384 
	   TimeExecute (s)      : 57897                       
	   TimeSlotBusy (s)     : 57897                       

	Job terminated of its own accord at 2026-02-09T11:18:02Z with exit-code 0.
...
