000 (15756404.304.000) 2026-02-06 11:24:34 Job submitted from host: <141.34.103.35:9618?addrs=141.34.103.35-9618+[2001-638-700-f067--1-23]-9618&alias=wgs39.zeuthen.desy.de&noUDP&sock=schedd_7414_f73f>
...
001 (15756404.304.000) 2026-02-06 11:32:51 Job executing on host: <141.34.15.44:9618?addrs=141.34.15.44-9618+[2001-638-700-f00f--1-2c]-9618&alias=pizza15.zeuthen.desy.de&noUDP&sock=startd_8410_2393>
	SlotName: slot1_19@pizza15.zeuthen.desy.de
	CondorScratchDir = "/batch/dir_3268282"
	Cpus = 8
	Disk = 1025696
	GPUs = 0
	Memory = 16384
...
006 (15756404.304.000) 2026-02-06 11:33:05 Image size of job updated: 91568
	90  -  MemoryUsage of job (MB)
	91568  -  ResidentSetSize of job (KB)
...
006 (15756404.304.000) 2026-02-06 11:38:06 Image size of job updated: 309712
	300  -  MemoryUsage of job (MB)
	306960  -  ResidentSetSize of job (KB)
...
006 (15756404.304.000) 2026-02-06 11:43:06 Image size of job updated: 309928
	300  -  MemoryUsage of job (MB)
	306964  -  ResidentSetSize of job (KB)
...
006 (15756404.304.000) 2026-02-06 11:48:07 Image size of job updated: 310360
	301  -  MemoryUsage of job (MB)
	307928  -  ResidentSetSize of job (KB)
...
006 (15756404.304.000) 2026-02-06 11:53:08 Image size of job updated: 310564
	302  -  MemoryUsage of job (MB)
	308960  -  ResidentSetSize of job (KB)
...
006 (15756404.304.000) 2026-02-06 11:58:08 Image size of job updated: 311144
	304  -  MemoryUsage of job (MB)
	311144  -  ResidentSetSize of job (KB)
...
006 (15756404.304.000) 2026-02-06 12:03:09 Image size of job updated: 313332
	306  -  MemoryUsage of job (MB)
	313332  -  ResidentSetSize of job (KB)
...
006 (15756404.304.000) 2026-02-06 12:08:10 Image size of job updated: 313592
	307  -  MemoryUsage of job (MB)
	313592  -  ResidentSetSize of job (KB)
...
006 (15756404.304.000) 2026-02-06 12:13:10 Image size of job updated: 313848
	307  -  MemoryUsage of job (MB)
	313848  -  ResidentSetSize of job (KB)
...
006 (15756404.304.000) 2026-02-06 12:18:10 Image size of job updated: 314104
	307  -  MemoryUsage of job (MB)
	314104  -  ResidentSetSize of job (KB)
...
006 (15756404.304.000) 2026-02-06 12:23:11 Image size of job updated: 314360
	307  -  MemoryUsage of job (MB)
	314360  -  ResidentSetSize of job (KB)
...
006 (15756404.304.000) 2026-02-06 12:28:11 Image size of job updated: 314620
	308  -  MemoryUsage of job (MB)
	314620  -  ResidentSetSize of job (KB)
...
006 (15756404.304.000) 2026-02-06 12:33:11 Image size of job updated: 314876
	308  -  MemoryUsage of job (MB)
	314876  -  ResidentSetSize of job (KB)
...
006 (15756404.304.000) 2026-02-06 12:38:12 Image size of job updated: 315136
	308  -  MemoryUsage of job (MB)
	315136  -  ResidentSetSize of job (KB)
...
006 (15756404.304.000) 2026-02-06 12:43:12 Image size of job updated: 315152
	308  -  MemoryUsage of job (MB)
	315152  -  ResidentSetSize of job (KB)
...
006 (15756404.304.000) 2026-02-06 12:48:12 Image size of job updated: 315684
	309  -  MemoryUsage of job (MB)
	315684  -  ResidentSetSize of job (KB)
...
006 (15756404.304.000) 2026-02-06 12:53:13 Image size of job updated: 315932
	309  -  MemoryUsage of job (MB)
	315932  -  ResidentSetSize of job (KB)
...
006 (15756404.304.000) 2026-02-06 12:58:14 Image size of job updated: 316188
	309  -  MemoryUsage of job (MB)
	316188  -  ResidentSetSize of job (KB)
...
006 (15756404.304.000) 2026-02-06 13:08:15 Image size of job updated: 316448
	310  -  MemoryUsage of job (MB)
	316448  -  ResidentSetSize of job (KB)
...
006 (15756404.304.000) 2026-02-06 13:13:16 Image size of job updated: 316476
	310  -  MemoryUsage of job (MB)
	316452  -  ResidentSetSize of job (KB)
...
006 (15756404.304.000) 2026-02-06 13:38:18 Image size of job updated: 316476
	310  -  MemoryUsage of job (MB)
	316456  -  ResidentSetSize of job (KB)
...
006 (15756404.304.000) 2026-02-06 14:03:20 Image size of job updated: 316524
	310  -  MemoryUsage of job (MB)
	316524  -  ResidentSetSize of job (KB)
...
006 (15756404.304.000) 2026-02-06 14:08:20 Image size of job updated: 316528
	310  -  MemoryUsage of job (MB)
	316528  -  ResidentSetSize of job (KB)
...
006 (15756404.304.000) 2026-02-06 14:13:22 Image size of job updated: 316532
	310  -  MemoryUsage of job (MB)
	316532  -  ResidentSetSize of job (KB)
...
006 (15756404.304.000) 2026-02-06 14:33:24 Image size of job updated: 316540
	310  -  MemoryUsage of job (MB)
	316540  -  ResidentSetSize of job (KB)
...
006 (15756404.304.000) 2026-02-06 15:18:28 Image size of job updated: 316544
	310  -  MemoryUsage of job (MB)
	316544  -  ResidentSetSize of job (KB)
...
006 (15756404.304.000) 2026-02-06 15:48:30 Image size of job updated: 316548
	310  -  MemoryUsage of job (MB)
	316548  -  ResidentSetSize of job (KB)
...
006 (15756404.304.000) 2026-02-06 20:03:57 Image size of job updated: 316552
	310  -  MemoryUsage of job (MB)
	316552  -  ResidentSetSize of job (KB)
...
005 (15756404.304.000) 2026-02-06 20:11:02 Job terminated.
	(1) Normal termination (return value 0)
		Usr 1 06:09:02, Sys 0 18:00:30  -  Run Remote Usage
		Usr 0 00:00:00, Sys 0 00:00:00  -  Run Local Usage
		Usr 1 06:09:02, Sys 0 18:00:30  -  Total Remote Usage
		Usr 0 00:00:00, Sys 0 00:00:00  -  Total Local Usage
	0  -  Run Bytes Sent By Job
	0  -  Run Bytes Received By Job
	0  -  Total Bytes Sent By Job
	0  -  Total Bytes Received By Job
	Partitionable Resources :    Usage  Request Allocated 
	   Cpus                 :     7.02        8         8 
	   Disk (KB)            :     1     1024000   1025696 
	   GPUs                 :                           0 
	   Memory (MB)          :   310       16384     16384 
	   TimeExecute (s)      : 31091                       
	   TimeSlotBusy (s)     : 31091                       

	Job terminated of its own accord at 2026-02-06T19:11:02Z with exit-code 0.
...
