000 (15756404.352.000) 2026-02-06 11:24:34 Job submitted from host: <141.34.103.35:9618?addrs=141.34.103.35-9618+[2001-638-700-f067--1-23]-9618&alias=wgs39.zeuthen.desy.de&noUDP&sock=schedd_7414_f73f>
...
001 (15756404.352.000) 2026-02-06 14:39:49 Job executing on host: <141.34.15.200:9618?addrs=141.34.15.200-9618+[2001-638-700-f00f--1-c8]-9618&alias=pizza02.zeuthen.desy.de&noUDP&sock=startd_8244_46da>
	SlotName: slot1_9@pizza02.zeuthen.desy.de
	CondorScratchDir = "/batch/dir_2636839"
	Cpus = 8
	Disk = 1025696
	GPUs = 0
	Memory = 16384
...
006 (15756404.352.000) 2026-02-06 14:40:03 Image size of job updated: 91472
	90  -  MemoryUsage of job (MB)
	91472  -  ResidentSetSize of job (KB)
...
006 (15756404.352.000) 2026-02-06 14:45:04 Image size of job updated: 298100
	290  -  MemoryUsage of job (MB)
	296248  -  ResidentSetSize of job (KB)
...
006 (15756404.352.000) 2026-02-06 14:50:04 Image size of job updated: 298304
	290  -  MemoryUsage of job (MB)
	296248  -  ResidentSetSize of job (KB)
...
006 (15756404.352.000) 2026-02-06 14:55:05 Image size of job updated: 298780
	292  -  MemoryUsage of job (MB)
	298524  -  ResidentSetSize of job (KB)
...
006 (15756404.352.000) 2026-02-06 15:00:06 Image size of job updated: 299272
	292  -  MemoryUsage of job (MB)
	298528  -  ResidentSetSize of job (KB)
...
006 (15756404.352.000) 2026-02-06 15:05:06 Image size of job updated: 299932
	293  -  MemoryUsage of job (MB)
	299932  -  ResidentSetSize of job (KB)
...
006 (15756404.352.000) 2026-02-06 15:10:07 Image size of job updated: 300444
	294  -  MemoryUsage of job (MB)
	300444  -  ResidentSetSize of job (KB)
...
006 (15756404.352.000) 2026-02-06 15:15:07 Image size of job updated: 300700
	294  -  MemoryUsage of job (MB)
	300700  -  ResidentSetSize of job (KB)
...
006 (15756404.352.000) 2026-02-06 15:20:07 Image size of job updated: 301212
	295  -  MemoryUsage of job (MB)
	301212  -  ResidentSetSize of job (KB)
...
006 (15756404.352.000) 2026-02-06 15:25:08 Image size of job updated: 301724
	295  -  MemoryUsage of job (MB)
	301724  -  ResidentSetSize of job (KB)
...
006 (15756404.352.000) 2026-02-06 15:30:08 Image size of job updated: 301980
	295  -  MemoryUsage of job (MB)
	301980  -  ResidentSetSize of job (KB)
...
006 (15756404.352.000) 2026-02-06 15:35:08 Image size of job updated: 302916
	296  -  MemoryUsage of job (MB)
	302916  -  ResidentSetSize of job (KB)
...
006 (15756404.352.000) 2026-02-06 15:40:09 Image size of job updated: 303056
	296  -  MemoryUsage of job (MB)
	303056  -  ResidentSetSize of job (KB)
...
006 (15756404.352.000) 2026-02-06 15:45:09 Image size of job updated: 303128
	297  -  MemoryUsage of job (MB)
	303128  -  ResidentSetSize of job (KB)
...
006 (15756404.352.000) 2026-02-06 15:50:09 Image size of job updated: 303388
	297  -  MemoryUsage of job (MB)
	303388  -  ResidentSetSize of job (KB)
...
006 (15756404.352.000) 2026-02-06 16:05:11 Image size of job updated: 303392
	297  -  MemoryUsage of job (MB)
	303392  -  ResidentSetSize of job (KB)
...
006 (15756404.352.000) 2026-02-06 16:10:12 Image size of job updated: 303396
	297  -  MemoryUsage of job (MB)
	303396  -  ResidentSetSize of job (KB)
...
006 (15756404.352.000) 2026-02-06 16:20:12 Image size of job updated: 303404
	297  -  MemoryUsage of job (MB)
	303404  -  ResidentSetSize of job (KB)
...
006 (15756404.352.000) 2026-02-06 16:40:15 Image size of job updated: 303416
	297  -  MemoryUsage of job (MB)
	303416  -  ResidentSetSize of job (KB)
...
006 (15756404.352.000) 2026-02-06 16:45:15 Image size of job updated: 303624
	297  -  MemoryUsage of job (MB)
	303624  -  ResidentSetSize of job (KB)
...
006 (15756404.352.000) 2026-02-06 17:15:17 Image size of job updated: 303704
	297  -  MemoryUsage of job (MB)
	303704  -  ResidentSetSize of job (KB)
...
006 (15756404.352.000) 2026-02-06 17:20:17 Image size of job updated: 303716
	297  -  MemoryUsage of job (MB)
	303716  -  ResidentSetSize of job (KB)
...
006 (15756404.352.000) 2026-02-06 17:25:18 Image size of job updated: 303720
	297  -  MemoryUsage of job (MB)
	303720  -  ResidentSetSize of job (KB)
...
006 (15756404.352.000) 2026-02-06 18:20:22 Image size of job updated: 303724
	297  -  MemoryUsage of job (MB)
	303724  -  ResidentSetSize of job (KB)
...
006 (15756404.352.000) 2026-02-06 20:05:34 Image size of job updated: 303732
	297  -  MemoryUsage of job (MB)
	303732  -  ResidentSetSize of job (KB)
...
006 (15756404.352.000) 2026-02-06 20:25:37 Image size of job updated: 303736
	297  -  MemoryUsage of job (MB)
	303736  -  ResidentSetSize of job (KB)
...
006 (15756404.352.000) 2026-02-06 20:50:39 Image size of job updated: 303752
	297  -  MemoryUsage of job (MB)
	303752  -  ResidentSetSize of job (KB)
...
005 (15756404.352.000) 2026-02-06 22:53:09 Job terminated.
	(1) Normal termination (return value 0)
		Usr 1 03:06:18, Sys 0 16:52:53  -  Run Remote Usage
		Usr 0 00:00:00, Sys 0 00:00:00  -  Run Local Usage
		Usr 1 03:06:18, Sys 0 16:52:53  -  Total Remote Usage
		Usr 0 00:00:00, Sys 0 00:00:00  -  Total Local Usage
	0  -  Run Bytes Sent By Job
	0  -  Run Bytes Received By Job
	0  -  Total Bytes Sent By Job
	0  -  Total Bytes Received By Job
	Partitionable Resources :    Usage  Request Allocated 
	   Cpus                 :     5.83        8         8 
	   Disk (KB)            :     1     1024000   1025696 
	   GPUs                 :                           0 
	   Memory (MB)          :   297       16384     16384 
	   TimeExecute (s)      : 29600                       
	   TimeSlotBusy (s)     : 29600                       

	Job terminated of its own accord at 2026-02-06T21:53:09Z with exit-code 0.
...
