000 (15756408.358.000) 2026-02-06 11:26:57 Job submitted from host: <141.34.103.35:9618?addrs=141.34.103.35-9618+[2001-638-700-f067--1-23]-9618&alias=wgs39.zeuthen.desy.de&noUDP&sock=schedd_7414_f73f>
...
001 (15756408.358.000) 2026-02-10 11:44:01 Job executing on host: <141.34.15.48:9618?addrs=141.34.15.48-9618+[2001-638-700-f00f--1-30]-9618&alias=pizza19.zeuthen.desy.de&noUDP&sock=startd_8419_4fed>
	SlotName: slot1_7@pizza19.zeuthen.desy.de
	CondorScratchDir = "/batch/dir_2466450"
	Cpus = 8
	Disk = 1025696
	GPUs = 0
	Memory = 16384
...
006 (15756408.358.000) 2026-02-10 11:44:15 Image size of job updated: 91540
	90  -  MemoryUsage of job (MB)
	91540  -  ResidentSetSize of job (KB)
...
006 (15756408.358.000) 2026-02-10 11:47:34 Image size of job updated: 406436
	90  -  MemoryUsage of job (MB)
	91540  -  ResidentSetSize of job (KB)
...
004 (15756408.358.000) 2026-02-10 11:47:34 Job was evicted.
	(0) CPU times
		Usr 0 00:15:33, Sys 0 00:00:02  -  Run Remote Usage
		Usr 0 00:00:00, Sys 0 00:00:00  -  Run Local Usage
	0  -  Run Bytes Sent By Job
	0  -  Run Bytes Received By Job
	Partitionable Resources :    Usage  Request Allocated 
	   Cpus                 :     3.33        8         8 
	   Disk (KB)            :     1     1024000   1025696 
	   GPUs                 :                           0 
	   Memory (MB)          :    90       16384     16384 
	   TimeExecute (s)      :   212                       
	   TimeSlotBusy (s)     :   213                       
...
009 (15756408.358.000) 2026-02-10 11:47:34 Job was aborted.
	via condor_rm (by user tuccia)
...
000 (15951004.239.000) 2026-02-10 16:30:02 Job submitted from host: <141.34.103.35:9618?addrs=141.34.103.35-9618+[2001-638-700-f067--1-23]-9618&alias=wgs39.zeuthen.desy.de&noUDP&sock=schedd_7302_24a3>
...
001 (15951004.239.000) 2026-02-10 18:12:30 Job executing on host: <141.34.15.81:9618?addrs=141.34.15.81-9618+[2001-638-700-f00f--1-51]-9618&alias=genoa06.zeuthen.desy.de&noUDP&sock=startd_10377_565c>
	SlotName: slot1_47@genoa06.zeuthen.desy.de
	CondorScratchDir = "/batch/dir_1536718"
	Cpus = 1
	Disk = 1025681
	GPUs = 0
	Memory = 5120
...
006 (15951004.239.000) 2026-02-10 18:12:44 Image size of job updated: 89452
	88  -  MemoryUsage of job (MB)
	89452  -  ResidentSetSize of job (KB)
...
006 (15951004.239.000) 2026-02-10 18:17:45 Image size of job updated: 289252
	283  -  MemoryUsage of job (MB)
	289252  -  ResidentSetSize of job (KB)
...
006 (15951004.239.000) 2026-02-10 18:22:45 Image size of job updated: 290108
	284  -  MemoryUsage of job (MB)
	290108  -  ResidentSetSize of job (KB)
...
006 (15951004.239.000) 2026-02-10 18:27:45 Image size of job updated: 290916
	285  -  MemoryUsage of job (MB)
	290916  -  ResidentSetSize of job (KB)
...
006 (15951004.239.000) 2026-02-10 18:32:46 Image size of job updated: 291724
	285  -  MemoryUsage of job (MB)
	291724  -  ResidentSetSize of job (KB)
...
006 (15951004.239.000) 2026-02-10 18:37:46 Image size of job updated: 322744
	303  -  MemoryUsage of job (MB)
	310252  -  ResidentSetSize of job (KB)
...
006 (15951004.239.000) 2026-02-10 19:02:48 Image size of job updated: 327588
	304  -  MemoryUsage of job (MB)
	310416  -  ResidentSetSize of job (KB)
...
006 (15951004.239.000) 2026-02-10 19:22:51 Image size of job updated: 329408
	304  -  MemoryUsage of job (MB)
	310948  -  ResidentSetSize of job (KB)
...
006 (15951004.239.000) 2026-02-10 19:42:53 Image size of job updated: 329408
	304  -  MemoryUsage of job (MB)
	310964  -  ResidentSetSize of job (KB)
...
006 (15951004.239.000) 2026-02-10 19:47:54 Image size of job updated: 329408
	305  -  MemoryUsage of job (MB)
	311676  -  ResidentSetSize of job (KB)
...
006 (15951004.239.000) 2026-02-10 20:12:57 Image size of job updated: 329856
	305  -  MemoryUsage of job (MB)
	312240  -  ResidentSetSize of job (KB)
...
006 (15951004.239.000) 2026-02-10 20:32:59 Image size of job updated: 329856
	306  -  MemoryUsage of job (MB)
	312544  -  ResidentSetSize of job (KB)
...
006 (15951004.239.000) 2026-02-10 20:58:01 Image size of job updated: 330176
	306  -  MemoryUsage of job (MB)
	312820  -  ResidentSetSize of job (KB)
...
006 (15951004.239.000) 2026-02-10 21:23:03 Image size of job updated: 330176
	306  -  MemoryUsage of job (MB)
	313116  -  ResidentSetSize of job (KB)
...
006 (15951004.239.000) 2026-02-10 21:43:06 Image size of job updated: 330176
	307  -  MemoryUsage of job (MB)
	313512  -  ResidentSetSize of job (KB)
...
006 (15951004.239.000) 2026-02-10 22:08:09 Image size of job updated: 330176
	307  -  MemoryUsage of job (MB)
	313812  -  ResidentSetSize of job (KB)
...
006 (15951004.239.000) 2026-02-10 22:13:10 Image size of job updated: 330176
	309  -  MemoryUsage of job (MB)
	316072  -  ResidentSetSize of job (KB)
...
006 (15951004.239.000) 2026-02-10 22:33:12 Image size of job updated: 331528
	309  -  MemoryUsage of job (MB)
	316348  -  ResidentSetSize of job (KB)
...
006 (15951004.239.000) 2026-02-10 22:58:16 Image size of job updated: 331528
	310  -  MemoryUsage of job (MB)
	316644  -  ResidentSetSize of job (KB)
...
006 (15951004.239.000) 2026-02-10 23:18:18 Image size of job updated: 331528
	324  -  MemoryUsage of job (MB)
	331052  -  ResidentSetSize of job (KB)
...
006 (15951004.239.000) 2026-02-10 23:23:19 Image size of job updated: 331528
	324  -  MemoryUsage of job (MB)
	331056  -  ResidentSetSize of job (KB)
...
006 (15951004.239.000) 2026-02-11 00:53:26 Image size of job updated: 332688
	324  -  MemoryUsage of job (MB)
	331056  -  ResidentSetSize of job (KB)
...
006 (15951004.239.000) 2026-02-11 07:54:07 Image size of job updated: 332688
	324  -  MemoryUsage of job (MB)
	331388  -  ResidentSetSize of job (KB)
...
006 (15951004.239.000) 2026-02-11 07:59:08 Image size of job updated: 333076
	324  -  MemoryUsage of job (MB)
	331392  -  ResidentSetSize of job (KB)
...
