000 (15756404.494.000) 2026-02-06 11:24:35 Job submitted from host: <141.34.103.35:9618?addrs=141.34.103.35-9618+[2001-638-700-f067--1-23]-9618&alias=wgs39.zeuthen.desy.de&noUDP&sock=schedd_7414_f73f>
...
001 (15756404.494.000) 2026-02-06 18:59:30 Job executing on host: <141.34.15.41:9618?addrs=141.34.15.41-9618+[2001-638-700-f00f--1-29]-9618&alias=pizza12.zeuthen.desy.de&noUDP&sock=startd_8275_8a49>
	SlotName: slot1_2@pizza12.zeuthen.desy.de
	CondorScratchDir = "/batch/dir_1673740"
	Cpus = 8
	Disk = 1025696
	GPUs = 0
	Memory = 16384
...
006 (15756404.494.000) 2026-02-06 18:59:45 Image size of job updated: 91448
	90  -  MemoryUsage of job (MB)
	91448  -  ResidentSetSize of job (KB)
...
006 (15756404.494.000) 2026-02-06 19:04:45 Image size of job updated: 1203996
	1138  -  MemoryUsage of job (MB)
	1164956  -  ResidentSetSize of job (KB)
...
006 (15756404.494.000) 2026-02-06 19:09:45 Image size of job updated: 1220256
	1138  -  MemoryUsage of job (MB)
	1164960  -  ResidentSetSize of job (KB)
...
006 (15756404.494.000) 2026-02-06 19:14:46 Image size of job updated: 1220256
	1183  -  MemoryUsage of job (MB)
	1210736  -  ResidentSetSize of job (KB)
...
006 (15756404.494.000) 2026-02-06 19:19:47 Image size of job updated: 1220372
	1183  -  MemoryUsage of job (MB)
	1210740  -  ResidentSetSize of job (KB)
...
006 (15756404.494.000) 2026-02-06 19:24:47 Image size of job updated: 1220680
	1184  -  MemoryUsage of job (MB)
	1211716  -  ResidentSetSize of job (KB)
...
006 (15756404.494.000) 2026-02-06 19:29:48 Image size of job updated: 1221276
	1184  -  MemoryUsage of job (MB)
	1211720  -  ResidentSetSize of job (KB)
...
006 (15756404.494.000) 2026-02-06 19:34:49 Image size of job updated: 1222204
	1184  -  MemoryUsage of job (MB)
	1211720  -  ResidentSetSize of job (KB)
...
006 (15756404.494.000) 2026-02-06 19:49:51 Image size of job updated: 1223092
	1184  -  MemoryUsage of job (MB)
	1211720  -  ResidentSetSize of job (KB)
...
006 (15756404.494.000) 2026-02-06 19:54:51 Image size of job updated: 1223296
	1184  -  MemoryUsage of job (MB)
	1211720  -  ResidentSetSize of job (KB)
...
006 (15756404.494.000) 2026-02-06 19:59:52 Image size of job updated: 1223296
	1190  -  MemoryUsage of job (MB)
	1217692  -  ResidentSetSize of job (KB)
...
006 (15756404.494.000) 2026-02-06 20:24:55 Image size of job updated: 1223296
	1194  -  MemoryUsage of job (MB)
	1221636  -  ResidentSetSize of job (KB)
...
006 (15756404.494.000) 2026-02-06 20:29:56 Image size of job updated: 1223296
	1194  -  MemoryUsage of job (MB)
	1221640  -  ResidentSetSize of job (KB)
...
006 (15756404.494.000) 2026-02-06 21:30:00 Image size of job updated: 1223428
	1194  -  MemoryUsage of job (MB)
	1221640  -  ResidentSetSize of job (KB)
...
006 (15756404.494.000) 2026-02-06 21:35:01 Image size of job updated: 1223836
	1194  -  MemoryUsage of job (MB)
	1221640  -  ResidentSetSize of job (KB)
...
006 (15756404.494.000) 2026-02-06 22:10:03 Image size of job updated: 1224176
	1194  -  MemoryUsage of job (MB)
	1221640  -  ResidentSetSize of job (KB)
...
006 (15756404.494.000) 2026-02-06 23:00:08 Image size of job updated: 1224188
	1194  -  MemoryUsage of job (MB)
	1221640  -  ResidentSetSize of job (KB)
...
006 (15756404.494.000) 2026-02-06 23:15:10 Image size of job updated: 1224344
	1194  -  MemoryUsage of job (MB)
	1221640  -  ResidentSetSize of job (KB)
...
006 (15756404.494.000) 2026-02-07 00:25:20 Image size of job updated: 1224968
	1194  -  MemoryUsage of job (MB)
	1221640  -  ResidentSetSize of job (KB)
...
006 (15756404.494.000) 2026-02-07 01:00:24 Image size of job updated: 1226448
	1194  -  MemoryUsage of job (MB)
	1221640  -  ResidentSetSize of job (KB)
...
006 (15756404.494.000) 2026-02-07 01:15:26 Image size of job updated: 1226720
	1194  -  MemoryUsage of job (MB)
	1221640  -  ResidentSetSize of job (KB)
...
006 (15756404.494.000) 2026-02-07 01:30:28 Image size of job updated: 1227484
	1194  -  MemoryUsage of job (MB)
	1222384  -  ResidentSetSize of job (KB)
...
006 (15756404.494.000) 2026-02-07 01:35:29 Image size of job updated: 1227484
	1194  -  MemoryUsage of job (MB)
	1222388  -  ResidentSetSize of job (KB)
...
006 (15756404.494.000) 2026-02-07 01:40:30 Image size of job updated: 1227784
	1194  -  MemoryUsage of job (MB)
	1222388  -  ResidentSetSize of job (KB)
...
006 (15756404.494.000) 2026-02-07 02:25:36 Image size of job updated: 1228096
	1194  -  MemoryUsage of job (MB)
	1222388  -  ResidentSetSize of job (KB)
...
006 (15756404.494.000) 2026-02-07 02:50:38 Image size of job updated: 1228316
	1194  -  MemoryUsage of job (MB)
	1222388  -  ResidentSetSize of job (KB)
...
006 (15756404.494.000) 2026-02-07 03:10:40 Image size of job updated: 1228316
	1195  -  MemoryUsage of job (MB)
	1223292  -  ResidentSetSize of job (KB)
...
006 (15756404.494.000) 2026-02-07 03:15:40 Image size of job updated: 1228316
	1195  -  MemoryUsage of job (MB)
	1223296  -  ResidentSetSize of job (KB)
...
006 (15756404.494.000) 2026-02-07 04:10:44 Image size of job updated: 1228580
	1195  -  MemoryUsage of job (MB)
	1223296  -  ResidentSetSize of job (KB)
...
006 (15756404.494.000) 2026-02-07 04:20:44 Image size of job updated: 1228580
	1198  -  MemoryUsage of job (MB)
	1225932  -  ResidentSetSize of job (KB)
...
006 (15756404.494.000) 2026-02-07 04:25:45 Image size of job updated: 1228580
	1198  -  MemoryUsage of job (MB)
	1225936  -  ResidentSetSize of job (KB)
...
006 (15756404.494.000) 2026-02-07 05:00:47 Image size of job updated: 1228580
	1198  -  MemoryUsage of job (MB)
	1226132  -  ResidentSetSize of job (KB)
...
006 (15756404.494.000) 2026-02-07 05:05:47 Image size of job updated: 1228580
	1198  -  MemoryUsage of job (MB)
	1226136  -  ResidentSetSize of job (KB)
...
006 (15756404.494.000) 2026-02-07 05:45:52 Image size of job updated: 1228620
	1198  -  MemoryUsage of job (MB)
	1226136  -  ResidentSetSize of job (KB)
...
006 (15756404.494.000) 2026-02-07 05:50:52 Image size of job updated: 1228912
	1198  -  MemoryUsage of job (MB)
	1226136  -  ResidentSetSize of job (KB)
...
006 (15756404.494.000) 2026-02-07 05:55:53 Image size of job updated: 1228912
	1199  -  MemoryUsage of job (MB)
	1227684  -  ResidentSetSize of job (KB)
...
006 (15756404.494.000) 2026-02-07 06:00:54 Image size of job updated: 1228912
	1199  -  MemoryUsage of job (MB)
	1227688  -  ResidentSetSize of job (KB)
...
006 (15756404.494.000) 2026-02-07 06:15:56 Image size of job updated: 1230188
	1199  -  MemoryUsage of job (MB)
	1227688  -  ResidentSetSize of job (KB)
...
006 (15756404.494.000) 2026-02-07 06:25:57 Image size of job updated: 1230816
	1199  -  MemoryUsage of job (MB)
	1227688  -  ResidentSetSize of job (KB)
...
006 (15756404.494.000) 2026-02-07 06:35:58 Image size of job updated: 1231248
	1199  -  MemoryUsage of job (MB)
	1227688  -  ResidentSetSize of job (KB)
...
006 (15756404.494.000) 2026-02-07 06:46:00 Image size of job updated: 1231460
	1199  -  MemoryUsage of job (MB)
	1227688  -  ResidentSetSize of job (KB)
...
006 (15756404.494.000) 2026-02-07 07:46:08 Image size of job updated: 1231860
	1199  -  MemoryUsage of job (MB)
	1227688  -  ResidentSetSize of job (KB)
...
006 (15756404.494.000) 2026-02-07 09:11:16 Image size of job updated: 1231860
	1203  -  MemoryUsage of job (MB)
	1231716  -  ResidentSetSize of job (KB)
...
006 (15756404.494.000) 2026-02-07 10:06:20 Image size of job updated: 1232004
	1203  -  MemoryUsage of job (MB)
	1231716  -  ResidentSetSize of job (KB)
...
006 (15756404.494.000) 2026-02-07 10:16:21 Image size of job updated: 1232128
	1203  -  MemoryUsage of job (MB)
	1231716  -  ResidentSetSize of job (KB)
...
021 (15756404.494.000) 2026-02-08 18:59:32 Error from starter on slot1_2@pizza12.zeuthen.desy.de:
	runtime exceeded maximum (target.Runtime seconds)
	Code 21 Subcode 103
...
004 (15756404.494.000) 2026-02-08 18:59:32 Job was evicted.
	(0) CPU times
		Usr 6 18:22:30, Sys 4 00:29:21  -  Run Remote Usage
		Usr 0 00:00:00, Sys 0 00:00:00  -  Run Local Usage
	0  -  Run Bytes Sent By Job
	0  -  Run Bytes Received By Job
	Error from slot1_2@pizza12.zeuthen.desy.de: runtime exceeded maximum (target.Runtime seconds)
	Partitionable Resources :     Usage  Request Allocated 
	   Cpus                 :      7.95        8         8 
	   Disk (KB)            :      1     1024000   1025696 
	   GPUs                 :                            0 
	   Memory (MB)          :   1203       16384     16384 
	   TimeSlotBusy (s)     : 172802                       
...
012 (15756404.494.000) 2026-02-08 18:59:32 Job was held.
	Error from slot1_2@pizza12.zeuthen.desy.de: runtime exceeded maximum (target.Runtime seconds)
	Code 21 Subcode 103
...
009 (15756404.494.000) 2026-02-10 11:42:25 Job was aborted.
	via condor_rm (by user tuccia)
...
