000 (15756407.685.000) 2026-02-06 11:26:11 Job submitted from host: <141.34.103.35:9618?addrs=141.34.103.35-9618+[2001-638-700-f067--1-23]-9618&alias=wgs39.zeuthen.desy.de&noUDP&sock=schedd_7414_f73f>
...
009 (15756407.685.000) 2026-02-10 11:42:40 Job was aborted.
	via condor_rm (by user tuccia)
...
000 (15949294.457.000) 2026-02-10 11:45:21 Job submitted from host: <141.34.103.35:9618?addrs=141.34.103.35-9618+[2001-638-700-f067--1-23]-9618&alias=wgs39.zeuthen.desy.de&noUDP&sock=schedd_7302_24a3>
...
009 (15949294.457.000) 2026-02-10 11:45:46 Job was aborted.
	via condor_rm (by user tuccia)
...
000 (15949295.457.000) 2026-02-10 11:46:05 Job submitted from host: <141.34.103.35:9618?addrs=141.34.103.35-9618+[2001-638-700-f067--1-23]-9618&alias=wgs39.zeuthen.desy.de&noUDP&sock=schedd_7302_24a3>
...
001 (15949295.457.000) 2026-02-12 11:13:12 Job executing on host: <141.34.15.217:9618?addrs=141.34.15.217-9618+[2001-638-700-f00f--1-d9]-9618&alias=pizza25.zeuthen.desy.de&noUDP&sock=startd_9096_ad8b>
	SlotName: slot1_2@pizza25.zeuthen.desy.de
	CondorScratchDir = "/batch/dir_3170356"
	Cpus = 8
	Disk = 1025696
	GPUs = 0
	Memory = 16384
...
006 (15949295.457.000) 2026-02-12 11:13:26 Image size of job updated: 97464
	96  -  MemoryUsage of job (MB)
	97464  -  ResidentSetSize of job (KB)
...
006 (15949295.457.000) 2026-02-12 11:18:27 Image size of job updated: 601748
	540  -  MemoryUsage of job (MB)
	552824  -  ResidentSetSize of job (KB)
...
006 (15949295.457.000) 2026-02-12 11:23:27 Image size of job updated: 601748
	553  -  MemoryUsage of job (MB)
	565672  -  ResidentSetSize of job (KB)
...
006 (15949295.457.000) 2026-02-12 11:28:27 Image size of job updated: 601748
	555  -  MemoryUsage of job (MB)
	567676  -  ResidentSetSize of job (KB)
...
006 (15949295.457.000) 2026-02-12 11:33:28 Image size of job updated: 601748
	556  -  MemoryUsage of job (MB)
	569084  -  ResidentSetSize of job (KB)
...
006 (15949295.457.000) 2026-02-12 11:38:28 Image size of job updated: 601748
	558  -  MemoryUsage of job (MB)
	570664  -  ResidentSetSize of job (KB)
...
006 (15949295.457.000) 2026-02-12 11:43:28 Image size of job updated: 601748
	558  -  MemoryUsage of job (MB)
	570668  -  ResidentSetSize of job (KB)
...
006 (15949295.457.000) 2026-02-12 11:48:29 Image size of job updated: 601748
	570  -  MemoryUsage of job (MB)
	583060  -  ResidentSetSize of job (KB)
...
006 (15949295.457.000) 2026-02-12 11:53:29 Image size of job updated: 601748
	571  -  MemoryUsage of job (MB)
	583836  -  ResidentSetSize of job (KB)
...
006 (15949295.457.000) 2026-02-12 11:58:29 Image size of job updated: 601748
	574  -  MemoryUsage of job (MB)
	587572  -  ResidentSetSize of job (KB)
...
006 (15949295.457.000) 2026-02-12 12:03:30 Image size of job updated: 601748
	576  -  MemoryUsage of job (MB)
	589452  -  ResidentSetSize of job (KB)
...
006 (15949295.457.000) 2026-02-12 12:08:30 Image size of job updated: 601748
	576  -  MemoryUsage of job (MB)
	589456  -  ResidentSetSize of job (KB)
...
006 (15949295.457.000) 2026-02-12 12:28:32 Image size of job updated: 627512
	613  -  MemoryUsage of job (MB)
	627512  -  ResidentSetSize of job (KB)
...
006 (15949295.457.000) 2026-02-12 12:33:34 Image size of job updated: 631304
	615  -  MemoryUsage of job (MB)
	629044  -  ResidentSetSize of job (KB)
...
006 (15949295.457.000) 2026-02-12 12:38:34 Image size of job updated: 631532
	615  -  MemoryUsage of job (MB)
	629044  -  ResidentSetSize of job (KB)
...
006 (15949295.457.000) 2026-02-12 12:43:34 Image size of job updated: 636136
	618  -  MemoryUsage of job (MB)
	632404  -  ResidentSetSize of job (KB)
...
006 (15949295.457.000) 2026-02-12 12:48:35 Image size of job updated: 686616
	668  -  MemoryUsage of job (MB)
	683552  -  ResidentSetSize of job (KB)
...
006 (15949295.457.000) 2026-02-12 12:53:36 Image size of job updated: 686720
	668  -  MemoryUsage of job (MB)
	683632  -  ResidentSetSize of job (KB)
...
006 (15949295.457.000) 2026-02-12 12:58:36 Image size of job updated: 686720
	668  -  MemoryUsage of job (MB)
	683788  -  ResidentSetSize of job (KB)
...
006 (15949295.457.000) 2026-02-12 13:03:37 Image size of job updated: 687008
	669  -  MemoryUsage of job (MB)
	684120  -  ResidentSetSize of job (KB)
...
006 (15949295.457.000) 2026-02-12 13:08:38 Image size of job updated: 687008
	669  -  MemoryUsage of job (MB)
	684660  -  ResidentSetSize of job (KB)
...
006 (15949295.457.000) 2026-02-12 13:13:38 Image size of job updated: 688324
	670  -  MemoryUsage of job (MB)
	685104  -  ResidentSetSize of job (KB)
...
006 (15949295.457.000) 2026-02-12 13:18:39 Image size of job updated: 688448
	670  -  MemoryUsage of job (MB)
	685116  -  ResidentSetSize of job (KB)
...
006 (15949295.457.000) 2026-02-12 13:23:40 Image size of job updated: 688448
	670  -  MemoryUsage of job (MB)
	685136  -  ResidentSetSize of job (KB)
...
006 (15949295.457.000) 2026-02-12 13:28:40 Image size of job updated: 688448
	672  -  MemoryUsage of job (MB)
	687816  -  ResidentSetSize of job (KB)
...
006 (15949295.457.000) 2026-02-12 13:33:41 Image size of job updated: 696144
	680  -  MemoryUsage of job (MB)
	696144  -  ResidentSetSize of job (KB)
...
006 (15949295.457.000) 2026-02-12 13:38:42 Image size of job updated: 699212
	681  -  MemoryUsage of job (MB)
	696856  -  ResidentSetSize of job (KB)
...
006 (15949295.457.000) 2026-02-12 13:43:42 Image size of job updated: 700616
	681  -  MemoryUsage of job (MB)
	697344  -  ResidentSetSize of job (KB)
...
006 (15949295.457.000) 2026-02-12 13:48:43 Image size of job updated: 701164
	682  -  MemoryUsage of job (MB)
	697384  -  ResidentSetSize of job (KB)
...
006 (15949295.457.000) 2026-02-12 13:53:44 Image size of job updated: 701164
	682  -  MemoryUsage of job (MB)
	697408  -  ResidentSetSize of job (KB)
...
006 (15949295.457.000) 2026-02-12 13:58:44 Image size of job updated: 701164
	682  -  MemoryUsage of job (MB)
	697440  -  ResidentSetSize of job (KB)
...
006 (15949295.457.000) 2026-02-12 14:03:45 Image size of job updated: 701164
	682  -  MemoryUsage of job (MB)
	697756  -  ResidentSetSize of job (KB)
...
006 (15949295.457.000) 2026-02-12 14:08:46 Image size of job updated: 701164
	682  -  MemoryUsage of job (MB)
	698076  -  ResidentSetSize of job (KB)
...
006 (15949295.457.000) 2026-02-12 14:13:46 Image size of job updated: 701164
	684  -  MemoryUsage of job (MB)
	699600  -  ResidentSetSize of job (KB)
...
006 (15949295.457.000) 2026-02-12 14:28:48 Image size of job updated: 701572
	684  -  MemoryUsage of job (MB)
	699600  -  ResidentSetSize of job (KB)
...
006 (15949295.457.000) 2026-02-12 15:08:52 Image size of job updated: 701580
	684  -  MemoryUsage of job (MB)
	699600  -  ResidentSetSize of job (KB)
...
006 (15949295.457.000) 2026-02-12 15:28:54 Image size of job updated: 701580
	684  -  MemoryUsage of job (MB)
	700260  -  ResidentSetSize of job (KB)
...
006 (15949295.457.000) 2026-02-12 15:33:55 Image size of job updated: 723232
	707  -  MemoryUsage of job (MB)
	723232  -  ResidentSetSize of job (KB)
...
006 (15949295.457.000) 2026-02-12 15:38:55 Image size of job updated: 725292
	707  -  MemoryUsage of job (MB)
	723876  -  ResidentSetSize of job (KB)
...
006 (15949295.457.000) 2026-02-12 15:48:57 Image size of job updated: 725972
	707  -  MemoryUsage of job (MB)
	723876  -  ResidentSetSize of job (KB)
...
006 (15949295.457.000) 2026-02-12 15:53:57 Image size of job updated: 725972
	707  -  MemoryUsage of job (MB)
	723924  -  ResidentSetSize of job (KB)
...
006 (15949295.457.000) 2026-02-12 16:03:58 Image size of job updated: 725972
	707  -  MemoryUsage of job (MB)
	723968  -  ResidentSetSize of job (KB)
...
006 (15949295.457.000) 2026-02-12 16:13:59 Image size of job updated: 725972
	708  -  MemoryUsage of job (MB)
	723996  -  ResidentSetSize of job (KB)
...
006 (15949295.457.000) 2026-02-12 16:18:59 Image size of job updated: 725972
	708  -  MemoryUsage of job (MB)
	724020  -  ResidentSetSize of job (KB)
...
006 (15949295.457.000) 2026-02-12 16:23:59 Image size of job updated: 725972
	708  -  MemoryUsage of job (MB)
	724048  -  ResidentSetSize of job (KB)
...
006 (15949295.457.000) 2026-02-12 16:34:00 Image size of job updated: 729044
	712  -  MemoryUsage of job (MB)
	728116  -  ResidentSetSize of job (KB)
...
006 (15949295.457.000) 2026-02-12 16:39:01 Image size of job updated: 729044
	712  -  MemoryUsage of job (MB)
	728136  -  ResidentSetSize of job (KB)
...
006 (15949295.457.000) 2026-02-12 16:44:02 Image size of job updated: 730284
	712  -  MemoryUsage of job (MB)
	728156  -  ResidentSetSize of job (KB)
...
006 (15949295.457.000) 2026-02-12 16:54:03 Image size of job updated: 730672
	712  -  MemoryUsage of job (MB)
	728204  -  ResidentSetSize of job (KB)
...
006 (15949295.457.000) 2026-02-12 16:59:04 Image size of job updated: 737180
	720  -  MemoryUsage of job (MB)
	737180  -  ResidentSetSize of job (KB)
...
006 (15949295.457.000) 2026-02-12 17:04:04 Image size of job updated: 738528
	721  -  MemoryUsage of job (MB)
	737356  -  ResidentSetSize of job (KB)
...
006 (15949295.457.000) 2026-02-12 17:14:06 Image size of job updated: 739136
	721  -  MemoryUsage of job (MB)
	737356  -  ResidentSetSize of job (KB)
...
006 (15949295.457.000) 2026-02-12 17:29:08 Image size of job updated: 739136
	721  -  MemoryUsage of job (MB)
	737640  -  ResidentSetSize of job (KB)
...
006 (15949295.457.000) 2026-02-12 17:34:08 Image size of job updated: 739136
	722  -  MemoryUsage of job (MB)
	738588  -  ResidentSetSize of job (KB)
...
006 (15949295.457.000) 2026-02-12 17:39:09 Image size of job updated: 739136
	722  -  MemoryUsage of job (MB)
	738732  -  ResidentSetSize of job (KB)
...
006 (15949295.457.000) 2026-02-12 17:44:09 Image size of job updated: 739388
	722  -  MemoryUsage of job (MB)
	738744  -  ResidentSetSize of job (KB)
...
006 (15949295.457.000) 2026-02-12 17:49:09 Image size of job updated: 740420
	722  -  MemoryUsage of job (MB)
	738764  -  ResidentSetSize of job (KB)
...
006 (15949295.457.000) 2026-02-12 17:54:10 Image size of job updated: 740420
	722  -  MemoryUsage of job (MB)
	738792  -  ResidentSetSize of job (KB)
...
006 (15949295.457.000) 2026-02-12 18:04:10 Image size of job updated: 740420
	722  -  MemoryUsage of job (MB)
	738824  -  ResidentSetSize of job (KB)
...
006 (15949295.457.000) 2026-02-12 18:09:11 Image size of job updated: 740420
	722  -  MemoryUsage of job (MB)
	738852  -  ResidentSetSize of job (KB)
...
006 (15949295.457.000) 2026-02-12 18:14:11 Image size of job updated: 740420
	724  -  MemoryUsage of job (MB)
	740416  -  ResidentSetSize of job (KB)
...
006 (15949295.457.000) 2026-02-12 18:24:13 Image size of job updated: 740564
	724  -  MemoryUsage of job (MB)
	740416  -  ResidentSetSize of job (KB)
...
006 (15949295.457.000) 2026-02-12 19:14:18 Image size of job updated: 741032
	724  -  MemoryUsage of job (MB)
	740416  -  ResidentSetSize of job (KB)
...
006 (15949295.457.000) 2026-02-12 20:09:22 Image size of job updated: 741032
	724  -  MemoryUsage of job (MB)
	740428  -  ResidentSetSize of job (KB)
...
006 (15949295.457.000) 2026-02-12 20:19:24 Image size of job updated: 741032
	724  -  MemoryUsage of job (MB)
	740480  -  ResidentSetSize of job (KB)
...
006 (15949295.457.000) 2026-02-12 20:24:24 Image size of job updated: 741148
	724  -  MemoryUsage of job (MB)
	740540  -  ResidentSetSize of job (KB)
...
006 (15949295.457.000) 2026-02-12 20:29:25 Image size of job updated: 741284
	724  -  MemoryUsage of job (MB)
	740860  -  ResidentSetSize of job (KB)
...
006 (15949295.457.000) 2026-02-12 20:34:26 Image size of job updated: 741908
	725  -  MemoryUsage of job (MB)
	741908  -  ResidentSetSize of job (KB)
...
006 (15949295.457.000) 2026-02-12 20:39:26 Image size of job updated: 742148
	725  -  MemoryUsage of job (MB)
	742012  -  ResidentSetSize of job (KB)
...
006 (15949295.457.000) 2026-02-12 20:44:27 Image size of job updated: 742796
	725  -  MemoryUsage of job (MB)
	742068  -  ResidentSetSize of job (KB)
...
006 (15949295.457.000) 2026-02-12 20:59:28 Image size of job updated: 742796
	726  -  MemoryUsage of job (MB)
	742600  -  ResidentSetSize of job (KB)
...
006 (15949295.457.000) 2026-02-12 21:09:29 Image size of job updated: 742948
	726  -  MemoryUsage of job (MB)
	742948  -  ResidentSetSize of job (KB)
...
006 (15949295.457.000) 2026-02-12 21:14:30 Image size of job updated: 743328
	726  -  MemoryUsage of job (MB)
	743328  -  ResidentSetSize of job (KB)
...
006 (15949295.457.000) 2026-02-12 21:24:31 Image size of job updated: 743848
	727  -  MemoryUsage of job (MB)
	743848  -  ResidentSetSize of job (KB)
...
006 (15949295.457.000) 2026-02-12 21:29:32 Image size of job updated: 744160
	727  -  MemoryUsage of job (MB)
	744020  -  ResidentSetSize of job (KB)
...
006 (15949295.457.000) 2026-02-12 21:39:33 Image size of job updated: 744220
	727  -  MemoryUsage of job (MB)
	744060  -  ResidentSetSize of job (KB)
...
006 (15949295.457.000) 2026-02-12 21:44:33 Image size of job updated: 744220
	727  -  MemoryUsage of job (MB)
	744092  -  ResidentSetSize of job (KB)
...
006 (15949295.457.000) 2026-02-12 21:49:33 Image size of job updated: 744792
	728  -  MemoryUsage of job (MB)
	744792  -  ResidentSetSize of job (KB)
...
006 (15949295.457.000) 2026-02-12 21:54:34 Image size of job updated: 745024
	728  -  MemoryUsage of job (MB)
	744916  -  ResidentSetSize of job (KB)
...
006 (15949295.457.000) 2026-02-12 21:59:34 Image size of job updated: 745200
	728  -  MemoryUsage of job (MB)
	745200  -  ResidentSetSize of job (KB)
...
006 (15949295.457.000) 2026-02-12 22:04:34 Image size of job updated: 746752
	730  -  MemoryUsage of job (MB)
	746752  -  ResidentSetSize of job (KB)
...
006 (15949295.457.000) 2026-02-12 22:09:35 Image size of job updated: 747032
	730  -  MemoryUsage of job (MB)
	747032  -  ResidentSetSize of job (KB)
...
006 (15949295.457.000) 2026-02-12 22:14:35 Image size of job updated: 747104
	730  -  MemoryUsage of job (MB)
	747104  -  ResidentSetSize of job (KB)
...
006 (15949295.457.000) 2026-02-12 22:19:36 Image size of job updated: 748772
	732  -  MemoryUsage of job (MB)
	748772  -  ResidentSetSize of job (KB)
...
006 (15949295.457.000) 2026-02-12 22:24:37 Image size of job updated: 749408
	732  -  MemoryUsage of job (MB)
	749408  -  ResidentSetSize of job (KB)
...
006 (15949295.457.000) 2026-02-12 22:34:38 Image size of job updated: 749720
	733  -  MemoryUsage of job (MB)
	749720  -  ResidentSetSize of job (KB)
...
006 (15949295.457.000) 2026-02-12 22:39:38 Image size of job updated: 749804
	733  -  MemoryUsage of job (MB)
	749804  -  ResidentSetSize of job (KB)
...
006 (15949295.457.000) 2026-02-12 23:04:40 Image size of job updated: 749808
	733  -  MemoryUsage of job (MB)
	749808  -  ResidentSetSize of job (KB)
...
006 (15949295.457.000) 2026-02-12 23:14:41 Image size of job updated: 749836
	733  -  MemoryUsage of job (MB)
	749836  -  ResidentSetSize of job (KB)
...
006 (15949295.457.000) 2026-02-12 23:19:42 Image size of job updated: 750060
	733  -  MemoryUsage of job (MB)
	750060  -  ResidentSetSize of job (KB)
...
006 (15949295.457.000) 2026-02-12 23:59:45 Image size of job updated: 750072
	733  -  MemoryUsage of job (MB)
	750072  -  ResidentSetSize of job (KB)
...
006 (15949295.457.000) 2026-02-13 00:04:45 Image size of job updated: 750120
	733  -  MemoryUsage of job (MB)
	750120  -  ResidentSetSize of job (KB)
...
006 (15949295.457.000) 2026-02-13 00:14:47 Image size of job updated: 750360
	733  -  MemoryUsage of job (MB)
	750360  -  ResidentSetSize of job (KB)
...
006 (15949295.457.000) 2026-02-13 00:54:51 Image size of job updated: 750576
	733  -  MemoryUsage of job (MB)
	750576  -  ResidentSetSize of job (KB)
...
006 (15949295.457.000) 2026-02-13 00:59:51 Image size of job updated: 750712
	734  -  MemoryUsage of job (MB)
	750712  -  ResidentSetSize of job (KB)
...
006 (15949295.457.000) 2026-02-13 01:04:52 Image size of job updated: 751352
	734  -  MemoryUsage of job (MB)
	751352  -  ResidentSetSize of job (KB)
...
006 (15949295.457.000) 2026-02-13 01:09:52 Image size of job updated: 751920
	735  -  MemoryUsage of job (MB)
	751920  -  ResidentSetSize of job (KB)
...
006 (15949295.457.000) 2026-02-13 01:19:53 Image size of job updated: 752164
	735  -  MemoryUsage of job (MB)
	752164  -  ResidentSetSize of job (KB)
...
006 (15949295.457.000) 2026-02-13 02:14:58 Image size of job updated: 752204
	735  -  MemoryUsage of job (MB)
	752204  -  ResidentSetSize of job (KB)
...
006 (15949295.457.000) 2026-02-13 02:19:58 Image size of job updated: 752420
	735  -  MemoryUsage of job (MB)
	752420  -  ResidentSetSize of job (KB)
...
006 (15949295.457.000) 2026-02-13 02:29:59 Image size of job updated: 755648
	738  -  MemoryUsage of job (MB)
	755648  -  ResidentSetSize of job (KB)
...
006 (15949295.457.000) 2026-02-13 02:34:59 Image size of job updated: 755980
	739  -  MemoryUsage of job (MB)
	755980  -  ResidentSetSize of job (KB)
...
006 (15949295.457.000) 2026-02-13 02:45:00 Image size of job updated: 756012
	739  -  MemoryUsage of job (MB)
	756012  -  ResidentSetSize of job (KB)
...
006 (15949295.457.000) 2026-02-13 03:15:03 Image size of job updated: 756052
	739  -  MemoryUsage of job (MB)
	756052  -  ResidentSetSize of job (KB)
...
006 (15949295.457.000) 2026-02-13 03:25:04 Image size of job updated: 756268
	739  -  MemoryUsage of job (MB)
	756052  -  ResidentSetSize of job (KB)
...
006 (15949295.457.000) 2026-02-13 03:30:04 Image size of job updated: 756268
	739  -  MemoryUsage of job (MB)
	756112  -  ResidentSetSize of job (KB)
...
006 (15949295.457.000) 2026-02-13 03:40:05 Image size of job updated: 756268
	739  -  MemoryUsage of job (MB)
	756268  -  ResidentSetSize of job (KB)
...
006 (15949295.457.000) 2026-02-13 04:10:09 Image size of job updated: 756332
	739  -  MemoryUsage of job (MB)
	756332  -  ResidentSetSize of job (KB)
...
006 (15949295.457.000) 2026-02-13 04:20:10 Image size of job updated: 756524
	739  -  MemoryUsage of job (MB)
	756524  -  ResidentSetSize of job (KB)
...
006 (15949295.457.000) 2026-02-13 05:15:16 Image size of job updated: 758004
	741  -  MemoryUsage of job (MB)
	758004  -  ResidentSetSize of job (KB)
...
006 (15949295.457.000) 2026-02-13 05:20:16 Image size of job updated: 758640
	741  -  MemoryUsage of job (MB)
	758640  -  ResidentSetSize of job (KB)
...
006 (15949295.457.000) 2026-02-13 05:45:18 Image size of job updated: 758672
	741  -  MemoryUsage of job (MB)
	758672  -  ResidentSetSize of job (KB)
...
006 (15949295.457.000) 2026-02-13 06:10:21 Image size of job updated: 758736
	741  -  MemoryUsage of job (MB)
	758736  -  ResidentSetSize of job (KB)
...
006 (15949295.457.000) 2026-02-13 06:15:22 Image size of job updated: 758928
	742  -  MemoryUsage of job (MB)
	758928  -  ResidentSetSize of job (KB)
...
006 (15949295.457.000) 2026-02-13 13:46:07 Image size of job updated: 793780
	775  -  MemoryUsage of job (MB)
	793496  -  ResidentSetSize of job (KB)
...
006 (15949295.457.000) 2026-02-13 13:51:08 Image size of job updated: 793948
	775  -  MemoryUsage of job (MB)
	793496  -  ResidentSetSize of job (KB)
...
006 (15949295.457.000) 2026-02-13 13:56:08 Image size of job updated: 794668
	775  -  MemoryUsage of job (MB)
	793496  -  ResidentSetSize of job (KB)
...
006 (15949295.457.000) 2026-02-13 14:01:09 Image size of job updated: 795300
	775  -  MemoryUsage of job (MB)
	793496  -  ResidentSetSize of job (KB)
...
006 (15949295.457.000) 2026-02-13 14:06:10 Image size of job updated: 795356
	777  -  MemoryUsage of job (MB)
	795356  -  ResidentSetSize of job (KB)
...
006 (15949295.457.000) 2026-02-13 14:16:11 Image size of job updated: 795388
	777  -  MemoryUsage of job (MB)
	795356  -  ResidentSetSize of job (KB)
...
006 (15949295.457.000) 2026-02-13 14:21:11 Image size of job updated: 796640
	777  -  MemoryUsage of job (MB)
	795356  -  ResidentSetSize of job (KB)
...
006 (15949295.457.000) 2026-02-13 15:01:14 Image size of job updated: 796812
	777  -  MemoryUsage of job (MB)
	795356  -  ResidentSetSize of job (KB)
...
006 (15949295.457.000) 2026-02-13 15:06:14 Image size of job updated: 797016
	777  -  MemoryUsage of job (MB)
	795356  -  ResidentSetSize of job (KB)
...
006 (15949295.457.000) 2026-02-13 16:06:20 Image size of job updated: 797796
	777  -  MemoryUsage of job (MB)
	795356  -  ResidentSetSize of job (KB)
...
006 (15949295.457.000) 2026-02-13 16:11:21 Image size of job updated: 797828
	777  -  MemoryUsage of job (MB)
	795356  -  ResidentSetSize of job (KB)
...
006 (15949295.457.000) 2026-02-13 17:01:26 Image size of job updated: 797828
	778  -  MemoryUsage of job (MB)
	795948  -  ResidentSetSize of job (KB)
...
006 (15949295.457.000) 2026-02-13 17:31:29 Image size of job updated: 800644
	778  -  MemoryUsage of job (MB)
	795948  -  ResidentSetSize of job (KB)
...
006 (15949295.457.000) 2026-02-13 17:36:29 Image size of job updated: 800900
	778  -  MemoryUsage of job (MB)
	795948  -  ResidentSetSize of job (KB)
...
006 (15949295.457.000) 2026-02-13 17:41:30 Image size of job updated: 801032
	779  -  MemoryUsage of job (MB)
	796968  -  ResidentSetSize of job (KB)
...
006 (15949295.457.000) 2026-02-13 20:31:44 Image size of job updated: 801032
	780  -  MemoryUsage of job (MB)
	797844  -  ResidentSetSize of job (KB)
...
006 (15949295.457.000) 2026-02-13 20:36:45 Image size of job updated: 801032
	781  -  MemoryUsage of job (MB)
	798868  -  ResidentSetSize of job (KB)
...
006 (15949295.457.000) 2026-02-13 21:21:49 Image size of job updated: 801032
	781  -  MemoryUsage of job (MB)
	799172  -  ResidentSetSize of job (KB)
...
006 (15949295.457.000) 2026-02-14 01:27:12 Image size of job updated: 801032
	782  -  MemoryUsage of job (MB)
	800336  -  ResidentSetSize of job (KB)
...
006 (15949295.457.000) 2026-02-14 01:32:12 Image size of job updated: 801032
	783  -  MemoryUsage of job (MB)
	800964  -  ResidentSetSize of job (KB)
...
006 (15949295.457.000) 2026-02-14 02:22:18 Image size of job updated: 801096
	783  -  MemoryUsage of job (MB)
	801096  -  ResidentSetSize of job (KB)
...
006 (15949295.457.000) 2026-02-14 04:07:28 Image size of job updated: 801476
	783  -  MemoryUsage of job (MB)
	801096  -  ResidentSetSize of job (KB)
...
006 (15949295.457.000) 2026-02-14 04:47:32 Image size of job updated: 801988
	783  -  MemoryUsage of job (MB)
	801096  -  ResidentSetSize of job (KB)
...
006 (15949295.457.000) 2026-02-14 04:52:32 Image size of job updated: 802056
	783  -  MemoryUsage of job (MB)
	801096  -  ResidentSetSize of job (KB)
...
006 (15949295.457.000) 2026-02-14 07:12:46 Image size of job updated: 802056
	784  -  MemoryUsage of job (MB)
	801796  -  ResidentSetSize of job (KB)
...
006 (15949295.457.000) 2026-02-14 07:17:47 Image size of job updated: 802056
	784  -  MemoryUsage of job (MB)
	801880  -  ResidentSetSize of job (KB)
...
006 (15949295.457.000) 2026-02-14 07:27:47 Image size of job updated: 802056
	784  -  MemoryUsage of job (MB)
	801888  -  ResidentSetSize of job (KB)
...
006 (15949295.457.000) 2026-02-14 08:07:52 Image size of job updated: 802248
	784  -  MemoryUsage of job (MB)
	801888  -  ResidentSetSize of job (KB)
...
006 (15949295.457.000) 2026-02-14 08:32:55 Image size of job updated: 802248
	784  -  MemoryUsage of job (MB)
	802136  -  ResidentSetSize of job (KB)
...
006 (15949295.457.000) 2026-02-14 09:28:00 Image size of job updated: 802432
	784  -  MemoryUsage of job (MB)
	802136  -  ResidentSetSize of job (KB)
...
006 (15949295.457.000) 2026-02-14 09:33:00 Image size of job updated: 802456
	784  -  MemoryUsage of job (MB)
	802136  -  ResidentSetSize of job (KB)
...
006 (15949295.457.000) 2026-02-14 09:38:01 Image size of job updated: 802496
	784  -  MemoryUsage of job (MB)
	802136  -  ResidentSetSize of job (KB)
...
006 (15949295.457.000) 2026-02-14 09:48:01 Image size of job updated: 802496
	784  -  MemoryUsage of job (MB)
	802496  -  ResidentSetSize of job (KB)
...
021 (15949295.457.000) 2026-02-14 11:13:15 Error from starter on slot1_2@pizza25.zeuthen.desy.de:
	runtime exceeded maximum (target.Runtime seconds)
	Code 21 Subcode 103
...
004 (15949295.457.000) 2026-02-14 11:13:15 Job was evicted.
	(0) CPU times
		Usr 11 12:16:15, Sys 1 00:47:00  -  Run Remote Usage
		Usr 0 00:00:00, Sys 0 00:00:00  -  Run Local Usage
	0  -  Run Bytes Sent By Job
	0  -  Run Bytes Received By Job
	Error from slot1_2@pizza25.zeuthen.desy.de: runtime exceeded maximum (target.Runtime seconds)
	Partitionable Resources :     Usage  Request Allocated 
	   Cpus                 :      7.92        8         8 
	   Disk (KB)            :      1     1024000   1025696 
	   GPUs                 :                            0 
	   Memory (MB)          :    784       16384     16384 
	   TimeSlotBusy (s)     : 172803                       
...
012 (15949295.457.000) 2026-02-14 11:13:15 Job was held.
	Error from slot1_2@pizza25.zeuthen.desy.de: runtime exceeded maximum (target.Runtime seconds)
	Code 21 Subcode 103
...
009 (15949295.457.000) 2026-02-16 17:16:24 Job was aborted.
	via condor_rm (by user tuccia)
...
