000 (15756407.895.000) 2026-02-06 11:26:12 Job submitted from host: <141.34.103.35:9618?addrs=141.34.103.35-9618+[2001-638-700-f067--1-23]-9618&alias=wgs39.zeuthen.desy.de&noUDP&sock=schedd_7414_f73f>
...
009 (15756407.895.000) 2026-02-10 11:42:42 Job was aborted.
	via condor_rm (by user tuccia)
...
000 (15949294.597.000) 2026-02-10 11:45:21 Job submitted from host: <141.34.103.35:9618?addrs=141.34.103.35-9618+[2001-638-700-f067--1-23]-9618&alias=wgs39.zeuthen.desy.de&noUDP&sock=schedd_7302_24a3>
...
009 (15949294.597.000) 2026-02-10 11:45:47 Job was aborted.
	via condor_rm (by user tuccia)
...
000 (15949295.597.000) 2026-02-10 11:46:05 Job submitted from host: <141.34.103.35:9618?addrs=141.34.103.35-9618+[2001-638-700-f067--1-23]-9618&alias=wgs39.zeuthen.desy.de&noUDP&sock=schedd_7302_24a3>
...
001 (15949295.597.000) 2026-02-13 05:23:24 Job executing on host: <141.34.15.42:9618?addrs=141.34.15.42-9618+[2001-638-700-f00f--1-2a]-9618&alias=pizza13.zeuthen.desy.de&noUDP&sock=startd_8168_25a7>
	SlotName: slot1_4@pizza13.zeuthen.desy.de
	CondorScratchDir = "/batch/dir_663097"
	Cpus = 8
	Disk = 1025696
	GPUs = 0
	Memory = 16384
...
006 (15949295.597.000) 2026-02-13 05:23:38 Image size of job updated: 97464
	96  -  MemoryUsage of job (MB)
	97464  -  ResidentSetSize of job (KB)
...
006 (15949295.597.000) 2026-02-13 05:28:39 Image size of job updated: 717524
	662  -  MemoryUsage of job (MB)
	677112  -  ResidentSetSize of job (KB)
...
006 (15949295.597.000) 2026-02-13 05:33:40 Image size of job updated: 717524
	662  -  MemoryUsage of job (MB)
	677820  -  ResidentSetSize of job (KB)
...
006 (15949295.597.000) 2026-02-13 05:48:42 Image size of job updated: 717524
	663  -  MemoryUsage of job (MB)
	677908  -  ResidentSetSize of job (KB)
...
006 (15949295.597.000) 2026-02-13 05:58:43 Image size of job updated: 717524
	674  -  MemoryUsage of job (MB)
	689920  -  ResidentSetSize of job (KB)
...
006 (15949295.597.000) 2026-02-13 06:03:44 Image size of job updated: 717524
	675  -  MemoryUsage of job (MB)
	690796  -  ResidentSetSize of job (KB)
...
006 (15949295.597.000) 2026-02-13 06:08:44 Image size of job updated: 717524
	676  -  MemoryUsage of job (MB)
	691452  -  ResidentSetSize of job (KB)
...
006 (15949295.597.000) 2026-02-13 06:13:45 Image size of job updated: 717524
	677  -  MemoryUsage of job (MB)
	692544  -  ResidentSetSize of job (KB)
...
006 (15949295.597.000) 2026-02-13 06:18:46 Image size of job updated: 717524
	677  -  MemoryUsage of job (MB)
	693236  -  ResidentSetSize of job (KB)
...
006 (15949295.597.000) 2026-02-13 06:23:46 Image size of job updated: 717524
	678  -  MemoryUsage of job (MB)
	693488  -  ResidentSetSize of job (KB)
...
006 (15949295.597.000) 2026-02-13 06:28:47 Image size of job updated: 717524
	679  -  MemoryUsage of job (MB)
	694684  -  ResidentSetSize of job (KB)
...
006 (15949295.597.000) 2026-02-13 06:33:48 Image size of job updated: 717524
	680  -  MemoryUsage of job (MB)
	695616  -  ResidentSetSize of job (KB)
...
006 (15949295.597.000) 2026-02-13 06:38:48 Image size of job updated: 717524
	680  -  MemoryUsage of job (MB)
	695964  -  ResidentSetSize of job (KB)
...
006 (15949295.597.000) 2026-02-13 06:48:50 Image size of job updated: 717524
	681  -  MemoryUsage of job (MB)
	696368  -  ResidentSetSize of job (KB)
...
006 (15949295.597.000) 2026-02-13 06:53:50 Image size of job updated: 717524
	686  -  MemoryUsage of job (MB)
	702344  -  ResidentSetSize of job (KB)
...
006 (15949295.597.000) 2026-02-13 06:58:51 Image size of job updated: 717524
	688  -  MemoryUsage of job (MB)
	704244  -  ResidentSetSize of job (KB)
...
006 (15949295.597.000) 2026-02-13 07:03:52 Image size of job updated: 725132
	707  -  MemoryUsage of job (MB)
	723332  -  ResidentSetSize of job (KB)
...
006 (15949295.597.000) 2026-02-13 07:08:52 Image size of job updated: 725916
	707  -  MemoryUsage of job (MB)
	723436  -  ResidentSetSize of job (KB)
...
006 (15949295.597.000) 2026-02-13 07:13:53 Image size of job updated: 742768
	726  -  MemoryUsage of job (MB)
	742768  -  ResidentSetSize of job (KB)
...
006 (15949295.597.000) 2026-02-13 07:18:54 Image size of job updated: 747952
	728  -  MemoryUsage of job (MB)
	744632  -  ResidentSetSize of job (KB)
...
006 (15949295.597.000) 2026-02-13 07:23:54 Image size of job updated: 747952
	728  -  MemoryUsage of job (MB)
	744740  -  ResidentSetSize of job (KB)
...
006 (15949295.597.000) 2026-02-13 07:28:55 Image size of job updated: 748116
	728  -  MemoryUsage of job (MB)
	745008  -  ResidentSetSize of job (KB)
...
006 (15949295.597.000) 2026-02-13 07:33:56 Image size of job updated: 748116
	728  -  MemoryUsage of job (MB)
	745260  -  ResidentSetSize of job (KB)
...
006 (15949295.597.000) 2026-02-13 07:43:57 Image size of job updated: 748456
	728  -  MemoryUsage of job (MB)
	745260  -  ResidentSetSize of job (KB)
...
006 (15949295.597.000) 2026-02-13 07:48:58 Image size of job updated: 771560
	754  -  MemoryUsage of job (MB)
	771560  -  ResidentSetSize of job (KB)
...
006 (15949295.597.000) 2026-02-13 07:53:58 Image size of job updated: 774380
	754  -  MemoryUsage of job (MB)
	771984  -  ResidentSetSize of job (KB)
...
006 (15949295.597.000) 2026-02-13 07:58:58 Image size of job updated: 775316
	755  -  MemoryUsage of job (MB)
	772620  -  ResidentSetSize of job (KB)
...
006 (15949295.597.000) 2026-02-13 08:08:59 Image size of job updated: 775316
	755  -  MemoryUsage of job (MB)
	773020  -  ResidentSetSize of job (KB)
...
006 (15949295.597.000) 2026-02-13 08:14:00 Image size of job updated: 775316
	756  -  MemoryUsage of job (MB)
	773248  -  ResidentSetSize of job (KB)
...
006 (15949295.597.000) 2026-02-13 08:19:01 Image size of job updated: 775652
	756  -  MemoryUsage of job (MB)
	773380  -  ResidentSetSize of job (KB)
...
006 (15949295.597.000) 2026-02-13 08:29:02 Image size of job updated: 775652
	756  -  MemoryUsage of job (MB)
	773448  -  ResidentSetSize of job (KB)
...
006 (15949295.597.000) 2026-02-13 08:34:03 Image size of job updated: 775652
	756  -  MemoryUsage of job (MB)
	773776  -  ResidentSetSize of job (KB)
...
006 (15949295.597.000) 2026-02-13 08:39:03 Image size of job updated: 778968
	761  -  MemoryUsage of job (MB)
	778968  -  ResidentSetSize of job (KB)
...
006 (15949295.597.000) 2026-02-13 08:44:04 Image size of job updated: 781232
	763  -  MemoryUsage of job (MB)
	781232  -  ResidentSetSize of job (KB)
...
006 (15949295.597.000) 2026-02-13 08:49:05 Image size of job updated: 782836
	764  -  MemoryUsage of job (MB)
	781532  -  ResidentSetSize of job (KB)
...
006 (15949295.597.000) 2026-02-13 08:54:05 Image size of job updated: 782836
	764  -  MemoryUsage of job (MB)
	781840  -  ResidentSetSize of job (KB)
...
006 (15949295.597.000) 2026-02-13 08:59:05 Image size of job updated: 782868
	764  -  MemoryUsage of job (MB)
	782164  -  ResidentSetSize of job (KB)
...
006 (15949295.597.000) 2026-02-13 09:04:06 Image size of job updated: 782868
	764  -  MemoryUsage of job (MB)
	782216  -  ResidentSetSize of job (KB)
...
006 (15949295.597.000) 2026-02-13 09:09:06 Image size of job updated: 810240
	792  -  MemoryUsage of job (MB)
	810240  -  ResidentSetSize of job (KB)
...
006 (15949295.597.000) 2026-02-13 09:14:07 Image size of job updated: 811804
	792  -  MemoryUsage of job (MB)
	810808  -  ResidentSetSize of job (KB)
...
006 (15949295.597.000) 2026-02-13 09:19:08 Image size of job updated: 811804
	792  -  MemoryUsage of job (MB)
	810832  -  ResidentSetSize of job (KB)
...
006 (15949295.597.000) 2026-02-13 09:24:08 Image size of job updated: 811804
	793  -  MemoryUsage of job (MB)
	811060  -  ResidentSetSize of job (KB)
...
006 (15949295.597.000) 2026-02-13 09:29:09 Image size of job updated: 811804
	793  -  MemoryUsage of job (MB)
	811140  -  ResidentSetSize of job (KB)
...
006 (15949295.597.000) 2026-02-13 09:34:10 Image size of job updated: 811804
	793  -  MemoryUsage of job (MB)
	811164  -  ResidentSetSize of job (KB)
...
006 (15949295.597.000) 2026-02-13 09:39:10 Image size of job updated: 811804
	793  -  MemoryUsage of job (MB)
	811200  -  ResidentSetSize of job (KB)
...
006 (15949295.597.000) 2026-02-13 09:44:11 Image size of job updated: 811804
	793  -  MemoryUsage of job (MB)
	811232  -  ResidentSetSize of job (KB)
...
006 (15949295.597.000) 2026-02-13 09:49:12 Image size of job updated: 811804
	793  -  MemoryUsage of job (MB)
	811556  -  ResidentSetSize of job (KB)
...
006 (15949295.597.000) 2026-02-13 09:59:13 Image size of job updated: 811804
	793  -  MemoryUsage of job (MB)
	811612  -  ResidentSetSize of job (KB)
...
006 (15949295.597.000) 2026-02-13 10:04:14 Image size of job updated: 811928
	793  -  MemoryUsage of job (MB)
	811928  -  ResidentSetSize of job (KB)
...
006 (15949295.597.000) 2026-02-13 10:09:14 Image size of job updated: 812340
	794  -  MemoryUsage of job (MB)
	812340  -  ResidentSetSize of job (KB)
...
006 (15949295.597.000) 2026-02-13 10:24:16 Image size of job updated: 812596
	794  -  MemoryUsage of job (MB)
	812596  -  ResidentSetSize of job (KB)
...
006 (15949295.597.000) 2026-02-13 10:54:18 Image size of job updated: 812620
	794  -  MemoryUsage of job (MB)
	812620  -  ResidentSetSize of job (KB)
...
006 (15949295.597.000) 2026-02-13 10:59:19 Image size of job updated: 812852
	794  -  MemoryUsage of job (MB)
	812852  -  ResidentSetSize of job (KB)
...
006 (15949295.597.000) 2026-02-13 11:29:23 Image size of job updated: 812900
	794  -  MemoryUsage of job (MB)
	812900  -  ResidentSetSize of job (KB)
...
006 (15949295.597.000) 2026-02-13 11:34:23 Image size of job updated: 813108
	795  -  MemoryUsage of job (MB)
	813108  -  ResidentSetSize of job (KB)
...
006 (15949295.597.000) 2026-02-13 11:59:26 Image size of job updated: 813164
	795  -  MemoryUsage of job (MB)
	813164  -  ResidentSetSize of job (KB)
...
006 (15949295.597.000) 2026-02-13 12:04:26 Image size of job updated: 813364
	795  -  MemoryUsage of job (MB)
	813364  -  ResidentSetSize of job (KB)
...
006 (15949295.597.000) 2026-02-13 12:34:28 Image size of job updated: 813368
	795  -  MemoryUsage of job (MB)
	813368  -  ResidentSetSize of job (KB)
...
006 (15949295.597.000) 2026-02-13 12:39:29 Image size of job updated: 813620
	795  -  MemoryUsage of job (MB)
	813368  -  ResidentSetSize of job (KB)
...
006 (15949295.597.000) 2026-02-13 12:44:29 Image size of job updated: 813620
	795  -  MemoryUsage of job (MB)
	813456  -  ResidentSetSize of job (KB)
...
006 (15949295.597.000) 2026-02-13 12:54:31 Image size of job updated: 813620
	795  -  MemoryUsage of job (MB)
	813620  -  ResidentSetSize of job (KB)
...
006 (15949295.597.000) 2026-02-13 13:14:33 Image size of job updated: 813660
	795  -  MemoryUsage of job (MB)
	813660  -  ResidentSetSize of job (KB)
...
006 (15949295.597.000) 2026-02-13 13:19:34 Image size of job updated: 813876
	795  -  MemoryUsage of job (MB)
	813876  -  ResidentSetSize of job (KB)
...
006 (15949295.597.000) 2026-02-13 13:29:34 Image size of job updated: 825596
	807  -  MemoryUsage of job (MB)
	825596  -  ResidentSetSize of job (KB)
...
006 (15949295.597.000) 2026-02-13 13:34:35 Image size of job updated: 826088
	807  -  MemoryUsage of job (MB)
	826088  -  ResidentSetSize of job (KB)
...
006 (15949295.597.000) 2026-02-13 13:59:36 Image size of job updated: 826108
	807  -  MemoryUsage of job (MB)
	826108  -  ResidentSetSize of job (KB)
...
006 (15949295.597.000) 2026-02-13 14:04:37 Image size of job updated: 826344
	807  -  MemoryUsage of job (MB)
	826344  -  ResidentSetSize of job (KB)
...
006 (15949295.597.000) 2026-02-13 14:34:40 Image size of job updated: 826348
	807  -  MemoryUsage of job (MB)
	826348  -  ResidentSetSize of job (KB)
...
006 (15949295.597.000) 2026-02-13 14:39:40 Image size of job updated: 826412
	808  -  MemoryUsage of job (MB)
	826412  -  ResidentSetSize of job (KB)
...
006 (15949295.597.000) 2026-02-13 14:44:41 Image size of job updated: 826600
	808  -  MemoryUsage of job (MB)
	826600  -  ResidentSetSize of job (KB)
...
006 (15949295.597.000) 2026-02-13 15:19:44 Image size of job updated: 826620
	808  -  MemoryUsage of job (MB)
	826620  -  ResidentSetSize of job (KB)
...
006 (15949295.597.000) 2026-02-13 15:24:44 Image size of job updated: 826856
	808  -  MemoryUsage of job (MB)
	826856  -  ResidentSetSize of job (KB)
...
006 (15949295.597.000) 2026-02-13 15:54:46 Image size of job updated: 826948
	808  -  MemoryUsage of job (MB)
	826948  -  ResidentSetSize of job (KB)
...
006 (15949295.597.000) 2026-02-13 15:59:47 Image size of job updated: 827112
	808  -  MemoryUsage of job (MB)
	827112  -  ResidentSetSize of job (KB)
...
006 (15949295.597.000) 2026-02-13 16:24:48 Image size of job updated: 827120
	808  -  MemoryUsage of job (MB)
	827120  -  ResidentSetSize of job (KB)
...
006 (15949295.597.000) 2026-02-13 16:29:49 Image size of job updated: 827368
	808  -  MemoryUsage of job (MB)
	827368  -  ResidentSetSize of job (KB)
...
006 (15949295.597.000) 2026-02-13 16:49:50 Image size of job updated: 827484
	809  -  MemoryUsage of job (MB)
	827484  -  ResidentSetSize of job (KB)
...
006 (15949295.597.000) 2026-02-13 16:54:50 Image size of job updated: 827624
	809  -  MemoryUsage of job (MB)
	827624  -  ResidentSetSize of job (KB)
...
006 (15949295.597.000) 2026-02-13 21:10:15 Image size of job updated: 904148
	809  -  MemoryUsage of job (MB)
	827624  -  ResidentSetSize of job (KB)
...
006 (15949295.597.000) 2026-02-13 21:15:15 Image size of job updated: 907572
	856  -  MemoryUsage of job (MB)
	875984  -  ResidentSetSize of job (KB)
...
006 (15949295.597.000) 2026-02-13 21:20:16 Image size of job updated: 909344
	885  -  MemoryUsage of job (MB)
	906036  -  ResidentSetSize of job (KB)
...
006 (15949295.597.000) 2026-02-13 21:25:17 Image size of job updated: 909640
	885  -  MemoryUsage of job (MB)
	906036  -  ResidentSetSize of job (KB)
...
006 (15949295.597.000) 2026-02-13 21:40:19 Image size of job updated: 909884
	885  -  MemoryUsage of job (MB)
	906036  -  ResidentSetSize of job (KB)
...
006 (15949295.597.000) 2026-02-13 22:00:20 Image size of job updated: 909900
	886  -  MemoryUsage of job (MB)
	907104  -  ResidentSetSize of job (KB)
...
006 (15949295.597.000) 2026-02-13 22:15:21 Image size of job updated: 909900
	889  -  MemoryUsage of job (MB)
	909844  -  ResidentSetSize of job (KB)
...
006 (15949295.597.000) 2026-02-13 22:40:23 Image size of job updated: 910052
	889  -  MemoryUsage of job (MB)
	909844  -  ResidentSetSize of job (KB)
...
006 (15949295.597.000) 2026-02-13 23:00:24 Image size of job updated: 910052
	889  -  MemoryUsage of job (MB)
	909868  -  ResidentSetSize of job (KB)
...
006 (15949295.597.000) 2026-02-14 00:55:32 Image size of job updated: 910704
	889  -  MemoryUsage of job (MB)
	909868  -  ResidentSetSize of job (KB)
...
006 (15949295.597.000) 2026-02-14 01:00:32 Image size of job updated: 910764
	889  -  MemoryUsage of job (MB)
	909868  -  ResidentSetSize of job (KB)
...
006 (15949295.597.000) 2026-02-14 02:00:36 Image size of job updated: 910764
	890  -  MemoryUsage of job (MB)
	910708  -  ResidentSetSize of job (KB)
...
006 (15949295.597.000) 2026-02-14 02:05:37 Image size of job updated: 910804
	890  -  MemoryUsage of job (MB)
	910708  -  ResidentSetSize of job (KB)
...
006 (15949295.597.000) 2026-02-14 04:15:48 Image size of job updated: 910852
	890  -  MemoryUsage of job (MB)
	910708  -  ResidentSetSize of job (KB)
...
006 (15949295.597.000) 2026-02-14 07:11:03 Image size of job updated: 911256
	890  -  MemoryUsage of job (MB)
	910708  -  ResidentSetSize of job (KB)
...
006 (15949295.597.000) 2026-02-14 07:26:04 Image size of job updated: 911432
	891  -  MemoryUsage of job (MB)
	911432  -  ResidentSetSize of job (KB)
...
006 (15949295.597.000) 2026-02-14 07:31:04 Image size of job updated: 911448
	891  -  MemoryUsage of job (MB)
	911432  -  ResidentSetSize of job (KB)
...
006 (15949295.597.000) 2026-02-14 08:06:09 Image size of job updated: 911528
	891  -  MemoryUsage of job (MB)
	911432  -  ResidentSetSize of job (KB)
...
006 (15949295.597.000) 2026-02-14 08:26:12 Image size of job updated: 911528
	891  -  MemoryUsage of job (MB)
	911528  -  ResidentSetSize of job (KB)
...
006 (15949295.597.000) 2026-02-14 09:36:21 Image size of job updated: 912564
	891  -  MemoryUsage of job (MB)
	911528  -  ResidentSetSize of job (KB)
...
006 (15949295.597.000) 2026-02-14 09:41:22 Image size of job updated: 912564
	891  -  MemoryUsage of job (MB)
	912084  -  ResidentSetSize of job (KB)
...
006 (15949295.597.000) 2026-02-14 09:51:23 Image size of job updated: 912564
	891  -  MemoryUsage of job (MB)
	912112  -  ResidentSetSize of job (KB)
...
006 (15949295.597.000) 2026-02-14 10:01:24 Image size of job updated: 912836
	891  -  MemoryUsage of job (MB)
	912112  -  ResidentSetSize of job (KB)
...
006 (15949295.597.000) 2026-02-14 10:26:28 Image size of job updated: 912880
	891  -  MemoryUsage of job (MB)
	912112  -  ResidentSetSize of job (KB)
...
006 (15949295.597.000) 2026-02-14 11:16:34 Image size of job updated: 912880
	891  -  MemoryUsage of job (MB)
	912356  -  ResidentSetSize of job (KB)
...
006 (15949295.597.000) 2026-02-14 11:41:38 Image size of job updated: 913020
	891  -  MemoryUsage of job (MB)
	912356  -  ResidentSetSize of job (KB)
...
006 (15949295.597.000) 2026-02-14 11:46:38 Image size of job updated: 913668
	892  -  MemoryUsage of job (MB)
	912936  -  ResidentSetSize of job (KB)
...
006 (15949295.597.000) 2026-02-14 13:51:52 Image size of job updated: 914228
	892  -  MemoryUsage of job (MB)
	912936  -  ResidentSetSize of job (KB)
...
006 (15949295.597.000) 2026-02-14 13:56:53 Image size of job updated: 914416
	892  -  MemoryUsage of job (MB)
	912936  -  ResidentSetSize of job (KB)
...
006 (15949295.597.000) 2026-02-14 14:01:53 Image size of job updated: 914656
	892  -  MemoryUsage of job (MB)
	912936  -  ResidentSetSize of job (KB)
...
006 (15949295.597.000) 2026-02-14 14:06:53 Image size of job updated: 914660
	892  -  MemoryUsage of job (MB)
	912936  -  ResidentSetSize of job (KB)
...
006 (15949295.597.000) 2026-02-14 14:11:54 Image size of job updated: 915012
	892  -  MemoryUsage of job (MB)
	912936  -  ResidentSetSize of job (KB)
...
006 (15949295.597.000) 2026-02-14 14:16:54 Image size of job updated: 915012
	894  -  MemoryUsage of job (MB)
	915012  -  ResidentSetSize of job (KB)
...
006 (15949295.597.000) 2026-02-14 15:11:58 Image size of job updated: 915440
	894  -  MemoryUsage of job (MB)
	915012  -  ResidentSetSize of job (KB)
...
006 (15949295.597.000) 2026-02-14 15:47:00 Image size of job updated: 915440
	894  -  MemoryUsage of job (MB)
	915412  -  ResidentSetSize of job (KB)
...
006 (15949295.597.000) 2026-02-14 16:17:03 Image size of job updated: 915688
	894  -  MemoryUsage of job (MB)
	915412  -  ResidentSetSize of job (KB)
...
006 (15949295.597.000) 2026-02-14 16:22:03 Image size of job updated: 915800
	894  -  MemoryUsage of job (MB)
	915412  -  ResidentSetSize of job (KB)
...
006 (15949295.597.000) 2026-02-14 16:47:07 Image size of job updated: 915800
	895  -  MemoryUsage of job (MB)
	915620  -  ResidentSetSize of job (KB)
...
006 (15949295.597.000) 2026-02-15 02:23:09 Image size of job updated: 915800
	895  -  MemoryUsage of job (MB)
	915624  -  ResidentSetSize of job (KB)
...
006 (15949295.597.000) 2026-02-15 02:58:12 Image size of job updated: 915800
	895  -  MemoryUsage of job (MB)
	915640  -  ResidentSetSize of job (KB)
...
021 (15949295.597.000) 2026-02-15 05:23:26 Error from starter on slot1_4@pizza13.zeuthen.desy.de:
	runtime exceeded maximum (target.Runtime seconds)
	Code 21 Subcode 103
...
004 (15949295.597.000) 2026-02-15 05:23:26 Job was evicted.
	(0) CPU times
		Usr 10 13:34:56, Sys 1 11:04:24  -  Run Remote Usage
		Usr 0 00:00:00, Sys 0 00:00:00  -  Run Local Usage
	0  -  Run Bytes Sent By Job
	0  -  Run Bytes Received By Job
	Error from slot1_4@pizza13.zeuthen.desy.de: runtime exceeded maximum (target.Runtime seconds)
	Partitionable Resources :     Usage  Request Allocated 
	   Cpus                 :      7.91        8         8 
	   Disk (KB)            :      1     1024000   1025696 
	   GPUs                 :                            0 
	   Memory (MB)          :    895       16384     16384 
	   TimeSlotBusy (s)     : 172802                       
...
012 (15949295.597.000) 2026-02-15 05:23:26 Job was held.
	Error from slot1_4@pizza13.zeuthen.desy.de: runtime exceeded maximum (target.Runtime seconds)
	Code 21 Subcode 103
...
009 (15949295.597.000) 2026-02-16 17:16:25 Job was aborted.
	via condor_rm (by user tuccia)
...
