000 (15756404.853.000) 2026-02-06 11:24:36 Job submitted from host: <141.34.103.35:9618?addrs=141.34.103.35-9618+[2001-638-700-f067--1-23]-9618&alias=wgs39.zeuthen.desy.de&noUDP&sock=schedd_7414_f73f>
...
001 (15756404.853.000) 2026-02-07 03:58:35 Job executing on host: <141.34.15.38:9618?addrs=141.34.15.38-9618+[2001-638-700-f00f--1-26]-9618&alias=pizza09.zeuthen.desy.de&noUDP&sock=startd_8238_2948>
	SlotName: slot1_7@pizza09.zeuthen.desy.de
	CondorScratchDir = "/batch/dir_368486"
	Cpus = 8
	Disk = 1025696
	GPUs = 0
	Memory = 16384
...
006 (15756404.853.000) 2026-02-07 03:58:49 Image size of job updated: 97496
	96  -  MemoryUsage of job (MB)
	97496  -  ResidentSetSize of job (KB)
...
006 (15756404.853.000) 2026-02-07 04:03:50 Image size of job updated: 564256
	535  -  MemoryUsage of job (MB)
	547228  -  ResidentSetSize of job (KB)
...
006 (15756404.853.000) 2026-02-07 04:08:50 Image size of job updated: 564848
	552  -  MemoryUsage of job (MB)
	564848  -  ResidentSetSize of job (KB)
...
006 (15756404.853.000) 2026-02-07 04:13:50 Image size of job updated: 565284
	552  -  MemoryUsage of job (MB)
	564852  -  ResidentSetSize of job (KB)
...
006 (15756404.853.000) 2026-02-07 04:18:51 Image size of job updated: 566128
	552  -  MemoryUsage of job (MB)
	564852  -  ResidentSetSize of job (KB)
...
006 (15756404.853.000) 2026-02-07 04:23:51 Image size of job updated: 566376
	552  -  MemoryUsage of job (MB)
	564852  -  ResidentSetSize of job (KB)
...
006 (15756404.853.000) 2026-02-07 04:28:51 Image size of job updated: 567028
	554  -  MemoryUsage of job (MB)
	566892  -  ResidentSetSize of job (KB)
...
006 (15756404.853.000) 2026-02-07 04:33:52 Image size of job updated: 567820
	554  -  MemoryUsage of job (MB)
	566892  -  ResidentSetSize of job (KB)
...
006 (15756404.853.000) 2026-02-07 04:38:52 Image size of job updated: 568236
	554  -  MemoryUsage of job (MB)
	566892  -  ResidentSetSize of job (KB)
...
006 (15756404.853.000) 2026-02-07 05:13:54 Image size of job updated: 568236
	555  -  MemoryUsage of job (MB)
	568044  -  ResidentSetSize of job (KB)
...
006 (15756404.853.000) 2026-02-07 05:18:55 Image size of job updated: 568236
	555  -  MemoryUsage of job (MB)
	568052  -  ResidentSetSize of job (KB)
...
006 (15756404.853.000) 2026-02-07 05:23:55 Image size of job updated: 568936
	555  -  MemoryUsage of job (MB)
	568056  -  ResidentSetSize of job (KB)
...
006 (15756404.853.000) 2026-02-07 05:28:55 Image size of job updated: 569380
	555  -  MemoryUsage of job (MB)
	568056  -  ResidentSetSize of job (KB)
...
006 (15756404.853.000) 2026-02-07 06:08:58 Image size of job updated: 569380
	555  -  MemoryUsage of job (MB)
	568232  -  ResidentSetSize of job (KB)
...
006 (15756404.853.000) 2026-02-07 06:13:58 Image size of job updated: 569380
	556  -  MemoryUsage of job (MB)
	568500  -  ResidentSetSize of job (KB)
...
006 (15756404.853.000) 2026-02-07 06:18:59 Image size of job updated: 569380
	556  -  MemoryUsage of job (MB)
	568760  -  ResidentSetSize of job (KB)
...
006 (15756404.853.000) 2026-02-07 06:28:59 Image size of job updated: 569380
	556  -  MemoryUsage of job (MB)
	569020  -  ResidentSetSize of job (KB)
...
006 (15756404.853.000) 2026-02-07 06:34:00 Image size of job updated: 569380
	556  -  MemoryUsage of job (MB)
	569280  -  ResidentSetSize of job (KB)
...
006 (15756404.853.000) 2026-02-07 06:39:01 Image size of job updated: 569536
	557  -  MemoryUsage of job (MB)
	569536  -  ResidentSetSize of job (KB)
...
006 (15756404.853.000) 2026-02-07 06:44:01 Image size of job updated: 569792
	557  -  MemoryUsage of job (MB)
	569536  -  ResidentSetSize of job (KB)
...
006 (15756404.853.000) 2026-02-07 06:54:03 Image size of job updated: 570116
	557  -  MemoryUsage of job (MB)
	570116  -  ResidentSetSize of job (KB)
...
006 (15756404.853.000) 2026-02-07 06:59:03 Image size of job updated: 570308
	557  -  MemoryUsage of job (MB)
	570216  -  ResidentSetSize of job (KB)
...
006 (15756404.853.000) 2026-02-07 07:04:04 Image size of job updated: 570564
	557  -  MemoryUsage of job (MB)
	570308  -  ResidentSetSize of job (KB)
...
006 (15756404.853.000) 2026-02-07 09:04:19 Image size of job updated: 570564
	558  -  MemoryUsage of job (MB)
	570492  -  ResidentSetSize of job (KB)
...
006 (15756404.853.000) 2026-02-07 09:14:20 Image size of job updated: 570748
	558  -  MemoryUsage of job (MB)
	570748  -  ResidentSetSize of job (KB)
...
006 (15756404.853.000) 2026-02-07 09:19:20 Image size of job updated: 571004
	558  -  MemoryUsage of job (MB)
	570748  -  ResidentSetSize of job (KB)
...
006 (15756404.853.000) 2026-02-07 11:24:33 Image size of job updated: 571004
	558  -  MemoryUsage of job (MB)
	570764  -  ResidentSetSize of job (KB)
...
006 (15756404.853.000) 2026-02-07 11:29:34 Image size of job updated: 571020
	558  -  MemoryUsage of job (MB)
	571020  -  ResidentSetSize of job (KB)
...
006 (15756404.853.000) 2026-02-07 11:44:35 Image size of job updated: 571024
	558  -  MemoryUsage of job (MB)
	571024  -  ResidentSetSize of job (KB)
...
006 (15756404.853.000) 2026-02-07 11:49:35 Image size of job updated: 571028
	558  -  MemoryUsage of job (MB)
	571028  -  ResidentSetSize of job (KB)
...
006 (15756404.853.000) 2026-02-07 12:04:37 Image size of job updated: 571032
	558  -  MemoryUsage of job (MB)
	571032  -  ResidentSetSize of job (KB)
...
005 (15756404.853.000) 2026-02-07 15:11:50 Job terminated.
	(1) Normal termination (return value 0)
		Usr 1 13:30:29, Sys 0 21:38:46  -  Run Remote Usage
		Usr 0 00:00:00, Sys 0 00:00:00  -  Run Local Usage
		Usr 1 13:30:29, Sys 0 21:38:46  -  Total Remote Usage
		Usr 0 00:00:00, Sys 0 00:00:00  -  Total Local Usage
	0  -  Run Bytes Sent By Job
	0  -  Run Bytes Received By Job
	0  -  Total Bytes Sent By Job
	0  -  Total Bytes Received By Job
	Partitionable Resources :    Usage  Request Allocated 
	   Cpus                 :     7.94        8         8 
	   Disk (KB)            :     1     1024000   1025696 
	   GPUs                 :                           0 
	   Memory (MB)          :   558       16384     16384 
	   TimeExecute (s)      : 40395                       
	   TimeSlotBusy (s)     : 40395                       

	Job terminated of its own accord at 2026-02-07T14:11:50Z with exit-code 0.
...
