~~~~~~~~~~~~~~~~~~~~~~~~~~~~~~

n_qubits: 90, 
r: 97, 
alpha: 0.01, 
shots: 10000, 
ansatz: linear_cnot, 
layer: 1, 
tau: 0.3

time for simulated annealing:  90.48082780838013
Rank 1: Bitstring=011000011000101100010100001100101001111110011001100111101010110011110001000001001001101100, Decimal=471690344105690059203940972, Energy=-73.2098
Rank 2: Bitstring=011000011000101100011100001100101001111111011001100111101010100011110001000001001001101100, Decimal=471690934401781892617867884, Energy=-73.0408
Rank 3: Bitstring=011000011000101100010100001100111000111110001001100111101010110011110001000101000001101100, Decimal=471690344375835668102008940, Energy=-73.0204
Rank 4: Bitstring=011000011000101100010100001100101001111010011001100111001010110011110101000001001001101100, Decimal=471690344104564124938408556, Energy=-72.866
Rank 5: Bitstring=011000011000101100011100001100111000111111001001100111101010100011110001000101000001101100, Decimal=471690934671927501515935852, Energy=-72.8514
Rank 6: Bitstring=111000011000001100010100001110101001111010011001100111001011110011110101000001001101000100, Decimal=1090509250325645444028568388, Energy=-72.7424
Rank 7: Bitstring=011000011000101100011100001100101001111011011001100111001010100011110101000001001001101100, Decimal=471690934400655958352335468, Energy=-72.697
Rank 8: Bitstring=111000011001101100010000001110101101111010011001101111001010110011110101000000001101100100, Decimal=1090962302432153893336253284, Energy=-72.6908
Rank 9: Bitstring=011000011000101100010100001100111000111010001001100111001010110011110101000101000001101100, Decimal=471690344374709733836476524, Energy=-72.6766
Rank 10: Bitstring=111000011000001100011100001110101001111011011001100111001011100011110101000001001101000100, Decimal=1090509840621737277442495300, Energy=-72.5734

E_min from simulated annealing:  -73.2098
Minimum energy: -73.2098
States with energy within 1e-08 of minimum: [471690344105690059203940972]
4


################## Start optimization with initial parameters: [0. 0. 0. 0. 0. 0. 0. 0. 0. 0. 0. 0. 0. 0. 0. 0. 0. 0. 0. 0. 0. 0. 0. 0.
 0. 0. 0. 0. 0. 0. 0. 0. 0. 0. 0. 0. 0. 0. 0. 0. 0. 0. 0. 0. 0. 0. 0. 0.
 0. 0. 0. 0. 0. 0. 0. 0. 0. 0. 0. 0. 0. 0. 0. 0. 0. 0. 0. 0. 0. 0. 0. 0.
 0. 0. 0. 0. 0. 0. 0. 0. 0. 0. 0. 0. 0. 0. 0. 0. 0. 0. 0. 0. 0. 0. 0. 0.
 0. 0. 0. 0. 0. 0. 0. 0. 0. 0. 0. 0. 0. 0. 0. 0. 0. 0. 0. 0. 0. 0. 0. 0.
 0. 0. 0. 0. 0. 0. 0. 0. 0. 0. 0. 0. 0. 0. 0. 0. 0. 0. 0. 0. 0. 0. 0. 0.
 0. 0. 0. 0. 0. 0. 0. 0. 0. 0. 0. 0. 0. 0. 0. 0. 0. 0. 0. 0. 0. 0. 0. 0.
 0. 0. 0. 0. 0. 0. 0. 0. 0. 0. 0. 0. 0. 0. 0. 0. 0. 0. 0. 0. 0. 0. 0. 0.
 0. 0. 0. 0. 0. 0. 0. 0. 0. 0. 0. 0. 0. 0. 0. 0. 0. 0. 0. 0. 0. 0. 0. 0.
 0. 0. 0. 0. 0. 0. 0. 0. 0. 0. 0. 0. 0. 0. 0. 0. 0. 0. 0. 0. 0. 0. 0. 0.
 0. 0. 0. 0. 0. 0. 0. 0. 0. 0. 0. 0. 0. 0. 0. 0. 0. 0. 0. 0. 0. 0. 0. 0.
 0. 0. 0. 0. 0. 0. 0. 0. 0. 0. 0. 0. 0. 0. 0. 0. 0. 0. 0. 0. 0. 0. 0. 0.
 0. 0. 0. 0. 0. 0. 0. 0. 0. 0. 0. 0. 0. 0. 0. 0. 0. 0. 0. 0. 0. 0. 0. 0.
 0. 0. 0. 0. 0. 0. 0. 0. 0. 0. 0. 0. 0. 0. 0. 0. 0. 0. 0. 0. 0. 0. 0. 0.
 0. 0. 0. 0. 0. 0. 0. 0. 0. 0. 0. 0. 0. 0. 0. 0. 0. 0. 0. 0. 0. 0. 0. 0.]
Write sucessfully to ./data/data_shots_10000_layer_1/alpha_0.01/N_90/r_97/ansatz_type_linear_cnot/initialization_zeros

vqe.cvar_eval[0]: -22.125052000000018 , min_cvar: -23.652682000000013 , opt_cvar: -23.652682000000013

vqe.poss_eval[-1]: 0 vqe.poss_eval[0] 0  , max_poss: 0 , opt_poss: 0

vqe.r_eval[-1]: 0.29533428584697685 vqe.r_eval[0]: 0.30221434835227 max_r: 0.32308081704908376 , min_r: 0.2831893817494379
