000 (15756404.640.000) 2026-02-06 11:24:35 Job submitted from host: <141.34.103.35:9618?addrs=141.34.103.35-9618+[2001-638-700-f067--1-23]-9618&alias=wgs39.zeuthen.desy.de&noUDP&sock=schedd_7414_f73f>
...
001 (15756404.640.000) 2026-02-07 01:27:51 Job executing on host: <141.34.15.39:9618?addrs=141.34.15.39-9618+[2001-638-700-f00f--1-27]-9618&alias=pizza10.zeuthen.desy.de&noUDP&sock=startd_8177_5201>
	SlotName: slot1_8@pizza10.zeuthen.desy.de
	CondorScratchDir = "/batch/dir_491673"
	Cpus = 8
	Disk = 1025696
	GPUs = 0
	Memory = 16384
...
006 (15756404.640.000) 2026-02-07 01:28:04 Image size of job updated: 97504
	96  -  MemoryUsage of job (MB)
	97504  -  ResidentSetSize of job (KB)
...
006 (15756404.640.000) 2026-02-07 01:33:04 Image size of job updated: 582864
	565  -  MemoryUsage of job (MB)
	577800  -  ResidentSetSize of job (KB)
...
006 (15756404.640.000) 2026-02-07 01:38:04 Image size of job updated: 583088
	565  -  MemoryUsage of job (MB)
	577800  -  ResidentSetSize of job (KB)
...
006 (15756404.640.000) 2026-02-07 01:43:05 Image size of job updated: 583508
	568  -  MemoryUsage of job (MB)
	581028  -  ResidentSetSize of job (KB)
...
006 (15756404.640.000) 2026-02-07 01:48:05 Image size of job updated: 584092
	568  -  MemoryUsage of job (MB)
	581028  -  ResidentSetSize of job (KB)
...
006 (15756404.640.000) 2026-02-07 01:53:05 Image size of job updated: 584948
	568  -  MemoryUsage of job (MB)
	581208  -  ResidentSetSize of job (KB)
...
006 (15756404.640.000) 2026-02-07 01:58:06 Image size of job updated: 585280
	571  -  MemoryUsage of job (MB)
	584676  -  ResidentSetSize of job (KB)
...
006 (15756404.640.000) 2026-02-07 02:03:06 Image size of job updated: 585768
	572  -  MemoryUsage of job (MB)
	584836  -  ResidentSetSize of job (KB)
...
006 (15756404.640.000) 2026-02-07 02:08:06 Image size of job updated: 586096
	572  -  MemoryUsage of job (MB)
	584836  -  ResidentSetSize of job (KB)
...
006 (15756404.640.000) 2026-02-07 02:13:07 Image size of job updated: 587116
	572  -  MemoryUsage of job (MB)
	584836  -  ResidentSetSize of job (KB)
...
006 (15756404.640.000) 2026-02-07 02:53:09 Image size of job updated: 587116
	573  -  MemoryUsage of job (MB)
	585740  -  ResidentSetSize of job (KB)
...
006 (15756404.640.000) 2026-02-07 02:58:10 Image size of job updated: 587316
	574  -  MemoryUsage of job (MB)
	587040  -  ResidentSetSize of job (KB)
...
006 (15756404.640.000) 2026-02-07 03:03:11 Image size of job updated: 587848
	575  -  MemoryUsage of job (MB)
	587848  -  ResidentSetSize of job (KB)
...
006 (15756404.640.000) 2026-02-07 03:08:11 Image size of job updated: 588544
	575  -  MemoryUsage of job (MB)
	587848  -  ResidentSetSize of job (KB)
...
006 (15756404.640.000) 2026-02-07 03:38:15 Image size of job updated: 588544
	575  -  MemoryUsage of job (MB)
	588008  -  ResidentSetSize of job (KB)
...
006 (15756404.640.000) 2026-02-07 03:43:16 Image size of job updated: 588544
	575  -  MemoryUsage of job (MB)
	588012  -  ResidentSetSize of job (KB)
...
006 (15756404.640.000) 2026-02-07 03:48:17 Image size of job updated: 588544
	575  -  MemoryUsage of job (MB)
	588016  -  ResidentSetSize of job (KB)
...
006 (15756404.640.000) 2026-02-07 03:58:18 Image size of job updated: 588544
	575  -  MemoryUsage of job (MB)
	588188  -  ResidentSetSize of job (KB)
...
006 (15756404.640.000) 2026-02-07 04:03:19 Image size of job updated: 588544
	575  -  MemoryUsage of job (MB)
	588232  -  ResidentSetSize of job (KB)
...
006 (15756404.640.000) 2026-02-07 04:08:19 Image size of job updated: 588544
	575  -  MemoryUsage of job (MB)
	588248  -  ResidentSetSize of job (KB)
...
006 (15756404.640.000) 2026-02-07 04:13:19 Image size of job updated: 588544
	575  -  MemoryUsage of job (MB)
	588308  -  ResidentSetSize of job (KB)
...
006 (15756404.640.000) 2026-02-07 04:18:20 Image size of job updated: 588544
	575  -  MemoryUsage of job (MB)
	588436  -  ResidentSetSize of job (KB)
...
006 (15756404.640.000) 2026-02-07 04:23:20 Image size of job updated: 588784
	575  -  MemoryUsage of job (MB)
	588528  -  ResidentSetSize of job (KB)
...
006 (15756404.640.000) 2026-02-07 04:28:20 Image size of job updated: 589044
	576  -  MemoryUsage of job (MB)
	589044  -  ResidentSetSize of job (KB)
...
006 (15756404.640.000) 2026-02-07 04:38:21 Image size of job updated: 589300
	576  -  MemoryUsage of job (MB)
	589300  -  ResidentSetSize of job (KB)
...
006 (15756404.640.000) 2026-02-07 04:58:22 Image size of job updated: 589336
	576  -  MemoryUsage of job (MB)
	589336  -  ResidentSetSize of job (KB)
...
006 (15756404.640.000) 2026-02-07 05:03:23 Image size of job updated: 589340
	576  -  MemoryUsage of job (MB)
	589340  -  ResidentSetSize of job (KB)
...
006 (15756404.640.000) 2026-02-07 05:13:23 Image size of job updated: 589352
	576  -  MemoryUsage of job (MB)
	589352  -  ResidentSetSize of job (KB)
...
006 (15756404.640.000) 2026-02-07 05:18:24 Image size of job updated: 589392
	576  -  MemoryUsage of job (MB)
	589392  -  ResidentSetSize of job (KB)
...
006 (15756404.640.000) 2026-02-07 05:23:24 Image size of job updated: 589400
	576  -  MemoryUsage of job (MB)
	589400  -  ResidentSetSize of job (KB)
...
006 (15756404.640.000) 2026-02-07 05:33:25 Image size of job updated: 589404
	576  -  MemoryUsage of job (MB)
	589404  -  ResidentSetSize of job (KB)
...
006 (15756404.640.000) 2026-02-07 05:38:25 Image size of job updated: 589412
	576  -  MemoryUsage of job (MB)
	589412  -  ResidentSetSize of job (KB)
...
006 (15756404.640.000) 2026-02-07 05:58:26 Image size of job updated: 589416
	576  -  MemoryUsage of job (MB)
	589416  -  ResidentSetSize of job (KB)
...
006 (15756404.640.000) 2026-02-07 06:08:27 Image size of job updated: 589420
	576  -  MemoryUsage of job (MB)
	589420  -  ResidentSetSize of job (KB)
...
006 (15756404.640.000) 2026-02-07 06:23:28 Image size of job updated: 589424
	576  -  MemoryUsage of job (MB)
	589424  -  ResidentSetSize of job (KB)
...
006 (15756404.640.000) 2026-02-07 06:48:30 Image size of job updated: 589472
	576  -  MemoryUsage of job (MB)
	589424  -  ResidentSetSize of job (KB)
...
006 (15756404.640.000) 2026-02-07 07:08:31 Image size of job updated: 589472
	576  -  MemoryUsage of job (MB)
	589428  -  ResidentSetSize of job (KB)
...
006 (15756404.640.000) 2026-02-07 07:13:31 Image size of job updated: 589472
	576  -  MemoryUsage of job (MB)
	589432  -  ResidentSetSize of job (KB)
...
006 (15756404.640.000) 2026-02-07 07:28:32 Image size of job updated: 589472
	576  -  MemoryUsage of job (MB)
	589436  -  ResidentSetSize of job (KB)
...
006 (15756404.640.000) 2026-02-07 08:58:39 Image size of job updated: 589692
	576  -  MemoryUsage of job (MB)
	589436  -  ResidentSetSize of job (KB)
...
006 (15756404.640.000) 2026-02-07 09:23:43 Image size of job updated: 589692
	576  -  MemoryUsage of job (MB)
	589440  -  ResidentSetSize of job (KB)
...
006 (15756404.640.000) 2026-02-07 11:08:54 Image size of job updated: 589696
	576  -  MemoryUsage of job (MB)
	589440  -  ResidentSetSize of job (KB)
...
006 (15756404.640.000) 2026-02-07 11:23:56 Image size of job updated: 589696
	576  -  MemoryUsage of job (MB)
	589444  -  ResidentSetSize of job (KB)
...
005 (15756404.640.000) 2026-02-07 12:34:54 Job terminated.
	(1) Normal termination (return value 0)
		Usr 1 12:56:09, Sys 0 21:14:22  -  Run Remote Usage
		Usr 0 00:00:00, Sys 0 00:00:00  -  Run Local Usage
		Usr 1 12:56:09, Sys 0 21:14:22  -  Total Remote Usage
		Usr 0 00:00:00, Sys 0 00:00:00  -  Total Local Usage
	0  -  Run Bytes Sent By Job
	0  -  Run Bytes Received By Job
	0  -  Total Bytes Sent By Job
	0  -  Total Bytes Received By Job
	Partitionable Resources :    Usage  Request Allocated 
	   Cpus                 :     7.23        8         8 
	   Disk (KB)            :     1     1024000   1025696 
	   GPUs                 :                           0 
	   Memory (MB)          :   576       16384     16384 
	   TimeExecute (s)      : 40023                       
	   TimeSlotBusy (s)     : 40023                       

	Job terminated of its own accord at 2026-02-07T11:34:54Z with exit-code 0.
...
