000 (15756407.832.000) 2026-02-06 11:26:12 Job submitted from host: <141.34.103.35:9618?addrs=141.34.103.35-9618+[2001-638-700-f067--1-23]-9618&alias=wgs39.zeuthen.desy.de&noUDP&sock=schedd_7414_f73f>
...
009 (15756407.832.000) 2026-02-10 11:42:42 Job was aborted.
	via condor_rm (by user tuccia)
...
000 (15949294.555.000) 2026-02-10 11:45:21 Job submitted from host: <141.34.103.35:9618?addrs=141.34.103.35-9618+[2001-638-700-f067--1-23]-9618&alias=wgs39.zeuthen.desy.de&noUDP&sock=schedd_7302_24a3>
...
009 (15949294.555.000) 2026-02-10 11:45:47 Job was aborted.
	via condor_rm (by user tuccia)
...
000 (15949295.555.000) 2026-02-10 11:46:05 Job submitted from host: <141.34.103.35:9618?addrs=141.34.103.35-9618+[2001-638-700-f067--1-23]-9618&alias=wgs39.zeuthen.desy.de&noUDP&sock=schedd_7302_24a3>
...
001 (15949295.555.000) 2026-02-12 23:46:01 Job executing on host: <141.34.15.222:9618?addrs=141.34.15.222-9618+[2001-638-700-f00f--1-de]-9618&alias=pizza30.zeuthen.desy.de&noUDP&sock=startd_8310_8c1a>
	SlotName: slot1_4@pizza30.zeuthen.desy.de
	CondorScratchDir = "/batch/dir_2058752"
	Cpus = 8
	Disk = 1025696
	GPUs = 0
	Memory = 16384
...
006 (15949295.555.000) 2026-02-12 23:46:15 Image size of job updated: 97532
	96  -  MemoryUsage of job (MB)
	97532  -  ResidentSetSize of job (KB)
...
006 (15949295.555.000) 2026-02-12 23:51:16 Image size of job updated: 575104
	537  -  MemoryUsage of job (MB)
	549724  -  ResidentSetSize of job (KB)
...
006 (15949295.555.000) 2026-02-12 23:56:16 Image size of job updated: 575104
	538  -  MemoryUsage of job (MB)
	550456  -  ResidentSetSize of job (KB)
...
006 (15949295.555.000) 2026-02-13 00:21:19 Image size of job updated: 575104
	549  -  MemoryUsage of job (MB)
	561788  -  ResidentSetSize of job (KB)
...
006 (15949295.555.000) 2026-02-13 00:26:19 Image size of job updated: 575104
	550  -  MemoryUsage of job (MB)
	562756  -  ResidentSetSize of job (KB)
...
006 (15949295.555.000) 2026-02-13 00:31:20 Image size of job updated: 575104
	551  -  MemoryUsage of job (MB)
	563244  -  ResidentSetSize of job (KB)
...
006 (15949295.555.000) 2026-02-13 00:36:20 Image size of job updated: 575104
	552  -  MemoryUsage of job (MB)
	564668  -  ResidentSetSize of job (KB)
...
006 (15949295.555.000) 2026-02-13 00:41:20 Image size of job updated: 575104
	553  -  MemoryUsage of job (MB)
	565284  -  ResidentSetSize of job (KB)
...
006 (15949295.555.000) 2026-02-13 00:46:21 Image size of job updated: 575104
	554  -  MemoryUsage of job (MB)
	567152  -  ResidentSetSize of job (KB)
...
006 (15949295.555.000) 2026-02-13 00:51:21 Image size of job updated: 575104
	555  -  MemoryUsage of job (MB)
	568020  -  ResidentSetSize of job (KB)
...
006 (15949295.555.000) 2026-02-13 00:56:22 Image size of job updated: 580580
	566  -  MemoryUsage of job (MB)
	579464  -  ResidentSetSize of job (KB)
...
006 (15949295.555.000) 2026-02-13 01:01:23 Image size of job updated: 602768
	587  -  MemoryUsage of job (MB)
	600568  -  ResidentSetSize of job (KB)
...
006 (15949295.555.000) 2026-02-13 01:06:23 Image size of job updated: 603864
	587  -  MemoryUsage of job (MB)
	600664  -  ResidentSetSize of job (KB)
...
006 (15949295.555.000) 2026-02-13 01:11:24 Image size of job updated: 604188
	588  -  MemoryUsage of job (MB)
	601360  -  ResidentSetSize of job (KB)
...
006 (15949295.555.000) 2026-02-13 01:16:24 Image size of job updated: 604508
	588  -  MemoryUsage of job (MB)
	601460  -  ResidentSetSize of job (KB)
...
006 (15949295.555.000) 2026-02-13 01:46:26 Image size of job updated: 619220
	602  -  MemoryUsage of job (MB)
	616108  -  ResidentSetSize of job (KB)
...
006 (15949295.555.000) 2026-02-13 01:51:27 Image size of job updated: 619364
	604  -  MemoryUsage of job (MB)
	617828  -  ResidentSetSize of job (KB)
...
006 (15949295.555.000) 2026-02-13 01:56:28 Image size of job updated: 619720
	604  -  MemoryUsage of job (MB)
	617828  -  ResidentSetSize of job (KB)
...
006 (15949295.555.000) 2026-02-13 02:01:28 Image size of job updated: 620164
	604  -  MemoryUsage of job (MB)
	617828  -  ResidentSetSize of job (KB)
...
006 (15949295.555.000) 2026-02-13 02:06:29 Image size of job updated: 620164
	605  -  MemoryUsage of job (MB)
	618724  -  ResidentSetSize of job (KB)
...
006 (15949295.555.000) 2026-02-13 02:11:30 Image size of job updated: 621152
	607  -  MemoryUsage of job (MB)
	621152  -  ResidentSetSize of job (KB)
...
006 (15949295.555.000) 2026-02-13 02:16:30 Image size of job updated: 624732
	607  -  MemoryUsage of job (MB)
	621284  -  ResidentSetSize of job (KB)
...
006 (15949295.555.000) 2026-02-13 02:21:31 Image size of job updated: 624732
	607  -  MemoryUsage of job (MB)
	621564  -  ResidentSetSize of job (KB)
...
006 (15949295.555.000) 2026-02-13 02:26:31 Image size of job updated: 662624
	648  -  MemoryUsage of job (MB)
	662624  -  ResidentSetSize of job (KB)
...
006 (15949295.555.000) 2026-02-13 02:31:31 Image size of job updated: 665216
	648  -  MemoryUsage of job (MB)
	662988  -  ResidentSetSize of job (KB)
...
006 (15949295.555.000) 2026-02-13 02:36:32 Image size of job updated: 665408
	648  -  MemoryUsage of job (MB)
	663016  -  ResidentSetSize of job (KB)
...
006 (15949295.555.000) 2026-02-13 02:41:32 Image size of job updated: 665408
	648  -  MemoryUsage of job (MB)
	663044  -  ResidentSetSize of job (KB)
...
006 (15949295.555.000) 2026-02-13 02:46:33 Image size of job updated: 684348
	669  -  MemoryUsage of job (MB)
	684348  -  ResidentSetSize of job (KB)
...
006 (15949295.555.000) 2026-02-13 02:51:34 Image size of job updated: 686420
	669  -  MemoryUsage of job (MB)
	684672  -  ResidentSetSize of job (KB)
...
006 (15949295.555.000) 2026-02-13 03:01:35 Image size of job updated: 698764
	683  -  MemoryUsage of job (MB)
	698764  -  ResidentSetSize of job (KB)
...
006 (15949295.555.000) 2026-02-13 03:06:35 Image size of job updated: 704748
	689  -  MemoryUsage of job (MB)
	704748  -  ResidentSetSize of job (KB)
...
006 (15949295.555.000) 2026-02-13 03:11:35 Image size of job updated: 705040
	689  -  MemoryUsage of job (MB)
	705040  -  ResidentSetSize of job (KB)
...
006 (15949295.555.000) 2026-02-13 03:16:36 Image size of job updated: 707692
	689  -  MemoryUsage of job (MB)
	705360  -  ResidentSetSize of job (KB)
...
006 (15949295.555.000) 2026-02-13 03:21:36 Image size of job updated: 708092
	690  -  MemoryUsage of job (MB)
	705704  -  ResidentSetSize of job (KB)
...
006 (15949295.555.000) 2026-02-13 03:31:38 Image size of job updated: 708800
	691  -  MemoryUsage of job (MB)
	707140  -  ResidentSetSize of job (KB)
...
006 (15949295.555.000) 2026-02-13 03:36:38 Image size of job updated: 710068
	691  -  MemoryUsage of job (MB)
	707384  -  ResidentSetSize of job (KB)
...
006 (15949295.555.000) 2026-02-13 03:41:39 Image size of job updated: 710068
	693  -  MemoryUsage of job (MB)
	709400  -  ResidentSetSize of job (KB)
...
006 (15949295.555.000) 2026-02-13 03:46:39 Image size of job updated: 710176
	693  -  MemoryUsage of job (MB)
	709400  -  ResidentSetSize of job (KB)
...
006 (15949295.555.000) 2026-02-13 03:51:40 Image size of job updated: 710240
	693  -  MemoryUsage of job (MB)
	709400  -  ResidentSetSize of job (KB)
...
006 (15949295.555.000) 2026-02-13 03:56:41 Image size of job updated: 710240
	694  -  MemoryUsage of job (MB)
	709856  -  ResidentSetSize of job (KB)
...
006 (15949295.555.000) 2026-02-13 04:01:41 Image size of job updated: 724096
	708  -  MemoryUsage of job (MB)
	724096  -  ResidentSetSize of job (KB)
...
006 (15949295.555.000) 2026-02-13 04:06:42 Image size of job updated: 726976
	708  -  MemoryUsage of job (MB)
	724528  -  ResidentSetSize of job (KB)
...
006 (15949295.555.000) 2026-02-13 04:16:42 Image size of job updated: 726976
	708  -  MemoryUsage of job (MB)
	724556  -  ResidentSetSize of job (KB)
...
006 (15949295.555.000) 2026-02-13 04:21:43 Image size of job updated: 726976
	708  -  MemoryUsage of job (MB)
	724580  -  ResidentSetSize of job (KB)
...
006 (15949295.555.000) 2026-02-13 04:31:44 Image size of job updated: 726976
	708  -  MemoryUsage of job (MB)
	724612  -  ResidentSetSize of job (KB)
...
006 (15949295.555.000) 2026-02-13 04:36:45 Image size of job updated: 726976
	708  -  MemoryUsage of job (MB)
	724640  -  ResidentSetSize of job (KB)
...
006 (15949295.555.000) 2026-02-13 04:41:45 Image size of job updated: 726976
	708  -  MemoryUsage of job (MB)
	724704  -  ResidentSetSize of job (KB)
...
006 (15949295.555.000) 2026-02-13 05:01:48 Image size of job updated: 727468
	708  -  MemoryUsage of job (MB)
	724840  -  ResidentSetSize of job (KB)
...
006 (15949295.555.000) 2026-02-13 05:11:49 Image size of job updated: 727468
	708  -  MemoryUsage of job (MB)
	724876  -  ResidentSetSize of job (KB)
...
006 (15949295.555.000) 2026-02-13 05:16:50 Image size of job updated: 727892
	708  -  MemoryUsage of job (MB)
	724876  -  ResidentSetSize of job (KB)
...
006 (15949295.555.000) 2026-02-13 05:31:51 Image size of job updated: 727892
	709  -  MemoryUsage of job (MB)
	725212  -  ResidentSetSize of job (KB)
...
006 (15949295.555.000) 2026-02-13 05:36:51 Image size of job updated: 727892
	709  -  MemoryUsage of job (MB)
	725220  -  ResidentSetSize of job (KB)
...
006 (15949295.555.000) 2026-02-13 05:41:52 Image size of job updated: 727892
	709  -  MemoryUsage of job (MB)
	725248  -  ResidentSetSize of job (KB)
...
006 (15949295.555.000) 2026-02-13 05:51:53 Image size of job updated: 727892
	709  -  MemoryUsage of job (MB)
	725272  -  ResidentSetSize of job (KB)
...
006 (15949295.555.000) 2026-02-13 05:56:54 Image size of job updated: 727892
	709  -  MemoryUsage of job (MB)
	725300  -  ResidentSetSize of job (KB)
...
006 (15949295.555.000) 2026-02-13 06:06:55 Image size of job updated: 731788
	715  -  MemoryUsage of job (MB)
	731788  -  ResidentSetSize of job (KB)
...
006 (15949295.555.000) 2026-02-13 06:11:55 Image size of job updated: 734024
	715  -  MemoryUsage of job (MB)
	732148  -  ResidentSetSize of job (KB)
...
006 (15949295.555.000) 2026-02-13 06:16:55 Image size of job updated: 734024
	716  -  MemoryUsage of job (MB)
	732352  -  ResidentSetSize of job (KB)
...
006 (15949295.555.000) 2026-02-13 06:21:56 Image size of job updated: 734024
	716  -  MemoryUsage of job (MB)
	732464  -  ResidentSetSize of job (KB)
...
006 (15949295.555.000) 2026-02-13 06:26:56 Image size of job updated: 734968
	716  -  MemoryUsage of job (MB)
	732484  -  ResidentSetSize of job (KB)
...
006 (15949295.555.000) 2026-02-13 06:36:58 Image size of job updated: 734968
	716  -  MemoryUsage of job (MB)
	732780  -  ResidentSetSize of job (KB)
...
006 (15949295.555.000) 2026-02-13 06:41:58 Image size of job updated: 734968
	716  -  MemoryUsage of job (MB)
	732844  -  ResidentSetSize of job (KB)
...
006 (15949295.555.000) 2026-02-13 06:51:59 Image size of job updated: 734968
	716  -  MemoryUsage of job (MB)
	733164  -  ResidentSetSize of job (KB)
...
006 (15949295.555.000) 2026-02-13 07:07:00 Image size of job updated: 734968
	717  -  MemoryUsage of job (MB)
	733308  -  ResidentSetSize of job (KB)
...
006 (15949295.555.000) 2026-02-13 07:22:02 Image size of job updated: 734968
	717  -  MemoryUsage of job (MB)
	733312  -  ResidentSetSize of job (KB)
...
006 (15949295.555.000) 2026-02-13 07:27:03 Image size of job updated: 734968
	717  -  MemoryUsage of job (MB)
	733332  -  ResidentSetSize of job (KB)
...
006 (15949295.555.000) 2026-02-13 07:37:03 Image size of job updated: 734968
	717  -  MemoryUsage of job (MB)
	733356  -  ResidentSetSize of job (KB)
...
006 (15949295.555.000) 2026-02-13 07:42:04 Image size of job updated: 734968
	717  -  MemoryUsage of job (MB)
	733388  -  ResidentSetSize of job (KB)
...
006 (15949295.555.000) 2026-02-13 07:52:05 Image size of job updated: 734968
	717  -  MemoryUsage of job (MB)
	733668  -  ResidentSetSize of job (KB)
...
006 (15949295.555.000) 2026-02-13 07:57:06 Image size of job updated: 735128
	717  -  MemoryUsage of job (MB)
	733948  -  ResidentSetSize of job (KB)
...
006 (15949295.555.000) 2026-02-13 08:07:07 Image size of job updated: 735128
	717  -  MemoryUsage of job (MB)
	733976  -  ResidentSetSize of job (KB)
...
006 (15949295.555.000) 2026-02-13 08:12:07 Image size of job updated: 735128
	717  -  MemoryUsage of job (MB)
	734004  -  ResidentSetSize of job (KB)
...
006 (15949295.555.000) 2026-02-13 08:22:08 Image size of job updated: 735144
	717  -  MemoryUsage of job (MB)
	734004  -  ResidentSetSize of job (KB)
...
006 (15949295.555.000) 2026-02-13 08:27:08 Image size of job updated: 736644
	719  -  MemoryUsage of job (MB)
	735852  -  ResidentSetSize of job (KB)
...
006 (15949295.555.000) 2026-02-13 08:37:10 Image size of job updated: 737032
	719  -  MemoryUsage of job (MB)
	736168  -  ResidentSetSize of job (KB)
...
006 (15949295.555.000) 2026-02-13 08:42:10 Image size of job updated: 737032
	720  -  MemoryUsage of job (MB)
	736460  -  ResidentSetSize of job (KB)
...
006 (15949295.555.000) 2026-02-13 08:52:11 Image size of job updated: 737184
	720  -  MemoryUsage of job (MB)
	736524  -  ResidentSetSize of job (KB)
...
006 (15949295.555.000) 2026-02-13 08:57:12 Image size of job updated: 737184
	720  -  MemoryUsage of job (MB)
	736780  -  ResidentSetSize of job (KB)
...
006 (15949295.555.000) 2026-02-13 09:07:13 Image size of job updated: 737948
	720  -  MemoryUsage of job (MB)
	736780  -  ResidentSetSize of job (KB)
...
006 (15949295.555.000) 2026-02-13 09:12:14 Image size of job updated: 737948
	720  -  MemoryUsage of job (MB)
	737000  -  ResidentSetSize of job (KB)
...
006 (15949295.555.000) 2026-02-13 09:22:14 Image size of job updated: 737948
	720  -  MemoryUsage of job (MB)
	737024  -  ResidentSetSize of job (KB)
...
006 (15949295.555.000) 2026-02-13 09:52:18 Image size of job updated: 737948
	720  -  MemoryUsage of job (MB)
	737124  -  ResidentSetSize of job (KB)
...
006 (15949295.555.000) 2026-02-13 09:57:18 Image size of job updated: 737948
	720  -  MemoryUsage of job (MB)
	737156  -  ResidentSetSize of job (KB)
...
006 (15949295.555.000) 2026-02-13 10:07:19 Image size of job updated: 737948
	720  -  MemoryUsage of job (MB)
	737180  -  ResidentSetSize of job (KB)
...
006 (15949295.555.000) 2026-02-13 10:12:19 Image size of job updated: 738184
	720  -  MemoryUsage of job (MB)
	737224  -  ResidentSetSize of job (KB)
...
006 (15949295.555.000) 2026-02-13 10:22:20 Image size of job updated: 738184
	721  -  MemoryUsage of job (MB)
	737548  -  ResidentSetSize of job (KB)
...
006 (15949295.555.000) 2026-02-13 10:27:20 Image size of job updated: 738184
	721  -  MemoryUsage of job (MB)
	737604  -  ResidentSetSize of job (KB)
...
006 (15949295.555.000) 2026-02-13 10:37:22 Image size of job updated: 738184
	721  -  MemoryUsage of job (MB)
	737920  -  ResidentSetSize of job (KB)
...
006 (15949295.555.000) 2026-02-13 10:42:22 Image size of job updated: 738492
	721  -  MemoryUsage of job (MB)
	738252  -  ResidentSetSize of job (KB)
...
006 (15949295.555.000) 2026-02-13 10:52:24 Image size of job updated: 738492
	721  -  MemoryUsage of job (MB)
	738260  -  ResidentSetSize of job (KB)
...
006 (15949295.555.000) 2026-02-13 10:57:24 Image size of job updated: 738528
	722  -  MemoryUsage of job (MB)
	738528  -  ResidentSetSize of job (KB)
...
006 (15949295.555.000) 2026-02-13 11:07:25 Image size of job updated: 738572
	722  -  MemoryUsage of job (MB)
	738572  -  ResidentSetSize of job (KB)
...
006 (15949295.555.000) 2026-02-13 12:07:31 Image size of job updated: 738820
	722  -  MemoryUsage of job (MB)
	738820  -  ResidentSetSize of job (KB)
...
006 (15949295.555.000) 2026-02-13 12:17:32 Image size of job updated: 738828
	722  -  MemoryUsage of job (MB)
	738820  -  ResidentSetSize of job (KB)
...
006 (15949295.555.000) 2026-02-13 12:32:33 Image size of job updated: 738968
	722  -  MemoryUsage of job (MB)
	738968  -  ResidentSetSize of job (KB)
...
006 (15949295.555.000) 2026-02-13 12:37:34 Image size of job updated: 739084
	722  -  MemoryUsage of job (MB)
	739084  -  ResidentSetSize of job (KB)
...
006 (15949295.555.000) 2026-02-13 13:22:38 Image size of job updated: 739108
	722  -  MemoryUsage of job (MB)
	739108  -  ResidentSetSize of job (KB)
...
006 (15949295.555.000) 2026-02-13 13:27:39 Image size of job updated: 739340
	722  -  MemoryUsage of job (MB)
	739108  -  ResidentSetSize of job (KB)
...
006 (15949295.555.000) 2026-02-13 13:37:40 Image size of job updated: 739340
	722  -  MemoryUsage of job (MB)
	739160  -  ResidentSetSize of job (KB)
...
006 (15949295.555.000) 2026-02-13 13:42:41 Image size of job updated: 739340
	723  -  MemoryUsage of job (MB)
	739340  -  ResidentSetSize of job (KB)
...
006 (15949295.555.000) 2026-02-13 14:02:43 Image size of job updated: 739348
	723  -  MemoryUsage of job (MB)
	739348  -  ResidentSetSize of job (KB)
...
006 (15949295.555.000) 2026-02-13 14:12:44 Image size of job updated: 739412
	723  -  MemoryUsage of job (MB)
	739412  -  ResidentSetSize of job (KB)
...
006 (15949295.555.000) 2026-02-13 14:17:44 Image size of job updated: 740228
	723  -  MemoryUsage of job (MB)
	740228  -  ResidentSetSize of job (KB)
...
006 (15949295.555.000) 2026-02-13 15:02:49 Image size of job updated: 740232
	723  -  MemoryUsage of job (MB)
	740232  -  ResidentSetSize of job (KB)
...
006 (15949295.555.000) 2026-02-13 15:07:50 Image size of job updated: 740256
	723  -  MemoryUsage of job (MB)
	740256  -  ResidentSetSize of job (KB)
...
006 (15949295.555.000) 2026-02-13 15:17:50 Image size of job updated: 740484
	724  -  MemoryUsage of job (MB)
	740484  -  ResidentSetSize of job (KB)
...
006 (15949295.555.000) 2026-02-13 15:52:54 Image size of job updated: 740512
	724  -  MemoryUsage of job (MB)
	740512  -  ResidentSetSize of job (KB)
...
006 (15949295.555.000) 2026-02-13 15:57:54 Image size of job updated: 740740
	724  -  MemoryUsage of job (MB)
	740740  -  ResidentSetSize of job (KB)
...
006 (15949295.555.000) 2026-02-13 16:58:02 Image size of job updated: 740768
	724  -  MemoryUsage of job (MB)
	740768  -  ResidentSetSize of job (KB)
...
006 (15949295.555.000) 2026-02-13 17:03:02 Image size of job updated: 740996
	724  -  MemoryUsage of job (MB)
	740996  -  ResidentSetSize of job (KB)
...
006 (15949295.555.000) 2026-02-13 17:28:04 Image size of job updated: 741020
	724  -  MemoryUsage of job (MB)
	741020  -  ResidentSetSize of job (KB)
...
006 (15949295.555.000) 2026-02-13 17:33:04 Image size of job updated: 741252
	724  -  MemoryUsage of job (MB)
	741252  -  ResidentSetSize of job (KB)
...
006 (15949295.555.000) 2026-02-14 00:28:48 Image size of job updated: 777160
	759  -  MemoryUsage of job (MB)
	777160  -  ResidentSetSize of job (KB)
...
006 (15949295.555.000) 2026-02-14 00:33:49 Image size of job updated: 777788
	760  -  MemoryUsage of job (MB)
	777788  -  ResidentSetSize of job (KB)
...
006 (15949295.555.000) 2026-02-14 00:38:49 Image size of job updated: 779276
	762  -  MemoryUsage of job (MB)
	779276  -  ResidentSetSize of job (KB)
...
006 (15949295.555.000) 2026-02-14 00:43:49 Image size of job updated: 779432
	762  -  MemoryUsage of job (MB)
	779432  -  ResidentSetSize of job (KB)
...
006 (15949295.555.000) 2026-02-14 00:58:50 Image size of job updated: 779780
	762  -  MemoryUsage of job (MB)
	779780  -  ResidentSetSize of job (KB)
...
006 (15949295.555.000) 2026-02-14 01:03:51 Image size of job updated: 779920
	762  -  MemoryUsage of job (MB)
	779920  -  ResidentSetSize of job (KB)
...
006 (15949295.555.000) 2026-02-14 01:33:55 Image size of job updated: 779924
	762  -  MemoryUsage of job (MB)
	779924  -  ResidentSetSize of job (KB)
...
006 (15949295.555.000) 2026-02-14 01:43:56 Image size of job updated: 779960
	762  -  MemoryUsage of job (MB)
	779960  -  ResidentSetSize of job (KB)
...
006 (15949295.555.000) 2026-02-14 01:53:56 Image size of job updated: 780020
	762  -  MemoryUsage of job (MB)
	780020  -  ResidentSetSize of job (KB)
...
006 (15949295.555.000) 2026-02-14 02:13:58 Image size of job updated: 780476
	763  -  MemoryUsage of job (MB)
	780476  -  ResidentSetSize of job (KB)
...
006 (15949295.555.000) 2026-02-14 02:18:58 Image size of job updated: 780600
	763  -  MemoryUsage of job (MB)
	780600  -  ResidentSetSize of job (KB)
...
006 (15949295.555.000) 2026-02-14 02:34:00 Image size of job updated: 780608
	763  -  MemoryUsage of job (MB)
	780608  -  ResidentSetSize of job (KB)
...
006 (15949295.555.000) 2026-02-14 02:49:01 Image size of job updated: 780720
	763  -  MemoryUsage of job (MB)
	780720  -  ResidentSetSize of job (KB)
...
006 (15949295.555.000) 2026-02-14 03:29:04 Image size of job updated: 780816
	763  -  MemoryUsage of job (MB)
	780816  -  ResidentSetSize of job (KB)
...
006 (15949295.555.000) 2026-02-14 03:34:05 Image size of job updated: 780828
	763  -  MemoryUsage of job (MB)
	780828  -  ResidentSetSize of job (KB)
...
006 (15949295.555.000) 2026-02-14 03:44:06 Image size of job updated: 780892
	763  -  MemoryUsage of job (MB)
	780892  -  ResidentSetSize of job (KB)
...
006 (15949295.555.000) 2026-02-14 03:54:07 Image size of job updated: 781092
	763  -  MemoryUsage of job (MB)
	781092  -  ResidentSetSize of job (KB)
...
006 (15949295.555.000) 2026-02-14 04:14:08 Image size of job updated: 781244
	763  -  MemoryUsage of job (MB)
	781244  -  ResidentSetSize of job (KB)
...
006 (15949295.555.000) 2026-02-14 04:19:09 Image size of job updated: 781404
	764  -  MemoryUsage of job (MB)
	781404  -  ResidentSetSize of job (KB)
...
006 (15949295.555.000) 2026-02-14 04:24:09 Image size of job updated: 781440
	764  -  MemoryUsage of job (MB)
	781440  -  ResidentSetSize of job (KB)
...
006 (15949295.555.000) 2026-02-14 04:29:10 Image size of job updated: 781532
	764  -  MemoryUsage of job (MB)
	781440  -  ResidentSetSize of job (KB)
...
006 (15949295.555.000) 2026-02-14 04:39:11 Image size of job updated: 781532
	764  -  MemoryUsage of job (MB)
	781456  -  ResidentSetSize of job (KB)
...
006 (15949295.555.000) 2026-02-14 04:49:12 Image size of job updated: 781540
	764  -  MemoryUsage of job (MB)
	781540  -  ResidentSetSize of job (KB)
...
006 (15949295.555.000) 2026-02-14 05:14:14 Image size of job updated: 781656
	764  -  MemoryUsage of job (MB)
	781656  -  ResidentSetSize of job (KB)
...
006 (15949295.555.000) 2026-02-14 05:24:14 Image size of job updated: 781892
	764  -  MemoryUsage of job (MB)
	781892  -  ResidentSetSize of job (KB)
...
006 (15949295.555.000) 2026-02-14 05:39:15 Image size of job updated: 781904
	764  -  MemoryUsage of job (MB)
	781904  -  ResidentSetSize of job (KB)
...
006 (15949295.555.000) 2026-02-14 05:49:16 Image size of job updated: 781920
	764  -  MemoryUsage of job (MB)
	781920  -  ResidentSetSize of job (KB)
...
006 (15949295.555.000) 2026-02-14 05:54:16 Image size of job updated: 781988
	764  -  MemoryUsage of job (MB)
	781988  -  ResidentSetSize of job (KB)
...
006 (15949295.555.000) 2026-02-14 06:04:17 Image size of job updated: 782176
	764  -  MemoryUsage of job (MB)
	782176  -  ResidentSetSize of job (KB)
...
006 (15949295.555.000) 2026-02-14 07:24:27 Image size of job updated: 782220
	764  -  MemoryUsage of job (MB)
	782220  -  ResidentSetSize of job (KB)
...
006 (15949295.555.000) 2026-02-14 07:34:28 Image size of job updated: 782432
	765  -  MemoryUsage of job (MB)
	782432  -  ResidentSetSize of job (KB)
...
006 (15949295.555.000) 2026-02-14 07:54:30 Image size of job updated: 782436
	765  -  MemoryUsage of job (MB)
	782436  -  ResidentSetSize of job (KB)
...
006 (15949295.555.000) 2026-02-14 07:59:30 Image size of job updated: 782448
	765  -  MemoryUsage of job (MB)
	782448  -  ResidentSetSize of job (KB)
...
006 (15949295.555.000) 2026-02-14 08:04:30 Image size of job updated: 782456
	765  -  MemoryUsage of job (MB)
	782456  -  ResidentSetSize of job (KB)
...
006 (15949295.555.000) 2026-02-14 08:09:31 Image size of job updated: 782700
	765  -  MemoryUsage of job (MB)
	782700  -  ResidentSetSize of job (KB)
...
006 (15949295.555.000) 2026-02-14 08:19:31 Image size of job updated: 782840
	765  -  MemoryUsage of job (MB)
	782840  -  ResidentSetSize of job (KB)
...
006 (15949295.555.000) 2026-02-14 08:24:32 Image size of job updated: 782860
	765  -  MemoryUsage of job (MB)
	782860  -  ResidentSetSize of job (KB)
...
006 (15949295.555.000) 2026-02-14 08:29:32 Image size of job updated: 783200
	765  -  MemoryUsage of job (MB)
	783200  -  ResidentSetSize of job (KB)
...
006 (15949295.555.000) 2026-02-14 08:34:32 Image size of job updated: 783248
	765  -  MemoryUsage of job (MB)
	783248  -  ResidentSetSize of job (KB)
...
006 (15949295.555.000) 2026-02-14 08:39:33 Image size of job updated: 783268
	765  -  MemoryUsage of job (MB)
	783268  -  ResidentSetSize of job (KB)
...
006 (15949295.555.000) 2026-02-14 09:39:38 Image size of job updated: 783276
	765  -  MemoryUsage of job (MB)
	783276  -  ResidentSetSize of job (KB)
...
006 (15949295.555.000) 2026-02-14 09:49:39 Image size of job updated: 783524
	766  -  MemoryUsage of job (MB)
	783524  -  ResidentSetSize of job (KB)
...
006 (15949295.555.000) 2026-02-14 10:14:42 Image size of job updated: 783544
	766  -  MemoryUsage of job (MB)
	783544  -  ResidentSetSize of job (KB)
...
006 (15949295.555.000) 2026-02-14 10:24:44 Image size of job updated: 783780
	766  -  MemoryUsage of job (MB)
	783780  -  ResidentSetSize of job (KB)
...
006 (15949295.555.000) 2026-02-14 11:54:53 Image size of job updated: 783836
	766  -  MemoryUsage of job (MB)
	783836  -  ResidentSetSize of job (KB)
...
006 (15949295.555.000) 2026-02-14 12:04:54 Image size of job updated: 784036
	766  -  MemoryUsage of job (MB)
	784036  -  ResidentSetSize of job (KB)
...
006 (15949295.555.000) 2026-02-14 12:34:56 Image size of job updated: 784068
	766  -  MemoryUsage of job (MB)
	784068  -  ResidentSetSize of job (KB)
...
006 (15949295.555.000) 2026-02-14 12:39:56 Image size of job updated: 784292
	766  -  MemoryUsage of job (MB)
	784292  -  ResidentSetSize of job (KB)
...
006 (15949295.555.000) 2026-02-14 13:30:00 Image size of job updated: 784448
	767  -  MemoryUsage of job (MB)
	784448  -  ResidentSetSize of job (KB)
...
006 (15949295.555.000) 2026-02-14 13:35:01 Image size of job updated: 784496
	767  -  MemoryUsage of job (MB)
	784496  -  ResidentSetSize of job (KB)
...
006 (15949295.555.000) 2026-02-14 14:10:04 Image size of job updated: 784524
	767  -  MemoryUsage of job (MB)
	784524  -  ResidentSetSize of job (KB)
...
006 (15949295.555.000) 2026-02-14 14:20:05 Image size of job updated: 784752
	767  -  MemoryUsage of job (MB)
	784752  -  ResidentSetSize of job (KB)
...
021 (15949295.555.000) 2026-02-14 23:46:05 Error from starter on slot1_4@pizza30.zeuthen.desy.de:
	runtime exceeded maximum (target.Runtime seconds)
	Code 21 Subcode 103
...
004 (15949295.555.000) 2026-02-14 23:46:05 Job was evicted.
	(0) CPU times
		Usr 12 17:41:07, Sys 0 01:31:18  -  Run Remote Usage
		Usr 0 00:00:00, Sys 0 00:00:00  -  Run Local Usage
	0  -  Run Bytes Sent By Job
	0  -  Run Bytes Received By Job
	Error from slot1_4@pizza30.zeuthen.desy.de: runtime exceeded maximum (target.Runtime seconds)
	Partitionable Resources :     Usage  Request Allocated 
	   Cpus                 :      7.92        8         8 
	   Disk (KB)            :      1     1024000   1025696 
	   GPUs                 :                            0 
	   Memory (MB)          :    767       16384     16384 
	   TimeSlotBusy (s)     : 172804                       
...
012 (15949295.555.000) 2026-02-14 23:46:05 Job was held.
	Error from slot1_4@pizza30.zeuthen.desy.de: runtime exceeded maximum (target.Runtime seconds)
	Code 21 Subcode 103
...
009 (15949295.555.000) 2026-02-16 17:16:25 Job was aborted.
	via condor_rm (by user tuccia)
...
