000 (15756404.804.000) 2026-02-06 11:24:36 Job submitted from host: <141.34.103.35:9618?addrs=141.34.103.35-9618+[2001-638-700-f067--1-23]-9618&alias=wgs39.zeuthen.desy.de&noUDP&sock=schedd_7414_f73f>
...
001 (15756404.804.000) 2026-02-07 03:18:32 Job executing on host: <141.34.15.66:9618?addrs=141.34.15.66-9618+[2001-638-700-f00f--1-42]-9618&alias=bladej9.zeuthen.desy.de&noUDP&sock=startd_9452_dd42>
	SlotName: slot1_3@bladej9.zeuthen.desy.de
	CondorScratchDir = "/batch/dir_3981993"
	Cpus = 8
	Disk = 1025024
	GPUs = 0
	Memory = 16384
...
006 (15756404.804.000) 2026-02-07 03:18:46 Image size of job updated: 95504
	94  -  MemoryUsage of job (MB)
	95504  -  ResidentSetSize of job (KB)
...
006 (15756404.804.000) 2026-02-07 03:23:47 Image size of job updated: 504816
	446  -  MemoryUsage of job (MB)
	456332  -  ResidentSetSize of job (KB)
...
005 (15756404.804.000) 2026-02-07 04:32:11 Job terminated.
	(1) Normal termination (return value 0)
		Usr 0 04:32:38, Sys 0 01:30:19  -  Run Remote Usage
		Usr 0 00:00:00, Sys 0 00:00:00  -  Run Local Usage
		Usr 0 04:32:38, Sys 0 01:30:19  -  Total Remote Usage
		Usr 0 00:00:00, Sys 0 00:00:00  -  Total Local Usage
	0  -  Run Bytes Sent By Job
	0  -  Run Bytes Received By Job
	0  -  Total Bytes Sent By Job
	0  -  Total Bytes Received By Job
	Partitionable Resources :    Usage  Request Allocated 
	   Cpus                 :     5.29        8         8 
	   Disk (KB)            :     1     1024000   1025024 
	   GPUs                 :                           0 
	   Memory (MB)          :   446       16384     16384 
	   TimeExecute (s)      :  4419                       
	   TimeSlotBusy (s)     :  4419                       

	Job terminated of its own accord at 2026-02-07T03:32:11Z with exit-code 0.
...
