~~~~~~~~~~~~~~~~~~~~~~~~~~~~~~

n_qubits: 90, 
r: 92, 
alpha: 0.01, 
shots: 10000, 
ansatz: structure_like_qubo_YZ_2, 
layer: 1, 
tau: 0.3

time for simulated annealing:  121.8920509815216
Rank 1: Bitstring=011110111011101010011011011110001001100001110110011100010100101001010100001100001101011011, Decimal=598316415654281109763572571, Energy=-76.896
Rank 2: Bitstring=011110111011001010011011011110001000100001110110011100010100101011110101001100011101000011, Decimal=598165299908814882649458499, Energy=-76.8786
Rank 3: Bitstring=011111111011101010011011011110001001100011110110011101010100111001010100000100001101011011, Decimal=617659228768678195500172123, Energy=-76.8744
Rank 4: Bitstring=011110111011001010011011011110001000100001110110011100010100101011010100001100001101010011, Decimal=598165299908814882640806739, Energy=-76.8636
Rank 5: Bitstring=011111111011001010011011011110001000100011110110011101010100111011110101000100011101000011, Decimal=617508113023211968386058051, Energy=-76.857
Rank 6: Bitstring=011111111011001010011011011110001000100011110110011101010100111011010100000100001101010011, Decimal=617508113023211968377406291, Energy=-76.842
Rank 7: Bitstring=011100111011101010011011011110001001100001110100011100010100101001010100001100001101011011, Decimal=559630789426604180079952731, Energy=-76.8118
Rank 8: Bitstring=011110111011101000011011011110001001100001010110011100010100101001010100001100001101011011, Decimal=598306970921174632984789851, Energy=-76.8054
Rank 9: Bitstring=011101111011101010011011011110001001100011110100011101010100111001010100000100001101011011, Decimal=578973602541001265816552283, Energy=-76.7902
Rank 10: Bitstring=011110111011001000011011011110001000100001010110011100010100101011110101001100011101000011, Decimal=598155855175708405870675779, Energy=-76.788

E_min from simulated annealing:  -76.896
Minimum energy: -76.896
States with energy within 1e-08 of minimum: [598316415654281109763572571]


################## Start optimization with initial parameters: [0. 0. 0. 0. 0. 0. 0. 0. 0. 0. 0. 0. 0. 0. 0. 0. 0. 0. 0. 0. 0. 0. 0. 0.
 0. 0. 0. 0. 0. 0. 0. 0. 0. 0. 0. 0. 0. 0. 0. 0. 0. 0. 0. 0. 0. 0. 0. 0.
 0. 0. 0. 0. 0. 0. 0. 0. 0. 0. 0. 0. 0. 0. 0. 0. 0. 0. 0. 0. 0. 0. 0. 0.
 0. 0. 0. 0. 0. 0. 0. 0. 0. 0. 0. 0. 0. 0. 0. 0. 0. 0. 0. 0. 0. 0. 0. 0.
 0. 0. 0. 0. 0. 0. 0. 0. 0. 0. 0. 0. 0. 0. 0. 0. 0. 0. 0. 0. 0. 0. 0. 0.
 0. 0. 0. 0. 0. 0. 0. 0. 0. 0. 0. 0. 0. 0. 0. 0. 0. 0. 0. 0. 0. 0. 0. 0.
 0. 0. 0. 0. 0. 0. 0. 0. 0. 0. 0. 0. 0. 0. 0. 0. 0. 0. 0. 0. 0. 0. 0. 0.
 0. 0. 0. 0. 0. 0. 0. 0. 0. 0. 0. 0. 0. 0. 0. 0. 0. 0. 0. 0. 0. 0. 0. 0.
 0. 0. 0. 0. 0. 0. 0. 0. 0. 0. 0. 0. 0. 0. 0. 0. 0. 0. 0. 0. 0. 0. 0. 0.
 0. 0. 0. 0. 0. 0. 0. 0. 0. 0. 0. 0. 0. 0. 0. 0. 0. 0. 0. 0. 0. 0. 0. 0.
 0. 0. 0. 0. 0. 0. 0. 0. 0. 0. 0. 0. 0. 0. 0. 0. 0. 0. 0. 0. 0. 0. 0. 0.
 0. 0. 0. 0. 0. 0. 0. 0. 0. 0. 0. 0. 0. 0. 0. 0. 0. 0. 0. 0. 0. 0. 0. 0.
 0. 0. 0. 0. 0. 0. 0. 0. 0. 0. 0. 0. 0. 0. 0. 0. 0. 0. 0. 0. 0. 0. 0. 0.
 0. 0. 0. 0. 0. 0. 0. 0. 0. 0. 0. 0. 0. 0. 0. 0. 0. 0. 0. 0. 0. 0. 0. 0.
 0. 0. 0. 0. 0. 0. 0. 0. 0. 0. 0. 0. 0. 0. 0. 0. 0. 0. 0. 0. 0. 0. 0. 0.]
Write sucessfully to ./data/data_shots_10000_layer_1/alpha_0.01/N_90/r_92/ansatz_type_structure_like_qubo_YZ_2/initialization_zeros

vqe.cvar_eval[0]: -23.375384000000018 , min_cvar: -67.13099400000004 , opt_cvar: -67.13099400000004

vqe.poss_eval[-1]: 0 vqe.poss_eval[0] 0  , max_poss: 0 , opt_poss: 0

vqe.r_eval[-1]: 0.8686575374531842 vqe.r_eval[0]: 0.30398699542238894 max_r: 0.873010221598003 , min_r: 0.30398699542238894
