000 (15756408.813.000) 2026-02-06 11:26:59 Job submitted from host: <141.34.103.35:9618?addrs=141.34.103.35-9618+[2001-638-700-f067--1-23]-9618&alias=wgs39.zeuthen.desy.de&noUDP&sock=schedd_7414_f73f>
...
009 (15756408.813.000) 2026-02-10 11:47:38 Job was aborted.
	via condor_rm (by user tuccia)
...
000 (15951004.542.000) 2026-02-10 16:30:05 Job submitted from host: <141.34.103.35:9618?addrs=141.34.103.35-9618+[2001-638-700-f067--1-23]-9618&alias=wgs39.zeuthen.desy.de&noUDP&sock=schedd_7302_24a3>
...
001 (15951004.542.000) 2026-02-10 18:30:37 Job executing on host: <141.34.15.79:9618?addrs=141.34.15.79-9618+[2001-638-700-f00f--1-4f]-9618&alias=bladek6.zeuthen.desy.de&noUDP&sock=startd_9236_b4cd>
	SlotName: slot1_17@bladek6.zeuthen.desy.de
	CondorScratchDir = "/batch/dir_3917658"
	Cpus = 1
	Disk = 1025025
	GPUs = 0
	Memory = 5120
...
006 (15951004.542.000) 2026-02-10 18:30:50 Image size of job updated: 95404
	94  -  MemoryUsage of job (MB)
	95404  -  ResidentSetSize of job (KB)
...
006 (15951004.542.000) 2026-02-10 18:35:51 Image size of job updated: 587592
	460  -  MemoryUsage of job (MB)
	470464  -  ResidentSetSize of job (KB)
...
006 (15951004.542.000) 2026-02-10 18:40:52 Image size of job updated: 587592
	482  -  MemoryUsage of job (MB)
	493492  -  ResidentSetSize of job (KB)
...
006 (15951004.542.000) 2026-02-10 18:45:52 Image size of job updated: 587592
	485  -  MemoryUsage of job (MB)
	495984  -  ResidentSetSize of job (KB)
...
006 (15951004.542.000) 2026-02-10 18:55:53 Image size of job updated: 587592
	485  -  MemoryUsage of job (MB)
	496004  -  ResidentSetSize of job (KB)
...
006 (15951004.542.000) 2026-02-10 19:00:53 Image size of job updated: 587592
	485  -  MemoryUsage of job (MB)
	496148  -  ResidentSetSize of job (KB)
...
006 (15951004.542.000) 2026-02-10 20:21:02 Image size of job updated: 587592
	485  -  MemoryUsage of job (MB)
	496156  -  ResidentSetSize of job (KB)
...
006 (15951004.542.000) 2026-02-10 20:31:04 Image size of job updated: 587592
	485  -  MemoryUsage of job (MB)
	496228  -  ResidentSetSize of job (KB)
...
006 (15951004.542.000) 2026-02-10 20:51:06 Image size of job updated: 587592
	485  -  MemoryUsage of job (MB)
	496288  -  ResidentSetSize of job (KB)
...
006 (15951004.542.000) 2026-02-10 21:21:08 Image size of job updated: 587592
	485  -  MemoryUsage of job (MB)
	496344  -  ResidentSetSize of job (KB)
...
006 (15951004.542.000) 2026-02-10 23:36:21 Image size of job updated: 587592
	485  -  MemoryUsage of job (MB)
	496376  -  ResidentSetSize of job (KB)
...
006 (15951004.542.000) 2026-02-11 01:51:34 Image size of job updated: 587592
	485  -  MemoryUsage of job (MB)
	496500  -  ResidentSetSize of job (KB)
...
006 (15951004.542.000) 2026-02-11 02:41:41 Image size of job updated: 587592
	485  -  MemoryUsage of job (MB)
	496592  -  ResidentSetSize of job (KB)
...
006 (15951004.542.000) 2026-02-11 03:01:43 Image size of job updated: 587592
	485  -  MemoryUsage of job (MB)
	496600  -  ResidentSetSize of job (KB)
...
006 (15951004.542.000) 2026-02-11 10:42:26 Image size of job updated: 587592
	486  -  MemoryUsage of job (MB)
	496656  -  ResidentSetSize of job (KB)
...
004 (15951004.542.000) 2026-02-11 11:11:57 Job was evicted.
	(0) CPU times
		Usr 0 16:36:45, Sys 0 00:00:03  -  Run Remote Usage
		Usr 0 00:00:00, Sys 0 00:00:00  -  Run Local Usage
	0  -  Run Bytes Sent By Job
	0  -  Run Bytes Received By Job
	Partitionable Resources :    Usage  Request Allocated 
	   Cpus                 :     1.00        1         1 
	   Disk (KB)            :     1     1024000   1025025 
	   GPUs                 :                           0 
	   Memory (MB)          :   486        5120      5120 
	   TimeExecute (s)      : 60080                       
	   TimeSlotBusy (s)     : 60080                       
...
009 (15951004.542.000) 2026-02-11 11:11:57 Job was aborted.
	via condor_rm (by user tuccia)
...
000 (15988842.542.000) 2026-02-11 11:12:47 Job submitted from host: <141.34.103.35:9618?addrs=141.34.103.35-9618+[2001-638-700-f067--1-23]-9618&alias=wgs39.zeuthen.desy.de&noUDP&sock=schedd_7302_24a3>
...
001 (15988842.542.000) 2026-02-11 11:44:44 Job executing on host: <141.34.14.233:9618?addrs=141.34.14.233-9618+[2001-638-700-f00e--1-e9]-9618&alias=pascal06.zeuthen.desy.de&noUDP&sock=startd_12540_f9b6>
	SlotName: slot1_11@pascal06.zeuthen.desy.de
	AvailableGPUs = {  }
	CondorScratchDir = "/batch/dir_2332938"
	Cpus = 1
	Disk = 1025109
	GPUs = 0
	Memory = 5120
...
006 (15988842.542.000) 2026-02-11 11:44:57 Image size of job updated: 95332
	94  -  MemoryUsage of job (MB)
	95332  -  ResidentSetSize of job (KB)
...
006 (15988842.542.000) 2026-02-11 11:49:57 Image size of job updated: 470356
	460  -  MemoryUsage of job (MB)
	470356  -  ResidentSetSize of job (KB)
...
006 (15988842.542.000) 2026-02-11 11:54:58 Image size of job updated: 494028
	483  -  MemoryUsage of job (MB)
	494028  -  ResidentSetSize of job (KB)
...
006 (15988842.542.000) 2026-02-11 11:59:59 Image size of job updated: 496480
	485  -  MemoryUsage of job (MB)
	496480  -  ResidentSetSize of job (KB)
...
006 (15988842.542.000) 2026-02-11 12:10:00 Image size of job updated: 496504
	485  -  MemoryUsage of job (MB)
	496504  -  ResidentSetSize of job (KB)
...
006 (15988842.542.000) 2026-02-11 12:15:01 Image size of job updated: 496512
	485  -  MemoryUsage of job (MB)
	496512  -  ResidentSetSize of job (KB)
...
006 (15988842.542.000) 2026-02-11 13:40:09 Image size of job updated: 496608
	485  -  MemoryUsage of job (MB)
	496608  -  ResidentSetSize of job (KB)
...
006 (15988842.542.000) 2026-02-11 13:45:10 Image size of job updated: 496756
	486  -  MemoryUsage of job (MB)
	496756  -  ResidentSetSize of job (KB)
...
006 (15988842.542.000) 2026-02-11 13:55:10 Image size of job updated: 496772
	486  -  MemoryUsage of job (MB)
	496772  -  ResidentSetSize of job (KB)
...
006 (15988842.542.000) 2026-02-11 14:20:12 Image size of job updated: 496796
	486  -  MemoryUsage of job (MB)
	496796  -  ResidentSetSize of job (KB)
...
006 (15988842.542.000) 2026-02-11 16:00:24 Image size of job updated: 496800
	486  -  MemoryUsage of job (MB)
	496800  -  ResidentSetSize of job (KB)
...
006 (15988842.542.000) 2026-02-11 16:40:29 Image size of job updated: 496812
	486  -  MemoryUsage of job (MB)
	496812  -  ResidentSetSize of job (KB)
...
006 (15988842.542.000) 2026-02-11 17:05:33 Image size of job updated: 496820
	486  -  MemoryUsage of job (MB)
	496820  -  ResidentSetSize of job (KB)
...
006 (15988842.542.000) 2026-02-11 19:00:43 Image size of job updated: 496856
	486  -  MemoryUsage of job (MB)
	496856  -  ResidentSetSize of job (KB)
...
006 (15988842.542.000) 2026-02-11 19:05:44 Image size of job updated: 496912
	486  -  MemoryUsage of job (MB)
	496912  -  ResidentSetSize of job (KB)
...
006 (15988842.542.000) 2026-02-11 19:45:49 Image size of job updated: 496916
	486  -  MemoryUsage of job (MB)
	496916  -  ResidentSetSize of job (KB)
...
006 (15988842.542.000) 2026-02-11 22:01:03 Image size of job updated: 496968
	486  -  MemoryUsage of job (MB)
	496968  -  ResidentSetSize of job (KB)
...
006 (15988842.542.000) 2026-02-11 23:01:07 Image size of job updated: 497012
	486  -  MemoryUsage of job (MB)
	497012  -  ResidentSetSize of job (KB)
...
006 (15988842.542.000) 2026-02-12 00:41:19 Image size of job updated: 497068
	486  -  MemoryUsage of job (MB)
	497068  -  ResidentSetSize of job (KB)
...
006 (15988842.542.000) 2026-02-12 00:56:20 Image size of job updated: 497168
	486  -  MemoryUsage of job (MB)
	497168  -  ResidentSetSize of job (KB)
...
006 (15988842.542.000) 2026-02-12 01:36:23 Image size of job updated: 497228
	486  -  MemoryUsage of job (MB)
	497228  -  ResidentSetSize of job (KB)
...
006 (15988842.542.000) 2026-02-12 04:36:41 Image size of job updated: 497332
	486  -  MemoryUsage of job (MB)
	497332  -  ResidentSetSize of job (KB)
...
006 (15988842.542.000) 2026-02-12 07:47:02 Image size of job updated: 497440
	486  -  MemoryUsage of job (MB)
	497440  -  ResidentSetSize of job (KB)
...
006 (15988842.542.000) 2026-02-12 07:52:03 Image size of job updated: 497596
	486  -  MemoryUsage of job (MB)
	497596  -  ResidentSetSize of job (KB)
...
006 (15988842.542.000) 2026-02-12 09:07:08 Image size of job updated: 497752
	487  -  MemoryUsage of job (MB)
	497752  -  ResidentSetSize of job (KB)
...
006 (15988842.542.000) 2026-02-12 17:17:58 Image size of job updated: 497904
	487  -  MemoryUsage of job (MB)
	497904  -  ResidentSetSize of job (KB)
...
006 (15988842.542.000) 2026-02-12 22:28:30 Image size of job updated: 497972
	487  -  MemoryUsage of job (MB)
	497972  -  ResidentSetSize of job (KB)
...
004 (15988842.542.000) 2026-02-13 11:34:49 Job was evicted.
	(0) CPU times
		Usr 1 23:39:36, Sys 0 00:00:06  -  Run Remote Usage
		Usr 0 00:00:00, Sys 0 00:00:00  -  Run Local Usage
	0  -  Run Bytes Sent By Job
	0  -  Run Bytes Received By Job
	Partitionable Resources :     Usage  Request Allocated 
	   Cpus                 :      1.00        1         1 
	   Disk (KB)            :      1     1024000   1025109 
	   GPUs                 :                            0 
	   Memory (MB)          :    487        5120      5120 
	   TimeExecute (s)      : 172204                       
	   TimeSlotBusy (s)     : 172206                       
...
001 (15988842.542.000) 2026-02-13 11:37:53 Job executing on host: <141.34.15.197:9618?addrs=141.34.15.197-9618+[2001-638-700-f00f--1-c5]-9618&alias=bladekd.zeuthen.desy.de&noUDP&sock=startd_9313_8598>
	SlotName: slot1_12@bladekd.zeuthen.desy.de
	CondorScratchDir = "/batch/dir_3814735"
	Cpus = 1
	Disk = 1025024
	GPUs = 0
	Memory = 5120
...
021 (15988842.542.000) 2026-02-15 11:37:57 Error from starter on slot1_12@bladekd.zeuthen.desy.de:
	runtime exceeded maximum (target.Runtime seconds)
	Code 21 Subcode 103
...
004 (15988842.542.000) 2026-02-15 11:37:57 Job was evicted.
	(0) CPU times
		Usr 1 23:42:39, Sys 0 00:00:06  -  Run Remote Usage
		Usr 0 00:00:00, Sys 0 00:00:00  -  Run Local Usage
	0  -  Run Bytes Sent By Job
	0  -  Run Bytes Received By Job
	Error from slot1_12@bladekd.zeuthen.desy.de: runtime exceeded maximum (target.Runtime seconds)
	Partitionable Resources :     Usage  Request Allocated 
	   Cpus                 :      1.00        1         1 
	   Disk (KB)            :      1     1024000   1025024 
	   GPUs                 :                            0 
	   Memory (MB)          :    489        5120      5120 
	   TimeExecute (s)      : 172204                       
	   TimeSlotBusy (s)     : 172804                       
...
012 (15988842.542.000) 2026-02-15 11:37:57 Job was held.
	Error from slot1_12@bladekd.zeuthen.desy.de: runtime exceeded maximum (target.Runtime seconds)
	Code 21 Subcode 103
...
009 (15988842.542.000) 2026-02-16 17:16:37 Job was aborted.
	via condor_rm (by user tuccia)
...
000 (16309174.171.000) 2026-02-18 10:42:58 Job submitted from host: <141.34.103.35:9618?addrs=141.34.103.35-9618+[2001-638-700-f067--1-23]-9618&alias=wgs39.zeuthen.desy.de&noUDP&sock=schedd_7302_24a3>
...
001 (16309174.171.000) 2026-02-18 10:43:16 Job executing on host: <141.34.15.85:9618?addrs=141.34.15.85-9618+[2001-638-700-f00f--1-55]-9618&alias=genoa09.zeuthen.desy.de&noUDP&sock=startd_9390_5663>
	SlotName: slot1_19@genoa09.zeuthen.desy.de
	CondorScratchDir = "/batch/dir_102510"
	Cpus = 1
	Disk = 1025681
	GPUs = 0
	Memory = 5120
...
006 (16309174.171.000) 2026-02-18 10:43:30 Image size of job updated: 95460
	94  -  MemoryUsage of job (MB)
	95460  -  ResidentSetSize of job (KB)
...
006 (16309174.171.000) 2026-02-18 10:48:31 Image size of job updated: 496748
	486  -  MemoryUsage of job (MB)
	496748  -  ResidentSetSize of job (KB)
...
006 (16309174.171.000) 2026-02-18 10:53:31 Image size of job updated: 499256
	488  -  MemoryUsage of job (MB)
	499256  -  ResidentSetSize of job (KB)
...
006 (16309174.171.000) 2026-02-18 10:58:31 Image size of job updated: 499336
	488  -  MemoryUsage of job (MB)
	499336  -  ResidentSetSize of job (KB)
...
006 (16309174.171.000) 2026-02-18 11:38:34 Image size of job updated: 499364
	488  -  MemoryUsage of job (MB)
	499364  -  ResidentSetSize of job (KB)
...
006 (16309174.171.000) 2026-02-18 11:43:34 Image size of job updated: 499432
	488  -  MemoryUsage of job (MB)
	499432  -  ResidentSetSize of job (KB)
...
006 (16309174.171.000) 2026-02-18 11:48:35 Image size of job updated: 501680
	490  -  MemoryUsage of job (MB)
	501680  -  ResidentSetSize of job (KB)
...
006 (16309174.171.000) 2026-02-18 11:53:35 Image size of job updated: 501688
	490  -  MemoryUsage of job (MB)
	501688  -  ResidentSetSize of job (KB)
...
006 (16309174.171.000) 2026-02-18 12:23:37 Image size of job updated: 501732
	490  -  MemoryUsage of job (MB)
	501732  -  ResidentSetSize of job (KB)
...
006 (16309174.171.000) 2026-02-18 12:43:38 Image size of job updated: 501756
	490  -  MemoryUsage of job (MB)
	501756  -  ResidentSetSize of job (KB)
...
006 (16309174.171.000) 2026-02-18 13:03:40 Image size of job updated: 501848
	491  -  MemoryUsage of job (MB)
	501848  -  ResidentSetSize of job (KB)
...
006 (16309174.171.000) 2026-02-18 15:08:56 Image size of job updated: 501900
	491  -  MemoryUsage of job (MB)
	501900  -  ResidentSetSize of job (KB)
...
006 (16309174.171.000) 2026-02-18 17:19:11 Image size of job updated: 501956
	491  -  MemoryUsage of job (MB)
	501956  -  ResidentSetSize of job (KB)
...
006 (16309174.171.000) 2026-02-18 17:59:14 Image size of job updated: 502012
	491  -  MemoryUsage of job (MB)
	502012  -  ResidentSetSize of job (KB)
...
006 (16309174.171.000) 2026-02-18 18:39:18 Image size of job updated: 502168
	491  -  MemoryUsage of job (MB)
	502168  -  ResidentSetSize of job (KB)
...
006 (16309174.171.000) 2026-02-18 18:54:19 Image size of job updated: 502324
	491  -  MemoryUsage of job (MB)
	502324  -  ResidentSetSize of job (KB)
...
006 (16309174.171.000) 2026-02-18 18:59:21 Image size of job updated: 502480
	491  -  MemoryUsage of job (MB)
	502480  -  ResidentSetSize of job (KB)
...
006 (16309174.171.000) 2026-02-18 19:09:21 Image size of job updated: 502636
	491  -  MemoryUsage of job (MB)
	502636  -  ResidentSetSize of job (KB)
...
006 (16309174.171.000) 2026-02-18 19:24:23 Image size of job updated: 502792
	492  -  MemoryUsage of job (MB)
	502792  -  ResidentSetSize of job (KB)
...
006 (16309174.171.000) 2026-02-18 19:39:25 Image size of job updated: 503420
	492  -  MemoryUsage of job (MB)
	503420  -  ResidentSetSize of job (KB)
...
006 (16309174.171.000) 2026-02-18 19:59:28 Image size of job updated: 503732
	492  -  MemoryUsage of job (MB)
	503732  -  ResidentSetSize of job (KB)
...
006 (16309174.171.000) 2026-02-19 03:10:08 Image size of job updated: 503800
	492  -  MemoryUsage of job (MB)
	503800  -  ResidentSetSize of job (KB)
...
006 (16309174.171.000) 2026-02-19 03:25:10 Image size of job updated: 504304
	492  -  MemoryUsage of job (MB)
	503800  -  ResidentSetSize of job (KB)
...
006 (16309174.171.000) 2026-02-19 03:30:11 Image size of job updated: 504328
	492  -  MemoryUsage of job (MB)
	503800  -  ResidentSetSize of job (KB)
...
006 (16309174.171.000) 2026-02-19 04:00:13 Image size of job updated: 504560
	492  -  MemoryUsage of job (MB)
	503800  -  ResidentSetSize of job (KB)
...
006 (16309174.171.000) 2026-02-19 14:56:15 Image size of job updated: 504560
	493  -  MemoryUsage of job (MB)
	504016  -  ResidentSetSize of job (KB)
...
006 (16309174.171.000) 2026-02-19 15:16:16 Image size of job updated: 504560
	493  -  MemoryUsage of job (MB)
	504020  -  ResidentSetSize of job (KB)
...
006 (16309174.171.000) 2026-02-19 15:46:20 Image size of job updated: 504592
	493  -  MemoryUsage of job (MB)
	504020  -  ResidentSetSize of job (KB)
...
006 (16309174.171.000) 2026-02-20 02:37:29 Image size of job updated: 504592
	493  -  MemoryUsage of job (MB)
	504024  -  ResidentSetSize of job (KB)
...
006 (16309174.171.000) 2026-02-20 03:32:33 Image size of job updated: 504592
	493  -  MemoryUsage of job (MB)
	504104  -  ResidentSetSize of job (KB)
...
022 (16309174.171.000) 2026-02-20 03:44:37 Job disconnected, attempting to reconnect
    Local schedd and job shadow died, schedd now running again
    Trying to reconnect to slot1_19@genoa09.zeuthen.desy.de <141.34.15.85:9618?addrs=141.34.15.85-9618+[2001-638-700-f00f--1-55]-9618&alias=genoa09.zeuthen.desy.de&noUDP&sock=startd_9390_5663>
...
023 (16309174.171.000) 2026-02-20 03:44:45 Job reconnected to slot1_19@genoa09.zeuthen.desy.de
    startd address: <141.34.15.85:9618?addrs=141.34.15.85-9618+[2001-638-700-f00f--1-55]-9618&alias=genoa09.zeuthen.desy.de&noUDP&sock=startd_9390_5663>
    starter address: <141.34.15.85:9618?addrs=141.34.15.85-9618+[2001-638-700-f00f--1-55]-9618&alias=genoa09.zeuthen.desy.de&noUDP&sock=slot1_19_9974_55cf_37589>
...
004 (16309174.171.000) 2026-02-20 10:33:20 Job was evicted.
	(0) CPU times
		Usr 1 23:27:29, Sys 0 00:00:05  -  Run Remote Usage
		Usr 0 00:00:00, Sys 0 00:00:00  -  Run Local Usage
	0  -  Run Bytes Sent By Job
	0  -  Run Bytes Received By Job
	Partitionable Resources :         Usage  Request Allocated 
	   Cpus                 :          0.99        1         1 
	   Disk (KB)            :          1     1024000   1025681 
	   Memory (MB)          :        733        5120      5120 
	   TimeExecute (s)      : 1771579997                       
	   TimeSlotBusy (s)     : 1771579998                       
...
001 (16309174.171.000) 2026-02-20 10:34:02 Job executing on host: <141.34.15.222:9618?addrs=141.34.15.222-9618+[2001-638-700-f00f--1-de]-9618&alias=pizza30.zeuthen.desy.de&noUDP&sock=startd_8310_8c1a>
	SlotName: slot1_11@pizza30.zeuthen.desy.de
	CondorScratchDir = "/batch/dir_723774"
	Cpus = 1
	Disk = 1025696
	GPUs = 0
	Memory = 5120
...
021 (16309174.171.000) 2026-02-22 10:34:03 Error from starter on slot1_11@pizza30.zeuthen.desy.de:
	runtime exceeded maximum (target.Runtime seconds)
	Code 21 Subcode 103
...
004 (16309174.171.000) 2026-02-22 10:34:03 Job was evicted.
	(0) CPU times
		Usr 1 23:37:14, Sys 0 00:00:08  -  Run Remote Usage
		Usr 0 00:00:00, Sys 0 00:00:00  -  Run Local Usage
	0  -  Run Bytes Sent By Job
	0  -  Run Bytes Received By Job
	Error from slot1_11@pizza30.zeuthen.desy.de: runtime exceeded maximum (target.Runtime seconds)
	Partitionable Resources :         Usage  Request Allocated 
	   Cpus                 :          0.99        1         1 
	   Disk (KB)            :          1     1024000   1025696 
	   GPUs                 :                                0 
	   Memory (MB)          :        733        5120      5120 
	   TimeExecute (s)      : 1771579997                       
	   TimeSlotBusy (s)     :     172801                       
...
012 (16309174.171.000) 2026-02-22 10:34:03 Job was held.
	Error from slot1_11@pizza30.zeuthen.desy.de: runtime exceeded maximum (target.Runtime seconds)
	Code 21 Subcode 103
...
009 (16309174.171.000) 2026-02-23 19:29:13 Job was aborted.
	via condor_rm (by user tuccia)
...
000 (16619852.171.000) 2026-02-23 19:30:03 Job submitted from host: <141.34.103.35:9618?addrs=141.34.103.35-9618+[2001-638-700-f067--1-23]-9618&alias=wgs39.zeuthen.desy.de&noUDP&sock=schedd_7302_24a3>
...
001 (16619852.171.000) 2026-02-23 19:30:24 Job executing on host: <141.34.14.37:9618?addrs=141.34.14.37-9618+[2001-638-700-f00e--1-25]-9618&alias=amphion.zeuthen.desy.de&noUDP&sock=startd_8755_c7bf>
	SlotName: slot1_55@amphion.zeuthen.desy.de
	AvailableGPUs = {  }
	CondorScratchDir = "/batch/dir_445132"
	Cpus = 1
	Disk = 1025682
	GPUs = 0
	Memory = 5120
...
006 (16619852.171.000) 2026-02-23 19:30:37 Image size of job updated: 97424
	96  -  MemoryUsage of job (MB)
	97424  -  ResidentSetSize of job (KB)
...
006 (16619852.171.000) 2026-02-23 19:35:37 Image size of job updated: 496320
	485  -  MemoryUsage of job (MB)
	496320  -  ResidentSetSize of job (KB)
...
006 (16619852.171.000) 2026-02-23 19:40:37 Image size of job updated: 499016
	488  -  MemoryUsage of job (MB)
	499016  -  ResidentSetSize of job (KB)
...
006 (16619852.171.000) 2026-02-23 19:45:38 Image size of job updated: 499096
	488  -  MemoryUsage of job (MB)
	499096  -  ResidentSetSize of job (KB)
...
006 (16619852.171.000) 2026-02-23 23:16:05 Image size of job updated: 499116
	488  -  MemoryUsage of job (MB)
	499116  -  ResidentSetSize of job (KB)
...
006 (16619852.171.000) 2026-02-24 00:26:12 Image size of job updated: 499328
	488  -  MemoryUsage of job (MB)
	499328  -  ResidentSetSize of job (KB)
...
006 (16619852.171.000) 2026-02-24 00:31:13 Image size of job updated: 499384
	488  -  MemoryUsage of job (MB)
	499384  -  ResidentSetSize of job (KB)
...
006 (16619852.171.000) 2026-02-24 01:31:21 Image size of job updated: 499428
	488  -  MemoryUsage of job (MB)
	499428  -  ResidentSetSize of job (KB)
...
006 (16619852.171.000) 2026-02-24 01:36:22 Image size of job updated: 499584
	488  -  MemoryUsage of job (MB)
	499584  -  ResidentSetSize of job (KB)
...
006 (16619852.171.000) 2026-02-24 02:46:28 Image size of job updated: 499612
	488  -  MemoryUsage of job (MB)
	499612  -  ResidentSetSize of job (KB)
...
006 (16619852.171.000) 2026-02-24 06:31:52 Image size of job updated: 499660
	488  -  MemoryUsage of job (MB)
	499660  -  ResidentSetSize of job (KB)
...
006 (16619852.171.000) 2026-02-24 07:52:02 Image size of job updated: 499696
	488  -  MemoryUsage of job (MB)
	499696  -  ResidentSetSize of job (KB)
...
022 (16619852.171.000) 2026-02-24 08:04:09 Job disconnected, attempting to reconnect
    Local schedd and job shadow died, schedd now running again
    Trying to reconnect to slot1_55@amphion.zeuthen.desy.de <141.34.14.37:9618?addrs=141.34.14.37-9618+[2001-638-700-f00e--1-25]-9618&alias=amphion.zeuthen.desy.de&noUDP&sock=startd_8755_c7bf>
...
023 (16619852.171.000) 2026-02-24 08:04:19 Job reconnected to slot1_55@amphion.zeuthen.desy.de
    startd address: <141.34.14.37:9618?addrs=141.34.14.37-9618+[2001-638-700-f00e--1-25]-9618&alias=amphion.zeuthen.desy.de&noUDP&sock=startd_8755_c7bf>
    starter address: <141.34.14.37:9618?addrs=141.34.14.37-9618+[2001-638-700-f00e--1-25]-9618&alias=amphion.zeuthen.desy.de&noUDP&sock=slot1_55_9319_d414_34358>
...
006 (16619852.171.000) 2026-02-24 08:47:07 Image size of job updated: 500008
	489  -  MemoryUsage of job (MB)
	500008  -  ResidentSetSize of job (KB)
...
006 (16619852.171.000) 2026-02-24 17:42:58 Image size of job updated: 500148
	489  -  MemoryUsage of job (MB)
	500008  -  ResidentSetSize of job (KB)
...
006 (16619852.171.000) 2026-02-24 17:57:59 Image size of job updated: 500204
	489  -  MemoryUsage of job (MB)
	500008  -  ResidentSetSize of job (KB)
...
006 (16619852.171.000) 2026-02-24 18:18:01 Image size of job updated: 500272
	489  -  MemoryUsage of job (MB)
	500008  -  ResidentSetSize of job (KB)
...
006 (16619852.171.000) 2026-02-24 18:43:04 Image size of job updated: 500324
	489  -  MemoryUsage of job (MB)
	500008  -  ResidentSetSize of job (KB)
...
006 (16619852.171.000) 2026-02-24 18:58:05 Image size of job updated: 500344
	489  -  MemoryUsage of job (MB)
	500008  -  ResidentSetSize of job (KB)
...
006 (16619852.171.000) 2026-02-24 22:08:25 Image size of job updated: 500344
	489  -  MemoryUsage of job (MB)
	500208  -  ResidentSetSize of job (KB)
...
006 (16619852.171.000) 2026-02-24 23:53:36 Image size of job updated: 500344
	489  -  MemoryUsage of job (MB)
	500220  -  ResidentSetSize of job (KB)
...
006 (16619852.171.000) 2026-02-25 01:13:44 Image size of job updated: 500848
	490  -  MemoryUsage of job (MB)
	500848  -  ResidentSetSize of job (KB)
...
006 (16619852.171.000) 2026-02-25 03:44:01 Image size of job updated: 501316
	490  -  MemoryUsage of job (MB)
	501316  -  ResidentSetSize of job (KB)
...
006 (16619852.171.000) 2026-02-25 10:59:48 Image size of job updated: 501640
	490  -  MemoryUsage of job (MB)
	501316  -  ResidentSetSize of job (KB)
...
006 (16619852.171.000) 2026-02-26 03:26:21 Image size of job updated: 501640
	490  -  MemoryUsage of job (MB)
	501320  -  ResidentSetSize of job (KB)
...
006 (16619852.171.000) 2026-02-26 04:11:25 Image size of job updated: 501960
	490  -  MemoryUsage of job (MB)
	501320  -  ResidentSetSize of job (KB)
...
006 (16619852.171.000) 2026-02-26 04:16:25 Image size of job updated: 501968
	490  -  MemoryUsage of job (MB)
	501320  -  ResidentSetSize of job (KB)
...
006 (16619852.171.000) 2026-02-26 21:03:07 Image size of job updated: 501968
	490  -  MemoryUsage of job (MB)
	501328  -  ResidentSetSize of job (KB)
...
006 (16619852.171.000) 2026-02-26 21:23:10 Image size of job updated: 501992
	490  -  MemoryUsage of job (MB)
	501328  -  ResidentSetSize of job (KB)
...
006 (16619852.171.000) 2026-02-26 21:43:11 Image size of job updated: 501992
	490  -  MemoryUsage of job (MB)
	501628  -  ResidentSetSize of job (KB)
...
006 (16619852.171.000) 2026-02-27 06:04:01 Image size of job updated: 501992
	491  -  MemoryUsage of job (MB)
	501928  -  ResidentSetSize of job (KB)
...
006 (16619852.171.000) 2026-02-27 10:24:28 Image size of job updated: 502112
	491  -  MemoryUsage of job (MB)
	501928  -  ResidentSetSize of job (KB)
...
006 (16619852.171.000) 2026-02-27 11:14:33 Image size of job updated: 502296
	491  -  MemoryUsage of job (MB)
	501928  -  ResidentSetSize of job (KB)
...
006 (16619852.171.000) 2026-02-28 00:25:48 Image size of job updated: 502296
	491  -  MemoryUsage of job (MB)
	501936  -  ResidentSetSize of job (KB)
...
005 (16619852.171.000) 2026-02-28 01:23:41 Job terminated.
	(1) Normal termination (return value 0)
		Usr 4 04:28:07, Sys 0 00:01:17  -  Run Remote Usage
		Usr 0 00:00:00, Sys 0 00:00:00  -  Run Local Usage
		Usr 4 16:30:13, Sys 0 00:01:25  -  Total Remote Usage
		Usr 0 00:00:00, Sys 0 00:00:00  -  Total Local Usage
	0  -  Run Bytes Sent By Job
	0  -  Run Bytes Received By Job
	0  -  Total Bytes Sent By Job
	0  -  Total Bytes Received By Job
	Partitionable Resources :         Usage  Request Allocated 
	   Cpus                 :          0.99        1         1 
	   Disk (KB)            :          1     1024000   1025682 
	   Memory (MB)          :        491        5120      5120 
	   TimeExecute (s)      : 1772238221                       
	   TimeSlotBusy (s)     : 1772238221                       

	Job terminated of its own accord at 2026-02-28T00:23:41Z with exit-code 0.
...
