~~~~~~~~~~~~~~~~~~~~~~~~~~~~~~

n_qubits: 90, 
r: 74, 
alpha: 0.01, 
shots: 10000, 
ansatz: structure_like_qubo_YZ_2, 
layer: 1, 
tau: 0.3

time for simulated annealing:  98.74193477630615
Rank 1: Bitstring=010000101010011000111000010010100011000101111010000001100110010111110000000100100000110011, Decimal=322296221178313659740342323, Energy=-75.7259
Rank 2: Bitstring=010000100011011001111000010000000011000100111000000001100110010111110000000000100100110011, Decimal=320185320477876895742953779, Energy=-75.6383
Rank 3: Bitstring=010000100010011000111000010010100011000100111010000001100110010111110000000100100000110011, Decimal=319878369538802926414219315, Energy=-75.4843
Rank 4: Bitstring=011000100011011001111100010000000011000100111000100001100110010111110000100000100100110011, Decimal=474928120536456808481556787, Energy=-75.4227
Rank 5: Bitstring=010000101011011001111000010010100011000101111010000001100110010111110000000000100100110011, Decimal=322603174999700186679216435, Energy=-75.2735
Rank 6: Bitstring=010000101010011000111000010010100011000101111010000001100111010111110100000100100000110011, Decimal=322296221178313660815132723, Energy=-75.2385
Rank 7: Bitstring=010000110011011001111000010000000011000100011000000001100110010111110000000000100100110011, Decimal=325021023756194674953423155, Energy=-75.2235
Rank 8: Bitstring=110000101010011000111000010010110011000101111110010101110010100011110000010100000000110011, Decimal=941266241109253153003487283, Energy=-75.1779
Rank 9: Bitstring=010000101011011001111000010000000011000101111000000001100110010111110000000000100100110011, Decimal=322603172117387629069076787, Energy=-75.1591
Rank 10: Bitstring=010000100011011001111000010000000011000100111000000001100111010111110100000000100100110011, Decimal=320185320477876896817744179, Energy=-75.1509

E_min from simulated annealing:  -75.7259
Minimum energy: -75.7259
States with energy within 1e-08 of minimum: [322296221178313659740342323]


################## Start optimization with initial parameters: [0. 0. 0. 0. 0. 0. 0. 0. 0. 0. 0. 0. 0. 0. 0. 0. 0. 0. 0. 0. 0. 0. 0. 0.
 0. 0. 0. 0. 0. 0. 0. 0. 0. 0. 0. 0. 0. 0. 0. 0. 0. 0. 0. 0. 0. 0. 0. 0.
 0. 0. 0. 0. 0. 0. 0. 0. 0. 0. 0. 0. 0. 0. 0. 0. 0. 0. 0. 0. 0. 0. 0. 0.
 0. 0. 0. 0. 0. 0. 0. 0. 0. 0. 0. 0. 0. 0. 0. 0. 0. 0. 0. 0. 0. 0. 0. 0.
 0. 0. 0. 0. 0. 0. 0. 0. 0. 0. 0. 0. 0. 0. 0. 0. 0. 0. 0. 0. 0. 0. 0. 0.
 0. 0. 0. 0. 0. 0. 0. 0. 0. 0. 0. 0. 0. 0. 0. 0. 0. 0. 0. 0. 0. 0. 0. 0.
 0. 0. 0. 0. 0. 0. 0. 0. 0. 0. 0. 0. 0. 0. 0. 0. 0. 0. 0. 0. 0. 0. 0. 0.
 0. 0. 0. 0. 0. 0. 0. 0. 0. 0. 0. 0. 0. 0. 0. 0. 0. 0. 0. 0. 0. 0. 0. 0.
 0. 0. 0. 0. 0. 0. 0. 0. 0. 0. 0. 0. 0. 0. 0. 0. 0. 0. 0. 0. 0. 0. 0. 0.
 0. 0. 0. 0. 0. 0. 0. 0. 0. 0. 0. 0. 0. 0. 0. 0. 0. 0. 0. 0. 0. 0. 0. 0.
 0. 0. 0. 0. 0. 0. 0. 0. 0. 0. 0. 0. 0. 0. 0. 0. 0. 0. 0. 0. 0. 0. 0. 0.
 0. 0. 0. 0. 0. 0. 0. 0. 0. 0. 0. 0. 0. 0. 0. 0. 0. 0. 0. 0. 0. 0. 0. 0.
 0. 0. 0. 0. 0. 0. 0. 0. 0. 0. 0. 0. 0. 0. 0. 0. 0. 0. 0. 0. 0. 0. 0. 0.
 0. 0. 0. 0. 0. 0. 0. 0. 0. 0. 0. 0. 0. 0. 0. 0. 0. 0. 0. 0. 0. 0. 0. 0.
 0. 0. 0. 0. 0. 0. 0. 0. 0. 0. 0. 0. 0. 0. 0. 0. 0. 0. 0. 0. 0. 0. 0. 0.]
Write sucessfully to ./data/data_shots_10000_layer_1/alpha_0.01/N_90/r_74/ansatz_type_structure_like_qubo_YZ_2/initialization_zeros

vqe.cvar_eval[0]: -23.54187800000002 , min_cvar: -66.68577000000006 , opt_cvar: -66.68577000000006

vqe.poss_eval[-1]: 0 vqe.poss_eval[0] 0  , max_poss: 0 , opt_poss: 0

vqe.r_eval[-1]: 0.8775830198122447 vqe.r_eval[0]: 0.3108827759062622 max_r: 0.8806203689886825 , min_r: 0.3108827759062622
