000 (15756408.876.000) 2026-02-06 11:26:59 Job submitted from host: <141.34.103.35:9618?addrs=141.34.103.35-9618+[2001-638-700-f067--1-23]-9618&alias=wgs39.zeuthen.desy.de&noUDP&sock=schedd_7414_f73f>
...
009 (15756408.876.000) 2026-02-10 11:47:39 Job was aborted.
	via condor_rm (by user tuccia)
...
000 (15951004.584.000) 2026-02-10 16:30:05 Job submitted from host: <141.34.103.35:9618?addrs=141.34.103.35-9618+[2001-638-700-f067--1-23]-9618&alias=wgs39.zeuthen.desy.de&noUDP&sock=schedd_7302_24a3>
...
001 (15951004.584.000) 2026-02-10 18:51:23 Job executing on host: <141.34.15.177:9618?addrs=141.34.15.177-9618+[2001-638-700-f00f--1-b1]-9618&alias=genoa02.zeuthen.desy.de&noUDP&sock=startd_9554_d3eb>
	SlotName: slot1_57@genoa02.zeuthen.desy.de
	CondorScratchDir = "/batch/dir_2741774"
	Cpus = 1
	Disk = 1025697
	GPUs = 0
	Memory = 5120
...
006 (15951004.584.000) 2026-02-10 18:51:36 Image size of job updated: 95504
	94  -  MemoryUsage of job (MB)
	95504  -  ResidentSetSize of job (KB)
...
006 (15951004.584.000) 2026-02-10 18:56:36 Image size of job updated: 499388
	488  -  MemoryUsage of job (MB)
	499388  -  ResidentSetSize of job (KB)
...
006 (15951004.584.000) 2026-02-10 19:01:37 Image size of job updated: 501992
	491  -  MemoryUsage of job (MB)
	501992  -  ResidentSetSize of job (KB)
...
006 (15951004.584.000) 2026-02-10 19:06:37 Image size of job updated: 502016
	491  -  MemoryUsage of job (MB)
	502016  -  ResidentSetSize of job (KB)
...
006 (15951004.584.000) 2026-02-10 19:16:38 Image size of job updated: 502048
	491  -  MemoryUsage of job (MB)
	502048  -  ResidentSetSize of job (KB)
...
006 (15951004.584.000) 2026-02-10 19:46:42 Image size of job updated: 502060
	491  -  MemoryUsage of job (MB)
	502060  -  ResidentSetSize of job (KB)
...
006 (15951004.584.000) 2026-02-10 20:21:47 Image size of job updated: 502196
	491  -  MemoryUsage of job (MB)
	502196  -  ResidentSetSize of job (KB)
...
006 (15951004.584.000) 2026-02-10 22:22:03 Image size of job updated: 502208
	491  -  MemoryUsage of job (MB)
	502208  -  ResidentSetSize of job (KB)
...
006 (15951004.584.000) 2026-02-10 23:27:11 Image size of job updated: 502212
	491  -  MemoryUsage of job (MB)
	502212  -  ResidentSetSize of job (KB)
...
006 (15951004.584.000) 2026-02-11 00:47:20 Image size of job updated: 502224
	491  -  MemoryUsage of job (MB)
	502224  -  ResidentSetSize of job (KB)
...
006 (15951004.584.000) 2026-02-11 01:12:22 Image size of job updated: 502232
	491  -  MemoryUsage of job (MB)
	502232  -  ResidentSetSize of job (KB)
...
006 (15951004.584.000) 2026-02-11 05:02:46 Image size of job updated: 502240
	491  -  MemoryUsage of job (MB)
	502240  -  ResidentSetSize of job (KB)
...
006 (15951004.584.000) 2026-02-11 05:07:47 Image size of job updated: 502396
	491  -  MemoryUsage of job (MB)
	502396  -  ResidentSetSize of job (KB)
...
006 (15951004.584.000) 2026-02-11 06:52:57 Image size of job updated: 502400
	491  -  MemoryUsage of job (MB)
	502400  -  ResidentSetSize of job (KB)
...
