000 (15756407.634.000) 2026-02-06 11:26:11 Job submitted from host: <141.34.103.35:9618?addrs=141.34.103.35-9618+[2001-638-700-f067--1-23]-9618&alias=wgs39.zeuthen.desy.de&noUDP&sock=schedd_7414_f73f>
...
009 (15756407.634.000) 2026-02-10 11:42:40 Job was aborted.
	via condor_rm (by user tuccia)
...
000 (15949294.423.000) 2026-02-10 11:45:21 Job submitted from host: <141.34.103.35:9618?addrs=141.34.103.35-9618+[2001-638-700-f067--1-23]-9618&alias=wgs39.zeuthen.desy.de&noUDP&sock=schedd_7302_24a3>
...
009 (15949294.423.000) 2026-02-10 11:45:46 Job was aborted.
	via condor_rm (by user tuccia)
...
000 (15949295.423.000) 2026-02-10 11:46:05 Job submitted from host: <141.34.103.35:9618?addrs=141.34.103.35-9618+[2001-638-700-f067--1-23]-9618&alias=wgs39.zeuthen.desy.de&noUDP&sock=schedd_7302_24a3>
...
001 (15949295.423.000) 2026-02-11 16:34:44 Job executing on host: <141.34.15.43:9618?addrs=141.34.15.43-9618+[2001-638-700-f00f--1-2b]-9618&alias=pizza14.zeuthen.desy.de&noUDP&sock=startd_8340_1ff1>
	SlotName: slot1_2@pizza14.zeuthen.desy.de
	CondorScratchDir = "/batch/dir_2424339"
	Cpus = 8
	Disk = 1025696
	GPUs = 0
	Memory = 16384
...
006 (15949295.423.000) 2026-02-11 16:34:58 Image size of job updated: 97464
	96  -  MemoryUsage of job (MB)
	97464  -  ResidentSetSize of job (KB)
...
006 (15949295.423.000) 2026-02-11 16:39:59 Image size of job updated: 725276
	540  -  MemoryUsage of job (MB)
	552500  -  ResidentSetSize of job (KB)
...
006 (15949295.423.000) 2026-02-11 16:44:59 Image size of job updated: 725276
	554  -  MemoryUsage of job (MB)
	566780  -  ResidentSetSize of job (KB)
...
006 (15949295.423.000) 2026-02-11 16:49:59 Image size of job updated: 725276
	557  -  MemoryUsage of job (MB)
	570328  -  ResidentSetSize of job (KB)
...
006 (15949295.423.000) 2026-02-11 17:00:00 Image size of job updated: 725276
	559  -  MemoryUsage of job (MB)
	571468  -  ResidentSetSize of job (KB)
...
006 (15949295.423.000) 2026-02-11 17:05:00 Image size of job updated: 725276
	559  -  MemoryUsage of job (MB)
	572244  -  ResidentSetSize of job (KB)
...
006 (15949295.423.000) 2026-02-11 17:10:01 Image size of job updated: 725276
	569  -  MemoryUsage of job (MB)
	582260  -  ResidentSetSize of job (KB)
...
006 (15949295.423.000) 2026-02-11 17:15:01 Image size of job updated: 725276
	570  -  MemoryUsage of job (MB)
	583124  -  ResidentSetSize of job (KB)
...
006 (15949295.423.000) 2026-02-11 17:20:01 Image size of job updated: 725276
	576  -  MemoryUsage of job (MB)
	588820  -  ResidentSetSize of job (KB)
...
006 (15949295.423.000) 2026-02-11 17:25:02 Image size of job updated: 725276
	576  -  MemoryUsage of job (MB)
	588824  -  ResidentSetSize of job (KB)
...
006 (15949295.423.000) 2026-02-11 17:30:02 Image size of job updated: 725276
	578  -  MemoryUsage of job (MB)
	591596  -  ResidentSetSize of job (KB)
...
006 (15949295.423.000) 2026-02-11 17:35:03 Image size of job updated: 725276
	579  -  MemoryUsage of job (MB)
	592536  -  ResidentSetSize of job (KB)
...
006 (15949295.423.000) 2026-02-11 17:40:04 Image size of job updated: 725276
	584  -  MemoryUsage of job (MB)
	597712  -  ResidentSetSize of job (KB)
...
006 (15949295.423.000) 2026-02-11 17:45:04 Image size of job updated: 725276
	589  -  MemoryUsage of job (MB)
	603064  -  ResidentSetSize of job (KB)
...
006 (15949295.423.000) 2026-02-11 17:50:05 Image size of job updated: 725276
	603  -  MemoryUsage of job (MB)
	617068  -  ResidentSetSize of job (KB)
...
006 (15949295.423.000) 2026-02-11 17:55:06 Image size of job updated: 725276
	603  -  MemoryUsage of job (MB)
	617448  -  ResidentSetSize of job (KB)
...
006 (15949295.423.000) 2026-02-11 18:10:08 Image size of job updated: 725276
	642  -  MemoryUsage of job (MB)
	656696  -  ResidentSetSize of job (KB)
...
006 (15949295.423.000) 2026-02-11 18:15:08 Image size of job updated: 725276
	647  -  MemoryUsage of job (MB)
	662316  -  ResidentSetSize of job (KB)
...
006 (15949295.423.000) 2026-02-11 18:20:09 Image size of job updated: 725276
	647  -  MemoryUsage of job (MB)
	662468  -  ResidentSetSize of job (KB)
...
006 (15949295.423.000) 2026-02-11 18:30:09 Image size of job updated: 725276
	655  -  MemoryUsage of job (MB)
	669884  -  ResidentSetSize of job (KB)
...
006 (15949295.423.000) 2026-02-11 18:35:10 Image size of job updated: 725276
	655  -  MemoryUsage of job (MB)
	669964  -  ResidentSetSize of job (KB)
...
006 (15949295.423.000) 2026-02-11 18:40:10 Image size of job updated: 725276
	655  -  MemoryUsage of job (MB)
	670192  -  ResidentSetSize of job (KB)
...
006 (15949295.423.000) 2026-02-11 18:50:11 Image size of job updated: 725276
	655  -  MemoryUsage of job (MB)
	670392  -  ResidentSetSize of job (KB)
...
006 (15949295.423.000) 2026-02-11 18:55:11 Image size of job updated: 725276
	655  -  MemoryUsage of job (MB)
	670448  -  ResidentSetSize of job (KB)
...
006 (15949295.423.000) 2026-02-11 19:00:12 Image size of job updated: 725276
	655  -  MemoryUsage of job (MB)
	670512  -  ResidentSetSize of job (KB)
...
006 (15949295.423.000) 2026-02-11 19:05:13 Image size of job updated: 725276
	658  -  MemoryUsage of job (MB)
	673032  -  ResidentSetSize of job (KB)
...
006 (15949295.423.000) 2026-02-11 19:10:13 Image size of job updated: 725276
	670  -  MemoryUsage of job (MB)
	685736  -  ResidentSetSize of job (KB)
...
006 (15949295.423.000) 2026-02-11 19:15:14 Image size of job updated: 725276
	671  -  MemoryUsage of job (MB)
	686308  -  ResidentSetSize of job (KB)
...
006 (15949295.423.000) 2026-02-11 19:20:15 Image size of job updated: 725276
	671  -  MemoryUsage of job (MB)
	686380  -  ResidentSetSize of job (KB)
...
006 (15949295.423.000) 2026-02-11 19:25:15 Image size of job updated: 725276
	671  -  MemoryUsage of job (MB)
	686448  -  ResidentSetSize of job (KB)
...
006 (15949295.423.000) 2026-02-11 19:30:16 Image size of job updated: 725276
	671  -  MemoryUsage of job (MB)
	686500  -  ResidentSetSize of job (KB)
...
006 (15949295.423.000) 2026-02-11 19:35:16 Image size of job updated: 725276
	671  -  MemoryUsage of job (MB)
	686776  -  ResidentSetSize of job (KB)
...
006 (15949295.423.000) 2026-02-11 19:40:16 Image size of job updated: 725276
	671  -  MemoryUsage of job (MB)
	686800  -  ResidentSetSize of job (KB)
...
006 (15949295.423.000) 2026-02-11 19:45:17 Image size of job updated: 725276
	671  -  MemoryUsage of job (MB)
	686856  -  ResidentSetSize of job (KB)
...
006 (15949295.423.000) 2026-02-11 19:50:17 Image size of job updated: 725276
	671  -  MemoryUsage of job (MB)
	686880  -  ResidentSetSize of job (KB)
...
006 (15949295.423.000) 2026-02-11 20:00:19 Image size of job updated: 725276
	671  -  MemoryUsage of job (MB)
	686960  -  ResidentSetSize of job (KB)
...
006 (15949295.423.000) 2026-02-11 20:05:19 Image size of job updated: 725276
	678  -  MemoryUsage of job (MB)
	693316  -  ResidentSetSize of job (KB)
...
006 (15949295.423.000) 2026-02-11 20:10:20 Image size of job updated: 725276
	678  -  MemoryUsage of job (MB)
	693956  -  ResidentSetSize of job (KB)
...
006 (15949295.423.000) 2026-02-11 20:15:21 Image size of job updated: 725276
	686  -  MemoryUsage of job (MB)
	702160  -  ResidentSetSize of job (KB)
...
006 (15949295.423.000) 2026-02-11 20:20:21 Image size of job updated: 725276
	686  -  MemoryUsage of job (MB)
	702452  -  ResidentSetSize of job (KB)
...
006 (15949295.423.000) 2026-02-11 20:25:22 Image size of job updated: 725276
	687  -  MemoryUsage of job (MB)
	702512  -  ResidentSetSize of job (KB)
...
006 (15949295.423.000) 2026-02-11 20:30:23 Image size of job updated: 725276
	687  -  MemoryUsage of job (MB)
	702832  -  ResidentSetSize of job (KB)
...
006 (15949295.423.000) 2026-02-11 20:35:23 Image size of job updated: 725276
	687  -  MemoryUsage of job (MB)
	703048  -  ResidentSetSize of job (KB)
...
006 (15949295.423.000) 2026-02-11 20:40:24 Image size of job updated: 725276
	687  -  MemoryUsage of job (MB)
	703056  -  ResidentSetSize of job (KB)
...
006 (15949295.423.000) 2026-02-11 20:45:25 Image size of job updated: 725276
	687  -  MemoryUsage of job (MB)
	703080  -  ResidentSetSize of job (KB)
...
006 (15949295.423.000) 2026-02-11 20:50:25 Image size of job updated: 725276
	687  -  MemoryUsage of job (MB)
	703108  -  ResidentSetSize of job (KB)
...
006 (15949295.423.000) 2026-02-11 20:55:26 Image size of job updated: 725276
	694  -  MemoryUsage of job (MB)
	710096  -  ResidentSetSize of job (KB)
...
006 (15949295.423.000) 2026-02-11 21:00:27 Image size of job updated: 725276
	694  -  MemoryUsage of job (MB)
	710400  -  ResidentSetSize of job (KB)
...
006 (15949295.423.000) 2026-02-11 21:05:27 Image size of job updated: 725276
	697  -  MemoryUsage of job (MB)
	713088  -  ResidentSetSize of job (KB)
...
006 (15949295.423.000) 2026-02-11 21:10:28 Image size of job updated: 725276
	697  -  MemoryUsage of job (MB)
	713484  -  ResidentSetSize of job (KB)
...
006 (15949295.423.000) 2026-02-11 21:15:29 Image size of job updated: 725276
	698  -  MemoryUsage of job (MB)
	713900  -  ResidentSetSize of job (KB)
...
006 (15949295.423.000) 2026-02-11 21:20:29 Image size of job updated: 725276
	703  -  MemoryUsage of job (MB)
	719136  -  ResidentSetSize of job (KB)
...
006 (15949295.423.000) 2026-02-11 21:25:30 Image size of job updated: 725276
	703  -  MemoryUsage of job (MB)
	719648  -  ResidentSetSize of job (KB)
...
006 (15949295.423.000) 2026-02-11 21:35:30 Image size of job updated: 725276
	704  -  MemoryUsage of job (MB)
	719964  -  ResidentSetSize of job (KB)
...
006 (15949295.423.000) 2026-02-11 21:40:31 Image size of job updated: 725276
	704  -  MemoryUsage of job (MB)
	720028  -  ResidentSetSize of job (KB)
...
006 (15949295.423.000) 2026-02-11 21:45:31 Image size of job updated: 725276
	707  -  MemoryUsage of job (MB)
	723032  -  ResidentSetSize of job (KB)
...
006 (15949295.423.000) 2026-02-11 21:50:31 Image size of job updated: 725276
	707  -  MemoryUsage of job (MB)
	723404  -  ResidentSetSize of job (KB)
...
006 (15949295.423.000) 2026-02-11 21:55:32 Image size of job updated: 725276
	707  -  MemoryUsage of job (MB)
	723412  -  ResidentSetSize of job (KB)
...
006 (15949295.423.000) 2026-02-11 22:00:32 Image size of job updated: 726760
	710  -  MemoryUsage of job (MB)
	726760  -  ResidentSetSize of job (KB)
...
006 (15949295.423.000) 2026-02-11 22:05:33 Image size of job updated: 727256
	711  -  MemoryUsage of job (MB)
	727052  -  ResidentSetSize of job (KB)
...
006 (15949295.423.000) 2026-02-11 22:10:34 Image size of job updated: 727292
	711  -  MemoryUsage of job (MB)
	727052  -  ResidentSetSize of job (KB)
...
006 (15949295.423.000) 2026-02-11 22:15:34 Image size of job updated: 734080
	717  -  MemoryUsage of job (MB)
	734080  -  ResidentSetSize of job (KB)
...
006 (15949295.423.000) 2026-02-11 22:20:35 Image size of job updated: 734664
	718  -  MemoryUsage of job (MB)
	734664  -  ResidentSetSize of job (KB)
...
006 (15949295.423.000) 2026-02-11 22:25:35 Image size of job updated: 734840
	718  -  MemoryUsage of job (MB)
	734692  -  ResidentSetSize of job (KB)
...
006 (15949295.423.000) 2026-02-11 22:30:35 Image size of job updated: 734840
	718  -  MemoryUsage of job (MB)
	734840  -  ResidentSetSize of job (KB)
...
006 (15949295.423.000) 2026-02-11 22:35:36 Image size of job updated: 735340
	718  -  MemoryUsage of job (MB)
	734840  -  ResidentSetSize of job (KB)
...
006 (15949295.423.000) 2026-02-11 23:00:37 Image size of job updated: 735340
	718  -  MemoryUsage of job (MB)
	735100  -  ResidentSetSize of job (KB)
...
006 (15949295.423.000) 2026-02-11 23:05:38 Image size of job updated: 737504
	721  -  MemoryUsage of job (MB)
	737504  -  ResidentSetSize of job (KB)
...
006 (15949295.423.000) 2026-02-11 23:10:38 Image size of job updated: 737888
	721  -  MemoryUsage of job (MB)
	737888  -  ResidentSetSize of job (KB)
...
006 (15949295.423.000) 2026-02-11 23:15:39 Image size of job updated: 738076
	721  -  MemoryUsage of job (MB)
	737952  -  ResidentSetSize of job (KB)
...
006 (15949295.423.000) 2026-02-11 23:25:40 Image size of job updated: 738224
	721  -  MemoryUsage of job (MB)
	738224  -  ResidentSetSize of job (KB)
...
006 (15949295.423.000) 2026-02-11 23:35:42 Image size of job updated: 738460
	721  -  MemoryUsage of job (MB)
	738224  -  ResidentSetSize of job (KB)
...
006 (15949295.423.000) 2026-02-11 23:40:42 Image size of job updated: 740728
	724  -  MemoryUsage of job (MB)
	740728  -  ResidentSetSize of job (KB)
...
006 (15949295.423.000) 2026-02-11 23:45:43 Image size of job updated: 741040
	724  -  MemoryUsage of job (MB)
	741040  -  ResidentSetSize of job (KB)
...
006 (15949295.423.000) 2026-02-11 23:50:44 Image size of job updated: 741120
	724  -  MemoryUsage of job (MB)
	741120  -  ResidentSetSize of job (KB)
...
006 (15949295.423.000) 2026-02-12 00:00:45 Image size of job updated: 741176
	724  -  MemoryUsage of job (MB)
	741176  -  ResidentSetSize of job (KB)
...
006 (15949295.423.000) 2026-02-12 00:10:46 Image size of job updated: 741384
	725  -  MemoryUsage of job (MB)
	741384  -  ResidentSetSize of job (KB)
...
006 (15949295.423.000) 2026-02-12 00:25:47 Image size of job updated: 743180
	726  -  MemoryUsage of job (MB)
	743180  -  ResidentSetSize of job (KB)
...
006 (15949295.423.000) 2026-02-12 00:30:48 Image size of job updated: 743576
	727  -  MemoryUsage of job (MB)
	743576  -  ResidentSetSize of job (KB)
...
006 (15949295.423.000) 2026-02-12 00:50:49 Image size of job updated: 743612
	727  -  MemoryUsage of job (MB)
	743612  -  ResidentSetSize of job (KB)
...
006 (15949295.423.000) 2026-02-12 01:00:51 Image size of job updated: 743832
	727  -  MemoryUsage of job (MB)
	743832  -  ResidentSetSize of job (KB)
...
006 (15949295.423.000) 2026-02-12 01:35:54 Image size of job updated: 743836
	727  -  MemoryUsage of job (MB)
	743836  -  ResidentSetSize of job (KB)
...
006 (15949295.423.000) 2026-02-12 01:40:55 Image size of job updated: 743868
	727  -  MemoryUsage of job (MB)
	743868  -  ResidentSetSize of job (KB)
...
006 (15949295.423.000) 2026-02-12 01:45:55 Image size of job updated: 750416
	733  -  MemoryUsage of job (MB)
	750416  -  ResidentSetSize of job (KB)
...
006 (15949295.423.000) 2026-02-12 01:50:56 Image size of job updated: 750792
	734  -  MemoryUsage of job (MB)
	750792  -  ResidentSetSize of job (KB)
...
006 (15949295.423.000) 2026-02-12 02:36:02 Image size of job updated: 750816
	734  -  MemoryUsage of job (MB)
	750816  -  ResidentSetSize of job (KB)
...
006 (15949295.423.000) 2026-02-12 02:41:02 Image size of job updated: 751048
	734  -  MemoryUsage of job (MB)
	751048  -  ResidentSetSize of job (KB)
...
006 (15949295.423.000) 2026-02-12 03:36:07 Image size of job updated: 751060
	734  -  MemoryUsage of job (MB)
	751060  -  ResidentSetSize of job (KB)
...
006 (15949295.423.000) 2026-02-12 03:41:07 Image size of job updated: 751304
	734  -  MemoryUsage of job (MB)
	751060  -  ResidentSetSize of job (KB)
...
006 (15949295.423.000) 2026-02-12 03:46:08 Image size of job updated: 751304
	734  -  MemoryUsage of job (MB)
	751108  -  ResidentSetSize of job (KB)
...
006 (15949295.423.000) 2026-02-12 03:56:09 Image size of job updated: 751304
	734  -  MemoryUsage of job (MB)
	751304  -  ResidentSetSize of job (KB)
...
006 (15949295.423.000) 2026-02-12 04:31:13 Image size of job updated: 751352
	734  -  MemoryUsage of job (MB)
	751352  -  ResidentSetSize of job (KB)
...
006 (15949295.423.000) 2026-02-12 04:41:13 Image size of job updated: 751560
	734  -  MemoryUsage of job (MB)
	751560  -  ResidentSetSize of job (KB)
...
006 (15949295.423.000) 2026-02-12 05:26:18 Image size of job updated: 751580
	734  -  MemoryUsage of job (MB)
	751580  -  ResidentSetSize of job (KB)
...
006 (15949295.423.000) 2026-02-12 05:31:18 Image size of job updated: 751816
	734  -  MemoryUsage of job (MB)
	751580  -  ResidentSetSize of job (KB)
...
006 (15949295.423.000) 2026-02-12 05:41:20 Image size of job updated: 751816
	735  -  MemoryUsage of job (MB)
	751636  -  ResidentSetSize of job (KB)
...
006 (15949295.423.000) 2026-02-12 05:46:20 Image size of job updated: 751816
	735  -  MemoryUsage of job (MB)
	751816  -  ResidentSetSize of job (KB)
...
006 (15949295.423.000) 2026-02-12 06:16:23 Image size of job updated: 751852
	735  -  MemoryUsage of job (MB)
	751852  -  ResidentSetSize of job (KB)
...
006 (15949295.423.000) 2026-02-12 06:21:24 Image size of job updated: 752072
	735  -  MemoryUsage of job (MB)
	752072  -  ResidentSetSize of job (KB)
...
006 (15949295.423.000) 2026-02-12 07:16:29 Image size of job updated: 755000
	738  -  MemoryUsage of job (MB)
	755000  -  ResidentSetSize of job (KB)
...
006 (15949295.423.000) 2026-02-12 07:21:29 Image size of job updated: 755020
	738  -  MemoryUsage of job (MB)
	755020  -  ResidentSetSize of job (KB)
...
006 (15949295.423.000) 2026-02-12 07:31:30 Image size of job updated: 755256
	738  -  MemoryUsage of job (MB)
	755256  -  ResidentSetSize of job (KB)
...
006 (15949295.423.000) 2026-02-12 07:36:30 Image size of job updated: 755472
	738  -  MemoryUsage of job (MB)
	755472  -  ResidentSetSize of job (KB)
...
006 (15949295.423.000) 2026-02-12 08:21:36 Image size of job updated: 755620
	738  -  MemoryUsage of job (MB)
	755620  -  ResidentSetSize of job (KB)
...
006 (15949295.423.000) 2026-02-12 08:26:36 Image size of job updated: 755728
	739  -  MemoryUsage of job (MB)
	755728  -  ResidentSetSize of job (KB)
...
