000 (15756408.687.000) 2026-02-06 11:26:58 Job submitted from host: <141.34.103.35:9618?addrs=141.34.103.35-9618+[2001-638-700-f067--1-23]-9618&alias=wgs39.zeuthen.desy.de&noUDP&sock=schedd_7414_f73f>
...
009 (15756408.687.000) 2026-02-10 11:47:36 Job was aborted.
	via condor_rm (by user tuccia)
...
000 (15951004.458.000) 2026-02-10 16:30:04 Job submitted from host: <141.34.103.35:9618?addrs=141.34.103.35-9618+[2001-638-700-f067--1-23]-9618&alias=wgs39.zeuthen.desy.de&noUDP&sock=schedd_7302_24a3>
...
001 (15951004.458.000) 2026-02-10 18:29:52 Job executing on host: <141.34.15.192:9618?addrs=141.34.15.192-9618+[2001-638-700-f00f--1-c0]-9618&alias=bladekb.zeuthen.desy.de&noUDP&sock=startd_9379_cad8>
	SlotName: slot1_7@bladekb.zeuthen.desy.de
	CondorScratchDir = "/batch/dir_3454918"
	Cpus = 1
	Disk = 1025024
	GPUs = 0
	Memory = 5120
...
006 (15951004.458.000) 2026-02-10 18:30:06 Image size of job updated: 95332
	94  -  MemoryUsage of job (MB)
	95332  -  ResidentSetSize of job (KB)
...
006 (15951004.458.000) 2026-02-10 18:35:07 Image size of job updated: 491472
	480  -  MemoryUsage of job (MB)
	491472  -  ResidentSetSize of job (KB)
...
006 (15951004.458.000) 2026-02-10 18:40:07 Image size of job updated: 491732
	481  -  MemoryUsage of job (MB)
	491732  -  ResidentSetSize of job (KB)
...
006 (15951004.458.000) 2026-02-10 18:45:08 Image size of job updated: 494180
	483  -  MemoryUsage of job (MB)
	494180  -  ResidentSetSize of job (KB)
...
006 (15951004.458.000) 2026-02-10 18:50:09 Image size of job updated: 494192
	483  -  MemoryUsage of job (MB)
	494192  -  ResidentSetSize of job (KB)
...
006 (15951004.458.000) 2026-02-10 18:55:09 Image size of job updated: 494196
	483  -  MemoryUsage of job (MB)
	494196  -  ResidentSetSize of job (KB)
...
006 (15951004.458.000) 2026-02-10 19:00:10 Image size of job updated: 494204
	483  -  MemoryUsage of job (MB)
	494204  -  ResidentSetSize of job (KB)
...
006 (15951004.458.000) 2026-02-10 19:10:11 Image size of job updated: 494208
	483  -  MemoryUsage of job (MB)
	494208  -  ResidentSetSize of job (KB)
...
006 (15951004.458.000) 2026-02-10 19:35:15 Image size of job updated: 494244
	483  -  MemoryUsage of job (MB)
	494244  -  ResidentSetSize of job (KB)
...
006 (15951004.458.000) 2026-02-11 01:35:50 Image size of job updated: 494312
	483  -  MemoryUsage of job (MB)
	494312  -  ResidentSetSize of job (KB)
...
006 (15951004.458.000) 2026-02-11 01:45:51 Image size of job updated: 494316
	483  -  MemoryUsage of job (MB)
	494316  -  ResidentSetSize of job (KB)
...
006 (15951004.458.000) 2026-02-11 09:06:24 Image size of job updated: 494332
	483  -  MemoryUsage of job (MB)
	494332  -  ResidentSetSize of job (KB)
...
006 (15951004.458.000) 2026-02-11 09:11:26 Image size of job updated: 494488
	483  -  MemoryUsage of job (MB)
	494488  -  ResidentSetSize of job (KB)
...
004 (15951004.458.000) 2026-02-11 11:11:58 Job was evicted.
	(0) CPU times
		Usr 0 16:37:42, Sys 0 00:00:05  -  Run Remote Usage
		Usr 0 00:00:00, Sys 0 00:00:00  -  Run Local Usage
	0  -  Run Bytes Sent By Job
	0  -  Run Bytes Received By Job
	Partitionable Resources :    Usage  Request Allocated 
	   Cpus                 :     1.00        1         1 
	   Disk (KB)            :     1     1024000   1025024 
	   GPUs                 :                           0 
	   Memory (MB)          :   483        5120      5120 
	   TimeExecute (s)      : 60125                       
	   TimeSlotBusy (s)     : 60126                       
...
009 (15951004.458.000) 2026-02-11 11:11:59 Job was aborted.
	via condor_rm (by user tuccia)
...
000 (15988842.458.000) 2026-02-11 11:12:47 Job submitted from host: <141.34.103.35:9618?addrs=141.34.103.35-9618+[2001-638-700-f067--1-23]-9618&alias=wgs39.zeuthen.desy.de&noUDP&sock=schedd_7302_24a3>
...
001 (15988842.458.000) 2026-02-11 11:40:19 Job executing on host: <141.34.15.194:9618?addrs=141.34.15.194-9618+[2001-638-700-f00f--1-c2]-9618&alias=bladekc.zeuthen.desy.de&noUDP&sock=startd_11910_d90c>
	SlotName: slot1_13@bladekc.zeuthen.desy.de
	CondorScratchDir = "/batch/dir_2564633"
	Cpus = 1
	Disk = 1025024
	GPUs = 0
	Memory = 5120
...
006 (15988842.458.000) 2026-02-11 11:40:32 Image size of job updated: 95332
	94  -  MemoryUsage of job (MB)
	95332  -  ResidentSetSize of job (KB)
...
006 (15988842.458.000) 2026-02-11 11:45:32 Image size of job updated: 691532
	480  -  MemoryUsage of job (MB)
	491000  -  ResidentSetSize of job (KB)
...
006 (15988842.458.000) 2026-02-11 11:50:33 Image size of job updated: 691532
	480  -  MemoryUsage of job (MB)
	491276  -  ResidentSetSize of job (KB)
...
006 (15988842.458.000) 2026-02-11 11:55:33 Image size of job updated: 691532
	483  -  MemoryUsage of job (MB)
	493912  -  ResidentSetSize of job (KB)
...
006 (15988842.458.000) 2026-02-11 12:00:33 Image size of job updated: 691532
	483  -  MemoryUsage of job (MB)
	493932  -  ResidentSetSize of job (KB)
...
006 (15988842.458.000) 2026-02-11 12:10:34 Image size of job updated: 691532
	483  -  MemoryUsage of job (MB)
	493940  -  ResidentSetSize of job (KB)
...
006 (15988842.458.000) 2026-02-11 13:05:38 Image size of job updated: 691532
	483  -  MemoryUsage of job (MB)
	494084  -  ResidentSetSize of job (KB)
...
006 (15988842.458.000) 2026-02-11 13:55:44 Image size of job updated: 691532
	483  -  MemoryUsage of job (MB)
	494176  -  ResidentSetSize of job (KB)
...
006 (15988842.458.000) 2026-02-11 17:21:05 Image size of job updated: 691532
	483  -  MemoryUsage of job (MB)
	494200  -  ResidentSetSize of job (KB)
...
006 (15988842.458.000) 2026-02-11 17:51:07 Image size of job updated: 691532
	483  -  MemoryUsage of job (MB)
	494240  -  ResidentSetSize of job (KB)
...
006 (15988842.458.000) 2026-02-12 16:18:33 Image size of job updated: 691532
	483  -  MemoryUsage of job (MB)
	494396  -  ResidentSetSize of job (KB)
...
006 (15988842.458.000) 2026-02-12 16:33:34 Image size of job updated: 691532
	483  -  MemoryUsage of job (MB)
	494552  -  ResidentSetSize of job (KB)
...
006 (15988842.458.000) 2026-02-12 16:58:35 Image size of job updated: 691532
	483  -  MemoryUsage of job (MB)
	494568  -  ResidentSetSize of job (KB)
...
006 (15988842.458.000) 2026-02-12 18:08:44 Image size of job updated: 691532
	484  -  MemoryUsage of job (MB)
	494704  -  ResidentSetSize of job (KB)
...
006 (15988842.458.000) 2026-02-12 18:18:44 Image size of job updated: 691532
	484  -  MemoryUsage of job (MB)
	494884  -  ResidentSetSize of job (KB)
...
006 (15988842.458.000) 2026-02-13 08:45:10 Image size of job updated: 691532
	484  -  MemoryUsage of job (MB)
	495220  -  ResidentSetSize of job (KB)
...
021 (15988842.458.000) 2026-02-13 11:40:23 Error from starter on slot1_13@bladekc.zeuthen.desy.de:
	runtime exceeded maximum (target.Runtime seconds)
	Code 21 Subcode 103
...
004 (15988842.458.000) 2026-02-13 11:40:23 Job was evicted.
	(0) CPU times
		Usr 1 23:42:45, Sys 0 00:00:07  -  Run Remote Usage
		Usr 0 00:00:00, Sys 0 00:00:00  -  Run Local Usage
	0  -  Run Bytes Sent By Job
	0  -  Run Bytes Received By Job
	Error from slot1_13@bladekc.zeuthen.desy.de: runtime exceeded maximum (target.Runtime seconds)
	Partitionable Resources :     Usage  Request Allocated 
	   Cpus                 :      1.00        1         1 
	   Disk (KB)            :      1     1024000   1025024 
	   GPUs                 :                            0 
	   Memory (MB)          :    484        5120      5120 
	   TimeSlotBusy (s)     : 172804                       
...
012 (15988842.458.000) 2026-02-13 11:40:23 Job was held.
	Error from slot1_13@bladekc.zeuthen.desy.de: runtime exceeded maximum (target.Runtime seconds)
	Code 21 Subcode 103
...
009 (15988842.458.000) 2026-02-16 17:16:36 Job was aborted.
	via condor_rm (by user tuccia)
...
000 (16309174.129.000) 2026-02-18 10:42:57 Job submitted from host: <141.34.103.35:9618?addrs=141.34.103.35-9618+[2001-638-700-f067--1-23]-9618&alias=wgs39.zeuthen.desy.de&noUDP&sock=schedd_7302_24a3>
...
001 (16309174.129.000) 2026-02-18 10:43:16 Job executing on host: <141.34.14.36:9618?addrs=141.34.14.36-9618+[2001-638-700-f00e--1-24]-9618&alias=ampere05.zeuthen.desy.de&noUDP&sock=startd_7996_2b5d>
	SlotName: slot1_27@ampere05.zeuthen.desy.de
	AvailableGPUs = {  }
	CondorScratchDir = "/batch/dir_1562402"
	Cpus = 1
	Disk = 1025682
	GPUs = 0
	Memory = 5120
...
006 (16309174.129.000) 2026-02-18 10:43:29 Image size of job updated: 97424
	96  -  MemoryUsage of job (MB)
	97424  -  ResidentSetSize of job (KB)
...
006 (16309174.129.000) 2026-02-18 10:48:29 Image size of job updated: 604252
	484  -  MemoryUsage of job (MB)
	495300  -  ResidentSetSize of job (KB)
...
006 (16309174.129.000) 2026-02-18 10:53:30 Image size of job updated: 604252
	487  -  MemoryUsage of job (MB)
	497780  -  ResidentSetSize of job (KB)
...
006 (16309174.129.000) 2026-02-18 10:58:31 Image size of job updated: 604252
	487  -  MemoryUsage of job (MB)
	497792  -  ResidentSetSize of job (KB)
...
006 (16309174.129.000) 2026-02-18 11:18:33 Image size of job updated: 604252
	487  -  MemoryUsage of job (MB)
	497828  -  ResidentSetSize of job (KB)
...
006 (16309174.129.000) 2026-02-18 12:03:37 Image size of job updated: 604252
	487  -  MemoryUsage of job (MB)
	497896  -  ResidentSetSize of job (KB)
...
006 (16309174.129.000) 2026-02-18 17:54:07 Image size of job updated: 604252
	487  -  MemoryUsage of job (MB)
	497904  -  ResidentSetSize of job (KB)
...
006 (16309174.129.000) 2026-02-18 18:04:08 Image size of job updated: 604252
	487  -  MemoryUsage of job (MB)
	498004  -  ResidentSetSize of job (KB)
...
006 (16309174.129.000) 2026-02-18 18:44:11 Image size of job updated: 604252
	487  -  MemoryUsage of job (MB)
	498060  -  ResidentSetSize of job (KB)
...
006 (16309174.129.000) 2026-02-18 20:04:22 Image size of job updated: 604252
	487  -  MemoryUsage of job (MB)
	498196  -  ResidentSetSize of job (KB)
...
006 (16309174.129.000) 2026-02-18 20:09:22 Image size of job updated: 604252
	487  -  MemoryUsage of job (MB)
	498352  -  ResidentSetSize of job (KB)
...
006 (16309174.129.000) 2026-02-18 22:14:33 Image size of job updated: 604252
	487  -  MemoryUsage of job (MB)
	498492  -  ResidentSetSize of job (KB)
...
006 (16309174.129.000) 2026-02-18 23:54:40 Image size of job updated: 604252
	487  -  MemoryUsage of job (MB)
	498500  -  ResidentSetSize of job (KB)
...
006 (16309174.129.000) 2026-02-18 23:59:40 Image size of job updated: 604252
	487  -  MemoryUsage of job (MB)
	498596  -  ResidentSetSize of job (KB)
...
006 (16309174.129.000) 2026-02-19 01:04:46 Image size of job updated: 604252
	488  -  MemoryUsage of job (MB)
	499024  -  ResidentSetSize of job (KB)
...
006 (16309174.129.000) 2026-02-19 01:09:46 Image size of job updated: 604252
	488  -  MemoryUsage of job (MB)
	499180  -  ResidentSetSize of job (KB)
...
006 (16309174.129.000) 2026-02-19 01:59:53 Image size of job updated: 604252
	488  -  MemoryUsage of job (MB)
	499184  -  ResidentSetSize of job (KB)
...
006 (16309174.129.000) 2026-02-19 02:29:57 Image size of job updated: 604252
	488  -  MemoryUsage of job (MB)
	499336  -  ResidentSetSize of job (KB)
...
006 (16309174.129.000) 2026-02-19 02:34:58 Image size of job updated: 604252
	489  -  MemoryUsage of job (MB)
	499748  -  ResidentSetSize of job (KB)
...
006 (16309174.129.000) 2026-02-19 03:05:01 Image size of job updated: 604252
	489  -  MemoryUsage of job (MB)
	499804  -  ResidentSetSize of job (KB)
...
006 (16309174.129.000) 2026-02-19 06:30:20 Image size of job updated: 604252
	489  -  MemoryUsage of job (MB)
	499960  -  ResidentSetSize of job (KB)
...
006 (16309174.129.000) 2026-02-19 09:25:36 Image size of job updated: 604252
	489  -  MemoryUsage of job (MB)
	500120  -  ResidentSetSize of job (KB)
...
006 (16309174.129.000) 2026-02-19 13:15:59 Image size of job updated: 604252
	489  -  MemoryUsage of job (MB)
	500128  -  ResidentSetSize of job (KB)
...
022 (16309174.129.000) 2026-02-20 03:44:37 Job disconnected, attempting to reconnect
    Local schedd and job shadow died, schedd now running again
    Trying to reconnect to slot1_27@ampere05.zeuthen.desy.de <141.34.14.36:9618?addrs=141.34.14.36-9618+[2001-638-700-f00e--1-24]-9618&alias=ampere05.zeuthen.desy.de&noUDP&sock=startd_7996_2b5d>
...
023 (16309174.129.000) 2026-02-20 03:44:45 Job reconnected to slot1_27@ampere05.zeuthen.desy.de
    startd address: <141.34.14.36:9618?addrs=141.34.14.36-9618+[2001-638-700-f00e--1-24]-9618&alias=ampere05.zeuthen.desy.de&noUDP&sock=startd_7996_2b5d>
    starter address: <141.34.14.36:9618?addrs=141.34.14.36-9618+[2001-638-700-f00e--1-24]-9618&alias=ampere05.zeuthen.desy.de&noUDP&sock=slot1_27_8571_cb76_7946>
...
021 (16309174.129.000) 2026-02-20 10:43:18 Error from starter on slot1_27@ampere05.zeuthen.desy.de:
	runtime exceeded maximum (target.Runtime seconds)
	Code 21 Subcode 103
...
004 (16309174.129.000) 2026-02-20 10:43:18 Job was evicted.
	(0) CPU times
		Usr 1 23:14:03, Sys 0 00:05:47  -  Run Remote Usage
		Usr 0 00:00:00, Sys 0 00:00:00  -  Run Local Usage
	0  -  Run Bytes Sent By Job
	0  -  Run Bytes Received By Job
	Error from slot1_27@ampere05.zeuthen.desy.de: runtime exceeded maximum (target.Runtime seconds)
	Partitionable Resources :         Usage  Request Allocated 
	   Cpus                 :          0.94        1         1 
	   Disk (KB)            :          1     1024000   1025682 
	   Memory (MB)          :        733        5120      5120 
	   TimeSlotBusy (s)     : 1771580598                       
...
012 (16309174.129.000) 2026-02-20 10:43:18 Job was held.
	Error from slot1_27@ampere05.zeuthen.desy.de: runtime exceeded maximum (target.Runtime seconds)
	Code 21 Subcode 103
...
009 (16309174.129.000) 2026-02-23 19:29:12 Job was aborted.
	via condor_rm (by user tuccia)
...
000 (16619852.129.000) 2026-02-23 19:30:03 Job submitted from host: <141.34.103.35:9618?addrs=141.34.103.35-9618+[2001-638-700-f067--1-23]-9618&alias=wgs39.zeuthen.desy.de&noUDP&sock=schedd_7302_24a3>
...
001 (16619852.129.000) 2026-02-23 19:30:21 Job executing on host: <141.34.14.37:9618?addrs=141.34.14.37-9618+[2001-638-700-f00e--1-25]-9618&alias=amphion.zeuthen.desy.de&noUDP&sock=startd_8755_c7bf>
	SlotName: slot1_11@amphion.zeuthen.desy.de
	AvailableGPUs = {  }
	CondorScratchDir = "/batch/dir_445085"
	Cpus = 1
	Disk = 1025682
	GPUs = 0
	Memory = 5120
...
006 (16619852.129.000) 2026-02-23 19:30:35 Image size of job updated: 97420
	96  -  MemoryUsage of job (MB)
	97420  -  ResidentSetSize of job (KB)
...
006 (16619852.129.000) 2026-02-23 19:35:36 Image size of job updated: 850272
	483  -  MemoryUsage of job (MB)
	494048  -  ResidentSetSize of job (KB)
...
006 (16619852.129.000) 2026-02-23 19:40:36 Image size of job updated: 850272
	486  -  MemoryUsage of job (MB)
	496696  -  ResidentSetSize of job (KB)
...
006 (16619852.129.000) 2026-02-23 19:45:37 Image size of job updated: 850272
	486  -  MemoryUsage of job (MB)
	496720  -  ResidentSetSize of job (KB)
...
006 (16619852.129.000) 2026-02-23 19:50:38 Image size of job updated: 850272
	486  -  MemoryUsage of job (MB)
	496724  -  ResidentSetSize of job (KB)
...
006 (16619852.129.000) 2026-02-23 20:10:40 Image size of job updated: 850272
	486  -  MemoryUsage of job (MB)
	496752  -  ResidentSetSize of job (KB)
...
006 (16619852.129.000) 2026-02-23 21:05:48 Image size of job updated: 850272
	486  -  MemoryUsage of job (MB)
	496796  -  ResidentSetSize of job (KB)
...
006 (16619852.129.000) 2026-02-24 06:21:48 Image size of job updated: 850272
	486  -  MemoryUsage of job (MB)
	496872  -  ResidentSetSize of job (KB)
...
022 (16619852.129.000) 2026-02-24 08:04:09 Job disconnected, attempting to reconnect
    Local schedd and job shadow died, schedd now running again
    Trying to reconnect to slot1_11@amphion.zeuthen.desy.de <141.34.14.37:9618?addrs=141.34.14.37-9618+[2001-638-700-f00e--1-25]-9618&alias=amphion.zeuthen.desy.de&noUDP&sock=startd_8755_c7bf>
...
023 (16619852.129.000) 2026-02-24 08:04:19 Job reconnected to slot1_11@amphion.zeuthen.desy.de
    startd address: <141.34.14.37:9618?addrs=141.34.14.37-9618+[2001-638-700-f00e--1-25]-9618&alias=amphion.zeuthen.desy.de&noUDP&sock=startd_8755_c7bf>
    starter address: <141.34.14.37:9618?addrs=141.34.14.37-9618+[2001-638-700-f00e--1-25]-9618&alias=amphion.zeuthen.desy.de&noUDP&sock=slot1_11_9319_d414_34316>
...
005 (16619852.129.000) 2026-02-27 19:51:52 Job terminated.
	(1) Normal termination (return value 0)
		Usr 3 23:01:15, Sys 0 00:00:43  -  Run Remote Usage
		Usr 0 00:00:00, Sys 0 00:00:00  -  Run Local Usage
		Usr 4 11:03:15, Sys 0 00:00:49  -  Total Remote Usage
		Usr 0 00:00:00, Sys 0 00:00:00  -  Total Local Usage
	0  -  Run Bytes Sent By Job
	0  -  Run Bytes Received By Job
	0  -  Total Bytes Sent By Job
	0  -  Total Bytes Received By Job
	Partitionable Resources :         Usage  Request Allocated 
	   Cpus                 :          0.99        1         1 
	   Disk (KB)            :          1     1024000   1025682 
	   Memory (MB)          :        489        5120      5120 
	   TimeExecute (s)      : 1772218312                       
	   TimeSlotBusy (s)     : 1772218312                       

	Job terminated of its own accord at 2026-02-27T18:51:52Z with exit-code 0.
...
