~~~~~~~~~~~~~~~~~~~~~~~~~~~~~~

n_qubits: 90, 
r: 48, 
alpha: 0.01, 
shots: 10000, 
ansatz: linear_cnot, 
layer: 1, 
tau: 0.3

time for simulated annealing:  96.79546189308167
Rank 1: Bitstring=111000101111101110011001101100011101011100110110010111100100100101110010010111111101000110, Decimal=1097621537546883181146898246, Energy=-77.5805
Rank 2: Bitstring=111000101111101110011001101100011101011100110110010111100100101101110011000111111100000110, Decimal=1097621537546883181281312518, Energy=-77.5117
Rank 3: Bitstring=111000100111101110011001101100011101011100110111010111100100100101110010010111111101000110, Decimal=1095203685907658320843996998, Energy=-77.2431
Rank 4: Bitstring=111001101111101110111001101100011101011100110110010111100101100101110010010111111101000110, Decimal=1116966711843958683838545734, Energy=-77.1961
Rank 5: Bitstring=111000100111101110011001101100011101011100110111010111100100101101110011000111111100000110, Decimal=1095203685907658320978411270, Energy=-77.1743
Rank 6: Bitstring=111001101111101110111001101100011101011100110110010111100101101101110011000111111100000110, Decimal=1116966711843958683972960006, Energy=-77.1273
Rank 7: Bitstring=111000101111101110011001101100011101011101110110110111100100100111110010010111111101000110, Decimal=1097621537547166855180418886, Energy=-77.0475
Rank 8: Bitstring=111000101011101110011001101100011101011101110110110111100000100111100010010111111101000111, Decimal=1096412611727552221706551111, Energy=-76.9899
Rank 9: Bitstring=111000101111101110011001101100011101011101110110110111100100101111110011000111111100000110, Decimal=1097621537547166855314833158, Energy=-76.9787
Rank 10: Bitstring=111001100111101110111001101100011101011100110111010111100101100101110010010111111101000110, Decimal=1114548860204733823535644486, Energy=-76.8587

E_min from simulated annealing:  -77.5805
Minimum energy: -77.5805
States with energy within 1e-08 of minimum: [1097621537546883181146898246]
4


################## Start optimization with initial parameters: [0. 0. 0. 0. 0. 0. 0. 0. 0. 0. 0. 0. 0. 0. 0. 0. 0. 0. 0. 0. 0. 0. 0. 0.
 0. 0. 0. 0. 0. 0. 0. 0. 0. 0. 0. 0. 0. 0. 0. 0. 0. 0. 0. 0. 0. 0. 0. 0.
 0. 0. 0. 0. 0. 0. 0. 0. 0. 0. 0. 0. 0. 0. 0. 0. 0. 0. 0. 0. 0. 0. 0. 0.
 0. 0. 0. 0. 0. 0. 0. 0. 0. 0. 0. 0. 0. 0. 0. 0. 0. 0. 0. 0. 0. 0. 0. 0.
 0. 0. 0. 0. 0. 0. 0. 0. 0. 0. 0. 0. 0. 0. 0. 0. 0. 0. 0. 0. 0. 0. 0. 0.
 0. 0. 0. 0. 0. 0. 0. 0. 0. 0. 0. 0. 0. 0. 0. 0. 0. 0. 0. 0. 0. 0. 0. 0.
 0. 0. 0. 0. 0. 0. 0. 0. 0. 0. 0. 0. 0. 0. 0. 0. 0. 0. 0. 0. 0. 0. 0. 0.
 0. 0. 0. 0. 0. 0. 0. 0. 0. 0. 0. 0. 0. 0. 0. 0. 0. 0. 0. 0. 0. 0. 0. 0.
 0. 0. 0. 0. 0. 0. 0. 0. 0. 0. 0. 0. 0. 0. 0. 0. 0. 0. 0. 0. 0. 0. 0. 0.
 0. 0. 0. 0. 0. 0. 0. 0. 0. 0. 0. 0. 0. 0. 0. 0. 0. 0. 0. 0. 0. 0. 0. 0.
 0. 0. 0. 0. 0. 0. 0. 0. 0. 0. 0. 0. 0. 0. 0. 0. 0. 0. 0. 0. 0. 0. 0. 0.
 0. 0. 0. 0. 0. 0. 0. 0. 0. 0. 0. 0. 0. 0. 0. 0. 0. 0. 0. 0. 0. 0. 0. 0.
 0. 0. 0. 0. 0. 0. 0. 0. 0. 0. 0. 0. 0. 0. 0. 0. 0. 0. 0. 0. 0. 0. 0. 0.
 0. 0. 0. 0. 0. 0. 0. 0. 0. 0. 0. 0. 0. 0. 0. 0. 0. 0. 0. 0. 0. 0. 0. 0.
 0. 0. 0. 0. 0. 0. 0. 0. 0. 0. 0. 0. 0. 0. 0. 0. 0. 0. 0. 0. 0. 0. 0. 0.]
Write sucessfully to ./data/data_shots_10000_layer_1/alpha_0.01/N_90/r_48/ansatz_type_linear_cnot/initialization_zeros

vqe.cvar_eval[0]: -22.30191800000001 , min_cvar: -40.79924000000002 , opt_cvar: -40.79924000000002

vqe.poss_eval[-1]: 0 vqe.poss_eval[0] 0  , max_poss: 0 , opt_poss: 0

vqe.r_eval[-1]: 0.5033412004305207 vqe.r_eval[0]: 0.2874680879860276 max_r: 0.5258955536507244 , min_r: 0.277504347097531
