000 (15756404.703.000) 2026-02-06 11:24:36 Job submitted from host: <141.34.103.35:9618?addrs=141.34.103.35-9618+[2001-638-700-f067--1-23]-9618&alias=wgs39.zeuthen.desy.de&noUDP&sock=schedd_7414_f73f>
...
001 (15756404.703.000) 2026-02-07 01:46:59 Job executing on host: <141.34.15.218:9618?addrs=141.34.15.218-9618+[2001-638-700-f00f--1-da]-9618&alias=pizza26.zeuthen.desy.de&noUDP&sock=startd_8315_fa13>
	SlotName: slot1_4@pizza26.zeuthen.desy.de
	CondorScratchDir = "/batch/dir_2759852"
	Cpus = 8
	Disk = 1025696
	GPUs = 0
	Memory = 16384
...
006 (15756404.703.000) 2026-02-07 01:47:14 Image size of job updated: 97500
	96  -  MemoryUsage of job (MB)
	97500  -  ResidentSetSize of job (KB)
...
006 (15756404.703.000) 2026-02-07 01:52:14 Image size of job updated: 725232
	671  -  MemoryUsage of job (MB)
	686640  -  ResidentSetSize of job (KB)
...
006 (15756404.703.000) 2026-02-07 01:57:14 Image size of job updated: 725232
	673  -  MemoryUsage of job (MB)
	688444  -  ResidentSetSize of job (KB)
...
006 (15756404.703.000) 2026-02-07 02:02:15 Image size of job updated: 725232
	673  -  MemoryUsage of job (MB)
	688448  -  ResidentSetSize of job (KB)
...
006 (15756404.703.000) 2026-02-07 02:07:15 Image size of job updated: 725232
	676  -  MemoryUsage of job (MB)
	691908  -  ResidentSetSize of job (KB)
...
006 (15756404.703.000) 2026-02-07 02:12:15 Image size of job updated: 725232
	677  -  MemoryUsage of job (MB)
	692720  -  ResidentSetSize of job (KB)
...
006 (15756404.703.000) 2026-02-07 02:17:16 Image size of job updated: 725232
	679  -  MemoryUsage of job (MB)
	694472  -  ResidentSetSize of job (KB)
...
006 (15756404.703.000) 2026-02-07 03:12:19 Image size of job updated: 725232
	681  -  MemoryUsage of job (MB)
	697212  -  ResidentSetSize of job (KB)
...
006 (15756404.703.000) 2026-02-07 04:27:29 Image size of job updated: 725232
	682  -  MemoryUsage of job (MB)
	697404  -  ResidentSetSize of job (KB)
...
006 (15756404.703.000) 2026-02-07 04:37:31 Image size of job updated: 725232
	682  -  MemoryUsage of job (MB)
	697660  -  ResidentSetSize of job (KB)
...
006 (15756404.703.000) 2026-02-07 04:47:32 Image size of job updated: 725232
	682  -  MemoryUsage of job (MB)
	698172  -  ResidentSetSize of job (KB)
...
006 (15756404.703.000) 2026-02-07 06:52:49 Image size of job updated: 725232
	682  -  MemoryUsage of job (MB)
	698312  -  ResidentSetSize of job (KB)
...
006 (15756404.703.000) 2026-02-07 06:57:49 Image size of job updated: 725232
	682  -  MemoryUsage of job (MB)
	698316  -  ResidentSetSize of job (KB)
...
006 (15756404.703.000) 2026-02-07 07:02:50 Image size of job updated: 725232
	683  -  MemoryUsage of job (MB)
	698572  -  ResidentSetSize of job (KB)
...
006 (15756404.703.000) 2026-02-07 09:18:02 Image size of job updated: 725232
	683  -  MemoryUsage of job (MB)
	698600  -  ResidentSetSize of job (KB)
...
006 (15756404.703.000) 2026-02-07 09:23:02 Image size of job updated: 725232
	683  -  MemoryUsage of job (MB)
	698612  -  ResidentSetSize of job (KB)
...
006 (15756404.703.000) 2026-02-07 09:43:04 Image size of job updated: 725232
	683  -  MemoryUsage of job (MB)
	698616  -  ResidentSetSize of job (KB)
...
006 (15756404.703.000) 2026-02-07 10:08:07 Image size of job updated: 725232
	683  -  MemoryUsage of job (MB)
	698624  -  ResidentSetSize of job (KB)
...
006 (15756404.703.000) 2026-02-07 10:38:11 Image size of job updated: 725232
	683  -  MemoryUsage of job (MB)
	698636  -  ResidentSetSize of job (KB)
...
006 (15756404.703.000) 2026-02-07 10:43:11 Image size of job updated: 725232
	683  -  MemoryUsage of job (MB)
	698644  -  ResidentSetSize of job (KB)
...
006 (15756404.703.000) 2026-02-07 11:08:13 Image size of job updated: 725232
	683  -  MemoryUsage of job (MB)
	698648  -  ResidentSetSize of job (KB)
...
006 (15756404.703.000) 2026-02-07 11:28:14 Image size of job updated: 725232
	683  -  MemoryUsage of job (MB)
	698652  -  ResidentSetSize of job (KB)
...
006 (15756404.703.000) 2026-02-07 11:38:16 Image size of job updated: 725232
	683  -  MemoryUsage of job (MB)
	698716  -  ResidentSetSize of job (KB)
...
005 (15756404.703.000) 2026-02-07 13:08:24 Job terminated.
	(1) Normal termination (return value 0)
		Usr 1 13:22:24, Sys 0 21:35:34  -  Run Remote Usage
		Usr 0 00:00:00, Sys 0 00:00:00  -  Run Local Usage
		Usr 1 13:22:24, Sys 0 21:35:34  -  Total Remote Usage
		Usr 0 00:00:00, Sys 0 00:00:00  -  Total Local Usage
	0  -  Run Bytes Sent By Job
	0  -  Run Bytes Received By Job
	0  -  Total Bytes Sent By Job
	0  -  Total Bytes Received By Job
	Partitionable Resources :    Usage  Request Allocated 
	   Cpus                 :     7.43        8         8 
	   Disk (KB)            :     1     1024000   1025696 
	   GPUs                 :                           0 
	   Memory (MB)          :   683       16384     16384 
	   TimeExecute (s)      : 40885                       
	   TimeSlotBusy (s)     : 40885                       

	Job terminated of its own accord at 2026-02-07T12:08:24Z with exit-code 0.
...
