000 (15756404.636.000) 2026-02-06 11:24:35 Job submitted from host: <141.34.103.35:9618?addrs=141.34.103.35-9618+[2001-638-700-f067--1-23]-9618&alias=wgs39.zeuthen.desy.de&noUDP&sock=schedd_7414_f73f>
...
001 (15756404.636.000) 2026-02-07 01:27:51 Job executing on host: <141.34.15.183:9618?addrs=141.34.15.183-9618+[2001-638-700-f00f--1-b7]-9618&alias=bladek9.zeuthen.desy.de&noUDP&sock=startd_9275_74fe>
	SlotName: slot1_6@bladek9.zeuthen.desy.de
	CondorScratchDir = "/batch/dir_3441942"
	Cpus = 8
	Disk = 1025024
	GPUs = 0
	Memory = 16384
...
006 (15756404.636.000) 2026-02-07 01:28:04 Image size of job updated: 95428
	94  -  MemoryUsage of job (MB)
	95428  -  ResidentSetSize of job (KB)
...
006 (15756404.636.000) 2026-02-07 01:33:04 Image size of job updated: 662656
	451  -  MemoryUsage of job (MB)
	461708  -  ResidentSetSize of job (KB)
...
005 (15756404.636.000) 2026-02-07 02:35:57 Job terminated.
	(1) Normal termination (return value 0)
		Usr 0 04:16:12, Sys 0 01:29:01  -  Run Remote Usage
		Usr 0 00:00:00, Sys 0 00:00:00  -  Run Local Usage
		Usr 0 04:16:12, Sys 0 01:29:01  -  Total Remote Usage
		Usr 0 00:00:00, Sys 0 00:00:00  -  Total Local Usage
	0  -  Run Bytes Sent By Job
	0  -  Run Bytes Received By Job
	0  -  Total Bytes Sent By Job
	0  -  Total Bytes Received By Job
	Partitionable Resources :    Usage  Request Allocated 
	   Cpus                 :     5.80        8         8 
	   Disk (KB)            :     1     1024000   1025024 
	   GPUs                 :                           0 
	   Memory (MB)          :   451       16384     16384 
	   TimeExecute (s)      :  4086                       
	   TimeSlotBusy (s)     :  4086                       

	Job terminated of its own accord at 2026-02-07T01:35:57Z with exit-code 0.
...
