000 (15756404.820.000) 2026-02-06 11:24:36 Job submitted from host: <141.34.103.35:9618?addrs=141.34.103.35-9618+[2001-638-700-f067--1-23]-9618&alias=wgs39.zeuthen.desy.de&noUDP&sock=schedd_7414_f73f>
...
001 (15756404.820.000) 2026-02-07 03:30:14 Job executing on host: <141.34.103.55:9618?addrs=141.34.103.55-9618+[2001-638-700-f067--1-37]-9618&alias=wgs45.zeuthen.desy.de&noUDP&sock=startd_7794_9d3c>
	SlotName: slot1_1@wgs45.zeuthen.desy.de
	CondorScratchDir = "/batch/dir_1679580"
	Cpus = 8
	Disk = 1025025
	GPUs = 0
	Memory = 16384
...
006 (15756404.820.000) 2026-02-07 03:30:28 Image size of job updated: 97492
	96  -  MemoryUsage of job (MB)
	97492  -  ResidentSetSize of job (KB)
...
006 (15756404.820.000) 2026-02-07 03:35:29 Image size of job updated: 703276
	548  -  MemoryUsage of job (MB)
	560584  -  ResidentSetSize of job (KB)
...
006 (15756404.820.000) 2026-02-07 03:40:29 Image size of job updated: 703276
	552  -  MemoryUsage of job (MB)
	564992  -  ResidentSetSize of job (KB)
...
006 (15756404.820.000) 2026-02-07 04:25:35 Image size of job updated: 703276
	552  -  MemoryUsage of job (MB)
	565220  -  ResidentSetSize of job (KB)
...
006 (15756404.820.000) 2026-02-07 04:30:36 Image size of job updated: 703276
	553  -  MemoryUsage of job (MB)
	565328  -  ResidentSetSize of job (KB)
...
006 (15756404.820.000) 2026-02-07 04:35:37 Image size of job updated: 703276
	554  -  MemoryUsage of job (MB)
	566716  -  ResidentSetSize of job (KB)
...
006 (15756404.820.000) 2026-02-07 04:40:37 Image size of job updated: 703276
	555  -  MemoryUsage of job (MB)
	567996  -  ResidentSetSize of job (KB)
...
006 (15756404.820.000) 2026-02-07 04:45:37 Image size of job updated: 703276
	556  -  MemoryUsage of job (MB)
	568880  -  ResidentSetSize of job (KB)
...
006 (15756404.820.000) 2026-02-07 05:10:39 Image size of job updated: 703276
	557  -  MemoryUsage of job (MB)
	570256  -  ResidentSetSize of job (KB)
...
006 (15756404.820.000) 2026-02-07 05:15:39 Image size of job updated: 703276
	558  -  MemoryUsage of job (MB)
	570608  -  ResidentSetSize of job (KB)
...
006 (15756404.820.000) 2026-02-07 05:30:40 Image size of job updated: 703276
	558  -  MemoryUsage of job (MB)
	570868  -  ResidentSetSize of job (KB)
...
006 (15756404.820.000) 2026-02-07 05:40:41 Image size of job updated: 703276
	558  -  MemoryUsage of job (MB)
	571384  -  ResidentSetSize of job (KB)
...
006 (15756404.820.000) 2026-02-07 05:45:41 Image size of job updated: 703276
	559  -  MemoryUsage of job (MB)
	571484  -  ResidentSetSize of job (KB)
...
006 (15756404.820.000) 2026-02-07 05:50:42 Image size of job updated: 703276
	559  -  MemoryUsage of job (MB)
	571896  -  ResidentSetSize of job (KB)
...
006 (15756404.820.000) 2026-02-07 05:55:43 Image size of job updated: 703276
	559  -  MemoryUsage of job (MB)
	571988  -  ResidentSetSize of job (KB)
...
006 (15756404.820.000) 2026-02-07 06:00:43 Image size of job updated: 703276
	559  -  MemoryUsage of job (MB)
	572172  -  ResidentSetSize of job (KB)
...
006 (15756404.820.000) 2026-02-07 07:50:54 Image size of job updated: 703276
	559  -  MemoryUsage of job (MB)
	572176  -  ResidentSetSize of job (KB)
...
006 (15756404.820.000) 2026-02-07 07:55:55 Image size of job updated: 703276
	560  -  MemoryUsage of job (MB)
	572680  -  ResidentSetSize of job (KB)
...
006 (15756404.820.000) 2026-02-07 08:05:56 Image size of job updated: 703276
	560  -  MemoryUsage of job (MB)
	572684  -  ResidentSetSize of job (KB)
...
006 (15756404.820.000) 2026-02-07 09:21:03 Image size of job updated: 703276
	560  -  MemoryUsage of job (MB)
	572688  -  ResidentSetSize of job (KB)
...
006 (15756404.820.000) 2026-02-07 11:31:16 Image size of job updated: 703276
	560  -  MemoryUsage of job (MB)
	572764  -  ResidentSetSize of job (KB)
...
006 (15756404.820.000) 2026-02-07 11:46:17 Image size of job updated: 703276
	560  -  MemoryUsage of job (MB)
	572768  -  ResidentSetSize of job (KB)
...
005 (15756404.820.000) 2026-02-07 12:45:18 Job terminated.
	(1) Normal termination (return value 0)
		Usr 1 07:33:17, Sys 0 17:35:33  -  Run Remote Usage
		Usr 0 00:00:00, Sys 0 00:00:00  -  Run Local Usage
		Usr 1 07:33:17, Sys 0 17:35:33  -  Total Remote Usage
		Usr 0 00:00:00, Sys 0 00:00:00  -  Total Local Usage
	0  -  Run Bytes Sent By Job
	0  -  Run Bytes Received By Job
	0  -  Total Bytes Sent By Job
	0  -  Total Bytes Received By Job
	Partitionable Resources :    Usage  Request Allocated 
	   Cpus                 :     7.95        8         8 
	   Disk (KB)            :     1     1024000   1025025 
	   GPUs                 :                           0 
	   Memory (MB)          :   560       16384     16384 
	   TimeExecute (s)      : 33304                       
	   TimeSlotBusy (s)     : 33304                       

	Job terminated of its own accord at 2026-02-07T11:45:18Z with exit-code 0.
...
