000 (15756404.763.000) 2026-02-06 11:24:36 Job submitted from host: <141.34.103.35:9618?addrs=141.34.103.35-9618+[2001-638-700-f067--1-23]-9618&alias=wgs39.zeuthen.desy.de&noUDP&sock=schedd_7414_f73f>
...
001 (15756404.763.000) 2026-02-07 02:40:36 Job executing on host: <141.34.15.218:9618?addrs=141.34.15.218-9618+[2001-638-700-f00f--1-da]-9618&alias=pizza26.zeuthen.desy.de&noUDP&sock=startd_8315_fa13>
	SlotName: slot1_2@pizza26.zeuthen.desy.de
	CondorScratchDir = "/batch/dir_2780147"
	Cpus = 8
	Disk = 1025696
	GPUs = 0
	Memory = 16384
...
006 (15756404.763.000) 2026-02-07 02:40:49 Image size of job updated: 97472
	96  -  MemoryUsage of job (MB)
	97472  -  ResidentSetSize of job (KB)
...
006 (15756404.763.000) 2026-02-07 02:45:49 Image size of job updated: 763636
	546  -  MemoryUsage of job (MB)
	559104  -  ResidentSetSize of job (KB)
...
006 (15756404.763.000) 2026-02-07 02:50:49 Image size of job updated: 763636
	548  -  MemoryUsage of job (MB)
	560864  -  ResidentSetSize of job (KB)
...
006 (15756404.763.000) 2026-02-07 02:55:50 Image size of job updated: 763636
	548  -  MemoryUsage of job (MB)
	560868  -  ResidentSetSize of job (KB)
...
006 (15756404.763.000) 2026-02-07 03:00:50 Image size of job updated: 763636
	551  -  MemoryUsage of job (MB)
	563900  -  ResidentSetSize of job (KB)
...
006 (15756404.763.000) 2026-02-07 03:15:51 Image size of job updated: 763636
	554  -  MemoryUsage of job (MB)
	567024  -  ResidentSetSize of job (KB)
...
006 (15756404.763.000) 2026-02-07 04:00:54 Image size of job updated: 763636
	555  -  MemoryUsage of job (MB)
	567732  -  ResidentSetSize of job (KB)
...
006 (15756404.763.000) 2026-02-07 04:05:54 Image size of job updated: 763636
	555  -  MemoryUsage of job (MB)
	567736  -  ResidentSetSize of job (KB)
...
006 (15756404.763.000) 2026-02-07 04:20:55 Image size of job updated: 763636
	556  -  MemoryUsage of job (MB)
	568540  -  ResidentSetSize of job (KB)
...
006 (15756404.763.000) 2026-02-07 05:05:58 Image size of job updated: 763636
	556  -  MemoryUsage of job (MB)
	568580  -  ResidentSetSize of job (KB)
...
006 (15756404.763.000) 2026-02-07 05:15:59 Image size of job updated: 763636
	556  -  MemoryUsage of job (MB)
	569092  -  ResidentSetSize of job (KB)
...
006 (15756404.763.000) 2026-02-07 05:20:59 Image size of job updated: 763636
	557  -  MemoryUsage of job (MB)
	569348  -  ResidentSetSize of job (KB)
...
006 (15756404.763.000) 2026-02-07 05:31:00 Image size of job updated: 763636
	557  -  MemoryUsage of job (MB)
	569616  -  ResidentSetSize of job (KB)
...
006 (15756404.763.000) 2026-02-07 05:36:00 Image size of job updated: 763636
	557  -  MemoryUsage of job (MB)
	569876  -  ResidentSetSize of job (KB)
...
006 (15756404.763.000) 2026-02-07 05:41:01 Image size of job updated: 763636
	557  -  MemoryUsage of job (MB)
	570132  -  ResidentSetSize of job (KB)
...
006 (15756404.763.000) 2026-02-07 05:51:01 Image size of job updated: 763636
	558  -  MemoryUsage of job (MB)
	570388  -  ResidentSetSize of job (KB)
...
006 (15756404.763.000) 2026-02-07 05:56:02 Image size of job updated: 763636
	558  -  MemoryUsage of job (MB)
	570648  -  ResidentSetSize of job (KB)
...
006 (15756404.763.000) 2026-02-07 08:11:12 Image size of job updated: 763636
	558  -  MemoryUsage of job (MB)
	570652  -  ResidentSetSize of job (KB)
...
006 (15756404.763.000) 2026-02-07 10:26:25 Image size of job updated: 763636
	558  -  MemoryUsage of job (MB)
	570656  -  ResidentSetSize of job (KB)
...
005 (15756404.763.000) 2026-02-07 14:17:12 Job terminated.
	(1) Normal termination (return value 0)
		Usr 1 14:47:19, Sys 0 22:32:18  -  Run Remote Usage
		Usr 0 00:00:00, Sys 0 00:00:00  -  Run Local Usage
		Usr 1 14:47:19, Sys 0 22:32:18  -  Total Remote Usage
		Usr 0 00:00:00, Sys 0 00:00:00  -  Total Local Usage
	0  -  Run Bytes Sent By Job
	0  -  Run Bytes Received By Job
	0  -  Total Bytes Sent By Job
	0  -  Total Bytes Received By Job
	Partitionable Resources :    Usage  Request Allocated 
	   Cpus                 :     6.72        8         8 
	   Disk (KB)            :     1     1024000   1025696 
	   GPUs                 :                           0 
	   Memory (MB)          :   558       16384     16384 
	   TimeExecute (s)      : 41796                       
	   TimeSlotBusy (s)     : 41797                       

	Job terminated of its own accord at 2026-02-07T13:17:12Z with exit-code 0.
...
