~~~~~~~~~~~~~~~~~~~~~~~~~~~~~~

n_qubits: 90, 
r: 65, 
alpha: 0.01, 
shots: 10000, 
ansatz: linear_cnot, 
layer: 1, 
tau: 0.3

time for simulated annealing:  99.59624814987183
Rank 1: Bitstring=010001110111110100100100001111011111000101101001101101111111011101110000111011000000101110, Decimal=345698790196995900607541294, Energy=-67.766
Rank 2: Bitstring=110001110111110100100100001111011111010101101001101101111111011101110000111011000000101110, Decimal=964668809844189637684473902, Energy=-67.6238
Rank 3: Bitstring=010001110111110100100100001111011111000101101011101101111111011101110000101011000000101110, Decimal=345698790197004696700497966, Energy=-67.5598
Rank 4: Bitstring=110001110111110100100100001111011111010101101011101101111111011101110000101011000000101110, Decimal=964668809844198433777430574, Energy=-67.4176
Rank 5: Bitstring=010001110111110100000100001111011111000101001001101101111111011111110100110011000000101111, Decimal=345696429013613728331149359, Energy=-67.3884
Rank 6: Bitstring=010001110111110100100100001111011111000101001001101101111111011101110000110011000000101110, Decimal=345698790196855163119153198, Energy=-67.277
Rank 7: Bitstring=010101110111110100100100001111011111000101101001100101111111011101110000111011000000101110, Decimal=423070042652331618032922670, Energy=-67.253
Rank 8: Bitstring=110001110111110100000100001111011111010101001001101101111111011111110100110011000000101111, Decimal=964666448660807465408081967, Energy=-67.2462
Rank 9: Bitstring=010001010111110100100100001111011111000101101001101101111101010101010000111011000000101110, Decimal=336027383640078864919801902, Energy=-67.1908
Rank 10: Bitstring=010001110111110100000100001111011111000101001011101101111111011111110100100011000000101111, Decimal=345696429013622524424106031, Energy=-67.1822

E_min from simulated annealing:  -67.766
Minimum energy: -67.766
States with energy within 1e-08 of minimum: [345698790196995900607541294]
4


################## Start optimization with initial parameters: [0. 0. 0. 0. 0. 0. 0. 0. 0. 0. 0. 0. 0. 0. 0. 0. 0. 0. 0. 0. 0. 0. 0. 0.
 0. 0. 0. 0. 0. 0. 0. 0. 0. 0. 0. 0. 0. 0. 0. 0. 0. 0. 0. 0. 0. 0. 0. 0.
 0. 0. 0. 0. 0. 0. 0. 0. 0. 0. 0. 0. 0. 0. 0. 0. 0. 0. 0. 0. 0. 0. 0. 0.
 0. 0. 0. 0. 0. 0. 0. 0. 0. 0. 0. 0. 0. 0. 0. 0. 0. 0. 0. 0. 0. 0. 0. 0.
 0. 0. 0. 0. 0. 0. 0. 0. 0. 0. 0. 0. 0. 0. 0. 0. 0. 0. 0. 0. 0. 0. 0. 0.
 0. 0. 0. 0. 0. 0. 0. 0. 0. 0. 0. 0. 0. 0. 0. 0. 0. 0. 0. 0. 0. 0. 0. 0.
 0. 0. 0. 0. 0. 0. 0. 0. 0. 0. 0. 0. 0. 0. 0. 0. 0. 0. 0. 0. 0. 0. 0. 0.
 0. 0. 0. 0. 0. 0. 0. 0. 0. 0. 0. 0. 0. 0. 0. 0. 0. 0. 0. 0. 0. 0. 0. 0.
 0. 0. 0. 0. 0. 0. 0. 0. 0. 0. 0. 0. 0. 0. 0. 0. 0. 0. 0. 0. 0. 0. 0. 0.
 0. 0. 0. 0. 0. 0. 0. 0. 0. 0. 0. 0. 0. 0. 0. 0. 0. 0. 0. 0. 0. 0. 0. 0.
 0. 0. 0. 0. 0. 0. 0. 0. 0. 0. 0. 0. 0. 0. 0. 0. 0. 0. 0. 0. 0. 0. 0. 0.
 0. 0. 0. 0. 0. 0. 0. 0. 0. 0. 0. 0. 0. 0. 0. 0. 0. 0. 0. 0. 0. 0. 0. 0.
 0. 0. 0. 0. 0. 0. 0. 0. 0. 0. 0. 0. 0. 0. 0. 0. 0. 0. 0. 0. 0. 0. 0. 0.
 0. 0. 0. 0. 0. 0. 0. 0. 0. 0. 0. 0. 0. 0. 0. 0. 0. 0. 0. 0. 0. 0. 0. 0.
 0. 0. 0. 0. 0. 0. 0. 0. 0. 0. 0. 0. 0. 0. 0. 0. 0. 0. 0. 0. 0. 0. 0. 0.]
Write sucessfully to ./data/data_shots_10000_layer_1/alpha_0.01/N_90/r_65/ansatz_type_linear_cnot/initialization_zeros

vqe.cvar_eval[0]: -22.160682000000012 , min_cvar: -41.55331000000001 , opt_cvar: -41.55331000000001

vqe.poss_eval[-1]: 0 vqe.poss_eval[0] 0  , max_poss: 0 , opt_poss: 0

vqe.r_eval[-1]: 0.6057054865271674 vqe.r_eval[0]: 0.32701770799515995 max_r: 0.6131881769618984 , min_r: 0.2983073222559987
