000 (15756404.871.000) 2026-02-06 11:24:36 Job submitted from host: <141.34.103.35:9618?addrs=141.34.103.35-9618+[2001-638-700-f067--1-23]-9618&alias=wgs39.zeuthen.desy.de&noUDP&sock=schedd_7414_f73f>
...
001 (15756404.871.000) 2026-02-07 04:42:12 Job executing on host: <141.34.15.48:9618?addrs=141.34.15.48-9618+[2001-638-700-f00f--1-30]-9618&alias=pizza19.zeuthen.desy.de&noUDP&sock=startd_8419_4fed>
	SlotName: slot1_2@pizza19.zeuthen.desy.de
	CondorScratchDir = "/batch/dir_4142448"
	Cpus = 8
	Disk = 1025696
	GPUs = 0
	Memory = 16384
...
006 (15756404.871.000) 2026-02-07 04:42:26 Image size of job updated: 97508
	96  -  MemoryUsage of job (MB)
	97508  -  ResidentSetSize of job (KB)
...
006 (15756404.871.000) 2026-02-07 04:47:27 Image size of job updated: 592204
	550  -  MemoryUsage of job (MB)
	562640  -  ResidentSetSize of job (KB)
...
006 (15756404.871.000) 2026-02-07 04:52:28 Image size of job updated: 592204
	551  -  MemoryUsage of job (MB)
	564028  -  ResidentSetSize of job (KB)
...
006 (15756404.871.000) 2026-02-07 04:57:28 Image size of job updated: 592204
	552  -  MemoryUsage of job (MB)
	564940  -  ResidentSetSize of job (KB)
...
006 (15756404.871.000) 2026-02-07 05:02:29 Image size of job updated: 592204
	552  -  MemoryUsage of job (MB)
	564944  -  ResidentSetSize of job (KB)
...
006 (15756404.871.000) 2026-02-07 05:07:30 Image size of job updated: 592204
	553  -  MemoryUsage of job (MB)
	565916  -  ResidentSetSize of job (KB)
...
006 (15756404.871.000) 2026-02-07 05:37:33 Image size of job updated: 592204
	553  -  MemoryUsage of job (MB)
	565928  -  ResidentSetSize of job (KB)
...
006 (15756404.871.000) 2026-02-07 05:42:33 Image size of job updated: 592204
	556  -  MemoryUsage of job (MB)
	568728  -  ResidentSetSize of job (KB)
...
006 (15756404.871.000) 2026-02-07 05:47:33 Image size of job updated: 592204
	556  -  MemoryUsage of job (MB)
	568732  -  ResidentSetSize of job (KB)
...
006 (15756404.871.000) 2026-02-07 06:17:35 Image size of job updated: 592204
	556  -  MemoryUsage of job (MB)
	568916  -  ResidentSetSize of job (KB)
...
006 (15756404.871.000) 2026-02-07 06:22:36 Image size of job updated: 592204
	556  -  MemoryUsage of job (MB)
	568920  -  ResidentSetSize of job (KB)
...
006 (15756404.871.000) 2026-02-07 06:27:37 Image size of job updated: 592204
	556  -  MemoryUsage of job (MB)
	568924  -  ResidentSetSize of job (KB)
...
006 (15756404.871.000) 2026-02-07 06:32:37 Image size of job updated: 592204
	557  -  MemoryUsage of job (MB)
	569436  -  ResidentSetSize of job (KB)
...
006 (15756404.871.000) 2026-02-07 06:37:38 Image size of job updated: 592204
	557  -  MemoryUsage of job (MB)
	569692  -  ResidentSetSize of job (KB)
...
006 (15756404.871.000) 2026-02-07 06:42:39 Image size of job updated: 592204
	557  -  MemoryUsage of job (MB)
	569852  -  ResidentSetSize of job (KB)
...
006 (15756404.871.000) 2026-02-07 06:47:39 Image size of job updated: 592204
	557  -  MemoryUsage of job (MB)
	570208  -  ResidentSetSize of job (KB)
...
006 (15756404.871.000) 2026-02-07 06:52:40 Image size of job updated: 592204
	557  -  MemoryUsage of job (MB)
	570332  -  ResidentSetSize of job (KB)
...
006 (15756404.871.000) 2026-02-07 06:57:41 Image size of job updated: 592204
	558  -  MemoryUsage of job (MB)
	570720  -  ResidentSetSize of job (KB)
...
006 (15756404.871.000) 2026-02-07 08:47:51 Image size of job updated: 592204
	558  -  MemoryUsage of job (MB)
	570728  -  ResidentSetSize of job (KB)
...
006 (15756404.871.000) 2026-02-07 10:38:02 Image size of job updated: 592204
	558  -  MemoryUsage of job (MB)
	570940  -  ResidentSetSize of job (KB)
...
006 (15756404.871.000) 2026-02-07 10:43:03 Image size of job updated: 592204
	558  -  MemoryUsage of job (MB)
	571200  -  ResidentSetSize of job (KB)
...
006 (15756404.871.000) 2026-02-07 10:53:04 Image size of job updated: 592204
	558  -  MemoryUsage of job (MB)
	571204  -  ResidentSetSize of job (KB)
...
006 (15756404.871.000) 2026-02-07 12:58:17 Image size of job updated: 592204
	558  -  MemoryUsage of job (MB)
	571208  -  ResidentSetSize of job (KB)
...
005 (15756404.871.000) 2026-02-07 13:43:55 Job terminated.
	(1) Normal termination (return value 0)
		Usr 1 07:05:57, Sys 0 17:09:29  -  Run Remote Usage
		Usr 0 00:00:00, Sys 0 00:00:00  -  Run Local Usage
		Usr 1 07:05:57, Sys 0 17:09:29  -  Total Remote Usage
		Usr 0 00:00:00, Sys 0 00:00:00  -  Total Local Usage
	0  -  Run Bytes Sent By Job
	0  -  Run Bytes Received By Job
	0  -  Total Bytes Sent By Job
	0  -  Total Bytes Received By Job
	Partitionable Resources :    Usage  Request Allocated 
	   Cpus                 :     7.93        8         8 
	   Disk (KB)            :     1     1024000   1025696 
	   GPUs                 :                           0 
	   Memory (MB)          :   558       16384     16384 
	   TimeExecute (s)      : 32503                       
	   TimeSlotBusy (s)     : 32503                       

	Job terminated of its own accord at 2026-02-07T12:43:55Z with exit-code 0.
...
