000 (15756408.697.000) 2026-02-06 11:26:58 Job submitted from host: <141.34.103.35:9618?addrs=141.34.103.35-9618+[2001-638-700-f067--1-23]-9618&alias=wgs39.zeuthen.desy.de&noUDP&sock=schedd_7414_f73f>
...
009 (15756408.697.000) 2026-02-10 11:47:36 Job was aborted.
	via condor_rm (by user tuccia)
...
000 (15951004.465.000) 2026-02-10 16:30:04 Job submitted from host: <141.34.103.35:9618?addrs=141.34.103.35-9618+[2001-638-700-f067--1-23]-9618&alias=wgs39.zeuthen.desy.de&noUDP&sock=schedd_7302_24a3>
...
001 (15951004.465.000) 2026-02-10 18:29:53 Job executing on host: <141.34.103.53:9618?addrs=141.34.103.53-9618+[2001-638-700-f067--1-35]-9618&alias=wgs43.zeuthen.desy.de&noUDP&sock=startd_8324_266d>
	SlotName: slot1_11@wgs43.zeuthen.desy.de
	CondorScratchDir = "/batch/dir_3074514"
	Cpus = 1
	Disk = 1025025
	GPUs = 0
	Memory = 5120
...
006 (15951004.465.000) 2026-02-10 18:30:06 Image size of job updated: 97476
	96  -  MemoryUsage of job (MB)
	97476  -  ResidentSetSize of job (KB)
...
006 (15951004.465.000) 2026-02-10 18:35:06 Image size of job updated: 786512
	558  -  MemoryUsage of job (MB)
	570756  -  ResidentSetSize of job (KB)
...
006 (15951004.465.000) 2026-02-10 18:40:06 Image size of job updated: 786512
	558  -  MemoryUsage of job (MB)
	571100  -  ResidentSetSize of job (KB)
...
006 (15951004.465.000) 2026-02-10 18:45:07 Image size of job updated: 786512
	559  -  MemoryUsage of job (MB)
	571508  -  ResidentSetSize of job (KB)
...
006 (15951004.465.000) 2026-02-10 18:50:07 Image size of job updated: 786512
	559  -  MemoryUsage of job (MB)
	571932  -  ResidentSetSize of job (KB)
...
006 (15951004.465.000) 2026-02-10 18:55:07 Image size of job updated: 786512
	559  -  MemoryUsage of job (MB)
	572352  -  ResidentSetSize of job (KB)
...
006 (15951004.465.000) 2026-02-10 19:00:08 Image size of job updated: 786512
	560  -  MemoryUsage of job (MB)
	572756  -  ResidentSetSize of job (KB)
...
006 (15951004.465.000) 2026-02-10 19:05:08 Image size of job updated: 786512
	560  -  MemoryUsage of job (MB)
	573176  -  ResidentSetSize of job (KB)
...
006 (15951004.465.000) 2026-02-10 19:10:08 Image size of job updated: 786512
	561  -  MemoryUsage of job (MB)
	573580  -  ResidentSetSize of job (KB)
...
006 (15951004.465.000) 2026-02-10 19:15:09 Image size of job updated: 786512
	561  -  MemoryUsage of job (MB)
	573992  -  ResidentSetSize of job (KB)
...
006 (15951004.465.000) 2026-02-10 19:20:09 Image size of job updated: 786512
	582  -  MemoryUsage of job (MB)
	595896  -  ResidentSetSize of job (KB)
...
006 (15951004.465.000) 2026-02-10 19:45:11 Image size of job updated: 786512
	585  -  MemoryUsage of job (MB)
	598084  -  ResidentSetSize of job (KB)
...
006 (15951004.465.000) 2026-02-10 20:00:12 Image size of job updated: 786512
	586  -  MemoryUsage of job (MB)
	600004  -  ResidentSetSize of job (KB)
...
006 (15951004.465.000) 2026-02-10 20:45:15 Image size of job updated: 786512
	587  -  MemoryUsage of job (MB)
	600308  -  ResidentSetSize of job (KB)
...
006 (15951004.465.000) 2026-02-10 21:25:20 Image size of job updated: 786512
	587  -  MemoryUsage of job (MB)
	600360  -  ResidentSetSize of job (KB)
...
006 (15951004.465.000) 2026-02-10 22:50:30 Image size of job updated: 786512
	587  -  MemoryUsage of job (MB)
	600580  -  ResidentSetSize of job (KB)
...
006 (15951004.465.000) 2026-02-10 23:30:33 Image size of job updated: 786512
	607  -  MemoryUsage of job (MB)
	620948  -  ResidentSetSize of job (KB)
...
006 (15951004.465.000) 2026-02-10 23:35:33 Image size of job updated: 786512
	607  -  MemoryUsage of job (MB)
	620952  -  ResidentSetSize of job (KB)
...
