000 (15756407.682.000) 2026-02-06 11:26:11 Job submitted from host: <141.34.103.35:9618?addrs=141.34.103.35-9618+[2001-638-700-f067--1-23]-9618&alias=wgs39.zeuthen.desy.de&noUDP&sock=schedd_7414_f73f>
...
009 (15756407.682.000) 2026-02-10 11:42:40 Job was aborted.
	via condor_rm (by user tuccia)
...
000 (15949294.455.000) 2026-02-10 11:45:21 Job submitted from host: <141.34.103.35:9618?addrs=141.34.103.35-9618+[2001-638-700-f067--1-23]-9618&alias=wgs39.zeuthen.desy.de&noUDP&sock=schedd_7302_24a3>
...
009 (15949294.455.000) 2026-02-10 11:45:46 Job was aborted.
	via condor_rm (by user tuccia)
...
000 (15949295.455.000) 2026-02-10 11:46:05 Job submitted from host: <141.34.103.35:9618?addrs=141.34.103.35-9618+[2001-638-700-f067--1-23]-9618&alias=wgs39.zeuthen.desy.de&noUDP&sock=schedd_7302_24a3>
...
001 (15949295.455.000) 2026-02-12 11:11:39 Job executing on host: <141.34.15.43:9618?addrs=141.34.15.43-9618+[2001-638-700-f00f--1-2b]-9618&alias=pizza14.zeuthen.desy.de&noUDP&sock=startd_8340_1ff1>
	SlotName: slot1_9@pizza14.zeuthen.desy.de
	CondorScratchDir = "/batch/dir_2859216"
	Cpus = 8
	Disk = 1025696
	GPUs = 0
	Memory = 16384
...
006 (15949295.455.000) 2026-02-12 11:11:53 Image size of job updated: 97464
	96  -  MemoryUsage of job (MB)
	97464  -  ResidentSetSize of job (KB)
...
006 (15949295.455.000) 2026-02-12 11:16:54 Image size of job updated: 551124
	534  -  MemoryUsage of job (MB)
	546568  -  ResidentSetSize of job (KB)
...
006 (15949295.455.000) 2026-02-12 11:21:54 Image size of job updated: 551308
	534  -  MemoryUsage of job (MB)
	546572  -  ResidentSetSize of job (KB)
...
006 (15949295.455.000) 2026-02-12 11:26:55 Image size of job updated: 552052
	539  -  MemoryUsage of job (MB)
	551832  -  ResidentSetSize of job (KB)
...
006 (15949295.455.000) 2026-02-12 11:31:56 Image size of job updated: 552800
	539  -  MemoryUsage of job (MB)
	551832  -  ResidentSetSize of job (KB)
...
006 (15949295.455.000) 2026-02-12 11:36:56 Image size of job updated: 553160
	539  -  MemoryUsage of job (MB)
	551832  -  ResidentSetSize of job (KB)
...
006 (15949295.455.000) 2026-02-12 11:41:57 Image size of job updated: 553932
	539  -  MemoryUsage of job (MB)
	551832  -  ResidentSetSize of job (KB)
...
006 (15949295.455.000) 2026-02-12 11:46:58 Image size of job updated: 568856
	550  -  MemoryUsage of job (MB)
	562200  -  ResidentSetSize of job (KB)
...
006 (15949295.455.000) 2026-02-12 11:51:58 Image size of job updated: 568888
	551  -  MemoryUsage of job (MB)
	563644  -  ResidentSetSize of job (KB)
...
006 (15949295.455.000) 2026-02-12 11:57:00 Image size of job updated: 569416
	555  -  MemoryUsage of job (MB)
	568068  -  ResidentSetSize of job (KB)
...
006 (15949295.455.000) 2026-02-12 12:02:00 Image size of job updated: 570160
	555  -  MemoryUsage of job (MB)
	568260  -  ResidentSetSize of job (KB)
...
006 (15949295.455.000) 2026-02-12 12:07:00 Image size of job updated: 573296
	560  -  MemoryUsage of job (MB)
	572488  -  ResidentSetSize of job (KB)
...
006 (15949295.455.000) 2026-02-12 12:12:01 Image size of job updated: 573576
	560  -  MemoryUsage of job (MB)
	572488  -  ResidentSetSize of job (KB)
...
006 (15949295.455.000) 2026-02-12 13:12:08 Image size of job updated: 574144
	561  -  MemoryUsage of job (MB)
	574144  -  ResidentSetSize of job (KB)
...
006 (15949295.455.000) 2026-02-12 13:17:09 Image size of job updated: 574968
	562  -  MemoryUsage of job (MB)
	574940  -  ResidentSetSize of job (KB)
...
006 (15949295.455.000) 2026-02-12 13:22:09 Image size of job updated: 579300
	565  -  MemoryUsage of job (MB)
	577692  -  ResidentSetSize of job (KB)
...
006 (15949295.455.000) 2026-02-12 13:27:09 Image size of job updated: 579732
	565  -  MemoryUsage of job (MB)
	577692  -  ResidentSetSize of job (KB)
...
006 (15949295.455.000) 2026-02-12 13:32:10 Image size of job updated: 583868
	569  -  MemoryUsage of job (MB)
	581976  -  ResidentSetSize of job (KB)
...
006 (15949295.455.000) 2026-02-12 13:37:10 Image size of job updated: 587660
	574  -  MemoryUsage of job (MB)
	586984  -  ResidentSetSize of job (KB)
...
006 (15949295.455.000) 2026-02-12 13:42:10 Image size of job updated: 587944
	574  -  MemoryUsage of job (MB)
	587164  -  ResidentSetSize of job (KB)
...
006 (15949295.455.000) 2026-02-12 13:47:11 Image size of job updated: 595980
	581  -  MemoryUsage of job (MB)
	594372  -  ResidentSetSize of job (KB)
...
006 (15949295.455.000) 2026-02-12 13:52:11 Image size of job updated: 609360
	595  -  MemoryUsage of job (MB)
	609008  -  ResidentSetSize of job (KB)
...
006 (15949295.455.000) 2026-02-12 13:57:11 Image size of job updated: 610708
	596  -  MemoryUsage of job (MB)
	609456  -  ResidentSetSize of job (KB)
...
006 (15949295.455.000) 2026-02-12 14:02:12 Image size of job updated: 610708
	596  -  MemoryUsage of job (MB)
	610164  -  ResidentSetSize of job (KB)
...
006 (15949295.455.000) 2026-02-12 14:07:12 Image size of job updated: 638268
	623  -  MemoryUsage of job (MB)
	637208  -  ResidentSetSize of job (KB)
...
006 (15949295.455.000) 2026-02-12 14:12:12 Image size of job updated: 638280
	623  -  MemoryUsage of job (MB)
	637304  -  ResidentSetSize of job (KB)
...
006 (15949295.455.000) 2026-02-12 14:17:13 Image size of job updated: 642028
	627  -  MemoryUsage of job (MB)
	642028  -  ResidentSetSize of job (KB)
...
006 (15949295.455.000) 2026-02-12 14:22:13 Image size of job updated: 647856
	632  -  MemoryUsage of job (MB)
	646788  -  ResidentSetSize of job (KB)
...
006 (15949295.455.000) 2026-02-12 14:27:13 Image size of job updated: 653356
	639  -  MemoryUsage of job (MB)
	653356  -  ResidentSetSize of job (KB)
...
006 (15949295.455.000) 2026-02-12 14:32:14 Image size of job updated: 654204
	639  -  MemoryUsage of job (MB)
	654204  -  ResidentSetSize of job (KB)
...
006 (15949295.455.000) 2026-02-12 14:37:14 Image size of job updated: 654708
	640  -  MemoryUsage of job (MB)
	654476  -  ResidentSetSize of job (KB)
...
006 (15949295.455.000) 2026-02-12 14:42:14 Image size of job updated: 654752
	640  -  MemoryUsage of job (MB)
	654752  -  ResidentSetSize of job (KB)
...
006 (15949295.455.000) 2026-02-12 14:47:15 Image size of job updated: 654884
	640  -  MemoryUsage of job (MB)
	654752  -  ResidentSetSize of job (KB)
...
006 (15949295.455.000) 2026-02-12 14:52:15 Image size of job updated: 659236
	644  -  MemoryUsage of job (MB)
	659000  -  ResidentSetSize of job (KB)
...
006 (15949295.455.000) 2026-02-12 14:57:15 Image size of job updated: 659236
	644  -  MemoryUsage of job (MB)
	659028  -  ResidentSetSize of job (KB)
...
006 (15949295.455.000) 2026-02-12 15:02:16 Image size of job updated: 659236
	644  -  MemoryUsage of job (MB)
	659236  -  ResidentSetSize of job (KB)
...
006 (15949295.455.000) 2026-02-12 15:07:16 Image size of job updated: 659492
	644  -  MemoryUsage of job (MB)
	659376  -  ResidentSetSize of job (KB)
...
006 (15949295.455.000) 2026-02-12 15:12:16 Image size of job updated: 659492
	644  -  MemoryUsage of job (MB)
	659436  -  ResidentSetSize of job (KB)
...
006 (15949295.455.000) 2026-02-12 15:17:17 Image size of job updated: 659564
	645  -  MemoryUsage of job (MB)
	659496  -  ResidentSetSize of job (KB)
...
006 (15949295.455.000) 2026-02-12 15:22:18 Image size of job updated: 659892
	645  -  MemoryUsage of job (MB)
	659892  -  ResidentSetSize of job (KB)
...
006 (15949295.455.000) 2026-02-12 15:27:18 Image size of job updated: 660004
	645  -  MemoryUsage of job (MB)
	660004  -  ResidentSetSize of job (KB)
...
006 (15949295.455.000) 2026-02-12 15:32:19 Image size of job updated: 661396
	646  -  MemoryUsage of job (MB)
	661396  -  ResidentSetSize of job (KB)
...
006 (15949295.455.000) 2026-02-12 15:37:20 Image size of job updated: 661948
	647  -  MemoryUsage of job (MB)
	661948  -  ResidentSetSize of job (KB)
...
006 (15949295.455.000) 2026-02-12 15:42:20 Image size of job updated: 662908
	648  -  MemoryUsage of job (MB)
	662908  -  ResidentSetSize of job (KB)
...
006 (15949295.455.000) 2026-02-12 16:12:23 Image size of job updated: 679428
	664  -  MemoryUsage of job (MB)
	679428  -  ResidentSetSize of job (KB)
...
006 (15949295.455.000) 2026-02-12 16:32:25 Image size of job updated: 680320
	665  -  MemoryUsage of job (MB)
	680320  -  ResidentSetSize of job (KB)
...
006 (15949295.455.000) 2026-02-12 16:37:25 Image size of job updated: 680460
	665  -  MemoryUsage of job (MB)
	680460  -  ResidentSetSize of job (KB)
...
006 (15949295.455.000) 2026-02-12 16:42:26 Image size of job updated: 688976
	673  -  MemoryUsage of job (MB)
	688976  -  ResidentSetSize of job (KB)
...
006 (15949295.455.000) 2026-02-12 16:47:27 Image size of job updated: 689152
	673  -  MemoryUsage of job (MB)
	689152  -  ResidentSetSize of job (KB)
...
006 (15949295.455.000) 2026-02-12 16:52:27 Image size of job updated: 689244
	674  -  MemoryUsage of job (MB)
	689244  -  ResidentSetSize of job (KB)
...
006 (15949295.455.000) 2026-02-12 17:07:29 Image size of job updated: 689316
	674  -  MemoryUsage of job (MB)
	689316  -  ResidentSetSize of job (KB)
...
006 (15949295.455.000) 2026-02-12 17:22:30 Image size of job updated: 690864
	675  -  MemoryUsage of job (MB)
	690864  -  ResidentSetSize of job (KB)
...
006 (15949295.455.000) 2026-02-12 17:27:31 Image size of job updated: 691124
	675  -  MemoryUsage of job (MB)
	691124  -  ResidentSetSize of job (KB)
...
006 (15949295.455.000) 2026-02-12 17:37:32 Image size of job updated: 705324
	689  -  MemoryUsage of job (MB)
	705324  -  ResidentSetSize of job (KB)
...
006 (15949295.455.000) 2026-02-12 17:42:33 Image size of job updated: 707628
	692  -  MemoryUsage of job (MB)
	707628  -  ResidentSetSize of job (KB)
...
006 (15949295.455.000) 2026-02-12 17:52:34 Image size of job updated: 707692
	692  -  MemoryUsage of job (MB)
	707692  -  ResidentSetSize of job (KB)
...
006 (15949295.455.000) 2026-02-12 17:57:35 Image size of job updated: 707712
	692  -  MemoryUsage of job (MB)
	707712  -  ResidentSetSize of job (KB)
...
006 (15949295.455.000) 2026-02-12 18:02:35 Image size of job updated: 707756
	692  -  MemoryUsage of job (MB)
	707756  -  ResidentSetSize of job (KB)
...
006 (15949295.455.000) 2026-02-12 18:07:36 Image size of job updated: 708724
	693  -  MemoryUsage of job (MB)
	708724  -  ResidentSetSize of job (KB)
...
006 (15949295.455.000) 2026-02-12 18:12:36 Image size of job updated: 708760
	693  -  MemoryUsage of job (MB)
	708760  -  ResidentSetSize of job (KB)
...
006 (15949295.455.000) 2026-02-12 18:27:37 Image size of job updated: 708784
	693  -  MemoryUsage of job (MB)
	708784  -  ResidentSetSize of job (KB)
...
006 (15949295.455.000) 2026-02-12 18:32:37 Image size of job updated: 708796
	693  -  MemoryUsage of job (MB)
	708796  -  ResidentSetSize of job (KB)
...
006 (15949295.455.000) 2026-02-12 18:42:38 Image size of job updated: 710004
	694  -  MemoryUsage of job (MB)
	710004  -  ResidentSetSize of job (KB)
...
006 (15949295.455.000) 2026-02-12 18:47:39 Image size of job updated: 710144
	694  -  MemoryUsage of job (MB)
	710144  -  ResidentSetSize of job (KB)
...
006 (15949295.455.000) 2026-02-12 19:17:42 Image size of job updated: 711440
	695  -  MemoryUsage of job (MB)
	711440  -  ResidentSetSize of job (KB)
...
006 (15949295.455.000) 2026-02-12 19:22:42 Image size of job updated: 711672
	695  -  MemoryUsage of job (MB)
	711672  -  ResidentSetSize of job (KB)
...
006 (15949295.455.000) 2026-02-12 19:27:42 Image size of job updated: 712584
	696  -  MemoryUsage of job (MB)
	712584  -  ResidentSetSize of job (KB)
...
006 (15949295.455.000) 2026-02-12 19:32:43 Image size of job updated: 712776
	697  -  MemoryUsage of job (MB)
	712776  -  ResidentSetSize of job (KB)
...
006 (15949295.455.000) 2026-02-12 19:47:45 Image size of job updated: 712820
	697  -  MemoryUsage of job (MB)
	712820  -  ResidentSetSize of job (KB)
...
006 (15949295.455.000) 2026-02-12 20:12:47 Image size of job updated: 712860
	697  -  MemoryUsage of job (MB)
	712860  -  ResidentSetSize of job (KB)
...
006 (15949295.455.000) 2026-02-12 20:17:47 Image size of job updated: 714648
	698  -  MemoryUsage of job (MB)
	714648  -  ResidentSetSize of job (KB)
...
006 (15949295.455.000) 2026-02-12 20:22:48 Image size of job updated: 714996
	699  -  MemoryUsage of job (MB)
	714996  -  ResidentSetSize of job (KB)
...
006 (15949295.455.000) 2026-02-12 20:32:49 Image size of job updated: 715000
	699  -  MemoryUsage of job (MB)
	715000  -  ResidentSetSize of job (KB)
...
006 (15949295.455.000) 2026-02-12 20:42:50 Image size of job updated: 718996
	703  -  MemoryUsage of job (MB)
	718996  -  ResidentSetSize of job (KB)
...
006 (15949295.455.000) 2026-02-12 22:02:57 Image size of job updated: 778264
	751  -  MemoryUsage of job (MB)
	768284  -  ResidentSetSize of job (KB)
...
006 (15949295.455.000) 2026-02-12 22:07:58 Image size of job updated: 778804
	751  -  MemoryUsage of job (MB)
	768284  -  ResidentSetSize of job (KB)
...
006 (15949295.455.000) 2026-02-12 22:12:59 Image size of job updated: 778804
	754  -  MemoryUsage of job (MB)
	771356  -  ResidentSetSize of job (KB)
...
006 (15949295.455.000) 2026-02-12 22:17:59 Image size of job updated: 778940
	754  -  MemoryUsage of job (MB)
	771356  -  ResidentSetSize of job (KB)
...
006 (15949295.455.000) 2026-02-12 22:23:00 Image size of job updated: 778948
	754  -  MemoryUsage of job (MB)
	771356  -  ResidentSetSize of job (KB)
...
006 (15949295.455.000) 2026-02-12 22:28:00 Image size of job updated: 779052
	754  -  MemoryUsage of job (MB)
	771356  -  ResidentSetSize of job (KB)
...
006 (15949295.455.000) 2026-02-12 22:33:00 Image size of job updated: 779108
	754  -  MemoryUsage of job (MB)
	771356  -  ResidentSetSize of job (KB)
...
006 (15949295.455.000) 2026-02-12 22:48:01 Image size of job updated: 779120
	754  -  MemoryUsage of job (MB)
	771356  -  ResidentSetSize of job (KB)
...
006 (15949295.455.000) 2026-02-12 22:53:02 Image size of job updated: 779176
	754  -  MemoryUsage of job (MB)
	771356  -  ResidentSetSize of job (KB)
...
006 (15949295.455.000) 2026-02-12 23:13:04 Image size of job updated: 779176
	754  -  MemoryUsage of job (MB)
	772020  -  ResidentSetSize of job (KB)
...
006 (15949295.455.000) 2026-02-12 23:38:06 Image size of job updated: 779176
	761  -  MemoryUsage of job (MB)
	778864  -  ResidentSetSize of job (KB)
...
006 (15949295.455.000) 2026-02-12 23:53:07 Image size of job updated: 779228
	761  -  MemoryUsage of job (MB)
	778864  -  ResidentSetSize of job (KB)
...
006 (15949295.455.000) 2026-02-13 00:03:09 Image size of job updated: 779352
	762  -  MemoryUsage of job (MB)
	779352  -  ResidentSetSize of job (KB)
...
006 (15949295.455.000) 2026-02-13 00:08:09 Image size of job updated: 779396
	762  -  MemoryUsage of job (MB)
	779352  -  ResidentSetSize of job (KB)
...
006 (15949295.455.000) 2026-02-13 00:13:10 Image size of job updated: 779452
	762  -  MemoryUsage of job (MB)
	779352  -  ResidentSetSize of job (KB)
...
006 (15949295.455.000) 2026-02-13 02:58:26 Image size of job updated: 779524
	762  -  MemoryUsage of job (MB)
	779352  -  ResidentSetSize of job (KB)
...
006 (15949295.455.000) 2026-02-13 03:13:27 Image size of job updated: 779676
	762  -  MemoryUsage of job (MB)
	779352  -  ResidentSetSize of job (KB)
...
006 (15949295.455.000) 2026-02-13 03:23:28 Image size of job updated: 779780
	762  -  MemoryUsage of job (MB)
	779352  -  ResidentSetSize of job (KB)
...
006 (15949295.455.000) 2026-02-13 04:13:33 Image size of job updated: 779780
	762  -  MemoryUsage of job (MB)
	779412  -  ResidentSetSize of job (KB)
...
006 (15949295.455.000) 2026-02-13 04:53:37 Image size of job updated: 779832
	762  -  MemoryUsage of job (MB)
	779412  -  ResidentSetSize of job (KB)
...
006 (15949295.455.000) 2026-02-13 05:03:38 Image size of job updated: 779832
	762  -  MemoryUsage of job (MB)
	779828  -  ResidentSetSize of job (KB)
...
006 (15949295.455.000) 2026-02-13 05:28:40 Image size of job updated: 779864
	762  -  MemoryUsage of job (MB)
	779828  -  ResidentSetSize of job (KB)
...
006 (15949295.455.000) 2026-02-13 05:33:40 Image size of job updated: 779944
	762  -  MemoryUsage of job (MB)
	779828  -  ResidentSetSize of job (KB)
...
006 (15949295.455.000) 2026-02-13 05:38:41 Image size of job updated: 780376
	762  -  MemoryUsage of job (MB)
	779828  -  ResidentSetSize of job (KB)
...
006 (15949295.455.000) 2026-02-13 05:48:42 Image size of job updated: 780376
	762  -  MemoryUsage of job (MB)
	780192  -  ResidentSetSize of job (KB)
...
006 (15949295.455.000) 2026-02-13 06:43:48 Image size of job updated: 780468
	762  -  MemoryUsage of job (MB)
	780204  -  ResidentSetSize of job (KB)
...
006 (15949295.455.000) 2026-02-13 06:53:48 Image size of job updated: 780468
	763  -  MemoryUsage of job (MB)
	780344  -  ResidentSetSize of job (KB)
...
006 (15949295.455.000) 2026-02-13 07:03:49 Image size of job updated: 780604
	763  -  MemoryUsage of job (MB)
	780344  -  ResidentSetSize of job (KB)
...
006 (15949295.455.000) 2026-02-13 07:58:54 Image size of job updated: 780832
	763  -  MemoryUsage of job (MB)
	780344  -  ResidentSetSize of job (KB)
...
006 (15949295.455.000) 2026-02-13 08:08:56 Image size of job updated: 780832
	763  -  MemoryUsage of job (MB)
	780380  -  ResidentSetSize of job (KB)
...
006 (15949295.455.000) 2026-02-13 08:28:57 Image size of job updated: 780832
	763  -  MemoryUsage of job (MB)
	780644  -  ResidentSetSize of job (KB)
...
006 (15949295.455.000) 2026-02-13 08:33:58 Image size of job updated: 780888
	763  -  MemoryUsage of job (MB)
	780644  -  ResidentSetSize of job (KB)
...
006 (15949295.455.000) 2026-02-13 08:43:59 Image size of job updated: 780968
	763  -  MemoryUsage of job (MB)
	780644  -  ResidentSetSize of job (KB)
...
006 (15949295.455.000) 2026-02-13 08:54:00 Image size of job updated: 780968
	763  -  MemoryUsage of job (MB)
	780852  -  ResidentSetSize of job (KB)
...
006 (15949295.455.000) 2026-02-13 09:04:01 Image size of job updated: 780976
	763  -  MemoryUsage of job (MB)
	780852  -  ResidentSetSize of job (KB)
...
006 (15949295.455.000) 2026-02-13 09:14:02 Image size of job updated: 781236
	763  -  MemoryUsage of job (MB)
	780852  -  ResidentSetSize of job (KB)
...
006 (15949295.455.000) 2026-02-13 09:54:06 Image size of job updated: 781236
	763  -  MemoryUsage of job (MB)
	781028  -  ResidentSetSize of job (KB)
...
006 (15949295.455.000) 2026-02-13 10:39:11 Image size of job updated: 781268
	763  -  MemoryUsage of job (MB)
	781028  -  ResidentSetSize of job (KB)
...
006 (15949295.455.000) 2026-02-13 11:29:15 Image size of job updated: 781748
	763  -  MemoryUsage of job (MB)
	781028  -  ResidentSetSize of job (KB)
...
006 (15949295.455.000) 2026-02-13 11:34:16 Image size of job updated: 781756
	763  -  MemoryUsage of job (MB)
	781028  -  ResidentSetSize of job (KB)
...
006 (15949295.455.000) 2026-02-13 11:39:16 Image size of job updated: 781756
	763  -  MemoryUsage of job (MB)
	781176  -  ResidentSetSize of job (KB)
...
006 (15949295.455.000) 2026-02-13 12:09:19 Image size of job updated: 781756
	764  -  MemoryUsage of job (MB)
	781324  -  ResidentSetSize of job (KB)
...
006 (15949295.455.000) 2026-02-13 12:49:24 Image size of job updated: 781756
	764  -  MemoryUsage of job (MB)
	781488  -  ResidentSetSize of job (KB)
...
006 (15949295.455.000) 2026-02-13 13:09:26 Image size of job updated: 782432
	764  -  MemoryUsage of job (MB)
	782128  -  ResidentSetSize of job (KB)
...
006 (15949295.455.000) 2026-02-13 13:19:26 Image size of job updated: 782544
	764  -  MemoryUsage of job (MB)
	782128  -  ResidentSetSize of job (KB)
...
006 (15949295.455.000) 2026-02-14 04:25:56 Image size of job updated: 783096
	765  -  MemoryUsage of job (MB)
	783096  -  ResidentSetSize of job (KB)
...
006 (15949295.455.000) 2026-02-14 04:35:57 Image size of job updated: 783116
	765  -  MemoryUsage of job (MB)
	783096  -  ResidentSetSize of job (KB)
...
006 (15949295.455.000) 2026-02-14 05:05:59 Image size of job updated: 783172
	765  -  MemoryUsage of job (MB)
	783172  -  ResidentSetSize of job (KB)
...
006 (15949295.455.000) 2026-02-14 05:16:00 Image size of job updated: 783228
	765  -  MemoryUsage of job (MB)
	783172  -  ResidentSetSize of job (KB)
...
006 (15949295.455.000) 2026-02-14 05:21:01 Image size of job updated: 784268
	765  -  MemoryUsage of job (MB)
	783172  -  ResidentSetSize of job (KB)
...
006 (15949295.455.000) 2026-02-14 05:26:01 Image size of job updated: 784424
	765  -  MemoryUsage of job (MB)
	783172  -  ResidentSetSize of job (KB)
...
006 (15949295.455.000) 2026-02-14 05:31:02 Image size of job updated: 785636
	765  -  MemoryUsage of job (MB)
	783172  -  ResidentSetSize of job (KB)
...
006 (15949295.455.000) 2026-02-14 05:36:02 Image size of job updated: 785792
	765  -  MemoryUsage of job (MB)
	783172  -  ResidentSetSize of job (KB)
...
006 (15949295.455.000) 2026-02-14 06:01:04 Image size of job updated: 785792
	766  -  MemoryUsage of job (MB)
	783612  -  ResidentSetSize of job (KB)
...
006 (15949295.455.000) 2026-02-14 08:56:21 Image size of job updated: 785792
	767  -  MemoryUsage of job (MB)
	784684  -  ResidentSetSize of job (KB)
...
006 (15949295.455.000) 2026-02-14 09:06:22 Image size of job updated: 785792
	767  -  MemoryUsage of job (MB)
	784840  -  ResidentSetSize of job (KB)
...
006 (15949295.455.000) 2026-02-14 09:21:24 Image size of job updated: 785792
	767  -  MemoryUsage of job (MB)
	784888  -  ResidentSetSize of job (KB)
...
006 (15949295.455.000) 2026-02-14 10:16:29 Image size of job updated: 785792
	767  -  MemoryUsage of job (MB)
	784896  -  ResidentSetSize of job (KB)
...
021 (15949295.455.000) 2026-02-14 11:11:41 Error from starter on slot1_9@pizza14.zeuthen.desy.de:
	runtime exceeded maximum (target.Runtime seconds)
	Code 21 Subcode 103
...
004 (15949295.455.000) 2026-02-14 11:11:41 Job was evicted.
	(0) CPU times
		Usr 11 00:27:31, Sys 1 08:20:39  -  Run Remote Usage
		Usr 0 00:00:00, Sys 0 00:00:00  -  Run Local Usage
	0  -  Run Bytes Sent By Job
	0  -  Run Bytes Received By Job
	Error from slot1_9@pizza14.zeuthen.desy.de: runtime exceeded maximum (target.Runtime seconds)
	Partitionable Resources :     Usage  Request Allocated 
	   Cpus                 :      7.92        8         8 
	   Disk (KB)            :      1     1024000   1025696 
	   GPUs                 :                            0 
	   Memory (MB)          :    767       16384     16384 
	   TimeSlotBusy (s)     : 172802                       
...
012 (15949295.455.000) 2026-02-14 11:11:41 Job was held.
	Error from slot1_9@pizza14.zeuthen.desy.de: runtime exceeded maximum (target.Runtime seconds)
	Code 21 Subcode 103
...
009 (15949295.455.000) 2026-02-16 17:16:24 Job was aborted.
	via condor_rm (by user tuccia)
...
