000 (15756408.831.000) 2026-02-06 11:26:59 Job submitted from host: <141.34.103.35:9618?addrs=141.34.103.35-9618+[2001-638-700-f067--1-23]-9618&alias=wgs39.zeuthen.desy.de&noUDP&sock=schedd_7414_f73f>
...
009 (15756408.831.000) 2026-02-10 11:47:38 Job was aborted.
	via condor_rm (by user tuccia)
...
000 (15951004.554.000) 2026-02-10 16:30:05 Job submitted from host: <141.34.103.35:9618?addrs=141.34.103.35-9618+[2001-638-700-f067--1-23]-9618&alias=wgs39.zeuthen.desy.de&noUDP&sock=schedd_7302_24a3>
...
001 (15951004.554.000) 2026-02-10 18:30:58 Job executing on host: <141.34.15.179:9618?addrs=141.34.15.179-9618+[2001-638-700-f00f--1-b3]-9618&alias=genoa04.zeuthen.desy.de&noUDP&sock=startd_11819_6dee>
	SlotName: slot1_78@genoa04.zeuthen.desy.de
	CondorScratchDir = "/batch/dir_601216"
	Cpus = 1
	Disk = 1025697
	GPUs = 0
	Memory = 5120
...
006 (15951004.554.000) 2026-02-10 18:31:11 Image size of job updated: 95432
	94  -  MemoryUsage of job (MB)
	95432  -  ResidentSetSize of job (KB)
...
006 (15951004.554.000) 2026-02-10 18:36:11 Image size of job updated: 674556
	486  -  MemoryUsage of job (MB)
	496644  -  ResidentSetSize of job (KB)
...
006 (15951004.554.000) 2026-02-10 18:41:12 Image size of job updated: 674556
	488  -  MemoryUsage of job (MB)
	499376  -  ResidentSetSize of job (KB)
...
006 (15951004.554.000) 2026-02-10 18:46:12 Image size of job updated: 674556
	488  -  MemoryUsage of job (MB)
	499380  -  ResidentSetSize of job (KB)
...
006 (15951004.554.000) 2026-02-10 18:56:14 Image size of job updated: 674556
	488  -  MemoryUsage of job (MB)
	499396  -  ResidentSetSize of job (KB)
...
006 (15951004.554.000) 2026-02-10 19:01:14 Image size of job updated: 674556
	488  -  MemoryUsage of job (MB)
	499428  -  ResidentSetSize of job (KB)
...
006 (15951004.554.000) 2026-02-10 20:36:23 Image size of job updated: 674556
	488  -  MemoryUsage of job (MB)
	499468  -  ResidentSetSize of job (KB)
...
006 (15951004.554.000) 2026-02-10 20:41:23 Image size of job updated: 674556
	488  -  MemoryUsage of job (MB)
	499624  -  ResidentSetSize of job (KB)
...
006 (15951004.554.000) 2026-02-10 21:16:27 Image size of job updated: 674556
	489  -  MemoryUsage of job (MB)
	499780  -  ResidentSetSize of job (KB)
...
006 (15951004.554.000) 2026-02-10 21:26:28 Image size of job updated: 674556
	489  -  MemoryUsage of job (MB)
	499916  -  ResidentSetSize of job (KB)
...
006 (15951004.554.000) 2026-02-10 22:16:33 Image size of job updated: 674556
	489  -  MemoryUsage of job (MB)
	500384  -  ResidentSetSize of job (KB)
...
006 (15951004.554.000) 2026-02-10 22:51:37 Image size of job updated: 674556
	489  -  MemoryUsage of job (MB)
	500544  -  ResidentSetSize of job (KB)
...
006 (15951004.554.000) 2026-02-10 23:06:38 Image size of job updated: 674556
	490  -  MemoryUsage of job (MB)
	500856  -  ResidentSetSize of job (KB)
...
006 (15951004.554.000) 2026-02-11 09:12:36 Image size of job updated: 674556
	490  -  MemoryUsage of job (MB)
	501068  -  ResidentSetSize of job (KB)
...
004 (15951004.554.000) 2026-02-11 11:11:58 Job was evicted.
	(0) CPU times
		Usr 0 16:29:13, Sys 0 00:00:06  -  Run Remote Usage
		Usr 0 00:00:00, Sys 0 00:00:00  -  Run Local Usage
	0  -  Run Bytes Sent By Job
	0  -  Run Bytes Received By Job
	Partitionable Resources :    Usage  Request Allocated 
	   Cpus                 :     0.00        1         1 
	   Disk (KB)            :     1     1024000   1025697 
	   GPUs                 :                           0 
	   Memory (MB)          :   490        5120      5120 
	   TimeExecute (s)      : 60059                       
	   TimeSlotBusy (s)     : 60060                       
...
009 (15951004.554.000) 2026-02-11 11:11:59 Job was aborted.
	via condor_rm (by user tuccia)
...
000 (15988842.554.000) 2026-02-11 11:12:47 Job submitted from host: <141.34.103.35:9618?addrs=141.34.103.35-9618+[2001-638-700-f067--1-23]-9618&alias=wgs39.zeuthen.desy.de&noUDP&sock=schedd_7302_24a3>
...
001 (15988842.554.000) 2026-02-11 11:50:53 Job executing on host: <141.34.15.192:9618?addrs=141.34.15.192-9618+[2001-638-700-f00f--1-c0]-9618&alias=bladekb.zeuthen.desy.de&noUDP&sock=startd_9379_cad8>
	SlotName: slot1_20@bladekb.zeuthen.desy.de
	CondorScratchDir = "/batch/dir_3849838"
	Cpus = 1
	Disk = 1025024
	GPUs = 0
	Memory = 5120
...
006 (15988842.554.000) 2026-02-11 11:51:06 Image size of job updated: 95372
	94  -  MemoryUsage of job (MB)
	95372  -  ResidentSetSize of job (KB)
...
006 (15988842.554.000) 2026-02-11 11:56:06 Image size of job updated: 468908
	458  -  MemoryUsage of job (MB)
	468908  -  ResidentSetSize of job (KB)
...
006 (15988842.554.000) 2026-02-11 12:01:06 Image size of job updated: 492376
	481  -  MemoryUsage of job (MB)
	492376  -  ResidentSetSize of job (KB)
...
006 (15988842.554.000) 2026-02-11 12:06:07 Image size of job updated: 494868
	484  -  MemoryUsage of job (MB)
	494868  -  ResidentSetSize of job (KB)
...
006 (15988842.554.000) 2026-02-11 12:11:07 Image size of job updated: 495012
	484  -  MemoryUsage of job (MB)
	495012  -  ResidentSetSize of job (KB)
...
006 (15988842.554.000) 2026-02-11 12:16:07 Image size of job updated: 495016
	484  -  MemoryUsage of job (MB)
	495016  -  ResidentSetSize of job (KB)
...
006 (15988842.554.000) 2026-02-11 12:31:08 Image size of job updated: 495036
	484  -  MemoryUsage of job (MB)
	495036  -  ResidentSetSize of job (KB)
...
006 (15988842.554.000) 2026-02-11 12:41:09 Image size of job updated: 495044
	484  -  MemoryUsage of job (MB)
	495044  -  ResidentSetSize of job (KB)
...
006 (15988842.554.000) 2026-02-11 14:11:16 Image size of job updated: 495048
	484  -  MemoryUsage of job (MB)
	495048  -  ResidentSetSize of job (KB)
...
006 (15988842.554.000) 2026-02-11 15:41:28 Image size of job updated: 495052
	484  -  MemoryUsage of job (MB)
	495052  -  ResidentSetSize of job (KB)
...
006 (15988842.554.000) 2026-02-11 17:36:37 Image size of job updated: 495152
	484  -  MemoryUsage of job (MB)
	495152  -  ResidentSetSize of job (KB)
...
006 (15988842.554.000) 2026-02-11 19:31:49 Image size of job updated: 495264
	484  -  MemoryUsage of job (MB)
	495264  -  ResidentSetSize of job (KB)
...
006 (15988842.554.000) 2026-02-11 19:46:50 Image size of job updated: 495308
	484  -  MemoryUsage of job (MB)
	495308  -  ResidentSetSize of job (KB)
...
006 (15988842.554.000) 2026-02-11 20:16:53 Image size of job updated: 495320
	484  -  MemoryUsage of job (MB)
	495320  -  ResidentSetSize of job (KB)
...
006 (15988842.554.000) 2026-02-11 22:07:05 Image size of job updated: 495376
	484  -  MemoryUsage of job (MB)
	495376  -  ResidentSetSize of job (KB)
...
006 (15988842.554.000) 2026-02-12 01:57:28 Image size of job updated: 495532
	484  -  MemoryUsage of job (MB)
	495532  -  ResidentSetSize of job (KB)
...
006 (15988842.554.000) 2026-02-12 03:12:36 Image size of job updated: 495536
	484  -  MemoryUsage of job (MB)
	495536  -  ResidentSetSize of job (KB)
...
006 (15988842.554.000) 2026-02-12 03:27:38 Image size of job updated: 495692
	485  -  MemoryUsage of job (MB)
	495692  -  ResidentSetSize of job (KB)
...
006 (15988842.554.000) 2026-02-12 03:32:38 Image size of job updated: 496008
	485  -  MemoryUsage of job (MB)
	496008  -  ResidentSetSize of job (KB)
...
006 (15988842.554.000) 2026-02-12 03:42:40 Image size of job updated: 496632
	485  -  MemoryUsage of job (MB)
	496632  -  ResidentSetSize of job (KB)
...
006 (15988842.554.000) 2026-02-12 10:28:16 Image size of job updated: 496788
	486  -  MemoryUsage of job (MB)
	496788  -  ResidentSetSize of job (KB)
...
006 (15988842.554.000) 2026-02-12 16:08:53 Image size of job updated: 496896
	486  -  MemoryUsage of job (MB)
	496788  -  ResidentSetSize of job (KB)
...
006 (15988842.554.000) 2026-02-12 16:48:58 Image size of job updated: 496984
	486  -  MemoryUsage of job (MB)
	496788  -  ResidentSetSize of job (KB)
...
006 (15988842.554.000) 2026-02-12 17:03:59 Image size of job updated: 497040
	486  -  MemoryUsage of job (MB)
	496788  -  ResidentSetSize of job (KB)
...
006 (15988842.554.000) 2026-02-12 17:34:01 Image size of job updated: 497132
	486  -  MemoryUsage of job (MB)
	496788  -  ResidentSetSize of job (KB)
...
006 (15988842.554.000) 2026-02-12 17:54:03 Image size of job updated: 497256
	486  -  MemoryUsage of job (MB)
	496788  -  ResidentSetSize of job (KB)
...
006 (15988842.554.000) 2026-02-12 18:14:06 Image size of job updated: 497392
	486  -  MemoryUsage of job (MB)
	496788  -  ResidentSetSize of job (KB)
...
006 (15988842.554.000) 2026-02-12 18:29:08 Image size of job updated: 497400
	486  -  MemoryUsage of job (MB)
	496788  -  ResidentSetSize of job (KB)
...
006 (15988842.554.000) 2026-02-12 21:44:27 Image size of job updated: 497400
	486  -  MemoryUsage of job (MB)
	496840  -  ResidentSetSize of job (KB)
...
021 (15988842.554.000) 2026-02-13 11:50:56 Error from starter on slot1_20@bladekb.zeuthen.desy.de:
	runtime exceeded maximum (target.Runtime seconds)
	Code 21 Subcode 103
...
004 (15988842.554.000) 2026-02-13 11:50:56 Job was evicted.
	(0) CPU times
		Usr 1 23:48:03, Sys 0 00:00:07  -  Run Remote Usage
		Usr 0 00:00:00, Sys 0 00:00:00  -  Run Local Usage
	0  -  Run Bytes Sent By Job
	0  -  Run Bytes Received By Job
	Error from slot1_20@bladekb.zeuthen.desy.de: runtime exceeded maximum (target.Runtime seconds)
	Partitionable Resources :     Usage  Request Allocated 
	   Cpus                 :      1.00        1         1 
	   Disk (KB)            :      1     1024000   1025024 
	   GPUs                 :                            0 
	   Memory (MB)          :    486        5120      5120 
	   TimeSlotBusy (s)     : 172804                       
...
012 (15988842.554.000) 2026-02-13 11:50:56 Job was held.
	Error from slot1_20@bladekb.zeuthen.desy.de: runtime exceeded maximum (target.Runtime seconds)
	Code 21 Subcode 103
...
009 (15988842.554.000) 2026-02-16 17:16:37 Job was aborted.
	via condor_rm (by user tuccia)
...
000 (16309174.177.000) 2026-02-18 10:42:58 Job submitted from host: <141.34.103.35:9618?addrs=141.34.103.35-9618+[2001-638-700-f067--1-23]-9618&alias=wgs39.zeuthen.desy.de&noUDP&sock=schedd_7302_24a3>
...
001 (16309174.177.000) 2026-02-18 10:43:17 Job executing on host: <141.34.15.180:9618?addrs=141.34.15.180-9618+[2001-638-700-f00f--1-b4]-9618&alias=genoa05.zeuthen.desy.de&noUDP&sock=startd_10367_7a6a>
	SlotName: slot1_20@genoa05.zeuthen.desy.de
	CondorScratchDir = "/batch/dir_587713"
	Cpus = 1
	Disk = 1025697
	GPUs = 0
	Memory = 5120
...
006 (16309174.177.000) 2026-02-18 10:43:30 Image size of job updated: 95456
	94  -  MemoryUsage of job (MB)
	95456  -  ResidentSetSize of job (KB)
...
006 (16309174.177.000) 2026-02-18 10:48:30 Image size of job updated: 567432
	485  -  MemoryUsage of job (MB)
	496296  -  ResidentSetSize of job (KB)
...
006 (16309174.177.000) 2026-02-18 10:53:31 Image size of job updated: 567432
	488  -  MemoryUsage of job (MB)
	498804  -  ResidentSetSize of job (KB)
...
006 (16309174.177.000) 2026-02-18 10:58:32 Image size of job updated: 567432
	488  -  MemoryUsage of job (MB)
	498828  -  ResidentSetSize of job (KB)
...
006 (16309174.177.000) 2026-02-18 11:03:32 Image size of job updated: 567432
	488  -  MemoryUsage of job (MB)
	498832  -  ResidentSetSize of job (KB)
...
006 (16309174.177.000) 2026-02-18 11:08:33 Image size of job updated: 567432
	488  -  MemoryUsage of job (MB)
	498836  -  ResidentSetSize of job (KB)
...
006 (16309174.177.000) 2026-02-18 11:28:36 Image size of job updated: 567432
	488  -  MemoryUsage of job (MB)
	498840  -  ResidentSetSize of job (KB)
...
006 (16309174.177.000) 2026-02-18 11:58:40 Image size of job updated: 567432
	488  -  MemoryUsage of job (MB)
	498864  -  ResidentSetSize of job (KB)
...
006 (16309174.177.000) 2026-02-18 12:23:43 Image size of job updated: 567432
	488  -  MemoryUsage of job (MB)
	498872  -  ResidentSetSize of job (KB)
...
006 (16309174.177.000) 2026-02-18 12:48:46 Image size of job updated: 567432
	488  -  MemoryUsage of job (MB)
	498904  -  ResidentSetSize of job (KB)
...
006 (16309174.177.000) 2026-02-18 13:33:50 Image size of job updated: 567432
	488  -  MemoryUsage of job (MB)
	498932  -  ResidentSetSize of job (KB)
...
006 (16309174.177.000) 2026-02-18 15:44:01 Image size of job updated: 567432
	488  -  MemoryUsage of job (MB)
	499024  -  ResidentSetSize of job (KB)
...
006 (16309174.177.000) 2026-02-18 15:49:01 Image size of job updated: 567432
	488  -  MemoryUsage of job (MB)
	499080  -  ResidentSetSize of job (KB)
...
006 (16309174.177.000) 2026-02-18 15:54:01 Image size of job updated: 567432
	488  -  MemoryUsage of job (MB)
	499180  -  ResidentSetSize of job (KB)
...
006 (16309174.177.000) 2026-02-18 18:09:17 Image size of job updated: 567432
	488  -  MemoryUsage of job (MB)
	499236  -  ResidentSetSize of job (KB)
...
006 (16309174.177.000) 2026-02-18 18:34:21 Image size of job updated: 567432
	488  -  MemoryUsage of job (MB)
	499548  -  ResidentSetSize of job (KB)
...
006 (16309174.177.000) 2026-02-18 19:49:31 Image size of job updated: 567432
	489  -  MemoryUsage of job (MB)
	499864  -  ResidentSetSize of job (KB)
...
006 (16309174.177.000) 2026-02-18 21:04:41 Image size of job updated: 567432
	489  -  MemoryUsage of job (MB)
	500332  -  ResidentSetSize of job (KB)
...
006 (16309174.177.000) 2026-02-19 10:35:53 Image size of job updated: 567432
	489  -  MemoryUsage of job (MB)
	500700  -  ResidentSetSize of job (KB)
...
006 (16309174.177.000) 2026-02-20 00:47:24 Image size of job updated: 567432
	489  -  MemoryUsage of job (MB)
	500704  -  ResidentSetSize of job (KB)
...
006 (16309174.177.000) 2026-02-20 02:37:35 Image size of job updated: 567432
	490  -  MemoryUsage of job (MB)
	501008  -  ResidentSetSize of job (KB)
...
022 (16309174.177.000) 2026-02-20 03:44:37 Job disconnected, attempting to reconnect
    Local schedd and job shadow died, schedd now running again
    Trying to reconnect to slot1_20@genoa05.zeuthen.desy.de <141.34.15.180:9618?addrs=141.34.15.180-9618+[2001-638-700-f00f--1-b4]-9618&alias=genoa05.zeuthen.desy.de&noUDP&sock=startd_10367_7a6a>
...
023 (16309174.177.000) 2026-02-20 03:44:45 Job reconnected to slot1_20@genoa05.zeuthen.desy.de
    startd address: <141.34.15.180:9618?addrs=141.34.15.180-9618+[2001-638-700-f00f--1-b4]-9618&alias=genoa05.zeuthen.desy.de&noUDP&sock=startd_10367_7a6a>
    starter address: <141.34.15.180:9618?addrs=141.34.15.180-9618+[2001-638-700-f00f--1-b4]-9618&alias=genoa05.zeuthen.desy.de&noUDP&sock=slot1_20_10951_b856_30734>
...
004 (16309174.177.000) 2026-02-20 10:33:18 Job was evicted.
	(0) CPU times
		Usr 1 23:23:31, Sys 0 00:00:26  -  Run Remote Usage
		Usr 0 00:00:00, Sys 0 00:00:00  -  Run Local Usage
	0  -  Run Bytes Sent By Job
	0  -  Run Bytes Received By Job
	Partitionable Resources :         Usage  Request Allocated 
	   Cpus                 :          0.99        1         1 
	   Disk (KB)            :          1     1024000   1025697 
	   Memory (MB)          :        733        5120      5120 
	   TimeExecute (s)      : 1771579997                       
	   TimeSlotBusy (s)     : 1771579998                       
...
001 (16309174.177.000) 2026-02-20 10:34:02 Job executing on host: <141.34.15.44:9618?addrs=141.34.15.44-9618+[2001-638-700-f00f--1-2c]-9618&alias=pizza15.zeuthen.desy.de&noUDP&sock=startd_9131_af5b>
	SlotName: slot1_7@pizza15.zeuthen.desy.de
	CondorScratchDir = "/batch/dir_984174"
	Cpus = 1
	Disk = 1025696
	GPUs = 0
	Memory = 5120
...
005 (16309174.177.000) 2026-02-21 02:15:23 Job terminated.
	(1) Normal termination (return value 135)
		Usr 0 15:33:50, Sys 0 00:00:04  -  Run Remote Usage
		Usr 0 00:00:00, Sys 0 00:00:00  -  Run Local Usage
		Usr 4 07:18:12, Sys 0 00:00:55  -  Total Remote Usage
		Usr 0 00:00:00, Sys 0 00:00:00  -  Total Local Usage
	0  -  Run Bytes Sent By Job
	0  -  Run Bytes Received By Job
	0  -  Total Bytes Sent By Job
	0  -  Total Bytes Received By Job
	Partitionable Resources :    Usage  Request Allocated 
	   Cpus                 :     0.99        1         1 
	   Disk (KB)            :     1     1024000   1025696 
	   GPUs                 :                           0 
	   Memory (MB)          :   733        5120      5120 
	   TimeExecute (s)      : 56481                       
	   TimeSlotBusy (s)     : 56481                       

	Job terminated of its own accord at 2026-02-21T01:15:23Z with exit-code 135.
...
000 (16619852.177.000) 2026-02-23 19:30:03 Job submitted from host: <141.34.103.35:9618?addrs=141.34.103.35-9618+[2001-638-700-f067--1-23]-9618&alias=wgs39.zeuthen.desy.de&noUDP&sock=schedd_7302_24a3>
...
001 (16619852.177.000) 2026-02-23 19:30:25 Job executing on host: <141.34.15.84:9618?addrs=141.34.15.84-9618+[2001-638-700-f00f--1-54]-9618&alias=genoa08.zeuthen.desy.de&noUDP&sock=startd_10285_3ba6>
	SlotName: slot1_15@genoa08.zeuthen.desy.de
	CondorScratchDir = "/batch/dir_432682"
	Cpus = 1
	Disk = 1025681
	GPUs = 0
	Memory = 5120
...
006 (16619852.177.000) 2026-02-23 19:30:39 Image size of job updated: 95440
	94  -  MemoryUsage of job (MB)
	95440  -  ResidentSetSize of job (KB)
...
006 (16619852.177.000) 2026-02-23 19:35:39 Image size of job updated: 497340
	486  -  MemoryUsage of job (MB)
	497340  -  ResidentSetSize of job (KB)
...
006 (16619852.177.000) 2026-02-23 19:40:39 Image size of job updated: 499860
	489  -  MemoryUsage of job (MB)
	499860  -  ResidentSetSize of job (KB)
...
006 (16619852.177.000) 2026-02-23 19:45:40 Image size of job updated: 499884
	489  -  MemoryUsage of job (MB)
	499884  -  ResidentSetSize of job (KB)
...
006 (16619852.177.000) 2026-02-23 19:50:41 Image size of job updated: 499896
	489  -  MemoryUsage of job (MB)
	499896  -  ResidentSetSize of job (KB)
...
006 (16619852.177.000) 2026-02-23 20:00:42 Image size of job updated: 499924
	489  -  MemoryUsage of job (MB)
	499924  -  ResidentSetSize of job (KB)
...
006 (16619852.177.000) 2026-02-23 22:10:56 Image size of job updated: 499988
	489  -  MemoryUsage of job (MB)
	499988  -  ResidentSetSize of job (KB)
...
006 (16619852.177.000) 2026-02-23 22:15:56 Image size of job updated: 500068
	489  -  MemoryUsage of job (MB)
	500068  -  ResidentSetSize of job (KB)
...
006 (16619852.177.000) 2026-02-23 22:20:57 Image size of job updated: 500148
	489  -  MemoryUsage of job (MB)
	500148  -  ResidentSetSize of job (KB)
...
006 (16619852.177.000) 2026-02-23 22:25:58 Image size of job updated: 500212
	489  -  MemoryUsage of job (MB)
	500212  -  ResidentSetSize of job (KB)
...
006 (16619852.177.000) 2026-02-23 22:41:00 Image size of job updated: 502472
	491  -  MemoryUsage of job (MB)
	502472  -  ResidentSetSize of job (KB)
...
006 (16619852.177.000) 2026-02-23 23:11:04 Image size of job updated: 502480
	491  -  MemoryUsage of job (MB)
	502480  -  ResidentSetSize of job (KB)
...
006 (16619852.177.000) 2026-02-23 23:16:04 Image size of job updated: 502536
	491  -  MemoryUsage of job (MB)
	502536  -  ResidentSetSize of job (KB)
...
006 (16619852.177.000) 2026-02-23 23:36:07 Image size of job updated: 502576
	491  -  MemoryUsage of job (MB)
	502576  -  ResidentSetSize of job (KB)
...
006 (16619852.177.000) 2026-02-24 00:26:12 Image size of job updated: 502676
	491  -  MemoryUsage of job (MB)
	502676  -  ResidentSetSize of job (KB)
...
006 (16619852.177.000) 2026-02-24 00:41:14 Image size of job updated: 502776
	491  -  MemoryUsage of job (MB)
	502776  -  ResidentSetSize of job (KB)
...
006 (16619852.177.000) 2026-02-24 00:46:14 Image size of job updated: 502856
	492  -  MemoryUsage of job (MB)
	502856  -  ResidentSetSize of job (KB)
...
006 (16619852.177.000) 2026-02-24 01:16:17 Image size of job updated: 502968
	492  -  MemoryUsage of job (MB)
	502968  -  ResidentSetSize of job (KB)
...
006 (16619852.177.000) 2026-02-24 02:11:25 Image size of job updated: 503280
	492  -  MemoryUsage of job (MB)
	503280  -  ResidentSetSize of job (KB)
...
006 (16619852.177.000) 2026-02-24 03:31:35 Image size of job updated: 503436
	492  -  MemoryUsage of job (MB)
	503436  -  ResidentSetSize of job (KB)
...
006 (16619852.177.000) 2026-02-24 05:31:45 Image size of job updated: 503748
	492  -  MemoryUsage of job (MB)
	503748  -  ResidentSetSize of job (KB)
...
006 (16619852.177.000) 2026-02-24 05:56:48 Image size of job updated: 503904
	493  -  MemoryUsage of job (MB)
	503904  -  ResidentSetSize of job (KB)
...
006 (16619852.177.000) 2026-02-24 07:01:55 Image size of job updated: 504060
	493  -  MemoryUsage of job (MB)
	504060  -  ResidentSetSize of job (KB)
...
022 (16619852.177.000) 2026-02-24 08:04:09 Job disconnected, attempting to reconnect
    Local schedd and job shadow died, schedd now running again
    Trying to reconnect to slot1_15@genoa08.zeuthen.desy.de <141.34.15.84:9618?addrs=141.34.15.84-9618+[2001-638-700-f00f--1-54]-9618&alias=genoa08.zeuthen.desy.de&noUDP&sock=startd_10285_3ba6>
...
023 (16619852.177.000) 2026-02-24 08:04:19 Job reconnected to slot1_15@genoa08.zeuthen.desy.de
    startd address: <141.34.15.84:9618?addrs=141.34.15.84-9618+[2001-638-700-f00f--1-54]-9618&alias=genoa08.zeuthen.desy.de&noUDP&sock=startd_10285_3ba6>
    starter address: <141.34.15.84:9618?addrs=141.34.15.84-9618+[2001-638-700-f00f--1-54]-9618&alias=genoa08.zeuthen.desy.de&noUDP&sock=slot1_15_10860_9a33_2065>
...
005 (16619852.177.000) 2026-02-27 16:11:36 Job terminated.
	(1) Normal termination (return value 0)
		Usr 3 19:36:13, Sys 0 00:00:14  -  Run Remote Usage
		Usr 0 00:00:00, Sys 0 00:00:00  -  Run Local Usage
		Usr 4 07:40:26, Sys 0 00:00:18  -  Total Remote Usage
		Usr 0 00:00:00, Sys 0 00:00:00  -  Total Local Usage
	0  -  Run Bytes Sent By Job
	0  -  Run Bytes Received By Job
	0  -  Total Bytes Sent By Job
	0  -  Total Bytes Received By Job
	Partitionable Resources :         Usage  Request Allocated 
	   Cpus                 :          0.99        1         1 
	   Disk (KB)            :          1     1024000   1025681 
	   Memory (MB)          :        733        5120      5120 
	   TimeExecute (s)      : 1772205096                       
	   TimeSlotBusy (s)     : 1772205096                       

	Job terminated of its own accord at 2026-02-27T15:11:36Z with exit-code 0.
...
