000 (15756404.694.000) 2026-02-06 11:24:35 Job submitted from host: <141.34.103.35:9618?addrs=141.34.103.35-9618+[2001-638-700-f067--1-23]-9618&alias=wgs39.zeuthen.desy.de&noUDP&sock=schedd_7414_f73f>
...
001 (15756404.694.000) 2026-02-07 01:41:40 Job executing on host: <141.34.15.200:9618?addrs=141.34.15.200-9618+[2001-638-700-f00f--1-c8]-9618&alias=pizza02.zeuthen.desy.de&noUDP&sock=startd_8244_46da>
	SlotName: slot1_2@pizza02.zeuthen.desy.de
	CondorScratchDir = "/batch/dir_3093363"
	Cpus = 8
	Disk = 1025696
	GPUs = 0
	Memory = 16384
...
006 (15756404.694.000) 2026-02-07 01:41:54 Image size of job updated: 97488
	96  -  MemoryUsage of job (MB)
	97488  -  ResidentSetSize of job (KB)
...
006 (15756404.694.000) 2026-02-07 01:46:55 Image size of job updated: 614856
	548  -  MemoryUsage of job (MB)
	560980  -  ResidentSetSize of job (KB)
...
006 (15756404.694.000) 2026-02-07 01:51:56 Image size of job updated: 614856
	548  -  MemoryUsage of job (MB)
	560984  -  ResidentSetSize of job (KB)
...
006 (15756404.694.000) 2026-02-07 01:56:56 Image size of job updated: 614856
	553  -  MemoryUsage of job (MB)
	565420  -  ResidentSetSize of job (KB)
...
006 (15756404.694.000) 2026-02-07 02:01:57 Image size of job updated: 614856
	553  -  MemoryUsage of job (MB)
	566088  -  ResidentSetSize of job (KB)
...
006 (15756404.694.000) 2026-02-07 02:06:58 Image size of job updated: 614856
	553  -  MemoryUsage of job (MB)
	566092  -  ResidentSetSize of job (KB)
...
006 (15756404.694.000) 2026-02-07 02:52:04 Image size of job updated: 614856
	554  -  MemoryUsage of job (MB)
	566820  -  ResidentSetSize of job (KB)
...
006 (15756404.694.000) 2026-02-07 03:02:05 Image size of job updated: 614856
	555  -  MemoryUsage of job (MB)
	568236  -  ResidentSetSize of job (KB)
...
006 (15756404.694.000) 2026-02-07 03:12:06 Image size of job updated: 614856
	555  -  MemoryUsage of job (MB)
	568280  -  ResidentSetSize of job (KB)
...
006 (15756404.694.000) 2026-02-07 03:52:12 Image size of job updated: 614856
	556  -  MemoryUsage of job (MB)
	568484  -  ResidentSetSize of job (KB)
...
006 (15756404.694.000) 2026-02-07 03:57:12 Image size of job updated: 614856
	556  -  MemoryUsage of job (MB)
	568740  -  ResidentSetSize of job (KB)
...
006 (15756404.694.000) 2026-02-07 04:02:13 Image size of job updated: 614856
	556  -  MemoryUsage of job (MB)
	568996  -  ResidentSetSize of job (KB)
...
006 (15756404.694.000) 2026-02-07 04:07:14 Image size of job updated: 614856
	556  -  MemoryUsage of job (MB)
	569252  -  ResidentSetSize of job (KB)
...
006 (15756404.694.000) 2026-02-07 04:12:14 Image size of job updated: 614856
	557  -  MemoryUsage of job (MB)
	569348  -  ResidentSetSize of job (KB)
...
006 (15756404.694.000) 2026-02-07 04:17:16 Image size of job updated: 614856
	557  -  MemoryUsage of job (MB)
	569604  -  ResidentSetSize of job (KB)
...
006 (15756404.694.000) 2026-02-07 04:22:16 Image size of job updated: 614856
	557  -  MemoryUsage of job (MB)
	569608  -  ResidentSetSize of job (KB)
...
006 (15756404.694.000) 2026-02-07 04:27:16 Image size of job updated: 614856
	557  -  MemoryUsage of job (MB)
	569920  -  ResidentSetSize of job (KB)
...
006 (15756404.694.000) 2026-02-07 04:32:17 Image size of job updated: 614856
	558  -  MemoryUsage of job (MB)
	570376  -  ResidentSetSize of job (KB)
...
006 (15756404.694.000) 2026-02-07 04:37:17 Image size of job updated: 614856
	558  -  MemoryUsage of job (MB)
	570380  -  ResidentSetSize of job (KB)
...
006 (15756404.694.000) 2026-02-07 06:42:33 Image size of job updated: 614856
	558  -  MemoryUsage of job (MB)
	570472  -  ResidentSetSize of job (KB)
...
006 (15756404.694.000) 2026-02-07 06:52:35 Image size of job updated: 614856
	558  -  MemoryUsage of job (MB)
	570728  -  ResidentSetSize of job (KB)
...
006 (15756404.694.000) 2026-02-07 06:57:35 Image size of job updated: 614856
	558  -  MemoryUsage of job (MB)
	570984  -  ResidentSetSize of job (KB)
...
006 (15756404.694.000) 2026-02-07 08:57:51 Image size of job updated: 614856
	558  -  MemoryUsage of job (MB)
	570988  -  ResidentSetSize of job (KB)
...
006 (15756404.694.000) 2026-02-07 09:22:55 Image size of job updated: 614856
	558  -  MemoryUsage of job (MB)
	571052  -  ResidentSetSize of job (KB)
...
006 (15756404.694.000) 2026-02-07 09:37:57 Image size of job updated: 614856
	558  -  MemoryUsage of job (MB)
	571056  -  ResidentSetSize of job (KB)
...
006 (15756404.694.000) 2026-02-07 09:42:57 Image size of job updated: 614856
	558  -  MemoryUsage of job (MB)
	571060  -  ResidentSetSize of job (KB)
...
006 (15756404.694.000) 2026-02-07 09:47:58 Image size of job updated: 614856
	558  -  MemoryUsage of job (MB)
	571064  -  ResidentSetSize of job (KB)
...
006 (15756404.694.000) 2026-02-07 10:08:01 Image size of job updated: 614856
	558  -  MemoryUsage of job (MB)
	571068  -  ResidentSetSize of job (KB)
...
006 (15756404.694.000) 2026-02-07 10:18:02 Image size of job updated: 614856
	558  -  MemoryUsage of job (MB)
	571072  -  ResidentSetSize of job (KB)
...
006 (15756404.694.000) 2026-02-07 11:08:09 Image size of job updated: 614856
	558  -  MemoryUsage of job (MB)
	571076  -  ResidentSetSize of job (KB)
...
005 (15756404.694.000) 2026-02-07 12:40:33 Job terminated.
	(1) Normal termination (return value 0)
		Usr 1 11:38:45, Sys 0 20:28:42  -  Run Remote Usage
		Usr 0 00:00:00, Sys 0 00:00:00  -  Run Local Usage
		Usr 1 11:38:45, Sys 0 20:28:42  -  Total Remote Usage
		Usr 0 00:00:00, Sys 0 00:00:00  -  Total Local Usage
	0  -  Run Bytes Sent By Job
	0  -  Run Bytes Received By Job
	0  -  Total Bytes Sent By Job
	0  -  Total Bytes Received By Job
	Partitionable Resources :    Usage  Request Allocated 
	   Cpus                 :     4.49        8         8 
	   Disk (KB)            :     1     1024000   1025696 
	   GPUs                 :                           0 
	   Memory (MB)          :   558       16384     16384 
	   TimeExecute (s)      : 39533                       
	   TimeSlotBusy (s)     : 39533                       

	Job terminated of its own accord at 2026-02-07T11:40:33Z with exit-code 0.
...
