000 (15756407.681.000) 2026-02-06 11:26:11 Job submitted from host: <141.34.103.35:9618?addrs=141.34.103.35-9618+[2001-638-700-f067--1-23]-9618&alias=wgs39.zeuthen.desy.de&noUDP&sock=schedd_7414_f73f>
...
009 (15756407.681.000) 2026-02-10 11:42:40 Job was aborted.
	via condor_rm (by user tuccia)
...
000 (15949294.454.000) 2026-02-10 11:45:21 Job submitted from host: <141.34.103.35:9618?addrs=141.34.103.35-9618+[2001-638-700-f067--1-23]-9618&alias=wgs39.zeuthen.desy.de&noUDP&sock=schedd_7302_24a3>
...
009 (15949294.454.000) 2026-02-10 11:45:46 Job was aborted.
	via condor_rm (by user tuccia)
...
000 (15949295.454.000) 2026-02-10 11:46:05 Job submitted from host: <141.34.103.35:9618?addrs=141.34.103.35-9618+[2001-638-700-f067--1-23]-9618&alias=wgs39.zeuthen.desy.de&noUDP&sock=schedd_7302_24a3>
...
001 (15949295.454.000) 2026-02-12 11:09:57 Job executing on host: <141.34.15.219:9618?addrs=141.34.15.219-9618+[2001-638-700-f00f--1-db]-9618&alias=pizza27.zeuthen.desy.de&noUDP&sock=startd_9020_8c58>
	SlotName: slot1_14@pizza27.zeuthen.desy.de
	CondorScratchDir = "/batch/dir_3573359"
	Cpus = 8
	Disk = 1025696
	GPUs = 0
	Memory = 16384
...
006 (15949295.454.000) 2026-02-12 11:10:11 Image size of job updated: 97508
	96  -  MemoryUsage of job (MB)
	97508  -  ResidentSetSize of job (KB)
...
006 (15949295.454.000) 2026-02-12 11:15:12 Image size of job updated: 849520
	435  -  MemoryUsage of job (MB)
	444824  -  ResidentSetSize of job (KB)
...
006 (15949295.454.000) 2026-02-12 11:20:13 Image size of job updated: 849520
	466  -  MemoryUsage of job (MB)
	476616  -  ResidentSetSize of job (KB)
...
006 (15949295.454.000) 2026-02-12 11:25:13 Image size of job updated: 849520
	485  -  MemoryUsage of job (MB)
	495724  -  ResidentSetSize of job (KB)
...
006 (15949295.454.000) 2026-02-12 11:30:14 Image size of job updated: 849520
	486  -  MemoryUsage of job (MB)
	497096  -  ResidentSetSize of job (KB)
...
006 (15949295.454.000) 2026-02-12 11:40:15 Image size of job updated: 849520
	525  -  MemoryUsage of job (MB)
	536960  -  ResidentSetSize of job (KB)
...
006 (15949295.454.000) 2026-02-12 11:50:17 Image size of job updated: 849520
	549  -  MemoryUsage of job (MB)
	561240  -  ResidentSetSize of job (KB)
...
006 (15949295.454.000) 2026-02-12 11:55:17 Image size of job updated: 849520
	560  -  MemoryUsage of job (MB)
	573440  -  ResidentSetSize of job (KB)
...
006 (15949295.454.000) 2026-02-12 12:00:19 Image size of job updated: 849520
	573  -  MemoryUsage of job (MB)
	585856  -  ResidentSetSize of job (KB)
...
006 (15949295.454.000) 2026-02-12 12:05:19 Image size of job updated: 849520
	577  -  MemoryUsage of job (MB)
	590364  -  ResidentSetSize of job (KB)
...
006 (15949295.454.000) 2026-02-12 12:20:20 Image size of job updated: 849520
	580  -  MemoryUsage of job (MB)
	593384  -  ResidentSetSize of job (KB)
...
006 (15949295.454.000) 2026-02-12 12:25:20 Image size of job updated: 849520
	595  -  MemoryUsage of job (MB)
	608300  -  ResidentSetSize of job (KB)
...
006 (15949295.454.000) 2026-02-12 13:10:23 Image size of job updated: 849520
	595  -  MemoryUsage of job (MB)
	608892  -  ResidentSetSize of job (KB)
...
006 (15949295.454.000) 2026-02-12 13:20:24 Image size of job updated: 849520
	600  -  MemoryUsage of job (MB)
	613468  -  ResidentSetSize of job (KB)
...
006 (15949295.454.000) 2026-02-12 13:25:24 Image size of job updated: 849520
	602  -  MemoryUsage of job (MB)
	616000  -  ResidentSetSize of job (KB)
...
006 (15949295.454.000) 2026-02-12 14:25:32 Image size of job updated: 849520
	626  -  MemoryUsage of job (MB)
	640520  -  ResidentSetSize of job (KB)
...
006 (15949295.454.000) 2026-02-12 14:30:32 Image size of job updated: 849520
	644  -  MemoryUsage of job (MB)
	659264  -  ResidentSetSize of job (KB)
...
006 (15949295.454.000) 2026-02-12 14:35:32 Image size of job updated: 849520
	651  -  MemoryUsage of job (MB)
	666564  -  ResidentSetSize of job (KB)
...
006 (15949295.454.000) 2026-02-12 15:45:39 Image size of job updated: 849520
	653  -  MemoryUsage of job (MB)
	667872  -  ResidentSetSize of job (KB)
...
006 (15949295.454.000) 2026-02-12 15:55:40 Image size of job updated: 849520
	662  -  MemoryUsage of job (MB)
	676932  -  ResidentSetSize of job (KB)
...
006 (15949295.454.000) 2026-02-12 18:25:56 Image size of job updated: 849520
	662  -  MemoryUsage of job (MB)
	676948  -  ResidentSetSize of job (KB)
...
006 (15949295.454.000) 2026-02-12 18:35:57 Image size of job updated: 849520
	662  -  MemoryUsage of job (MB)
	677132  -  ResidentSetSize of job (KB)
...
006 (15949295.454.000) 2026-02-12 20:31:08 Image size of job updated: 849520
	662  -  MemoryUsage of job (MB)
	677344  -  ResidentSetSize of job (KB)
...
006 (15949295.454.000) 2026-02-12 21:06:10 Image size of job updated: 849520
	662  -  MemoryUsage of job (MB)
	677532  -  ResidentSetSize of job (KB)
...
006 (15949295.454.000) 2026-02-12 22:56:21 Image size of job updated: 849520
	662  -  MemoryUsage of job (MB)
	677728  -  ResidentSetSize of job (KB)
...
006 (15949295.454.000) 2026-02-13 03:16:46 Image size of job updated: 849520
	663  -  MemoryUsage of job (MB)
	677936  -  ResidentSetSize of job (KB)
...
006 (15949295.454.000) 2026-02-13 08:27:14 Image size of job updated: 849520
	663  -  MemoryUsage of job (MB)
	678120  -  ResidentSetSize of job (KB)
...
006 (15949295.454.000) 2026-02-13 09:57:20 Image size of job updated: 849520
	663  -  MemoryUsage of job (MB)
	678376  -  ResidentSetSize of job (KB)
...
006 (15949295.454.000) 2026-02-13 10:32:25 Image size of job updated: 849520
	663  -  MemoryUsage of job (MB)
	678388  -  ResidentSetSize of job (KB)
...
005 (15949295.454.000) 2026-02-13 22:00:26 Job terminated.
	(1) Normal termination (return value 0)
		Usr 3 22:09:36, Sys 0 07:15:06  -  Run Remote Usage
		Usr 0 00:00:00, Sys 0 00:00:00  -  Run Local Usage
		Usr 3 22:09:36, Sys 0 07:15:06  -  Total Remote Usage
		Usr 0 00:00:00, Sys 0 00:00:00  -  Total Local Usage
	0  -  Run Bytes Sent By Job
	0  -  Run Bytes Received By Job
	0  -  Total Bytes Sent By Job
	0  -  Total Bytes Received By Job
	Partitionable Resources :     Usage  Request Allocated 
	   Cpus                 :      7.35        8         8 
	   Disk (KB)            :      1     1024000   1025696 
	   GPUs                 :                            0 
	   Memory (MB)          :    663       16384     16384 
	   TimeExecute (s)      : 125429                       
	   TimeSlotBusy (s)     : 125429                       

	Job terminated of its own accord at 2026-02-13T21:00:26Z with exit-code 0.
...
