000 (15756404.794.000) 2026-02-06 11:24:36 Job submitted from host: <141.34.103.35:9618?addrs=141.34.103.35-9618+[2001-638-700-f067--1-23]-9618&alias=wgs39.zeuthen.desy.de&noUDP&sock=schedd_7414_f73f>
...
001 (15756404.794.000) 2026-02-07 03:08:12 Job executing on host: <141.34.15.36:9618?addrs=141.34.15.36-9618+[2001-638-700-f00f--1-24]-9618&alias=bladej5.zeuthen.desy.de&noUDP&sock=startd_11782_0ced>
	SlotName: slot1_1@bladej5.zeuthen.desy.de
	CondorScratchDir = "/batch/dir_129930"
	Cpus = 8
	Disk = 1025024
	GPUs = 0
	Memory = 16384
...
006 (15756404.794.000) 2026-02-07 03:08:26 Image size of job updated: 95404
	94  -  MemoryUsage of job (MB)
	95404  -  ResidentSetSize of job (KB)
...
006 (15756404.794.000) 2026-02-07 03:13:27 Image size of job updated: 1623128
	1558  -  MemoryUsage of job (MB)
	1595172  -  ResidentSetSize of job (KB)
...
006 (15756404.794.000) 2026-02-07 03:18:27 Image size of job updated: 1656680
	1558  -  MemoryUsage of job (MB)
	1595172  -  ResidentSetSize of job (KB)
...
006 (15756404.794.000) 2026-02-07 03:23:28 Image size of job updated: 1664328
	1620  -  MemoryUsage of job (MB)
	1658412  -  ResidentSetSize of job (KB)
...
006 (15756404.794.000) 2026-02-07 03:28:29 Image size of job updated: 1667344
	1620  -  MemoryUsage of job (MB)
	1658412  -  ResidentSetSize of job (KB)
...
006 (15756404.794.000) 2026-02-07 03:38:30 Image size of job updated: 1669760
	1620  -  MemoryUsage of job (MB)
	1658412  -  ResidentSetSize of job (KB)
...
006 (15756404.794.000) 2026-02-07 03:43:31 Image size of job updated: 1669760
	1630  -  MemoryUsage of job (MB)
	1668356  -  ResidentSetSize of job (KB)
...
006 (15756404.794.000) 2026-02-07 03:48:31 Image size of job updated: 1670136
	1630  -  MemoryUsage of job (MB)
	1668356  -  ResidentSetSize of job (KB)
...
006 (15756404.794.000) 2026-02-07 03:53:31 Image size of job updated: 1670192
	1630  -  MemoryUsage of job (MB)
	1668356  -  ResidentSetSize of job (KB)
...
006 (15756404.794.000) 2026-02-07 04:08:32 Image size of job updated: 1670200
	1630  -  MemoryUsage of job (MB)
	1668356  -  ResidentSetSize of job (KB)
...
006 (15756404.794.000) 2026-02-07 04:18:33 Image size of job updated: 1670648
	1630  -  MemoryUsage of job (MB)
	1668356  -  ResidentSetSize of job (KB)
...
006 (15756404.794.000) 2026-02-07 04:23:33 Image size of job updated: 1670656
	1630  -  MemoryUsage of job (MB)
	1668356  -  ResidentSetSize of job (KB)
...
006 (15756404.794.000) 2026-02-07 04:53:36 Image size of job updated: 1671180
	1630  -  MemoryUsage of job (MB)
	1668356  -  ResidentSetSize of job (KB)
...
006 (15756404.794.000) 2026-02-07 05:13:39 Image size of job updated: 1671216
	1630  -  MemoryUsage of job (MB)
	1668356  -  ResidentSetSize of job (KB)
...
006 (15756404.794.000) 2026-02-07 05:28:41 Image size of job updated: 1671508
	1630  -  MemoryUsage of job (MB)
	1668356  -  ResidentSetSize of job (KB)
...
006 (15756404.794.000) 2026-02-07 05:43:42 Image size of job updated: 1671752
	1630  -  MemoryUsage of job (MB)
	1668356  -  ResidentSetSize of job (KB)
...
006 (15756404.794.000) 2026-02-07 06:18:45 Image size of job updated: 1671864
	1630  -  MemoryUsage of job (MB)
	1668356  -  ResidentSetSize of job (KB)
...
006 (15756404.794.000) 2026-02-07 06:43:46 Image size of job updated: 1672268
	1630  -  MemoryUsage of job (MB)
	1668356  -  ResidentSetSize of job (KB)
...
006 (15756404.794.000) 2026-02-07 06:58:48 Image size of job updated: 1672268
	1631  -  MemoryUsage of job (MB)
	1669516  -  ResidentSetSize of job (KB)
...
006 (15756404.794.000) 2026-02-07 07:13:50 Image size of job updated: 1672532
	1631  -  MemoryUsage of job (MB)
	1669516  -  ResidentSetSize of job (KB)
...
006 (15756404.794.000) 2026-02-07 07:48:53 Image size of job updated: 1672976
	1631  -  MemoryUsage of job (MB)
	1669516  -  ResidentSetSize of job (KB)
...
006 (15756404.794.000) 2026-02-07 07:53:54 Image size of job updated: 1673184
	1631  -  MemoryUsage of job (MB)
	1669516  -  ResidentSetSize of job (KB)
...
006 (15756404.794.000) 2026-02-07 07:58:54 Image size of job updated: 1673216
	1634  -  MemoryUsage of job (MB)
	1673016  -  ResidentSetSize of job (KB)
...
006 (15756404.794.000) 2026-02-07 08:03:54 Image size of job updated: 1673216
	1634  -  MemoryUsage of job (MB)
	1673020  -  ResidentSetSize of job (KB)
...
006 (15756404.794.000) 2026-02-07 08:38:59 Image size of job updated: 1673296
	1634  -  MemoryUsage of job (MB)
	1673020  -  ResidentSetSize of job (KB)
...
006 (15756404.794.000) 2026-02-07 08:44:00 Image size of job updated: 1673580
	1634  -  MemoryUsage of job (MB)
	1673020  -  ResidentSetSize of job (KB)
...
006 (15756404.794.000) 2026-02-07 09:24:04 Image size of job updated: 1674084
	1634  -  MemoryUsage of job (MB)
	1673020  -  ResidentSetSize of job (KB)
...
006 (15756404.794.000) 2026-02-07 17:34:52 Image size of job updated: 1674764
	1634  -  MemoryUsage of job (MB)
	1673020  -  ResidentSetSize of job (KB)
...
006 (15756404.794.000) 2026-02-07 17:59:55 Image size of job updated: 1674764
	1635  -  MemoryUsage of job (MB)
	1673656  -  ResidentSetSize of job (KB)
...
006 (15756404.794.000) 2026-02-07 18:04:56 Image size of job updated: 1674764
	1635  -  MemoryUsage of job (MB)
	1673660  -  ResidentSetSize of job (KB)
...
006 (15756404.794.000) 2026-02-07 18:35:00 Image size of job updated: 1674788
	1636  -  MemoryUsage of job (MB)
	1674788  -  ResidentSetSize of job (KB)
...
006 (15756404.794.000) 2026-02-07 18:55:01 Image size of job updated: 1675120
	1636  -  MemoryUsage of job (MB)
	1674788  -  ResidentSetSize of job (KB)
...
006 (15756404.794.000) 2026-02-07 19:05:02 Image size of job updated: 1675352
	1636  -  MemoryUsage of job (MB)
	1674788  -  ResidentSetSize of job (KB)
...
006 (15756404.794.000) 2026-02-08 08:36:24 Image size of job updated: 1675392
	1636  -  MemoryUsage of job (MB)
	1674788  -  ResidentSetSize of job (KB)
...
006 (15756404.794.000) 2026-02-08 08:51:25 Image size of job updated: 1675392
	1636  -  MemoryUsage of job (MB)
	1674932  -  ResidentSetSize of job (KB)
...
006 (15756404.794.000) 2026-02-08 08:56:26 Image size of job updated: 1675392
	1636  -  MemoryUsage of job (MB)
	1674936  -  ResidentSetSize of job (KB)
...
006 (15756404.794.000) 2026-02-08 09:01:26 Image size of job updated: 1675396
	1636  -  MemoryUsage of job (MB)
	1674936  -  ResidentSetSize of job (KB)
...
006 (15756404.794.000) 2026-02-08 09:41:29 Image size of job updated: 1675608
	1636  -  MemoryUsage of job (MB)
	1674936  -  ResidentSetSize of job (KB)
...
021 (15756404.794.000) 2026-02-09 03:08:16 Error from starter on slot1_1@bladej5.zeuthen.desy.de:
	runtime exceeded maximum (target.Runtime seconds)
	Code 21 Subcode 103
...
004 (15756404.794.000) 2026-02-09 03:08:16 Job was evicted.
	(0) CPU times
		Usr 6 19:48:47, Sys 1 22:44:48  -  Run Remote Usage
		Usr 0 00:00:00, Sys 0 00:00:00  -  Run Local Usage
	0  -  Run Bytes Sent By Job
	0  -  Run Bytes Received By Job
	Error from slot1_1@bladej5.zeuthen.desy.de: runtime exceeded maximum (target.Runtime seconds)
	Partitionable Resources :     Usage  Request Allocated 
	   Cpus                 :      7.98        8         8 
	   Disk (KB)            :      1     1024000   1025024 
	   GPUs                 :                            0 
	   Memory (MB)          :   1636       16384     16384 
	   TimeSlotBusy (s)     : 172804                       
...
012 (15756404.794.000) 2026-02-09 03:08:16 Job was held.
	Error from slot1_1@bladej5.zeuthen.desy.de: runtime exceeded maximum (target.Runtime seconds)
	Code 21 Subcode 103
...
009 (15756404.794.000) 2026-02-10 11:42:27 Job was aborted.
	via condor_rm (by user tuccia)
...
