~~~~~~~~~~~~~~~~~~~~~~~~~~~~~~

n_qubits: 90, 
r: 40, 
alpha: 0.01, 
shots: 10000, 
ansatz: linear_cnot, 
layer: 1, 
tau: 0.3

time for simulated annealing:  87.07272934913635
Rank 1: Bitstring=011011000100101111101110010111101111010011100110011111110000001111000010011001110110110111, Decimal=523690252688127536854048183, Energy=-79.0157
Rank 2: Bitstring=011011000100101111101110010111101111010011001110011111110000011111000010011001110110110111, Decimal=523690252688021984006217143, Energy=-78.9787
Rank 3: Bitstring=011011100100101111111110010111101110110011100110001111110000001101000010011011110110111111, Decimal=533362839827656988863086015, Energy=-78.8873
Rank 4: Bitstring=011011100100101111111110010111101110110011001110001111110000011101000010011011110110111111, Decimal=533362839827551436015254975, Energy=-78.8503
Rank 5: Bitstring=011011110100101111111110010111101110110011100110001011110000001101000010011011100110111111, Decimal=538198543106115230684002751, Energy=-78.8001
Rank 6: Bitstring=011011100100101111111110010111101110010011100110001111110000001111000010011001110110110111, Decimal=533362839818649789641891255, Energy=-78.7701
Rank 7: Bitstring=011011110100101111111110010111101110110011001110001011110000011101000010011011100110111111, Decimal=538198543106009677836171711, Energy=-78.7631
Rank 8: Bitstring=011011100100101111111110010111101110010011001110001111110000011111000010011001110110110111, Decimal=533362839818544236794060215, Energy=-78.7331
Rank 9: Bitstring=011011000100101111101100000111101111010011100110011111110001001111000010011001110110110111, Decimal=523690086667430874541825463, Energy=-78.7189
Rank 10: Bitstring=011011110110101111111100000111101110110011100100001001110001001101000010011011100110111111, Decimal=538802839995216949427157439, Energy=-78.6993

E_min from simulated annealing:  -79.0157
Minimum energy: -79.0157
States with energy within 1e-08 of minimum: [523690252688127536854048183]
4


################## Start optimization with initial parameters: [0. 0. 0. 0. 0. 0. 0. 0. 0. 0. 0. 0. 0. 0. 0. 0. 0. 0. 0. 0. 0. 0. 0. 0.
 0. 0. 0. 0. 0. 0. 0. 0. 0. 0. 0. 0. 0. 0. 0. 0. 0. 0. 0. 0. 0. 0. 0. 0.
 0. 0. 0. 0. 0. 0. 0. 0. 0. 0. 0. 0. 0. 0. 0. 0. 0. 0. 0. 0. 0. 0. 0. 0.
 0. 0. 0. 0. 0. 0. 0. 0. 0. 0. 0. 0. 0. 0. 0. 0. 0. 0. 0. 0. 0. 0. 0. 0.
 0. 0. 0. 0. 0. 0. 0. 0. 0. 0. 0. 0. 0. 0. 0. 0. 0. 0. 0. 0. 0. 0. 0. 0.
 0. 0. 0. 0. 0. 0. 0. 0. 0. 0. 0. 0. 0. 0. 0. 0. 0. 0. 0. 0. 0. 0. 0. 0.
 0. 0. 0. 0. 0. 0. 0. 0. 0. 0. 0. 0. 0. 0. 0. 0. 0. 0. 0. 0. 0. 0. 0. 0.
 0. 0. 0. 0. 0. 0. 0. 0. 0. 0. 0. 0. 0. 0. 0. 0. 0. 0. 0. 0. 0. 0. 0. 0.
 0. 0. 0. 0. 0. 0. 0. 0. 0. 0. 0. 0. 0. 0. 0. 0. 0. 0. 0. 0. 0. 0. 0. 0.
 0. 0. 0. 0. 0. 0. 0. 0. 0. 0. 0. 0. 0. 0. 0. 0. 0. 0. 0. 0. 0. 0. 0. 0.
 0. 0. 0. 0. 0. 0. 0. 0. 0. 0. 0. 0. 0. 0. 0. 0. 0. 0. 0. 0. 0. 0. 0. 0.
 0. 0. 0. 0. 0. 0. 0. 0. 0. 0. 0. 0. 0. 0. 0. 0. 0. 0. 0. 0. 0. 0. 0. 0.
 0. 0. 0. 0. 0. 0. 0. 0. 0. 0. 0. 0. 0. 0. 0. 0. 0. 0. 0. 0. 0. 0. 0. 0.
 0. 0. 0. 0. 0. 0. 0. 0. 0. 0. 0. 0. 0. 0. 0. 0. 0. 0. 0. 0. 0. 0. 0. 0.
 0. 0. 0. 0. 0. 0. 0. 0. 0. 0. 0. 0. 0. 0. 0. 0. 0. 0. 0. 0. 0. 0. 0. 0.]
Write sucessfully to ./data/data_shots_10000_layer_1/alpha_0.01/N_90/r_40/ansatz_type_linear_cnot/initialization_zeros

vqe.cvar_eval[0]: -23.52124400000001 , min_cvar: -39.67748800000003 , opt_cvar: -39.67748800000003

vqe.poss_eval[-1]: 0 vqe.poss_eval[0] 0  , max_poss: 0 , opt_poss: 0

vqe.r_eval[-1]: 0.48900276780437346 vqe.r_eval[0]: 0.2976781070091135 max_r: 0.5021468897953196 , min_r: 0.2874283718299024
