000 (15756408.739.000) 2026-02-06 11:26:59 Job submitted from host: <141.34.103.35:9618?addrs=141.34.103.35-9618+[2001-638-700-f067--1-23]-9618&alias=wgs39.zeuthen.desy.de&noUDP&sock=schedd_7414_f73f>
...
009 (15756408.739.000) 2026-02-10 11:47:36 Job was aborted.
	via condor_rm (by user tuccia)
...
000 (15951004.493.000) 2026-02-10 16:30:04 Job submitted from host: <141.34.103.35:9618?addrs=141.34.103.35-9618+[2001-638-700-f067--1-23]-9618&alias=wgs39.zeuthen.desy.de&noUDP&sock=schedd_7302_24a3>
...
001 (15951004.493.000) 2026-02-10 18:29:53 Job executing on host: <141.34.15.65:9618?addrs=141.34.15.65-9618+[2001-638-700-f00f--1-41]-9618&alias=bladej8.zeuthen.desy.de&noUDP&sock=startd_9953_8234>
	SlotName: slot1_9@bladej8.zeuthen.desy.de
	CondorScratchDir = "/batch/dir_2828801"
	Cpus = 1
	Disk = 1025024
	GPUs = 0
	Memory = 5120
...
006 (15951004.493.000) 2026-02-10 18:30:06 Image size of job updated: 95260
	94  -  MemoryUsage of job (MB)
	95260  -  ResidentSetSize of job (KB)
...
006 (15951004.493.000) 2026-02-10 18:35:06 Image size of job updated: 775780
	463  -  MemoryUsage of job (MB)
	473536  -  ResidentSetSize of job (KB)
...
006 (15951004.493.000) 2026-02-10 18:40:06 Image size of job updated: 775780
	556  -  MemoryUsage of job (MB)
	569272  -  ResidentSetSize of job (KB)
...
006 (15951004.493.000) 2026-02-10 18:45:07 Image size of job updated: 775780
	557  -  MemoryUsage of job (MB)
	569528  -  ResidentSetSize of job (KB)
...
006 (15951004.493.000) 2026-02-10 18:50:07 Image size of job updated: 775780
	557  -  MemoryUsage of job (MB)
	569792  -  ResidentSetSize of job (KB)
...
006 (15951004.493.000) 2026-02-10 18:55:07 Image size of job updated: 775780
	557  -  MemoryUsage of job (MB)
	570040  -  ResidentSetSize of job (KB)
...
006 (15951004.493.000) 2026-02-10 19:00:08 Image size of job updated: 775780
	557  -  MemoryUsage of job (MB)
	570308  -  ResidentSetSize of job (KB)
...
006 (15951004.493.000) 2026-02-10 19:05:08 Image size of job updated: 775780
	558  -  MemoryUsage of job (MB)
	570560  -  ResidentSetSize of job (KB)
...
006 (15951004.493.000) 2026-02-10 19:10:08 Image size of job updated: 775780
	558  -  MemoryUsage of job (MB)
	570816  -  ResidentSetSize of job (KB)
...
006 (15951004.493.000) 2026-02-10 19:15:09 Image size of job updated: 775780
	558  -  MemoryUsage of job (MB)
	571068  -  ResidentSetSize of job (KB)
...
006 (15951004.493.000) 2026-02-10 19:20:09 Image size of job updated: 775780
	558  -  MemoryUsage of job (MB)
	571316  -  ResidentSetSize of job (KB)
...
006 (15951004.493.000) 2026-02-10 19:25:09 Image size of job updated: 775780
	559  -  MemoryUsage of job (MB)
	571576  -  ResidentSetSize of job (KB)
...
006 (15951004.493.000) 2026-02-10 19:30:10 Image size of job updated: 775780
	559  -  MemoryUsage of job (MB)
	572168  -  ResidentSetSize of job (KB)
...
006 (15951004.493.000) 2026-02-10 19:35:10 Image size of job updated: 775780
	560  -  MemoryUsage of job (MB)
	572424  -  ResidentSetSize of job (KB)
...
006 (15951004.493.000) 2026-02-10 19:40:10 Image size of job updated: 775780
	560  -  MemoryUsage of job (MB)
	572688  -  ResidentSetSize of job (KB)
...
006 (15951004.493.000) 2026-02-10 19:45:12 Image size of job updated: 775780
	581  -  MemoryUsage of job (MB)
	593948  -  ResidentSetSize of job (KB)
...
006 (15951004.493.000) 2026-02-10 20:50:19 Image size of job updated: 775780
	600  -  MemoryUsage of job (MB)
	613856  -  ResidentSetSize of job (KB)
...
006 (15951004.493.000) 2026-02-10 20:55:19 Image size of job updated: 775780
	600  -  MemoryUsage of job (MB)
	613860  -  ResidentSetSize of job (KB)
...
006 (15951004.493.000) 2026-02-11 07:06:39 Image size of job updated: 775780
	604  -  MemoryUsage of job (MB)
	618008  -  ResidentSetSize of job (KB)
...
