000 (15756407.633.000) 2026-02-06 11:26:11 Job submitted from host: <141.34.103.35:9618?addrs=141.34.103.35-9618+[2001-638-700-f067--1-23]-9618&alias=wgs39.zeuthen.desy.de&noUDP&sock=schedd_7414_f73f>
...
009 (15756407.633.000) 2026-02-10 11:42:40 Job was aborted.
	via condor_rm (by user tuccia)
...
000 (15949294.422.000) 2026-02-10 11:45:21 Job submitted from host: <141.34.103.35:9618?addrs=141.34.103.35-9618+[2001-638-700-f067--1-23]-9618&alias=wgs39.zeuthen.desy.de&noUDP&sock=schedd_7302_24a3>
...
009 (15949294.422.000) 2026-02-10 11:45:46 Job was aborted.
	via condor_rm (by user tuccia)
...
000 (15949295.422.000) 2026-02-10 11:46:05 Job submitted from host: <141.34.103.35:9618?addrs=141.34.103.35-9618+[2001-638-700-f067--1-23]-9618&alias=wgs39.zeuthen.desy.de&noUDP&sock=schedd_7302_24a3>
...
001 (15949295.422.000) 2026-02-11 16:29:42 Job executing on host: <141.34.15.202:9618?addrs=141.34.15.202-9618+[2001-638-700-f00f--1-ca]-9618&alias=pizza04.zeuthen.desy.de&noUDP&sock=startd_9156_d539>
	SlotName: slot1_3@pizza04.zeuthen.desy.de
	CondorScratchDir = "/batch/dir_3605014"
	Cpus = 8
	Disk = 1025696
	GPUs = 0
	Memory = 16384
...
006 (15949295.422.000) 2026-02-11 16:29:56 Image size of job updated: 97548
	96  -  MemoryUsage of job (MB)
	97548  -  ResidentSetSize of job (KB)
...
006 (15949295.422.000) 2026-02-11 16:34:57 Image size of job updated: 594708
	453  -  MemoryUsage of job (MB)
	463676  -  ResidentSetSize of job (KB)
...
006 (15949295.422.000) 2026-02-11 16:39:58 Image size of job updated: 594708
	468  -  MemoryUsage of job (MB)
	478912  -  ResidentSetSize of job (KB)
...
006 (15949295.422.000) 2026-02-11 16:44:58 Image size of job updated: 594708
	503  -  MemoryUsage of job (MB)
	514700  -  ResidentSetSize of job (KB)
...
006 (15949295.422.000) 2026-02-11 16:49:59 Image size of job updated: 594708
	556  -  MemoryUsage of job (MB)
	568460  -  ResidentSetSize of job (KB)
...
006 (15949295.422.000) 2026-02-11 16:55:00 Image size of job updated: 594708
	573  -  MemoryUsage of job (MB)
	586352  -  ResidentSetSize of job (KB)
...
006 (15949295.422.000) 2026-02-11 17:00:00 Image size of job updated: 599836
	586  -  MemoryUsage of job (MB)
	599836  -  ResidentSetSize of job (KB)
...
006 (15949295.422.000) 2026-02-11 17:05:01 Image size of job updated: 611556
	598  -  MemoryUsage of job (MB)
	611556  -  ResidentSetSize of job (KB)
...
006 (15949295.422.000) 2026-02-11 17:10:02 Image size of job updated: 615528
	602  -  MemoryUsage of job (MB)
	615528  -  ResidentSetSize of job (KB)
...
006 (15949295.422.000) 2026-02-11 17:15:02 Image size of job updated: 620376
	606  -  MemoryUsage of job (MB)
	620376  -  ResidentSetSize of job (KB)
...
006 (15949295.422.000) 2026-02-11 17:35:05 Image size of job updated: 625656
	611  -  MemoryUsage of job (MB)
	625656  -  ResidentSetSize of job (KB)
...
006 (15949295.422.000) 2026-02-11 17:45:06 Image size of job updated: 625708
	612  -  MemoryUsage of job (MB)
	625708  -  ResidentSetSize of job (KB)
...
006 (15949295.422.000) 2026-02-11 17:55:08 Image size of job updated: 628016
	614  -  MemoryUsage of job (MB)
	628016  -  ResidentSetSize of job (KB)
...
006 (15949295.422.000) 2026-02-11 18:10:10 Image size of job updated: 635436
	621  -  MemoryUsage of job (MB)
	635436  -  ResidentSetSize of job (KB)
...
006 (15949295.422.000) 2026-02-11 18:25:11 Image size of job updated: 637064
	623  -  MemoryUsage of job (MB)
	637064  -  ResidentSetSize of job (KB)
...
006 (15949295.422.000) 2026-02-11 18:30:11 Image size of job updated: 637068
	623  -  MemoryUsage of job (MB)
	637068  -  ResidentSetSize of job (KB)
...
006 (15949295.422.000) 2026-02-11 18:50:12 Image size of job updated: 637224
	623  -  MemoryUsage of job (MB)
	637224  -  ResidentSetSize of job (KB)
...
006 (15949295.422.000) 2026-02-11 18:55:13 Image size of job updated: 638964
	624  -  MemoryUsage of job (MB)
	638964  -  ResidentSetSize of job (KB)
...
006 (15949295.422.000) 2026-02-11 19:15:14 Image size of job updated: 641016
	626  -  MemoryUsage of job (MB)
	641016  -  ResidentSetSize of job (KB)
...
006 (15949295.422.000) 2026-02-11 19:20:14 Image size of job updated: 641500
	627  -  MemoryUsage of job (MB)
	641500  -  ResidentSetSize of job (KB)
...
006 (15949295.422.000) 2026-02-11 19:25:15 Image size of job updated: 641508
	627  -  MemoryUsage of job (MB)
	641508  -  ResidentSetSize of job (KB)
...
006 (15949295.422.000) 2026-02-11 19:30:15 Image size of job updated: 643620
	629  -  MemoryUsage of job (MB)
	643620  -  ResidentSetSize of job (KB)
...
006 (15949295.422.000) 2026-02-11 20:00:17 Image size of job updated: 646832
	632  -  MemoryUsage of job (MB)
	646576  -  ResidentSetSize of job (KB)
...
006 (15949295.422.000) 2026-02-11 20:40:21 Image size of job updated: 651020
	636  -  MemoryUsage of job (MB)
	651020  -  ResidentSetSize of job (KB)
...
006 (15949295.422.000) 2026-02-11 21:40:27 Image size of job updated: 655456
	641  -  MemoryUsage of job (MB)
	655456  -  ResidentSetSize of job (KB)
...
006 (15949295.422.000) 2026-02-11 21:45:28 Image size of job updated: 655464
	641  -  MemoryUsage of job (MB)
	655464  -  ResidentSetSize of job (KB)
...
006 (15949295.422.000) 2026-02-11 22:25:30 Image size of job updated: 694524
	641  -  MemoryUsage of job (MB)
	655464  -  ResidentSetSize of job (KB)
...
006 (15949295.422.000) 2026-02-11 22:30:31 Image size of job updated: 694564
	641  -  MemoryUsage of job (MB)
	655464  -  ResidentSetSize of job (KB)
...
006 (15949295.422.000) 2026-02-11 22:40:31 Image size of job updated: 694604
	641  -  MemoryUsage of job (MB)
	655464  -  ResidentSetSize of job (KB)
...
006 (15949295.422.000) 2026-02-11 22:45:32 Image size of job updated: 694604
	679  -  MemoryUsage of job (MB)
	694528  -  ResidentSetSize of job (KB)
...
006 (15949295.422.000) 2026-02-11 23:10:33 Image size of job updated: 694728
	679  -  MemoryUsage of job (MB)
	694528  -  ResidentSetSize of job (KB)
...
006 (15949295.422.000) 2026-02-11 23:35:35 Image size of job updated: 694824
	679  -  MemoryUsage of job (MB)
	694528  -  ResidentSetSize of job (KB)
...
006 (15949295.422.000) 2026-02-11 23:40:35 Image size of job updated: 694824
	679  -  MemoryUsage of job (MB)
	694720  -  ResidentSetSize of job (KB)
...
006 (15949295.422.000) 2026-02-11 23:55:36 Image size of job updated: 695200
	679  -  MemoryUsage of job (MB)
	694720  -  ResidentSetSize of job (KB)
...
006 (15949295.422.000) 2026-02-12 01:45:51 Image size of job updated: 695380
	679  -  MemoryUsage of job (MB)
	694720  -  ResidentSetSize of job (KB)
...
006 (15949295.422.000) 2026-02-12 01:55:52 Image size of job updated: 695676
	679  -  MemoryUsage of job (MB)
	694720  -  ResidentSetSize of job (KB)
...
006 (15949295.422.000) 2026-02-12 21:47:46 Image size of job updated: 695676
	679  -  MemoryUsage of job (MB)
	695160  -  ResidentSetSize of job (KB)
...
006 (15949295.422.000) 2026-02-12 22:17:49 Image size of job updated: 695760
	679  -  MemoryUsage of job (MB)
	695160  -  ResidentSetSize of job (KB)
...
005 (15949295.422.000) 2026-02-13 10:24:46 Job terminated.
	(1) Normal termination (return value 0)
		Usr 4 14:35:57, Sys 0 12:36:02  -  Run Remote Usage
		Usr 0 00:00:00, Sys 0 00:00:00  -  Run Local Usage
		Usr 4 14:35:57, Sys 0 12:36:02  -  Total Remote Usage
		Usr 0 00:00:00, Sys 0 00:00:00  -  Total Local Usage
	0  -  Run Bytes Sent By Job
	0  -  Run Bytes Received By Job
	0  -  Total Bytes Sent By Job
	0  -  Total Bytes Received By Job
	Partitionable Resources :     Usage  Request Allocated 
	   Cpus                 :      0.99        8         8 
	   Disk (KB)            :      1     1024000   1025696 
	   GPUs                 :                            0 
	   Memory (MB)          :    679       16384     16384 
	   TimeExecute (s)      : 150904                       
	   TimeSlotBusy (s)     : 150904                       

	Job terminated of its own accord at 2026-02-13T09:24:46Z with exit-code 0.
...
