000 (15756407.877.000) 2026-02-06 11:26:12 Job submitted from host: <141.34.103.35:9618?addrs=141.34.103.35-9618+[2001-638-700-f067--1-23]-9618&alias=wgs39.zeuthen.desy.de&noUDP&sock=schedd_7414_f73f>
...
009 (15756407.877.000) 2026-02-10 11:42:42 Job was aborted.
	via condor_rm (by user tuccia)
...
000 (15949294.585.000) 2026-02-10 11:45:21 Job submitted from host: <141.34.103.35:9618?addrs=141.34.103.35-9618+[2001-638-700-f067--1-23]-9618&alias=wgs39.zeuthen.desy.de&noUDP&sock=schedd_7302_24a3>
...
009 (15949294.585.000) 2026-02-10 11:45:47 Job was aborted.
	via condor_rm (by user tuccia)
...
000 (15949295.585.000) 2026-02-10 11:46:05 Job submitted from host: <141.34.103.35:9618?addrs=141.34.103.35-9618+[2001-638-700-f067--1-23]-9618&alias=wgs39.zeuthen.desy.de&noUDP&sock=schedd_7302_24a3>
...
001 (15949295.585.000) 2026-02-13 04:39:51 Job executing on host: <141.34.103.51:9618?addrs=141.34.103.51-9618+[2001-638-700-f067--1-33]-9618&alias=wgs41.zeuthen.desy.de&noUDP&sock=startd_7782_6219>
	SlotName: slot1_6@wgs41.zeuthen.desy.de
	CondorScratchDir = "/batch/dir_1457757"
	Cpus = 8
	Disk = 1025025
	GPUs = 0
	Memory = 16384
...
006 (15949295.585.000) 2026-02-13 04:40:05 Image size of job updated: 97492
	96  -  MemoryUsage of job (MB)
	97492  -  ResidentSetSize of job (KB)
...
006 (15949295.585.000) 2026-02-13 04:45:06 Image size of job updated: 556844
	537  -  MemoryUsage of job (MB)
	549080  -  ResidentSetSize of job (KB)
...
006 (15949295.585.000) 2026-02-13 04:55:07 Image size of job updated: 556844
	539  -  MemoryUsage of job (MB)
	551664  -  ResidentSetSize of job (KB)
...
006 (15949295.585.000) 2026-02-13 05:00:07 Image size of job updated: 556844
	539  -  MemoryUsage of job (MB)
	551788  -  ResidentSetSize of job (KB)
...
006 (15949295.585.000) 2026-02-13 05:05:07 Image size of job updated: 568376
	556  -  MemoryUsage of job (MB)
	568376  -  ResidentSetSize of job (KB)
...
006 (15949295.585.000) 2026-02-13 05:10:08 Image size of job updated: 568988
	556  -  MemoryUsage of job (MB)
	568380  -  ResidentSetSize of job (KB)
...
006 (15949295.585.000) 2026-02-13 05:15:08 Image size of job updated: 569088
	556  -  MemoryUsage of job (MB)
	568380  -  ResidentSetSize of job (KB)
...
006 (15949295.585.000) 2026-02-13 05:20:08 Image size of job updated: 570116
	556  -  MemoryUsage of job (MB)
	568380  -  ResidentSetSize of job (KB)
...
006 (15949295.585.000) 2026-02-13 06:00:11 Image size of job updated: 570348
	556  -  MemoryUsage of job (MB)
	569312  -  ResidentSetSize of job (KB)
...
006 (15949295.585.000) 2026-02-13 06:05:11 Image size of job updated: 585852
	573  -  MemoryUsage of job (MB)
	585852  -  ResidentSetSize of job (KB)
...
006 (15949295.585.000) 2026-02-13 06:10:12 Image size of job updated: 612908
	596  -  MemoryUsage of job (MB)
	609728  -  ResidentSetSize of job (KB)
...
006 (15949295.585.000) 2026-02-13 06:15:12 Image size of job updated: 614712
	597  -  MemoryUsage of job (MB)
	611220  -  ResidentSetSize of job (KB)
...
006 (15949295.585.000) 2026-02-13 06:20:13 Image size of job updated: 614712
	598  -  MemoryUsage of job (MB)
	611672  -  ResidentSetSize of job (KB)
...
006 (15949295.585.000) 2026-02-13 06:25:14 Image size of job updated: 631784
	616  -  MemoryUsage of job (MB)
	630780  -  ResidentSetSize of job (KB)
...
006 (15949295.585.000) 2026-02-13 06:30:14 Image size of job updated: 634216
	620  -  MemoryUsage of job (MB)
	634216  -  ResidentSetSize of job (KB)
...
006 (15949295.585.000) 2026-02-13 06:35:15 Image size of job updated: 637232
	623  -  MemoryUsage of job (MB)
	637172  -  ResidentSetSize of job (KB)
...
006 (15949295.585.000) 2026-02-13 06:40:16 Image size of job updated: 640332
	623  -  MemoryUsage of job (MB)
	637780  -  ResidentSetSize of job (KB)
...
006 (15949295.585.000) 2026-02-13 06:45:16 Image size of job updated: 640332
	624  -  MemoryUsage of job (MB)
	638336  -  ResidentSetSize of job (KB)
...
006 (15949295.585.000) 2026-02-13 06:50:17 Image size of job updated: 643184
	628  -  MemoryUsage of job (MB)
	642264  -  ResidentSetSize of job (KB)
...
006 (15949295.585.000) 2026-02-13 06:55:17 Image size of job updated: 654860
	640  -  MemoryUsage of job (MB)
	654740  -  ResidentSetSize of job (KB)
...
006 (15949295.585.000) 2026-02-13 07:00:17 Image size of job updated: 655252
	640  -  MemoryUsage of job (MB)
	655104  -  ResidentSetSize of job (KB)
...
006 (15949295.585.000) 2026-02-13 07:05:18 Image size of job updated: 656608
	640  -  MemoryUsage of job (MB)
	655168  -  ResidentSetSize of job (KB)
...
006 (15949295.585.000) 2026-02-13 07:10:18 Image size of job updated: 656608
	641  -  MemoryUsage of job (MB)
	655644  -  ResidentSetSize of job (KB)
...
006 (15949295.585.000) 2026-02-13 07:15:18 Image size of job updated: 656648
	642  -  MemoryUsage of job (MB)
	656648  -  ResidentSetSize of job (KB)
...
006 (15949295.585.000) 2026-02-13 07:20:19 Image size of job updated: 656840
	642  -  MemoryUsage of job (MB)
	656648  -  ResidentSetSize of job (KB)
...
006 (15949295.585.000) 2026-02-13 07:25:19 Image size of job updated: 656840
	642  -  MemoryUsage of job (MB)
	656728  -  ResidentSetSize of job (KB)
...
006 (15949295.585.000) 2026-02-13 07:30:19 Image size of job updated: 657592
	642  -  MemoryUsage of job (MB)
	656780  -  ResidentSetSize of job (KB)
...
006 (15949295.585.000) 2026-02-13 07:35:20 Image size of job updated: 657728
	642  -  MemoryUsage of job (MB)
	656780  -  ResidentSetSize of job (KB)
...
006 (15949295.585.000) 2026-02-13 07:45:20 Image size of job updated: 657728
	642  -  MemoryUsage of job (MB)
	657080  -  ResidentSetSize of job (KB)
...
006 (15949295.585.000) 2026-02-13 07:50:21 Image size of job updated: 659728
	645  -  MemoryUsage of job (MB)
	659728  -  ResidentSetSize of job (KB)
...
006 (15949295.585.000) 2026-02-13 07:55:21 Image size of job updated: 660264
	645  -  MemoryUsage of job (MB)
	660264  -  ResidentSetSize of job (KB)
...
006 (15949295.585.000) 2026-02-13 08:00:22 Image size of job updated: 660388
	645  -  MemoryUsage of job (MB)
	660264  -  ResidentSetSize of job (KB)
...
006 (15949295.585.000) 2026-02-13 08:05:23 Image size of job updated: 664308
	649  -  MemoryUsage of job (MB)
	664188  -  ResidentSetSize of job (KB)
...
006 (15949295.585.000) 2026-02-13 08:10:23 Image size of job updated: 664308
	649  -  MemoryUsage of job (MB)
	664212  -  ResidentSetSize of job (KB)
...
006 (15949295.585.000) 2026-02-13 08:15:24 Image size of job updated: 664432
	649  -  MemoryUsage of job (MB)
	664284  -  ResidentSetSize of job (KB)
...
006 (15949295.585.000) 2026-02-13 08:20:25 Image size of job updated: 664884
	649  -  MemoryUsage of job (MB)
	664284  -  ResidentSetSize of job (KB)
...
006 (15949295.585.000) 2026-02-13 08:25:25 Image size of job updated: 664884
	649  -  MemoryUsage of job (MB)
	664564  -  ResidentSetSize of job (KB)
...
006 (15949295.585.000) 2026-02-13 08:30:26 Image size of job updated: 664884
	650  -  MemoryUsage of job (MB)
	664820  -  ResidentSetSize of job (KB)
...
006 (15949295.585.000) 2026-02-13 08:35:27 Image size of job updated: 665300
	650  -  MemoryUsage of job (MB)
	665300  -  ResidentSetSize of job (KB)
...
006 (15949295.585.000) 2026-02-13 08:40:27 Image size of job updated: 665484
	650  -  MemoryUsage of job (MB)
	665324  -  ResidentSetSize of job (KB)
...
006 (15949295.585.000) 2026-02-13 08:50:29 Image size of job updated: 668236
	653  -  MemoryUsage of job (MB)
	668236  -  ResidentSetSize of job (KB)
...
006 (15949295.585.000) 2026-02-13 08:55:29 Image size of job updated: 668584
	653  -  MemoryUsage of job (MB)
	668368  -  ResidentSetSize of job (KB)
...
006 (15949295.585.000) 2026-02-13 09:00:30 Image size of job updated: 668584
	653  -  MemoryUsage of job (MB)
	668400  -  ResidentSetSize of job (KB)
...
006 (15949295.585.000) 2026-02-13 09:05:30 Image size of job updated: 669092
	654  -  MemoryUsage of job (MB)
	669092  -  ResidentSetSize of job (KB)
...
006 (15949295.585.000) 2026-02-13 09:10:30 Image size of job updated: 669300
	654  -  MemoryUsage of job (MB)
	669092  -  ResidentSetSize of job (KB)
...
006 (15949295.585.000) 2026-02-13 09:15:31 Image size of job updated: 669300
	654  -  MemoryUsage of job (MB)
	669100  -  ResidentSetSize of job (KB)
...
006 (15949295.585.000) 2026-02-13 09:25:31 Image size of job updated: 669412
	654  -  MemoryUsage of job (MB)
	669120  -  ResidentSetSize of job (KB)
...
006 (15949295.585.000) 2026-02-13 09:30:32 Image size of job updated: 669412
	654  -  MemoryUsage of job (MB)
	669412  -  ResidentSetSize of job (KB)
...
006 (15949295.585.000) 2026-02-13 09:40:33 Image size of job updated: 707088
	691  -  MemoryUsage of job (MB)
	707088  -  ResidentSetSize of job (KB)
...
006 (15949295.585.000) 2026-02-13 09:45:34 Image size of job updated: 707392
	691  -  MemoryUsage of job (MB)
	707348  -  ResidentSetSize of job (KB)
...
006 (15949295.585.000) 2026-02-13 09:50:34 Image size of job updated: 707684
	691  -  MemoryUsage of job (MB)
	707428  -  ResidentSetSize of job (KB)
...
006 (15949295.585.000) 2026-02-13 09:55:35 Image size of job updated: 707684
	691  -  MemoryUsage of job (MB)
	707508  -  ResidentSetSize of job (KB)
...
006 (15949295.585.000) 2026-02-13 10:00:36 Image size of job updated: 707684
	692  -  MemoryUsage of job (MB)
	707592  -  ResidentSetSize of job (KB)
...
006 (15949295.585.000) 2026-02-13 10:05:36 Image size of job updated: 707904
	692  -  MemoryUsage of job (MB)
	707904  -  ResidentSetSize of job (KB)
...
006 (15949295.585.000) 2026-02-13 10:10:37 Image size of job updated: 708020
	692  -  MemoryUsage of job (MB)
	708020  -  ResidentSetSize of job (KB)
...
006 (15949295.585.000) 2026-02-13 10:25:38 Image size of job updated: 708040
	692  -  MemoryUsage of job (MB)
	708040  -  ResidentSetSize of job (KB)
...
006 (15949295.585.000) 2026-02-13 10:30:38 Image size of job updated: 708276
	692  -  MemoryUsage of job (MB)
	708276  -  ResidentSetSize of job (KB)
...
006 (15949295.585.000) 2026-02-13 10:50:39 Image size of job updated: 708424
	692  -  MemoryUsage of job (MB)
	708424  -  ResidentSetSize of job (KB)
...
006 (15949295.585.000) 2026-02-13 10:55:40 Image size of job updated: 708532
	692  -  MemoryUsage of job (MB)
	708532  -  ResidentSetSize of job (KB)
...
006 (15949295.585.000) 2026-02-13 14:51:03 Image size of job updated: 772504
	751  -  MemoryUsage of job (MB)
	768380  -  ResidentSetSize of job (KB)
...
006 (15949295.585.000) 2026-02-13 14:56:04 Image size of job updated: 774964
	754  -  MemoryUsage of job (MB)
	771236  -  ResidentSetSize of job (KB)
...
006 (15949295.585.000) 2026-02-13 15:01:04 Image size of job updated: 779200
	757  -  MemoryUsage of job (MB)
	774964  -  ResidentSetSize of job (KB)
...
006 (15949295.585.000) 2026-02-13 15:11:05 Image size of job updated: 779464
	757  -  MemoryUsage of job (MB)
	774964  -  ResidentSetSize of job (KB)
...
006 (15949295.585.000) 2026-02-13 15:16:05 Image size of job updated: 779540
	757  -  MemoryUsage of job (MB)
	774964  -  ResidentSetSize of job (KB)
...
006 (15949295.585.000) 2026-02-13 15:26:07 Image size of job updated: 779720
	757  -  MemoryUsage of job (MB)
	774964  -  ResidentSetSize of job (KB)
...
006 (15949295.585.000) 2026-02-13 15:36:08 Image size of job updated: 780112
	760  -  MemoryUsage of job (MB)
	777576  -  ResidentSetSize of job (KB)
...
006 (15949295.585.000) 2026-02-13 15:46:09 Image size of job updated: 781812
	760  -  MemoryUsage of job (MB)
	777576  -  ResidentSetSize of job (KB)
...
006 (15949295.585.000) 2026-02-13 15:51:10 Image size of job updated: 781972
	762  -  MemoryUsage of job (MB)
	779564  -  ResidentSetSize of job (KB)
...
006 (15949295.585.000) 2026-02-13 16:06:11 Image size of job updated: 782204
	762  -  MemoryUsage of job (MB)
	779564  -  ResidentSetSize of job (KB)
...
006 (15949295.585.000) 2026-02-13 16:11:11 Image size of job updated: 782544
	762  -  MemoryUsage of job (MB)
	779564  -  ResidentSetSize of job (KB)
...
006 (15949295.585.000) 2026-02-13 17:11:18 Image size of job updated: 782544
	764  -  MemoryUsage of job (MB)
	782248  -  ResidentSetSize of job (KB)
...
006 (15949295.585.000) 2026-02-13 17:46:22 Image size of job updated: 783540
	764  -  MemoryUsage of job (MB)
	782248  -  ResidentSetSize of job (KB)
...
006 (15949295.585.000) 2026-02-13 17:56:23 Image size of job updated: 783704
	764  -  MemoryUsage of job (MB)
	782248  -  ResidentSetSize of job (KB)
...
006 (15949295.585.000) 2026-02-13 18:16:24 Image size of job updated: 783704
	765  -  MemoryUsage of job (MB)
	783044  -  ResidentSetSize of job (KB)
...
006 (15949295.585.000) 2026-02-13 18:36:27 Image size of job updated: 783848
	766  -  MemoryUsage of job (MB)
	783848  -  ResidentSetSize of job (KB)
...
006 (15949295.585.000) 2026-02-13 18:41:28 Image size of job updated: 783948
	766  -  MemoryUsage of job (MB)
	783848  -  ResidentSetSize of job (KB)
...
006 (15949295.585.000) 2026-02-13 18:51:29 Image size of job updated: 784060
	766  -  MemoryUsage of job (MB)
	783848  -  ResidentSetSize of job (KB)
...
006 (15949295.585.000) 2026-02-13 20:31:39 Image size of job updated: 784076
	766  -  MemoryUsage of job (MB)
	783848  -  ResidentSetSize of job (KB)
...
006 (15949295.585.000) 2026-02-13 20:36:39 Image size of job updated: 784716
	767  -  MemoryUsage of job (MB)
	784716  -  ResidentSetSize of job (KB)
...
006 (15949295.585.000) 2026-02-13 20:41:40 Image size of job updated: 785212
	767  -  MemoryUsage of job (MB)
	785056  -  ResidentSetSize of job (KB)
...
006 (15949295.585.000) 2026-02-13 21:16:43 Image size of job updated: 786376
	767  -  MemoryUsage of job (MB)
	785056  -  ResidentSetSize of job (KB)
...
006 (15949295.585.000) 2026-02-13 21:46:47 Image size of job updated: 786992
	767  -  MemoryUsage of job (MB)
	785056  -  ResidentSetSize of job (KB)
...
006 (15949295.585.000) 2026-02-13 21:56:48 Image size of job updated: 787080
	767  -  MemoryUsage of job (MB)
	785056  -  ResidentSetSize of job (KB)
...
006 (15949295.585.000) 2026-02-14 00:07:02 Image size of job updated: 787080
	768  -  MemoryUsage of job (MB)
	785976  -  ResidentSetSize of job (KB)
...
006 (15949295.585.000) 2026-02-14 01:12:08 Image size of job updated: 787568
	768  -  MemoryUsage of job (MB)
	785976  -  ResidentSetSize of job (KB)
...
006 (15949295.585.000) 2026-02-14 02:12:15 Image size of job updated: 787836
	768  -  MemoryUsage of job (MB)
	785976  -  ResidentSetSize of job (KB)
...
006 (15949295.585.000) 2026-02-14 02:27:16 Image size of job updated: 787840
	768  -  MemoryUsage of job (MB)
	785976  -  ResidentSetSize of job (KB)
...
006 (15949295.585.000) 2026-02-14 04:12:26 Image size of job updated: 788112
	768  -  MemoryUsage of job (MB)
	785976  -  ResidentSetSize of job (KB)
...
006 (15949295.585.000) 2026-02-14 04:17:26 Image size of job updated: 788168
	768  -  MemoryUsage of job (MB)
	785976  -  ResidentSetSize of job (KB)
...
006 (15949295.585.000) 2026-02-14 04:47:29 Image size of job updated: 788252
	768  -  MemoryUsage of job (MB)
	785976  -  ResidentSetSize of job (KB)
...
006 (15949295.585.000) 2026-02-14 04:57:31 Image size of job updated: 788252
	770  -  MemoryUsage of job (MB)
	787944  -  ResidentSetSize of job (KB)
...
006 (15949295.585.000) 2026-02-14 05:57:36 Image size of job updated: 788520
	770  -  MemoryUsage of job (MB)
	787944  -  ResidentSetSize of job (KB)
...
006 (15949295.585.000) 2026-02-14 06:02:37 Image size of job updated: 788524
	770  -  MemoryUsage of job (MB)
	787944  -  ResidentSetSize of job (KB)
...
006 (15949295.585.000) 2026-02-14 06:07:37 Image size of job updated: 788556
	770  -  MemoryUsage of job (MB)
	787944  -  ResidentSetSize of job (KB)
...
006 (15949295.585.000) 2026-02-14 06:47:41 Image size of job updated: 789020
	770  -  MemoryUsage of job (MB)
	787944  -  ResidentSetSize of job (KB)
...
006 (15949295.585.000) 2026-02-14 06:57:42 Image size of job updated: 789560
	770  -  MemoryUsage of job (MB)
	787944  -  ResidentSetSize of job (KB)
...
021 (15949295.585.000) 2026-02-15 04:39:53 Error from starter on slot1_6@wgs41.zeuthen.desy.de:
	runtime exceeded maximum (target.Runtime seconds)
	Code 21 Subcode 103
...
004 (15949295.585.000) 2026-02-15 04:39:53 Job was evicted.
	(0) CPU times
		Usr 10 05:56:45, Sys 2 19:07:53  -  Run Remote Usage
		Usr 0 00:00:00, Sys 0 00:00:00  -  Run Local Usage
	0  -  Run Bytes Sent By Job
	0  -  Run Bytes Received By Job
	Error from slot1_6@wgs41.zeuthen.desy.de: runtime exceeded maximum (target.Runtime seconds)
	Partitionable Resources :     Usage  Request Allocated 
	   Cpus                 :      7.92        8         8 
	   Disk (KB)            :      1     1024000   1025025 
	   GPUs                 :                            0 
	   Memory (MB)          :    770       16384     16384 
	   TimeSlotBusy (s)     : 172802                       
...
012 (15949295.585.000) 2026-02-15 04:39:53 Job was held.
	Error from slot1_6@wgs41.zeuthen.desy.de: runtime exceeded maximum (target.Runtime seconds)
	Code 21 Subcode 103
...
009 (15949295.585.000) 2026-02-16 17:16:25 Job was aborted.
	via condor_rm (by user tuccia)
...
