~~~~~~~~~~~~~~~~~~~~~~~~~~~~~~

n_qubits: 90, 
r: 73, 
alpha: 0.001, 
shots: 100000, 
ansatz: linear_cnot, 
layer: 1, 
tau: 0.3

time for simulated annealing:  100.61624884605408
Rank 1: Bitstring=010000010111111000111000001000001101110000110000100001111001111100011001101110010110101101, Decimal=316704927349125850102949293, Energy=-72.9972
Rank 2: Bitstring=010001010111111000111000001000001101110000110000100001111001111100011001101110000110101101, Decimal=336047740462959916898247085, Energy=-72.8252
Rank 3: Bitstring=000000010111111000111000001000001101110000110000100101111001111100111001101110010110101100, Decimal=7219917527781056264463788, Energy=-72.7708
Rank 4: Bitstring=010010010111111000111000001000001101110000110000100001111001111100011011101110010110101101, Decimal=355390553576793983694071213, Energy=-72.6878
Rank 5: Bitstring=010100010101101000111000001000001101110000110000100001111001111100011001101110010110101101, Decimal=393396159030928888373372333, Energy=-72.6168
Rank 6: Bitstring=000001010111111000111000001000001101110000110000100101111001111100111001101110000110101100, Decimal=26562730641615123059761580, Energy=-72.5988
Rank 7: Bitstring=010011010111111000111000001000001101110000110000100001111001111100011011101110000110101101, Decimal=374733366690628050489369005, Energy=-72.5158
Rank 8: Bitstring=000010010111111000111000001000001101110000110000100101111001111100111011101110010110101100, Decimal=45905543755449189855585708, Energy=-72.4614
Rank 9: Bitstring=010101010101101000111000001000001101110000110000100001111001111100011001101110000110101101, Decimal=412738972144762955168670125, Energy=-72.4448
Rank 10: Bitstring=010000010111110000111000001000001001110000110000100001111001111100011001101110010110101101, Decimal=316667148345205298903311789, Energy=-72.3608

E_min from simulated annealing:  -72.9972
Minimum energy: -72.9972
States with energy within 1e-08 of minimum: [316704927349125850102949293]
4


################## Start optimization with initial parameters: [0. 0. 0. 0. 0. 0. 0. 0. 0. 0. 0. 0. 0. 0. 0. 0. 0. 0. 0. 0. 0. 0. 0. 0.
 0. 0. 0. 0. 0. 0. 0. 0. 0. 0. 0. 0. 0. 0. 0. 0. 0. 0. 0. 0. 0. 0. 0. 0.
 0. 0. 0. 0. 0. 0. 0. 0. 0. 0. 0. 0. 0. 0. 0. 0. 0. 0. 0. 0. 0. 0. 0. 0.
 0. 0. 0. 0. 0. 0. 0. 0. 0. 0. 0. 0. 0. 0. 0. 0. 0. 0. 0. 0. 0. 0. 0. 0.
 0. 0. 0. 0. 0. 0. 0. 0. 0. 0. 0. 0. 0. 0. 0. 0. 0. 0. 0. 0. 0. 0. 0. 0.
 0. 0. 0. 0. 0. 0. 0. 0. 0. 0. 0. 0. 0. 0. 0. 0. 0. 0. 0. 0. 0. 0. 0. 0.
 0. 0. 0. 0. 0. 0. 0. 0. 0. 0. 0. 0. 0. 0. 0. 0. 0. 0. 0. 0. 0. 0. 0. 0.
 0. 0. 0. 0. 0. 0. 0. 0. 0. 0. 0. 0. 0. 0. 0. 0. 0. 0. 0. 0. 0. 0. 0. 0.
 0. 0. 0. 0. 0. 0. 0. 0. 0. 0. 0. 0. 0. 0. 0. 0. 0. 0. 0. 0. 0. 0. 0. 0.
 0. 0. 0. 0. 0. 0. 0. 0. 0. 0. 0. 0. 0. 0. 0. 0. 0. 0. 0. 0. 0. 0. 0. 0.
 0. 0. 0. 0. 0. 0. 0. 0. 0. 0. 0. 0. 0. 0. 0. 0. 0. 0. 0. 0. 0. 0. 0. 0.
 0. 0. 0. 0. 0. 0. 0. 0. 0. 0. 0. 0. 0. 0. 0. 0. 0. 0. 0. 0. 0. 0. 0. 0.
 0. 0. 0. 0. 0. 0. 0. 0. 0. 0. 0. 0. 0. 0. 0. 0. 0. 0. 0. 0. 0. 0. 0. 0.
 0. 0. 0. 0. 0. 0. 0. 0. 0. 0. 0. 0. 0. 0. 0. 0. 0. 0. 0. 0. 0. 0. 0. 0.
 0. 0. 0. 0. 0. 0. 0. 0. 0. 0. 0. 0. 0. 0. 0. 0. 0. 0. 0. 0. 0. 0. 0. 0.]
Write sucessfully to ./data/data_shots_100000_layer_1/alpha_0.001/N_90/r_73/ansatz_type_linear_cnot/initialization_zeros

vqe.cvar_eval[0]: -28.027219999999954 , min_cvar: -47.183939999999915 , opt_cvar: -47.183939999999915

vqe.poss_eval[-1]: 0 vqe.poss_eval[0] 0  , max_poss: 0 , opt_poss: 0

vqe.r_eval[-1]: 0.6372583605946517 vqe.r_eval[0]: 0.38394924736839153 max_r: 0.6463801351284695 , min_r: 0.37749171201087117
