000 (15756404.713.000) 2026-02-06 11:24:36 Job submitted from host: <141.34.103.35:9618?addrs=141.34.103.35-9618+[2001-638-700-f067--1-23]-9618&alias=wgs39.zeuthen.desy.de&noUDP&sock=schedd_7414_f73f>
...
001 (15756404.713.000) 2026-02-07 01:54:12 Job executing on host: <141.34.15.176:9618?addrs=141.34.15.176-9618+[2001-638-700-f00f--1-b0]-9618&alias=genoa01.zeuthen.desy.de&noUDP&sock=startd_9698_998e>
	SlotName: slot1_7@genoa01.zeuthen.desy.de
	CondorScratchDir = "/batch/dir_2427391"
	Cpus = 8
	Disk = 1025697
	GPUs = 0
	Memory = 16384
...
006 (15756404.713.000) 2026-02-07 01:54:25 Image size of job updated: 95496
	94  -  MemoryUsage of job (MB)
	95496  -  ResidentSetSize of job (KB)
...
006 (15756404.713.000) 2026-02-07 01:59:25 Image size of job updated: 1622472
	1585  -  MemoryUsage of job (MB)
	1622472  -  ResidentSetSize of job (KB)
...
006 (15756404.713.000) 2026-02-07 02:04:26 Image size of job updated: 1642624
	1585  -  MemoryUsage of job (MB)
	1622472  -  ResidentSetSize of job (KB)
...
006 (15756404.713.000) 2026-02-07 02:09:26 Image size of job updated: 1647472
	1585  -  MemoryUsage of job (MB)
	1622472  -  ResidentSetSize of job (KB)
...
006 (15756404.713.000) 2026-02-07 02:14:26 Image size of job updated: 1647472
	1586  -  MemoryUsage of job (MB)
	1623704  -  ResidentSetSize of job (KB)
...
006 (15756404.713.000) 2026-02-07 02:19:27 Image size of job updated: 1649356
	1586  -  MemoryUsage of job (MB)
	1623704  -  ResidentSetSize of job (KB)
...
006 (15756404.713.000) 2026-02-07 02:24:27 Image size of job updated: 1649356
	1588  -  MemoryUsage of job (MB)
	1625168  -  ResidentSetSize of job (KB)
...
006 (15756404.713.000) 2026-02-07 02:34:28 Image size of job updated: 1649356
	1595  -  MemoryUsage of job (MB)
	1632368  -  ResidentSetSize of job (KB)
...
006 (15756404.713.000) 2026-02-07 02:39:28 Image size of job updated: 1649516
	1595  -  MemoryUsage of job (MB)
	1632368  -  ResidentSetSize of job (KB)
...
006 (15756404.713.000) 2026-02-07 02:44:29 Image size of job updated: 1649516
	1602  -  MemoryUsage of job (MB)
	1639456  -  ResidentSetSize of job (KB)
...
006 (15756404.713.000) 2026-02-07 02:49:30 Image size of job updated: 1649908
	1602  -  MemoryUsage of job (MB)
	1639460  -  ResidentSetSize of job (KB)
...
006 (15756404.713.000) 2026-02-07 02:54:30 Image size of job updated: 1649908
	1606  -  MemoryUsage of job (MB)
	1643696  -  ResidentSetSize of job (KB)
...
006 (15756404.713.000) 2026-02-07 02:59:31 Image size of job updated: 1649908
	1606  -  MemoryUsage of job (MB)
	1643700  -  ResidentSetSize of job (KB)
...
006 (15756404.713.000) 2026-02-07 03:04:31 Image size of job updated: 1650044
	1606  -  MemoryUsage of job (MB)
	1643700  -  ResidentSetSize of job (KB)
...
006 (15756404.713.000) 2026-02-07 03:24:32 Image size of job updated: 1650044
	1607  -  MemoryUsage of job (MB)
	1644628  -  ResidentSetSize of job (KB)
...
006 (15756404.713.000) 2026-02-07 03:39:34 Image size of job updated: 1650048
	1607  -  MemoryUsage of job (MB)
	1644628  -  ResidentSetSize of job (KB)
...
006 (15756404.713.000) 2026-02-07 03:44:35 Image size of job updated: 1650120
	1607  -  MemoryUsage of job (MB)
	1644628  -  ResidentSetSize of job (KB)
...
006 (15756404.713.000) 2026-02-07 03:49:35 Image size of job updated: 1650600
	1609  -  MemoryUsage of job (MB)
	1646636  -  ResidentSetSize of job (KB)
...
006 (15756404.713.000) 2026-02-07 03:54:36 Image size of job updated: 1650600
	1609  -  MemoryUsage of job (MB)
	1646640  -  ResidentSetSize of job (KB)
...
006 (15756404.713.000) 2026-02-07 04:09:38 Image size of job updated: 1650984
	1609  -  MemoryUsage of job (MB)
	1646640  -  ResidentSetSize of job (KB)
...
006 (15756404.713.000) 2026-02-07 04:14:38 Image size of job updated: 1651268
	1609  -  MemoryUsage of job (MB)
	1646640  -  ResidentSetSize of job (KB)
...
006 (15756404.713.000) 2026-02-07 04:24:39 Image size of job updated: 1651440
	1609  -  MemoryUsage of job (MB)
	1646640  -  ResidentSetSize of job (KB)
...
006 (15756404.713.000) 2026-02-07 04:49:41 Image size of job updated: 1651824
	1609  -  MemoryUsage of job (MB)
	1646640  -  ResidentSetSize of job (KB)
...
006 (15756404.713.000) 2026-02-07 04:54:42 Image size of job updated: 1651864
	1609  -  MemoryUsage of job (MB)
	1646640  -  ResidentSetSize of job (KB)
...
006 (15756404.713.000) 2026-02-07 05:24:44 Image size of job updated: 1651864
	1609  -  MemoryUsage of job (MB)
	1647428  -  ResidentSetSize of job (KB)
...
006 (15756404.713.000) 2026-02-07 05:29:45 Image size of job updated: 1652248
	1609  -  MemoryUsage of job (MB)
	1647432  -  ResidentSetSize of job (KB)
...
006 (15756404.713.000) 2026-02-07 05:39:45 Image size of job updated: 1652248
	1611  -  MemoryUsage of job (MB)
	1649620  -  ResidentSetSize of job (KB)
...
006 (15756404.713.000) 2026-02-07 05:44:46 Image size of job updated: 1652248
	1611  -  MemoryUsage of job (MB)
	1649624  -  ResidentSetSize of job (KB)
...
006 (15756404.713.000) 2026-02-07 05:54:47 Image size of job updated: 1652248
	1611  -  MemoryUsage of job (MB)
	1649644  -  ResidentSetSize of job (KB)
...
006 (15756404.713.000) 2026-02-07 05:59:47 Image size of job updated: 1652248
	1611  -  MemoryUsage of job (MB)
	1649648  -  ResidentSetSize of job (KB)
...
006 (15756404.713.000) 2026-02-07 06:04:48 Image size of job updated: 1652488
	1611  -  MemoryUsage of job (MB)
	1649648  -  ResidentSetSize of job (KB)
...
006 (15756404.713.000) 2026-02-07 06:09:48 Image size of job updated: 1652720
	1611  -  MemoryUsage of job (MB)
	1649648  -  ResidentSetSize of job (KB)
...
006 (15756404.713.000) 2026-02-07 06:14:49 Image size of job updated: 1653104
	1611  -  MemoryUsage of job (MB)
	1649648  -  ResidentSetSize of job (KB)
...
006 (15756404.713.000) 2026-02-07 06:24:50 Image size of job updated: 1653300
	1611  -  MemoryUsage of job (MB)
	1649648  -  ResidentSetSize of job (KB)
...
006 (15756404.713.000) 2026-02-07 09:45:09 Image size of job updated: 1653300
	1612  -  MemoryUsage of job (MB)
	1650140  -  ResidentSetSize of job (KB)
...
006 (15756404.713.000) 2026-02-07 09:50:09 Image size of job updated: 1653300
	1612  -  MemoryUsage of job (MB)
	1650144  -  ResidentSetSize of job (KB)
...
006 (15756404.713.000) 2026-02-07 10:40:14 Image size of job updated: 1653300
	1612  -  MemoryUsage of job (MB)
	1650672  -  ResidentSetSize of job (KB)
...
006 (15756404.713.000) 2026-02-07 12:40:25 Image size of job updated: 1653440
	1612  -  MemoryUsage of job (MB)
	1650672  -  ResidentSetSize of job (KB)
...
006 (15756404.713.000) 2026-02-07 13:25:30 Image size of job updated: 1654220
	1612  -  MemoryUsage of job (MB)
	1650672  -  ResidentSetSize of job (KB)
...
006 (15756404.713.000) 2026-02-07 13:45:31 Image size of job updated: 1654308
	1612  -  MemoryUsage of job (MB)
	1650672  -  ResidentSetSize of job (KB)
...
006 (15756404.713.000) 2026-02-07 22:06:25 Image size of job updated: 1654308
	1615  -  MemoryUsage of job (MB)
	1653360  -  ResidentSetSize of job (KB)
...
006 (15756404.713.000) 2026-02-07 22:11:25 Image size of job updated: 1654308
	1615  -  MemoryUsage of job (MB)
	1653384  -  ResidentSetSize of job (KB)
...
006 (15756404.713.000) 2026-02-08 01:41:46 Image size of job updated: 1654528
	1615  -  MemoryUsage of job (MB)
	1653384  -  ResidentSetSize of job (KB)
...
006 (15756404.713.000) 2026-02-08 02:46:52 Image size of job updated: 1654552
	1615  -  MemoryUsage of job (MB)
	1653384  -  ResidentSetSize of job (KB)
...
006 (15756404.713.000) 2026-02-08 03:01:53 Image size of job updated: 1654856
	1615  -  MemoryUsage of job (MB)
	1653384  -  ResidentSetSize of job (KB)
...
006 (15756404.713.000) 2026-02-08 03:16:54 Image size of job updated: 1654872
	1615  -  MemoryUsage of job (MB)
	1653384  -  ResidentSetSize of job (KB)
...
006 (15756404.713.000) 2026-02-08 23:59:00 Image size of job updated: 1654964
	1615  -  MemoryUsage of job (MB)
	1653384  -  ResidentSetSize of job (KB)
...
006 (15756404.713.000) 2026-02-09 00:04:00 Image size of job updated: 1655268
	1617  -  MemoryUsage of job (MB)
	1655268  -  ResidentSetSize of job (KB)
...
021 (15756404.713.000) 2026-02-09 01:54:17 Error from starter on slot1_7@genoa01.zeuthen.desy.de:
	runtime exceeded maximum (target.Runtime seconds)
	Code 21 Subcode 103
...
004 (15756404.713.000) 2026-02-09 01:54:17 Job was evicted.
	(0) CPU times
		Usr 7 06:56:56, Sys 3 13:21:23  -  Run Remote Usage
		Usr 0 00:00:00, Sys 0 00:00:00  -  Run Local Usage
	0  -  Run Bytes Sent By Job
	0  -  Run Bytes Received By Job
	Error from slot1_7@genoa01.zeuthen.desy.de: runtime exceeded maximum (target.Runtime seconds)
	Partitionable Resources :     Usage  Request Allocated 
	   Cpus                 :      7.95        8         8 
	   Disk (KB)            :      1     1024000   1025697 
	   GPUs                 :                            0 
	   Memory (MB)          :   1617       16384     16384 
	   TimeSlotBusy (s)     : 172805                       
...
012 (15756404.713.000) 2026-02-09 01:54:17 Job was held.
	Error from slot1_7@genoa01.zeuthen.desy.de: runtime exceeded maximum (target.Runtime seconds)
	Code 21 Subcode 103
...
009 (15756404.713.000) 2026-02-10 11:42:27 Job was aborted.
	via condor_rm (by user tuccia)
...
