000 (15756404.802.000) 2026-02-06 11:24:36 Job submitted from host: <141.34.103.35:9618?addrs=141.34.103.35-9618+[2001-638-700-f067--1-23]-9618&alias=wgs39.zeuthen.desy.de&noUDP&sock=schedd_7414_f73f>
...
001 (15756404.802.000) 2026-02-07 03:17:33 Job executing on host: <141.34.15.216:9618?addrs=141.34.15.216-9618+[2001-638-700-f00f--1-d8]-9618&alias=bladekf.zeuthen.desy.de&noUDP&sock=startd_10913_fd20>
	SlotName: slot1_5@bladekf.zeuthen.desy.de
	CondorScratchDir = "/batch/dir_690287"
	Cpus = 8
	Disk = 1025024
	GPUs = 0
	Memory = 16384
...
006 (15756404.802.000) 2026-02-07 03:17:46 Image size of job updated: 95396
	94  -  MemoryUsage of job (MB)
	95396  -  ResidentSetSize of job (KB)
...
006 (15756404.802.000) 2026-02-07 03:22:46 Image size of job updated: 689580
	672  -  MemoryUsage of job (MB)
	687956  -  ResidentSetSize of job (KB)
...
006 (15756404.802.000) 2026-02-07 03:27:47 Image size of job updated: 690092
	672  -  MemoryUsage of job (MB)
	687956  -  ResidentSetSize of job (KB)
...
006 (15756404.802.000) 2026-02-07 03:32:48 Image size of job updated: 691220
	672  -  MemoryUsage of job (MB)
	687956  -  ResidentSetSize of job (KB)
...
006 (15756404.802.000) 2026-02-07 03:37:48 Image size of job updated: 691584
	674  -  MemoryUsage of job (MB)
	689332  -  ResidentSetSize of job (KB)
...
006 (15756404.802.000) 2026-02-07 03:42:49 Image size of job updated: 692004
	674  -  MemoryUsage of job (MB)
	689332  -  ResidentSetSize of job (KB)
...
006 (15756404.802.000) 2026-02-07 03:47:50 Image size of job updated: 693052
	677  -  MemoryUsage of job (MB)
	693052  -  ResidentSetSize of job (KB)
...
006 (15756404.802.000) 2026-02-07 03:52:50 Image size of job updated: 693308
	677  -  MemoryUsage of job (MB)
	693052  -  ResidentSetSize of job (KB)
...
006 (15756404.802.000) 2026-02-07 03:57:51 Image size of job updated: 693544
	677  -  MemoryUsage of job (MB)
	693052  -  ResidentSetSize of job (KB)
...
006 (15756404.802.000) 2026-02-07 04:02:52 Image size of job updated: 693860
	677  -  MemoryUsage of job (MB)
	693052  -  ResidentSetSize of job (KB)
...
006 (15756404.802.000) 2026-02-07 04:47:56 Image size of job updated: 694124
	677  -  MemoryUsage of job (MB)
	693052  -  ResidentSetSize of job (KB)
...
006 (15756404.802.000) 2026-02-07 04:52:56 Image size of job updated: 694688
	677  -  MemoryUsage of job (MB)
	693052  -  ResidentSetSize of job (KB)
...
006 (15756404.802.000) 2026-02-07 04:57:56 Image size of job updated: 694956
	678  -  MemoryUsage of job (MB)
	693656  -  ResidentSetSize of job (KB)
...
006 (15756404.802.000) 2026-02-07 05:02:57 Image size of job updated: 695616
	678  -  MemoryUsage of job (MB)
	693656  -  ResidentSetSize of job (KB)
...
006 (15756404.802.000) 2026-02-07 05:38:01 Image size of job updated: 695616
	678  -  MemoryUsage of job (MB)
	694004  -  ResidentSetSize of job (KB)
...
006 (15756404.802.000) 2026-02-07 05:43:01 Image size of job updated: 695616
	679  -  MemoryUsage of job (MB)
	694276  -  ResidentSetSize of job (KB)
...
006 (15756404.802.000) 2026-02-07 05:48:02 Image size of job updated: 695616
	679  -  MemoryUsage of job (MB)
	694536  -  ResidentSetSize of job (KB)
...
006 (15756404.802.000) 2026-02-07 05:53:03 Image size of job updated: 695616
	679  -  MemoryUsage of job (MB)
	694800  -  ResidentSetSize of job (KB)
...
006 (15756404.802.000) 2026-02-07 05:58:03 Image size of job updated: 695616
	679  -  MemoryUsage of job (MB)
	695056  -  ResidentSetSize of job (KB)
...
006 (15756404.802.000) 2026-02-07 06:03:04 Image size of job updated: 695616
	679  -  MemoryUsage of job (MB)
	695092  -  ResidentSetSize of job (KB)
...
006 (15756404.802.000) 2026-02-07 06:08:05 Image size of job updated: 695616
	680  -  MemoryUsage of job (MB)
	695568  -  ResidentSetSize of job (KB)
...
006 (15756404.802.000) 2026-02-07 06:18:06 Image size of job updated: 696080
	680  -  MemoryUsage of job (MB)
	695824  -  ResidentSetSize of job (KB)
...
006 (15756404.802.000) 2026-02-07 06:23:07 Image size of job updated: 696084
	680  -  MemoryUsage of job (MB)
	695828  -  ResidentSetSize of job (KB)
...
006 (15756404.802.000) 2026-02-07 06:28:07 Image size of job updated: 696392
	681  -  MemoryUsage of job (MB)
	696344  -  ResidentSetSize of job (KB)
...
006 (15756404.802.000) 2026-02-07 06:33:07 Image size of job updated: 696412
	681  -  MemoryUsage of job (MB)
	696344  -  ResidentSetSize of job (KB)
...
006 (15756404.802.000) 2026-02-07 08:28:20 Image size of job updated: 696544
	681  -  MemoryUsage of job (MB)
	696544  -  ResidentSetSize of job (KB)
...
006 (15756404.802.000) 2026-02-07 08:33:20 Image size of job updated: 696800
	681  -  MemoryUsage of job (MB)
	696544  -  ResidentSetSize of job (KB)
...
006 (15756404.802.000) 2026-02-07 10:33:32 Image size of job updated: 696800
	681  -  MemoryUsage of job (MB)
	696636  -  ResidentSetSize of job (KB)
...
006 (15756404.802.000) 2026-02-07 11:23:37 Image size of job updated: 696800
	681  -  MemoryUsage of job (MB)
	696640  -  ResidentSetSize of job (KB)
...
006 (15756404.802.000) 2026-02-07 14:03:51 Image size of job updated: 696800
	681  -  MemoryUsage of job (MB)
	696644  -  ResidentSetSize of job (KB)
...
005 (15756404.802.000) 2026-02-07 14:17:59 Job terminated.
	(1) Normal termination (return value 0)
		Usr 1 18:37:40, Sys 0 14:36:25  -  Run Remote Usage
		Usr 0 00:00:00, Sys 0 00:00:00  -  Run Local Usage
		Usr 1 18:37:40, Sys 0 14:36:25  -  Total Remote Usage
		Usr 0 00:00:00, Sys 0 00:00:00  -  Total Local Usage
	0  -  Run Bytes Sent By Job
	0  -  Run Bytes Received By Job
	0  -  Total Bytes Sent By Job
	0  -  Total Bytes Received By Job
	Partitionable Resources :    Usage  Request Allocated 
	   Cpus                 :     7.66        8         8 
	   Disk (KB)            :     1     1024000   1025024 
	   GPUs                 :                           0 
	   Memory (MB)          :   681       16384     16384 
	   TimeExecute (s)      : 39626                       
	   TimeSlotBusy (s)     : 39626                       

	Job terminated of its own accord at 2026-02-07T13:17:59Z with exit-code 0.
...
