~~~~~~~~~~~~~~~~~~~~~~~~~~~~~~

n_qubits: 90, 
r: 14, 
alpha: 0.01, 
shots: 10000, 
ansatz: linear_cnot, 
layer: 1, 
tau: 0.3

time for simulated annealing:  97.38145732879639
Rank 1: Bitstring=000110011000000100011000010101000010001000100110111001000111011010100011001100101011000000, Decimal=123331118203857974833498816, Energy=-79.3276
Rank 2: Bitstring=000110011000001100011000010101000010001000100110111000000111011010110011001000101010000000, Decimal=123368897135720863279909504, Energy=-79.1516
Rank 3: Bitstring=000110010000000100011001010101000010001010100110111001000111011010100011001100101011000000, Decimal=120913340352167961275714240, Energy=-79.142
Rank 4: Bitstring=000110010000001100011001010101000010001010100110111000000111011010110011001000101010000000, Decimal=120951119284030849722124928, Energy=-78.966
Rank 5: Bitstring=100110011000000100011000010101000010011000100110111001000111011010100011001100101011000000, Decimal=742301137851051711910431424, Energy=-78.8064
Rank 6: Bitstring=000110011000000100011000010101000010001000100110111001000111011010100011001000101010000000, Decimal=123331118203857974833482368, Energy=-78.7494
Rank 7: Bitstring=000110011000000000111000010101000010001000100110111001000111011010100011001100101011001000, Decimal=123314589921167931075250888, Energy=-78.6774
Rank 8: Bitstring=100110011000001100011000010101000010011000100110111000000111011010110011001000101010000000, Decimal=742338916782914600356842112, Energy=-78.6304
Rank 9: Bitstring=100110010000000100011001010101000010011010100110111001000111011010100011001100101011000000, Decimal=739883359999361698352646848, Energy=-78.6208
Rank 10: Bitstring=000110010000000100011001010101000010001010100110111001000111011010100011001000101010000000, Decimal=120913340352167961275697792, Energy=-78.5638

E_min from simulated annealing:  -79.3276
Minimum energy: -79.3276
States with energy within 1e-08 of minimum: [123331118203857974833498816]
4


################## Start optimization with initial parameters: [0. 0. 0. 0. 0. 0. 0. 0. 0. 0. 0. 0. 0. 0. 0. 0. 0. 0. 0. 0. 0. 0. 0. 0.
 0. 0. 0. 0. 0. 0. 0. 0. 0. 0. 0. 0. 0. 0. 0. 0. 0. 0. 0. 0. 0. 0. 0. 0.
 0. 0. 0. 0. 0. 0. 0. 0. 0. 0. 0. 0. 0. 0. 0. 0. 0. 0. 0. 0. 0. 0. 0. 0.
 0. 0. 0. 0. 0. 0. 0. 0. 0. 0. 0. 0. 0. 0. 0. 0. 0. 0. 0. 0. 0. 0. 0. 0.
 0. 0. 0. 0. 0. 0. 0. 0. 0. 0. 0. 0. 0. 0. 0. 0. 0. 0. 0. 0. 0. 0. 0. 0.
 0. 0. 0. 0. 0. 0. 0. 0. 0. 0. 0. 0. 0. 0. 0. 0. 0. 0. 0. 0. 0. 0. 0. 0.
 0. 0. 0. 0. 0. 0. 0. 0. 0. 0. 0. 0. 0. 0. 0. 0. 0. 0. 0. 0. 0. 0. 0. 0.
 0. 0. 0. 0. 0. 0. 0. 0. 0. 0. 0. 0. 0. 0. 0. 0. 0. 0. 0. 0. 0. 0. 0. 0.
 0. 0. 0. 0. 0. 0. 0. 0. 0. 0. 0. 0. 0. 0. 0. 0. 0. 0. 0. 0. 0. 0. 0. 0.
 0. 0. 0. 0. 0. 0. 0. 0. 0. 0. 0. 0. 0. 0. 0. 0. 0. 0. 0. 0. 0. 0. 0. 0.
 0. 0. 0. 0. 0. 0. 0. 0. 0. 0. 0. 0. 0. 0. 0. 0. 0. 0. 0. 0. 0. 0. 0. 0.
 0. 0. 0. 0. 0. 0. 0. 0. 0. 0. 0. 0. 0. 0. 0. 0. 0. 0. 0. 0. 0. 0. 0. 0.
 0. 0. 0. 0. 0. 0. 0. 0. 0. 0. 0. 0. 0. 0. 0. 0. 0. 0. 0. 0. 0. 0. 0. 0.
 0. 0. 0. 0. 0. 0. 0. 0. 0. 0. 0. 0. 0. 0. 0. 0. 0. 0. 0. 0. 0. 0. 0. 0.
 0. 0. 0. 0. 0. 0. 0. 0. 0. 0. 0. 0. 0. 0. 0. 0. 0. 0. 0. 0. 0. 0. 0. 0.]
Write sucessfully to ./data/data_shots_10000_layer_1/alpha_0.01/N_90/r_14/ansatz_type_linear_cnot/initialization_zeros

vqe.cvar_eval[0]: -23.262984000000014 , min_cvar: -36.07214800000002 , opt_cvar: -36.07214800000002

vqe.poss_eval[-1]: 0 vqe.poss_eval[0] 0  , max_poss: 0 , opt_poss: 0

vqe.r_eval[-1]: 0.44287995603043606 vqe.r_eval[0]: 0.2932520837640369 max_r: 0.45472380356899766 , min_r: 0.2759356138342773
