000 (15756407.837.000) 2026-02-06 11:26:12 Job submitted from host: <141.34.103.35:9618?addrs=141.34.103.35-9618+[2001-638-700-f067--1-23]-9618&alias=wgs39.zeuthen.desy.de&noUDP&sock=schedd_7414_f73f>
...
009 (15756407.837.000) 2026-02-10 11:42:42 Job was aborted.
	via condor_rm (by user tuccia)
...
000 (15949294.558.000) 2026-02-10 11:45:21 Job submitted from host: <141.34.103.35:9618?addrs=141.34.103.35-9618+[2001-638-700-f067--1-23]-9618&alias=wgs39.zeuthen.desy.de&noUDP&sock=schedd_7302_24a3>
...
009 (15949294.558.000) 2026-02-10 11:45:47 Job was aborted.
	via condor_rm (by user tuccia)
...
000 (15949295.558.000) 2026-02-10 11:46:05 Job submitted from host: <141.34.103.35:9618?addrs=141.34.103.35-9618+[2001-638-700-f067--1-23]-9618&alias=wgs39.zeuthen.desy.de&noUDP&sock=schedd_7302_24a3>
...
001 (15949295.558.000) 2026-02-13 00:01:51 Job executing on host: <141.34.14.37:9618?addrs=141.34.14.37-9618+[2001-638-700-f00e--1-25]-9618&alias=amphion.zeuthen.desy.de&noUDP&sock=startd_8755_c7bf>
	SlotName: slot1_5@amphion.zeuthen.desy.de
	AvailableGPUs = {  }
	CondorScratchDir = "/batch/dir_1180406"
	Cpus = 8
	Disk = 1025682
	GPUs = 0
	Memory = 16384
...
006 (15949295.558.000) 2026-02-13 00:02:04 Image size of job updated: 97480
	96  -  MemoryUsage of job (MB)
	97480  -  ResidentSetSize of job (KB)
...
006 (15949295.558.000) 2026-02-13 00:07:04 Image size of job updated: 654336
	451  -  MemoryUsage of job (MB)
	461600  -  ResidentSetSize of job (KB)
...
006 (15949295.558.000) 2026-02-13 00:12:05 Image size of job updated: 654336
	482  -  MemoryUsage of job (MB)
	492980  -  ResidentSetSize of job (KB)
...
006 (15949295.558.000) 2026-02-13 00:17:06 Image size of job updated: 654336
	532  -  MemoryUsage of job (MB)
	544300  -  ResidentSetSize of job (KB)
...
006 (15949295.558.000) 2026-02-13 00:22:06 Image size of job updated: 654336
	550  -  MemoryUsage of job (MB)
	562952  -  ResidentSetSize of job (KB)
...
006 (15949295.558.000) 2026-02-13 00:27:07 Image size of job updated: 654336
	551  -  MemoryUsage of job (MB)
	564200  -  ResidentSetSize of job (KB)
...
006 (15949295.558.000) 2026-02-13 00:32:08 Image size of job updated: 654336
	555  -  MemoryUsage of job (MB)
	567644  -  ResidentSetSize of job (KB)
...
006 (15949295.558.000) 2026-02-13 00:37:08 Image size of job updated: 654336
	559  -  MemoryUsage of job (MB)
	571680  -  ResidentSetSize of job (KB)
...
006 (15949295.558.000) 2026-02-13 00:42:09 Image size of job updated: 654336
	560  -  MemoryUsage of job (MB)
	573436  -  ResidentSetSize of job (KB)
...
006 (15949295.558.000) 2026-02-13 00:47:10 Image size of job updated: 654336
	562  -  MemoryUsage of job (MB)
	574572  -  ResidentSetSize of job (KB)
...
006 (15949295.558.000) 2026-02-13 00:52:10 Image size of job updated: 654336
	564  -  MemoryUsage of job (MB)
	577248  -  ResidentSetSize of job (KB)
...
006 (15949295.558.000) 2026-02-13 01:07:12 Image size of job updated: 660776
	646  -  MemoryUsage of job (MB)
	660776  -  ResidentSetSize of job (KB)
...
006 (15949295.558.000) 2026-02-13 01:12:13 Image size of job updated: 671152
	646  -  MemoryUsage of job (MB)
	660776  -  ResidentSetSize of job (KB)
...
006 (15949295.558.000) 2026-02-13 01:17:14 Image size of job updated: 671340
	646  -  MemoryUsage of job (MB)
	660776  -  ResidentSetSize of job (KB)
...
006 (15949295.558.000) 2026-02-13 01:22:14 Image size of job updated: 671848
	646  -  MemoryUsage of job (MB)
	660776  -  ResidentSetSize of job (KB)
...
006 (15949295.558.000) 2026-02-13 01:32:15 Image size of job updated: 671960
	646  -  MemoryUsage of job (MB)
	660776  -  ResidentSetSize of job (KB)
...
006 (15949295.558.000) 2026-02-13 01:37:15 Image size of job updated: 672060
	646  -  MemoryUsage of job (MB)
	660776  -  ResidentSetSize of job (KB)
...
006 (15949295.558.000) 2026-02-13 01:42:15 Image size of job updated: 672112
	646  -  MemoryUsage of job (MB)
	660776  -  ResidentSetSize of job (KB)
...
006 (15949295.558.000) 2026-02-13 01:52:16 Image size of job updated: 672236
	646  -  MemoryUsage of job (MB)
	660776  -  ResidentSetSize of job (KB)
...
006 (15949295.558.000) 2026-02-13 02:02:17 Image size of job updated: 672236
	657  -  MemoryUsage of job (MB)
	672056  -  ResidentSetSize of job (KB)
...
006 (15949295.558.000) 2026-02-13 02:07:17 Image size of job updated: 672536
	657  -  MemoryUsage of job (MB)
	672056  -  ResidentSetSize of job (KB)
...
006 (15949295.558.000) 2026-02-13 03:27:23 Image size of job updated: 672612
	657  -  MemoryUsage of job (MB)
	672056  -  ResidentSetSize of job (KB)
...
006 (15949295.558.000) 2026-02-13 03:32:24 Image size of job updated: 672856
	658  -  MemoryUsage of job (MB)
	672856  -  ResidentSetSize of job (KB)
...
006 (15949295.558.000) 2026-02-13 03:57:27 Image size of job updated: 674660
	658  -  MemoryUsage of job (MB)
	672856  -  ResidentSetSize of job (KB)
...
006 (15949295.558.000) 2026-02-13 04:02:28 Image size of job updated: 675232
	658  -  MemoryUsage of job (MB)
	672856  -  ResidentSetSize of job (KB)
...
006 (15949295.558.000) 2026-02-13 04:22:29 Image size of job updated: 675708
	660  -  MemoryUsage of job (MB)
	675708  -  ResidentSetSize of job (KB)
...
006 (15949295.558.000) 2026-02-13 04:47:31 Image size of job updated: 678448
	660  -  MemoryUsage of job (MB)
	675708  -  ResidentSetSize of job (KB)
...
006 (15949295.558.000) 2026-02-13 05:12:32 Image size of job updated: 678448
	662  -  MemoryUsage of job (MB)
	677068  -  ResidentSetSize of job (KB)
...
006 (15949295.558.000) 2026-02-13 05:27:33 Image size of job updated: 678448
	663  -  MemoryUsage of job (MB)
	678420  -  ResidentSetSize of job (KB)
...
006 (15949295.558.000) 2026-02-13 06:27:37 Image size of job updated: 679612
	663  -  MemoryUsage of job (MB)
	678420  -  ResidentSetSize of job (KB)
...
006 (15949295.558.000) 2026-02-13 06:47:39 Image size of job updated: 680336
	663  -  MemoryUsage of job (MB)
	678420  -  ResidentSetSize of job (KB)
...
006 (15949295.558.000) 2026-02-13 07:32:45 Image size of job updated: 680336
	664  -  MemoryUsage of job (MB)
	678988  -  ResidentSetSize of job (KB)
...
006 (15949295.558.000) 2026-02-13 14:08:28 Image size of job updated: 680336
	664  -  MemoryUsage of job (MB)
	679456  -  ResidentSetSize of job (KB)
...
006 (15949295.558.000) 2026-02-13 16:43:44 Image size of job updated: 680336
	664  -  MemoryUsage of job (MB)
	679868  -  ResidentSetSize of job (KB)
...
006 (15949295.558.000) 2026-02-13 18:08:53 Image size of job updated: 680392
	664  -  MemoryUsage of job (MB)
	679868  -  ResidentSetSize of job (KB)
...
005 (15949295.558.000) 2026-02-13 22:09:05 Job terminated.
	(1) Normal termination (return value 0)
		Usr 2 05:19:34, Sys 0 12:31:51  -  Run Remote Usage
		Usr 0 00:00:00, Sys 0 00:00:00  -  Run Local Usage
		Usr 2 05:19:34, Sys 0 12:31:51  -  Total Remote Usage
		Usr 0 00:00:00, Sys 0 00:00:00  -  Total Local Usage
	0  -  Run Bytes Sent By Job
	0  -  Run Bytes Received By Job
	0  -  Total Bytes Sent By Job
	0  -  Total Bytes Received By Job
	Partitionable Resources :    Usage  Request Allocated 
	   Cpus                 :     3.95        8         8 
	   Disk (KB)            :     1     1024000   1025682 
	   GPUs                 :                           0 
	   Memory (MB)          :   664       16384     16384 
	   TimeExecute (s)      : 79634                       
	   TimeSlotBusy (s)     : 79634                       

	Job terminated of its own accord at 2026-02-13T21:09:05Z with exit-code 0.
...
