000 (15756408.792.000) 2026-02-06 11:26:59 Job submitted from host: <141.34.103.35:9618?addrs=141.34.103.35-9618+[2001-638-700-f067--1-23]-9618&alias=wgs39.zeuthen.desy.de&noUDP&sock=schedd_7414_f73f>
...
009 (15756408.792.000) 2026-02-10 11:47:37 Job was aborted.
	via condor_rm (by user tuccia)
...
000 (15951004.528.000) 2026-02-10 16:30:05 Job submitted from host: <141.34.103.35:9618?addrs=141.34.103.35-9618+[2001-638-700-f067--1-23]-9618&alias=wgs39.zeuthen.desy.de&noUDP&sock=schedd_7302_24a3>
...
001 (15951004.528.000) 2026-02-10 18:30:37 Job executing on host: <141.34.15.43:9618?addrs=141.34.15.43-9618+[2001-638-700-f00f--1-2b]-9618&alias=pizza14.zeuthen.desy.de&noUDP&sock=startd_8340_1ff1>
	SlotName: slot1_17@pizza14.zeuthen.desy.de
	CondorScratchDir = "/batch/dir_1900892"
	Cpus = 1
	Disk = 1025696
	GPUs = 0
	Memory = 5120
...
006 (15951004.528.000) 2026-02-10 18:30:51 Image size of job updated: 97428
	96  -  MemoryUsage of job (MB)
	97428  -  ResidentSetSize of job (KB)
...
006 (15951004.528.000) 2026-02-10 18:35:52 Image size of job updated: 833780
	481  -  MemoryUsage of job (MB)
	492096  -  ResidentSetSize of job (KB)
...
006 (15951004.528.000) 2026-02-10 18:40:53 Image size of job updated: 833780
	505  -  MemoryUsage of job (MB)
	516192  -  ResidentSetSize of job (KB)
...
006 (15951004.528.000) 2026-02-10 18:45:53 Image size of job updated: 833780
	507  -  MemoryUsage of job (MB)
	518816  -  ResidentSetSize of job (KB)
...
006 (15951004.528.000) 2026-02-10 18:50:54 Image size of job updated: 833780
	507  -  MemoryUsage of job (MB)
	518884  -  ResidentSetSize of job (KB)
...
006 (15951004.528.000) 2026-02-10 19:00:55 Image size of job updated: 833780
	507  -  MemoryUsage of job (MB)
	518892  -  ResidentSetSize of job (KB)
...
006 (15951004.528.000) 2026-02-10 19:25:57 Image size of job updated: 833780
	507  -  MemoryUsage of job (MB)
	518904  -  ResidentSetSize of job (KB)
...
006 (15951004.528.000) 2026-02-10 20:41:05 Image size of job updated: 833780
	507  -  MemoryUsage of job (MB)
	518924  -  ResidentSetSize of job (KB)
...
006 (15951004.528.000) 2026-02-10 21:16:10 Image size of job updated: 833780
	509  -  MemoryUsage of job (MB)
	520968  -  ResidentSetSize of job (KB)
...
006 (15951004.528.000) 2026-02-11 00:51:30 Image size of job updated: 833780
	509  -  MemoryUsage of job (MB)
	521180  -  ResidentSetSize of job (KB)
...
006 (15951004.528.000) 2026-02-11 05:06:55 Image size of job updated: 833780
	510  -  MemoryUsage of job (MB)
	521492  -  ResidentSetSize of job (KB)
...
006 (15951004.528.000) 2026-02-11 05:21:57 Image size of job updated: 833780
	510  -  MemoryUsage of job (MB)
	521804  -  ResidentSetSize of job (KB)
...
004 (15951004.528.000) 2026-02-11 11:11:58 Job was evicted.
	(0) CPU times
		Usr 0 16:30:11, Sys 0 00:00:04  -  Run Remote Usage
		Usr 0 00:00:00, Sys 0 00:00:00  -  Run Local Usage
	0  -  Run Bytes Sent By Job
	0  -  Run Bytes Received By Job
	Partitionable Resources :    Usage  Request Allocated 
	   Cpus                 :     0.99        1         1 
	   Disk (KB)            :     1     1024000   1025696 
	   GPUs                 :                           0 
	   Memory (MB)          :   510        5120      5120 
	   TimeExecute (s)      : 60080                       
	   TimeSlotBusy (s)     : 60081                       
...
009 (15951004.528.000) 2026-02-11 11:11:59 Job was aborted.
	via condor_rm (by user tuccia)
...
000 (15988842.528.000) 2026-02-11 11:12:47 Job submitted from host: <141.34.103.35:9618?addrs=141.34.103.35-9618+[2001-638-700-f067--1-23]-9618&alias=wgs39.zeuthen.desy.de&noUDP&sock=schedd_7302_24a3>
...
001 (15988842.528.000) 2026-02-11 11:44:24 Job executing on host: <141.34.15.204:9618?addrs=141.34.15.204-9618+[2001-638-700-f00f--1-cc]-9618&alias=pizza06.zeuthen.desy.de&noUDP&sock=startd_8233_bb4f>
	SlotName: slot1_28@pizza06.zeuthen.desy.de
	CondorScratchDir = "/batch/dir_2203983"
	Cpus = 1
	Disk = 1025696
	GPUs = 0
	Memory = 5120
...
006 (15988842.528.000) 2026-02-11 11:44:37 Image size of job updated: 97408
	96  -  MemoryUsage of job (MB)
	97408  -  ResidentSetSize of job (KB)
...
006 (15988842.528.000) 2026-02-11 11:49:37 Image size of job updated: 829632
	478  -  MemoryUsage of job (MB)
	489084  -  ResidentSetSize of job (KB)
...
006 (15988842.528.000) 2026-02-11 11:54:38 Image size of job updated: 829632
	503  -  MemoryUsage of job (MB)
	514268  -  ResidentSetSize of job (KB)
...
006 (15988842.528.000) 2026-02-11 11:59:38 Image size of job updated: 829632
	505  -  MemoryUsage of job (MB)
	516776  -  ResidentSetSize of job (KB)
...
006 (15988842.528.000) 2026-02-11 12:09:39 Image size of job updated: 829632
	505  -  MemoryUsage of job (MB)
	516840  -  ResidentSetSize of job (KB)
...
006 (15988842.528.000) 2026-02-11 12:14:40 Image size of job updated: 829632
	505  -  MemoryUsage of job (MB)
	516848  -  ResidentSetSize of job (KB)
...
006 (15988842.528.000) 2026-02-11 12:39:43 Image size of job updated: 829632
	507  -  MemoryUsage of job (MB)
	519108  -  ResidentSetSize of job (KB)
...
006 (15988842.528.000) 2026-02-11 12:44:44 Image size of job updated: 829632
	507  -  MemoryUsage of job (MB)
	519124  -  ResidentSetSize of job (KB)
...
006 (15988842.528.000) 2026-02-11 12:59:46 Image size of job updated: 829632
	507  -  MemoryUsage of job (MB)
	519128  -  ResidentSetSize of job (KB)
...
006 (15988842.528.000) 2026-02-11 14:44:55 Image size of job updated: 829632
	508  -  MemoryUsage of job (MB)
	519188  -  ResidentSetSize of job (KB)
...
006 (15988842.528.000) 2026-02-11 17:45:15 Image size of job updated: 829632
	508  -  MemoryUsage of job (MB)
	519192  -  ResidentSetSize of job (KB)
...
006 (15988842.528.000) 2026-02-11 17:55:17 Image size of job updated: 829632
	508  -  MemoryUsage of job (MB)
	519292  -  ResidentSetSize of job (KB)
...
006 (15988842.528.000) 2026-02-11 19:25:26 Image size of job updated: 829632
	508  -  MemoryUsage of job (MB)
	519344  -  ResidentSetSize of job (KB)
...
006 (15988842.528.000) 2026-02-11 19:30:26 Image size of job updated: 829632
	508  -  MemoryUsage of job (MB)
	519500  -  ResidentSetSize of job (KB)
...
006 (15988842.528.000) 2026-02-11 19:35:26 Image size of job updated: 829632
	508  -  MemoryUsage of job (MB)
	519656  -  ResidentSetSize of job (KB)
...
006 (15988842.528.000) 2026-02-11 19:40:27 Image size of job updated: 829632
	508  -  MemoryUsage of job (MB)
	519968  -  ResidentSetSize of job (KB)
...
006 (15988842.528.000) 2026-02-12 14:17:09 Image size of job updated: 829632
	508  -  MemoryUsage of job (MB)
	520060  -  ResidentSetSize of job (KB)
...
006 (15988842.528.000) 2026-02-12 22:43:02 Image size of job updated: 829632
	508  -  MemoryUsage of job (MB)
	520104  -  ResidentSetSize of job (KB)
...
006 (15988842.528.000) 2026-02-13 04:13:35 Image size of job updated: 829632
	509  -  MemoryUsage of job (MB)
	520232  -  ResidentSetSize of job (KB)
...
021 (15988842.528.000) 2026-02-13 11:44:28 Error from starter on slot1_28@pizza06.zeuthen.desy.de:
	runtime exceeded maximum (target.Runtime seconds)
	Code 21 Subcode 103
...
004 (15988842.528.000) 2026-02-13 11:44:28 Job was evicted.
	(0) CPU times
		Usr 1 23:26:45, Sys 0 00:00:07  -  Run Remote Usage
		Usr 0 00:00:00, Sys 0 00:00:00  -  Run Local Usage
	0  -  Run Bytes Sent By Job
	0  -  Run Bytes Received By Job
	Error from slot1_28@pizza06.zeuthen.desy.de: runtime exceeded maximum (target.Runtime seconds)
	Partitionable Resources :     Usage  Request Allocated 
	   Cpus                 :      0.99        1         1 
	   Disk (KB)            :      1     1024000   1025696 
	   GPUs                 :                            0 
	   Memory (MB)          :    509        5120      5120 
	   TimeSlotBusy (s)     : 172804                       
...
012 (15988842.528.000) 2026-02-13 11:44:28 Job was held.
	Error from slot1_28@pizza06.zeuthen.desy.de: runtime exceeded maximum (target.Runtime seconds)
	Code 21 Subcode 103
...
009 (15988842.528.000) 2026-02-16 17:16:37 Job was aborted.
	via condor_rm (by user tuccia)
...
