~~~~~~~~~~~~~~~~~~~~~~~~~~~~~~

n_qubits: 90, 
r: 83, 
alpha: 0.01, 
shots: 10000, 
ansatz: structure_like_qubo_YZ_2, 
layer: 1, 
tau: 0.3

time for simulated annealing:  122.95042634010315
Rank 1: Bitstring=011001010000010011101010110110001111100011010000001100010110100100010011101110101000011000, Decimal=488498917678389161251236376, Energy=-83.2236
Rank 2: Bitstring=011001110000010011101010110110001111100011010000001100010110100110110011101110101000011000, Decimal=498170324235306194690828824, Energy=-83.1302
Rank 3: Bitstring=011011110000010011101000110110011011100011010000001000010010110111110011111110101000011000, Decimal=536855803105194241831201304, Energy=-82.9386
Rank 4: Bitstring=011001010000111011101010110110001111100011010000001100010110100100010011101110101000011000, Decimal=488687812337703947059784216, Energy=-82.8424
Rank 5: Bitstring=011001010000111011101010110110001111100011010000001100010110100110010011101110101000011000, Decimal=488687812337703947093338648, Energy=-82.8064
Rank 6: Bitstring=011001010000010011101010011110001111000011010100001100000110100100010011101110101000011000, Decimal=488498889999283426438343192, Energy=-82.7854
Rank 7: Bitstring=011011110000010011101000110110011011100011010000001000010010110111110011111110110000001000, Decimal=536855803105194241831201800, Energy=-82.765
Rank 8: Bitstring=011001110000111011101010110110001111100011010000001100010110100110110011101110101000011000, Decimal=498359218894620980499376664, Energy=-82.749
Rank 9: Bitstring=011001110000010011101010011110001111000011010100001100000110100110110011101110101000011000, Decimal=498170296556200459877935640, Energy=-82.692
Rank 10: Bitstring=011011110000010011101000110110011011100011010000001100010010100110110011111110101000011000, Decimal=536855803105194516423895576, Energy=-82.6256

E_min from simulated annealing:  -83.2236
Minimum energy: -83.2236
States with energy within 1e-08 of minimum: [488498917678389161251236376]


################## Start optimization with initial parameters: [0. 0. 0. 0. 0. 0. 0. 0. 0. 0. 0. 0. 0. 0. 0. 0. 0. 0. 0. 0. 0. 0. 0. 0.
 0. 0. 0. 0. 0. 0. 0. 0. 0. 0. 0. 0. 0. 0. 0. 0. 0. 0. 0. 0. 0. 0. 0. 0.
 0. 0. 0. 0. 0. 0. 0. 0. 0. 0. 0. 0. 0. 0. 0. 0. 0. 0. 0. 0. 0. 0. 0. 0.
 0. 0. 0. 0. 0. 0. 0. 0. 0. 0. 0. 0. 0. 0. 0. 0. 0. 0. 0. 0. 0. 0. 0. 0.
 0. 0. 0. 0. 0. 0. 0. 0. 0. 0. 0. 0. 0. 0. 0. 0. 0. 0. 0. 0. 0. 0. 0. 0.
 0. 0. 0. 0. 0. 0. 0. 0. 0. 0. 0. 0. 0. 0. 0. 0. 0. 0. 0. 0. 0. 0. 0. 0.
 0. 0. 0. 0. 0. 0. 0. 0. 0. 0. 0. 0. 0. 0. 0. 0. 0. 0. 0. 0. 0. 0. 0. 0.
 0. 0. 0. 0. 0. 0. 0. 0. 0. 0. 0. 0. 0. 0. 0. 0. 0. 0. 0. 0. 0. 0. 0. 0.
 0. 0. 0. 0. 0. 0. 0. 0. 0. 0. 0. 0. 0. 0. 0. 0. 0. 0. 0. 0. 0. 0. 0. 0.
 0. 0. 0. 0. 0. 0. 0. 0. 0. 0. 0. 0. 0. 0. 0. 0. 0. 0. 0. 0. 0. 0. 0. 0.
 0. 0. 0. 0. 0. 0. 0. 0. 0. 0. 0. 0. 0. 0. 0. 0. 0. 0. 0. 0. 0. 0. 0. 0.
 0. 0. 0. 0. 0. 0. 0. 0. 0. 0. 0. 0. 0. 0. 0. 0. 0. 0. 0. 0. 0. 0. 0. 0.
 0. 0. 0. 0. 0. 0. 0. 0. 0. 0. 0. 0. 0. 0. 0. 0. 0. 0. 0. 0. 0. 0. 0. 0.
 0. 0. 0. 0. 0. 0. 0. 0. 0. 0. 0. 0. 0. 0. 0. 0. 0. 0. 0. 0. 0. 0. 0. 0.
 0. 0. 0. 0. 0. 0. 0. 0. 0. 0. 0. 0. 0. 0. 0. 0. 0. 0. 0. 0. 0. 0. 0. 0.]
Write sucessfully to ./data/data_shots_10000_layer_1/alpha_0.01/N_90/r_83/ansatz_type_structure_like_qubo_YZ_2/initialization_zeros

vqe.cvar_eval[0]: -23.747000000000018 , min_cvar: -75.61393000000005 , opt_cvar: -75.61393000000005

vqe.poss_eval[-1]: 0 vqe.poss_eval[0] 0  , max_poss: 0 , opt_poss: 0

vqe.r_eval[-1]: 0.8950804339153806 vqe.r_eval[0]: 0.2853397353635269 max_r: 0.9085635564911881 , min_r: 0.27427688780586296
