000 (15756404.686.000) 2026-02-06 11:24:35 Job submitted from host: <141.34.103.35:9618?addrs=141.34.103.35-9618+[2001-638-700-f067--1-23]-9618&alias=wgs39.zeuthen.desy.de&noUDP&sock=schedd_7414_f73f>
...
001 (15756404.686.000) 2026-02-07 01:38:23 Job executing on host: <141.34.103.51:9618?addrs=141.34.103.51-9618+[2001-638-700-f067--1-33]-9618&alias=wgs41.zeuthen.desy.de&noUDP&sock=startd_7782_6219>
	SlotName: slot1_6@wgs41.zeuthen.desy.de
	CondorScratchDir = "/batch/dir_1682998"
	Cpus = 8
	Disk = 1025025
	GPUs = 0
	Memory = 16384
...
006 (15756404.686.000) 2026-02-07 01:38:37 Image size of job updated: 97552
	96  -  MemoryUsage of job (MB)
	97552  -  ResidentSetSize of job (KB)
...
006 (15756404.686.000) 2026-02-07 01:43:38 Image size of job updated: 1624268
	1581  -  MemoryUsage of job (MB)
	1618620  -  ResidentSetSize of job (KB)
...
006 (15756404.686.000) 2026-02-07 01:48:39 Image size of job updated: 1659460
	1615  -  MemoryUsage of job (MB)
	1653496  -  ResidentSetSize of job (KB)
...
006 (15756404.686.000) 2026-02-07 01:53:39 Image size of job updated: 1665936
	1615  -  MemoryUsage of job (MB)
	1653500  -  ResidentSetSize of job (KB)
...
006 (15756404.686.000) 2026-02-07 01:58:40 Image size of job updated: 1669784
	1615  -  MemoryUsage of job (MB)
	1653500  -  ResidentSetSize of job (KB)
...
006 (15756404.686.000) 2026-02-07 02:03:41 Image size of job updated: 1669820
	1615  -  MemoryUsage of job (MB)
	1653500  -  ResidentSetSize of job (KB)
...
006 (15756404.686.000) 2026-02-07 02:28:44 Image size of job updated: 1670244
	1615  -  MemoryUsage of job (MB)
	1653500  -  ResidentSetSize of job (KB)
...
006 (15756404.686.000) 2026-02-07 02:38:45 Image size of job updated: 1670244
	1621  -  MemoryUsage of job (MB)
	1659424  -  ResidentSetSize of job (KB)
...
006 (15756404.686.000) 2026-02-07 02:43:46 Image size of job updated: 1670244
	1627  -  MemoryUsage of job (MB)
	1665476  -  ResidentSetSize of job (KB)
...
006 (15756404.686.000) 2026-02-07 02:48:47 Image size of job updated: 1670244
	1627  -  MemoryUsage of job (MB)
	1665480  -  ResidentSetSize of job (KB)
...
006 (15756404.686.000) 2026-02-07 03:13:50 Image size of job updated: 1670840
	1627  -  MemoryUsage of job (MB)
	1665480  -  ResidentSetSize of job (KB)
...
006 (15756404.686.000) 2026-02-07 03:23:51 Image size of job updated: 1670848
	1627  -  MemoryUsage of job (MB)
	1665480  -  ResidentSetSize of job (KB)
...
006 (15756404.686.000) 2026-02-07 03:33:52 Image size of job updated: 1671156
	1627  -  MemoryUsage of job (MB)
	1665480  -  ResidentSetSize of job (KB)
...
006 (15756404.686.000) 2026-02-07 03:38:52 Image size of job updated: 1671348
	1627  -  MemoryUsage of job (MB)
	1665480  -  ResidentSetSize of job (KB)
...
006 (15756404.686.000) 2026-02-07 03:53:53 Image size of job updated: 1671348
	1628  -  MemoryUsage of job (MB)
	1666800  -  ResidentSetSize of job (KB)
...
006 (15756404.686.000) 2026-02-07 03:58:53 Image size of job updated: 1671472
	1628  -  MemoryUsage of job (MB)
	1666800  -  ResidentSetSize of job (KB)
...
006 (15756404.686.000) 2026-02-07 04:03:54 Image size of job updated: 1671672
	1628  -  MemoryUsage of job (MB)
	1666800  -  ResidentSetSize of job (KB)
...
006 (15756404.686.000) 2026-02-07 04:23:57 Image size of job updated: 1672216
	1628  -  MemoryUsage of job (MB)
	1666800  -  ResidentSetSize of job (KB)
...
006 (15756404.686.000) 2026-02-07 04:38:59 Image size of job updated: 1672216
	1630  -  MemoryUsage of job (MB)
	1668960  -  ResidentSetSize of job (KB)
...
006 (15756404.686.000) 2026-02-07 04:54:01 Image size of job updated: 1672552
	1630  -  MemoryUsage of job (MB)
	1668960  -  ResidentSetSize of job (KB)
...
006 (15756404.686.000) 2026-02-07 05:09:02 Image size of job updated: 1672828
	1630  -  MemoryUsage of job (MB)
	1668960  -  ResidentSetSize of job (KB)
...
006 (15756404.686.000) 2026-02-07 05:14:02 Image size of job updated: 1672976
	1630  -  MemoryUsage of job (MB)
	1668960  -  ResidentSetSize of job (KB)
...
006 (15756404.686.000) 2026-02-07 05:34:03 Image size of job updated: 1673232
	1630  -  MemoryUsage of job (MB)
	1668960  -  ResidentSetSize of job (KB)
...
006 (15756404.686.000) 2026-02-07 05:39:04 Image size of job updated: 1673260
	1630  -  MemoryUsage of job (MB)
	1668960  -  ResidentSetSize of job (KB)
...
006 (15756404.686.000) 2026-02-07 06:04:07 Image size of job updated: 1673512
	1630  -  MemoryUsage of job (MB)
	1668960  -  ResidentSetSize of job (KB)
...
006 (15756404.686.000) 2026-02-07 08:24:21 Image size of job updated: 1673512
	1631  -  MemoryUsage of job (MB)
	1669380  -  ResidentSetSize of job (KB)
...
006 (15756404.686.000) 2026-02-07 10:09:33 Image size of job updated: 1673512
	1631  -  MemoryUsage of job (MB)
	1669440  -  ResidentSetSize of job (KB)
...
006 (15756404.686.000) 2026-02-07 10:34:35 Image size of job updated: 1674004
	1631  -  MemoryUsage of job (MB)
	1669440  -  ResidentSetSize of job (KB)
...
006 (15756404.686.000) 2026-02-07 10:39:36 Image size of job updated: 1674364
	1631  -  MemoryUsage of job (MB)
	1669440  -  ResidentSetSize of job (KB)
...
006 (15756404.686.000) 2026-02-07 10:54:37 Image size of job updated: 1674400
	1631  -  MemoryUsage of job (MB)
	1669440  -  ResidentSetSize of job (KB)
...
006 (15756404.686.000) 2026-02-07 11:09:39 Image size of job updated: 1674460
	1631  -  MemoryUsage of job (MB)
	1669440  -  ResidentSetSize of job (KB)
...
006 (15756404.686.000) 2026-02-07 11:34:41 Image size of job updated: 1674460
	1633  -  MemoryUsage of job (MB)
	1671756  -  ResidentSetSize of job (KB)
...
006 (15756404.686.000) 2026-02-07 11:39:41 Image size of job updated: 1674460
	1633  -  MemoryUsage of job (MB)
	1671760  -  ResidentSetSize of job (KB)
...
006 (15756404.686.000) 2026-02-07 11:44:42 Image size of job updated: 1674892
	1633  -  MemoryUsage of job (MB)
	1671760  -  ResidentSetSize of job (KB)
...
006 (15756404.686.000) 2026-02-07 11:54:43 Image size of job updated: 1675184
	1633  -  MemoryUsage of job (MB)
	1671760  -  ResidentSetSize of job (KB)
...
006 (15756404.686.000) 2026-02-07 11:59:44 Image size of job updated: 1675184
	1634  -  MemoryUsage of job (MB)
	1672208  -  ResidentSetSize of job (KB)
...
006 (15756404.686.000) 2026-02-07 12:04:45 Image size of job updated: 1675220
	1634  -  MemoryUsage of job (MB)
	1672208  -  ResidentSetSize of job (KB)
...
006 (15756404.686.000) 2026-02-07 21:35:45 Image size of job updated: 1675284
	1634  -  MemoryUsage of job (MB)
	1672208  -  ResidentSetSize of job (KB)
...
006 (15756404.686.000) 2026-02-07 22:10:49 Image size of job updated: 1675284
	1636  -  MemoryUsage of job (MB)
	1675264  -  ResidentSetSize of job (KB)
...
006 (15756404.686.000) 2026-02-07 22:15:49 Image size of job updated: 1675284
	1637  -  MemoryUsage of job (MB)
	1675268  -  ResidentSetSize of job (KB)
...
006 (15756404.686.000) 2026-02-07 22:40:52 Image size of job updated: 1675404
	1637  -  MemoryUsage of job (MB)
	1675268  -  ResidentSetSize of job (KB)
...
006 (15756404.686.000) 2026-02-07 23:40:57 Image size of job updated: 1676000
	1637  -  MemoryUsage of job (MB)
	1675268  -  ResidentSetSize of job (KB)
...
021 (15756404.686.000) 2026-02-09 01:38:24 Error from starter on slot1_6@wgs41.zeuthen.desy.de:
	runtime exceeded maximum (target.Runtime seconds)
	Code 21 Subcode 103
...
004 (15756404.686.000) 2026-02-09 01:38:24 Job was evicted.
	(0) CPU times
		Usr 6 21:12:52, Sys 2 20:02:47  -  Run Remote Usage
		Usr 0 00:00:00, Sys 0 00:00:00  -  Run Local Usage
	0  -  Run Bytes Sent By Job
	0  -  Run Bytes Received By Job
	Error from slot1_6@wgs41.zeuthen.desy.de: runtime exceeded maximum (target.Runtime seconds)
	Partitionable Resources :     Usage  Request Allocated 
	   Cpus                 :      7.95        8         8 
	   Disk (KB)            :      1     1024000   1025025 
	   GPUs                 :                            0 
	   Memory (MB)          :   1637       16384     16384 
	   TimeSlotBusy (s)     : 172801                       
...
012 (15756404.686.000) 2026-02-09 01:38:24 Job was held.
	Error from slot1_6@wgs41.zeuthen.desy.de: runtime exceeded maximum (target.Runtime seconds)
	Code 21 Subcode 103
...
