000 (15756404.746.000) 2026-02-06 11:24:36 Job submitted from host: <141.34.103.35:9618?addrs=141.34.103.35-9618+[2001-638-700-f067--1-23]-9618&alias=wgs39.zeuthen.desy.de&noUDP&sock=schedd_7414_f73f>
...
001 (15756404.746.000) 2026-02-07 02:34:26 Job executing on host: <141.34.15.40:9618?addrs=141.34.15.40-9618+[2001-638-700-f00f--1-28]-9618&alias=pizza11.zeuthen.desy.de&noUDP&sock=startd_9198_a434>
	SlotName: slot1_1@pizza11.zeuthen.desy.de
	CondorScratchDir = "/batch/dir_193859"
	Cpus = 8
	Disk = 1025696
	GPUs = 0
	Memory = 16384
...
006 (15756404.746.000) 2026-02-07 02:34:39 Image size of job updated: 97564
	96  -  MemoryUsage of job (MB)
	97564  -  ResidentSetSize of job (KB)
...
006 (15756404.746.000) 2026-02-07 02:39:39 Image size of job updated: 1606472
	1544  -  MemoryUsage of job (MB)
	1580332  -  ResidentSetSize of job (KB)
...
006 (15756404.746.000) 2026-02-07 02:44:40 Image size of job updated: 1642600
	1552  -  MemoryUsage of job (MB)
	1588460  -  ResidentSetSize of job (KB)
...
006 (15756404.746.000) 2026-02-07 02:49:40 Image size of job updated: 1648096
	1552  -  MemoryUsage of job (MB)
	1588460  -  ResidentSetSize of job (KB)
...
006 (15756404.746.000) 2026-02-07 02:54:40 Image size of job updated: 1649016
	1605  -  MemoryUsage of job (MB)
	1643116  -  ResidentSetSize of job (KB)
...
006 (15756404.746.000) 2026-02-07 02:59:41 Image size of job updated: 1650304
	1605  -  MemoryUsage of job (MB)
	1643116  -  ResidentSetSize of job (KB)
...
006 (15756404.746.000) 2026-02-07 03:04:42 Image size of job updated: 1650544
	1605  -  MemoryUsage of job (MB)
	1643116  -  ResidentSetSize of job (KB)
...
006 (15756404.746.000) 2026-02-07 03:29:45 Image size of job updated: 1650544
	1605  -  MemoryUsage of job (MB)
	1643408  -  ResidentSetSize of job (KB)
...
006 (15756404.746.000) 2026-02-07 03:44:47 Image size of job updated: 1650792
	1605  -  MemoryUsage of job (MB)
	1643408  -  ResidentSetSize of job (KB)
...
006 (15756404.746.000) 2026-02-07 03:59:48 Image size of job updated: 1650888
	1605  -  MemoryUsage of job (MB)
	1643408  -  ResidentSetSize of job (KB)
...
006 (15756404.746.000) 2026-02-07 04:29:50 Image size of job updated: 1651176
	1605  -  MemoryUsage of job (MB)
	1643408  -  ResidentSetSize of job (KB)
...
006 (15756404.746.000) 2026-02-07 04:34:51 Image size of job updated: 1651176
	1606  -  MemoryUsage of job (MB)
	1643584  -  ResidentSetSize of job (KB)
...
006 (15756404.746.000) 2026-02-07 04:49:52 Image size of job updated: 1651792
	1606  -  MemoryUsage of job (MB)
	1643584  -  ResidentSetSize of job (KB)
...
006 (15756404.746.000) 2026-02-07 05:09:55 Image size of job updated: 1652048
	1606  -  MemoryUsage of job (MB)
	1643584  -  ResidentSetSize of job (KB)
...
006 (15756404.746.000) 2026-02-07 05:44:59 Image size of job updated: 1652536
	1606  -  MemoryUsage of job (MB)
	1644012  -  ResidentSetSize of job (KB)
...
006 (15756404.746.000) 2026-02-07 06:15:01 Image size of job updated: 1652748
	1606  -  MemoryUsage of job (MB)
	1644012  -  ResidentSetSize of job (KB)
...
006 (15756404.746.000) 2026-02-07 06:20:01 Image size of job updated: 1652748
	1614  -  MemoryUsage of job (MB)
	1652164  -  ResidentSetSize of job (KB)
...
006 (15756404.746.000) 2026-02-07 06:35:03 Image size of job updated: 1653100
	1614  -  MemoryUsage of job (MB)
	1652164  -  ResidentSetSize of job (KB)
...
006 (15756404.746.000) 2026-02-07 06:55:06 Image size of job updated: 1653284
	1614  -  MemoryUsage of job (MB)
	1652164  -  ResidentSetSize of job (KB)
...
006 (15756404.746.000) 2026-02-07 07:10:08 Image size of job updated: 1653532
	1614  -  MemoryUsage of job (MB)
	1652164  -  ResidentSetSize of job (KB)
...
006 (15756404.746.000) 2026-02-07 07:15:09 Image size of job updated: 1653680
	1614  -  MemoryUsage of job (MB)
	1652164  -  ResidentSetSize of job (KB)
...
006 (15756404.746.000) 2026-02-07 07:25:09 Image size of job updated: 1653756
	1614  -  MemoryUsage of job (MB)
	1652164  -  ResidentSetSize of job (KB)
...
006 (15756404.746.000) 2026-02-07 07:35:10 Image size of job updated: 1653772
	1614  -  MemoryUsage of job (MB)
	1652164  -  ResidentSetSize of job (KB)
...
006 (15756404.746.000) 2026-02-07 08:15:13 Image size of job updated: 1654236
	1614  -  MemoryUsage of job (MB)
	1652164  -  ResidentSetSize of job (KB)
...
006 (15756404.746.000) 2026-02-07 08:35:16 Image size of job updated: 1654536
	1614  -  MemoryUsage of job (MB)
	1652164  -  ResidentSetSize of job (KB)
...
006 (15756404.746.000) 2026-02-07 08:45:17 Image size of job updated: 1654808
	1614  -  MemoryUsage of job (MB)
	1652164  -  ResidentSetSize of job (KB)
...
006 (15756404.746.000) 2026-02-07 16:41:06 Image size of job updated: 1654948
	1614  -  MemoryUsage of job (MB)
	1652164  -  ResidentSetSize of job (KB)
...
006 (15756404.746.000) 2026-02-07 17:31:11 Image size of job updated: 1654948
	1616  -  MemoryUsage of job (MB)
	1654168  -  ResidentSetSize of job (KB)
...
006 (15756404.746.000) 2026-02-07 17:36:11 Image size of job updated: 1654948
	1616  -  MemoryUsage of job (MB)
	1654172  -  ResidentSetSize of job (KB)
...
006 (15756404.746.000) 2026-02-07 17:41:11 Image size of job updated: 1655200
	1616  -  MemoryUsage of job (MB)
	1654172  -  ResidentSetSize of job (KB)
...
006 (15756404.746.000) 2026-02-07 17:46:12 Image size of job updated: 1655336
	1616  -  MemoryUsage of job (MB)
	1654172  -  ResidentSetSize of job (KB)
...
006 (15756404.746.000) 2026-02-07 18:11:14 Image size of job updated: 1655412
	1616  -  MemoryUsage of job (MB)
	1654172  -  ResidentSetSize of job (KB)
...
006 (15756404.746.000) 2026-02-07 18:46:18 Image size of job updated: 1655968
	1616  -  MemoryUsage of job (MB)
	1654172  -  ResidentSetSize of job (KB)
...
006 (15756404.746.000) 2026-02-08 04:37:17 Image size of job updated: 1655968
	1616  -  MemoryUsage of job (MB)
	1654272  -  ResidentSetSize of job (KB)
...
006 (15756404.746.000) 2026-02-08 04:42:17 Image size of job updated: 1655968
	1616  -  MemoryUsage of job (MB)
	1654276  -  ResidentSetSize of job (KB)
...
006 (15756404.746.000) 2026-02-08 07:47:35 Image size of job updated: 1655984
	1616  -  MemoryUsage of job (MB)
	1654276  -  ResidentSetSize of job (KB)
...
006 (15756404.746.000) 2026-02-08 08:12:38 Image size of job updated: 1656140
	1616  -  MemoryUsage of job (MB)
	1654276  -  ResidentSetSize of job (KB)
...
006 (15756404.746.000) 2026-02-08 08:47:41 Image size of job updated: 1656264
	1616  -  MemoryUsage of job (MB)
	1654276  -  ResidentSetSize of job (KB)
...
006 (15756404.746.000) 2026-02-08 09:02:42 Image size of job updated: 1656560
	1616  -  MemoryUsage of job (MB)
	1654276  -  ResidentSetSize of job (KB)
...
021 (15756404.746.000) 2026-02-09 02:34:31 Error from starter on slot1_1@pizza11.zeuthen.desy.de:
	runtime exceeded maximum (target.Runtime seconds)
	Code 21 Subcode 103
...
004 (15756404.746.000) 2026-02-09 02:34:31 Job was evicted.
	(0) CPU times
		Usr 6 00:21:43, Sys 3 04:19:19  -  Run Remote Usage
		Usr 0 00:00:00, Sys 0 00:00:00  -  Run Local Usage
	0  -  Run Bytes Sent By Job
	0  -  Run Bytes Received By Job
	Error from slot1_1@pizza11.zeuthen.desy.de: runtime exceeded maximum (target.Runtime seconds)
	Partitionable Resources :     Usage  Request Allocated 
	   Cpus                 :      7.95        8         8 
	   Disk (KB)            :      1     1024000   1025696 
	   GPUs                 :                            0 
	   Memory (MB)          :   1616       16384     16384 
	   TimeSlotBusy (s)     : 172805                       
...
012 (15756404.746.000) 2026-02-09 02:34:31 Job was held.
	Error from slot1_1@pizza11.zeuthen.desy.de: runtime exceeded maximum (target.Runtime seconds)
	Code 21 Subcode 103
...
009 (15756404.746.000) 2026-02-10 11:42:27 Job was aborted.
	via condor_rm (by user tuccia)
...
