000 (15756408.874.000) 2026-02-06 11:26:59 Job submitted from host: <141.34.103.35:9618?addrs=141.34.103.35-9618+[2001-638-700-f067--1-23]-9618&alias=wgs39.zeuthen.desy.de&noUDP&sock=schedd_7414_f73f>
...
009 (15756408.874.000) 2026-02-10 11:47:39 Job was aborted.
	via condor_rm (by user tuccia)
...
000 (15951004.583.000) 2026-02-10 16:30:05 Job submitted from host: <141.34.103.35:9618?addrs=141.34.103.35-9618+[2001-638-700-f067--1-23]-9618&alias=wgs39.zeuthen.desy.de&noUDP&sock=schedd_7302_24a3>
...
001 (15951004.583.000) 2026-02-10 18:51:23 Job executing on host: <141.34.15.177:9618?addrs=141.34.15.177-9618+[2001-638-700-f00f--1-b1]-9618&alias=genoa02.zeuthen.desy.de&noUDP&sock=startd_9554_d3eb>
	SlotName: slot1_39@genoa02.zeuthen.desy.de
	CondorScratchDir = "/batch/dir_2741773"
	Cpus = 1
	Disk = 1025697
	GPUs = 0
	Memory = 5120
...
006 (15951004.583.000) 2026-02-10 18:51:36 Image size of job updated: 95492
	94  -  MemoryUsage of job (MB)
	95492  -  ResidentSetSize of job (KB)
...
006 (15951004.583.000) 2026-02-10 18:56:36 Image size of job updated: 570816
	558  -  MemoryUsage of job (MB)
	570816  -  ResidentSetSize of job (KB)
...
006 (15951004.583.000) 2026-02-10 19:01:37 Image size of job updated: 571256
	558  -  MemoryUsage of job (MB)
	571256  -  ResidentSetSize of job (KB)
...
006 (15951004.583.000) 2026-02-10 19:06:37 Image size of job updated: 571584
	559  -  MemoryUsage of job (MB)
	571584  -  ResidentSetSize of job (KB)
...
006 (15951004.583.000) 2026-02-10 19:11:37 Image size of job updated: 571956
	559  -  MemoryUsage of job (MB)
	571956  -  ResidentSetSize of job (KB)
...
006 (15951004.583.000) 2026-02-10 19:16:38 Image size of job updated: 572332
	559  -  MemoryUsage of job (MB)
	572332  -  ResidentSetSize of job (KB)
...
006 (15951004.583.000) 2026-02-10 19:21:39 Image size of job updated: 572704
	560  -  MemoryUsage of job (MB)
	572704  -  ResidentSetSize of job (KB)
...
006 (15951004.583.000) 2026-02-10 19:26:39 Image size of job updated: 573072
	560  -  MemoryUsage of job (MB)
	573072  -  ResidentSetSize of job (KB)
...
006 (15951004.583.000) 2026-02-10 19:31:40 Image size of job updated: 573428
	560  -  MemoryUsage of job (MB)
	573428  -  ResidentSetSize of job (KB)
...
006 (15951004.583.000) 2026-02-10 19:36:41 Image size of job updated: 573772
	561  -  MemoryUsage of job (MB)
	573772  -  ResidentSetSize of job (KB)
...
006 (15951004.583.000) 2026-02-10 19:41:41 Image size of job updated: 618728
	605  -  MemoryUsage of job (MB)
	618728  -  ResidentSetSize of job (KB)
...
006 (15951004.583.000) 2026-02-11 09:13:12 Image size of job updated: 618804
	605  -  MemoryUsage of job (MB)
	618728  -  ResidentSetSize of job (KB)
...
006 (15951004.583.000) 2026-02-11 10:08:16 Image size of job updated: 619044
	605  -  MemoryUsage of job (MB)
	618728  -  ResidentSetSize of job (KB)
...
006 (15951004.583.000) 2026-02-11 11:08:22 Image size of job updated: 619328
	605  -  MemoryUsage of job (MB)
	618728  -  ResidentSetSize of job (KB)
...
004 (15951004.583.000) 2026-02-11 11:11:58 Job was evicted.
	(0) CPU times
		Usr 0 16:07:17, Sys 0 00:00:08  -  Run Remote Usage
		Usr 0 00:00:00, Sys 0 00:00:00  -  Run Local Usage
	0  -  Run Bytes Sent By Job
	0  -  Run Bytes Received By Job
	Partitionable Resources :    Usage  Request Allocated 
	   Cpus                 :     0.99        1         1 
	   Disk (KB)            :     1     1024000   1025697 
	   GPUs                 :                           0 
	   Memory (MB)          :   605        5120      5120 
	   TimeExecute (s)      : 58834                       
	   TimeSlotBusy (s)     : 58835                       
...
009 (15951004.583.000) 2026-02-11 11:11:59 Job was aborted.
	via condor_rm (by user tuccia)
...
000 (15988842.583.000) 2026-02-11 11:12:47 Job submitted from host: <141.34.103.35:9618?addrs=141.34.103.35-9618+[2001-638-700-f067--1-23]-9618&alias=wgs39.zeuthen.desy.de&noUDP&sock=schedd_7302_24a3>
...
001 (15988842.583.000) 2026-02-11 11:51:55 Job executing on host: <141.34.15.222:9618?addrs=141.34.15.222-9618+[2001-638-700-f00f--1-de]-9618&alias=pizza30.zeuthen.desy.de&noUDP&sock=startd_8310_8c1a>
	SlotName: slot1_21@pizza30.zeuthen.desy.de
	CondorScratchDir = "/batch/dir_1083021"
	Cpus = 1
	Disk = 1025696
	GPUs = 0
	Memory = 5120
...
006 (15988842.583.000) 2026-02-11 11:52:09 Image size of job updated: 97396
	96  -  MemoryUsage of job (MB)
	97396  -  ResidentSetSize of job (KB)
...
006 (15988842.583.000) 2026-02-11 11:57:10 Image size of job updated: 633924
	462  -  MemoryUsage of job (MB)
	472436  -  ResidentSetSize of job (KB)
...
006 (15988842.583.000) 2026-02-11 12:02:11 Image size of job updated: 633924
	557  -  MemoryUsage of job (MB)
	570124  -  ResidentSetSize of job (KB)
...
006 (15988842.583.000) 2026-02-11 12:07:11 Image size of job updated: 633924
	558  -  MemoryUsage of job (MB)
	570380  -  ResidentSetSize of job (KB)
...
006 (15988842.583.000) 2026-02-11 12:12:12 Image size of job updated: 633924
	558  -  MemoryUsage of job (MB)
	570644  -  ResidentSetSize of job (KB)
...
006 (15988842.583.000) 2026-02-11 12:17:13 Image size of job updated: 633924
	558  -  MemoryUsage of job (MB)
	570924  -  ResidentSetSize of job (KB)
...
006 (15988842.583.000) 2026-02-11 12:22:13 Image size of job updated: 633924
	558  -  MemoryUsage of job (MB)
	571172  -  ResidentSetSize of job (KB)
...
006 (15988842.583.000) 2026-02-11 12:27:14 Image size of job updated: 633924
	559  -  MemoryUsage of job (MB)
	571456  -  ResidentSetSize of job (KB)
...
006 (15988842.583.000) 2026-02-11 12:32:14 Image size of job updated: 633924
	559  -  MemoryUsage of job (MB)
	571692  -  ResidentSetSize of job (KB)
...
006 (15988842.583.000) 2026-02-11 12:37:14 Image size of job updated: 633924
	559  -  MemoryUsage of job (MB)
	571948  -  ResidentSetSize of job (KB)
...
006 (15988842.583.000) 2026-02-11 12:42:15 Image size of job updated: 633924
	559  -  MemoryUsage of job (MB)
	572208  -  ResidentSetSize of job (KB)
...
006 (15988842.583.000) 2026-02-11 12:47:15 Image size of job updated: 633924
	560  -  MemoryUsage of job (MB)
	573040  -  ResidentSetSize of job (KB)
...
006 (15988842.583.000) 2026-02-11 12:52:15 Image size of job updated: 633924
	560  -  MemoryUsage of job (MB)
	573308  -  ResidentSetSize of job (KB)
...
006 (15988842.583.000) 2026-02-11 12:57:16 Image size of job updated: 633924
	561  -  MemoryUsage of job (MB)
	573580  -  ResidentSetSize of job (KB)
...
006 (15988842.583.000) 2026-02-11 13:02:16 Image size of job updated: 633924
	581  -  MemoryUsage of job (MB)
	594456  -  ResidentSetSize of job (KB)
...
006 (15988842.583.000) 2026-02-11 14:12:22 Image size of job updated: 633924
	582  -  MemoryUsage of job (MB)
	595204  -  ResidentSetSize of job (KB)
...
006 (15988842.583.000) 2026-02-11 15:17:30 Image size of job updated: 633924
	582  -  MemoryUsage of job (MB)
	595508  -  ResidentSetSize of job (KB)
...
006 (15988842.583.000) 2026-02-11 16:17:36 Image size of job updated: 633924
	582  -  MemoryUsage of job (MB)
	595548  -  ResidentSetSize of job (KB)
...
006 (15988842.583.000) 2026-02-11 16:22:37 Image size of job updated: 633924
	584  -  MemoryUsage of job (MB)
	597592  -  ResidentSetSize of job (KB)
...
006 (15988842.583.000) 2026-02-11 18:32:48 Image size of job updated: 633924
	584  -  MemoryUsage of job (MB)
	597716  -  ResidentSetSize of job (KB)
...
006 (15988842.583.000) 2026-02-11 19:37:55 Image size of job updated: 633924
	584  -  MemoryUsage of job (MB)
	597720  -  ResidentSetSize of job (KB)
...
006 (15988842.583.000) 2026-02-11 20:53:01 Image size of job updated: 633924
	584  -  MemoryUsage of job (MB)
	597820  -  ResidentSetSize of job (KB)
...
006 (15988842.583.000) 2026-02-12 00:23:23 Image size of job updated: 633924
	584  -  MemoryUsage of job (MB)
	597848  -  ResidentSetSize of job (KB)
...
006 (15988842.583.000) 2026-02-12 01:33:30 Image size of job updated: 633924
	601  -  MemoryUsage of job (MB)
	614544  -  ResidentSetSize of job (KB)
...
006 (15988842.583.000) 2026-02-12 01:38:30 Image size of job updated: 633924
	601  -  MemoryUsage of job (MB)
	614548  -  ResidentSetSize of job (KB)
...
006 (15988842.583.000) 2026-02-12 03:58:44 Image size of job updated: 633924
	606  -  MemoryUsage of job (MB)
	620000  -  ResidentSetSize of job (KB)
...
021 (15988842.583.000) 2026-02-13 11:51:58 Error from starter on slot1_21@pizza30.zeuthen.desy.de:
	runtime exceeded maximum (target.Runtime seconds)
	Code 21 Subcode 103
...
004 (15988842.583.000) 2026-02-13 11:51:58 Job was evicted.
	(0) CPU times
		Usr 1 23:24:05, Sys 0 00:00:09  -  Run Remote Usage
		Usr 0 00:00:00, Sys 0 00:00:00  -  Run Local Usage
	0  -  Run Bytes Sent By Job
	0  -  Run Bytes Received By Job
	Error from slot1_21@pizza30.zeuthen.desy.de: runtime exceeded maximum (target.Runtime seconds)
	Partitionable Resources :     Usage  Request Allocated 
	   Cpus                 :      0.99        1         1 
	   Disk (KB)            :      1     1024000   1025696 
	   GPUs                 :                            0 
	   Memory (MB)          :    606        5120      5120 
	   TimeSlotBusy (s)     : 172803                       
...
012 (15988842.583.000) 2026-02-13 11:51:58 Job was held.
	Error from slot1_21@pizza30.zeuthen.desy.de: runtime exceeded maximum (target.Runtime seconds)
	Code 21 Subcode 103
...
009 (15988842.583.000) 2026-02-16 17:16:37 Job was aborted.
	via condor_rm (by user tuccia)
...
