~~~~~~~~~~~~~~~~~~~~~~~~~~~~~~

n_qubits: 90, 
r: 88, 
alpha: 0.001, 
shots: 100000, 
ansatz: linear_cnot, 
layer: 1, 
tau: 0.3

time for simulated annealing:  85.98184943199158
Rank 1: Bitstring=100100001011100011011100100101001110000100001011011000001100100100110110000100111001011100, Decimal=699833209875676518688509532, Energy=-76.2568
Rank 2: Bitstring=100100001011100011011100100101001110000100001011011000001100100100110110000100011001011000, Decimal=699833209875676518688507480, Energy=-76.251
Rank 3: Bitstring=100100001011101011011100100101001111001100011011011000001100100100110110000100111001011100, Decimal=699870988827876042917563996, Energy=-75.934
Rank 4: Bitstring=100100001011101011011100100101001111001100011011011000001100100100110110000100011001011000, Decimal=699870988827876042917561944, Energy=-75.9282
Rank 5: Bitstring=100100001011101011011100100101001110001100001011011000001100100100110110000100111001011100, Decimal=699870988809791275663904348, Energy=-75.8516
Rank 6: Bitstring=100100001011101011011100100101001110001100001011011000001100100100110110000100011001011000, Decimal=699870988809791275663902296, Energy=-75.8458
Rank 7: Bitstring=100100001011100011011100100101000110000100001011011000001100100100110110000100111000011100, Decimal=699833209731561330612653596, Energy=-75.8456
Rank 8: Bitstring=100100001011100011011100100101000110000100001011011000001100100100110110000100011000011000, Decimal=699833209731561330612651544, Energy=-75.8398
Rank 9: Bitstring=100100001011100011011111100101001100010000001011011000011100100100110110000100111001011100, Decimal=699833431203954323084562012, Energy=-75.7914
Rank 10: Bitstring=100100001011100011011111100101001100010000001011011000011100100100110110000100011001011000, Decimal=699833431203954323084559960, Energy=-75.7856

E_min from simulated annealing:  -76.2568
Minimum energy: -76.2568
States with energy within 1e-08 of minimum: [699833209875676518688509532]
4


################## Start optimization with initial parameters: [0. 0. 0. 0. 0. 0. 0. 0. 0. 0. 0. 0. 0. 0. 0. 0. 0. 0. 0. 0. 0. 0. 0. 0.
 0. 0. 0. 0. 0. 0. 0. 0. 0. 0. 0. 0. 0. 0. 0. 0. 0. 0. 0. 0. 0. 0. 0. 0.
 0. 0. 0. 0. 0. 0. 0. 0. 0. 0. 0. 0. 0. 0. 0. 0. 0. 0. 0. 0. 0. 0. 0. 0.
 0. 0. 0. 0. 0. 0. 0. 0. 0. 0. 0. 0. 0. 0. 0. 0. 0. 0. 0. 0. 0. 0. 0. 0.
 0. 0. 0. 0. 0. 0. 0. 0. 0. 0. 0. 0. 0. 0. 0. 0. 0. 0. 0. 0. 0. 0. 0. 0.
 0. 0. 0. 0. 0. 0. 0. 0. 0. 0. 0. 0. 0. 0. 0. 0. 0. 0. 0. 0. 0. 0. 0. 0.
 0. 0. 0. 0. 0. 0. 0. 0. 0. 0. 0. 0. 0. 0. 0. 0. 0. 0. 0. 0. 0. 0. 0. 0.
 0. 0. 0. 0. 0. 0. 0. 0. 0. 0. 0. 0. 0. 0. 0. 0. 0. 0. 0. 0. 0. 0. 0. 0.
 0. 0. 0. 0. 0. 0. 0. 0. 0. 0. 0. 0. 0. 0. 0. 0. 0. 0. 0. 0. 0. 0. 0. 0.
 0. 0. 0. 0. 0. 0. 0. 0. 0. 0. 0. 0. 0. 0. 0. 0. 0. 0. 0. 0. 0. 0. 0. 0.
 0. 0. 0. 0. 0. 0. 0. 0. 0. 0. 0. 0. 0. 0. 0. 0. 0. 0. 0. 0. 0. 0. 0. 0.
 0. 0. 0. 0. 0. 0. 0. 0. 0. 0. 0. 0. 0. 0. 0. 0. 0. 0. 0. 0. 0. 0. 0. 0.
 0. 0. 0. 0. 0. 0. 0. 0. 0. 0. 0. 0. 0. 0. 0. 0. 0. 0. 0. 0. 0. 0. 0. 0.
 0. 0. 0. 0. 0. 0. 0. 0. 0. 0. 0. 0. 0. 0. 0. 0. 0. 0. 0. 0. 0. 0. 0. 0.
 0. 0. 0. 0. 0. 0. 0. 0. 0. 0. 0. 0. 0. 0. 0. 0. 0. 0. 0. 0. 0. 0. 0. 0.]
Write sucessfully to ./data/data_shots_100000_layer_1/alpha_0.001/N_90/r_88/ansatz_type_linear_cnot/initialization_zeros

vqe.cvar_eval[0]: -28.150829999999946 , min_cvar: -42.994215999999916 , opt_cvar: -42.994215999999916

vqe.poss_eval[-1]: 0 vqe.poss_eval[0] 0  , max_poss: 0 , opt_poss: 0

vqe.r_eval[-1]: 0.5554339809695653 vqe.r_eval[0]: 0.36915829145728574 max_r: 0.5638082898836552 , min_r: 0.3635562467871712
