000 (15756408.624.000) 2026-02-06 11:26:58 Job submitted from host: <141.34.103.35:9618?addrs=141.34.103.35-9618+[2001-638-700-f067--1-23]-9618&alias=wgs39.zeuthen.desy.de&noUDP&sock=schedd_7414_f73f>
...
009 (15756408.624.000) 2026-02-10 11:47:35 Job was aborted.
	via condor_rm (by user tuccia)
...
000 (15951004.416.000) 2026-02-10 16:30:04 Job submitted from host: <141.34.103.35:9618?addrs=141.34.103.35-9618+[2001-638-700-f067--1-23]-9618&alias=wgs39.zeuthen.desy.de&noUDP&sock=schedd_7302_24a3>
...
001 (15951004.416.000) 2026-02-10 18:29:53 Job executing on host: <141.34.15.223:9618?addrs=141.34.15.223-9618+[2001-638-700-f00f--1-df]-9618&alias=pizza31.zeuthen.desy.de&noUDP&sock=startd_8333_52c8>
	SlotName: slot1_9@pizza31.zeuthen.desy.de
	CondorScratchDir = "/batch/dir_111929"
	Cpus = 1
	Disk = 1025696
	GPUs = 0
	Memory = 5120
...
006 (15951004.416.000) 2026-02-10 18:30:06 Image size of job updated: 97400
	96  -  MemoryUsage of job (MB)
	97400  -  ResidentSetSize of job (KB)
...
006 (15951004.416.000) 2026-02-10 18:35:06 Image size of job updated: 522460
	477  -  MemoryUsage of job (MB)
	487812  -  ResidentSetSize of job (KB)
...
006 (15951004.416.000) 2026-02-10 18:40:06 Image size of job updated: 522460
	501  -  MemoryUsage of job (MB)
	512644  -  ResidentSetSize of job (KB)
...
006 (15951004.416.000) 2026-02-10 18:45:07 Image size of job updated: 522460
	504  -  MemoryUsage of job (MB)
	515252  -  ResidentSetSize of job (KB)
...
006 (15951004.416.000) 2026-02-10 18:50:07 Image size of job updated: 522460
	504  -  MemoryUsage of job (MB)
	515284  -  ResidentSetSize of job (KB)
...
006 (15951004.416.000) 2026-02-10 19:10:08 Image size of job updated: 522460
	504  -  MemoryUsage of job (MB)
	515300  -  ResidentSetSize of job (KB)
...
006 (15951004.416.000) 2026-02-10 20:00:13 Image size of job updated: 522460
	504  -  MemoryUsage of job (MB)
	515304  -  ResidentSetSize of job (KB)
...
006 (15951004.416.000) 2026-02-10 20:50:16 Image size of job updated: 522460
	506  -  MemoryUsage of job (MB)
	517560  -  ResidentSetSize of job (KB)
...
006 (15951004.416.000) 2026-02-10 20:55:16 Image size of job updated: 522460
	506  -  MemoryUsage of job (MB)
	517568  -  ResidentSetSize of job (KB)
...
006 (15951004.416.000) 2026-02-10 21:40:20 Image size of job updated: 522460
	506  -  MemoryUsage of job (MB)
	517580  -  ResidentSetSize of job (KB)
...
006 (15951004.416.000) 2026-02-10 21:55:22 Image size of job updated: 522460
	506  -  MemoryUsage of job (MB)
	517620  -  ResidentSetSize of job (KB)
...
006 (15951004.416.000) 2026-02-10 22:45:29 Image size of job updated: 522460
	506  -  MemoryUsage of job (MB)
	517640  -  ResidentSetSize of job (KB)
...
004 (15951004.416.000) 2026-02-11 11:11:58 Job was evicted.
	(0) CPU times
		Usr 0 16:30:26, Sys 0 00:00:04  -  Run Remote Usage
		Usr 0 00:00:00, Sys 0 00:00:00  -  Run Local Usage
	0  -  Run Bytes Sent By Job
	0  -  Run Bytes Received By Job
	Partitionable Resources :    Usage  Request Allocated 
	   Cpus                 :     0.99        1         1 
	   Disk (KB)            :     1     1024000   1025696 
	   GPUs                 :                           0 
	   Memory (MB)          :   506        5120      5120 
	   TimeExecute (s)      : 60124                       
	   TimeSlotBusy (s)     : 60126                       
...
009 (15951004.416.000) 2026-02-11 11:11:58 Job was aborted.
	via condor_rm (by user tuccia)
...
000 (15988842.416.000) 2026-02-11 11:12:47 Job submitted from host: <141.34.103.35:9618?addrs=141.34.103.35-9618+[2001-638-700-f067--1-23]-9618&alias=wgs39.zeuthen.desy.de&noUDP&sock=schedd_7302_24a3>
...
001 (15988842.416.000) 2026-02-11 11:38:38 Job executing on host: <141.34.15.204:9618?addrs=141.34.15.204-9618+[2001-638-700-f00f--1-cc]-9618&alias=pizza06.zeuthen.desy.de&noUDP&sock=startd_8233_bb4f>
	SlotName: slot1_31@pizza06.zeuthen.desy.de
	CondorScratchDir = "/batch/dir_2197115"
	Cpus = 1
	Disk = 1025696
	GPUs = 0
	Memory = 5120
...
006 (15988842.416.000) 2026-02-11 11:38:51 Image size of job updated: 97408
	96  -  MemoryUsage of job (MB)
	97408  -  ResidentSetSize of job (KB)
...
006 (15988842.416.000) 2026-02-11 11:43:51 Image size of job updated: 753096
	475  -  MemoryUsage of job (MB)
	486336  -  ResidentSetSize of job (KB)
...
006 (15988842.416.000) 2026-02-11 11:48:52 Image size of job updated: 753096
	503  -  MemoryUsage of job (MB)
	514684  -  ResidentSetSize of job (KB)
...
006 (15988842.416.000) 2026-02-11 11:53:53 Image size of job updated: 753096
	506  -  MemoryUsage of job (MB)
	517212  -  ResidentSetSize of job (KB)
...
006 (15988842.416.000) 2026-02-11 12:03:54 Image size of job updated: 753096
	506  -  MemoryUsage of job (MB)
	517232  -  ResidentSetSize of job (KB)
...
006 (15988842.416.000) 2026-02-11 12:08:55 Image size of job updated: 753096
	506  -  MemoryUsage of job (MB)
	517252  -  ResidentSetSize of job (KB)
...
006 (15988842.416.000) 2026-02-11 12:33:56 Image size of job updated: 753096
	508  -  MemoryUsage of job (MB)
	519512  -  ResidentSetSize of job (KB)
...
006 (15988842.416.000) 2026-02-11 13:19:01 Image size of job updated: 753096
	508  -  MemoryUsage of job (MB)
	519572  -  ResidentSetSize of job (KB)
...
006 (15988842.416.000) 2026-02-11 16:24:20 Image size of job updated: 753096
	508  -  MemoryUsage of job (MB)
	519576  -  ResidentSetSize of job (KB)
...
006 (15988842.416.000) 2026-02-11 16:34:21 Image size of job updated: 753096
	508  -  MemoryUsage of job (MB)
	519588  -  ResidentSetSize of job (KB)
...
006 (15988842.416.000) 2026-02-11 17:14:25 Image size of job updated: 753096
	508  -  MemoryUsage of job (MB)
	519616  -  ResidentSetSize of job (KB)
...
006 (15988842.416.000) 2026-02-11 17:19:25 Image size of job updated: 753096
	508  -  MemoryUsage of job (MB)
	519624  -  ResidentSetSize of job (KB)
...
006 (15988842.416.000) 2026-02-11 17:24:26 Image size of job updated: 753096
	508  -  MemoryUsage of job (MB)
	519628  -  ResidentSetSize of job (KB)
...
006 (15988842.416.000) 2026-02-11 17:39:27 Image size of job updated: 753096
	508  -  MemoryUsage of job (MB)
	519640  -  ResidentSetSize of job (KB)
...
006 (15988842.416.000) 2026-02-11 17:49:27 Image size of job updated: 753096
	508  -  MemoryUsage of job (MB)
	519660  -  ResidentSetSize of job (KB)
...
006 (15988842.416.000) 2026-02-11 17:54:28 Image size of job updated: 753096
	508  -  MemoryUsage of job (MB)
	519664  -  ResidentSetSize of job (KB)
...
006 (15988842.416.000) 2026-02-11 18:29:32 Image size of job updated: 753096
	508  -  MemoryUsage of job (MB)
	519688  -  ResidentSetSize of job (KB)
...
006 (15988842.416.000) 2026-02-11 19:29:38 Image size of job updated: 753096
	508  -  MemoryUsage of job (MB)
	519704  -  ResidentSetSize of job (KB)
...
006 (15988842.416.000) 2026-02-11 20:24:45 Image size of job updated: 753096
	508  -  MemoryUsage of job (MB)
	519716  -  ResidentSetSize of job (KB)
...
006 (15988842.416.000) 2026-02-12 00:30:15 Image size of job updated: 753096
	508  -  MemoryUsage of job (MB)
	519748  -  ResidentSetSize of job (KB)
...
006 (15988842.416.000) 2026-02-12 04:10:40 Image size of job updated: 753096
	508  -  MemoryUsage of job (MB)
	519808  -  ResidentSetSize of job (KB)
...
006 (15988842.416.000) 2026-02-12 07:56:02 Image size of job updated: 753096
	508  -  MemoryUsage of job (MB)
	519904  -  ResidentSetSize of job (KB)
...
006 (15988842.416.000) 2026-02-12 11:31:23 Image size of job updated: 753096
	508  -  MemoryUsage of job (MB)
	519940  -  ResidentSetSize of job (KB)
...
021 (15988842.416.000) 2026-02-13 11:38:43 Error from starter on slot1_31@pizza06.zeuthen.desy.de:
	runtime exceeded maximum (target.Runtime seconds)
	Code 21 Subcode 103
...
004 (15988842.416.000) 2026-02-13 11:38:43 Job was evicted.
	(0) CPU times
		Usr 1 23:22:10, Sys 0 00:00:08  -  Run Remote Usage
		Usr 0 00:00:00, Sys 0 00:00:00  -  Run Local Usage
	0  -  Run Bytes Sent By Job
	0  -  Run Bytes Received By Job
	Error from slot1_31@pizza06.zeuthen.desy.de: runtime exceeded maximum (target.Runtime seconds)
	Partitionable Resources :     Usage  Request Allocated 
	   Cpus                 :      0.99        1         1 
	   Disk (KB)            :      1     1024000   1025696 
	   GPUs                 :                            0 
	   Memory (MB)          :    508        5120      5120 
	   TimeSlotBusy (s)     : 172805                       
...
012 (15988842.416.000) 2026-02-13 11:38:43 Job was held.
	Error from slot1_31@pizza06.zeuthen.desy.de: runtime exceeded maximum (target.Runtime seconds)
	Code 21 Subcode 103
...
009 (15988842.416.000) 2026-02-16 17:16:35 Job was aborted.
	via condor_rm (by user tuccia)
...
000 (16309174.108.000) 2026-02-18 10:42:57 Job submitted from host: <141.34.103.35:9618?addrs=141.34.103.35-9618+[2001-638-700-f067--1-23]-9618&alias=wgs39.zeuthen.desy.de&noUDP&sock=schedd_7302_24a3>
...
001 (16309174.108.000) 2026-02-18 10:43:15 Job executing on host: <141.34.14.32:9618?addrs=141.34.14.32-9618+[2001-638-700-f00e--1-20]-9618&alias=ampere01.zeuthen.desy.de&noUDP&sock=startd_8788_6a5f>
	SlotName: slot1_23@ampere01.zeuthen.desy.de
	AvailableGPUs = {  }
	CondorScratchDir = "/batch/dir_2273672"
	Cpus = 1
	Disk = 1025682
	GPUs = 0
	Memory = 5120
...
006 (16309174.108.000) 2026-02-18 10:43:29 Image size of job updated: 97424
	96  -  MemoryUsage of job (MB)
	97424  -  ResidentSetSize of job (KB)
...
006 (16309174.108.000) 2026-02-18 10:48:30 Image size of job updated: 512672
	501  -  MemoryUsage of job (MB)
	512672  -  ResidentSetSize of job (KB)
...
006 (16309174.108.000) 2026-02-18 10:53:30 Image size of job updated: 515432
	504  -  MemoryUsage of job (MB)
	515432  -  ResidentSetSize of job (KB)
...
006 (16309174.108.000) 2026-02-18 10:58:31 Image size of job updated: 515468
	504  -  MemoryUsage of job (MB)
	515468  -  ResidentSetSize of job (KB)
...
006 (16309174.108.000) 2026-02-18 11:53:38 Image size of job updated: 515544
	504  -  MemoryUsage of job (MB)
	515544  -  ResidentSetSize of job (KB)
...
006 (16309174.108.000) 2026-02-18 13:28:46 Image size of job updated: 515564
	504  -  MemoryUsage of job (MB)
	515564  -  ResidentSetSize of job (KB)
...
006 (16309174.108.000) 2026-02-18 14:03:50 Image size of job updated: 515568
	504  -  MemoryUsage of job (MB)
	515568  -  ResidentSetSize of job (KB)
...
006 (16309174.108.000) 2026-02-18 14:53:56 Image size of job updated: 515580
	504  -  MemoryUsage of job (MB)
	515580  -  ResidentSetSize of job (KB)
...
006 (16309174.108.000) 2026-02-18 14:58:57 Image size of job updated: 515600
	504  -  MemoryUsage of job (MB)
	515600  -  ResidentSetSize of job (KB)
...
006 (16309174.108.000) 2026-02-18 15:13:59 Image size of job updated: 515628
	504  -  MemoryUsage of job (MB)
	515628  -  ResidentSetSize of job (KB)
...
006 (16309174.108.000) 2026-02-18 15:19:00 Image size of job updated: 515636
	504  -  MemoryUsage of job (MB)
	515636  -  ResidentSetSize of job (KB)
...
006 (16309174.108.000) 2026-02-18 15:29:01 Image size of job updated: 515664
	504  -  MemoryUsage of job (MB)
	515664  -  ResidentSetSize of job (KB)
...
006 (16309174.108.000) 2026-02-18 16:44:06 Image size of job updated: 515676
	504  -  MemoryUsage of job (MB)
	515676  -  ResidentSetSize of job (KB)
...
006 (16309174.108.000) 2026-02-18 17:04:07 Image size of job updated: 515724
	504  -  MemoryUsage of job (MB)
	515724  -  ResidentSetSize of job (KB)
...
006 (16309174.108.000) 2026-02-18 17:54:11 Image size of job updated: 515852
	504  -  MemoryUsage of job (MB)
	515852  -  ResidentSetSize of job (KB)
...
006 (16309174.108.000) 2026-02-19 03:40:11 Image size of job updated: 515964
	504  -  MemoryUsage of job (MB)
	515964  -  ResidentSetSize of job (KB)
...
006 (16309174.108.000) 2026-02-19 11:00:59 Image size of job updated: 516044
	504  -  MemoryUsage of job (MB)
	516044  -  ResidentSetSize of job (KB)
...
006 (16309174.108.000) 2026-02-19 17:16:34 Image size of job updated: 516196
	505  -  MemoryUsage of job (MB)
	516196  -  ResidentSetSize of job (KB)
...
006 (16309174.108.000) 2026-02-19 21:12:00 Image size of job updated: 516352
	505  -  MemoryUsage of job (MB)
	516352  -  ResidentSetSize of job (KB)
...
006 (16309174.108.000) 2026-02-19 22:22:07 Image size of job updated: 516512
	505  -  MemoryUsage of job (MB)
	516512  -  ResidentSetSize of job (KB)
...
006 (16309174.108.000) 2026-02-19 23:37:16 Image size of job updated: 516516
	505  -  MemoryUsage of job (MB)
	516516  -  ResidentSetSize of job (KB)
...
006 (16309174.108.000) 2026-02-20 00:02:18 Image size of job updated: 516668
	505  -  MemoryUsage of job (MB)
	516516  -  ResidentSetSize of job (KB)
...
022 (16309174.108.000) 2026-02-20 03:44:37 Job disconnected, attempting to reconnect
    Local schedd and job shadow died, schedd now running again
    Trying to reconnect to slot1_23@ampere01.zeuthen.desy.de <141.34.14.32:9618?addrs=141.34.14.32-9618+[2001-638-700-f00e--1-20]-9618&alias=ampere01.zeuthen.desy.de&noUDP&sock=startd_8788_6a5f>
...
023 (16309174.108.000) 2026-02-20 03:44:45 Job reconnected to slot1_23@ampere01.zeuthen.desy.de
    startd address: <141.34.14.32:9618?addrs=141.34.14.32-9618+[2001-638-700-f00e--1-20]-9618&alias=ampere01.zeuthen.desy.de&noUDP&sock=startd_8788_6a5f>
    starter address: <141.34.14.32:9618?addrs=141.34.14.32-9618+[2001-638-700-f00e--1-20]-9618&alias=ampere01.zeuthen.desy.de&noUDP&sock=slot1_23_9261_f652_15495>
...
021 (16309174.108.000) 2026-02-20 10:43:17 Error from starter on slot1_23@ampere01.zeuthen.desy.de:
	runtime exceeded maximum (target.Runtime seconds)
	Code 21 Subcode 103
...
004 (16309174.108.000) 2026-02-20 10:43:18 Job was evicted.
	(0) CPU times
		Usr 1 23:20:20, Sys 0 00:00:40  -  Run Remote Usage
		Usr 0 00:00:00, Sys 0 00:00:00  -  Run Local Usage
	0  -  Run Bytes Sent By Job
	0  -  Run Bytes Received By Job
	Error from slot1_23@ampere01.zeuthen.desy.de: runtime exceeded maximum (target.Runtime seconds)
	Partitionable Resources :         Usage  Request Allocated 
	   Cpus                 :          0.99        1         1 
	   Disk (KB)            :          1     1024000   1025682 
	   Memory (MB)          :        733        5120      5120 
	   TimeSlotBusy (s)     : 1771580597                       
...
012 (16309174.108.000) 2026-02-20 10:43:18 Job was held.
	Error from slot1_23@ampere01.zeuthen.desy.de: runtime exceeded maximum (target.Runtime seconds)
	Code 21 Subcode 103
...
009 (16309174.108.000) 2026-02-23 19:29:11 Job was aborted.
	via condor_rm (by user tuccia)
...
000 (16619852.108.000) 2026-02-23 19:30:03 Job submitted from host: <141.34.103.35:9618?addrs=141.34.103.35-9618+[2001-638-700-f067--1-23]-9618&alias=wgs39.zeuthen.desy.de&noUDP&sock=schedd_7302_24a3>
...
001 (16619852.108.000) 2026-02-23 19:30:22 Job executing on host: <141.34.14.36:9618?addrs=141.34.14.36-9618+[2001-638-700-f00e--1-24]-9618&alias=ampere05.zeuthen.desy.de&noUDP&sock=startd_7996_2b5d>
	SlotName: slot1_25@ampere05.zeuthen.desy.de
	AvailableGPUs = {  }
	CondorScratchDir = "/batch/dir_1829383"
	Cpus = 1
	Disk = 1025682
	GPUs = 0
	Memory = 5120
...
006 (16619852.108.000) 2026-02-23 19:30:37 Image size of job updated: 107684
	96  -  MemoryUsage of job (MB)
	97356  -  ResidentSetSize of job (KB)
...
006 (16619852.108.000) 2026-02-23 19:35:37 Image size of job updated: 789032
	502  -  MemoryUsage of job (MB)
	513468  -  ResidentSetSize of job (KB)
...
006 (16619852.108.000) 2026-02-23 19:40:37 Image size of job updated: 789032
	505  -  MemoryUsage of job (MB)
	516180  -  ResidentSetSize of job (KB)
...
006 (16619852.108.000) 2026-02-23 19:45:38 Image size of job updated: 789032
	505  -  MemoryUsage of job (MB)
	516216  -  ResidentSetSize of job (KB)
...
006 (16619852.108.000) 2026-02-23 19:55:38 Image size of job updated: 789032
	505  -  MemoryUsage of job (MB)
	516228  -  ResidentSetSize of job (KB)
...
006 (16619852.108.000) 2026-02-23 21:40:51 Image size of job updated: 789032
	505  -  MemoryUsage of job (MB)
	516276  -  ResidentSetSize of job (KB)
...
006 (16619852.108.000) 2026-02-23 21:45:52 Image size of job updated: 789032
	505  -  MemoryUsage of job (MB)
	516304  -  ResidentSetSize of job (KB)
...
006 (16619852.108.000) 2026-02-23 22:20:56 Image size of job updated: 789032
	505  -  MemoryUsage of job (MB)
	516308  -  ResidentSetSize of job (KB)
...
006 (16619852.108.000) 2026-02-23 23:11:03 Image size of job updated: 789032
	505  -  MemoryUsage of job (MB)
	516316  -  ResidentSetSize of job (KB)
...
022 (16619852.108.000) 2026-02-24 08:04:09 Job disconnected, attempting to reconnect
    Local schedd and job shadow died, schedd now running again
    Trying to reconnect to slot1_25@ampere05.zeuthen.desy.de <141.34.14.36:9618?addrs=141.34.14.36-9618+[2001-638-700-f00e--1-24]-9618&alias=ampere05.zeuthen.desy.de&noUDP&sock=startd_7996_2b5d>
...
023 (16619852.108.000) 2026-02-24 08:04:19 Job reconnected to slot1_25@ampere05.zeuthen.desy.de
    startd address: <141.34.14.36:9618?addrs=141.34.14.36-9618+[2001-638-700-f00e--1-24]-9618&alias=ampere05.zeuthen.desy.de&noUDP&sock=startd_7996_2b5d>
    starter address: <141.34.14.36:9618?addrs=141.34.14.36-9618+[2001-638-700-f00e--1-24]-9618&alias=ampere05.zeuthen.desy.de&noUDP&sock=slot1_25_8571_cb76_17838>
...
005 (16619852.108.000) 2026-02-27 10:48:14 Job terminated.
	(1) Normal termination (return value 0)
		Usr 3 13:37:34, Sys 0 00:07:25  -  Run Remote Usage
		Usr 0 00:00:00, Sys 0 00:00:00  -  Run Local Usage
		Usr 4 01:35:42, Sys 0 00:08:30  -  Total Remote Usage
		Usr 0 00:00:00, Sys 0 00:00:00  -  Total Local Usage
	0  -  Run Bytes Sent By Job
	0  -  Run Bytes Received By Job
	0  -  Total Bytes Sent By Job
	0  -  Total Bytes Received By Job
	Partitionable Resources :         Usage  Request Allocated 
	   Cpus                 :          0.99        1         1 
	   Disk (KB)            :          1     1024000   1025682 
	   Memory (MB)          :        733        5120      5120 
	   TimeExecute (s)      : 1772185694                       
	   TimeSlotBusy (s)     : 1772185694                       

	Job terminated of its own accord at 2026-02-27T09:48:14Z with exit-code 0.
...
