~~~~~~~~~~~~~~~~~~~~~~~~~~~~~~

n_qubits: 90, 
r: 98, 
alpha: 0.01, 
shots: 10000, 
ansatz: structure_like_qubo_YZ_2, 
layer: 1, 
tau: 0.3

time for simulated annealing:  114.097571849823
Rank 1: Bitstring=000000011110010010000100011001011010110011000011110110000010001111111101010100011001111001, Decimal=9152270697490659413411449, Energy=-73.4892
Rank 2: Bitstring=000000011110010010000000011001011010110011000011110110000010001111111101010100011001111001, Decimal=9151975549585480060585593, Energy=-73.477
Rank 3: Bitstring=100000011110010010010000001000011010000011010001100110001010001111111101010100011011111001, Decimal=628123156170780439452403449, Energy=-73.399
Rank 4: Bitstring=000000011011000010000010101001111010110011110011110100001010001111111100010100111011111100, Decimal=8169889918516986928779004, Energy=-73.3402
Rank 5: Bitstring=100000011110010010000100011001011010000011000001100110000010001111111101010100011001111001, Decimal=628122290326660102376212089, Energy=-73.0684
Rank 6: Bitstring=100000011110010010000000011001011010000011000001100110000010001111111101010100011001111001, Decimal=628121995178754923023386233, Energy=-73.0562
Rank 7: Bitstring=100000011011000010010010101000111010000011110001110100001010001111111100010100111011111100, Decimal=627141088986386742207663868, Energy=-73.0464
Rank 8: Bitstring=100000011110000010010010001000011010000011110001100110001010001111111100010100011011111101, Decimal=628047745881147852293490429, Energy=-72.9572
Rank 9: Bitstring=000000011011000010000110101011111010110010110011110100001010001111111100010100111011111100, Decimal=8170187371983700518588156, Energy=-72.9346
Rank 10: Bitstring=000000011011000010000010101001111010110011110011110100000010001111111100010100111001111100, Decimal=8169889918516978338844284, Energy=-72.9302

E_min from simulated annealing:  -73.4892
Minimum energy: -73.4892
States with energy within 1e-08 of minimum: [9152270697490659413411449]


################## Start optimization with initial parameters: [0. 0. 0. 0. 0. 0. 0. 0. 0. 0. 0. 0. 0. 0. 0. 0. 0. 0. 0. 0. 0. 0. 0. 0.
 0. 0. 0. 0. 0. 0. 0. 0. 0. 0. 0. 0. 0. 0. 0. 0. 0. 0. 0. 0. 0. 0. 0. 0.
 0. 0. 0. 0. 0. 0. 0. 0. 0. 0. 0. 0. 0. 0. 0. 0. 0. 0. 0. 0. 0. 0. 0. 0.
 0. 0. 0. 0. 0. 0. 0. 0. 0. 0. 0. 0. 0. 0. 0. 0. 0. 0. 0. 0. 0. 0. 0. 0.
 0. 0. 0. 0. 0. 0. 0. 0. 0. 0. 0. 0. 0. 0. 0. 0. 0. 0. 0. 0. 0. 0. 0. 0.
 0. 0. 0. 0. 0. 0. 0. 0. 0. 0. 0. 0. 0. 0. 0. 0. 0. 0. 0. 0. 0. 0. 0. 0.
 0. 0. 0. 0. 0. 0. 0. 0. 0. 0. 0. 0. 0. 0. 0. 0. 0. 0. 0. 0. 0. 0. 0. 0.
 0. 0. 0. 0. 0. 0. 0. 0. 0. 0. 0. 0. 0. 0. 0. 0. 0. 0. 0. 0. 0. 0. 0. 0.
 0. 0. 0. 0. 0. 0. 0. 0. 0. 0. 0. 0. 0. 0. 0. 0. 0. 0. 0. 0. 0. 0. 0. 0.
 0. 0. 0. 0. 0. 0. 0. 0. 0. 0. 0. 0. 0. 0. 0. 0. 0. 0. 0. 0. 0. 0. 0. 0.
 0. 0. 0. 0. 0. 0. 0. 0. 0. 0. 0. 0. 0. 0. 0. 0. 0. 0. 0. 0. 0. 0. 0. 0.
 0. 0. 0. 0. 0. 0. 0. 0. 0. 0. 0. 0. 0. 0. 0. 0. 0. 0. 0. 0. 0. 0. 0. 0.
 0. 0. 0. 0. 0. 0. 0. 0. 0. 0. 0. 0. 0. 0. 0. 0. 0. 0. 0. 0. 0. 0. 0. 0.
 0. 0. 0. 0. 0. 0. 0. 0. 0. 0. 0. 0. 0. 0. 0. 0. 0. 0. 0. 0. 0. 0. 0. 0.
 0. 0. 0. 0. 0. 0. 0. 0. 0. 0. 0. 0. 0. 0. 0. 0. 0. 0. 0. 0. 0. 0. 0. 0.]
Write sucessfully to ./data/data_shots_10000_layer_1/alpha_0.01/N_90/r_98/ansatz_type_structure_like_qubo_YZ_2/initialization_zeros

vqe.cvar_eval[0]: -21.858922000000007 , min_cvar: -65.26334200000007 , opt_cvar: -65.26334200000007

vqe.poss_eval[-1]: 0 vqe.poss_eval[0] 0  , max_poss: 0 , opt_poss: 0

vqe.r_eval[-1]: 0.8768287857263386 vqe.r_eval[0]: 0.297444005377661 max_r: 0.8880671173451347 , min_r: 0.28382902521731096
