~~~~~~~~~~~~~~~~~~~~~~~~~~~~~~

n_qubits: 90, 
r: 35, 
alpha: 0.01, 
shots: 10000, 
ansatz: structure_like_qubo_YZ_2, 
layer: 1, 
tau: 0.3

time for simulated annealing:  122.44783854484558
Rank 1: Bitstring=000000001110100010111000100011000100111101111110001001001110011001110101101011111010100011, Decimal=4395973341494822670089891, Energy=-74.2455
Rank 2: Bitstring=000000001110100010111000100011000000110101111110101001001011011001111101101011111010100011, Decimal=4395973267187624622603939, Energy=-74.0747
Rank 3: Bitstring=000000001110100010111000100011000100110101111110101001001010011001110101101011111010100011, Decimal=4395973339245217584692899, Energy=-73.7193
Rank 4: Bitstring=000000001110100010111010101011010100111101111110001001001110011001110101101011111010100011, Decimal=4396130427049825352990371, Energy=-73.6851
Rank 5: Bitstring=000000001110100010111000100011000100111101111110001001001110011001110101111111111010100011, Decimal=4395973341494822670171811, Energy=-73.6697
Rank 6: Bitstring=100000001010100110101010111001010000111101101110001010001110011001111101101010110000100011, Decimal=622174949193209265232718883, Energy=-73.6451
Rank 7: Bitstring=100000001010100110101010111001010000111001101110001010001110010001111101101010110000100011, Decimal=622174949192083365191658531, Energy=-73.6185
Rank 8: Bitstring=000000001110100010111010101011010000110101111110101001001011011001111101101011111010100011, Decimal=4396130352742627305504419, Energy=-73.5143
Rank 9: Bitstring=000000001100000010111000100011000100111101111110001000001110011001100101101010111010100011, Decimal=3640394704235610712223395, Energy=-73.5011
Rank 10: Bitstring=000000001110100010111000100011000000110101111110101001001011011001111101111111111010100011, Decimal=4395973267187624622685859, Energy=-73.4989

E_min from simulated annealing:  -74.2455
Minimum energy: -74.2455
States with energy within 1e-08 of minimum: [4395973341494822670089891]


################## Start optimization with initial parameters: [0. 0. 0. 0. 0. 0. 0. 0. 0. 0. 0. 0. 0. 0. 0. 0. 0. 0. 0. 0. 0. 0. 0. 0.
 0. 0. 0. 0. 0. 0. 0. 0. 0. 0. 0. 0. 0. 0. 0. 0. 0. 0. 0. 0. 0. 0. 0. 0.
 0. 0. 0. 0. 0. 0. 0. 0. 0. 0. 0. 0. 0. 0. 0. 0. 0. 0. 0. 0. 0. 0. 0. 0.
 0. 0. 0. 0. 0. 0. 0. 0. 0. 0. 0. 0. 0. 0. 0. 0. 0. 0. 0. 0. 0. 0. 0. 0.
 0. 0. 0. 0. 0. 0. 0. 0. 0. 0. 0. 0. 0. 0. 0. 0. 0. 0. 0. 0. 0. 0. 0. 0.
 0. 0. 0. 0. 0. 0. 0. 0. 0. 0. 0. 0. 0. 0. 0. 0. 0. 0. 0. 0. 0. 0. 0. 0.
 0. 0. 0. 0. 0. 0. 0. 0. 0. 0. 0. 0. 0. 0. 0. 0. 0. 0. 0. 0. 0. 0. 0. 0.
 0. 0. 0. 0. 0. 0. 0. 0. 0. 0. 0. 0. 0. 0. 0. 0. 0. 0. 0. 0. 0. 0. 0. 0.
 0. 0. 0. 0. 0. 0. 0. 0. 0. 0. 0. 0. 0. 0. 0. 0. 0. 0. 0. 0. 0. 0. 0. 0.
 0. 0. 0. 0. 0. 0. 0. 0. 0. 0. 0. 0. 0. 0. 0. 0. 0. 0. 0. 0. 0. 0. 0. 0.
 0. 0. 0. 0. 0. 0. 0. 0. 0. 0. 0. 0. 0. 0. 0. 0. 0. 0. 0. 0. 0. 0. 0. 0.
 0. 0. 0. 0. 0. 0. 0. 0. 0. 0. 0. 0. 0. 0. 0. 0. 0. 0. 0. 0. 0. 0. 0. 0.
 0. 0. 0. 0. 0. 0. 0. 0. 0. 0. 0. 0. 0. 0. 0. 0. 0. 0. 0. 0. 0. 0. 0. 0.
 0. 0. 0. 0. 0. 0. 0. 0. 0. 0. 0. 0. 0. 0. 0. 0. 0. 0. 0. 0. 0. 0. 0. 0.
 0. 0. 0. 0. 0. 0. 0. 0. 0. 0. 0. 0. 0. 0. 0. 0. 0. 0. 0. 0. 0. 0. 0. 0.]
Write sucessfully to ./data/data_shots_10000_layer_1/alpha_0.01/N_90/r_35/ansatz_type_structure_like_qubo_YZ_2/initialization_zeros

vqe.cvar_eval[0]: -22.711746000000016 , min_cvar: -65.18091400000004 , opt_cvar: -65.18091400000004

vqe.poss_eval[-1]: 0 vqe.poss_eval[0] 0  , max_poss: 0 , opt_poss: 0

vqe.r_eval[-1]: 0.869974799819518 vqe.r_eval[0]: 0.3059006404428553 max_r: 0.8779106343145381 , min_r: 0.29975834225643316
