000 (15756404.628.000) 2026-02-06 11:24:35 Job submitted from host: <141.34.103.35:9618?addrs=141.34.103.35-9618+[2001-638-700-f067--1-23]-9618&alias=wgs39.zeuthen.desy.de&noUDP&sock=schedd_7414_f73f>
...
001 (15756404.628.000) 2026-02-07 01:26:07 Job executing on host: <141.34.15.86:9618?addrs=141.34.15.86-9618+[2001-638-700-f00f--1-56]-9618&alias=genoa10.zeuthen.desy.de&noUDP&sock=startd_10124_cce6>
	SlotName: slot1_7@genoa10.zeuthen.desy.de
	CondorScratchDir = "/batch/dir_1289405"
	Cpus = 8
	Disk = 1025681
	GPUs = 0
	Memory = 16384
...
006 (15756404.628.000) 2026-02-07 01:26:20 Image size of job updated: 95512
	94  -  MemoryUsage of job (MB)
	95512  -  ResidentSetSize of job (KB)
...
006 (15756404.628.000) 2026-02-07 01:31:20 Image size of job updated: 562444
	547  -  MemoryUsage of job (MB)
	559820  -  ResidentSetSize of job (KB)
...
006 (15756404.628.000) 2026-02-07 01:36:21 Image size of job updated: 563060
	547  -  MemoryUsage of job (MB)
	559820  -  ResidentSetSize of job (KB)
...
006 (15756404.628.000) 2026-02-07 01:41:22 Image size of job updated: 564196
	547  -  MemoryUsage of job (MB)
	559820  -  ResidentSetSize of job (KB)
...
006 (15756404.628.000) 2026-02-07 01:46:22 Image size of job updated: 564448
	550  -  MemoryUsage of job (MB)
	562280  -  ResidentSetSize of job (KB)
...
006 (15756404.628.000) 2026-02-07 01:51:23 Image size of job updated: 565556
	550  -  MemoryUsage of job (MB)
	562284  -  ResidentSetSize of job (KB)
...
006 (15756404.628.000) 2026-02-07 01:56:24 Image size of job updated: 566220
	550  -  MemoryUsage of job (MB)
	562324  -  ResidentSetSize of job (KB)
...
006 (15756404.628.000) 2026-02-07 02:16:26 Image size of job updated: 566220
	551  -  MemoryUsage of job (MB)
	563464  -  ResidentSetSize of job (KB)
...
006 (15756404.628.000) 2026-02-07 02:21:27 Image size of job updated: 566220
	551  -  MemoryUsage of job (MB)
	563468  -  ResidentSetSize of job (KB)
...
006 (15756404.628.000) 2026-02-07 02:26:28 Image size of job updated: 566220
	552  -  MemoryUsage of job (MB)
	564728  -  ResidentSetSize of job (KB)
...
006 (15756404.628.000) 2026-02-07 02:31:28 Image size of job updated: 566364
	553  -  MemoryUsage of job (MB)
	565656  -  ResidentSetSize of job (KB)
...
006 (15756404.628.000) 2026-02-07 02:36:29 Image size of job updated: 567916
	553  -  MemoryUsage of job (MB)
	565868  -  ResidentSetSize of job (KB)
...
006 (15756404.628.000) 2026-02-07 02:56:31 Image size of job updated: 567916
	554  -  MemoryUsage of job (MB)
	566288  -  ResidentSetSize of job (KB)
...
006 (15756404.628.000) 2026-02-07 03:01:31 Image size of job updated: 567916
	554  -  MemoryUsage of job (MB)
	566396  -  ResidentSetSize of job (KB)
...
006 (15756404.628.000) 2026-02-07 03:06:31 Image size of job updated: 567916
	554  -  MemoryUsage of job (MB)
	566412  -  ResidentSetSize of job (KB)
...
006 (15756404.628.000) 2026-02-07 03:26:33 Image size of job updated: 567916
	554  -  MemoryUsage of job (MB)
	566668  -  ResidentSetSize of job (KB)
...
006 (15756404.628.000) 2026-02-07 03:31:33 Image size of job updated: 567916
	554  -  MemoryUsage of job (MB)
	566924  -  ResidentSetSize of job (KB)
...
006 (15756404.628.000) 2026-02-07 03:41:34 Image size of job updated: 567916
	554  -  MemoryUsage of job (MB)
	567132  -  ResidentSetSize of job (KB)
...
006 (15756404.628.000) 2026-02-07 03:46:34 Image size of job updated: 567916
	554  -  MemoryUsage of job (MB)
	567280  -  ResidentSetSize of job (KB)
...
006 (15756404.628.000) 2026-02-07 03:51:34 Image size of job updated: 567916
	555  -  MemoryUsage of job (MB)
	567552  -  ResidentSetSize of job (KB)
...
006 (15756404.628.000) 2026-02-07 03:56:35 Image size of job updated: 567920
	555  -  MemoryUsage of job (MB)
	567920  -  ResidentSetSize of job (KB)
...
006 (15756404.628.000) 2026-02-07 04:01:36 Image size of job updated: 568216
	555  -  MemoryUsage of job (MB)
	568120  -  ResidentSetSize of job (KB)
...
006 (15756404.628.000) 2026-02-07 04:06:36 Image size of job updated: 568508
	555  -  MemoryUsage of job (MB)
	568252  -  ResidentSetSize of job (KB)
...
006 (15756404.628.000) 2026-02-07 04:11:37 Image size of job updated: 568508
	556  -  MemoryUsage of job (MB)
	568508  -  ResidentSetSize of job (KB)
...
006 (15756404.628.000) 2026-02-07 04:16:38 Image size of job updated: 568764
	556  -  MemoryUsage of job (MB)
	568764  -  ResidentSetSize of job (KB)
...
006 (15756404.628.000) 2026-02-07 04:21:38 Image size of job updated: 568820
	556  -  MemoryUsage of job (MB)
	568820  -  ResidentSetSize of job (KB)
...
006 (15756404.628.000) 2026-02-07 04:26:39 Image size of job updated: 569072
	556  -  MemoryUsage of job (MB)
	568820  -  ResidentSetSize of job (KB)
...
006 (15756404.628.000) 2026-02-07 06:56:56 Image size of job updated: 569072
	556  -  MemoryUsage of job (MB)
	568892  -  ResidentSetSize of job (KB)
...
006 (15756404.628.000) 2026-02-07 07:01:56 Image size of job updated: 569152
	556  -  MemoryUsage of job (MB)
	568892  -  ResidentSetSize of job (KB)
...
006 (15756404.628.000) 2026-02-07 09:37:09 Image size of job updated: 569152
	556  -  MemoryUsage of job (MB)
	568932  -  ResidentSetSize of job (KB)
...
006 (15756404.628.000) 2026-02-07 09:42:10 Image size of job updated: 569192
	556  -  MemoryUsage of job (MB)
	568932  -  ResidentSetSize of job (KB)
...
006 (15756404.628.000) 2026-02-07 12:17:28 Image size of job updated: 569192
	556  -  MemoryUsage of job (MB)
	568956  -  ResidentSetSize of job (KB)
...
006 (15756404.628.000) 2026-02-07 12:27:29 Image size of job updated: 569212
	556  -  MemoryUsage of job (MB)
	569212  -  ResidentSetSize of job (KB)
...
005 (15756404.628.000) 2026-02-07 14:03:45 Job terminated.
	(1) Normal termination (return value 0)
		Usr 2 08:14:48, Sys 0 23:56:25  -  Run Remote Usage
		Usr 0 00:00:00, Sys 0 00:00:00  -  Run Local Usage
		Usr 2 08:14:48, Sys 0 23:56:25  -  Total Remote Usage
		Usr 0 00:00:00, Sys 0 00:00:00  -  Total Local Usage
	0  -  Run Bytes Sent By Job
	0  -  Run Bytes Received By Job
	0  -  Total Bytes Sent By Job
	0  -  Total Bytes Received By Job
	Partitionable Resources :    Usage  Request Allocated 
	   Cpus                 :     7.96        8         8 
	   Disk (KB)            :     1     1024000   1025681 
	   GPUs                 :                           0 
	   Memory (MB)          :   556       16384     16384 
	   TimeExecute (s)      : 45458                       
	   TimeSlotBusy (s)     : 45458                       

	Job terminated of its own accord at 2026-02-07T13:03:45Z with exit-code 0.
...
