000 (15756407.870.000) 2026-02-06 11:26:12 Job submitted from host: <141.34.103.35:9618?addrs=141.34.103.35-9618+[2001-638-700-f067--1-23]-9618&alias=wgs39.zeuthen.desy.de&noUDP&sock=schedd_7414_f73f>
...
009 (15756407.870.000) 2026-02-10 11:42:42 Job was aborted.
	via condor_rm (by user tuccia)
...
000 (15949294.580.000) 2026-02-10 11:45:21 Job submitted from host: <141.34.103.35:9618?addrs=141.34.103.35-9618+[2001-638-700-f067--1-23]-9618&alias=wgs39.zeuthen.desy.de&noUDP&sock=schedd_7302_24a3>
...
009 (15949294.580.000) 2026-02-10 11:45:47 Job was aborted.
	via condor_rm (by user tuccia)
...
000 (15949295.580.000) 2026-02-10 11:46:05 Job submitted from host: <141.34.103.35:9618?addrs=141.34.103.35-9618+[2001-638-700-f067--1-23]-9618&alias=wgs39.zeuthen.desy.de&noUDP&sock=schedd_7302_24a3>
...
001 (15949295.580.000) 2026-02-13 04:35:11 Job executing on host: <141.34.15.203:9618?addrs=141.34.15.203-9618+[2001-638-700-f00f--1-cb]-9618&alias=pizza05.zeuthen.desy.de&noUDP&sock=startd_8154_8b54>
	SlotName: slot1_3@pizza05.zeuthen.desy.de
	CondorScratchDir = "/batch/dir_1403167"
	Cpus = 8
	Disk = 1025696
	GPUs = 0
	Memory = 16384
...
006 (15949295.580.000) 2026-02-13 04:35:25 Image size of job updated: 97532
	96  -  MemoryUsage of job (MB)
	97532  -  ResidentSetSize of job (KB)
...
006 (15949295.580.000) 2026-02-13 04:40:26 Image size of job updated: 520680
	450  -  MemoryUsage of job (MB)
	459852  -  ResidentSetSize of job (KB)
...
006 (15949295.580.000) 2026-02-13 04:45:26 Image size of job updated: 520680
	473  -  MemoryUsage of job (MB)
	483612  -  ResidentSetSize of job (KB)
...
006 (15949295.580.000) 2026-02-13 04:50:27 Image size of job updated: 520680
	494  -  MemoryUsage of job (MB)
	505560  -  ResidentSetSize of job (KB)
...
006 (15949295.580.000) 2026-02-13 04:55:28 Image size of job updated: 520680
	504  -  MemoryUsage of job (MB)
	515452  -  ResidentSetSize of job (KB)
...
006 (15949295.580.000) 2026-02-13 05:05:29 Image size of job updated: 520680
	505  -  MemoryUsage of job (MB)
	516628  -  ResidentSetSize of job (KB)
...
006 (15949295.580.000) 2026-02-13 05:25:31 Image size of job updated: 530232
	518  -  MemoryUsage of job (MB)
	530232  -  ResidentSetSize of job (KB)
...
006 (15949295.580.000) 2026-02-13 05:35:32 Image size of job updated: 532436
	520  -  MemoryUsage of job (MB)
	532436  -  ResidentSetSize of job (KB)
...
006 (15949295.580.000) 2026-02-13 05:45:32 Image size of job updated: 533824
	522  -  MemoryUsage of job (MB)
	533824  -  ResidentSetSize of job (KB)
...
006 (15949295.580.000) 2026-02-13 05:50:33 Image size of job updated: 535968
	524  -  MemoryUsage of job (MB)
	535968  -  ResidentSetSize of job (KB)
...
006 (15949295.580.000) 2026-02-13 05:55:33 Image size of job updated: 560116
	547  -  MemoryUsage of job (MB)
	560116  -  ResidentSetSize of job (KB)
...
006 (15949295.580.000) 2026-02-13 06:25:36 Image size of job updated: 560160
	547  -  MemoryUsage of job (MB)
	560116  -  ResidentSetSize of job (KB)
...
006 (15949295.580.000) 2026-02-13 06:35:37 Image size of job updated: 570684
	558  -  MemoryUsage of job (MB)
	570684  -  ResidentSetSize of job (KB)
...
006 (15949295.580.000) 2026-02-13 06:50:38 Image size of job updated: 582864
	570  -  MemoryUsage of job (MB)
	582864  -  ResidentSetSize of job (KB)
...
006 (15949295.580.000) 2026-02-13 07:50:44 Image size of job updated: 666888
	570  -  MemoryUsage of job (MB)
	582864  -  ResidentSetSize of job (KB)
...
006 (15949295.580.000) 2026-02-13 07:55:44 Image size of job updated: 676020
	623  -  MemoryUsage of job (MB)
	637908  -  ResidentSetSize of job (KB)
...
006 (15949295.580.000) 2026-02-13 08:00:45 Image size of job updated: 679480
	649  -  MemoryUsage of job (MB)
	663824  -  ResidentSetSize of job (KB)
...
006 (15949295.580.000) 2026-02-13 08:05:46 Image size of job updated: 680352
	649  -  MemoryUsage of job (MB)
	663824  -  ResidentSetSize of job (KB)
...
006 (15949295.580.000) 2026-02-13 08:45:49 Image size of job updated: 681044
	649  -  MemoryUsage of job (MB)
	663824  -  ResidentSetSize of job (KB)
...
006 (15949295.580.000) 2026-02-13 10:25:59 Image size of job updated: 681580
	649  -  MemoryUsage of job (MB)
	663824  -  ResidentSetSize of job (KB)
...
006 (15949295.580.000) 2026-02-13 10:36:00 Image size of job updated: 681680
	650  -  MemoryUsage of job (MB)
	665048  -  ResidentSetSize of job (KB)
...
006 (15949295.580.000) 2026-02-13 10:41:00 Image size of job updated: 682268
	650  -  MemoryUsage of job (MB)
	665048  -  ResidentSetSize of job (KB)
...
006 (15949295.580.000) 2026-02-13 11:16:04 Image size of job updated: 682324
	666  -  MemoryUsage of job (MB)
	681696  -  ResidentSetSize of job (KB)
...
006 (15949295.580.000) 2026-02-13 13:46:19 Image size of job updated: 682324
	667  -  MemoryUsage of job (MB)
	682112  -  ResidentSetSize of job (KB)
...
006 (15949295.580.000) 2026-02-13 14:11:21 Image size of job updated: 682456
	667  -  MemoryUsage of job (MB)
	682112  -  ResidentSetSize of job (KB)
...
006 (15949295.580.000) 2026-02-13 15:26:29 Image size of job updated: 683320
	667  -  MemoryUsage of job (MB)
	682112  -  ResidentSetSize of job (KB)
...
006 (15949295.580.000) 2026-02-13 15:46:31 Image size of job updated: 683344
	667  -  MemoryUsage of job (MB)
	682112  -  ResidentSetSize of job (KB)
...
006 (15949295.580.000) 2026-02-13 16:11:34 Image size of job updated: 684048
	667  -  MemoryUsage of job (MB)
	682112  -  ResidentSetSize of job (KB)
...
006 (15949295.580.000) 2026-02-13 20:32:01 Image size of job updated: 684048
	668  -  MemoryUsage of job (MB)
	683088  -  ResidentSetSize of job (KB)
...
005 (15949295.580.000) 2026-02-14 17:59:05 Job terminated.
	(1) Normal termination (return value 0)
		Usr 3 20:57:33, Sys 0 20:32:40  -  Run Remote Usage
		Usr 0 00:00:00, Sys 0 00:00:00  -  Run Local Usage
		Usr 3 20:57:33, Sys 0 20:32:40  -  Total Remote Usage
		Usr 0 00:00:00, Sys 0 00:00:00  -  Total Local Usage
	0  -  Run Bytes Sent By Job
	0  -  Run Bytes Received By Job
	0  -  Total Bytes Sent By Job
	0  -  Total Bytes Received By Job
	Partitionable Resources :     Usage  Request Allocated 
	   Cpus                 :      0.99        8         8 
	   Disk (KB)            :      1     1024000   1025696 
	   GPUs                 :                            0 
	   Memory (MB)          :    668       16384     16384 
	   TimeExecute (s)      : 134634                       
	   TimeSlotBusy (s)     : 134634                       

	Job terminated of its own accord at 2026-02-14T16:59:05Z with exit-code 0.
...
