000 (15756408.852.000) 2026-02-06 11:26:59 Job submitted from host: <141.34.103.35:9618?addrs=141.34.103.35-9618+[2001-638-700-f067--1-23]-9618&alias=wgs39.zeuthen.desy.de&noUDP&sock=schedd_7414_f73f>
...
009 (15756408.852.000) 2026-02-10 11:47:38 Job was aborted.
	via condor_rm (by user tuccia)
...
000 (15951004.568.000) 2026-02-10 16:30:05 Job submitted from host: <141.34.103.35:9618?addrs=141.34.103.35-9618+[2001-638-700-f067--1-23]-9618&alias=wgs39.zeuthen.desy.de&noUDP&sock=schedd_7302_24a3>
...
001 (15951004.568.000) 2026-02-10 18:50:23 Job executing on host: <141.34.15.179:9618?addrs=141.34.15.179-9618+[2001-638-700-f00f--1-b3]-9618&alias=genoa04.zeuthen.desy.de&noUDP&sock=startd_11819_6dee>
	SlotName: slot1_28@genoa04.zeuthen.desy.de
	CondorScratchDir = "/batch/dir_620210"
	Cpus = 1
	Disk = 1025697
	GPUs = 0
	Memory = 5120
...
006 (15951004.568.000) 2026-02-10 18:50:36 Image size of job updated: 95492
	94  -  MemoryUsage of job (MB)
	95492  -  ResidentSetSize of job (KB)
...
006 (15951004.568.000) 2026-02-10 18:55:36 Image size of job updated: 681508
	486  -  MemoryUsage of job (MB)
	497068  -  ResidentSetSize of job (KB)
...
006 (15951004.568.000) 2026-02-10 19:00:37 Image size of job updated: 681508
	489  -  MemoryUsage of job (MB)
	499856  -  ResidentSetSize of job (KB)
...
006 (15951004.568.000) 2026-02-10 19:05:37 Image size of job updated: 681508
	489  -  MemoryUsage of job (MB)
	499864  -  ResidentSetSize of job (KB)
...
006 (15951004.568.000) 2026-02-10 19:30:40 Image size of job updated: 681508
	489  -  MemoryUsage of job (MB)
	499932  -  ResidentSetSize of job (KB)
...
006 (15951004.568.000) 2026-02-10 19:45:41 Image size of job updated: 681508
	489  -  MemoryUsage of job (MB)
	499940  -  ResidentSetSize of job (KB)
...
006 (15951004.568.000) 2026-02-10 20:05:44 Image size of job updated: 681508
	489  -  MemoryUsage of job (MB)
	499948  -  ResidentSetSize of job (KB)
...
006 (15951004.568.000) 2026-02-10 21:00:49 Image size of job updated: 681508
	489  -  MemoryUsage of job (MB)
	500048  -  ResidentSetSize of job (KB)
...
006 (15951004.568.000) 2026-02-10 21:30:52 Image size of job updated: 681508
	491  -  MemoryUsage of job (MB)
	502228  -  ResidentSetSize of job (KB)
...
006 (15951004.568.000) 2026-02-11 02:46:23 Image size of job updated: 681508
	491  -  MemoryUsage of job (MB)
	502252  -  ResidentSetSize of job (KB)
...
006 (15951004.568.000) 2026-02-11 03:11:26 Image size of job updated: 681508
	491  -  MemoryUsage of job (MB)
	502304  -  ResidentSetSize of job (KB)
...
006 (15951004.568.000) 2026-02-11 03:31:29 Image size of job updated: 681508
	491  -  MemoryUsage of job (MB)
	502308  -  ResidentSetSize of job (KB)
...
006 (15951004.568.000) 2026-02-11 05:31:41 Image size of job updated: 681508
	491  -  MemoryUsage of job (MB)
	502464  -  ResidentSetSize of job (KB)
...
006 (15951004.568.000) 2026-02-11 06:36:48 Image size of job updated: 681508
	491  -  MemoryUsage of job (MB)
	502620  -  ResidentSetSize of job (KB)
...
006 (15951004.568.000) 2026-02-11 07:36:52 Image size of job updated: 681508
	491  -  MemoryUsage of job (MB)
	502776  -  ResidentSetSize of job (KB)
...
006 (15951004.568.000) 2026-02-11 11:02:11 Image size of job updated: 681508
	492  -  MemoryUsage of job (MB)
	502932  -  ResidentSetSize of job (KB)
...
006 (15951004.568.000) 2026-02-11 11:07:12 Image size of job updated: 681508
	492  -  MemoryUsage of job (MB)
	503244  -  ResidentSetSize of job (KB)
...
004 (15951004.568.000) 2026-02-11 11:11:58 Job was evicted.
	(0) CPU times
		Usr 0 16:10:03, Sys 0 00:00:07  -  Run Remote Usage
		Usr 0 00:00:00, Sys 0 00:00:00  -  Run Local Usage
	0  -  Run Bytes Sent By Job
	0  -  Run Bytes Received By Job
	Partitionable Resources :    Usage  Request Allocated 
	   Cpus                 :        0        1         1 
	   Disk (KB)            :        1  1024000   1025697 
	   GPUs                 :                           0 
	   Memory (MB)          :      492     5120      5120 
	   TimeExecute (s)      :    58894                    
	   TimeSlotBusy (s)     :    58895                    
...
009 (15951004.568.000) 2026-02-11 11:11:59 Job was aborted.
	via condor_rm (by user tuccia)
...
000 (15988842.568.000) 2026-02-11 11:12:47 Job submitted from host: <141.34.103.35:9618?addrs=141.34.103.35-9618+[2001-638-700-f067--1-23]-9618&alias=wgs39.zeuthen.desy.de&noUDP&sock=schedd_7302_24a3>
...
001 (15988842.568.000) 2026-02-11 11:51:13 Job executing on host: <141.34.14.33:9618?addrs=141.34.14.33-9618+[2001-638-700-f00e--1-21]-9618&alias=ampere02.zeuthen.desy.de&noUDP&sock=startd_9421_99d2>
	SlotName: slot1_17@ampere02.zeuthen.desy.de
	AvailableGPUs = {  }
	CondorScratchDir = "/batch/dir_1728469"
	Cpus = 1
	Disk = 1025682
	GPUs = 0
	Memory = 5120
...
006 (15988842.568.000) 2026-02-11 11:51:26 Image size of job updated: 97448
	96  -  MemoryUsage of job (MB)
	97448  -  ResidentSetSize of job (KB)
...
006 (15988842.568.000) 2026-02-11 11:56:26 Image size of job updated: 495400
	484  -  MemoryUsage of job (MB)
	495400  -  ResidentSetSize of job (KB)
...
006 (15988842.568.000) 2026-02-11 12:01:27 Image size of job updated: 498000
	487  -  MemoryUsage of job (MB)
	498000  -  ResidentSetSize of job (KB)
...
006 (15988842.568.000) 2026-02-11 12:06:27 Image size of job updated: 498008
	487  -  MemoryUsage of job (MB)
	498008  -  ResidentSetSize of job (KB)
...
006 (15988842.568.000) 2026-02-11 12:11:27 Image size of job updated: 498024
	487  -  MemoryUsage of job (MB)
	498024  -  ResidentSetSize of job (KB)
...
006 (15988842.568.000) 2026-02-11 12:46:31 Image size of job updated: 498056
	487  -  MemoryUsage of job (MB)
	498056  -  ResidentSetSize of job (KB)
...
006 (15988842.568.000) 2026-02-11 12:56:32 Image size of job updated: 498060
	487  -  MemoryUsage of job (MB)
	498060  -  ResidentSetSize of job (KB)
...
006 (15988842.568.000) 2026-02-11 13:46:36 Image size of job updated: 498080
	487  -  MemoryUsage of job (MB)
	498080  -  ResidentSetSize of job (KB)
...
006 (15988842.568.000) 2026-02-11 14:16:38 Image size of job updated: 498092
	487  -  MemoryUsage of job (MB)
	498080  -  ResidentSetSize of job (KB)
...
006 (15988842.568.000) 2026-02-12 00:52:43 Image size of job updated: 498180
	487  -  MemoryUsage of job (MB)
	498180  -  ResidentSetSize of job (KB)
...
006 (15988842.568.000) 2026-02-12 01:52:50 Image size of job updated: 498380
	487  -  MemoryUsage of job (MB)
	498380  -  ResidentSetSize of job (KB)
...
006 (15988842.568.000) 2026-02-12 04:13:07 Image size of job updated: 498700
	488  -  MemoryUsage of job (MB)
	498700  -  ResidentSetSize of job (KB)
...
006 (15988842.568.000) 2026-02-12 04:18:07 Image size of job updated: 498764
	488  -  MemoryUsage of job (MB)
	498764  -  ResidentSetSize of job (KB)
...
006 (15988842.568.000) 2026-02-12 04:28:09 Image size of job updated: 499108
	488  -  MemoryUsage of job (MB)
	499108  -  ResidentSetSize of job (KB)
...
006 (15988842.568.000) 2026-02-12 04:38:10 Image size of job updated: 499120
	488  -  MemoryUsage of job (MB)
	499108  -  ResidentSetSize of job (KB)
...
006 (15988842.568.000) 2026-02-12 04:43:11 Image size of job updated: 499120
	488  -  MemoryUsage of job (MB)
	499120  -  ResidentSetSize of job (KB)
...
006 (15988842.568.000) 2026-02-12 04:48:11 Image size of job updated: 499364
	488  -  MemoryUsage of job (MB)
	499120  -  ResidentSetSize of job (KB)
...
006 (15988842.568.000) 2026-02-12 06:08:18 Image size of job updated: 499924
	488  -  MemoryUsage of job (MB)
	499120  -  ResidentSetSize of job (KB)
...
006 (15988842.568.000) 2026-02-12 06:13:18 Image size of job updated: 499924
	488  -  MemoryUsage of job (MB)
	499376  -  ResidentSetSize of job (KB)
...
006 (15988842.568.000) 2026-02-12 20:09:40 Image size of job updated: 499992
	488  -  MemoryUsage of job (MB)
	499376  -  ResidentSetSize of job (KB)
...
006 (15988842.568.000) 2026-02-12 20:39:42 Image size of job updated: 500032
	488  -  MemoryUsage of job (MB)
	499376  -  ResidentSetSize of job (KB)
...
006 (15988842.568.000) 2026-02-12 21:09:45 Image size of job updated: 500176
	488  -  MemoryUsage of job (MB)
	499376  -  ResidentSetSize of job (KB)
...
006 (15988842.568.000) 2026-02-12 21:24:47 Image size of job updated: 500364
	489  -  MemoryUsage of job (MB)
	500364  -  ResidentSetSize of job (KB)
...
006 (15988842.568.000) 2026-02-12 21:34:48 Image size of job updated: 500436
	489  -  MemoryUsage of job (MB)
	500364  -  ResidentSetSize of job (KB)
...
021 (15988842.568.000) 2026-02-13 11:51:14 Error from starter on slot1_17@ampere02.zeuthen.desy.de:
	runtime exceeded maximum (target.Runtime seconds)
	Code 21 Subcode 103
...
004 (15988842.568.000) 2026-02-13 11:51:14 Job was evicted.
	(0) CPU times
		Usr 1 23:17:54, Sys 0 00:01:33  -  Run Remote Usage
		Usr 0 00:00:00, Sys 0 00:00:00  -  Run Local Usage
	0  -  Run Bytes Sent By Job
	0  -  Run Bytes Received By Job
	Error from slot1_17@ampere02.zeuthen.desy.de: runtime exceeded maximum (target.Runtime seconds)
	Partitionable Resources :     Usage  Request Allocated 
	   Cpus                 :      0.99        1         1 
	   Disk (KB)            :      1     1024000   1025682 
	   GPUs                 :                            0 
	   Memory (MB)          :    489        5120      5120 
	   TimeSlotBusy (s)     : 172801                       
...
012 (15988842.568.000) 2026-02-13 11:51:14 Job was held.
	Error from slot1_17@ampere02.zeuthen.desy.de: runtime exceeded maximum (target.Runtime seconds)
	Code 21 Subcode 103
...
009 (15988842.568.000) 2026-02-16 17:16:37 Job was aborted.
	via condor_rm (by user tuccia)
...
000 (16309174.184.000) 2026-02-18 10:42:58 Job submitted from host: <141.34.103.35:9618?addrs=141.34.103.35-9618+[2001-638-700-f067--1-23]-9618&alias=wgs39.zeuthen.desy.de&noUDP&sock=schedd_7302_24a3>
...
001 (16309174.184.000) 2026-02-18 10:43:16 Job executing on host: <141.34.15.176:9618?addrs=141.34.15.176-9618+[2001-638-700-f00f--1-b0]-9618&alias=genoa01.zeuthen.desy.de&noUDP&sock=startd_9698_998e>
	SlotName: slot1_21@genoa01.zeuthen.desy.de
	CondorScratchDir = "/batch/dir_1835845"
	Cpus = 1
	Disk = 1025697
	GPUs = 0
	Memory = 5120
...
006 (16309174.184.000) 2026-02-18 10:43:30 Image size of job updated: 95472
	94  -  MemoryUsage of job (MB)
	95472  -  ResidentSetSize of job (KB)
...
006 (16309174.184.000) 2026-02-18 10:48:30 Image size of job updated: 712924
	485  -  MemoryUsage of job (MB)
	496004  -  ResidentSetSize of job (KB)
...
006 (16309174.184.000) 2026-02-18 10:53:30 Image size of job updated: 712924
	488  -  MemoryUsage of job (MB)
	498740  -  ResidentSetSize of job (KB)
...
006 (16309174.184.000) 2026-02-18 10:58:32 Image size of job updated: 712924
	488  -  MemoryUsage of job (MB)
	498744  -  ResidentSetSize of job (KB)
...
006 (16309174.184.000) 2026-02-18 11:23:34 Image size of job updated: 712924
	488  -  MemoryUsage of job (MB)
	498772  -  ResidentSetSize of job (KB)
...
006 (16309174.184.000) 2026-02-18 11:33:36 Image size of job updated: 712924
	488  -  MemoryUsage of job (MB)
	498800  -  ResidentSetSize of job (KB)
...
006 (16309174.184.000) 2026-02-18 12:08:40 Image size of job updated: 712924
	488  -  MemoryUsage of job (MB)
	498936  -  ResidentSetSize of job (KB)
...
006 (16309174.184.000) 2026-02-18 12:13:41 Image size of job updated: 712924
	488  -  MemoryUsage of job (MB)
	498944  -  ResidentSetSize of job (KB)
...
006 (16309174.184.000) 2026-02-18 12:33:44 Image size of job updated: 712924
	488  -  MemoryUsage of job (MB)
	498952  -  ResidentSetSize of job (KB)
...
006 (16309174.184.000) 2026-02-18 12:53:45 Image size of job updated: 712924
	488  -  MemoryUsage of job (MB)
	498960  -  ResidentSetSize of job (KB)
...
006 (16309174.184.000) 2026-02-18 17:24:19 Image size of job updated: 712924
	488  -  MemoryUsage of job (MB)
	499056  -  ResidentSetSize of job (KB)
...
006 (16309174.184.000) 2026-02-18 17:29:20 Image size of job updated: 712924
	488  -  MemoryUsage of job (MB)
	499156  -  ResidentSetSize of job (KB)
...
006 (16309174.184.000) 2026-02-18 17:54:21 Image size of job updated: 712924
	488  -  MemoryUsage of job (MB)
	499368  -  ResidentSetSize of job (KB)
...
006 (16309174.184.000) 2026-02-18 17:59:22 Image size of job updated: 712924
	488  -  MemoryUsage of job (MB)
	499524  -  ResidentSetSize of job (KB)
...
006 (16309174.184.000) 2026-02-18 23:50:01 Image size of job updated: 712924
	488  -  MemoryUsage of job (MB)
	499680  -  ResidentSetSize of job (KB)
...
006 (16309174.184.000) 2026-02-19 03:30:19 Image size of job updated: 712924
	489  -  MemoryUsage of job (MB)
	499736  -  ResidentSetSize of job (KB)
...
006 (16309174.184.000) 2026-02-20 01:57:32 Image size of job updated: 712924
	489  -  MemoryUsage of job (MB)
	499740  -  ResidentSetSize of job (KB)
...
006 (16309174.184.000) 2026-02-20 02:12:34 Image size of job updated: 712924
	489  -  MemoryUsage of job (MB)
	499744  -  ResidentSetSize of job (KB)
...
022 (16309174.184.000) 2026-02-20 03:44:37 Job disconnected, attempting to reconnect
    Local schedd and job shadow died, schedd now running again
    Trying to reconnect to slot1_21@genoa01.zeuthen.desy.de <141.34.15.176:9618?addrs=141.34.15.176-9618+[2001-638-700-f00f--1-b0]-9618&alias=genoa01.zeuthen.desy.de&noUDP&sock=startd_9698_998e>
...
023 (16309174.184.000) 2026-02-20 03:44:45 Job reconnected to slot1_21@genoa01.zeuthen.desy.de
    startd address: <141.34.15.176:9618?addrs=141.34.15.176-9618+[2001-638-700-f00f--1-b0]-9618&alias=genoa01.zeuthen.desy.de&noUDP&sock=startd_9698_998e>
    starter address: <141.34.15.176:9618?addrs=141.34.15.176-9618+[2001-638-700-f00f--1-b0]-9618&alias=genoa01.zeuthen.desy.de&noUDP&sock=slot1_21_10339_82be_37199>
...
021 (16309174.184.000) 2026-02-20 10:43:17 Error from starter on slot1_21@genoa01.zeuthen.desy.de:
	runtime exceeded maximum (target.Runtime seconds)
	Code 21 Subcode 103
...
004 (16309174.184.000) 2026-02-20 10:43:17 Job was evicted.
	(0) CPU times
		Usr 1 23:29:33, Sys 0 00:00:23  -  Run Remote Usage
		Usr 0 00:00:00, Sys 0 00:00:00  -  Run Local Usage
	0  -  Run Bytes Sent By Job
	0  -  Run Bytes Received By Job
	Error from slot1_21@genoa01.zeuthen.desy.de: runtime exceeded maximum (target.Runtime seconds)
	Partitionable Resources :         Usage  Request Allocated 
	   Cpus                 :          0.99        1         1 
	   Disk (KB)            :          1     1024000   1025697 
	   Memory (MB)          :        489        5120      5120 
	   TimeSlotBusy (s)     : 1771580597                       
...
012 (16309174.184.000) 2026-02-20 10:43:17 Job was held.
	Error from slot1_21@genoa01.zeuthen.desy.de: runtime exceeded maximum (target.Runtime seconds)
	Code 21 Subcode 103
...
009 (16309174.184.000) 2026-02-23 19:29:13 Job was aborted.
	via condor_rm (by user tuccia)
...
000 (16619852.184.000) 2026-02-23 19:30:03 Job submitted from host: <141.34.103.35:9618?addrs=141.34.103.35-9618+[2001-638-700-f067--1-23]-9618&alias=wgs39.zeuthen.desy.de&noUDP&sock=schedd_7302_24a3>
...
001 (16619852.184.000) 2026-02-23 19:30:25 Job executing on host: <141.34.15.84:9618?addrs=141.34.15.84-9618+[2001-638-700-f00f--1-54]-9618&alias=genoa08.zeuthen.desy.de&noUDP&sock=startd_10285_3ba6>
	SlotName: slot1_22@genoa08.zeuthen.desy.de
	CondorScratchDir = "/batch/dir_432694"
	Cpus = 1
	Disk = 1025681
	GPUs = 0
	Memory = 5120
...
006 (16619852.184.000) 2026-02-23 19:30:39 Image size of job updated: 95512
	94  -  MemoryUsage of job (MB)
	95512  -  ResidentSetSize of job (KB)
...
006 (16619852.184.000) 2026-02-23 19:35:39 Image size of job updated: 532056
	484  -  MemoryUsage of job (MB)
	495472  -  ResidentSetSize of job (KB)
...
006 (16619852.184.000) 2026-02-23 19:40:39 Image size of job updated: 532056
	487  -  MemoryUsage of job (MB)
	497980  -  ResidentSetSize of job (KB)
...
006 (16619852.184.000) 2026-02-23 19:45:40 Image size of job updated: 532056
	487  -  MemoryUsage of job (MB)
	497984  -  ResidentSetSize of job (KB)
...
006 (16619852.184.000) 2026-02-23 19:50:41 Image size of job updated: 532056
	487  -  MemoryUsage of job (MB)
	498012  -  ResidentSetSize of job (KB)
...
006 (16619852.184.000) 2026-02-23 20:10:43 Image size of job updated: 532056
	487  -  MemoryUsage of job (MB)
	498024  -  ResidentSetSize of job (KB)
...
006 (16619852.184.000) 2026-02-23 20:25:44 Image size of job updated: 532056
	487  -  MemoryUsage of job (MB)
	498048  -  ResidentSetSize of job (KB)
...
006 (16619852.184.000) 2026-02-23 21:20:50 Image size of job updated: 532056
	489  -  MemoryUsage of job (MB)
	500328  -  ResidentSetSize of job (KB)
...
006 (16619852.184.000) 2026-02-23 21:25:50 Image size of job updated: 532056
	489  -  MemoryUsage of job (MB)
	500332  -  ResidentSetSize of job (KB)
...
006 (16619852.184.000) 2026-02-23 21:40:52 Image size of job updated: 532056
	489  -  MemoryUsage of job (MB)
	500412  -  ResidentSetSize of job (KB)
...
006 (16619852.184.000) 2026-02-24 01:46:17 Image size of job updated: 532056
	489  -  MemoryUsage of job (MB)
	500464  -  ResidentSetSize of job (KB)
...
006 (16619852.184.000) 2026-02-24 03:06:28 Image size of job updated: 532056
	489  -  MemoryUsage of job (MB)
	500520  -  ResidentSetSize of job (KB)
...
006 (16619852.184.000) 2026-02-24 03:11:28 Image size of job updated: 532056
	489  -  MemoryUsage of job (MB)
	500676  -  ResidentSetSize of job (KB)
...
006 (16619852.184.000) 2026-02-24 05:16:44 Image size of job updated: 532056
	490  -  MemoryUsage of job (MB)
	500832  -  ResidentSetSize of job (KB)
...
022 (16619852.184.000) 2026-02-24 08:04:09 Job disconnected, attempting to reconnect
    Local schedd and job shadow died, schedd now running again
    Trying to reconnect to slot1_22@genoa08.zeuthen.desy.de <141.34.15.84:9618?addrs=141.34.15.84-9618+[2001-638-700-f00f--1-54]-9618&alias=genoa08.zeuthen.desy.de&noUDP&sock=startd_10285_3ba6>
...
023 (16619852.184.000) 2026-02-24 08:04:19 Job reconnected to slot1_22@genoa08.zeuthen.desy.de
    startd address: <141.34.15.84:9618?addrs=141.34.15.84-9618+[2001-638-700-f00f--1-54]-9618&alias=genoa08.zeuthen.desy.de&noUDP&sock=startd_10285_3ba6>
    starter address: <141.34.15.84:9618?addrs=141.34.15.84-9618+[2001-638-700-f00f--1-54]-9618&alias=genoa08.zeuthen.desy.de&noUDP&sock=slot1_22_10860_9a33_2072>
...
005 (16619852.184.000) 2026-02-27 19:37:36 Job terminated.
	(1) Normal termination (return value 0)
		Usr 3 22:59:51, Sys 0 00:00:14  -  Run Remote Usage
		Usr 0 00:00:00, Sys 0 00:00:00  -  Run Local Usage
		Usr 4 11:04:05, Sys 0 00:00:18  -  Total Remote Usage
		Usr 0 00:00:00, Sys 0 00:00:00  -  Total Local Usage
	0  -  Run Bytes Sent By Job
	0  -  Run Bytes Received By Job
	0  -  Total Bytes Sent By Job
	0  -  Total Bytes Received By Job
	Partitionable Resources :         Usage  Request Allocated 
	   Cpus                 :          0.99        1         1 
	   Disk (KB)            :          1     1024000   1025681 
	   Memory (MB)          :        733        5120      5120 
	   TimeExecute (s)      : 1772217456                       
	   TimeSlotBusy (s)     : 1772217456                       

	Job terminated of its own accord at 2026-02-27T18:37:36Z with exit-code 0.
...
