~~~~~~~~~~~~~~~~~~~~~~~~~~~~~~

n_qubits: 90, 
r: 86, 
alpha: 0.01, 
shots: 10000, 
ansatz: linear_cnot, 
layer: 1, 
tau: 0.3

time for simulated annealing:  72.81492590904236
Rank 1: Bitstring=000000110111000010111111100010000010110001110100110010011001000010101101101110000010010010, Decimal=16636862581557854041727122, Energy=-77.5636
Rank 2: Bitstring=000000110111000000111111100010000010110001110100110000011001000010101101101110000010010010, Decimal=16627417848591977312346258, Energy=-77.4558
Rank 3: Bitstring=010000110111000010111111100110000010110001010100110010011001000010101101101110000010010010, Decimal=326121877014448203705540754, Energy=-77.3342
Rank 4: Bitstring=000000110111000010111111100010000010110001111100110010011001000010101101101110000010011010, Decimal=16636862581593038413815962, Energy=-77.2574
Rank 5: Bitstring=010000110111000000111111100110000010110001010100110000011001000010101101101110000010010010, Decimal=326112432281482326976159890, Energy=-77.2264
Rank 6: Bitstring=000000110111000000111111100010000010110001111100110000011001000010101101101110000010011010, Decimal=16627417848627161684435098, Energy=-77.1496
Rank 7: Bitstring=000000110111000010111111100010000010110001110100110010011001000010111101100110000010010010, Decimal=16636862581557854045888658, Energy=-76.8722
Rank 8: Bitstring=000000110111000000111111100010000010110001110100110000011001000010111101100110000010010010, Decimal=16627417848591977316507794, Energy=-76.7644
Rank 9: Bitstring=010000110111000010111111100110000010110001010100110010011001000010111101100110000010010010, Decimal=326121877014448203709702290, Energy=-76.6428
Rank 10: Bitstring=000000110111000010111111100010000010110001110100111010011001000010111101100110100010010010, Decimal=16636862581558403801704594, Energy=-76.6132

E_min from simulated annealing:  -77.5636
Minimum energy: -77.5636
States with energy within 1e-08 of minimum: [16636862581557854041727122]
4


################## Start optimization with initial parameters: [0. 0. 0. 0. 0. 0. 0. 0. 0. 0. 0. 0. 0. 0. 0. 0. 0. 0. 0. 0. 0. 0. 0. 0.
 0. 0. 0. 0. 0. 0. 0. 0. 0. 0. 0. 0. 0. 0. 0. 0. 0. 0. 0. 0. 0. 0. 0. 0.
 0. 0. 0. 0. 0. 0. 0. 0. 0. 0. 0. 0. 0. 0. 0. 0. 0. 0. 0. 0. 0. 0. 0. 0.
 0. 0. 0. 0. 0. 0. 0. 0. 0. 0. 0. 0. 0. 0. 0. 0. 0. 0. 0. 0. 0. 0. 0. 0.
 0. 0. 0. 0. 0. 0. 0. 0. 0. 0. 0. 0. 0. 0. 0. 0. 0. 0. 0. 0. 0. 0. 0. 0.
 0. 0. 0. 0. 0. 0. 0. 0. 0. 0. 0. 0. 0. 0. 0. 0. 0. 0. 0. 0. 0. 0. 0. 0.
 0. 0. 0. 0. 0. 0. 0. 0. 0. 0. 0. 0. 0. 0. 0. 0. 0. 0. 0. 0. 0. 0. 0. 0.
 0. 0. 0. 0. 0. 0. 0. 0. 0. 0. 0. 0. 0. 0. 0. 0. 0. 0. 0. 0. 0. 0. 0. 0.
 0. 0. 0. 0. 0. 0. 0. 0. 0. 0. 0. 0. 0. 0. 0. 0. 0. 0. 0. 0. 0. 0. 0. 0.
 0. 0. 0. 0. 0. 0. 0. 0. 0. 0. 0. 0. 0. 0. 0. 0. 0. 0. 0. 0. 0. 0. 0. 0.
 0. 0. 0. 0. 0. 0. 0. 0. 0. 0. 0. 0. 0. 0. 0. 0. 0. 0. 0. 0. 0. 0. 0. 0.
 0. 0. 0. 0. 0. 0. 0. 0. 0. 0. 0. 0. 0. 0. 0. 0. 0. 0. 0. 0. 0. 0. 0. 0.
 0. 0. 0. 0. 0. 0. 0. 0. 0. 0. 0. 0. 0. 0. 0. 0. 0. 0. 0. 0. 0. 0. 0. 0.
 0. 0. 0. 0. 0. 0. 0. 0. 0. 0. 0. 0. 0. 0. 0. 0. 0. 0. 0. 0. 0. 0. 0. 0.
 0. 0. 0. 0. 0. 0. 0. 0. 0. 0. 0. 0. 0. 0. 0. 0. 0. 0. 0. 0. 0. 0. 0. 0.]
Write sucessfully to ./data/data_shots_10000_layer_1/alpha_0.01/N_90/r_86/ansatz_type_linear_cnot/initialization_zeros

vqe.cvar_eval[0]: -23.341292000000013 , min_cvar: -39.835024000000026 , opt_cvar: -39.835024000000026

vqe.poss_eval[-1]: 0 vqe.poss_eval[0] 0  , max_poss: 0 , opt_poss: 0

vqe.r_eval[-1]: 0.48628516469065425 vqe.r_eval[0]: 0.30093100371823917 max_r: 0.513578843684409 , min_r: 0.28201705439149316
