000 (15756408.634.000) 2026-02-06 11:26:58 Job submitted from host: <141.34.103.35:9618?addrs=141.34.103.35-9618+[2001-638-700-f067--1-23]-9618&alias=wgs39.zeuthen.desy.de&noUDP&sock=schedd_7414_f73f>
...
009 (15756408.634.000) 2026-02-10 11:47:35 Job was aborted.
	via condor_rm (by user tuccia)
...
000 (15951004.423.000) 2026-02-10 16:30:04 Job submitted from host: <141.34.103.35:9618?addrs=141.34.103.35-9618+[2001-638-700-f067--1-23]-9618&alias=wgs39.zeuthen.desy.de&noUDP&sock=schedd_7302_24a3>
...
001 (15951004.423.000) 2026-02-10 18:29:52 Job executing on host: <141.34.15.198:9618?addrs=141.34.15.198-9618+[2001-638-700-f00f--1-c6]-9618&alias=pizza00.zeuthen.desy.de&noUDP&sock=startd_8231_5c1f>
	SlotName: slot1_9@pizza00.zeuthen.desy.de
	CondorScratchDir = "/batch/dir_2482869"
	Cpus = 1
	Disk = 1025696
	GPUs = 0
	Memory = 5120
...
006 (15951004.423.000) 2026-02-10 18:30:06 Image size of job updated: 97408
	96  -  MemoryUsage of job (MB)
	97408  -  ResidentSetSize of job (KB)
...
006 (15951004.423.000) 2026-02-10 18:35:07 Image size of job updated: 715116
	481  -  MemoryUsage of job (MB)
	491712  -  ResidentSetSize of job (KB)
...
006 (15951004.423.000) 2026-02-10 18:40:07 Image size of job updated: 715116
	575  -  MemoryUsage of job (MB)
	588480  -  ResidentSetSize of job (KB)
...
006 (15951004.423.000) 2026-02-10 18:45:08 Image size of job updated: 715116
	576  -  MemoryUsage of job (MB)
	588812  -  ResidentSetSize of job (KB)
...
006 (15951004.423.000) 2026-02-10 18:50:08 Image size of job updated: 715116
	576  -  MemoryUsage of job (MB)
	589124  -  ResidentSetSize of job (KB)
...
006 (15951004.423.000) 2026-02-10 18:55:08 Image size of job updated: 715116
	576  -  MemoryUsage of job (MB)
	589444  -  ResidentSetSize of job (KB)
...
006 (15951004.423.000) 2026-02-10 19:00:09 Image size of job updated: 715116
	576  -  MemoryUsage of job (MB)
	589772  -  ResidentSetSize of job (KB)
...
006 (15951004.423.000) 2026-02-10 19:05:09 Image size of job updated: 715116
	577  -  MemoryUsage of job (MB)
	590080  -  ResidentSetSize of job (KB)
...
006 (15951004.423.000) 2026-02-10 19:10:09 Image size of job updated: 715116
	577  -  MemoryUsage of job (MB)
	590408  -  ResidentSetSize of job (KB)
...
006 (15951004.423.000) 2026-02-10 19:15:10 Image size of job updated: 715116
	577  -  MemoryUsage of job (MB)
	590720  -  ResidentSetSize of job (KB)
...
006 (15951004.423.000) 2026-02-10 19:20:10 Image size of job updated: 715116
	578  -  MemoryUsage of job (MB)
	591032  -  ResidentSetSize of job (KB)
...
006 (15951004.423.000) 2026-02-10 19:25:10 Image size of job updated: 715116
	578  -  MemoryUsage of job (MB)
	591348  -  ResidentSetSize of job (KB)
...
006 (15951004.423.000) 2026-02-10 19:30:11 Image size of job updated: 715116
	599  -  MemoryUsage of job (MB)
	612860  -  ResidentSetSize of job (KB)
...
006 (15951004.423.000) 2026-02-10 20:25:15 Image size of job updated: 715116
	599  -  MemoryUsage of job (MB)
	613320  -  ResidentSetSize of job (KB)
...
006 (15951004.423.000) 2026-02-10 20:55:19 Image size of job updated: 715116
	601  -  MemoryUsage of job (MB)
	615364  -  ResidentSetSize of job (KB)
...
006 (15951004.423.000) 2026-02-10 21:20:22 Image size of job updated: 715116
	602  -  MemoryUsage of job (MB)
	615668  -  ResidentSetSize of job (KB)
...
006 (15951004.423.000) 2026-02-10 22:15:27 Image size of job updated: 715116
	602  -  MemoryUsage of job (MB)
	615704  -  ResidentSetSize of job (KB)
...
006 (15951004.423.000) 2026-02-10 23:05:31 Image size of job updated: 715116
	602  -  MemoryUsage of job (MB)
	616028  -  ResidentSetSize of job (KB)
...
006 (15951004.423.000) 2026-02-11 00:00:38 Image size of job updated: 715116
	602  -  MemoryUsage of job (MB)
	616088  -  ResidentSetSize of job (KB)
...
006 (15951004.423.000) 2026-02-11 00:50:43 Image size of job updated: 715116
	602  -  MemoryUsage of job (MB)
	616152  -  ResidentSetSize of job (KB)
...
006 (15951004.423.000) 2026-02-11 01:45:48 Image size of job updated: 715116
	602  -  MemoryUsage of job (MB)
	616192  -  ResidentSetSize of job (KB)
...
006 (15951004.423.000) 2026-02-11 04:26:03 Image size of job updated: 715116
	602  -  MemoryUsage of job (MB)
	616208  -  ResidentSetSize of job (KB)
...
006 (15951004.423.000) 2026-02-11 06:41:18 Image size of job updated: 715116
	602  -  MemoryUsage of job (MB)
	616324  -  ResidentSetSize of job (KB)
...
006 (15951004.423.000) 2026-02-11 07:51:25 Image size of job updated: 715116
	603  -  MemoryUsage of job (MB)
	616900  -  ResidentSetSize of job (KB)
...
006 (15951004.423.000) 2026-02-11 09:01:32 Image size of job updated: 715116
	603  -  MemoryUsage of job (MB)
	617296  -  ResidentSetSize of job (KB)
...
006 (15951004.423.000) 2026-02-11 10:16:39 Image size of job updated: 715116
	603  -  MemoryUsage of job (MB)
	617352  -  ResidentSetSize of job (KB)
...
