000 (15756407.822.000) 2026-02-06 11:26:12 Job submitted from host: <141.34.103.35:9618?addrs=141.34.103.35-9618+[2001-638-700-f067--1-23]-9618&alias=wgs39.zeuthen.desy.de&noUDP&sock=schedd_7414_f73f>
...
009 (15756407.822.000) 2026-02-10 11:42:42 Job was aborted.
	via condor_rm (by user tuccia)
...
000 (15949294.548.000) 2026-02-10 11:45:21 Job submitted from host: <141.34.103.35:9618?addrs=141.34.103.35-9618+[2001-638-700-f067--1-23]-9618&alias=wgs39.zeuthen.desy.de&noUDP&sock=schedd_7302_24a3>
...
009 (15949294.548.000) 2026-02-10 11:45:47 Job was aborted.
	via condor_rm (by user tuccia)
...
000 (15949295.548.000) 2026-02-10 11:46:05 Job submitted from host: <141.34.103.35:9618?addrs=141.34.103.35-9618+[2001-638-700-f067--1-23]-9618&alias=wgs39.zeuthen.desy.de&noUDP&sock=schedd_7302_24a3>
...
001 (15949295.548.000) 2026-02-12 23:07:34 Job executing on host: <141.34.15.201:9618?addrs=141.34.15.201-9618+[2001-638-700-f00f--1-c9]-9618&alias=pizza03.zeuthen.desy.de&noUDP&sock=startd_9148_5877>
	SlotName: slot1_1@pizza03.zeuthen.desy.de
	CondorScratchDir = "/batch/dir_4101849"
	Cpus = 8
	Disk = 1025696
	GPUs = 0
	Memory = 16384
...
006 (15949295.548.000) 2026-02-12 23:07:47 Image size of job updated: 97484
	96  -  MemoryUsage of job (MB)
	97484  -  ResidentSetSize of job (KB)
...
006 (15949295.548.000) 2026-02-12 23:12:47 Image size of job updated: 768268
	574  -  MemoryUsage of job (MB)
	586776  -  ResidentSetSize of job (KB)
...
006 (15949295.548.000) 2026-02-12 23:17:49 Image size of job updated: 768268
	634  -  MemoryUsage of job (MB)
	648284  -  ResidentSetSize of job (KB)
...
006 (15949295.548.000) 2026-02-12 23:22:49 Image size of job updated: 768268
	667  -  MemoryUsage of job (MB)
	682868  -  ResidentSetSize of job (KB)
...
006 (15949295.548.000) 2026-02-12 23:27:49 Image size of job updated: 768268
	691  -  MemoryUsage of job (MB)
	707524  -  ResidentSetSize of job (KB)
...
006 (15949295.548.000) 2026-02-12 23:32:50 Image size of job updated: 768268
	691  -  MemoryUsage of job (MB)
	707564  -  ResidentSetSize of job (KB)
...
006 (15949295.548.000) 2026-02-12 23:37:50 Image size of job updated: 768268
	704  -  MemoryUsage of job (MB)
	720820  -  ResidentSetSize of job (KB)
...
006 (15949295.548.000) 2026-02-12 23:52:51 Image size of job updated: 768268
	710  -  MemoryUsage of job (MB)
	726408  -  ResidentSetSize of job (KB)
...
006 (15949295.548.000) 2026-02-12 23:57:51 Image size of job updated: 768268
	713  -  MemoryUsage of job (MB)
	729664  -  ResidentSetSize of job (KB)
...
006 (15949295.548.000) 2026-02-13 00:02:52 Image size of job updated: 768268
	722  -  MemoryUsage of job (MB)
	738440  -  ResidentSetSize of job (KB)
...
006 (15949295.548.000) 2026-02-13 00:57:55 Image size of job updated: 768268
	739  -  MemoryUsage of job (MB)
	755792  -  ResidentSetSize of job (KB)
...
006 (15949295.548.000) 2026-02-13 01:02:56 Image size of job updated: 768268
	739  -  MemoryUsage of job (MB)
	756028  -  ResidentSetSize of job (KB)
...
006 (15949295.548.000) 2026-02-13 03:13:13 Image size of job updated: 807692
	739  -  MemoryUsage of job (MB)
	756028  -  ResidentSetSize of job (KB)
...
006 (15949295.548.000) 2026-02-13 03:53:15 Image size of job updated: 807692
	779  -  MemoryUsage of job (MB)
	796912  -  ResidentSetSize of job (KB)
...
006 (15949295.548.000) 2026-02-13 04:08:16 Image size of job updated: 807692
	780  -  MemoryUsage of job (MB)
	798232  -  ResidentSetSize of job (KB)
...
006 (15949295.548.000) 2026-02-13 04:53:21 Image size of job updated: 807692
	787  -  MemoryUsage of job (MB)
	805384  -  ResidentSetSize of job (KB)
...
006 (15949295.548.000) 2026-02-13 04:58:22 Image size of job updated: 807948
	787  -  MemoryUsage of job (MB)
	805384  -  ResidentSetSize of job (KB)
...
006 (15949295.548.000) 2026-02-13 06:03:27 Image size of job updated: 807948
	789  -  MemoryUsage of job (MB)
	806972  -  ResidentSetSize of job (KB)
...
006 (15949295.548.000) 2026-02-13 06:08:28 Image size of job updated: 808040
	789  -  MemoryUsage of job (MB)
	807332  -  ResidentSetSize of job (KB)
...
006 (15949295.548.000) 2026-02-13 06:33:31 Image size of job updated: 808040
	789  -  MemoryUsage of job (MB)
	807800  -  ResidentSetSize of job (KB)
...
006 (15949295.548.000) 2026-02-13 06:43:32 Image size of job updated: 808160
	789  -  MemoryUsage of job (MB)
	807800  -  ResidentSetSize of job (KB)
...
006 (15949295.548.000) 2026-02-13 06:53:34 Image size of job updated: 808520
	789  -  MemoryUsage of job (MB)
	807800  -  ResidentSetSize of job (KB)
...
006 (15949295.548.000) 2026-02-13 06:58:34 Image size of job updated: 808584
	789  -  MemoryUsage of job (MB)
	807800  -  ResidentSetSize of job (KB)
...
006 (15949295.548.000) 2026-02-13 07:23:37 Image size of job updated: 808896
	789  -  MemoryUsage of job (MB)
	807800  -  ResidentSetSize of job (KB)
...
006 (15949295.548.000) 2026-02-13 08:28:41 Image size of job updated: 808928
	789  -  MemoryUsage of job (MB)
	807800  -  ResidentSetSize of job (KB)
...
006 (15949295.548.000) 2026-02-13 08:33:42 Image size of job updated: 809232
	789  -  MemoryUsage of job (MB)
	807800  -  ResidentSetSize of job (KB)
...
006 (15949295.548.000) 2026-02-13 08:38:42 Image size of job updated: 809396
	789  -  MemoryUsage of job (MB)
	807800  -  ResidentSetSize of job (KB)
...
006 (15949295.548.000) 2026-02-13 09:08:46 Image size of job updated: 809396
	790  -  MemoryUsage of job (MB)
	808896  -  ResidentSetSize of job (KB)
...
006 (15949295.548.000) 2026-02-13 09:33:50 Image size of job updated: 809764
	791  -  MemoryUsage of job (MB)
	809764  -  ResidentSetSize of job (KB)
...
006 (15949295.548.000) 2026-02-13 12:19:01 Image size of job updated: 810400
	791  -  MemoryUsage of job (MB)
	809764  -  ResidentSetSize of job (KB)
...
006 (15949295.548.000) 2026-02-13 13:14:08 Image size of job updated: 810512
	791  -  MemoryUsage of job (MB)
	809764  -  ResidentSetSize of job (KB)
...
006 (15949295.548.000) 2026-02-13 13:49:10 Image size of job updated: 810980
	791  -  MemoryUsage of job (MB)
	809764  -  ResidentSetSize of job (KB)
...
006 (15949295.548.000) 2026-02-13 15:54:22 Image size of job updated: 810980
	792  -  MemoryUsage of job (MB)
	810980  -  ResidentSetSize of job (KB)
...
006 (15949295.548.000) 2026-02-13 21:09:53 Image size of job updated: 811136
	792  -  MemoryUsage of job (MB)
	810980  -  ResidentSetSize of job (KB)
...
006 (15949295.548.000) 2026-02-14 00:00:08 Image size of job updated: 811136
	793  -  MemoryUsage of job (MB)
	811136  -  ResidentSetSize of job (KB)
...
006 (15949295.548.000) 2026-02-14 00:50:12 Image size of job updated: 811448
	793  -  MemoryUsage of job (MB)
	811136  -  ResidentSetSize of job (KB)
...
006 (15949295.548.000) 2026-02-14 02:30:21 Image size of job updated: 811448
	793  -  MemoryUsage of job (MB)
	811448  -  ResidentSetSize of job (KB)
...
005 (15949295.548.000) 2026-02-14 08:30:36 Job terminated.
	(1) Normal termination (return value 0)
		Usr 3 18:23:13, Sys 0 07:51:06  -  Run Remote Usage
		Usr 0 00:00:00, Sys 0 00:00:00  -  Run Local Usage
		Usr 3 18:23:13, Sys 0 07:51:06  -  Total Remote Usage
		Usr 0 00:00:00, Sys 0 00:00:00  -  Total Local Usage
	0  -  Run Bytes Sent By Job
	0  -  Run Bytes Received By Job
	0  -  Total Bytes Sent By Job
	0  -  Total Bytes Received By Job
	Partitionable Resources :     Usage  Request Allocated 
	   Cpus                 :      2.49        8         8 
	   Disk (KB)            :      1     1024000   1025696 
	   GPUs                 :                            0 
	   Memory (MB)          :    793       16384     16384 
	   TimeExecute (s)      : 120182                       
	   TimeSlotBusy (s)     : 120182                       

	Job terminated of its own accord at 2026-02-14T07:30:36Z with exit-code 0.
...
