~~~~~~~~~~~~~~~~~~~~~~~~~~~~~~

n_qubits: 90, 
r: 11, 
alpha: 0.01, 
shots: 10000, 
ansatz: linear_cnot, 
layer: 1, 
tau: 0.3

time for simulated annealing:  105.1859929561615
Rank 1: Bitstring=100101111101011000101101011101110011110101101111011101101100011100011110101011010010010100, Decimal=734236895539090585665844372, Energy=-78.6005
Rank 2: Bitstring=100101111101011000101101011101110011110111101110011101101100011100011110101011010010010100, Decimal=734236895539649137572754580, Energy=-78.5711
Rank 3: Bitstring=100101111101011000101101011101110011110101101111011101101100011100011110101011000010010100, Decimal=734236895539090585665843348, Energy=-78.5467
Rank 4: Bitstring=100101111101011000101101011101110011110111101110011101101100011100011110101011000010010100, Decimal=734236895539649137572753556, Energy=-78.5173
Rank 5: Bitstring=000101111101011000101101011101110011111111101110011101101100011100011110100011010010010100, Decimal=115266875899210799936844948, Energy=-77.9681
Rank 6: Bitstring=100101111101011000100101111101110011110101101111001101101100011100011110101011010010010100, Decimal=734236342136767274867668116, Energy=-77.8985
Rank 7: Bitstring=100101111101011000100101111101110011110111101110001101101100011100011110101011010010010100, Decimal=734236342137325826774578324, Energy=-77.8691
Rank 8: Bitstring=100101111101011000101101011101110011110101100111011001101100011100011110101011010010010100, Decimal=734236895539055126415848596, Energy=-77.7837
Rank 9: Bitstring=100101111101011000101101011101110011110111100110011001101100011100011110101011010010010100, Decimal=734236895539613678322758804, Energy=-77.7543
Rank 10: Bitstring=100101111101010010101101011101110011110101011111011101011100011100011110101011010010010100, Decimal=734208561340122981870515348, Energy=-77.5199

E_min from simulated annealing:  -78.6005
Minimum energy: -78.6005
States with energy within 1e-08 of minimum: [734236895539090585665844372]
4


################## Start optimization with initial parameters: [0. 0. 0. 0. 0. 0. 0. 0. 0. 0. 0. 0. 0. 0. 0. 0. 0. 0. 0. 0. 0. 0. 0. 0.
 0. 0. 0. 0. 0. 0. 0. 0. 0. 0. 0. 0. 0. 0. 0. 0. 0. 0. 0. 0. 0. 0. 0. 0.
 0. 0. 0. 0. 0. 0. 0. 0. 0. 0. 0. 0. 0. 0. 0. 0. 0. 0. 0. 0. 0. 0. 0. 0.
 0. 0. 0. 0. 0. 0. 0. 0. 0. 0. 0. 0. 0. 0. 0. 0. 0. 0. 0. 0. 0. 0. 0. 0.
 0. 0. 0. 0. 0. 0. 0. 0. 0. 0. 0. 0. 0. 0. 0. 0. 0. 0. 0. 0. 0. 0. 0. 0.
 0. 0. 0. 0. 0. 0. 0. 0. 0. 0. 0. 0. 0. 0. 0. 0. 0. 0. 0. 0. 0. 0. 0. 0.
 0. 0. 0. 0. 0. 0. 0. 0. 0. 0. 0. 0. 0. 0. 0. 0. 0. 0. 0. 0. 0. 0. 0. 0.
 0. 0. 0. 0. 0. 0. 0. 0. 0. 0. 0. 0. 0. 0. 0. 0. 0. 0. 0. 0. 0. 0. 0. 0.
 0. 0. 0. 0. 0. 0. 0. 0. 0. 0. 0. 0. 0. 0. 0. 0. 0. 0. 0. 0. 0. 0. 0. 0.
 0. 0. 0. 0. 0. 0. 0. 0. 0. 0. 0. 0. 0. 0. 0. 0. 0. 0. 0. 0. 0. 0. 0. 0.
 0. 0. 0. 0. 0. 0. 0. 0. 0. 0. 0. 0. 0. 0. 0. 0. 0. 0. 0. 0. 0. 0. 0. 0.
 0. 0. 0. 0. 0. 0. 0. 0. 0. 0. 0. 0. 0. 0. 0. 0. 0. 0. 0. 0. 0. 0. 0. 0.
 0. 0. 0. 0. 0. 0. 0. 0. 0. 0. 0. 0. 0. 0. 0. 0. 0. 0. 0. 0. 0. 0. 0. 0.
 0. 0. 0. 0. 0. 0. 0. 0. 0. 0. 0. 0. 0. 0. 0. 0. 0. 0. 0. 0. 0. 0. 0. 0.
 0. 0. 0. 0. 0. 0. 0. 0. 0. 0. 0. 0. 0. 0. 0. 0. 0. 0. 0. 0. 0. 0. 0. 0.]
Write sucessfully to ./data/data_shots_10000_layer_1/alpha_0.01/N_90/r_11/ansatz_type_linear_cnot/initialization_zeros

vqe.cvar_eval[0]: -22.489400000000018 , min_cvar: -25.53686000000001 , opt_cvar: -25.53686000000001

vqe.poss_eval[-1]: 0 vqe.poss_eval[0] 0  , max_poss: 0 , opt_poss: 0

vqe.r_eval[-1]: 0.30525034828022723 vqe.r_eval[0]: 0.2861228618138564 max_r: 0.32489437090094864 , min_r: 0.2603464354552454
