000 (15756404.637.000) 2026-02-06 11:24:35 Job submitted from host: <141.34.103.35:9618?addrs=141.34.103.35-9618+[2001-638-700-f067--1-23]-9618&alias=wgs39.zeuthen.desy.de&noUDP&sock=schedd_7414_f73f>
...
001 (15756404.637.000) 2026-02-07 01:27:51 Job executing on host: <141.34.15.206:9618?addrs=141.34.15.206-9618+[2001-638-700-f00f--1-ce]-9618&alias=pizza08.zeuthen.desy.de&noUDP&sock=startd_9102_cb1c>
	SlotName: slot1_16@pizza08.zeuthen.desy.de
	CondorScratchDir = "/batch/dir_187219"
	Cpus = 8
	Disk = 1025696
	GPUs = 0
	Memory = 16384
...
006 (15756404.637.000) 2026-02-07 01:28:04 Image size of job updated: 97520
	96  -  MemoryUsage of job (MB)
	97520  -  ResidentSetSize of job (KB)
...
006 (15756404.637.000) 2026-02-07 01:33:04 Image size of job updated: 569068
	553  -  MemoryUsage of job (MB)
	566088  -  ResidentSetSize of job (KB)
...
006 (15756404.637.000) 2026-02-07 01:38:04 Image size of job updated: 569876
	553  -  MemoryUsage of job (MB)
	566088  -  ResidentSetSize of job (KB)
...
006 (15756404.637.000) 2026-02-07 01:43:05 Image size of job updated: 569956
	554  -  MemoryUsage of job (MB)
	566824  -  ResidentSetSize of job (KB)
...
006 (15756404.637.000) 2026-02-07 01:48:05 Image size of job updated: 570660
	557  -  MemoryUsage of job (MB)
	569884  -  ResidentSetSize of job (KB)
...
006 (15756404.637.000) 2026-02-07 01:53:05 Image size of job updated: 571724
	557  -  MemoryUsage of job (MB)
	569884  -  ResidentSetSize of job (KB)
...
006 (15756404.637.000) 2026-02-07 01:58:06 Image size of job updated: 571984
	559  -  MemoryUsage of job (MB)
	571564  -  ResidentSetSize of job (KB)
...
006 (15756404.637.000) 2026-02-07 02:03:06 Image size of job updated: 572604
	559  -  MemoryUsage of job (MB)
	571760  -  ResidentSetSize of job (KB)
...
006 (15756404.637.000) 2026-02-07 02:08:06 Image size of job updated: 573212
	560  -  MemoryUsage of job (MB)
	572748  -  ResidentSetSize of job (KB)
...
006 (15756404.637.000) 2026-02-07 02:13:07 Image size of job updated: 573572
	560  -  MemoryUsage of job (MB)
	572748  -  ResidentSetSize of job (KB)
...
006 (15756404.637.000) 2026-02-07 02:43:11 Image size of job updated: 573572
	560  -  MemoryUsage of job (MB)
	573044  -  ResidentSetSize of job (KB)
...
006 (15756404.637.000) 2026-02-07 02:48:12 Image size of job updated: 573572
	560  -  MemoryUsage of job (MB)
	573300  -  ResidentSetSize of job (KB)
...
006 (15756404.637.000) 2026-02-07 02:53:12 Image size of job updated: 573812
	561  -  MemoryUsage of job (MB)
	573812  -  ResidentSetSize of job (KB)
...
006 (15756404.637.000) 2026-02-07 02:58:12 Image size of job updated: 574324
	561  -  MemoryUsage of job (MB)
	574324  -  ResidentSetSize of job (KB)
...
006 (15756404.637.000) 2026-02-07 03:03:13 Image size of job updated: 574836
	561  -  MemoryUsage of job (MB)
	574324  -  ResidentSetSize of job (KB)
...
006 (15756404.637.000) 2026-02-07 04:08:20 Image size of job updated: 574836
	562  -  MemoryUsage of job (MB)
	574576  -  ResidentSetSize of job (KB)
...
006 (15756404.637.000) 2026-02-07 04:13:20 Image size of job updated: 574836
	562  -  MemoryUsage of job (MB)
	574664  -  ResidentSetSize of job (KB)
...
006 (15756404.637.000) 2026-02-07 04:23:21 Image size of job updated: 575348
	562  -  MemoryUsage of job (MB)
	575348  -  ResidentSetSize of job (KB)
...
006 (15756404.637.000) 2026-02-07 04:33:21 Image size of job updated: 575444
	562  -  MemoryUsage of job (MB)
	575444  -  ResidentSetSize of job (KB)
...
006 (15756404.637.000) 2026-02-07 04:38:22 Image size of job updated: 575612
	562  -  MemoryUsage of job (MB)
	575444  -  ResidentSetSize of job (KB)
...
006 (15756404.637.000) 2026-02-07 06:38:36 Image size of job updated: 575612
	562  -  MemoryUsage of job (MB)
	575468  -  ResidentSetSize of job (KB)
...
006 (15756404.637.000) 2026-02-07 06:48:38 Image size of job updated: 575736
	563  -  MemoryUsage of job (MB)
	575736  -  ResidentSetSize of job (KB)
...
006 (15756404.637.000) 2026-02-07 06:53:38 Image size of job updated: 575740
	563  -  MemoryUsage of job (MB)
	575740  -  ResidentSetSize of job (KB)
...
006 (15756404.637.000) 2026-02-07 06:58:39 Image size of job updated: 575744
	563  -  MemoryUsage of job (MB)
	575744  -  ResidentSetSize of job (KB)
...
006 (15756404.637.000) 2026-02-07 07:03:40 Image size of job updated: 575748
	563  -  MemoryUsage of job (MB)
	575748  -  ResidentSetSize of job (KB)
...
006 (15756404.637.000) 2026-02-07 07:13:40 Image size of job updated: 575756
	563  -  MemoryUsage of job (MB)
	575756  -  ResidentSetSize of job (KB)
...
006 (15756404.637.000) 2026-02-07 07:38:42 Image size of job updated: 575764
	563  -  MemoryUsage of job (MB)
	575764  -  ResidentSetSize of job (KB)
...
006 (15756404.637.000) 2026-02-07 09:03:49 Image size of job updated: 575804
	563  -  MemoryUsage of job (MB)
	575764  -  ResidentSetSize of job (KB)
...
006 (15756404.637.000) 2026-02-07 09:18:51 Image size of job updated: 575804
	563  -  MemoryUsage of job (MB)
	575772  -  ResidentSetSize of job (KB)
...
006 (15756404.637.000) 2026-02-07 09:48:55 Image size of job updated: 575804
	563  -  MemoryUsage of job (MB)
	575776  -  ResidentSetSize of job (KB)
...
006 (15756404.637.000) 2026-02-07 09:58:57 Image size of job updated: 575804
	563  -  MemoryUsage of job (MB)
	575780  -  ResidentSetSize of job (KB)
...
006 (15756404.637.000) 2026-02-07 11:19:05 Image size of job updated: 575836
	563  -  MemoryUsage of job (MB)
	575780  -  ResidentSetSize of job (KB)
...
006 (15756404.637.000) 2026-02-07 11:24:05 Image size of job updated: 575836
	563  -  MemoryUsage of job (MB)
	575784  -  ResidentSetSize of job (KB)
...
006 (15756404.637.000) 2026-02-07 11:54:07 Image size of job updated: 575836
	563  -  MemoryUsage of job (MB)
	575788  -  ResidentSetSize of job (KB)
...
005 (15756404.637.000) 2026-02-07 12:39:32 Job terminated.
	(1) Normal termination (return value 0)
		Usr 1 13:43:52, Sys 0 21:16:12  -  Run Remote Usage
		Usr 0 00:00:00, Sys 0 00:00:00  -  Run Local Usage
		Usr 1 13:43:52, Sys 0 21:16:12  -  Total Remote Usage
		Usr 0 00:00:00, Sys 0 00:00:00  -  Total Local Usage
	0  -  Run Bytes Sent By Job
	0  -  Run Bytes Received By Job
	0  -  Total Bytes Sent By Job
	0  -  Total Bytes Received By Job
	Partitionable Resources :    Usage  Request Allocated 
	   Cpus                 :     6.86        8         8 
	   Disk (KB)            :     1     1024000   1025696 
	   GPUs                 :                           0 
	   Memory (MB)          :   563       16384     16384 
	   TimeExecute (s)      : 40300                       
	   TimeSlotBusy (s)     : 40301                       

	Job terminated of its own accord at 2026-02-07T11:39:31Z with exit-code 0.
...
