000 (15756404.728.000) 2026-02-06 11:24:36 Job submitted from host: <141.34.103.35:9618?addrs=141.34.103.35-9618+[2001-638-700-f067--1-23]-9618&alias=wgs39.zeuthen.desy.de&noUDP&sock=schedd_7414_f73f>
...
001 (15756404.728.000) 2026-02-07 02:24:44 Job executing on host: <141.34.15.194:9618?addrs=141.34.15.194-9618+[2001-638-700-f00f--1-c2]-9618&alias=bladekc.zeuthen.desy.de&noUDP&sock=startd_11910_d90c>
	SlotName: slot1_3@bladekc.zeuthen.desy.de
	CondorScratchDir = "/batch/dir_121883"
	Cpus = 8
	Disk = 1025024
	GPUs = 0
	Memory = 16384
...
006 (15756404.728.000) 2026-02-07 02:24:57 Image size of job updated: 95424
	94  -  MemoryUsage of job (MB)
	95424  -  ResidentSetSize of job (KB)
...
006 (15756404.728.000) 2026-02-07 02:29:57 Image size of job updated: 1604308
	1550  -  MemoryUsage of job (MB)
	1586656  -  ResidentSetSize of job (KB)
...
006 (15756404.728.000) 2026-02-07 02:34:58 Image size of job updated: 1638704
	1561  -  MemoryUsage of job (MB)
	1597636  -  ResidentSetSize of job (KB)
...
006 (15756404.728.000) 2026-02-07 02:39:59 Image size of job updated: 1642944
	1561  -  MemoryUsage of job (MB)
	1597636  -  ResidentSetSize of job (KB)
...
006 (15756404.728.000) 2026-02-07 02:44:59 Image size of job updated: 1644100
	1561  -  MemoryUsage of job (MB)
	1597636  -  ResidentSetSize of job (KB)
...
006 (15756404.728.000) 2026-02-07 02:50:00 Image size of job updated: 1645016
	1561  -  MemoryUsage of job (MB)
	1597636  -  ResidentSetSize of job (KB)
...
006 (15756404.728.000) 2026-02-07 02:55:01 Image size of job updated: 1645984
	1561  -  MemoryUsage of job (MB)
	1597636  -  ResidentSetSize of job (KB)
...
006 (15756404.728.000) 2026-02-07 03:00:01 Image size of job updated: 1646496
	1561  -  MemoryUsage of job (MB)
	1597636  -  ResidentSetSize of job (KB)
...
006 (15756404.728.000) 2026-02-07 03:15:03 Image size of job updated: 1646496
	1605  -  MemoryUsage of job (MB)
	1643336  -  ResidentSetSize of job (KB)
...
006 (15756404.728.000) 2026-02-07 03:30:05 Image size of job updated: 1646828
	1605  -  MemoryUsage of job (MB)
	1643336  -  ResidentSetSize of job (KB)
...
006 (15756404.728.000) 2026-02-07 03:45:07 Image size of job updated: 1646876
	1605  -  MemoryUsage of job (MB)
	1643336  -  ResidentSetSize of job (KB)
...
006 (15756404.728.000) 2026-02-07 03:55:08 Image size of job updated: 1646884
	1605  -  MemoryUsage of job (MB)
	1643336  -  ResidentSetSize of job (KB)
...
006 (15756404.728.000) 2026-02-07 04:00:08 Image size of job updated: 1647172
	1605  -  MemoryUsage of job (MB)
	1643336  -  ResidentSetSize of job (KB)
...
006 (15756404.728.000) 2026-02-07 04:20:09 Image size of job updated: 1647360
	1605  -  MemoryUsage of job (MB)
	1643336  -  ResidentSetSize of job (KB)
...
006 (15756404.728.000) 2026-02-07 04:40:11 Image size of job updated: 1647360
	1606  -  MemoryUsage of job (MB)
	1643728  -  ResidentSetSize of job (KB)
...
006 (15756404.728.000) 2026-02-07 05:10:13 Image size of job updated: 1648092
	1606  -  MemoryUsage of job (MB)
	1643728  -  ResidentSetSize of job (KB)
...
006 (15756404.728.000) 2026-02-07 05:25:15 Image size of job updated: 1648092
	1607  -  MemoryUsage of job (MB)
	1645408  -  ResidentSetSize of job (KB)
...
006 (15756404.728.000) 2026-02-07 05:30:16 Image size of job updated: 1648092
	1607  -  MemoryUsage of job (MB)
	1645412  -  ResidentSetSize of job (KB)
...
006 (15756404.728.000) 2026-02-07 05:40:17 Image size of job updated: 1648360
	1607  -  MemoryUsage of job (MB)
	1645412  -  ResidentSetSize of job (KB)
...
006 (15756404.728.000) 2026-02-07 05:50:18 Image size of job updated: 1648736
	1607  -  MemoryUsage of job (MB)
	1645412  -  ResidentSetSize of job (KB)
...
006 (15756404.728.000) 2026-02-07 06:10:20 Image size of job updated: 1648812
	1607  -  MemoryUsage of job (MB)
	1645412  -  ResidentSetSize of job (KB)
...
006 (15756404.728.000) 2026-02-07 06:15:21 Image size of job updated: 1650424
	1607  -  MemoryUsage of job (MB)
	1645412  -  ResidentSetSize of job (KB)
...
006 (15756404.728.000) 2026-02-07 06:25:21 Image size of job updated: 1651268
	1607  -  MemoryUsage of job (MB)
	1645412  -  ResidentSetSize of job (KB)
...
006 (15756404.728.000) 2026-02-07 06:35:22 Image size of job updated: 1651588
	1613  -  MemoryUsage of job (MB)
	1651588  -  ResidentSetSize of job (KB)
...
006 (15756404.728.000) 2026-02-07 06:45:23 Image size of job updated: 1651628
	1613  -  MemoryUsage of job (MB)
	1651588  -  ResidentSetSize of job (KB)
...
006 (15756404.728.000) 2026-02-07 06:50:23 Image size of job updated: 1651632
	1613  -  MemoryUsage of job (MB)
	1651588  -  ResidentSetSize of job (KB)
...
006 (15756404.728.000) 2026-02-07 07:20:27 Image size of job updated: 1651744
	1613  -  MemoryUsage of job (MB)
	1651588  -  ResidentSetSize of job (KB)
...
006 (15756404.728.000) 2026-02-07 07:40:29 Image size of job updated: 1652292
	1613  -  MemoryUsage of job (MB)
	1651588  -  ResidentSetSize of job (KB)
...
006 (15756404.728.000) 2026-02-07 07:45:30 Image size of job updated: 1652380
	1613  -  MemoryUsage of job (MB)
	1651588  -  ResidentSetSize of job (KB)
...
006 (15756404.728.000) 2026-02-07 08:00:31 Image size of job updated: 1652532
	1613  -  MemoryUsage of job (MB)
	1651588  -  ResidentSetSize of job (KB)
...
006 (15756404.728.000) 2026-02-07 14:11:07 Image size of job updated: 1653028
	1613  -  MemoryUsage of job (MB)
	1651588  -  ResidentSetSize of job (KB)
...
006 (15756404.728.000) 2026-02-07 14:46:09 Image size of job updated: 1653128
	1613  -  MemoryUsage of job (MB)
	1651588  -  ResidentSetSize of job (KB)
...
006 (15756404.728.000) 2026-02-07 14:51:10 Image size of job updated: 1653128
	1613  -  MemoryUsage of job (MB)
	1651596  -  ResidentSetSize of job (KB)
...
006 (15756404.728.000) 2026-02-07 14:56:11 Image size of job updated: 1653344
	1613  -  MemoryUsage of job (MB)
	1651596  -  ResidentSetSize of job (KB)
...
006 (15756404.728.000) 2026-02-07 23:27:04 Image size of job updated: 1653348
	1613  -  MemoryUsage of job (MB)
	1651596  -  ResidentSetSize of job (KB)
...
006 (15756404.728.000) 2026-02-07 23:57:07 Image size of job updated: 1653368
	1615  -  MemoryUsage of job (MB)
	1653368  -  ResidentSetSize of job (KB)
...
006 (15756404.728.000) 2026-02-08 00:17:10 Image size of job updated: 1653600
	1615  -  MemoryUsage of job (MB)
	1653600  -  ResidentSetSize of job (KB)
...
006 (15756404.728.000) 2026-02-08 00:27:11 Image size of job updated: 1653972
	1615  -  MemoryUsage of job (MB)
	1653600  -  ResidentSetSize of job (KB)
...
006 (15756404.728.000) 2026-02-08 02:22:23 Image size of job updated: 1654368
	1615  -  MemoryUsage of job (MB)
	1653600  -  ResidentSetSize of job (KB)
...
006 (15756404.728.000) 2026-02-08 03:32:30 Image size of job updated: 1654744
	1615  -  MemoryUsage of job (MB)
	1653600  -  ResidentSetSize of job (KB)
...
021 (15756404.728.000) 2026-02-09 02:24:47 Error from starter on slot1_3@bladekc.zeuthen.desy.de:
	runtime exceeded maximum (target.Runtime seconds)
	Code 21 Subcode 103
...
004 (15756404.728.000) 2026-02-09 02:24:47 Job was evicted.
	(0) CPU times
		Usr 6 13:45:17, Sys 1 20:40:31  -  Run Remote Usage
		Usr 0 00:00:00, Sys 0 00:00:00  -  Run Local Usage
	0  -  Run Bytes Sent By Job
	0  -  Run Bytes Received By Job
	Error from slot1_3@bladekc.zeuthen.desy.de: runtime exceeded maximum (target.Runtime seconds)
	Partitionable Resources :     Usage  Request Allocated 
	   Cpus                 :      1.00        8         8 
	   Disk (KB)            :      1     1024000   1025024 
	   GPUs                 :                            0 
	   Memory (MB)          :   1615       16384     16384 
	   TimeSlotBusy (s)     : 172803                       
...
012 (15756404.728.000) 2026-02-09 02:24:48 Job was held.
	Error from slot1_3@bladekc.zeuthen.desy.de: runtime exceeded maximum (target.Runtime seconds)
	Code 21 Subcode 103
...
009 (15756404.728.000) 2026-02-10 11:42:27 Job was aborted.
	via condor_rm (by user tuccia)
...
