000 (15756407.720.000) 2026-02-06 11:26:12 Job submitted from host: <141.34.103.35:9618?addrs=141.34.103.35-9618+[2001-638-700-f067--1-23]-9618&alias=wgs39.zeuthen.desy.de&noUDP&sock=schedd_7414_f73f>
...
009 (15756407.720.000) 2026-02-10 11:42:41 Job was aborted.
	via condor_rm (by user tuccia)
...
000 (15949294.480.000) 2026-02-10 11:45:21 Job submitted from host: <141.34.103.35:9618?addrs=141.34.103.35-9618+[2001-638-700-f067--1-23]-9618&alias=wgs39.zeuthen.desy.de&noUDP&sock=schedd_7302_24a3>
...
009 (15949294.480.000) 2026-02-10 11:45:47 Job was aborted.
	via condor_rm (by user tuccia)
...
000 (15949295.480.000) 2026-02-10 11:46:05 Job submitted from host: <141.34.103.35:9618?addrs=141.34.103.35-9618+[2001-638-700-f067--1-23]-9618&alias=wgs39.zeuthen.desy.de&noUDP&sock=schedd_7302_24a3>
...
001 (15949295.480.000) 2026-02-12 11:56:22 Job executing on host: <141.34.15.198:9618?addrs=141.34.15.198-9618+[2001-638-700-f00f--1-c6]-9618&alias=pizza00.zeuthen.desy.de&noUDP&sock=startd_8231_5c1f>
	SlotName: slot1_7@pizza00.zeuthen.desy.de
	CondorScratchDir = "/batch/dir_3511514"
	Cpus = 8
	Disk = 1025696
	GPUs = 0
	Memory = 16384
...
006 (15949295.480.000) 2026-02-12 11:56:35 Image size of job updated: 97464
	96  -  MemoryUsage of job (MB)
	97464  -  ResidentSetSize of job (KB)
...
006 (15949295.480.000) 2026-02-12 12:01:35 Image size of job updated: 832696
	449  -  MemoryUsage of job (MB)
	459508  -  ResidentSetSize of job (KB)
...
006 (15949295.480.000) 2026-02-12 12:06:35 Image size of job updated: 832696
	453  -  MemoryUsage of job (MB)
	463768  -  ResidentSetSize of job (KB)
...
006 (15949295.480.000) 2026-02-12 12:11:36 Image size of job updated: 832696
	510  -  MemoryUsage of job (MB)
	521828  -  ResidentSetSize of job (KB)
...
006 (15949295.480.000) 2026-02-12 12:16:36 Image size of job updated: 832696
	517  -  MemoryUsage of job (MB)
	529112  -  ResidentSetSize of job (KB)
...
006 (15949295.480.000) 2026-02-12 12:21:37 Image size of job updated: 832696
	531  -  MemoryUsage of job (MB)
	543144  -  ResidentSetSize of job (KB)
...
006 (15949295.480.000) 2026-02-12 12:26:38 Image size of job updated: 832696
	565  -  MemoryUsage of job (MB)
	578004  -  ResidentSetSize of job (KB)
...
006 (15949295.480.000) 2026-02-12 12:31:38 Image size of job updated: 832696
	576  -  MemoryUsage of job (MB)
	589156  -  ResidentSetSize of job (KB)
...
006 (15949295.480.000) 2026-02-12 12:36:38 Image size of job updated: 832696
	579  -  MemoryUsage of job (MB)
	592656  -  ResidentSetSize of job (KB)
...
006 (15949295.480.000) 2026-02-12 12:41:39 Image size of job updated: 832696
	582  -  MemoryUsage of job (MB)
	595224  -  ResidentSetSize of job (KB)
...
006 (15949295.480.000) 2026-02-12 12:46:39 Image size of job updated: 832696
	584  -  MemoryUsage of job (MB)
	597404  -  ResidentSetSize of job (KB)
...
006 (15949295.480.000) 2026-02-12 12:51:39 Image size of job updated: 832696
	596  -  MemoryUsage of job (MB)
	609900  -  ResidentSetSize of job (KB)
...
006 (15949295.480.000) 2026-02-12 13:16:41 Image size of job updated: 832696
	597  -  MemoryUsage of job (MB)
	610612  -  ResidentSetSize of job (KB)
...
006 (15949295.480.000) 2026-02-12 13:21:42 Image size of job updated: 832696
	597  -  MemoryUsage of job (MB)
	610644  -  ResidentSetSize of job (KB)
...
006 (15949295.480.000) 2026-02-12 13:31:43 Image size of job updated: 832696
	598  -  MemoryUsage of job (MB)
	612164  -  ResidentSetSize of job (KB)
...
006 (15949295.480.000) 2026-02-12 13:36:43 Image size of job updated: 832696
	598  -  MemoryUsage of job (MB)
	612168  -  ResidentSetSize of job (KB)
...
006 (15949295.480.000) 2026-02-12 13:46:44 Image size of job updated: 832696
	601  -  MemoryUsage of job (MB)
	614432  -  ResidentSetSize of job (KB)
...
006 (15949295.480.000) 2026-02-12 14:26:47 Image size of job updated: 832696
	601  -  MemoryUsage of job (MB)
	614644  -  ResidentSetSize of job (KB)
...
006 (15949295.480.000) 2026-02-12 14:36:47 Image size of job updated: 832696
	607  -  MemoryUsage of job (MB)
	621332  -  ResidentSetSize of job (KB)
...
006 (15949295.480.000) 2026-02-12 14:51:48 Image size of job updated: 832696
	609  -  MemoryUsage of job (MB)
	622752  -  ResidentSetSize of job (KB)
...
006 (15949295.480.000) 2026-02-12 14:56:49 Image size of job updated: 832696
	609  -  MemoryUsage of job (MB)
	622852  -  ResidentSetSize of job (KB)
...
006 (15949295.480.000) 2026-02-12 15:01:49 Image size of job updated: 832696
	609  -  MemoryUsage of job (MB)
	622856  -  ResidentSetSize of job (KB)
...
006 (15949295.480.000) 2026-02-12 15:16:50 Image size of job updated: 832696
	611  -  MemoryUsage of job (MB)
	625396  -  ResidentSetSize of job (KB)
...
006 (15949295.480.000) 2026-02-12 15:21:51 Image size of job updated: 832696
	614  -  MemoryUsage of job (MB)
	627752  -  ResidentSetSize of job (KB)
...
006 (15949295.480.000) 2026-02-12 15:56:55 Image size of job updated: 832696
	615  -  MemoryUsage of job (MB)
	629004  -  ResidentSetSize of job (KB)
...
006 (15949295.480.000) 2026-02-12 16:46:59 Image size of job updated: 832696
	615  -  MemoryUsage of job (MB)
	629224  -  ResidentSetSize of job (KB)
...
006 (15949295.480.000) 2026-02-12 16:57:00 Image size of job updated: 832696
	656  -  MemoryUsage of job (MB)
	671364  -  ResidentSetSize of job (KB)
...
006 (15949295.480.000) 2026-02-12 17:07:02 Image size of job updated: 832696
	659  -  MemoryUsage of job (MB)
	673856  -  ResidentSetSize of job (KB)
...
006 (15949295.480.000) 2026-02-12 17:12:02 Image size of job updated: 832696
	659  -  MemoryUsage of job (MB)
	673880  -  ResidentSetSize of job (KB)
...
006 (15949295.480.000) 2026-02-12 17:17:03 Image size of job updated: 832696
	659  -  MemoryUsage of job (MB)
	673936  -  ResidentSetSize of job (KB)
...
006 (15949295.480.000) 2026-02-12 17:22:04 Image size of job updated: 832696
	659  -  MemoryUsage of job (MB)
	673980  -  ResidentSetSize of job (KB)
...
006 (15949295.480.000) 2026-02-12 17:27:04 Image size of job updated: 832696
	659  -  MemoryUsage of job (MB)
	674304  -  ResidentSetSize of job (KB)
...
006 (15949295.480.000) 2026-02-12 17:52:07 Image size of job updated: 832696
	659  -  MemoryUsage of job (MB)
	674484  -  ResidentSetSize of job (KB)
...
006 (15949295.480.000) 2026-02-12 17:57:07 Image size of job updated: 832696
	659  -  MemoryUsage of job (MB)
	674608  -  ResidentSetSize of job (KB)
...
006 (15949295.480.000) 2026-02-12 18:17:09 Image size of job updated: 832696
	659  -  MemoryUsage of job (MB)
	674644  -  ResidentSetSize of job (KB)
...
006 (15949295.480.000) 2026-02-12 18:47:13 Image size of job updated: 832696
	659  -  MemoryUsage of job (MB)
	674712  -  ResidentSetSize of job (KB)
...
006 (15949295.480.000) 2026-02-12 18:57:14 Image size of job updated: 832696
	659  -  MemoryUsage of job (MB)
	674720  -  ResidentSetSize of job (KB)
...
006 (15949295.480.000) 2026-02-12 19:07:15 Image size of job updated: 832696
	659  -  MemoryUsage of job (MB)
	674752  -  ResidentSetSize of job (KB)
...
006 (15949295.480.000) 2026-02-12 19:22:16 Image size of job updated: 832696
	660  -  MemoryUsage of job (MB)
	674936  -  ResidentSetSize of job (KB)
...
006 (15949295.480.000) 2026-02-12 19:27:17 Image size of job updated: 832696
	660  -  MemoryUsage of job (MB)
	675644  -  ResidentSetSize of job (KB)
...
006 (15949295.480.000) 2026-02-12 19:32:17 Image size of job updated: 832696
	660  -  MemoryUsage of job (MB)
	675788  -  ResidentSetSize of job (KB)
...
006 (15949295.480.000) 2026-02-12 19:37:17 Image size of job updated: 832696
	660  -  MemoryUsage of job (MB)
	675800  -  ResidentSetSize of job (KB)
...
006 (15949295.480.000) 2026-02-12 19:42:18 Image size of job updated: 832696
	661  -  MemoryUsage of job (MB)
	675880  -  ResidentSetSize of job (KB)
...
006 (15949295.480.000) 2026-02-12 20:02:19 Image size of job updated: 832696
	661  -  MemoryUsage of job (MB)
	675924  -  ResidentSetSize of job (KB)
...
006 (15949295.480.000) 2026-02-12 20:37:24 Image size of job updated: 832696
	661  -  MemoryUsage of job (MB)
	675928  -  ResidentSetSize of job (KB)
...
006 (15949295.480.000) 2026-02-12 20:52:25 Image size of job updated: 832696
	661  -  MemoryUsage of job (MB)
	676008  -  ResidentSetSize of job (KB)
...
006 (15949295.480.000) 2026-02-12 20:57:25 Image size of job updated: 832696
	661  -  MemoryUsage of job (MB)
	676484  -  ResidentSetSize of job (KB)
...
006 (15949295.480.000) 2026-02-12 22:52:36 Image size of job updated: 832696
	661  -  MemoryUsage of job (MB)
	676488  -  ResidentSetSize of job (KB)
...
006 (15949295.480.000) 2026-02-13 01:12:50 Image size of job updated: 832696
	661  -  MemoryUsage of job (MB)
	676636  -  ResidentSetSize of job (KB)
...
006 (15949295.480.000) 2026-02-13 01:57:54 Image size of job updated: 832696
	661  -  MemoryUsage of job (MB)
	676732  -  ResidentSetSize of job (KB)
...
006 (15949295.480.000) 2026-02-13 02:17:56 Image size of job updated: 832696
	661  -  MemoryUsage of job (MB)
	676776  -  ResidentSetSize of job (KB)
...
006 (15949295.480.000) 2026-02-13 02:22:57 Image size of job updated: 832696
	661  -  MemoryUsage of job (MB)
	676796  -  ResidentSetSize of job (KB)
...
006 (15949295.480.000) 2026-02-13 04:28:09 Image size of job updated: 832696
	661  -  MemoryUsage of job (MB)
	676804  -  ResidentSetSize of job (KB)
...
006 (15949295.480.000) 2026-02-13 14:04:06 Image size of job updated: 832696
	662  -  MemoryUsage of job (MB)
	676976  -  ResidentSetSize of job (KB)
...
006 (15949295.480.000) 2026-02-13 18:39:30 Image size of job updated: 832696
	662  -  MemoryUsage of job (MB)
	676988  -  ResidentSetSize of job (KB)
...
005 (15949295.480.000) 2026-02-13 21:45:15 Job terminated.
	(1) Normal termination (return value 0)
		Usr 4 06:03:52, Sys 0 00:15:02  -  Run Remote Usage
		Usr 0 00:00:00, Sys 0 00:00:00  -  Run Local Usage
		Usr 4 06:03:52, Sys 0 00:15:02  -  Total Remote Usage
		Usr 0 00:00:00, Sys 0 00:00:00  -  Total Local Usage
	0  -  Run Bytes Sent By Job
	0  -  Run Bytes Received By Job
	0  -  Total Bytes Sent By Job
	0  -  Total Bytes Received By Job
	Partitionable Resources :     Usage  Request Allocated 
	   Cpus                 :      7.93        8         8 
	   Disk (KB)            :      1     1024000   1025696 
	   GPUs                 :                            0 
	   Memory (MB)          :    662       16384     16384 
	   TimeExecute (s)      : 121733                       
	   TimeSlotBusy (s)     : 121734                       

	Job terminated of its own accord at 2026-02-13T20:45:15Z with exit-code 0.
...
