~~~~~~~~~~~~~~~~~~~~~~~~~~~~~~

n_qubits: 90, 
r: 53, 
alpha: 0.01, 
shots: 10000, 
ansatz: linear_cnot, 
layer: 1, 
tau: 0.3

time for simulated annealing:  106.07781457901001
Rank 1: Bitstring=101100110010000101111110010101101011011110101101001011010011111000110011111110011000111110, Decimal=866223561373440103186163262, Energy=-78.7831
Rank 2: Bitstring=101100110010000101111110010101101011011110101101001011010011111000110010111010011000111110, Decimal=866223561373440103185884734, Energy=-78.6529
Rank 3: Bitstring=101100010010000101111110010101100011011100101101001011010001101000110011111110010000111100, Decimal=856552154671844929343317052, Energy=-78.6243
Rank 4: Bitstring=101100010010000101111110010101100011011100101101001011010001101000110010111010010000111100, Decimal=856552154671844929343038524, Energy=-78.4665
Rank 5: Bitstring=101100110010000101111110000101101011011110101101101011110011111000110011111110011000111110, Decimal=866223542926698262859605566, Energy=-78.3685
Rank 6: Bitstring=101100110010000111111110001101101011010110101101001011010011111000110011111110011000111110, Decimal=866232996880782005808129598, Energy=-78.3569
Rank 7: Bitstring=101101110010000100010110000101101011011110101001001001010011111000110011111110011000111110, Decimal=885558682194977703473440318, Energy=-78.3523
Rank 8: Bitstring=101100110010000101111110010101101011011110101101001011010001111000110011111110010000111100, Decimal=866223561373440101038679100, Energy=-78.3379
Rank 9: Bitstring=101100110010000100011110010101101011011110101001001001010011111000110011111110011000111110, Decimal=866216477823698069093344830, Energy=-78.3329
Rank 10: Bitstring=101100110010000101111110000101101011011110101101101011110011111000110010111010011000111110, Decimal=866223542926698262859327038, Energy=-78.2383

E_min from simulated annealing:  -78.7831
Minimum energy: -78.7831
States with energy within 1e-08 of minimum: [866223561373440103186163262]
4


################## Start optimization with initial parameters: [0. 0. 0. 0. 0. 0. 0. 0. 0. 0. 0. 0. 0. 0. 0. 0. 0. 0. 0. 0. 0. 0. 0. 0.
 0. 0. 0. 0. 0. 0. 0. 0. 0. 0. 0. 0. 0. 0. 0. 0. 0. 0. 0. 0. 0. 0. 0. 0.
 0. 0. 0. 0. 0. 0. 0. 0. 0. 0. 0. 0. 0. 0. 0. 0. 0. 0. 0. 0. 0. 0. 0. 0.
 0. 0. 0. 0. 0. 0. 0. 0. 0. 0. 0. 0. 0. 0. 0. 0. 0. 0. 0. 0. 0. 0. 0. 0.
 0. 0. 0. 0. 0. 0. 0. 0. 0. 0. 0. 0. 0. 0. 0. 0. 0. 0. 0. 0. 0. 0. 0. 0.
 0. 0. 0. 0. 0. 0. 0. 0. 0. 0. 0. 0. 0. 0. 0. 0. 0. 0. 0. 0. 0. 0. 0. 0.
 0. 0. 0. 0. 0. 0. 0. 0. 0. 0. 0. 0. 0. 0. 0. 0. 0. 0. 0. 0. 0. 0. 0. 0.
 0. 0. 0. 0. 0. 0. 0. 0. 0. 0. 0. 0. 0. 0. 0. 0. 0. 0. 0. 0. 0. 0. 0. 0.
 0. 0. 0. 0. 0. 0. 0. 0. 0. 0. 0. 0. 0. 0. 0. 0. 0. 0. 0. 0. 0. 0. 0. 0.
 0. 0. 0. 0. 0. 0. 0. 0. 0. 0. 0. 0. 0. 0. 0. 0. 0. 0. 0. 0. 0. 0. 0. 0.
 0. 0. 0. 0. 0. 0. 0. 0. 0. 0. 0. 0. 0. 0. 0. 0. 0. 0. 0. 0. 0. 0. 0. 0.
 0. 0. 0. 0. 0. 0. 0. 0. 0. 0. 0. 0. 0. 0. 0. 0. 0. 0. 0. 0. 0. 0. 0. 0.
 0. 0. 0. 0. 0. 0. 0. 0. 0. 0. 0. 0. 0. 0. 0. 0. 0. 0. 0. 0. 0. 0. 0. 0.
 0. 0. 0. 0. 0. 0. 0. 0. 0. 0. 0. 0. 0. 0. 0. 0. 0. 0. 0. 0. 0. 0. 0. 0.
 0. 0. 0. 0. 0. 0. 0. 0. 0. 0. 0. 0. 0. 0. 0. 0. 0. 0. 0. 0. 0. 0. 0. 0.]
Write sucessfully to ./data/data_shots_10000_layer_1/alpha_0.01/N_90/r_53/ansatz_type_linear_cnot/initialization_zeros

vqe.cvar_eval[0]: -24.07648400000001 , min_cvar: -31.769698 , opt_cvar: -31.769698

vqe.poss_eval[-1]: 0 vqe.poss_eval[0] 0  , max_poss: 0 , opt_poss: 0

vqe.r_eval[-1]: 0.3935272412484404 vqe.r_eval[0]: 0.30560467917611783 max_r: 0.4032552412890582 , min_r: 0.2806673258604956
