000 (15756407.609.000) 2026-02-06 11:26:11 Job submitted from host: <141.34.103.35:9618?addrs=141.34.103.35-9618+[2001-638-700-f067--1-23]-9618&alias=wgs39.zeuthen.desy.de&noUDP&sock=schedd_7414_f73f>
...
009 (15756407.609.000) 2026-02-10 11:42:39 Job was aborted.
	via condor_rm (by user tuccia)
...
000 (15949294.406.000) 2026-02-10 11:45:21 Job submitted from host: <141.34.103.35:9618?addrs=141.34.103.35-9618+[2001-638-700-f067--1-23]-9618&alias=wgs39.zeuthen.desy.de&noUDP&sock=schedd_7302_24a3>
...
009 (15949294.406.000) 2026-02-10 11:45:46 Job was aborted.
	via condor_rm (by user tuccia)
...
000 (15949295.406.000) 2026-02-10 11:46:05 Job submitted from host: <141.34.103.35:9618?addrs=141.34.103.35-9618+[2001-638-700-f067--1-23]-9618&alias=wgs39.zeuthen.desy.de&noUDP&sock=schedd_7302_24a3>
...
001 (15949295.406.000) 2026-02-11 15:58:05 Job executing on host: <141.34.15.199:9618?addrs=141.34.15.199-9618+[2001-638-700-f00f--1-c7]-9618&alias=pizza01.zeuthen.desy.de&noUDP&sock=startd_9160_939a>
	SlotName: slot1_3@pizza01.zeuthen.desy.de
	CondorScratchDir = "/batch/dir_47003"
	Cpus = 8
	Disk = 1025696
	GPUs = 0
	Memory = 16384
...
006 (15949295.406.000) 2026-02-11 15:58:18 Image size of job updated: 97436
	96  -  MemoryUsage of job (MB)
	97436  -  ResidentSetSize of job (KB)
...
006 (15949295.406.000) 2026-02-11 16:03:18 Image size of job updated: 587072
	574  -  MemoryUsage of job (MB)
	587072  -  ResidentSetSize of job (KB)
...
006 (15949295.406.000) 2026-02-11 16:08:19 Image size of job updated: 588480
	574  -  MemoryUsage of job (MB)
	587072  -  ResidentSetSize of job (KB)
...
006 (15949295.406.000) 2026-02-11 16:13:20 Image size of job updated: 594312
	581  -  MemoryUsage of job (MB)
	594312  -  ResidentSetSize of job (KB)
...
006 (15949295.406.000) 2026-02-11 16:18:20 Image size of job updated: 648684
	634  -  MemoryUsage of job (MB)
	648684  -  ResidentSetSize of job (KB)
...
006 (15949295.406.000) 2026-02-11 16:23:21 Image size of job updated: 669360
	654  -  MemoryUsage of job (MB)
	669360  -  ResidentSetSize of job (KB)
...
006 (15949295.406.000) 2026-02-11 16:28:22 Image size of job updated: 669604
	654  -  MemoryUsage of job (MB)
	669604  -  ResidentSetSize of job (KB)
...
006 (15949295.406.000) 2026-02-11 16:38:23 Image size of job updated: 673168
	658  -  MemoryUsage of job (MB)
	673168  -  ResidentSetSize of job (KB)
...
006 (15949295.406.000) 2026-02-11 16:43:24 Image size of job updated: 683028
	668  -  MemoryUsage of job (MB)
	683028  -  ResidentSetSize of job (KB)
...
006 (15949295.406.000) 2026-02-11 16:53:24 Image size of job updated: 687188
	672  -  MemoryUsage of job (MB)
	687188  -  ResidentSetSize of job (KB)
...
006 (15949295.406.000) 2026-02-11 17:18:26 Image size of job updated: 687632
	672  -  MemoryUsage of job (MB)
	687632  -  ResidentSetSize of job (KB)
...
006 (15949295.406.000) 2026-02-11 17:23:26 Image size of job updated: 687744
	672  -  MemoryUsage of job (MB)
	687744  -  ResidentSetSize of job (KB)
...
006 (15949295.406.000) 2026-02-11 17:28:27 Image size of job updated: 688688
	673  -  MemoryUsage of job (MB)
	688688  -  ResidentSetSize of job (KB)
...
006 (15949295.406.000) 2026-02-11 17:33:27 Image size of job updated: 691468
	676  -  MemoryUsage of job (MB)
	691468  -  ResidentSetSize of job (KB)
...
006 (15949295.406.000) 2026-02-11 17:43:28 Image size of job updated: 692532
	677  -  MemoryUsage of job (MB)
	692532  -  ResidentSetSize of job (KB)
...
006 (15949295.406.000) 2026-02-11 18:08:30 Image size of job updated: 800096
	691  -  MemoryUsage of job (MB)
	706952  -  ResidentSetSize of job (KB)
...
006 (15949295.406.000) 2026-02-11 18:13:31 Image size of job updated: 800952
	775  -  MemoryUsage of job (MB)
	792608  -  ResidentSetSize of job (KB)
...
006 (15949295.406.000) 2026-02-11 18:18:31 Image size of job updated: 801020
	781  -  MemoryUsage of job (MB)
	798860  -  ResidentSetSize of job (KB)
...
006 (15949295.406.000) 2026-02-11 18:43:35 Image size of job updated: 801020
	782  -  MemoryUsage of job (MB)
	800348  -  ResidentSetSize of job (KB)
...
006 (15949295.406.000) 2026-02-11 19:13:37 Image size of job updated: 801020
	782  -  MemoryUsage of job (MB)
	800724  -  ResidentSetSize of job (KB)
...
006 (15949295.406.000) 2026-02-11 20:08:42 Image size of job updated: 801056
	782  -  MemoryUsage of job (MB)
	800724  -  ResidentSetSize of job (KB)
...
006 (15949295.406.000) 2026-02-11 20:23:44 Image size of job updated: 801076
	782  -  MemoryUsage of job (MB)
	800724  -  ResidentSetSize of job (KB)
...
006 (15949295.406.000) 2026-02-11 20:28:44 Image size of job updated: 801420
	782  -  MemoryUsage of job (MB)
	800724  -  ResidentSetSize of job (KB)
...
006 (15949295.406.000) 2026-02-11 21:28:50 Image size of job updated: 801460
	782  -  MemoryUsage of job (MB)
	800724  -  ResidentSetSize of job (KB)
...
006 (15949295.406.000) 2026-02-11 22:08:53 Image size of job updated: 801548
	782  -  MemoryUsage of job (MB)
	800724  -  ResidentSetSize of job (KB)
...
006 (15949295.406.000) 2026-02-11 22:18:54 Image size of job updated: 801776
	782  -  MemoryUsage of job (MB)
	800724  -  ResidentSetSize of job (KB)
...
006 (15949295.406.000) 2026-02-11 22:33:56 Image size of job updated: 802128
	782  -  MemoryUsage of job (MB)
	800724  -  ResidentSetSize of job (KB)
...
006 (15949295.406.000) 2026-02-11 22:43:58 Image size of job updated: 802244
	782  -  MemoryUsage of job (MB)
	800724  -  ResidentSetSize of job (KB)
...
006 (15949295.406.000) 2026-02-11 23:03:59 Image size of job updated: 802600
	782  -  MemoryUsage of job (MB)
	800724  -  ResidentSetSize of job (KB)
...
006 (15949295.406.000) 2026-02-11 23:29:02 Image size of job updated: 802600
	784  -  MemoryUsage of job (MB)
	802044  -  ResidentSetSize of job (KB)
...
006 (15949295.406.000) 2026-02-12 00:34:09 Image size of job updated: 802600
	784  -  MemoryUsage of job (MB)
	802336  -  ResidentSetSize of job (KB)
...
006 (15949295.406.000) 2026-02-12 01:09:12 Image size of job updated: 802648
	784  -  MemoryUsage of job (MB)
	802476  -  ResidentSetSize of job (KB)
...
006 (15949295.406.000) 2026-02-12 02:09:19 Image size of job updated: 803304
	784  -  MemoryUsage of job (MB)
	802476  -  ResidentSetSize of job (KB)
...
006 (15949295.406.000) 2026-02-12 02:14:19 Image size of job updated: 803612
	784  -  MemoryUsage of job (MB)
	802476  -  ResidentSetSize of job (KB)
...
006 (15949295.406.000) 2026-02-12 02:24:20 Image size of job updated: 803676
	784  -  MemoryUsage of job (MB)
	802476  -  ResidentSetSize of job (KB)
...
006 (15949295.406.000) 2026-02-12 02:29:20 Image size of job updated: 804412
	784  -  MemoryUsage of job (MB)
	802476  -  ResidentSetSize of job (KB)
...
006 (15949295.406.000) 2026-02-12 02:34:20 Image size of job updated: 804916
	786  -  MemoryUsage of job (MB)
	804292  -  ResidentSetSize of job (KB)
...
006 (15949295.406.000) 2026-02-12 02:39:21 Image size of job updated: 804916
	787  -  MemoryUsage of job (MB)
	804916  -  ResidentSetSize of job (KB)
...
006 (15949295.406.000) 2026-02-12 15:10:35 Image size of job updated: 804984
	787  -  MemoryUsage of job (MB)
	804916  -  ResidentSetSize of job (KB)
...
006 (15949295.406.000) 2026-02-12 15:45:38 Image size of job updated: 805092
	787  -  MemoryUsage of job (MB)
	804916  -  ResidentSetSize of job (KB)
...
006 (15949295.406.000) 2026-02-12 23:16:24 Image size of job updated: 805104
	787  -  MemoryUsage of job (MB)
	804916  -  ResidentSetSize of job (KB)
...
006 (15949295.406.000) 2026-02-13 01:26:36 Image size of job updated: 805112
	787  -  MemoryUsage of job (MB)
	804916  -  ResidentSetSize of job (KB)
...
006 (15949295.406.000) 2026-02-13 02:16:43 Image size of job updated: 805240
	787  -  MemoryUsage of job (MB)
	804916  -  ResidentSetSize of job (KB)
...
005 (15949295.406.000) 2026-02-13 06:01:13 Job terminated.
	(1) Normal termination (return value 0)
		Usr 4 00:43:29, Sys 0 10:43:23  -  Run Remote Usage
		Usr 0 00:00:00, Sys 0 00:00:00  -  Run Local Usage
		Usr 4 00:43:29, Sys 0 10:43:23  -  Total Remote Usage
		Usr 0 00:00:00, Sys 0 00:00:00  -  Total Local Usage
	0  -  Run Bytes Sent By Job
	0  -  Run Bytes Received By Job
	0  -  Total Bytes Sent By Job
	0  -  Total Bytes Received By Job
	Partitionable Resources :     Usage  Request Allocated 
	   Cpus                 :      3.30        8         8 
	   Disk (KB)            :      1     1024000   1025696 
	   GPUs                 :                            0 
	   Memory (MB)          :    787       16384     16384 
	   TimeExecute (s)      : 136988                       
	   TimeSlotBusy (s)     : 136988                       

	Job terminated of its own accord at 2026-02-13T05:01:13Z with exit-code 0.
...
