000 (15756404.647.000) 2026-02-06 11:24:35 Job submitted from host: <141.34.103.35:9618?addrs=141.34.103.35-9618+[2001-638-700-f067--1-23]-9618&alias=wgs39.zeuthen.desy.de&noUDP&sock=schedd_7414_f73f>
...
001 (15756404.647.000) 2026-02-07 01:30:00 Job executing on host: <141.34.15.84:9618?addrs=141.34.15.84-9618+[2001-638-700-f00f--1-54]-9618&alias=genoa08.zeuthen.desy.de&noUDP&sock=startd_10216_e79d>
	SlotName: slot1_10@genoa08.zeuthen.desy.de
	CondorScratchDir = "/batch/dir_2745937"
	Cpus = 8
	Disk = 1025681
	GPUs = 0
	Memory = 16384
...
006 (15756404.647.000) 2026-02-07 01:30:13 Image size of job updated: 95568
	94  -  MemoryUsage of job (MB)
	95568  -  ResidentSetSize of job (KB)
...
006 (15756404.647.000) 2026-02-07 01:35:13 Image size of job updated: 1631752
	1594  -  MemoryUsage of job (MB)
	1631752  -  ResidentSetSize of job (KB)
...
006 (15756404.647.000) 2026-02-07 01:40:14 Image size of job updated: 1641588
	1594  -  MemoryUsage of job (MB)
	1631752  -  ResidentSetSize of job (KB)
...
006 (15756404.647.000) 2026-02-07 01:45:14 Image size of job updated: 1646200
	1594  -  MemoryUsage of job (MB)
	1631752  -  ResidentSetSize of job (KB)
...
006 (15756404.647.000) 2026-02-07 02:05:16 Image size of job updated: 1646508
	1594  -  MemoryUsage of job (MB)
	1631752  -  ResidentSetSize of job (KB)
...
006 (15756404.647.000) 2026-02-07 02:20:18 Image size of job updated: 1646508
	1597  -  MemoryUsage of job (MB)
	1634420  -  ResidentSetSize of job (KB)
...
006 (15756404.647.000) 2026-02-07 02:25:19 Image size of job updated: 1646508
	1597  -  MemoryUsage of job (MB)
	1634424  -  ResidentSetSize of job (KB)
...
006 (15756404.647.000) 2026-02-07 02:30:19 Image size of job updated: 1647028
	1597  -  MemoryUsage of job (MB)
	1634424  -  ResidentSetSize of job (KB)
...
006 (15756404.647.000) 2026-02-07 02:40:21 Image size of job updated: 1647028
	1598  -  MemoryUsage of job (MB)
	1636244  -  ResidentSetSize of job (KB)
...
006 (15756404.647.000) 2026-02-07 02:45:21 Image size of job updated: 1647268
	1598  -  MemoryUsage of job (MB)
	1636248  -  ResidentSetSize of job (KB)
...
006 (15756404.647.000) 2026-02-07 02:55:22 Image size of job updated: 1648884
	1605  -  MemoryUsage of job (MB)
	1642932  -  ResidentSetSize of job (KB)
...
006 (15756404.647.000) 2026-02-07 03:00:22 Image size of job updated: 1648964
	1605  -  MemoryUsage of job (MB)
	1642936  -  ResidentSetSize of job (KB)
...
006 (15756404.647.000) 2026-02-07 03:05:23 Image size of job updated: 1650152
	1611  -  MemoryUsage of job (MB)
	1649360  -  ResidentSetSize of job (KB)
...
006 (15756404.647.000) 2026-02-07 03:15:23 Image size of job updated: 1650200
	1611  -  MemoryUsage of job (MB)
	1649360  -  ResidentSetSize of job (KB)
...
006 (15756404.647.000) 2026-02-07 03:40:25 Image size of job updated: 1650416
	1611  -  MemoryUsage of job (MB)
	1649360  -  ResidentSetSize of job (KB)
...
006 (15756404.647.000) 2026-02-07 04:00:27 Image size of job updated: 1650636
	1611  -  MemoryUsage of job (MB)
	1649360  -  ResidentSetSize of job (KB)
...
006 (15756404.647.000) 2026-02-07 04:10:28 Image size of job updated: 1650864
	1611  -  MemoryUsage of job (MB)
	1649360  -  ResidentSetSize of job (KB)
...
006 (15756404.647.000) 2026-02-07 04:15:29 Image size of job updated: 1651100
	1611  -  MemoryUsage of job (MB)
	1649360  -  ResidentSetSize of job (KB)
...
006 (15756404.647.000) 2026-02-07 04:25:30 Image size of job updated: 1651416
	1611  -  MemoryUsage of job (MB)
	1649360  -  ResidentSetSize of job (KB)
...
006 (15756404.647.000) 2026-02-07 04:40:32 Image size of job updated: 1651512
	1611  -  MemoryUsage of job (MB)
	1649360  -  ResidentSetSize of job (KB)
...
006 (15756404.647.000) 2026-02-07 05:10:35 Image size of job updated: 1651616
	1611  -  MemoryUsage of job (MB)
	1649360  -  ResidentSetSize of job (KB)
...
006 (15756404.647.000) 2026-02-07 05:20:36 Image size of job updated: 1652220
	1611  -  MemoryUsage of job (MB)
	1649360  -  ResidentSetSize of job (KB)
...
006 (15756404.647.000) 2026-02-07 06:15:42 Image size of job updated: 1652760
	1611  -  MemoryUsage of job (MB)
	1649360  -  ResidentSetSize of job (KB)
...
006 (15756404.647.000) 2026-02-07 10:26:06 Image size of job updated: 1652792
	1611  -  MemoryUsage of job (MB)
	1649360  -  ResidentSetSize of job (KB)
...
006 (15756404.647.000) 2026-02-07 11:11:12 Image size of job updated: 1653564
	1611  -  MemoryUsage of job (MB)
	1649360  -  ResidentSetSize of job (KB)
...
006 (15756404.647.000) 2026-02-07 12:06:17 Image size of job updated: 1654116
	1611  -  MemoryUsage of job (MB)
	1649360  -  ResidentSetSize of job (KB)
...
006 (15756404.647.000) 2026-02-08 03:02:44 Image size of job updated: 1654320
	1611  -  MemoryUsage of job (MB)
	1649360  -  ResidentSetSize of job (KB)
...
006 (15756404.647.000) 2026-02-08 03:12:44 Image size of job updated: 1654320
	1614  -  MemoryUsage of job (MB)
	1652084  -  ResidentSetSize of job (KB)
...
006 (15756404.647.000) 2026-02-08 03:17:45 Image size of job updated: 1654320
	1614  -  MemoryUsage of job (MB)
	1652088  -  ResidentSetSize of job (KB)
...
006 (15756404.647.000) 2026-02-08 06:18:04 Image size of job updated: 1654520
	1614  -  MemoryUsage of job (MB)
	1652088  -  ResidentSetSize of job (KB)
...
006 (15756404.647.000) 2026-02-08 06:43:07 Image size of job updated: 1654656
	1614  -  MemoryUsage of job (MB)
	1652088  -  ResidentSetSize of job (KB)
...
021 (15756404.647.000) 2026-02-09 01:30:01 Error from starter on slot1_10@genoa08.zeuthen.desy.de:
	runtime exceeded maximum (target.Runtime seconds)
	Code 21 Subcode 103
...
004 (15756404.647.000) 2026-02-09 01:30:01 Job was evicted.
	(0) CPU times
		Usr 8 08:08:08, Sys 3 02:30:17  -  Run Remote Usage
		Usr 0 00:00:00, Sys 0 00:00:00  -  Run Local Usage
	0  -  Run Bytes Sent By Job
	0  -  Run Bytes Received By Job
	Error from slot1_10@genoa08.zeuthen.desy.de: runtime exceeded maximum (target.Runtime seconds)
	Partitionable Resources :     Usage  Request Allocated 
	   Cpus                 :      7.95        8         8 
	   Disk (KB)            :      1     1024000   1025681 
	   GPUs                 :                            0 
	   Memory (MB)          :   1614       16384     16384 
	   TimeSlotBusy (s)     : 172801                       
...
012 (15756404.647.000) 2026-02-09 01:30:01 Job was held.
	Error from slot1_10@genoa08.zeuthen.desy.de: runtime exceeded maximum (target.Runtime seconds)
	Code 21 Subcode 103
...
