000 (15756404.753.000) 2026-02-06 11:24:36 Job submitted from host: <141.34.103.35:9618?addrs=141.34.103.35-9618+[2001-638-700-f067--1-23]-9618&alias=wgs39.zeuthen.desy.de&noUDP&sock=schedd_7414_f73f>
...
001 (15756404.753.000) 2026-02-07 02:37:53 Job executing on host: <141.34.15.221:9618?addrs=141.34.15.221-9618+[2001-638-700-f00f--1-dd]-9618&alias=pizza29.zeuthen.desy.de&noUDP&sock=startd_9093_9ec2>
	SlotName: slot1_8@pizza29.zeuthen.desy.de
	CondorScratchDir = "/batch/dir_231947"
	Cpus = 8
	Disk = 1025696
	GPUs = 0
	Memory = 16384
...
006 (15756404.753.000) 2026-02-07 02:38:06 Image size of job updated: 97480
	96  -  MemoryUsage of job (MB)
	97480  -  ResidentSetSize of job (KB)
...
006 (15756404.753.000) 2026-02-07 02:43:06 Image size of job updated: 672888
	448  -  MemoryUsage of job (MB)
	458240  -  ResidentSetSize of job (KB)
...
005 (15756404.753.000) 2026-02-07 03:49:35 Job terminated.
	(1) Normal termination (return value 0)
		Usr 0 03:53:47, Sys 0 02:14:53  -  Run Remote Usage
		Usr 0 00:00:00, Sys 0 00:00:00  -  Run Local Usage
		Usr 0 03:53:47, Sys 0 02:14:53  -  Total Remote Usage
		Usr 0 00:00:00, Sys 0 00:00:00  -  Total Local Usage
	0  -  Run Bytes Sent By Job
	0  -  Run Bytes Received By Job
	0  -  Total Bytes Sent By Job
	0  -  Total Bytes Received By Job
	Partitionable Resources :    Usage  Request Allocated 
	   Cpus                 :     6.01        8         8 
	   Disk (KB)            :     1     1024000   1025696 
	   GPUs                 :                           0 
	   Memory (MB)          :   448       16384     16384 
	   TimeExecute (s)      :  4303                       
	   TimeSlotBusy (s)     :  4303                       

	Job terminated of its own accord at 2026-02-07T02:49:35Z with exit-code 0.
...
