000 (15756407.748.000) 2026-02-06 11:26:12 Job submitted from host: <141.34.103.35:9618?addrs=141.34.103.35-9618+[2001-638-700-f067--1-23]-9618&alias=wgs39.zeuthen.desy.de&noUDP&sock=schedd_7414_f73f>
...
009 (15756407.748.000) 2026-02-10 11:42:41 Job was aborted.
	via condor_rm (by user tuccia)
...
000 (15949294.499.000) 2026-02-10 11:45:21 Job submitted from host: <141.34.103.35:9618?addrs=141.34.103.35-9618+[2001-638-700-f067--1-23]-9618&alias=wgs39.zeuthen.desy.de&noUDP&sock=schedd_7302_24a3>
...
009 (15949294.499.000) 2026-02-10 11:45:47 Job was aborted.
	via condor_rm (by user tuccia)
...
000 (15949295.499.000) 2026-02-10 11:46:05 Job submitted from host: <141.34.103.35:9618?addrs=141.34.103.35-9618+[2001-638-700-f067--1-23]-9618&alias=wgs39.zeuthen.desy.de&noUDP&sock=schedd_7302_24a3>
...
001 (15949295.499.000) 2026-02-12 12:05:47 Job executing on host: <141.34.103.53:9618?addrs=141.34.103.53-9618+[2001-638-700-f067--1-35]-9618&alias=wgs43.zeuthen.desy.de&noUDP&sock=startd_8324_266d>
	SlotName: slot1_5@wgs43.zeuthen.desy.de
	CondorScratchDir = "/batch/dir_42265"
	Cpus = 8
	Disk = 1025025
	GPUs = 0
	Memory = 16384
...
006 (15949295.499.000) 2026-02-12 12:06:01 Image size of job updated: 97496
	96  -  MemoryUsage of job (MB)
	97496  -  ResidentSetSize of job (KB)
...
006 (15949295.499.000) 2026-02-12 12:11:02 Image size of job updated: 551012
	536  -  MemoryUsage of job (MB)
	548488  -  ResidentSetSize of job (KB)
...
006 (15949295.499.000) 2026-02-12 12:16:03 Image size of job updated: 552016
	538  -  MemoryUsage of job (MB)
	549908  -  ResidentSetSize of job (KB)
...
006 (15949295.499.000) 2026-02-12 12:21:03 Image size of job updated: 552280
	538  -  MemoryUsage of job (MB)
	549908  -  ResidentSetSize of job (KB)
...
006 (15949295.499.000) 2026-02-12 12:26:04 Image size of job updated: 553288
	541  -  MemoryUsage of job (MB)
	553096  -  ResidentSetSize of job (KB)
...
006 (15949295.499.000) 2026-02-12 12:31:05 Image size of job updated: 566736
	549  -  MemoryUsage of job (MB)
	561460  -  ResidentSetSize of job (KB)
...
006 (15949295.499.000) 2026-02-12 12:36:05 Image size of job updated: 568964
	555  -  MemoryUsage of job (MB)
	567700  -  ResidentSetSize of job (KB)
...
006 (15949295.499.000) 2026-02-12 12:41:06 Image size of job updated: 569584
	556  -  MemoryUsage of job (MB)
	568520  -  ResidentSetSize of job (KB)
...
006 (15949295.499.000) 2026-02-12 12:46:07 Image size of job updated: 569984
	556  -  MemoryUsage of job (MB)
	568520  -  ResidentSetSize of job (KB)
...
006 (15949295.499.000) 2026-02-12 12:51:07 Image size of job updated: 570684
	556  -  MemoryUsage of job (MB)
	568520  -  ResidentSetSize of job (KB)
...
006 (15949295.499.000) 2026-02-12 12:56:08 Image size of job updated: 576700
	560  -  MemoryUsage of job (MB)
	572492  -  ResidentSetSize of job (KB)
...
006 (15949295.499.000) 2026-02-12 13:01:09 Image size of job updated: 593480
	576  -  MemoryUsage of job (MB)
	589588  -  ResidentSetSize of job (KB)
...
006 (15949295.499.000) 2026-02-12 13:06:09 Image size of job updated: 612296
	594  -  MemoryUsage of job (MB)
	608064  -  ResidentSetSize of job (KB)
...
006 (15949295.499.000) 2026-02-12 13:11:10 Image size of job updated: 617424
	600  -  MemoryUsage of job (MB)
	613668  -  ResidentSetSize of job (KB)
...
006 (15949295.499.000) 2026-02-12 13:16:10 Image size of job updated: 618540
	600  -  MemoryUsage of job (MB)
	613936  -  ResidentSetSize of job (KB)
...
006 (15949295.499.000) 2026-02-12 13:31:11 Image size of job updated: 619048
	600  -  MemoryUsage of job (MB)
	613944  -  ResidentSetSize of job (KB)
...
006 (15949295.499.000) 2026-02-12 13:36:11 Image size of job updated: 619048
	601  -  MemoryUsage of job (MB)
	615340  -  ResidentSetSize of job (KB)
...
006 (15949295.499.000) 2026-02-12 13:46:12 Image size of job updated: 626456
	612  -  MemoryUsage of job (MB)
	626456  -  ResidentSetSize of job (KB)
...
006 (15949295.499.000) 2026-02-12 13:51:12 Image size of job updated: 631332
	615  -  MemoryUsage of job (MB)
	629540  -  ResidentSetSize of job (KB)
...
006 (15949295.499.000) 2026-02-12 13:56:13 Image size of job updated: 631332
	615  -  MemoryUsage of job (MB)
	629544  -  ResidentSetSize of job (KB)
...
006 (15949295.499.000) 2026-02-12 14:01:13 Image size of job updated: 631816
	615  -  MemoryUsage of job (MB)
	629544  -  ResidentSetSize of job (KB)
...
006 (15949295.499.000) 2026-02-12 14:06:14 Image size of job updated: 632148
	615  -  MemoryUsage of job (MB)
	629544  -  ResidentSetSize of job (KB)
...
006 (15949295.499.000) 2026-02-12 14:21:16 Image size of job updated: 632400
	615  -  MemoryUsage of job (MB)
	629544  -  ResidentSetSize of job (KB)
...
006 (15949295.499.000) 2026-02-12 14:26:16 Image size of job updated: 635796
	619  -  MemoryUsage of job (MB)
	633140  -  ResidentSetSize of job (KB)
...
006 (15949295.499.000) 2026-02-12 14:31:16 Image size of job updated: 635796
	619  -  MemoryUsage of job (MB)
	633500  -  ResidentSetSize of job (KB)
...
006 (15949295.499.000) 2026-02-12 14:36:17 Image size of job updated: 637232
	619  -  MemoryUsage of job (MB)
	633580  -  ResidentSetSize of job (KB)
...
006 (15949295.499.000) 2026-02-12 14:41:17 Image size of job updated: 637408
	619  -  MemoryUsage of job (MB)
	633612  -  ResidentSetSize of job (KB)
...
006 (15949295.499.000) 2026-02-12 14:46:17 Image size of job updated: 638308
	624  -  MemoryUsage of job (MB)
	638308  -  ResidentSetSize of job (KB)
...
006 (15949295.499.000) 2026-02-12 14:51:18 Image size of job updated: 643268
	625  -  MemoryUsage of job (MB)
	639864  -  ResidentSetSize of job (KB)
...
006 (15949295.499.000) 2026-02-12 14:56:18 Image size of job updated: 645132
	628  -  MemoryUsage of job (MB)
	642516  -  ResidentSetSize of job (KB)
...
006 (15949295.499.000) 2026-02-12 15:01:19 Image size of job updated: 646036
	628  -  MemoryUsage of job (MB)
	642584  -  ResidentSetSize of job (KB)
...
006 (15949295.499.000) 2026-02-12 15:06:20 Image size of job updated: 649212
	634  -  MemoryUsage of job (MB)
	649212  -  ResidentSetSize of job (KB)
...
006 (15949295.499.000) 2026-02-12 15:11:20 Image size of job updated: 651700
	635  -  MemoryUsage of job (MB)
	649536  -  ResidentSetSize of job (KB)
...
006 (15949295.499.000) 2026-02-12 15:21:22 Image size of job updated: 652336
	635  -  MemoryUsage of job (MB)
	650072  -  ResidentSetSize of job (KB)
...
006 (15949295.499.000) 2026-02-12 15:26:22 Image size of job updated: 653200
	635  -  MemoryUsage of job (MB)
	650124  -  ResidentSetSize of job (KB)
...
006 (15949295.499.000) 2026-02-12 15:31:23 Image size of job updated: 654604
	640  -  MemoryUsage of job (MB)
	654604  -  ResidentSetSize of job (KB)
...
006 (15949295.499.000) 2026-02-12 15:36:24 Image size of job updated: 655600
	640  -  MemoryUsage of job (MB)
	654604  -  ResidentSetSize of job (KB)
...
006 (15949295.499.000) 2026-02-12 15:41:24 Image size of job updated: 657680
	640  -  MemoryUsage of job (MB)
	654696  -  ResidentSetSize of job (KB)
...
006 (15949295.499.000) 2026-02-12 15:46:25 Image size of job updated: 663024
	648  -  MemoryUsage of job (MB)
	663024  -  ResidentSetSize of job (KB)
...
006 (15949295.499.000) 2026-02-12 15:51:25 Image size of job updated: 668600
	653  -  MemoryUsage of job (MB)
	668600  -  ResidentSetSize of job (KB)
...
006 (15949295.499.000) 2026-02-12 15:56:25 Image size of job updated: 670396
	653  -  MemoryUsage of job (MB)
	668604  -  ResidentSetSize of job (KB)
...
006 (15949295.499.000) 2026-02-12 16:01:26 Image size of job updated: 679520
	664  -  MemoryUsage of job (MB)
	679520  -  ResidentSetSize of job (KB)
...
006 (15949295.499.000) 2026-02-12 16:06:26 Image size of job updated: 680660
	664  -  MemoryUsage of job (MB)
	679568  -  ResidentSetSize of job (KB)
...
006 (15949295.499.000) 2026-02-12 16:11:27 Image size of job updated: 684016
	668  -  MemoryUsage of job (MB)
	683568  -  ResidentSetSize of job (KB)
...
006 (15949295.499.000) 2026-02-12 16:16:28 Image size of job updated: 684296
	669  -  MemoryUsage of job (MB)
	684044  -  ResidentSetSize of job (KB)
...
006 (15949295.499.000) 2026-02-12 16:21:28 Image size of job updated: 684296
	669  -  MemoryUsage of job (MB)
	684048  -  ResidentSetSize of job (KB)
...
006 (15949295.499.000) 2026-02-12 16:26:29 Image size of job updated: 684772
	669  -  MemoryUsage of job (MB)
	684048  -  ResidentSetSize of job (KB)
...
006 (15949295.499.000) 2026-02-12 16:31:30 Image size of job updated: 685572
	669  -  MemoryUsage of job (MB)
	684048  -  ResidentSetSize of job (KB)
...
006 (15949295.499.000) 2026-02-12 16:46:31 Image size of job updated: 686144
	670  -  MemoryUsage of job (MB)
	685344  -  ResidentSetSize of job (KB)
...
006 (15949295.499.000) 2026-02-12 16:51:31 Image size of job updated: 686320
	671  -  MemoryUsage of job (MB)
	686320  -  ResidentSetSize of job (KB)
...
006 (15949295.499.000) 2026-02-12 16:56:32 Image size of job updated: 687720
	671  -  MemoryUsage of job (MB)
	686632  -  ResidentSetSize of job (KB)
...
006 (15949295.499.000) 2026-02-12 17:01:32 Image size of job updated: 687720
	671  -  MemoryUsage of job (MB)
	686680  -  ResidentSetSize of job (KB)
...
006 (15949295.499.000) 2026-02-12 17:06:32 Image size of job updated: 687720
	671  -  MemoryUsage of job (MB)
	687028  -  ResidentSetSize of job (KB)
...
006 (15949295.499.000) 2026-02-12 17:11:33 Image size of job updated: 687720
	672  -  MemoryUsage of job (MB)
	687380  -  ResidentSetSize of job (KB)
...
006 (15949295.499.000) 2026-02-12 17:16:33 Image size of job updated: 694992
	679  -  MemoryUsage of job (MB)
	694992  -  ResidentSetSize of job (KB)
...
006 (15949295.499.000) 2026-02-12 17:21:33 Image size of job updated: 695704
	679  -  MemoryUsage of job (MB)
	695240  -  ResidentSetSize of job (KB)
...
006 (15949295.499.000) 2026-02-12 17:26:34 Image size of job updated: 695704
	680  -  MemoryUsage of job (MB)
	695520  -  ResidentSetSize of job (KB)
...
006 (15949295.499.000) 2026-02-12 17:31:34 Image size of job updated: 695876
	680  -  MemoryUsage of job (MB)
	695780  -  ResidentSetSize of job (KB)
...
006 (15949295.499.000) 2026-02-12 17:41:36 Image size of job updated: 695880
	680  -  MemoryUsage of job (MB)
	695880  -  ResidentSetSize of job (KB)
...
006 (15949295.499.000) 2026-02-12 17:46:36 Image size of job updated: 696036
	680  -  MemoryUsage of job (MB)
	695912  -  ResidentSetSize of job (KB)
...
006 (15949295.499.000) 2026-02-12 17:51:37 Image size of job updated: 696036
	680  -  MemoryUsage of job (MB)
	695928  -  ResidentSetSize of job (KB)
...
006 (15949295.499.000) 2026-02-12 17:56:38 Image size of job updated: 696288
	680  -  MemoryUsage of job (MB)
	696208  -  ResidentSetSize of job (KB)
...
006 (15949295.499.000) 2026-02-12 18:01:38 Image size of job updated: 696516
	681  -  MemoryUsage of job (MB)
	696516  -  ResidentSetSize of job (KB)
...
006 (15949295.499.000) 2026-02-12 18:06:39 Image size of job updated: 696560
	681  -  MemoryUsage of job (MB)
	696560  -  ResidentSetSize of job (KB)
...
006 (15949295.499.000) 2026-02-12 18:11:40 Image size of job updated: 696804
	681  -  MemoryUsage of job (MB)
	696804  -  ResidentSetSize of job (KB)
...
006 (15949295.499.000) 2026-02-12 18:21:41 Image size of job updated: 699504
	684  -  MemoryUsage of job (MB)
	699504  -  ResidentSetSize of job (KB)
...
006 (15949295.499.000) 2026-02-12 18:41:44 Image size of job updated: 699512
	684  -  MemoryUsage of job (MB)
	699512  -  ResidentSetSize of job (KB)
...
006 (15949295.499.000) 2026-02-12 18:46:44 Image size of job updated: 699760
	684  -  MemoryUsage of job (MB)
	699760  -  ResidentSetSize of job (KB)
...
006 (15949295.499.000) 2026-02-12 19:16:47 Image size of job updated: 699800
	684  -  MemoryUsage of job (MB)
	699800  -  ResidentSetSize of job (KB)
...
006 (15949295.499.000) 2026-02-12 19:21:49 Image size of job updated: 700016
	684  -  MemoryUsage of job (MB)
	700016  -  ResidentSetSize of job (KB)
...
006 (15949295.499.000) 2026-02-12 19:51:51 Image size of job updated: 700032
	684  -  MemoryUsage of job (MB)
	700032  -  ResidentSetSize of job (KB)
...
006 (15949295.499.000) 2026-02-12 19:56:51 Image size of job updated: 701632
	686  -  MemoryUsage of job (MB)
	701632  -  ResidentSetSize of job (KB)
...
006 (15949295.499.000) 2026-02-12 20:26:54 Image size of job updated: 701656
	686  -  MemoryUsage of job (MB)
	701656  -  ResidentSetSize of job (KB)
...
006 (15949295.499.000) 2026-02-12 20:31:55 Image size of job updated: 701888
	686  -  MemoryUsage of job (MB)
	701888  -  ResidentSetSize of job (KB)
...
006 (15949295.499.000) 2026-02-12 20:36:56 Image size of job updated: 702248
	686  -  MemoryUsage of job (MB)
	702248  -  ResidentSetSize of job (KB)
...
006 (15949295.499.000) 2026-02-12 21:07:00 Image size of job updated: 702256
	686  -  MemoryUsage of job (MB)
	702256  -  ResidentSetSize of job (KB)
...
006 (15949295.499.000) 2026-02-12 21:12:00 Image size of job updated: 702504
	687  -  MemoryUsage of job (MB)
	702504  -  ResidentSetSize of job (KB)
...
006 (15949295.499.000) 2026-02-12 21:42:02 Image size of job updated: 702760
	687  -  MemoryUsage of job (MB)
	702760  -  ResidentSetSize of job (KB)
...
006 (15949295.499.000) 2026-02-12 21:47:03 Image size of job updated: 703696
	688  -  MemoryUsage of job (MB)
	703696  -  ResidentSetSize of job (KB)
...
006 (15949295.499.000) 2026-02-12 21:52:03 Image size of job updated: 703756
	688  -  MemoryUsage of job (MB)
	703696  -  ResidentSetSize of job (KB)
...
006 (15949295.499.000) 2026-02-12 21:57:03 Image size of job updated: 704520
	689  -  MemoryUsage of job (MB)
	704520  -  ResidentSetSize of job (KB)
...
006 (15949295.499.000) 2026-02-12 22:07:04 Image size of job updated: 706836
	691  -  MemoryUsage of job (MB)
	706836  -  ResidentSetSize of job (KB)
...
006 (15949295.499.000) 2026-02-12 22:17:06 Image size of job updated: 707280
	691  -  MemoryUsage of job (MB)
	707280  -  ResidentSetSize of job (KB)
...
006 (15949295.499.000) 2026-02-12 22:57:11 Image size of job updated: 707788
	692  -  MemoryUsage of job (MB)
	707788  -  ResidentSetSize of job (KB)
...
006 (15949295.499.000) 2026-02-12 23:12:13 Image size of job updated: 707888
	692  -  MemoryUsage of job (MB)
	707888  -  ResidentSetSize of job (KB)
...
006 (15949295.499.000) 2026-02-12 23:17:14 Image size of job updated: 709052
	693  -  MemoryUsage of job (MB)
	709052  -  ResidentSetSize of job (KB)
...
006 (15949295.499.000) 2026-02-12 23:22:14 Image size of job updated: 709556
	693  -  MemoryUsage of job (MB)
	709556  -  ResidentSetSize of job (KB)
...
006 (15949295.499.000) 2026-02-12 23:32:15 Image size of job updated: 713164
	697  -  MemoryUsage of job (MB)
	713164  -  ResidentSetSize of job (KB)
...
006 (15949295.499.000) 2026-02-12 23:37:15 Image size of job updated: 713296
	697  -  MemoryUsage of job (MB)
	713296  -  ResidentSetSize of job (KB)
...
006 (15949295.499.000) 2026-02-12 23:42:16 Image size of job updated: 713340
	697  -  MemoryUsage of job (MB)
	713340  -  ResidentSetSize of job (KB)
...
006 (15949295.499.000) 2026-02-13 01:57:29 Image size of job updated: 713360
	697  -  MemoryUsage of job (MB)
	713360  -  ResidentSetSize of job (KB)
...
006 (15949295.499.000) 2026-02-13 02:17:31 Image size of job updated: 714056
	698  -  MemoryUsage of job (MB)
	714056  -  ResidentSetSize of job (KB)
...
006 (15949295.499.000) 2026-02-13 02:22:32 Image size of job updated: 714080
	698  -  MemoryUsage of job (MB)
	714080  -  ResidentSetSize of job (KB)
...
006 (15949295.499.000) 2026-02-13 03:37:38 Image size of job updated: 777660
	754  -  MemoryUsage of job (MB)
	771572  -  ResidentSetSize of job (KB)
...
006 (15949295.499.000) 2026-02-13 03:47:39 Image size of job updated: 779032
	754  -  MemoryUsage of job (MB)
	771572  -  ResidentSetSize of job (KB)
...
006 (15949295.499.000) 2026-02-13 03:52:40 Image size of job updated: 779216
	754  -  MemoryUsage of job (MB)
	771572  -  ResidentSetSize of job (KB)
...
006 (15949295.499.000) 2026-02-13 03:57:40 Image size of job updated: 779468
	759  -  MemoryUsage of job (MB)
	776844  -  ResidentSetSize of job (KB)
...
006 (15949295.499.000) 2026-02-13 04:02:41 Image size of job updated: 779564
	762  -  MemoryUsage of job (MB)
	779352  -  ResidentSetSize of job (KB)
...
006 (15949295.499.000) 2026-02-13 04:07:42 Image size of job updated: 782548
	762  -  MemoryUsage of job (MB)
	779352  -  ResidentSetSize of job (KB)
...
006 (15949295.499.000) 2026-02-13 04:12:42 Image size of job updated: 782592
	762  -  MemoryUsage of job (MB)
	780268  -  ResidentSetSize of job (KB)
...
006 (15949295.499.000) 2026-02-13 05:22:48 Image size of job updated: 782604
	763  -  MemoryUsage of job (MB)
	781272  -  ResidentSetSize of job (KB)
...
006 (15949295.499.000) 2026-02-13 05:27:49 Image size of job updated: 782608
	763  -  MemoryUsage of job (MB)
	781272  -  ResidentSetSize of job (KB)
...
006 (15949295.499.000) 2026-02-13 05:57:51 Image size of job updated: 782608
	764  -  MemoryUsage of job (MB)
	781640  -  ResidentSetSize of job (KB)
...
006 (15949295.499.000) 2026-02-13 07:12:57 Image size of job updated: 782608
	764  -  MemoryUsage of job (MB)
	781792  -  ResidentSetSize of job (KB)
...
006 (15949295.499.000) 2026-02-13 07:38:00 Image size of job updated: 782932
	764  -  MemoryUsage of job (MB)
	782308  -  ResidentSetSize of job (KB)
...
006 (15949295.499.000) 2026-02-13 07:43:00 Image size of job updated: 782984
	764  -  MemoryUsage of job (MB)
	782308  -  ResidentSetSize of job (KB)
...
006 (15949295.499.000) 2026-02-13 07:48:01 Image size of job updated: 782984
	765  -  MemoryUsage of job (MB)
	782768  -  ResidentSetSize of job (KB)
...
006 (15949295.499.000) 2026-02-13 08:18:05 Image size of job updated: 783176
	765  -  MemoryUsage of job (MB)
	782768  -  ResidentSetSize of job (KB)
...
006 (15949295.499.000) 2026-02-13 08:58:08 Image size of job updated: 783252
	765  -  MemoryUsage of job (MB)
	782768  -  ResidentSetSize of job (KB)
...
006 (15949295.499.000) 2026-02-13 09:18:10 Image size of job updated: 783252
	765  -  MemoryUsage of job (MB)
	783028  -  ResidentSetSize of job (KB)
...
006 (15949295.499.000) 2026-02-13 10:38:19 Image size of job updated: 783444
	765  -  MemoryUsage of job (MB)
	783028  -  ResidentSetSize of job (KB)
...
006 (15949295.499.000) 2026-02-13 11:08:21 Image size of job updated: 783548
	766  -  MemoryUsage of job (MB)
	783548  -  ResidentSetSize of job (KB)
...
006 (15949295.499.000) 2026-02-13 12:33:30 Image size of job updated: 783724
	766  -  MemoryUsage of job (MB)
	783548  -  ResidentSetSize of job (KB)
...
006 (15949295.499.000) 2026-02-13 12:43:31 Image size of job updated: 783840
	766  -  MemoryUsage of job (MB)
	783548  -  ResidentSetSize of job (KB)
...
006 (15949295.499.000) 2026-02-13 13:08:33 Image size of job updated: 783892
	766  -  MemoryUsage of job (MB)
	783548  -  ResidentSetSize of job (KB)
...
006 (15949295.499.000) 2026-02-13 13:23:34 Image size of job updated: 783892
	766  -  MemoryUsage of job (MB)
	783764  -  ResidentSetSize of job (KB)
...
006 (15949295.499.000) 2026-02-13 13:33:34 Image size of job updated: 783916
	766  -  MemoryUsage of job (MB)
	783764  -  ResidentSetSize of job (KB)
...
006 (15949295.499.000) 2026-02-13 13:53:36 Image size of job updated: 785052
	767  -  MemoryUsage of job (MB)
	784508  -  ResidentSetSize of job (KB)
...
006 (15949295.499.000) 2026-02-13 16:23:52 Image size of job updated: 785116
	767  -  MemoryUsage of job (MB)
	784508  -  ResidentSetSize of job (KB)
...
006 (15949295.499.000) 2026-02-13 16:38:53 Image size of job updated: 785116
	767  -  MemoryUsage of job (MB)
	784876  -  ResidentSetSize of job (KB)
...
006 (15949295.499.000) 2026-02-13 16:43:53 Image size of job updated: 785116
	767  -  MemoryUsage of job (MB)
	785112  -  ResidentSetSize of job (KB)
...
006 (15949295.499.000) 2026-02-13 16:48:54 Image size of job updated: 785152
	767  -  MemoryUsage of job (MB)
	785112  -  ResidentSetSize of job (KB)
...
006 (15949295.499.000) 2026-02-13 16:58:54 Image size of job updated: 785280
	767  -  MemoryUsage of job (MB)
	785280  -  ResidentSetSize of job (KB)
...
006 (15949295.499.000) 2026-02-13 17:08:55 Image size of job updated: 785292
	767  -  MemoryUsage of job (MB)
	785280  -  ResidentSetSize of job (KB)
...
006 (15949295.499.000) 2026-02-13 18:14:00 Image size of job updated: 785856
	767  -  MemoryUsage of job (MB)
	785280  -  ResidentSetSize of job (KB)
...
006 (15949295.499.000) 2026-02-13 18:49:05 Image size of job updated: 785856
	768  -  MemoryUsage of job (MB)
	785684  -  ResidentSetSize of job (KB)
...
006 (15949295.499.000) 2026-02-13 19:29:10 Image size of job updated: 786204
	768  -  MemoryUsage of job (MB)
	786204  -  ResidentSetSize of job (KB)
...
006 (15949295.499.000) 2026-02-13 20:04:14 Image size of job updated: 786732
	768  -  MemoryUsage of job (MB)
	786204  -  ResidentSetSize of job (KB)
...
006 (15949295.499.000) 2026-02-13 20:09:14 Image size of job updated: 786908
	768  -  MemoryUsage of job (MB)
	786204  -  ResidentSetSize of job (KB)
...
006 (15949295.499.000) 2026-02-13 20:14:15 Image size of job updated: 786908
	769  -  MemoryUsage of job (MB)
	786776  -  ResidentSetSize of job (KB)
...
006 (15949295.499.000) 2026-02-13 21:54:23 Image size of job updated: 786908
	769  -  MemoryUsage of job (MB)
	786784  -  ResidentSetSize of job (KB)
...
006 (15949295.499.000) 2026-02-13 23:24:33 Image size of job updated: 787128
	769  -  MemoryUsage of job (MB)
	786784  -  ResidentSetSize of job (KB)
...
006 (15949295.499.000) 2026-02-13 23:29:34 Image size of job updated: 787164
	769  -  MemoryUsage of job (MB)
	786784  -  ResidentSetSize of job (KB)
...
006 (15949295.499.000) 2026-02-14 07:40:26 Image size of job updated: 787164
	769  -  MemoryUsage of job (MB)
	786856  -  ResidentSetSize of job (KB)
...
006 (15949295.499.000) 2026-02-14 08:20:32 Image size of job updated: 787164
	769  -  MemoryUsage of job (MB)
	786952  -  ResidentSetSize of job (KB)
...
006 (15949295.499.000) 2026-02-14 08:55:36 Image size of job updated: 787164
	769  -  MemoryUsage of job (MB)
	787108  -  ResidentSetSize of job (KB)
...
006 (15949295.499.000) 2026-02-14 10:40:50 Image size of job updated: 787544
	769  -  MemoryUsage of job (MB)
	787108  -  ResidentSetSize of job (KB)
...
006 (15949295.499.000) 2026-02-14 10:45:51 Image size of job updated: 787560
	769  -  MemoryUsage of job (MB)
	787108  -  ResidentSetSize of job (KB)
...
006 (15949295.499.000) 2026-02-14 11:30:57 Image size of job updated: 787560
	769  -  MemoryUsage of job (MB)
	787312  -  ResidentSetSize of job (KB)
...
006 (15949295.499.000) 2026-02-14 11:40:57 Image size of job updated: 787560
	770  -  MemoryUsage of job (MB)
	787460  -  ResidentSetSize of job (KB)
...
021 (15949295.499.000) 2026-02-14 12:05:51 Error from starter on slot1_5@wgs43.zeuthen.desy.de:
	runtime exceeded maximum (target.Runtime seconds)
	Code 21 Subcode 103
...
004 (15949295.499.000) 2026-02-14 12:05:51 Job was evicted.
	(0) CPU times
		Usr 10 23:08:25, Sys 1 07:41:41  -  Run Remote Usage
		Usr 0 00:00:00, Sys 0 00:00:00  -  Run Local Usage
	0  -  Run Bytes Sent By Job
	0  -  Run Bytes Received By Job
	Error from slot1_5@wgs43.zeuthen.desy.de: runtime exceeded maximum (target.Runtime seconds)
	Partitionable Resources :     Usage  Request Allocated 
	   Cpus                 :      7.94        8         8 
	   Disk (KB)            :      1     1024000   1025025 
	   GPUs                 :                            0 
	   Memory (MB)          :    770       16384     16384 
	   TimeSlotBusy (s)     : 172804                       
...
012 (15949295.499.000) 2026-02-14 12:05:51 Job was held.
	Error from slot1_5@wgs43.zeuthen.desy.de: runtime exceeded maximum (target.Runtime seconds)
	Code 21 Subcode 103
...
009 (15949295.499.000) 2026-02-16 17:16:25 Job was aborted.
	via condor_rm (by user tuccia)
...
