~~~~~~~~~~~~~~~~~~~~~~~~~~~~~~

n_qubits: 90, 
r: 84, 
alpha: 0.01, 
shots: 10000, 
ansatz: linear_cnot, 
layer: 1, 
tau: 0.3

time for simulated annealing:  93.06906270980835
Rank 1: Bitstring=101101100101111011011110010100011100110111101001110001110001010100110111110011101010000111, Decimal=881890010764244594114640519, Energy=-78.7416
Rank 2: Bitstring=101101100101111011011111010100011100110111101001110001110001010100100111110011101010000111, Decimal=881890084551220888948652679, Energy=-78.597
Rank 3: Bitstring=101101100101111011011110010100011100110111101001100001110001010100110111110010001010000111, Decimal=881890010764243494603006599, Energy=-78.373
Rank 4: Bitstring=101101101101111011011110010100010100110111101001110001110001010100110011110011101010000110, Decimal=884307862259358664387148422, Energy=-78.3398
Rank 5: Bitstring=101101100101111011011110010100011100100111101001110001110001110100110111110011101010000111, Decimal=881890010759740995024140935, Energy=-78.3064
Rank 6: Bitstring=101101100101111011011110010100011100110111101001110001110001010100110011110011101010000110, Decimal=881890010764244594113591942, Energy=-78.2304
Rank 7: Bitstring=101101100101111011011111010100011100110111101001100001110001010100100111110010001010000111, Decimal=881890084551219789437018759, Energy=-78.2284
Rank 8: Bitstring=101101101101111011011111010100010100110111101001110001110001010100100011110011101010000110, Decimal=884307936046334959221160582, Energy=-78.1952
Rank 9: Bitstring=101101100101111011011111010100011100100111101001110001110001110100100111110011101010000111, Decimal=881890084546717289858153095, Energy=-78.1618
Rank 10: Bitstring=101101100101111011011111010100011100110111101001110001110001010100100011110011101010000110, Decimal=881890084551220888947604102, Energy=-78.0858

E_min from simulated annealing:  -78.7416
Minimum energy: -78.7416
States with energy within 1e-08 of minimum: [881890010764244594114640519]
4


################## Start optimization with initial parameters: [0. 0. 0. 0. 0. 0. 0. 0. 0. 0. 0. 0. 0. 0. 0. 0. 0. 0. 0. 0. 0. 0. 0. 0.
 0. 0. 0. 0. 0. 0. 0. 0. 0. 0. 0. 0. 0. 0. 0. 0. 0. 0. 0. 0. 0. 0. 0. 0.
 0. 0. 0. 0. 0. 0. 0. 0. 0. 0. 0. 0. 0. 0. 0. 0. 0. 0. 0. 0. 0. 0. 0. 0.
 0. 0. 0. 0. 0. 0. 0. 0. 0. 0. 0. 0. 0. 0. 0. 0. 0. 0. 0. 0. 0. 0. 0. 0.
 0. 0. 0. 0. 0. 0. 0. 0. 0. 0. 0. 0. 0. 0. 0. 0. 0. 0. 0. 0. 0. 0. 0. 0.
 0. 0. 0. 0. 0. 0. 0. 0. 0. 0. 0. 0. 0. 0. 0. 0. 0. 0. 0. 0. 0. 0. 0. 0.
 0. 0. 0. 0. 0. 0. 0. 0. 0. 0. 0. 0. 0. 0. 0. 0. 0. 0. 0. 0. 0. 0. 0. 0.
 0. 0. 0. 0. 0. 0. 0. 0. 0. 0. 0. 0. 0. 0. 0. 0. 0. 0. 0. 0. 0. 0. 0. 0.
 0. 0. 0. 0. 0. 0. 0. 0. 0. 0. 0. 0. 0. 0. 0. 0. 0. 0. 0. 0. 0. 0. 0. 0.
 0. 0. 0. 0. 0. 0. 0. 0. 0. 0. 0. 0. 0. 0. 0. 0. 0. 0. 0. 0. 0. 0. 0. 0.
 0. 0. 0. 0. 0. 0. 0. 0. 0. 0. 0. 0. 0. 0. 0. 0. 0. 0. 0. 0. 0. 0. 0. 0.
 0. 0. 0. 0. 0. 0. 0. 0. 0. 0. 0. 0. 0. 0. 0. 0. 0. 0. 0. 0. 0. 0. 0. 0.
 0. 0. 0. 0. 0. 0. 0. 0. 0. 0. 0. 0. 0. 0. 0. 0. 0. 0. 0. 0. 0. 0. 0. 0.
 0. 0. 0. 0. 0. 0. 0. 0. 0. 0. 0. 0. 0. 0. 0. 0. 0. 0. 0. 0. 0. 0. 0. 0.
 0. 0. 0. 0. 0. 0. 0. 0. 0. 0. 0. 0. 0. 0. 0. 0. 0. 0. 0. 0. 0. 0. 0. 0.]
Write sucessfully to ./data/data_shots_10000_layer_1/alpha_0.01/N_90/r_84/ansatz_type_linear_cnot/initialization_zeros

vqe.cvar_eval[0]: -22.38105200000001 , min_cvar: -41.221634000000016 , opt_cvar: -41.221634000000016

vqe.poss_eval[-1]: 0 vqe.poss_eval[0] 0  , max_poss: 0 , opt_poss: 0

vqe.r_eval[-1]: 0.5049333770205331 vqe.r_eval[0]: 0.2842341532303129 max_r: 0.5235051611854472 , min_r: 0.2755514746969836
