000 (15756407.844.000) 2026-02-06 11:26:12 Job submitted from host: <141.34.103.35:9618?addrs=141.34.103.35-9618+[2001-638-700-f067--1-23]-9618&alias=wgs39.zeuthen.desy.de&noUDP&sock=schedd_7414_f73f>
...
009 (15756407.844.000) 2026-02-10 11:42:42 Job was aborted.
	via condor_rm (by user tuccia)
...
000 (15949294.563.000) 2026-02-10 11:45:21 Job submitted from host: <141.34.103.35:9618?addrs=141.34.103.35-9618+[2001-638-700-f067--1-23]-9618&alias=wgs39.zeuthen.desy.de&noUDP&sock=schedd_7302_24a3>
...
009 (15949294.563.000) 2026-02-10 11:45:47 Job was aborted.
	via condor_rm (by user tuccia)
...
000 (15949295.563.000) 2026-02-10 11:46:05 Job submitted from host: <141.34.103.35:9618?addrs=141.34.103.35-9618+[2001-638-700-f067--1-23]-9618&alias=wgs39.zeuthen.desy.de&noUDP&sock=schedd_7302_24a3>
...
001 (15949295.563.000) 2026-02-13 01:07:53 Job executing on host: <141.34.15.200:9618?addrs=141.34.15.200-9618+[2001-638-700-f00f--1-c8]-9618&alias=pizza02.zeuthen.desy.de&noUDP&sock=startd_8244_46da>
	SlotName: slot1_9@pizza02.zeuthen.desy.de
	CondorScratchDir = "/batch/dir_2944976"
	Cpus = 8
	Disk = 1025696
	GPUs = 0
	Memory = 16384
...
006 (15949295.563.000) 2026-02-13 01:08:06 Image size of job updated: 97464
	96  -  MemoryUsage of job (MB)
	97464  -  ResidentSetSize of job (KB)
...
006 (15949295.563.000) 2026-02-13 01:13:06 Image size of job updated: 819944
	536  -  MemoryUsage of job (MB)
	548728  -  ResidentSetSize of job (KB)
...
006 (15949295.563.000) 2026-02-13 01:18:07 Image size of job updated: 819944
	536  -  MemoryUsage of job (MB)
	548732  -  ResidentSetSize of job (KB)
...
006 (15949295.563.000) 2026-02-13 01:28:08 Image size of job updated: 819944
	539  -  MemoryUsage of job (MB)
	551624  -  ResidentSetSize of job (KB)
...
006 (15949295.563.000) 2026-02-13 01:38:09 Image size of job updated: 819944
	552  -  MemoryUsage of job (MB)
	564764  -  ResidentSetSize of job (KB)
...
006 (15949295.563.000) 2026-02-13 01:43:10 Image size of job updated: 819944
	552  -  MemoryUsage of job (MB)
	564768  -  ResidentSetSize of job (KB)
...
006 (15949295.563.000) 2026-02-13 01:53:11 Image size of job updated: 819944
	552  -  MemoryUsage of job (MB)
	565192  -  ResidentSetSize of job (KB)
...
006 (15949295.563.000) 2026-02-13 01:58:12 Image size of job updated: 819944
	553  -  MemoryUsage of job (MB)
	565576  -  ResidentSetSize of job (KB)
...
006 (15949295.563.000) 2026-02-13 02:03:13 Image size of job updated: 819944
	555  -  MemoryUsage of job (MB)
	567800  -  ResidentSetSize of job (KB)
...
006 (15949295.563.000) 2026-02-13 02:08:13 Image size of job updated: 819944
	562  -  MemoryUsage of job (MB)
	575364  -  ResidentSetSize of job (KB)
...
006 (15949295.563.000) 2026-02-13 02:13:14 Image size of job updated: 819944
	569  -  MemoryUsage of job (MB)
	581716  -  ResidentSetSize of job (KB)
...
006 (15949295.563.000) 2026-02-13 02:28:15 Image size of job updated: 819944
	571  -  MemoryUsage of job (MB)
	584664  -  ResidentSetSize of job (KB)
...
006 (15949295.563.000) 2026-02-13 02:33:15 Image size of job updated: 819944
	571  -  MemoryUsage of job (MB)
	584668  -  ResidentSetSize of job (KB)
...
006 (15949295.563.000) 2026-02-13 02:38:15 Image size of job updated: 819944
	606  -  MemoryUsage of job (MB)
	619616  -  ResidentSetSize of job (KB)
...
006 (15949295.563.000) 2026-02-13 02:43:16 Image size of job updated: 819944
	606  -  MemoryUsage of job (MB)
	620024  -  ResidentSetSize of job (KB)
...
006 (15949295.563.000) 2026-02-13 02:58:17 Image size of job updated: 819944
	608  -  MemoryUsage of job (MB)
	621848  -  ResidentSetSize of job (KB)
...
006 (15949295.563.000) 2026-02-13 03:03:17 Image size of job updated: 819944
	622  -  MemoryUsage of job (MB)
	636564  -  ResidentSetSize of job (KB)
...
006 (15949295.563.000) 2026-02-13 03:08:18 Image size of job updated: 819944
	623  -  MemoryUsage of job (MB)
	636940  -  ResidentSetSize of job (KB)
...
006 (15949295.563.000) 2026-02-13 03:13:19 Image size of job updated: 819944
	624  -  MemoryUsage of job (MB)
	638500  -  ResidentSetSize of job (KB)
...
006 (15949295.563.000) 2026-02-13 03:18:19 Image size of job updated: 819944
	642  -  MemoryUsage of job (MB)
	656436  -  ResidentSetSize of job (KB)
...
006 (15949295.563.000) 2026-02-13 03:23:20 Image size of job updated: 819944
	642  -  MemoryUsage of job (MB)
	656460  -  ResidentSetSize of job (KB)
...
006 (15949295.563.000) 2026-02-13 03:28:21 Image size of job updated: 819944
	642  -  MemoryUsage of job (MB)
	656512  -  ResidentSetSize of job (KB)
...
006 (15949295.563.000) 2026-02-13 03:33:21 Image size of job updated: 819944
	642  -  MemoryUsage of job (MB)
	656548  -  ResidentSetSize of job (KB)
...
006 (15949295.563.000) 2026-02-13 03:38:22 Image size of job updated: 819944
	642  -  MemoryUsage of job (MB)
	656584  -  ResidentSetSize of job (KB)
...
006 (15949295.563.000) 2026-02-13 03:43:23 Image size of job updated: 819944
	642  -  MemoryUsage of job (MB)
	657160  -  ResidentSetSize of job (KB)
...
006 (15949295.563.000) 2026-02-13 03:48:23 Image size of job updated: 819944
	642  -  MemoryUsage of job (MB)
	657228  -  ResidentSetSize of job (KB)
...
006 (15949295.563.000) 2026-02-13 03:53:24 Image size of job updated: 819944
	643  -  MemoryUsage of job (MB)
	657560  -  ResidentSetSize of job (KB)
...
006 (15949295.563.000) 2026-02-13 03:58:24 Image size of job updated: 819944
	643  -  MemoryUsage of job (MB)
	657596  -  ResidentSetSize of job (KB)
...
006 (15949295.563.000) 2026-02-13 04:03:24 Image size of job updated: 819944
	643  -  MemoryUsage of job (MB)
	657720  -  ResidentSetSize of job (KB)
...
006 (15949295.563.000) 2026-02-13 04:08:25 Image size of job updated: 819944
	643  -  MemoryUsage of job (MB)
	658180  -  ResidentSetSize of job (KB)
...
006 (15949295.563.000) 2026-02-13 04:13:25 Image size of job updated: 819944
	643  -  MemoryUsage of job (MB)
	658208  -  ResidentSetSize of job (KB)
...
006 (15949295.563.000) 2026-02-13 04:18:25 Image size of job updated: 819944
	652  -  MemoryUsage of job (MB)
	667180  -  ResidentSetSize of job (KB)
...
006 (15949295.563.000) 2026-02-13 04:23:26 Image size of job updated: 819944
	652  -  MemoryUsage of job (MB)
	667612  -  ResidentSetSize of job (KB)
...
006 (15949295.563.000) 2026-02-13 04:28:26 Image size of job updated: 819944
	653  -  MemoryUsage of job (MB)
	667960  -  ResidentSetSize of job (KB)
...
006 (15949295.563.000) 2026-02-13 04:38:27 Image size of job updated: 819944
	653  -  MemoryUsage of job (MB)
	668056  -  ResidentSetSize of job (KB)
...
006 (15949295.563.000) 2026-02-13 04:43:27 Image size of job updated: 819944
	653  -  MemoryUsage of job (MB)
	668080  -  ResidentSetSize of job (KB)
...
006 (15949295.563.000) 2026-02-13 04:48:27 Image size of job updated: 819944
	653  -  MemoryUsage of job (MB)
	668136  -  ResidentSetSize of job (KB)
...
006 (15949295.563.000) 2026-02-13 04:53:28 Image size of job updated: 819944
	662  -  MemoryUsage of job (MB)
	677440  -  ResidentSetSize of job (KB)
...
006 (15949295.563.000) 2026-02-13 04:58:28 Image size of job updated: 819944
	662  -  MemoryUsage of job (MB)
	677824  -  ResidentSetSize of job (KB)
...
006 (15949295.563.000) 2026-02-13 05:03:29 Image size of job updated: 819944
	663  -  MemoryUsage of job (MB)
	678260  -  ResidentSetSize of job (KB)
...
006 (15949295.563.000) 2026-02-13 05:08:30 Image size of job updated: 819944
	663  -  MemoryUsage of job (MB)
	678840  -  ResidentSetSize of job (KB)
...
006 (15949295.563.000) 2026-02-13 05:13:30 Image size of job updated: 819944
	663  -  MemoryUsage of job (MB)
	678856  -  ResidentSetSize of job (KB)
...
006 (15949295.563.000) 2026-02-13 05:18:31 Image size of job updated: 819944
	666  -  MemoryUsage of job (MB)
	680988  -  ResidentSetSize of job (KB)
...
006 (15949295.563.000) 2026-02-13 05:23:32 Image size of job updated: 819944
	666  -  MemoryUsage of job (MB)
	681044  -  ResidentSetSize of job (KB)
...
006 (15949295.563.000) 2026-02-13 05:28:32 Image size of job updated: 819944
	666  -  MemoryUsage of job (MB)
	681332  -  ResidentSetSize of job (KB)
...
006 (15949295.563.000) 2026-02-13 05:33:33 Image size of job updated: 819944
	666  -  MemoryUsage of job (MB)
	681356  -  ResidentSetSize of job (KB)
...
006 (15949295.563.000) 2026-02-13 05:38:34 Image size of job updated: 819944
	666  -  MemoryUsage of job (MB)
	681384  -  ResidentSetSize of job (KB)
...
006 (15949295.563.000) 2026-02-13 05:43:34 Image size of job updated: 819944
	668  -  MemoryUsage of job (MB)
	683064  -  ResidentSetSize of job (KB)
...
006 (15949295.563.000) 2026-02-13 05:48:35 Image size of job updated: 819944
	668  -  MemoryUsage of job (MB)
	683068  -  ResidentSetSize of job (KB)
...
006 (15949295.563.000) 2026-02-13 06:13:37 Image size of job updated: 819944
	668  -  MemoryUsage of job (MB)
	683084  -  ResidentSetSize of job (KB)
...
006 (15949295.563.000) 2026-02-13 06:18:38 Image size of job updated: 819944
	668  -  MemoryUsage of job (MB)
	683304  -  ResidentSetSize of job (KB)
...
006 (15949295.563.000) 2026-02-13 06:23:38 Image size of job updated: 819944
	669  -  MemoryUsage of job (MB)
	684416  -  ResidentSetSize of job (KB)
...
006 (15949295.563.000) 2026-02-13 06:33:39 Image size of job updated: 819944
	669  -  MemoryUsage of job (MB)
	684460  -  ResidentSetSize of job (KB)
...
006 (15949295.563.000) 2026-02-13 06:38:39 Image size of job updated: 819944
	669  -  MemoryUsage of job (MB)
	684496  -  ResidentSetSize of job (KB)
...
006 (15949295.563.000) 2026-02-13 06:43:39 Image size of job updated: 819944
	669  -  MemoryUsage of job (MB)
	684780  -  ResidentSetSize of job (KB)
...
006 (15949295.563.000) 2026-02-13 06:48:40 Image size of job updated: 819944
	688  -  MemoryUsage of job (MB)
	703920  -  ResidentSetSize of job (KB)
...
006 (15949295.563.000) 2026-02-13 06:53:40 Image size of job updated: 819944
	689  -  MemoryUsage of job (MB)
	704688  -  ResidentSetSize of job (KB)
...
006 (15949295.563.000) 2026-02-13 06:58:41 Image size of job updated: 819944
	689  -  MemoryUsage of job (MB)
	704992  -  ResidentSetSize of job (KB)
...
006 (15949295.563.000) 2026-02-13 07:03:42 Image size of job updated: 819944
	689  -  MemoryUsage of job (MB)
	705308  -  ResidentSetSize of job (KB)
...
006 (15949295.563.000) 2026-02-13 07:13:43 Image size of job updated: 819944
	689  -  MemoryUsage of job (MB)
	705428  -  ResidentSetSize of job (KB)
...
006 (15949295.563.000) 2026-02-13 07:18:44 Image size of job updated: 819944
	689  -  MemoryUsage of job (MB)
	705516  -  ResidentSetSize of job (KB)
...
006 (15949295.563.000) 2026-02-13 07:33:45 Image size of job updated: 819944
	689  -  MemoryUsage of job (MB)
	705528  -  ResidentSetSize of job (KB)
...
006 (15949295.563.000) 2026-02-13 07:38:45 Image size of job updated: 819944
	690  -  MemoryUsage of job (MB)
	705564  -  ResidentSetSize of job (KB)
...
006 (15949295.563.000) 2026-02-13 07:43:46 Image size of job updated: 819944
	691  -  MemoryUsage of job (MB)
	706656  -  ResidentSetSize of job (KB)
...
006 (15949295.563.000) 2026-02-13 07:58:47 Image size of job updated: 819944
	691  -  MemoryUsage of job (MB)
	706828  -  ResidentSetSize of job (KB)
...
006 (15949295.563.000) 2026-02-13 08:03:47 Image size of job updated: 819944
	691  -  MemoryUsage of job (MB)
	706856  -  ResidentSetSize of job (KB)
...
006 (15949295.563.000) 2026-02-13 08:08:47 Image size of job updated: 819944
	691  -  MemoryUsage of job (MB)
	706884  -  ResidentSetSize of job (KB)
...
006 (15949295.563.000) 2026-02-13 08:13:48 Image size of job updated: 819944
	698  -  MemoryUsage of job (MB)
	714312  -  ResidentSetSize of job (KB)
...
006 (15949295.563.000) 2026-02-13 08:18:48 Image size of job updated: 819944
	699  -  MemoryUsage of job (MB)
	714800  -  ResidentSetSize of job (KB)
...
006 (15949295.563.000) 2026-02-13 08:38:51 Image size of job updated: 819944
	699  -  MemoryUsage of job (MB)
	714952  -  ResidentSetSize of job (KB)
...
006 (15949295.563.000) 2026-02-13 08:43:52 Image size of job updated: 819944
	699  -  MemoryUsage of job (MB)
	715272  -  ResidentSetSize of job (KB)
...
006 (15949295.563.000) 2026-02-13 08:48:52 Image size of job updated: 819944
	701  -  MemoryUsage of job (MB)
	717044  -  ResidentSetSize of job (KB)
...
006 (15949295.563.000) 2026-02-13 08:53:53 Image size of job updated: 819944
	701  -  MemoryUsage of job (MB)
	717308  -  ResidentSetSize of job (KB)
...
006 (15949295.563.000) 2026-02-13 08:58:54 Image size of job updated: 819944
	701  -  MemoryUsage of job (MB)
	717392  -  ResidentSetSize of job (KB)
...
006 (15949295.563.000) 2026-02-13 09:03:54 Image size of job updated: 819944
	702  -  MemoryUsage of job (MB)
	718164  -  ResidentSetSize of job (KB)
...
006 (15949295.563.000) 2026-02-13 09:38:57 Image size of job updated: 819944
	705  -  MemoryUsage of job (MB)
	721756  -  ResidentSetSize of job (KB)
...
006 (15949295.563.000) 2026-02-13 09:43:57 Image size of job updated: 819944
	705  -  MemoryUsage of job (MB)
	721912  -  ResidentSetSize of job (KB)
...
006 (15949295.563.000) 2026-02-13 09:53:59 Image size of job updated: 819944
	706  -  MemoryUsage of job (MB)
	722020  -  ResidentSetSize of job (KB)
...
006 (15949295.563.000) 2026-02-13 09:58:59 Image size of job updated: 819944
	706  -  MemoryUsage of job (MB)
	722360  -  ResidentSetSize of job (KB)
...
006 (15949295.563.000) 2026-02-13 10:04:00 Image size of job updated: 819944
	706  -  MemoryUsage of job (MB)
	722460  -  ResidentSetSize of job (KB)
...
006 (15949295.563.000) 2026-02-13 10:39:05 Image size of job updated: 819944
	706  -  MemoryUsage of job (MB)
	722480  -  ResidentSetSize of job (KB)
...
006 (15949295.563.000) 2026-02-13 10:49:06 Image size of job updated: 819944
	706  -  MemoryUsage of job (MB)
	722536  -  ResidentSetSize of job (KB)
...
006 (15949295.563.000) 2026-02-13 10:54:06 Image size of job updated: 819944
	706  -  MemoryUsage of job (MB)
	722716  -  ResidentSetSize of job (KB)
...
006 (15949295.563.000) 2026-02-13 11:14:07 Image size of job updated: 819944
	706  -  MemoryUsage of job (MB)
	722812  -  ResidentSetSize of job (KB)
...
006 (15949295.563.000) 2026-02-13 11:19:08 Image size of job updated: 819944
	707  -  MemoryUsage of job (MB)
	722972  -  ResidentSetSize of job (KB)
...
006 (15949295.563.000) 2026-02-13 12:04:12 Image size of job updated: 819944
	707  -  MemoryUsage of job (MB)
	722988  -  ResidentSetSize of job (KB)
...
006 (15949295.563.000) 2026-02-13 12:09:12 Image size of job updated: 819944
	707  -  MemoryUsage of job (MB)
	723228  -  ResidentSetSize of job (KB)
...
006 (15949295.563.000) 2026-02-13 12:29:14 Image size of job updated: 819944
	709  -  MemoryUsage of job (MB)
	725524  -  ResidentSetSize of job (KB)
...
006 (15949295.563.000) 2026-02-13 12:34:14 Image size of job updated: 819944
	709  -  MemoryUsage of job (MB)
	725748  -  ResidentSetSize of job (KB)
...
006 (15949295.563.000) 2026-02-13 18:04:48 Image size of job updated: 819944
	738  -  MemoryUsage of job (MB)
	755476  -  ResidentSetSize of job (KB)
...
006 (15949295.563.000) 2026-02-13 18:14:49 Image size of job updated: 819944
	739  -  MemoryUsage of job (MB)
	756604  -  ResidentSetSize of job (KB)
...
006 (15949295.563.000) 2026-02-13 18:19:50 Image size of job updated: 819944
	746  -  MemoryUsage of job (MB)
	763360  -  ResidentSetSize of job (KB)
...
006 (15949295.563.000) 2026-02-13 18:24:51 Image size of job updated: 819944
	757  -  MemoryUsage of job (MB)
	775048  -  ResidentSetSize of job (KB)
...
006 (15949295.563.000) 2026-02-13 18:49:55 Image size of job updated: 819944
	759  -  MemoryUsage of job (MB)
	776440  -  ResidentSetSize of job (KB)
...
006 (15949295.563.000) 2026-02-13 18:59:55 Image size of job updated: 819944
	759  -  MemoryUsage of job (MB)
	776672  -  ResidentSetSize of job (KB)
...
006 (15949295.563.000) 2026-02-14 00:20:27 Image size of job updated: 819944
	760  -  MemoryUsage of job (MB)
	777904  -  ResidentSetSize of job (KB)
...
006 (15949295.563.000) 2026-02-14 02:35:40 Image size of job updated: 819944
	761  -  MemoryUsage of job (MB)
	778652  -  ResidentSetSize of job (KB)
...
006 (15949295.563.000) 2026-02-14 04:00:48 Image size of job updated: 819944
	762  -  MemoryUsage of job (MB)
	779728  -  ResidentSetSize of job (KB)
...
006 (15949295.563.000) 2026-02-14 05:10:57 Image size of job updated: 819944
	762  -  MemoryUsage of job (MB)
	780232  -  ResidentSetSize of job (KB)
...
006 (15949295.563.000) 2026-02-14 05:20:58 Image size of job updated: 819944
	763  -  MemoryUsage of job (MB)
	780704  -  ResidentSetSize of job (KB)
...
006 (15949295.563.000) 2026-02-14 07:51:12 Image size of job updated: 819944
	763  -  MemoryUsage of job (MB)
	781304  -  ResidentSetSize of job (KB)
...
006 (15949295.563.000) 2026-02-14 07:56:13 Image size of job updated: 819944
	764  -  MemoryUsage of job (MB)
	781328  -  ResidentSetSize of job (KB)
...
006 (15949295.563.000) 2026-02-14 08:01:13 Image size of job updated: 819944
	764  -  MemoryUsage of job (MB)
	781456  -  ResidentSetSize of job (KB)
...
006 (15949295.563.000) 2026-02-14 09:21:21 Image size of job updated: 819944
	764  -  MemoryUsage of job (MB)
	781520  -  ResidentSetSize of job (KB)
...
006 (15949295.563.000) 2026-02-14 09:46:24 Image size of job updated: 819944
	764  -  MemoryUsage of job (MB)
	781544  -  ResidentSetSize of job (KB)
...
006 (15949295.563.000) 2026-02-14 11:06:31 Image size of job updated: 819944
	764  -  MemoryUsage of job (MB)
	781700  -  ResidentSetSize of job (KB)
...
006 (15949295.563.000) 2026-02-14 11:11:32 Image size of job updated: 819944
	766  -  MemoryUsage of job (MB)
	783520  -  ResidentSetSize of job (KB)
...
006 (15949295.563.000) 2026-02-14 18:02:18 Image size of job updated: 819944
	766  -  MemoryUsage of job (MB)
	783580  -  ResidentSetSize of job (KB)
...
006 (15949295.563.000) 2026-02-14 21:52:40 Image size of job updated: 819944
	766  -  MemoryUsage of job (MB)
	784060  -  ResidentSetSize of job (KB)
...
006 (15949295.563.000) 2026-02-14 22:22:42 Image size of job updated: 819944
	766  -  MemoryUsage of job (MB)
	784132  -  ResidentSetSize of job (KB)
...
006 (15949295.563.000) 2026-02-14 22:27:42 Image size of job updated: 819944
	766  -  MemoryUsage of job (MB)
	784224  -  ResidentSetSize of job (KB)
...
006 (15949295.563.000) 2026-02-14 22:57:46 Image size of job updated: 819944
	767  -  MemoryUsage of job (MB)
	785152  -  ResidentSetSize of job (KB)
...
021 (15949295.563.000) 2026-02-15 01:07:56 Error from starter on slot1_9@pizza02.zeuthen.desy.de:
	runtime exceeded maximum (target.Runtime seconds)
	Code 21 Subcode 103
...
004 (15949295.563.000) 2026-02-15 01:07:56 Job was evicted.
	(0) CPU times
		Usr 10 21:08:14, Sys 1 11:34:39  -  Run Remote Usage
		Usr 0 00:00:00, Sys 0 00:00:00  -  Run Local Usage
	0  -  Run Bytes Sent By Job
	0  -  Run Bytes Received By Job
	Error from slot1_9@pizza02.zeuthen.desy.de: runtime exceeded maximum (target.Runtime seconds)
	Partitionable Resources :     Usage  Request Allocated 
	   Cpus                 :      7.91        8         8 
	   Disk (KB)            :      1     1024000   1025696 
	   GPUs                 :                            0 
	   Memory (MB)          :    767       16384     16384 
	   TimeSlotBusy (s)     : 172803                       
...
012 (15949295.563.000) 2026-02-15 01:07:56 Job was held.
	Error from slot1_9@pizza02.zeuthen.desy.de: runtime exceeded maximum (target.Runtime seconds)
	Code 21 Subcode 103
...
009 (15949295.563.000) 2026-02-16 17:16:25 Job was aborted.
	via condor_rm (by user tuccia)
...
