000 (15756407.666.000) 2026-02-06 11:26:11 Job submitted from host: <141.34.103.35:9618?addrs=141.34.103.35-9618+[2001-638-700-f067--1-23]-9618&alias=wgs39.zeuthen.desy.de&noUDP&sock=schedd_7414_f73f>
...
009 (15756407.666.000) 2026-02-10 11:42:40 Job was aborted.
	via condor_rm (by user tuccia)
...
000 (15949294.444.000) 2026-02-10 11:45:21 Job submitted from host: <141.34.103.35:9618?addrs=141.34.103.35-9618+[2001-638-700-f067--1-23]-9618&alias=wgs39.zeuthen.desy.de&noUDP&sock=schedd_7302_24a3>
...
009 (15949294.444.000) 2026-02-10 11:45:46 Job was aborted.
	via condor_rm (by user tuccia)
...
000 (15949295.444.000) 2026-02-10 11:46:05 Job submitted from host: <141.34.103.35:9618?addrs=141.34.103.35-9618+[2001-638-700-f067--1-23]-9618&alias=wgs39.zeuthen.desy.de&noUDP&sock=schedd_7302_24a3>
...
001 (15949295.444.000) 2026-02-12 07:58:09 Job executing on host: <141.34.103.52:9618?addrs=141.34.103.52-9618+[2001-638-700-f067--1-34]-9618&alias=wgs42.zeuthen.desy.de&noUDP&sock=startd_9894_0a1e>
	SlotName: slot1_1@wgs42.zeuthen.desy.de
	CondorScratchDir = "/batch/dir_2254713"
	Cpus = 8
	Disk = 1025025
	GPUs = 0
	Memory = 16384
...
006 (15949295.444.000) 2026-02-12 07:58:23 Image size of job updated: 97464
	96  -  MemoryUsage of job (MB)
	97464  -  ResidentSetSize of job (KB)
...
006 (15949295.444.000) 2026-02-12 08:03:24 Image size of job updated: 825192
	575  -  MemoryUsage of job (MB)
	587908  -  ResidentSetSize of job (KB)
...
006 (15949295.444.000) 2026-02-12 08:08:25 Image size of job updated: 825192
	624  -  MemoryUsage of job (MB)
	638004  -  ResidentSetSize of job (KB)
...
006 (15949295.444.000) 2026-02-12 08:13:25 Image size of job updated: 825192
	640  -  MemoryUsage of job (MB)
	654600  -  ResidentSetSize of job (KB)
...
006 (15949295.444.000) 2026-02-12 08:18:26 Image size of job updated: 825192
	650  -  MemoryUsage of job (MB)
	664664  -  ResidentSetSize of job (KB)
...
006 (15949295.444.000) 2026-02-12 08:23:27 Image size of job updated: 825192
	661  -  MemoryUsage of job (MB)
	676636  -  ResidentSetSize of job (KB)
...
006 (15949295.444.000) 2026-02-12 08:28:27 Image size of job updated: 825192
	664  -  MemoryUsage of job (MB)
	679360  -  ResidentSetSize of job (KB)
...
006 (15949295.444.000) 2026-02-12 08:33:28 Image size of job updated: 825192
	671  -  MemoryUsage of job (MB)
	686928  -  ResidentSetSize of job (KB)
...
006 (15949295.444.000) 2026-02-12 08:38:28 Image size of job updated: 825192
	674  -  MemoryUsage of job (MB)
	690000  -  ResidentSetSize of job (KB)
...
006 (15949295.444.000) 2026-02-12 08:43:28 Image size of job updated: 825192
	679  -  MemoryUsage of job (MB)
	694680  -  ResidentSetSize of job (KB)
...
006 (15949295.444.000) 2026-02-12 08:48:29 Image size of job updated: 825192
	679  -  MemoryUsage of job (MB)
	695040  -  ResidentSetSize of job (KB)
...
006 (15949295.444.000) 2026-02-12 08:53:29 Image size of job updated: 825192
	684  -  MemoryUsage of job (MB)
	699836  -  ResidentSetSize of job (KB)
...
006 (15949295.444.000) 2026-02-12 08:58:29 Image size of job updated: 825192
	684  -  MemoryUsage of job (MB)
	699920  -  ResidentSetSize of job (KB)
...
006 (15949295.444.000) 2026-02-12 09:03:30 Image size of job updated: 825192
	685  -  MemoryUsage of job (MB)
	700568  -  ResidentSetSize of job (KB)
...
006 (15949295.444.000) 2026-02-12 09:08:30 Image size of job updated: 825192
	687  -  MemoryUsage of job (MB)
	702692  -  ResidentSetSize of job (KB)
...
006 (15949295.444.000) 2026-02-12 09:18:31 Image size of job updated: 825192
	690  -  MemoryUsage of job (MB)
	705916  -  ResidentSetSize of job (KB)
...
006 (15949295.444.000) 2026-02-12 09:33:33 Image size of job updated: 825192
	690  -  MemoryUsage of job (MB)
	706196  -  ResidentSetSize of job (KB)
...
006 (15949295.444.000) 2026-02-12 09:53:34 Image size of job updated: 825192
	693  -  MemoryUsage of job (MB)
	709244  -  ResidentSetSize of job (KB)
...
006 (15949295.444.000) 2026-02-12 09:58:35 Image size of job updated: 825192
	696  -  MemoryUsage of job (MB)
	712364  -  ResidentSetSize of job (KB)
...
006 (15949295.444.000) 2026-02-12 10:08:35 Image size of job updated: 825192
	698  -  MemoryUsage of job (MB)
	714312  -  ResidentSetSize of job (KB)
...
006 (15949295.444.000) 2026-02-12 10:13:36 Image size of job updated: 825192
	701  -  MemoryUsage of job (MB)
	717176  -  ResidentSetSize of job (KB)
...
006 (15949295.444.000) 2026-02-12 10:18:36 Image size of job updated: 825192
	701  -  MemoryUsage of job (MB)
	717392  -  ResidentSetSize of job (KB)
...
006 (15949295.444.000) 2026-02-12 10:43:39 Image size of job updated: 825192
	704  -  MemoryUsage of job (MB)
	719944  -  ResidentSetSize of job (KB)
...
006 (15949295.444.000) 2026-02-12 10:48:39 Image size of job updated: 825192
	705  -  MemoryUsage of job (MB)
	721076  -  ResidentSetSize of job (KB)
...
006 (15949295.444.000) 2026-02-12 10:53:40 Image size of job updated: 825192
	773  -  MemoryUsage of job (MB)
	791108  -  ResidentSetSize of job (KB)
...
006 (15949295.444.000) 2026-02-12 11:08:42 Image size of job updated: 825192
	779  -  MemoryUsage of job (MB)
	797228  -  ResidentSetSize of job (KB)
...
