000 (15756404.760.000) 2026-02-06 11:24:36 Job submitted from host: <141.34.103.35:9618?addrs=141.34.103.35-9618+[2001-638-700-f067--1-23]-9618&alias=wgs39.zeuthen.desy.de&noUDP&sock=schedd_7414_f73f>
...
001 (15756404.760.000) 2026-02-07 02:38:54 Job executing on host: <141.34.15.219:9618?addrs=141.34.15.219-9618+[2001-638-700-f00f--1-db]-9618&alias=pizza27.zeuthen.desy.de&noUDP&sock=startd_9020_8c58>
	SlotName: slot1_1@pizza27.zeuthen.desy.de
	CondorScratchDir = "/batch/dir_105770"
	Cpus = 8
	Disk = 1025696
	GPUs = 0
	Memory = 16384
...
006 (15756404.760.000) 2026-02-07 02:39:08 Image size of job updated: 97488
	96  -  MemoryUsage of job (MB)
	97488  -  ResidentSetSize of job (KB)
...
006 (15756404.760.000) 2026-02-07 02:44:09 Image size of job updated: 714984
	534  -  MemoryUsage of job (MB)
	546356  -  ResidentSetSize of job (KB)
...
006 (15756404.760.000) 2026-02-07 02:49:09 Image size of job updated: 714984
	552  -  MemoryUsage of job (MB)
	564884  -  ResidentSetSize of job (KB)
...
006 (15756404.760.000) 2026-02-07 02:54:09 Image size of job updated: 714984
	552  -  MemoryUsage of job (MB)
	564888  -  ResidentSetSize of job (KB)
...
006 (15756404.760.000) 2026-02-07 03:14:11 Image size of job updated: 714984
	552  -  MemoryUsage of job (MB)
	565184  -  ResidentSetSize of job (KB)
...
006 (15756404.760.000) 2026-02-07 03:19:11 Image size of job updated: 714984
	556  -  MemoryUsage of job (MB)
	568448  -  ResidentSetSize of job (KB)
...
006 (15756404.760.000) 2026-02-07 03:54:13 Image size of job updated: 714984
	556  -  MemoryUsage of job (MB)
	568520  -  ResidentSetSize of job (KB)
...
006 (15756404.760.000) 2026-02-07 03:59:14 Image size of job updated: 714984
	556  -  MemoryUsage of job (MB)
	568764  -  ResidentSetSize of job (KB)
...
006 (15756404.760.000) 2026-02-07 04:04:14 Image size of job updated: 714984
	557  -  MemoryUsage of job (MB)
	569788  -  ResidentSetSize of job (KB)
...
006 (15756404.760.000) 2026-02-07 05:19:20 Image size of job updated: 714984
	557  -  MemoryUsage of job (MB)
	569852  -  ResidentSetSize of job (KB)
...
006 (15756404.760.000) 2026-02-07 05:24:20 Image size of job updated: 714984
	557  -  MemoryUsage of job (MB)
	569876  -  ResidentSetSize of job (KB)
...
006 (15756404.760.000) 2026-02-07 05:29:21 Image size of job updated: 714984
	557  -  MemoryUsage of job (MB)
	570116  -  ResidentSetSize of job (KB)
...
006 (15756404.760.000) 2026-02-07 05:39:21 Image size of job updated: 714984
	558  -  MemoryUsage of job (MB)
	570512  -  ResidentSetSize of job (KB)
...
006 (15756404.760.000) 2026-02-07 07:49:36 Image size of job updated: 714984
	558  -  MemoryUsage of job (MB)
	570564  -  ResidentSetSize of job (KB)
...
006 (15756404.760.000) 2026-02-07 07:54:37 Image size of job updated: 714984
	558  -  MemoryUsage of job (MB)
	570612  -  ResidentSetSize of job (KB)
...
006 (15756404.760.000) 2026-02-07 07:59:38 Image size of job updated: 714984
	558  -  MemoryUsage of job (MB)
	570868  -  ResidentSetSize of job (KB)
...
006 (15756404.760.000) 2026-02-07 09:09:47 Image size of job updated: 714984
	558  -  MemoryUsage of job (MB)
	570924  -  ResidentSetSize of job (KB)
...
006 (15756404.760.000) 2026-02-07 09:14:48 Image size of job updated: 714984
	558  -  MemoryUsage of job (MB)
	570964  -  ResidentSetSize of job (KB)
...
006 (15756404.760.000) 2026-02-07 09:39:52 Image size of job updated: 714984
	558  -  MemoryUsage of job (MB)
	570968  -  ResidentSetSize of job (KB)
...
006 (15756404.760.000) 2026-02-07 12:25:05 Image size of job updated: 714984
	558  -  MemoryUsage of job (MB)
	570972  -  ResidentSetSize of job (KB)
...
006 (15756404.760.000) 2026-02-07 12:30:05 Image size of job updated: 714984
	558  -  MemoryUsage of job (MB)
	571228  -  ResidentSetSize of job (KB)
...
005 (15756404.760.000) 2026-02-07 13:50:21 Job terminated.
	(1) Normal termination (return value 0)
		Usr 1 12:22:15, Sys 0 20:56:37  -  Run Remote Usage
		Usr 0 00:00:00, Sys 0 00:00:00  -  Run Local Usage
		Usr 1 12:22:15, Sys 0 20:56:37  -  Total Remote Usage
		Usr 0 00:00:00, Sys 0 00:00:00  -  Total Local Usage
	0  -  Run Bytes Sent By Job
	0  -  Run Bytes Received By Job
	0  -  Total Bytes Sent By Job
	0  -  Total Bytes Received By Job
	Partitionable Resources :    Usage  Request Allocated 
	   Cpus                 :     7.94        8         8 
	   Disk (KB)            :     1     1024000   1025696 
	   GPUs                 :                           0 
	   Memory (MB)          :   558       16384     16384 
	   TimeExecute (s)      : 40287                       
	   TimeSlotBusy (s)     : 40287                       

	Job terminated of its own accord at 2026-02-07T12:50:21Z with exit-code 0.
...
