000 (15756404.707.000) 2026-02-06 11:24:36 Job submitted from host: <141.34.103.35:9618?addrs=141.34.103.35-9618+[2001-638-700-f067--1-23]-9618&alias=wgs39.zeuthen.desy.de&noUDP&sock=schedd_7414_f73f>
...
001 (15756404.707.000) 2026-02-07 01:48:57 Job executing on host: <141.34.15.53:9618?addrs=141.34.15.53-9618+[2001-638-700-f00f--1-35]-9618&alias=pizza24.zeuthen.desy.de&noUDP&sock=startd_8313_9ae3>
	SlotName: slot1_13@pizza24.zeuthen.desy.de
	CondorScratchDir = "/batch/dir_494137"
	Cpus = 8
	Disk = 1025696
	GPUs = 0
	Memory = 16384
...
006 (15756404.707.000) 2026-02-07 01:49:11 Image size of job updated: 97572
	96  -  MemoryUsage of job (MB)
	97572  -  ResidentSetSize of job (KB)
...
006 (15756404.707.000) 2026-02-07 01:54:12 Image size of job updated: 1731560
	1691  -  MemoryUsage of job (MB)
	1731428  -  ResidentSetSize of job (KB)
...
006 (15756404.707.000) 2026-02-07 01:59:13 Image size of job updated: 1770676
	1691  -  MemoryUsage of job (MB)
	1731428  -  ResidentSetSize of job (KB)
...
006 (15756404.707.000) 2026-02-07 02:04:13 Image size of job updated: 1776336
	1697  -  MemoryUsage of job (MB)
	1737524  -  ResidentSetSize of job (KB)
...
006 (15756404.707.000) 2026-02-07 02:09:14 Image size of job updated: 1777332
	1725  -  MemoryUsage of job (MB)
	1765552  -  ResidentSetSize of job (KB)
...
006 (15756404.707.000) 2026-02-07 02:14:15 Image size of job updated: 1779744
	1725  -  MemoryUsage of job (MB)
	1765556  -  ResidentSetSize of job (KB)
...
006 (15756404.707.000) 2026-02-07 02:19:15 Image size of job updated: 1780324
	1725  -  MemoryUsage of job (MB)
	1765556  -  ResidentSetSize of job (KB)
...
006 (15756404.707.000) 2026-02-07 02:29:17 Image size of job updated: 1780324
	1730  -  MemoryUsage of job (MB)
	1770608  -  ResidentSetSize of job (KB)
...
006 (15756404.707.000) 2026-02-07 02:34:17 Image size of job updated: 1781292
	1730  -  MemoryUsage of job (MB)
	1770608  -  ResidentSetSize of job (KB)
...
006 (15756404.707.000) 2026-02-07 03:24:22 Image size of job updated: 1781476
	1730  -  MemoryUsage of job (MB)
	1770608  -  ResidentSetSize of job (KB)
...
006 (15756404.707.000) 2026-02-07 03:29:23 Image size of job updated: 1781720
	1730  -  MemoryUsage of job (MB)
	1770608  -  ResidentSetSize of job (KB)
...
006 (15756404.707.000) 2026-02-07 03:39:23 Image size of job updated: 1781792
	1730  -  MemoryUsage of job (MB)
	1770608  -  ResidentSetSize of job (KB)
...
006 (15756404.707.000) 2026-02-07 03:44:24 Image size of job updated: 1781792
	1730  -  MemoryUsage of job (MB)
	1770912  -  ResidentSetSize of job (KB)
...
006 (15756404.707.000) 2026-02-07 03:49:24 Image size of job updated: 1781792
	1735  -  MemoryUsage of job (MB)
	1776200  -  ResidentSetSize of job (KB)
...
006 (15756404.707.000) 2026-02-07 03:54:24 Image size of job updated: 1781792
	1740  -  MemoryUsage of job (MB)
	1781704  -  ResidentSetSize of job (KB)
...
006 (15756404.707.000) 2026-02-07 03:59:25 Image size of job updated: 1782300
	1741  -  MemoryUsage of job (MB)
	1782264  -  ResidentSetSize of job (KB)
...
006 (15756404.707.000) 2026-02-07 04:04:26 Image size of job updated: 1782300
	1741  -  MemoryUsage of job (MB)
	1782268  -  ResidentSetSize of job (KB)
...
006 (15756404.707.000) 2026-02-07 04:24:28 Image size of job updated: 1782612
	1741  -  MemoryUsage of job (MB)
	1782268  -  ResidentSetSize of job (KB)
...
006 (15756404.707.000) 2026-02-07 04:29:28 Image size of job updated: 1782812
	1741  -  MemoryUsage of job (MB)
	1782268  -  ResidentSetSize of job (KB)
...
006 (15756404.707.000) 2026-02-07 05:04:32 Image size of job updated: 1783096
	1741  -  MemoryUsage of job (MB)
	1782268  -  ResidentSetSize of job (KB)
...
006 (15756404.707.000) 2026-02-07 05:34:35 Image size of job updated: 1783360
	1741  -  MemoryUsage of job (MB)
	1782268  -  ResidentSetSize of job (KB)
...
006 (15756404.707.000) 2026-02-07 05:54:37 Image size of job updated: 1783376
	1741  -  MemoryUsage of job (MB)
	1782268  -  ResidentSetSize of job (KB)
...
006 (15756404.707.000) 2026-02-07 06:04:37 Image size of job updated: 1783548
	1741  -  MemoryUsage of job (MB)
	1782268  -  ResidentSetSize of job (KB)
...
006 (15756404.707.000) 2026-02-07 06:14:38 Image size of job updated: 1783720
	1741  -  MemoryUsage of job (MB)
	1782268  -  ResidentSetSize of job (KB)
...
006 (15756404.707.000) 2026-02-07 06:19:38 Image size of job updated: 1784132
	1741  -  MemoryUsage of job (MB)
	1782268  -  ResidentSetSize of job (KB)
...
006 (15756404.707.000) 2026-02-07 06:39:40 Image size of job updated: 1784328
	1741  -  MemoryUsage of job (MB)
	1782268  -  ResidentSetSize of job (KB)
...
006 (15756404.707.000) 2026-02-07 06:49:41 Image size of job updated: 1784336
	1741  -  MemoryUsage of job (MB)
	1782268  -  ResidentSetSize of job (KB)
...
006 (15756404.707.000) 2026-02-07 07:09:44 Image size of job updated: 1784648
	1741  -  MemoryUsage of job (MB)
	1782268  -  ResidentSetSize of job (KB)
...
006 (15756404.707.000) 2026-02-07 07:19:45 Image size of job updated: 1784744
	1741  -  MemoryUsage of job (MB)
	1782268  -  ResidentSetSize of job (KB)
...
006 (15756404.707.000) 2026-02-07 13:00:17 Image size of job updated: 1785032
	1741  -  MemoryUsage of job (MB)
	1782268  -  ResidentSetSize of job (KB)
...
006 (15756404.707.000) 2026-02-07 13:30:21 Image size of job updated: 1785068
	1741  -  MemoryUsage of job (MB)
	1782268  -  ResidentSetSize of job (KB)
...
006 (15756404.707.000) 2026-02-07 13:45:23 Image size of job updated: 1785720
	1741  -  MemoryUsage of job (MB)
	1782268  -  ResidentSetSize of job (KB)
...
006 (15756404.707.000) 2026-02-07 14:15:25 Image size of job updated: 1785884
	1743  -  MemoryUsage of job (MB)
	1784536  -  ResidentSetSize of job (KB)
...
006 (15756404.707.000) 2026-02-07 14:20:25 Image size of job updated: 1785884
	1743  -  MemoryUsage of job (MB)
	1784540  -  ResidentSetSize of job (KB)
...
006 (15756404.707.000) 2026-02-07 14:25:26 Image size of job updated: 1786032
	1743  -  MemoryUsage of job (MB)
	1784540  -  ResidentSetSize of job (KB)
...
006 (15756404.707.000) 2026-02-07 14:30:27 Image size of job updated: 1786072
	1743  -  MemoryUsage of job (MB)
	1784540  -  ResidentSetSize of job (KB)
...
006 (15756404.707.000) 2026-02-08 02:26:40 Image size of job updated: 1786108
	1743  -  MemoryUsage of job (MB)
	1784540  -  ResidentSetSize of job (KB)
...
006 (15756404.707.000) 2026-02-08 02:46:43 Image size of job updated: 1786188
	1743  -  MemoryUsage of job (MB)
	1784540  -  ResidentSetSize of job (KB)
...
006 (15756404.707.000) 2026-02-08 03:06:45 Image size of job updated: 1786308
	1743  -  MemoryUsage of job (MB)
	1784540  -  ResidentSetSize of job (KB)
...
006 (15756404.707.000) 2026-02-08 03:16:46 Image size of job updated: 1786344
	1743  -  MemoryUsage of job (MB)
	1784540  -  ResidentSetSize of job (KB)
...
021 (15756404.707.000) 2026-02-09 01:49:01 Error from starter on slot1_13@pizza24.zeuthen.desy.de:
	runtime exceeded maximum (target.Runtime seconds)
	Code 21 Subcode 103
...
004 (15756404.707.000) 2026-02-09 01:49:01 Job was evicted.
	(0) CPU times
		Usr 6 10:35:57, Sys 3 09:09:20  -  Run Remote Usage
		Usr 0 00:00:00, Sys 0 00:00:00  -  Run Local Usage
	0  -  Run Bytes Sent By Job
	0  -  Run Bytes Received By Job
	Error from slot1_13@pizza24.zeuthen.desy.de: runtime exceeded maximum (target.Runtime seconds)
	Partitionable Resources :     Usage  Request Allocated 
	   Cpus                 :      7.95        8         8 
	   Disk (KB)            :      1     1024000   1025696 
	   GPUs                 :                            0 
	   Memory (MB)          :   1743       16384     16384 
	   TimeSlotBusy (s)     : 172804                       
...
012 (15756404.707.000) 2026-02-09 01:49:01 Job was held.
	Error from slot1_13@pizza24.zeuthen.desy.de: runtime exceeded maximum (target.Runtime seconds)
	Code 21 Subcode 103
...
009 (15756404.707.000) 2026-02-10 11:42:27 Job was aborted.
	via condor_rm (by user tuccia)
...
