000 (15756407.688.000) 2026-02-06 11:26:11 Job submitted from host: <141.34.103.35:9618?addrs=141.34.103.35-9618+[2001-638-700-f067--1-23]-9618&alias=wgs39.zeuthen.desy.de&noUDP&sock=schedd_7414_f73f>
...
009 (15756407.688.000) 2026-02-10 11:42:40 Job was aborted.
	via condor_rm (by user tuccia)
...
000 (15949294.459.000) 2026-02-10 11:45:21 Job submitted from host: <141.34.103.35:9618?addrs=141.34.103.35-9618+[2001-638-700-f067--1-23]-9618&alias=wgs39.zeuthen.desy.de&noUDP&sock=schedd_7302_24a3>
...
009 (15949294.459.000) 2026-02-10 11:45:46 Job was aborted.
	via condor_rm (by user tuccia)
...
000 (15949295.459.000) 2026-02-10 11:46:05 Job submitted from host: <141.34.103.35:9618?addrs=141.34.103.35-9618+[2001-638-700-f067--1-23]-9618&alias=wgs39.zeuthen.desy.de&noUDP&sock=schedd_7302_24a3>
...
001 (15949295.459.000) 2026-02-12 11:15:33 Job executing on host: <141.34.15.39:9618?addrs=141.34.15.39-9618+[2001-638-700-f00f--1-27]-9618&alias=pizza10.zeuthen.desy.de&noUDP&sock=startd_8177_5201>
	SlotName: slot1_3@pizza10.zeuthen.desy.de
	CondorScratchDir = "/batch/dir_300819"
	Cpus = 8
	Disk = 1025696
	GPUs = 0
	Memory = 16384
...
006 (15949295.459.000) 2026-02-12 11:15:46 Image size of job updated: 97492
	96  -  MemoryUsage of job (MB)
	97492  -  ResidentSetSize of job (KB)
...
006 (15949295.459.000) 2026-02-12 11:20:46 Image size of job updated: 816076
	521  -  MemoryUsage of job (MB)
	532820  -  ResidentSetSize of job (KB)
...
006 (15949295.459.000) 2026-02-12 11:25:46 Image size of job updated: 816076
	539  -  MemoryUsage of job (MB)
	551116  -  ResidentSetSize of job (KB)
...
006 (15949295.459.000) 2026-02-12 11:30:47 Image size of job updated: 816076
	539  -  MemoryUsage of job (MB)
	551120  -  ResidentSetSize of job (KB)
...
006 (15949295.459.000) 2026-02-12 11:40:47 Image size of job updated: 816076
	540  -  MemoryUsage of job (MB)
	552556  -  ResidentSetSize of job (KB)
...
006 (15949295.459.000) 2026-02-12 11:50:48 Image size of job updated: 816076
	553  -  MemoryUsage of job (MB)
	566072  -  ResidentSetSize of job (KB)
...
006 (15949295.459.000) 2026-02-12 12:05:49 Image size of job updated: 816076
	555  -  MemoryUsage of job (MB)
	567620  -  ResidentSetSize of job (KB)
...
006 (15949295.459.000) 2026-02-12 12:15:50 Image size of job updated: 816076
	555  -  MemoryUsage of job (MB)
	567808  -  ResidentSetSize of job (KB)
...
006 (15949295.459.000) 2026-02-12 12:30:51 Image size of job updated: 816076
	572  -  MemoryUsage of job (MB)
	585428  -  ResidentSetSize of job (KB)
...
006 (15949295.459.000) 2026-02-12 12:35:51 Image size of job updated: 816076
	573  -  MemoryUsage of job (MB)
	585740  -  ResidentSetSize of job (KB)
...
006 (15949295.459.000) 2026-02-12 12:40:51 Image size of job updated: 816076
	591  -  MemoryUsage of job (MB)
	604360  -  ResidentSetSize of job (KB)
...
006 (15949295.459.000) 2026-02-12 12:45:52 Image size of job updated: 816076
	591  -  MemoryUsage of job (MB)
	604856  -  ResidentSetSize of job (KB)
...
006 (15949295.459.000) 2026-02-12 12:50:53 Image size of job updated: 816076
	591  -  MemoryUsage of job (MB)
	605088  -  ResidentSetSize of job (KB)
...
006 (15949295.459.000) 2026-02-12 12:55:53 Image size of job updated: 816076
	613  -  MemoryUsage of job (MB)
	626888  -  ResidentSetSize of job (KB)
...
006 (15949295.459.000) 2026-02-12 13:00:54 Image size of job updated: 816076
	623  -  MemoryUsage of job (MB)
	636968  -  ResidentSetSize of job (KB)
...
006 (15949295.459.000) 2026-02-12 13:05:55 Image size of job updated: 816076
	624  -  MemoryUsage of job (MB)
	638908  -  ResidentSetSize of job (KB)
...
006 (15949295.459.000) 2026-02-12 13:10:55 Image size of job updated: 816076
	625  -  MemoryUsage of job (MB)
	639860  -  ResidentSetSize of job (KB)
...
006 (15949295.459.000) 2026-02-12 13:15:56 Image size of job updated: 816076
	627  -  MemoryUsage of job (MB)
	641696  -  ResidentSetSize of job (KB)
...
006 (15949295.459.000) 2026-02-12 13:20:57 Image size of job updated: 816076
	634  -  MemoryUsage of job (MB)
	649008  -  ResidentSetSize of job (KB)
...
006 (15949295.459.000) 2026-02-12 13:25:57 Image size of job updated: 816076
	650  -  MemoryUsage of job (MB)
	665420  -  ResidentSetSize of job (KB)
...
006 (15949295.459.000) 2026-02-12 13:30:58 Image size of job updated: 816076
	654  -  MemoryUsage of job (MB)
	669528  -  ResidentSetSize of job (KB)
...
006 (15949295.459.000) 2026-02-12 13:35:59 Image size of job updated: 816076
	655  -  MemoryUsage of job (MB)
	670248  -  ResidentSetSize of job (KB)
...
006 (15949295.459.000) 2026-02-12 13:40:59 Image size of job updated: 816076
	655  -  MemoryUsage of job (MB)
	670620  -  ResidentSetSize of job (KB)
...
006 (15949295.459.000) 2026-02-12 13:51:01 Image size of job updated: 816076
	656  -  MemoryUsage of job (MB)
	670756  -  ResidentSetSize of job (KB)
...
006 (15949295.459.000) 2026-02-12 14:31:06 Image size of job updated: 816076
	656  -  MemoryUsage of job (MB)
	670996  -  ResidentSetSize of job (KB)
...
006 (15949295.459.000) 2026-02-12 14:36:07 Image size of job updated: 816076
	657  -  MemoryUsage of job (MB)
	672124  -  ResidentSetSize of job (KB)
...
006 (15949295.459.000) 2026-02-12 14:41:07 Image size of job updated: 816076
	662  -  MemoryUsage of job (MB)
	677032  -  ResidentSetSize of job (KB)
...
006 (15949295.459.000) 2026-02-12 14:46:08 Image size of job updated: 816076
	662  -  MemoryUsage of job (MB)
	677400  -  ResidentSetSize of job (KB)
...
006 (15949295.459.000) 2026-02-12 14:51:09 Image size of job updated: 816076
	663  -  MemoryUsage of job (MB)
	678364  -  ResidentSetSize of job (KB)
...
006 (15949295.459.000) 2026-02-12 14:56:09 Image size of job updated: 816076
	663  -  MemoryUsage of job (MB)
	678808  -  ResidentSetSize of job (KB)
...
006 (15949295.459.000) 2026-02-12 15:06:11 Image size of job updated: 816076
	680  -  MemoryUsage of job (MB)
	695724  -  ResidentSetSize of job (KB)
...
006 (15949295.459.000) 2026-02-12 15:11:11 Image size of job updated: 816076
	681  -  MemoryUsage of job (MB)
	696492  -  ResidentSetSize of job (KB)
...
006 (15949295.459.000) 2026-02-12 15:16:12 Image size of job updated: 816076
	681  -  MemoryUsage of job (MB)
	696704  -  ResidentSetSize of job (KB)
...
006 (15949295.459.000) 2026-02-12 15:21:13 Image size of job updated: 816076
	681  -  MemoryUsage of job (MB)
	696720  -  ResidentSetSize of job (KB)
...
006 (15949295.459.000) 2026-02-12 15:26:13 Image size of job updated: 816076
	681  -  MemoryUsage of job (MB)
	696912  -  ResidentSetSize of job (KB)
...
006 (15949295.459.000) 2026-02-12 16:16:20 Image size of job updated: 816076
	693  -  MemoryUsage of job (MB)
	709392  -  ResidentSetSize of job (KB)
...
006 (15949295.459.000) 2026-02-12 16:21:21 Image size of job updated: 816076
	694  -  MemoryUsage of job (MB)
	710116  -  ResidentSetSize of job (KB)
...
006 (15949295.459.000) 2026-02-12 16:36:23 Image size of job updated: 816076
	694  -  MemoryUsage of job (MB)
	710420  -  ResidentSetSize of job (KB)
...
006 (15949295.459.000) 2026-02-12 16:51:25 Image size of job updated: 816076
	694  -  MemoryUsage of job (MB)
	710488  -  ResidentSetSize of job (KB)
...
006 (15949295.459.000) 2026-02-12 16:56:25 Image size of job updated: 816076
	694  -  MemoryUsage of job (MB)
	710512  -  ResidentSetSize of job (KB)
...
006 (15949295.459.000) 2026-02-12 17:01:26 Image size of job updated: 816076
	694  -  MemoryUsage of job (MB)
	710544  -  ResidentSetSize of job (KB)
...
006 (15949295.459.000) 2026-02-12 17:11:27 Image size of job updated: 816076
	694  -  MemoryUsage of job (MB)
	710576  -  ResidentSetSize of job (KB)
...
006 (15949295.459.000) 2026-02-12 17:16:28 Image size of job updated: 816076
	694  -  MemoryUsage of job (MB)
	710596  -  ResidentSetSize of job (KB)
...
006 (15949295.459.000) 2026-02-12 17:21:29 Image size of job updated: 816076
	695  -  MemoryUsage of job (MB)
	710872  -  ResidentSetSize of job (KB)
...
006 (15949295.459.000) 2026-02-12 17:26:29 Image size of job updated: 816076
	696  -  MemoryUsage of job (MB)
	711960  -  ResidentSetSize of job (KB)
...
006 (15949295.459.000) 2026-02-12 18:06:35 Image size of job updated: 816076
	696  -  MemoryUsage of job (MB)
	712216  -  ResidentSetSize of job (KB)
...
006 (15949295.459.000) 2026-02-12 18:16:36 Image size of job updated: 816076
	696  -  MemoryUsage of job (MB)
	712224  -  ResidentSetSize of job (KB)
...
006 (15949295.459.000) 2026-02-12 18:21:36 Image size of job updated: 816076
	696  -  MemoryUsage of job (MB)
	712248  -  ResidentSetSize of job (KB)
...
006 (15949295.459.000) 2026-02-12 18:31:37 Image size of job updated: 816076
	696  -  MemoryUsage of job (MB)
	712532  -  ResidentSetSize of job (KB)
...
006 (15949295.459.000) 2026-02-12 18:36:37 Image size of job updated: 816076
	696  -  MemoryUsage of job (MB)
	712560  -  ResidentSetSize of job (KB)
...
006 (15949295.459.000) 2026-02-12 18:41:38 Image size of job updated: 816076
	696  -  MemoryUsage of job (MB)
	712588  -  ResidentSetSize of job (KB)
...
006 (15949295.459.000) 2026-02-12 18:51:39 Image size of job updated: 816076
	696  -  MemoryUsage of job (MB)
	712620  -  ResidentSetSize of job (KB)
...
006 (15949295.459.000) 2026-02-12 18:56:40 Image size of job updated: 816076
	696  -  MemoryUsage of job (MB)
	712644  -  ResidentSetSize of job (KB)
...
006 (15949295.459.000) 2026-02-12 19:01:40 Image size of job updated: 816076
	697  -  MemoryUsage of job (MB)
	712920  -  ResidentSetSize of job (KB)
...
006 (15949295.459.000) 2026-02-12 19:11:41 Image size of job updated: 816076
	697  -  MemoryUsage of job (MB)
	713232  -  ResidentSetSize of job (KB)
...
006 (15949295.459.000) 2026-02-12 19:16:41 Image size of job updated: 816076
	697  -  MemoryUsage of job (MB)
	713284  -  ResidentSetSize of job (KB)
...
006 (15949295.459.000) 2026-02-12 19:21:42 Image size of job updated: 816076
	697  -  MemoryUsage of job (MB)
	713500  -  ResidentSetSize of job (KB)
...
006 (15949295.459.000) 2026-02-12 19:56:45 Image size of job updated: 816076
	697  -  MemoryUsage of job (MB)
	713512  -  ResidentSetSize of job (KB)
...
006 (15949295.459.000) 2026-02-12 20:01:46 Image size of job updated: 816076
	698  -  MemoryUsage of job (MB)
	713756  -  ResidentSetSize of job (KB)
...
006 (15949295.459.000) 2026-02-12 20:51:51 Image size of job updated: 816076
	698  -  MemoryUsage of job (MB)
	713780  -  ResidentSetSize of job (KB)
...
006 (15949295.459.000) 2026-02-12 20:56:52 Image size of job updated: 816076
	698  -  MemoryUsage of job (MB)
	714012  -  ResidentSetSize of job (KB)
...
006 (15949295.459.000) 2026-02-12 21:41:56 Image size of job updated: 816076
	698  -  MemoryUsage of job (MB)
	714316  -  ResidentSetSize of job (KB)
...
006 (15949295.459.000) 2026-02-12 21:46:56 Image size of job updated: 816076
	698  -  MemoryUsage of job (MB)
	714508  -  ResidentSetSize of job (KB)
...
006 (15949295.459.000) 2026-02-12 21:51:57 Image size of job updated: 816076
	700  -  MemoryUsage of job (MB)
	716536  -  ResidentSetSize of job (KB)
...
006 (15949295.459.000) 2026-02-12 21:56:57 Image size of job updated: 816076
	700  -  MemoryUsage of job (MB)
	716748  -  ResidentSetSize of job (KB)
...
006 (15949295.459.000) 2026-02-12 22:01:57 Image size of job updated: 816076
	701  -  MemoryUsage of job (MB)
	716972  -  ResidentSetSize of job (KB)
...
006 (15949295.459.000) 2026-02-12 22:16:59 Image size of job updated: 816076
	701  -  MemoryUsage of job (MB)
	717444  -  ResidentSetSize of job (KB)
...
006 (15949295.459.000) 2026-02-12 22:22:00 Image size of job updated: 816076
	702  -  MemoryUsage of job (MB)
	717832  -  ResidentSetSize of job (KB)
...
006 (15949295.459.000) 2026-02-12 22:32:01 Image size of job updated: 816076
	702  -  MemoryUsage of job (MB)
	718020  -  ResidentSetSize of job (KB)
...
006 (15949295.459.000) 2026-02-12 22:37:01 Image size of job updated: 816076
	702  -  MemoryUsage of job (MB)
	718248  -  ResidentSetSize of job (KB)
...
006 (15949295.459.000) 2026-02-12 22:42:01 Image size of job updated: 816076
	702  -  MemoryUsage of job (MB)
	718348  -  ResidentSetSize of job (KB)
...
006 (15949295.459.000) 2026-02-12 22:52:02 Image size of job updated: 816076
	702  -  MemoryUsage of job (MB)
	718552  -  ResidentSetSize of job (KB)
...
006 (15949295.459.000) 2026-02-12 23:02:04 Image size of job updated: 816076
	702  -  MemoryUsage of job (MB)
	718628  -  ResidentSetSize of job (KB)
...
006 (15949295.459.000) 2026-02-12 23:07:04 Image size of job updated: 816076
	702  -  MemoryUsage of job (MB)
	718644  -  ResidentSetSize of job (KB)
...
006 (15949295.459.000) 2026-02-12 23:27:06 Image size of job updated: 816076
	703  -  MemoryUsage of job (MB)
	719548  -  ResidentSetSize of job (KB)
...
006 (15949295.459.000) 2026-02-12 23:32:06 Image size of job updated: 816076
	703  -  MemoryUsage of job (MB)
	719688  -  ResidentSetSize of job (KB)
...
006 (15949295.459.000) 2026-02-12 23:37:07 Image size of job updated: 816076
	704  -  MemoryUsage of job (MB)
	720004  -  ResidentSetSize of job (KB)
...
006 (15949295.459.000) 2026-02-12 23:42:08 Image size of job updated: 816076
	710  -  MemoryUsage of job (MB)
	726988  -  ResidentSetSize of job (KB)
...
006 (15949295.459.000) 2026-02-12 23:47:08 Image size of job updated: 816076
	711  -  MemoryUsage of job (MB)
	727260  -  ResidentSetSize of job (KB)
...
006 (15949295.459.000) 2026-02-13 00:27:12 Image size of job updated: 816076
	711  -  MemoryUsage of job (MB)
	727296  -  ResidentSetSize of job (KB)
...
006 (15949295.459.000) 2026-02-13 00:32:13 Image size of job updated: 816076
	711  -  MemoryUsage of job (MB)
	727516  -  ResidentSetSize of job (KB)
...
006 (15949295.459.000) 2026-02-13 01:32:20 Image size of job updated: 816076
	711  -  MemoryUsage of job (MB)
	727536  -  ResidentSetSize of job (KB)
...
006 (15949295.459.000) 2026-02-13 01:37:20 Image size of job updated: 816076
	711  -  MemoryUsage of job (MB)
	727772  -  ResidentSetSize of job (KB)
...
006 (15949295.459.000) 2026-02-13 02:12:23 Image size of job updated: 816076
	711  -  MemoryUsage of job (MB)
	727784  -  ResidentSetSize of job (KB)
...
006 (15949295.459.000) 2026-02-13 02:37:26 Image size of job updated: 816076
	711  -  MemoryUsage of job (MB)
	727912  -  ResidentSetSize of job (KB)
...
006 (15949295.459.000) 2026-02-13 05:47:44 Image size of job updated: 816076
	713  -  MemoryUsage of job (MB)
	729536  -  ResidentSetSize of job (KB)
...
006 (15949295.459.000) 2026-02-13 05:52:45 Image size of job updated: 816076
	713  -  MemoryUsage of job (MB)
	729692  -  ResidentSetSize of job (KB)
...
006 (15949295.459.000) 2026-02-13 05:57:46 Image size of job updated: 816076
	713  -  MemoryUsage of job (MB)
	729720  -  ResidentSetSize of job (KB)
...
006 (15949295.459.000) 2026-02-13 10:48:13 Image size of job updated: 816076
	756  -  MemoryUsage of job (MB)
	774000  -  ResidentSetSize of job (KB)
...
006 (15949295.459.000) 2026-02-13 10:53:13 Image size of job updated: 816076
	757  -  MemoryUsage of job (MB)
	774248  -  ResidentSetSize of job (KB)
...
006 (15949295.459.000) 2026-02-13 10:58:14 Image size of job updated: 816076
	757  -  MemoryUsage of job (MB)
	774268  -  ResidentSetSize of job (KB)
...
006 (15949295.459.000) 2026-02-13 11:18:16 Image size of job updated: 816076
	757  -  MemoryUsage of job (MB)
	774344  -  ResidentSetSize of job (KB)
...
006 (15949295.459.000) 2026-02-13 12:03:20 Image size of job updated: 816076
	757  -  MemoryUsage of job (MB)
	774424  -  ResidentSetSize of job (KB)
...
006 (15949295.459.000) 2026-02-13 12:08:21 Image size of job updated: 816076
	757  -  MemoryUsage of job (MB)
	774468  -  ResidentSetSize of job (KB)
...
006 (15949295.459.000) 2026-02-13 12:58:25 Image size of job updated: 816076
	757  -  MemoryUsage of job (MB)
	774668  -  ResidentSetSize of job (KB)
...
006 (15949295.459.000) 2026-02-13 13:03:26 Image size of job updated: 816076
	757  -  MemoryUsage of job (MB)
	774676  -  ResidentSetSize of job (KB)
...
006 (15949295.459.000) 2026-02-13 13:08:26 Image size of job updated: 816076
	757  -  MemoryUsage of job (MB)
	775048  -  ResidentSetSize of job (KB)
...
006 (15949295.459.000) 2026-02-13 13:33:30 Image size of job updated: 816076
	757  -  MemoryUsage of job (MB)
	775052  -  ResidentSetSize of job (KB)
...
006 (15949295.459.000) 2026-02-13 13:48:31 Image size of job updated: 816076
	758  -  MemoryUsage of job (MB)
	775584  -  ResidentSetSize of job (KB)
...
006 (15949295.459.000) 2026-02-13 13:58:32 Image size of job updated: 816076
	758  -  MemoryUsage of job (MB)
	775776  -  ResidentSetSize of job (KB)
...
006 (15949295.459.000) 2026-02-13 14:28:36 Image size of job updated: 816076
	758  -  MemoryUsage of job (MB)
	775976  -  ResidentSetSize of job (KB)
...
006 (15949295.459.000) 2026-02-13 14:38:37 Image size of job updated: 816076
	758  -  MemoryUsage of job (MB)
	776020  -  ResidentSetSize of job (KB)
...
006 (15949295.459.000) 2026-02-13 15:28:41 Image size of job updated: 816076
	758  -  MemoryUsage of job (MB)
	776044  -  ResidentSetSize of job (KB)
...
006 (15949295.459.000) 2026-02-13 15:38:42 Image size of job updated: 816076
	759  -  MemoryUsage of job (MB)
	776332  -  ResidentSetSize of job (KB)
...
006 (15949295.459.000) 2026-02-13 16:18:46 Image size of job updated: 816076
	759  -  MemoryUsage of job (MB)
	776404  -  ResidentSetSize of job (KB)
...
006 (15949295.459.000) 2026-02-13 16:28:47 Image size of job updated: 816076
	759  -  MemoryUsage of job (MB)
	776588  -  ResidentSetSize of job (KB)
...
006 (15949295.459.000) 2026-02-13 17:48:56 Image size of job updated: 816076
	759  -  MemoryUsage of job (MB)
	776592  -  ResidentSetSize of job (KB)
...
006 (15949295.459.000) 2026-02-13 17:58:56 Image size of job updated: 816076
	759  -  MemoryUsage of job (MB)
	776640  -  ResidentSetSize of job (KB)
...
006 (15949295.459.000) 2026-02-13 18:08:57 Image size of job updated: 816076
	759  -  MemoryUsage of job (MB)
	776844  -  ResidentSetSize of job (KB)
...
006 (15949295.459.000) 2026-02-13 18:39:00 Image size of job updated: 816076
	759  -  MemoryUsage of job (MB)
	776864  -  ResidentSetSize of job (KB)
...
006 (15949295.459.000) 2026-02-13 18:49:01 Image size of job updated: 816076
	759  -  MemoryUsage of job (MB)
	777100  -  ResidentSetSize of job (KB)
...
006 (15949295.459.000) 2026-02-13 20:24:10 Image size of job updated: 816076
	759  -  MemoryUsage of job (MB)
	777116  -  ResidentSetSize of job (KB)
...
006 (15949295.459.000) 2026-02-13 20:29:10 Image size of job updated: 816076
	760  -  MemoryUsage of job (MB)
	777356  -  ResidentSetSize of job (KB)
...
006 (15949295.459.000) 2026-02-13 20:59:12 Image size of job updated: 816076
	760  -  MemoryUsage of job (MB)
	777384  -  ResidentSetSize of job (KB)
...
006 (15949295.459.000) 2026-02-13 21:04:13 Image size of job updated: 816076
	760  -  MemoryUsage of job (MB)
	777612  -  ResidentSetSize of job (KB)
...
006 (15949295.459.000) 2026-02-13 22:29:23 Image size of job updated: 816076
	760  -  MemoryUsage of job (MB)
	777616  -  ResidentSetSize of job (KB)
...
006 (15949295.459.000) 2026-02-13 22:34:23 Image size of job updated: 816076
	760  -  MemoryUsage of job (MB)
	777680  -  ResidentSetSize of job (KB)
...
006 (15949295.459.000) 2026-02-13 22:44:25 Image size of job updated: 816076
	760  -  MemoryUsage of job (MB)
	777868  -  ResidentSetSize of job (KB)
...
006 (15949295.459.000) 2026-02-13 23:14:27 Image size of job updated: 816076
	760  -  MemoryUsage of job (MB)
	777908  -  ResidentSetSize of job (KB)
...
006 (15949295.459.000) 2026-02-13 23:49:30 Image size of job updated: 816076
	760  -  MemoryUsage of job (MB)
	777924  -  ResidentSetSize of job (KB)
...
006 (15949295.459.000) 2026-02-14 00:14:32 Image size of job updated: 816076
	760  -  MemoryUsage of job (MB)
	778008  -  ResidentSetSize of job (KB)
...
006 (15949295.459.000) 2026-02-14 00:24:33 Image size of job updated: 816076
	760  -  MemoryUsage of job (MB)
	778124  -  ResidentSetSize of job (KB)
...
006 (15949295.459.000) 2026-02-14 00:54:36 Image size of job updated: 816076
	760  -  MemoryUsage of job (MB)
	778160  -  ResidentSetSize of job (KB)
...
006 (15949295.459.000) 2026-02-14 00:59:37 Image size of job updated: 816076
	761  -  MemoryUsage of job (MB)
	778380  -  ResidentSetSize of job (KB)
...
006 (15949295.459.000) 2026-02-14 03:24:51 Image size of job updated: 816076
	761  -  MemoryUsage of job (MB)
	778436  -  ResidentSetSize of job (KB)
...
006 (15949295.459.000) 2026-02-14 04:39:58 Image size of job updated: 816076
	761  -  MemoryUsage of job (MB)
	778492  -  ResidentSetSize of job (KB)
...
021 (15949295.459.000) 2026-02-14 11:15:37 Error from starter on slot1_3@pizza10.zeuthen.desy.de:
	runtime exceeded maximum (target.Runtime seconds)
	Code 21 Subcode 103
...
004 (15949295.459.000) 2026-02-14 11:15:37 Job was evicted.
	(0) CPU times
		Usr 12 12:07:17, Sys 0 01:35:30  -  Run Remote Usage
		Usr 0 00:00:00, Sys 0 00:00:00  -  Run Local Usage
	0  -  Run Bytes Sent By Job
	0  -  Run Bytes Received By Job
	Error from slot1_3@pizza10.zeuthen.desy.de: runtime exceeded maximum (target.Runtime seconds)
	Partitionable Resources :     Usage  Request Allocated 
	   Cpus                 :      7.94        8         8 
	   Disk (KB)            :      1     1024000   1025696 
	   GPUs                 :                            0 
	   Memory (MB)          :    761       16384     16384 
	   TimeSlotBusy (s)     : 172805                       
...
012 (15949295.459.000) 2026-02-14 11:15:37 Job was held.
	Error from slot1_3@pizza10.zeuthen.desy.de: runtime exceeded maximum (target.Runtime seconds)
	Code 21 Subcode 103
...
009 (15949295.459.000) 2026-02-16 17:16:24 Job was aborted.
	via condor_rm (by user tuccia)
...
