000 (15756407.658.000) 2026-02-06 11:26:11 Job submitted from host: <141.34.103.35:9618?addrs=141.34.103.35-9618+[2001-638-700-f067--1-23]-9618&alias=wgs39.zeuthen.desy.de&noUDP&sock=schedd_7414_f73f>
...
009 (15756407.658.000) 2026-02-10 11:42:40 Job was aborted.
	via condor_rm (by user tuccia)
...
000 (15949294.439.000) 2026-02-10 11:45:21 Job submitted from host: <141.34.103.35:9618?addrs=141.34.103.35-9618+[2001-638-700-f067--1-23]-9618&alias=wgs39.zeuthen.desy.de&noUDP&sock=schedd_7302_24a3>
...
009 (15949294.439.000) 2026-02-10 11:45:46 Job was aborted.
	via condor_rm (by user tuccia)
...
000 (15949295.439.000) 2026-02-10 11:46:05 Job submitted from host: <141.34.103.35:9618?addrs=141.34.103.35-9618+[2001-638-700-f067--1-23]-9618&alias=wgs39.zeuthen.desy.de&noUDP&sock=schedd_7302_24a3>
...
001 (15949295.439.000) 2026-02-12 07:31:42 Job executing on host: <141.34.103.52:9618?addrs=141.34.103.52-9618+[2001-638-700-f067--1-34]-9618&alias=wgs42.zeuthen.desy.de&noUDP&sock=startd_9894_0a1e>
	SlotName: slot1_7@wgs42.zeuthen.desy.de
	CondorScratchDir = "/batch/dir_2248202"
	Cpus = 8
	Disk = 1025025
	GPUs = 0
	Memory = 16384
...
006 (15949295.439.000) 2026-02-12 07:31:55 Image size of job updated: 97520
	96  -  MemoryUsage of job (MB)
	97520  -  ResidentSetSize of job (KB)
...
006 (15949295.439.000) 2026-02-12 07:36:55 Image size of job updated: 832936
	541  -  MemoryUsage of job (MB)
	553748  -  ResidentSetSize of job (KB)
...
006 (15949295.439.000) 2026-02-12 07:41:56 Image size of job updated: 832936
	541  -  MemoryUsage of job (MB)
	553752  -  ResidentSetSize of job (KB)
...
006 (15949295.439.000) 2026-02-12 07:46:56 Image size of job updated: 832936
	543  -  MemoryUsage of job (MB)
	555196  -  ResidentSetSize of job (KB)
...
006 (15949295.439.000) 2026-02-12 07:51:56 Image size of job updated: 832936
	543  -  MemoryUsage of job (MB)
	555200  -  ResidentSetSize of job (KB)
...
006 (15949295.439.000) 2026-02-12 07:56:57 Image size of job updated: 832936
	552  -  MemoryUsage of job (MB)
	565028  -  ResidentSetSize of job (KB)
...
006 (15949295.439.000) 2026-02-12 08:01:57 Image size of job updated: 832936
	554  -  MemoryUsage of job (MB)
	566520  -  ResidentSetSize of job (KB)
...
006 (15949295.439.000) 2026-02-12 08:06:57 Image size of job updated: 832936
	555  -  MemoryUsage of job (MB)
	567620  -  ResidentSetSize of job (KB)
...
006 (15949295.439.000) 2026-02-12 08:11:58 Image size of job updated: 832936
	560  -  MemoryUsage of job (MB)
	572744  -  ResidentSetSize of job (KB)
...
006 (15949295.439.000) 2026-02-12 08:16:58 Image size of job updated: 832936
	560  -  MemoryUsage of job (MB)
	572748  -  ResidentSetSize of job (KB)
...
006 (15949295.439.000) 2026-02-12 08:52:02 Image size of job updated: 832936
	567  -  MemoryUsage of job (MB)
	579752  -  ResidentSetSize of job (KB)
...
006 (15949295.439.000) 2026-02-12 08:57:03 Image size of job updated: 832936
	568  -  MemoryUsage of job (MB)
	580748  -  ResidentSetSize of job (KB)
...
006 (15949295.439.000) 2026-02-12 09:02:03 Image size of job updated: 832936
	569  -  MemoryUsage of job (MB)
	581968  -  ResidentSetSize of job (KB)
...
006 (15949295.439.000) 2026-02-12 09:07:04 Image size of job updated: 832936
	580  -  MemoryUsage of job (MB)
	593064  -  ResidentSetSize of job (KB)
...
006 (15949295.439.000) 2026-02-12 09:12:05 Image size of job updated: 832936
	580  -  MemoryUsage of job (MB)
	593484  -  ResidentSetSize of job (KB)
...
006 (15949295.439.000) 2026-02-12 09:17:05 Image size of job updated: 832936
	591  -  MemoryUsage of job (MB)
	605144  -  ResidentSetSize of job (KB)
...
006 (15949295.439.000) 2026-02-12 09:22:06 Image size of job updated: 832936
	598  -  MemoryUsage of job (MB)
	611888  -  ResidentSetSize of job (KB)
...
006 (15949295.439.000) 2026-02-12 09:27:06 Image size of job updated: 832936
	604  -  MemoryUsage of job (MB)
	618208  -  ResidentSetSize of job (KB)
...
006 (15949295.439.000) 2026-02-12 09:32:06 Image size of job updated: 832936
	604  -  MemoryUsage of job (MB)
	618328  -  ResidentSetSize of job (KB)
...
006 (15949295.439.000) 2026-02-12 09:37:07 Image size of job updated: 832936
	613  -  MemoryUsage of job (MB)
	627712  -  ResidentSetSize of job (KB)
...
006 (15949295.439.000) 2026-02-12 09:42:07 Image size of job updated: 832936
	621  -  MemoryUsage of job (MB)
	635404  -  ResidentSetSize of job (KB)
...
006 (15949295.439.000) 2026-02-12 09:47:08 Image size of job updated: 832936
	622  -  MemoryUsage of job (MB)
	636248  -  ResidentSetSize of job (KB)
...
006 (15949295.439.000) 2026-02-12 09:52:09 Image size of job updated: 832936
	622  -  MemoryUsage of job (MB)
	636640  -  ResidentSetSize of job (KB)
...
006 (15949295.439.000) 2026-02-12 09:57:09 Image size of job updated: 832936
	623  -  MemoryUsage of job (MB)
	637104  -  ResidentSetSize of job (KB)
...
006 (15949295.439.000) 2026-02-12 10:02:10 Image size of job updated: 832936
	623  -  MemoryUsage of job (MB)
	637132  -  ResidentSetSize of job (KB)
...
006 (15949295.439.000) 2026-02-12 10:07:11 Image size of job updated: 832936
	623  -  MemoryUsage of job (MB)
	637192  -  ResidentSetSize of job (KB)
...
006 (15949295.439.000) 2026-02-12 10:12:11 Image size of job updated: 832936
	623  -  MemoryUsage of job (MB)
	637952  -  ResidentSetSize of job (KB)
...
006 (15949295.439.000) 2026-02-12 10:17:12 Image size of job updated: 832936
	624  -  MemoryUsage of job (MB)
	638664  -  ResidentSetSize of job (KB)
...
006 (15949295.439.000) 2026-02-12 10:22:12 Image size of job updated: 832936
	629  -  MemoryUsage of job (MB)
	643676  -  ResidentSetSize of job (KB)
...
006 (15949295.439.000) 2026-02-12 10:27:12 Image size of job updated: 832936
	634  -  MemoryUsage of job (MB)
	649060  -  ResidentSetSize of job (KB)
...
006 (15949295.439.000) 2026-02-12 10:32:13 Image size of job updated: 832936
	635  -  MemoryUsage of job (MB)
	649728  -  ResidentSetSize of job (KB)
...
006 (15949295.439.000) 2026-02-12 10:37:13 Image size of job updated: 832936
	635  -  MemoryUsage of job (MB)
	649932  -  ResidentSetSize of job (KB)
...
006 (15949295.439.000) 2026-02-12 10:42:14 Image size of job updated: 832936
	639  -  MemoryUsage of job (MB)
	653412  -  ResidentSetSize of job (KB)
...
006 (15949295.439.000) 2026-02-12 10:47:15 Image size of job updated: 832936
	639  -  MemoryUsage of job (MB)
	654012  -  ResidentSetSize of job (KB)
...
006 (15949295.439.000) 2026-02-12 10:52:15 Image size of job updated: 832936
	647  -  MemoryUsage of job (MB)
	662356  -  ResidentSetSize of job (KB)
...
006 (15949295.439.000) 2026-02-12 10:57:16 Image size of job updated: 832936
	648  -  MemoryUsage of job (MB)
	662984  -  ResidentSetSize of job (KB)
...
006 (15949295.439.000) 2026-02-12 11:02:16 Image size of job updated: 832936
	648  -  MemoryUsage of job (MB)
	663012  -  ResidentSetSize of job (KB)
...
006 (15949295.439.000) 2026-02-12 11:07:17 Image size of job updated: 832936
	650  -  MemoryUsage of job (MB)
	665312  -  ResidentSetSize of job (KB)
...
006 (15949295.439.000) 2026-02-12 11:12:18 Image size of job updated: 832936
	650  -  MemoryUsage of job (MB)
	665360  -  ResidentSetSize of job (KB)
...
006 (15949295.439.000) 2026-02-12 11:17:18 Image size of job updated: 832936
	650  -  MemoryUsage of job (MB)
	665400  -  ResidentSetSize of job (KB)
...
006 (15949295.439.000) 2026-02-12 11:22:19 Image size of job updated: 832936
	650  -  MemoryUsage of job (MB)
	665460  -  ResidentSetSize of job (KB)
...
006 (15949295.439.000) 2026-02-12 11:27:20 Image size of job updated: 832936
	652  -  MemoryUsage of job (MB)
	667372  -  ResidentSetSize of job (KB)
...
006 (15949295.439.000) 2026-02-12 11:37:21 Image size of job updated: 832936
	652  -  MemoryUsage of job (MB)
	667376  -  ResidentSetSize of job (KB)
...
006 (15949295.439.000) 2026-02-12 11:42:21 Image size of job updated: 832936
	652  -  MemoryUsage of job (MB)
	667604  -  ResidentSetSize of job (KB)
...
006 (15949295.439.000) 2026-02-12 11:47:21 Image size of job updated: 832936
	653  -  MemoryUsage of job (MB)
	668572  -  ResidentSetSize of job (KB)
...
006 (15949295.439.000) 2026-02-12 11:57:22 Image size of job updated: 832936
	653  -  MemoryUsage of job (MB)
	668652  -  ResidentSetSize of job (KB)
...
006 (15949295.439.000) 2026-02-12 12:02:22 Image size of job updated: 832936
	654  -  MemoryUsage of job (MB)
	668704  -  ResidentSetSize of job (KB)
...
006 (15949295.439.000) 2026-02-12 12:17:23 Image size of job updated: 832936
	654  -  MemoryUsage of job (MB)
	669028  -  ResidentSetSize of job (KB)
...
006 (15949295.439.000) 2026-02-12 12:22:24 Image size of job updated: 832936
	654  -  MemoryUsage of job (MB)
	669044  -  ResidentSetSize of job (KB)
...
006 (15949295.439.000) 2026-02-12 12:27:24 Image size of job updated: 832936
	674  -  MemoryUsage of job (MB)
	690024  -  ResidentSetSize of job (KB)
...
006 (15949295.439.000) 2026-02-12 12:37:25 Image size of job updated: 832936
	676  -  MemoryUsage of job (MB)
	691608  -  ResidentSetSize of job (KB)
...
006 (15949295.439.000) 2026-02-12 12:42:25 Image size of job updated: 832936
	676  -  MemoryUsage of job (MB)
	691792  -  ResidentSetSize of job (KB)
...
006 (15949295.439.000) 2026-02-12 12:47:25 Image size of job updated: 832936
	676  -  MemoryUsage of job (MB)
	691820  -  ResidentSetSize of job (KB)
...
006 (15949295.439.000) 2026-02-12 12:52:26 Image size of job updated: 832936
	676  -  MemoryUsage of job (MB)
	691844  -  ResidentSetSize of job (KB)
...
006 (15949295.439.000) 2026-02-12 12:57:26 Image size of job updated: 832936
	676  -  MemoryUsage of job (MB)
	692188  -  ResidentSetSize of job (KB)
...
006 (15949295.439.000) 2026-02-12 13:02:27 Image size of job updated: 832936
	680  -  MemoryUsage of job (MB)
	695940  -  ResidentSetSize of job (KB)
...
006 (15949295.439.000) 2026-02-12 13:07:28 Image size of job updated: 832936
	694  -  MemoryUsage of job (MB)
	709996  -  ResidentSetSize of job (KB)
...
006 (15949295.439.000) 2026-02-12 13:12:28 Image size of job updated: 832936
	694  -  MemoryUsage of job (MB)
	710364  -  ResidentSetSize of job (KB)
...
006 (15949295.439.000) 2026-02-12 13:17:29 Image size of job updated: 832936
	695  -  MemoryUsage of job (MB)
	710696  -  ResidentSetSize of job (KB)
...
006 (15949295.439.000) 2026-02-12 13:22:30 Image size of job updated: 832936
	695  -  MemoryUsage of job (MB)
	711092  -  ResidentSetSize of job (KB)
...
006 (15949295.439.000) 2026-02-12 13:27:30 Image size of job updated: 832936
	695  -  MemoryUsage of job (MB)
	711232  -  ResidentSetSize of job (KB)
...
006 (15949295.439.000) 2026-02-12 13:32:31 Image size of job updated: 832936
	700  -  MemoryUsage of job (MB)
	716184  -  ResidentSetSize of job (KB)
...
006 (15949295.439.000) 2026-02-12 13:37:32 Image size of job updated: 832936
	705  -  MemoryUsage of job (MB)
	721312  -  ResidentSetSize of job (KB)
...
006 (15949295.439.000) 2026-02-12 13:42:32 Image size of job updated: 832936
	705  -  MemoryUsage of job (MB)
	721828  -  ResidentSetSize of job (KB)
...
006 (15949295.439.000) 2026-02-12 13:47:33 Image size of job updated: 832936
	705  -  MemoryUsage of job (MB)
	721852  -  ResidentSetSize of job (KB)
...
006 (15949295.439.000) 2026-02-12 13:57:34 Image size of job updated: 832936
	706  -  MemoryUsage of job (MB)
	722344  -  ResidentSetSize of job (KB)
...
006 (15949295.439.000) 2026-02-12 14:02:35 Image size of job updated: 832936
	707  -  MemoryUsage of job (MB)
	723812  -  ResidentSetSize of job (KB)
...
006 (15949295.439.000) 2026-02-12 14:07:36 Image size of job updated: 832936
	708  -  MemoryUsage of job (MB)
	724384  -  ResidentSetSize of job (KB)
...
006 (15949295.439.000) 2026-02-12 14:12:36 Image size of job updated: 832936
	708  -  MemoryUsage of job (MB)
	724408  -  ResidentSetSize of job (KB)
...
006 (15949295.439.000) 2026-02-12 14:22:38 Image size of job updated: 832936
	708  -  MemoryUsage of job (MB)
	724448  -  ResidentSetSize of job (KB)
...
006 (15949295.439.000) 2026-02-12 14:27:38 Image size of job updated: 832936
	708  -  MemoryUsage of job (MB)
	724768  -  ResidentSetSize of job (KB)
...
006 (15949295.439.000) 2026-02-12 14:47:40 Image size of job updated: 832936
	708  -  MemoryUsage of job (MB)
	724968  -  ResidentSetSize of job (KB)
...
006 (15949295.439.000) 2026-02-12 14:52:40 Image size of job updated: 832936
	711  -  MemoryUsage of job (MB)
	727748  -  ResidentSetSize of job (KB)
...
006 (15949295.439.000) 2026-02-12 18:42:58 Image size of job updated: 832936
	713  -  MemoryUsage of job (MB)
	729592  -  ResidentSetSize of job (KB)
...
006 (15949295.439.000) 2026-02-12 18:47:58 Image size of job updated: 832936
	713  -  MemoryUsage of job (MB)
	729916  -  ResidentSetSize of job (KB)
...
006 (15949295.439.000) 2026-02-12 18:52:58 Image size of job updated: 832936
	713  -  MemoryUsage of job (MB)
	729920  -  ResidentSetSize of job (KB)
...
006 (15949295.439.000) 2026-02-12 18:57:59 Image size of job updated: 832936
	713  -  MemoryUsage of job (MB)
	729924  -  ResidentSetSize of job (KB)
...
006 (15949295.439.000) 2026-02-12 22:18:17 Image size of job updated: 832936
	729  -  MemoryUsage of job (MB)
	745496  -  ResidentSetSize of job (KB)
...
006 (15949295.439.000) 2026-02-12 22:23:17 Image size of job updated: 832936
	734  -  MemoryUsage of job (MB)
	750664  -  ResidentSetSize of job (KB)
...
006 (15949295.439.000) 2026-02-12 22:28:18 Image size of job updated: 832936
	739  -  MemoryUsage of job (MB)
	756548  -  ResidentSetSize of job (KB)
...
006 (15949295.439.000) 2026-02-12 22:33:19 Image size of job updated: 832936
	755  -  MemoryUsage of job (MB)
	772556  -  ResidentSetSize of job (KB)
...
006 (15949295.439.000) 2026-02-12 22:38:19 Image size of job updated: 832936
	760  -  MemoryUsage of job (MB)
	777648  -  ResidentSetSize of job (KB)
...
006 (15949295.439.000) 2026-02-12 23:23:24 Image size of job updated: 832936
	762  -  MemoryUsage of job (MB)
	779712  -  ResidentSetSize of job (KB)
...
006 (15949295.439.000) 2026-02-13 00:13:29 Image size of job updated: 832936
	762  -  MemoryUsage of job (MB)
	779996  -  ResidentSetSize of job (KB)
...
006 (15949295.439.000) 2026-02-13 01:18:36 Image size of job updated: 832936
	764  -  MemoryUsage of job (MB)
	781812  -  ResidentSetSize of job (KB)
...
006 (15949295.439.000) 2026-02-13 03:28:49 Image size of job updated: 832936
	764  -  MemoryUsage of job (MB)
	781832  -  ResidentSetSize of job (KB)
...
006 (15949295.439.000) 2026-02-13 06:04:06 Image size of job updated: 832936
	764  -  MemoryUsage of job (MB)
	782096  -  ResidentSetSize of job (KB)
...
006 (15949295.439.000) 2026-02-13 07:59:14 Image size of job updated: 832936
	764  -  MemoryUsage of job (MB)
	782268  -  ResidentSetSize of job (KB)
...
006 (15949295.439.000) 2026-02-13 08:04:14 Image size of job updated: 832936
	765  -  MemoryUsage of job (MB)
	782460  -  ResidentSetSize of job (KB)
...
006 (15949295.439.000) 2026-02-13 08:09:15 Image size of job updated: 832936
	765  -  MemoryUsage of job (MB)
	782532  -  ResidentSetSize of job (KB)
...
006 (15949295.439.000) 2026-02-13 08:14:15 Image size of job updated: 832936
	765  -  MemoryUsage of job (MB)
	783004  -  ResidentSetSize of job (KB)
...
006 (15949295.439.000) 2026-02-13 11:19:33 Image size of job updated: 832936
	765  -  MemoryUsage of job (MB)
	783112  -  ResidentSetSize of job (KB)
...
006 (15949295.439.000) 2026-02-13 11:34:34 Image size of job updated: 832936
	766  -  MemoryUsage of job (MB)
	783488  -  ResidentSetSize of job (KB)
...
006 (15949295.439.000) 2026-02-13 13:14:47 Image size of job updated: 832936
	767  -  MemoryUsage of job (MB)
	784716  -  ResidentSetSize of job (KB)
...
006 (15949295.439.000) 2026-02-13 18:35:21 Image size of job updated: 832936
	767  -  MemoryUsage of job (MB)
	785300  -  ResidentSetSize of job (KB)
...
006 (15949295.439.000) 2026-02-13 19:00:23 Image size of job updated: 832936
	769  -  MemoryUsage of job (MB)
	786440  -  ResidentSetSize of job (KB)
...
006 (15949295.439.000) 2026-02-13 19:50:26 Image size of job updated: 832936
	769  -  MemoryUsage of job (MB)
	787060  -  ResidentSetSize of job (KB)
...
006 (15949295.439.000) 2026-02-13 20:40:32 Image size of job updated: 832936
	769  -  MemoryUsage of job (MB)
	787188  -  ResidentSetSize of job (KB)
...
021 (15949295.439.000) 2026-02-14 07:31:45 Error from starter on slot1_7@wgs42.zeuthen.desy.de:
	runtime exceeded maximum (target.Runtime seconds)
	Code 21 Subcode 103
...
004 (15949295.439.000) 2026-02-14 07:31:45 Job was evicted.
	(0) CPU times
		Usr 10 22:43:59, Sys 1 15:54:19  -  Run Remote Usage
		Usr 0 00:00:00, Sys 0 00:00:00  -  Run Local Usage
	0  -  Run Bytes Sent By Job
	0  -  Run Bytes Received By Job
	Error from slot1_7@wgs42.zeuthen.desy.de: runtime exceeded maximum (target.Runtime seconds)
	Partitionable Resources :     Usage  Request Allocated 
	   Cpus                 :      7.93        8         8 
	   Disk (KB)            :      1     1024000   1025025 
	   GPUs                 :                            0 
	   Memory (MB)          :    769       16384     16384 
	   TimeSlotBusy (s)     : 172803                       
...
012 (15949295.439.000) 2026-02-14 07:31:45 Job was held.
	Error from slot1_7@wgs42.zeuthen.desy.de: runtime exceeded maximum (target.Runtime seconds)
	Code 21 Subcode 103
...
009 (15949295.439.000) 2026-02-16 17:16:24 Job was aborted.
	via condor_rm (by user tuccia)
...
