000 (15756408.744.000) 2026-02-06 11:26:59 Job submitted from host: <141.34.103.35:9618?addrs=141.34.103.35-9618+[2001-638-700-f067--1-23]-9618&alias=wgs39.zeuthen.desy.de&noUDP&sock=schedd_7414_f73f>
...
009 (15756408.744.000) 2026-02-10 11:47:36 Job was aborted.
	via condor_rm (by user tuccia)
...
000 (15951004.496.000) 2026-02-10 16:30:04 Job submitted from host: <141.34.103.35:9618?addrs=141.34.103.35-9618+[2001-638-700-f067--1-23]-9618&alias=wgs39.zeuthen.desy.de&noUDP&sock=schedd_7302_24a3>
...
001 (15951004.496.000) 2026-02-10 18:29:53 Job executing on host: <141.34.15.75:9618?addrs=141.34.15.75-9618+[2001-638-700-f00f--1-4b]-9618&alias=bladek2.zeuthen.desy.de&noUDP&sock=startd_10248_daa5>
	SlotName: slot1_8@bladek2.zeuthen.desy.de
	CondorScratchDir = "/batch/dir_1830934"
	Cpus = 1
	Disk = 1025024
	GPUs = 0
	Memory = 5120
...
006 (15951004.496.000) 2026-02-10 18:30:06 Image size of job updated: 95324
	94  -  MemoryUsage of job (MB)
	95324  -  ResidentSetSize of job (KB)
...
006 (15951004.496.000) 2026-02-10 18:35:06 Image size of job updated: 779528
	458  -  MemoryUsage of job (MB)
	468644  -  ResidentSetSize of job (KB)
...
006 (15951004.496.000) 2026-02-10 18:40:07 Image size of job updated: 779528
	482  -  MemoryUsage of job (MB)
	493340  -  ResidentSetSize of job (KB)
...
006 (15951004.496.000) 2026-02-10 18:45:08 Image size of job updated: 779528
	485  -  MemoryUsage of job (MB)
	495852  -  ResidentSetSize of job (KB)
...
006 (15951004.496.000) 2026-02-10 18:55:09 Image size of job updated: 779528
	485  -  MemoryUsage of job (MB)
	495876  -  ResidentSetSize of job (KB)
...
006 (15951004.496.000) 2026-02-10 19:05:10 Image size of job updated: 779528
	485  -  MemoryUsage of job (MB)
	495880  -  ResidentSetSize of job (KB)
...
006 (15951004.496.000) 2026-02-10 19:25:13 Image size of job updated: 779528
	485  -  MemoryUsage of job (MB)
	495884  -  ResidentSetSize of job (KB)
...
006 (15951004.496.000) 2026-02-10 19:30:14 Image size of job updated: 779528
	487  -  MemoryUsage of job (MB)
	498072  -  ResidentSetSize of job (KB)
...
006 (15951004.496.000) 2026-02-10 20:10:17 Image size of job updated: 779528
	487  -  MemoryUsage of job (MB)
	498100  -  ResidentSetSize of job (KB)
...
006 (15951004.496.000) 2026-02-10 20:20:18 Image size of job updated: 779528
	487  -  MemoryUsage of job (MB)
	498112  -  ResidentSetSize of job (KB)
...
006 (15951004.496.000) 2026-02-10 23:00:35 Image size of job updated: 779528
	487  -  MemoryUsage of job (MB)
	498180  -  ResidentSetSize of job (KB)
...
006 (15951004.496.000) 2026-02-11 00:45:44 Image size of job updated: 779528
	487  -  MemoryUsage of job (MB)
	498248  -  ResidentSetSize of job (KB)
...
006 (15951004.496.000) 2026-02-11 04:36:09 Image size of job updated: 779528
	487  -  MemoryUsage of job (MB)
	498272  -  ResidentSetSize of job (KB)
...
006 (15951004.496.000) 2026-02-11 05:06:12 Image size of job updated: 779528
	487  -  MemoryUsage of job (MB)
	498328  -  ResidentSetSize of job (KB)
...
006 (15951004.496.000) 2026-02-11 06:01:17 Image size of job updated: 779528
	487  -  MemoryUsage of job (MB)
	498384  -  ResidentSetSize of job (KB)
...
006 (15951004.496.000) 2026-02-11 06:41:22 Image size of job updated: 779528
	487  -  MemoryUsage of job (MB)
	498480  -  ResidentSetSize of job (KB)
...
006 (15951004.496.000) 2026-02-11 06:56:23 Image size of job updated: 779528
	487  -  MemoryUsage of job (MB)
	498536  -  ResidentSetSize of job (KB)
...
006 (15951004.496.000) 2026-02-11 07:36:25 Image size of job updated: 779528
	488  -  MemoryUsage of job (MB)
	498692  -  ResidentSetSize of job (KB)
...
006 (15951004.496.000) 2026-02-11 08:51:35 Image size of job updated: 779528
	488  -  MemoryUsage of job (MB)
	498760  -  ResidentSetSize of job (KB)
...
006 (15951004.496.000) 2026-02-11 09:51:41 Image size of job updated: 779528
	488  -  MemoryUsage of job (MB)
	498888  -  ResidentSetSize of job (KB)
...
