~~~~~~~~~~~~~~~~~~~~~~~~~~~~~~

n_qubits: 90, 
r: 67, 
alpha: 0.001, 
shots: 100000, 
ansatz: linear_cnot, 
layer: 1, 
tau: 0.3

time for simulated annealing:  123.0525233745575
Rank 1: Bitstring=100100001011111010010001000101111000010111010110100000100000010001000110001011110010111001, Decimal=699940976516556841255746745, Energy=-69.8146
Rank 2: Bitstring=100100001011111010010101000101111000010111010110101000101000010001000110001011110010111000, Decimal=699941271664462578954321080, Energy=-69.7614
Rank 3: Bitstring=100100011011011010010001000101001000010111010010100000100000010001000110001011110110111001, Decimal=704625563202854808666553785, Energy=-69.7334
Rank 4: Bitstring=100100001011111000010001000100111000010111010110100000100000011001000110001111110010111001, Decimal=699931530630669597492706489, Energy=-69.728
Rank 5: Bitstring=100100011011011010010101000101001000010111010010101000101000010001000110001011110110111000, Decimal=704625858350760546365128120, Energy=-69.6802
Rank 6: Bitstring=100100001011111000010101000100111000010111010110101000101000011001000110001111110010111000, Decimal=699931825778575335191280824, Energy=-69.6748
Rank 7: Bitstring=100100011011011000010001000100001000010111010010100000100000011001000110001111110110111001, Decimal=704616117316967564903513529, Energy=-69.6468
Rank 8: Bitstring=100100001011111010010001000101111000010111010110100000000000010001000010001011110010111001, Decimal=699940976516556806894959801, Energy=-69.6124
Rank 9: Bitstring=100100011011011000010101000100001000010111010010101000101000011001000110001111110110111000, Decimal=704616412464873302602087864, Energy=-69.5936
Rank 10: Bitstring=100100011011011000010001001100001000010111010010100000100000011011000110001111110110111001, Decimal=704616126540339601791843769, Energy=-69.5646

E_min from simulated annealing:  -69.8146
Minimum energy: -69.8146
States with energy within 1e-08 of minimum: [699940976516556841255746745]
4


################## Start optimization with initial parameters: [0. 0. 0. 0. 0. 0. 0. 0. 0. 0. 0. 0. 0. 0. 0. 0. 0. 0. 0. 0. 0. 0. 0. 0.
 0. 0. 0. 0. 0. 0. 0. 0. 0. 0. 0. 0. 0. 0. 0. 0. 0. 0. 0. 0. 0. 0. 0. 0.
 0. 0. 0. 0. 0. 0. 0. 0. 0. 0. 0. 0. 0. 0. 0. 0. 0. 0. 0. 0. 0. 0. 0. 0.
 0. 0. 0. 0. 0. 0. 0. 0. 0. 0. 0. 0. 0. 0. 0. 0. 0. 0. 0. 0. 0. 0. 0. 0.
 0. 0. 0. 0. 0. 0. 0. 0. 0. 0. 0. 0. 0. 0. 0. 0. 0. 0. 0. 0. 0. 0. 0. 0.
 0. 0. 0. 0. 0. 0. 0. 0. 0. 0. 0. 0. 0. 0. 0. 0. 0. 0. 0. 0. 0. 0. 0. 0.
 0. 0. 0. 0. 0. 0. 0. 0. 0. 0. 0. 0. 0. 0. 0. 0. 0. 0. 0. 0. 0. 0. 0. 0.
 0. 0. 0. 0. 0. 0. 0. 0. 0. 0. 0. 0. 0. 0. 0. 0. 0. 0. 0. 0. 0. 0. 0. 0.
 0. 0. 0. 0. 0. 0. 0. 0. 0. 0. 0. 0. 0. 0. 0. 0. 0. 0. 0. 0. 0. 0. 0. 0.
 0. 0. 0. 0. 0. 0. 0. 0. 0. 0. 0. 0. 0. 0. 0. 0. 0. 0. 0. 0. 0. 0. 0. 0.
 0. 0. 0. 0. 0. 0. 0. 0. 0. 0. 0. 0. 0. 0. 0. 0. 0. 0. 0. 0. 0. 0. 0. 0.
 0. 0. 0. 0. 0. 0. 0. 0. 0. 0. 0. 0. 0. 0. 0. 0. 0. 0. 0. 0. 0. 0. 0. 0.
 0. 0. 0. 0. 0. 0. 0. 0. 0. 0. 0. 0. 0. 0. 0. 0. 0. 0. 0. 0. 0. 0. 0. 0.
 0. 0. 0. 0. 0. 0. 0. 0. 0. 0. 0. 0. 0. 0. 0. 0. 0. 0. 0. 0. 0. 0. 0. 0.
 0. 0. 0. 0. 0. 0. 0. 0. 0. 0. 0. 0. 0. 0. 0. 0. 0. 0. 0. 0. 0. 0. 0. 0.]
Write sucessfully to ./data/data_shots_100000_layer_1/alpha_0.001/N_90/r_67/ansatz_type_linear_cnot/initialization_zeros

vqe.cvar_eval[0]: -27.722055999999963 , min_cvar: -40.41570599999994 , opt_cvar: -40.41570599999994

vqe.poss_eval[-1]: 0 vqe.poss_eval[0] 0  , max_poss: 0 , opt_poss: 0

vqe.r_eval[-1]: 0.573609531530653 vqe.r_eval[0]: 0.3970810690027582 max_r: 0.5789004878635693 , min_r: 0.39235234463851343
