000 (15756408.771.000) 2026-02-06 11:26:59 Job submitted from host: <141.34.103.35:9618?addrs=141.34.103.35-9618+[2001-638-700-f067--1-23]-9618&alias=wgs39.zeuthen.desy.de&noUDP&sock=schedd_7414_f73f>
...
009 (15756408.771.000) 2026-02-10 11:47:37 Job was aborted.
	via condor_rm (by user tuccia)
...
000 (15951004.514.000) 2026-02-10 16:30:04 Job submitted from host: <141.34.103.35:9618?addrs=141.34.103.35-9618+[2001-638-700-f067--1-23]-9618&alias=wgs39.zeuthen.desy.de&noUDP&sock=schedd_7302_24a3>
...
001 (15951004.514.000) 2026-02-10 18:29:53 Job executing on host: <141.34.15.51:9618?addrs=141.34.15.51-9618+[2001-638-700-f00f--1-33]-9618&alias=pizza22.zeuthen.desy.de&noUDP&sock=startd_8302_0f58>
	SlotName: slot1_21@pizza22.zeuthen.desy.de
	CondorScratchDir = "/batch/dir_2962379"
	Cpus = 1
	Disk = 1025696
	GPUs = 0
	Memory = 5120
...
006 (15951004.514.000) 2026-02-10 18:30:06 Image size of job updated: 97440
	96  -  MemoryUsage of job (MB)
	97440  -  ResidentSetSize of job (KB)
...
006 (15951004.514.000) 2026-02-10 18:35:06 Image size of job updated: 849624
	485  -  MemoryUsage of job (MB)
	496588  -  ResidentSetSize of job (KB)
...
006 (15951004.514.000) 2026-02-10 18:40:07 Image size of job updated: 849624
	488  -  MemoryUsage of job (MB)
	499428  -  ResidentSetSize of job (KB)
...
006 (15951004.514.000) 2026-02-10 18:45:07 Image size of job updated: 849624
	488  -  MemoryUsage of job (MB)
	499456  -  ResidentSetSize of job (KB)
...
006 (15951004.514.000) 2026-02-10 18:55:08 Image size of job updated: 849624
	488  -  MemoryUsage of job (MB)
	499468  -  ResidentSetSize of job (KB)
...
006 (15951004.514.000) 2026-02-10 19:00:09 Image size of job updated: 849624
	490  -  MemoryUsage of job (MB)
	501720  -  ResidentSetSize of job (KB)
...
006 (15951004.514.000) 2026-02-10 19:30:12 Image size of job updated: 849624
	490  -  MemoryUsage of job (MB)
	501724  -  ResidentSetSize of job (KB)
...
006 (15951004.514.000) 2026-02-10 19:50:13 Image size of job updated: 849624
	490  -  MemoryUsage of job (MB)
	501728  -  ResidentSetSize of job (KB)
...
006 (15951004.514.000) 2026-02-10 20:05:15 Image size of job updated: 849624
	491  -  MemoryUsage of job (MB)
	501800  -  ResidentSetSize of job (KB)
...
006 (15951004.514.000) 2026-02-10 20:20:17 Image size of job updated: 849624
	491  -  MemoryUsage of job (MB)
	501820  -  ResidentSetSize of job (KB)
...
006 (15951004.514.000) 2026-02-10 20:25:17 Image size of job updated: 849624
	491  -  MemoryUsage of job (MB)
	501832  -  ResidentSetSize of job (KB)
...
006 (15951004.514.000) 2026-02-10 20:50:20 Image size of job updated: 849624
	491  -  MemoryUsage of job (MB)
	501848  -  ResidentSetSize of job (KB)
...
006 (15951004.514.000) 2026-02-10 22:15:28 Image size of job updated: 849624
	491  -  MemoryUsage of job (MB)
	501884  -  ResidentSetSize of job (KB)
...
006 (15951004.514.000) 2026-02-11 00:45:43 Image size of job updated: 849624
	491  -  MemoryUsage of job (MB)
	501940  -  ResidentSetSize of job (KB)
...
006 (15951004.514.000) 2026-02-11 01:10:47 Image size of job updated: 849624
	491  -  MemoryUsage of job (MB)
	501980  -  ResidentSetSize of job (KB)
...
006 (15951004.514.000) 2026-02-11 02:15:53 Image size of job updated: 849624
	491  -  MemoryUsage of job (MB)
	502092  -  ResidentSetSize of job (KB)
...
006 (15951004.514.000) 2026-02-11 10:56:47 Image size of job updated: 849624
	491  -  MemoryUsage of job (MB)
	502248  -  ResidentSetSize of job (KB)
...
004 (15951004.514.000) 2026-02-11 11:11:58 Job was evicted.
	(0) CPU times
		Usr 0 16:33:14, Sys 0 00:00:04  -  Run Remote Usage
		Usr 0 00:00:00, Sys 0 00:00:00  -  Run Local Usage
	0  -  Run Bytes Sent By Job
	0  -  Run Bytes Received By Job
	Partitionable Resources :    Usage  Request Allocated 
	   Cpus                 :     0.99        1         1 
	   Disk (KB)            :     1     1024000   1025696 
	   GPUs                 :                           0 
	   Memory (MB)          :   491        5120      5120 
	   TimeExecute (s)      : 60124                       
	   TimeSlotBusy (s)     : 60125                       
...
009 (15951004.514.000) 2026-02-11 11:11:59 Job was aborted.
	via condor_rm (by user tuccia)
...
000 (15988842.514.000) 2026-02-11 11:12:47 Job submitted from host: <141.34.103.35:9618?addrs=141.34.103.35-9618+[2001-638-700-f067--1-23]-9618&alias=wgs39.zeuthen.desy.de&noUDP&sock=schedd_7302_24a3>
...
001 (15988842.514.000) 2026-02-11 11:43:02 Job executing on host: <141.34.15.197:9618?addrs=141.34.15.197-9618+[2001-638-700-f00f--1-c5]-9618&alias=bladekd.zeuthen.desy.de&noUDP&sock=startd_9313_8598>
	SlotName: slot1_13@bladekd.zeuthen.desy.de
	CondorScratchDir = "/batch/dir_2538347"
	Cpus = 1
	Disk = 1025024
	GPUs = 0
	Memory = 5120
...
006 (15988842.514.000) 2026-02-11 11:43:15 Image size of job updated: 95352
	94  -  MemoryUsage of job (MB)
	95352  -  ResidentSetSize of job (KB)
...
006 (15988842.514.000) 2026-02-11 11:48:15 Image size of job updated: 558132
	457  -  MemoryUsage of job (MB)
	467816  -  ResidentSetSize of job (KB)
...
006 (15988842.514.000) 2026-02-11 11:53:15 Image size of job updated: 558132
	482  -  MemoryUsage of job (MB)
	493140  -  ResidentSetSize of job (KB)
...
006 (15988842.514.000) 2026-02-11 11:58:16 Image size of job updated: 558132
	483  -  MemoryUsage of job (MB)
	493588  -  ResidentSetSize of job (KB)
...
006 (15988842.514.000) 2026-02-11 12:03:16 Image size of job updated: 558132
	483  -  MemoryUsage of job (MB)
	493732  -  ResidentSetSize of job (KB)
...
006 (15988842.514.000) 2026-02-11 12:08:16 Image size of job updated: 558132
	483  -  MemoryUsage of job (MB)
	493756  -  ResidentSetSize of job (KB)
...
006 (15988842.514.000) 2026-02-11 12:18:17 Image size of job updated: 558132
	483  -  MemoryUsage of job (MB)
	493764  -  ResidentSetSize of job (KB)
...
006 (15988842.514.000) 2026-02-11 12:28:18 Image size of job updated: 558132
	483  -  MemoryUsage of job (MB)
	493768  -  ResidentSetSize of job (KB)
...
006 (15988842.514.000) 2026-02-11 14:08:28 Image size of job updated: 558132
	483  -  MemoryUsage of job (MB)
	493780  -  ResidentSetSize of job (KB)
...
006 (15988842.514.000) 2026-02-11 14:13:30 Image size of job updated: 558132
	483  -  MemoryUsage of job (MB)
	493844  -  ResidentSetSize of job (KB)
...
006 (15988842.514.000) 2026-02-11 14:23:30 Image size of job updated: 558132
	483  -  MemoryUsage of job (MB)
	493868  -  ResidentSetSize of job (KB)
...
006 (15988842.514.000) 2026-02-11 14:33:31 Image size of job updated: 558132
	483  -  MemoryUsage of job (MB)
	493900  -  ResidentSetSize of job (KB)
...
006 (15988842.514.000) 2026-02-11 14:48:32 Image size of job updated: 558132
	483  -  MemoryUsage of job (MB)
	493912  -  ResidentSetSize of job (KB)
...
006 (15988842.514.000) 2026-02-11 14:58:33 Image size of job updated: 558132
	483  -  MemoryUsage of job (MB)
	493920  -  ResidentSetSize of job (KB)
...
006 (15988842.514.000) 2026-02-11 15:08:33 Image size of job updated: 558132
	483  -  MemoryUsage of job (MB)
	493972  -  ResidentSetSize of job (KB)
...
006 (15988842.514.000) 2026-02-11 17:03:49 Image size of job updated: 558132
	483  -  MemoryUsage of job (MB)
	494000  -  ResidentSetSize of job (KB)
...
006 (15988842.514.000) 2026-02-11 20:09:06 Image size of job updated: 558132
	483  -  MemoryUsage of job (MB)
	494016  -  ResidentSetSize of job (KB)
...
006 (15988842.514.000) 2026-02-11 20:29:08 Image size of job updated: 558132
	483  -  MemoryUsage of job (MB)
	494020  -  ResidentSetSize of job (KB)
...
006 (15988842.514.000) 2026-02-11 21:44:16 Image size of job updated: 558132
	483  -  MemoryUsage of job (MB)
	494028  -  ResidentSetSize of job (KB)
...
006 (15988842.514.000) 2026-02-11 22:29:20 Image size of job updated: 558132
	485  -  MemoryUsage of job (MB)
	495888  -  ResidentSetSize of job (KB)
...
006 (15988842.514.000) 2026-02-11 23:14:25 Image size of job updated: 558132
	485  -  MemoryUsage of job (MB)
	495912  -  ResidentSetSize of job (KB)
...
006 (15988842.514.000) 2026-02-12 01:04:36 Image size of job updated: 558132
	485  -  MemoryUsage of job (MB)
	495980  -  ResidentSetSize of job (KB)
...
006 (15988842.514.000) 2026-02-12 03:24:50 Image size of job updated: 558132
	485  -  MemoryUsage of job (MB)
	496032  -  ResidentSetSize of job (KB)
...
006 (15988842.514.000) 2026-02-12 04:09:55 Image size of job updated: 558132
	485  -  MemoryUsage of job (MB)
	496088  -  ResidentSetSize of job (KB)
...
006 (15988842.514.000) 2026-02-12 04:14:55 Image size of job updated: 558132
	485  -  MemoryUsage of job (MB)
	496244  -  ResidentSetSize of job (KB)
...
006 (15988842.514.000) 2026-02-12 06:35:10 Image size of job updated: 558132
	485  -  MemoryUsage of job (MB)
	496400  -  ResidentSetSize of job (KB)
...
006 (15988842.514.000) 2026-02-12 10:35:34 Image size of job updated: 558132
	486  -  MemoryUsage of job (MB)
	496828  -  ResidentSetSize of job (KB)
...
021 (15988842.514.000) 2026-02-13 11:43:02 Error from starter on slot1_13@bladekd.zeuthen.desy.de:
	runtime exceeded maximum (target.Runtime seconds)
	Code 21 Subcode 103
...
004 (15988842.514.000) 2026-02-13 11:43:02 Job was evicted.
	(0) CPU times
		Usr 1 23:41:54, Sys 0 00:00:05  -  Run Remote Usage
		Usr 0 00:00:00, Sys 0 00:00:00  -  Run Local Usage
	0  -  Run Bytes Sent By Job
	0  -  Run Bytes Received By Job
	Error from slot1_13@bladekd.zeuthen.desy.de: runtime exceeded maximum (target.Runtime seconds)
	Partitionable Resources :     Usage  Request Allocated 
	   Cpus                 :      1.00        1         1 
	   Disk (KB)            :      1     1024000   1025024 
	   GPUs                 :                            0 
	   Memory (MB)          :    486        5120      5120 
	   TimeSlotBusy (s)     : 172801                       
...
012 (15988842.514.000) 2026-02-13 11:43:02 Job was held.
	Error from slot1_13@bladekd.zeuthen.desy.de: runtime exceeded maximum (target.Runtime seconds)
	Code 21 Subcode 103
...
009 (15988842.514.000) 2026-02-16 17:16:37 Job was aborted.
	via condor_rm (by user tuccia)
...
