000 (15756407.678.000) 2026-02-06 11:26:11 Job submitted from host: <141.34.103.35:9618?addrs=141.34.103.35-9618+[2001-638-700-f067--1-23]-9618&alias=wgs39.zeuthen.desy.de&noUDP&sock=schedd_7414_f73f>
...
009 (15756407.678.000) 2026-02-10 11:42:40 Job was aborted.
	via condor_rm (by user tuccia)
...
000 (15949294.452.000) 2026-02-10 11:45:21 Job submitted from host: <141.34.103.35:9618?addrs=141.34.103.35-9618+[2001-638-700-f067--1-23]-9618&alias=wgs39.zeuthen.desy.de&noUDP&sock=schedd_7302_24a3>
...
009 (15949294.452.000) 2026-02-10 11:45:46 Job was aborted.
	via condor_rm (by user tuccia)
...
000 (15949295.452.000) 2026-02-10 11:46:05 Job submitted from host: <141.34.103.35:9618?addrs=141.34.103.35-9618+[2001-638-700-f067--1-23]-9618&alias=wgs39.zeuthen.desy.de&noUDP&sock=schedd_7302_24a3>
...
001 (15949295.452.000) 2026-02-12 10:46:47 Job executing on host: <141.34.15.52:9618?addrs=141.34.15.52-9618+[2001-638-700-f00f--1-34]-9618&alias=pizza23.zeuthen.desy.de&noUDP&sock=startd_8270_1c50>
	SlotName: slot1_13@pizza23.zeuthen.desy.de
	CondorScratchDir = "/batch/dir_2207868"
	Cpus = 8
	Disk = 1025696
	GPUs = 0
	Memory = 16384
...
006 (15949295.452.000) 2026-02-12 10:47:00 Image size of job updated: 97524
	96  -  MemoryUsage of job (MB)
	97524  -  ResidentSetSize of job (KB)
...
006 (15949295.452.000) 2026-02-12 10:52:00 Image size of job updated: 833160
	450  -  MemoryUsage of job (MB)
	460124  -  ResidentSetSize of job (KB)
...
006 (15949295.452.000) 2026-02-12 10:57:01 Image size of job updated: 833160
	469  -  MemoryUsage of job (MB)
	479888  -  ResidentSetSize of job (KB)
...
006 (15949295.452.000) 2026-02-12 11:02:01 Image size of job updated: 833160
	517  -  MemoryUsage of job (MB)
	528964  -  ResidentSetSize of job (KB)
...
006 (15949295.452.000) 2026-02-12 11:07:01 Image size of job updated: 833160
	541  -  MemoryUsage of job (MB)
	553304  -  ResidentSetSize of job (KB)
...
006 (15949295.452.000) 2026-02-12 11:12:02 Image size of job updated: 833160
	541  -  MemoryUsage of job (MB)
	553364  -  ResidentSetSize of job (KB)
...
006 (15949295.452.000) 2026-02-12 11:17:02 Image size of job updated: 833160
	541  -  MemoryUsage of job (MB)
	553380  -  ResidentSetSize of job (KB)
...
006 (15949295.452.000) 2026-02-12 11:22:02 Image size of job updated: 833160
	554  -  MemoryUsage of job (MB)
	567076  -  ResidentSetSize of job (KB)
...
006 (15949295.452.000) 2026-02-12 12:12:06 Image size of job updated: 833160
	641  -  MemoryUsage of job (MB)
	655808  -  ResidentSetSize of job (KB)
...
006 (15949295.452.000) 2026-02-12 12:17:07 Image size of job updated: 833160
	642  -  MemoryUsage of job (MB)
	657304  -  ResidentSetSize of job (KB)
...
006 (15949295.452.000) 2026-02-12 12:27:08 Image size of job updated: 833160
	664  -  MemoryUsage of job (MB)
	679568  -  ResidentSetSize of job (KB)
...
006 (15949295.452.000) 2026-02-12 17:17:38 Image size of job updated: 833160
	664  -  MemoryUsage of job (MB)
	679740  -  ResidentSetSize of job (KB)
...
006 (15949295.452.000) 2026-02-12 18:12:43 Image size of job updated: 833160
	664  -  MemoryUsage of job (MB)
	679924  -  ResidentSetSize of job (KB)
...
006 (15949295.452.000) 2026-02-12 21:43:01 Image size of job updated: 833160
	665  -  MemoryUsage of job (MB)
	680760  -  ResidentSetSize of job (KB)
...
006 (15949295.452.000) 2026-02-13 05:03:48 Image size of job updated: 833160
	665  -  MemoryUsage of job (MB)
	680908  -  ResidentSetSize of job (KB)
...
006 (15949295.452.000) 2026-02-13 07:09:01 Image size of job updated: 833160
	666  -  MemoryUsage of job (MB)
	681036  -  ResidentSetSize of job (KB)
...
006 (15949295.452.000) 2026-02-13 08:44:11 Image size of job updated: 833160
	666  -  MemoryUsage of job (MB)
	681232  -  ResidentSetSize of job (KB)
...
006 (15949295.452.000) 2026-02-13 11:09:25 Image size of job updated: 833160
	666  -  MemoryUsage of job (MB)
	681460  -  ResidentSetSize of job (KB)
...
006 (15949295.452.000) 2026-02-13 11:19:26 Image size of job updated: 833160
	666  -  MemoryUsage of job (MB)
	681516  -  ResidentSetSize of job (KB)
...
005 (15949295.452.000) 2026-02-13 15:53:42 Job terminated.
	(1) Normal termination (return value 0)
		Usr 3 17:36:03, Sys 0 02:54:10  -  Run Remote Usage
		Usr 0 00:00:00, Sys 0 00:00:00  -  Run Local Usage
		Usr 3 17:36:03, Sys 0 02:54:10  -  Total Remote Usage
		Usr 0 00:00:00, Sys 0 00:00:00  -  Total Local Usage
	0  -  Run Bytes Sent By Job
	0  -  Run Bytes Received By Job
	0  -  Total Bytes Sent By Job
	0  -  Total Bytes Received By Job
	Partitionable Resources :     Usage  Request Allocated 
	   Cpus                 :      0.99        8         8 
	   Disk (KB)            :      1     1024000   1025696 
	   GPUs                 :                            0 
	   Memory (MB)          :    666       16384     16384 
	   TimeExecute (s)      : 104815                       
	   TimeSlotBusy (s)     : 104815                       

	Job terminated of its own accord at 2026-02-13T14:53:42Z with exit-code 0.
...
