000 (15756404.689.000) 2026-02-06 11:24:35 Job submitted from host: <141.34.103.35:9618?addrs=141.34.103.35-9618+[2001-638-700-f067--1-23]-9618&alias=wgs39.zeuthen.desy.de&noUDP&sock=schedd_7414_f73f>
...
001 (15756404.689.000) 2026-02-07 01:39:04 Job executing on host: <141.34.15.199:9618?addrs=141.34.15.199-9618+[2001-638-700-f00f--1-c7]-9618&alias=pizza01.zeuthen.desy.de&noUDP&sock=startd_9160_939a>
	SlotName: slot1_2@pizza01.zeuthen.desy.de
	CondorScratchDir = "/batch/dir_181172"
	Cpus = 8
	Disk = 1025696
	GPUs = 0
	Memory = 16384
...
006 (15756404.689.000) 2026-02-07 01:39:17 Image size of job updated: 97524
	96  -  MemoryUsage of job (MB)
	97524  -  ResidentSetSize of job (KB)
...
006 (15756404.689.000) 2026-02-07 01:44:17 Image size of job updated: 1605272
	1555  -  MemoryUsage of job (MB)
	1591984  -  ResidentSetSize of job (KB)
...
006 (15756404.689.000) 2026-02-07 01:49:17 Image size of job updated: 1642836
	1560  -  MemoryUsage of job (MB)
	1597008  -  ResidentSetSize of job (KB)
...
006 (15756404.689.000) 2026-02-07 01:54:18 Image size of job updated: 1648040
	1560  -  MemoryUsage of job (MB)
	1597008  -  ResidentSetSize of job (KB)
...
006 (15756404.689.000) 2026-02-07 01:59:18 Image size of job updated: 1648040
	1607  -  MemoryUsage of job (MB)
	1644740  -  ResidentSetSize of job (KB)
...
006 (15756404.689.000) 2026-02-07 02:04:18 Image size of job updated: 1648512
	1607  -  MemoryUsage of job (MB)
	1644740  -  ResidentSetSize of job (KB)
...
006 (15756404.689.000) 2026-02-07 02:34:21 Image size of job updated: 1648760
	1607  -  MemoryUsage of job (MB)
	1644740  -  ResidentSetSize of job (KB)
...
006 (15756404.689.000) 2026-02-07 02:49:23 Image size of job updated: 1648896
	1607  -  MemoryUsage of job (MB)
	1644740  -  ResidentSetSize of job (KB)
...
006 (15756404.689.000) 2026-02-07 02:54:24 Image size of job updated: 1650580
	1607  -  MemoryUsage of job (MB)
	1644740  -  ResidentSetSize of job (KB)
...
006 (15756404.689.000) 2026-02-07 02:59:25 Image size of job updated: 1650816
	1607  -  MemoryUsage of job (MB)
	1644740  -  ResidentSetSize of job (KB)
...
006 (15756404.689.000) 2026-02-07 03:09:25 Image size of job updated: 1650824
	1607  -  MemoryUsage of job (MB)
	1644740  -  ResidentSetSize of job (KB)
...
006 (15756404.689.000) 2026-02-07 03:19:26 Image size of job updated: 1650960
	1607  -  MemoryUsage of job (MB)
	1644740  -  ResidentSetSize of job (KB)
...
006 (15756404.689.000) 2026-02-07 03:24:26 Image size of job updated: 1651196
	1607  -  MemoryUsage of job (MB)
	1644740  -  ResidentSetSize of job (KB)
...
006 (15756404.689.000) 2026-02-07 03:29:27 Image size of job updated: 1651504
	1607  -  MemoryUsage of job (MB)
	1644740  -  ResidentSetSize of job (KB)
...
006 (15756404.689.000) 2026-02-07 03:34:27 Image size of job updated: 1651504
	1607  -  MemoryUsage of job (MB)
	1645108  -  ResidentSetSize of job (KB)
...
006 (15756404.689.000) 2026-02-07 03:44:28 Image size of job updated: 1651592
	1607  -  MemoryUsage of job (MB)
	1645108  -  ResidentSetSize of job (KB)
...
006 (15756404.689.000) 2026-02-07 04:09:29 Image size of job updated: 1651728
	1613  -  MemoryUsage of job (MB)
	1650824  -  ResidentSetSize of job (KB)
...
006 (15756404.689.000) 2026-02-07 04:14:30 Image size of job updated: 1652024
	1613  -  MemoryUsage of job (MB)
	1650824  -  ResidentSetSize of job (KB)
...
006 (15756404.689.000) 2026-02-07 04:39:32 Image size of job updated: 1652040
	1613  -  MemoryUsage of job (MB)
	1650824  -  ResidentSetSize of job (KB)
...
006 (15756404.689.000) 2026-02-07 04:44:33 Image size of job updated: 1652304
	1613  -  MemoryUsage of job (MB)
	1650824  -  ResidentSetSize of job (KB)
...
006 (15756404.689.000) 2026-02-07 05:09:36 Image size of job updated: 1652560
	1613  -  MemoryUsage of job (MB)
	1650824  -  ResidentSetSize of job (KB)
...
006 (15756404.689.000) 2026-02-07 05:14:37 Image size of job updated: 1652584
	1613  -  MemoryUsage of job (MB)
	1650824  -  ResidentSetSize of job (KB)
...
006 (15756404.689.000) 2026-02-07 05:24:38 Image size of job updated: 1652700
	1613  -  MemoryUsage of job (MB)
	1650824  -  ResidentSetSize of job (KB)
...
006 (15756404.689.000) 2026-02-07 05:34:40 Image size of job updated: 1652744
	1613  -  MemoryUsage of job (MB)
	1650824  -  ResidentSetSize of job (KB)
...
006 (15756404.689.000) 2026-02-07 05:49:41 Image size of job updated: 1652936
	1613  -  MemoryUsage of job (MB)
	1650824  -  ResidentSetSize of job (KB)
...
006 (15756404.689.000) 2026-02-07 06:09:42 Image size of job updated: 1653264
	1613  -  MemoryUsage of job (MB)
	1650824  -  ResidentSetSize of job (KB)
...
006 (15756404.689.000) 2026-02-07 06:44:45 Image size of job updated: 1653308
	1613  -  MemoryUsage of job (MB)
	1650824  -  ResidentSetSize of job (KB)
...
006 (15756404.689.000) 2026-02-07 06:49:46 Image size of job updated: 1653408
	1613  -  MemoryUsage of job (MB)
	1650824  -  ResidentSetSize of job (KB)
...
006 (15756404.689.000) 2026-02-07 06:59:47 Image size of job updated: 1653480
	1613  -  MemoryUsage of job (MB)
	1650824  -  ResidentSetSize of job (KB)
...
006 (15756404.689.000) 2026-02-07 07:14:49 Image size of job updated: 1653752
	1613  -  MemoryUsage of job (MB)
	1650824  -  ResidentSetSize of job (KB)
...
006 (15756404.689.000) 2026-02-07 07:29:50 Image size of job updated: 1653808
	1613  -  MemoryUsage of job (MB)
	1650824  -  ResidentSetSize of job (KB)
...
006 (15756404.689.000) 2026-02-07 07:34:50 Image size of job updated: 1653912
	1613  -  MemoryUsage of job (MB)
	1650824  -  ResidentSetSize of job (KB)
...
006 (15756404.689.000) 2026-02-07 07:44:51 Image size of job updated: 1654016
	1613  -  MemoryUsage of job (MB)
	1650824  -  ResidentSetSize of job (KB)
...
006 (15756404.689.000) 2026-02-07 07:54:52 Image size of job updated: 1654080
	1613  -  MemoryUsage of job (MB)
	1650824  -  ResidentSetSize of job (KB)
...
006 (15756404.689.000) 2026-02-07 07:59:53 Image size of job updated: 1654132
	1613  -  MemoryUsage of job (MB)
	1650824  -  ResidentSetSize of job (KB)
...
006 (15756404.689.000) 2026-02-07 08:09:54 Image size of job updated: 1654508
	1613  -  MemoryUsage of job (MB)
	1650824  -  ResidentSetSize of job (KB)
...
006 (15756404.689.000) 2026-02-07 08:29:57 Image size of job updated: 1654852
	1613  -  MemoryUsage of job (MB)
	1650824  -  ResidentSetSize of job (KB)
...
006 (15756404.689.000) 2026-02-07 14:15:33 Image size of job updated: 1654852
	1614  -  MemoryUsage of job (MB)
	1651984  -  ResidentSetSize of job (KB)
...
006 (15756404.689.000) 2026-02-07 14:20:33 Image size of job updated: 1654852
	1614  -  MemoryUsage of job (MB)
	1651988  -  ResidentSetSize of job (KB)
...
006 (15756404.689.000) 2026-02-07 15:45:41 Image size of job updated: 1654852
	1616  -  MemoryUsage of job (MB)
	1653840  -  ResidentSetSize of job (KB)
...
006 (15756404.689.000) 2026-02-07 16:05:43 Image size of job updated: 1655016
	1616  -  MemoryUsage of job (MB)
	1653840  -  ResidentSetSize of job (KB)
...
006 (15756404.689.000) 2026-02-07 16:45:48 Image size of job updated: 1655336
	1616  -  MemoryUsage of job (MB)
	1653840  -  ResidentSetSize of job (KB)
...
006 (15756404.689.000) 2026-02-07 17:00:50 Image size of job updated: 1655592
	1616  -  MemoryUsage of job (MB)
	1653840  -  ResidentSetSize of job (KB)
...
006 (15756404.689.000) 2026-02-08 06:02:06 Image size of job updated: 1655648
	1616  -  MemoryUsage of job (MB)
	1653840  -  ResidentSetSize of job (KB)
...
006 (15756404.689.000) 2026-02-08 06:12:06 Image size of job updated: 1655736
	1616  -  MemoryUsage of job (MB)
	1653840  -  ResidentSetSize of job (KB)
...
006 (15756404.689.000) 2026-02-08 07:12:14 Image size of job updated: 1655888
	1616  -  MemoryUsage of job (MB)
	1653840  -  ResidentSetSize of job (KB)
...
006 (15756404.689.000) 2026-02-08 07:22:16 Image size of job updated: 1655932
	1616  -  MemoryUsage of job (MB)
	1653840  -  ResidentSetSize of job (KB)
...
006 (15756404.689.000) 2026-02-08 07:32:16 Image size of job updated: 1655940
	1616  -  MemoryUsage of job (MB)
	1653840  -  ResidentSetSize of job (KB)
...
006 (15756404.689.000) 2026-02-08 09:47:30 Image size of job updated: 1656500
	1616  -  MemoryUsage of job (MB)
	1653840  -  ResidentSetSize of job (KB)
...
006 (15756404.689.000) 2026-02-08 10:22:33 Image size of job updated: 1656756
	1616  -  MemoryUsage of job (MB)
	1653840  -  ResidentSetSize of job (KB)
...
021 (15756404.689.000) 2026-02-09 01:39:06 Error from starter on slot1_2@pizza01.zeuthen.desy.de:
	runtime exceeded maximum (target.Runtime seconds)
	Code 21 Subcode 103
...
004 (15756404.689.000) 2026-02-09 01:39:06 Job was evicted.
	(0) CPU times
		Usr 5 22:28:51, Sys 3 02:06:10  -  Run Remote Usage
		Usr 0 00:00:00, Sys 0 00:00:00  -  Run Local Usage
	0  -  Run Bytes Sent By Job
	0  -  Run Bytes Received By Job
	Error from slot1_2@pizza01.zeuthen.desy.de: runtime exceeded maximum (target.Runtime seconds)
	Partitionable Resources :     Usage  Request Allocated 
	   Cpus                 :      7.94        8         8 
	   Disk (KB)            :      1     1024000   1025696 
	   GPUs                 :                            0 
	   Memory (MB)          :   1616       16384     16384 
	   TimeSlotBusy (s)     : 172802                       
...
012 (15756404.689.000) 2026-02-09 01:39:06 Job was held.
	Error from slot1_2@pizza01.zeuthen.desy.de: runtime exceeded maximum (target.Runtime seconds)
	Code 21 Subcode 103
...
