000 (15756408.817.000) 2026-02-06 11:26:59 Job submitted from host: <141.34.103.35:9618?addrs=141.34.103.35-9618+[2001-638-700-f067--1-23]-9618&alias=wgs39.zeuthen.desy.de&noUDP&sock=schedd_7414_f73f>
...
009 (15756408.817.000) 2026-02-10 11:47:38 Job was aborted.
	via condor_rm (by user tuccia)
...
000 (15951004.545.000) 2026-02-10 16:30:05 Job submitted from host: <141.34.103.35:9618?addrs=141.34.103.35-9618+[2001-638-700-f067--1-23]-9618&alias=wgs39.zeuthen.desy.de&noUDP&sock=schedd_7302_24a3>
...
001 (15951004.545.000) 2026-02-10 18:30:37 Job executing on host: <141.34.15.61:9618?addrs=141.34.15.61-9618+[2001-638-700-f00f--1-3d]-9618&alias=bladej6.zeuthen.desy.de&noUDP&sock=startd_11029_8e1c>
	SlotName: slot1_9@bladej6.zeuthen.desy.de
	CondorScratchDir = "/batch/dir_3933184"
	Cpus = 1
	Disk = 1025024
	GPUs = 0
	Memory = 5120
...
006 (15951004.545.000) 2026-02-10 18:30:51 Image size of job updated: 95404
	94  -  MemoryUsage of job (MB)
	95404  -  ResidentSetSize of job (KB)
...
006 (15951004.545.000) 2026-02-10 18:35:52 Image size of job updated: 608004
	459  -  MemoryUsage of job (MB)
	469816  -  ResidentSetSize of job (KB)
...
006 (15951004.545.000) 2026-02-10 18:40:53 Image size of job updated: 608004
	554  -  MemoryUsage of job (MB)
	567208  -  ResidentSetSize of job (KB)
...
006 (15951004.545.000) 2026-02-10 18:45:53 Image size of job updated: 608004
	555  -  MemoryUsage of job (MB)
	567512  -  ResidentSetSize of job (KB)
...
006 (15951004.545.000) 2026-02-10 18:50:53 Image size of job updated: 608004
	555  -  MemoryUsage of job (MB)
	567700  -  ResidentSetSize of job (KB)
...
006 (15951004.545.000) 2026-02-10 18:55:54 Image size of job updated: 608004
	555  -  MemoryUsage of job (MB)
	567944  -  ResidentSetSize of job (KB)
...
006 (15951004.545.000) 2026-02-10 19:00:54 Image size of job updated: 608004
	556  -  MemoryUsage of job (MB)
	568664  -  ResidentSetSize of job (KB)
...
006 (15951004.545.000) 2026-02-10 19:05:54 Image size of job updated: 608004
	556  -  MemoryUsage of job (MB)
	568900  -  ResidentSetSize of job (KB)
...
006 (15951004.545.000) 2026-02-10 19:10:55 Image size of job updated: 608004
	556  -  MemoryUsage of job (MB)
	569140  -  ResidentSetSize of job (KB)
...
006 (15951004.545.000) 2026-02-10 19:15:55 Image size of job updated: 608004
	557  -  MemoryUsage of job (MB)
	569388  -  ResidentSetSize of job (KB)
...
006 (15951004.545.000) 2026-02-10 19:20:55 Image size of job updated: 608004
	557  -  MemoryUsage of job (MB)
	569644  -  ResidentSetSize of job (KB)
...
006 (15951004.545.000) 2026-02-10 19:25:56 Image size of job updated: 608004
	557  -  MemoryUsage of job (MB)
	569884  -  ResidentSetSize of job (KB)
...
006 (15951004.545.000) 2026-02-10 19:30:57 Image size of job updated: 608004
	557  -  MemoryUsage of job (MB)
	570128  -  ResidentSetSize of job (KB)
...
006 (15951004.545.000) 2026-02-10 19:35:57 Image size of job updated: 608004
	558  -  MemoryUsage of job (MB)
	570384  -  ResidentSetSize of job (KB)
...
006 (15951004.545.000) 2026-02-10 19:40:58 Image size of job updated: 608004
	558  -  MemoryUsage of job (MB)
	570580  -  ResidentSetSize of job (KB)
...
006 (15951004.545.000) 2026-02-10 19:45:59 Image size of job updated: 608004
	558  -  MemoryUsage of job (MB)
	570820  -  ResidentSetSize of job (KB)
...
006 (15951004.545.000) 2026-02-10 19:50:59 Image size of job updated: 614900
	579  -  MemoryUsage of job (MB)
	592372  -  ResidentSetSize of job (KB)
...
006 (15951004.545.000) 2026-02-10 21:06:06 Image size of job updated: 614900
	579  -  MemoryUsage of job (MB)
	592824  -  ResidentSetSize of job (KB)
...
006 (15951004.545.000) 2026-02-10 22:21:15 Image size of job updated: 614900
	579  -  MemoryUsage of job (MB)
	592836  -  ResidentSetSize of job (KB)
...
006 (15951004.545.000) 2026-02-10 22:26:15 Image size of job updated: 614900
	580  -  MemoryUsage of job (MB)
	593124  -  ResidentSetSize of job (KB)
...
006 (15951004.545.000) 2026-02-10 23:36:20 Image size of job updated: 614900
	580  -  MemoryUsage of job (MB)
	593144  -  ResidentSetSize of job (KB)
...
006 (15951004.545.000) 2026-02-11 02:11:37 Image size of job updated: 614900
	580  -  MemoryUsage of job (MB)
	593272  -  ResidentSetSize of job (KB)
...
006 (15951004.545.000) 2026-02-11 03:31:45 Image size of job updated: 614900
	580  -  MemoryUsage of job (MB)
	593864  -  ResidentSetSize of job (KB)
...
006 (15951004.545.000) 2026-02-11 04:51:52 Image size of job updated: 614900
	580  -  MemoryUsage of job (MB)
	593900  -  ResidentSetSize of job (KB)
...
006 (15951004.545.000) 2026-02-11 06:07:01 Image size of job updated: 614900
	599  -  MemoryUsage of job (MB)
	613084  -  ResidentSetSize of job (KB)
...
