000 (15756407.667.000) 2026-02-06 11:26:11 Job submitted from host: <141.34.103.35:9618?addrs=141.34.103.35-9618+[2001-638-700-f067--1-23]-9618&alias=wgs39.zeuthen.desy.de&noUDP&sock=schedd_7414_f73f>
...
009 (15756407.667.000) 2026-02-10 11:42:40 Job was aborted.
	via condor_rm (by user tuccia)
...
000 (15949294.445.000) 2026-02-10 11:45:21 Job submitted from host: <141.34.103.35:9618?addrs=141.34.103.35-9618+[2001-638-700-f067--1-23]-9618&alias=wgs39.zeuthen.desy.de&noUDP&sock=schedd_7302_24a3>
...
009 (15949294.445.000) 2026-02-10 11:45:46 Job was aborted.
	via condor_rm (by user tuccia)
...
000 (15949295.445.000) 2026-02-10 11:46:05 Job submitted from host: <141.34.103.35:9618?addrs=141.34.103.35-9618+[2001-638-700-f067--1-23]-9618&alias=wgs39.zeuthen.desy.de&noUDP&sock=schedd_7302_24a3>
...
001 (15949295.445.000) 2026-02-12 08:18:59 Job executing on host: <141.34.15.48:9618?addrs=141.34.15.48-9618+[2001-638-700-f00f--1-30]-9618&alias=pizza19.zeuthen.desy.de&noUDP&sock=startd_8419_4fed>
	SlotName: slot1_1@pizza19.zeuthen.desy.de
	CondorScratchDir = "/batch/dir_3632205"
	Cpus = 8
	Disk = 1025696
	GPUs = 0
	Memory = 16384
...
006 (15949295.445.000) 2026-02-12 08:19:13 Image size of job updated: 97464
	96  -  MemoryUsage of job (MB)
	97464  -  ResidentSetSize of job (KB)
...
006 (15949295.445.000) 2026-02-12 08:24:14 Image size of job updated: 852244
	645  -  MemoryUsage of job (MB)
	660476  -  ResidentSetSize of job (KB)
...
006 (15949295.445.000) 2026-02-12 08:29:14 Image size of job updated: 852244
	659  -  MemoryUsage of job (MB)
	674072  -  ResidentSetSize of job (KB)
...
006 (15949295.445.000) 2026-02-12 08:34:15 Image size of job updated: 852244
	662  -  MemoryUsage of job (MB)
	677408  -  ResidentSetSize of job (KB)
...
006 (15949295.445.000) 2026-02-12 08:39:16 Image size of job updated: 852244
	664  -  MemoryUsage of job (MB)
	679556  -  ResidentSetSize of job (KB)
...
006 (15949295.445.000) 2026-02-12 08:44:16 Image size of job updated: 852244
	666  -  MemoryUsage of job (MB)
	681032  -  ResidentSetSize of job (KB)
...
006 (15949295.445.000) 2026-02-12 08:49:17 Image size of job updated: 852244
	673  -  MemoryUsage of job (MB)
	689132  -  ResidentSetSize of job (KB)
...
006 (15949295.445.000) 2026-02-12 08:54:17 Image size of job updated: 852244
	681  -  MemoryUsage of job (MB)
	696400  -  ResidentSetSize of job (KB)
...
006 (15949295.445.000) 2026-02-12 09:14:18 Image size of job updated: 852244
	682  -  MemoryUsage of job (MB)
	698100  -  ResidentSetSize of job (KB)
...
006 (15949295.445.000) 2026-02-12 09:19:19 Image size of job updated: 852244
	682  -  MemoryUsage of job (MB)
	698104  -  ResidentSetSize of job (KB)
...
006 (15949295.445.000) 2026-02-12 09:49:22 Image size of job updated: 852244
	713  -  MemoryUsage of job (MB)
	729120  -  ResidentSetSize of job (KB)
...
006 (15949295.445.000) 2026-02-12 09:54:22 Image size of job updated: 852244
	727  -  MemoryUsage of job (MB)
	744432  -  ResidentSetSize of job (KB)
...
006 (15949295.445.000) 2026-02-12 09:59:23 Image size of job updated: 852244
	746  -  MemoryUsage of job (MB)
	763144  -  ResidentSetSize of job (KB)
...
006 (15949295.445.000) 2026-02-12 10:04:23 Image size of job updated: 852244
	747  -  MemoryUsage of job (MB)
	764692  -  ResidentSetSize of job (KB)
...
006 (15949295.445.000) 2026-02-12 10:09:24 Image size of job updated: 852244
	748  -  MemoryUsage of job (MB)
	765040  -  ResidentSetSize of job (KB)
...
006 (15949295.445.000) 2026-02-12 10:14:25 Image size of job updated: 852244
	781  -  MemoryUsage of job (MB)
	799472  -  ResidentSetSize of job (KB)
...
006 (15949295.445.000) 2026-02-12 10:19:25 Image size of job updated: 852244
	791  -  MemoryUsage of job (MB)
	809256  -  ResidentSetSize of job (KB)
...
006 (15949295.445.000) 2026-02-12 10:24:26 Image size of job updated: 852244
	791  -  MemoryUsage of job (MB)
	809712  -  ResidentSetSize of job (KB)
...
006 (15949295.445.000) 2026-02-12 10:34:26 Image size of job updated: 852244
	791  -  MemoryUsage of job (MB)
	809788  -  ResidentSetSize of job (KB)
...
006 (15949295.445.000) 2026-02-12 10:39:27 Image size of job updated: 852244
	791  -  MemoryUsage of job (MB)
	809844  -  ResidentSetSize of job (KB)
...
006 (15949295.445.000) 2026-02-12 10:49:27 Image size of job updated: 852244
	791  -  MemoryUsage of job (MB)
	809932  -  ResidentSetSize of job (KB)
...
006 (15949295.445.000) 2026-02-12 10:54:28 Image size of job updated: 852244
	792  -  MemoryUsage of job (MB)
	810256  -  ResidentSetSize of job (KB)
...
006 (15949295.445.000) 2026-02-12 10:59:28 Image size of job updated: 852244
	792  -  MemoryUsage of job (MB)
	810320  -  ResidentSetSize of job (KB)
...
006 (15949295.445.000) 2026-02-12 11:09:29 Image size of job updated: 852244
	792  -  MemoryUsage of job (MB)
	810372  -  ResidentSetSize of job (KB)
...
