~~~~~~~~~~~~~~~~~~~~~~~~~~~~~~

n_qubits: 90, 
r: 42, 
alpha: 0.01, 
shots: 10000, 
ansatz: structure_like_qubo_YZ_2, 
layer: 1, 
tau: 0.3

time for simulated annealing:  97.3988049030304
Rank 1: Bitstring=110110000011111101010100000011001101110100101111010001010000100110101011011110101111100011, Decimal=1045708146314527811428019171, Energy=-78.4326
Rank 2: Bitstring=110110000011011101010100000011001101111100101111010001010000100110101011011110101111100011, Decimal=1045557030589327782594866147, Energy=-78.414
Rank 3: Bitstring=110111000011111101010100000011101101110100101111010001010000100110101011011110101101100011, Decimal=1065050960004822630526741347, Energy=-77.8246
Rank 4: Bitstring=110111000011011101010100000011101101111100101111010001010000100110101011011110101101100011, Decimal=1064899844279622601693588323, Energy=-77.806
Rank 5: Bitstring=110110000011110101010100000011001111110100101111010000010000100110101011011110101111101011, Decimal=1045670367418693582565796843, Energy=-77.7304
Rank 6: Bitstring=110111000011011101010100000011101101101100101111010011010000100110111110011111100101100111, Decimal=1064899844275119139510155623, Energy=-77.5354
Rank 7: Bitstring=110110000011011101010100000011001101111100101111010011010000100110101010011111100111100111, Decimal=1045557030589327920033561063, Energy=-77.344
Rank 8: Bitstring=110110000011111100010100100001001101110100101111010001010000100110101011011110101111100011, Decimal=1045703458535690079988214755, Energy=-77.2402
Rank 9: Bitstring=110110000011011100010100100001001101111100101111010001010000100110101011011110101111100011, Decimal=1045552342810490051155061731, Energy=-77.2216
Rank 10: Bitstring=110111000011011101010000000011101101101100101011010011110000100110111110011111100101100111, Decimal=1064899549127196402331023719, Energy=-77.0348

E_min from simulated annealing:  -78.4326
Minimum energy: -78.4326
States with energy within 1e-08 of minimum: [1045708146314527811428019171]


################## Start optimization with initial parameters: [0. 0. 0. 0. 0. 0. 0. 0. 0. 0. 0. 0. 0. 0. 0. 0. 0. 0. 0. 0. 0. 0. 0. 0.
 0. 0. 0. 0. 0. 0. 0. 0. 0. 0. 0. 0. 0. 0. 0. 0. 0. 0. 0. 0. 0. 0. 0. 0.
 0. 0. 0. 0. 0. 0. 0. 0. 0. 0. 0. 0. 0. 0. 0. 0. 0. 0. 0. 0. 0. 0. 0. 0.
 0. 0. 0. 0. 0. 0. 0. 0. 0. 0. 0. 0. 0. 0. 0. 0. 0. 0. 0. 0. 0. 0. 0. 0.
 0. 0. 0. 0. 0. 0. 0. 0. 0. 0. 0. 0. 0. 0. 0. 0. 0. 0. 0. 0. 0. 0. 0. 0.
 0. 0. 0. 0. 0. 0. 0. 0. 0. 0. 0. 0. 0. 0. 0. 0. 0. 0. 0. 0. 0. 0. 0. 0.
 0. 0. 0. 0. 0. 0. 0. 0. 0. 0. 0. 0. 0. 0. 0. 0. 0. 0. 0. 0. 0. 0. 0. 0.
 0. 0. 0. 0. 0. 0. 0. 0. 0. 0. 0. 0. 0. 0. 0. 0. 0. 0. 0. 0. 0. 0. 0. 0.
 0. 0. 0. 0. 0. 0. 0. 0. 0. 0. 0. 0. 0. 0. 0. 0. 0. 0. 0. 0. 0. 0. 0. 0.
 0. 0. 0. 0. 0. 0. 0. 0. 0. 0. 0. 0. 0. 0. 0. 0. 0. 0. 0. 0. 0. 0. 0. 0.
 0. 0. 0. 0. 0. 0. 0. 0. 0. 0. 0. 0. 0. 0. 0. 0. 0. 0. 0. 0. 0. 0. 0. 0.
 0. 0. 0. 0. 0. 0. 0. 0. 0. 0. 0. 0. 0. 0. 0. 0. 0. 0. 0. 0. 0. 0. 0. 0.
 0. 0. 0. 0. 0. 0. 0. 0. 0. 0. 0. 0. 0. 0. 0. 0. 0. 0. 0. 0. 0. 0. 0. 0.
 0. 0. 0. 0. 0. 0. 0. 0. 0. 0. 0. 0. 0. 0. 0. 0. 0. 0. 0. 0. 0. 0. 0. 0.
 0. 0. 0. 0. 0. 0. 0. 0. 0. 0. 0. 0. 0. 0. 0. 0. 0. 0. 0. 0. 0. 0. 0. 0.]
Write sucessfully to ./data/data_shots_10000_layer_1/alpha_0.01/N_90/r_42/ansatz_type_structure_like_qubo_YZ_2/initialization_zeros

vqe.cvar_eval[0]: -22.654552 , min_cvar: -73.72166600000007 , opt_cvar: -73.72166600000007

vqe.poss_eval[-1]: 0 vqe.poss_eval[0] 0  , max_poss: 0 , opt_poss: 0

vqe.r_eval[-1]: 0.939426794470667 vqe.r_eval[0]: 0.28884101763807396 max_r: 0.939936531493283 , min_r: 0.28884101763807396
