000 (15756408.748.000) 2026-02-06 11:26:59 Job submitted from host: <141.34.103.35:9618?addrs=141.34.103.35-9618+[2001-638-700-f067--1-23]-9618&alias=wgs39.zeuthen.desy.de&noUDP&sock=schedd_7414_f73f>
...
009 (15756408.748.000) 2026-02-10 11:47:37 Job was aborted.
	via condor_rm (by user tuccia)
...
000 (15951004.499.000) 2026-02-10 16:30:04 Job submitted from host: <141.34.103.35:9618?addrs=141.34.103.35-9618+[2001-638-700-f067--1-23]-9618&alias=wgs39.zeuthen.desy.de&noUDP&sock=schedd_7302_24a3>
...
001 (15951004.499.000) 2026-02-10 18:29:53 Job executing on host: <141.34.103.54:9618?addrs=141.34.103.54-9618+[2001-638-700-f067--1-36]-9618&alias=wgs44.zeuthen.desy.de&noUDP&sock=startd_7775_94ef>
	SlotName: slot1_25@wgs44.zeuthen.desy.de
	CondorScratchDir = "/batch/dir_286764"
	Cpus = 1
	Disk = 1025025
	GPUs = 0
	Memory = 5120
...
006 (15951004.499.000) 2026-02-10 18:30:06 Image size of job updated: 97464
	96  -  MemoryUsage of job (MB)
	97464  -  ResidentSetSize of job (KB)
...
006 (15951004.499.000) 2026-02-10 18:35:06 Image size of job updated: 741916
	462  -  MemoryUsage of job (MB)
	472200  -  ResidentSetSize of job (KB)
...
006 (15951004.499.000) 2026-02-10 18:40:07 Image size of job updated: 741916
	558  -  MemoryUsage of job (MB)
	570720  -  ResidentSetSize of job (KB)
...
006 (15951004.499.000) 2026-02-10 18:45:08 Image size of job updated: 741916
	558  -  MemoryUsage of job (MB)
	571080  -  ResidentSetSize of job (KB)
...
006 (15951004.499.000) 2026-02-10 18:50:08 Image size of job updated: 741916
	559  -  MemoryUsage of job (MB)
	571500  -  ResidentSetSize of job (KB)
...
006 (15951004.499.000) 2026-02-10 18:55:09 Image size of job updated: 741916
	559  -  MemoryUsage of job (MB)
	571936  -  ResidentSetSize of job (KB)
...
006 (15951004.499.000) 2026-02-10 19:00:10 Image size of job updated: 741916
	559  -  MemoryUsage of job (MB)
	572364  -  ResidentSetSize of job (KB)
...
006 (15951004.499.000) 2026-02-10 19:05:10 Image size of job updated: 741916
	560  -  MemoryUsage of job (MB)
	572780  -  ResidentSetSize of job (KB)
...
006 (15951004.499.000) 2026-02-10 19:10:11 Image size of job updated: 741916
	560  -  MemoryUsage of job (MB)
	573212  -  ResidentSetSize of job (KB)
...
006 (15951004.499.000) 2026-02-10 19:15:12 Image size of job updated: 741916
	561  -  MemoryUsage of job (MB)
	573560  -  ResidentSetSize of job (KB)
...
006 (15951004.499.000) 2026-02-10 19:20:12 Image size of job updated: 741916
	581  -  MemoryUsage of job (MB)
	594784  -  ResidentSetSize of job (KB)
...
006 (15951004.499.000) 2026-02-10 20:05:16 Image size of job updated: 741916
	582  -  MemoryUsage of job (MB)
	594976  -  ResidentSetSize of job (KB)
...
006 (15951004.499.000) 2026-02-10 20:20:18 Image size of job updated: 741916
	584  -  MemoryUsage of job (MB)
	597164  -  ResidentSetSize of job (KB)
...
006 (15951004.499.000) 2026-02-10 20:45:21 Image size of job updated: 741916
	584  -  MemoryUsage of job (MB)
	597488  -  ResidentSetSize of job (KB)
...
006 (15951004.499.000) 2026-02-10 21:30:26 Image size of job updated: 741916
	584  -  MemoryUsage of job (MB)
	597752  -  ResidentSetSize of job (KB)
...
006 (15951004.499.000) 2026-02-10 23:00:35 Image size of job updated: 741916
	585  -  MemoryUsage of job (MB)
	598200  -  ResidentSetSize of job (KB)
...
006 (15951004.499.000) 2026-02-10 23:45:40 Image size of job updated: 741916
	585  -  MemoryUsage of job (MB)
	598248  -  ResidentSetSize of job (KB)
...
006 (15951004.499.000) 2026-02-11 00:25:43 Image size of job updated: 741916
	604  -  MemoryUsage of job (MB)
	618368  -  ResidentSetSize of job (KB)
...
006 (15951004.499.000) 2026-02-11 00:30:44 Image size of job updated: 741916
	604  -  MemoryUsage of job (MB)
	618372  -  ResidentSetSize of job (KB)
...
004 (15951004.499.000) 2026-02-11 11:11:58 Job was evicted.
	(0) CPU times
		Usr 0 16:32:44, Sys 0 00:00:05  -  Run Remote Usage
		Usr 0 00:00:00, Sys 0 00:00:00  -  Run Local Usage
	0  -  Run Bytes Sent By Job
	0  -  Run Bytes Received By Job
	Partitionable Resources :    Usage  Request Allocated 
	   Cpus                 :     0.99        1         1 
	   Disk (KB)            :     1     1024000   1025025 
	   GPUs                 :                           0 
	   Memory (MB)          :   604        5120      5120 
	   TimeExecute (s)      : 60124                       
	   TimeSlotBusy (s)     : 60125                       
...
009 (15951004.499.000) 2026-02-11 11:11:59 Job was aborted.
	via condor_rm (by user tuccia)
...
000 (15988842.499.000) 2026-02-11 11:12:47 Job submitted from host: <141.34.103.35:9618?addrs=141.34.103.35-9618+[2001-638-700-f067--1-23]-9618&alias=wgs39.zeuthen.desy.de&noUDP&sock=schedd_7302_24a3>
...
001 (15988842.499.000) 2026-02-11 11:42:00 Job executing on host: <141.34.15.86:9618?addrs=141.34.15.86-9618+[2001-638-700-f00f--1-56]-9618&alias=genoa10.zeuthen.desy.de&noUDP&sock=startd_10124_cce6>
	SlotName: slot1_30@genoa10.zeuthen.desy.de
	CondorScratchDir = "/batch/dir_1048993"
	Cpus = 1
	Disk = 1025681
	GPUs = 0
	Memory = 5120
...
006 (15988842.499.000) 2026-02-11 11:42:14 Image size of job updated: 95460
	94  -  MemoryUsage of job (MB)
	95460  -  ResidentSetSize of job (KB)
...
006 (15988842.499.000) 2026-02-11 11:47:15 Image size of job updated: 656928
	558  -  MemoryUsage of job (MB)
	570772  -  ResidentSetSize of job (KB)
...
006 (15988842.499.000) 2026-02-11 11:52:15 Image size of job updated: 656928
	558  -  MemoryUsage of job (MB)
	571164  -  ResidentSetSize of job (KB)
...
006 (15988842.499.000) 2026-02-11 11:57:15 Image size of job updated: 656928
	559  -  MemoryUsage of job (MB)
	571584  -  ResidentSetSize of job (KB)
...
006 (15988842.499.000) 2026-02-11 12:02:16 Image size of job updated: 656928
	559  -  MemoryUsage of job (MB)
	572016  -  ResidentSetSize of job (KB)
...
006 (15988842.499.000) 2026-02-11 12:07:16 Image size of job updated: 656928
	560  -  MemoryUsage of job (MB)
	572432  -  ResidentSetSize of job (KB)
...
006 (15988842.499.000) 2026-02-11 12:12:16 Image size of job updated: 656928
	560  -  MemoryUsage of job (MB)
	572864  -  ResidentSetSize of job (KB)
...
006 (15988842.499.000) 2026-02-11 12:17:17 Image size of job updated: 656928
	560  -  MemoryUsage of job (MB)
	573324  -  ResidentSetSize of job (KB)
...
006 (15988842.499.000) 2026-02-11 12:22:17 Image size of job updated: 656928
	561  -  MemoryUsage of job (MB)
	573784  -  ResidentSetSize of job (KB)
...
006 (15988842.499.000) 2026-02-11 12:27:17 Image size of job updated: 656928
	582  -  MemoryUsage of job (MB)
	595104  -  ResidentSetSize of job (KB)
...
006 (15988842.499.000) 2026-02-11 12:57:19 Image size of job updated: 656928
	584  -  MemoryUsage of job (MB)
	597360  -  ResidentSetSize of job (KB)
...
006 (15988842.499.000) 2026-02-11 13:07:20 Image size of job updated: 656928
	587  -  MemoryUsage of job (MB)
	600320  -  ResidentSetSize of job (KB)
...
006 (15988842.499.000) 2026-02-11 13:47:23 Image size of job updated: 656928
	587  -  MemoryUsage of job (MB)
	600368  -  ResidentSetSize of job (KB)
...
006 (15988842.499.000) 2026-02-11 14:27:27 Image size of job updated: 656928
	587  -  MemoryUsage of job (MB)
	600668  -  ResidentSetSize of job (KB)
...
006 (15988842.499.000) 2026-02-11 15:07:30 Image size of job updated: 656928
	587  -  MemoryUsage of job (MB)
	600732  -  ResidentSetSize of job (KB)
...
006 (15988842.499.000) 2026-02-11 15:12:31 Image size of job updated: 656928
	587  -  MemoryUsage of job (MB)
	600856  -  ResidentSetSize of job (KB)
...
006 (15988842.499.000) 2026-02-11 15:52:36 Image size of job updated: 656928
	588  -  MemoryUsage of job (MB)
	601172  -  ResidentSetSize of job (KB)
...
006 (15988842.499.000) 2026-02-11 16:37:39 Image size of job updated: 656928
	588  -  MemoryUsage of job (MB)
	601240  -  ResidentSetSize of job (KB)
...
006 (15988842.499.000) 2026-02-11 18:42:52 Image size of job updated: 656928
	588  -  MemoryUsage of job (MB)
	601428  -  ResidentSetSize of job (KB)
...
006 (15988842.499.000) 2026-02-11 19:22:55 Image size of job updated: 656928
	588  -  MemoryUsage of job (MB)
	601492  -  ResidentSetSize of job (KB)
...
006 (15988842.499.000) 2026-02-11 20:07:59 Image size of job updated: 656928
	588  -  MemoryUsage of job (MB)
	601812  -  ResidentSetSize of job (KB)
...
006 (15988842.499.000) 2026-02-11 20:48:04 Image size of job updated: 656928
	588  -  MemoryUsage of job (MB)
	601848  -  ResidentSetSize of job (KB)
...
006 (15988842.499.000) 2026-02-11 21:33:08 Image size of job updated: 656928
	589  -  MemoryUsage of job (MB)
	602172  -  ResidentSetSize of job (KB)
...
006 (15988842.499.000) 2026-02-11 22:13:13 Image size of job updated: 656928
	589  -  MemoryUsage of job (MB)
	602644  -  ResidentSetSize of job (KB)
...
006 (15988842.499.000) 2026-02-12 01:43:35 Image size of job updated: 656928
	589  -  MemoryUsage of job (MB)
	602848  -  ResidentSetSize of job (KB)
...
006 (15988842.499.000) 2026-02-12 03:08:42 Image size of job updated: 656928
	589  -  MemoryUsage of job (MB)
	602956  -  ResidentSetSize of job (KB)
...
006 (15988842.499.000) 2026-02-12 05:13:53 Image size of job updated: 656928
	605  -  MemoryUsage of job (MB)
	619384  -  ResidentSetSize of job (KB)
...
006 (15988842.499.000) 2026-02-12 05:18:54 Image size of job updated: 656928
	605  -  MemoryUsage of job (MB)
	619388  -  ResidentSetSize of job (KB)
...
