000 (15756408.804.000) 2026-02-06 11:26:59 Job submitted from host: <141.34.103.35:9618?addrs=141.34.103.35-9618+[2001-638-700-f067--1-23]-9618&alias=wgs39.zeuthen.desy.de&noUDP&sock=schedd_7414_f73f>
...
009 (15756408.804.000) 2026-02-10 11:47:37 Job was aborted.
	via condor_rm (by user tuccia)
...
000 (15951004.536.000) 2026-02-10 16:30:05 Job submitted from host: <141.34.103.35:9618?addrs=141.34.103.35-9618+[2001-638-700-f067--1-23]-9618&alias=wgs39.zeuthen.desy.de&noUDP&sock=schedd_7302_24a3>
...
001 (15951004.536.000) 2026-02-10 18:30:37 Job executing on host: <141.34.15.85:9618?addrs=141.34.15.85-9618+[2001-638-700-f00f--1-55]-9618&alias=genoa09.zeuthen.desy.de&noUDP&sock=startd_9390_5663>
	SlotName: slot1_10@genoa09.zeuthen.desy.de
	CondorScratchDir = "/batch/dir_883028"
	Cpus = 1
	Disk = 1025681
	GPUs = 0
	Memory = 5120
...
006 (15951004.536.000) 2026-02-10 18:30:51 Image size of job updated: 95456
	94  -  MemoryUsage of job (MB)
	95456  -  ResidentSetSize of job (KB)
...
006 (15951004.536.000) 2026-02-10 18:35:52 Image size of job updated: 649844
	486  -  MemoryUsage of job (MB)
	497224  -  ResidentSetSize of job (KB)
...
006 (15951004.536.000) 2026-02-10 18:40:53 Image size of job updated: 649844
	489  -  MemoryUsage of job (MB)
	499812  -  ResidentSetSize of job (KB)
...
006 (15951004.536.000) 2026-02-10 18:45:53 Image size of job updated: 649844
	489  -  MemoryUsage of job (MB)
	499848  -  ResidentSetSize of job (KB)
...
006 (15951004.536.000) 2026-02-10 18:55:54 Image size of job updated: 649844
	489  -  MemoryUsage of job (MB)
	499860  -  ResidentSetSize of job (KB)
...
006 (15951004.536.000) 2026-02-10 19:05:55 Image size of job updated: 649844
	489  -  MemoryUsage of job (MB)
	499872  -  ResidentSetSize of job (KB)
...
006 (15951004.536.000) 2026-02-10 19:50:59 Image size of job updated: 649844
	489  -  MemoryUsage of job (MB)
	499884  -  ResidentSetSize of job (KB)
...
006 (15951004.536.000) 2026-02-10 20:01:00 Image size of job updated: 649844
	489  -  MemoryUsage of job (MB)
	499912  -  ResidentSetSize of job (KB)
...
006 (15951004.536.000) 2026-02-10 20:06:00 Image size of job updated: 649844
	491  -  MemoryUsage of job (MB)
	502168  -  ResidentSetSize of job (KB)
...
006 (15951004.536.000) 2026-02-10 20:21:01 Image size of job updated: 649844
	491  -  MemoryUsage of job (MB)
	502188  -  ResidentSetSize of job (KB)
...
006 (15951004.536.000) 2026-02-10 20:31:03 Image size of job updated: 649844
	491  -  MemoryUsage of job (MB)
	502248  -  ResidentSetSize of job (KB)
...
006 (15951004.536.000) 2026-02-10 21:46:11 Image size of job updated: 649844
	491  -  MemoryUsage of job (MB)
	502308  -  ResidentSetSize of job (KB)
...
006 (15951004.536.000) 2026-02-10 22:06:13 Image size of job updated: 649844
	491  -  MemoryUsage of job (MB)
	502396  -  ResidentSetSize of job (KB)
...
006 (15951004.536.000) 2026-02-10 22:16:13 Image size of job updated: 649844
	491  -  MemoryUsage of job (MB)
	502432  -  ResidentSetSize of job (KB)
...
006 (15951004.536.000) 2026-02-10 23:26:19 Image size of job updated: 649844
	491  -  MemoryUsage of job (MB)
	502716  -  ResidentSetSize of job (KB)
...
006 (15951004.536.000) 2026-02-11 00:26:26 Image size of job updated: 649844
	492  -  MemoryUsage of job (MB)
	502872  -  ResidentSetSize of job (KB)
...
006 (15951004.536.000) 2026-02-11 03:01:40 Image size of job updated: 649844
	492  -  MemoryUsage of job (MB)
	503028  -  ResidentSetSize of job (KB)
...
006 (15951004.536.000) 2026-02-11 03:16:42 Image size of job updated: 649844
	492  -  MemoryUsage of job (MB)
	503340  -  ResidentSetSize of job (KB)
...
006 (15951004.536.000) 2026-02-11 09:17:19 Image size of job updated: 649844
	493  -  MemoryUsage of job (MB)
	503816  -  ResidentSetSize of job (KB)
...
