~~~~~~~~~~~~~~~~~~~~~~~~~~~~~~

n_qubits: 90, 
r: 10, 
alpha: 0.001, 
shots: 100000, 
ansatz: linear_cnot, 
layer: 1, 
tau: 0.3

time for simulated annealing:  99.59091901779175
Rank 1: Bitstring=010111100011000010010101111110010100101110101011010011010011100100011001110011001010011100, Decimal=455473868653839019888030364, Energy=-78.7608
Rank 2: Bitstring=010111100011000010010101111110010100101101101011010011010011100100011001110011001010011100, Decimal=455473868653557544911319708, Energy=-78.754
Rank 3: Bitstring=010111100111000010110101111110010000111110111011010011010011110101011001101011000010011101, Decimal=456685155589211458504143005, Energy=-78.679
Rank 4: Bitstring=010111100111000010110101111110010000111101111011010011010011110101011001101011000010011101, Decimal=456685155588929983527432349, Energy=-78.6722
Rank 5: Bitstring=010111100011000010110101111110010100111110111011010011010011100100011001110011000010011101, Decimal=455476229841654423082184861, Energy=-78.598
Rank 6: Bitstring=010111100011000010110101111110010100111101111011010011010011100100011001110011000010011101, Decimal=455476229841372948105474205, Energy=-78.5912
Rank 7: Bitstring=010111100011000010010101111110010100101110100011010011010010100100011001110011001010011100, Decimal=455473868653803834442199708, Energy=-78.5634
Rank 8: Bitstring=010111100011000010010101111110010100101101100011010011010010100100011001110011001010011100, Decimal=455473868653522359465489052, Energy=-78.5566
Rank 9: Bitstring=010111000011000010010101111110010100101110001111010011010011100100011001110011001010001100, Decimal=445802462096798841188070028, Energy=-78.5474
Rank 10: Bitstring=010111000011000010010101111110010100101101001111010011010011100100011001110011001010001100, Decimal=445802462096517366211359372, Energy=-78.5406

E_min from simulated annealing:  -78.7608
Minimum energy: -78.7608
States with energy within 1e-08 of minimum: [455473868653839019888030364]
4


################## Start optimization with initial parameters: [0. 0. 0. 0. 0. 0. 0. 0. 0. 0. 0. 0. 0. 0. 0. 0. 0. 0. 0. 0. 0. 0. 0. 0.
 0. 0. 0. 0. 0. 0. 0. 0. 0. 0. 0. 0. 0. 0. 0. 0. 0. 0. 0. 0. 0. 0. 0. 0.
 0. 0. 0. 0. 0. 0. 0. 0. 0. 0. 0. 0. 0. 0. 0. 0. 0. 0. 0. 0. 0. 0. 0. 0.
 0. 0. 0. 0. 0. 0. 0. 0. 0. 0. 0. 0. 0. 0. 0. 0. 0. 0. 0. 0. 0. 0. 0. 0.
 0. 0. 0. 0. 0. 0. 0. 0. 0. 0. 0. 0. 0. 0. 0. 0. 0. 0. 0. 0. 0. 0. 0. 0.
 0. 0. 0. 0. 0. 0. 0. 0. 0. 0. 0. 0. 0. 0. 0. 0. 0. 0. 0. 0. 0. 0. 0. 0.
 0. 0. 0. 0. 0. 0. 0. 0. 0. 0. 0. 0. 0. 0. 0. 0. 0. 0. 0. 0. 0. 0. 0. 0.
 0. 0. 0. 0. 0. 0. 0. 0. 0. 0. 0. 0. 0. 0. 0. 0. 0. 0. 0. 0. 0. 0. 0. 0.
 0. 0. 0. 0. 0. 0. 0. 0. 0. 0. 0. 0. 0. 0. 0. 0. 0. 0. 0. 0. 0. 0. 0. 0.
 0. 0. 0. 0. 0. 0. 0. 0. 0. 0. 0. 0. 0. 0. 0. 0. 0. 0. 0. 0. 0. 0. 0. 0.
 0. 0. 0. 0. 0. 0. 0. 0. 0. 0. 0. 0. 0. 0. 0. 0. 0. 0. 0. 0. 0. 0. 0. 0.
 0. 0. 0. 0. 0. 0. 0. 0. 0. 0. 0. 0. 0. 0. 0. 0. 0. 0. 0. 0. 0. 0. 0. 0.
 0. 0. 0. 0. 0. 0. 0. 0. 0. 0. 0. 0. 0. 0. 0. 0. 0. 0. 0. 0. 0. 0. 0. 0.
 0. 0. 0. 0. 0. 0. 0. 0. 0. 0. 0. 0. 0. 0. 0. 0. 0. 0. 0. 0. 0. 0. 0. 0.
 0. 0. 0. 0. 0. 0. 0. 0. 0. 0. 0. 0. 0. 0. 0. 0. 0. 0. 0. 0. 0. 0. 0. 0.]
Write sucessfully to ./data/data_shots_100000_layer_1/alpha_0.001/N_90/r_10/ansatz_type_linear_cnot/initialization_zeros

vqe.cvar_eval[0]: -28.30458799999995 , min_cvar: -49.061149999999905 , opt_cvar: -49.061149999999905

vqe.poss_eval[-1]: 0 vqe.poss_eval[0] 0  , max_poss: 0 , opt_poss: 0

vqe.r_eval[-1]: 0.6142813430031169 vqe.r_eval[0]: 0.359374054097977 max_r: 0.6229133020487336 , min_r: 0.34357629683802043
