000 (15756404.661.000) 2026-02-06 11:24:35 Job submitted from host: <141.34.103.35:9618?addrs=141.34.103.35-9618+[2001-638-700-f067--1-23]-9618&alias=wgs39.zeuthen.desy.de&noUDP&sock=schedd_7414_f73f>
...
001 (15756404.661.000) 2026-02-07 01:32:26 Job executing on host: <141.34.15.86:9618?addrs=141.34.15.86-9618+[2001-638-700-f00f--1-56]-9618&alias=genoa10.zeuthen.desy.de&noUDP&sock=startd_10124_cce6>
	SlotName: slot1_19@genoa10.zeuthen.desy.de
	CondorScratchDir = "/batch/dir_1295820"
	Cpus = 8
	Disk = 1025681
	GPUs = 0
	Memory = 16384
...
006 (15756404.661.000) 2026-02-07 01:32:39 Image size of job updated: 95456
	94  -  MemoryUsage of job (MB)
	95456  -  ResidentSetSize of job (KB)
...
006 (15756404.661.000) 2026-02-07 01:37:39 Image size of job updated: 562448
	546  -  MemoryUsage of job (MB)
	558852  -  ResidentSetSize of job (KB)
...
006 (15756404.661.000) 2026-02-07 01:42:40 Image size of job updated: 563220
	549  -  MemoryUsage of job (MB)
	561848  -  ResidentSetSize of job (KB)
...
006 (15756404.661.000) 2026-02-07 01:47:40 Image size of job updated: 563904
	549  -  MemoryUsage of job (MB)
	561852  -  ResidentSetSize of job (KB)
...
006 (15756404.661.000) 2026-02-07 01:52:40 Image size of job updated: 564832
	549  -  MemoryUsage of job (MB)
	561852  -  ResidentSetSize of job (KB)
...
006 (15756404.661.000) 2026-02-07 01:57:41 Image size of job updated: 565052
	550  -  MemoryUsage of job (MB)
	563176  -  ResidentSetSize of job (KB)
...
006 (15756404.661.000) 2026-02-07 02:02:41 Image size of job updated: 566008
	550  -  MemoryUsage of job (MB)
	563176  -  ResidentSetSize of job (KB)
...
006 (15756404.661.000) 2026-02-07 02:27:43 Image size of job updated: 566008
	552  -  MemoryUsage of job (MB)
	564700  -  ResidentSetSize of job (KB)
...
006 (15756404.661.000) 2026-02-07 02:32:44 Image size of job updated: 566416
	552  -  MemoryUsage of job (MB)
	564700  -  ResidentSetSize of job (KB)
...
006 (15756404.661.000) 2026-02-07 02:37:44 Image size of job updated: 567152
	553  -  MemoryUsage of job (MB)
	566084  -  ResidentSetSize of job (KB)
...
006 (15756404.661.000) 2026-02-07 03:07:48 Image size of job updated: 567152
	553  -  MemoryUsage of job (MB)
	566184  -  ResidentSetSize of job (KB)
...
006 (15756404.661.000) 2026-02-07 03:12:49 Image size of job updated: 567152
	553  -  MemoryUsage of job (MB)
	566240  -  ResidentSetSize of job (KB)
...
006 (15756404.661.000) 2026-02-07 03:17:50 Image size of job updated: 567152
	554  -  MemoryUsage of job (MB)
	566604  -  ResidentSetSize of job (KB)
...
006 (15756404.661.000) 2026-02-07 03:22:50 Image size of job updated: 567152
	554  -  MemoryUsage of job (MB)
	567132  -  ResidentSetSize of job (KB)
...
006 (15756404.661.000) 2026-02-07 03:27:51 Image size of job updated: 567400
	555  -  MemoryUsage of job (MB)
	567400  -  ResidentSetSize of job (KB)
...
006 (15756404.661.000) 2026-02-07 03:37:52 Image size of job updated: 567664
	555  -  MemoryUsage of job (MB)
	567472  -  ResidentSetSize of job (KB)
...
006 (15756404.661.000) 2026-02-07 03:42:52 Image size of job updated: 567696
	555  -  MemoryUsage of job (MB)
	567696  -  ResidentSetSize of job (KB)
...
006 (15756404.661.000) 2026-02-07 03:47:53 Image size of job updated: 567936
	555  -  MemoryUsage of job (MB)
	567936  -  ResidentSetSize of job (KB)
...
006 (15756404.661.000) 2026-02-07 03:52:53 Image size of job updated: 568196
	555  -  MemoryUsage of job (MB)
	568196  -  ResidentSetSize of job (KB)
...
006 (15756404.661.000) 2026-02-07 04:02:54 Image size of job updated: 568460
	555  -  MemoryUsage of job (MB)
	568204  -  ResidentSetSize of job (KB)
...
006 (15756404.661.000) 2026-02-07 04:07:54 Image size of job updated: 568716
	556  -  MemoryUsage of job (MB)
	568716  -  ResidentSetSize of job (KB)
...
006 (15756404.661.000) 2026-02-07 04:17:55 Image size of job updated: 568972
	556  -  MemoryUsage of job (MB)
	568716  -  ResidentSetSize of job (KB)
...
006 (15756404.661.000) 2026-02-07 06:53:14 Image size of job updated: 568972
	556  -  MemoryUsage of job (MB)
	568780  -  ResidentSetSize of job (KB)
...
006 (15756404.661.000) 2026-02-07 06:58:15 Image size of job updated: 569036
	556  -  MemoryUsage of job (MB)
	569036  -  ResidentSetSize of job (KB)
...
006 (15756404.661.000) 2026-02-07 12:13:43 Image size of job updated: 569040
	556  -  MemoryUsage of job (MB)
	569040  -  ResidentSetSize of job (KB)
...
005 (15756404.661.000) 2026-02-07 13:59:31 Job terminated.
	(1) Normal termination (return value 0)
		Usr 2 07:01:03, Sys 0 23:38:11  -  Run Remote Usage
		Usr 0 00:00:00, Sys 0 00:00:00  -  Run Local Usage
		Usr 2 07:01:03, Sys 0 23:38:11  -  Total Remote Usage
		Usr 0 00:00:00, Sys 0 00:00:00  -  Total Local Usage
	0  -  Run Bytes Sent By Job
	0  -  Run Bytes Received By Job
	0  -  Total Bytes Sent By Job
	0  -  Total Bytes Received By Job
	Partitionable Resources :    Usage  Request Allocated 
	   Cpus                 :     7.96        8         8 
	   Disk (KB)            :     1     1024000   1025681 
	   GPUs                 :                           0 
	   Memory (MB)          :   556       16384     16384 
	   TimeExecute (s)      : 44825                       
	   TimeSlotBusy (s)     : 44825                       

	Job terminated of its own accord at 2026-02-07T12:59:31Z with exit-code 0.
...
