000 (15756407.640.000) 2026-02-06 11:26:11 Job submitted from host: <141.34.103.35:9618?addrs=141.34.103.35-9618+[2001-638-700-f067--1-23]-9618&alias=wgs39.zeuthen.desy.de&noUDP&sock=schedd_7414_f73f>
...
009 (15756407.640.000) 2026-02-10 11:42:40 Job was aborted.
	via condor_rm (by user tuccia)
...
000 (15949294.427.000) 2026-02-10 11:45:21 Job submitted from host: <141.34.103.35:9618?addrs=141.34.103.35-9618+[2001-638-700-f067--1-23]-9618&alias=wgs39.zeuthen.desy.de&noUDP&sock=schedd_7302_24a3>
...
009 (15949294.427.000) 2026-02-10 11:45:46 Job was aborted.
	via condor_rm (by user tuccia)
...
000 (15949295.427.000) 2026-02-10 11:46:05 Job submitted from host: <141.34.103.35:9618?addrs=141.34.103.35-9618+[2001-638-700-f067--1-23]-9618&alias=wgs39.zeuthen.desy.de&noUDP&sock=schedd_7302_24a3>
...
001 (15949295.427.000) 2026-02-12 04:50:52 Job executing on host: <141.34.15.222:9618?addrs=141.34.15.222-9618+[2001-638-700-f00f--1-de]-9618&alias=pizza30.zeuthen.desy.de&noUDP&sock=startd_8310_8c1a>
	SlotName: slot1_1@pizza30.zeuthen.desy.de
	CondorScratchDir = "/batch/dir_1526389"
	Cpus = 8
	Disk = 1025696
	GPUs = 0
	Memory = 16384
...
006 (15949295.427.000) 2026-02-12 04:51:05 Image size of job updated: 59432
	59  -  MemoryUsage of job (MB)
	59432  -  ResidentSetSize of job (KB)
...
006 (15949295.427.000) 2026-02-12 04:56:06 Image size of job updated: 838672
	551  -  MemoryUsage of job (MB)
	563380  -  ResidentSetSize of job (KB)
...
006 (15949295.427.000) 2026-02-12 05:16:09 Image size of job updated: 838672
	555  -  MemoryUsage of job (MB)
	568060  -  ResidentSetSize of job (KB)
...
006 (15949295.427.000) 2026-02-12 05:26:10 Image size of job updated: 838672
	568  -  MemoryUsage of job (MB)
	581092  -  ResidentSetSize of job (KB)
...
006 (15949295.427.000) 2026-02-12 05:46:11 Image size of job updated: 838672
	568  -  MemoryUsage of job (MB)
	581476  -  ResidentSetSize of job (KB)
...
006 (15949295.427.000) 2026-02-12 05:51:11 Image size of job updated: 838672
	569  -  MemoryUsage of job (MB)
	582392  -  ResidentSetSize of job (KB)
...
006 (15949295.427.000) 2026-02-12 05:56:12 Image size of job updated: 838672
	570  -  MemoryUsage of job (MB)
	583160  -  ResidentSetSize of job (KB)
...
006 (15949295.427.000) 2026-02-12 06:01:12 Image size of job updated: 838672
	575  -  MemoryUsage of job (MB)
	588468  -  ResidentSetSize of job (KB)
...
006 (15949295.427.000) 2026-02-12 06:11:14 Image size of job updated: 838672
	583  -  MemoryUsage of job (MB)
	596940  -  ResidentSetSize of job (KB)
...
006 (15949295.427.000) 2026-02-12 06:16:14 Image size of job updated: 838672
	583  -  MemoryUsage of job (MB)
	596944  -  ResidentSetSize of job (KB)
...
006 (15949295.427.000) 2026-02-12 06:21:15 Image size of job updated: 838672
	589  -  MemoryUsage of job (MB)
	602352  -  ResidentSetSize of job (KB)
...
006 (15949295.427.000) 2026-02-12 06:26:15 Image size of job updated: 838672
	618  -  MemoryUsage of job (MB)
	632696  -  ResidentSetSize of job (KB)
...
006 (15949295.427.000) 2026-02-12 06:31:16 Image size of job updated: 838672
	623  -  MemoryUsage of job (MB)
	637376  -  ResidentSetSize of job (KB)
...
006 (15949295.427.000) 2026-02-12 06:36:17 Image size of job updated: 838672
	631  -  MemoryUsage of job (MB)
	645492  -  ResidentSetSize of job (KB)
...
006 (15949295.427.000) 2026-02-12 06:41:17 Image size of job updated: 838672
	631  -  MemoryUsage of job (MB)
	646112  -  ResidentSetSize of job (KB)
...
006 (15949295.427.000) 2026-02-12 06:46:18 Image size of job updated: 838672
	632  -  MemoryUsage of job (MB)
	646396  -  ResidentSetSize of job (KB)
...
006 (15949295.427.000) 2026-02-12 06:51:18 Image size of job updated: 838672
	632  -  MemoryUsage of job (MB)
	646428  -  ResidentSetSize of job (KB)
...
006 (15949295.427.000) 2026-02-12 07:01:20 Image size of job updated: 838672
	632  -  MemoryUsage of job (MB)
	647088  -  ResidentSetSize of job (KB)
...
006 (15949295.427.000) 2026-02-12 07:06:20 Image size of job updated: 838672
	634  -  MemoryUsage of job (MB)
	648244  -  ResidentSetSize of job (KB)
...
006 (15949295.427.000) 2026-02-12 07:11:22 Image size of job updated: 838672
	634  -  MemoryUsage of job (MB)
	648308  -  ResidentSetSize of job (KB)
...
006 (15949295.427.000) 2026-02-12 07:16:22 Image size of job updated: 838672
	634  -  MemoryUsage of job (MB)
	648388  -  ResidentSetSize of job (KB)
...
006 (15949295.427.000) 2026-02-12 07:21:22 Image size of job updated: 838672
	634  -  MemoryUsage of job (MB)
	648468  -  ResidentSetSize of job (KB)
...
006 (15949295.427.000) 2026-02-12 07:26:23 Image size of job updated: 838672
	639  -  MemoryUsage of job (MB)
	653508  -  ResidentSetSize of job (KB)
...
006 (15949295.427.000) 2026-02-12 07:31:23 Image size of job updated: 838672
	639  -  MemoryUsage of job (MB)
	653536  -  ResidentSetSize of job (KB)
...
006 (15949295.427.000) 2026-02-12 07:36:24 Image size of job updated: 838672
	639  -  MemoryUsage of job (MB)
	653588  -  ResidentSetSize of job (KB)
...
006 (15949295.427.000) 2026-02-12 07:46:25 Image size of job updated: 838672
	639  -  MemoryUsage of job (MB)
	653640  -  ResidentSetSize of job (KB)
...
006 (15949295.427.000) 2026-02-12 07:51:26 Image size of job updated: 838672
	639  -  MemoryUsage of job (MB)
	653672  -  ResidentSetSize of job (KB)
...
006 (15949295.427.000) 2026-02-12 07:56:26 Image size of job updated: 838672
	639  -  MemoryUsage of job (MB)
	653776  -  ResidentSetSize of job (KB)
...
006 (15949295.427.000) 2026-02-12 08:06:27 Image size of job updated: 838672
	641  -  MemoryUsage of job (MB)
	655780  -  ResidentSetSize of job (KB)
...
006 (15949295.427.000) 2026-02-12 08:11:27 Image size of job updated: 838672
	641  -  MemoryUsage of job (MB)
	656024  -  ResidentSetSize of job (KB)
...
006 (15949295.427.000) 2026-02-12 08:16:28 Image size of job updated: 838672
	641  -  MemoryUsage of job (MB)
	656164  -  ResidentSetSize of job (KB)
...
006 (15949295.427.000) 2026-02-12 08:21:28 Image size of job updated: 838672
	641  -  MemoryUsage of job (MB)
	656228  -  ResidentSetSize of job (KB)
...
006 (15949295.427.000) 2026-02-12 08:26:28 Image size of job updated: 838672
	642  -  MemoryUsage of job (MB)
	656468  -  ResidentSetSize of job (KB)
...
006 (15949295.427.000) 2026-02-12 08:31:29 Image size of job updated: 838672
	642  -  MemoryUsage of job (MB)
	656488  -  ResidentSetSize of job (KB)
...
006 (15949295.427.000) 2026-02-12 08:36:29 Image size of job updated: 838672
	642  -  MemoryUsage of job (MB)
	656772  -  ResidentSetSize of job (KB)
...
006 (15949295.427.000) 2026-02-12 08:41:30 Image size of job updated: 838672
	642  -  MemoryUsage of job (MB)
	656800  -  ResidentSetSize of job (KB)
...
006 (15949295.427.000) 2026-02-12 08:46:31 Image size of job updated: 838672
	642  -  MemoryUsage of job (MB)
	656960  -  ResidentSetSize of job (KB)
...
006 (15949295.427.000) 2026-02-12 08:51:31 Image size of job updated: 838672
	642  -  MemoryUsage of job (MB)
	657048  -  ResidentSetSize of job (KB)
...
006 (15949295.427.000) 2026-02-12 08:56:32 Image size of job updated: 838672
	642  -  MemoryUsage of job (MB)
	657340  -  ResidentSetSize of job (KB)
...
006 (15949295.427.000) 2026-02-12 09:01:33 Image size of job updated: 838672
	643  -  MemoryUsage of job (MB)
	657616  -  ResidentSetSize of job (KB)
...
006 (15949295.427.000) 2026-02-12 09:06:33 Image size of job updated: 838672
	643  -  MemoryUsage of job (MB)
	657936  -  ResidentSetSize of job (KB)
...
006 (15949295.427.000) 2026-02-12 09:11:34 Image size of job updated: 838672
	643  -  MemoryUsage of job (MB)
	658256  -  ResidentSetSize of job (KB)
...
006 (15949295.427.000) 2026-02-12 09:16:34 Image size of job updated: 838672
	644  -  MemoryUsage of job (MB)
	658612  -  ResidentSetSize of job (KB)
...
006 (15949295.427.000) 2026-02-12 09:21:34 Image size of job updated: 838672
	644  -  MemoryUsage of job (MB)
	658668  -  ResidentSetSize of job (KB)
...
006 (15949295.427.000) 2026-02-12 09:31:35 Image size of job updated: 838672
	658  -  MemoryUsage of job (MB)
	672944  -  ResidentSetSize of job (KB)
...
006 (15949295.427.000) 2026-02-12 09:36:35 Image size of job updated: 838672
	658  -  MemoryUsage of job (MB)
	673000  -  ResidentSetSize of job (KB)
...
006 (15949295.427.000) 2026-02-12 09:41:36 Image size of job updated: 838672
	658  -  MemoryUsage of job (MB)
	673032  -  ResidentSetSize of job (KB)
...
006 (15949295.427.000) 2026-02-12 09:46:36 Image size of job updated: 838672
	658  -  MemoryUsage of job (MB)
	673056  -  ResidentSetSize of job (KB)
...
006 (15949295.427.000) 2026-02-12 09:51:37 Image size of job updated: 838672
	658  -  MemoryUsage of job (MB)
	673084  -  ResidentSetSize of job (KB)
...
006 (15949295.427.000) 2026-02-12 09:56:38 Image size of job updated: 838672
	662  -  MemoryUsage of job (MB)
	677192  -  ResidentSetSize of job (KB)
...
006 (15949295.427.000) 2026-02-12 10:06:39 Image size of job updated: 838672
	662  -  MemoryUsage of job (MB)
	677220  -  ResidentSetSize of job (KB)
...
006 (15949295.427.000) 2026-02-12 10:11:40 Image size of job updated: 838672
	662  -  MemoryUsage of job (MB)
	677832  -  ResidentSetSize of job (KB)
...
006 (15949295.427.000) 2026-02-12 10:36:42 Image size of job updated: 838672
	663  -  MemoryUsage of job (MB)
	678088  -  ResidentSetSize of job (KB)
...
006 (15949295.427.000) 2026-02-12 10:41:42 Image size of job updated: 838672
	664  -  MemoryUsage of job (MB)
	679212  -  ResidentSetSize of job (KB)
...
006 (15949295.427.000) 2026-02-12 10:46:44 Image size of job updated: 838672
	665  -  MemoryUsage of job (MB)
	680332  -  ResidentSetSize of job (KB)
...
006 (15949295.427.000) 2026-02-12 10:51:44 Image size of job updated: 838672
	665  -  MemoryUsage of job (MB)
	680336  -  ResidentSetSize of job (KB)
...
006 (15949295.427.000) 2026-02-12 11:26:47 Image size of job updated: 838672
	667  -  MemoryUsage of job (MB)
	682456  -  ResidentSetSize of job (KB)
...
006 (15949295.427.000) 2026-02-12 11:31:48 Image size of job updated: 838672
	668  -  MemoryUsage of job (MB)
	683464  -  ResidentSetSize of job (KB)
...
006 (15949295.427.000) 2026-02-12 11:36:48 Image size of job updated: 838672
	669  -  MemoryUsage of job (MB)
	684688  -  ResidentSetSize of job (KB)
...
006 (15949295.427.000) 2026-02-12 11:51:49 Image size of job updated: 838672
	673  -  MemoryUsage of job (MB)
	688720  -  ResidentSetSize of job (KB)
...
006 (15949295.427.000) 2026-02-12 11:56:50 Image size of job updated: 838672
	674  -  MemoryUsage of job (MB)
	690048  -  ResidentSetSize of job (KB)
...
006 (15949295.427.000) 2026-02-12 12:01:50 Image size of job updated: 838672
	674  -  MemoryUsage of job (MB)
	690108  -  ResidentSetSize of job (KB)
...
006 (15949295.427.000) 2026-02-12 12:11:51 Image size of job updated: 838672
	674  -  MemoryUsage of job (MB)
	690140  -  ResidentSetSize of job (KB)
...
006 (15949295.427.000) 2026-02-12 12:16:51 Image size of job updated: 838672
	674  -  MemoryUsage of job (MB)
	690148  -  ResidentSetSize of job (KB)
...
006 (15949295.427.000) 2026-02-12 12:21:52 Image size of job updated: 838672
	674  -  MemoryUsage of job (MB)
	690168  -  ResidentSetSize of job (KB)
...
006 (15949295.427.000) 2026-02-12 12:26:53 Image size of job updated: 838672
	675  -  MemoryUsage of job (MB)
	690196  -  ResidentSetSize of job (KB)
...
006 (15949295.427.000) 2026-02-12 12:31:53 Image size of job updated: 838672
	676  -  MemoryUsage of job (MB)
	691324  -  ResidentSetSize of job (KB)
...
006 (15949295.427.000) 2026-02-12 12:36:54 Image size of job updated: 838672
	676  -  MemoryUsage of job (MB)
	691800  -  ResidentSetSize of job (KB)
...
006 (15949295.427.000) 2026-02-12 12:41:55 Image size of job updated: 838672
	676  -  MemoryUsage of job (MB)
	691864  -  ResidentSetSize of job (KB)
...
006 (15949295.427.000) 2026-02-12 12:51:56 Image size of job updated: 838672
	676  -  MemoryUsage of job (MB)
	691916  -  ResidentSetSize of job (KB)
...
006 (15949295.427.000) 2026-02-12 12:56:56 Image size of job updated: 838672
	677  -  MemoryUsage of job (MB)
	692304  -  ResidentSetSize of job (KB)
...
006 (15949295.427.000) 2026-02-12 13:01:56 Image size of job updated: 838672
	677  -  MemoryUsage of job (MB)
	692308  -  ResidentSetSize of job (KB)
...
006 (15949295.427.000) 2026-02-12 13:16:57 Image size of job updated: 838672
	677  -  MemoryUsage of job (MB)
	692492  -  ResidentSetSize of job (KB)
...
006 (15949295.427.000) 2026-02-12 13:21:58 Image size of job updated: 838672
	677  -  MemoryUsage of job (MB)
	692568  -  ResidentSetSize of job (KB)
...
006 (15949295.427.000) 2026-02-12 13:26:58 Image size of job updated: 838672
	677  -  MemoryUsage of job (MB)
	692812  -  ResidentSetSize of job (KB)
...
006 (15949295.427.000) 2026-02-12 14:17:04 Image size of job updated: 838672
	677  -  MemoryUsage of job (MB)
	692884  -  ResidentSetSize of job (KB)
...
006 (15949295.427.000) 2026-02-12 14:22:05 Image size of job updated: 838672
	677  -  MemoryUsage of job (MB)
	692964  -  ResidentSetSize of job (KB)
...
006 (15949295.427.000) 2026-02-12 14:27:05 Image size of job updated: 838672
	677  -  MemoryUsage of job (MB)
	693024  -  ResidentSetSize of job (KB)
...
006 (15949295.427.000) 2026-02-12 14:32:06 Image size of job updated: 838672
	678  -  MemoryUsage of job (MB)
	693320  -  ResidentSetSize of job (KB)
...
006 (15949295.427.000) 2026-02-12 14:37:07 Image size of job updated: 838672
	678  -  MemoryUsage of job (MB)
	693384  -  ResidentSetSize of job (KB)
...
006 (15949295.427.000) 2026-02-12 14:42:07 Image size of job updated: 838672
	678  -  MemoryUsage of job (MB)
	693708  -  ResidentSetSize of job (KB)
...
006 (15949295.427.000) 2026-02-12 15:02:09 Image size of job updated: 838672
	678  -  MemoryUsage of job (MB)
	693828  -  ResidentSetSize of job (KB)
...
006 (15949295.427.000) 2026-02-12 15:07:09 Image size of job updated: 838672
	678  -  MemoryUsage of job (MB)
	693852  -  ResidentSetSize of job (KB)
...
006 (15949295.427.000) 2026-02-12 15:12:09 Image size of job updated: 838672
	680  -  MemoryUsage of job (MB)
	695656  -  ResidentSetSize of job (KB)
...
006 (15949295.427.000) 2026-02-12 15:17:10 Image size of job updated: 838672
	681  -  MemoryUsage of job (MB)
	696640  -  ResidentSetSize of job (KB)
...
006 (15949295.427.000) 2026-02-12 15:22:10 Image size of job updated: 838672
	681  -  MemoryUsage of job (MB)
	696756  -  ResidentSetSize of job (KB)
...
006 (15949295.427.000) 2026-02-12 15:27:11 Image size of job updated: 838672
	687  -  MemoryUsage of job (MB)
	702984  -  ResidentSetSize of job (KB)
...
006 (15949295.427.000) 2026-02-12 15:32:12 Image size of job updated: 838672
	687  -  MemoryUsage of job (MB)
	703488  -  ResidentSetSize of job (KB)
...
006 (15949295.427.000) 2026-02-12 15:37:12 Image size of job updated: 838672
	688  -  MemoryUsage of job (MB)
	703824  -  ResidentSetSize of job (KB)
...
006 (15949295.427.000) 2026-02-12 15:42:13 Image size of job updated: 838672
	688  -  MemoryUsage of job (MB)
	703880  -  ResidentSetSize of job (KB)
...
006 (15949295.427.000) 2026-02-12 15:47:13 Image size of job updated: 838672
	690  -  MemoryUsage of job (MB)
	705896  -  ResidentSetSize of job (KB)
...
006 (15949295.427.000) 2026-02-12 15:52:13 Image size of job updated: 838672
	690  -  MemoryUsage of job (MB)
	706220  -  ResidentSetSize of job (KB)
...
006 (15949295.427.000) 2026-02-12 15:57:14 Image size of job updated: 838672
	693  -  MemoryUsage of job (MB)
	708624  -  ResidentSetSize of job (KB)
...
006 (15949295.427.000) 2026-02-12 16:02:14 Image size of job updated: 838672
	693  -  MemoryUsage of job (MB)
	709032  -  ResidentSetSize of job (KB)
...
006 (15949295.427.000) 2026-02-12 16:07:15 Image size of job updated: 838672
	693  -  MemoryUsage of job (MB)
	709576  -  ResidentSetSize of job (KB)
...
006 (15949295.427.000) 2026-02-12 16:12:16 Image size of job updated: 838672
	695  -  MemoryUsage of job (MB)
	711220  -  ResidentSetSize of job (KB)
...
006 (15949295.427.000) 2026-02-12 16:17:16 Image size of job updated: 838672
	695  -  MemoryUsage of job (MB)
	711532  -  ResidentSetSize of job (KB)
...
006 (15949295.427.000) 2026-02-12 16:22:17 Image size of job updated: 838672
	696  -  MemoryUsage of job (MB)
	711700  -  ResidentSetSize of job (KB)
...
006 (15949295.427.000) 2026-02-12 16:27:17 Image size of job updated: 838672
	696  -  MemoryUsage of job (MB)
	711736  -  ResidentSetSize of job (KB)
...
006 (15949295.427.000) 2026-02-12 16:32:17 Image size of job updated: 838672
	696  -  MemoryUsage of job (MB)
	711948  -  ResidentSetSize of job (KB)
...
006 (15949295.427.000) 2026-02-12 16:37:18 Image size of job updated: 838672
	696  -  MemoryUsage of job (MB)
	711972  -  ResidentSetSize of job (KB)
...
006 (15949295.427.000) 2026-02-12 16:42:18 Image size of job updated: 838672
	696  -  MemoryUsage of job (MB)
	712000  -  ResidentSetSize of job (KB)
...
006 (15949295.427.000) 2026-02-12 16:47:19 Image size of job updated: 838672
	696  -  MemoryUsage of job (MB)
	712284  -  ResidentSetSize of job (KB)
...
006 (15949295.427.000) 2026-02-12 16:52:20 Image size of job updated: 838672
	696  -  MemoryUsage of job (MB)
	712308  -  ResidentSetSize of job (KB)
...
006 (15949295.427.000) 2026-02-12 16:57:20 Image size of job updated: 838672
	696  -  MemoryUsage of job (MB)
	712352  -  ResidentSetSize of job (KB)
...
006 (15949295.427.000) 2026-02-12 17:07:22 Image size of job updated: 838672
	696  -  MemoryUsage of job (MB)
	712668  -  ResidentSetSize of job (KB)
...
006 (15949295.427.000) 2026-02-12 17:12:22 Image size of job updated: 838672
	698  -  MemoryUsage of job (MB)
	714328  -  ResidentSetSize of job (KB)
...
006 (15949295.427.000) 2026-02-12 17:17:24 Image size of job updated: 838672
	698  -  MemoryUsage of job (MB)
	714660  -  ResidentSetSize of job (KB)
...
006 (15949295.427.000) 2026-02-12 17:22:24 Image size of job updated: 838672
	699  -  MemoryUsage of job (MB)
	714976  -  ResidentSetSize of job (KB)
...
006 (15949295.427.000) 2026-02-12 17:27:24 Image size of job updated: 838672
	699  -  MemoryUsage of job (MB)
	715308  -  ResidentSetSize of job (KB)
...
006 (15949295.427.000) 2026-02-12 17:37:25 Image size of job updated: 838672
	699  -  MemoryUsage of job (MB)
	715364  -  ResidentSetSize of job (KB)
...
006 (15949295.427.000) 2026-02-12 17:47:26 Image size of job updated: 838672
	699  -  MemoryUsage of job (MB)
	715552  -  ResidentSetSize of job (KB)
...
006 (15949295.427.000) 2026-02-12 17:52:26 Image size of job updated: 838672
	699  -  MemoryUsage of job (MB)
	715580  -  ResidentSetSize of job (KB)
...
006 (15949295.427.000) 2026-02-12 17:57:26 Image size of job updated: 838672
	699  -  MemoryUsage of job (MB)
	715608  -  ResidentSetSize of job (KB)
...
006 (15949295.427.000) 2026-02-12 18:22:28 Image size of job updated: 838672
	699  -  MemoryUsage of job (MB)
	715708  -  ResidentSetSize of job (KB)
...
006 (15949295.427.000) 2026-02-12 18:27:29 Image size of job updated: 838672
	699  -  MemoryUsage of job (MB)
	715752  -  ResidentSetSize of job (KB)
...
006 (15949295.427.000) 2026-02-12 18:32:30 Image size of job updated: 838672
	700  -  MemoryUsage of job (MB)
	715812  -  ResidentSetSize of job (KB)
...
006 (15949295.427.000) 2026-02-12 18:42:31 Image size of job updated: 838672
	700  -  MemoryUsage of job (MB)
	716132  -  ResidentSetSize of job (KB)
...
006 (15949295.427.000) 2026-02-12 18:47:32 Image size of job updated: 838672
	700  -  MemoryUsage of job (MB)
	716196  -  ResidentSetSize of job (KB)
...
006 (15949295.427.000) 2026-02-12 18:52:32 Image size of job updated: 838672
	700  -  MemoryUsage of job (MB)
	716620  -  ResidentSetSize of job (KB)
...
006 (15949295.427.000) 2026-02-12 19:02:34 Image size of job updated: 838672
	701  -  MemoryUsage of job (MB)
	716864  -  ResidentSetSize of job (KB)
...
006 (15949295.427.000) 2026-02-12 23:08:00 Image size of job updated: 838672
	702  -  MemoryUsage of job (MB)
	717884  -  ResidentSetSize of job (KB)
...
006 (15949295.427.000) 2026-02-12 23:13:00 Image size of job updated: 838672
	702  -  MemoryUsage of job (MB)
	717944  -  ResidentSetSize of job (KB)
...
006 (15949295.427.000) 2026-02-13 01:13:11 Image size of job updated: 838672
	703  -  MemoryUsage of job (MB)
	719256  -  ResidentSetSize of job (KB)
...
006 (15949295.427.000) 2026-02-13 01:18:12 Image size of job updated: 838672
	703  -  MemoryUsage of job (MB)
	719372  -  ResidentSetSize of job (KB)
...
006 (15949295.427.000) 2026-02-13 02:43:20 Image size of job updated: 838672
	703  -  MemoryUsage of job (MB)
	719380  -  ResidentSetSize of job (KB)
...
006 (15949295.427.000) 2026-02-13 02:53:21 Image size of job updated: 838672
	760  -  MemoryUsage of job (MB)
	777524  -  ResidentSetSize of job (KB)
...
006 (15949295.427.000) 2026-02-13 02:58:21 Image size of job updated: 838672
	764  -  MemoryUsage of job (MB)
	782144  -  ResidentSetSize of job (KB)
...
006 (15949295.427.000) 2026-02-13 03:23:24 Image size of job updated: 838672
	766  -  MemoryUsage of job (MB)
	783600  -  ResidentSetSize of job (KB)
...
006 (15949295.427.000) 2026-02-13 03:43:27 Image size of job updated: 838672
	766  -  MemoryUsage of job (MB)
	783672  -  ResidentSetSize of job (KB)
...
006 (15949295.427.000) 2026-02-13 03:53:27 Image size of job updated: 838672
	767  -  MemoryUsage of job (MB)
	785184  -  ResidentSetSize of job (KB)
...
006 (15949295.427.000) 2026-02-13 04:13:30 Image size of job updated: 838672
	778  -  MemoryUsage of job (MB)
	796536  -  ResidentSetSize of job (KB)
...
006 (15949295.427.000) 2026-02-13 05:38:38 Image size of job updated: 838672
	779  -  MemoryUsage of job (MB)
	797316  -  ResidentSetSize of job (KB)
...
006 (15949295.427.000) 2026-02-13 06:23:43 Image size of job updated: 838672
	779  -  MemoryUsage of job (MB)
	797596  -  ResidentSetSize of job (KB)
...
006 (15949295.427.000) 2026-02-13 11:49:18 Image size of job updated: 838672
	779  -  MemoryUsage of job (MB)
	797648  -  ResidentSetSize of job (KB)
...
006 (15949295.427.000) 2026-02-13 15:39:43 Image size of job updated: 838672
	780  -  MemoryUsage of job (MB)
	798036  -  ResidentSetSize of job (KB)
...
006 (15949295.427.000) 2026-02-13 15:54:45 Image size of job updated: 838672
	781  -  MemoryUsage of job (MB)
	799076  -  ResidentSetSize of job (KB)
...
006 (15949295.427.000) 2026-02-13 16:59:52 Image size of job updated: 838672
	781  -  MemoryUsage of job (MB)
	799188  -  ResidentSetSize of job (KB)
...
006 (15949295.427.000) 2026-02-13 17:14:53 Image size of job updated: 838672
	781  -  MemoryUsage of job (MB)
	799360  -  ResidentSetSize of job (KB)
...
006 (15949295.427.000) 2026-02-13 17:19:53 Image size of job updated: 838672
	781  -  MemoryUsage of job (MB)
	799688  -  ResidentSetSize of job (KB)
...
006 (15949295.427.000) 2026-02-13 18:35:01 Image size of job updated: 838672
	782  -  MemoryUsage of job (MB)
	800116  -  ResidentSetSize of job (KB)
...
006 (15949295.427.000) 2026-02-13 19:05:04 Image size of job updated: 838672
	782  -  MemoryUsage of job (MB)
	800384  -  ResidentSetSize of job (KB)
...
006 (15949295.427.000) 2026-02-13 19:30:06 Image size of job updated: 838672
	782  -  MemoryUsage of job (MB)
	800720  -  ResidentSetSize of job (KB)
...
006 (15949295.427.000) 2026-02-13 20:15:12 Image size of job updated: 838672
	783  -  MemoryUsage of job (MB)
	800820  -  ResidentSetSize of job (KB)
...
006 (15949295.427.000) 2026-02-14 02:55:54 Image size of job updated: 838672
	784  -  MemoryUsage of job (MB)
	801964  -  ResidentSetSize of job (KB)
...
021 (15949295.427.000) 2026-02-14 04:50:54 Error from starter on slot1_1@pizza30.zeuthen.desy.de:
	runtime exceeded maximum (target.Runtime seconds)
	Code 21 Subcode 103
...
004 (15949295.427.000) 2026-02-14 04:50:54 Job was evicted.
	(0) CPU times
		Usr 11 14:56:42, Sys 0 22:01:30  -  Run Remote Usage
		Usr 0 00:00:00, Sys 0 00:00:00  -  Run Local Usage
	0  -  Run Bytes Sent By Job
	0  -  Run Bytes Received By Job
	Error from slot1_1@pizza30.zeuthen.desy.de: runtime exceeded maximum (target.Runtime seconds)
	Partitionable Resources :     Usage  Request Allocated 
	   Cpus                 :      7.92        8         8 
	   Disk (KB)            :      1     1024000   1025696 
	   GPUs                 :                            0 
	   Memory (MB)          :    784       16384     16384 
	   TimeSlotBusy (s)     : 172802                       
...
012 (15949295.427.000) 2026-02-14 04:50:54 Job was held.
	Error from slot1_1@pizza30.zeuthen.desy.de: runtime exceeded maximum (target.Runtime seconds)
	Code 21 Subcode 103
...
009 (15949295.427.000) 2026-02-16 17:16:24 Job was aborted.
	via condor_rm (by user tuccia)
...
