000 (15756408.721.000) 2026-02-06 11:26:58 Job submitted from host: <141.34.103.35:9618?addrs=141.34.103.35-9618+[2001-638-700-f067--1-23]-9618&alias=wgs39.zeuthen.desy.de&noUDP&sock=schedd_7414_f73f>
...
009 (15756408.721.000) 2026-02-10 11:47:36 Job was aborted.
	via condor_rm (by user tuccia)
...
000 (15951004.481.000) 2026-02-10 16:30:04 Job submitted from host: <141.34.103.35:9618?addrs=141.34.103.35-9618+[2001-638-700-f067--1-23]-9618&alias=wgs39.zeuthen.desy.de&noUDP&sock=schedd_7302_24a3>
...
001 (15951004.481.000) 2026-02-10 18:29:53 Job executing on host: <141.34.15.194:9618?addrs=141.34.15.194-9618+[2001-638-700-f00f--1-c2]-9618&alias=bladekc.zeuthen.desy.de&noUDP&sock=startd_11910_d90c>
	SlotName: slot1_13@bladekc.zeuthen.desy.de
	CondorScratchDir = "/batch/dir_2148774"
	Cpus = 1
	Disk = 1025024
	GPUs = 0
	Memory = 5120
...
006 (15951004.481.000) 2026-02-10 18:30:06 Image size of job updated: 95392
	94  -  MemoryUsage of job (MB)
	95392  -  ResidentSetSize of job (KB)
...
006 (15951004.481.000) 2026-02-10 18:35:06 Image size of job updated: 847412
	554  -  MemoryUsage of job (MB)
	567248  -  ResidentSetSize of job (KB)
...
006 (15951004.481.000) 2026-02-10 18:40:06 Image size of job updated: 847412
	555  -  MemoryUsage of job (MB)
	567516  -  ResidentSetSize of job (KB)
...
006 (15951004.481.000) 2026-02-10 18:45:07 Image size of job updated: 847412
	555  -  MemoryUsage of job (MB)
	567748  -  ResidentSetSize of job (KB)
...
006 (15951004.481.000) 2026-02-10 18:50:07 Image size of job updated: 847412
	555  -  MemoryUsage of job (MB)
	568004  -  ResidentSetSize of job (KB)
...
006 (15951004.481.000) 2026-02-10 18:55:07 Image size of job updated: 847412
	555  -  MemoryUsage of job (MB)
	568252  -  ResidentSetSize of job (KB)
...
006 (15951004.481.000) 2026-02-10 19:00:08 Image size of job updated: 847412
	556  -  MemoryUsage of job (MB)
	568500  -  ResidentSetSize of job (KB)
...
006 (15951004.481.000) 2026-02-10 19:05:08 Image size of job updated: 847412
	556  -  MemoryUsage of job (MB)
	568764  -  ResidentSetSize of job (KB)
...
006 (15951004.481.000) 2026-02-10 19:10:08 Image size of job updated: 847412
	556  -  MemoryUsage of job (MB)
	569004  -  ResidentSetSize of job (KB)
...
006 (15951004.481.000) 2026-02-10 19:15:09 Image size of job updated: 847412
	556  -  MemoryUsage of job (MB)
	569248  -  ResidentSetSize of job (KB)
...
006 (15951004.481.000) 2026-02-10 19:20:09 Image size of job updated: 847412
	557  -  MemoryUsage of job (MB)
	569508  -  ResidentSetSize of job (KB)
...
006 (15951004.481.000) 2026-02-10 19:25:09 Image size of job updated: 847412
	557  -  MemoryUsage of job (MB)
	569780  -  ResidentSetSize of job (KB)
...
006 (15951004.481.000) 2026-02-10 19:30:10 Image size of job updated: 847412
	557  -  MemoryUsage of job (MB)
	570000  -  ResidentSetSize of job (KB)
...
006 (15951004.481.000) 2026-02-10 19:35:10 Image size of job updated: 847412
	557  -  MemoryUsage of job (MB)
	570248  -  ResidentSetSize of job (KB)
...
006 (15951004.481.000) 2026-02-10 19:40:10 Image size of job updated: 847412
	558  -  MemoryUsage of job (MB)
	570516  -  ResidentSetSize of job (KB)
...
006 (15951004.481.000) 2026-02-10 19:45:11 Image size of job updated: 847412
	578  -  MemoryUsage of job (MB)
	591852  -  ResidentSetSize of job (KB)
...
006 (15951004.481.000) 2026-02-10 19:55:11 Image size of job updated: 847412
	579  -  MemoryUsage of job (MB)
	592000  -  ResidentSetSize of job (KB)
...
006 (15951004.481.000) 2026-02-10 20:50:19 Image size of job updated: 847412
	579  -  MemoryUsage of job (MB)
	592104  -  ResidentSetSize of job (KB)
...
006 (15951004.481.000) 2026-02-10 22:00:25 Image size of job updated: 847412
	579  -  MemoryUsage of job (MB)
	592432  -  ResidentSetSize of job (KB)
...
006 (15951004.481.000) 2026-02-10 23:05:34 Image size of job updated: 847412
	579  -  MemoryUsage of job (MB)
	592452  -  ResidentSetSize of job (KB)
...
006 (15951004.481.000) 2026-02-10 23:10:35 Image size of job updated: 847412
	579  -  MemoryUsage of job (MB)
	592892  -  ResidentSetSize of job (KB)
...
006 (15951004.481.000) 2026-02-11 01:25:46 Image size of job updated: 847412
	580  -  MemoryUsage of job (MB)
	592900  -  ResidentSetSize of job (KB)
...
006 (15951004.481.000) 2026-02-11 01:30:47 Image size of job updated: 847412
	580  -  MemoryUsage of job (MB)
	593216  -  ResidentSetSize of job (KB)
...
006 (15951004.481.000) 2026-02-11 02:35:55 Image size of job updated: 847412
	580  -  MemoryUsage of job (MB)
	593280  -  ResidentSetSize of job (KB)
...
006 (15951004.481.000) 2026-02-11 03:46:01 Image size of job updated: 847412
	580  -  MemoryUsage of job (MB)
	593320  -  ResidentSetSize of job (KB)
...
006 (15951004.481.000) 2026-02-11 04:56:09 Image size of job updated: 847412
	580  -  MemoryUsage of job (MB)
	593640  -  ResidentSetSize of job (KB)
...
006 (15951004.481.000) 2026-02-11 06:06:13 Image size of job updated: 847412
	581  -  MemoryUsage of job (MB)
	594108  -  ResidentSetSize of job (KB)
...
006 (15951004.481.000) 2026-02-11 07:16:23 Image size of job updated: 847412
	581  -  MemoryUsage of job (MB)
	594172  -  ResidentSetSize of job (KB)
...
006 (15951004.481.000) 2026-02-11 08:21:27 Image size of job updated: 847412
	599  -  MemoryUsage of job (MB)
	612688  -  ResidentSetSize of job (KB)
...
006 (15951004.481.000) 2026-02-11 09:31:33 Image size of job updated: 847412
	601  -  MemoryUsage of job (MB)
	614660  -  ResidentSetSize of job (KB)
...
006 (15951004.481.000) 2026-02-11 09:36:34 Image size of job updated: 847412
	601  -  MemoryUsage of job (MB)
	614664  -  ResidentSetSize of job (KB)
...
