000 (15756404.889.000) 2026-02-06 11:24:36 Job submitted from host: <141.34.103.35:9618?addrs=141.34.103.35-9618+[2001-638-700-f067--1-23]-9618&alias=wgs39.zeuthen.desy.de&noUDP&sock=schedd_7414_f73f>
...
001 (15756404.889.000) 2026-02-07 05:43:01 Job executing on host: <141.34.15.44:9618?addrs=141.34.15.44-9618+[2001-638-700-f00f--1-2c]-9618&alias=pizza15.zeuthen.desy.de&noUDP&sock=startd_8410_2393>
	SlotName: slot1_4@pizza15.zeuthen.desy.de
	CondorScratchDir = "/batch/dir_4036208"
	Cpus = 8
	Disk = 1025696
	GPUs = 0
	Memory = 16384
...
006 (15756404.889.000) 2026-02-07 05:43:14 Image size of job updated: 97492
	96  -  MemoryUsage of job (MB)
	97492  -  ResidentSetSize of job (KB)
...
006 (15756404.889.000) 2026-02-07 05:48:14 Image size of job updated: 564236
	549  -  MemoryUsage of job (MB)
	561304  -  ResidentSetSize of job (KB)
...
006 (15756404.889.000) 2026-02-07 05:53:14 Image size of job updated: 564948
	549  -  MemoryUsage of job (MB)
	561308  -  ResidentSetSize of job (KB)
...
006 (15756404.889.000) 2026-02-07 05:58:15 Image size of job updated: 565648
	553  -  MemoryUsage of job (MB)
	565648  -  ResidentSetSize of job (KB)
...
006 (15756404.889.000) 2026-02-07 06:03:15 Image size of job updated: 565844
	553  -  MemoryUsage of job (MB)
	565648  -  ResidentSetSize of job (KB)
...
006 (15756404.889.000) 2026-02-07 06:08:15 Image size of job updated: 566604
	553  -  MemoryUsage of job (MB)
	565648  -  ResidentSetSize of job (KB)
...
006 (15756404.889.000) 2026-02-07 06:13:16 Image size of job updated: 566980
	553  -  MemoryUsage of job (MB)
	565648  -  ResidentSetSize of job (KB)
...
006 (15756404.889.000) 2026-02-07 06:18:16 Image size of job updated: 567604
	554  -  MemoryUsage of job (MB)
	566860  -  ResidentSetSize of job (KB)
...
006 (15756404.889.000) 2026-02-07 06:23:16 Image size of job updated: 568608
	554  -  MemoryUsage of job (MB)
	566864  -  ResidentSetSize of job (KB)
...
006 (15756404.889.000) 2026-02-07 06:28:17 Image size of job updated: 568772
	554  -  MemoryUsage of job (MB)
	566864  -  ResidentSetSize of job (KB)
...
006 (15756404.889.000) 2026-02-07 06:33:18 Image size of job updated: 569196
	554  -  MemoryUsage of job (MB)
	566864  -  ResidentSetSize of job (KB)
...
006 (15756404.889.000) 2026-02-07 07:08:21 Image size of job updated: 569196
	555  -  MemoryUsage of job (MB)
	567876  -  ResidentSetSize of job (KB)
...
006 (15756404.889.000) 2026-02-07 07:13:21 Image size of job updated: 569196
	556  -  MemoryUsage of job (MB)
	568604  -  ResidentSetSize of job (KB)
...
006 (15756404.889.000) 2026-02-07 07:18:22 Image size of job updated: 569512
	556  -  MemoryUsage of job (MB)
	569256  -  ResidentSetSize of job (KB)
...
006 (15756404.889.000) 2026-02-07 07:23:22 Image size of job updated: 570024
	557  -  MemoryUsage of job (MB)
	569804  -  ResidentSetSize of job (KB)
...
006 (15756404.889.000) 2026-02-07 07:28:22 Image size of job updated: 570280
	557  -  MemoryUsage of job (MB)
	569804  -  ResidentSetSize of job (KB)
...
006 (15756404.889.000) 2026-02-07 08:43:30 Image size of job updated: 570280
	557  -  MemoryUsage of job (MB)
	569820  -  ResidentSetSize of job (KB)
...
006 (15756404.889.000) 2026-02-07 08:48:30 Image size of job updated: 570280
	557  -  MemoryUsage of job (MB)
	570120  -  ResidentSetSize of job (KB)
...
006 (15756404.889.000) 2026-02-07 08:53:31 Image size of job updated: 570332
	557  -  MemoryUsage of job (MB)
	570216  -  ResidentSetSize of job (KB)
...
006 (15756404.889.000) 2026-02-07 08:58:32 Image size of job updated: 570492
	558  -  MemoryUsage of job (MB)
	570492  -  ResidentSetSize of job (KB)
...
006 (15756404.889.000) 2026-02-07 09:03:32 Image size of job updated: 570752
	558  -  MemoryUsage of job (MB)
	570492  -  ResidentSetSize of job (KB)
...
006 (15756404.889.000) 2026-02-07 11:03:45 Image size of job updated: 570752
	558  -  MemoryUsage of job (MB)
	570532  -  ResidentSetSize of job (KB)
...
006 (15756404.889.000) 2026-02-07 11:08:46 Image size of job updated: 570788
	558  -  MemoryUsage of job (MB)
	570788  -  ResidentSetSize of job (KB)
...
006 (15756404.889.000) 2026-02-07 11:13:46 Image size of job updated: 571044
	558  -  MemoryUsage of job (MB)
	571044  -  ResidentSetSize of job (KB)
...
006 (15756404.889.000) 2026-02-07 13:28:59 Image size of job updated: 571052
	558  -  MemoryUsage of job (MB)
	571044  -  ResidentSetSize of job (KB)
...
006 (15756404.889.000) 2026-02-07 15:39:12 Image size of job updated: 571056
	558  -  MemoryUsage of job (MB)
	571044  -  ResidentSetSize of job (KB)
...
005 (15756404.889.000) 2026-02-07 16:58:06 Job terminated.
	(1) Normal termination (return value 0)
		Usr 1 14:06:02, Sys 0 21:32:25  -  Run Remote Usage
		Usr 0 00:00:00, Sys 0 00:00:00  -  Run Local Usage
		Usr 1 14:06:02, Sys 0 21:32:25  -  Total Remote Usage
		Usr 0 00:00:00, Sys 0 00:00:00  -  Total Local Usage
	0  -  Run Bytes Sent By Job
	0  -  Run Bytes Received By Job
	0  -  Total Bytes Sent By Job
	0  -  Total Bytes Received By Job
	Partitionable Resources :    Usage  Request Allocated 
	   Cpus                 :     7.06        8         8 
	   Disk (KB)            :     1     1024000   1025696 
	   GPUs                 :                           0 
	   Memory (MB)          :   558       16384     16384 
	   TimeExecute (s)      : 40505                       
	   TimeSlotBusy (s)     : 40505                       

	Job terminated of its own accord at 2026-02-07T15:58:06Z with exit-code 0.
...
