000 (15756408.786.000) 2026-02-06 11:26:59 Job submitted from host: <141.34.103.35:9618?addrs=141.34.103.35-9618+[2001-638-700-f067--1-23]-9618&alias=wgs39.zeuthen.desy.de&noUDP&sock=schedd_7414_f73f>
...
009 (15756408.786.000) 2026-02-10 11:47:37 Job was aborted.
	via condor_rm (by user tuccia)
...
000 (15951004.524.000) 2026-02-10 16:30:05 Job submitted from host: <141.34.103.35:9618?addrs=141.34.103.35-9618+[2001-638-700-f067--1-23]-9618&alias=wgs39.zeuthen.desy.de&noUDP&sock=schedd_7302_24a3>
...
001 (15951004.524.000) 2026-02-10 18:30:37 Job executing on host: <141.34.15.13:9618?addrs=141.34.15.13-9618+[2001-638-700-f00f--1-d]-9618&alias=bladej1.zeuthen.desy.de&noUDP&sock=startd_11821_cd1e>
	SlotName: slot1_5@bladej1.zeuthen.desy.de
	CondorScratchDir = "/batch/dir_2844884"
	Cpus = 1
	Disk = 1025024
	GPUs = 0
	Memory = 5120
...
006 (15951004.524.000) 2026-02-10 18:30:51 Image size of job updated: 95332
	94  -  MemoryUsage of job (MB)
	95332  -  ResidentSetSize of job (KB)
...
006 (15951004.524.000) 2026-02-10 18:35:52 Image size of job updated: 621312
	579  -  MemoryUsage of job (MB)
	592820  -  ResidentSetSize of job (KB)
...
006 (15951004.524.000) 2026-02-10 18:40:53 Image size of job updated: 621312
	607  -  MemoryUsage of job (MB)
	620672  -  ResidentSetSize of job (KB)
...
006 (15951004.524.000) 2026-02-10 18:45:53 Image size of job updated: 623180
	609  -  MemoryUsage of job (MB)
	623180  -  ResidentSetSize of job (KB)
...
006 (15951004.524.000) 2026-02-10 18:55:55 Image size of job updated: 623184
	609  -  MemoryUsage of job (MB)
	623184  -  ResidentSetSize of job (KB)
...
006 (15951004.524.000) 2026-02-10 19:15:56 Image size of job updated: 623204
	609  -  MemoryUsage of job (MB)
	623204  -  ResidentSetSize of job (KB)
...
006 (15951004.524.000) 2026-02-10 19:35:57 Image size of job updated: 625364
	611  -  MemoryUsage of job (MB)
	625364  -  ResidentSetSize of job (KB)
...
006 (15951004.524.000) 2026-02-10 20:31:01 Image size of job updated: 625432
	611  -  MemoryUsage of job (MB)
	625432  -  ResidentSetSize of job (KB)
...
006 (15951004.524.000) 2026-02-11 01:31:29 Image size of job updated: 625488
	611  -  MemoryUsage of job (MB)
	625488  -  ResidentSetSize of job (KB)
...
