000 (15756404.851.000) 2026-02-06 11:24:36 Job submitted from host: <141.34.103.35:9618?addrs=141.34.103.35-9618+[2001-638-700-f067--1-23]-9618&alias=wgs39.zeuthen.desy.de&noUDP&sock=schedd_7414_f73f>
...
001 (15756404.851.000) 2026-02-07 03:57:15 Job executing on host: <141.34.15.65:9618?addrs=141.34.15.65-9618+[2001-638-700-f00f--1-41]-9618&alias=bladej8.zeuthen.desy.de&noUDP&sock=startd_9953_8234>
	SlotName: slot1_5@bladej8.zeuthen.desy.de
	CondorScratchDir = "/batch/dir_1058562"
	Cpus = 8
	Disk = 1025024
	GPUs = 0
	Memory = 16384
...
006 (15756404.851.000) 2026-02-07 03:57:28 Image size of job updated: 95456
	94  -  MemoryUsage of job (MB)
	95456  -  ResidentSetSize of job (KB)
...
006 (15756404.851.000) 2026-02-07 04:02:29 Image size of job updated: 1603040
	1566  -  MemoryUsage of job (MB)
	1603040  -  ResidentSetSize of job (KB)
...
006 (15756404.851.000) 2026-02-07 04:07:30 Image size of job updated: 1630816
	1576  -  MemoryUsage of job (MB)
	1613776  -  ResidentSetSize of job (KB)
...
006 (15756404.851.000) 2026-02-07 04:12:30 Image size of job updated: 1646304
	1576  -  MemoryUsage of job (MB)
	1613776  -  ResidentSetSize of job (KB)
...
006 (15756404.851.000) 2026-02-07 04:17:30 Image size of job updated: 1646304
	1593  -  MemoryUsage of job (MB)
	1630516  -  ResidentSetSize of job (KB)
...
006 (15756404.851.000) 2026-02-07 04:22:31 Image size of job updated: 1648656
	1593  -  MemoryUsage of job (MB)
	1630520  -  ResidentSetSize of job (KB)
...
006 (15756404.851.000) 2026-02-07 04:27:31 Image size of job updated: 1648656
	1601  -  MemoryUsage of job (MB)
	1639360  -  ResidentSetSize of job (KB)
...
006 (15756404.851.000) 2026-02-07 04:32:31 Image size of job updated: 1648712
	1601  -  MemoryUsage of job (MB)
	1639360  -  ResidentSetSize of job (KB)
...
006 (15756404.851.000) 2026-02-07 04:37:32 Image size of job updated: 1649560
	1611  -  MemoryUsage of job (MB)
	1649560  -  ResidentSetSize of job (KB)
...
006 (15756404.851.000) 2026-02-07 04:57:33 Image size of job updated: 1649568
	1611  -  MemoryUsage of job (MB)
	1649560  -  ResidentSetSize of job (KB)
...
006 (15756404.851.000) 2026-02-07 05:27:35 Image size of job updated: 1649656
	1611  -  MemoryUsage of job (MB)
	1649560  -  ResidentSetSize of job (KB)
...
006 (15756404.851.000) 2026-02-07 05:32:35 Image size of job updated: 1649980
	1611  -  MemoryUsage of job (MB)
	1649560  -  ResidentSetSize of job (KB)
...
006 (15756404.851.000) 2026-02-07 06:02:38 Image size of job updated: 1650468
	1611  -  MemoryUsage of job (MB)
	1649560  -  ResidentSetSize of job (KB)
...
006 (15756404.851.000) 2026-02-07 06:52:45 Image size of job updated: 1650780
	1611  -  MemoryUsage of job (MB)
	1649560  -  ResidentSetSize of job (KB)
...
006 (15756404.851.000) 2026-02-07 07:32:48 Image size of job updated: 1650888
	1611  -  MemoryUsage of job (MB)
	1649560  -  ResidentSetSize of job (KB)
...
006 (15756404.851.000) 2026-02-07 07:37:48 Image size of job updated: 1651156
	1611  -  MemoryUsage of job (MB)
	1649560  -  ResidentSetSize of job (KB)
...
006 (15756404.851.000) 2026-02-07 08:07:51 Image size of job updated: 1651200
	1611  -  MemoryUsage of job (MB)
	1649560  -  ResidentSetSize of job (KB)
...
006 (15756404.851.000) 2026-02-07 08:32:55 Image size of job updated: 1651556
	1611  -  MemoryUsage of job (MB)
	1649560  -  ResidentSetSize of job (KB)
...
006 (15756404.851.000) 2026-02-07 08:37:55 Image size of job updated: 1651912
	1611  -  MemoryUsage of job (MB)
	1649560  -  ResidentSetSize of job (KB)
...
006 (15756404.851.000) 2026-02-07 08:57:58 Image size of job updated: 1651980
	1611  -  MemoryUsage of job (MB)
	1649560  -  ResidentSetSize of job (KB)
...
006 (15756404.851.000) 2026-02-07 09:12:59 Image size of job updated: 1652124
	1611  -  MemoryUsage of job (MB)
	1649560  -  ResidentSetSize of job (KB)
...
006 (15756404.851.000) 2026-02-07 09:18:00 Image size of job updated: 1652356
	1611  -  MemoryUsage of job (MB)
	1649560  -  ResidentSetSize of job (KB)
...
006 (15756404.851.000) 2026-02-07 10:08:04 Image size of job updated: 1652748
	1611  -  MemoryUsage of job (MB)
	1649560  -  ResidentSetSize of job (KB)
...
006 (15756404.851.000) 2026-02-07 10:18:05 Image size of job updated: 1652992
	1611  -  MemoryUsage of job (MB)
	1649560  -  ResidentSetSize of job (KB)
...
006 (15756404.851.000) 2026-02-07 10:28:06 Image size of job updated: 1653284
	1611  -  MemoryUsage of job (MB)
	1649560  -  ResidentSetSize of job (KB)
...
006 (15756404.851.000) 2026-02-07 10:33:06 Image size of job updated: 1653316
	1613  -  MemoryUsage of job (MB)
	1650876  -  ResidentSetSize of job (KB)
...
006 (15756404.851.000) 2026-02-07 10:38:07 Image size of job updated: 1653388
	1613  -  MemoryUsage of job (MB)
	1650876  -  ResidentSetSize of job (KB)
...
006 (15756404.851.000) 2026-02-07 14:58:32 Image size of job updated: 1653388
	1613  -  MemoryUsage of job (MB)
	1651276  -  ResidentSetSize of job (KB)
...
006 (15756404.851.000) 2026-02-07 17:28:46 Image size of job updated: 1653460
	1613  -  MemoryUsage of job (MB)
	1651276  -  ResidentSetSize of job (KB)
...
006 (15756404.851.000) 2026-02-07 17:33:46 Image size of job updated: 1653824
	1613  -  MemoryUsage of job (MB)
	1651276  -  ResidentSetSize of job (KB)
...
006 (15756404.851.000) 2026-02-07 17:53:49 Image size of job updated: 1653888
	1613  -  MemoryUsage of job (MB)
	1651276  -  ResidentSetSize of job (KB)
...
006 (15756404.851.000) 2026-02-07 18:18:52 Image size of job updated: 1654428
	1614  -  MemoryUsage of job (MB)
	1652508  -  ResidentSetSize of job (KB)
...
006 (15756404.851.000) 2026-02-08 05:50:04 Image size of job updated: 1654428
	1615  -  MemoryUsage of job (MB)
	1652936  -  ResidentSetSize of job (KB)
...
006 (15756404.851.000) 2026-02-08 07:50:14 Image size of job updated: 1654712
	1615  -  MemoryUsage of job (MB)
	1652936  -  ResidentSetSize of job (KB)
...
006 (15756404.851.000) 2026-02-08 08:20:17 Image size of job updated: 1654808
	1615  -  MemoryUsage of job (MB)
	1652936  -  ResidentSetSize of job (KB)
...
006 (15756404.851.000) 2026-02-08 08:45:21 Image size of job updated: 1654832
	1615  -  MemoryUsage of job (MB)
	1652936  -  ResidentSetSize of job (KB)
...
006 (15756404.851.000) 2026-02-08 08:50:21 Image size of job updated: 1654980
	1615  -  MemoryUsage of job (MB)
	1652936  -  ResidentSetSize of job (KB)
...
006 (15756404.851.000) 2026-02-09 03:27:12 Image size of job updated: 1654980
	1616  -  MemoryUsage of job (MB)
	1653924  -  ResidentSetSize of job (KB)
...
006 (15756404.851.000) 2026-02-09 03:32:13 Image size of job updated: 1654980
	1616  -  MemoryUsage of job (MB)
	1653928  -  ResidentSetSize of job (KB)
...
021 (15756404.851.000) 2026-02-09 03:57:17 Error from starter on slot1_5@bladej8.zeuthen.desy.de:
	runtime exceeded maximum (target.Runtime seconds)
	Code 21 Subcode 103
...
004 (15756404.851.000) 2026-02-09 03:57:17 Job was evicted.
	(0) CPU times
		Usr 6 13:24:09, Sys 1 21:05:49  -  Run Remote Usage
		Usr 0 00:00:00, Sys 0 00:00:00  -  Run Local Usage
	0  -  Run Bytes Sent By Job
	0  -  Run Bytes Received By Job
	Error from slot1_5@bladej8.zeuthen.desy.de: runtime exceeded maximum (target.Runtime seconds)
	Partitionable Resources :     Usage  Request Allocated 
	   Cpus                 :      7.97        8         8 
	   Disk (KB)            :      1     1024000   1025024 
	   GPUs                 :                            0 
	   Memory (MB)          :   1616       16384     16384 
	   TimeSlotBusy (s)     : 172802                       
...
012 (15756404.851.000) 2026-02-09 03:57:17 Job was held.
	Error from slot1_5@bladej8.zeuthen.desy.de: runtime exceeded maximum (target.Runtime seconds)
	Code 21 Subcode 103
...
009 (15756404.851.000) 2026-02-10 11:42:27 Job was aborted.
	via condor_rm (by user tuccia)
...
