~~~~~~~~~~~~~~~~~~~~~~~~~~~~~~

n_qubits: 90, 
r: 51, 
alpha: 0.01, 
shots: 10000, 
ansatz: linear_cnot, 
layer: 1, 
tau: 0.3

time for simulated annealing:  105.55455827713013
Rank 1: Bitstring=110101110001000111010111111100101111101101111001000011100000001110110100110000001001101100, Decimal=1040013260024203926062695020, Energy=-79.2563
Rank 2: Bitstring=110101110001000111010111111100101111101111111001000011100000001110110100110000001001101110, Decimal=1040013260024766876016116334, Energy=-79.0375
Rank 3: Bitstring=110101110001000111010111111100101111101101111001100011100000001110110000110000001001101100, Decimal=1040013260024206125084901996, Energy=-78.6291
Rank 4: Bitstring=110101010001010111010111111100101111101101111001000011100001001110110100110000001000101100, Decimal=1030417411331012808062206508, Energy=-78.5473
Rank 5: Bitstring=110101010001010011010111111101101111101001101011000011100001001110110110010100001100101000, Decimal=1030398523016815361530610472, Energy=-78.4733
Rank 6: Bitstring=110101110001000111010111111100101111101111111001100011100000001110110000110000001001101110, Decimal=1040013260024769075038323310, Energy=-78.4103
Rank 7: Bitstring=110101111001000111010111111100101111101101111001000011100000001010110100110010001001101100, Decimal=1042431111663433184345006700, Energy=-78.3687
Rank 8: Bitstring=110101111001000111010111111100101111101111111001000011100000001010110100110010001001101110, Decimal=1042431111663996134298428014, Energy=-78.1499
Rank 9: Bitstring=110101110001000111010111111100101111101101111001001011100000000111110100110000001001101100, Decimal=1040013260024204475701068396, Energy=-78.0607
Rank 10: Bitstring=110101110000000111010111011110101111101101111001100010100000001110110000110000001001101100, Decimal=1039710993981657260866339436, Energy=-78.0515

E_min from simulated annealing:  -79.2563
Minimum energy: -79.2563
States with energy within 1e-08 of minimum: [1040013260024203926062695020]
4


################## Start optimization with initial parameters: [0. 0. 0. 0. 0. 0. 0. 0. 0. 0. 0. 0. 0. 0. 0. 0. 0. 0. 0. 0. 0. 0. 0. 0.
 0. 0. 0. 0. 0. 0. 0. 0. 0. 0. 0. 0. 0. 0. 0. 0. 0. 0. 0. 0. 0. 0. 0. 0.
 0. 0. 0. 0. 0. 0. 0. 0. 0. 0. 0. 0. 0. 0. 0. 0. 0. 0. 0. 0. 0. 0. 0. 0.
 0. 0. 0. 0. 0. 0. 0. 0. 0. 0. 0. 0. 0. 0. 0. 0. 0. 0. 0. 0. 0. 0. 0. 0.
 0. 0. 0. 0. 0. 0. 0. 0. 0. 0. 0. 0. 0. 0. 0. 0. 0. 0. 0. 0. 0. 0. 0. 0.
 0. 0. 0. 0. 0. 0. 0. 0. 0. 0. 0. 0. 0. 0. 0. 0. 0. 0. 0. 0. 0. 0. 0. 0.
 0. 0. 0. 0. 0. 0. 0. 0. 0. 0. 0. 0. 0. 0. 0. 0. 0. 0. 0. 0. 0. 0. 0. 0.
 0. 0. 0. 0. 0. 0. 0. 0. 0. 0. 0. 0. 0. 0. 0. 0. 0. 0. 0. 0. 0. 0. 0. 0.
 0. 0. 0. 0. 0. 0. 0. 0. 0. 0. 0. 0. 0. 0. 0. 0. 0. 0. 0. 0. 0. 0. 0. 0.
 0. 0. 0. 0. 0. 0. 0. 0. 0. 0. 0. 0. 0. 0. 0. 0. 0. 0. 0. 0. 0. 0. 0. 0.
 0. 0. 0. 0. 0. 0. 0. 0. 0. 0. 0. 0. 0. 0. 0. 0. 0. 0. 0. 0. 0. 0. 0. 0.
 0. 0. 0. 0. 0. 0. 0. 0. 0. 0. 0. 0. 0. 0. 0. 0. 0. 0. 0. 0. 0. 0. 0. 0.
 0. 0. 0. 0. 0. 0. 0. 0. 0. 0. 0. 0. 0. 0. 0. 0. 0. 0. 0. 0. 0. 0. 0. 0.
 0. 0. 0. 0. 0. 0. 0. 0. 0. 0. 0. 0. 0. 0. 0. 0. 0. 0. 0. 0. 0. 0. 0. 0.
 0. 0. 0. 0. 0. 0. 0. 0. 0. 0. 0. 0. 0. 0. 0. 0. 0. 0. 0. 0. 0. 0. 0. 0.]
Write sucessfully to ./data/data_shots_10000_layer_1/alpha_0.01/N_90/r_51/ansatz_type_linear_cnot/initialization_zeros

vqe.cvar_eval[0]: -24.525962000000003 , min_cvar: -41.86276800000002 , opt_cvar: -41.86276800000002

vqe.poss_eval[-1]: 0 vqe.poss_eval[0] 0  , max_poss: 0 , opt_poss: 0

vqe.r_eval[-1]: 0.5013302664898565 vqe.r_eval[0]: 0.30945126128774625 max_r: 0.5281948311995389 , min_r: 0.29349987319620036
