~~~~~~~~~~~~~~~~~~~~~~~~~~~~~~

n_qubits: 90, 
r: 1, 
alpha: 0.001, 
shots: 100000, 
ansatz: linear_cnot, 
layer: 1, 
tau: 0.3

time for simulated annealing:  121.18008375167847
Rank 1: Bitstring=001111011110010101000111101001111100000001110101010010101001111010001000111011110000100001, Decimal=299308874910756499997572129, Energy=-77.9264
Rank 2: Bitstring=001111001110011101000111101001111100000001110101010010101001111010001000111011110000100001, Decimal=294510950564160940460456993, Energy=-77.8468
Rank 3: Bitstring=001111010110010101000111101011111100000001110101010010101001111010001000111011110000100001, Decimal=296891025577370250861853729, Energy=-77.8222
Rank 4: Bitstring=001111001100111100001111101001111111000001110101010010101001111010001010111110011000100001, Decimal=294053471365176139109361185, Energy=-77.7916
Rank 5: Bitstring=001111001100111100001111101001111111000001110101010010101001111011001010111110011000100001, Decimal=294053471365176139126138401, Energy=-77.7648
Rank 6: Bitstring=001111000110011101000111101011111100000001110101010010101001111010001000111011110000100001, Decimal=292093101230774691324738593, Energy=-77.7426
Rank 7: Bitstring=001111000100111100001111101011111111000001110101010010101001111010001010111110011000100001, Decimal=291635622031789889973642785, Energy=-77.6874
Rank 8: Bitstring=001111011110010100000111101001111111000001110101010010101001111010001000111011110000100001, Decimal=299304152598316825880804385, Energy=-77.5668
Rank 9: Bitstring=001111001100011100000111101001111111000001110101010010101001111010001000111010110000100001, Decimal=293901765341913951756332065, Energy=-77.518
Rank 10: Bitstring=001111001110011100000111101001111111000001110101010010101001111010001000111011110000100001, Decimal=294506228251721266343689249, Energy=-77.4872

E_min from simulated annealing:  -77.9264
Minimum energy: -77.9264
States with energy within 1e-08 of minimum: [299308874910756499997572129]
4


################## Start optimization with initial parameters: [0. 0. 0. 0. 0. 0. 0. 0. 0. 0. 0. 0. 0. 0. 0. 0. 0. 0. 0. 0. 0. 0. 0. 0.
 0. 0. 0. 0. 0. 0. 0. 0. 0. 0. 0. 0. 0. 0. 0. 0. 0. 0. 0. 0. 0. 0. 0. 0.
 0. 0. 0. 0. 0. 0. 0. 0. 0. 0. 0. 0. 0. 0. 0. 0. 0. 0. 0. 0. 0. 0. 0. 0.
 0. 0. 0. 0. 0. 0. 0. 0. 0. 0. 0. 0. 0. 0. 0. 0. 0. 0. 0. 0. 0. 0. 0. 0.
 0. 0. 0. 0. 0. 0. 0. 0. 0. 0. 0. 0. 0. 0. 0. 0. 0. 0. 0. 0. 0. 0. 0. 0.
 0. 0. 0. 0. 0. 0. 0. 0. 0. 0. 0. 0. 0. 0. 0. 0. 0. 0. 0. 0. 0. 0. 0. 0.
 0. 0. 0. 0. 0. 0. 0. 0. 0. 0. 0. 0. 0. 0. 0. 0. 0. 0. 0. 0. 0. 0. 0. 0.
 0. 0. 0. 0. 0. 0. 0. 0. 0. 0. 0. 0. 0. 0. 0. 0. 0. 0. 0. 0. 0. 0. 0. 0.
 0. 0. 0. 0. 0. 0. 0. 0. 0. 0. 0. 0. 0. 0. 0. 0. 0. 0. 0. 0. 0. 0. 0. 0.
 0. 0. 0. 0. 0. 0. 0. 0. 0. 0. 0. 0. 0. 0. 0. 0. 0. 0. 0. 0. 0. 0. 0. 0.
 0. 0. 0. 0. 0. 0. 0. 0. 0. 0. 0. 0. 0. 0. 0. 0. 0. 0. 0. 0. 0. 0. 0. 0.
 0. 0. 0. 0. 0. 0. 0. 0. 0. 0. 0. 0. 0. 0. 0. 0. 0. 0. 0. 0. 0. 0. 0. 0.
 0. 0. 0. 0. 0. 0. 0. 0. 0. 0. 0. 0. 0. 0. 0. 0. 0. 0. 0. 0. 0. 0. 0. 0.
 0. 0. 0. 0. 0. 0. 0. 0. 0. 0. 0. 0. 0. 0. 0. 0. 0. 0. 0. 0. 0. 0. 0. 0.
 0. 0. 0. 0. 0. 0. 0. 0. 0. 0. 0. 0. 0. 0. 0. 0. 0. 0. 0. 0. 0. 0. 0. 0.]
Write sucessfully to ./data/data_shots_100000_layer_1/alpha_0.001/N_90/r_1/ansatz_type_linear_cnot/initialization_zeros

vqe.cvar_eval[0]: -29.27779599999997 , min_cvar: -55.379585999999904 , opt_cvar: -55.379585999999904

vqe.poss_eval[-1]: 0 vqe.poss_eval[0] 0  , max_poss: 0 , opt_poss: 0

vqe.r_eval[-1]: 0.6950177860134676 vqe.r_eval[0]: 0.3757108759034162 max_r: 0.7106652687664246 , min_r: 0.3757108759034162
