~~~~~~~~~~~~~~~~~~~~~~~~~~~~~~

n_qubits: 90, 
r: 33, 
alpha: 0.01, 
shots: 10000, 
ansatz: structure_like_qubo_YZ_2, 
layer: 1, 
tau: 0.3

time for simulated annealing:  107.86512422561646
Rank 1: Bitstring=111100001000001001001010001010000001110110000001011110000001111100100101101011010111001000, Decimal=1163029889199817596297721288, Energy=-77.0427
Rank 2: Bitstring=111100001010001011001010001010000001110110000001011110000001111100100101101011010111001000, Decimal=1163643796842590650175501768, Energy=-77.0017
Rank 3: Bitstring=111110001000001001001010001010000001110110000001011110000001111100100001101011010111001000, Decimal=1201715515427485729887270344, Energy=-76.9565
Rank 4: Bitstring=111110001010001011001010001010000001110110000001011110000001111100100001101011010111001000, Decimal=1202329423070258783765050824, Energy=-76.9155
Rank 5: Bitstring=111100001000001001001010001010000001110110000001011110000001111100110101101011011111001000, Decimal=1163029889199817596301916104, Energy=-76.8343
Rank 6: Bitstring=111100001010001011001010001010000001110110000001011110000001111100110101101011011111001000, Decimal=1163643796842590650179696584, Energy=-76.7933
Rank 7: Bitstring=111110001000001001001010001010000001110110000001011110000001111100110001101011011111001000, Decimal=1201715515427485729891465160, Energy=-76.7481
Rank 8: Bitstring=111110001010001011001010001010000001110110000001011110000001111100110001101011011111001000, Decimal=1202329423070258783769245640, Energy=-76.7071
Rank 9: Bitstring=111100001000001001001010001010000001110110000001001110000001111100100101101001010111001000, Decimal=1163029889199816496786085320, Energy=-76.4827
Rank 10: Bitstring=111100001010001011001010001010000001110110000001001110000001111100100101101001010111001000, Decimal=1163643796842589550663865800, Energy=-76.4417

E_min from simulated annealing:  -77.0427
Minimum energy: -77.0427
States with energy within 1e-08 of minimum: [1163029889199817596297721288]


################## Start optimization with initial parameters: [0. 0. 0. 0. 0. 0. 0. 0. 0. 0. 0. 0. 0. 0. 0. 0. 0. 0. 0. 0. 0. 0. 0. 0.
 0. 0. 0. 0. 0. 0. 0. 0. 0. 0. 0. 0. 0. 0. 0. 0. 0. 0. 0. 0. 0. 0. 0. 0.
 0. 0. 0. 0. 0. 0. 0. 0. 0. 0. 0. 0. 0. 0. 0. 0. 0. 0. 0. 0. 0. 0. 0. 0.
 0. 0. 0. 0. 0. 0. 0. 0. 0. 0. 0. 0. 0. 0. 0. 0. 0. 0. 0. 0. 0. 0. 0. 0.
 0. 0. 0. 0. 0. 0. 0. 0. 0. 0. 0. 0. 0. 0. 0. 0. 0. 0. 0. 0. 0. 0. 0. 0.
 0. 0. 0. 0. 0. 0. 0. 0. 0. 0. 0. 0. 0. 0. 0. 0. 0. 0. 0. 0. 0. 0. 0. 0.
 0. 0. 0. 0. 0. 0. 0. 0. 0. 0. 0. 0. 0. 0. 0. 0. 0. 0. 0. 0. 0. 0. 0. 0.
 0. 0. 0. 0. 0. 0. 0. 0. 0. 0. 0. 0. 0. 0. 0. 0. 0. 0. 0. 0. 0. 0. 0. 0.
 0. 0. 0. 0. 0. 0. 0. 0. 0. 0. 0. 0. 0. 0. 0. 0. 0. 0. 0. 0. 0. 0. 0. 0.
 0. 0. 0. 0. 0. 0. 0. 0. 0. 0. 0. 0. 0. 0. 0. 0. 0. 0. 0. 0. 0. 0. 0. 0.
 0. 0. 0. 0. 0. 0. 0. 0. 0. 0. 0. 0. 0. 0. 0. 0. 0. 0. 0. 0. 0. 0. 0. 0.
 0. 0. 0. 0. 0. 0. 0. 0. 0. 0. 0. 0. 0. 0. 0. 0. 0. 0. 0. 0. 0. 0. 0. 0.
 0. 0. 0. 0. 0. 0. 0. 0. 0. 0. 0. 0. 0. 0. 0. 0. 0. 0. 0. 0. 0. 0. 0. 0.
 0. 0. 0. 0. 0. 0. 0. 0. 0. 0. 0. 0. 0. 0. 0. 0. 0. 0. 0. 0. 0. 0. 0. 0.
 0. 0. 0. 0. 0. 0. 0. 0. 0. 0. 0. 0. 0. 0. 0. 0. 0. 0. 0. 0. 0. 0. 0. 0.]
Write sucessfully to ./data/data_shots_10000_layer_1/alpha_0.01/N_90/r_33/ansatz_type_structure_like_qubo_YZ_2/initialization_zeros

vqe.cvar_eval[0]: -22.84296200000001 , min_cvar: -68.16777400000005 , opt_cvar: -68.16777400000005

vqe.poss_eval[-1]: 0 vqe.poss_eval[0] 0  , max_poss: 0 , opt_poss: 0

vqe.r_eval[-1]: 0.8771449598729021 vqe.r_eval[0]: 0.29649742285771413 max_r: 0.8848051015865235 , min_r: 0.28096857976161305
