000 (15756407.810.000) 2026-02-06 11:26:12 Job submitted from host: <141.34.103.35:9618?addrs=141.34.103.35-9618+[2001-638-700-f067--1-23]-9618&alias=wgs39.zeuthen.desy.de&noUDP&sock=schedd_7414_f73f>
...
009 (15756407.810.000) 2026-02-10 11:42:42 Job was aborted.
	via condor_rm (by user tuccia)
...
000 (15949294.540.000) 2026-02-10 11:45:21 Job submitted from host: <141.34.103.35:9618?addrs=141.34.103.35-9618+[2001-638-700-f067--1-23]-9618&alias=wgs39.zeuthen.desy.de&noUDP&sock=schedd_7302_24a3>
...
009 (15949294.540.000) 2026-02-10 11:45:47 Job was aborted.
	via condor_rm (by user tuccia)
...
000 (15949295.540.000) 2026-02-10 11:46:05 Job submitted from host: <141.34.103.35:9618?addrs=141.34.103.35-9618+[2001-638-700-f067--1-23]-9618&alias=wgs39.zeuthen.desy.de&noUDP&sock=schedd_7302_24a3>
...
001 (15949295.540.000) 2026-02-12 16:45:17 Job executing on host: <141.34.15.41:9618?addrs=141.34.15.41-9618+[2001-638-700-f00f--1-29]-9618&alias=pizza12.zeuthen.desy.de&noUDP&sock=startd_8275_8a49>
	SlotName: slot1_1@pizza12.zeuthen.desy.de
	CondorScratchDir = "/batch/dir_1722551"
	Cpus = 8
	Disk = 1025696
	GPUs = 0
	Memory = 16384
...
006 (15949295.540.000) 2026-02-12 16:45:31 Image size of job updated: 97468
	96  -  MemoryUsage of job (MB)
	97468  -  ResidentSetSize of job (KB)
...
006 (15949295.540.000) 2026-02-12 16:50:32 Image size of job updated: 552292
	450  -  MemoryUsage of job (MB)
	460324  -  ResidentSetSize of job (KB)
...
006 (15949295.540.000) 2026-02-12 17:05:34 Image size of job updated: 552292
	516  -  MemoryUsage of job (MB)
	527904  -  ResidentSetSize of job (KB)
...
006 (15949295.540.000) 2026-02-12 17:10:34 Image size of job updated: 552292
	516  -  MemoryUsage of job (MB)
	528104  -  ResidentSetSize of job (KB)
...
006 (15949295.540.000) 2026-02-12 17:15:35 Image size of job updated: 552292
	528  -  MemoryUsage of job (MB)
	540436  -  ResidentSetSize of job (KB)
...
006 (15949295.540.000) 2026-02-12 17:20:35 Image size of job updated: 552292
	530  -  MemoryUsage of job (MB)
	541812  -  ResidentSetSize of job (KB)
...
006 (15949295.540.000) 2026-02-12 17:25:35 Image size of job updated: 552292
	530  -  MemoryUsage of job (MB)
	541960  -  ResidentSetSize of job (KB)
...
006 (15949295.540.000) 2026-02-12 17:45:37 Image size of job updated: 671648
	656  -  MemoryUsage of job (MB)
	671648  -  ResidentSetSize of job (KB)
...
006 (15949295.540.000) 2026-02-12 17:50:37 Image size of job updated: 672952
	658  -  MemoryUsage of job (MB)
	672952  -  ResidentSetSize of job (KB)
...
006 (15949295.540.000) 2026-02-12 17:55:38 Image size of job updated: 675104
	660  -  MemoryUsage of job (MB)
	675104  -  ResidentSetSize of job (KB)
...
006 (15949295.540.000) 2026-02-12 18:00:39 Image size of job updated: 675324
	660  -  MemoryUsage of job (MB)
	675324  -  ResidentSetSize of job (KB)
...
006 (15949295.540.000) 2026-02-12 18:05:39 Image size of job updated: 675452
	660  -  MemoryUsage of job (MB)
	675452  -  ResidentSetSize of job (KB)
...
006 (15949295.540.000) 2026-02-12 18:10:40 Image size of job updated: 675472
	660  -  MemoryUsage of job (MB)
	675472  -  ResidentSetSize of job (KB)
...
006 (15949295.540.000) 2026-02-12 18:25:41 Image size of job updated: 675488
	660  -  MemoryUsage of job (MB)
	675488  -  ResidentSetSize of job (KB)
...
006 (15949295.540.000) 2026-02-12 18:30:41 Image size of job updated: 675528
	660  -  MemoryUsage of job (MB)
	675528  -  ResidentSetSize of job (KB)
...
006 (15949295.540.000) 2026-02-12 18:50:44 Image size of job updated: 675748
	660  -  MemoryUsage of job (MB)
	675748  -  ResidentSetSize of job (KB)
...
006 (15949295.540.000) 2026-02-12 19:10:47 Image size of job updated: 676240
	661  -  MemoryUsage of job (MB)
	676240  -  ResidentSetSize of job (KB)
...
006 (15949295.540.000) 2026-02-12 19:25:48 Image size of job updated: 676448
	661  -  MemoryUsage of job (MB)
	676448  -  ResidentSetSize of job (KB)
...
006 (15949295.540.000) 2026-02-12 19:55:50 Image size of job updated: 676788
	661  -  MemoryUsage of job (MB)
	676788  -  ResidentSetSize of job (KB)
...
006 (15949295.540.000) 2026-02-12 20:20:54 Image size of job updated: 677100
	662  -  MemoryUsage of job (MB)
	677100  -  ResidentSetSize of job (KB)
...
006 (15949295.540.000) 2026-02-12 21:36:01 Image size of job updated: 677220
	662  -  MemoryUsage of job (MB)
	677220  -  ResidentSetSize of job (KB)
...
006 (15949295.540.000) 2026-02-12 22:11:05 Image size of job updated: 677516
	662  -  MemoryUsage of job (MB)
	677516  -  ResidentSetSize of job (KB)
...
006 (15949295.540.000) 2026-02-12 22:41:08 Image size of job updated: 677980
	663  -  MemoryUsage of job (MB)
	677980  -  ResidentSetSize of job (KB)
...
006 (15949295.540.000) 2026-02-12 22:46:08 Image size of job updated: 678080
	663  -  MemoryUsage of job (MB)
	678080  -  ResidentSetSize of job (KB)
...
006 (15949295.540.000) 2026-02-13 00:16:17 Image size of job updated: 678128
	663  -  MemoryUsage of job (MB)
	678128  -  ResidentSetSize of job (KB)
...
006 (15949295.540.000) 2026-02-13 00:26:17 Image size of job updated: 678284
	663  -  MemoryUsage of job (MB)
	678284  -  ResidentSetSize of job (KB)
...
006 (15949295.540.000) 2026-02-13 01:16:22 Image size of job updated: 678340
	663  -  MemoryUsage of job (MB)
	678340  -  ResidentSetSize of job (KB)
...
006 (15949295.540.000) 2026-02-13 01:31:24 Image size of job updated: 678372
	663  -  MemoryUsage of job (MB)
	678372  -  ResidentSetSize of job (KB)
...
006 (15949295.540.000) 2026-02-13 01:36:25 Image size of job updated: 678404
	663  -  MemoryUsage of job (MB)
	678404  -  ResidentSetSize of job (KB)
...
006 (15949295.540.000) 2026-02-13 03:16:35 Image size of job updated: 678560
	663  -  MemoryUsage of job (MB)
	678560  -  ResidentSetSize of job (KB)
...
006 (15949295.540.000) 2026-02-13 04:16:40 Image size of job updated: 678628
	663  -  MemoryUsage of job (MB)
	678628  -  ResidentSetSize of job (KB)
...
006 (15949295.540.000) 2026-02-13 09:42:13 Image size of job updated: 678864
	663  -  MemoryUsage of job (MB)
	678864  -  ResidentSetSize of job (KB)
...
006 (15949295.540.000) 2026-02-13 11:12:22 Image size of job updated: 678896
	663  -  MemoryUsage of job (MB)
	678896  -  ResidentSetSize of job (KB)
...
006 (15949295.540.000) 2026-02-13 14:07:40 Image size of job updated: 679044
	664  -  MemoryUsage of job (MB)
	679044  -  ResidentSetSize of job (KB)
...
006 (15949295.540.000) 2026-02-13 14:12:41 Image size of job updated: 679200
	664  -  MemoryUsage of job (MB)
	679200  -  ResidentSetSize of job (KB)
...
006 (15949295.540.000) 2026-02-13 14:47:43 Image size of job updated: 679232
	664  -  MemoryUsage of job (MB)
	679232  -  ResidentSetSize of job (KB)
...
005 (15949295.540.000) 2026-02-13 21:48:08 Job terminated.
	(1) Normal termination (return value 0)
		Usr 3 20:01:08, Sys 0 00:28:02  -  Run Remote Usage
		Usr 0 00:00:00, Sys 0 00:00:00  -  Run Local Usage
		Usr 3 20:01:08, Sys 0 00:28:02  -  Total Remote Usage
		Usr 0 00:00:00, Sys 0 00:00:00  -  Total Local Usage
	0  -  Run Bytes Sent By Job
	0  -  Run Bytes Received By Job
	0  -  Total Bytes Sent By Job
	0  -  Total Bytes Received By Job
	Partitionable Resources :     Usage  Request Allocated 
	   Cpus                 :      0.99        8         8 
	   Disk (KB)            :      1     1024000   1025696 
	   GPUs                 :                            0 
	   Memory (MB)          :    664       16384     16384 
	   TimeExecute (s)      : 104570                       
	   TimeSlotBusy (s)     : 104570                       

	Job terminated of its own accord at 2026-02-13T20:48:07Z with exit-code 0.
...
