~~~~~~~~~~~~~~~~~~~~~~~~~~~~~~

n_qubits: 90, 
r: 27, 
alpha: 0.01, 
shots: 10000, 
ansatz: structure_like_qubo_YZ_2, 
layer: 1, 
tau: 0.3

time for simulated annealing:  110.21136903762817
Rank 1: Bitstring=001101001101101111000100100110001010100111101011001100000111010100010011001110000101011011, Decimal=255607869768519098571743579, Energy=-81.7559
Rank 2: Bitstring=101101001101101111000100100110001010100111101011001100100111010100010011001110000101011011, Decimal=874577889411209270381044059, Energy=-80.8759
Rank 3: Bitstring=001101001101101101000100100110001010100111101011001100000111010100010010001110000101011011, Decimal=255598425035553359281054043, Energy=-80.8087
Rank 4: Bitstring=001101001101100111000100100110001010100111101011001100010111010100011011001110000101011011, Decimal=255570090836656158592000347, Energy=-80.6803
Rank 5: Bitstring=001101101101101111000100100110000010100111101011001100000111010100010011001110000101011011, Decimal=265279276181320943893537115, Energy=-80.6057
Rank 6: Bitstring=001101001101101111000100100110001010100111001011001100000111010100010011001110010101010011, Decimal=255607869768378361083389267, Energy=-80.2543
Rank 7: Bitstring=001100001101101111000100100110101010100111011111001100000111010100010011000110010111010011, Decimal=236265057231093007521703379, Energy=-80.1841
Rank 8: Bitstring=001101001101101101000100000110001010100111101011001100000111010100010010001110000101011001, Decimal=255598388142065211861950809, Energy=-79.9333
Rank 9: Bitstring=001101011101101111000101100110001010100111101011001100000111010100110011001110000101011011, Decimal=260443646833953910117163355, Energy=-79.8295
Rank 10: Bitstring=001101101101111110000100100110000010100111101001001100000111010100010011001110000101011011, Decimal=265350111678555192478720347, Energy=-79.7401

E_min from simulated annealing:  -81.7559
Minimum energy: -81.7559
States with energy within 1e-08 of minimum: [255607869768519098571743579]


################## Start optimization with initial parameters: [0. 0. 0. 0. 0. 0. 0. 0. 0. 0. 0. 0. 0. 0. 0. 0. 0. 0. 0. 0. 0. 0. 0. 0.
 0. 0. 0. 0. 0. 0. 0. 0. 0. 0. 0. 0. 0. 0. 0. 0. 0. 0. 0. 0. 0. 0. 0. 0.
 0. 0. 0. 0. 0. 0. 0. 0. 0. 0. 0. 0. 0. 0. 0. 0. 0. 0. 0. 0. 0. 0. 0. 0.
 0. 0. 0. 0. 0. 0. 0. 0. 0. 0. 0. 0. 0. 0. 0. 0. 0. 0. 0. 0. 0. 0. 0. 0.
 0. 0. 0. 0. 0. 0. 0. 0. 0. 0. 0. 0. 0. 0. 0. 0. 0. 0. 0. 0. 0. 0. 0. 0.
 0. 0. 0. 0. 0. 0. 0. 0. 0. 0. 0. 0. 0. 0. 0. 0. 0. 0. 0. 0. 0. 0. 0. 0.
 0. 0. 0. 0. 0. 0. 0. 0. 0. 0. 0. 0. 0. 0. 0. 0. 0. 0. 0. 0. 0. 0. 0. 0.
 0. 0. 0. 0. 0. 0. 0. 0. 0. 0. 0. 0. 0. 0. 0. 0. 0. 0. 0. 0. 0. 0. 0. 0.
 0. 0. 0. 0. 0. 0. 0. 0. 0. 0. 0. 0. 0. 0. 0. 0. 0. 0. 0. 0. 0. 0. 0. 0.
 0. 0. 0. 0. 0. 0. 0. 0. 0. 0. 0. 0. 0. 0. 0. 0. 0. 0. 0. 0. 0. 0. 0. 0.
 0. 0. 0. 0. 0. 0. 0. 0. 0. 0. 0. 0. 0. 0. 0. 0. 0. 0. 0. 0. 0. 0. 0. 0.
 0. 0. 0. 0. 0. 0. 0. 0. 0. 0. 0. 0. 0. 0. 0. 0. 0. 0. 0. 0. 0. 0. 0. 0.
 0. 0. 0. 0. 0. 0. 0. 0. 0. 0. 0. 0. 0. 0. 0. 0. 0. 0. 0. 0. 0. 0. 0. 0.
 0. 0. 0. 0. 0. 0. 0. 0. 0. 0. 0. 0. 0. 0. 0. 0. 0. 0. 0. 0. 0. 0. 0. 0.
 0. 0. 0. 0. 0. 0. 0. 0. 0. 0. 0. 0. 0. 0. 0. 0. 0. 0. 0. 0. 0. 0. 0. 0.]
Write sucessfully to ./data/data_shots_10000_layer_1/alpha_0.01/N_90/r_27/ansatz_type_structure_like_qubo_YZ_2/initialization_zeros

vqe.cvar_eval[0]: -23.15709400000001 , min_cvar: -73.82628800000009 , opt_cvar: -73.82628800000009

vqe.poss_eval[-1]: 0 vqe.poss_eval[0] 0  , max_poss: 0 , opt_poss: 0

vqe.r_eval[-1]: 0.8867810885819871 vqe.r_eval[0]: 0.2832467626189671 max_r: 0.9030086880579884 , min_r: 0.282480872940057
