000 (15756408.691.000) 2026-02-06 11:26:58 Job submitted from host: <141.34.103.35:9618?addrs=141.34.103.35-9618+[2001-638-700-f067--1-23]-9618&alias=wgs39.zeuthen.desy.de&noUDP&sock=schedd_7414_f73f>
...
009 (15756408.691.000) 2026-02-10 11:47:36 Job was aborted.
	via condor_rm (by user tuccia)
...
000 (15951004.461.000) 2026-02-10 16:30:04 Job submitted from host: <141.34.103.35:9618?addrs=141.34.103.35-9618+[2001-638-700-f067--1-23]-9618&alias=wgs39.zeuthen.desy.de&noUDP&sock=schedd_7302_24a3>
...
001 (15951004.461.000) 2026-02-10 18:29:52 Job executing on host: <141.34.15.191:9618?addrs=141.34.15.191-9618+[2001-638-700-f00f--1-bf]-9618&alias=bladeka.zeuthen.desy.de&noUDP&sock=startd_9434_848d>
	SlotName: slot1_8@bladeka.zeuthen.desy.de
	CondorScratchDir = "/batch/dir_4118705"
	Cpus = 1
	Disk = 1025024
	GPUs = 0
	Memory = 5120
...
006 (15951004.461.000) 2026-02-10 18:30:06 Image size of job updated: 95416
	94  -  MemoryUsage of job (MB)
	95416  -  ResidentSetSize of job (KB)
...
006 (15951004.461.000) 2026-02-10 18:35:07 Image size of job updated: 485644
	459  -  MemoryUsage of job (MB)
	469804  -  ResidentSetSize of job (KB)
...
006 (15951004.461.000) 2026-02-10 18:40:07 Image size of job updated: 567456
	555  -  MemoryUsage of job (MB)
	567456  -  ResidentSetSize of job (KB)
...
006 (15951004.461.000) 2026-02-10 18:45:08 Image size of job updated: 567712
	555  -  MemoryUsage of job (MB)
	567712  -  ResidentSetSize of job (KB)
...
006 (15951004.461.000) 2026-02-10 18:50:09 Image size of job updated: 567960
	555  -  MemoryUsage of job (MB)
	567960  -  ResidentSetSize of job (KB)
...
006 (15951004.461.000) 2026-02-10 18:55:09 Image size of job updated: 568148
	555  -  MemoryUsage of job (MB)
	568148  -  ResidentSetSize of job (KB)
...
006 (15951004.461.000) 2026-02-10 19:00:10 Image size of job updated: 568372
	556  -  MemoryUsage of job (MB)
	568372  -  ResidentSetSize of job (KB)
...
006 (15951004.461.000) 2026-02-10 19:05:11 Image size of job updated: 568580
	556  -  MemoryUsage of job (MB)
	568580  -  ResidentSetSize of job (KB)
...
006 (15951004.461.000) 2026-02-10 19:10:11 Image size of job updated: 568816
	556  -  MemoryUsage of job (MB)
	568816  -  ResidentSetSize of job (KB)
...
006 (15951004.461.000) 2026-02-10 19:15:12 Image size of job updated: 569024
	556  -  MemoryUsage of job (MB)
	569024  -  ResidentSetSize of job (KB)
...
006 (15951004.461.000) 2026-02-10 19:20:13 Image size of job updated: 569280
	556  -  MemoryUsage of job (MB)
	569280  -  ResidentSetSize of job (KB)
...
006 (15951004.461.000) 2026-02-10 19:25:13 Image size of job updated: 569496
	557  -  MemoryUsage of job (MB)
	569496  -  ResidentSetSize of job (KB)
...
006 (15951004.461.000) 2026-02-10 19:30:13 Image size of job updated: 569692
	557  -  MemoryUsage of job (MB)
	569692  -  ResidentSetSize of job (KB)
...
006 (15951004.461.000) 2026-02-10 19:35:14 Image size of job updated: 569900
	557  -  MemoryUsage of job (MB)
	569900  -  ResidentSetSize of job (KB)
...
006 (15951004.461.000) 2026-02-10 19:40:14 Image size of job updated: 570116
	557  -  MemoryUsage of job (MB)
	570116  -  ResidentSetSize of job (KB)
...
006 (15951004.461.000) 2026-02-10 19:45:14 Image size of job updated: 570272
	557  -  MemoryUsage of job (MB)
	570272  -  ResidentSetSize of job (KB)
...
006 (15951004.461.000) 2026-02-10 19:50:15 Image size of job updated: 570524
	558  -  MemoryUsage of job (MB)
	570524  -  ResidentSetSize of job (KB)
...
006 (15951004.461.000) 2026-02-10 19:55:15 Image size of job updated: 615340
	578  -  MemoryUsage of job (MB)
	591836  -  ResidentSetSize of job (KB)
...
006 (15951004.461.000) 2026-02-10 21:20:24 Image size of job updated: 615340
	579  -  MemoryUsage of job (MB)
	591972  -  ResidentSetSize of job (KB)
...
006 (15951004.461.000) 2026-02-10 22:40:31 Image size of job updated: 615340
	579  -  MemoryUsage of job (MB)
	592256  -  ResidentSetSize of job (KB)
...
006 (15951004.461.000) 2026-02-11 00:00:40 Image size of job updated: 615340
	579  -  MemoryUsage of job (MB)
	592792  -  ResidentSetSize of job (KB)
...
006 (15951004.461.000) 2026-02-11 01:15:45 Image size of job updated: 615340
	579  -  MemoryUsage of job (MB)
	592836  -  ResidentSetSize of job (KB)
...
006 (15951004.461.000) 2026-02-11 03:46:00 Image size of job updated: 615340
	598  -  MemoryUsage of job (MB)
	611604  -  ResidentSetSize of job (KB)
...
