000 (15756404.670.000) 2026-02-06 11:24:35 Job submitted from host: <141.34.103.35:9618?addrs=141.34.103.35-9618+[2001-638-700-f067--1-23]-9618&alias=wgs39.zeuthen.desy.de&noUDP&sock=schedd_7414_f73f>
...
001 (15756404.670.000) 2026-02-07 01:33:35 Job executing on host: <141.34.15.42:9618?addrs=141.34.15.42-9618+[2001-638-700-f00f--1-2a]-9618&alias=pizza13.zeuthen.desy.de&noUDP&sock=startd_8168_25a7>
	SlotName: slot1_3@pizza13.zeuthen.desy.de
	CondorScratchDir = "/batch/dir_400400"
	Cpus = 8
	Disk = 1025696
	GPUs = 0
	Memory = 16384
...
006 (15756404.670.000) 2026-02-07 01:33:49 Image size of job updated: 97512
	96  -  MemoryUsage of job (MB)
	97512  -  ResidentSetSize of job (KB)
...
006 (15756404.670.000) 2026-02-07 01:38:50 Image size of job updated: 833500
	534  -  MemoryUsage of job (MB)
	546216  -  ResidentSetSize of job (KB)
...
006 (15756404.670.000) 2026-02-07 01:43:51 Image size of job updated: 833500
	548  -  MemoryUsage of job (MB)
	561048  -  ResidentSetSize of job (KB)
...
006 (15756404.670.000) 2026-02-07 01:53:52 Image size of job updated: 833500
	552  -  MemoryUsage of job (MB)
	564664  -  ResidentSetSize of job (KB)
...
006 (15756404.670.000) 2026-02-07 01:58:53 Image size of job updated: 833500
	555  -  MemoryUsage of job (MB)
	568280  -  ResidentSetSize of job (KB)
...
006 (15756404.670.000) 2026-02-07 02:03:53 Image size of job updated: 833500
	556  -  MemoryUsage of job (MB)
	568328  -  ResidentSetSize of job (KB)
...
006 (15756404.670.000) 2026-02-07 02:08:54 Image size of job updated: 833500
	556  -  MemoryUsage of job (MB)
	568332  -  ResidentSetSize of job (KB)
...
006 (15756404.670.000) 2026-02-07 02:13:55 Image size of job updated: 833500
	556  -  MemoryUsage of job (MB)
	568936  -  ResidentSetSize of job (KB)
...
006 (15756404.670.000) 2026-02-07 02:53:58 Image size of job updated: 833500
	556  -  MemoryUsage of job (MB)
	569016  -  ResidentSetSize of job (KB)
...
006 (15756404.670.000) 2026-02-07 02:58:59 Image size of job updated: 833500
	557  -  MemoryUsage of job (MB)
	570040  -  ResidentSetSize of job (KB)
...
006 (15756404.670.000) 2026-02-07 03:03:59 Image size of job updated: 833500
	558  -  MemoryUsage of job (MB)
	571320  -  ResidentSetSize of job (KB)
...
006 (15756404.670.000) 2026-02-07 03:08:59 Image size of job updated: 833500
	559  -  MemoryUsage of job (MB)
	571576  -  ResidentSetSize of job (KB)
...
006 (15756404.670.000) 2026-02-07 04:14:04 Image size of job updated: 833500
	559  -  MemoryUsage of job (MB)
	571580  -  ResidentSetSize of job (KB)
...
006 (15756404.670.000) 2026-02-07 04:19:05 Image size of job updated: 833500
	559  -  MemoryUsage of job (MB)
	571588  -  ResidentSetSize of job (KB)
...
006 (15756404.670.000) 2026-02-07 04:24:05 Image size of job updated: 833500
	559  -  MemoryUsage of job (MB)
	571844  -  ResidentSetSize of job (KB)
...
006 (15756404.670.000) 2026-02-07 04:29:06 Image size of job updated: 833500
	560  -  MemoryUsage of job (MB)
	572452  -  ResidentSetSize of job (KB)
...
006 (15756404.670.000) 2026-02-07 04:39:07 Image size of job updated: 833500
	560  -  MemoryUsage of job (MB)
	572740  -  ResidentSetSize of job (KB)
...
006 (15756404.670.000) 2026-02-07 06:49:22 Image size of job updated: 833500
	560  -  MemoryUsage of job (MB)
	572760  -  ResidentSetSize of job (KB)
...
006 (15756404.670.000) 2026-02-07 06:54:23 Image size of job updated: 833500
	560  -  MemoryUsage of job (MB)
	573016  -  ResidentSetSize of job (KB)
...
006 (15756404.670.000) 2026-02-07 11:19:51 Image size of job updated: 833500
	560  -  MemoryUsage of job (MB)
	573020  -  ResidentSetSize of job (KB)
...
005 (15756404.670.000) 2026-02-07 12:50:39 Job terminated.
	(1) Normal termination (return value 0)
		Usr 1 13:50:33, Sys 0 21:44:12  -  Run Remote Usage
		Usr 0 00:00:00, Sys 0 00:00:00  -  Run Local Usage
		Usr 1 13:50:33, Sys 0 21:44:12  -  Total Remote Usage
		Usr 0 00:00:00, Sys 0 00:00:00  -  Total Local Usage
	0  -  Run Bytes Sent By Job
	0  -  Run Bytes Received By Job
	0  -  Total Bytes Sent By Job
	0  -  Total Bytes Received By Job
	Partitionable Resources :    Usage  Request Allocated 
	   Cpus                 :     2.06        8         8 
	   Disk (KB)            :     1     1024000   1025696 
	   GPUs                 :                           0 
	   Memory (MB)          :   560       16384     16384 
	   TimeExecute (s)      : 40624                       
	   TimeSlotBusy (s)     : 40624                       

	Job terminated of its own accord at 2026-02-07T11:50:39Z with exit-code 0.
...
