000 (15756407.796.000) 2026-02-06 11:26:12 Job submitted from host: <141.34.103.35:9618?addrs=141.34.103.35-9618+[2001-638-700-f067--1-23]-9618&alias=wgs39.zeuthen.desy.de&noUDP&sock=schedd_7414_f73f>
...
009 (15756407.796.000) 2026-02-10 11:42:42 Job was aborted.
	via condor_rm (by user tuccia)
...
000 (15949294.531.000) 2026-02-10 11:45:21 Job submitted from host: <141.34.103.35:9618?addrs=141.34.103.35-9618+[2001-638-700-f067--1-23]-9618&alias=wgs39.zeuthen.desy.de&noUDP&sock=schedd_7302_24a3>
...
009 (15949294.531.000) 2026-02-10 11:45:47 Job was aborted.
	via condor_rm (by user tuccia)
...
000 (15949295.531.000) 2026-02-10 11:46:05 Job submitted from host: <141.34.103.35:9618?addrs=141.34.103.35-9618+[2001-638-700-f067--1-23]-9618&alias=wgs39.zeuthen.desy.de&noUDP&sock=schedd_7302_24a3>
...
001 (15949295.531.000) 2026-02-12 16:35:32 Job executing on host: <141.34.15.222:9618?addrs=141.34.15.222-9618+[2001-638-700-f00f--1-de]-9618&alias=pizza30.zeuthen.desy.de&noUDP&sock=startd_8310_8c1a>
	SlotName: slot1_3@pizza30.zeuthen.desy.de
	CondorScratchDir = "/batch/dir_1873737"
	Cpus = 8
	Disk = 1025696
	GPUs = 0
	Memory = 16384
...
006 (15949295.531.000) 2026-02-12 16:35:45 Image size of job updated: 97468
	96  -  MemoryUsage of job (MB)
	97468  -  ResidentSetSize of job (KB)
...
006 (15949295.531.000) 2026-02-12 16:40:45 Image size of job updated: 677988
	661  -  MemoryUsage of job (MB)
	676376  -  ResidentSetSize of job (KB)
...
006 (15949295.531.000) 2026-02-12 16:45:46 Image size of job updated: 678756
	661  -  MemoryUsage of job (MB)
	676376  -  ResidentSetSize of job (KB)
...
006 (15949295.531.000) 2026-02-12 16:50:47 Image size of job updated: 679200
	661  -  MemoryUsage of job (MB)
	676376  -  ResidentSetSize of job (KB)
...
006 (15949295.531.000) 2026-02-12 16:55:47 Image size of job updated: 679524
	661  -  MemoryUsage of job (MB)
	676376  -  ResidentSetSize of job (KB)
...
006 (15949295.531.000) 2026-02-12 17:00:48 Image size of job updated: 680448
	664  -  MemoryUsage of job (MB)
	679752  -  ResidentSetSize of job (KB)
...
006 (15949295.531.000) 2026-02-12 17:05:49 Image size of job updated: 681088
	664  -  MemoryUsage of job (MB)
	679752  -  ResidentSetSize of job (KB)
...
006 (15949295.531.000) 2026-02-12 17:10:49 Image size of job updated: 695396
	678  -  MemoryUsage of job (MB)
	693292  -  ResidentSetSize of job (KB)
...
006 (15949295.531.000) 2026-02-12 17:15:51 Image size of job updated: 696380
	678  -  MemoryUsage of job (MB)
	693292  -  ResidentSetSize of job (KB)
...
006 (15949295.531.000) 2026-02-12 17:20:51 Image size of job updated: 696904
	678  -  MemoryUsage of job (MB)
	693292  -  ResidentSetSize of job (KB)
...
006 (15949295.531.000) 2026-02-12 17:25:51 Image size of job updated: 697104
	678  -  MemoryUsage of job (MB)
	693292  -  ResidentSetSize of job (KB)
...
006 (15949295.531.000) 2026-02-12 17:30:52 Image size of job updated: 697312
	678  -  MemoryUsage of job (MB)
	693292  -  ResidentSetSize of job (KB)
...
006 (15949295.531.000) 2026-02-12 17:35:52 Image size of job updated: 697588
	682  -  MemoryUsage of job (MB)
	697588  -  ResidentSetSize of job (KB)
...
006 (15949295.531.000) 2026-02-12 17:40:52 Image size of job updated: 697912
	682  -  MemoryUsage of job (MB)
	697588  -  ResidentSetSize of job (KB)
...
006 (15949295.531.000) 2026-02-12 17:45:53 Image size of job updated: 698672
	682  -  MemoryUsage of job (MB)
	697588  -  ResidentSetSize of job (KB)
...
006 (15949295.531.000) 2026-02-12 18:15:55 Image size of job updated: 740452
	724  -  MemoryUsage of job (MB)
	740452  -  ResidentSetSize of job (KB)
...
006 (15949295.531.000) 2026-02-12 18:20:55 Image size of job updated: 754596
	737  -  MemoryUsage of job (MB)
	754596  -  ResidentSetSize of job (KB)
...
006 (15949295.531.000) 2026-02-12 18:25:55 Image size of job updated: 786296
	768  -  MemoryUsage of job (MB)
	786296  -  ResidentSetSize of job (KB)
...
006 (15949295.531.000) 2026-02-12 18:30:56 Image size of job updated: 791652
	769  -  MemoryUsage of job (MB)
	787248  -  ResidentSetSize of job (KB)
...
006 (15949295.531.000) 2026-02-12 18:35:56 Image size of job updated: 791652
	769  -  MemoryUsage of job (MB)
	787424  -  ResidentSetSize of job (KB)
...
006 (15949295.531.000) 2026-02-12 18:40:56 Image size of job updated: 791652
	770  -  MemoryUsage of job (MB)
	787484  -  ResidentSetSize of job (KB)
...
006 (15949295.531.000) 2026-02-12 18:45:57 Image size of job updated: 791652
	773  -  MemoryUsage of job (MB)
	790776  -  ResidentSetSize of job (KB)
...
006 (15949295.531.000) 2026-02-12 18:50:57 Image size of job updated: 794908
	773  -  MemoryUsage of job (MB)
	791356  -  ResidentSetSize of job (KB)
...
006 (15949295.531.000) 2026-02-12 18:55:58 Image size of job updated: 796284
	778  -  MemoryUsage of job (MB)
	796284  -  ResidentSetSize of job (KB)
...
006 (15949295.531.000) 2026-02-12 19:00:59 Image size of job updated: 801364
	779  -  MemoryUsage of job (MB)
	796912  -  ResidentSetSize of job (KB)
...
006 (15949295.531.000) 2026-02-12 19:11:00 Image size of job updated: 801364
	779  -  MemoryUsage of job (MB)
	797052  -  ResidentSetSize of job (KB)
...
006 (15949295.531.000) 2026-02-12 19:16:01 Image size of job updated: 801364
	779  -  MemoryUsage of job (MB)
	797076  -  ResidentSetSize of job (KB)
...
006 (15949295.531.000) 2026-02-12 19:21:01 Image size of job updated: 801376
	779  -  MemoryUsage of job (MB)
	797100  -  ResidentSetSize of job (KB)
...
006 (15949295.531.000) 2026-02-12 19:31:03 Image size of job updated: 801376
	779  -  MemoryUsage of job (MB)
	797152  -  ResidentSetSize of job (KB)
...
006 (15949295.531.000) 2026-02-12 19:36:03 Image size of job updated: 801744
	779  -  MemoryUsage of job (MB)
	797176  -  ResidentSetSize of job (KB)
...
006 (15949295.531.000) 2026-02-12 19:41:04 Image size of job updated: 801744
	779  -  MemoryUsage of job (MB)
	797208  -  ResidentSetSize of job (KB)
...
006 (15949295.531.000) 2026-02-12 19:46:05 Image size of job updated: 801744
	779  -  MemoryUsage of job (MB)
	797240  -  ResidentSetSize of job (KB)
...
006 (15949295.531.000) 2026-02-12 19:51:05 Image size of job updated: 801744
	779  -  MemoryUsage of job (MB)
	797260  -  ResidentSetSize of job (KB)
...
006 (15949295.531.000) 2026-02-12 19:56:06 Image size of job updated: 801852
	779  -  MemoryUsage of job (MB)
	797316  -  ResidentSetSize of job (KB)
...
006 (15949295.531.000) 2026-02-12 20:01:07 Image size of job updated: 801852
	779  -  MemoryUsage of job (MB)
	797636  -  ResidentSetSize of job (KB)
...
006 (15949295.531.000) 2026-02-12 20:06:07 Image size of job updated: 801852
	780  -  MemoryUsage of job (MB)
	797960  -  ResidentSetSize of job (KB)
...
006 (15949295.531.000) 2026-02-12 20:11:08 Image size of job updated: 802276
	780  -  MemoryUsage of job (MB)
	798252  -  ResidentSetSize of job (KB)
...
006 (15949295.531.000) 2026-02-12 20:16:08 Image size of job updated: 802276
	780  -  MemoryUsage of job (MB)
	798320  -  ResidentSetSize of job (KB)
...
006 (15949295.531.000) 2026-02-12 20:21:08 Image size of job updated: 802276
	780  -  MemoryUsage of job (MB)
	798380  -  ResidentSetSize of job (KB)
...
006 (15949295.531.000) 2026-02-12 20:26:09 Image size of job updated: 802276
	780  -  MemoryUsage of job (MB)
	798600  -  ResidentSetSize of job (KB)
...
006 (15949295.531.000) 2026-02-12 20:31:09 Image size of job updated: 802448
	781  -  MemoryUsage of job (MB)
	798864  -  ResidentSetSize of job (KB)
...
006 (15949295.531.000) 2026-02-12 20:36:09 Image size of job updated: 802448
	781  -  MemoryUsage of job (MB)
	798888  -  ResidentSetSize of job (KB)
...
006 (15949295.531.000) 2026-02-12 20:41:10 Image size of job updated: 802448
	781  -  MemoryUsage of job (MB)
	798916  -  ResidentSetSize of job (KB)
...
006 (15949295.531.000) 2026-02-12 20:46:10 Image size of job updated: 802448
	781  -  MemoryUsage of job (MB)
	798944  -  ResidentSetSize of job (KB)
...
006 (15949295.531.000) 2026-02-12 20:51:10 Image size of job updated: 802448
	781  -  MemoryUsage of job (MB)
	798968  -  ResidentSetSize of job (KB)
...
006 (15949295.531.000) 2026-02-12 21:01:11 Image size of job updated: 802448
	782  -  MemoryUsage of job (MB)
	800148  -  ResidentSetSize of job (KB)
...
006 (15949295.531.000) 2026-02-12 21:06:12 Image size of job updated: 802448
	782  -  MemoryUsage of job (MB)
	800556  -  ResidentSetSize of job (KB)
...
006 (15949295.531.000) 2026-02-12 21:11:13 Image size of job updated: 804120
	786  -  MemoryUsage of job (MB)
	803852  -  ResidentSetSize of job (KB)
...
006 (15949295.531.000) 2026-02-12 21:16:13 Image size of job updated: 806136
	786  -  MemoryUsage of job (MB)
	803968  -  ResidentSetSize of job (KB)
...
006 (15949295.531.000) 2026-02-12 21:21:14 Image size of job updated: 806308
	786  -  MemoryUsage of job (MB)
	804028  -  ResidentSetSize of job (KB)
...
006 (15949295.531.000) 2026-02-12 21:26:15 Image size of job updated: 806620
	786  -  MemoryUsage of job (MB)
	804348  -  ResidentSetSize of job (KB)
...
006 (15949295.531.000) 2026-02-12 21:31:15 Image size of job updated: 806620
	786  -  MemoryUsage of job (MB)
	804432  -  ResidentSetSize of job (KB)
...
006 (15949295.531.000) 2026-02-12 21:36:16 Image size of job updated: 807084
	786  -  MemoryUsage of job (MB)
	804672  -  ResidentSetSize of job (KB)
...
006 (15949295.531.000) 2026-02-12 21:41:16 Image size of job updated: 807084
	786  -  MemoryUsage of job (MB)
	804692  -  ResidentSetSize of job (KB)
...
006 (15949295.531.000) 2026-02-12 21:46:16 Image size of job updated: 807300
	786  -  MemoryUsage of job (MB)
	804692  -  ResidentSetSize of job (KB)
...
006 (15949295.531.000) 2026-02-12 21:51:17 Image size of job updated: 807600
	786  -  MemoryUsage of job (MB)
	804740  -  ResidentSetSize of job (KB)
...
006 (15949295.531.000) 2026-02-12 21:56:17 Image size of job updated: 809860
	791  -  MemoryUsage of job (MB)
	809860  -  ResidentSetSize of job (KB)
...
006 (15949295.531.000) 2026-02-12 22:01:18 Image size of job updated: 813836
	792  -  MemoryUsage of job (MB)
	810552  -  ResidentSetSize of job (KB)
...
006 (15949295.531.000) 2026-02-12 22:06:19 Image size of job updated: 813836
	794  -  MemoryUsage of job (MB)
	812176  -  ResidentSetSize of job (KB)
...
006 (15949295.531.000) 2026-02-12 22:11:19 Image size of job updated: 814916
	794  -  MemoryUsage of job (MB)
	812272  -  ResidentSetSize of job (KB)
...
006 (15949295.531.000) 2026-02-12 22:16:20 Image size of job updated: 815380
	794  -  MemoryUsage of job (MB)
	812300  -  ResidentSetSize of job (KB)
...
006 (15949295.531.000) 2026-02-12 22:21:21 Image size of job updated: 815380
	794  -  MemoryUsage of job (MB)
	812316  -  ResidentSetSize of job (KB)
...
006 (15949295.531.000) 2026-02-12 22:26:21 Image size of job updated: 815380
	794  -  MemoryUsage of job (MB)
	812616  -  ResidentSetSize of job (KB)
...
006 (15949295.531.000) 2026-02-12 22:31:22 Image size of job updated: 815380
	794  -  MemoryUsage of job (MB)
	812680  -  ResidentSetSize of job (KB)
...
006 (15949295.531.000) 2026-02-12 22:36:22 Image size of job updated: 815380
	794  -  MemoryUsage of job (MB)
	813004  -  ResidentSetSize of job (KB)
...
006 (15949295.531.000) 2026-02-12 22:41:22 Image size of job updated: 815700
	795  -  MemoryUsage of job (MB)
	813296  -  ResidentSetSize of job (KB)
...
006 (15949295.531.000) 2026-02-12 22:46:23 Image size of job updated: 815700
	795  -  MemoryUsage of job (MB)
	813356  -  ResidentSetSize of job (KB)
...
006 (15949295.531.000) 2026-02-12 22:51:23 Image size of job updated: 815700
	795  -  MemoryUsage of job (MB)
	813680  -  ResidentSetSize of job (KB)
...
006 (15949295.531.000) 2026-02-12 22:56:23 Image size of job updated: 816464
	798  -  MemoryUsage of job (MB)
	816464  -  ResidentSetSize of job (KB)
...
006 (15949295.531.000) 2026-02-12 23:01:24 Image size of job updated: 817628
	799  -  MemoryUsage of job (MB)
	817456  -  ResidentSetSize of job (KB)
...
006 (15949295.531.000) 2026-02-12 23:06:24 Image size of job updated: 818536
	799  -  MemoryUsage of job (MB)
	817456  -  ResidentSetSize of job (KB)
...
006 (15949295.531.000) 2026-02-12 23:11:24 Image size of job updated: 819064
	799  -  MemoryUsage of job (MB)
	817456  -  ResidentSetSize of job (KB)
...
006 (15949295.531.000) 2026-02-12 23:16:25 Image size of job updated: 819688
	799  -  MemoryUsage of job (MB)
	817456  -  ResidentSetSize of job (KB)
...
006 (15949295.531.000) 2026-02-12 23:21:25 Image size of job updated: 819688
	799  -  MemoryUsage of job (MB)
	817708  -  ResidentSetSize of job (KB)
...
006 (15949295.531.000) 2026-02-12 23:26:26 Image size of job updated: 819688
	799  -  MemoryUsage of job (MB)
	817736  -  ResidentSetSize of job (KB)
...
006 (15949295.531.000) 2026-02-12 23:31:27 Image size of job updated: 819688
	799  -  MemoryUsage of job (MB)
	818020  -  ResidentSetSize of job (KB)
...
006 (15949295.531.000) 2026-02-12 23:41:28 Image size of job updated: 819688
	799  -  MemoryUsage of job (MB)
	818068  -  ResidentSetSize of job (KB)
...
006 (15949295.531.000) 2026-02-12 23:46:29 Image size of job updated: 819688
	800  -  MemoryUsage of job (MB)
	818364  -  ResidentSetSize of job (KB)
...
006 (15949295.531.000) 2026-02-12 23:51:29 Image size of job updated: 819784
	800  -  MemoryUsage of job (MB)
	818684  -  ResidentSetSize of job (KB)
...
006 (15949295.531.000) 2026-02-13 00:01:30 Image size of job updated: 819784
	800  -  MemoryUsage of job (MB)
	818744  -  ResidentSetSize of job (KB)
...
006 (15949295.531.000) 2026-02-13 00:06:30 Image size of job updated: 820040
	800  -  MemoryUsage of job (MB)
	818808  -  ResidentSetSize of job (KB)
...
006 (15949295.531.000) 2026-02-13 00:11:31 Image size of job updated: 820040
	800  -  MemoryUsage of job (MB)
	819136  -  ResidentSetSize of job (KB)
...
006 (15949295.531.000) 2026-02-13 00:21:31 Image size of job updated: 820040
	800  -  MemoryUsage of job (MB)
	819140  -  ResidentSetSize of job (KB)
...
006 (15949295.531.000) 2026-02-13 00:26:32 Image size of job updated: 820040
	801  -  MemoryUsage of job (MB)
	819424  -  ResidentSetSize of job (KB)
...
006 (15949295.531.000) 2026-02-13 00:31:32 Image size of job updated: 820040
	801  -  MemoryUsage of job (MB)
	819448  -  ResidentSetSize of job (KB)
...
006 (15949295.531.000) 2026-02-13 00:56:35 Image size of job updated: 820040
	801  -  MemoryUsage of job (MB)
	819556  -  ResidentSetSize of job (KB)
...
006 (15949295.531.000) 2026-02-13 01:01:35 Image size of job updated: 823876
	805  -  MemoryUsage of job (MB)
	823752  -  ResidentSetSize of job (KB)
...
006 (15949295.531.000) 2026-02-13 01:06:36 Image size of job updated: 823876
	805  -  MemoryUsage of job (MB)
	823804  -  ResidentSetSize of job (KB)
...
006 (15949295.531.000) 2026-02-13 01:11:37 Image size of job updated: 823876
	805  -  MemoryUsage of job (MB)
	823876  -  ResidentSetSize of job (KB)
...
006 (15949295.531.000) 2026-02-13 01:31:39 Image size of job updated: 824708
	805  -  MemoryUsage of job (MB)
	824028  -  ResidentSetSize of job (KB)
...
006 (15949295.531.000) 2026-02-13 01:36:40 Image size of job updated: 824708
	805  -  MemoryUsage of job (MB)
	824096  -  ResidentSetSize of job (KB)
...
006 (15949295.531.000) 2026-02-13 01:51:41 Image size of job updated: 824708
	806  -  MemoryUsage of job (MB)
	824348  -  ResidentSetSize of job (KB)
...
006 (15949295.531.000) 2026-02-13 02:01:42 Image size of job updated: 824708
	806  -  MemoryUsage of job (MB)
	824372  -  ResidentSetSize of job (KB)
...
006 (15949295.531.000) 2026-02-13 02:21:45 Image size of job updated: 824800
	806  -  MemoryUsage of job (MB)
	824372  -  ResidentSetSize of job (KB)
...
006 (15949295.531.000) 2026-02-13 02:41:46 Image size of job updated: 825084
	806  -  MemoryUsage of job (MB)
	824372  -  ResidentSetSize of job (KB)
...
006 (15949295.531.000) 2026-02-13 02:51:47 Image size of job updated: 825084
	806  -  MemoryUsage of job (MB)
	824388  -  ResidentSetSize of job (KB)
...
006 (15949295.531.000) 2026-02-13 03:06:49 Image size of job updated: 825132
	806  -  MemoryUsage of job (MB)
	824388  -  ResidentSetSize of job (KB)
...
006 (15949295.531.000) 2026-02-13 03:36:52 Image size of job updated: 825132
	806  -  MemoryUsage of job (MB)
	824400  -  ResidentSetSize of job (KB)
...
006 (15949295.531.000) 2026-02-13 03:41:53 Image size of job updated: 825132
	806  -  MemoryUsage of job (MB)
	824424  -  ResidentSetSize of job (KB)
...
006 (15949295.531.000) 2026-02-13 03:51:54 Image size of job updated: 825248
	806  -  MemoryUsage of job (MB)
	824708  -  ResidentSetSize of job (KB)
...
006 (15949295.531.000) 2026-02-13 03:56:54 Image size of job updated: 825248
	806  -  MemoryUsage of job (MB)
	824740  -  ResidentSetSize of job (KB)
...
006 (15949295.531.000) 2026-02-13 04:01:54 Image size of job updated: 825248
	806  -  MemoryUsage of job (MB)
	824780  -  ResidentSetSize of job (KB)
...
006 (15949295.531.000) 2026-02-13 04:06:55 Image size of job updated: 825248
	806  -  MemoryUsage of job (MB)
	824844  -  ResidentSetSize of job (KB)
...
006 (15949295.531.000) 2026-02-13 04:26:57 Image size of job updated: 825248
	806  -  MemoryUsage of job (MB)
	825008  -  ResidentSetSize of job (KB)
...
006 (15949295.531.000) 2026-02-13 04:31:58 Image size of job updated: 825652
	807  -  MemoryUsage of job (MB)
	825652  -  ResidentSetSize of job (KB)
...
006 (15949295.531.000) 2026-02-13 04:36:58 Image size of job updated: 825656
	807  -  MemoryUsage of job (MB)
	825656  -  ResidentSetSize of job (KB)
...
006 (15949295.531.000) 2026-02-13 04:52:00 Image size of job updated: 825796
	807  -  MemoryUsage of job (MB)
	825656  -  ResidentSetSize of job (KB)
...
006 (15949295.531.000) 2026-02-13 05:22:04 Image size of job updated: 825908
	807  -  MemoryUsage of job (MB)
	825656  -  ResidentSetSize of job (KB)
...
006 (15949295.531.000) 2026-02-13 05:27:05 Image size of job updated: 825908
	807  -  MemoryUsage of job (MB)
	825744  -  ResidentSetSize of job (KB)
...
006 (15949295.531.000) 2026-02-13 05:32:05 Image size of job updated: 825924
	807  -  MemoryUsage of job (MB)
	825772  -  ResidentSetSize of job (KB)
...
006 (15949295.531.000) 2026-02-13 05:37:06 Image size of job updated: 825924
	807  -  MemoryUsage of job (MB)
	825836  -  ResidentSetSize of job (KB)
...
006 (15949295.531.000) 2026-02-13 05:42:06 Image size of job updated: 826160
	807  -  MemoryUsage of job (MB)
	826160  -  ResidentSetSize of job (KB)
...
006 (15949295.531.000) 2026-02-13 05:47:06 Image size of job updated: 826220
	807  -  MemoryUsage of job (MB)
	826160  -  ResidentSetSize of job (KB)
...
006 (15949295.531.000) 2026-02-13 05:57:07 Image size of job updated: 826436
	808  -  MemoryUsage of job (MB)
	826436  -  ResidentSetSize of job (KB)
...
006 (15949295.531.000) 2026-02-13 07:12:16 Image size of job updated: 827772
	809  -  MemoryUsage of job (MB)
	827772  -  ResidentSetSize of job (KB)
...
006 (15949295.531.000) 2026-02-13 07:17:16 Image size of job updated: 833100
	814  -  MemoryUsage of job (MB)
	833100  -  ResidentSetSize of job (KB)
...
006 (15949295.531.000) 2026-02-13 07:27:17 Image size of job updated: 837052
	818  -  MemoryUsage of job (MB)
	837052  -  ResidentSetSize of job (KB)
...
006 (15949295.531.000) 2026-02-13 07:32:17 Image size of job updated: 837552
	818  -  MemoryUsage of job (MB)
	837552  -  ResidentSetSize of job (KB)
...
006 (15949295.531.000) 2026-02-13 07:37:18 Image size of job updated: 837608
	818  -  MemoryUsage of job (MB)
	837608  -  ResidentSetSize of job (KB)
...
006 (15949295.531.000) 2026-02-13 08:57:26 Image size of job updated: 840884
	822  -  MemoryUsage of job (MB)
	840884  -  ResidentSetSize of job (KB)
...
006 (15949295.531.000) 2026-02-13 13:27:54 Image size of job updated: 903364
	883  -  MemoryUsage of job (MB)
	903364  -  ResidentSetSize of job (KB)
...
006 (15949295.531.000) 2026-02-13 13:32:54 Image size of job updated: 903396
	883  -  MemoryUsage of job (MB)
	903396  -  ResidentSetSize of job (KB)
...
006 (15949295.531.000) 2026-02-13 13:37:56 Image size of job updated: 906520
	886  -  MemoryUsage of job (MB)
	906520  -  ResidentSetSize of job (KB)
...
006 (15949295.531.000) 2026-02-13 13:42:56 Image size of job updated: 906744
	886  -  MemoryUsage of job (MB)
	906744  -  ResidentSetSize of job (KB)
...
006 (15949295.531.000) 2026-02-13 13:47:56 Image size of job updated: 906900
	886  -  MemoryUsage of job (MB)
	906744  -  ResidentSetSize of job (KB)
...
006 (15949295.531.000) 2026-02-13 14:02:57 Image size of job updated: 906952
	886  -  MemoryUsage of job (MB)
	906952  -  ResidentSetSize of job (KB)
...
006 (15949295.531.000) 2026-02-13 14:23:00 Image size of job updated: 907004
	886  -  MemoryUsage of job (MB)
	907004  -  ResidentSetSize of job (KB)
...
006 (15949295.531.000) 2026-02-13 16:33:11 Image size of job updated: 907112
	886  -  MemoryUsage of job (MB)
	907112  -  ResidentSetSize of job (KB)
...
006 (15949295.531.000) 2026-02-13 16:38:12 Image size of job updated: 907212
	886  -  MemoryUsage of job (MB)
	907212  -  ResidentSetSize of job (KB)
...
006 (15949295.531.000) 2026-02-13 17:28:17 Image size of job updated: 907272
	887  -  MemoryUsage of job (MB)
	907272  -  ResidentSetSize of job (KB)
...
006 (15949295.531.000) 2026-02-13 18:03:21 Image size of job updated: 907280
	887  -  MemoryUsage of job (MB)
	907280  -  ResidentSetSize of job (KB)
...
006 (15949295.531.000) 2026-02-13 18:28:24 Image size of job updated: 907296
	887  -  MemoryUsage of job (MB)
	907296  -  ResidentSetSize of job (KB)
...
006 (15949295.531.000) 2026-02-13 18:33:25 Image size of job updated: 907352
	887  -  MemoryUsage of job (MB)
	907352  -  ResidentSetSize of job (KB)
...
006 (15949295.531.000) 2026-02-13 18:58:27 Image size of job updated: 907452
	887  -  MemoryUsage of job (MB)
	907452  -  ResidentSetSize of job (KB)
...
006 (15949295.531.000) 2026-02-13 19:13:28 Image size of job updated: 907472
	887  -  MemoryUsage of job (MB)
	907452  -  ResidentSetSize of job (KB)
...
006 (15949295.531.000) 2026-02-13 19:23:29 Image size of job updated: 907488
	887  -  MemoryUsage of job (MB)
	907488  -  ResidentSetSize of job (KB)
...
006 (15949295.531.000) 2026-02-13 19:28:30 Image size of job updated: 907520
	887  -  MemoryUsage of job (MB)
	907520  -  ResidentSetSize of job (KB)
...
006 (15949295.531.000) 2026-02-13 21:53:45 Image size of job updated: 907724
	887  -  MemoryUsage of job (MB)
	907724  -  ResidentSetSize of job (KB)
...
006 (15949295.531.000) 2026-02-13 21:58:45 Image size of job updated: 907824
	887  -  MemoryUsage of job (MB)
	907724  -  ResidentSetSize of job (KB)
...
006 (15949295.531.000) 2026-02-13 22:08:46 Image size of job updated: 907824
	887  -  MemoryUsage of job (MB)
	907780  -  ResidentSetSize of job (KB)
...
006 (15949295.531.000) 2026-02-13 22:18:48 Image size of job updated: 907852
	887  -  MemoryUsage of job (MB)
	907852  -  ResidentSetSize of job (KB)
...
006 (15949295.531.000) 2026-02-13 22:28:49 Image size of job updated: 908180
	887  -  MemoryUsage of job (MB)
	908180  -  ResidentSetSize of job (KB)
...
006 (15949295.531.000) 2026-02-13 22:38:49 Image size of job updated: 908204
	887  -  MemoryUsage of job (MB)
	908180  -  ResidentSetSize of job (KB)
...
006 (15949295.531.000) 2026-02-13 22:53:50 Image size of job updated: 908204
	887  -  MemoryUsage of job (MB)
	908204  -  ResidentSetSize of job (KB)
...
006 (15949295.531.000) 2026-02-13 23:23:53 Image size of job updated: 908260
	887  -  MemoryUsage of job (MB)
	908260  -  ResidentSetSize of job (KB)
...
006 (15949295.531.000) 2026-02-13 23:33:54 Image size of job updated: 908332
	888  -  MemoryUsage of job (MB)
	908332  -  ResidentSetSize of job (KB)
...
006 (15949295.531.000) 2026-02-13 23:38:55 Image size of job updated: 908488
	888  -  MemoryUsage of job (MB)
	908488  -  ResidentSetSize of job (KB)
...
006 (15949295.531.000) 2026-02-13 23:48:56 Image size of job updated: 908492
	888  -  MemoryUsage of job (MB)
	908492  -  ResidentSetSize of job (KB)
...
006 (15949295.531.000) 2026-02-13 23:58:57 Image size of job updated: 908556
	888  -  MemoryUsage of job (MB)
	908556  -  ResidentSetSize of job (KB)
...
006 (15949295.531.000) 2026-02-14 00:08:58 Image size of job updated: 908744
	888  -  MemoryUsage of job (MB)
	908744  -  ResidentSetSize of job (KB)
...
006 (15949295.531.000) 2026-02-14 00:39:02 Image size of job updated: 908944
	888  -  MemoryUsage of job (MB)
	908944  -  ResidentSetSize of job (KB)
...
006 (15949295.531.000) 2026-02-14 00:49:03 Image size of job updated: 909260
	888  -  MemoryUsage of job (MB)
	909004  -  ResidentSetSize of job (KB)
...
006 (15949295.531.000) 2026-02-14 01:14:05 Image size of job updated: 909260
	888  -  MemoryUsage of job (MB)
	909060  -  ResidentSetSize of job (KB)
...
006 (15949295.531.000) 2026-02-14 01:44:07 Image size of job updated: 909260
	888  -  MemoryUsage of job (MB)
	909144  -  ResidentSetSize of job (KB)
...
006 (15949295.531.000) 2026-02-14 01:54:09 Image size of job updated: 909260
	888  -  MemoryUsage of job (MB)
	909260  -  ResidentSetSize of job (KB)
...
006 (15949295.531.000) 2026-02-14 01:59:09 Image size of job updated: 909612
	889  -  MemoryUsage of job (MB)
	909612  -  ResidentSetSize of job (KB)
...
006 (15949295.531.000) 2026-02-14 02:04:10 Image size of job updated: 909704
	889  -  MemoryUsage of job (MB)
	909704  -  ResidentSetSize of job (KB)
...
006 (15949295.531.000) 2026-02-14 02:24:13 Image size of job updated: 909748
	889  -  MemoryUsage of job (MB)
	909748  -  ResidentSetSize of job (KB)
...
006 (15949295.531.000) 2026-02-14 02:34:14 Image size of job updated: 909960
	889  -  MemoryUsage of job (MB)
	909960  -  ResidentSetSize of job (KB)
...
006 (15949295.531.000) 2026-02-14 02:44:14 Image size of job updated: 909988
	889  -  MemoryUsage of job (MB)
	909988  -  ResidentSetSize of job (KB)
...
006 (15949295.531.000) 2026-02-14 05:39:29 Image size of job updated: 909992
	889  -  MemoryUsage of job (MB)
	909992  -  ResidentSetSize of job (KB)
...
006 (15949295.531.000) 2026-02-14 05:44:30 Image size of job updated: 910056
	889  -  MemoryUsage of job (MB)
	910056  -  ResidentSetSize of job (KB)
...
006 (15949295.531.000) 2026-02-14 09:24:53 Image size of job updated: 910212
	889  -  MemoryUsage of job (MB)
	910212  -  ResidentSetSize of job (KB)
...
006 (15949295.531.000) 2026-02-14 09:39:54 Image size of job updated: 910216
	889  -  MemoryUsage of job (MB)
	910216  -  ResidentSetSize of job (KB)
...
006 (15949295.531.000) 2026-02-14 12:40:08 Image size of job updated: 910568
	890  -  MemoryUsage of job (MB)
	910568  -  ResidentSetSize of job (KB)
...
006 (15949295.531.000) 2026-02-14 12:45:08 Image size of job updated: 910592
	890  -  MemoryUsage of job (MB)
	910592  -  ResidentSetSize of job (KB)
...
006 (15949295.531.000) 2026-02-14 14:15:19 Image size of job updated: 910708
	890  -  MemoryUsage of job (MB)
	910708  -  ResidentSetSize of job (KB)
...
021 (15949295.531.000) 2026-02-14 16:35:34 Error from starter on slot1_3@pizza30.zeuthen.desy.de:
	runtime exceeded maximum (target.Runtime seconds)
	Code 21 Subcode 103
...
004 (15949295.531.000) 2026-02-14 16:35:34 Job was evicted.
	(0) CPU times
		Usr 12 14:45:38, Sys 0 02:43:46  -  Run Remote Usage
		Usr 0 00:00:00, Sys 0 00:00:00  -  Run Local Usage
	0  -  Run Bytes Sent By Job
	0  -  Run Bytes Received By Job
	Error from slot1_3@pizza30.zeuthen.desy.de: runtime exceeded maximum (target.Runtime seconds)
	Partitionable Resources :     Usage  Request Allocated 
	   Cpus                 :      7.92        8         8 
	   Disk (KB)            :      1     1024000   1025696 
	   GPUs                 :                            0 
	   Memory (MB)          :    890       16384     16384 
	   TimeSlotBusy (s)     : 172802                       
...
012 (15949295.531.000) 2026-02-14 16:35:34 Job was held.
	Error from slot1_3@pizza30.zeuthen.desy.de: runtime exceeded maximum (target.Runtime seconds)
	Code 21 Subcode 103
...
009 (15949295.531.000) 2026-02-16 17:16:25 Job was aborted.
	via condor_rm (by user tuccia)
...
