000 (15756408.769.000) 2026-02-06 11:26:59 Job submitted from host: <141.34.103.35:9618?addrs=141.34.103.35-9618+[2001-638-700-f067--1-23]-9618&alias=wgs39.zeuthen.desy.de&noUDP&sock=schedd_7414_f73f>
...
009 (15756408.769.000) 2026-02-10 11:47:37 Job was aborted.
	via condor_rm (by user tuccia)
...
000 (15951004.513.000) 2026-02-10 16:30:04 Job submitted from host: <141.34.103.35:9618?addrs=141.34.103.35-9618+[2001-638-700-f067--1-23]-9618&alias=wgs39.zeuthen.desy.de&noUDP&sock=schedd_7302_24a3>
...
001 (15951004.513.000) 2026-02-10 18:29:53 Job executing on host: <141.34.15.216:9618?addrs=141.34.15.216-9618+[2001-638-700-f00f--1-d8]-9618&alias=bladekf.zeuthen.desy.de&noUDP&sock=startd_10913_fd20>
	SlotName: slot1_16@bladekf.zeuthen.desy.de
	CondorScratchDir = "/batch/dir_2758359"
	Cpus = 1
	Disk = 1025024
	GPUs = 0
	Memory = 5120
...
006 (15951004.513.000) 2026-02-10 18:30:06 Image size of job updated: 95312
	94  -  MemoryUsage of job (MB)
	95312  -  ResidentSetSize of job (KB)
...
006 (15951004.513.000) 2026-02-10 18:35:06 Image size of job updated: 595672
	582  -  MemoryUsage of job (MB)
	595672  -  ResidentSetSize of job (KB)
...
006 (15951004.513.000) 2026-02-10 18:40:07 Image size of job updated: 693408
	678  -  MemoryUsage of job (MB)
	693408  -  ResidentSetSize of job (KB)
...
006 (15951004.513.000) 2026-02-10 18:45:08 Image size of job updated: 693656
	678  -  MemoryUsage of job (MB)
	693656  -  ResidentSetSize of job (KB)
...
006 (15951004.513.000) 2026-02-10 18:50:08 Image size of job updated: 694236
	678  -  MemoryUsage of job (MB)
	694236  -  ResidentSetSize of job (KB)
...
006 (15951004.513.000) 2026-02-10 18:55:09 Image size of job updated: 694568
	679  -  MemoryUsage of job (MB)
	694568  -  ResidentSetSize of job (KB)
...
006 (15951004.513.000) 2026-02-10 19:00:10 Image size of job updated: 694820
	679  -  MemoryUsage of job (MB)
	694820  -  ResidentSetSize of job (KB)
...
006 (15951004.513.000) 2026-02-10 19:05:10 Image size of job updated: 695068
	679  -  MemoryUsage of job (MB)
	695068  -  ResidentSetSize of job (KB)
...
006 (15951004.513.000) 2026-02-10 19:10:10 Image size of job updated: 695324
	680  -  MemoryUsage of job (MB)
	695324  -  ResidentSetSize of job (KB)
...
006 (15951004.513.000) 2026-02-10 19:15:11 Image size of job updated: 695580
	680  -  MemoryUsage of job (MB)
	695580  -  ResidentSetSize of job (KB)
...
006 (15951004.513.000) 2026-02-10 19:20:11 Image size of job updated: 695828
	680  -  MemoryUsage of job (MB)
	695828  -  ResidentSetSize of job (KB)
...
006 (15951004.513.000) 2026-02-10 19:25:11 Image size of job updated: 696084
	680  -  MemoryUsage of job (MB)
	696084  -  ResidentSetSize of job (KB)
...
006 (15951004.513.000) 2026-02-10 19:30:12 Image size of job updated: 696340
	681  -  MemoryUsage of job (MB)
	696340  -  ResidentSetSize of job (KB)
...
006 (15951004.513.000) 2026-02-10 19:35:12 Image size of job updated: 696584
	681  -  MemoryUsage of job (MB)
	696584  -  ResidentSetSize of job (KB)
...
006 (15951004.513.000) 2026-02-10 19:40:12 Image size of job updated: 696840
	681  -  MemoryUsage of job (MB)
	696840  -  ResidentSetSize of job (KB)
...
006 (15951004.513.000) 2026-02-10 19:45:13 Image size of job updated: 742044
	701  -  MemoryUsage of job (MB)
	717724  -  ResidentSetSize of job (KB)
...
006 (15951004.513.000) 2026-02-10 20:55:17 Image size of job updated: 742044
	702  -  MemoryUsage of job (MB)
	718184  -  ResidentSetSize of job (KB)
...
006 (15951004.513.000) 2026-02-10 22:05:23 Image size of job updated: 742044
	702  -  MemoryUsage of job (MB)
	718468  -  ResidentSetSize of job (KB)
...
006 (15951004.513.000) 2026-02-10 23:15:30 Image size of job updated: 742044
	702  -  MemoryUsage of job (MB)
	718524  -  ResidentSetSize of job (KB)
...
006 (15951004.513.000) 2026-02-11 00:20:39 Image size of job updated: 742044
	702  -  MemoryUsage of job (MB)
	718556  -  ResidentSetSize of job (KB)
...
006 (15951004.513.000) 2026-02-11 00:25:39 Image size of job updated: 742044
	703  -  MemoryUsage of job (MB)
	718920  -  ResidentSetSize of job (KB)
...
006 (15951004.513.000) 2026-02-11 01:35:48 Image size of job updated: 742044
	703  -  MemoryUsage of job (MB)
	719232  -  ResidentSetSize of job (KB)
...
006 (15951004.513.000) 2026-02-11 02:45:52 Image size of job updated: 742044
	703  -  MemoryUsage of job (MB)
	719316  -  ResidentSetSize of job (KB)
...
006 (15951004.513.000) 2026-02-11 03:55:59 Image size of job updated: 742044
	703  -  MemoryUsage of job (MB)
	719352  -  ResidentSetSize of job (KB)
...
006 (15951004.513.000) 2026-02-11 06:11:17 Image size of job updated: 742044
	703  -  MemoryUsage of job (MB)
	719484  -  ResidentSetSize of job (KB)
...
006 (15951004.513.000) 2026-02-11 07:21:24 Image size of job updated: 742044
	704  -  MemoryUsage of job (MB)
	720076  -  ResidentSetSize of job (KB)
...
006 (15951004.513.000) 2026-02-11 08:31:32 Image size of job updated: 742044
	704  -  MemoryUsage of job (MB)
	720140  -  ResidentSetSize of job (KB)
...
006 (15951004.513.000) 2026-02-11 09:46:39 Image size of job updated: 742044
	704  -  MemoryUsage of job (MB)
	720172  -  ResidentSetSize of job (KB)
...
006 (15951004.513.000) 2026-02-11 10:56:47 Image size of job updated: 742044
	704  -  MemoryUsage of job (MB)
	720320  -  ResidentSetSize of job (KB)
...
004 (15951004.513.000) 2026-02-11 11:11:57 Job was evicted.
	(0) CPU times
		Usr 0 16:36:56, Sys 0 00:00:05  -  Run Remote Usage
		Usr 0 00:00:00, Sys 0 00:00:00  -  Run Local Usage
	0  -  Run Bytes Sent By Job
	0  -  Run Bytes Received By Job
	Partitionable Resources :    Usage  Request Allocated 
	   Cpus                 :     0.99        1         1 
	   Disk (KB)            :     1     1024000   1025024 
	   GPUs                 :                           0 
	   Memory (MB)          :   704        5120      5120 
	   TimeExecute (s)      : 60124                       
	   TimeSlotBusy (s)     : 60124                       
...
009 (15951004.513.000) 2026-02-11 11:11:57 Job was aborted.
	via condor_rm (by user tuccia)
...
000 (15988842.513.000) 2026-02-11 11:12:47 Job submitted from host: <141.34.103.35:9618?addrs=141.34.103.35-9618+[2001-638-700-f067--1-23]-9618&alias=wgs39.zeuthen.desy.de&noUDP&sock=schedd_7302_24a3>
...
001 (15988842.513.000) 2026-02-11 11:42:42 Job executing on host: <141.34.15.34:9618?addrs=141.34.15.34-9618+[2001-638-700-f00f--1-22]-9618&alias=bladej3.zeuthen.desy.de&noUDP&sock=startd_12006_b223>
	SlotName: slot1_8@bladej3.zeuthen.desy.de
	CondorScratchDir = "/batch/dir_3639407"
	Cpus = 1
	Disk = 1025024
	GPUs = 0
	Memory = 5120
...
006 (15988842.513.000) 2026-02-11 11:42:55 Image size of job updated: 95328
	94  -  MemoryUsage of job (MB)
	95328  -  ResidentSetSize of job (KB)
...
006 (15988842.513.000) 2026-02-11 11:47:55 Image size of job updated: 596304
	583  -  MemoryUsage of job (MB)
	596304  -  ResidentSetSize of job (KB)
...
006 (15988842.513.000) 2026-02-11 11:52:55 Image size of job updated: 694488
	679  -  MemoryUsage of job (MB)
	694488  -  ResidentSetSize of job (KB)
...
006 (15988842.513.000) 2026-02-11 11:57:56 Image size of job updated: 694744
	679  -  MemoryUsage of job (MB)
	694744  -  ResidentSetSize of job (KB)
...
006 (15988842.513.000) 2026-02-11 12:02:56 Image size of job updated: 694976
	679  -  MemoryUsage of job (MB)
	694976  -  ResidentSetSize of job (KB)
...
006 (15988842.513.000) 2026-02-11 12:07:56 Image size of job updated: 695220
	679  -  MemoryUsage of job (MB)
	695220  -  ResidentSetSize of job (KB)
...
006 (15988842.513.000) 2026-02-11 12:12:57 Image size of job updated: 695468
	680  -  MemoryUsage of job (MB)
	695468  -  ResidentSetSize of job (KB)
...
006 (15988842.513.000) 2026-02-11 12:17:57 Image size of job updated: 695716
	680  -  MemoryUsage of job (MB)
	695716  -  ResidentSetSize of job (KB)
...
006 (15988842.513.000) 2026-02-11 12:22:57 Image size of job updated: 695960
	680  -  MemoryUsage of job (MB)
	695960  -  ResidentSetSize of job (KB)
...
006 (15988842.513.000) 2026-02-11 12:27:58 Image size of job updated: 696228
	680  -  MemoryUsage of job (MB)
	696228  -  ResidentSetSize of job (KB)
...
006 (15988842.513.000) 2026-02-11 12:32:58 Image size of job updated: 696468
	681  -  MemoryUsage of job (MB)
	696468  -  ResidentSetSize of job (KB)
...
006 (15988842.513.000) 2026-02-11 12:37:58 Image size of job updated: 696720
	681  -  MemoryUsage of job (MB)
	696720  -  ResidentSetSize of job (KB)
...
006 (15988842.513.000) 2026-02-11 12:42:59 Image size of job updated: 697432
	682  -  MemoryUsage of job (MB)
	697432  -  ResidentSetSize of job (KB)
...
006 (15988842.513.000) 2026-02-11 12:47:59 Image size of job updated: 697692
	682  -  MemoryUsage of job (MB)
	697692  -  ResidentSetSize of job (KB)
...
006 (15988842.513.000) 2026-02-11 12:52:59 Image size of job updated: 697940
	682  -  MemoryUsage of job (MB)
	697940  -  ResidentSetSize of job (KB)
...
006 (15988842.513.000) 2026-02-11 12:58:00 Image size of job updated: 742400
	702  -  MemoryUsage of job (MB)
	718592  -  ResidentSetSize of job (KB)
...
006 (15988842.513.000) 2026-02-11 14:08:08 Image size of job updated: 742400
	703  -  MemoryUsage of job (MB)
	719308  -  ResidentSetSize of job (KB)
...
006 (15988842.513.000) 2026-02-11 15:13:12 Image size of job updated: 742400
	703  -  MemoryUsage of job (MB)
	719588  -  ResidentSetSize of job (KB)
...
006 (15988842.513.000) 2026-02-11 15:18:13 Image size of job updated: 742400
	703  -  MemoryUsage of job (MB)
	719652  -  ResidentSetSize of job (KB)
...
006 (15988842.513.000) 2026-02-11 16:23:18 Image size of job updated: 742400
	704  -  MemoryUsage of job (MB)
	719936  -  ResidentSetSize of job (KB)
...
006 (15988842.513.000) 2026-02-11 19:53:43 Image size of job updated: 742400
	704  -  MemoryUsage of job (MB)
	719984  -  ResidentSetSize of job (KB)
...
006 (15988842.513.000) 2026-02-11 21:03:52 Image size of job updated: 742400
	704  -  MemoryUsage of job (MB)
	720536  -  ResidentSetSize of job (KB)
...
006 (15988842.513.000) 2026-02-11 22:13:58 Image size of job updated: 742400
	704  -  MemoryUsage of job (MB)
	720624  -  ResidentSetSize of job (KB)
...
006 (15988842.513.000) 2026-02-11 23:24:06 Image size of job updated: 742400
	704  -  MemoryUsage of job (MB)
	720692  -  ResidentSetSize of job (KB)
...
006 (15988842.513.000) 2026-02-12 01:44:19 Image size of job updated: 742400
	705  -  MemoryUsage of job (MB)
	720900  -  ResidentSetSize of job (KB)
...
006 (15988842.513.000) 2026-02-12 02:54:27 Image size of job updated: 742400
	705  -  MemoryUsage of job (MB)
	720912  -  ResidentSetSize of job (KB)
...
006 (15988842.513.000) 2026-02-12 06:24:47 Image size of job updated: 742400
	705  -  MemoryUsage of job (MB)
	721304  -  ResidentSetSize of job (KB)
...
006 (15988842.513.000) 2026-02-12 07:34:54 Image size of job updated: 742400
	705  -  MemoryUsage of job (MB)
	721632  -  ResidentSetSize of job (KB)
...
006 (15988842.513.000) 2026-02-12 08:50:02 Image size of job updated: 742400
	705  -  MemoryUsage of job (MB)
	721668  -  ResidentSetSize of job (KB)
...
