000 (15756404.868.000) 2026-02-06 11:24:36 Job submitted from host: <141.34.103.35:9618?addrs=141.34.103.35-9618+[2001-638-700-f067--1-23]-9618&alias=wgs39.zeuthen.desy.de&noUDP&sock=schedd_7414_f73f>
...
001 (15756404.868.000) 2026-02-07 04:28:36 Job executing on host: <141.34.15.44:9618?addrs=141.34.15.44-9618+[2001-638-700-f00f--1-2c]-9618&alias=pizza15.zeuthen.desy.de&noUDP&sock=startd_8410_2393>
	SlotName: slot1_1@pizza15.zeuthen.desy.de
	CondorScratchDir = "/batch/dir_4013530"
	Cpus = 8
	Disk = 1025696
	GPUs = 0
	Memory = 16384
...
006 (15756404.868.000) 2026-02-07 04:28:50 Image size of job updated: 97492
	96  -  MemoryUsage of job (MB)
	97492  -  ResidentSetSize of job (KB)
...
006 (15756404.868.000) 2026-02-07 04:33:51 Image size of job updated: 837624
	548  -  MemoryUsage of job (MB)
	560840  -  ResidentSetSize of job (KB)
...
006 (15756404.868.000) 2026-02-07 04:38:51 Image size of job updated: 837624
	550  -  MemoryUsage of job (MB)
	562948  -  ResidentSetSize of job (KB)
...
006 (15756404.868.000) 2026-02-07 04:43:51 Image size of job updated: 837624
	550  -  MemoryUsage of job (MB)
	562952  -  ResidentSetSize of job (KB)
...
006 (15756404.868.000) 2026-02-07 04:48:52 Image size of job updated: 837624
	552  -  MemoryUsage of job (MB)
	564508  -  ResidentSetSize of job (KB)
...
006 (15756404.868.000) 2026-02-07 05:18:54 Image size of job updated: 837624
	553  -  MemoryUsage of job (MB)
	565836  -  ResidentSetSize of job (KB)
...
006 (15756404.868.000) 2026-02-07 05:33:55 Image size of job updated: 837624
	553  -  MemoryUsage of job (MB)
	566052  -  ResidentSetSize of job (KB)
...
006 (15756404.868.000) 2026-02-07 05:38:55 Image size of job updated: 837624
	554  -  MemoryUsage of job (MB)
	566792  -  ResidentSetSize of job (KB)
...
006 (15756404.868.000) 2026-02-07 05:43:55 Image size of job updated: 837624
	554  -  MemoryUsage of job (MB)
	567004  -  ResidentSetSize of job (KB)
...
006 (15756404.868.000) 2026-02-07 05:48:56 Image size of job updated: 837624
	555  -  MemoryUsage of job (MB)
	568028  -  ResidentSetSize of job (KB)
...
006 (15756404.868.000) 2026-02-07 05:53:56 Image size of job updated: 837624
	557  -  MemoryUsage of job (MB)
	569564  -  ResidentSetSize of job (KB)
...
006 (15756404.868.000) 2026-02-07 06:28:58 Image size of job updated: 837624
	557  -  MemoryUsage of job (MB)
	569676  -  ResidentSetSize of job (KB)
...
006 (15756404.868.000) 2026-02-07 07:04:02 Image size of job updated: 837624
	557  -  MemoryUsage of job (MB)
	569752  -  ResidentSetSize of job (KB)
...
006 (15756404.868.000) 2026-02-07 07:09:03 Image size of job updated: 837624
	557  -  MemoryUsage of job (MB)
	569944  -  ResidentSetSize of job (KB)
...
006 (15756404.868.000) 2026-02-07 07:14:03 Image size of job updated: 837624
	558  -  MemoryUsage of job (MB)
	570444  -  ResidentSetSize of job (KB)
...
006 (15756404.868.000) 2026-02-07 07:24:04 Image size of job updated: 837624
	558  -  MemoryUsage of job (MB)
	570700  -  ResidentSetSize of job (KB)
...
006 (15756404.868.000) 2026-02-07 11:49:30 Image size of job updated: 837624
	558  -  MemoryUsage of job (MB)
	570708  -  ResidentSetSize of job (KB)
...
006 (15756404.868.000) 2026-02-07 14:04:44 Image size of job updated: 837624
	558  -  MemoryUsage of job (MB)
	570764  -  ResidentSetSize of job (KB)
...
005 (15756404.868.000) 2026-02-07 15:33:18 Job terminated.
	(1) Normal termination (return value 0)
		Usr 1 13:09:00, Sys 0 20:56:06  -  Run Remote Usage
		Usr 0 00:00:00, Sys 0 00:00:00  -  Run Local Usage
		Usr 1 13:09:00, Sys 0 20:56:06  -  Total Remote Usage
		Usr 0 00:00:00, Sys 0 00:00:00  -  Total Local Usage
	0  -  Run Bytes Sent By Job
	0  -  Run Bytes Received By Job
	0  -  Total Bytes Sent By Job
	0  -  Total Bytes Received By Job
	Partitionable Resources :    Usage  Request Allocated 
	   Cpus                 :     2.08        8         8 
	   Disk (KB)            :     1     1024000   1025696 
	   GPUs                 :                           0 
	   Memory (MB)          :   558       16384     16384 
	   TimeExecute (s)      : 39882                       
	   TimeSlotBusy (s)     : 39882                       

	Job terminated of its own accord at 2026-02-07T14:33:18Z with exit-code 0.
...
