000 (15756407.874.000) 2026-02-06 11:26:12 Job submitted from host: <141.34.103.35:9618?addrs=141.34.103.35-9618+[2001-638-700-f067--1-23]-9618&alias=wgs39.zeuthen.desy.de&noUDP&sock=schedd_7414_f73f>
...
009 (15756407.874.000) 2026-02-10 11:42:42 Job was aborted.
	via condor_rm (by user tuccia)
...
000 (15949294.583.000) 2026-02-10 11:45:21 Job submitted from host: <141.34.103.35:9618?addrs=141.34.103.35-9618+[2001-638-700-f067--1-23]-9618&alias=wgs39.zeuthen.desy.de&noUDP&sock=schedd_7302_24a3>
...
009 (15949294.583.000) 2026-02-10 11:45:47 Job was aborted.
	via condor_rm (by user tuccia)
...
000 (15949295.583.000) 2026-02-10 11:46:05 Job submitted from host: <141.34.103.35:9618?addrs=141.34.103.35-9618+[2001-638-700-f067--1-23]-9618&alias=wgs39.zeuthen.desy.de&noUDP&sock=schedd_7302_24a3>
...
001 (15949295.583.000) 2026-02-13 04:38:52 Job executing on host: <141.34.15.201:9618?addrs=141.34.15.201-9618+[2001-638-700-f00f--1-c9]-9618&alias=pizza03.zeuthen.desy.de&noUDP&sock=startd_9148_5877>
	SlotName: slot1_5@pizza03.zeuthen.desy.de
	CondorScratchDir = "/batch/dir_4184355"
	Cpus = 8
	Disk = 1025696
	GPUs = 0
	Memory = 16384
...
006 (15949295.583.000) 2026-02-13 04:39:05 Image size of job updated: 97464
	96  -  MemoryUsage of job (MB)
	97464  -  ResidentSetSize of job (KB)
...
006 (15949295.583.000) 2026-02-13 04:44:05 Image size of job updated: 607692
	538  -  MemoryUsage of job (MB)
	550240  -  ResidentSetSize of job (KB)
...
006 (15949295.583.000) 2026-02-13 04:49:06 Image size of job updated: 607692
	538  -  MemoryUsage of job (MB)
	550244  -  ResidentSetSize of job (KB)
...
006 (15949295.583.000) 2026-02-13 05:09:09 Image size of job updated: 607692
	551  -  MemoryUsage of job (MB)
	564044  -  ResidentSetSize of job (KB)
...
006 (15949295.583.000) 2026-02-13 05:14:09 Image size of job updated: 607692
	551  -  MemoryUsage of job (MB)
	564048  -  ResidentSetSize of job (KB)
...
006 (15949295.583.000) 2026-02-13 05:19:10 Image size of job updated: 607692
	551  -  MemoryUsage of job (MB)
	564148  -  ResidentSetSize of job (KB)
...
006 (15949295.583.000) 2026-02-13 05:24:10 Image size of job updated: 607692
	552  -  MemoryUsage of job (MB)
	565000  -  ResidentSetSize of job (KB)
...
006 (15949295.583.000) 2026-02-13 05:29:10 Image size of job updated: 607692
	553  -  MemoryUsage of job (MB)
	565504  -  ResidentSetSize of job (KB)
...
006 (15949295.583.000) 2026-02-13 05:34:11 Image size of job updated: 607692
	555  -  MemoryUsage of job (MB)
	567904  -  ResidentSetSize of job (KB)
...
006 (15949295.583.000) 2026-02-13 05:39:11 Image size of job updated: 607692
	575  -  MemoryUsage of job (MB)
	588044  -  ResidentSetSize of job (KB)
...
006 (15949295.583.000) 2026-02-13 05:44:11 Image size of job updated: 607692
	576  -  MemoryUsage of job (MB)
	589192  -  ResidentSetSize of job (KB)
...
006 (15949295.583.000) 2026-02-13 06:04:13 Image size of job updated: 607692
	585  -  MemoryUsage of job (MB)
	598392  -  ResidentSetSize of job (KB)
...
006 (15949295.583.000) 2026-02-13 06:09:13 Image size of job updated: 615176
	599  -  MemoryUsage of job (MB)
	612688  -  ResidentSetSize of job (KB)
...
006 (15949295.583.000) 2026-02-13 06:14:13 Image size of job updated: 618288
	604  -  MemoryUsage of job (MB)
	618288  -  ResidentSetSize of job (KB)
...
006 (15949295.583.000) 2026-02-13 06:19:14 Image size of job updated: 626748
	613  -  MemoryUsage of job (MB)
	626748  -  ResidentSetSize of job (KB)
...
006 (15949295.583.000) 2026-02-13 06:24:14 Image size of job updated: 630828
	613  -  MemoryUsage of job (MB)
	627600  -  ResidentSetSize of job (KB)
...
006 (15949295.583.000) 2026-02-13 06:29:14 Image size of job updated: 630828
	614  -  MemoryUsage of job (MB)
	628008  -  ResidentSetSize of job (KB)
...
006 (15949295.583.000) 2026-02-13 06:34:15 Image size of job updated: 632268
	615  -  MemoryUsage of job (MB)
	628788  -  ResidentSetSize of job (KB)
...
006 (15949295.583.000) 2026-02-13 06:39:15 Image size of job updated: 632352
	616  -  MemoryUsage of job (MB)
	630460  -  ResidentSetSize of job (KB)
...
006 (15949295.583.000) 2026-02-13 06:44:16 Image size of job updated: 633808
	617  -  MemoryUsage of job (MB)
	630948  -  ResidentSetSize of job (KB)
...
006 (15949295.583.000) 2026-02-13 06:49:17 Image size of job updated: 633808
	617  -  MemoryUsage of job (MB)
	631016  -  ResidentSetSize of job (KB)
...
006 (15949295.583.000) 2026-02-13 06:59:18 Image size of job updated: 635236
	617  -  MemoryUsage of job (MB)
	631024  -  ResidentSetSize of job (KB)
...
006 (15949295.583.000) 2026-02-13 07:04:19 Image size of job updated: 655980
	641  -  MemoryUsage of job (MB)
	655980  -  ResidentSetSize of job (KB)
...
006 (15949295.583.000) 2026-02-13 07:09:19 Image size of job updated: 659760
	641  -  MemoryUsage of job (MB)
	656300  -  ResidentSetSize of job (KB)
...
006 (15949295.583.000) 2026-02-13 07:14:20 Image size of job updated: 660184
	641  -  MemoryUsage of job (MB)
	656328  -  ResidentSetSize of job (KB)
...
006 (15949295.583.000) 2026-02-13 07:19:21 Image size of job updated: 660184
	642  -  MemoryUsage of job (MB)
	656628  -  ResidentSetSize of job (KB)
...
006 (15949295.583.000) 2026-02-13 07:24:21 Image size of job updated: 660184
	642  -  MemoryUsage of job (MB)
	656660  -  ResidentSetSize of job (KB)
...
006 (15949295.583.000) 2026-02-13 07:29:22 Image size of job updated: 660856
	646  -  MemoryUsage of job (MB)
	660508  -  ResidentSetSize of job (KB)
...
006 (15949295.583.000) 2026-02-13 07:34:23 Image size of job updated: 665112
	646  -  MemoryUsage of job (MB)
	660924  -  ResidentSetSize of job (KB)
...
006 (15949295.583.000) 2026-02-13 07:39:23 Image size of job updated: 665112
	646  -  MemoryUsage of job (MB)
	660960  -  ResidentSetSize of job (KB)
...
006 (15949295.583.000) 2026-02-13 07:44:24 Image size of job updated: 668056
	651  -  MemoryUsage of job (MB)
	665972  -  ResidentSetSize of job (KB)
...
006 (15949295.583.000) 2026-02-13 07:49:25 Image size of job updated: 671716
	654  -  MemoryUsage of job (MB)
	668892  -  ResidentSetSize of job (KB)
...
006 (15949295.583.000) 2026-02-13 07:54:25 Image size of job updated: 671820
	654  -  MemoryUsage of job (MB)
	669312  -  ResidentSetSize of job (KB)
...
006 (15949295.583.000) 2026-02-13 07:59:27 Image size of job updated: 671820
	654  -  MemoryUsage of job (MB)
	669640  -  ResidentSetSize of job (KB)
...
006 (15949295.583.000) 2026-02-13 08:04:27 Image size of job updated: 677136
	662  -  MemoryUsage of job (MB)
	677136  -  ResidentSetSize of job (KB)
...
006 (15949295.583.000) 2026-02-13 08:09:27 Image size of job updated: 686532
	671  -  MemoryUsage of job (MB)
	686532  -  ResidentSetSize of job (KB)
...
006 (15949295.583.000) 2026-02-13 08:14:28 Image size of job updated: 688804
	671  -  MemoryUsage of job (MB)
	686852  -  ResidentSetSize of job (KB)
...
006 (15949295.583.000) 2026-02-13 08:19:28 Image size of job updated: 689204
	672  -  MemoryUsage of job (MB)
	687256  -  ResidentSetSize of job (KB)
...
006 (15949295.583.000) 2026-02-13 08:24:28 Image size of job updated: 689348
	672  -  MemoryUsage of job (MB)
	687284  -  ResidentSetSize of job (KB)
...
006 (15949295.583.000) 2026-02-13 08:29:29 Image size of job updated: 689936
	672  -  MemoryUsage of job (MB)
	687304  -  ResidentSetSize of job (KB)
...
006 (15949295.583.000) 2026-02-13 08:34:29 Image size of job updated: 689936
	672  -  MemoryUsage of job (MB)
	687332  -  ResidentSetSize of job (KB)
...
006 (15949295.583.000) 2026-02-13 08:39:29 Image size of job updated: 689936
	672  -  MemoryUsage of job (MB)
	687356  -  ResidentSetSize of job (KB)
...
006 (15949295.583.000) 2026-02-13 08:44:30 Image size of job updated: 690416
	672  -  MemoryUsage of job (MB)
	687388  -  ResidentSetSize of job (KB)
...
006 (15949295.583.000) 2026-02-13 08:49:30 Image size of job updated: 690416
	672  -  MemoryUsage of job (MB)
	687416  -  ResidentSetSize of job (KB)
...
006 (15949295.583.000) 2026-02-13 08:54:30 Image size of job updated: 690416
	672  -  MemoryUsage of job (MB)
	687448  -  ResidentSetSize of job (KB)
...
006 (15949295.583.000) 2026-02-13 08:59:31 Image size of job updated: 690416
	672  -  MemoryUsage of job (MB)
	687464  -  ResidentSetSize of job (KB)
...
006 (15949295.583.000) 2026-02-13 09:09:32 Image size of job updated: 690416
	672  -  MemoryUsage of job (MB)
	687572  -  ResidentSetSize of job (KB)
...
006 (15949295.583.000) 2026-02-13 09:14:33 Image size of job updated: 690516
	672  -  MemoryUsage of job (MB)
	687632  -  ResidentSetSize of job (KB)
...
006 (15949295.583.000) 2026-02-13 09:19:33 Image size of job updated: 690516
	672  -  MemoryUsage of job (MB)
	687704  -  ResidentSetSize of job (KB)
...
006 (15949295.583.000) 2026-02-13 09:39:35 Image size of job updated: 690868
	672  -  MemoryUsage of job (MB)
	687796  -  ResidentSetSize of job (KB)
...
006 (15949295.583.000) 2026-02-13 09:44:35 Image size of job updated: 690868
	672  -  MemoryUsage of job (MB)
	687828  -  ResidentSetSize of job (KB)
...
006 (15949295.583.000) 2026-02-13 09:49:35 Image size of job updated: 690868
	672  -  MemoryUsage of job (MB)
	687856  -  ResidentSetSize of job (KB)
...
006 (15949295.583.000) 2026-02-13 09:54:36 Image size of job updated: 690868
	672  -  MemoryUsage of job (MB)
	687884  -  ResidentSetSize of job (KB)
...
006 (15949295.583.000) 2026-02-13 10:04:36 Image size of job updated: 690868
	672  -  MemoryUsage of job (MB)
	687928  -  ResidentSetSize of job (KB)
...
006 (15949295.583.000) 2026-02-13 10:09:37 Image size of job updated: 690868
	673  -  MemoryUsage of job (MB)
	688212  -  ResidentSetSize of job (KB)
...
006 (15949295.583.000) 2026-02-13 10:14:37 Image size of job updated: 690868
	673  -  MemoryUsage of job (MB)
	688516  -  ResidentSetSize of job (KB)
...
006 (15949295.583.000) 2026-02-13 10:29:38 Image size of job updated: 690868
	673  -  MemoryUsage of job (MB)
	688696  -  ResidentSetSize of job (KB)
...
006 (15949295.583.000) 2026-02-13 10:34:38 Image size of job updated: 690868
	673  -  MemoryUsage of job (MB)
	688752  -  ResidentSetSize of job (KB)
...
006 (15949295.583.000) 2026-02-13 10:39:39 Image size of job updated: 690868
	673  -  MemoryUsage of job (MB)
	688812  -  ResidentSetSize of job (KB)
...
006 (15949295.583.000) 2026-02-13 10:44:39 Image size of job updated: 690896
	674  -  MemoryUsage of job (MB)
	689280  -  ResidentSetSize of job (KB)
...
006 (15949295.583.000) 2026-02-13 10:49:39 Image size of job updated: 690908
	674  -  MemoryUsage of job (MB)
	689288  -  ResidentSetSize of job (KB)
...
006 (15949295.583.000) 2026-02-13 10:54:40 Image size of job updated: 690908
	674  -  MemoryUsage of job (MB)
	689308  -  ResidentSetSize of job (KB)
...
006 (15949295.583.000) 2026-02-13 10:59:40 Image size of job updated: 693528
	678  -  MemoryUsage of job (MB)
	693528  -  ResidentSetSize of job (KB)
...
006 (15949295.583.000) 2026-02-13 11:14:41 Image size of job updated: 695772
	679  -  MemoryUsage of job (MB)
	694436  -  ResidentSetSize of job (KB)
...
006 (15949295.583.000) 2026-02-13 11:19:41 Image size of job updated: 696368
	681  -  MemoryUsage of job (MB)
	696368  -  ResidentSetSize of job (KB)
...
006 (15949295.583.000) 2026-02-13 11:24:42 Image size of job updated: 697448
	681  -  MemoryUsage of job (MB)
	696836  -  ResidentSetSize of job (KB)
...
006 (15949295.583.000) 2026-02-13 11:29:42 Image size of job updated: 698308
	681  -  MemoryUsage of job (MB)
	697156  -  ResidentSetSize of job (KB)
...
006 (15949295.583.000) 2026-02-13 11:34:43 Image size of job updated: 698308
	681  -  MemoryUsage of job (MB)
	697212  -  ResidentSetSize of job (KB)
...
006 (15949295.583.000) 2026-02-13 11:39:44 Image size of job updated: 701412
	685  -  MemoryUsage of job (MB)
	701412  -  ResidentSetSize of job (KB)
...
006 (15949295.583.000) 2026-02-13 11:44:44 Image size of job updated: 701672
	686  -  MemoryUsage of job (MB)
	701672  -  ResidentSetSize of job (KB)
...
006 (15949295.583.000) 2026-02-13 11:49:45 Image size of job updated: 702268
	686  -  MemoryUsage of job (MB)
	701672  -  ResidentSetSize of job (KB)
...
006 (15949295.583.000) 2026-02-13 11:54:46 Image size of job updated: 706344
	690  -  MemoryUsage of job (MB)
	706344  -  ResidentSetSize of job (KB)
...
006 (15949295.583.000) 2026-02-13 11:59:46 Image size of job updated: 706732
	690  -  MemoryUsage of job (MB)
	706424  -  ResidentSetSize of job (KB)
...
006 (15949295.583.000) 2026-02-13 12:04:47 Image size of job updated: 709556
	693  -  MemoryUsage of job (MB)
	709556  -  ResidentSetSize of job (KB)
...
006 (15949295.583.000) 2026-02-13 12:09:47 Image size of job updated: 709668
	694  -  MemoryUsage of job (MB)
	709668  -  ResidentSetSize of job (KB)
...
006 (15949295.583.000) 2026-02-13 12:14:47 Image size of job updated: 717900
	702  -  MemoryUsage of job (MB)
	717900  -  ResidentSetSize of job (KB)
...
006 (15949295.583.000) 2026-02-13 12:19:48 Image size of job updated: 717992
	702  -  MemoryUsage of job (MB)
	717900  -  ResidentSetSize of job (KB)
...
006 (15949295.583.000) 2026-02-13 12:24:48 Image size of job updated: 718040
	702  -  MemoryUsage of job (MB)
	718040  -  ResidentSetSize of job (KB)
...
006 (15949295.583.000) 2026-02-13 12:29:48 Image size of job updated: 718328
	702  -  MemoryUsage of job (MB)
	718328  -  ResidentSetSize of job (KB)
...
006 (15949295.583.000) 2026-02-13 12:34:49 Image size of job updated: 718788
	702  -  MemoryUsage of job (MB)
	718352  -  ResidentSetSize of job (KB)
...
006 (15949295.583.000) 2026-02-13 12:44:50 Image size of job updated: 718788
	702  -  MemoryUsage of job (MB)
	718376  -  ResidentSetSize of job (KB)
...
006 (15949295.583.000) 2026-02-13 12:49:51 Image size of job updated: 721248
	705  -  MemoryUsage of job (MB)
	721248  -  ResidentSetSize of job (KB)
...
006 (15949295.583.000) 2026-02-13 12:54:51 Image size of job updated: 721532
	705  -  MemoryUsage of job (MB)
	721532  -  ResidentSetSize of job (KB)
...
006 (15949295.583.000) 2026-02-13 12:59:52 Image size of job updated: 721612
	705  -  MemoryUsage of job (MB)
	721532  -  ResidentSetSize of job (KB)
...
006 (15949295.583.000) 2026-02-13 13:19:55 Image size of job updated: 721732
	705  -  MemoryUsage of job (MB)
	721732  -  ResidentSetSize of job (KB)
...
006 (15949295.583.000) 2026-02-13 13:24:55 Image size of job updated: 721868
	705  -  MemoryUsage of job (MB)
	721868  -  ResidentSetSize of job (KB)
...
006 (15949295.583.000) 2026-02-13 13:54:59 Image size of job updated: 721884
	705  -  MemoryUsage of job (MB)
	721884  -  ResidentSetSize of job (KB)
...
006 (15949295.583.000) 2026-02-13 14:05:00 Image size of job updated: 722124
	706  -  MemoryUsage of job (MB)
	722124  -  ResidentSetSize of job (KB)
...
006 (15949295.583.000) 2026-02-13 14:40:02 Image size of job updated: 722288
	706  -  MemoryUsage of job (MB)
	722288  -  ResidentSetSize of job (KB)
...
006 (15949295.583.000) 2026-02-13 14:45:03 Image size of job updated: 722348
	706  -  MemoryUsage of job (MB)
	722348  -  ResidentSetSize of job (KB)
...
006 (15949295.583.000) 2026-02-13 14:50:03 Image size of job updated: 722552
	706  -  MemoryUsage of job (MB)
	722552  -  ResidentSetSize of job (KB)
...
006 (15949295.583.000) 2026-02-13 15:15:05 Image size of job updated: 723972
	708  -  MemoryUsage of job (MB)
	723972  -  ResidentSetSize of job (KB)
...
006 (15949295.583.000) 2026-02-13 15:25:06 Image size of job updated: 723996
	708  -  MemoryUsage of job (MB)
	723996  -  ResidentSetSize of job (KB)
...
006 (15949295.583.000) 2026-02-13 15:30:07 Image size of job updated: 724228
	708  -  MemoryUsage of job (MB)
	724228  -  ResidentSetSize of job (KB)
...
006 (15949295.583.000) 2026-02-13 16:05:10 Image size of job updated: 724256
	708  -  MemoryUsage of job (MB)
	724256  -  ResidentSetSize of job (KB)
...
006 (15949295.583.000) 2026-02-13 16:15:12 Image size of job updated: 724484
	708  -  MemoryUsage of job (MB)
	724484  -  ResidentSetSize of job (KB)
...
006 (15949295.583.000) 2026-02-13 16:30:14 Image size of job updated: 737112
	720  -  MemoryUsage of job (MB)
	737112  -  ResidentSetSize of job (KB)
...
006 (15949295.583.000) 2026-02-13 16:35:14 Image size of job updated: 737300
	721  -  MemoryUsage of job (MB)
	737300  -  ResidentSetSize of job (KB)
...
006 (15949295.583.000) 2026-02-13 16:40:15 Image size of job updated: 738764
	722  -  MemoryUsage of job (MB)
	738764  -  ResidentSetSize of job (KB)
...
006 (15949295.583.000) 2026-02-13 16:45:15 Image size of job updated: 738840
	722  -  MemoryUsage of job (MB)
	738840  -  ResidentSetSize of job (KB)
...
006 (15949295.583.000) 2026-02-13 17:05:16 Image size of job updated: 738856
	722  -  MemoryUsage of job (MB)
	738856  -  ResidentSetSize of job (KB)
...
006 (15949295.583.000) 2026-02-13 17:10:17 Image size of job updated: 739096
	722  -  MemoryUsage of job (MB)
	739096  -  ResidentSetSize of job (KB)
...
006 (15949295.583.000) 2026-02-13 17:40:20 Image size of job updated: 739100
	722  -  MemoryUsage of job (MB)
	739100  -  ResidentSetSize of job (KB)
...
006 (15949295.583.000) 2026-02-13 17:45:20 Image size of job updated: 739164
	722  -  MemoryUsage of job (MB)
	739164  -  ResidentSetSize of job (KB)
...
006 (15949295.583.000) 2026-02-13 17:55:22 Image size of job updated: 739352
	723  -  MemoryUsage of job (MB)
	739352  -  ResidentSetSize of job (KB)
...
006 (15949295.583.000) 2026-02-14 01:01:02 Image size of job updated: 780692
	743  -  MemoryUsage of job (MB)
	760464  -  ResidentSetSize of job (KB)
...
006 (15949295.583.000) 2026-02-14 01:06:02 Image size of job updated: 781004
	748  -  MemoryUsage of job (MB)
	765800  -  ResidentSetSize of job (KB)
...
006 (15949295.583.000) 2026-02-14 01:11:03 Image size of job updated: 782000
	748  -  MemoryUsage of job (MB)
	765800  -  ResidentSetSize of job (KB)
...
006 (15949295.583.000) 2026-02-14 01:16:03 Image size of job updated: 782144
	748  -  MemoryUsage of job (MB)
	765800  -  ResidentSetSize of job (KB)
...
006 (15949295.583.000) 2026-02-14 01:21:03 Image size of job updated: 782244
	748  -  MemoryUsage of job (MB)
	765800  -  ResidentSetSize of job (KB)
...
006 (15949295.583.000) 2026-02-14 01:26:04 Image size of job updated: 782272
	752  -  MemoryUsage of job (MB)
	769828  -  ResidentSetSize of job (KB)
...
006 (15949295.583.000) 2026-02-14 01:31:04 Image size of job updated: 782296
	752  -  MemoryUsage of job (MB)
	769828  -  ResidentSetSize of job (KB)
...
006 (15949295.583.000) 2026-02-14 01:51:05 Image size of job updated: 782344
	752  -  MemoryUsage of job (MB)
	769828  -  ResidentSetSize of job (KB)
...
006 (15949295.583.000) 2026-02-14 01:56:06 Image size of job updated: 782344
	755  -  MemoryUsage of job (MB)
	772684  -  ResidentSetSize of job (KB)
...
006 (15949295.583.000) 2026-02-14 02:01:06 Image size of job updated: 782344
	764  -  MemoryUsage of job (MB)
	782164  -  ResidentSetSize of job (KB)
...
006 (15949295.583.000) 2026-02-14 02:46:12 Image size of job updated: 782880
	764  -  MemoryUsage of job (MB)
	782164  -  ResidentSetSize of job (KB)
...
006 (15949295.583.000) 2026-02-14 02:56:13 Image size of job updated: 782952
	764  -  MemoryUsage of job (MB)
	782164  -  ResidentSetSize of job (KB)
...
006 (15949295.583.000) 2026-02-14 05:31:28 Image size of job updated: 782952
	764  -  MemoryUsage of job (MB)
	782276  -  ResidentSetSize of job (KB)
...
006 (15949295.583.000) 2026-02-14 05:36:29 Image size of job updated: 782952
	765  -  MemoryUsage of job (MB)
	782508  -  ResidentSetSize of job (KB)
...
006 (15949295.583.000) 2026-02-14 06:26:34 Image size of job updated: 782992
	765  -  MemoryUsage of job (MB)
	782728  -  ResidentSetSize of job (KB)
...
006 (15949295.583.000) 2026-02-14 08:06:43 Image size of job updated: 783096
	765  -  MemoryUsage of job (MB)
	782728  -  ResidentSetSize of job (KB)
...
006 (15949295.583.000) 2026-02-14 08:41:48 Image size of job updated: 783112
	765  -  MemoryUsage of job (MB)
	782728  -  ResidentSetSize of job (KB)
...
006 (15949295.583.000) 2026-02-14 08:46:48 Image size of job updated: 783112
	765  -  MemoryUsage of job (MB)
	783112  -  ResidentSetSize of job (KB)
...
006 (15949295.583.000) 2026-02-14 09:06:49 Image size of job updated: 783412
	765  -  MemoryUsage of job (MB)
	783112  -  ResidentSetSize of job (KB)
...
006 (15949295.583.000) 2026-02-14 09:26:51 Image size of job updated: 783412
	765  -  MemoryUsage of job (MB)
	783304  -  ResidentSetSize of job (KB)
...
006 (15949295.583.000) 2026-02-14 10:31:57 Image size of job updated: 783772
	765  -  MemoryUsage of job (MB)
	783304  -  ResidentSetSize of job (KB)
...
006 (15949295.583.000) 2026-02-14 10:36:58 Image size of job updated: 783780
	766  -  MemoryUsage of job (MB)
	783772  -  ResidentSetSize of job (KB)
...
006 (15949295.583.000) 2026-02-14 11:47:07 Image size of job updated: 783912
	766  -  MemoryUsage of job (MB)
	783772  -  ResidentSetSize of job (KB)
...
006 (15949295.583.000) 2026-02-14 13:27:17 Image size of job updated: 784268
	766  -  MemoryUsage of job (MB)
	783772  -  ResidentSetSize of job (KB)
...
006 (15949295.583.000) 2026-02-14 14:02:19 Image size of job updated: 784300
	766  -  MemoryUsage of job (MB)
	783772  -  ResidentSetSize of job (KB)
...
006 (15949295.583.000) 2026-02-14 14:47:25 Image size of job updated: 784524
	766  -  MemoryUsage of job (MB)
	783772  -  ResidentSetSize of job (KB)
...
006 (15949295.583.000) 2026-02-14 15:27:29 Image size of job updated: 784668
	766  -  MemoryUsage of job (MB)
	783772  -  ResidentSetSize of job (KB)
...
006 (15949295.583.000) 2026-02-14 15:47:31 Image size of job updated: 784668
	766  -  MemoryUsage of job (MB)
	784084  -  ResidentSetSize of job (KB)
...
006 (15949295.583.000) 2026-02-14 16:32:35 Image size of job updated: 785208
	767  -  MemoryUsage of job (MB)
	784476  -  ResidentSetSize of job (KB)
...
006 (15949295.583.000) 2026-02-14 16:37:35 Image size of job updated: 785364
	767  -  MemoryUsage of job (MB)
	784476  -  ResidentSetSize of job (KB)
...
006 (15949295.583.000) 2026-02-14 16:52:37 Image size of job updated: 785364
	767  -  MemoryUsage of job (MB)
	785176  -  ResidentSetSize of job (KB)
...
006 (15949295.583.000) 2026-02-15 00:23:22 Image size of job updated: 786116
	768  -  MemoryUsage of job (MB)
	786116  -  ResidentSetSize of job (KB)
...
006 (15949295.583.000) 2026-02-15 00:28:22 Image size of job updated: 786212
	768  -  MemoryUsage of job (MB)
	786116  -  ResidentSetSize of job (KB)
...
006 (15949295.583.000) 2026-02-15 00:33:22 Image size of job updated: 786368
	768  -  MemoryUsage of job (MB)
	786116  -  ResidentSetSize of job (KB)
...
021 (15949295.583.000) 2026-02-15 04:38:55 Error from starter on slot1_5@pizza03.zeuthen.desy.de:
	runtime exceeded maximum (target.Runtime seconds)
	Code 21 Subcode 103
...
004 (15949295.583.000) 2026-02-15 04:38:55 Job was evicted.
	(0) CPU times
		Usr 11 00:00:33, Sys 1 15:02:31  -  Run Remote Usage
		Usr 0 00:00:00, Sys 0 00:00:00  -  Run Local Usage
	0  -  Run Bytes Sent By Job
	0  -  Run Bytes Received By Job
	Error from slot1_5@pizza03.zeuthen.desy.de: runtime exceeded maximum (target.Runtime seconds)
	Partitionable Resources :     Usage  Request Allocated 
	   Cpus                 :      7.92        8         8 
	   Disk (KB)            :      1     1024000   1025696 
	   GPUs                 :                            0 
	   Memory (MB)          :    768       16384     16384 
	   TimeSlotBusy (s)     : 172803                       
...
012 (15949295.583.000) 2026-02-15 04:38:55 Job was held.
	Error from slot1_5@pizza03.zeuthen.desy.de: runtime exceeded maximum (target.Runtime seconds)
	Code 21 Subcode 103
...
009 (15949295.583.000) 2026-02-16 17:16:25 Job was aborted.
	via condor_rm (by user tuccia)
...
