000 (15756408.829.000) 2026-02-06 11:26:59 Job submitted from host: <141.34.103.35:9618?addrs=141.34.103.35-9618+[2001-638-700-f067--1-23]-9618&alias=wgs39.zeuthen.desy.de&noUDP&sock=schedd_7414_f73f>
...
009 (15756408.829.000) 2026-02-10 11:47:38 Job was aborted.
	via condor_rm (by user tuccia)
...
000 (15951004.553.000) 2026-02-10 16:30:05 Job submitted from host: <141.34.103.35:9618?addrs=141.34.103.35-9618+[2001-638-700-f067--1-23]-9618&alias=wgs39.zeuthen.desy.de&noUDP&sock=schedd_7302_24a3>
...
001 (15951004.553.000) 2026-02-10 18:30:58 Job executing on host: <141.34.15.43:9618?addrs=141.34.15.43-9618+[2001-638-700-f00f--1-2b]-9618&alias=pizza14.zeuthen.desy.de&noUDP&sock=startd_8340_1ff1>
	SlotName: slot1_9@pizza14.zeuthen.desy.de
	CondorScratchDir = "/batch/dir_1901042"
	Cpus = 1
	Disk = 1025696
	GPUs = 0
	Memory = 5120
...
006 (15951004.553.000) 2026-02-10 18:31:11 Image size of job updated: 97420
	96  -  MemoryUsage of job (MB)
	97420  -  ResidentSetSize of job (KB)
...
006 (15951004.553.000) 2026-02-10 18:36:11 Image size of job updated: 641416
	466  -  MemoryUsage of job (MB)
	476548  -  ResidentSetSize of job (KB)
...
006 (15951004.553.000) 2026-02-10 18:41:12 Image size of job updated: 641416
	560  -  MemoryUsage of job (MB)
	573432  -  ResidentSetSize of job (KB)
...
006 (15951004.553.000) 2026-02-10 18:46:13 Image size of job updated: 641416
	561  -  MemoryUsage of job (MB)
	573744  -  ResidentSetSize of job (KB)
...
006 (15951004.553.000) 2026-02-10 18:51:13 Image size of job updated: 641416
	561  -  MemoryUsage of job (MB)
	574032  -  ResidentSetSize of job (KB)
...
006 (15951004.553.000) 2026-02-10 18:56:14 Image size of job updated: 641416
	561  -  MemoryUsage of job (MB)
	574344  -  ResidentSetSize of job (KB)
...
006 (15951004.553.000) 2026-02-10 19:01:15 Image size of job updated: 641416
	562  -  MemoryUsage of job (MB)
	574600  -  ResidentSetSize of job (KB)
...
006 (15951004.553.000) 2026-02-10 19:06:15 Image size of job updated: 641416
	562  -  MemoryUsage of job (MB)
	574876  -  ResidentSetSize of job (KB)
...
006 (15951004.553.000) 2026-02-10 19:11:15 Image size of job updated: 641416
	562  -  MemoryUsage of job (MB)
	575152  -  ResidentSetSize of job (KB)
...
006 (15951004.553.000) 2026-02-10 19:16:16 Image size of job updated: 641416
	562  -  MemoryUsage of job (MB)
	575440  -  ResidentSetSize of job (KB)
...
006 (15951004.553.000) 2026-02-10 19:21:16 Image size of job updated: 641416
	563  -  MemoryUsage of job (MB)
	575728  -  ResidentSetSize of job (KB)
...
006 (15951004.553.000) 2026-02-10 19:26:16 Image size of job updated: 641416
	563  -  MemoryUsage of job (MB)
	576016  -  ResidentSetSize of job (KB)
...
006 (15951004.553.000) 2026-02-10 19:31:17 Image size of job updated: 641416
	563  -  MemoryUsage of job (MB)
	576300  -  ResidentSetSize of job (KB)
...
006 (15951004.553.000) 2026-02-10 19:36:17 Image size of job updated: 641416
	583  -  MemoryUsage of job (MB)
	596228  -  ResidentSetSize of job (KB)
...
006 (15951004.553.000) 2026-02-10 20:36:25 Image size of job updated: 641416
	583  -  MemoryUsage of job (MB)
	596344  -  ResidentSetSize of job (KB)
...
006 (15951004.553.000) 2026-02-10 21:21:28 Image size of job updated: 641416
	585  -  MemoryUsage of job (MB)
	598376  -  ResidentSetSize of job (KB)
...
006 (15951004.553.000) 2026-02-10 21:36:29 Image size of job updated: 641416
	585  -  MemoryUsage of job (MB)
	598668  -  ResidentSetSize of job (KB)
...
006 (15951004.553.000) 2026-02-10 22:36:37 Image size of job updated: 641416
	585  -  MemoryUsage of job (MB)
	598948  -  ResidentSetSize of job (KB)
...
006 (15951004.553.000) 2026-02-11 02:22:02 Image size of job updated: 641416
	586  -  MemoryUsage of job (MB)
	599232  -  ResidentSetSize of job (KB)
...
006 (15951004.553.000) 2026-02-11 03:17:09 Image size of job updated: 641416
	603  -  MemoryUsage of job (MB)
	617408  -  ResidentSetSize of job (KB)
...
006 (15951004.553.000) 2026-02-11 03:22:10 Image size of job updated: 641416
	603  -  MemoryUsage of job (MB)
	617412  -  ResidentSetSize of job (KB)
...
004 (15951004.553.000) 2026-02-11 11:11:58 Job was evicted.
	(0) CPU times
		Usr 0 16:29:03, Sys 0 00:00:05  -  Run Remote Usage
		Usr 0 00:00:00, Sys 0 00:00:00  -  Run Local Usage
	0  -  Run Bytes Sent By Job
	0  -  Run Bytes Received By Job
	Partitionable Resources :    Usage  Request Allocated 
	   Cpus                 :     0.99        1         1 
	   Disk (KB)            :     1     1024000   1025696 
	   GPUs                 :                           0 
	   Memory (MB)          :   603        5120      5120 
	   TimeExecute (s)      : 60059                       
	   TimeSlotBusy (s)     : 60060                       
...
009 (15951004.553.000) 2026-02-11 11:11:59 Job was aborted.
	via condor_rm (by user tuccia)
...
000 (15988842.553.000) 2026-02-11 11:12:47 Job submitted from host: <141.34.103.35:9618?addrs=141.34.103.35-9618+[2001-638-700-f067--1-23]-9618&alias=wgs39.zeuthen.desy.de&noUDP&sock=schedd_7302_24a3>
...
001 (15988842.553.000) 2026-02-11 11:50:53 Job executing on host: <141.34.103.52:9618?addrs=141.34.103.52-9618+[2001-638-700-f067--1-34]-9618&alias=wgs42.zeuthen.desy.de&noUDP&sock=startd_9894_0a1e>
	SlotName: slot1_5@wgs42.zeuthen.desy.de
	CondorScratchDir = "/batch/dir_1837343"
	Cpus = 1
	Disk = 1025025
	GPUs = 0
	Memory = 5120
...
006 (15988842.553.000) 2026-02-11 11:51:06 Image size of job updated: 97380
	96  -  MemoryUsage of job (MB)
	97380  -  ResidentSetSize of job (KB)
...
006 (15988842.553.000) 2026-02-11 11:56:06 Image size of job updated: 568892
	556  -  MemoryUsage of job (MB)
	568892  -  ResidentSetSize of job (KB)
...
006 (15988842.553.000) 2026-02-11 12:01:07 Image size of job updated: 569140
	556  -  MemoryUsage of job (MB)
	569140  -  ResidentSetSize of job (KB)
...
006 (15988842.553.000) 2026-02-11 12:06:08 Image size of job updated: 569520
	557  -  MemoryUsage of job (MB)
	569520  -  ResidentSetSize of job (KB)
...
006 (15988842.553.000) 2026-02-11 12:11:08 Image size of job updated: 569840
	557  -  MemoryUsage of job (MB)
	569840  -  ResidentSetSize of job (KB)
...
006 (15988842.553.000) 2026-02-11 12:16:09 Image size of job updated: 570128
	557  -  MemoryUsage of job (MB)
	570128  -  ResidentSetSize of job (KB)
...
006 (15988842.553.000) 2026-02-11 12:21:09 Image size of job updated: 570408
	558  -  MemoryUsage of job (MB)
	570408  -  ResidentSetSize of job (KB)
...
006 (15988842.553.000) 2026-02-11 12:26:09 Image size of job updated: 570736
	558  -  MemoryUsage of job (MB)
	570736  -  ResidentSetSize of job (KB)
...
006 (15988842.553.000) 2026-02-11 12:31:10 Image size of job updated: 571032
	558  -  MemoryUsage of job (MB)
	571032  -  ResidentSetSize of job (KB)
...
006 (15988842.553.000) 2026-02-11 12:36:10 Image size of job updated: 571356
	558  -  MemoryUsage of job (MB)
	571356  -  ResidentSetSize of job (KB)
...
006 (15988842.553.000) 2026-02-11 12:41:11 Image size of job updated: 571688
	559  -  MemoryUsage of job (MB)
	571688  -  ResidentSetSize of job (KB)
...
006 (15988842.553.000) 2026-02-11 12:46:12 Image size of job updated: 572012
	559  -  MemoryUsage of job (MB)
	572012  -  ResidentSetSize of job (KB)
...
006 (15988842.553.000) 2026-02-11 12:51:12 Image size of job updated: 618600
	581  -  MemoryUsage of job (MB)
	593924  -  ResidentSetSize of job (KB)
...
006 (15988842.553.000) 2026-02-11 13:06:14 Image size of job updated: 618600
	583  -  MemoryUsage of job (MB)
	596184  -  ResidentSetSize of job (KB)
...
006 (15988842.553.000) 2026-02-11 13:46:17 Image size of job updated: 619176
	584  -  MemoryUsage of job (MB)
	597880  -  ResidentSetSize of job (KB)
...
006 (15988842.553.000) 2026-02-11 14:46:23 Image size of job updated: 620244
	585  -  MemoryUsage of job (MB)
	598164  -  ResidentSetSize of job (KB)
...
006 (15988842.553.000) 2026-02-11 15:41:29 Image size of job updated: 620244
	585  -  MemoryUsage of job (MB)
	598448  -  ResidentSetSize of job (KB)
...
006 (15988842.553.000) 2026-02-11 16:46:38 Image size of job updated: 621512
	585  -  MemoryUsage of job (MB)
	598508  -  ResidentSetSize of job (KB)
...
006 (15988842.553.000) 2026-02-11 17:41:43 Image size of job updated: 621512
	585  -  MemoryUsage of job (MB)
	598588  -  ResidentSetSize of job (KB)
...
006 (15988842.553.000) 2026-02-11 20:47:01 Image size of job updated: 621512
	585  -  MemoryUsage of job (MB)
	598820  -  ResidentSetSize of job (KB)
...
006 (15988842.553.000) 2026-02-11 21:47:09 Image size of job updated: 621512
	586  -  MemoryUsage of job (MB)
	599140  -  ResidentSetSize of job (KB)
...
006 (15988842.553.000) 2026-02-12 00:52:29 Image size of job updated: 621768
	586  -  MemoryUsage of job (MB)
	599308  -  ResidentSetSize of job (KB)
...
006 (15988842.553.000) 2026-02-12 07:03:06 Image size of job updated: 621768
	586  -  MemoryUsage of job (MB)
	599568  -  ResidentSetSize of job (KB)
...
006 (15988842.553.000) 2026-02-12 07:58:10 Image size of job updated: 621768
	603  -  MemoryUsage of job (MB)
	616668  -  ResidentSetSize of job (KB)
...
006 (15988842.553.000) 2026-02-12 08:03:11 Image size of job updated: 621824
	603  -  MemoryUsage of job (MB)
	616672  -  ResidentSetSize of job (KB)
...
006 (15988842.553.000) 2026-02-12 10:03:23 Image size of job updated: 622092
	603  -  MemoryUsage of job (MB)
	616672  -  ResidentSetSize of job (KB)
...
006 (15988842.553.000) 2026-02-12 11:08:30 Image size of job updated: 622228
	603  -  MemoryUsage of job (MB)
	616672  -  ResidentSetSize of job (KB)
...
