000 (15756408.820.000) 2026-02-06 11:26:59 Job submitted from host: <141.34.103.35:9618?addrs=141.34.103.35-9618+[2001-638-700-f067--1-23]-9618&alias=wgs39.zeuthen.desy.de&noUDP&sock=schedd_7414_f73f>
...
009 (15756408.820.000) 2026-02-10 11:47:38 Job was aborted.
	via condor_rm (by user tuccia)
...
000 (15951004.547.000) 2026-02-10 16:30:05 Job submitted from host: <141.34.103.35:9618?addrs=141.34.103.35-9618+[2001-638-700-f067--1-23]-9618&alias=wgs39.zeuthen.desy.de&noUDP&sock=schedd_7302_24a3>
...
001 (15951004.547.000) 2026-02-10 18:30:37 Job executing on host: <141.34.15.13:9618?addrs=141.34.15.13-9618+[2001-638-700-f00f--1-d]-9618&alias=bladej1.zeuthen.desy.de&noUDP&sock=startd_11821_cd1e>
	SlotName: slot1_7@bladej1.zeuthen.desy.de
	CondorScratchDir = "/batch/dir_2844886"
	Cpus = 1
	Disk = 1025024
	GPUs = 0
	Memory = 5120
...
006 (15951004.547.000) 2026-02-10 18:30:51 Image size of job updated: 95328
	94  -  MemoryUsage of job (MB)
	95328  -  ResidentSetSize of job (KB)
...
006 (15951004.547.000) 2026-02-10 18:35:52 Image size of job updated: 691668
	459  -  MemoryUsage of job (MB)
	469128  -  ResidentSetSize of job (KB)
...
006 (15951004.547.000) 2026-02-10 18:40:53 Image size of job updated: 691668
	553  -  MemoryUsage of job (MB)
	565708  -  ResidentSetSize of job (KB)
...
006 (15951004.547.000) 2026-02-10 18:45:53 Image size of job updated: 691668
	553  -  MemoryUsage of job (MB)
	565956  -  ResidentSetSize of job (KB)
...
006 (15951004.547.000) 2026-02-10 18:50:54 Image size of job updated: 691668
	553  -  MemoryUsage of job (MB)
	566208  -  ResidentSetSize of job (KB)
...
006 (15951004.547.000) 2026-02-10 18:55:55 Image size of job updated: 691668
	554  -  MemoryUsage of job (MB)
	566460  -  ResidentSetSize of job (KB)
...
006 (15951004.547.000) 2026-02-10 19:00:55 Image size of job updated: 691668
	554  -  MemoryUsage of job (MB)
	566708  -  ResidentSetSize of job (KB)
...
006 (15951004.547.000) 2026-02-10 19:05:55 Image size of job updated: 691668
	554  -  MemoryUsage of job (MB)
	566964  -  ResidentSetSize of job (KB)
...
006 (15951004.547.000) 2026-02-10 19:10:56 Image size of job updated: 691668
	554  -  MemoryUsage of job (MB)
	567204  -  ResidentSetSize of job (KB)
...
006 (15951004.547.000) 2026-02-10 19:15:56 Image size of job updated: 691668
	555  -  MemoryUsage of job (MB)
	567456  -  ResidentSetSize of job (KB)
...
006 (15951004.547.000) 2026-02-10 19:20:56 Image size of job updated: 691668
	555  -  MemoryUsage of job (MB)
	567704  -  ResidentSetSize of job (KB)
...
006 (15951004.547.000) 2026-02-10 19:25:57 Image size of job updated: 691668
	555  -  MemoryUsage of job (MB)
	567956  -  ResidentSetSize of job (KB)
...
006 (15951004.547.000) 2026-02-10 19:30:57 Image size of job updated: 691668
	555  -  MemoryUsage of job (MB)
	568204  -  ResidentSetSize of job (KB)
...
006 (15951004.547.000) 2026-02-10 19:35:57 Image size of job updated: 691668
	556  -  MemoryUsage of job (MB)
	568452  -  ResidentSetSize of job (KB)
...
006 (15951004.547.000) 2026-02-10 19:40:58 Image size of job updated: 691668
	556  -  MemoryUsage of job (MB)
	569268  -  ResidentSetSize of job (KB)
...
006 (15951004.547.000) 2026-02-10 19:45:58 Image size of job updated: 691668
	577  -  MemoryUsage of job (MB)
	590088  -  ResidentSetSize of job (KB)
...
006 (15951004.547.000) 2026-02-10 20:51:02 Image size of job updated: 691668
	577  -  MemoryUsage of job (MB)
	590184  -  ResidentSetSize of job (KB)
...
006 (15951004.547.000) 2026-02-10 22:01:07 Image size of job updated: 691668
	577  -  MemoryUsage of job (MB)
	590472  -  ResidentSetSize of job (KB)
...
006 (15951004.547.000) 2026-02-10 23:11:12 Image size of job updated: 691668
	577  -  MemoryUsage of job (MB)
	590740  -  ResidentSetSize of job (KB)
...
006 (15951004.547.000) 2026-02-11 00:16:21 Image size of job updated: 691668
	577  -  MemoryUsage of job (MB)
	590836  -  ResidentSetSize of job (KB)
...
006 (15951004.547.000) 2026-02-11 01:26:30 Image size of job updated: 691668
	578  -  MemoryUsage of job (MB)
	591156  -  ResidentSetSize of job (KB)
...
006 (15951004.547.000) 2026-02-11 05:56:54 Image size of job updated: 691668
	578  -  MemoryUsage of job (MB)
	591248  -  ResidentSetSize of job (KB)
...
006 (15951004.547.000) 2026-02-11 08:17:10 Image size of job updated: 691668
	578  -  MemoryUsage of job (MB)
	591528  -  ResidentSetSize of job (KB)
...
006 (15951004.547.000) 2026-02-11 09:22:16 Image size of job updated: 691668
	578  -  MemoryUsage of job (MB)
	591564  -  ResidentSetSize of job (KB)
...
