000 (15756408.793.000) 2026-02-06 11:26:59 Job submitted from host: <141.34.103.35:9618?addrs=141.34.103.35-9618+[2001-638-700-f067--1-23]-9618&alias=wgs39.zeuthen.desy.de&noUDP&sock=schedd_7414_f73f>
...
009 (15756408.793.000) 2026-02-10 11:47:37 Job was aborted.
	via condor_rm (by user tuccia)
...
000 (15951004.529.000) 2026-02-10 16:30:05 Job submitted from host: <141.34.103.35:9618?addrs=141.34.103.35-9618+[2001-638-700-f067--1-23]-9618&alias=wgs39.zeuthen.desy.de&noUDP&sock=schedd_7302_24a3>
...
001 (15951004.529.000) 2026-02-10 18:30:37 Job executing on host: <141.34.15.221:9618?addrs=141.34.15.221-9618+[2001-638-700-f00f--1-dd]-9618&alias=pizza29.zeuthen.desy.de&noUDP&sock=startd_9093_9ec2>
	SlotName: slot1_8@pizza29.zeuthen.desy.de
	CondorScratchDir = "/batch/dir_3215823"
	Cpus = 1
	Disk = 1025696
	GPUs = 0
	Memory = 5120
...
006 (15951004.529.000) 2026-02-10 18:30:51 Image size of job updated: 97412
	96  -  MemoryUsage of job (MB)
	97412  -  ResidentSetSize of job (KB)
...
006 (15951004.529.000) 2026-02-10 18:35:52 Image size of job updated: 644324
	477  -  MemoryUsage of job (MB)
	487596  -  ResidentSetSize of job (KB)
...
006 (15951004.529.000) 2026-02-10 18:40:53 Image size of job updated: 644324
	573  -  MemoryUsage of job (MB)
	586028  -  ResidentSetSize of job (KB)
...
006 (15951004.529.000) 2026-02-10 18:45:53 Image size of job updated: 644324
	573  -  MemoryUsage of job (MB)
	586308  -  ResidentSetSize of job (KB)
...
006 (15951004.529.000) 2026-02-10 18:50:54 Image size of job updated: 644324
	573  -  MemoryUsage of job (MB)
	586604  -  ResidentSetSize of job (KB)
...
006 (15951004.529.000) 2026-02-10 18:55:55 Image size of job updated: 644324
	574  -  MemoryUsage of job (MB)
	586880  -  ResidentSetSize of job (KB)
...
006 (15951004.529.000) 2026-02-10 19:00:55 Image size of job updated: 644324
	574  -  MemoryUsage of job (MB)
	587164  -  ResidentSetSize of job (KB)
...
006 (15951004.529.000) 2026-02-10 19:05:56 Image size of job updated: 644324
	574  -  MemoryUsage of job (MB)
	587452  -  ResidentSetSize of job (KB)
...
006 (15951004.529.000) 2026-02-10 19:10:57 Image size of job updated: 644324
	574  -  MemoryUsage of job (MB)
	587732  -  ResidentSetSize of job (KB)
...
006 (15951004.529.000) 2026-02-10 19:15:57 Image size of job updated: 644324
	575  -  MemoryUsage of job (MB)
	588012  -  ResidentSetSize of job (KB)
...
006 (15951004.529.000) 2026-02-10 19:20:58 Image size of job updated: 644324
	575  -  MemoryUsage of job (MB)
	588292  -  ResidentSetSize of job (KB)
...
006 (15951004.529.000) 2026-02-10 19:25:59 Image size of job updated: 644324
	575  -  MemoryUsage of job (MB)
	588572  -  ResidentSetSize of job (KB)
...
006 (15951004.529.000) 2026-02-10 19:30:59 Image size of job updated: 644324
	576  -  MemoryUsage of job (MB)
	588844  -  ResidentSetSize of job (KB)
...
006 (15951004.529.000) 2026-02-10 19:35:59 Image size of job updated: 644324
	596  -  MemoryUsage of job (MB)
	610024  -  ResidentSetSize of job (KB)
...
006 (15951004.529.000) 2026-02-10 20:41:06 Image size of job updated: 644324
	597  -  MemoryUsage of job (MB)
	610468  -  ResidentSetSize of job (KB)
...
006 (15951004.529.000) 2026-02-10 21:11:10 Image size of job updated: 644324
	599  -  MemoryUsage of job (MB)
	612512  -  ResidentSetSize of job (KB)
...
006 (15951004.529.000) 2026-02-10 21:41:13 Image size of job updated: 644324
	599  -  MemoryUsage of job (MB)
	612544  -  ResidentSetSize of job (KB)
...
006 (15951004.529.000) 2026-02-10 22:46:19 Image size of job updated: 644324
	599  -  MemoryUsage of job (MB)
	612820  -  ResidentSetSize of job (KB)
...
006 (15951004.529.000) 2026-02-10 23:46:26 Image size of job updated: 644324
	599  -  MemoryUsage of job (MB)
	612868  -  ResidentSetSize of job (KB)
...
006 (15951004.529.000) 2026-02-11 00:46:32 Image size of job updated: 644324
	599  -  MemoryUsage of job (MB)
	612924  -  ResidentSetSize of job (KB)
...
006 (15951004.529.000) 2026-02-11 01:46:37 Image size of job updated: 644324
	599  -  MemoryUsage of job (MB)
	613052  -  ResidentSetSize of job (KB)
...
006 (15951004.529.000) 2026-02-11 05:52:02 Image size of job updated: 644324
	599  -  MemoryUsage of job (MB)
	613184  -  ResidentSetSize of job (KB)
...
006 (15951004.529.000) 2026-02-11 07:57:19 Image size of job updated: 644324
	617  -  MemoryUsage of job (MB)
	631464  -  ResidentSetSize of job (KB)
...
