000 (15756408.816.000) 2026-02-06 11:26:59 Job submitted from host: <141.34.103.35:9618?addrs=141.34.103.35-9618+[2001-638-700-f067--1-23]-9618&alias=wgs39.zeuthen.desy.de&noUDP&sock=schedd_7414_f73f>
...
009 (15756408.816.000) 2026-02-10 11:47:38 Job was aborted.
	via condor_rm (by user tuccia)
...
000 (15951004.544.000) 2026-02-10 16:30:05 Job submitted from host: <141.34.103.35:9618?addrs=141.34.103.35-9618+[2001-638-700-f067--1-23]-9618&alias=wgs39.zeuthen.desy.de&noUDP&sock=schedd_7302_24a3>
...
001 (15951004.544.000) 2026-02-10 18:30:37 Job executing on host: <141.34.15.68:9618?addrs=141.34.15.68-9618+[2001-638-700-f00f--1-44]-9618&alias=bladejb.zeuthen.desy.de&noUDP&sock=startd_10195_8020>
	SlotName: slot1_15@bladejb.zeuthen.desy.de
	CondorScratchDir = "/batch/dir_1676028"
	Cpus = 1
	Disk = 1025024
	GPUs = 0
	Memory = 5120
...
006 (15951004.544.000) 2026-02-10 18:30:51 Image size of job updated: 95332
	94  -  MemoryUsage of job (MB)
	95332  -  ResidentSetSize of job (KB)
...
006 (15951004.544.000) 2026-02-10 18:35:52 Image size of job updated: 603916
	458  -  MemoryUsage of job (MB)
	468140  -  ResidentSetSize of job (KB)
...
006 (15951004.544.000) 2026-02-10 18:40:53 Image size of job updated: 603916
	482  -  MemoryUsage of job (MB)
	493552  -  ResidentSetSize of job (KB)
...
006 (15951004.544.000) 2026-02-10 18:45:53 Image size of job updated: 603916
	483  -  MemoryUsage of job (MB)
	493816  -  ResidentSetSize of job (KB)
...
006 (15951004.544.000) 2026-02-10 18:50:53 Image size of job updated: 603916
	485  -  MemoryUsage of job (MB)
	495916  -  ResidentSetSize of job (KB)
...
006 (15951004.544.000) 2026-02-10 19:00:54 Image size of job updated: 603916
	485  -  MemoryUsage of job (MB)
	495928  -  ResidentSetSize of job (KB)
...
006 (15951004.544.000) 2026-02-10 19:10:55 Image size of job updated: 603916
	485  -  MemoryUsage of job (MB)
	495932  -  ResidentSetSize of job (KB)
...
006 (15951004.544.000) 2026-02-10 20:21:01 Image size of job updated: 603916
	485  -  MemoryUsage of job (MB)
	495944  -  ResidentSetSize of job (KB)
...
006 (15951004.544.000) 2026-02-10 20:51:04 Image size of job updated: 603916
	485  -  MemoryUsage of job (MB)
	495952  -  ResidentSetSize of job (KB)
...
006 (15951004.544.000) 2026-02-10 21:36:08 Image size of job updated: 603916
	485  -  MemoryUsage of job (MB)
	495984  -  ResidentSetSize of job (KB)
...
006 (15951004.544.000) 2026-02-11 00:56:30 Image size of job updated: 603916
	485  -  MemoryUsage of job (MB)
	496156  -  ResidentSetSize of job (KB)
...
006 (15951004.544.000) 2026-02-11 01:36:33 Image size of job updated: 603916
	485  -  MemoryUsage of job (MB)
	496268  -  ResidentSetSize of job (KB)
...
006 (15951004.544.000) 2026-02-11 01:51:35 Image size of job updated: 603916
	486  -  MemoryUsage of job (MB)
	496736  -  ResidentSetSize of job (KB)
...
006 (15951004.544.000) 2026-02-11 02:46:41 Image size of job updated: 603916
	486  -  MemoryUsage of job (MB)
	497204  -  ResidentSetSize of job (KB)
...
004 (15951004.544.000) 2026-02-11 11:11:57 Job was evicted.
	(0) CPU times
		Usr 0 16:37:07, Sys 0 00:00:03  -  Run Remote Usage
		Usr 0 00:00:00, Sys 0 00:00:00  -  Run Local Usage
	0  -  Run Bytes Sent By Job
	0  -  Run Bytes Received By Job
	Partitionable Resources :    Usage  Request Allocated 
	   Cpus                 :     0.99        1         1 
	   Disk (KB)            :     1     1024000   1025024 
	   GPUs                 :                           0 
	   Memory (MB)          :   486        5120      5120 
	   TimeExecute (s)      : 60080                       
	   TimeSlotBusy (s)     : 60080                       
...
009 (15951004.544.000) 2026-02-11 11:11:57 Job was aborted.
	via condor_rm (by user tuccia)
...
000 (15988842.544.000) 2026-02-11 11:12:47 Job submitted from host: <141.34.103.35:9618?addrs=141.34.103.35-9618+[2001-638-700-f067--1-23]-9618&alias=wgs39.zeuthen.desy.de&noUDP&sock=schedd_7302_24a3>
...
001 (15988842.544.000) 2026-02-11 11:44:44 Job executing on host: <141.34.15.51:9618?addrs=141.34.15.51-9618+[2001-638-700-f00f--1-33]-9618&alias=pizza22.zeuthen.desy.de&noUDP&sock=startd_8302_0f58>
	SlotName: slot1_24@pizza22.zeuthen.desy.de
	CondorScratchDir = "/batch/dir_3393060"
	Cpus = 1
	Disk = 1025696
	GPUs = 0
	Memory = 5120
...
006 (15988842.544.000) 2026-02-11 11:44:58 Image size of job updated: 97416
	96  -  MemoryUsage of job (MB)
	97416  -  ResidentSetSize of job (KB)
...
006 (15988842.544.000) 2026-02-11 11:49:59 Image size of job updated: 819668
	464  -  MemoryUsage of job (MB)
	475076  -  ResidentSetSize of job (KB)
...
006 (15988842.544.000) 2026-02-11 11:55:00 Image size of job updated: 819668
	488  -  MemoryUsage of job (MB)
	498952  -  ResidentSetSize of job (KB)
...
006 (15988842.544.000) 2026-02-11 12:00:00 Image size of job updated: 819668
	490  -  MemoryUsage of job (MB)
	501532  -  ResidentSetSize of job (KB)
...
006 (15988842.544.000) 2026-02-11 12:05:01 Image size of job updated: 819668
	490  -  MemoryUsage of job (MB)
	501544  -  ResidentSetSize of job (KB)
...
006 (15988842.544.000) 2026-02-11 12:15:02 Image size of job updated: 819668
	490  -  MemoryUsage of job (MB)
	501580  -  ResidentSetSize of job (KB)
...
006 (15988842.544.000) 2026-02-11 13:55:11 Image size of job updated: 819668
	493  -  MemoryUsage of job (MB)
	503844  -  ResidentSetSize of job (KB)
...
006 (15988842.544.000) 2026-02-11 16:05:24 Image size of job updated: 819668
	493  -  MemoryUsage of job (MB)
	503884  -  ResidentSetSize of job (KB)
...
006 (15988842.544.000) 2026-02-11 16:10:25 Image size of job updated: 819668
	493  -  MemoryUsage of job (MB)
	504040  -  ResidentSetSize of job (KB)
...
006 (15988842.544.000) 2026-02-11 18:30:36 Image size of job updated: 819668
	493  -  MemoryUsage of job (MB)
	504084  -  ResidentSetSize of job (KB)
...
006 (15988842.544.000) 2026-02-11 18:50:38 Image size of job updated: 819668
	493  -  MemoryUsage of job (MB)
	504196  -  ResidentSetSize of job (KB)
...
006 (15988842.544.000) 2026-02-11 18:55:39 Image size of job updated: 819668
	493  -  MemoryUsage of job (MB)
	504352  -  ResidentSetSize of job (KB)
...
006 (15988842.544.000) 2026-02-12 09:32:07 Image size of job updated: 819668
	493  -  MemoryUsage of job (MB)
	504596  -  ResidentSetSize of job (KB)
...
006 (15988842.544.000) 2026-02-12 11:07:16 Image size of job updated: 819668
	493  -  MemoryUsage of job (MB)
	504752  -  ResidentSetSize of job (KB)
...
006 (15988842.544.000) 2026-02-12 18:53:02 Image size of job updated: 819668
	494  -  MemoryUsage of job (MB)
	505064  -  ResidentSetSize of job (KB)
...
021 (15988842.544.000) 2026-02-13 11:44:46 Error from starter on slot1_24@pizza22.zeuthen.desy.de:
	runtime exceeded maximum (target.Runtime seconds)
	Code 21 Subcode 103
...
004 (15988842.544.000) 2026-02-13 11:44:46 Job was evicted.
	(0) CPU times
		Usr 1 23:33:35, Sys 0 00:00:07  -  Run Remote Usage
		Usr 0 00:00:00, Sys 0 00:00:00  -  Run Local Usage
	0  -  Run Bytes Sent By Job
	0  -  Run Bytes Received By Job
	Error from slot1_24@pizza22.zeuthen.desy.de: runtime exceeded maximum (target.Runtime seconds)
	Partitionable Resources :     Usage  Request Allocated 
	   Cpus                 :      0.99        1         1 
	   Disk (KB)            :      1     1024000   1025696 
	   GPUs                 :                            0 
	   Memory (MB)          :    494        5120      5120 
	   TimeSlotBusy (s)     : 172802                       
...
012 (15988842.544.000) 2026-02-13 11:44:46 Job was held.
	Error from slot1_24@pizza22.zeuthen.desy.de: runtime exceeded maximum (target.Runtime seconds)
	Code 21 Subcode 103
...
009 (15988842.544.000) 2026-02-16 17:16:37 Job was aborted.
	via condor_rm (by user tuccia)
...
000 (16309174.172.000) 2026-02-18 10:42:58 Job submitted from host: <141.34.103.35:9618?addrs=141.34.103.35-9618+[2001-638-700-f067--1-23]-9618&alias=wgs39.zeuthen.desy.de&noUDP&sock=schedd_7302_24a3>
...
001 (16309174.172.000) 2026-02-18 10:43:17 Job executing on host: <141.34.15.180:9618?addrs=141.34.15.180-9618+[2001-638-700-f00f--1-b4]-9618&alias=genoa05.zeuthen.desy.de&noUDP&sock=startd_10367_7a6a>
	SlotName: slot1_19@genoa05.zeuthen.desy.de
	CondorScratchDir = "/batch/dir_587711"
	Cpus = 1
	Disk = 1025697
	GPUs = 0
	Memory = 5120
...
006 (16309174.172.000) 2026-02-18 10:43:30 Image size of job updated: 95448
	94  -  MemoryUsage of job (MB)
	95448  -  ResidentSetSize of job (KB)
...
006 (16309174.172.000) 2026-02-18 10:48:30 Image size of job updated: 729604
	487  -  MemoryUsage of job (MB)
	498068  -  ResidentSetSize of job (KB)
...
006 (16309174.172.000) 2026-02-18 10:53:30 Image size of job updated: 729604
	490  -  MemoryUsage of job (MB)
	500788  -  ResidentSetSize of job (KB)
...
006 (16309174.172.000) 2026-02-18 10:58:31 Image size of job updated: 729604
	490  -  MemoryUsage of job (MB)
	500812  -  ResidentSetSize of job (KB)
...
006 (16309174.172.000) 2026-02-18 11:03:31 Image size of job updated: 729604
	490  -  MemoryUsage of job (MB)
	500820  -  ResidentSetSize of job (KB)
...
006 (16309174.172.000) 2026-02-18 11:23:32 Image size of job updated: 729604
	490  -  MemoryUsage of job (MB)
	500832  -  ResidentSetSize of job (KB)
...
006 (16309174.172.000) 2026-02-18 11:43:34 Image size of job updated: 729604
	490  -  MemoryUsage of job (MB)
	500844  -  ResidentSetSize of job (KB)
...
006 (16309174.172.000) 2026-02-18 11:58:35 Image size of job updated: 729604
	490  -  MemoryUsage of job (MB)
	500936  -  ResidentSetSize of job (KB)
...
006 (16309174.172.000) 2026-02-18 12:03:35 Image size of job updated: 729604
	490  -  MemoryUsage of job (MB)
	501032  -  ResidentSetSize of job (KB)
...
006 (16309174.172.000) 2026-02-18 12:13:36 Image size of job updated: 729604
	490  -  MemoryUsage of job (MB)
	501136  -  ResidentSetSize of job (KB)
...
006 (16309174.172.000) 2026-02-18 12:18:36 Image size of job updated: 729604
	490  -  MemoryUsage of job (MB)
	501448  -  ResidentSetSize of job (KB)
...
006 (16309174.172.000) 2026-02-18 12:23:36 Image size of job updated: 729604
	490  -  MemoryUsage of job (MB)
	501492  -  ResidentSetSize of job (KB)
...
006 (16309174.172.000) 2026-02-18 13:23:43 Image size of job updated: 729604
	490  -  MemoryUsage of job (MB)
	501604  -  ResidentSetSize of job (KB)
...
006 (16309174.172.000) 2026-02-18 15:08:57 Image size of job updated: 729604
	490  -  MemoryUsage of job (MB)
	501760  -  ResidentSetSize of job (KB)
...
006 (16309174.172.000) 2026-02-19 02:20:04 Image size of job updated: 729604
	491  -  MemoryUsage of job (MB)
	502008  -  ResidentSetSize of job (KB)
...
006 (16309174.172.000) 2026-02-19 05:00:23 Image size of job updated: 729604
	491  -  MemoryUsage of job (MB)
	502380  -  ResidentSetSize of job (KB)
...
006 (16309174.172.000) 2026-02-19 05:05:24 Image size of job updated: 729604
	491  -  MemoryUsage of job (MB)
	502536  -  ResidentSetSize of job (KB)
...
006 (16309174.172.000) 2026-02-19 07:45:37 Image size of job updated: 729604
	492  -  MemoryUsage of job (MB)
	503316  -  ResidentSetSize of job (KB)
...
022 (16309174.172.000) 2026-02-20 03:44:37 Job disconnected, attempting to reconnect
    Local schedd and job shadow died, schedd now running again
    Trying to reconnect to slot1_19@genoa05.zeuthen.desy.de <141.34.15.180:9618?addrs=141.34.15.180-9618+[2001-638-700-f00f--1-b4]-9618&alias=genoa05.zeuthen.desy.de&noUDP&sock=startd_10367_7a6a>
...
023 (16309174.172.000) 2026-02-20 03:44:45 Job reconnected to slot1_19@genoa05.zeuthen.desy.de
    startd address: <141.34.15.180:9618?addrs=141.34.15.180-9618+[2001-638-700-f00f--1-b4]-9618&alias=genoa05.zeuthen.desy.de&noUDP&sock=startd_10367_7a6a>
    starter address: <141.34.15.180:9618?addrs=141.34.15.180-9618+[2001-638-700-f00f--1-b4]-9618&alias=genoa05.zeuthen.desy.de&noUDP&sock=slot1_19_10951_b856_30733>
...
004 (16309174.172.000) 2026-02-20 10:33:20 Job was evicted.
	(0) CPU times
		Usr 1 23:23:14, Sys 0 00:00:17  -  Run Remote Usage
		Usr 0 00:00:00, Sys 0 00:00:00  -  Run Local Usage
	0  -  Run Bytes Sent By Job
	0  -  Run Bytes Received By Job
	Partitionable Resources :         Usage  Request Allocated 
	   Cpus                 :          0.99        1         1 
	   Disk (KB)            :          1     1024000   1025697 
	   Memory (MB)          :        733        5120      5120 
	   TimeExecute (s)      : 1771579997                       
	   TimeSlotBusy (s)     : 1771579998                       
...
001 (16309174.172.000) 2026-02-20 10:34:02 Job executing on host: <141.34.15.77:9618?addrs=141.34.15.77-9618+[2001-638-700-f00f--1-4d]-9618&alias=bladek4.zeuthen.desy.de&noUDP&sock=startd_10983_00c1>
	SlotName: slot1_4@bladek4.zeuthen.desy.de
	CondorScratchDir = "/batch/dir_4062178"
	Cpus = 1
	Disk = 1025024
	GPUs = 0
	Memory = 5120
...
006 (16309174.172.000) 2026-02-20 10:39:15 Image size of job updated: 781960
	733  -  MemoryUsage of job (MB)
	750000  -  ResidentSetSize of job (KB)
...
021 (16309174.172.000) 2026-02-22 10:34:07 Error from starter on slot1_4@bladek4.zeuthen.desy.de:
	runtime exceeded maximum (target.Runtime seconds)
	Code 21 Subcode 103
...
004 (16309174.172.000) 2026-02-22 10:34:07 Job was evicted.
	(0) CPU times
		Usr 1 23:49:50, Sys 0 00:00:05  -  Run Remote Usage
		Usr 0 00:00:00, Sys 0 00:00:00  -  Run Local Usage
	0  -  Run Bytes Sent By Job
	0  -  Run Bytes Received By Job
	Error from slot1_4@bladek4.zeuthen.desy.de: runtime exceeded maximum (target.Runtime seconds)
	Partitionable Resources :         Usage  Request Allocated 
	   Cpus                 :          1.00        1         1 
	   Disk (KB)            :          1     1024000   1025024 
	   GPUs                 :                                0 
	   Memory (MB)          :        733        5120      5120 
	   TimeExecute (s)      : 1771579997                       
	   TimeSlotBusy (s)     :     172805                       
...
012 (16309174.172.000) 2026-02-22 10:34:07 Job was held.
	Error from slot1_4@bladek4.zeuthen.desy.de: runtime exceeded maximum (target.Runtime seconds)
	Code 21 Subcode 103
...
009 (16309174.172.000) 2026-02-23 19:29:13 Job was aborted.
	via condor_rm (by user tuccia)
...
000 (16619852.172.000) 2026-02-23 19:30:03 Job submitted from host: <141.34.103.35:9618?addrs=141.34.103.35-9618+[2001-638-700-f067--1-23]-9618&alias=wgs39.zeuthen.desy.de&noUDP&sock=schedd_7302_24a3>
...
001 (16619852.172.000) 2026-02-23 19:30:24 Job executing on host: <141.34.14.37:9618?addrs=141.34.14.37-9618+[2001-638-700-f00e--1-25]-9618&alias=amphion.zeuthen.desy.de&noUDP&sock=startd_8755_c7bf>
	SlotName: slot1_56@amphion.zeuthen.desy.de
	AvailableGPUs = {  }
	CondorScratchDir = "/batch/dir_445133"
	Cpus = 1
	Disk = 1025682
	GPUs = 0
	Memory = 5120
...
006 (16619852.172.000) 2026-02-23 19:30:37 Image size of job updated: 97428
	96  -  MemoryUsage of job (MB)
	97428  -  ResidentSetSize of job (KB)
...
006 (16619852.172.000) 2026-02-23 19:35:37 Image size of job updated: 658996
	486  -  MemoryUsage of job (MB)
	496648  -  ResidentSetSize of job (KB)
...
006 (16619852.172.000) 2026-02-23 19:40:37 Image size of job updated: 658996
	488  -  MemoryUsage of job (MB)
	499312  -  ResidentSetSize of job (KB)
...
006 (16619852.172.000) 2026-02-23 19:45:38 Image size of job updated: 658996
	488  -  MemoryUsage of job (MB)
	499316  -  ResidentSetSize of job (KB)
...
006 (16619852.172.000) 2026-02-23 21:25:49 Image size of job updated: 658996
	488  -  MemoryUsage of job (MB)
	499340  -  ResidentSetSize of job (KB)
...
006 (16619852.172.000) 2026-02-23 22:00:53 Image size of job updated: 658996
	488  -  MemoryUsage of job (MB)
	499440  -  ResidentSetSize of job (KB)
...
006 (16619852.172.000) 2026-02-23 22:35:55 Image size of job updated: 658996
	488  -  MemoryUsage of job (MB)
	499496  -  ResidentSetSize of job (KB)
...
006 (16619852.172.000) 2026-02-23 22:45:56 Image size of job updated: 658996
	488  -  MemoryUsage of job (MB)
	499596  -  ResidentSetSize of job (KB)
...
006 (16619852.172.000) 2026-02-23 23:46:00 Image size of job updated: 658996
	488  -  MemoryUsage of job (MB)
	499708  -  ResidentSetSize of job (KB)
...
006 (16619852.172.000) 2026-02-24 00:11:01 Image size of job updated: 658996
	490  -  MemoryUsage of job (MB)
	501588  -  ResidentSetSize of job (KB)
...
006 (16619852.172.000) 2026-02-24 01:06:08 Image size of job updated: 658996
	490  -  MemoryUsage of job (MB)
	501632  -  ResidentSetSize of job (KB)
...
006 (16619852.172.000) 2026-02-24 01:31:11 Image size of job updated: 658996
	490  -  MemoryUsage of job (MB)
	501744  -  ResidentSetSize of job (KB)
...
006 (16619852.172.000) 2026-02-24 04:21:26 Image size of job updated: 658996
	491  -  MemoryUsage of job (MB)
	501824  -  ResidentSetSize of job (KB)
...
022 (16619852.172.000) 2026-02-24 08:04:09 Job disconnected, attempting to reconnect
    Local schedd and job shadow died, schedd now running again
    Trying to reconnect to slot1_56@amphion.zeuthen.desy.de <141.34.14.37:9618?addrs=141.34.14.37-9618+[2001-638-700-f00e--1-25]-9618&alias=amphion.zeuthen.desy.de&noUDP&sock=startd_8755_c7bf>
...
023 (16619852.172.000) 2026-02-24 08:04:19 Job reconnected to slot1_56@amphion.zeuthen.desy.de
    startd address: <141.34.14.37:9618?addrs=141.34.14.37-9618+[2001-638-700-f00e--1-25]-9618&alias=amphion.zeuthen.desy.de&noUDP&sock=startd_8755_c7bf>
    starter address: <141.34.14.37:9618?addrs=141.34.14.37-9618+[2001-638-700-f00e--1-25]-9618&alias=amphion.zeuthen.desy.de&noUDP&sock=slot1_56_9319_d414_34359>
...
005 (16619852.172.000) 2026-02-28 03:03:05 Job terminated.
	(1) Normal termination (return value 0)
		Usr 4 06:03:56, Sys 0 00:02:57  -  Run Remote Usage
		Usr 0 00:00:00, Sys 0 00:00:00  -  Run Local Usage
		Usr 4 18:05:15, Sys 0 00:03:04  -  Total Remote Usage
		Usr 0 00:00:00, Sys 0 00:00:00  -  Total Local Usage
	0  -  Run Bytes Sent By Job
	0  -  Run Bytes Received By Job
	0  -  Total Bytes Sent By Job
	0  -  Total Bytes Received By Job
	Partitionable Resources :         Usage  Request Allocated 
	   Cpus                 :          0.99        1         1 
	   Disk (KB)            :          1     1024000   1025682 
	   Memory (MB)          :        733        5120      5120 
	   TimeExecute (s)      : 1772244185                       
	   TimeSlotBusy (s)     : 1772244185                       

	Job terminated of its own accord at 2026-02-28T02:03:05Z with exit-code 0.
...
