000 (15756408.712.000) 2026-02-06 11:26:58 Job submitted from host: <141.34.103.35:9618?addrs=141.34.103.35-9618+[2001-638-700-f067--1-23]-9618&alias=wgs39.zeuthen.desy.de&noUDP&sock=schedd_7414_f73f>
...
009 (15756408.712.000) 2026-02-10 11:47:36 Job was aborted.
	via condor_rm (by user tuccia)
...
000 (15951004.475.000) 2026-02-10 16:30:04 Job submitted from host: <141.34.103.35:9618?addrs=141.34.103.35-9618+[2001-638-700-f067--1-23]-9618&alias=wgs39.zeuthen.desy.de&noUDP&sock=schedd_7302_24a3>
...
001 (15951004.475.000) 2026-02-10 18:29:52 Job executing on host: <141.34.15.74:9618?addrs=141.34.15.74-9618+[2001-638-700-f00f--1-4a]-9618&alias=bladek1.zeuthen.desy.de&noUDP&sock=startd_12013_7f4d>
	SlotName: slot1_7@bladek1.zeuthen.desy.de
	CondorScratchDir = "/batch/dir_3203154"
	Cpus = 1
	Disk = 1025024
	GPUs = 0
	Memory = 5120
...
006 (15951004.475.000) 2026-02-10 18:30:05 Image size of job updated: 95304
	94  -  MemoryUsage of job (MB)
	95304  -  ResidentSetSize of job (KB)
...
006 (15951004.475.000) 2026-02-10 18:35:05 Image size of job updated: 827200
	458  -  MemoryUsage of job (MB)
	468076  -  ResidentSetSize of job (KB)
...
006 (15951004.475.000) 2026-02-10 18:40:05 Image size of job updated: 827200
	553  -  MemoryUsage of job (MB)
	565896  -  ResidentSetSize of job (KB)
...
006 (15951004.475.000) 2026-02-10 18:45:06 Image size of job updated: 827200
	554  -  MemoryUsage of job (MB)
	566372  -  ResidentSetSize of job (KB)
...
006 (15951004.475.000) 2026-02-10 18:50:06 Image size of job updated: 827200
	554  -  MemoryUsage of job (MB)
	566628  -  ResidentSetSize of job (KB)
...
006 (15951004.475.000) 2026-02-10 18:55:06 Image size of job updated: 827200
	554  -  MemoryUsage of job (MB)
	566884  -  ResidentSetSize of job (KB)
...
006 (15951004.475.000) 2026-02-10 19:00:08 Image size of job updated: 827200
	554  -  MemoryUsage of job (MB)
	567136  -  ResidentSetSize of job (KB)
...
006 (15951004.475.000) 2026-02-10 19:05:08 Image size of job updated: 827200
	555  -  MemoryUsage of job (MB)
	567388  -  ResidentSetSize of job (KB)
...
006 (15951004.475.000) 2026-02-10 19:10:08 Image size of job updated: 827200
	555  -  MemoryUsage of job (MB)
	567660  -  ResidentSetSize of job (KB)
...
006 (15951004.475.000) 2026-02-10 19:15:09 Image size of job updated: 827200
	555  -  MemoryUsage of job (MB)
	567908  -  ResidentSetSize of job (KB)
...
006 (15951004.475.000) 2026-02-10 19:20:10 Image size of job updated: 827200
	555  -  MemoryUsage of job (MB)
	568156  -  ResidentSetSize of job (KB)
...
006 (15951004.475.000) 2026-02-10 19:25:10 Image size of job updated: 827200
	556  -  MemoryUsage of job (MB)
	568412  -  ResidentSetSize of job (KB)
...
006 (15951004.475.000) 2026-02-10 19:30:11 Image size of job updated: 827200
	556  -  MemoryUsage of job (MB)
	568672  -  ResidentSetSize of job (KB)
...
006 (15951004.475.000) 2026-02-10 19:35:12 Image size of job updated: 827200
	556  -  MemoryUsage of job (MB)
	568916  -  ResidentSetSize of job (KB)
...
006 (15951004.475.000) 2026-02-10 19:40:12 Image size of job updated: 827200
	556  -  MemoryUsage of job (MB)
	569168  -  ResidentSetSize of job (KB)
...
006 (15951004.475.000) 2026-02-10 19:45:13 Image size of job updated: 827200
	577  -  MemoryUsage of job (MB)
	589904  -  ResidentSetSize of job (KB)
...
006 (15951004.475.000) 2026-02-10 20:55:19 Image size of job updated: 827200
	579  -  MemoryUsage of job (MB)
	592128  -  ResidentSetSize of job (KB)
...
006 (15951004.475.000) 2026-02-10 22:05:27 Image size of job updated: 827200
	579  -  MemoryUsage of job (MB)
	592228  -  ResidentSetSize of job (KB)
...
006 (15951004.475.000) 2026-02-10 23:15:32 Image size of job updated: 827200
	579  -  MemoryUsage of job (MB)
	592248  -  ResidentSetSize of job (KB)
...
006 (15951004.475.000) 2026-02-11 00:25:41 Image size of job updated: 827200
	579  -  MemoryUsage of job (MB)
	592556  -  ResidentSetSize of job (KB)
...
006 (15951004.475.000) 2026-02-11 01:35:48 Image size of job updated: 827200
	579  -  MemoryUsage of job (MB)
	592596  -  ResidentSetSize of job (KB)
...
006 (15951004.475.000) 2026-02-11 02:40:56 Image size of job updated: 827200
	579  -  MemoryUsage of job (MB)
	592892  -  ResidentSetSize of job (KB)
...
006 (15951004.475.000) 2026-02-11 03:51:01 Image size of job updated: 827200
	580  -  MemoryUsage of job (MB)
	592912  -  ResidentSetSize of job (KB)
...
006 (15951004.475.000) 2026-02-11 05:01:10 Image size of job updated: 827200
	580  -  MemoryUsage of job (MB)
	593216  -  ResidentSetSize of job (KB)
...
006 (15951004.475.000) 2026-02-11 06:11:16 Image size of job updated: 827200
	580  -  MemoryUsage of job (MB)
	593264  -  ResidentSetSize of job (KB)
...
006 (15951004.475.000) 2026-02-11 07:21:23 Image size of job updated: 827200
	580  -  MemoryUsage of job (MB)
	593584  -  ResidentSetSize of job (KB)
...
006 (15951004.475.000) 2026-02-11 08:31:32 Image size of job updated: 827200
	581  -  MemoryUsage of job (MB)
	594160  -  ResidentSetSize of job (KB)
...
