000 (15756408.871.000) 2026-02-06 11:26:59 Job submitted from host: <141.34.103.35:9618?addrs=141.34.103.35-9618+[2001-638-700-f067--1-23]-9618&alias=wgs39.zeuthen.desy.de&noUDP&sock=schedd_7414_f73f>
...
009 (15756408.871.000) 2026-02-10 11:47:39 Job was aborted.
	via condor_rm (by user tuccia)
...
000 (15951004.581.000) 2026-02-10 16:30:05 Job submitted from host: <141.34.103.35:9618?addrs=141.34.103.35-9618+[2001-638-700-f067--1-23]-9618&alias=wgs39.zeuthen.desy.de&noUDP&sock=schedd_7302_24a3>
...
001 (15951004.581.000) 2026-02-10 18:51:23 Job executing on host: <141.34.15.86:9618?addrs=141.34.15.86-9618+[2001-638-700-f00f--1-56]-9618&alias=genoa10.zeuthen.desy.de&noUDP&sock=startd_10124_cce6>
	SlotName: slot1_25@genoa10.zeuthen.desy.de
	CondorScratchDir = "/batch/dir_581040"
	Cpus = 1
	Disk = 1025681
	GPUs = 0
	Memory = 5120
...
006 (15951004.581.000) 2026-02-10 18:51:36 Image size of job updated: 95412
	94  -  MemoryUsage of job (MB)
	95412  -  ResidentSetSize of job (KB)
...
006 (15951004.581.000) 2026-02-10 18:56:36 Image size of job updated: 573396
	560  -  MemoryUsage of job (MB)
	573396  -  ResidentSetSize of job (KB)
...
006 (15951004.581.000) 2026-02-10 19:01:37 Image size of job updated: 573844
	561  -  MemoryUsage of job (MB)
	573844  -  ResidentSetSize of job (KB)
...
006 (15951004.581.000) 2026-02-10 19:06:38 Image size of job updated: 574380
	561  -  MemoryUsage of job (MB)
	574380  -  ResidentSetSize of job (KB)
...
006 (15951004.581.000) 2026-02-10 19:11:38 Image size of job updated: 574744
	562  -  MemoryUsage of job (MB)
	574744  -  ResidentSetSize of job (KB)
...
006 (15951004.581.000) 2026-02-10 19:16:39 Image size of job updated: 575164
	562  -  MemoryUsage of job (MB)
	575164  -  ResidentSetSize of job (KB)
...
006 (15951004.581.000) 2026-02-10 19:21:40 Image size of job updated: 575592
	563  -  MemoryUsage of job (MB)
	575592  -  ResidentSetSize of job (KB)
...
006 (15951004.581.000) 2026-02-10 19:26:40 Image size of job updated: 576056
	563  -  MemoryUsage of job (MB)
	576056  -  ResidentSetSize of job (KB)
...
006 (15951004.581.000) 2026-02-10 19:31:41 Image size of job updated: 576492
	563  -  MemoryUsage of job (MB)
	576492  -  ResidentSetSize of job (KB)
...
006 (15951004.581.000) 2026-02-10 19:36:42 Image size of job updated: 608412
	584  -  MemoryUsage of job (MB)
	597316  -  ResidentSetSize of job (KB)
...
006 (15951004.581.000) 2026-02-10 20:16:45 Image size of job updated: 621124
	589  -  MemoryUsage of job (MB)
	602176  -  ResidentSetSize of job (KB)
...
006 (15951004.581.000) 2026-02-10 20:51:49 Image size of job updated: 621124
	589  -  MemoryUsage of job (MB)
	602460  -  ResidentSetSize of job (KB)
...
006 (15951004.581.000) 2026-02-10 21:31:53 Image size of job updated: 621904
	589  -  MemoryUsage of job (MB)
	602744  -  ResidentSetSize of job (KB)
...
006 (15951004.581.000) 2026-02-10 22:11:59 Image size of job updated: 623540
	590  -  MemoryUsage of job (MB)
	603344  -  ResidentSetSize of job (KB)
...
006 (15951004.581.000) 2026-02-10 22:52:01 Image size of job updated: 623540
	590  -  MemoryUsage of job (MB)
	603392  -  ResidentSetSize of job (KB)
...
006 (15951004.581.000) 2026-02-11 00:47:13 Image size of job updated: 623732
	590  -  MemoryUsage of job (MB)
	603392  -  ResidentSetSize of job (KB)
...
006 (15951004.581.000) 2026-02-11 01:27:16 Image size of job updated: 623732
	590  -  MemoryUsage of job (MB)
	603540  -  ResidentSetSize of job (KB)
...
006 (15951004.581.000) 2026-02-11 02:07:22 Image size of job updated: 623732
	590  -  MemoryUsage of job (MB)
	603588  -  ResidentSetSize of job (KB)
...
006 (15951004.581.000) 2026-02-11 02:42:24 Image size of job updated: 623732
	590  -  MemoryUsage of job (MB)
	603636  -  ResidentSetSize of job (KB)
...
006 (15951004.581.000) 2026-02-11 03:22:27 Image size of job updated: 623732
	590  -  MemoryUsage of job (MB)
	603816  -  ResidentSetSize of job (KB)
...
006 (15951004.581.000) 2026-02-11 04:42:36 Image size of job updated: 623732
	590  -  MemoryUsage of job (MB)
	603836  -  ResidentSetSize of job (KB)
...
006 (15951004.581.000) 2026-02-11 05:22:39 Image size of job updated: 623732
	590  -  MemoryUsage of job (MB)
	604100  -  ResidentSetSize of job (KB)
...
006 (15951004.581.000) 2026-02-11 06:02:45 Image size of job updated: 623732
	605  -  MemoryUsage of job (MB)
	618840  -  ResidentSetSize of job (KB)
...
006 (15951004.581.000) 2026-02-11 08:07:55 Image size of job updated: 623732
	607  -  MemoryUsage of job (MB)
	620672  -  ResidentSetSize of job (KB)
...
006 (15951004.581.000) 2026-02-11 09:33:05 Image size of job updated: 623984
	607  -  MemoryUsage of job (MB)
	620672  -  ResidentSetSize of job (KB)
...
