000 (15756407.729.000) 2026-02-06 11:26:12 Job submitted from host: <141.34.103.35:9618?addrs=141.34.103.35-9618+[2001-638-700-f067--1-23]-9618&alias=wgs39.zeuthen.desy.de&noUDP&sock=schedd_7414_f73f>
...
009 (15756407.729.000) 2026-02-10 11:42:41 Job was aborted.
	via condor_rm (by user tuccia)
...
000 (15949294.486.000) 2026-02-10 11:45:21 Job submitted from host: <141.34.103.35:9618?addrs=141.34.103.35-9618+[2001-638-700-f067--1-23]-9618&alias=wgs39.zeuthen.desy.de&noUDP&sock=schedd_7302_24a3>
...
009 (15949294.486.000) 2026-02-10 11:45:47 Job was aborted.
	via condor_rm (by user tuccia)
...
000 (15949295.486.000) 2026-02-10 11:46:05 Job submitted from host: <141.34.103.35:9618?addrs=141.34.103.35-9618+[2001-638-700-f067--1-23]-9618&alias=wgs39.zeuthen.desy.de&noUDP&sock=schedd_7302_24a3>
...
001 (15949295.486.000) 2026-02-12 11:57:45 Job executing on host: <141.34.15.201:9618?addrs=141.34.15.201-9618+[2001-638-700-f00f--1-c9]-9618&alias=pizza03.zeuthen.desy.de&noUDP&sock=startd_9148_5877>
	SlotName: slot1_6@pizza03.zeuthen.desy.de
	CondorScratchDir = "/batch/dir_3702082"
	Cpus = 8
	Disk = 1025696
	GPUs = 0
	Memory = 16384
...
006 (15949295.486.000) 2026-02-12 11:57:59 Image size of job updated: 97584
	96  -  MemoryUsage of job (MB)
	97584  -  ResidentSetSize of job (KB)
...
006 (15949295.486.000) 2026-02-12 12:03:00 Image size of job updated: 587276
	574  -  MemoryUsage of job (MB)
	587276  -  ResidentSetSize of job (KB)
...
006 (15949295.486.000) 2026-02-12 12:08:00 Image size of job updated: 615448
	602  -  MemoryUsage of job (MB)
	615448  -  ResidentSetSize of job (KB)
...
006 (15949295.486.000) 2026-02-12 12:13:01 Image size of job updated: 622240
	608  -  MemoryUsage of job (MB)
	622240  -  ResidentSetSize of job (KB)
...
006 (15949295.486.000) 2026-02-12 12:18:02 Image size of job updated: 625868
	612  -  MemoryUsage of job (MB)
	625868  -  ResidentSetSize of job (KB)
...
006 (15949295.486.000) 2026-02-12 12:23:02 Image size of job updated: 644040
	629  -  MemoryUsage of job (MB)
	644040  -  ResidentSetSize of job (KB)
...
006 (15949295.486.000) 2026-02-12 12:28:03 Image size of job updated: 663028
	648  -  MemoryUsage of job (MB)
	663028  -  ResidentSetSize of job (KB)
...
006 (15949295.486.000) 2026-02-12 12:33:04 Image size of job updated: 663456
	648  -  MemoryUsage of job (MB)
	663456  -  ResidentSetSize of job (KB)
...
006 (15949295.486.000) 2026-02-12 12:38:04 Image size of job updated: 689812
	674  -  MemoryUsage of job (MB)
	689812  -  ResidentSetSize of job (KB)
...
006 (15949295.486.000) 2026-02-12 12:53:06 Image size of job updated: 698020
	682  -  MemoryUsage of job (MB)
	698020  -  ResidentSetSize of job (KB)
...
006 (15949295.486.000) 2026-02-12 12:58:07 Image size of job updated: 699180
	683  -  MemoryUsage of job (MB)
	698668  -  ResidentSetSize of job (KB)
...
006 (15949295.486.000) 2026-02-12 13:38:12 Image size of job updated: 798164
	683  -  MemoryUsage of job (MB)
	698668  -  ResidentSetSize of job (KB)
...
006 (15949295.486.000) 2026-02-12 13:43:13 Image size of job updated: 798164
	766  -  MemoryUsage of job (MB)
	783868  -  ResidentSetSize of job (KB)
...
006 (15949295.486.000) 2026-02-12 13:48:14 Image size of job updated: 798844
	766  -  MemoryUsage of job (MB)
	783868  -  ResidentSetSize of job (KB)
...
006 (15949295.486.000) 2026-02-12 13:58:15 Image size of job updated: 798844
	770  -  MemoryUsage of job (MB)
	787928  -  ResidentSetSize of job (KB)
...
006 (15949295.486.000) 2026-02-12 14:03:16 Image size of job updated: 798844
	776  -  MemoryUsage of job (MB)
	794056  -  ResidentSetSize of job (KB)
...
006 (15949295.486.000) 2026-02-12 15:13:25 Image size of job updated: 798844
	781  -  MemoryUsage of job (MB)
	798728  -  ResidentSetSize of job (KB)
...
006 (15949295.486.000) 2026-02-12 15:43:28 Image size of job updated: 798936
	781  -  MemoryUsage of job (MB)
	798728  -  ResidentSetSize of job (KB)
...
006 (15949295.486.000) 2026-02-12 15:53:28 Image size of job updated: 800088
	781  -  MemoryUsage of job (MB)
	798728  -  ResidentSetSize of job (KB)
...
006 (15949295.486.000) 2026-02-12 16:23:30 Image size of job updated: 800088
	781  -  MemoryUsage of job (MB)
	799324  -  ResidentSetSize of job (KB)
...
006 (15949295.486.000) 2026-02-12 16:28:31 Image size of job updated: 800988
	783  -  MemoryUsage of job (MB)
	800988  -  ResidentSetSize of job (KB)
...
006 (15949295.486.000) 2026-02-12 16:38:31 Image size of job updated: 801076
	783  -  MemoryUsage of job (MB)
	801076  -  ResidentSetSize of job (KB)
...
006 (15949295.486.000) 2026-02-12 16:43:32 Image size of job updated: 801464
	783  -  MemoryUsage of job (MB)
	801076  -  ResidentSetSize of job (KB)
...
006 (15949295.486.000) 2026-02-12 16:53:32 Image size of job updated: 801528
	783  -  MemoryUsage of job (MB)
	801076  -  ResidentSetSize of job (KB)
...
006 (15949295.486.000) 2026-02-12 17:28:35 Image size of job updated: 801724
	783  -  MemoryUsage of job (MB)
	801076  -  ResidentSetSize of job (KB)
...
006 (15949295.486.000) 2026-02-12 17:43:36 Image size of job updated: 801868
	783  -  MemoryUsage of job (MB)
	801076  -  ResidentSetSize of job (KB)
...
006 (15949295.486.000) 2026-02-12 18:08:39 Image size of job updated: 802640
	783  -  MemoryUsage of job (MB)
	801076  -  ResidentSetSize of job (KB)
...
006 (15949295.486.000) 2026-02-12 19:18:48 Image size of job updated: 803788
	783  -  MemoryUsage of job (MB)
	801076  -  ResidentSetSize of job (KB)
...
006 (15949295.486.000) 2026-02-12 19:48:51 Image size of job updated: 804504
	783  -  MemoryUsage of job (MB)
	801076  -  ResidentSetSize of job (KB)
...
006 (15949295.486.000) 2026-02-12 20:08:53 Image size of job updated: 804936
	783  -  MemoryUsage of job (MB)
	801076  -  ResidentSetSize of job (KB)
...
006 (15949295.486.000) 2026-02-12 20:38:55 Image size of job updated: 805860
	783  -  MemoryUsage of job (MB)
	801076  -  ResidentSetSize of job (KB)
...
006 (15949295.486.000) 2026-02-12 21:38:59 Image size of job updated: 805860
	784  -  MemoryUsage of job (MB)
	802076  -  ResidentSetSize of job (KB)
...
006 (15949295.486.000) 2026-02-12 23:54:11 Image size of job updated: 806592
	784  -  MemoryUsage of job (MB)
	802076  -  ResidentSetSize of job (KB)
...
006 (15949295.486.000) 2026-02-13 03:09:32 Image size of job updated: 806592
	784  -  MemoryUsage of job (MB)
	802344  -  ResidentSetSize of job (KB)
...
006 (15949295.486.000) 2026-02-13 05:29:44 Image size of job updated: 806592
	787  -  MemoryUsage of job (MB)
	805356  -  ResidentSetSize of job (KB)
...
006 (15949295.486.000) 2026-02-13 10:00:10 Image size of job updated: 806592
	788  -  MemoryUsage of job (MB)
	806040  -  ResidentSetSize of job (KB)
...
006 (15949295.486.000) 2026-02-13 14:35:38 Image size of job updated: 806668
	788  -  MemoryUsage of job (MB)
	806040  -  ResidentSetSize of job (KB)
...
006 (15949295.486.000) 2026-02-13 14:45:39 Image size of job updated: 806748
	788  -  MemoryUsage of job (MB)
	806748  -  ResidentSetSize of job (KB)
...
006 (15949295.486.000) 2026-02-13 16:10:48 Image size of job updated: 806876
	788  -  MemoryUsage of job (MB)
	806748  -  ResidentSetSize of job (KB)
...
006 (15949295.486.000) 2026-02-13 16:15:48 Image size of job updated: 807488
	788  -  MemoryUsage of job (MB)
	806748  -  ResidentSetSize of job (KB)
...
005 (15949295.486.000) 2026-02-13 21:08:47 Job terminated.
	(1) Normal termination (return value 0)
		Usr 3 10:22:40, Sys 0 11:07:02  -  Run Remote Usage
		Usr 0 00:00:00, Sys 0 00:00:00  -  Run Local Usage
		Usr 3 10:22:40, Sys 0 11:07:02  -  Total Remote Usage
		Usr 0 00:00:00, Sys 0 00:00:00  -  Total Local Usage
	0  -  Run Bytes Sent By Job
	0  -  Run Bytes Received By Job
	0  -  Total Bytes Sent By Job
	0  -  Total Bytes Received By Job
	Partitionable Resources :     Usage  Request Allocated 
	   Cpus                 :      0.99        8         8 
	   Disk (KB)            :      1     1024000   1025696 
	   GPUs                 :                            0 
	   Memory (MB)          :    788       16384     16384 
	   TimeExecute (s)      : 119462                       
	   TimeSlotBusy (s)     : 119462                       

	Job terminated of its own accord at 2026-02-13T20:08:47Z with exit-code 0.
...
