000 (15756408.633.000) 2026-02-06 11:26:58 Job submitted from host: <141.34.103.35:9618?addrs=141.34.103.35-9618+[2001-638-700-f067--1-23]-9618&alias=wgs39.zeuthen.desy.de&noUDP&sock=schedd_7414_f73f>
...
009 (15756408.633.000) 2026-02-10 11:47:35 Job was aborted.
	via condor_rm (by user tuccia)
...
000 (15951004.422.000) 2026-02-10 16:30:04 Job submitted from host: <141.34.103.35:9618?addrs=141.34.103.35-9618+[2001-638-700-f067--1-23]-9618&alias=wgs39.zeuthen.desy.de&noUDP&sock=schedd_7302_24a3>
...
001 (15951004.422.000) 2026-02-10 18:29:53 Job executing on host: <141.34.15.51:9618?addrs=141.34.15.51-9618+[2001-638-700-f00f--1-33]-9618&alias=pizza22.zeuthen.desy.de&noUDP&sock=startd_8302_0f58>
	SlotName: slot1_18@pizza22.zeuthen.desy.de
	CondorScratchDir = "/batch/dir_2962369"
	Cpus = 1
	Disk = 1025696
	GPUs = 0
	Memory = 5120
...
006 (15951004.422.000) 2026-02-10 18:30:06 Image size of job updated: 97420
	96  -  MemoryUsage of job (MB)
	97420  -  ResidentSetSize of job (KB)
...
006 (15951004.422.000) 2026-02-10 18:35:06 Image size of job updated: 511216
	482  -  MemoryUsage of job (MB)
	493276  -  ResidentSetSize of job (KB)
...
006 (15951004.422.000) 2026-02-10 18:40:07 Image size of job updated: 515864
	504  -  MemoryUsage of job (MB)
	515864  -  ResidentSetSize of job (KB)
...
006 (15951004.422.000) 2026-02-10 18:45:08 Image size of job updated: 515964
	504  -  MemoryUsage of job (MB)
	515964  -  ResidentSetSize of job (KB)
...
006 (15951004.422.000) 2026-02-10 18:50:08 Image size of job updated: 515968
	504  -  MemoryUsage of job (MB)
	515968  -  ResidentSetSize of job (KB)
...
006 (15951004.422.000) 2026-02-10 18:55:09 Image size of job updated: 520004
	508  -  MemoryUsage of job (MB)
	520004  -  ResidentSetSize of job (KB)
...
006 (15951004.422.000) 2026-02-10 20:20:19 Image size of job updated: 520068
	508  -  MemoryUsage of job (MB)
	520068  -  ResidentSetSize of job (KB)
...
006 (15951004.422.000) 2026-02-10 20:30:19 Image size of job updated: 520192
	508  -  MemoryUsage of job (MB)
	520192  -  ResidentSetSize of job (KB)
...
006 (15951004.422.000) 2026-02-10 20:40:20 Image size of job updated: 520224
	509  -  MemoryUsage of job (MB)
	520224  -  ResidentSetSize of job (KB)
...
006 (15951004.422.000) 2026-02-10 20:45:20 Image size of job updated: 520228
	509  -  MemoryUsage of job (MB)
	520228  -  ResidentSetSize of job (KB)
...
006 (15951004.422.000) 2026-02-11 04:36:08 Image size of job updated: 520416
	509  -  MemoryUsage of job (MB)
	520416  -  ResidentSetSize of job (KB)
...
006 (15951004.422.000) 2026-02-11 06:41:20 Image size of job updated: 521196
	509  -  MemoryUsage of job (MB)
	521196  -  ResidentSetSize of job (KB)
...
006 (15951004.422.000) 2026-02-11 06:46:20 Image size of job updated: 521452
	510  -  MemoryUsage of job (MB)
	521452  -  ResidentSetSize of job (KB)
...
