000 (15756407.705.000) 2026-02-06 11:26:11 Job submitted from host: <141.34.103.35:9618?addrs=141.34.103.35-9618+[2001-638-700-f067--1-23]-9618&alias=wgs39.zeuthen.desy.de&noUDP&sock=schedd_7414_f73f>
...
009 (15756407.705.000) 2026-02-10 11:42:41 Job was aborted.
	via condor_rm (by user tuccia)
...
000 (15949294.470.000) 2026-02-10 11:45:21 Job submitted from host: <141.34.103.35:9618?addrs=141.34.103.35-9618+[2001-638-700-f067--1-23]-9618&alias=wgs39.zeuthen.desy.de&noUDP&sock=schedd_7302_24a3>
...
009 (15949294.470.000) 2026-02-10 11:45:46 Job was aborted.
	via condor_rm (by user tuccia)
...
000 (15949295.470.000) 2026-02-10 11:46:05 Job submitted from host: <141.34.103.35:9618?addrs=141.34.103.35-9618+[2001-638-700-f067--1-23]-9618&alias=wgs39.zeuthen.desy.de&noUDP&sock=schedd_7302_24a3>
...
001 (15949295.470.000) 2026-02-12 11:55:18 Job executing on host: <141.34.103.54:9618?addrs=141.34.103.54-9618+[2001-638-700-f067--1-36]-9618&alias=wgs44.zeuthen.desy.de&noUDP&sock=startd_7775_94ef>
	SlotName: slot1_5@wgs44.zeuthen.desy.de
	CondorScratchDir = "/batch/dir_1246422"
	Cpus = 8
	Disk = 1025025
	GPUs = 0
	Memory = 16384
...
006 (15949295.470.000) 2026-02-12 11:55:32 Image size of job updated: 97540
	96  -  MemoryUsage of job (MB)
	97540  -  ResidentSetSize of job (KB)
...
006 (15949295.470.000) 2026-02-12 12:00:33 Image size of job updated: 670780
	574  -  MemoryUsage of job (MB)
	587596  -  ResidentSetSize of job (KB)
...
006 (15949295.470.000) 2026-02-12 12:10:34 Image size of job updated: 670780
	616  -  MemoryUsage of job (MB)
	630068  -  ResidentSetSize of job (KB)
...
006 (15949295.470.000) 2026-02-12 12:15:35 Image size of job updated: 670780
	647  -  MemoryUsage of job (MB)
	662272  -  ResidentSetSize of job (KB)
...
006 (15949295.470.000) 2026-02-12 12:20:35 Image size of job updated: 677816
	662  -  MemoryUsage of job (MB)
	677816  -  ResidentSetSize of job (KB)
...
006 (15949295.470.000) 2026-02-12 12:30:37 Image size of job updated: 677820
	662  -  MemoryUsage of job (MB)
	677820  -  ResidentSetSize of job (KB)
...
006 (15949295.470.000) 2026-02-12 12:35:37 Image size of job updated: 677836
	662  -  MemoryUsage of job (MB)
	677836  -  ResidentSetSize of job (KB)
...
006 (15949295.470.000) 2026-02-12 12:40:38 Image size of job updated: 678744
	663  -  MemoryUsage of job (MB)
	678744  -  ResidentSetSize of job (KB)
...
006 (15949295.470.000) 2026-02-12 12:45:39 Image size of job updated: 682724
	667  -  MemoryUsage of job (MB)
	682724  -  ResidentSetSize of job (KB)
...
006 (15949295.470.000) 2026-02-12 12:50:39 Image size of job updated: 689904
	674  -  MemoryUsage of job (MB)
	689904  -  ResidentSetSize of job (KB)
...
006 (15949295.470.000) 2026-02-12 12:55:40 Image size of job updated: 694392
	679  -  MemoryUsage of job (MB)
	694392  -  ResidentSetSize of job (KB)
...
006 (15949295.470.000) 2026-02-12 13:00:40 Image size of job updated: 701140
	685  -  MemoryUsage of job (MB)
	701140  -  ResidentSetSize of job (KB)
...
006 (15949295.470.000) 2026-02-12 13:05:40 Image size of job updated: 701160
	685  -  MemoryUsage of job (MB)
	701160  -  ResidentSetSize of job (KB)
...
006 (15949295.470.000) 2026-02-12 13:10:41 Image size of job updated: 704404
	688  -  MemoryUsage of job (MB)
	704404  -  ResidentSetSize of job (KB)
...
006 (15949295.470.000) 2026-02-12 13:30:42 Image size of job updated: 706916
	691  -  MemoryUsage of job (MB)
	706916  -  ResidentSetSize of job (KB)
...
006 (15949295.470.000) 2026-02-12 14:00:44 Image size of job updated: 756256
	739  -  MemoryUsage of job (MB)
	756256  -  ResidentSetSize of job (KB)
...
006 (15949295.470.000) 2026-02-12 14:05:44 Image size of job updated: 757716
	740  -  MemoryUsage of job (MB)
	757716  -  ResidentSetSize of job (KB)
...
006 (15949295.470.000) 2026-02-12 14:10:45 Image size of job updated: 758476
	741  -  MemoryUsage of job (MB)
	758476  -  ResidentSetSize of job (KB)
...
006 (15949295.470.000) 2026-02-12 14:20:45 Image size of job updated: 760332
	743  -  MemoryUsage of job (MB)
	760332  -  ResidentSetSize of job (KB)
...
006 (15949295.470.000) 2026-02-12 14:25:46 Image size of job updated: 760484
	743  -  MemoryUsage of job (MB)
	760332  -  ResidentSetSize of job (KB)
...
006 (15949295.470.000) 2026-02-12 14:30:46 Image size of job updated: 765768
	748  -  MemoryUsage of job (MB)
	765768  -  ResidentSetSize of job (KB)
...
006 (15949295.470.000) 2026-02-12 14:40:47 Image size of job updated: 766420
	749  -  MemoryUsage of job (MB)
	766420  -  ResidentSetSize of job (KB)
...
006 (15949295.470.000) 2026-02-12 14:50:47 Image size of job updated: 768480
	751  -  MemoryUsage of job (MB)
	768480  -  ResidentSetSize of job (KB)
...
006 (15949295.470.000) 2026-02-12 15:55:52 Image size of job updated: 784044
	751  -  MemoryUsage of job (MB)
	768480  -  ResidentSetSize of job (KB)
...
006 (15949295.470.000) 2026-02-12 16:00:52 Image size of job updated: 802940
	751  -  MemoryUsage of job (MB)
	768480  -  ResidentSetSize of job (KB)
...
006 (15949295.470.000) 2026-02-12 16:10:53 Image size of job updated: 803540
	751  -  MemoryUsage of job (MB)
	768480  -  ResidentSetSize of job (KB)
...
006 (15949295.470.000) 2026-02-12 16:15:53 Image size of job updated: 803540
	755  -  MemoryUsage of job (MB)
	772964  -  ResidentSetSize of job (KB)
...
006 (15949295.470.000) 2026-02-12 16:20:53 Image size of job updated: 803704
	776  -  MemoryUsage of job (MB)
	794036  -  ResidentSetSize of job (KB)
...
006 (15949295.470.000) 2026-02-12 16:25:54 Image size of job updated: 803736
	776  -  MemoryUsage of job (MB)
	794036  -  ResidentSetSize of job (KB)
...
006 (15949295.470.000) 2026-02-12 16:55:57 Image size of job updated: 803736
	785  -  MemoryUsage of job (MB)
	803160  -  ResidentSetSize of job (KB)
...
006 (15949295.470.000) 2026-02-12 17:10:59 Image size of job updated: 805560
	785  -  MemoryUsage of job (MB)
	803160  -  ResidentSetSize of job (KB)
...
006 (15949295.470.000) 2026-02-12 17:31:01 Image size of job updated: 805580
	785  -  MemoryUsage of job (MB)
	803160  -  ResidentSetSize of job (KB)
...
006 (15949295.470.000) 2026-02-12 17:56:03 Image size of job updated: 805580
	786  -  MemoryUsage of job (MB)
	804504  -  ResidentSetSize of job (KB)
...
006 (15949295.470.000) 2026-02-12 18:06:04 Image size of job updated: 805840
	786  -  MemoryUsage of job (MB)
	804504  -  ResidentSetSize of job (KB)
...
006 (15949295.470.000) 2026-02-12 18:36:08 Image size of job updated: 805936
	786  -  MemoryUsage of job (MB)
	804504  -  ResidentSetSize of job (KB)
...
006 (15949295.470.000) 2026-02-12 18:41:08 Image size of job updated: 806116
	786  -  MemoryUsage of job (MB)
	804504  -  ResidentSetSize of job (KB)
...
006 (15949295.470.000) 2026-02-12 18:46:09 Image size of job updated: 806828
	786  -  MemoryUsage of job (MB)
	804504  -  ResidentSetSize of job (KB)
...
006 (15949295.470.000) 2026-02-12 19:06:12 Image size of job updated: 807272
	786  -  MemoryUsage of job (MB)
	804504  -  ResidentSetSize of job (KB)
...
006 (15949295.470.000) 2026-02-12 19:26:14 Image size of job updated: 807288
	786  -  MemoryUsage of job (MB)
	804504  -  ResidentSetSize of job (KB)
...
006 (15949295.470.000) 2026-02-12 19:36:15 Image size of job updated: 807340
	786  -  MemoryUsage of job (MB)
	804504  -  ResidentSetSize of job (KB)
...
006 (15949295.470.000) 2026-02-12 22:26:31 Image size of job updated: 807340
	789  -  MemoryUsage of job (MB)
	807268  -  ResidentSetSize of job (KB)
...
006 (15949295.470.000) 2026-02-12 22:41:32 Image size of job updated: 807412
	789  -  MemoryUsage of job (MB)
	807268  -  ResidentSetSize of job (KB)
...
006 (15949295.470.000) 2026-02-12 23:36:39 Image size of job updated: 807412
	789  -  MemoryUsage of job (MB)
	807332  -  ResidentSetSize of job (KB)
...
006 (15949295.470.000) 2026-02-13 01:36:50 Image size of job updated: 807532
	789  -  MemoryUsage of job (MB)
	807332  -  ResidentSetSize of job (KB)
...
006 (15949295.470.000) 2026-02-13 02:16:55 Image size of job updated: 807552
	789  -  MemoryUsage of job (MB)
	807332  -  ResidentSetSize of job (KB)
...
006 (15949295.470.000) 2026-02-13 03:17:02 Image size of job updated: 807612
	789  -  MemoryUsage of job (MB)
	807332  -  ResidentSetSize of job (KB)
...
006 (15949295.470.000) 2026-02-13 03:22:02 Image size of job updated: 807624
	789  -  MemoryUsage of job (MB)
	807332  -  ResidentSetSize of job (KB)
...
006 (15949295.470.000) 2026-02-13 03:32:03 Image size of job updated: 807624
	789  -  MemoryUsage of job (MB)
	807552  -  ResidentSetSize of job (KB)
...
006 (15949295.470.000) 2026-02-13 04:07:06 Image size of job updated: 807812
	789  -  MemoryUsage of job (MB)
	807552  -  ResidentSetSize of job (KB)
...
006 (15949295.470.000) 2026-02-13 04:12:07 Image size of job updated: 807840
	789  -  MemoryUsage of job (MB)
	807552  -  ResidentSetSize of job (KB)
...
006 (15949295.470.000) 2026-02-13 04:22:08 Image size of job updated: 807840
	789  -  MemoryUsage of job (MB)
	807624  -  ResidentSetSize of job (KB)
...
006 (15949295.470.000) 2026-02-13 06:12:18 Image size of job updated: 807992
	789  -  MemoryUsage of job (MB)
	807624  -  ResidentSetSize of job (KB)
...
006 (15949295.470.000) 2026-02-13 07:27:23 Image size of job updated: 808044
	789  -  MemoryUsage of job (MB)
	807624  -  ResidentSetSize of job (KB)
...
006 (15949295.470.000) 2026-02-13 08:32:30 Image size of job updated: 808416
	790  -  MemoryUsage of job (MB)
	807972  -  ResidentSetSize of job (KB)
...
006 (15949295.470.000) 2026-02-13 09:27:37 Image size of job updated: 808416
	790  -  MemoryUsage of job (MB)
	808028  -  ResidentSetSize of job (KB)
...
006 (15949295.470.000) 2026-02-13 09:32:38 Image size of job updated: 808416
	790  -  MemoryUsage of job (MB)
	808112  -  ResidentSetSize of job (KB)
...
006 (15949295.470.000) 2026-02-13 18:53:36 Image size of job updated: 808604
	790  -  MemoryUsage of job (MB)
	808112  -  ResidentSetSize of job (KB)
...
005 (15949295.470.000) 2026-02-13 19:47:54 Job terminated.
	(1) Normal termination (return value 0)
		Usr 3 06:44:38, Sys 0 09:35:40  -  Run Remote Usage
		Usr 0 00:00:00, Sys 0 00:00:00  -  Run Local Usage
		Usr 3 06:44:38, Sys 0 09:35:40  -  Total Remote Usage
		Usr 0 00:00:00, Sys 0 00:00:00  -  Total Local Usage
	0  -  Run Bytes Sent By Job
	0  -  Run Bytes Received By Job
	0  -  Total Bytes Sent By Job
	0  -  Total Bytes Received By Job
	Partitionable Resources :     Usage  Request Allocated 
	   Cpus                 :      7.93        8         8 
	   Disk (KB)            :      1     1024000   1025025 
	   GPUs                 :                            0 
	   Memory (MB)          :    790       16384     16384 
	   TimeExecute (s)      : 114756                       
	   TimeSlotBusy (s)     : 114756                       

	Job terminated of its own accord at 2026-02-13T18:47:54Z with exit-code 0.
...
