000 (15756407.670.000) 2026-02-06 11:26:11 Job submitted from host: <141.34.103.35:9618?addrs=141.34.103.35-9618+[2001-638-700-f067--1-23]-9618&alias=wgs39.zeuthen.desy.de&noUDP&sock=schedd_7414_f73f>
...
009 (15756407.670.000) 2026-02-10 11:42:40 Job was aborted.
	via condor_rm (by user tuccia)
...
000 (15949294.447.000) 2026-02-10 11:45:21 Job submitted from host: <141.34.103.35:9618?addrs=141.34.103.35-9618+[2001-638-700-f067--1-23]-9618&alias=wgs39.zeuthen.desy.de&noUDP&sock=schedd_7302_24a3>
...
009 (15949294.447.000) 2026-02-10 11:45:46 Job was aborted.
	via condor_rm (by user tuccia)
...
000 (15949295.447.000) 2026-02-10 11:46:05 Job submitted from host: <141.34.103.35:9618?addrs=141.34.103.35-9618+[2001-638-700-f067--1-23]-9618&alias=wgs39.zeuthen.desy.de&noUDP&sock=schedd_7302_24a3>
...
001 (15949295.447.000) 2026-02-12 10:33:00 Job executing on host: <141.34.15.217:9618?addrs=141.34.15.217-9618+[2001-638-700-f00f--1-d9]-9618&alias=pizza25.zeuthen.desy.de&noUDP&sock=startd_9096_ad8b>
	SlotName: slot1_1@pizza25.zeuthen.desy.de
	CondorScratchDir = "/batch/dir_3154394"
	Cpus = 8
	Disk = 1025696
	GPUs = 0
	Memory = 16384
...
006 (15949295.447.000) 2026-02-12 10:33:14 Image size of job updated: 97540
	96  -  MemoryUsage of job (MB)
	97540  -  ResidentSetSize of job (KB)
...
006 (15949295.447.000) 2026-02-12 10:38:15 Image size of job updated: 680764
	536  -  MemoryUsage of job (MB)
	548068  -  ResidentSetSize of job (KB)
...
006 (15949295.447.000) 2026-02-12 10:53:16 Image size of job updated: 680764
	538  -  MemoryUsage of job (MB)
	550604  -  ResidentSetSize of job (KB)
...
006 (15949295.447.000) 2026-02-12 11:08:17 Image size of job updated: 680764
	550  -  MemoryUsage of job (MB)
	562260  -  ResidentSetSize of job (KB)
...
006 (15949295.447.000) 2026-02-12 11:13:17 Image size of job updated: 680764
	553  -  MemoryUsage of job (MB)
	565944  -  ResidentSetSize of job (KB)
...
006 (15949295.447.000) 2026-02-12 11:18:17 Image size of job updated: 680764
	553  -  MemoryUsage of job (MB)
	565948  -  ResidentSetSize of job (KB)
...
006 (15949295.447.000) 2026-02-12 11:28:18 Image size of job updated: 680764
	554  -  MemoryUsage of job (MB)
	566528  -  ResidentSetSize of job (KB)
...
006 (15949295.447.000) 2026-02-12 11:33:18 Image size of job updated: 680764
	557  -  MemoryUsage of job (MB)
	569496  -  ResidentSetSize of job (KB)
...
006 (15949295.447.000) 2026-02-12 11:43:20 Image size of job updated: 680764
	563  -  MemoryUsage of job (MB)
	575672  -  ResidentSetSize of job (KB)
...
006 (15949295.447.000) 2026-02-12 11:48:20 Image size of job updated: 680764
	593  -  MemoryUsage of job (MB)
	606708  -  ResidentSetSize of job (KB)
...
006 (15949295.447.000) 2026-02-12 11:53:21 Image size of job updated: 680764
	593  -  MemoryUsage of job (MB)
	607220  -  ResidentSetSize of job (KB)
...
006 (15949295.447.000) 2026-02-12 11:58:22 Image size of job updated: 680764
	594  -  MemoryUsage of job (MB)
	607328  -  ResidentSetSize of job (KB)
...
006 (15949295.447.000) 2026-02-12 12:03:22 Image size of job updated: 680764
	601  -  MemoryUsage of job (MB)
	615108  -  ResidentSetSize of job (KB)
...
006 (15949295.447.000) 2026-02-12 12:08:23 Image size of job updated: 680764
	601  -  MemoryUsage of job (MB)
	615232  -  ResidentSetSize of job (KB)
...
006 (15949295.447.000) 2026-02-12 12:13:24 Image size of job updated: 680764
	618  -  MemoryUsage of job (MB)
	632336  -  ResidentSetSize of job (KB)
...
006 (15949295.447.000) 2026-02-12 12:23:25 Image size of job updated: 680764
	625  -  MemoryUsage of job (MB)
	639496  -  ResidentSetSize of job (KB)
...
006 (15949295.447.000) 2026-02-12 12:28:26 Image size of job updated: 680764
	626  -  MemoryUsage of job (MB)
	640164  -  ResidentSetSize of job (KB)
...
006 (15949295.447.000) 2026-02-12 12:33:26 Image size of job updated: 680764
	628  -  MemoryUsage of job (MB)
	642884  -  ResidentSetSize of job (KB)
...
006 (15949295.447.000) 2026-02-12 13:23:33 Image size of job updated: 680764
	636  -  MemoryUsage of job (MB)
	651040  -  ResidentSetSize of job (KB)
...
006 (15949295.447.000) 2026-02-12 13:28:34 Image size of job updated: 680764
	644  -  MemoryUsage of job (MB)
	659448  -  ResidentSetSize of job (KB)
...
006 (15949295.447.000) 2026-02-12 13:33:34 Image size of job updated: 680764
	645  -  MemoryUsage of job (MB)
	659684  -  ResidentSetSize of job (KB)
...
006 (15949295.447.000) 2026-02-12 13:38:36 Image size of job updated: 680764
	645  -  MemoryUsage of job (MB)
	659708  -  ResidentSetSize of job (KB)
...
006 (15949295.447.000) 2026-02-12 13:43:36 Image size of job updated: 680764
	645  -  MemoryUsage of job (MB)
	659988  -  ResidentSetSize of job (KB)
...
006 (15949295.447.000) 2026-02-12 13:48:36 Image size of job updated: 680764
	647  -  MemoryUsage of job (MB)
	662176  -  ResidentSetSize of job (KB)
...
006 (15949295.447.000) 2026-02-12 13:53:37 Image size of job updated: 680764
	647  -  MemoryUsage of job (MB)
	662464  -  ResidentSetSize of job (KB)
...
006 (15949295.447.000) 2026-02-12 13:58:37 Image size of job updated: 680764
	648  -  MemoryUsage of job (MB)
	662588  -  ResidentSetSize of job (KB)
...
006 (15949295.447.000) 2026-02-12 14:03:37 Image size of job updated: 680764
	648  -  MemoryUsage of job (MB)
	663148  -  ResidentSetSize of job (KB)
...
006 (15949295.447.000) 2026-02-12 14:08:38 Image size of job updated: 680764
	651  -  MemoryUsage of job (MB)
	665748  -  ResidentSetSize of job (KB)
...
006 (15949295.447.000) 2026-02-12 14:13:38 Image size of job updated: 680764
	657  -  MemoryUsage of job (MB)
	672476  -  ResidentSetSize of job (KB)
...
006 (15949295.447.000) 2026-02-12 14:18:38 Image size of job updated: 680764
	657  -  MemoryUsage of job (MB)
	672716  -  ResidentSetSize of job (KB)
...
006 (15949295.447.000) 2026-02-12 14:23:39 Image size of job updated: 681324
	666  -  MemoryUsage of job (MB)
	681324  -  ResidentSetSize of job (KB)
...
006 (15949295.447.000) 2026-02-12 14:28:39 Image size of job updated: 684200
	666  -  MemoryUsage of job (MB)
	681664  -  ResidentSetSize of job (KB)
...
006 (15949295.447.000) 2026-02-12 14:33:39 Image size of job updated: 684200
	666  -  MemoryUsage of job (MB)
	681696  -  ResidentSetSize of job (KB)
...
006 (15949295.447.000) 2026-02-12 14:38:40 Image size of job updated: 684524
	669  -  MemoryUsage of job (MB)
	684524  -  ResidentSetSize of job (KB)
...
006 (15949295.447.000) 2026-02-12 14:43:40 Image size of job updated: 686908
	669  -  MemoryUsage of job (MB)
	684892  -  ResidentSetSize of job (KB)
...
006 (15949295.447.000) 2026-02-12 14:48:40 Image size of job updated: 686972
	669  -  MemoryUsage of job (MB)
	684944  -  ResidentSetSize of job (KB)
...
006 (15949295.447.000) 2026-02-12 14:53:41 Image size of job updated: 686972
	670  -  MemoryUsage of job (MB)
	685400  -  ResidentSetSize of job (KB)
...
006 (15949295.447.000) 2026-02-12 14:58:41 Image size of job updated: 686972
	670  -  MemoryUsage of job (MB)
	685412  -  ResidentSetSize of job (KB)
...
006 (15949295.447.000) 2026-02-12 15:08:43 Image size of job updated: 687380
	670  -  MemoryUsage of job (MB)
	685436  -  ResidentSetSize of job (KB)
...
006 (15949295.447.000) 2026-02-12 15:13:43 Image size of job updated: 687380
	670  -  MemoryUsage of job (MB)
	685460  -  ResidentSetSize of job (KB)
...
006 (15949295.447.000) 2026-02-12 15:18:44 Image size of job updated: 687380
	670  -  MemoryUsage of job (MB)
	685488  -  ResidentSetSize of job (KB)
...
006 (15949295.447.000) 2026-02-12 15:23:45 Image size of job updated: 687380
	670  -  MemoryUsage of job (MB)
	685512  -  ResidentSetSize of job (KB)
...
006 (15949295.447.000) 2026-02-12 15:28:45 Image size of job updated: 687380
	670  -  MemoryUsage of job (MB)
	685552  -  ResidentSetSize of job (KB)
...
006 (15949295.447.000) 2026-02-12 15:33:46 Image size of job updated: 687684
	672  -  MemoryUsage of job (MB)
	687684  -  ResidentSetSize of job (KB)
...
006 (15949295.447.000) 2026-02-12 15:38:46 Image size of job updated: 689044
	673  -  MemoryUsage of job (MB)
	689044  -  ResidentSetSize of job (KB)
...
006 (15949295.447.000) 2026-02-12 15:43:46 Image size of job updated: 690264
	674  -  MemoryUsage of job (MB)
	689280  -  ResidentSetSize of job (KB)
...
006 (15949295.447.000) 2026-02-12 15:48:47 Image size of job updated: 690264
	674  -  MemoryUsage of job (MB)
	689976  -  ResidentSetSize of job (KB)
...
006 (15949295.447.000) 2026-02-12 15:53:47 Image size of job updated: 691304
	675  -  MemoryUsage of job (MB)
	690188  -  ResidentSetSize of job (KB)
...
006 (15949295.447.000) 2026-02-12 15:58:48 Image size of job updated: 694452
	679  -  MemoryUsage of job (MB)
	694452  -  ResidentSetSize of job (KB)
...
006 (15949295.447.000) 2026-02-12 16:03:49 Image size of job updated: 694820
	679  -  MemoryUsage of job (MB)
	694820  -  ResidentSetSize of job (KB)
...
006 (15949295.447.000) 2026-02-12 16:08:49 Image size of job updated: 695580
	679  -  MemoryUsage of job (MB)
	695136  -  ResidentSetSize of job (KB)
...
006 (15949295.447.000) 2026-02-12 16:13:50 Image size of job updated: 696236
	679  -  MemoryUsage of job (MB)
	695136  -  ResidentSetSize of job (KB)
...
006 (15949295.447.000) 2026-02-12 16:23:50 Image size of job updated: 696236
	679  -  MemoryUsage of job (MB)
	695204  -  ResidentSetSize of job (KB)
...
006 (15949295.447.000) 2026-02-12 16:28:51 Image size of job updated: 696236
	680  -  MemoryUsage of job (MB)
	696220  -  ResidentSetSize of job (KB)
...
006 (15949295.447.000) 2026-02-12 16:33:51 Image size of job updated: 696476
	680  -  MemoryUsage of job (MB)
	696236  -  ResidentSetSize of job (KB)
...
006 (15949295.447.000) 2026-02-12 16:43:52 Image size of job updated: 697188
	681  -  MemoryUsage of job (MB)
	696356  -  ResidentSetSize of job (KB)
...
006 (15949295.447.000) 2026-02-12 16:48:52 Image size of job updated: 697188
	681  -  MemoryUsage of job (MB)
	696384  -  ResidentSetSize of job (KB)
...
006 (15949295.447.000) 2026-02-12 16:53:52 Image size of job updated: 706744
	691  -  MemoryUsage of job (MB)
	706744  -  ResidentSetSize of job (KB)
...
006 (15949295.447.000) 2026-02-12 16:58:53 Image size of job updated: 707916
	692  -  MemoryUsage of job (MB)
	707916  -  ResidentSetSize of job (KB)
...
006 (15949295.447.000) 2026-02-12 17:03:53 Image size of job updated: 712056
	696  -  MemoryUsage of job (MB)
	712056  -  ResidentSetSize of job (KB)
...
006 (15949295.447.000) 2026-02-12 17:08:53 Image size of job updated: 712380
	696  -  MemoryUsage of job (MB)
	712272  -  ResidentSetSize of job (KB)
...
006 (15949295.447.000) 2026-02-12 17:13:54 Image size of job updated: 713004
	696  -  MemoryUsage of job (MB)
	712296  -  ResidentSetSize of job (KB)
...
006 (15949295.447.000) 2026-02-12 17:18:54 Image size of job updated: 713004
	696  -  MemoryUsage of job (MB)
	712380  -  ResidentSetSize of job (KB)
...
006 (15949295.447.000) 2026-02-12 17:28:56 Image size of job updated: 713172
	696  -  MemoryUsage of job (MB)
	712380  -  ResidentSetSize of job (KB)
...
006 (15949295.447.000) 2026-02-12 17:48:58 Image size of job updated: 713588
	696  -  MemoryUsage of job (MB)
	712380  -  ResidentSetSize of job (KB)
...
006 (15949295.447.000) 2026-02-12 17:59:00 Image size of job updated: 713588
	696  -  MemoryUsage of job (MB)
	712592  -  ResidentSetSize of job (KB)
...
006 (15949295.447.000) 2026-02-12 18:04:00 Image size of job updated: 713588
	697  -  MemoryUsage of job (MB)
	712856  -  ResidentSetSize of job (KB)
...
006 (15949295.447.000) 2026-02-12 18:14:01 Image size of job updated: 713588
	697  -  MemoryUsage of job (MB)
	712884  -  ResidentSetSize of job (KB)
...
006 (15949295.447.000) 2026-02-12 18:24:02 Image size of job updated: 713588
	697  -  MemoryUsage of job (MB)
	712892  -  ResidentSetSize of job (KB)
...
006 (15949295.447.000) 2026-02-12 18:34:02 Image size of job updated: 713588
	697  -  MemoryUsage of job (MB)
	712960  -  ResidentSetSize of job (KB)
...
006 (15949295.447.000) 2026-02-12 18:39:03 Image size of job updated: 713588
	697  -  MemoryUsage of job (MB)
	712980  -  ResidentSetSize of job (KB)
...
006 (15949295.447.000) 2026-02-12 18:44:03 Image size of job updated: 713588
	697  -  MemoryUsage of job (MB)
	713016  -  ResidentSetSize of job (KB)
...
006 (15949295.447.000) 2026-02-12 18:54:05 Image size of job updated: 713588
	697  -  MemoryUsage of job (MB)
	713044  -  ResidentSetSize of job (KB)
...
006 (15949295.447.000) 2026-02-12 18:59:05 Image size of job updated: 713840
	697  -  MemoryUsage of job (MB)
	713076  -  ResidentSetSize of job (KB)
...
006 (15949295.447.000) 2026-02-12 19:04:06 Image size of job updated: 713840
	697  -  MemoryUsage of job (MB)
	713404  -  ResidentSetSize of job (KB)
...
006 (15949295.447.000) 2026-02-12 19:14:07 Image size of job updated: 713840
	697  -  MemoryUsage of job (MB)
	713456  -  ResidentSetSize of job (KB)
...
006 (15949295.447.000) 2026-02-12 19:19:08 Image size of job updated: 713840
	698  -  MemoryUsage of job (MB)
	713784  -  ResidentSetSize of job (KB)
...
006 (15949295.447.000) 2026-02-12 19:24:09 Image size of job updated: 713916
	698  -  MemoryUsage of job (MB)
	713848  -  ResidentSetSize of job (KB)
...
006 (15949295.447.000) 2026-02-12 19:34:10 Image size of job updated: 719620
	703  -  MemoryUsage of job (MB)
	719620  -  ResidentSetSize of job (KB)
...
006 (15949295.447.000) 2026-02-12 19:39:10 Image size of job updated: 719980
	704  -  MemoryUsage of job (MB)
	719932  -  ResidentSetSize of job (KB)
...
006 (15949295.447.000) 2026-02-12 19:49:11 Image size of job updated: 725832
	709  -  MemoryUsage of job (MB)
	725832  -  ResidentSetSize of job (KB)
...
006 (15949295.447.000) 2026-02-12 19:54:11 Image size of job updated: 726136
	710  -  MemoryUsage of job (MB)
	726136  -  ResidentSetSize of job (KB)
...
006 (15949295.447.000) 2026-02-12 20:19:14 Image size of job updated: 726168
	710  -  MemoryUsage of job (MB)
	726136  -  ResidentSetSize of job (KB)
...
006 (15949295.447.000) 2026-02-12 20:39:15 Image size of job updated: 726308
	710  -  MemoryUsage of job (MB)
	726308  -  ResidentSetSize of job (KB)
...
006 (15949295.447.000) 2026-02-12 20:49:16 Image size of job updated: 726392
	710  -  MemoryUsage of job (MB)
	726392  -  ResidentSetSize of job (KB)
...
006 (15949295.447.000) 2026-02-12 21:04:18 Image size of job updated: 726472
	710  -  MemoryUsage of job (MB)
	726472  -  ResidentSetSize of job (KB)
...
006 (15949295.447.000) 2026-02-12 21:09:19 Image size of job updated: 726648
	710  -  MemoryUsage of job (MB)
	726648  -  ResidentSetSize of job (KB)
...
006 (15949295.447.000) 2026-02-12 22:04:25 Image size of job updated: 726668
	710  -  MemoryUsage of job (MB)
	726668  -  ResidentSetSize of job (KB)
...
006 (15949295.447.000) 2026-02-12 22:09:25 Image size of job updated: 727324
	711  -  MemoryUsage of job (MB)
	727324  -  ResidentSetSize of job (KB)
...
006 (15949295.447.000) 2026-02-12 22:14:25 Image size of job updated: 727364
	711  -  MemoryUsage of job (MB)
	727364  -  ResidentSetSize of job (KB)
...
006 (15949295.447.000) 2026-02-12 22:19:26 Image size of job updated: 727424
	711  -  MemoryUsage of job (MB)
	727424  -  ResidentSetSize of job (KB)
...
006 (15949295.447.000) 2026-02-12 22:34:28 Image size of job updated: 733016
	716  -  MemoryUsage of job (MB)
	733016  -  ResidentSetSize of job (KB)
...
006 (15949295.447.000) 2026-02-12 22:39:28 Image size of job updated: 733284
	717  -  MemoryUsage of job (MB)
	733284  -  ResidentSetSize of job (KB)
...
006 (15949295.447.000) 2026-02-12 22:49:30 Image size of job updated: 733288
	717  -  MemoryUsage of job (MB)
	733288  -  ResidentSetSize of job (KB)
...
006 (15949295.447.000) 2026-02-12 22:54:30 Image size of job updated: 733356
	717  -  MemoryUsage of job (MB)
	733356  -  ResidentSetSize of job (KB)
...
006 (15949295.447.000) 2026-02-12 23:04:31 Image size of job updated: 733540
	717  -  MemoryUsage of job (MB)
	733356  -  ResidentSetSize of job (KB)
...
006 (15949295.447.000) 2026-02-12 23:09:31 Image size of job updated: 733540
	717  -  MemoryUsage of job (MB)
	733424  -  ResidentSetSize of job (KB)
...
006 (15949295.447.000) 2026-02-12 23:19:32 Image size of job updated: 733540
	717  -  MemoryUsage of job (MB)
	733540  -  ResidentSetSize of job (KB)
...
006 (15949295.447.000) 2026-02-12 23:54:36 Image size of job updated: 733564
	717  -  MemoryUsage of job (MB)
	733564  -  ResidentSetSize of job (KB)
...
006 (15949295.447.000) 2026-02-13 00:04:36 Image size of job updated: 733796
	717  -  MemoryUsage of job (MB)
	733796  -  ResidentSetSize of job (KB)
...
006 (15949295.447.000) 2026-02-13 00:49:41 Image size of job updated: 733884
	717  -  MemoryUsage of job (MB)
	733884  -  ResidentSetSize of job (KB)
...
006 (15949295.447.000) 2026-02-13 00:54:42 Image size of job updated: 734052
	717  -  MemoryUsage of job (MB)
	733884  -  ResidentSetSize of job (KB)
...
006 (15949295.447.000) 2026-02-13 01:04:43 Image size of job updated: 734052
	717  -  MemoryUsage of job (MB)
	733916  -  ResidentSetSize of job (KB)
...
006 (15949295.447.000) 2026-02-13 01:09:43 Image size of job updated: 734052
	717  -  MemoryUsage of job (MB)
	734052  -  ResidentSetSize of job (KB)
...
006 (15949295.447.000) 2026-02-13 01:54:46 Image size of job updated: 734076
	717  -  MemoryUsage of job (MB)
	734076  -  ResidentSetSize of job (KB)
...
006 (15949295.447.000) 2026-02-13 02:04:48 Image size of job updated: 734660
	718  -  MemoryUsage of job (MB)
	734660  -  ResidentSetSize of job (KB)
...
006 (15949295.447.000) 2026-02-13 02:09:48 Image size of job updated: 735340
	719  -  MemoryUsage of job (MB)
	735340  -  ResidentSetSize of job (KB)
...
006 (15949295.447.000) 2026-02-13 02:14:49 Image size of job updated: 735380
	719  -  MemoryUsage of job (MB)
	735380  -  ResidentSetSize of job (KB)
...
006 (15949295.447.000) 2026-02-13 02:19:49 Image size of job updated: 736856
	720  -  MemoryUsage of job (MB)
	736856  -  ResidentSetSize of job (KB)
...
006 (15949295.447.000) 2026-02-13 02:24:49 Image size of job updated: 736996
	720  -  MemoryUsage of job (MB)
	736996  -  ResidentSetSize of job (KB)
...
006 (15949295.447.000) 2026-02-13 02:34:50 Image size of job updated: 737888
	721  -  MemoryUsage of job (MB)
	737888  -  ResidentSetSize of job (KB)
...
006 (15949295.447.000) 2026-02-13 02:39:50 Image size of job updated: 738228
	721  -  MemoryUsage of job (MB)
	738228  -  ResidentSetSize of job (KB)
...
006 (15949295.447.000) 2026-02-13 02:44:51 Image size of job updated: 738276
	721  -  MemoryUsage of job (MB)
	738276  -  ResidentSetSize of job (KB)
...
006 (15949295.447.000) 2026-02-13 02:49:51 Image size of job updated: 738348
	722  -  MemoryUsage of job (MB)
	738348  -  ResidentSetSize of job (KB)
...
006 (15949295.447.000) 2026-02-13 03:49:58 Image size of job updated: 740136
	723  -  MemoryUsage of job (MB)
	740136  -  ResidentSetSize of job (KB)
...
006 (15949295.447.000) 2026-02-13 03:54:59 Image size of job updated: 740328
	723  -  MemoryUsage of job (MB)
	740328  -  ResidentSetSize of job (KB)
...
006 (15949295.447.000) 2026-02-13 03:59:59 Image size of job updated: 740780
	724  -  MemoryUsage of job (MB)
	740780  -  ResidentSetSize of job (KB)
...
006 (15949295.447.000) 2026-02-13 04:05:00 Image size of job updated: 740936
	724  -  MemoryUsage of job (MB)
	740936  -  ResidentSetSize of job (KB)
...
006 (15949295.447.000) 2026-02-13 10:45:39 Image size of job updated: 740956
	724  -  MemoryUsage of job (MB)
	740956  -  ResidentSetSize of job (KB)
...
006 (15949295.447.000) 2026-02-13 10:50:39 Image size of job updated: 741192
	724  -  MemoryUsage of job (MB)
	741192  -  ResidentSetSize of job (KB)
...
006 (15949295.447.000) 2026-02-13 10:55:40 Image size of job updated: 774704
	747  -  MemoryUsage of job (MB)
	764200  -  ResidentSetSize of job (KB)
...
006 (15949295.447.000) 2026-02-13 11:00:40 Image size of job updated: 774704
	757  -  MemoryUsage of job (MB)
	774704  -  ResidentSetSize of job (KB)
...
006 (15949295.447.000) 2026-02-13 11:20:42 Image size of job updated: 775628
	758  -  MemoryUsage of job (MB)
	775628  -  ResidentSetSize of job (KB)
...
006 (15949295.447.000) 2026-02-13 11:40:44 Image size of job updated: 776048
	758  -  MemoryUsage of job (MB)
	775628  -  ResidentSetSize of job (KB)
...
006 (15949295.447.000) 2026-02-13 11:45:44 Image size of job updated: 776180
	758  -  MemoryUsage of job (MB)
	775628  -  ResidentSetSize of job (KB)
...
006 (15949295.447.000) 2026-02-13 11:50:45 Image size of job updated: 776568
	759  -  MemoryUsage of job (MB)
	776568  -  ResidentSetSize of job (KB)
...
006 (15949295.447.000) 2026-02-13 12:00:46 Image size of job updated: 777096
	759  -  MemoryUsage of job (MB)
	776568  -  ResidentSetSize of job (KB)
...
006 (15949295.447.000) 2026-02-13 12:05:47 Image size of job updated: 777232
	759  -  MemoryUsage of job (MB)
	776568  -  ResidentSetSize of job (KB)
...
006 (15949295.447.000) 2026-02-13 12:20:49 Image size of job updated: 777364
	759  -  MemoryUsage of job (MB)
	776568  -  ResidentSetSize of job (KB)
...
006 (15949295.447.000) 2026-02-13 12:30:50 Image size of job updated: 777364
	759  -  MemoryUsage of job (MB)
	776832  -  ResidentSetSize of job (KB)
...
006 (15949295.447.000) 2026-02-13 12:40:50 Image size of job updated: 777528
	760  -  MemoryUsage of job (MB)
	777528  -  ResidentSetSize of job (KB)
...
006 (15949295.447.000) 2026-02-13 12:50:51 Image size of job updated: 777740
	760  -  MemoryUsage of job (MB)
	777740  -  ResidentSetSize of job (KB)
...
006 (15949295.447.000) 2026-02-13 13:25:55 Image size of job updated: 777868
	760  -  MemoryUsage of job (MB)
	777740  -  ResidentSetSize of job (KB)
...
006 (15949295.447.000) 2026-02-13 13:30:55 Image size of job updated: 777956
	760  -  MemoryUsage of job (MB)
	777772  -  ResidentSetSize of job (KB)
...
006 (15949295.447.000) 2026-02-13 13:35:55 Image size of job updated: 778032
	760  -  MemoryUsage of job (MB)
	778032  -  ResidentSetSize of job (KB)
...
006 (15949295.447.000) 2026-02-13 14:46:02 Image size of job updated: 778572
	760  -  MemoryUsage of job (MB)
	778032  -  ResidentSetSize of job (KB)
...
006 (15949295.447.000) 2026-02-13 14:51:03 Image size of job updated: 778596
	760  -  MemoryUsage of job (MB)
	778032  -  ResidentSetSize of job (KB)
...
006 (15949295.447.000) 2026-02-13 14:56:03 Image size of job updated: 778596
	761  -  MemoryUsage of job (MB)
	778488  -  ResidentSetSize of job (KB)
...
006 (15949295.447.000) 2026-02-13 15:21:06 Image size of job updated: 778656
	761  -  MemoryUsage of job (MB)
	778656  -  ResidentSetSize of job (KB)
...
006 (15949295.447.000) 2026-02-13 15:46:08 Image size of job updated: 778672
	761  -  MemoryUsage of job (MB)
	778656  -  ResidentSetSize of job (KB)
...
006 (15949295.447.000) 2026-02-13 15:51:08 Image size of job updated: 778724
	761  -  MemoryUsage of job (MB)
	778656  -  ResidentSetSize of job (KB)
...
006 (15949295.447.000) 2026-02-13 16:06:10 Image size of job updated: 778936
	761  -  MemoryUsage of job (MB)
	778656  -  ResidentSetSize of job (KB)
...
006 (15949295.447.000) 2026-02-13 17:16:18 Image size of job updated: 778936
	761  -  MemoryUsage of job (MB)
	778748  -  ResidentSetSize of job (KB)
...
006 (15949295.447.000) 2026-02-13 17:26:19 Image size of job updated: 779004
	761  -  MemoryUsage of job (MB)
	778748  -  ResidentSetSize of job (KB)
...
006 (15949295.447.000) 2026-02-13 18:01:22 Image size of job updated: 779004
	761  -  MemoryUsage of job (MB)
	778776  -  ResidentSetSize of job (KB)
...
006 (15949295.447.000) 2026-02-13 18:11:23 Image size of job updated: 779096
	761  -  MemoryUsage of job (MB)
	778776  -  ResidentSetSize of job (KB)
...
006 (15949295.447.000) 2026-02-13 18:31:25 Image size of job updated: 779508
	762  -  MemoryUsage of job (MB)
	779508  -  ResidentSetSize of job (KB)
...
006 (15949295.447.000) 2026-02-13 19:16:30 Image size of job updated: 779692
	762  -  MemoryUsage of job (MB)
	779508  -  ResidentSetSize of job (KB)
...
006 (15949295.447.000) 2026-02-13 19:36:33 Image size of job updated: 779692
	762  -  MemoryUsage of job (MB)
	779536  -  ResidentSetSize of job (KB)
...
006 (15949295.447.000) 2026-02-13 20:56:40 Image size of job updated: 779704
	762  -  MemoryUsage of job (MB)
	779536  -  ResidentSetSize of job (KB)
...
006 (15949295.447.000) 2026-02-13 21:01:41 Image size of job updated: 779704
	762  -  MemoryUsage of job (MB)
	779704  -  ResidentSetSize of job (KB)
...
006 (15949295.447.000) 2026-02-13 21:16:43 Image size of job updated: 779808
	762  -  MemoryUsage of job (MB)
	779704  -  ResidentSetSize of job (KB)
...
006 (15949295.447.000) 2026-02-13 21:26:44 Image size of job updated: 779852
	762  -  MemoryUsage of job (MB)
	779704  -  ResidentSetSize of job (KB)
...
006 (15949295.447.000) 2026-02-13 21:31:44 Image size of job updated: 779852
	762  -  MemoryUsage of job (MB)
	779852  -  ResidentSetSize of job (KB)
...
006 (15949295.447.000) 2026-02-13 22:01:46 Image size of job updated: 779944
	762  -  MemoryUsage of job (MB)
	779852  -  ResidentSetSize of job (KB)
...
006 (15949295.447.000) 2026-02-13 22:21:49 Image size of job updated: 780016
	762  -  MemoryUsage of job (MB)
	780016  -  ResidentSetSize of job (KB)
...
006 (15949295.447.000) 2026-02-13 22:31:49 Image size of job updated: 780064
	762  -  MemoryUsage of job (MB)
	780016  -  ResidentSetSize of job (KB)
...
006 (15949295.447.000) 2026-02-13 23:16:55 Image size of job updated: 780236
	762  -  MemoryUsage of job (MB)
	780016  -  ResidentSetSize of job (KB)
...
006 (15949295.447.000) 2026-02-13 23:21:55 Image size of job updated: 780236
	762  -  MemoryUsage of job (MB)
	780236  -  ResidentSetSize of job (KB)
...
006 (15949295.447.000) 2026-02-14 00:32:02 Image size of job updated: 780248
	762  -  MemoryUsage of job (MB)
	780236  -  ResidentSetSize of job (KB)
...
006 (15949295.447.000) 2026-02-14 00:47:04 Image size of job updated: 780260
	762  -  MemoryUsage of job (MB)
	780236  -  ResidentSetSize of job (KB)
...
006 (15949295.447.000) 2026-02-14 00:52:05 Image size of job updated: 780260
	762  -  MemoryUsage of job (MB)
	780260  -  ResidentSetSize of job (KB)
...
006 (15949295.447.000) 2026-02-14 00:57:06 Image size of job updated: 780304
	763  -  MemoryUsage of job (MB)
	780304  -  ResidentSetSize of job (KB)
...
006 (15949295.447.000) 2026-02-14 01:02:06 Image size of job updated: 780368
	763  -  MemoryUsage of job (MB)
	780304  -  ResidentSetSize of job (KB)
...
006 (15949295.447.000) 2026-02-14 01:12:07 Image size of job updated: 780672
	763  -  MemoryUsage of job (MB)
	780304  -  ResidentSetSize of job (KB)
...
006 (15949295.447.000) 2026-02-14 01:17:07 Image size of job updated: 780792
	763  -  MemoryUsage of job (MB)
	780304  -  ResidentSetSize of job (KB)
...
006 (15949295.447.000) 2026-02-14 01:22:08 Image size of job updated: 780948
	763  -  MemoryUsage of job (MB)
	780304  -  ResidentSetSize of job (KB)
...
006 (15949295.447.000) 2026-02-14 02:07:13 Image size of job updated: 780948
	763  -  MemoryUsage of job (MB)
	780568  -  ResidentSetSize of job (KB)
...
006 (15949295.447.000) 2026-02-14 02:22:14 Image size of job updated: 780948
	763  -  MemoryUsage of job (MB)
	780836  -  ResidentSetSize of job (KB)
...
006 (15949295.447.000) 2026-02-14 02:42:18 Image size of job updated: 781524
	763  -  MemoryUsage of job (MB)
	780836  -  ResidentSetSize of job (KB)
...
006 (15949295.447.000) 2026-02-14 02:47:18 Image size of job updated: 781636
	763  -  MemoryUsage of job (MB)
	780836  -  ResidentSetSize of job (KB)
...
006 (15949295.447.000) 2026-02-14 02:52:18 Image size of job updated: 781636
	764  -  MemoryUsage of job (MB)
	781352  -  ResidentSetSize of job (KB)
...
006 (15949295.447.000) 2026-02-14 03:12:21 Image size of job updated: 781636
	764  -  MemoryUsage of job (MB)
	781424  -  ResidentSetSize of job (KB)
...
006 (15949295.447.000) 2026-02-14 03:57:25 Image size of job updated: 781664
	764  -  MemoryUsage of job (MB)
	781424  -  ResidentSetSize of job (KB)
...
006 (15949295.447.000) 2026-02-14 04:07:27 Image size of job updated: 781808
	764  -  MemoryUsage of job (MB)
	781424  -  ResidentSetSize of job (KB)
...
006 (15949295.447.000) 2026-02-14 04:37:29 Image size of job updated: 781808
	764  -  MemoryUsage of job (MB)
	781612  -  ResidentSetSize of job (KB)
...
006 (15949295.447.000) 2026-02-14 05:37:34 Image size of job updated: 781848
	764  -  MemoryUsage of job (MB)
	781612  -  ResidentSetSize of job (KB)
...
006 (15949295.447.000) 2026-02-14 05:57:37 Image size of job updated: 781848
	764  -  MemoryUsage of job (MB)
	781832  -  ResidentSetSize of job (KB)
...
006 (15949295.447.000) 2026-02-14 06:22:39 Image size of job updated: 782216
	764  -  MemoryUsage of job (MB)
	782216  -  ResidentSetSize of job (KB)
...
006 (15949295.447.000) 2026-02-14 06:27:39 Image size of job updated: 782248
	764  -  MemoryUsage of job (MB)
	782216  -  ResidentSetSize of job (KB)
...
021 (15949295.447.000) 2026-02-14 10:33:01 Error from starter on slot1_1@pizza25.zeuthen.desy.de:
	runtime exceeded maximum (target.Runtime seconds)
	Code 21 Subcode 103
...
004 (15949295.447.000) 2026-02-14 10:33:01 Job was evicted.
	(0) CPU times
		Usr 11 19:55:04, Sys 0 12:16:50  -  Run Remote Usage
		Usr 0 00:00:00, Sys 0 00:00:00  -  Run Local Usage
	0  -  Run Bytes Sent By Job
	0  -  Run Bytes Received By Job
	Error from slot1_1@pizza25.zeuthen.desy.de: runtime exceeded maximum (target.Runtime seconds)
	Partitionable Resources :     Usage  Request Allocated 
	   Cpus                 :      6.78        8         8 
	   Disk (KB)            :      1     1024000   1025696 
	   GPUs                 :                            0 
	   Memory (MB)          :    764       16384     16384 
	   TimeSlotBusy (s)     : 172801                       
...
012 (15949295.447.000) 2026-02-14 10:33:01 Job was held.
	Error from slot1_1@pizza25.zeuthen.desy.de: runtime exceeded maximum (target.Runtime seconds)
	Code 21 Subcode 103
...
009 (15949295.447.000) 2026-02-16 17:16:24 Job was aborted.
	via condor_rm (by user tuccia)
...
