000 (15756408.895.000) 2026-02-06 11:26:59 Job submitted from host: <141.34.103.35:9618?addrs=141.34.103.35-9618+[2001-638-700-f067--1-23]-9618&alias=wgs39.zeuthen.desy.de&noUDP&sock=schedd_7414_f73f>
...
009 (15756408.895.000) 2026-02-10 11:47:39 Job was aborted.
	via condor_rm (by user tuccia)
...
000 (15951004.597.000) 2026-02-10 16:30:06 Job submitted from host: <141.34.103.35:9618?addrs=141.34.103.35-9618+[2001-638-700-f067--1-23]-9618&alias=wgs39.zeuthen.desy.de&noUDP&sock=schedd_7302_24a3>
...
001 (15951004.597.000) 2026-02-10 18:52:05 Job executing on host: <141.34.15.177:9618?addrs=141.34.15.177-9618+[2001-638-700-f00f--1-b1]-9618&alias=genoa02.zeuthen.desy.de&noUDP&sock=startd_9554_d3eb>
	SlotName: slot1_41@genoa02.zeuthen.desy.de
	CondorScratchDir = "/batch/dir_2742281"
	Cpus = 1
	Disk = 1025697
	GPUs = 0
	Memory = 5120
...
006 (15951004.597.000) 2026-02-10 18:52:19 Image size of job updated: 95412
	94  -  MemoryUsage of job (MB)
	95412  -  ResidentSetSize of job (KB)
...
006 (15951004.597.000) 2026-02-10 18:57:20 Image size of job updated: 790164
	684  -  MemoryUsage of job (MB)
	699788  -  ResidentSetSize of job (KB)
...
006 (15951004.597.000) 2026-02-10 19:02:20 Image size of job updated: 790164
	684  -  MemoryUsage of job (MB)
	700224  -  ResidentSetSize of job (KB)
...
006 (15951004.597.000) 2026-02-10 19:07:20 Image size of job updated: 790164
	685  -  MemoryUsage of job (MB)
	700656  -  ResidentSetSize of job (KB)
...
006 (15951004.597.000) 2026-02-10 19:12:21 Image size of job updated: 790164
	685  -  MemoryUsage of job (MB)
	701084  -  ResidentSetSize of job (KB)
...
006 (15951004.597.000) 2026-02-10 19:17:21 Image size of job updated: 790164
	686  -  MemoryUsage of job (MB)
	701528  -  ResidentSetSize of job (KB)
...
006 (15951004.597.000) 2026-02-10 19:22:21 Image size of job updated: 790164
	686  -  MemoryUsage of job (MB)
	701944  -  ResidentSetSize of job (KB)
...
006 (15951004.597.000) 2026-02-10 19:27:22 Image size of job updated: 790164
	686  -  MemoryUsage of job (MB)
	702336  -  ResidentSetSize of job (KB)
...
006 (15951004.597.000) 2026-02-10 19:32:22 Image size of job updated: 790164
	687  -  MemoryUsage of job (MB)
	702740  -  ResidentSetSize of job (KB)
...
006 (15951004.597.000) 2026-02-10 19:37:22 Image size of job updated: 790164
	707  -  MemoryUsage of job (MB)
	723528  -  ResidentSetSize of job (KB)
...
006 (15951004.597.000) 2026-02-10 20:22:25 Image size of job updated: 790164
	707  -  MemoryUsage of job (MB)
	723728  -  ResidentSetSize of job (KB)
...
006 (15951004.597.000) 2026-02-10 21:07:31 Image size of job updated: 790164
	708  -  MemoryUsage of job (MB)
	724008  -  ResidentSetSize of job (KB)
...
006 (15951004.597.000) 2026-02-10 21:57:36 Image size of job updated: 790164
	708  -  MemoryUsage of job (MB)
	724288  -  ResidentSetSize of job (KB)
...
006 (15951004.597.000) 2026-02-10 23:32:47 Image size of job updated: 790164
	708  -  MemoryUsage of job (MB)
	724648  -  ResidentSetSize of job (KB)
...
006 (15951004.597.000) 2026-02-11 00:22:52 Image size of job updated: 790164
	708  -  MemoryUsage of job (MB)
	724700  -  ResidentSetSize of job (KB)
...
006 (15951004.597.000) 2026-02-11 04:18:17 Image size of job updated: 790164
	708  -  MemoryUsage of job (MB)
	724716  -  ResidentSetSize of job (KB)
...
006 (15951004.597.000) 2026-02-11 04:23:17 Image size of job updated: 790164
	709  -  MemoryUsage of job (MB)
	725016  -  ResidentSetSize of job (KB)
...
006 (15951004.597.000) 2026-02-11 10:53:55 Image size of job updated: 790164
	709  -  MemoryUsage of job (MB)
	725288  -  ResidentSetSize of job (KB)
...
004 (15951004.597.000) 2026-02-11 11:11:58 Job was evicted.
	(0) CPU times
		Usr 0 16:06:33, Sys 0 00:00:08  -  Run Remote Usage
		Usr 0 00:00:00, Sys 0 00:00:00  -  Run Local Usage
	0  -  Run Bytes Sent By Job
	0  -  Run Bytes Received By Job
	Partitionable Resources :    Usage  Request Allocated 
	   Cpus                 :     0.98        1         1 
	   Disk (KB)            :     1     1024000   1025697 
	   GPUs                 :                           0 
	   Memory (MB)          :   709        5120      5120 
	   TimeExecute (s)      : 58792                       
	   TimeSlotBusy (s)     : 58793                       
...
009 (15951004.597.000) 2026-02-11 11:11:59 Job was aborted.
	via condor_rm (by user tuccia)
...
000 (15988842.597.000) 2026-02-11 11:12:47 Job submitted from host: <141.34.103.35:9618?addrs=141.34.103.35-9618+[2001-638-700-f067--1-23]-9618&alias=wgs39.zeuthen.desy.de&noUDP&sock=schedd_7302_24a3>
...
001 (15988842.597.000) 2026-02-11 11:55:00 Job executing on host: <141.34.15.44:9618?addrs=141.34.15.44-9618+[2001-638-700-f00f--1-2c]-9618&alias=pizza15.zeuthen.desy.de&noUDP&sock=startd_9131_af5b>
	SlotName: slot1_19@pizza15.zeuthen.desy.de
	CondorScratchDir = "/batch/dir_1095429"
	Cpus = 1
	Disk = 1025696
	GPUs = 0
	Memory = 5120
...
006 (15988842.597.000) 2026-02-11 11:55:13 Image size of job updated: 97388
	96  -  MemoryUsage of job (MB)
	97388  -  ResidentSetSize of job (KB)
...
006 (15988842.597.000) 2026-02-11 12:00:13 Image size of job updated: 689708
	588  -  MemoryUsage of job (MB)
	601284  -  ResidentSetSize of job (KB)
...
006 (15988842.597.000) 2026-02-11 12:05:14 Image size of job updated: 699512
	684  -  MemoryUsage of job (MB)
	699512  -  ResidentSetSize of job (KB)
...
006 (15988842.597.000) 2026-02-11 12:10:14 Image size of job updated: 699772
	684  -  MemoryUsage of job (MB)
	699772  -  ResidentSetSize of job (KB)
...
006 (15988842.597.000) 2026-02-11 12:15:14 Image size of job updated: 700584
	685  -  MemoryUsage of job (MB)
	700584  -  ResidentSetSize of job (KB)
...
006 (15988842.597.000) 2026-02-11 12:20:15 Image size of job updated: 700852
	685  -  MemoryUsage of job (MB)
	700852  -  ResidentSetSize of job (KB)
...
006 (15988842.597.000) 2026-02-11 12:25:15 Image size of job updated: 701116
	685  -  MemoryUsage of job (MB)
	701116  -  ResidentSetSize of job (KB)
...
006 (15988842.597.000) 2026-02-11 12:30:15 Image size of job updated: 701396
	685  -  MemoryUsage of job (MB)
	701396  -  ResidentSetSize of job (KB)
...
006 (15988842.597.000) 2026-02-11 12:35:16 Image size of job updated: 701676
	686  -  MemoryUsage of job (MB)
	701676  -  ResidentSetSize of job (KB)
...
006 (15988842.597.000) 2026-02-11 12:40:16 Image size of job updated: 701940
	686  -  MemoryUsage of job (MB)
	701940  -  ResidentSetSize of job (KB)
...
006 (15988842.597.000) 2026-02-11 12:45:17 Image size of job updated: 702208
	686  -  MemoryUsage of job (MB)
	702208  -  ResidentSetSize of job (KB)
...
006 (15988842.597.000) 2026-02-11 12:50:18 Image size of job updated: 702508
	687  -  MemoryUsage of job (MB)
	702508  -  ResidentSetSize of job (KB)
...
006 (15988842.597.000) 2026-02-11 12:55:18 Image size of job updated: 702788
	687  -  MemoryUsage of job (MB)
	702788  -  ResidentSetSize of job (KB)
...
006 (15988842.597.000) 2026-02-11 13:00:19 Image size of job updated: 703052
	687  -  MemoryUsage of job (MB)
	703052  -  ResidentSetSize of job (KB)
...
006 (15988842.597.000) 2026-02-11 13:05:19 Image size of job updated: 746920
	708  -  MemoryUsage of job (MB)
	724148  -  ResidentSetSize of job (KB)
...
006 (15988842.597.000) 2026-02-11 14:15:26 Image size of job updated: 746920
	708  -  MemoryUsage of job (MB)
	724324  -  ResidentSetSize of job (KB)
...
006 (15988842.597.000) 2026-02-11 15:25:34 Image size of job updated: 746920
	708  -  MemoryUsage of job (MB)
	724608  -  ResidentSetSize of job (KB)
...
006 (15988842.597.000) 2026-02-11 15:40:35 Image size of job updated: 746920
	710  -  MemoryUsage of job (MB)
	726652  -  ResidentSetSize of job (KB)
...
006 (15988842.597.000) 2026-02-11 16:40:41 Image size of job updated: 746920
	710  -  MemoryUsage of job (MB)
	726952  -  ResidentSetSize of job (KB)
...
006 (15988842.597.000) 2026-02-11 17:50:48 Image size of job updated: 746920
	710  -  MemoryUsage of job (MB)
	726996  -  ResidentSetSize of job (KB)
...
006 (15988842.597.000) 2026-02-11 19:00:53 Image size of job updated: 746920
	726  -  MemoryUsage of job (MB)
	743384  -  ResidentSetSize of job (KB)
...
006 (15988842.597.000) 2026-02-11 22:36:15 Image size of job updated: 746920
	727  -  MemoryUsage of job (MB)
	744164  -  ResidentSetSize of job (KB)
...
006 (15988842.597.000) 2026-02-11 23:51:24 Image size of job updated: 747100
	727  -  MemoryUsage of job (MB)
	744164  -  ResidentSetSize of job (KB)
...
006 (15988842.597.000) 2026-02-12 01:01:31 Image size of job updated: 747792
	727  -  MemoryUsage of job (MB)
	744164  -  ResidentSetSize of job (KB)
...
006 (15988842.597.000) 2026-02-12 10:32:26 Image size of job updated: 747940
	727  -  MemoryUsage of job (MB)
	744164  -  ResidentSetSize of job (KB)
...
