000 (15756404.690.000) 2026-02-06 11:24:35 Job submitted from host: <141.34.103.35:9618?addrs=141.34.103.35-9618+[2001-638-700-f067--1-23]-9618&alias=wgs39.zeuthen.desy.de&noUDP&sock=schedd_7414_f73f>
...
001 (15756404.690.000) 2026-02-07 01:39:03 Job executing on host: <141.34.15.201:9618?addrs=141.34.15.201-9618+[2001-638-700-f00f--1-c9]-9618&alias=pizza03.zeuthen.desy.de&noUDP&sock=startd_9148_5877>
	SlotName: slot1_6@pizza03.zeuthen.desy.de
	CondorScratchDir = "/batch/dir_192244"
	Cpus = 8
	Disk = 1025696
	GPUs = 0
	Memory = 16384
...
006 (15756404.690.000) 2026-02-07 01:39:17 Image size of job updated: 97564
	96  -  MemoryUsage of job (MB)
	97564  -  ResidentSetSize of job (KB)
...
006 (15756404.690.000) 2026-02-07 01:44:17 Image size of job updated: 459780
	450  -  MemoryUsage of job (MB)
	459780  -  ResidentSetSize of job (KB)
...
005 (15756404.690.000) 2026-02-07 02:50:23 Job terminated.
	(1) Normal termination (return value 0)
		Usr 0 03:55:25, Sys 0 02:14:27  -  Run Remote Usage
		Usr 0 00:00:00, Sys 0 00:00:00  -  Run Local Usage
		Usr 0 03:55:25, Sys 0 02:14:27  -  Total Remote Usage
		Usr 0 00:00:00, Sys 0 00:00:00  -  Total Local Usage
	0  -  Run Bytes Sent By Job
	0  -  Run Bytes Received By Job
	0  -  Total Bytes Sent By Job
	0  -  Total Bytes Received By Job
	Partitionable Resources :    Usage  Request Allocated 
	   Cpus                 :     6.01        8         8 
	   Disk (KB)            :     1     1024000   1025696 
	   GPUs                 :                           0 
	   Memory (MB)          :   450       16384     16384 
	   TimeExecute (s)      :  4280                       
	   TimeSlotBusy (s)     :  4280                       

	Job terminated of its own accord at 2026-02-07T01:50:23Z with exit-code 0.
...
