000 (15756407.801.000) 2026-02-06 11:26:12 Job submitted from host: <141.34.103.35:9618?addrs=141.34.103.35-9618+[2001-638-700-f067--1-23]-9618&alias=wgs39.zeuthen.desy.de&noUDP&sock=schedd_7414_f73f>
...
009 (15756407.801.000) 2026-02-10 11:42:42 Job was aborted.
	via condor_rm (by user tuccia)
...
000 (15949294.534.000) 2026-02-10 11:45:21 Job submitted from host: <141.34.103.35:9618?addrs=141.34.103.35-9618+[2001-638-700-f067--1-23]-9618&alias=wgs39.zeuthen.desy.de&noUDP&sock=schedd_7302_24a3>
...
009 (15949294.534.000) 2026-02-10 11:45:47 Job was aborted.
	via condor_rm (by user tuccia)
...
000 (15949295.534.000) 2026-02-10 11:46:05 Job submitted from host: <141.34.103.35:9618?addrs=141.34.103.35-9618+[2001-638-700-f067--1-23]-9618&alias=wgs39.zeuthen.desy.de&noUDP&sock=schedd_7302_24a3>
...
001 (15949295.534.000) 2026-02-12 16:41:13 Job executing on host: <141.34.15.223:9618?addrs=141.34.15.223-9618+[2001-638-700-f00f--1-df]-9618&alias=pizza31.zeuthen.desy.de&noUDP&sock=startd_8333_52c8>
	SlotName: slot1_6@pizza31.zeuthen.desy.de
	CondorScratchDir = "/batch/dir_1185559"
	Cpus = 8
	Disk = 1025696
	GPUs = 0
	Memory = 16384
...
006 (15949295.534.000) 2026-02-12 16:41:27 Image size of job updated: 97480
	96  -  MemoryUsage of job (MB)
	97480  -  ResidentSetSize of job (KB)
...
006 (15949295.534.000) 2026-02-12 16:46:28 Image size of job updated: 573996
	561  -  MemoryUsage of job (MB)
	573996  -  ResidentSetSize of job (KB)
...
006 (15949295.534.000) 2026-02-12 16:51:29 Image size of job updated: 601992
	587  -  MemoryUsage of job (MB)
	600644  -  ResidentSetSize of job (KB)
...
006 (15949295.534.000) 2026-02-12 16:56:29 Image size of job updated: 646968
	632  -  MemoryUsage of job (MB)
	646968  -  ResidentSetSize of job (KB)
...
006 (15949295.534.000) 2026-02-12 17:01:30 Image size of job updated: 661360
	646  -  MemoryUsage of job (MB)
	661360  -  ResidentSetSize of job (KB)
...
006 (15949295.534.000) 2026-02-12 17:16:32 Image size of job updated: 671668
	656  -  MemoryUsage of job (MB)
	671668  -  ResidentSetSize of job (KB)
...
006 (15949295.534.000) 2026-02-12 17:21:33 Image size of job updated: 682716
	667  -  MemoryUsage of job (MB)
	682716  -  ResidentSetSize of job (KB)
...
006 (15949295.534.000) 2026-02-12 17:26:33 Image size of job updated: 688880
	673  -  MemoryUsage of job (MB)
	688880  -  ResidentSetSize of job (KB)
...
006 (15949295.534.000) 2026-02-12 17:36:35 Image size of job updated: 701676
	686  -  MemoryUsage of job (MB)
	701676  -  ResidentSetSize of job (KB)
...
006 (15949295.534.000) 2026-02-12 17:41:35 Image size of job updated: 722248
	706  -  MemoryUsage of job (MB)
	722248  -  ResidentSetSize of job (KB)
...
006 (15949295.534.000) 2026-02-12 17:46:36 Image size of job updated: 728752
	712  -  MemoryUsage of job (MB)
	728752  -  ResidentSetSize of job (KB)
...
006 (15949295.534.000) 2026-02-12 17:51:36 Image size of job updated: 731212
	715  -  MemoryUsage of job (MB)
	731212  -  ResidentSetSize of job (KB)
...
006 (15949295.534.000) 2026-02-12 18:51:42 Image size of job updated: 736224
	719  -  MemoryUsage of job (MB)
	736224  -  ResidentSetSize of job (KB)
...
006 (15949295.534.000) 2026-02-12 18:56:43 Image size of job updated: 736240
	719  -  MemoryUsage of job (MB)
	736240  -  ResidentSetSize of job (KB)
...
006 (15949295.534.000) 2026-02-12 19:06:44 Image size of job updated: 740188
	723  -  MemoryUsage of job (MB)
	740188  -  ResidentSetSize of job (KB)
...
006 (15949295.534.000) 2026-02-12 19:36:48 Image size of job updated: 757276
	740  -  MemoryUsage of job (MB)
	757276  -  ResidentSetSize of job (KB)
...
006 (15949295.534.000) 2026-02-12 21:16:58 Image size of job updated: 797400
	779  -  MemoryUsage of job (MB)
	797400  -  ResidentSetSize of job (KB)
...
006 (15949295.534.000) 2026-02-12 21:21:59 Image size of job updated: 803152
	784  -  MemoryUsage of job (MB)
	801948  -  ResidentSetSize of job (KB)
...
006 (15949295.534.000) 2026-02-12 21:26:59 Image size of job updated: 803404
	784  -  MemoryUsage of job (MB)
	801948  -  ResidentSetSize of job (KB)
...
006 (15949295.534.000) 2026-02-12 21:31:59 Image size of job updated: 804192
	784  -  MemoryUsage of job (MB)
	801948  -  ResidentSetSize of job (KB)
...
006 (15949295.534.000) 2026-02-12 21:42:00 Image size of job updated: 804192
	785  -  MemoryUsage of job (MB)
	803152  -  ResidentSetSize of job (KB)
...
006 (15949295.534.000) 2026-02-12 21:57:01 Image size of job updated: 804192
	785  -  MemoryUsage of job (MB)
	803444  -  ResidentSetSize of job (KB)
...
006 (15949295.534.000) 2026-02-12 22:07:02 Image size of job updated: 804192
	785  -  MemoryUsage of job (MB)
	803484  -  ResidentSetSize of job (KB)
...
006 (15949295.534.000) 2026-02-12 22:22:03 Image size of job updated: 804192
	785  -  MemoryUsage of job (MB)
	803492  -  ResidentSetSize of job (KB)
...
006 (15949295.534.000) 2026-02-12 22:32:03 Image size of job updated: 804628
	785  -  MemoryUsage of job (MB)
	803492  -  ResidentSetSize of job (KB)
...
006 (15949295.534.000) 2026-02-12 22:37:04 Image size of job updated: 804628
	785  -  MemoryUsage of job (MB)
	803496  -  ResidentSetSize of job (KB)
...
006 (15949295.534.000) 2026-02-12 23:12:07 Image size of job updated: 804628
	785  -  MemoryUsage of job (MB)
	803532  -  ResidentSetSize of job (KB)
...
006 (15949295.534.000) 2026-02-12 23:32:10 Image size of job updated: 804628
	785  -  MemoryUsage of job (MB)
	803600  -  ResidentSetSize of job (KB)
...
006 (15949295.534.000) 2026-02-13 00:12:15 Image size of job updated: 804628
	785  -  MemoryUsage of job (MB)
	803612  -  ResidentSetSize of job (KB)
...
006 (15949295.534.000) 2026-02-13 01:02:21 Image size of job updated: 804628
	785  -  MemoryUsage of job (MB)
	803676  -  ResidentSetSize of job (KB)
...
006 (15949295.534.000) 2026-02-13 01:42:23 Image size of job updated: 804628
	785  -  MemoryUsage of job (MB)
	803692  -  ResidentSetSize of job (KB)
...
006 (15949295.534.000) 2026-02-13 02:32:28 Image size of job updated: 804644
	785  -  MemoryUsage of job (MB)
	803692  -  ResidentSetSize of job (KB)
...
006 (15949295.534.000) 2026-02-13 02:52:30 Image size of job updated: 804792
	785  -  MemoryUsage of job (MB)
	803692  -  ResidentSetSize of job (KB)
...
006 (15949295.534.000) 2026-02-13 03:47:35 Image size of job updated: 804884
	785  -  MemoryUsage of job (MB)
	803692  -  ResidentSetSize of job (KB)
...
006 (15949295.534.000) 2026-02-13 03:52:36 Image size of job updated: 804884
	786  -  MemoryUsage of job (MB)
	804348  -  ResidentSetSize of job (KB)
...
006 (15949295.534.000) 2026-02-13 03:57:37 Image size of job updated: 806696
	786  -  MemoryUsage of job (MB)
	804348  -  ResidentSetSize of job (KB)
...
006 (15949295.534.000) 2026-02-13 04:07:38 Image size of job updated: 806696
	786  -  MemoryUsage of job (MB)
	804704  -  ResidentSetSize of job (KB)
...
006 (15949295.534.000) 2026-02-13 04:42:40 Image size of job updated: 806696
	786  -  MemoryUsage of job (MB)
	804772  -  ResidentSetSize of job (KB)
...
006 (15949295.534.000) 2026-02-13 04:47:41 Image size of job updated: 806696
	787  -  MemoryUsage of job (MB)
	805704  -  ResidentSetSize of job (KB)
...
006 (15949295.534.000) 2026-02-13 06:17:51 Image size of job updated: 806696
	788  -  MemoryUsage of job (MB)
	806428  -  ResidentSetSize of job (KB)
...
005 (15949295.534.000) 2026-02-14 06:26:20 Job terminated.
	(1) Normal termination (return value 0)
		Usr 3 22:44:40, Sys 0 04:43:57  -  Run Remote Usage
		Usr 0 00:00:00, Sys 0 00:00:00  -  Run Local Usage
		Usr 3 22:44:40, Sys 0 04:43:57  -  Total Remote Usage
		Usr 0 00:00:00, Sys 0 00:00:00  -  Total Local Usage
	0  -  Run Bytes Sent By Job
	0  -  Run Bytes Received By Job
	0  -  Total Bytes Sent By Job
	0  -  Total Bytes Received By Job
	Partitionable Resources :     Usage  Request Allocated 
	   Cpus                 :      1.00        8         8 
	   Disk (KB)            :      1     1024000   1025696 
	   GPUs                 :                            0 
	   Memory (MB)          :    788       16384     16384 
	   TimeExecute (s)      : 135907                       
	   TimeSlotBusy (s)     : 135907                       

	Job terminated of its own accord at 2026-02-14T05:26:20Z with exit-code 0.
...
